[    0.000020] PROMLIB: Sun IEEE Boot Prom 'OBP 4.38.12 2018/03/28 14:54'
[    0.000032] PROMLIB: Root node compatible: sun4v
[    0.000079] Linux version 5.2.0-07360-gf632a8170a6b (mator@ttip) (gcc version 8.3.0 (Debian 8.3.0-19)) #1093 SMP Wed Jul 17 18:07:19 MSK 2019
[    0.000390] printk: bootconsole [earlyprom0] enabled
[    0.000443] ARCH: SUN4V
[    0.000492] Ethernet address: 00:14:4f:fa:06:f2
[    0.000545] MM: PAGE_OFFSET is 0xfff8000000000000 (max_phys_bits == 47)
[    0.000610] MM: VMALLOC [0x0000000100000000 --> 0x0006000000000000]
[    0.000671] MM: VMEMMAP [0x0006000000000000 --> 0x000c000000000000]
[    0.012533] Kernel: Using 5 locked TLB entries for main kernel image.
[    0.012623] Remapping the kernel... 
[    0.012647] done.
[    0.048447] OF stdout device is: /virtual-devices@100/console@1
[    0.048528] PROM: Built device tree with 86230 bytes of memory.
[    0.048595] MDESC: Size is 36560 bytes.
[    0.048721] PLATFORM: banner-name [SPARC T5-2]
[    0.048771] PLATFORM: name [ORCL,SPARC-T5-2]
[    0.048817] PLATFORM: hostid [84fa06f2]
[    0.048860] PLATFORM: serial# [0035260e]
[    0.048903] PLATFORM: stick-frequency [3b9aca00]
[    0.048952] PLATFORM: mac-address [144ffa06f2]
[    0.048999] PLATFORM: watchdog-resolution [1000 ms]
[    0.049049] PLATFORM: watchdog-max-timeout [31536000000 ms]
[    0.049105] PLATFORM: max-cpus [1024]
[    0.049218] Top of RAM: 0x24af938000, Total RAM: 0x87f354000
[    0.049282] Memory hole size: 115461MB
[    0.054074] Allocated 40960 bytes for kernel page tables.
[    0.054192] Zone ranges:
[    0.054237]   Normal   [mem 0x0000000030400000-0x00000024af937fff]
[    0.054302] Movable zone start for each node
[    0.054348] Early memory node ranges
[    0.054388]   node   0: [mem 0x0000000030400000-0x000000006fe7ffff]
[    0.054450]   node   0: [mem 0x000000006ff00000-0x000000006ff25fff]
[    0.054509]   node   0: [mem 0x0000000070000000-0x000000042fffffff]
[    0.054570]   node   0: [mem 0x0000002030000000-0x00000024af87ffff]
[    0.054631]   node   0: [mem 0x00000024af900000-0x00000024af925fff]
[    0.054690]   node   0: [mem 0x00000024af930000-0x00000024af937fff]
[    0.062111] Zeroed struct page in unavailable ranges: 230130 pages
[    0.062119] Initmem setup node 0 [mem 0x0000000030400000-0x00000024af937fff]
[    0.062277] On node 0 totalpages: 4454826
[    0.062287]   Normal zone: 39154 pages used for memmap
[    0.062292]   Normal zone: 0 pages reserved
[    0.062298]   Normal zone: 4454826 pages, LIFO batch:31
[    0.259876] Booting Linux...
[    0.259959] CPU CAPS: [flush,stbar,swap,muldiv,v9,blkinit,n2,mul32]
[    0.260038] CPU CAPS: [div32,v8plus,popc,vis,vis2,ASIBlkInit,fmaf,vis3]
[    0.260114] CPU CAPS: [hpc,ima,pause,cbcond,aes,des,kasumi,camellia]
[    0.261196] CPU CAPS: [md5,sha1,sha256,sha512,mpmul,montmul,montsqr,crc32c]
[    0.321903] percpu: Embedded 27 pages/cpu s180680 r8192 d32312 u262144
[    0.322163] pcpu-alloc: s180680 r8192 d32312 u262144 alloc=1*4194304
[    0.322171] pcpu-alloc: [0] 000 001 002 003 004 005 006 007 008 009 010 011 012 013 014 015 
[    0.322197] pcpu-alloc: [0] 016 017 018 019 020 021 022 023 024 025 026 027 028 029 030 031 
[    0.322224] pcpu-alloc: [0] 032 033 034 035 036 037 038 039 040 041 042 043 044 045 046 047 
[    0.322251] pcpu-alloc: [0] 048 049 050 051 052 053 054 055 056 057 058 059 060 061 062 063 
[    0.322277] pcpu-alloc: [0] 064 065 066 067 068 069 070 071 072 073 074 075 076 077 078 079 
[    0.322303] pcpu-alloc: [0] 080 081 082 083 084 085 086 087 088 089 090 091 092 093 094 095 
[    0.322330] pcpu-alloc: [0] 096 097 098 099 100 101 102 103 104 105 106 107 108 109 110 111 
[    0.322357] pcpu-alloc: [0] 112 113 114 115 116 117 118 119 120 121 122 123 124 125 126 127 
[    0.322383] pcpu-alloc: [0] 128 129 130 131 132 133 134 135 136 137 138 139 140 141 142 143 
[    0.322410] pcpu-alloc: [0] 144 145 146 147 148 149 150 151 152 153 154 155 156 157 158 159 
[    0.322437] pcpu-alloc: [0] 160 161 162 163 164 165 166 167 168 169 170 171 172 173 174 175 
[    0.322463] pcpu-alloc: [0] 176 177 178 179 180 181 182 183 184 185 186 187 188 189 190 191 
[    0.322490] pcpu-alloc: [0] 192 193 194 195 196 197 198 199 200 201 202 203 204 205 206 207 
[    0.322517] pcpu-alloc: [0] 208 209 210 211 212 213 214 215 216 217 218 219 220 221 222 223 
[    0.322544] pcpu-alloc: [0] 224 225 226 227 228 229 230 231 232 233 234 235 236 237 238 239 
[    0.322570] pcpu-alloc: [0] 240 241 242 243 244 245 246 247 248 249 250 251 252 253 254 255 
[    0.323087] SUN4V: Mondo queue sizes [cpu(131072) dev(16384) r(8192) nr(256)]
[    0.323461] Built 1 zonelists, mobility grouping on.  Total pages: 4415672
[    0.323555] Kernel command line: BOOT_IMAGE=/vmlinux-5.2.0-07360-gf632a8170a6b root=/dev/vdiska2 ro zswap.enabled=1
[    0.325864] printk: log_buf_len individual max cpu contribution: 4096 bytes
[    0.325950] printk: log_buf_len total cpu_extra contributions: 1044480 bytes
[    0.326018] printk: log_buf_len min size: 131072 bytes
[    0.327404] printk: log_buf_len: 2097152 bytes
[    0.327458] printk: early log buf free: 125888(96%)
[    0.333848] Dentry cache hash table entries: 8388608 (order: 13, 67108864 bytes, linear)
[    0.337186] Inode-cache hash table entries: 4194304 (order: 12, 33554432 bytes, linear)
[    0.337293] Sorting __ex_table...
[    0.337536] mem auto-init: stack:off, heap alloc:off, heap free:off
[    0.415850] Memory: 35102232K/35638608K available (6844K kernel code, 962K rwdata, 2048K rodata, 992K init, 6716K bss, 536376K reserved, 0K cma-reserved)
[    0.416925] kmemleak: Kernel memory leak detector disabled
[    0.417549] ftrace: allocating 19821 entries in 39 pages
[    0.431519] Running RCU self tests
[    0.431593] rcu: Hierarchical RCU implementation.
[    0.431646] rcu: 	RCU event tracing is enabled.
[    0.431696] rcu: 	RCU lockdep checking is enabled.
[    0.431746] 	Tasks RCU enabled.
[    0.431783] rcu: RCU calculated value of scheduler-enlistment delay is 11 jiffies.
[    0.439577] NR_IRQS: 2048, nr_irqs: 2048, preallocated irqs: 1
[    0.439703] SUN4V: Using IRQ API major 3, cookie only virqs enabled
[    0.444213] clocksource: stick: mask: 0xffffffffffffffff max_cycles: 0x1cd42e4dffb, max_idle_ns: 881590591483 ns
[    0.444344] clocksource: mult[800000] shift[23]
[    0.444394] clockevent: mult[80000000] shift[31]
[    0.448556] Console: colour dummy device 80x25
[    0.448640] printk: console [tty0] enabled
[    0.448721] printk: bootconsole [earlyprom0] disabled
[    0.448808] Lock dependency validator: Copyright (c) 2006 Red Hat, Inc., Ingo Molnar
[    0.448857] ... MAX_LOCKDEP_SUBCLASSES:  8
[    0.448887] ... MAX_LOCK_DEPTH:          48
[    0.448917] ... MAX_LOCKDEP_KEYS:        8192
[    0.448948] ... CLASSHASH_SIZE:          4096
[    0.448979] ... MAX_LOCKDEP_ENTRIES:     16384
[    0.449010] ... MAX_LOCKDEP_CHAINS:      32768
[    0.449042] ... CHAINHASH_SIZE:          16384
[    0.449073]  memory used by lock dependency info: 3855 kB
[    0.449109]  per task-struct memory footprint: 1920 bytes
[    0.449314] kmemleak: Early log buffer exceeded (5008), please increase DEBUG_KMEMLEAK_EARLY_LOG_SIZE
[    0.595099] Calibrating delay using timer specific routine.. 2017.61 BogoMIPS (lpj=10088062)
[    0.595167] pid_max: default: 262144 minimum: 2048
[    0.596876] Mount-cache hash table entries: 131072 (order: 7, 1048576 bytes, linear)
[    0.597043] Mountpoint-cache hash table entries: 131072 (order: 7, 1048576 bytes, linear)
[    0.598529] *** VALIDATE proc ***
[    0.599318] *** VALIDATE cgroup1 ***
[    0.599350] *** VALIDATE cgroup2 ***
[    0.602179] rcu: Hierarchical SRCU implementation.
[    0.625093] smp: Bringing up secondary CPUs ...
[    0.711440] smp: Brought up 1 node, 32 CPUs
[    0.718938] devtmpfs: initialized
[    0.725434] Performance events: 
[    0.725520] Testing NMI watchdog ... 
[    0.925644] OK.
[    0.925823] Supported PMU type is 'niagara5'
[    0.926144] random: get_random_u32 called from bucket_table_alloc.isra.4+0x184/0x1c0 with crng_init=0
[    0.927123] ldc.c:v1.1 (July 22, 2008)
[    0.930276] clocksource: jiffies: mask: 0xffffffff max_cycles: 0xffffffff, max_idle_ns: 19112604462750000 ns
[    0.930387] futex hash table entries: 65536 (order: 10, 8388608 bytes, linear)
[    0.939906] NET: Registered protocol family 16
[    0.949935] VIO: Adding device channel-devices (tx_ino = ffffffffffffffff, rx_ino = ffffffffffffffff)
[    0.950215] VIO: Adding device vnet-port-0-0 (tx_ino = 0, rx_ino = 1)
[    0.950433] VIO: Adding device vnet-port-0-1 (tx_ino = 2, rx_ino = 3)
[    0.950622] VIO: Adding device vnet-port-0-2 (tx_ino = 4, rx_ino = 5)
[    0.950813] VIO: Adding device vnet-port-0-3 (tx_ino = 6, rx_ino = 7)
[    0.951004] VIO: Adding device vnet-port-0-4 (tx_ino = 8, rx_ino = 9)
[    0.951189] VIO: Adding device vnet-port-0-5 (tx_ino = 16, rx_ino = 17)
[    0.951381] VIO: Adding device vdc-port-3-0 (tx_ino = a, rx_ino = b)
[    0.951570] VIO: Adding device vdc-port-2-0 (tx_ino = c, rx_ino = d)
[    0.951763] VIO: Adding device vdc-port-1-0 (tx_ino = e, rx_ino = f)
[    0.951952] VIO: Adding device vdc-port-0-0 (tx_ino = 10, rx_ino = 11)
[    0.952148] VIO: Adding device vlds-port-0-0 (tx_ino = 12, rx_ino = 13)
[    0.952362] VIO: Adding device domain-services-port-0 (tx_ino = 12, rx_ino = 13)
[    0.952793] audit: initializing netlink subsys (disabled)
[    0.953205] audit: type=2000 audit(0.500:1): state=initialized audit_enabled=0 res=1
[    0.999091] HugeTLB registered 64.0 KiB page size, pre-allocated 0 pages
[    0.999147] HugeTLB registered 8.00 MiB page size, pre-allocated 0 pages
[    0.999192] HugeTLB registered 256 MiB page size, pre-allocated 0 pages
[    0.999237] HugeTLB registered 2.00 GiB page size, pre-allocated 0 pages
[    1.048438] alg: No test for lzo-rle (lzo-rle-generic)
[    1.049029] alg: No test for lzo-rle (lzo-rle-scomp)
[    1.067150] SUN4V: Reboot data supported (maj=1,min=0).
[    1.067613] ds.c:v1.0 (Jul 11, 2007)
[    1.068035] ds-0: ds_conn_reset() from send_events.isra.3
[    1.069494] clocksource: Switched to clocksource stick
[    1.353665] VFS: Disk quotas dquot_6.6.0
[    1.354178] VFS: Dquot-cache hash table entries: 1024 (order 0, 8192 bytes)
[    1.354809] *** VALIDATE hugetlbfs ***
[    1.373758] NET: Registered protocol family 2
[    1.376219] tcp_listen_portaddr_hash hash table entries: 32768 (order: 8, 2359296 bytes, linear)
[    1.379693] TCP established hash table entries: 524288 (order: 9, 4194304 bytes, linear)
[    1.381773] TCP bind hash table entries: 65536 (order: 9, 4194304 bytes, linear)
[    1.387954] TCP: Hash tables configured (established 524288 bind 65536)
[    1.394551] UDP hash table entries: 32768 (order: 9, 5242880 bytes, linear)
[    1.402033] UDP-Lite hash table entries: 32768 (order: 9, 5242880 bytes, linear)
[    1.416177] NET: Registered protocol family 1
[    1.417296] Trying to unpack rootfs image as initramfs...
[    1.739183] Freeing initrd memory: 10416K
[    1.774573] workingset: timestamp_bits=46 max_order=23 bucket_order=0
[    1.780375] SGI XFS with ACLs, security attributes, debug enabled
[    1.810300] Block layer SCSI generic (bsg) driver version 0.4 loaded (major 252)
[    1.812105] io scheduler mq-deadline registered
[    1.814087] f029b788: ttyS0 at I/O 0x0 (irq = 1, base_baud = 115200) is a SUN4V HCONS
[    1.820492] printk: console [ttyHV0] enabled
[    1.825705] sunvdc.c:v1.2 (November 24, 2014)
[    1.833396] sunvdc: Virtual CDROM vdiskd
[    1.833474] sunvdc: vdiskd: 403160 sectors (196 MB) protocol 1.2
[    1.835006]  vdiskd: vdiskd1 vdiskd2 vdiskd3 vdiskd4 vdiskd5 vdiskd6 vdiskd7
[    1.892270] sunvdc: Virtual Hard disk vdiskc
[    1.892326] sunvdc: vdiskc: 104857600 sectors (51200 MB) protocol 1.2
[    1.946889] sunvdc: Virtual Hard disk vdiskb
[    1.946945] sunvdc: vdiskb: 62914560 sectors (30720 MB) protocol 1.2
[    1.955544]  vdiskb: vdiskb1
[    2.011248] sunvdc: Virtual Hard disk vdiska
[    2.011304] sunvdc: vdiska: 31457280 sectors (15360 MB) protocol 1.2
[    2.012288]  vdiska: vdiska1 vdiska2 vdiska3 vdiska4
[    2.060354] sunvnet: sunvnet 2.0 (February 3, 2017)
[    2.063912] vnet_port vnet-port-0-0 eth0: Sun LDOM vnet 00:14:4f:f8:12:a3
[    2.064550] sunvnet: eth0: PORT ( remote-mac 00:14:4f:fa:f3:f0 switch-port )
[    2.065928] sunvnet: eth0: PORT ( remote-mac 00:14:4f:f8:e5:f3 )
[    2.067278] sunvnet: eth0: PORT ( remote-mac 00:14:4f:f9:b4:97 )
[    2.068654] sunvnet: eth0: PORT ( remote-mac 00:14:4f:f9:8b:83 )
[    2.070011] sunvnet: eth0: PORT ( remote-mac 00:14:4f:f8:3f:1e )
[    2.071309] sunvnet: eth0: PORT ( remote-mac 00:14:4f:f8:fe:47 )
[    2.072986] rtc-sun4v rtc-sun4v: registered as rtc0
[    2.073457] device-mapper: uevent: version 1.0.3
[    2.074631] device-mapper: ioctl: 4.40.0-ioctl (2019-01-18) initialised: dm-devel@redhat.com
[    2.076329] NET: Registered protocol family 17
[    2.087057] zswap: default zpool zbud not available
[    2.087143] zswap: pool creation failed
[    2.137433] Key type big_key registered
[    2.138595] rtc-sun4v rtc-sun4v: setting system clock to 2019-07-17T16:08:58 UTC (1563379738)
[    2.143011] This architecture does not have kernel memory protection.
[    2.143074] Run /init as init process
[    3.072094] crc32c_sparc64: Using sparc64 crc32c opcode optimized CRC32C implementation
[    3.739494] raid6: int64x8  gen()  1941 MB/s
[    3.909482] raid6: int64x8  xor()  1495 MB/s
[    4.079485] raid6: int64x4  gen()  3074 MB/s
[    4.249480] raid6: int64x4  xor()  1905 MB/s
[    4.419487] raid6: int64x2  gen()  2634 MB/s
[    4.589483] raid6: int64x2  xor()  1926 MB/s
[    4.759473] raid6: int64x1  gen()  2573 MB/s
[    4.929505] raid6: int64x1  xor()  1554 MB/s
[    4.929562] raid6: using algorithm int64x4 gen() 3074 MB/s
[    4.929608] raid6: .... xor() 1905 MB/s, rmw enabled
[    4.929651] raid6: using intx1 recovery algorithm
[    4.930668] async_tx: api initialized (async)
[    4.931453] xor: automatically using best checksumming function   Niagara   
[    5.067807] random: fast init done
[    5.188808] EXT4-fs (vdiska2): mounted filesystem with ordered data mode. Opts: (null)
[    7.154262] systemd[1]: Inserted module 'autofs4'
[    7.168738] NET: Registered protocol family 10
[    7.181442] Segment Routing with IPv6
[    7.283517] systemd[1]: systemd 241 running in system mode. (+PAM +AUDIT +SELINUX +IMA +APPARMOR +SMACK +SYSVINIT +UTMP +LIBCRYPTSETUP +GCRYPT +GNUTLS +ACL +XZ +LZ4 -SECCOMP +BLKID +ELFUTILS +KMOD -IDN2 +IDN +PCRE2 default-hierarchy=hybrid)
[    7.284199] systemd[1]: Detected architecture sparc64.
[    7.342793] systemd[1]: Set hostname to <ttip>.
[    7.348854] systemd[1]: Failed to bump fs.file-max, ignoring: Invalid argument
[    8.290164] random: lvmconfig: uninitialized urandom read (4 bytes read)
[    9.401729] systemd[1]: /lib/systemd/system/smbd.service:9: PIDFile= references path below legacy directory /var/run/, updating /var/run/samba/smbd.pid → /run/samba/smbd.pid; please update the unit file accordingly.
[    9.405605] systemd[1]: /lib/systemd/system/nmbd.service:9: PIDFile= references path below legacy directory /var/run/, updating /var/run/samba/nmbd.pid → /run/samba/nmbd.pid; please update the unit file accordingly.
[    9.682555] random: systemd: uninitialized urandom read (16 bytes read)
[    9.708032] random: systemd: uninitialized urandom read (16 bytes read)
[    9.725950] systemd[1]: Created slice system-getty.slice.
[    9.726898] random: systemd: uninitialized urandom read (16 bytes read)
[    9.752272] systemd[1]: Listening on Syslog Socket.
[    9.753866] systemd[1]: Listening on udev Control Socket.
[    9.755029] systemd[1]: Started Forward Password Requests to Wall Directory Watch.
[    9.960388] EXT4-fs (vdiska2): re-mounted. Opts: errors=remount-ro
[   10.333323] systemd-journald[466]: Received request to flush runtime journal from PID 1
[   12.037013] sha1_sparc64: Using sparc64 sha1 opcode optimized SHA-1 implementation
[   12.139484] sha256_sparc64: Using sparc64 sha256 opcode optimized SHA-256/SHA-224 implementation
[   12.153499] n2rng v0.3 (Jan 7, 2017)
[   12.153587] n2rng f029b104: Registered RNG HVAPI major 2 minor 0
[   12.153651] n2rng f029b104: Found multi-unit-capable RNG, units: 2
[   12.154702] n2rng f029b104: RNG ready
[   12.169098] sha512_sparc64: Using sparc64 sha512 opcode optimized SHA-512/SHA-384 implementation
[   12.304103] md5_sparc64: Using sparc64 md5 opcode optimized MD5 implementation
[   12.340465] aes_sparc64: Using sparc64 aes opcodes optimized AES implementation
[   12.395869] des_sparc64: Using sparc64 des opcodes optimized DES implementation
[   12.466522] camellia_sparc64: Using sparc64 camellia opcodes optimized CAMELLIA implementation
[   13.447809] XFS (dm-0): Mounting V5 Filesystem
[   13.666502] XFS (dm-0): Ending clean mount
[   15.309605] Adding 787176k swap on /dev/vdiska4.  Priority:-2 extents:1 across:787176k FS
[   15.640900] EXT4-fs (vdiska1): mounting ext3 file system using the ext4 subsystem
[   15.657270] EXT4-fs (vdiska1): mounted filesystem with ordered data mode. Opts: (null)
[   17.573396] random: crng init done
[   17.573458] random: 6 urandom warning(s) missed due to ratelimiting
