[    0.000019] PROMLIB: Sun IEEE Boot Prom 'OBP 4.38.12 2018/03/28 14:54'
[    0.000032] PROMLIB: Root node compatible: sun4v
[    0.000079] Linux version 5.4.0-rc7-00006-gde620fb99ef2-dirty (mator@ttip.nvglabs.local) (gcc version 9.2.1 20191109 (Debian 9.2.1-19)) #1295 SMP Tue Nov 12 10:26:22 MSK 2019
[    0.000411] printk: bootconsole [earlyprom0] enabled
[    0.000463] ARCH: SUN4V
[    0.000513] Ethernet address: 00:14:4f:fa:06:f2
[    0.000567] MM: PAGE_OFFSET is 0xfff8000000000000 (max_phys_bits == 47)
[    0.000632] MM: VMALLOC [0x0000000100000000 --> 0x0006000000000000]
[    0.001695] MM: VMEMMAP [0x0006000000000000 --> 0x000c000000000000]
[    0.014320] Kernel: Using 6 locked TLB entries for main kernel image.
[    0.014400] Remapping the kernel... 
[    0.014426] done.
[    0.050671] OF stdout device is: /virtual-devices@100/console@1
[    0.050749] PROM: Built device tree with 87467 bytes of memory.
[    0.050815] MDESC: Size is 36960 bytes.
[    0.050943] PLATFORM: banner-name [SPARC T5-2]
[    0.050995] PLATFORM: name [ORCL,SPARC-T5-2]
[    0.051042] PLATFORM: hostid [84fa06f2]
[    0.051085] PLATFORM: serial# [0035260e]
[    0.051129] PLATFORM: stick-frequency [3b9aca00]
[    0.051178] PLATFORM: mac-address [144ffa06f2]
[    0.051226] PLATFORM: watchdog-resolution [1000 ms]
[    0.051277] PLATFORM: watchdog-max-timeout [31536000000 ms]
[    0.051333] PLATFORM: max-cpus [1024]
[    0.051422] Top of RAM: 0x24af936000, Total RAM: 0x87f352000
[    0.051485] Memory hole size: 115461MB
[    0.616535] Allocated 35708928 bytes for kernel page tables.
[    0.616635] Zone ranges:
[    0.616677]   Normal   [mem 0x0000000030400000-0x00000024af935fff]
[    0.616743] Movable zone start for each node
[    0.616788] Early memory node ranges
[    0.616828]   node   0: [mem 0x0000000030400000-0x000000006fe7ffff]
[    0.616891]   node   0: [mem 0x000000006ff00000-0x000000006ff25fff]
[    0.616952]   node   0: [mem 0x0000000070000000-0x000000042fffffff]
[    0.617016]   node   0: [mem 0x0000002030000000-0x00000024af87ffff]
[    0.617082]   node   0: [mem 0x00000024af900000-0x00000024af925fff]
[    0.617143]   node   0: [mem 0x00000024af930000-0x00000024af935fff]
[    0.624528] Zeroed struct page in unavailable ranges: 230130 pages
[    0.624536] Initmem setup node 0 [mem 0x0000000030400000-0x00000024af935fff]
[    0.624693] On node 0 totalpages: 4454825
[    0.624703]   Normal zone: 39154 pages used for memmap
[    0.624708]   Normal zone: 0 pages reserved
[    0.624714]   Normal zone: 4454825 pages, LIFO batch:31
[    0.635554] Booting Linux...
[    0.635642] CPU CAPS: [flush,stbar,swap,muldiv,v9,blkinit,n2,mul32]
[    0.635726] CPU CAPS: [div32,v8plus,popc,vis,vis2,ASIBlkInit,fmaf,vis3]
[    0.635807] CPU CAPS: [hpc,ima,pause,cbcond,aes,des,kasumi,camellia]
[    0.635881] CPU CAPS: [md5,sha1,sha256,sha512,mpmul,montmul,montsqr,crc32c]
[    0.669963] percpu: Embedded 27 pages/cpu s181896 r8192 d31096 u262144
[    0.670242] pcpu-alloc: s181896 r8192 d31096 u262144 alloc=1*4194304
[    0.670249] pcpu-alloc: [0] 000 001 002 003 004 005 006 007 008 009 010 011 012 013 014 015 
[    0.670276] pcpu-alloc: [0] 016 017 018 019 020 021 022 023 024 025 026 027 028 029 030 031 
[    0.670303] pcpu-alloc: [0] 032 033 034 035 036 037 038 039 040 041 042 043 044 045 046 047 
[    0.670330] pcpu-alloc: [0] 048 049 050 051 052 053 054 055 056 057 058 059 060 061 062 063 
[    0.670357] pcpu-alloc: [0] 064 065 066 067 068 069 070 071 072 073 074 075 076 077 078 079 
[    0.670383] pcpu-alloc: [0] 080 081 082 083 084 085 086 087 088 089 090 091 092 093 094 095 
[    0.670410] pcpu-alloc: [0] 096 097 098 099 100 101 102 103 104 105 106 107 108 109 110 111 
[    0.670437] pcpu-alloc: [0] 112 113 114 115 116 117 118 119 120 121 122 123 124 125 126 127 
[    0.670972] SUN4V: Mondo queue sizes [cpu(131072) dev(16384) r(8192) nr(256)]
[    0.671420] Built 1 zonelists, mobility grouping on.  Total pages: 4415671
[    0.671512] Kernel command line: BOOT_IMAGE=/vmlinux-5.4.0-rc7-00006-gde620fb99ef2-dirty root=/dev/vdiska2 ro zswap.enabled=1
[    0.673938] printk: log_buf_len individual max cpu contribution: 4096 bytes
[    0.674008] printk: log_buf_len total cpu_extra contributions: 520192 bytes
[    0.674075] printk: log_buf_len min size: 131072 bytes
[    0.674402] printk: log_buf_len: 1048576 bytes
[    0.674454] printk: early log buf free: 126608(96%)
[    0.684072] Dentry cache hash table entries: 8388608 (order: 13, 67108864 bytes, linear)
[    0.688972] Inode-cache hash table entries: 4194304 (order: 12, 33554432 bytes, linear)
[    0.689053] Sorting __ex_table...
[    0.689305] mem auto-init: stack:off, heap alloc:off, heap free:off
[    0.752088] Memory: 1305232K/35638600K available (7482K kernel code, 949K rwdata, 2192K rodata, 704K init, 12357K bss, 544760K reserved, 0K cma-reserved)
[    0.761293] SLUB: HWalign=32, Order=0-3, MinObjects=0, CPUs=128, Nodes=1
[    0.766281] ftrace: allocating 21283 entries in 42 pages
[    0.782927] Running RCU self tests
[    0.782995] rcu: Hierarchical RCU implementation.
[    0.783051] rcu: 	RCU event tracing is enabled.
[    0.783102] rcu: 	RCU lockdep checking is enabled.
[    0.783153] 	Tasks RCU enabled.
[    0.783190] rcu: RCU calculated value of scheduler-enlistment delay is 10 jiffies.
[    0.792261] NR_IRQS: 2048, nr_irqs: 2048, preallocated irqs: 1
[    0.792798] SUN4V: Using IRQ API major 3, cookie only virqs enabled
[    0.796664] clocksource: stick: mask: 0xffffffffffffffff max_cycles: 0x1cd42e4dffb, max_idle_ns: 881590591483 ns
[    0.796798] clocksource: mult[800000] shift[23]
[    0.796847] clockevent: mult[80000000] shift[31]
[    0.800601] Console: colour dummy device 80x25
[    0.800665] printk: console [tty0] enabled
[    0.800740] printk: bootconsole [earlyprom0] disabled
[    0.800825] Lock dependency validator: Copyright (c) 2006 Red Hat, Inc., Ingo Molnar
[    0.800874] ... MAX_LOCKDEP_SUBCLASSES:  8
[    0.800905] ... MAX_LOCK_DEPTH:          48
[    0.800935] ... MAX_LOCKDEP_KEYS:        8192
[    0.800967] ... CLASSHASH_SIZE:          4096
[    0.800998] ... MAX_LOCKDEP_ENTRIES:     16384
[    0.801029] ... MAX_LOCKDEP_CHAINS:      32768
[    0.801061] ... CHAINHASH_SIZE:          16384
[    0.801093]  memory used by lock dependency info: 3855 kB
[    0.801129]  memory used for stack traces: 2112 kB
[    0.801163]  per task-struct memory footprint: 1920 bytes
[    0.947267] Calibrating delay using timer specific routine.. 2009.85 BogoMIPS (lpj=10049283)
[    0.947338] pid_max: default: 131072 minimum: 1024
[    0.955033] LSM: Security Framework initializing
[    0.957100] AppArmor: AppArmor initialized
[    0.960215] Mount-cache hash table entries: 131072 (order: 7, 1048576 bytes, linear)
[    0.960457] Mountpoint-cache hash table entries: 131072 (order: 7, 1048576 bytes, linear)
[    0.961971] *** VALIDATE tmpfs ***
[    0.970912] *** VALIDATE proc ***
[    0.976599] *** VALIDATE cgroup1 ***
[    0.976632] *** VALIDATE cgroup2 ***
[    0.982638] rcu: Hierarchical SRCU implementation.
[    0.995159] smp: Bringing up secondary CPUs ...
[    1.067687] smp: Brought up 1 node, 32 CPUs
[    1.275476] node 0 initialised, 4223576 pages in 180ms
[    1.280852] devtmpfs: initialized
[    1.291510] Performance events: 
[    1.291583] Testing NMI watchdog ... 
[    1.491795] OK.
[    1.491985] Supported PMU type is 'niagara5'
[    1.493510] random: get_random_u32 called from bucket_table_alloc.isra.0+0x188/0x1c0 with crng_init=0
[    1.495281] ldc.c:v1.1 (July 22, 2008)
[    1.499483] clocksource: jiffies: mask: 0xffffffff max_cycles: 0xffffffff, max_idle_ns: 19112604462750000 ns
[    1.499580] futex hash table entries: 32768 (order: 9, 4194304 bytes, linear)
[    1.519280] NET: Registered protocol family 16
[    1.533639] VIO: Adding device channel-devices (tx_ino = ffffffffffffffff, rx_ino = ffffffffffffffff)
[    1.533942] VIO: Adding device vnet-port-0-0 (tx_ino = 0, rx_ino = 1)
[    1.534230] VIO: Adding device vnet-port-0-1 (tx_ino = 2, rx_ino = 3)
[    1.534497] VIO: Adding device vnet-port-0-2 (tx_ino = 4, rx_ino = 5)
[    1.534755] VIO: Adding device vnet-port-0-4 (tx_ino = 8, rx_ino = 9)
[    1.535013] VIO: Adding device vnet-port-0-5 (tx_ino = a, rx_ino = b)
[    1.535275] VIO: Adding device vnet-port-0-6 (tx_ino = c, rx_ino = d)
[    1.535525] VIO: Adding device vdc-port-3-0 (tx_ino = e, rx_ino = f)
[    1.535787] VIO: Adding device vdc-port-2-0 (tx_ino = 10, rx_ino = 11)
[    1.536044] VIO: Adding device vdc-port-1-0 (tx_ino = 12, rx_ino = 13)
[    1.536301] VIO: Adding device vdc-port-0-0 (tx_ino = 14, rx_ino = 15)
[    1.536551] VIO: Adding device vdc-port-4-0 (tx_ino = 16, rx_ino = 17)
[    1.536815] VIO: Adding device vlds-port-0-0 (tx_ino = 18, rx_ino = 19)
[    1.537067] VIO: Adding device domain-services-port-0 (tx_ino = 18, rx_ino = 19)
[    1.538130] audit: initializing netlink subsys (disabled)
[    1.538559] audit: type=2000 audit(0.730:1): state=initialized audit_enabled=0 res=1
[    1.595917] HugeTLB registered 64.0 KiB page size, pre-allocated 0 pages
[    1.595973] HugeTLB registered 8.00 MiB page size, pre-allocated 0 pages
[    1.596019] HugeTLB registered 256 MiB page size, pre-allocated 0 pages
[    1.596065] HugeTLB registered 2.00 GiB page size, pre-allocated 0 pages
[    1.601446] alg: extra crypto tests enabled.  This is intended for developer use only.
[    1.631814] cryptd: max_cpu_qlen set to 1000
[    1.775751] NetLabel: Initializing
[    1.775792] NetLabel:  domain hash size = 128
[    1.775825] NetLabel:  protocols = UNLABELED CIPSOv4 CALIPSO
[    1.776078] NetLabel:  unlabeled traffic allowed by default
[    1.777432] SUN4V: Reboot data supported (maj=1,min=0).
[    1.779236] ds.c:v1.0 (Jul 11, 2007)
[    1.779822] ds-0: ds_conn_reset() from send_events.isra.0
[    1.780527] clocksource: Switched to clocksource stick
[    2.071484] *** VALIDATE bpf ***
[    2.079777] VFS: Disk quotas dquot_6.6.0
[    2.084439] VFS: Dquot-cache hash table entries: 1024 (order 0, 8192 bytes)
[    2.084811] *** VALIDATE ramfs ***
[    2.085469] *** VALIDATE hugetlbfs ***
[    2.098691] AppArmor: AppArmor Filesystem Enabled
[    2.125177] NET: Registered protocol family 2
[    2.135173] tcp_listen_portaddr_hash hash table entries: 32768 (order: 8, 2359296 bytes, linear)
[    2.138901] TCP established hash table entries: 524288 (order: 9, 4194304 bytes, linear)
[    2.141541] TCP bind hash table entries: 65536 (order: 9, 4194304 bytes, linear)
[    2.146986] TCP: Hash tables configured (established 524288 bind 65536)
[    2.151985] UDP hash table entries: 32768 (order: 9, 5242880 bytes, linear)
[    2.158846] UDP-Lite hash table entries: 32768 (order: 9, 5242880 bytes, linear)
[    2.174714] NET: Registered protocol family 1
[    2.174808] NET: Registered protocol family 44
[    2.175601] Trying to unpack rootfs image as initramfs...
[    2.505719] Freeing initrd memory: 10480K
[    2.507112] aes_sparc64: Using sparc64 aes opcodes optimized AES implementation
[    2.830878] des_sparc64: Using sparc64 des opcodes optimized DES implementation
[    3.357476] camellia_sparc64: Using sparc64 camellia opcodes optimized CAMELLIA implementation
[    3.586815] workingset: timestamp_bits=46 max_order=23 bucket_order=0
[    3.634334] SGI XFS with ACLs, security attributes, debug enabled
[    3.679827] Block layer SCSI generic (bsg) driver version 0.4 loaded (major 252)
[    3.682241] io scheduler mq-deadline registered
[    3.689575] f029b788: ttyHV0 at I/O 0x0 (irq = 1, base_baud = 115200) is a SUN4V HCONS
[    3.696499] printk: console [ttyHV0] enabled
[    3.704565] sunvdc.c:v1.2 (November 24, 2014)
[    3.719844] sunvdc: Virtual CDROM vdiskd
[    3.719916] sunvdc: vdiskd: 403160 sectors (196 MB) protocol 1.2
[    3.723681]  vdiskd: vdiskd1 vdiskd2 vdiskd3 vdiskd4 vdiskd5 vdiskd6 vdiskd7
[    3.777693] sunvdc: Virtual Hard disk vdiskc
[    3.777750] sunvdc: vdiskc: 104857600 sectors (51200 MB) protocol 1.2
[    3.824372] sunvdc: Virtual Hard disk vdiskb
[    3.824431] sunvdc: vdiskb: 62914560 sectors (30720 MB) protocol 1.2
[    3.827943]  vdiskb: vdiskb1
[    3.872387] sunvdc: Virtual Hard disk vdiska
[    3.872443] sunvdc: vdiska: 31457280 sectors (15360 MB) protocol 1.2
[    3.875995]  vdiska: vdiska1 vdiska2 vdiska3 vdiska4
[    3.925150] sunvdc: Virtual Hard disk vdiske
[    3.925203] sunvdc: vdiske: 20971520 sectors (10240 MB) protocol 1.2
[    3.929538]  vdiske: vdiske1 vdiske2 vdiske3
[    3.960763] sunvnet: sunvnet 2.0 (February 3, 2017)
[    3.966523] vnet_port vnet-port-0-0 eth0: Sun LDOM vnet 00:14:4f:f8:12:a3
[    3.966854] sunvnet: eth0: PORT ( remote-mac 00:14:4f:fa:f3:f0 switch-port )
[    3.968684] sunvnet: eth0: PORT ( remote-mac 00:14:4f:f8:e5:f3 )
[    3.970587] sunvnet: eth0: PORT ( remote-mac 00:14:4f:f9:b4:97 )
[    3.972441] sunvnet: eth0: PORT ( remote-mac 00:14:4f:f8:3f:1e )
[    3.974240] sunvnet: eth0: PORT ( remote-mac 00:14:4f:f8:fe:47 )
[    3.976031] sunvnet: eth0: PORT ( remote-mac 00:14:4f:f9:8b:83 )
[    3.977809] rtc-sun4v rtc-sun4v: registered as rtc0
[    3.978638] sun4v_wdt: initialized (timeout=60s, nowayout=0)
[    3.979753] device-mapper: uevent: version 1.0.3
[    3.982328] device-mapper: ioctl: 4.41.0-ioctl (2019-09-16) initialised: dm-devel@redhat.com
[    3.984051] NET: Registered protocol family 17
[    3.985014] registered taskstats version 1
[    3.995069] zswap: default zpool zbud not available
[    3.995128] zswap: pool creation failed
[    3.996110] kmemleak: Kernel memory leak detector initialized (mem pool available: 6234)
[    3.996120] kmemleak: Automatic memory scanning thread started
[    4.295916] Key type big_key registered
[    4.295994] AppArmor: AppArmor sha1 policy hashing enabled
[    4.297009] rtc-sun4v rtc-sun4v: setting system clock to 2019-11-12T07:51:05 UTC (1573545065)
[    4.306329] This architecture does not have kernel memory protection.
[    4.306379] Run /init as init process
[    5.078307] crc32c_sparc64: Using sparc64 crc32c opcode optimized CRC32C implementation
[    5.168014] random: fast init done
[    5.630463] raid6: int64x8  gen()  2142 MB/s
[    5.800428] raid6: int64x8  xor()  1560 MB/s
[    5.970407] raid6: int64x4  gen()  3442 MB/s
[    6.140429] raid6: int64x4  xor()  1995 MB/s
[    6.310446] raid6: int64x2  gen()  2854 MB/s
[    6.480442] raid6: int64x2  xor()  1986 MB/s
[    6.650423] raid6: int64x1  gen()  2816 MB/s
[    6.820431] raid6: int64x1  xor()  1618 MB/s
[    6.820487] raid6: using algorithm int64x4 gen() 3442 MB/s
[    6.820528] raid6: .... xor() 1995 MB/s, rmw enabled
[    6.820566] raid6: using intx1 recovery algorithm
[    6.822109] async_tx: api initialized (async)
[    6.823198] xor: automatically using best checksumming function   Niagara   
[    7.133657] EXT4-fs (vdiska2): mounted filesystem with ordered data mode. Opts: (null)
[    9.479004] systemd[1]: Inserted module 'autofs4'
[    9.501270] NET: Registered protocol family 10
[    9.516922] Segment Routing with IPv6
[    9.605061] systemd[1]: systemd 243-5 running in system mode. (+PAM +AUDIT +SELINUX +IMA +APPARMOR +SMACK +SYSVINIT +UTMP +LIBCRYPTSETUP +GCRYPT +GNUTLS +ACL +XZ +LZ4 -SECCOMP +BLKID +ELFUTILS +KMOD +IDN2 -IDN +PCRE2 default-hierarchy=hybrid)
[    9.605889] systemd[1]: Detected architecture sparc64.
[    9.772697] systemd[1]: Set hostname to <ttip.nvglabs.local>.
[   10.895064] random: lvmconfig: uninitialized urandom read (4 bytes read)
[   11.703272] systemd[1]: /lib/systemd/system/dbus.socket:5: ListenStream= references a path below legacy directory /var/run/, updating /var/run/dbus/system_bus_socket → /run/dbus/system_bus_socket; please update the unit file accordingly.
[   12.056405] systemd[1]: /lib/systemd/system/pcscd.socket:5: ListenStream= references a path below legacy directory /var/run/, updating /var/run/pcscd/pcscd.comm → /run/pcscd/pcscd.comm; please update the unit file accordingly.
[   12.093439] random: systemd: uninitialized urandom read (16 bytes read)
[   12.127582] systemd[1]: Created slice system-getty.slice.
[   12.128658] random: systemd: uninitialized urandom read (16 bytes read)
[   12.142239] systemd[1]: Created slice system-openvpn\x2dclient.slice.
[   12.142849] random: systemd: uninitialized urandom read (16 bytes read)
[   12.156093] systemd[1]: Created slice system-postfix.slice.
[   12.175542] systemd[1]: Created slice system-systemd\x2dfsck.slice.
[   12.189225] systemd[1]: Created slice User and Session Slice.
[   12.681440] EXT4-fs (vdiska2): re-mounted. Opts: errors=remount-ro
[   12.985292] systemd-journald[556]: Received client request to flush runtime journal.
[   14.579745] sha1_sparc64: Using sparc64 sha1 opcode optimized SHA-1 implementation
[   14.847282] sha256_sparc64: Using sparc64 sha256 opcode optimized SHA-256/SHA-224 implementation
[   14.890564] n2rng v0.3 (Jan 7, 2017)
[   14.890843] n2rng f029b104: Registered RNG HVAPI major 2 minor 0
[   14.891080] n2rng f029b104: Found multi-unit-capable RNG, units: 2
[   14.896795] n2rng f029b104: RNG ready
[   15.157889] sha512_sparc64: Using sparc64 sha512 opcode optimized SHA-512/SHA-384 implementation
[   15.166858] md5_sparc64: Using sparc64 md5 opcode optimized MD5 implementation
[   15.187994] pktcdvd: setup of pktcdvd device failed
[   15.295183] pktcdvd: setup of pktcdvd device failed
[   15.317141] pktcdvd: setup of pktcdvd device failed
[   15.337561] pktcdvd: setup of pktcdvd device failed
[   15.358499] pktcdvd: setup of pktcdvd device failed
[   15.378652] pktcdvd: setup of pktcdvd device failed
[   15.397940] pktcdvd: setup of pktcdvd device failed
[   15.416545] pktcdvd: setup of pktcdvd device failed
[   16.388401] XFS (dm-0): Mounting V5 Filesystem
[   16.678898] XFS (dm-0): Ending clean mount
[   16.743937] Mounted xfs file system at /1 supports timestamps until 2038 (0x7fffffff)
[   17.391129] random: crng init done
[   17.391281] random: 6 urandom warning(s) missed due to ratelimiting
[   18.212354] Adding 787176k swap on /dev/vdiska4.  Priority:-2 extents:1 across:787176k FS
[   18.481804] EXT4-fs (vdiska1): mounting ext3 file system using the ext4 subsystem
[   18.510744] EXT4-fs (vdiska1): mounted filesystem with ordered data mode. Opts: (null)
[   18.513488] Mounted ext3 file system at /boot supports timestamps until 2038 (0x7fffffff)
[   19.789501] Kernel unaligned access at TPC[8790d8] aa_dfa_unpack+0x38/0x5c0
[   19.789628] Kernel unaligned access at TPC[8790f8] aa_dfa_unpack+0x58/0x5c0
[   19.789690] Kernel unaligned access at TPC[8791c0] aa_dfa_unpack+0x120/0x5c0
[   19.789769] Kernel unaligned access at TPC[8792a0] aa_dfa_unpack+0x200/0x5c0
[   19.789834] Kernel unaligned access at TPC[8792b4] aa_dfa_unpack+0x214/0x5c0
[   22.989013] tun: Universal TUN/TAP device driver, 1.6

[   25.483389] ======================================================
[   25.483398] WARNING: possible circular locking dependency detected
[   25.483410] 5.4.0-rc7-00006-gde620fb99ef2-dirty #1295 Not tainted
[   25.483419] ------------------------------------------------------
[   25.483428] iptables-restor/998 is trying to acquire lock:
[   25.483437] 000000001054e120 (&table[i].mutex){+.+.}, at: nfnl_lock+0x24/0x40 [nfnetlink]
[   25.483464] 
               but task is already holding lock:
[   25.483474] 0000000000e38020 (&net->nft.commit_mutex){+.+.}, at: nf_tables_valid_genid+0x10/0x60 [nf_tables]
[   25.483506] 
               which lock already depends on the new lock.

[   25.483517] 
               the existing dependency chain (in reverse order) is:
[   25.483527] 
               -> #1 (&net->nft.commit_mutex){+.+.}:
[   25.483546]        __mutex_lock+0xac/0x9a0
[   25.483554]        mutex_lock_nested+0x1c/0x40
[   25.483568]        nf_tables_valid_genid+0x10/0x60 [nf_tables]
[   25.483578]        nfnetlink_rcv_batch+0x228/0x620 [nfnetlink]
[   25.483588]        nfnetlink_rcv+0x110/0x140 [nfnetlink]
[   25.483599]        netlink_unicast+0x128/0x200
[   25.483607]        netlink_sendmsg+0x338/0x380
[   25.483623]        sock_sendmsg+0x34/0x80
[   25.483632]        ___sys_sendmsg+0x238/0x260
[   25.483642]        __sys_sendmsg+0x48/0x80
[   25.483651]        sys_sendmsg+0x18/0x40
[   25.483666]        linux_sparc_syscall+0x34/0x44
[   25.483673] 
               -> #0 (&table[i].mutex){+.+.}:
[   25.483687]        __lock_acquire+0x1b18/0x2520
[   25.483695]        lock_acquire+0x1ac/0x1e0
[   25.483703]        __mutex_lock+0xac/0x9a0
[   25.483710]        mutex_lock_nested+0x1c/0x40
[   25.483719]        nfnl_lock+0x24/0x40 [nfnetlink]
[   25.483734]        ip_set_nfnl_get_byindex+0x190/0x280 [ip_set]
[   25.483745]        set_match_v1_checkentry+0x14/0xc0 [xt_set]
[   25.483762]        xt_check_match+0x240/0x280 [x_tables]
[   25.483775]        __nft_match_init+0x174/0x1a0 [nft_compat]
[   25.483784]        nft_match_init+0x18/0x40 [nft_compat]
[   25.483797]        nf_tables_newrule+0x510/0x7a0 [nf_tables]
[   25.483807]        nfnetlink_rcv_batch+0x3d8/0x620 [nfnetlink]
[   25.483816]        nfnetlink_rcv+0x110/0x140 [nfnetlink]
[   25.483825]        netlink_unicast+0x128/0x200
[   25.483833]        netlink_sendmsg+0x338/0x380
[   25.483841]        sock_sendmsg+0x34/0x80
[   25.483849]        ___sys_sendmsg+0x238/0x260
[   25.483858]        __sys_sendmsg+0x48/0x80
[   25.483866]        sys_sendmsg+0x18/0x40
[   25.483874]        linux_sparc_syscall+0x34/0x44
[   25.483881] 
               other info that might help us debug this:

[   25.483891]  Possible unsafe locking scenario:

[   25.483899]        CPU0                    CPU1
[   25.483906]        ----                    ----
[   25.483912]   lock(&net->nft.commit_mutex);
[   25.483921]                                lock(&table[i].mutex);
[   25.483930]                                lock(&net->nft.commit_mutex);
[   25.483939]   lock(&table[i].mutex);
[   25.483947] 
                *** DEADLOCK ***

[   25.483957] 1 lock held by iptables-restor/998:
[   25.483964]  #0: 0000000000e38020 (&net->nft.commit_mutex){+.+.}, at: nf_tables_valid_genid+0x10/0x60 [nf_tables]
[   25.483985] 
               stack backtrace:
[   25.483994] CPU: 21 PID: 998 Comm: iptables-restor Not tainted 5.4.0-rc7-00006-gde620fb99ef2-dirty #1295
[   25.484005] Call Trace:
[   25.484021]  [00000000004d491c] print_circular_bug.isra.0+0x1bc/0x1e0
[   25.484031]  [00000000004d4b60] check_noncircular+0x220/0x240
[   25.484040]  [00000000004d90d8] __lock_acquire+0x1b18/0x2520
[   25.484048]  [00000000004da46c] lock_acquire+0x1ac/0x1e0
[   25.484057]  [0000000000b4b8cc] __mutex_lock+0xac/0x9a0
[   25.484065]  [0000000000b4c1dc] mutex_lock_nested+0x1c/0x40
[   25.484074]  [000000001054c024] nfnl_lock+0x24/0x40 [nfnetlink]
[   25.484086]  [0000000010559310] ip_set_nfnl_get_byindex+0x190/0x280 [ip_set]
[   25.484096]  [00000000105d2694] set_match_v1_checkentry+0x14/0xc0 [xt_set]
[   25.484107]  [00000000103a68a0] xt_check_match+0x240/0x280 [x_tables]
[   25.484117]  [00000000105c0c54] __nft_match_init+0x174/0x1a0 [nft_compat]
[   25.484127]  [00000000105c0d18] nft_match_init+0x18/0x40 [nft_compat]
[   25.484141]  [0000000010589e70] nf_tables_newrule+0x510/0x7a0 [nf_tables]
[   25.484151]  [000000001054c898] nfnetlink_rcv_batch+0x3d8/0x620 [nfnetlink]
[   25.484161]  [000000001054cbf0] nfnetlink_rcv+0x110/0x140 [nfnetlink]
[   25.484170]  [0000000000a43ae8] netlink_unicast+0x128/0x200
