[    0.000012] PROMLIB: Sun IEEE Boot Prom 'OBP 4.38.17 2019/01/25 08:22'
[    0.000028] PROMLIB: Root node compatible: sun4v
[    0.000073] Linux version 5.14.0-10318-gac08b1c68d1b (mator@ttip) (gcc (Debian 10.2.1-6) 10.2.1 20210110, GNU ld (GNU Binutils for Debian) 2.37) #271 SMP Wed Sep 8 16:41:25 MSK 2021
[    0.000383] printk: bootconsole [earlyprom0] enabled
[    0.000434] ARCH: SUN4V
[    0.000477] Ethernet address: 00:14:4f:fa:06:f2
[    0.000528] MM: PAGE_OFFSET is 0xfff8000000000000 (max_phys_bits == 47)
[    0.000592] MM: VMALLOC [0x0000000100000000 --> 0x0006000000000000]
[    0.000651] MM: VMEMMAP [0x0006000000000000 --> 0x000c000000000000]
[    0.014222] Kernel: Using 5 locked TLB entries for main kernel image.
[    0.014304] Remapping the kernel... 
[    0.014329] done.
[    0.031589] OF stdout device is: /virtual-devices@100/console@1
[    0.031683] PROM: Built device tree with 55713 bytes of memory.
[    0.031765] MDESC: Size is 18576 bytes.
[    0.031879] PLATFORM: banner-name [SPARC T5-2]
[    0.031942] PLATFORM: name [ORCL,SPARC-T5-2]
[    0.032000] PLATFORM: hostid [84fa06f2]
[    0.032052] PLATFORM: serial# [0035260e]
[    0.032106] PLATFORM: stick-frequency [3b9aca00]
[    0.032167] PLATFORM: mac-address [144ffa06f2]
[    0.032225] PLATFORM: watchdog-resolution [1000 ms]
[    0.032288] PLATFORM: watchdog-max-timeout [31536000000 ms]
[    0.032358] PLATFORM: max-cpus [1024]
[    0.032457] Top of RAM: 0x42f948000, Total RAM: 0x3ff3c4000
[    0.032533] Memory hole size: 773MB
[    0.034526] Allocated 24576 bytes for kernel page tables.
[    0.034625] Zone ranges:
[    0.034673]   Normal   [mem 0x0000000030400000-0x000000042f947fff]
[    0.034759] Movable zone start for each node
[    0.034815] Early memory node ranges
[    0.034863]   node   0: [mem 0x0000000030400000-0x000000006fefffff]
[    0.034944]   node   0: [mem 0x000000006ff80000-0x000000006ff89fff]
[    0.035023]   node   0: [mem 0x0000000070000000-0x000000042f8b1fff]
[    0.035102]   node   0: [mem 0x000000042f940000-0x000000042f947fff]
[    0.035181] Initmem setup node 0 [mem 0x0000000030400000-0x000000042f947fff]
[    0.045125] On node 0, zone Normal: 98816 pages in unavailable ranges
[    0.045154] On node 0, zone Normal: 64 pages in unavailable ranges
[    0.046567] On node 0, zone Normal: 59 pages in unavailable ranges
[    0.046661] On node 0, zone Normal: 71 pages in unavailable ranges
[    0.048415] On node 0, zone Normal: 33628 pages in unavailable ranges
[    0.048509] Booting Linux...
[    0.048644] CPU CAPS: [flush,stbar,swap,muldiv,v9,blkinit,n2,mul32]
[    0.048758] CPU CAPS: [div32,v8plus,popc,vis,vis2,ASIBlkInit,fmaf,vis3]
[    0.048872] CPU CAPS: [hpc,ima,pause,cbcond,aes,des,kasumi,camellia]
[    0.048983] CPU CAPS: [md5,sha1,sha256,sha512,mpmul,montmul,montsqr,crc32c]
[    0.090663] percpu: Embedded 18 pages/cpu s104912 r8192 d34352 u262144
[    0.090951] pcpu-alloc: s104912 r8192 d34352 u262144 alloc=1*4194304
[    0.090964] pcpu-alloc: [0] 000 001 002 003 004 005 006 007 008 009 010 011 012 013 014 015 
[    0.091034] pcpu-alloc: [0] 016 017 018 019 020 021 022 023 024 025 026 027 028 029 030 031 
[    0.091103] pcpu-alloc: [0] 032 033 034 035 036 037 038 039 040 041 042 043 044 045 046 047 
[    0.091172] pcpu-alloc: [0] 048 049 050 051 052 053 054 055 056 057 058 059 060 061 062 063 
[    0.091241] pcpu-alloc: [0] 064 065 066 067 068 069 070 071 072 073 074 075 076 077 078 079 
[    0.091309] pcpu-alloc: [0] 080 081 082 083 084 085 086 087 088 089 090 091 092 093 094 095 
[    0.091378] pcpu-alloc: [0] 096 097 098 099 100 101 102 103 104 105 106 107 108 109 110 111 
[    0.091445] pcpu-alloc: [0] 112 113 114 115 116 117 118 119 120 121 122 123 124 125 126 127 
[    0.091510] pcpu-alloc: [0] 128 129 130 131 132 133 134 135 136 137 138 139 140 141 142 143 
[    0.091576] pcpu-alloc: [0] 144 145 146 147 148 149 150 151 152 153 154 155 156 157 158 159 
[    0.091642] pcpu-alloc: [0] 160 161 162 163 164 165 166 167 168 169 170 171 172 173 174 175 
[    0.091711] pcpu-alloc: [0] 176 177 178 179 180 181 182 183 184 185 186 187 188 189 190 191 
[    0.091779] pcpu-alloc: [0] 192 193 194 195 196 197 198 199 200 201 202 203 204 205 206 207 
[    0.091847] pcpu-alloc: [0] 208 209 210 211 212 213 214 215 216 217 218 219 220 221 222 223 
[    0.091915] pcpu-alloc: [0] 224 225 226 227 228 229 230 231 232 233 234 235 236 237 238 239 
[    0.091984] pcpu-alloc: [0] 240 241 242 243 244 245 246 247 248 249 250 251 252 253 254 255 
[    0.092460] SUN4V: Mondo queue sizes [cpu(131072) dev(16384) r(8192) nr(256)]
[    0.092735] Built 1 zonelists, mobility grouping on.  Total pages: 2077166
[    0.092840] Kernel command line: BOOT_IMAGE=/vmlinux-5.14.0-10318-gac08b1c68d1b root=/dev/vdiska2 ro
[    0.093010] Unknown command line parameters: BOOT_IMAGE=/vmlinux-5.14.0-10318-gac08b1c68d1b
[    0.093116] printk: log_buf_len individual max cpu contribution: 4096 bytes
[    0.093201] printk: log_buf_len total cpu_extra contributions: 1044480 bytes
[    0.093284] printk: log_buf_len min size: 131072 bytes
[    0.095277] printk: log_buf_len: 2097152 bytes
[    0.095339] printk: early log buf free: 126408(96%)
[    0.097164] Dentry cache hash table entries: 2097152 (order: 11, 16777216 bytes, linear)
[    0.098127] Inode-cache hash table entries: 1048576 (order: 10, 8388608 bytes, linear)
[    0.098211] Sorting __ex_table...
[    0.098470] mem auto-init: stack:off, heap alloc:off, heap free:off
[    0.102742] Memory: 1257792K/16764688K available (8890K kernel code, 1732K rwdata, 2952K rodata, 616K init, 3135K bss, 290848K reserved, 0K cma-reserved)
[    0.102911] random: get_random_u64 called from kmem_cache_open+0x1c/0x340 with crng_init=0
[    0.104502] SLUB: HWalign=32, Order=0-3, MinObjects=0, CPUs=256, Nodes=1
[    0.104990] ftrace: allocating 27679 entries in 55 pages
[    0.115653] ftrace: allocated 55 pages with 5 groups
[    0.115932] trace event string verifier disabled
[    0.119982] rcu: Hierarchical RCU implementation.
[    0.120040] rcu: 	RCU debug extended QS entry/exit.
[    0.120087] 	Trampoline variant of Tasks RCU enabled.
[    0.120136] 	Rude variant of Tasks RCU enabled.
[    0.120179] 	Tracing variant of Tasks RCU enabled.
[    0.120224] rcu: RCU calculated value of scheduler-enlistment delay is 26 jiffies.
[    0.126378] NR_IRQS: 2048, nr_irqs: 2048, preallocated irqs: 1
[    0.126468] SUN4V: Using IRQ API major 3, cookie only virqs enabled
[    0.130517] clocksource: stick: mask: 0xffffffffffffffff max_cycles: 0x1cd42e4dffb, max_idle_ns: 881590591483 ns
[    0.130651] clocksource: mult[800000] shift[23]
[    0.130697] clockevent: mult[80000000] shift[31]
[    0.131315] Console: colour dummy device 80x25
[    0.131367] printk: console [tty0] enabled
[    0.131427] printk: bootconsole [earlyprom0] disabled
[    0.131491] Lock dependency validator: Copyright (c) 2006 Red Hat, Inc., Ingo Molnar
[    0.131517] ... MAX_LOCKDEP_SUBCLASSES:  8
[    0.131533] ... MAX_LOCK_DEPTH:          48
[    0.131548] ... MAX_LOCKDEP_KEYS:        8192
[    0.131564] ... CLASSHASH_SIZE:          4096
[    0.131580] ... MAX_LOCKDEP_ENTRIES:     16384
[    0.131597] ... MAX_LOCKDEP_CHAINS:      32768
[    0.131613] ... CHAINHASH_SIZE:          16384
[    0.131629]  memory used by lock dependency info: 2603 kB
[    0.131648]  per task-struct memory footprint: 1920 bytes
[    0.210975] Calibrating delay using timer specific routine.. 2007.57 BogoMIPS (lpj=4015151)
[    0.211027] pid_max: default: 262144 minimum: 2048
[    0.211386] LSM: Security Framework initializing
[    0.211594] Mount-cache hash table entries: 32768 (order: 5, 262144 bytes, linear)
[    0.211652] Mountpoint-cache hash table entries: 32768 (order: 5, 262144 bytes, linear)
[    0.214582] rcu: Hierarchical SRCU implementation.
[    0.222064] smp: Bringing up secondary CPUs ...
[    0.227859] smp: Brought up 1 node, 8 CPUs
[    0.319500] node 0 deferred pages initialised in 92ms
[    0.320654] devtmpfs: initialized
[    0.322661] Performance events: 
[    0.322685] Testing NMI watchdog ... 
[    0.402779] OK.
[    0.402888] Supported PMU type is 'niagara5'
[    0.404302] ldc.c:v1.1 (July 22, 2008)
[    0.405231] clocksource: jiffies: mask: 0xffffffff max_cycles: 0xffffffff, max_idle_ns: 7645041785100000 ns
[    0.405292] futex hash table entries: 65536 (order: 10, 8388608 bytes, linear)
[    0.415441] NET: Registered PF_NETLINK/PF_ROUTE protocol family
[    0.418087] VIO: Adding device channel-devices (tx_ino = ffffffffffffffff, rx_ino = ffffffffffffffff)
[    0.418203] VIO: Adding device vnet-port-0-0 (tx_ino = 0, rx_ino = 1)
[    0.418292] VIO: Adding device vnet-port-0-1 (tx_ino = 2, rx_ino = 3)
[    0.418373] VIO: Adding device vnet-port-0-2 (tx_ino = 4, rx_ino = 5)
[    0.418452] VIO: Adding device vnet-port-0-3 (tx_ino = 6, rx_ino = 7)
[    0.418531] VIO: Adding device vdc-port-2-0 (tx_ino = 8, rx_ino = 9)
[    0.418610] VIO: Adding device vdc-port-1-0 (tx_ino = a, rx_ino = b)
[    0.418688] VIO: Adding device vdc-port-0-0 (tx_ino = c, rx_ino = d)
[    0.418767] VIO: Adding device vlds-port-0-0 (tx_ino = e, rx_ino = f)
[    0.418853] VIO: Adding device domain-services-port-0 (tx_ino = e, rx_ino = f)
[    0.419079] audit: initializing netlink subsys (disabled)
[    0.419328] audit: type=2000 audit(0.284:1): state=initialized audit_enabled=0 res=1
[    0.434745] HugeTLB registered 64.0 KiB page size, pre-allocated 0 pages
[    0.434787] HugeTLB registered 8.00 MiB page size, pre-allocated 0 pages
[    0.434819] HugeTLB registered 256 MiB page size, pre-allocated 0 pages
[    0.434850] HugeTLB registered 2.00 GiB page size, pre-allocated 0 pages
[    1.064751] SUN4V: Reboot data supported (maj=1,min=0).
[    1.064988] ds.c:v1.0 (Jul 11, 2007)
[    1.065218] ds-0: ds_conn_reset() from send_events
[    1.065662] clocksource: Switched to clocksource stick
[    1.178016] VFS: Disk quotas dquot_6.6.0
[    1.178182] VFS: Dquot-cache hash table entries: 1024 (order 0, 8192 bytes)
[    1.185354] NET: Registered PF_INET protocol family
[    1.185823] IP idents hash table entries: 262144 (order: 8, 2097152 bytes, linear)
[    1.194070] tcp_listen_portaddr_hash hash table entries: 8192 (order: 6, 655360 bytes, linear)
[    1.195256] TCP established hash table entries: 131072 (order: 7, 1048576 bytes, linear)
[    1.196378] TCP bind hash table entries: 65536 (order: 9, 4718592 bytes, linear)
[    1.206190] TCP: Hash tables configured (established 131072 bind 65536)
[    1.209286] UDP hash table entries: 8192 (order: 7, 1310720 bytes, linear)
[    1.212010] UDP-Lite hash table entries: 8192 (order: 7, 1310720 bytes, linear)
[    1.216511] NET: Registered PF_UNIX/PF_LOCAL protocol family
[    1.216564] NET: Registered PF_XDP protocol family
[    1.217184] Trying to unpack rootfs image as initramfs...
[    1.230903] Initialise system trusted keyrings
[    1.231129] workingset: timestamp_bits=46 max_order=21 bucket_order=0
[    1.242835] zbud: loaded
[    1.245649] SGI XFS with ACLs, security attributes, realtime, quota, no debug enabled
[    1.249483] Key type asymmetric registered
[    1.249525] Asymmetric key parser 'x509' registered
[    1.249587] Block layer SCSI generic (bsg) driver version 0.4 loaded (major 252)
[    1.250329] io scheduler mq-deadline registered
[    1.252208] f029b788: ttyHV0 at I/O 0x0 (irq = 1, base_baud = 115200) is a SUN4V HCONS
[    1.253003] printk: console [ttyHV0] enabled
[    1.253993] n2rng v0.3 (Jan 7, 2017)
[    1.254040] n2rng f029b104: Registered RNG HVAPI major 2 minor 0
[    1.254080] n2rng f029b104: Found multi-unit-capable RNG, units: 2
[    1.254854] n2rng f029b104: RNG ready
[    1.255393] sunvdc.c:v1.2 (November 24, 2014)
[    1.257963] sunvdc: Virtual Hard disk vdiskc
[    1.257995] sunvdc: vdiskc: 104857600 sectors (51200 MB) protocol 1.2
[    1.285255] sunvdc: Virtual Hard disk vdiskb
[    1.285297] sunvdc: vdiskb: 62914560 sectors (30720 MB) protocol 1.2
[    1.307174]  vdiskb: vdiskb1
[    1.309373] sunvdc: Virtual Hard disk vdiska
[    1.309399] sunvdc: vdiska: 31457280 sectors (15360 MB) protocol 1.2
[    1.331873]  vdiska: vdiska1 vdiska2 vdiska3 vdiska4
[    1.333545] rtc-sun4v rtc-sun4v: registered as rtc0
[    1.333595] rtc-sun4v rtc-sun4v: setting system clock to 2021-09-08T14:00:35 UTC (1631109635)
[    1.333940] softdog: initialized. soft_noboot=0 soft_margin=60 sec soft_panic=0 (nowayout=0)
[    1.333980] softdog:              soft_reboot_cmd=<not set> soft_active_on_boot=0
[    1.335472] NET: Registered PF_INET6 protocol family
[    1.595356] Freeing initrd memory: 30456K
[    1.624102] Segment Routing with IPv6
[    1.624181] In-situ OAM (IOAM) with IPv6
[    1.624271] mip6: Mobile IPv6
[    1.624296] NET: Registered PF_PACKET protocol family
[    1.625748] registered taskstats version 1
[    1.625784] Loading compiled-in X.509 certificates
[    1.628921] zswap: loaded using pool lzo/zbud
[    1.632319] This architecture does not have kernel memory protection.
[    1.632354] Run /init as init process
[    1.632371]   with arguments:
[    1.632376]     /init
[    1.632380]   with environment:
[    1.632383]     HOME=/
[    1.632387]     TERM=linux
[    1.632390]     BOOT_IMAGE=/vmlinux-5.14.0-10318-gac08b1c68d1b
[    2.073666] sunvnet_common: module verification failed: signature and/or required key missing - tainting kernel
[    2.077974] sunvnet: sunvnet 2.0 (February 3, 2017)
[    2.083256] vnet_port vnet-port-0-0 eth0: Sun LDOM vnet 00:14:4f:f8:12:a3
[    2.083601] sunvnet: eth0: PORT ( remote-mac 00:14:4f:fa:f3:f0 switch-port )
[    2.084114] sunvnet: eth0: PORT ( remote-mac 00:14:4f:f8:e5:f3 )
[    2.084606] sunvnet: eth0: PORT ( remote-mac 00:14:4f:f8:3f:1e )
[    2.085149] sunvnet: eth0: PORT ( remote-mac 00:14:4f:f9:b4:97 )
[    2.103530] crc32c_sparc64: Using sparc64 crc32c opcode optimized CRC32C implementation
[    2.103731] random: lvm: uninitialized urandom read (4 bytes read)
[    2.161869] device-mapper: uevent: version 1.0.3
[    2.162519] device-mapper: ioctl: 4.45.0-ioctl (2021-03-22) initialised: dm-devel@redhat.com
[    2.174180] random: lvm: uninitialized urandom read (2 bytes read)
[    2.634399] xor: automatically using best checksumming function   Niagara   
[    2.701648] raid6: int64x8  gen()  1594 MB/s
[    2.769642] raid6: int64x8  xor()  1135 MB/s
[    2.837655] raid6: int64x4  gen()  2492 MB/s
[    2.905655] raid6: int64x4  xor()  1072 MB/s
[    2.973644] raid6: int64x2  gen()  2146 MB/s
[    3.041652] raid6: int64x2  xor()   833 MB/s
[    3.109669] raid6: int64x1  gen()  1045 MB/s
[    3.177676] raid6: int64x1  xor()   527 MB/s
[    3.177723] raid6: using algorithm int64x4 gen() 2492 MB/s
[    3.177752] raid6: .... xor() 1072 MB/s, rmw enabled
[    3.177779] raid6: using intx1 recovery algorithm
[    3.271372] random: fast init done
[    3.422491] EXT4-fs (vdiska2): mounted filesystem with ordered data mode. Opts: (null). Quota mode: none.
[    5.861597] systemd[1]: Inserted module 'autofs4'
[    5.989587] systemd[1]: systemd 247.9-1 running in system mode. (+PAM +AUDIT +SELINUX +IMA +APPARMOR +SMACK +SYSVINIT +UTMP +LIBCRYPTSETUP +GCRYPT +GNUTLS +ACL +XZ +LZ4 +ZSTD -SECCOMP +BLKID +ELFUTILS +KMOD +IDN2 -IDN +PCRE2 default-hierarchy=unified)
[    5.989900] systemd[1]: Detected architecture sparc64.
[    6.016452] systemd[1]: Set hostname to <ttip>.
[    7.612003] random: lvmconfig: uninitialized urandom read (4 bytes read)
[    8.976222] systemd[1]: Queued start job for default target Multi-User System.
[    8.977095] random: systemd: uninitialized urandom read (16 bytes read)
[    8.986601] systemd[1]: Created slice Slice /system/getty.
[    8.987131] random: systemd: uninitialized urandom read (16 bytes read)
[    8.990682] systemd[1]: Created slice Slice /system/modprobe.
[    8.990894] random: systemd: uninitialized urandom read (16 bytes read)
[    8.994611] systemd[1]: Created slice Slice /system/openvpn-client.
[    8.998256] systemd[1]: Created slice Slice /system/postfix.
[    9.001980] systemd[1]: Created slice Slice /system/systemd-fsck.
[    9.005635] systemd[1]: Created slice User and Session Slice.
[    9.006170] systemd[1]: Started Dispatch Password Requests to Console Directory Watch.
[    9.006609] systemd[1]: Started Forward Password Requests to Wall Directory Watch.
[    9.008196] systemd[1]: Set up automount Arbitrary Executable File Formats File System Automount Point.
[    9.008527] systemd[1]: Reached target Local Encrypted Volumes.
[    9.008818] systemd[1]: Reached target Paths.
[    9.009061] systemd[1]: Reached target Slices.
[    9.009305] systemd[1]: Reached target System Time Set.
[    9.009838] systemd[1]: Listening on Device-mapper event daemon FIFOs.
[    9.010436] systemd[1]: Listening on LVM2 poll daemon socket.
[    9.028395] systemd[1]: Listening on RPCbind Server Activation Socket.
[    9.029280] systemd[1]: Listening on Syslog Socket.
[    9.029942] systemd[1]: Listening on fsck to fsckd communication Socket.
[    9.030369] systemd[1]: Listening on initctl Compatibility Named Pipe.
[    9.031739] systemd[1]: Listening on Journal Audit Socket.
[    9.032292] systemd[1]: Listening on Journal Socket (/dev/log).
[    9.033025] systemd[1]: Listening on Journal Socket.
[    9.033948] systemd[1]: Listening on udev Control Socket.
[    9.034508] systemd[1]: Listening on udev Kernel Socket.
[    9.040821] systemd[1]: Mounting Huge Pages File System...
[    9.048599] systemd[1]: Mounting POSIX Message Queue File System...
[    9.055041] systemd[1]: Mounting RPC Pipe File System...
[    9.064310] systemd[1]: Mounting Kernel Debug File System...
[    9.074938] systemd[1]: Mounting Kernel Trace File System...
[    9.076426] systemd[1]: Condition check resulted in Kernel Module supporting RPCSEC_GSS being skipped.
[    9.077936] systemd[1]: Finished Availability of block devices.
[    9.088611] systemd[1]: Starting Wait for network to be configured by ifupdown...
[    9.098017] systemd[1]: Starting Create list of static device nodes for the current kernel...
[    9.105397] systemd[1]: Starting Monitoring of LVM2 mirrors, snapshots etc. using dmeventd or progress polling...
[    9.113200] systemd[1]: Starting Load Kernel Module configfs...
[    9.122447] systemd[1]: Starting Load Kernel Module drm...
[    9.133114] systemd[1]: Starting Load Kernel Module fuse...
[    9.142882] systemd[1]: Starting nftables...
[    9.161078] systemd[1]: Condition check resulted in Set Up Additional Binary Formats being skipped.
[    9.161436] systemd[1]: Condition check resulted in File System Check on Root Device being skipped.
[    9.167403] RPC: Registered named UNIX socket transport module.
[    9.167470] RPC: Registered udp transport module.
[    9.167508] RPC: Registered tcp transport module.
[    9.167544] RPC: Registered tcp NFSv4.1 backchannel transport module.
[    9.174592] fuse: init (API version 7.34)
[    9.176350] systemd[1]: Starting Journal Service...
[    9.185432] systemd[1]: Starting Load Kernel Modules...
[    9.192353] systemd[1]: Starting Remount Root and Kernel File Systems...
[    9.199149] systemd[1]: Starting Coldplug All udev Devices...
[    9.207408] systemd[1]: Mounted Huge Pages File System.
[    9.208027] systemd[1]: Mounted POSIX Message Queue File System.
[    9.208553] systemd[1]: Mounted RPC Pipe File System.
[    9.209071] systemd[1]: Mounted Kernel Debug File System.
[    9.209633] systemd[1]: Mounted Kernel Trace File System.
[    9.211970] systemd[1]: Finished Wait for network to be configured by ifupdown.
[    9.214394] systemd[1]: Finished Create list of static device nodes for the current kernel.
[    9.215742] systemd[1]: modprobe@configfs.service: Succeeded.
[    9.217326] systemd[1]: Finished Load Kernel Module configfs.
[    9.218873] systemd[1]: modprobe@drm.service: Succeeded.
[    9.220457] systemd[1]: Finished Load Kernel Module drm.
[    9.221848] systemd[1]: modprobe@fuse.service: Succeeded.
[    9.223556] systemd[1]: Finished Load Kernel Module fuse.
[    9.230419] systemd[1]: Mounting FUSE Control File System...
[    9.238721] systemd[1]: Mounting Kernel Configuration File System...
[    9.242941] systemd[1]: Mounted FUSE Control File System.
[    9.252036] systemd[1]: Finished Monitoring of LVM2 mirrors, snapshots etc. using dmeventd or progress polling.
[    9.253317] systemd[1]: Mounted Kernel Configuration File System.
[    9.556998] EXT4-fs (vdiska2): re-mounted. Opts: errors=remount-ro. Quota mode: none.
[    9.564451] systemd[1]: Finished Load Kernel Modules.
[    9.567002] systemd[1]: Finished Remount Root and Kernel File Systems.
[    9.705484] systemd[1]: Starting Initial Check File System Quotas...
[    9.706182] systemd[1]: Condition check resulted in Platform Persistent Storage Archival being skipped.
[    9.712430] systemd[1]: Starting Load/Save Random Seed...
[    9.719388] systemd[1]: Starting Apply Kernel Variables...
[    9.726982] systemd[1]: Starting Create System Users...
[    9.728372] systemd[1]: Started Journal Service.
[    9.837154] systemd-journald[281]: Received client request to flush runtime journal.
[   11.491763] sha1_sparc64: Using sparc64 sha1 opcode optimized SHA-1 implementation
[   11.556829] sha256_sparc64: Using sparc64 sha256 opcode optimized SHA-256/SHA-224 implementation
[   11.605710] sha512_sparc64: Using sparc64 sha512 opcode optimized SHA-512/SHA-384 implementation
[   11.629334] md5_sparc64: Using sparc64 md5 opcode optimized MD5 implementation
[   11.667431] aes_sparc64: Using sparc64 aes opcodes optimized AES implementation
[   11.708250] des_sparc64: Using sparc64 des opcodes optimized DES implementation
[   11.725536] camellia_sparc64: Using sparc64 camellia opcodes optimized CAMELLIA implementation
[   11.905166] Adding 787176k swap on /dev/vdiska4.  Priority:-2 extents:1 across:787176k FS
[   11.915110] XFS (dm-0): Mounting V5 Filesystem
[   12.032391] XFS (dm-0): Ending clean mount
[   12.034692] xfs filesystem being mounted at /1 supports timestamps until 2038 (0x7fffffff)
[   12.232267] EXT4-fs (vdiska1): mounting ext3 file system using the ext4 subsystem
[   12.241042] EXT4-fs (vdiska1): mounted filesystem with ordered data mode. Opts: (null). Quota mode: none.
[   12.241291] ext3 filesystem being mounted at /boot supports timestamps until 2038 (0x7fffffff)
[   12.418062] random: crng init done
[   12.418106] random: 4 urandom warning(s) missed due to ratelimiting
