[    0.000018] PROMLIB: Sun IEEE Boot Prom 'OBP 4.38.17 2019/01/25 08:22'
[    0.000039] PROMLIB: Root node compatible: sun4v
[    0.000100] Linux version 5.13.0-07637-g3dbdb38e2869 (mator@ttip) (gcc (Debian 10.2.1-6) 10.2.1 20210110, GNU ld (GNU Binutils for Debian) 2.35.2) #244 SMP Fri Jul 2 14:18:14 MSK 2021
[    0.000581] printk: bootconsole [earlyprom0] enabled
[    0.000660] ARCH: SUN4V
[    0.000728] Ethernet address: 00:14:4f:fa:06:f2
[    0.000808] MM: PAGE_OFFSET is 0xfff8000000000000 (max_phys_bits == 47)
[    0.000907] MM: VMALLOC [0x0000000100000000 --> 0x0006000000000000]
[    0.000998] MM: VMEMMAP [0x0006000000000000 --> 0x000c000000000000]
[    0.022482] Kernel: Using 5 locked TLB entries for main kernel image.
[    0.022585] Remapping the kernel... 
[    0.022624] done.
[    0.058863] OF stdout device is: /virtual-devices@100/console@1
[    0.058972] PROM: Built device tree with 67601 bytes of memory.
[    0.059070] MDESC: Size is 24368 bytes.
[    0.059212] PLATFORM: banner-name [SPARC T5-2]
[    0.059283] PLATFORM: name [ORCL,SPARC-T5-2]
[    0.059350] PLATFORM: hostid [84fa06f2]
[    0.059413] PLATFORM: serial# [0035260e]
[    0.059475] PLATFORM: stick-frequency [3b9aca00]
[    0.059546] PLATFORM: mac-address [144ffa06f2]
[    0.059613] PLATFORM: watchdog-resolution [1000 ms]
[    0.059687] PLATFORM: watchdog-max-timeout [31536000000 ms]
[    0.059770] PLATFORM: max-cpus [1024]
[    0.059890] Top of RAM: 0x22f948000, Total RAM: 0x1ff3a0000
[    0.059978] Memory hole size: 773MB
[    0.062067] Allocated 24576 bytes for kernel page tables.
[    0.062188] Zone ranges:
[    0.062250]   Normal   [mem 0x0000000030400000-0x000000022f947fff]
[    0.062363] Movable zone start for each node
[    0.062438] Early memory node ranges
[    0.062503]   node   0: [mem 0x0000000030400000-0x000000006febffff]
[    0.062609]   node   0: [mem 0x000000006ff40000-0x000000006ff65fff]
[    0.062714]   node   0: [mem 0x0000000070000000-0x000000022f8b1fff]
[    0.062819]   node   0: [mem 0x000000022f940000-0x000000022f947fff]
[    0.062924] Initmem setup node 0 [mem 0x0000000030400000-0x000000022f947fff]
[    0.072756] On node 0, zone Normal: 98816 pages in unavailable ranges
[    0.072786] On node 0, zone Normal: 64 pages in unavailable ranges
[    0.074187] On node 0, zone Normal: 77 pages in unavailable ranges
[    0.074294] On node 0, zone Normal: 71 pages in unavailable ranges
[    0.076010] On node 0, zone Normal: 33628 pages in unavailable ranges
[    0.076105] Booting Linux...
[    0.076261] CPU CAPS: [flush,stbar,swap,muldiv,v9,blkinit,n2,mul32]
[    0.076398] CPU CAPS: [div32,v8plus,popc,vis,vis2,ASIBlkInit,fmaf,vis3]
[    0.076536] CPU CAPS: [hpc,ima,pause,cbcond,aes,des,kasumi,camellia]
[    0.076670] CPU CAPS: [md5,sha1,sha256,sha512,mpmul,montmul,montsqr,crc32c]
[    0.217419] percpu: Embedded 20 pages/cpu s120912 r8192 d34736 u262144
[    0.218957] pcpu-alloc: s120912 r8192 d34736 u262144 alloc=1*4194304
[    0.219006] pcpu-alloc: [0] 000 001 002 003 004 005 006 007 008 009 010 011 012 013 014 015 
[    0.219336] pcpu-alloc: [0] 016 017 018 019 020 021 022 023 024 025 026 027 028 029 030 031 
[    0.219686] pcpu-alloc: [0] 032 033 034 035 036 037 038 039 040 041 042 043 044 045 046 047 
[    0.220069] pcpu-alloc: [0] 048 049 050 051 052 053 054 055 056 057 058 059 060 061 062 063 
[    0.220476] pcpu-alloc: [0] 064 065 066 067 068 069 070 071 072 073 074 075 076 077 078 079 
[    0.220883] pcpu-alloc: [0] 080 081 082 083 084 085 086 087 088 089 090 091 092 093 094 095 
[    0.221290] pcpu-alloc: [0] 096 097 098 099 100 101 102 103 104 105 106 107 108 109 110 111 
[    0.221697] pcpu-alloc: [0] 112 113 114 115 116 117 118 119 120 121 122 123 124 125 126 127 
[    0.222104] pcpu-alloc: [0] 128 129 130 131 132 133 134 135 136 137 138 139 140 141 142 143 
[    0.222512] pcpu-alloc: [0] 144 145 146 147 148 149 150 151 152 153 154 155 156 157 158 159 
[    0.222919] pcpu-alloc: [0] 160 161 162 163 164 165 166 167 168 169 170 171 172 173 174 175 
[    0.223326] pcpu-alloc: [0] 176 177 178 179 180 181 182 183 184 185 186 187 188 189 190 191 
[    0.223733] pcpu-alloc: [0] 192 193 194 195 196 197 198 199 200 201 202 203 204 205 206 207 
[    0.224140] pcpu-alloc: [0] 208 209 210 211 212 213 214 215 216 217 218 219 220 221 222 223 
[    0.224547] pcpu-alloc: [0] 224 225 226 227 228 229 230 231 232 233 234 235 236 237 238 239 
[    0.224954] pcpu-alloc: [0] 240 241 242 243 244 245 246 247 248 249 250 251 252 253 254 255 
[    0.227918] SUN4V: Mondo queue sizes [cpu(131072) dev(16384) r(8192) nr(256)]
[    0.229360] Built 1 zonelists, mobility grouping on.  Total pages: 1037788
[    0.229787] Kernel command line: BOOT_IMAGE=/vmlinux-5.13.0-07637-g3dbdb38e2869 root=/dev/vdiska2 ro
[    0.231501] printk: log_buf_len individual max cpu contribution: 4096 bytes
[    0.231932] printk: log_buf_len total cpu_extra contributions: 1044480 bytes
[    0.232385] printk: log_buf_len min size: 131072 bytes
[    0.238139] printk: log_buf_len: 2097152 bytes
[    0.238299] printk: early log buf free: 126496(96%)
[    0.240183] Dentry cache hash table entries: 1048576 (order: 10, 8388608 bytes, linear)
[    0.241442] Inode-cache hash table entries: 524288 (order: 9, 4194304 bytes, linear)
[    0.241696] Sorting __ex_table...
[    0.242526] mem auto-init: stack:off, heap alloc:off, heap free:off
[    0.248731] Memory: 1260768K/8375936K available (8841K kernel code, 1712K rwdata, 2920K rodata, 632K init, 3135K bss, 205824K reserved, 0K cma-reserved)
[    0.249053] random: get_random_u64 called from kmem_cache_open+0x1c/0x340 with crng_init=0
[    0.251561] SLUB: HWalign=32, Order=0-3, MinObjects=0, CPUs=256, Nodes=1
[    0.252440] ftrace: allocating 27533 entries in 54 pages
[    0.268199] ftrace: allocated 54 pages with 4 groups
[    0.268579] trace event string verifier disabled
[    0.275370] rcu: Hierarchical RCU implementation.
[    0.275495] rcu: 	RCU debug extended QS entry/exit.
[    0.275607] 	Rude variant of Tasks RCU enabled.
[    0.275707] 	Tracing variant of Tasks RCU enabled.
[    0.275810] rcu: RCU calculated value of scheduler-enlistment delay is 26 jiffies.
[    0.302747] NR_IRQS: 2048, nr_irqs: 2048, preallocated irqs: 1
[    0.303272] SUN4V: Using IRQ API major 3, cookie only virqs enabled
[    0.321940] clocksource: stick: mask: 0xffffffffffffffff max_cycles: 0x1cd42e4dffb, max_idle_ns: 881590591483 ns
[    0.322256] clocksource: mult[800000] shift[23]
[    0.322387] clockevent: mult[80000000] shift[31]
[    0.323696] Console: colour dummy device 80x25
[    0.323832] printk: console [tty0] enabled
[    0.323989] printk: bootconsole [earlyprom0] disabled
[    0.324162] Lock dependency validator: Copyright (c) 2006 Red Hat, Inc., Ingo Molnar
[    0.324233] ... MAX_LOCKDEP_SUBCLASSES:  8
[    0.324276] ... MAX_LOCK_DEPTH:          48
[    0.324320] ... MAX_LOCKDEP_KEYS:        8192
[    0.324365] ... CLASSHASH_SIZE:          4096
[    0.324409] ... MAX_LOCKDEP_ENTRIES:     16384
[    0.324455] ... MAX_LOCKDEP_CHAINS:      32768
[    0.324500] ... CHAINHASH_SIZE:          16384
[    0.324545]  memory used by lock dependency info: 2603 kB
[    0.324597]  per task-struct memory footprint: 1920 bytes
[    0.402971] Calibrating delay using timer specific routine.. 2014.82 BogoMIPS (lpj=4029656)
[    0.403228] pid_max: default: 262144 minimum: 2048
[    0.405117] LSM: Security Framework initializing
[    0.406053] Mount-cache hash table entries: 16384 (order: 4, 131072 bytes, linear)
[    0.406327] Mountpoint-cache hash table entries: 16384 (order: 4, 131072 bytes, linear)
[    0.422382] rcu: Hierarchical SRCU implementation.
[    0.467217] smp: Bringing up secondary CPUs ...
[    0.515520] smp: Brought up 1 node, 16 CPUs
[    0.557088] node 0 deferred pages initialised in 40ms
[    0.557972] devtmpfs: initialized
[    0.560880] Performance events: 
[    0.560912] Testing NMI watchdog ... 
[    0.641030] OK.
[    0.641451] Supported PMU type is 'niagara5'
[    0.647288] ldc.c:v1.1 (July 22, 2008)
[    0.651635] clocksource: jiffies: mask: 0xffffffff max_cycles: 0xffffffff, max_idle_ns: 7645041785100000 ns
[    0.651929] futex hash table entries: 65536 (order: 10, 8388608 bytes, linear)
[    0.700429] NET: Registered PF_NETLINK/PF_ROUTE protocol family
[    0.715791] VIO: Adding device channel-devices (tx_ino = ffffffffffffffff, rx_ino = ffffffffffffffff)
[    0.716341] VIO: Adding device vnet-port-0-0 (tx_ino = 0, rx_ino = 1)
[    0.716702] VIO: Adding device vnet-port-0-1 (tx_ino = 2, rx_ino = 3)
[    0.717070] VIO: Adding device vnet-port-0-2 (tx_ino = 4, rx_ino = 5)
[    0.717482] VIO: Adding device vnet-port-0-3 (tx_ino = 6, rx_ino = 7)
[    0.717904] VIO: Adding device vnet-port-0-4 (tx_ino = 8, rx_ino = 9)
[    0.718396] VIO: Adding device vdc-port-2-0 (tx_ino = a, rx_ino = b)
[    0.718822] VIO: Adding device vdc-port-1-0 (tx_ino = c, rx_ino = d)
[    0.719306] VIO: Adding device vdc-port-0-0 (tx_ino = e, rx_ino = f)
[    0.719729] VIO: Adding device vlds-port-0-0 (tx_ino = 10, rx_ino = 11)
[    0.720170] VIO: Adding device domain-services-port-0 (tx_ino = 10, rx_ino = 11)
[    0.721255] audit: initializing netlink subsys (disabled)
[    0.722047] audit: type=2000 audit(0.392:1): state=initialized audit_enabled=0 res=1
[    0.803100] HugeTLB registered 64.0 KiB page size, pre-allocated 0 pages
[    0.803294] HugeTLB registered 8.00 MiB page size, pre-allocated 0 pages
[    0.803607] HugeTLB registered 256 MiB page size, pre-allocated 0 pages
[    0.803780] HugeTLB registered 2.00 GiB page size, pre-allocated 0 pages
[    2.507602] SUN4V: Reboot data supported (maj=1,min=0).
[    2.507954] ds.c:v1.0 (Jul 11, 2007)
[    2.508239] ds-0: ds_conn_reset() from send_events
[    2.508948] clocksource: Switched to clocksource stick
[    2.727235] VFS: Disk quotas dquot_6.6.0
[    2.727376] VFS: Dquot-cache hash table entries: 1024 (order 0, 8192 bytes)
[    2.738730] NET: Registered PF_INET protocol family
[    2.739122] IP idents hash table entries: 131072 (order: 7, 1048576 bytes, linear)
[    2.746725] tcp_listen_portaddr_hash hash table entries: 4096 (order: 5, 327680 bytes, linear)
[    2.747991] TCP established hash table entries: 65536 (order: 6, 524288 bytes, linear)
[    2.749536] TCP bind hash table entries: 65536 (order: 9, 4718592 bytes, linear)
[    2.784322] TCP: Hash tables configured (established 65536 bind 65536)
[    2.788662] UDP hash table entries: 4096 (order: 6, 655360 bytes, linear)
[    2.790836] UDP-Lite hash table entries: 4096 (order: 6, 655360 bytes, linear)
[    2.795997] NET: Registered PF_UNIX/PF_LOCAL protocol family
[    2.796066] NET: Registered PF_XDP protocol family
[    2.797008] Trying to unpack rootfs image as initramfs...
[    2.820314] Initialise system trusted keyrings
[    2.820749] workingset: timestamp_bits=46 max_order=20 bucket_order=0
[    2.844529] zbud: loaded
[    2.857354] SGI XFS with ACLs, security attributes, realtime, quota, no debug enabled
[    2.864029] Key type asymmetric registered
[    2.864075] Asymmetric key parser 'x509' registered
[    2.864147] Block layer SCSI generic (bsg) driver version 0.4 loaded (major 252)
[    2.864987] io scheduler mq-deadline registered
[    2.866374] f029b788: ttyHV0 at I/O 0x0 (irq = 1, base_baud = 115200) is a SUN4V HCONS
[    2.867076] printk: console [ttyHV0] enabled
[    2.868031] n2rng v0.3 (Jan 7, 2017)
[    2.868075] n2rng f029b104: Registered RNG HVAPI major 2 minor 0
[    2.868117] n2rng f029b104: Found multi-unit-capable RNG, units: 2
[    2.869311] n2rng f029b104: RNG ready
[    2.870104] sunvdc.c:v1.2 (November 24, 2014)
[    2.872457] sunvdc: Virtual Hard disk vdiskc
[    2.872491] sunvdc: vdiskc: 104857600 sectors (51200 MB) protocol 1.2
[    2.907118] sunvdc: Virtual Hard disk vdiskb
[    2.907176] sunvdc: vdiskb: 62914560 sectors (30720 MB) protocol 1.2
[    2.908334]  vdiskb: vdiskb1
[    2.936981] sunvdc: Virtual Hard disk vdiska
[    2.937028] sunvdc: vdiska: 31457280 sectors (15360 MB) protocol 1.2
[    2.938287]  vdiska: vdiska1 vdiska2 vdiska3 vdiska4
[    2.966042] rtc-sun4v rtc-sun4v: registered as rtc0
[    2.966134] rtc-sun4v rtc-sun4v: setting system clock to 2021-07-02T13:05:54 UTC (1625231154)
[    2.966518] rtc-test rtc-test.0: registered as rtc1
[    2.977734] rtc rtc2: invalid alarm value: 18446744073704833233-01-08T02:43:08
[    2.978211] rtc-test rtc-test.1: registered as rtc2
[    2.990302] rtc rtc3: invalid alarm value: 18446744073704833233-01-08T02:43:08
[    2.990581] rtc-test rtc-test.2: registered as rtc3
[    2.990979] softdog: initialized. soft_noboot=0 soft_margin=60 sec soft_panic=0 (nowayout=0)
[    2.991032] softdog:              soft_reboot_cmd=<not set> soft_active_on_boot=0
[    2.993201] NET: Registered PF_INET6 protocol family
[    3.140913] Freeing initrd memory: 27416K
[    3.185870] Segment Routing with IPv6
[    3.186094] mip6: Mobile IPv6
[    3.186156] NET: Registered PF_PACKET protocol family
[    3.199322] registered taskstats version 1
[    3.199481] Loading compiled-in X.509 certificates
[    3.215596] zswap: loaded using pool lzo/zbud
[    3.234665] This architecture does not have kernel memory protection.
[    3.234880] Run /init as init process
[    3.235001]   with arguments:
[    3.235030]     /init
[    3.235059]   with environment:
[    3.235085]     HOME=/
[    3.235112]     TERM=linux
[    3.235139]     BOOT_IMAGE=/vmlinux-5.13.0-07637-g3dbdb38e2869
[    4.792456] sunvnet_common: module verification failed: signature and/or required key missing - tainting kernel
[    4.795357] sunvnet: sunvnet 2.0 (February 3, 2017)
[    4.797869] vnet_port vnet-port-0-0 eth0: Sun LDOM vnet 00:14:4f:f8:12:a3
[    4.798109] sunvnet: eth0: PORT ( remote-mac 00:14:4f:fa:f3:f0 switch-port )
[    4.798633] sunvnet: eth0: PORT ( remote-mac 00:14:4f:f8:e5:f3 )
[    4.799006] sunvnet: eth0: PORT ( remote-mac 00:14:4f:f8:3f:1e )
[    4.799380] sunvnet: eth0: PORT ( remote-mac 00:14:4f:f9:b4:97 )
[    4.799818] sunvnet: eth0: PORT ( remote-mac 00:14:4f:f9:8b:83 )
[    4.813188] random: lvm: uninitialized urandom read (4 bytes read)
[    4.816279] crc32c_sparc64: Using sparc64 crc32c opcode optimized CRC32C implementation
[    4.861629] device-mapper: uevent: version 1.0.3
[    4.863424] device-mapper: ioctl: 4.45.0-ioctl (2021-03-22) initialised: dm-devel@redhat.com
[    4.874041] random: lvm: uninitialized urandom read (2 bytes read)
[    5.231933] xor: automatically using best checksumming function   Niagara   
[    5.300922] raid6: int64x8  gen()  2061 MB/s
[    5.368907] raid6: int64x8  xor()  1187 MB/s
[    5.436923] raid6: int64x4  gen()  2944 MB/s
[    5.504902] raid6: int64x4  xor()  1148 MB/s
[    5.573010] raid6: int64x2  gen()  1181 MB/s
[    5.640955] raid6: int64x2  xor()   498 MB/s
[    5.708918] raid6: int64x1  gen()   443 MB/s
[    5.777057] raid6: int64x1  xor()   421 MB/s
[    5.777173] raid6: using algorithm int64x4 gen() 2944 MB/s
[    5.777270] raid6: .... xor() 1148 MB/s, rmw enabled
[    5.777362] raid6: using intx1 recovery algorithm
[    6.014202] random: fast init done
[    6.151847] EXT4-fs (vdiska2): mounted filesystem with ordered data mode. Opts: (null). Quota mode: none.
[    8.154058] systemd[1]: Inserted module 'autofs4'
[    8.437851] systemd[1]: systemd 247.3-5 running in system mode. (+PAM +AUDIT +SELINUX +IMA +APPARMOR +SMACK +SYSVINIT +UTMP +LIBCRYPTSETUP +GCRYPT +GNUTLS +ACL +XZ +LZ4 +ZSTD -SECCOMP +BLKID +ELFUTILS +KMOD +IDN2 -IDN +PCRE2 default-hierarchy=unified)
[    8.438360] systemd[1]: Detected architecture sparc64.
[    8.482112] systemd[1]: Set hostname to <ttip>.
[    9.616669] random: lvmconfig: uninitialized urandom read (4 bytes read)
[   11.255564] systemd[1]: Queued start job for default target Multi-User System.
[   11.256669] random: systemd: uninitialized urandom read (16 bytes read)
[   11.272115] systemd[1]: Created slice system-getty.slice.
[   11.272752] random: systemd: uninitialized urandom read (16 bytes read)
[   11.278475] systemd[1]: Created slice system-modprobe.slice.
[   11.278794] random: systemd: uninitialized urandom read (16 bytes read)
[   11.284631] systemd[1]: Created slice system-openvpn\x2dclient.slice.
[   11.290724] systemd[1]: Created slice system-postfix.slice.
[   11.296542] systemd[1]: Created slice system-systemd\x2dfsck.slice.
[   11.302258] systemd[1]: Created slice User and Session Slice.
[   11.303013] systemd[1]: Started Dispatch Password Requests to Console Directory Watch.
[   11.303715] systemd[1]: Started Forward Password Requests to Wall Directory Watch.
[   11.306126] systemd[1]: Set up automount Arbitrary Executable File Formats File System Automount Point.
[   11.306602] systemd[1]: Reached target Local Encrypted Volumes.
[   11.307046] systemd[1]: Reached target Paths.
[   11.307416] systemd[1]: Reached target Slices.
[   11.308207] systemd[1]: Listening on Device-mapper event daemon FIFOs.
[   11.309036] systemd[1]: Listening on LVM2 poll daemon socket.
[   11.356827] systemd[1]: Listening on RPCbind Server Activation Socket.
[   11.365882] systemd[1]: Listening on Syslog Socket.
[   11.369841] systemd[1]: Listening on fsck to fsckd communication Socket.
[   11.372548] systemd[1]: Listening on initctl Compatibility Named Pipe.
[   11.375689] systemd[1]: Listening on Journal Audit Socket.
[   11.377396] systemd[1]: Listening on Journal Socket (/dev/log).
[   11.379146] systemd[1]: Listening on Journal Socket.
[   11.380686] systemd[1]: Listening on udev Control Socket.
[   11.381751] systemd[1]: Listening on udev Kernel Socket.
[   11.391788] systemd[1]: Mounting Huge Pages File System...
[   11.402620] systemd[1]: Mounting POSIX Message Queue File System...
[   11.411809] systemd[1]: Mounting RPC Pipe File System...
[   11.422391] systemd[1]: Mounting Kernel Debug File System...
[   11.433144] systemd[1]: Mounting Kernel Trace File System...
[   11.433897] systemd[1]: Condition check resulted in Kernel Module supporting RPCSEC_GSS being skipped.
[   11.434566] systemd[1]: Finished Availability of block devices.
[   11.444430] systemd[1]: Starting Wait for network to be configured by ifupdown...
[   11.454059] systemd[1]: Starting Create list of static device nodes for the current kernel...
[   11.463209] systemd[1]: Starting Monitoring of LVM2 mirrors, snapshots etc. using dmeventd or progress polling...
[   11.473845] systemd[1]: Starting Load Kernel Module configfs...
[   11.484722] systemd[1]: Starting Load Kernel Module drm...
[   11.496737] systemd[1]: Starting Load Kernel Module fuse...
[   11.506996] systemd[1]: Starting nftables...
[   11.544045] systemd[1]: Condition check resulted in Set Up Additional Binary Formats being skipped.
[   11.544439] systemd[1]: Condition check resulted in File System Check on Root Device being skipped.
[   11.562441] systemd[1]: Starting Journal Service...
[   11.662802] systemd[1]: Starting Load Kernel Modules...
[   11.673179] systemd[1]: Starting Remount Root and Kernel File Systems...
[   11.683519] systemd[1]: Starting Coldplug All udev Devices...
[   11.695023] systemd[1]: Mounted Huge Pages File System.
[   11.696078] systemd[1]: Mounted POSIX Message Queue File System.
[   11.696928] systemd[1]: Mounted Kernel Debug File System.
[   11.697725] systemd[1]: Mounted Kernel Trace File System.
[   11.701184] systemd[1]: Finished Wait for network to be configured by ifupdown.
[   11.704544] systemd[1]: Finished Create list of static device nodes for the current kernel.
[   11.707633] systemd[1]: Finished Monitoring of LVM2 mirrors, snapshots etc. using dmeventd or progress polling.
[   11.709795] systemd[1]: modprobe@configfs.service: Succeeded.
[   11.712407] systemd[1]: Finished Load Kernel Module configfs.
[   11.714568] systemd[1]: modprobe@drm.service: Succeeded.
[   11.717068] systemd[1]: Finished Load Kernel Module drm.
[   11.727834] systemd[1]: Mounting Kernel Configuration File System...
[   11.737273] systemd[1]: Mounted Kernel Configuration File System.
[   11.779149] systemd[1]: Finished Load Kernel Modules.
[   11.791740] systemd[1]: Starting Apply Kernel Variables...
[   11.792997] systemd[1]: Started Journal Service.
[   11.794518] EXT4-fs (vdiska2): re-mounted. Opts: errors=remount-ro. Quota mode: none.
[   11.947722] fuse: init (API version 7.33)
[   12.043300] systemd-journald[340]: Received client request to flush runtime journal.
[   12.592866] RPC: Registered named UNIX socket transport module.
[   12.592949] RPC: Registered udp transport module.
[   12.592974] RPC: Registered tcp transport module.
[   12.592998] RPC: Registered tcp NFSv4.1 backchannel transport module.
[   14.248450] sha1_sparc64: Using sparc64 sha1 opcode optimized SHA-1 implementation
[   14.303052] sha256_sparc64: Using sparc64 sha256 opcode optimized SHA-256/SHA-224 implementation
[   14.355193] sha512_sparc64: Using sparc64 sha512 opcode optimized SHA-512/SHA-384 implementation
[   14.365568] md5_sparc64: Using sparc64 md5 opcode optimized MD5 implementation
[   14.410921] aes_sparc64: Using sparc64 aes opcodes optimized AES implementation
[   14.468425] des_sparc64: Using sparc64 des opcodes optimized DES implementation
[   14.506754] camellia_sparc64: Using sparc64 camellia opcodes optimized CAMELLIA implementation
[   14.561246] XFS (dm-0): Mounting V5 Filesystem
[   14.577253] random: crng init done
[   14.577279] random: 4 urandom warning(s) missed due to ratelimiting
[   14.700075] Adding 787176k swap on /dev/vdiska4.  Priority:-2 extents:1 across:787176k FS
[   14.839567] XFS (dm-0): Ending clean mount
[   14.896014] xfs filesystem being mounted at /1 supports timestamps until 2038 (0x7fffffff)
[   15.384699] EXT4-fs (vdiska1): mounting ext3 file system using the ext4 subsystem
[   15.582555] EXT4-fs (vdiska1): mounted filesystem with ordered data mode. Opts: (null). Quota mode: none.
[   15.582779] ext3 filesystem being mounted at /boot supports timestamps until 2038 (0x7fffffff)
