[    0.000019] PROMLIB: Sun IEEE Boot Prom 'OBP 4.38.12 2018/03/28 14:54'
[    0.000032] PROMLIB: Root node compatible: sun4v
[    0.000081] Linux version 5.3.0-12974-gf1f2f614d535-dirty (mator@ttip.nvglabs.local) (gcc version 9.2.1 20190909 (Debian 9.2.1-8)) #1248 SMP Sat Sep 28 12:11:16 MSK 2019
[    0.000406] printk: bootconsole [earlyprom0] enabled
[    0.000459] ARCH: SUN4V
[    0.000510] Ethernet address: 00:14:4f:fa:06:f2
[    0.000564] MM: PAGE_OFFSET is 0xfff8000000000000 (max_phys_bits == 47)
[    0.000632] MM: VMALLOC [0x0000000100000000 --> 0x0006000000000000]
[    0.000694] MM: VMEMMAP [0x0006000000000000 --> 0x000c000000000000]
[    0.013406] Kernel: Using 6 locked TLB entries for main kernel image.
[    0.013476] Remapping the kernel... 
[    0.013502] done.
[    0.049578] OF stdout device is: /virtual-devices@100/console@1
[    0.049642] PROM: Built device tree with 87467 bytes of memory.
[    0.049705] MDESC: Size is 37248 bytes.
[    0.049826] PLATFORM: banner-name [SPARC T5-2]
[    0.049878] PLATFORM: name [ORCL,SPARC-T5-2]
[    0.049926] PLATFORM: hostid [84fa06f2]
[    0.049970] PLATFORM: serial# [0035260e]
[    0.050014] PLATFORM: stick-frequency [3b9aca00]
[    0.050063] PLATFORM: mac-address [144ffa06f2]
[    0.050111] PLATFORM: watchdog-resolution [1000 ms]
[    0.050163] PLATFORM: watchdog-max-timeout [31536000000 ms]
[    0.050220] PLATFORM: max-cpus [1024]
[    0.050289] Top of RAM: 0x24af936000, Total RAM: 0x87f352000
[    0.050351] Memory hole size: 115461MB
[    0.288505] Allocated 35708928 bytes for kernel page tables.
[    0.288614] Zone ranges:
[    0.288656]   Normal   [mem 0x0000000030400000-0x00000024af935fff]
[    0.288722] Movable zone start for each node
[    0.289769] Early memory node ranges
[    0.289810]   node   0: [mem 0x0000000030400000-0x000000006fe7ffff]
[    0.289876]   node   0: [mem 0x000000006ff00000-0x000000006ff25fff]
[    0.289935]   node   0: [mem 0x0000000070000000-0x000000042fffffff]
[    0.289999]   node   0: [mem 0x0000002030000000-0x00000024af87ffff]
[    0.290062]   node   0: [mem 0x00000024af900000-0x00000024af925fff]
[    0.290124]   node   0: [mem 0x00000024af930000-0x00000024af935fff]
[    0.297532] Zeroed struct page in unavailable ranges: 230130 pages
[    0.297540] Initmem setup node 0 [mem 0x0000000030400000-0x00000024af935fff]
[    0.297695] On node 0 totalpages: 4454825
[    0.297704]   Normal zone: 39154 pages used for memmap
[    0.297710]   Normal zone: 0 pages reserved
[    0.297715]   Normal zone: 4454825 pages, LIFO batch:31
[    0.308520] Booting Linux...
[    0.308607] CPU CAPS: [flush,stbar,swap,muldiv,v9,blkinit,n2,mul32]
[    0.308688] CPU CAPS: [div32,v8plus,popc,vis,vis2,ASIBlkInit,fmaf,vis3]
[    0.309767] CPU CAPS: [hpc,ima,pause,cbcond,aes,des,kasumi,camellia]
[    0.309840] CPU CAPS: [md5,sha1,sha256,sha512,mpmul,montmul,montsqr,crc32c]
[    0.343874] percpu: Embedded 27 pages/cpu s180808 r8192 d32184 u262144
[    0.344145] pcpu-alloc: s180808 r8192 d32184 u262144 alloc=1*4194304
[    0.344152] pcpu-alloc: [0] 000 001 002 003 004 005 006 007 008 009 010 011 012 013 014 015 
[    0.344180] pcpu-alloc: [0] 016 017 018 019 020 021 022 023 024 025 026 027 028 029 030 031 
[    0.344207] pcpu-alloc: [0] 032 033 034 035 036 037 038 039 040 041 042 043 044 045 046 047 
[    0.344234] pcpu-alloc: [0] 048 049 050 051 052 053 054 055 056 057 058 059 060 061 062 063 
[    0.344261] pcpu-alloc: [0] 064 065 066 067 068 069 070 071 072 073 074 075 076 077 078 079 
[    0.344288] pcpu-alloc: [0] 080 081 082 083 084 085 086 087 088 089 090 091 092 093 094 095 
[    0.344315] pcpu-alloc: [0] 096 097 098 099 100 101 102 103 104 105 106 107 108 109 110 111 
[    0.344342] pcpu-alloc: [0] 112 113 114 115 116 117 118 119 120 121 122 123 124 125 126 127 
[    0.344879] SUN4V: Mondo queue sizes [cpu(131072) dev(16384) r(8192) nr(256)]
[    0.345328] Built 1 zonelists, mobility grouping on.  Total pages: 4415671
[    0.345419] Kernel command line: BOOT_IMAGE=/vmlinux-5.3.0-12974-gf1f2f614d535-dirty root=/dev/vdiska2 ro zswap.enabled=1
[    0.347770] printk: log_buf_len individual max cpu contribution: 4096 bytes
[    0.347841] printk: log_buf_len total cpu_extra contributions: 520192 bytes
[    0.347907] printk: log_buf_len min size: 131072 bytes
[    0.348228] printk: log_buf_len: 1048576 bytes
[    0.348279] printk: early log buf free: 126624(96%)
[    0.357912] Dentry cache hash table entries: 8388608 (order: 13, 67108864 bytes, linear)
[    0.362827] Inode-cache hash table entries: 4194304 (order: 12, 33554432 bytes, linear)
[    0.362915] Sorting __ex_table...
[    0.363158] mem auto-init: stack:off, heap alloc:off, heap free:off
[    0.426557] Memory: 1305232K/35638600K available (7342K kernel code, 951K rwdata, 2168K rodata, 704K init, 12359K bss, 544592K reserved, 0K cma-reserved)
[    0.438811] SLUB: HWalign=32, Order=0-3, MinObjects=0, CPUs=128, Nodes=1
[    0.444019] ftrace: allocating 21109 entries in 42 pages
[    0.460262] Running RCU self tests
[    0.460329] rcu: Hierarchical RCU implementation.
[    0.460382] rcu: 	RCU event tracing is enabled.
[    0.460433] rcu: 	RCU lockdep checking is enabled.
[    0.460483] 	Tasks RCU enabled.
[    0.460521] rcu: RCU calculated value of scheduler-enlistment delay is 10 jiffies.
[    0.469597] NR_IRQS: 2048, nr_irqs: 2048, preallocated irqs: 1
[    0.470069] SUN4V: Using IRQ API major 3, cookie only virqs enabled
[    0.473896] clocksource: stick: mask: 0xffffffffffffffff max_cycles: 0x1cd42e4dffb, max_idle_ns: 881590591483 ns
[    0.474029] clocksource: mult[800000] shift[23]
[    0.474078] clockevent: mult[80000000] shift[31]
[    0.477819] Console: colour dummy device 80x25
[    0.477882] printk: console [tty0] enabled
[    0.477956] printk: bootconsole [earlyprom0] disabled
[    0.478040] Lock dependency validator: Copyright (c) 2006 Red Hat, Inc., Ingo Molnar
[    0.478088] ... MAX_LOCKDEP_SUBCLASSES:  8
[    0.478118] ... MAX_LOCK_DEPTH:          48
[    0.478147] ... MAX_LOCKDEP_KEYS:        8192
[    0.478178] ... CLASSHASH_SIZE:          4096
[    0.478209] ... MAX_LOCKDEP_ENTRIES:     16384
[    0.478240] ... MAX_LOCKDEP_CHAINS:      32768
[    0.478271] ... CHAINHASH_SIZE:          16384
[    0.478302]  memory used by lock dependency info: 3855 kB
[    0.478337]  memory used for stack traces: 2112 kB
[    0.478370]  per task-struct memory footprint: 1920 bytes
[    0.624477] Calibrating delay using timer specific routine.. 2009.05 BogoMIPS (lpj=10045250)
[    0.624546] pid_max: default: 131072 minimum: 1024
[    0.632104] LSM: Security Framework initializing
[    0.634147] AppArmor: AppArmor initialized
[    0.637253] Mount-cache hash table entries: 131072 (order: 7, 1048576 bytes, linear)
[    0.637495] Mountpoint-cache hash table entries: 131072 (order: 7, 1048576 bytes, linear)
[    0.639000] *** VALIDATE tmpfs ***
[    0.647957] *** VALIDATE proc ***
[    0.653659] *** VALIDATE cgroup1 ***
[    0.653693] *** VALIDATE cgroup2 ***
[    0.659747] rcu: Hierarchical SRCU implementation.
[    0.672362] smp: Bringing up secondary CPUs ...
[    0.746263] smp: Brought up 1 node, 32 CPUs
[    0.953084] node 0 initialised, 4223597 pages in 180ms
[    0.958329] devtmpfs: initialized
[    0.968762] Performance events: 
[    0.968833] Testing NMI watchdog ... 
[    1.169066] OK.
[    1.169243] Supported PMU type is 'niagara5'
[    1.170739] random: get_random_u32 called from bucket_table_alloc.isra.0+0x188/0x1c0 with crng_init=0
[    1.172114] ldc.c:v1.1 (July 22, 2008)
[    1.175557] clocksource: jiffies: mask: 0xffffffff max_cycles: 0xffffffff, max_idle_ns: 19112604462750000 ns
[    1.175652] futex hash table entries: 32768 (order: 9, 4194304 bytes, linear)
[    1.195759] NET: Registered protocol family 16
[    1.210051] VIO: Adding device channel-devices (tx_ino = ffffffffffffffff, rx_ino = ffffffffffffffff)
[    1.210355] VIO: Adding device vnet-port-0-0 (tx_ino = 0, rx_ino = 1)
[    1.210647] VIO: Adding device vnet-port-0-1 (tx_ino = 2, rx_ino = 3)
[    1.210903] VIO: Adding device vnet-port-0-2 (tx_ino = 4, rx_ino = 5)
[    1.211166] VIO: Adding device vnet-port-0-4 (tx_ino = 8, rx_ino = 9)
[    1.211414] VIO: Adding device vnet-port-0-5 (tx_ino = a, rx_ino = b)
[    1.211674] VIO: Adding device vnet-port-0-6 (tx_ino = c, rx_ino = d)
[    1.211923] VIO: Adding device vnet-port-0-3 (tx_ino = 6, rx_ino = 7)
[    1.212183] VIO: Adding device vdc-port-3-0 (tx_ino = e, rx_ino = f)
[    1.212437] VIO: Adding device vdc-port-2-0 (tx_ino = 10, rx_ino = 11)
[    1.212692] VIO: Adding device vdc-port-1-0 (tx_ino = 12, rx_ino = 13)
[    1.212940] VIO: Adding device vdc-port-0-0 (tx_ino = 14, rx_ino = 15)
[    1.213205] VIO: Adding device vdc-port-4-0 (tx_ino = 16, rx_ino = 17)
[    1.213454] VIO: Adding device vlds-port-0-0 (tx_ino = 18, rx_ino = 19)
[    1.213709] VIO: Adding device domain-services-port-0 (tx_ino = 18, rx_ino = 19)
[    1.214840] audit: initializing netlink subsys (disabled)
[    1.215338] audit: type=2000 audit(0.730:1): state=initialized audit_enabled=0 res=1
[    1.272058] HugeTLB registered 64.0 KiB page size, pre-allocated 0 pages
[    1.272115] HugeTLB registered 8.00 MiB page size, pre-allocated 0 pages
[    1.272160] HugeTLB registered 256 MiB page size, pre-allocated 0 pages
[    1.272205] HugeTLB registered 2.00 GiB page size, pre-allocated 0 pages
[    1.384636] NetLabel: Initializing
[    1.384676] NetLabel:  domain hash size = 128
[    1.384709] NetLabel:  protocols = UNLABELED CIPSOv4 CALIPSO
[    1.384963] NetLabel:  unlabeled traffic allowed by default
[    1.386262] SUN4V: Reboot data supported (maj=1,min=0).
[    1.387992] ds.c:v1.0 (Jul 11, 2007)
[    1.388553] ds-0: ds_conn_reset() from send_events.isra.0
[    1.389240] clocksource: Switched to clocksource stick
[    1.682037] *** VALIDATE bpf ***
[    1.690403] VFS: Disk quotas dquot_6.6.0
[    1.694964] VFS: Dquot-cache hash table entries: 1024 (order 0, 8192 bytes)
[    1.695360] *** VALIDATE ramfs ***
[    1.696067] *** VALIDATE hugetlbfs ***
[    1.709075] AppArmor: AppArmor Filesystem Enabled
[    1.735231] NET: Registered protocol family 2
[    1.746153] tcp_listen_portaddr_hash hash table entries: 32768 (order: 8, 2359296 bytes, linear)
[    1.749904] TCP established hash table entries: 524288 (order: 9, 4194304 bytes, linear)
[    1.752143] TCP bind hash table entries: 65536 (order: 9, 4194304 bytes, linear)
[    1.758519] TCP: Hash tables configured (established 524288 bind 65536)
[    1.763278] UDP hash table entries: 32768 (order: 9, 5242880 bytes, linear)
[    1.770192] UDP-Lite hash table entries: 32768 (order: 9, 5242880 bytes, linear)
[    1.785886] NET: Registered protocol family 1
[    1.785974] NET: Registered protocol family 44
[    1.786732] Trying to unpack rootfs image as initramfs...
[    2.116976] Freeing initrd memory: 10480K
[    2.147653] workingset: timestamp_bits=46 max_order=23 bucket_order=0
[    2.194544] SGI XFS with ACLs, security attributes, debug enabled
[    2.240116] Block layer SCSI generic (bsg) driver version 0.4 loaded (major 252)
[    2.242090] io scheduler mq-deadline registered
[    2.249238] f029b788: ttyHV0 at I/O 0x0 (irq = 1, base_baud = 115200) is a SUN4V HCONS
[    2.255842] printk: console [ttyHV0] enabled
[    2.263823] sunvdc.c:v1.2 (November 24, 2014)
[    2.279696] sunvdc: Virtual CDROM vdiskd
[    2.279766] sunvdc: vdiskd: 403160 sectors (196 MB) protocol 1.2
[    2.284441]  vdiskd: vdiskd1 vdiskd2 vdiskd3 vdiskd4 vdiskd5 vdiskd6 vdiskd7
[    2.338849] sunvdc: Virtual Hard disk vdiskc
[    2.338902] sunvdc: vdiskc: 104857600 sectors (51200 MB) protocol 1.2
[    2.384980] sunvdc: Virtual Hard disk vdiskb
[    2.385034] sunvdc: vdiskb: 62914560 sectors (30720 MB) protocol 1.2
[    2.388394]  vdiskb: vdiskb1
[    2.432605] sunvdc: Virtual Hard disk vdiska
[    2.432659] sunvdc: vdiska: 31457280 sectors (15360 MB) protocol 1.2
[    2.436108]  vdiska: vdiska1 vdiska2 vdiska3 vdiska4
[    2.485034] sunvdc: Virtual Hard disk vdiske
[    2.485087] sunvdc: vdiske: 20971520 sectors (10240 MB) protocol 1.2
[    2.497905]  vdiske: vdiske1 vdiske2 vdiske3
[    2.529516] sunvnet: sunvnet 2.0 (February 3, 2017)
[    2.535306] vnet_port vnet-port-0-0 eth0: Sun LDOM vnet 00:14:4f:f8:12:a3
[    2.535628] sunvnet: eth0: PORT ( remote-mac 00:14:4f:fa:f3:f0 switch-port )
[    2.537451] sunvnet: eth0: PORT ( remote-mac 00:14:4f:f8:e5:f3 )
[    2.539288] sunvnet: eth0: PORT ( remote-mac 00:14:4f:f9:b4:97 )
[    2.541112] sunvnet: eth0: PORT ( remote-mac 00:14:4f:f8:3f:1e )
[    2.542875] sunvnet: eth0: PORT ( remote-mac 00:14:4f:f8:fe:47 )
[    2.544714] sunvnet: eth0: PORT ( remote-mac 00:14:4f:f9:8b:83 )
[    2.546494] sunvnet: eth0: PORT ( remote-mac 00:14:4f:f9:6c:d1 )
[    2.548418] rtc-sun4v rtc-sun4v: registered as rtc0
[    2.549319] sun4v_wdt: initialized (timeout=60s, nowayout=0)
[    2.550398] device-mapper: uevent: version 1.0.3
[    2.552888] device-mapper: ioctl: 4.41.0-ioctl (2019-09-16) initialised: dm-devel@redhat.com
[    2.554688] NET: Registered protocol family 17
[    2.555593] registered taskstats version 1
[    2.565564] zswap: default zpool zbud not available
[    2.565630] zswap: pool creation failed
[    2.566629] kmemleak: Kernel memory leak detector initialized (mem pool available: 6234)
[    2.566641] kmemleak: Automatic memory scanning thread started
[    2.617258] Key type big_key registered
[    2.617331] AppArmor: AppArmor sha1 policy hashing enabled
[    2.618336] rtc-sun4v rtc-sun4v: setting system clock to 2019-09-28T09:29:43 UTC (1569662983)
[    2.627462] This architecture does not have kernel memory protection.
[    2.627511] Run /init as init process
[    3.463834] crc32c_sparc64: Using sparc64 crc32c opcode optimized CRC32C implementation
[    3.481650] random: fast init done
[    3.999156] raid6: int64x8  gen()  2149 MB/s
[    4.169119] raid6: int64x8  xor()  1568 MB/s
[    4.339144] raid6: int64x4  gen()  3475 MB/s
[    4.509124] raid6: int64x4  xor()  2001 MB/s
[    4.679181] raid6: int64x2  gen()  2632 MB/s
[    4.849126] raid6: int64x2  xor()  1993 MB/s
[    5.019144] raid6: int64x1  gen()  2812 MB/s
[    5.189108] raid6: int64x1  xor()  1622 MB/s
[    5.189152] raid6: using algorithm int64x4 gen() 3475 MB/s
[    5.189198] raid6: .... xor() 2001 MB/s, rmw enabled
[    5.189237] raid6: using intx1 recovery algorithm
[    5.190697] async_tx: api initialized (async)
[    5.191729] xor: automatically using best checksumming function   Niagara   
[    5.474307] EXT4-fs (vdiska2): mounted filesystem with ordered data mode. Opts: (null)
[    7.679284] systemd[1]: Inserted module 'autofs4'
[    7.824881] NET: Registered protocol family 10
[    7.840821] Segment Routing with IPv6
[    7.933303] systemd[1]: systemd 242 running in system mode. (+PAM +AUDIT +SELINUX +IMA +APPARMOR +SMACK +SYSVINIT +UTMP +LIBCRYPTSETUP +GCRYPT +GNUTLS +ACL +XZ +LZ4 -SECCOMP +BLKID +ELFUTILS +KMOD +IDN2 -IDN +PCRE2 default-hierarchy=hybrid)
[    7.933982] systemd[1]: Detected architecture sparc64.
[    8.094822] systemd[1]: Set hostname to <ttip.nvglabs.local>.
[    8.111647] systemd[1]: Failed to bump fs.file-max, ignoring: Invalid argument
[    9.220376] random: lvmconfig: uninitialized urandom read (4 bytes read)
[   10.508477] systemd[1]: /lib/systemd/system/dbus.socket:4: ListenStream= references a path below legacy directory /var/run/, updating /var/run/dbus/system_bus_socket → /run/dbus/system_bus_socket; please update the unit file accordingly.
[   10.899648] systemd[1]: /lib/systemd/system/pcscd.socket:4: ListenStream= references a path below legacy directory /var/run/, updating /var/run/pcscd/pcscd.comm → /run/pcscd/pcscd.comm; please update the unit file accordingly.
[   10.953576] random: systemd: uninitialized urandom read (16 bytes read)
[   10.987412] systemd[1]: Created slice system-getty.slice.
[   10.988562] random: systemd: uninitialized urandom read (16 bytes read)
[   10.990603] systemd[1]: Listening on udev Control Socket.
[   10.991161] random: systemd: uninitialized urandom read (16 bytes read)
[   10.991883] systemd[1]: Listening on Device-mapper event daemon FIFOs.
[   11.006602] systemd[1]: Created slice system-systemd\x2dfsck.slice.
[   11.472551] EXT4-fs (vdiska2): re-mounted. Opts: errors=remount-ro
[   11.898124] systemd-journald[470]: Received request to flush runtime journal from PID 1
[   13.194914] sha1_sparc64: Using sparc64 sha1 opcode optimized SHA-1 implementation
[   13.240414] sha256_sparc64: Using sparc64 sha256 opcode optimized SHA-256/SHA-224 implementation
[   13.283387] sha512_sparc64: Using sparc64 sha512 opcode optimized SHA-512/SHA-384 implementation
[   13.335508] md5_sparc64: Using sparc64 md5 opcode optimized MD5 implementation
[   13.391694] n2rng v0.3 (Jan 7, 2017)
[   13.391879] n2rng f029b104: Registered RNG HVAPI major 2 minor 0
[   13.392035] n2rng f029b104: Found multi-unit-capable RNG, units: 2
[   13.394003] n2rng f029b104: RNG ready
[   13.428056] aes_sparc64: Using sparc64 aes opcodes optimized AES implementation
[   13.705956] des_sparc64: Using sparc64 des opcodes optimized DES implementation
[   13.801990] camellia_sparc64: Using sparc64 camellia opcodes optimized CAMELLIA implementation
[   13.860308] pktcdvd: setup of pktcdvd device failed
[   13.955115] pktcdvd: setup of pktcdvd device failed
[   13.976296] pktcdvd: setup of pktcdvd device failed
[   13.998632] pktcdvd: setup of pktcdvd device failed
[   14.021647] pktcdvd: setup of pktcdvd device failed
[   14.039814] pktcdvd: setup of pktcdvd device failed
[   14.059884] pktcdvd: setup of pktcdvd device failed
[   14.077422] pktcdvd: setup of pktcdvd device failed
[   16.784355] XFS (dm-0): Mounting V5 Filesystem
[   17.097399] XFS (dm-0): Ending clean mount
[   17.149255] Adding 787176k swap on /dev/vdiska4.  Priority:-2 extents:1 across:787176k FS
[   17.171106] Mounted xfs file system at /1 supports timestamps until 2038 (0x7fffffff)
[   17.475568] EXT4-fs (vdiska1): mounting ext3 file system using the ext4 subsystem
[   17.502837] EXT4-fs (vdiska1): mounted filesystem with ordered data mode. Opts: (null)
[   17.504713] Mounted ext3 file system at /boot supports timestamps until 2038 (0x7fffffff)
[   18.699612] Kernel unaligned access at TPC[864058] aa_dfa_unpack+0x38/0x5a0
[   18.699737] Kernel unaligned access at TPC[864078] aa_dfa_unpack+0x58/0x5a0
[   18.699793] Kernel unaligned access at TPC[864130] aa_dfa_unpack+0x110/0x5a0
[   18.699860] Kernel unaligned access at TPC[864210] aa_dfa_unpack+0x1f0/0x5a0
[   18.699915] Kernel unaligned access at TPC[864224] aa_dfa_unpack+0x204/0x5a0
[   19.672366] random: crng init done
[   19.672423] random: 6 urandom warning(s) missed due to ratelimiting
[   22.587221] tun: Universal TUN/TAP device driver, 1.6

[   24.811817] ======================================================
[   24.811825] WARNING: possible circular locking dependency detected
[   24.811835] 5.3.0-12974-gf1f2f614d535-dirty #1248 Not tainted
[   24.811842] ------------------------------------------------------
[   24.811849] iptables-restor/921 is trying to acquire lock:
[   24.811857] 00000000105ce120 (&table[i].mutex){+.+.}, at: nfnl_lock+0x24/0x40 [nfnetlink]
[   24.811878] 
               but task is already holding lock:
[   24.811885] 0000000000e0e4a0 (&net->nft.commit_mutex){+.+.}, at: nf_tables_valid_genid+0x10/0x60 [nf_tables]
[   24.811910] 
               which lock already depends on the new lock.

[   24.811918] 
               the existing dependency chain (in reverse order) is:
[   24.811926] 
               -> #1 (&net->nft.commit_mutex){+.+.}:
[   24.811943]        __mutex_lock+0xac/0x980
[   24.811951]        mutex_lock_nested+0x1c/0x40
[   24.811961]        nf_tables_valid_genid+0x10/0x60 [nf_tables]
[   24.811970]        nfnetlink_rcv_batch+0x228/0x620 [nfnetlink]
[   24.811978]        nfnetlink_rcv+0x110/0x140 [nfnetlink]
[   24.811988]        netlink_unicast+0x128/0x200
[   24.811995]        netlink_sendmsg+0x334/0x380
[   24.812007]        sock_sendmsg+0x34/0x80
[   24.812014]        ___sys_sendmsg+0x234/0x260
[   24.812021]        __sys_sendmsg+0x48/0x80
[   24.812027]        sys_sendmsg+0x18/0x40
[   24.812038]        linux_sparc_syscall+0x34/0x44
[   24.812044] 
               -> #0 (&table[i].mutex){+.+.}:
[   24.812058]        __lock_acquire+0x1af0/0x2500
[   24.812065]        lock_acquire+0x1a4/0x1c0
[   24.812071]        __mutex_lock+0xac/0x980
[   24.812078]        mutex_lock_nested+0x1c/0x40
[   24.812085]        nfnl_lock+0x24/0x40 [nfnetlink]
[   24.812096]        ip_set_nfnl_get_byindex+0x18c/0x280 [ip_set]
[   24.812106]        set_match_v1_checkentry+0x14/0xc0 [xt_set]
[   24.812119]        xt_check_match+0x23c/0x280 [x_tables]
[   24.812130]        __nft_match_init+0x160/0x180 [nft_compat]
[   24.812137]        nft_match_init+0x18/0x40 [nft_compat]
[   24.812148]        nf_tables_newrule+0x50c/0x780 [nf_tables]
[   24.812155]        nfnetlink_rcv_batch+0x3d0/0x620 [nfnetlink]
[   24.812163]        nfnetlink_rcv+0x110/0x140 [nfnetlink]
[   24.812170]        netlink_unicast+0x128/0x200
[   24.812177]        netlink_sendmsg+0x334/0x380
[   24.812184]        sock_sendmsg+0x34/0x80
[   24.812190]        ___sys_sendmsg+0x234/0x260
[   24.812197]        __sys_sendmsg+0x48/0x80
[   24.812203]        sys_sendmsg+0x18/0x40
[   24.812210]        linux_sparc_syscall+0x34/0x44
[   24.812215] 
               other info that might help us debug this:

[   24.812223]  Possible unsafe locking scenario:

[   24.812230]        CPU0                    CPU1
[   24.812236]        ----                    ----
[   24.812241]   lock(&net->nft.commit_mutex);
[   24.812248]                                lock(&table[i].mutex);
[   24.812255]                                lock(&net->nft.commit_mutex);
[   24.812263]   lock(&table[i].mutex);
[   24.812270] 
                *** DEADLOCK ***

[   24.812278] 1 lock held by iptables-restor/921:
[   24.812283]  #0: 0000000000e0e4a0 (&net->nft.commit_mutex){+.+.}, at: nf_tables_valid_genid+0x10/0x60 [nf_tables]
[   24.812300] 
               stack backtrace:
[   24.812309] CPU: 24 PID: 921 Comm: iptables-restor Not tainted 5.3.0-12974-gf1f2f614d535-dirty #1248
[   24.812317] Call Trace:
[   24.812324]  [00000000004cec5c] print_circular_bug.isra.0+0x1bc/0x1e0
[   24.812332]  [00000000004cee98] check_noncircular+0x218/0x240
[   24.812339]  [00000000004d37b0] __lock_acquire+0x1af0/0x2500
[   24.812347]  [00000000004d4b44] lock_acquire+0x1a4/0x1c0
[   24.812354]  [0000000000b289ec] __mutex_lock+0xac/0x980
[   24.812361]  [0000000000b292dc] mutex_lock_nested+0x1c/0x40
[   24.812369]  [00000000105cc024] nfnl_lock+0x24/0x40 [nfnetlink]
[   24.812378]  [00000000105d92ac] ip_set_nfnl_get_byindex+0x18c/0x280 [ip_set]
[   24.812386]  [00000000106525b4] set_match_v1_checkentry+0x14/0xc0 [xt_set]
[   24.812396]  [000000001036489c] xt_check_match+0x23c/0x280 [x_tables]
[   24.812404]  [0000000010640c40] __nft_match_init+0x160/0x180 [nft_compat]
[   24.812412]  [0000000010640cf8] nft_match_init+0x18/0x40 [nft_compat]
[   24.812423]  [00000000105f7d6c] nf_tables_newrule+0x50c/0x780 [nf_tables]
[   24.812431]  [00000000105cc890] nfnetlink_rcv_batch+0x3d0/0x620 [nfnetlink]
[   24.812440]  [00000000105ccbf0] nfnetlink_rcv+0x110/0x140 [nfnetlink]
[   24.812447]  [0000000000a21fe8] netlink_unicast+0x128/0x200
