[    0.000018] PROMLIB: Sun IEEE Boot Prom 'OBP 4.38.12 2018/03/28 14:54'
[    0.000030] PROMLIB: Root node compatible: sun4v
[    0.000074] Linux version 5.3.0-rc5-00125-g5f97cbe22b76 (mator@ttip) (gcc version 8.3.0 (Debian 8.3.0-21)) #1191 SMP Tue Aug 20 16:17:36 MSK 2019
[    0.000378] printk: bootconsole [earlyprom0] enabled
[    0.000430] ARCH: SUN4V
[    0.000479] Ethernet address: 00:14:4f:fa:06:f2
[    0.000532] MM: PAGE_OFFSET is 0xfff8000000000000 (max_phys_bits == 47)
[    0.000595] MM: VMALLOC [0x0000000100000000 --> 0x0006000000000000]
[    0.000659] MM: VMEMMAP [0x0006000000000000 --> 0x000c000000000000]
[    0.012091] Kernel: Using 5 locked TLB entries for main kernel image.
[    0.012160] Remapping the kernel... 
[    0.012184] done.
[    0.047237] OF stdout device is: /virtual-devices@100/console@1
[    0.047301] PROM: Built device tree with 87467 bytes of memory.
[    0.047362] MDESC: Size is 37248 bytes.
[    0.047482] PLATFORM: banner-name [SPARC T5-2]
[    0.047533] PLATFORM: name [ORCL,SPARC-T5-2]
[    0.047579] PLATFORM: hostid [84fa06f2]
[    0.047622] PLATFORM: serial# [0035260e]
[    0.047665] PLATFORM: stick-frequency [3b9aca00]
[    0.047714] PLATFORM: mac-address [144ffa06f2]
[    0.047762] PLATFORM: watchdog-resolution [1000 ms]
[    0.047812] PLATFORM: watchdog-max-timeout [31536000000 ms]
[    0.047870] PLATFORM: max-cpus [1024]
[    0.047939] Top of RAM: 0x24af938000, Total RAM: 0x87f354000
[    0.047999] Memory hole size: 115461MB
[    0.100710] kmemleak: Kernel memory leak detector disabled
[    0.281200] Allocated 35708928 bytes for kernel page tables.
[    0.281300] Zone ranges:
[    0.281341]   Normal   [mem 0x0000000030400000-0x00000024af937fff]
[    0.281405] Movable zone start for each node
[    0.281450] Early memory node ranges
[    0.281490]   node   0: [mem 0x0000000030400000-0x000000006fe7ffff]
[    0.281554]   node   0: [mem 0x000000006ff00000-0x000000006ff25fff]
[    0.281615]   node   0: [mem 0x0000000070000000-0x000000042fffffff]
[    0.281678]   node   0: [mem 0x0000002030000000-0x00000024af87ffff]
[    0.281744]   node   0: [mem 0x00000024af900000-0x00000024af925fff]
[    0.281806]   node   0: [mem 0x00000024af930000-0x00000024af937fff]
[    0.289154] Zeroed struct page in unavailable ranges: 230130 pages
[    0.289162] Initmem setup node 0 [mem 0x0000000030400000-0x00000024af937fff]
[    0.289319] On node 0 totalpages: 4454826
[    0.289328]   Normal zone: 39154 pages used for memmap
[    0.289334]   Normal zone: 0 pages reserved
[    0.289340]   Normal zone: 4454826 pages, LIFO batch:31
[    0.296999] Booting Linux...
[    0.297084] CPU CAPS: [flush,stbar,swap,muldiv,v9,blkinit,n2,mul32]
[    0.297167] CPU CAPS: [div32,v8plus,popc,vis,vis2,ASIBlkInit,fmaf,vis3]
[    0.297245] CPU CAPS: [hpc,ima,pause,cbcond,aes,des,kasumi,camellia]
[    0.297319] CPU CAPS: [md5,sha1,sha256,sha512,mpmul,montmul,montsqr,crc32c]
[    0.330612] percpu: Embedded 27 pages/cpu s180296 r8192 d32696 u262144
[    0.330850] pcpu-alloc: s180296 r8192 d32696 u262144 alloc=1*4194304
[    0.330857] pcpu-alloc: [0] 000 001 002 003 004 005 006 007 008 009 010 011 012 013 014 015 
[    0.330884] pcpu-alloc: [0] 016 017 018 019 020 021 022 023 024 025 026 027 028 029 030 031 
[    0.330911] pcpu-alloc: [0] 032 033 034 035 036 037 038 039 040 041 042 043 044 045 046 047 
[    0.330938] pcpu-alloc: [0] 048 049 050 051 052 053 054 055 056 057 058 059 060 061 062 063 
[    0.330964] pcpu-alloc: [0] 064 065 066 067 068 069 070 071 072 073 074 075 076 077 078 079 
[    0.330990] pcpu-alloc: [0] 080 081 082 083 084 085 086 087 088 089 090 091 092 093 094 095 
[    0.331017] pcpu-alloc: [0] 096 097 098 099 100 101 102 103 104 105 106 107 108 109 110 111 
[    0.331044] pcpu-alloc: [0] 112 113 114 115 116 117 118 119 120 121 122 123 124 125 126 127 
[    0.331578] SUN4V: Mondo queue sizes [cpu(131072) dev(16384) r(8192) nr(256)]
[    0.332019] Built 1 zonelists, mobility grouping on.  Total pages: 4415672
[    0.332108] Kernel command line: BOOT_IMAGE=/vmlinux-5.3.0-rc5-00125-g5f97cbe22b76 root=/dev/vdiska2 ro zswap.enabled=1
[    0.334401] printk: log_buf_len individual max cpu contribution: 4096 bytes
[    0.334470] printk: log_buf_len total cpu_extra contributions: 520192 bytes
[    0.334537] printk: log_buf_len min size: 131072 bytes
[    0.334858] printk: log_buf_len: 1048576 bytes
[    0.334909] printk: early log buf free: 126584(96%)
[    0.344528] Dentry cache hash table entries: 8388608 (order: 13, 67108864 bytes, linear)
[    0.349425] Inode-cache hash table entries: 4194304 (order: 12, 33554432 bytes, linear)
[    0.349505] Sorting __ex_table...
[    0.349733] mem auto-init: stack:off, heap alloc:off, heap free:off
[    0.410414] Memory: 1305232K/35638608K available (7219K kernel code, 945K rwdata, 2136K rodata, 1016K init, 6667K bss, 539000K reserved, 0K cma-reserved)
[    0.414462] SLUB: HWalign=32, Order=0-3, MinObjects=0, CPUs=128, Nodes=1
[    0.416051] ftrace: allocating 21033 entries in 42 pages
[    0.428706] Running RCU self tests
[    0.428752] rcu: Hierarchical RCU implementation.
[    0.428802] rcu: 	RCU event tracing is enabled.
[    0.428850] rcu: 	RCU lockdep checking is enabled.
[    0.428901] 	Tasks RCU enabled.
[    0.428938] rcu: RCU calculated value of scheduler-enlistment delay is 10 jiffies.
[    0.433662] NR_IRQS: 2048, nr_irqs: 2048, preallocated irqs: 1
[    0.433868] SUN4V: Using IRQ API major 3, cookie only virqs enabled
[    0.437434] clocksource: stick: mask: 0xffffffffffffffff max_cycles: 0x1cd42e4dffb, max_idle_ns: 881590591483 ns
[    0.437565] clocksource: mult[800000] shift[23]
[    0.437614] clockevent: mult[80000000] shift[31]
[    0.439191] Console: colour dummy device 80x25
[    0.439254] printk: console [tty0] enabled
[    0.439330] printk: bootconsole [earlyprom0] disabled
[    0.439417] Lock dependency validator: Copyright (c) 2006 Red Hat, Inc., Ingo Molnar
[    0.439466] ... MAX_LOCKDEP_SUBCLASSES:  8
[    0.439496] ... MAX_LOCK_DEPTH:          48
[    0.439526] ... MAX_LOCKDEP_KEYS:        8192
[    0.439557] ... CLASSHASH_SIZE:          4096
[    0.439587] ... MAX_LOCKDEP_ENTRIES:     16384
[    0.439619] ... MAX_LOCKDEP_CHAINS:      32768
[    0.439650] ... CHAINHASH_SIZE:          16384
[    0.439681]  memory used by lock dependency info: 3855 kB
[    0.439717]  per task-struct memory footprint: 1920 bytes
[    0.440053] kmemleak: Early log buffer exceeded (2001), please increase DEBUG_KMEMLEAK_EARLY_LOG_SIZE
[    0.587834] Calibrating delay using timer specific routine.. 2003.84 BogoMIPS (lpj=10019227)
[    0.587891] pid_max: default: 131072 minimum: 1024
[    0.589901] LSM: Security Framework initializing
[    0.590606] Smack:  Initializing.
[    0.590633] Smack:  IPv6 port labeling enabled.
[    0.591609] Mount-cache hash table entries: 131072 (order: 7, 1048576 bytes, linear)
[    0.591845] Mountpoint-cache hash table entries: 131072 (order: 7, 1048576 bytes, linear)
[    0.594897] *** VALIDATE proc ***
[    0.596391] *** VALIDATE cgroup1 ***
[    0.596424] *** VALIDATE cgroup2 ***
[    0.599305] rcu: Hierarchical SRCU implementation.
[    0.607196] smp: Bringing up secondary CPUs ...
[    0.656793] smp: Brought up 1 node, 32 CPUs
[    0.848724] node 0 initialised, 4224297 pages in 190ms
[    0.850555] devtmpfs: initialized
[    0.855174] Performance events: 
[    0.855232] Testing NMI watchdog ... 
[    1.055454] OK.
[    1.055622] Supported PMU type is 'niagara5'
[    1.056045] random: get_random_u32 called from bucket_table_alloc.isra.4+0x184/0x1c0 with crng_init=0
[    1.056819] ldc.c:v1.1 (July 22, 2008)
[    1.059402] clocksource: jiffies: mask: 0xffffffff max_cycles: 0xffffffff, max_idle_ns: 19112604462750000 ns
[    1.059532] futex hash table entries: 32768 (order: 9, 4194304 bytes, linear)
[    1.067505] NET: Registered protocol family 16
[    1.075490] VIO: Adding device channel-devices (tx_ino = ffffffffffffffff, rx_ino = ffffffffffffffff)
[    1.075738] VIO: Adding device vnet-port-0-0 (tx_ino = 0, rx_ino = 1)
[    1.075934] VIO: Adding device vnet-port-0-1 (tx_ino = 2, rx_ino = 3)
[    1.076107] VIO: Adding device vnet-port-0-2 (tx_ino = 4, rx_ino = 5)
[    1.076271] VIO: Adding device vnet-port-0-4 (tx_ino = 8, rx_ino = 9)
[    1.076434] VIO: Adding device vnet-port-0-5 (tx_ino = a, rx_ino = b)
[    1.076602] VIO: Adding device vnet-port-0-6 (tx_ino = c, rx_ino = d)
[    1.076765] VIO: Adding device vnet-port-0-3 (tx_ino = 6, rx_ino = 7)
[    1.076928] VIO: Adding device vdc-port-3-0 (tx_ino = e, rx_ino = f)
[    1.077096] VIO: Adding device vdc-port-2-0 (tx_ino = 10, rx_ino = 11)
[    1.077259] VIO: Adding device vdc-port-1-0 (tx_ino = 12, rx_ino = 13)
[    1.077421] VIO: Adding device vdc-port-0-0 (tx_ino = 14, rx_ino = 15)
[    1.077591] VIO: Adding device vdc-port-4-0 (tx_ino = 16, rx_ino = 17)
[    1.077755] VIO: Adding device vlds-port-0-0 (tx_ino = 18, rx_ino = 19)
[    1.077921] VIO: Adding device domain-services-port-0 (tx_ino = 18, rx_ino = 19)
[    1.078332] audit: initializing netlink subsys (disabled)
[    1.078608] audit: type=2000 audit(0.630:1): state=initialized audit_enabled=0 res=1
[    1.105050] HugeTLB registered 64.0 KiB page size, pre-allocated 0 pages
[    1.105098] HugeTLB registered 8.00 MiB page size, pre-allocated 0 pages
[    1.105144] HugeTLB registered 256 MiB page size, pre-allocated 0 pages
[    1.105188] HugeTLB registered 2.00 GiB page size, pre-allocated 0 pages
[    1.131205] alg: No test for lzo-rle (lzo-rle-generic)
[    1.131690] alg: No test for lzo-rle (lzo-rle-scomp)
[    1.164420] NetLabel: Initializing
[    1.164459] NetLabel:  domain hash size = 128
[    1.164492] NetLabel:  protocols = UNLABELED CIPSOv4 CALIPSO
[    1.164619] NetLabel:  unlabeled traffic allowed by default
[    1.165632] SUN4V: Reboot data supported (maj=1,min=0).
[    1.166328] ds.c:v1.0 (Jul 11, 2007)
[    1.166771] ds-0: ds_conn_reset() from send_events.isra.3
[    1.168297] clocksource: Switched to clocksource stick
[    1.398583] VFS: Disk quotas dquot_6.6.0
[    1.399332] VFS: Dquot-cache hash table entries: 1024 (order 0, 8192 bytes)
[    1.399697] *** VALIDATE hugetlbfs ***
[    1.416606] NET: Registered protocol family 2
[    1.420036] tcp_listen_portaddr_hash hash table entries: 32768 (order: 8, 2359296 bytes, linear)
[    1.423304] TCP established hash table entries: 524288 (order: 9, 4194304 bytes, linear)
[    1.425514] TCP bind hash table entries: 65536 (order: 9, 4194304 bytes, linear)
[    1.431777] TCP: Hash tables configured (established 524288 bind 65536)
[    1.434769] UDP hash table entries: 32768 (order: 9, 5242880 bytes, linear)
[    1.441482] UDP-Lite hash table entries: 32768 (order: 9, 5242880 bytes, linear)
[    1.451246] NET: Registered protocol family 1
[    1.452839] Trying to unpack rootfs image as initramfs...
[    1.757841] Freeing initrd memory: 10424K
[    1.774142] workingset: timestamp_bits=46 max_order=23 bucket_order=0
[    1.796227] SGI XFS with ACLs, security attributes, debug enabled
[    1.821909] Block layer SCSI generic (bsg) driver version 0.4 loaded (major 252)
[    1.822963] io scheduler mq-deadline registered
[    1.824801] f029b788: ttyHV0 at I/O 0x0 (irq = 1, base_baud = 115200) is a SUN4V HCONS
[    1.831564] printk: console [ttyHV0] enabled
[    1.835460] sunvdc.c:v1.2 (November 24, 2014)
[    1.839293] sunvdc: Virtual CDROM vdiskd
[    1.839336] sunvdc: vdiskd: 403160 sectors (196 MB) protocol 1.2
[    1.840656]  vdiskd: vdiskd1 vdiskd2 vdiskd3 vdiskd4 vdiskd5 vdiskd6 vdiskd7
[    1.867342] sunvdc: Virtual Hard disk vdiskc
[    1.867383] sunvdc: vdiskc: 104857600 sectors (51200 MB) protocol 1.2
[    1.891619] sunvdc: Virtual Hard disk vdiskb
[    1.891661] sunvdc: vdiskb: 62914560 sectors (30720 MB) protocol 1.2
[    1.899176]  vdiskb: vdiskb1
[    1.923133] sunvdc: Virtual Hard disk vdiska
[    1.923173] sunvdc: vdiska: 31457280 sectors (15360 MB) protocol 1.2
[    1.923873]  vdiska: vdiska1 vdiska2 vdiska3 vdiska4
[    1.948985] sunvdc: Virtual Hard disk vdiske
[    1.949026] sunvdc: vdiske: 20971520 sectors (10240 MB) protocol 1.2
[    1.950457]  vdiske: vdiske1 vdiske2 vdiske3
[    1.971493] sunvnet: sunvnet 2.0 (February 3, 2017)
[    1.973877] vnet_port vnet-port-0-0 eth0: Sun LDOM vnet 00:14:4f:f8:12:a3
[    1.974105] sunvnet: eth0: PORT ( remote-mac 00:14:4f:fa:f3:f0 switch-port )
[    1.974735] sunvnet: eth0: PORT ( remote-mac 00:14:4f:f8:e5:f3 )
[    1.975376] sunvnet: eth0: PORT ( remote-mac 00:14:4f:f9:b4:97 )
[    1.976001] sunvnet: eth0: PORT ( remote-mac 00:14:4f:f8:3f:1e )
[    1.976616] sunvnet: eth0: PORT ( remote-mac 00:14:4f:f8:fe:47 )
[    1.977233] sunvnet: eth0: PORT ( remote-mac 00:14:4f:f9:8b:83 )
[    1.977864] sunvnet: eth0: PORT ( remote-mac 00:14:4f:f9:6c:d1 )
[    1.979163] rtc-sun4v rtc-sun4v: registered as rtc0
[    1.979744] sun4v_wdt: initialized (timeout=60s, nowayout=0)
[    1.980123] device-mapper: uevent: version 1.0.3
[    1.981163] device-mapper: ioctl: 4.40.0-ioctl (2019-01-18) initialised: dm-devel@redhat.com
[    1.982419] NET: Registered protocol family 17
[    1.991574] zswap: default zpool zbud not available
[    1.991627] zswap: pool creation failed
[    2.031337] Key type big_key registered
[    2.032275] rtc-sun4v rtc-sun4v: setting system clock to 2019-08-20T14:28:22 UTC (1566311302)
[    2.036355] This architecture does not have kernel memory protection.
[    2.036404] Run /init as init process
[    2.594256] crc32c_sparc64: Using sparc64 crc32c opcode optimized CRC32C implementation
[    2.807837] random: fast init done
[    3.228205] raid6: int64x8  gen()  2150 MB/s
[    3.398188] raid6: int64x8  xor()  1568 MB/s
[    3.568204] raid6: int64x4  gen()  3474 MB/s
[    3.738185] raid6: int64x4  xor()  1984 MB/s
[    3.908192] raid6: int64x2  gen()  2875 MB/s
[    4.078183] raid6: int64x2  xor()  1992 MB/s
[    4.248202] raid6: int64x1  gen()  2810 MB/s
[    4.418190] raid6: int64x1  xor()  1625 MB/s
[    4.418226] raid6: using algorithm int64x4 gen() 3474 MB/s
[    4.418266] raid6: .... xor() 1984 MB/s, rmw enabled
[    4.418304] raid6: using intx1 recovery algorithm
[    4.419322] async_tx: api initialized (async)
[    4.419936] xor: automatically using best checksumming function   Niagara   
[    4.641890] EXT4-fs (vdiska2): mounted filesystem with ordered data mode. Opts: (null)
[    6.698632] systemd[1]: Inserted module 'autofs4'
[    6.711339] NET: Registered protocol family 10
[    6.717857] Segment Routing with IPv6
[    6.793623] systemd[1]: systemd 241 running in system mode. (+PAM +AUDIT +SELINUX +IMA +APPARMOR +SMACK +SYSVINIT +UTMP +LIBCRYPTSETUP +GCRYPT +GNUTLS +ACL +XZ +LZ4 -SECCOMP +BLKID +ELFUTILS +KMOD -IDN2 +IDN +PCRE2 default-hierarchy=hybrid)
[    6.794216] systemd[1]: Detected architecture sparc64.
[    6.839225] systemd[1]: Set hostname to <ttip>.
[    6.842999] systemd[1]: Failed to bump fs.file-max, ignoring: Invalid argument
[   14.559499] random: lvmconfig: uninitialized urandom read (4 bytes read)
[   15.709668] systemd[1]: /lib/systemd/system/smbd.service:9: PIDFile= references path below legacy directory /var/run/, updating /var/run/samba/smbd.pid → /run/samba/smbd.pid; please update the unit file accordingly.
[   15.716347] systemd[1]: /lib/systemd/system/nmbd.service:9: PIDFile= references path below legacy directory /var/run/, updating /var/run/samba/nmbd.pid → /run/samba/nmbd.pid; please update the unit file accordingly.
[   16.051337] random: systemd: uninitialized urandom read (16 bytes read)
[   16.068127] random: systemd: uninitialized urandom read (16 bytes read)
[   16.078668] systemd[1]: Created slice system-systemd\x2dfsck.slice.
[   16.079549] random: systemd: uninitialized urandom read (16 bytes read)
[   16.079638] systemd[1]: Reached target Remote File Systems.
[   16.084651] systemd[1]: Created slice User and Session Slice.
[   16.088801] systemd[1]: Created slice system-postfix.slice.
[   16.094225] systemd[1]: Created slice system-openvpn\x2dclient.slice.
[   16.095561] systemd[1]: Listening on fsck to fsckd communication Socket.
[   16.096574] systemd[1]: Started Forward Password Requests to Wall Directory Watch.
[   16.097583] systemd[1]: Listening on initctl Compatibility Named Pipe.
[   16.292990] EXT4-fs (vdiska2): re-mounted. Opts: errors=remount-ro
[   16.552937] systemd-journald[434]: Received request to flush runtime journal from PID 1
[   17.919639] sha1_sparc64: Using sparc64 sha1 opcode optimized SHA-1 implementation
[   17.950823] sha256_sparc64: Using sparc64 sha256 opcode optimized SHA-256/SHA-224 implementation
[   17.974304] sha512_sparc64: Using sparc64 sha512 opcode optimized SHA-512/SHA-384 implementation
[   17.988952] md5_sparc64: Using sparc64 md5 opcode optimized MD5 implementation
[   18.134297] aes_sparc64: Using sparc64 aes opcodes optimized AES implementation
[   18.213736] n2rng v0.3 (Jan 7, 2017)
[   18.213828] n2rng f029b104: Registered RNG HVAPI major 2 minor 0
[   18.213909] n2rng f029b104: Found multi-unit-capable RNG, units: 2
[   18.215050] n2rng f029b104: RNG ready
[   18.312958] des_sparc64: Using sparc64 des opcodes optimized DES implementation
[   18.393521] camellia_sparc64: Using sparc64 camellia opcodes optimized CAMELLIA implementation
[   19.627240] XFS (dm-0): Mounting V5 Filesystem
[   19.833672] XFS (dm-0): Ending clean mount
[   21.758236] Adding 787176k swap on /dev/vdiska4.  Priority:-2 extents:1 across:787176k FS
[   21.828007] EXT4-fs (vdiska1): mounting ext3 file system using the ext4 subsystem
[   21.844058] EXT4-fs (vdiska1): mounted filesystem with ordered data mode. Opts: (null)
[   23.054888] random: crng init done
[   23.054945] random: 6 urandom warning(s) missed due to ratelimiting
[   26.623011] tun: Universal TUN/TAP device driver, 1.6

[   27.178688] ======================================================
[   27.178696] WARNING: possible circular locking dependency detected
[   27.178705] 5.3.0-rc5-00125-g5f97cbe22b76 #1191 Not tainted
[   27.178712] ------------------------------------------------------
[   27.178719] iptables-restor/864 is trying to acquire lock:
[   27.178729] 000000007afa77ac (&table[i].mutex){+.+.}, at: nfnl_lock+0x24/0x40 [nfnetlink]
[   27.178751] 
               but task is already holding lock:
[   27.178759] 00000000e08dbfbd (&net->nft.commit_mutex){+.+.}, at: nf_tables_valid_genid+0x10/0x60 [nf_tables]
[   27.178781] 
               which lock already depends on the new lock.

[   27.178789] 
               the existing dependency chain (in reverse order) is:
[   27.178797] 
               -> #1 (&net->nft.commit_mutex){+.+.}:
[   27.178815]        __mutex_lock+0xac/0x960
[   27.178822]        mutex_lock_nested+0x1c/0x40
[   27.178832]        nf_tables_valid_genid+0x10/0x60 [nf_tables]
[   27.178841]        nfnetlink_rcv_batch+0x244/0x620 [nfnetlink]
[   27.178849]        nfnetlink_rcv+0x110/0x140 [nfnetlink]
[   27.178860]        netlink_unicast+0x128/0x1e0
[   27.178867]        netlink_sendmsg+0x334/0x380
[   27.178876]        sock_sendmsg+0x34/0x80
[   27.178883]        ___sys_sendmsg+0x238/0x260
[   27.178890]        __sys_sendmsg+0x4c/0x80
[   27.178896]        sys_sendmsg+0x18/0x40
[   27.178909]        linux_sparc_syscall+0x34/0x44
[   27.178915] 
               -> #0 (&table[i].mutex){+.+.}:
[   27.178928]        __lock_acquire+0x1cf8/0x27c0
[   27.178935]        lock_acquire+0x1a4/0x1c0
[   27.178941]        __mutex_lock+0xac/0x960
[   27.178948]        mutex_lock_nested+0x1c/0x40
[   27.178955]        nfnl_lock+0x24/0x40 [nfnetlink]
[   27.178967]        ip_set_nfnl_get_byindex+0x198/0x280 [ip_set]
[   27.178977]        set_match_v1_checkentry+0x14/0xc0 [xt_set]
[   27.178989]        xt_check_match+0x238/0x260 [x_tables]
[   27.178999]        __nft_match_init+0x160/0x180 [nft_compat]
[   27.179006]        nft_match_init+0x18/0x40 [nft_compat]
[   27.179016]        nf_tables_newrule+0x558/0x7a0 [nf_tables]
[   27.179024]        nfnetlink_rcv_batch+0x3ec/0x620 [nfnetlink]
[   27.179032]        nfnetlink_rcv+0x110/0x140 [nfnetlink]
[   27.179039]        netlink_unicast+0x128/0x1e0
[   27.179045]        netlink_sendmsg+0x334/0x380
[   27.179052]        sock_sendmsg+0x34/0x80
[   27.179058]        ___sys_sendmsg+0x238/0x260
[   27.179065]        __sys_sendmsg+0x4c/0x80
[   27.179071]        sys_sendmsg+0x18/0x40
[   27.179078]        linux_sparc_syscall+0x34/0x44
[   27.179084] 
               other info that might help us debug this:

[   27.179092]  Possible unsafe locking scenario:

[   27.179098]        CPU0                    CPU1
[   27.179103]        ----                    ----
[   27.179108]   lock(&net->nft.commit_mutex);
[   27.179115]                                lock(&table[i].mutex);
[   27.179122]                                lock(&net->nft.commit_mutex);
[   27.179130]   lock(&table[i].mutex);
[   27.179136] 
                *** DEADLOCK ***

[   27.179144] 1 lock held by iptables-restor/864:
[   27.179150]  #0: 00000000e08dbfbd (&net->nft.commit_mutex){+.+.}, at: nf_tables_valid_genid+0x10/0x60 [nf_tables]
[   27.179166] 
               stack backtrace:
[   27.179174] CPU: 8 PID: 864 Comm: iptables-restor Not tainted 5.3.0-rc5-00125-g5f97cbe22b76 #1191
[   27.179183] Call Trace:
[   27.179189]  [00000000004cfa44] print_circular_bug+0x304/0x320
[   27.179196]  [00000000004cfc74] check_noncircular+0x214/0x240
[   27.179204]  [00000000004d4ab8] __lock_acquire+0x1cf8/0x27c0
[   27.179211]  [00000000004d5ee4] lock_acquire+0x1a4/0x1c0
[   27.179218]  [0000000000b095ec] __mutex_lock+0xac/0x960
[   27.179226]  [0000000000b09ebc] mutex_lock_nested+0x1c/0x40
[   27.179233]  [0000000010632024] nfnl_lock+0x24/0x40 [nfnetlink]
[   27.179242]  [000000001063e8d8] ip_set_nfnl_get_byindex+0x198/0x280 [ip_set]
[   27.179250]  [00000000106a45d4] set_match_v1_checkentry+0x14/0xc0 [xt_set]
[   27.179259]  [000000001031ce98] xt_check_match+0x238/0x260 [x_tables]
[   27.179267]  [0000000010692c00] __nft_match_init+0x160/0x180 [nft_compat]
[   27.179275]  [0000000010692cb8] nft_match_init+0x18/0x40 [nft_compat]
[   27.179286]  [000000001066f818] nf_tables_newrule+0x558/0x7a0 [nf_tables]
[   27.179294]  [00000000106331ec] nfnetlink_rcv_batch+0x3ec/0x620 [nfnetlink]
[   27.179302]  [0000000010633530] nfnetlink_rcv+0x110/0x140 [nfnetlink]
[   27.179310]  [0000000000a0e108] netlink_unicast+0x128/0x1e0
