[    0.000018] PROMLIB: Sun IEEE Boot Prom 'OBP 4.38.12 2018/03/28 14:54'
[    0.000030] PROMLIB: Root node compatible: sun4v
[    0.000079] Linux version 5.4.0-08836-g81b6b96475ac (mator@ttip.nvglabs.local) (gcc version 9.2.1 20191109 (Debian 9.2.1-19)) #1309 SMP Fri Nov 29 16:48:47 MSK 2019
[    0.000418] printk: bootconsole [earlyprom0] enabled
[    0.000470] ARCH: SUN4V
[    0.000520] Ethernet address: 00:14:4f:fa:06:f2
[    0.000572] MM: PAGE_OFFSET is 0xfff8000000000000 (max_phys_bits == 47)
[    0.000638] MM: VMALLOC [0x0000000100000000 --> 0x0006000000000000]
[    0.000700] MM: VMEMMAP [0x0006000000000000 --> 0x000c000000000000]
[    0.012276] Kernel: Using 5 locked TLB entries for main kernel image.
[    0.012345] Remapping the kernel... 
[    0.012372] done.
[    0.045912] OF stdout device is: /virtual-devices@100/console@1
[    0.045976] PROM: Built device tree with 88003 bytes of memory.
[    0.046038] MDESC: Size is 36960 bytes.
[    0.046152] PLATFORM: banner-name [SPARC T5-2]
[    0.046203] PLATFORM: name [ORCL,SPARC-T5-2]
[    0.046250] PLATFORM: hostid [84fa06f2]
[    0.046293] PLATFORM: serial# [0035260e]
[    0.046335] PLATFORM: stick-frequency [3b9aca00]
[    0.046383] PLATFORM: mac-address [144ffa06f2]
[    0.046431] PLATFORM: watchdog-resolution [1000 ms]
[    0.046481] PLATFORM: watchdog-max-timeout [31536000000 ms]
[    0.046538] PLATFORM: max-cpus [1024]
[    0.046626] Top of RAM: 0x24af938000, Total RAM: 0x87f354000
[    0.046688] Memory hole size: 115461MB
[    0.051344] Allocated 40960 bytes for kernel page tables.
[    0.051433] Zone ranges:
[    0.051472]   Normal   [mem 0x0000000030400000-0x00000024af937fff]
[    0.051534] Movable zone start for each node
[    0.051580] Early memory node ranges
[    0.051620]   node   0: [mem 0x0000000030400000-0x000000006fe7ffff]
[    0.051684]   node   0: [mem 0x000000006ff00000-0x000000006ff25fff]
[    0.051746]   node   0: [mem 0x0000000070000000-0x000000042fffffff]
[    0.051809]   node   0: [mem 0x0000002030000000-0x00000024af87ffff]
[    0.051871]   node   0: [mem 0x00000024af900000-0x00000024af925fff]
[    0.051933]   node   0: [mem 0x00000024af930000-0x00000024af937fff]
[    0.059309] Zeroed struct page in unavailable ranges: 230130 pages
[    0.059318] Initmem setup node 0 [mem 0x0000000030400000-0x00000024af937fff]
[    0.059475] On node 0 totalpages: 4454826
[    0.059484]   Normal zone: 39154 pages used for memmap
[    0.059489]   Normal zone: 0 pages reserved
[    0.059495]   Normal zone: 4454826 pages, LIFO batch:31
[    0.070316] Booting Linux...
[    0.070399] CPU CAPS: [flush,stbar,swap,muldiv,v9,blkinit,n2,mul32]
[    0.070481] CPU CAPS: [div32,v8plus,popc,vis,vis2,ASIBlkInit,fmaf,vis3]
[    0.070555] CPU CAPS: [hpc,ima,pause,cbcond,aes,des,kasumi,camellia]
[    0.070627] CPU CAPS: [md5,sha1,sha256,sha512,mpmul,montmul,montsqr,crc32c]
[    0.100529] percpu: Embedded 27 pages/cpu s182024 r8192 d30968 u262144
[    0.100758] pcpu-alloc: s182024 r8192 d30968 u262144 alloc=1*4194304
[    0.100765] pcpu-alloc: [0] 000 001 002 003 004 005 006 007 008 009 010 011 012 013 014 015 
[    0.100792] pcpu-alloc: [0] 016 017 018 019 020 021 022 023 024 025 026 027 028 029 030 031 
[    0.100819] pcpu-alloc: [0] 032 033 034 035 036 037 038 039 040 041 042 043 044 045 046 047 
[    0.100846] pcpu-alloc: [0] 048 049 050 051 052 053 054 055 056 057 058 059 060 061 062 063 
[    0.100873] pcpu-alloc: [0] 064 065 066 067 068 069 070 071 072 073 074 075 076 077 078 079 
[    0.100900] pcpu-alloc: [0] 080 081 082 083 084 085 086 087 088 089 090 091 092 093 094 095 
[    0.100926] pcpu-alloc: [0] 096 097 098 099 100 101 102 103 104 105 106 107 108 109 110 111 
[    0.100953] pcpu-alloc: [0] 112 113 114 115 116 117 118 119 120 121 122 123 124 125 126 127 
[    0.101476] SUN4V: Mondo queue sizes [cpu(131072) dev(16384) r(8192) nr(256)]
[    0.101847] Built 1 zonelists, mobility grouping on.  Total pages: 4415672
[    0.101935] Kernel command line: BOOT_IMAGE=/vmlinux-5.4.0-08836-g81b6b96475ac root=/dev/vdiska2 ro zswap.enabled=1
[    0.104292] printk: log_buf_len individual max cpu contribution: 4096 bytes
[    0.104362] printk: log_buf_len total cpu_extra contributions: 520192 bytes
[    0.104429] printk: log_buf_len min size: 131072 bytes
[    0.104703] printk: log_buf_len: 1048576 bytes
[    0.104753] printk: early log buf free: 126640(96%)
[    0.111069] Dentry cache hash table entries: 8388608 (order: 13, 67108864 bytes, linear)
[    0.114305] Inode-cache hash table entries: 4194304 (order: 12, 33554432 bytes, linear)
[    0.114381] Sorting __ex_table...
[    0.114624] mem auto-init: stack:off, heap alloc:off, heap free:off
[    0.172085] Memory: 1305232K/35638608K available (7538K kernel code, 970K rwdata, 2208K rodata, 704K init, 6740K bss, 504416K reserved, 0K cma-reserved)
[    0.172783] SLUB: HWalign=32, Order=0-3, MinObjects=0, CPUs=128, Nodes=1
[    0.173086] ftrace: allocating 21330 entries in 42 pages
[    0.181102] ftrace: allocated 42 pages with 3 groups
[    0.183899] Running RCU self tests
[    0.183944] rcu: Hierarchical RCU implementation.
[    0.183994] rcu: 	RCU event tracing is enabled.
[    0.184041] rcu: 	RCU lockdep checking is enabled.
[    0.184092] 	Tasks RCU enabled.
[    0.184129] rcu: RCU calculated value of scheduler-enlistment delay is 10 jiffies.
[    0.188382] NR_IRQS: 2048, nr_irqs: 2048, preallocated irqs: 1
[    0.188459] SUN4V: Using IRQ API major 3, cookie only virqs enabled
[    0.190909] clocksource: stick: mask: 0xffffffffffffffff max_cycles: 0x1cd42e4dffb, max_idle_ns: 881590591483 ns
[    0.191037] clocksource: mult[800000] shift[23]
[    0.191086] clockevent: mult[80000000] shift[31]
[    0.191611] Console: colour dummy device 80x25
[    0.191673] printk: console [tty0] enabled
[    0.191751] printk: bootconsole [earlyprom0] disabled
[    0.191836] Lock dependency validator: Copyright (c) 2006 Red Hat, Inc., Ingo Molnar
[    0.191885] ... MAX_LOCKDEP_SUBCLASSES:  8
[    0.191915] ... MAX_LOCK_DEPTH:          48
[    0.191945] ... MAX_LOCKDEP_KEYS:        8192
[    0.191976] ... CLASSHASH_SIZE:          4096
[    0.192007] ... MAX_LOCKDEP_ENTRIES:     16384
[    0.192039] ... MAX_LOCKDEP_CHAINS:      32768
[    0.192070] ... CHAINHASH_SIZE:          16384
[    0.192101]  memory used by lock dependency info: 3855 kB
[    0.192137]  memory used for stack traces: 2112 kB
[    0.192169]  per task-struct memory footprint: 1920 bytes
[    0.341336] Calibrating delay using timer specific routine.. 2004.04 BogoMIPS (lpj=10020211)
[    0.341403] pid_max: default: 131072 minimum: 1024
[    0.341687] LSM: Security Framework initializing
[    0.341931] AppArmor: AppArmor initialized
[    0.342204] Mount-cache hash table entries: 131072 (order: 7, 1048576 bytes, linear)
[    0.342368] Mountpoint-cache hash table entries: 131072 (order: 7, 1048576 bytes, linear)
[    0.342500] *** VALIDATE tmpfs ***
[    0.343364] *** VALIDATE proc ***
[    0.343864] *** VALIDATE cgroup1 ***
[    0.343896] *** VALIDATE cgroup2 ***
[    0.345969] rcu: Hierarchical SRCU implementation.
[    0.353887] smp: Bringing up secondary CPUs ...
[    0.397054] smp: Brought up 1 node, 32 CPUs
[    0.588030] node 0 initialised, 4228620 pages in 190ms
[    0.589373] devtmpfs: initialized
[    0.593960] Performance events: 
[    0.594002] Testing NMI watchdog ... 
[    0.794072] OK.
[    0.794175] Supported PMU type is 'niagara5'
[    0.794354] random: get_random_u32 called from bucket_table_alloc.isra.0+0x188/0x1c0 with crng_init=0
[    0.794964] ldc.c:v1.1 (July 22, 2008)
[    0.797251] clocksource: jiffies: mask: 0xffffffff max_cycles: 0xffffffff, max_idle_ns: 19112604462750000 ns
[    0.797337] futex hash table entries: 32768 (order: 9, 4194304 bytes, linear)
[    0.802344] NET: Registered protocol family 16
[    0.810586] VIO: Adding device channel-devices (tx_ino = ffffffffffffffff, rx_ino = ffffffffffffffff)
[    0.810792] VIO: Adding device vnet-port-0-0 (tx_ino = 0, rx_ino = 1)
[    0.810990] VIO: Adding device vnet-port-0-1 (tx_ino = 2, rx_ino = 3)
[    0.811154] VIO: Adding device vnet-port-0-2 (tx_ino = 4, rx_ino = 5)
[    0.811324] VIO: Adding device vnet-port-0-4 (tx_ino = 8, rx_ino = 9)
[    0.811488] VIO: Adding device vnet-port-0-5 (tx_ino = a, rx_ino = b)
[    0.811652] VIO: Adding device vnet-port-0-6 (tx_ino = c, rx_ino = d)
[    0.811815] VIO: Adding device vdc-port-3-0 (tx_ino = e, rx_ino = f)
[    0.811984] VIO: Adding device vdc-port-2-0 (tx_ino = 10, rx_ino = 11)
[    0.812149] VIO: Adding device vdc-port-1-0 (tx_ino = 12, rx_ino = 13)
[    0.812313] VIO: Adding device vdc-port-0-0 (tx_ino = 14, rx_ino = 15)
[    0.812481] VIO: Adding device vdc-port-4-0 (tx_ino = 16, rx_ino = 17)
[    0.812647] VIO: Adding device vlds-port-0-0 (tx_ino = 18, rx_ino = 19)
[    0.812814] VIO: Adding device domain-services-port-0 (tx_ino = 18, rx_ino = 19)
[    0.813093] audit: initializing netlink subsys (disabled)
[    0.813352] audit: type=2000 audit(0.420:1): state=initialized audit_enabled=0 res=1
[    0.837594] HugeTLB registered 64.0 KiB page size, pre-allocated 0 pages
[    0.837641] HugeTLB registered 8.00 MiB page size, pre-allocated 0 pages
[    0.837691] HugeTLB registered 256 MiB page size, pre-allocated 0 pages
[    0.837737] HugeTLB registered 2.00 GiB page size, pre-allocated 0 pages
[    0.839326] alg: extra crypto tests enabled.  This is intended for developer use only.
[    0.864640] cryptd: max_cpu_qlen set to 1000
[    0.962213] NetLabel: Initializing
[    0.962243] NetLabel:  domain hash size = 128
[    0.962278] NetLabel:  protocols = UNLABELED CIPSOv4 CALIPSO
[    0.962410] NetLabel:  unlabeled traffic allowed by default
[    0.963356] SUN4V: Reboot data supported (maj=1,min=0).
[    0.963707] ds.c:v1.0 (Jul 11, 2007)
[    0.964039] ds-0: ds_conn_reset() from send_events.isra.0
[    0.965531] clocksource: Switched to clocksource stick
[    1.163385] *** VALIDATE bpf ***
[    1.164476] VFS: Disk quotas dquot_6.6.0
[    1.164605] VFS: Dquot-cache hash table entries: 1024 (order 0, 8192 bytes)
[    1.164822] *** VALIDATE ramfs ***
[    1.164870] *** VALIDATE hugetlbfs ***
[    1.166442] AppArmor: AppArmor Filesystem Enabled
[    1.180048] NET: Registered protocol family 2
[    1.181665] tcp_listen_portaddr_hash hash table entries: 32768 (order: 8, 2359296 bytes, linear)
[    1.184572] TCP established hash table entries: 524288 (order: 9, 4194304 bytes, linear)
[    1.186606] TCP bind hash table entries: 65536 (order: 9, 4194304 bytes, linear)
[    1.192110] TCP: Hash tables configured (established 524288 bind 65536)
[    1.194521] UDP hash table entries: 32768 (order: 9, 5242880 bytes, linear)
[    1.201050] UDP-Lite hash table entries: 32768 (order: 9, 5242880 bytes, linear)
[    1.209133] NET: Registered protocol family 1
[    1.209193] NET: Registered protocol family 44
[    1.209721] Trying to unpack rootfs image as initramfs...
[    1.491399] Freeing initrd memory: 10496K
[    1.492066] aes_sparc64: Using sparc64 aes opcodes optimized AES implementation
[    1.758791] des_sparc64: Using sparc64 des opcodes optimized DES implementation
[    2.243818] camellia_sparc64: Using sparc64 camellia opcodes optimized CAMELLIA implementation
[    2.431296] workingset: timestamp_bits=46 max_order=23 bucket_order=0
[    2.451222] SGI XFS with ACLs, security attributes, debug enabled
[    2.470823] Block layer SCSI generic (bsg) driver version 0.4 loaded (major 252)
[    2.471570] io scheduler mq-deadline registered
[    2.474211] f029b788: ttyHV0 at I/O 0x0 (irq = 1, base_baud = 115200) is a SUN4V HCONS
[    2.481168] printk: console [ttyHV0] enabled
[    2.484592] sunvdc.c:v1.2 (November 24, 2014)
[    2.486132] sunvdc: Virtual CDROM vdiskd
[    2.486174] sunvdc: vdiskd: 403160 sectors (196 MB) protocol 1.2
[    2.487859]  vdiskd: vdiskd1 vdiskd2 vdiskd3 vdiskd4 vdiskd5 vdiskd6 vdiskd7
[    2.507860] sunvdc: Virtual Hard disk vdiskc
[    2.507900] sunvdc: vdiskc: 104857600 sectors (51200 MB) protocol 1.2
[    2.527009] sunvdc: Virtual Hard disk vdiskb
[    2.527051] sunvdc: vdiskb: 62914560 sectors (30720 MB) protocol 1.2
[    2.528274]  vdiskb: vdiskb1
[    2.546350] sunvdc: Virtual Hard disk vdiska
[    2.546389] sunvdc: vdiska: 31457280 sectors (15360 MB) protocol 1.2
[    2.547678]  vdiska: vdiska1 vdiska2 vdiska3 vdiska4
[    2.566947] sunvdc: Virtual Hard disk vdiske
[    2.566987] sunvdc: vdiske: 20971520 sectors (10240 MB) protocol 1.2
[    2.569055]  vdiske: vdiske1 vdiske2 vdiske3
[    2.586842] sunvnet: sunvnet 2.0 (February 3, 2017)
[    2.588942] vnet_port vnet-port-0-0 eth0: Sun LDOM vnet 00:14:4f:f8:12:a3
[    2.589158] sunvnet: eth0: PORT ( remote-mac 00:14:4f:fa:f3:f0 switch-port )
[    2.589516] sunvnet: eth0: PORT ( remote-mac 00:14:4f:f8:e5:f3 )
[    2.589854] sunvnet: eth0: PORT ( remote-mac 00:14:4f:f9:b4:97 )
[    2.590216] sunvnet: eth0: PORT ( remote-mac 00:14:4f:f8:3f:1e )
[    2.590557] sunvnet: eth0: PORT ( remote-mac 00:14:4f:f8:fe:47 )
[    2.590906] sunvnet: eth0: PORT ( remote-mac 00:14:4f:f9:8b:83 )
[    2.592083] rtc-sun4v rtc-sun4v: registered as rtc0
[    2.592621] sun4v_wdt: initialized (timeout=60s, nowayout=0)
[    2.592863] device-mapper: uevent: version 1.0.3
[    2.593819] device-mapper: ioctl: 4.41.0-ioctl (2019-09-16) initialised: dm-devel@redhat.com
[    2.594823] NET: Registered protocol family 17
[    2.595390] registered taskstats version 1
[    2.602750] zswap: default zpool zbud not available
[    2.602805] zswap: pool creation failed
[    2.789336] Key type big_key registered
[    2.789392] AppArmor: AppArmor sha1 policy hashing enabled
[    2.790116] rtc-sun4v rtc-sun4v: setting system clock to 2019-11-29T13:51:04 UTC (1575035464)
[    2.794406] This architecture does not have kernel memory protection.
[    2.794454] Run /init as init process
[    3.280547] crc32c_sparc64: Using sparc64 crc32c opcode optimized CRC32C implementation
[    3.354980] random: fast init done
[    3.865505] raid6: int64x8  gen()  2160 MB/s
[    4.035475] raid6: int64x8  xor()  1567 MB/s
[    4.205469] raid6: int64x4  gen()  3466 MB/s
[    4.375474] raid6: int64x4  xor()  2000 MB/s
[    4.545534] raid6: int64x2  gen()  2864 MB/s
[    4.715466] raid6: int64x2  xor()  1992 MB/s
[    4.885499] raid6: int64x1  gen()  2821 MB/s
[    5.055464] raid6: int64x1  xor()  1621 MB/s
[    5.055507] raid6: using algorithm int64x4 gen() 3466 MB/s
[    5.055551] raid6: .... xor() 2000 MB/s, rmw enabled
[    5.055589] raid6: using intx1 recovery algorithm
[    5.056397] async_tx: api initialized (async)
[    5.056881] xor: automatically using best checksumming function   Niagara   
[    5.253559] EXT4-fs (vdiska2): mounted filesystem with ordered data mode. Opts: (null)
[    7.886823] systemd[1]: Inserted module 'autofs4'
[    7.899061] NET: Registered protocol family 10
[    7.905074] Segment Routing with IPv6
[    7.953763] systemd[1]: systemd 243-8 running in system mode. (+PAM +AUDIT +SELINUX +IMA +APPARMOR +SMACK +SYSVINIT +UTMP +LIBCRYPTSETUP +GCRYPT +GNUTLS +ACL +XZ +LZ4 -SECCOMP +BLKID +ELFUTILS +KMOD +IDN2 -IDN +PCRE2 default-hierarchy=hybrid)
[    7.954396] systemd[1]: Detected architecture sparc64.
[    8.011582] systemd[1]: Set hostname to <ttip.nvglabs.local>.
[    8.040645] systemd[1]: Couldn't move remaining userspace processes, ignoring: Input/output error
[    8.848136] random: lvmconfig: uninitialized urandom read (4 bytes read)
[    9.751452] systemd[1]: /lib/systemd/system/dbus.socket:5: ListenStream= references a path below legacy directory /var/run/, updating /var/run/dbus/system_bus_socket → /run/dbus/system_bus_socket; please update the unit file accordingly.
[    9.989560] systemd[1]: /lib/systemd/system/pcscd.socket:5: ListenStream= references a path below legacy directory /var/run/, updating /var/run/pcscd/pcscd.comm → /run/pcscd/pcscd.comm; please update the unit file accordingly.
[   10.029545] random: systemd: uninitialized urandom read (16 bytes read)
[   10.040175] systemd[1]: Created slice system-getty.slice.
[   10.040851] random: systemd: uninitialized urandom read (16 bytes read)
[   10.044236] systemd[1]: Created slice system-openvpn\x2dclient.slice.
[   10.044665] random: systemd: uninitialized urandom read (16 bytes read)
[   10.048089] systemd[1]: Created slice system-postfix.slice.
[   10.053213] systemd[1]: Created slice system-systemd\x2dfsck.slice.
[   10.309318] EXT4-fs (vdiska2): re-mounted. Opts: errors=remount-ro
[   10.545539] systemd-journald[557]: Received client request to flush runtime journal.
[   11.844498] sha1_sparc64: Using sparc64 sha1 opcode optimized SHA-1 implementation
[   11.962326] n2rng v0.3 (Jan 7, 2017)
[   11.962406] n2rng f029b104: Registered RNG HVAPI major 2 minor 0
[   11.962467] n2rng f029b104: Found multi-unit-capable RNG, units: 2
[   11.963524] n2rng f029b104: RNG ready
[   12.059899] sha256_sparc64: Using sparc64 sha256 opcode optimized SHA-256/SHA-224 implementation
[   12.064679] pktcdvd: setup of pktcdvd device failed
[   12.103947] pktcdvd: setup of pktcdvd device failed
[   12.116395] pktcdvd: setup of pktcdvd device failed
[   12.119402] pktcdvd: setup of pktcdvd device failed
[   12.123199] pktcdvd: setup of pktcdvd device failed
[   12.126278] pktcdvd: setup of pktcdvd device failed
[   12.129956] pktcdvd: setup of pktcdvd device failed
[   12.132836] pktcdvd: setup of pktcdvd device failed
[   12.217891] sha512_sparc64: Using sparc64 sha512 opcode optimized SHA-512/SHA-384 implementation
[   12.227862] md5_sparc64: Using sparc64 md5 opcode optimized MD5 implementation
[   12.747873] XFS (dm-0): Mounting V5 Filesystem
[   13.634010] XFS (dm-0): Ending clean mount
[   13.636714] xfs filesystem being mounted at /1 supports timestamps until 2038 (0x7fffffff)
[   14.746052] random: crng init done
[   14.746187] random: 6 urandom warning(s) missed due to ratelimiting
[   15.055526] Adding 787176k swap on /dev/vdiska4.  Priority:-2 extents:1 across:787176k FS
[   15.385057] EXT4-fs (vdiska1): mounting ext3 file system using the ext4 subsystem
[   15.398370] EXT4-fs (vdiska1): mounted filesystem with ordered data mode. Opts: (null)
[   15.398547] ext3 filesystem being mounted at /boot supports timestamps until 2038 (0x7fffffff)
[   16.576183] Kernel unaligned access at TPC[87d4d8] aa_dfa_unpack+0x38/0x5c0
[   16.576298] Kernel unaligned access at TPC[87d4f8] aa_dfa_unpack+0x58/0x5c0
[   16.576354] Kernel unaligned access at TPC[87d5c0] aa_dfa_unpack+0x120/0x5c0
[   16.576412] Kernel unaligned access at TPC[87d6a0] aa_dfa_unpack+0x200/0x5c0
[   16.576467] Kernel unaligned access at TPC[87d6b4] aa_dfa_unpack+0x214/0x5c0
[   20.012695] tun: Universal TUN/TAP device driver, 1.6

[   21.435912] ======================================================
[   21.435920] WARNING: possible circular locking dependency detected
[   21.435931] 5.4.0-08836-g81b6b96475ac #1309 Not tainted
[   21.435938] ------------------------------------------------------
[   21.435945] iptables-restor/1016 is trying to acquire lock:
[   21.435953] 0000000010552120 (&table[i].mutex){+.+.}, at: nfnl_lock+0x24/0x40 [nfnetlink]
[   21.435973] 
               but task is already holding lock:
[   21.435980] 0000000000e4efe0 (&net->nft.commit_mutex){+.+.}, at: nf_tables_valid_genid+0x10/0x60 [nf_tables]
[   21.436006] 
               which lock already depends on the new lock.

[   21.436014] 
               the existing dependency chain (in reverse order) is:
[   21.436021] 
               -> #1 (&net->nft.commit_mutex){+.+.}:
[   21.436039]        __mutex_lock+0xac/0x9a0
[   21.436046]        mutex_lock_nested+0x1c/0x40
[   21.436057]        nf_tables_valid_genid+0x10/0x60 [nf_tables]
[   21.436065]        nfnetlink_rcv_batch+0x228/0x620 [nfnetlink]
[   21.436073]        nfnetlink_rcv+0x110/0x140 [nfnetlink]
[   21.436086]        netlink_unicast+0x150/0x260
[   21.436093]        netlink_sendmsg+0x3b8/0x400
[   21.436102]        sock_sendmsg+0x34/0x80
[   21.436108]        ____sys_sendmsg+0x1e4/0x200
[   21.436115]        ___sys_sendmsg+0x68/0xa0
[   21.436122]        __sys_sendmsg+0x48/0x80
[   21.436128]        sys_sendmsg+0x18/0x40
[   21.436137]        linux_sparc_syscall+0x34/0x44
[   21.436143] 
               -> #0 (&table[i].mutex){+.+.}:
[   21.436156]        __lock_acquire+0x1b18/0x2520
[   21.436162]        lock_acquire+0x1ac/0x1e0
[   21.436169]        __mutex_lock+0xac/0x9a0
[   21.436175]        mutex_lock_nested+0x1c/0x40
[   21.436182]        nfnl_lock+0x24/0x40 [nfnetlink]
[   21.436194]        ip_set_nfnl_get_byindex+0x190/0x280 [ip_set]
[   21.436203]        set_match_v1_checkentry+0x14/0xc0 [xt_set]
[   21.436216]        xt_check_match+0x240/0x280 [x_tables]
[   21.436226]        __nft_match_init+0x174/0x1a0 [nft_compat]
[   21.436233]        nft_match_init+0x18/0x40 [nft_compat]
[   21.436244]        nf_tables_newrule+0x510/0x7a0 [nf_tables]
[   21.436252]        nfnetlink_rcv_batch+0x3d8/0x620 [nfnetlink]
[   21.436259]        nfnetlink_rcv+0x110/0x140 [nfnetlink]
[   21.436266]        netlink_unicast+0x150/0x260
[   21.436273]        netlink_sendmsg+0x3b8/0x400
[   21.436279]        sock_sendmsg+0x34/0x80
[   21.436286]        ____sys_sendmsg+0x1e4/0x200
[   21.436292]        ___sys_sendmsg+0x68/0xa0
[   21.436298]        __sys_sendmsg+0x48/0x80
[   21.436305]        sys_sendmsg+0x18/0x40
[   21.436311]        linux_sparc_syscall+0x34/0x44
[   21.436317] 
               other info that might help us debug this:

[   21.436325]  Possible unsafe locking scenario:

[   21.436331]        CPU0                    CPU1
[   21.436337]        ----                    ----
[   21.436342]   lock(&net->nft.commit_mutex);
[   21.436348]                                lock(&table[i].mutex);
[   21.436356]                                lock(&net->nft.commit_mutex);
[   21.436364]   lock(&table[i].mutex);
[   21.436370] 
                *** DEADLOCK ***

[   21.436378] 1 lock held by iptables-restor/1016:
[   21.436384]  #0: 0000000000e4efe0 (&net->nft.commit_mutex){+.+.}, at: nf_tables_valid_genid+0x10/0x60 [nf_tables]
[   21.436401] 
               stack backtrace:
[   21.436409] CPU: 4 PID: 1016 Comm: iptables-restor Not tainted 5.4.0-08836-g81b6b96475ac #1309
[   21.436417] Call Trace:
[   21.436426]  [00000000004d52bc] print_circular_bug.isra.0+0x1bc/0x1e0
[   21.436433]  [00000000004d5500] check_noncircular+0x220/0x240
[   21.436441]  [00000000004d9a78] __lock_acquire+0x1b18/0x2520
[   21.436448]  [00000000004dae0c] lock_acquire+0x1ac/0x1e0
[   21.436455]  [0000000000b59b2c] __mutex_lock+0xac/0x9a0
[   21.436462]  [0000000000b5a43c] mutex_lock_nested+0x1c/0x40
[   21.436470]  [0000000010550024] nfnl_lock+0x24/0x40 [nfnetlink]
[   21.436479]  [000000001055d1d0] ip_set_nfnl_get_byindex+0x190/0x280 [ip_set]
[   21.436487]  [00000000105d6694] set_match_v1_checkentry+0x14/0xc0 [xt_set]
[   21.436497]  [00000000103de8a0] xt_check_match+0x240/0x280 [x_tables]
[   21.436505]  [00000000105b0c54] __nft_match_init+0x174/0x1a0 [nft_compat]
[   21.436513]  [00000000105b0d18] nft_match_init+0x18/0x40 [nft_compat]
[   21.436524]  [000000001058e190] nf_tables_newrule+0x510/0x7a0 [nf_tables]
[   21.436532]  [0000000010550898] nfnetlink_rcv_batch+0x3d8/0x620 [nfnetlink]
[   21.436540]  [0000000010550bf0] nfnetlink_rcv+0x110/0x140 [nfnetlink]
[   21.436548]  [0000000000a4e8f0] netlink_unicast+0x150/0x260
