[    0.000018] PROMLIB: Sun IEEE Boot Prom 'OBP 4.38.17 2019/01/25 08:22'
[    0.000039] PROMLIB: Root node compatible: sun4v
[    0.000096] Linux version 5.13.0-rc4-00265-gf5b6eb1e0182 (mator@ttip) (gcc (Debian 10.2.1-6) 10.2.1 20210110, GNU ld (GNU Binutils for Debian) 2.35.2) #227 SMP Sun Jun 6 16:54:47 MSK 2021
[    0.000578] printk: bootconsole [earlyprom0] enabled
[    0.000658] ARCH: SUN4V
[    0.000725] Ethernet address: 00:14:4f:fa:06:f2
[    0.000803] MM: PAGE_OFFSET is 0xfff8000000000000 (max_phys_bits == 47)
[    0.000903] MM: VMALLOC [0x0000000100000000 --> 0x0006000000000000]
[    0.000995] MM: VMEMMAP [0x0006000000000000 --> 0x000c000000000000]
[    0.022189] Kernel: Using 5 locked TLB entries for main kernel image.
[    0.022294] Remapping the kernel... 
[    0.022333] done.
[    0.052097] OF stdout device is: /virtual-devices@100/console@1
[    0.052188] PROM: Built device tree with 67673 bytes of memory.
[    0.052279] MDESC: Size is 25552 bytes.
[    0.052417] PLATFORM: banner-name [SPARC T5-2]
[    0.052489] PLATFORM: name [ORCL,SPARC-T5-2]
[    0.052557] PLATFORM: hostid [84fa06f2]
[    0.052619] PLATFORM: serial# [0035260e]
[    0.052682] PLATFORM: stick-frequency [3b9aca00]
[    0.052754] PLATFORM: mac-address [144ffa06f2]
[    0.052824] PLATFORM: watchdog-resolution [1000 ms]
[    0.052900] PLATFORM: watchdog-max-timeout [31536000000 ms]
[    0.052983] PLATFORM: max-cpus [1024]
[    0.053100] Top of RAM: 0x622f948000, Total RAM: 0x87f3a2000
[    0.053189] Memory hole size: 367365MB
[    0.059221] Allocated 65536 bytes for kernel page tables.
[    0.059334] Zone ranges:
[    0.059391]   Normal   [mem 0x0000000030400000-0x000000622f947fff]
[    0.059491] Movable zone start for each node
[    0.059559] Early memory node ranges
[    0.059618]   node   0: [mem 0x0000000030400000-0x000000006febffff]
[    0.059714]   node   0: [mem 0x000000006ff40000-0x000000006ff67fff]
[    0.059807]   node   0: [mem 0x0000000070000000-0x00000002afffffff]
[    0.059901]   node   0: [mem 0x0000002030000000-0x00000021afffffff]
[    0.059995]   node   0: [mem 0x0000004030000000-0x00000042afffffff]
[    0.060089]   node   0: [mem 0x0000006030000000-0x000000622f8b1fff]
[    0.060183]   node   0: [mem 0x000000622f940000-0x000000622f947fff]
[    0.060276] Initmem setup node 0 [mem 0x0000000030400000-0x000000622f947fff]
[    0.060380] On node 0 totalpages: 4454865
[    0.060389]   Normal zone: 39155 pages used for memmap
[    0.060395]   Normal zone: 0 pages reserved
[    0.060402]   Normal zone: 4454865 pages, LIFO batch:31
[    0.092334]   Normal zone: 525871 pages in unavailable ranges
[    0.092469] Booting Linux...
[    0.092540] CPU CAPS: [flush,stbar,swap,muldiv,v9,blkinit,n2,mul32]
[    0.092681] CPU CAPS: [div32,v8plus,popc,vis,vis2,ASIBlkInit,fmaf,vis3]
[    0.092819] CPU CAPS: [hpc,ima,pause,cbcond,aes,des,kasumi,camellia]
[    0.092954] CPU CAPS: [md5,sha1,sha256,sha512,mpmul,montmul,montsqr,crc32c]
[    0.154767] percpu: Embedded 20 pages/cpu s120528 r8192 d35120 u262144
[    0.155120] pcpu-alloc: s120528 r8192 d35120 u262144 alloc=1*4194304
[    0.155134] pcpu-alloc: [0] 000 001 002 003 004 005 006 007 008 009 010 011 012 013 014 015 
[    0.155226] pcpu-alloc: [0] 016 017 018 019 020 021 022 023 024 025 026 027 028 029 030 031 
[    0.155318] pcpu-alloc: [0] 032 033 034 035 036 037 038 039 040 041 042 043 044 045 046 047 
[    0.155409] pcpu-alloc: [0] 048 049 050 051 052 053 054 055 056 057 058 059 060 061 062 063 
[    0.155500] pcpu-alloc: [0] 064 065 066 067 068 069 070 071 072 073 074 075 076 077 078 079 
[    0.155591] pcpu-alloc: [0] 080 081 082 083 084 085 086 087 088 089 090 091 092 093 094 095 
[    0.155682] pcpu-alloc: [0] 096 097 098 099 100 101 102 103 104 105 106 107 108 109 110 111 
[    0.155774] pcpu-alloc: [0] 112 113 114 115 116 117 118 119 120 121 122 123 124 125 126 127 
[    0.155866] pcpu-alloc: [0] 128 129 130 131 132 133 134 135 136 137 138 139 140 141 142 143 
[    0.155957] pcpu-alloc: [0] 144 145 146 147 148 149 150 151 152 153 154 155 156 157 158 159 
[    0.156048] pcpu-alloc: [0] 160 161 162 163 164 165 166 167 168 169 170 171 172 173 174 175 
[    0.156139] pcpu-alloc: [0] 176 177 178 179 180 181 182 183 184 185 186 187 188 189 190 191 
[    0.156231] pcpu-alloc: [0] 192 193 194 195 196 197 198 199 200 201 202 203 204 205 206 207 
[    0.156322] pcpu-alloc: [0] 208 209 210 211 212 213 214 215 216 217 218 219 220 221 222 223 
[    0.156413] pcpu-alloc: [0] 224 225 226 227 228 229 230 231 232 233 234 235 236 237 238 239 
[    0.156503] pcpu-alloc: [0] 240 241 242 243 244 245 246 247 248 249 250 251 252 253 254 255 
[    0.157231] SUN4V: Mondo queue sizes [cpu(131072) dev(16384) r(8192) nr(256)]
[    0.157582] Built 1 zonelists, mobility grouping on.  Total pages: 4415710
[    0.157702] Kernel command line: BOOT_IMAGE=/vmlinux-5.13.0-rc4-00265-gf5b6eb1e0182 root=/dev/vdiska2 ro zswap.enabled=1
[    0.158221] printk: log_buf_len individual max cpu contribution: 4096 bytes
[    0.158323] printk: log_buf_len total cpu_extra contributions: 1044480 bytes
[    0.158423] printk: log_buf_len min size: 131072 bytes
[    0.160521] printk: log_buf_len: 2097152 bytes
[    0.160593] printk: early log buf free: 126352(96%)
[    0.167601] Dentry cache hash table entries: 8388608 (order: 13, 67108864 bytes, linear)
[    0.171226] Inode-cache hash table entries: 4194304 (order: 12, 33554432 bytes, linear)
[    0.171340] Sorting __ex_table...
[    0.171725] mem auto-init: stack:off, heap alloc:off, heap free:off
[    0.178774] Memory: 1305496K/35638920K available (8759K kernel code, 1703K rwdata, 2912K rodata, 632K init, 3134K bss, 569928K reserved, 0K cma-reserved)
[    0.179019] random: get_random_u64 called from kmem_cache_open+0x1c/0x340 with crng_init=0
[    0.180472] SLUB: HWalign=32, Order=0-3, MinObjects=0, CPUs=256, Nodes=1
[    0.181130] ftrace: allocating 27323 entries in 54 pages
[    0.195514] ftrace: allocated 54 pages with 4 groups
[    0.195836] trace event string verifier disabled
[    0.201452] rcu: Hierarchical RCU implementation.
[    0.201530] rcu: 	RCU debug extended QS entry/exit.
[    0.201605] 	Rude variant of Tasks RCU enabled.
[    0.201674] 	Tracing variant of Tasks RCU enabled.
[    0.201746] rcu: RCU calculated value of scheduler-enlistment delay is 26 jiffies.
[    0.210739] NR_IRQS: 2048, nr_irqs: 2048, preallocated irqs: 1
[    0.210855] SUN4V: Using IRQ API major 3, cookie only virqs enabled
[    0.215861] clocksource: stick: mask: 0xffffffffffffffff max_cycles: 0x1cd42e4dffb, max_idle_ns: 881590591483 ns
[    0.216051] clocksource: mult[800000] shift[23]
[    0.216124] clockevent: mult[80000000] shift[31]
[    0.216916] Console: colour dummy device 80x25
[    0.216999] printk: console [tty0] enabled
[    0.217092] printk: bootconsole [earlyprom0] disabled
[    0.217195] Lock dependency validator: Copyright (c) 2006 Red Hat, Inc., Ingo Molnar
[    0.217237] ... MAX_LOCKDEP_SUBCLASSES:  8
[    0.217262] ... MAX_LOCK_DEPTH:          48
[    0.217288] ... MAX_LOCKDEP_KEYS:        8192
[    0.217314] ... CLASSHASH_SIZE:          4096
[    0.217341] ... MAX_LOCKDEP_ENTRIES:     16384
[    0.217367] ... MAX_LOCKDEP_CHAINS:      32768
[    0.217394] ... CHAINHASH_SIZE:          16384
[    0.217420]  memory used by lock dependency info: 2603 kB
[    0.217451]  per task-struct memory footprint: 1920 bytes
[    0.296368] Calibrating delay using timer specific routine.. 2004.93 BogoMIPS (lpj=4009865)
[    0.296420] pid_max: default: 262144 minimum: 2048
[    0.296840] LSM: Security Framework initializing
[    0.297166] Mount-cache hash table entries: 131072 (order: 7, 1048576 bytes, linear)
[    0.297338] Mountpoint-cache hash table entries: 131072 (order: 7, 1048576 bytes, linear)
[    0.301381] rcu: Hierarchical SRCU implementation.
[    0.311883] smp: Bringing up secondary CPUs ...
[    0.329211] smp: Brought up 1 node, 16 CPUs
[    0.554902] node 0 deferred pages initialised in 224ms
[    0.555967] devtmpfs: initialized
[    0.558822] Performance events: 
[    0.558853] Testing NMI watchdog ... 
[    0.638960] OK.
[    0.639061] Supported PMU type is 'niagara5'
[    0.640524] ldc.c:v1.1 (July 22, 2008)
[    0.641654] clocksource: jiffies: mask: 0xffffffff max_cycles: 0xffffffff, max_idle_ns: 7645041785100000 ns
[    0.641739] futex hash table entries: 65536 (order: 10, 8388608 bytes, linear)
[    0.653366] NET: Registered protocol family 16
[    0.656977] VIO: Adding device channel-devices (tx_ino = ffffffffffffffff, rx_ino = ffffffffffffffff)
[    0.657143] VIO: Adding device vnet-port-0-0 (tx_ino = 0, rx_ino = 1)
[    0.657242] VIO: Adding device vnet-port-0-1 (tx_ino = 2, rx_ino = 3)
[    0.657338] VIO: Adding device vnet-port-0-2 (tx_ino = 4, rx_ino = 5)
[    0.657432] VIO: Adding device vnet-port-0-3 (tx_ino = 6, rx_ino = 7)
[    0.657525] VIO: Adding device vnet-port-0-4 (tx_ino = 8, rx_ino = 9)
[    0.657623] VIO: Adding device vdc-port-2-0 (tx_ino = a, rx_ino = b)
[    0.657732] VIO: Adding device vdc-port-1-0 (tx_ino = c, rx_ino = d)
[    0.657826] VIO: Adding device vdc-port-0-0 (tx_ino = e, rx_ino = f)
[    0.657920] VIO: Adding device vlds-port-0-0 (tx_ino = 10, rx_ino = 11)
[    0.658018] VIO: Adding device domain-services-port-0 (tx_ino = 10, rx_ino = 11)
[    0.658263] audit: initializing netlink subsys (disabled)
[    0.658514] audit: type=2000 audit(0.440:1): state=initialized audit_enabled=0 res=1
[    0.676914] HugeTLB registered 64.0 KiB page size, pre-allocated 0 pages
[    0.676956] HugeTLB registered 8.00 MiB page size, pre-allocated 0 pages
[    0.676995] HugeTLB registered 256 MiB page size, pre-allocated 0 pages
[    0.677033] HugeTLB registered 2.00 GiB page size, pre-allocated 0 pages
[    1.593538] SUN4V: Reboot data supported (maj=1,min=0).
[    1.593876] ds.c:v1.0 (Jul 11, 2007)
[    1.594148] ds-0: ds_conn_reset() from send_events
[    1.594838] clocksource: Switched to clocksource stick
[    1.756750] VFS: Disk quotas dquot_6.6.0
[    1.756977] VFS: Dquot-cache hash table entries: 1024 (order 0, 8192 bytes)
[    1.767203] NET: Registered protocol family 2
[    1.767705] IP idents hash table entries: 262144 (order: 8, 2097152 bytes, linear)
[    1.777912] tcp_listen_portaddr_hash hash table entries: 32768 (order: 8, 2621440 bytes, linear)
[    1.783217] TCP established hash table entries: 524288 (order: 9, 4194304 bytes, linear)
[    1.786416] TCP bind hash table entries: 65536 (order: 9, 4718592 bytes, linear)
[    1.796532] TCP: Hash tables configured (established 524288 bind 65536)
[    1.800161] UDP hash table entries: 32768 (order: 9, 5242880 bytes, linear)
[    1.810257] UDP-Lite hash table entries: 32768 (order: 9, 5242880 bytes, linear)
[    1.821946] NET: Registered protocol family 1
[    1.822009] NET: Registered protocol family 44
[    1.822450] Trying to unpack rootfs image as initramfs...
[    1.841924] Initialise system trusted keyrings
[    1.842221] workingset: timestamp_bits=46 max_order=23 bucket_order=0
[    1.859328] zbud: loaded
[    1.863432] SGI XFS with ACLs, security attributes, realtime, quota, no debug enabled
[    1.868653] Key type asymmetric registered
[    1.868705] Asymmetric key parser 'x509' registered
[    1.868783] Block layer SCSI generic (bsg) driver version 0.4 loaded (major 252)
[    1.869641] io scheduler mq-deadline registered
[    1.871204] f029b788: ttyHV0 at I/O 0x0 (irq = 1, base_baud = 115200) is a SUN4V HCONS
[    1.872110] printk: console [ttyHV0] enabled
[    1.875423] sunvdc.c:v1.2 (November 24, 2014)
[    1.878040] sunvdc: Virtual Hard disk vdiskc
[    1.878079] sunvdc: vdiskc: 104857600 sectors (51200 MB) protocol 1.2
[    1.913078] sunvdc: Virtual Hard disk vdiskb
[    1.913128] sunvdc: vdiskb: 62914560 sectors (30720 MB) protocol 1.2
[    1.914318]  vdiskb: vdiskb1
[    1.945640] sunvdc: Virtual Hard disk vdiska
[    1.945682] sunvdc: vdiska: 31457280 sectors (15360 MB) protocol 1.2
[    1.946448]  vdiska: vdiska1 vdiska2 vdiska3 vdiska4
[    1.974020] rtc-sun4v rtc-sun4v: registered as rtc0
[    1.974098] rtc-sun4v rtc-sun4v: setting system clock to 2021-06-06T14:12:31 UTC (1622988751)
[    1.974478] rtc-test rtc-test.0: registered as rtc1
[    1.985488] rtc rtc2: invalid alarm value: 18446744073704833232-12-13T03:49:46
[    1.985808] rtc-test rtc-test.1: registered as rtc2
[    1.996788] rtc rtc3: invalid alarm value: 18446744073704833232-12-13T03:49:46
[    1.996997] rtc-test rtc-test.2: registered as rtc3
[    1.997348] softdog: initialized. soft_noboot=0 soft_margin=60 sec soft_panic=0 (nowayout=0)
[    1.997401] softdog:              soft_reboot_cmd=<not set> soft_active_on_boot=0
[    1.999520] NET: Registered protocol family 10
[    2.251497] Freeing initrd memory: 27024K
[    2.280072] Segment Routing with IPv6
[    2.280173] mip6: Mobile IPv6
[    2.280203] NET: Registered protocol family 17
[    2.284813] registered taskstats version 1
[    2.284856] Loading compiled-in X.509 certificates
[    2.292907] zswap: loaded using pool lzo/zbud
[    2.297292] This architecture does not have kernel memory protection.
[    2.297341] Run /init as init process
[    2.297368]   with arguments:
[    2.297375]     /init
[    2.297382]   with environment:
[    2.297388]     HOME=/
[    2.297394]     TERM=linux
[    2.297400]     BOOT_IMAGE=/vmlinux-5.13.0-rc4-00265-gf5b6eb1e0182
[    2.816667] sunvnet_common: module verification failed: signature and/or required key missing - tainting kernel
[    2.821224] sunvnet: sunvnet 2.0 (February 3, 2017)
[    2.824632] vnet_port vnet-port-0-0 eth0: Sun LDOM vnet 00:14:4f:f8:12:a3
[    2.824948] sunvnet: eth0: PORT ( remote-mac 00:14:4f:fa:f3:f0 switch-port )
[    2.825512] sunvnet: eth0: PORT ( remote-mac 00:14:4f:f8:e5:f3 )
[    2.826050] sunvnet: eth0: PORT ( remote-mac 00:14:4f:f8:3f:1e )
[    2.826524] sunvnet: eth0: PORT ( remote-mac 00:14:4f:f9:b4:97 )
[    2.827099] sunvnet: eth0: PORT ( remote-mac 00:14:4f:f9:8b:83 )
[    2.847828] crc32c_sparc64: Using sparc64 crc32c opcode optimized CRC32C implementation
[    2.849227] random: lvm: uninitialized urandom read (4 bytes read)
[    2.902004] device-mapper: uevent: version 1.0.3
[    2.902526] device-mapper: ioctl: 4.45.0-ioctl (2021-03-22) initialised: dm-devel@redhat.com
[    2.909442] random: lvm: uninitialized urandom read (2 bytes read)
[    3.216871] xor: automatically using best checksumming function   Niagara   
[    3.286782] raid6: int64x8  gen()  1345 MB/s
[    3.354803] raid6: int64x8  xor()   947 MB/s
[    3.422801] raid6: int64x4  gen()  2109 MB/s
[    3.490798] raid6: int64x4  xor()   908 MB/s
[    3.558810] raid6: int64x2  gen()  1822 MB/s
[    3.626814] raid6: int64x2  xor()   704 MB/s
[    3.694828] raid6: int64x1  gen()   707 MB/s
[    3.762830] raid6: int64x1  xor()   446 MB/s
[    3.762882] raid6: using algorithm int64x4 gen() 2109 MB/s
[    3.762918] raid6: .... xor() 908 MB/s, rmw enabled
[    3.762949] raid6: using intx1 recovery algorithm
[    3.977148] random: fast init done
[    4.023297] EXT4-fs (vdiska2): mounted filesystem with ordered data mode. Opts: (null). Quota mode: none.
[    4.463573] systemd[1]: Inserted module 'autofs4'
[    4.518107] systemd[1]: systemd 247.3-5 running in system mode. (+PAM +AUDIT +SELINUX +IMA +APPARMOR +SMACK +SYSVINIT +UTMP +LIBCRYPTSETUP +GCRYPT +GNUTLS +ACL +XZ +LZ4 +ZSTD -SECCOMP +BLKID +ELFUTILS +KMOD +IDN2 -IDN +PCRE2 default-hierarchy=unified)
[    4.518610] systemd[1]: Detected architecture sparc64.
[    4.562937] systemd[1]: Set hostname to <ttip>.
[    5.065464] random: lvmconfig: uninitialized urandom read (4 bytes read)
[    5.946093] systemd[1]: Queued start job for default target Multi-User System.
[    5.947228] random: systemd: uninitialized urandom read (16 bytes read)
[    5.961255] systemd[1]: Created slice system-getty.slice.
[    5.961894] random: systemd: uninitialized urandom read (16 bytes read)
[    5.967609] systemd[1]: Created slice system-modprobe.slice.
[    5.973776] systemd[1]: Created slice system-openvpn\x2dclient.slice.
[    5.980001] systemd[1]: Created slice system-postfix.slice.
[    5.985960] systemd[1]: Created slice system-systemd\x2dfsck.slice.
[    5.992489] systemd[1]: Created slice User and Session Slice.
[    5.993248] systemd[1]: Started Dispatch Password Requests to Console Directory Watch.
[    5.993931] systemd[1]: Started Forward Password Requests to Wall Directory Watch.
[    5.996353] systemd[1]: Set up automount Arbitrary Executable File Formats File System Automount Point.
[    5.996835] systemd[1]: Reached target Local Encrypted Volumes.
[    5.997282] systemd[1]: Reached target Paths.
[    5.997657] systemd[1]: Reached target Slices.
[    5.998442] systemd[1]: Listening on Device-mapper event daemon FIFOs.
[    5.999329] systemd[1]: Listening on LVM2 poll daemon socket.
[    6.026263] systemd[1]: Listening on RPCbind Server Activation Socket.
[    6.028728] systemd[1]: Listening on Syslog Socket.
[    6.029624] systemd[1]: Listening on fsck to fsckd communication Socket.
[    6.030252] systemd[1]: Listening on initctl Compatibility Named Pipe.
[    6.031496] systemd[1]: Listening on Journal Audit Socket.
[    6.032320] systemd[1]: Listening on Journal Socket (/dev/log).
[    6.033383] systemd[1]: Listening on Journal Socket.
[    6.034422] systemd[1]: Listening on udev Control Socket.
[    6.035207] systemd[1]: Listening on udev Kernel Socket.
[    6.044801] systemd[1]: Mounting Huge Pages File System...
[    6.054875] systemd[1]: Mounting POSIX Message Queue File System...
[    6.065305] systemd[1]: Mounting RPC Pipe File System...
[    6.075883] systemd[1]: Mounting Kernel Debug File System...
[    6.087764] systemd[1]: Mounting Kernel Trace File System...
[    6.088766] systemd[1]: Condition check resulted in Kernel Module supporting RPCSEC_GSS being skipped.
[    6.089655] systemd[1]: Finished Availability of block devices.
[    6.102432] systemd[1]: Starting Wait for network to be configured by ifupdown...
[    6.112742] systemd[1]: Starting Create list of static device nodes for the current kernel...
[    6.123722] systemd[1]: Starting Monitoring of LVM2 mirrors, snapshots etc. using dmeventd or progress polling...
[    6.135709] systemd[1]: Starting Load Kernel Module configfs...
[    6.143804] RPC: Registered named UNIX socket transport module.
[    6.143860] RPC: Registered udp transport module.
[    6.143898] RPC: Registered tcp transport module.
[    6.143935] RPC: Registered tcp NFSv4.1 backchannel transport module.
[    6.147576] systemd[1]: Starting Load Kernel Module drm...
[    6.160200] systemd[1]: Starting Load Kernel Module fuse...
[    6.172639] systemd[1]: Starting nftables...
[    6.174555] systemd[1]: Condition check resulted in Set Up Additional Binary Formats being skipped.
[    6.174890] systemd[1]: Condition check resulted in File System Check on Root Device being skipped.
[    6.188508] fuse: init (API version 7.33)
[    6.191849] systemd[1]: Starting Journal Service...
[    6.206708] systemd[1]: Starting Load Kernel Modules...
[    6.218717] systemd[1]: Starting Remount Root and Kernel File Systems...
[    6.230038] systemd[1]: Starting Coldplug All udev Devices...
[    6.243013] systemd[1]: Mounted Huge Pages File System.
[    6.243975] systemd[1]: Mounted POSIX Message Queue File System.
[    6.244834] systemd[1]: Mounted RPC Pipe File System.
[    6.245665] systemd[1]: Mounted Kernel Debug File System.
[    6.246485] systemd[1]: Mounted Kernel Trace File System.
[    6.249760] systemd[1]: Finished Wait for network to be configured by ifupdown.
[    6.252954] systemd[1]: Finished Create list of static device nodes for the current kernel.
[    6.255346] systemd[1]: modprobe@configfs.service: Succeeded.
[    6.258253] systemd[1]: Finished Load Kernel Module configfs.
[    6.261111] systemd[1]: modprobe@drm.service: Succeeded.
[    6.264305] systemd[1]: Finished Load Kernel Module drm.
[    6.271829] systemd[1]: modprobe@fuse.service: Succeeded.
[    6.274251] systemd[1]: Finished Load Kernel Module fuse.
[    6.285201] systemd[1]: Mounting FUSE Control File System...
[    6.288074] EXT4-fs (vdiska2): re-mounted. Opts: errors=remount-ro. Quota mode: none.
[    6.296553] systemd[1]: Mounting Kernel Configuration File System...
[    6.309133] systemd[1]: Finished Load Kernel Modules.
[    6.314534] systemd[1]: Finished Remount Root and Kernel File Systems.
[    6.315872] systemd[1]: Mounted FUSE Control File System.
[    6.316725] systemd[1]: Mounted Kernel Configuration File System.
[    6.365437] systemd[1]: Starting Initial Check File System Quotas...
[    6.398550] systemd[1]: Condition check resulted in Rebuild Hardware Database being skipped.
[    6.399017] systemd[1]: Condition check resulted in Platform Persistent Storage Archival being skipped.
[    6.409510] systemd[1]: Starting Load/Save Random Seed...
[    6.419075] systemd[1]: Starting Apply Kernel Variables...
[    6.430601] systemd[1]: Starting Create System Users...
[    6.433464] systemd[1]: Started Journal Service.
[    6.520211] systemd-journald[338]: Received client request to flush runtime journal.
[    7.634648] sha1_sparc64: Using sparc64 sha1 opcode optimized SHA-1 implementation
[    7.639962] n2rng v0.3 (Jan 7, 2017)
[    7.640103] n2rng f029b104: Registered RNG HVAPI major 2 minor 0
[    7.640202] n2rng f029b104: Found multi-unit-capable RNG, units: 2
[    7.641269] n2rng f029b104: RNG ready
[    7.644989] sha256_sparc64: Using sparc64 sha256 opcode optimized SHA-256/SHA-224 implementation
[    7.650053] sha512_sparc64: Using sparc64 sha512 opcode optimized SHA-512/SHA-384 implementation
[    7.688944] md5_sparc64: Using sparc64 md5 opcode optimized MD5 implementation
[    7.711801] aes_sparc64: Using sparc64 aes opcodes optimized AES implementation
[    7.721736] des_sparc64: Using sparc64 des opcodes optimized DES implementation
[    7.731778] camellia_sparc64: Using sparc64 camellia opcodes optimized CAMELLIA implementation
[    7.911030] Adding 787176k swap on /dev/vdiska4.  Priority:-2 extents:1 across:787176k FS
[    8.057858] XFS (dm-0): Mounting V5 Filesystem
[    8.151304] EXT4-fs (vdiska1): mounting ext3 file system using the ext4 subsystem
[    8.162577] EXT4-fs (vdiska1): mounted filesystem with ordered data mode. Opts: (null). Quota mode: none.
[    8.162931] ext3 filesystem being mounted at /boot supports timestamps until 2038 (0x7fffffff)
[    8.210328] XFS (dm-0): Ending clean mount
[    8.250218] xfs filesystem being mounted at /1 supports timestamps until 2038 (0x7fffffff)
[    8.955355] random: crng init done
[    8.955410] random: 5 urandom warning(s) missed due to ratelimiting
