[    0.000017] PROMLIB: Sun IEEE Boot Prom 'OBP 4.38.12 2018/03/28 14:54'
[    0.000031] PROMLIB: Root node compatible: sun4v
[    0.000080] Linux version 5.6.0-rc7-00146-g4bcf59a5dea0 (mator@ttip) (gcc version 9.3.0 (Debian 9.3.0-8)) #50 SMP Thu Apr 2 13:12:12 MSK 2020
[    0.000389] printk: bootconsole [earlyprom0] enabled
[    0.000440] ARCH: SUN4V
[    0.000490] Ethernet address: 00:14:4f:fa:06:f2
[    0.000541] MM: PAGE_OFFSET is 0xfff8000000000000 (max_phys_bits == 47)
[    0.000604] MM: VMALLOC [0x0000000100000000 --> 0x0006000000000000]
[    0.000665] MM: VMEMMAP [0x0006000000000000 --> 0x000c000000000000]
[    0.012449] Kernel: Using 5 locked TLB entries for main kernel image.
[    0.012532] Remapping the kernel... 
[    0.012559] done.
[    0.045727] OF stdout device is: /virtual-devices@100/console@1
[    0.045806] PROM: Built device tree with 86758 bytes of memory.
[    0.045874] MDESC: Size is 36512 bytes.
[    0.046002] PLATFORM: banner-name [SPARC T5-2]
[    0.046052] PLATFORM: name [ORCL,SPARC-T5-2]
[    0.046098] PLATFORM: hostid [84fa06f2]
[    0.046140] PLATFORM: serial# [0035260e]
[    0.046183] PLATFORM: stick-frequency [3b9aca00]
[    0.046231] PLATFORM: mac-address [144ffa06f2]
[    0.046276] PLATFORM: watchdog-resolution [1000 ms]
[    0.046328] PLATFORM: watchdog-max-timeout [31536000000 ms]
[    0.046382] PLATFORM: max-cpus [1024]
[    0.046486] Top of RAM: 0x24af938000, Total RAM: 0x87f354000
[    0.046548] Memory hole size: 115461MB
[    0.051142] Allocated 40960 bytes for kernel page tables.
[    0.051232] Zone ranges:
[    0.051272]   Normal   [mem 0x0000000030400000-0x00000024af937fff]
[    0.051335] Movable zone start for each node
[    0.051382] Early memory node ranges
[    0.051422]   node   0: [mem 0x0000000030400000-0x000000006fe7ffff]
[    0.051484]   node   0: [mem 0x000000006ff00000-0x000000006ff25fff]
[    0.051547]   node   0: [mem 0x0000000070000000-0x000000042fffffff]
[    0.051608]   node   0: [mem 0x0000002030000000-0x00000024af87ffff]
[    0.051669]   node   0: [mem 0x00000024af900000-0x00000024af925fff]
[    0.051731]   node   0: [mem 0x00000024af930000-0x00000024af937fff]
[    0.063482] Zeroed struct page in unavailable ranges: 263766 pages
[    0.063490] Initmem setup node 0 [mem 0x0000000030400000-0x00000024af937fff]
[    0.063651] On node 0 totalpages: 4454826
[    0.063660]   Normal zone: 39154 pages used for memmap
[    0.063665]   Normal zone: 0 pages reserved
[    0.063671]   Normal zone: 4454826 pages, LIFO batch:31
[    0.074913] Booting Linux...
[    0.074998] CPU CAPS: [flush,stbar,swap,muldiv,v9,blkinit,n2,mul32]
[    0.075081] CPU CAPS: [div32,v8plus,popc,vis,vis2,ASIBlkInit,fmaf,vis3]
[    0.076160] CPU CAPS: [hpc,ima,pause,cbcond,aes,des,kasumi,camellia]
[    0.076235] CPU CAPS: [md5,sha1,sha256,sha512,mpmul,montmul,montsqr,crc32c]
[    0.105936] percpu: Embedded 27 pages/cpu s182344 r8192 d30648 u262144
[    0.106181] pcpu-alloc: s182344 r8192 d30648 u262144 alloc=1*4194304
[    0.106188] pcpu-alloc: [0] 000 001 002 003 004 005 006 007 008 009 010 011 012 013 014 015 
[    0.106215] pcpu-alloc: [0] 016 017 018 019 020 021 022 023 024 025 026 027 028 029 030 031 
[    0.106242] pcpu-alloc: [0] 032 033 034 035 036 037 038 039 040 041 042 043 044 045 046 047 
[    0.106268] pcpu-alloc: [0] 048 049 050 051 052 053 054 055 056 057 058 059 060 061 062 063 
[    0.106295] pcpu-alloc: [0] 064 065 066 067 068 069 070 071 072 073 074 075 076 077 078 079 
[    0.106321] pcpu-alloc: [0] 080 081 082 083 084 085 086 087 088 089 090 091 092 093 094 095 
[    0.106348] pcpu-alloc: [0] 096 097 098 099 100 101 102 103 104 105 106 107 108 109 110 111 
[    0.106374] pcpu-alloc: [0] 112 113 114 115 116 117 118 119 120 121 122 123 124 125 126 127 
[    0.106852] SUN4V: Mondo queue sizes [cpu(131072) dev(16384) r(8192) nr(256)]
[    0.107224] Built 1 zonelists, mobility grouping on.  Total pages: 4415672
[    0.107312] Kernel command line: BOOT_IMAGE=/vmlinux-5.6.0-rc7-00146-g4bcf59a5dea0 root=/dev/vdiska2 ro zswap.enabled=1
[    0.109819] printk: log_buf_len individual max cpu contribution: 4096 bytes
[    0.109892] printk: log_buf_len total cpu_extra contributions: 520192 bytes
[    0.109957] printk: log_buf_len min size: 131072 bytes
[    0.110233] printk: log_buf_len: 1048576 bytes
[    0.110284] printk: early log buf free: 126648(96%)
[    0.116623] Dentry cache hash table entries: 8388608 (order: 13, 67108864 bytes, linear)
[    0.119887] Inode-cache hash table entries: 4194304 (order: 12, 33554432 bytes, linear)
[    0.119972] Sorting __ex_table...
[    0.120212] mem auto-init: stack:off, heap alloc:off, heap free:off
[    0.178127] Memory: 1305232K/35638608K available (7700K kernel code, 1036K rwdata, 2280K rodata, 640K init, 6747K bss, 508920K reserved, 0K cma-reserved)
[    0.178792] SLUB: HWalign=32, Order=0-3, MinObjects=0, CPUs=128, Nodes=1
[    0.179090] ftrace: allocating 21535 entries in 43 pages
[    0.187315] ftrace: allocated 43 pages with 4 groups
[    0.190189] Running RCU self tests
[    0.190258] rcu: Hierarchical RCU implementation.
[    0.190311] rcu: 	RCU event tracing is enabled.
[    0.190358] rcu: 	RCU lockdep checking is enabled.
[    0.190408] 	Tasks RCU enabled.
[    0.190446] rcu: RCU calculated value of scheduler-enlistment delay is 10 jiffies.
[    0.194770] NR_IRQS: 2048, nr_irqs: 2048, preallocated irqs: 1
[    0.194860] SUN4V: Using IRQ API major 3, cookie only virqs enabled
[    0.197296] clocksource: stick: mask: 0xffffffffffffffff max_cycles: 0x1cd42e4dffb, max_idle_ns: 881590591483 ns
[    0.197429] clocksource: mult[800000] shift[23]
[    0.197478] clockevent: mult[80000000] shift[31]
[    0.198004] Console: colour dummy device 80x25
[    0.198067] printk: console [tty0] enabled
[    0.198143] printk: bootconsole [earlyprom0] disabled
[    0.198226] Lock dependency validator: Copyright (c) 2006 Red Hat, Inc., Ingo Molnar
[    0.198275] ... MAX_LOCKDEP_SUBCLASSES:  8
[    0.198305] ... MAX_LOCK_DEPTH:          48
[    0.198336] ... MAX_LOCKDEP_KEYS:        8192
[    0.198368] ... CLASSHASH_SIZE:          4096
[    0.198399] ... MAX_LOCKDEP_ENTRIES:     16384
[    0.198431] ... MAX_LOCKDEP_CHAINS:      32768
[    0.198462] ... CHAINHASH_SIZE:          16384
[    0.198494]  memory used by lock dependency info: 3855 kB
[    0.198530]  memory used for stack traces: 2112 kB
[    0.198563]  per task-struct memory footprint: 1920 bytes
[    0.348011] Calibrating delay using timer specific routine.. 2012.87 BogoMIPS (lpj=10064353)
[    0.348082] pid_max: default: 131072 minimum: 1024
[    0.348375] LSM: Security Framework initializing
[    0.348529] AppArmor: AppArmor initialized
[    0.348803] Mount-cache hash table entries: 131072 (order: 7, 1048576 bytes, linear)
[    0.348968] Mountpoint-cache hash table entries: 131072 (order: 7, 1048576 bytes, linear)
[    0.349098] *** VALIDATE tmpfs ***
[    0.349975] *** VALIDATE proc ***
[    0.350488] *** VALIDATE cgroup ***
[    0.350521] *** VALIDATE cgroup2 ***
[    0.352622] rcu: Hierarchical SRCU implementation.
[    0.360571] smp: Bringing up secondary CPUs ...
[    0.404216] smp: Brought up 1 node, 32 CPUs
[    0.595430] node 0 initialised, 4228057 pages in 190ms
[    0.596729] devtmpfs: initialized
[    0.601375] Performance events: 
[    0.601422] Testing NMI watchdog ... 
[    0.801508] OK.
[    0.801638] Supported PMU type is 'niagara5'
[    0.801838] random: get_random_u32 called from bucket_table_alloc.isra.0+0x188/0x1c0 with crng_init=0
[    0.802497] ldc.c:v1.1 (July 22, 2008)
[    0.804960] clocksource: jiffies: mask: 0xffffffff max_cycles: 0xffffffff, max_idle_ns: 19112604462750000 ns
[    0.805048] futex hash table entries: 32768 (order: 9, 4194304 bytes, linear)
[    0.810224] NET: Registered protocol family 16
[    0.818578] VIO: Adding device channel-devices (tx_ino = ffffffffffffffff, rx_ino = ffffffffffffffff)
[    0.818785] VIO: Adding device vnet-port-0-0 (tx_ino = 0, rx_ino = 1)
[    0.818984] VIO: Adding device vnet-port-0-1 (tx_ino = 2, rx_ino = 3)
[    0.819155] VIO: Adding device vnet-port-0-2 (tx_ino = 4, rx_ino = 5)
[    0.819319] VIO: Adding device vnet-port-0-3 (tx_ino = 6, rx_ino = 7)
[    0.819484] VIO: Adding device vnet-port-0-4 (tx_ino = 8, rx_ino = 9)
[    0.819651] VIO: Adding device vnet-port-0-5 (tx_ino = a, rx_ino = b)
[    0.819814] VIO: Adding device vdc-port-2-0 (tx_ino = c, rx_ino = d)
[    0.819976] VIO: Adding device vdc-port-1-0 (tx_ino = e, rx_ino = f)
[    0.820144] VIO: Adding device vdc-port-0-0 (tx_ino = 10, rx_ino = 11)
[    0.820308] VIO: Adding device vdc-port-3-0 (tx_ino = 12, rx_ino = 13)
[    0.820472] VIO: Adding device vlds-port-0-0 (tx_ino = 14, rx_ino = 15)
[    0.820643] VIO: Adding device domain-services-port-0 (tx_ino = 14, rx_ino = 15)
[    0.820921] audit: initializing netlink subsys (disabled)
[    0.821218] audit: type=2000 audit(0.420:1): state=initialized audit_enabled=0 res=1
[    0.846477] HugeTLB registered 64.0 KiB page size, pre-allocated 0 pages
[    0.846531] HugeTLB registered 8.00 MiB page size, pre-allocated 0 pages
[    0.846577] HugeTLB registered 256 MiB page size, pre-allocated 0 pages
[    0.846622] HugeTLB registered 2.00 GiB page size, pre-allocated 0 pages
[    0.848214] alg: extra crypto tests enabled.  This is intended for developer use only.
[    0.873779] cryptd: max_cpu_qlen set to 1000
[    0.982033] NetLabel: Initializing
[    0.982072] NetLabel:  domain hash size = 128
[    0.982105] NetLabel:  protocols = UNLABELED CIPSOv4 CALIPSO
[    0.982229] NetLabel:  unlabeled traffic allowed by default
[    0.983192] SUN4V: Reboot data supported (maj=1,min=0).
[    0.983558] ds.c:v1.0 (Jul 11, 2007)
[    0.983911] ds-0: ds_conn_reset() from send_events.isra.0
[    0.985379] clocksource: Switched to clocksource stick
[    1.184139] *** VALIDATE bpf ***
[    1.185401] VFS: Disk quotas dquot_6.6.0
[    1.185528] VFS: Dquot-cache hash table entries: 1024 (order 0, 8192 bytes)
[    1.185743] *** VALIDATE ramfs ***
[    1.185795] *** VALIDATE hugetlbfs ***
[    1.187380] AppArmor: AppArmor Filesystem Enabled
[    1.199670] NET: Registered protocol family 2
[    1.201363] tcp_listen_portaddr_hash hash table entries: 32768 (order: 8, 2359296 bytes, linear)
[    1.204255] TCP established hash table entries: 524288 (order: 9, 4194304 bytes, linear)
[    1.206270] TCP bind hash table entries: 65536 (order: 9, 4194304 bytes, linear)
[    1.211776] TCP: Hash tables configured (established 524288 bind 65536)
[    1.214201] UDP hash table entries: 32768 (order: 9, 5242880 bytes, linear)
[    1.220503] UDP-Lite hash table entries: 32768 (order: 9, 5242880 bytes, linear)
[    1.228452] NET: Registered protocol family 1
[    1.228518] NET: Registered protocol family 44
[    1.229149] Trying to unpack rootfs image as initramfs...
[    1.422989] Freeing initrd memory: 14760K
[    1.423948] aes_sparc64: Using sparc64 aes opcodes optimized AES implementation
[    1.719890] des_sparc64: Using sparc64 des opcodes optimized DES implementation
[    2.242136] camellia_sparc64: Using sparc64 camellia opcodes optimized CAMELLIA implementation
[    2.444227] workingset: timestamp_bits=46 max_order=23 bucket_order=0
[    2.462697] zbud: loaded
[    2.464905] SGI XFS with ACLs, security attributes, quota, fatal assert, debug enabled
[    2.470898] *** VALIDATE xfs ***
[    2.485612] Block layer SCSI generic (bsg) driver version 0.4 loaded (major 252)
[    2.486518] io scheduler mq-deadline registered
[    2.489130] f029b788: ttyHV0 at I/O 0x0 (irq = 1, base_baud = 115200) is a SUN4V HCONS
[    2.489209] INFO: trying to register non-static key.
[    2.489216] the code is fine but needs lockdep annotation.
[    2.489221] turning off the locking correctness validator.
[    2.489230] CPU: 16 PID: 1 Comm: swapper/0 Not tainted 5.6.0-rc7-00146-g4bcf59a5dea0 #50
[    2.489238] Call Trace:
[    2.489252]  [00000000004dbbd8] register_lock_class+0x278/0x720
[    2.489259]  [00000000004d8930] __lock_acquire+0x90/0x2520
[    2.489266]  [00000000004db74c] lock_acquire+0x1ac/0x1e0
[    2.489276]  [0000000000b868c4] _raw_spin_lock_irqsave+0x44/0x60
[    2.489288]  [00000000009728dc] uart_add_one_port+0x35c/0x500
[    2.489295]  [0000000000978364] hv_probe+0x144/0x200
[    2.489305]  [0000000000988d74] platform_drv_probe+0x34/0xa0
[    2.489311]  [0000000000986894] really_probe+0x214/0x460
[    2.489318]  [0000000000986ffc] driver_probe_device+0xfc/0x140
[    2.489324]  [00000000009872dc] device_driver_attach+0x3c/0x60
[    2.489330]  [0000000000987448] __driver_attach+0x148/0x160
[    2.489337]  [0000000000984f84] bus_for_each_dev+0x44/0xa0
[    2.489343]  [000000000098747c] driver_attach+0x1c/0x40
[    2.489349]  [0000000000985604] bus_add_driver+0x124/0x220
[    2.489356]  [0000000000987c24] driver_register+0xc4/0x120
[    2.489362]  [0000000000988ce0] __platform_driver_register+0x40/0x60
[    2.489936] printk: console [ttyHV0] enabled
[    2.491596] sunvdc.c:v1.2 (November 24, 2014)
[    2.493051] sunvdc: Virtual Hard disk vdiskc
[    2.493071] sunvdc: vdiskc: 104857600 sectors (51200 MB) protocol 1.2
[    2.503487] sunvdc: Virtual Hard disk vdiskb
[    2.503516] sunvdc: vdiskb: 62914560 sectors (30720 MB) protocol 1.2
[    2.504491]  vdiskb: vdiskb1
[    2.514081] sunvdc: Virtual Hard disk vdiska
[    2.514108] sunvdc: vdiska: 31457280 sectors (15360 MB) protocol 1.2
[    2.515055]  vdiska: vdiska1 vdiska2 vdiska3 vdiska4
[    2.525055] sunvdc: Virtual CDROM vdiskd
[    2.525084] sunvdc: vdiskd: 453848 sectors (221 MB) protocol 1.2
[    2.526069]  vdiskd: vdiskd1 vdiskd2 vdiskd3 vdiskd4 vdiskd5 vdiskd6 vdiskd7
[    2.535227] sunvnet: sunvnet 2.0 (February 3, 2017)
[    2.536258] vnet_port vnet-port-0-0 eth0: Sun LDOM vnet 00:14:4f:f8:12:a3
[    2.536379] sunvnet: eth0: PORT ( remote-mac 00:14:4f:fa:f3:f0 switch-port )
[    2.536588] sunvnet: eth0: PORT ( remote-mac 00:14:4f:f8:e5:f3 )
[    2.536785] sunvnet: eth0: PORT ( remote-mac 00:14:4f:f9:b4:97 )
[    2.536977] sunvnet: eth0: PORT ( remote-mac 00:14:4f:f8:3f:1e )
[    2.537174] sunvnet: eth0: PORT ( remote-mac 00:14:4f:f8:fe:47 )
[    2.537362] sunvnet: eth0: PORT ( remote-mac 00:14:4f:f9:8b:83 )
[    2.538116] rtc-sun4v rtc-sun4v: registered as rtc0
[    2.538347] sun4v_wdt: initialized (timeout=60s, nowayout=0)
[    2.538471] device-mapper: uevent: version 1.0.3
[    2.538810] device-mapper: ioctl: 4.42.0-ioctl (2020-02-27) initialised: dm-devel@redhat.com
[    2.539327] NET: Registered protocol family 17
[    2.539660] registered taskstats version 1
[    2.540090] zswap: loaded using pool lzo/zbud
[    2.816255] Key type big_key registered
[    2.816294] AppArmor: AppArmor sha1 policy hashing enabled
[    2.816699] rtc-sun4v rtc-sun4v: setting system clock to 2020-04-02T10:14:20 UTC (1585822460)
[    2.819080] This architecture does not have kernel memory protection.
[    2.819107] Run /init as init process
[    2.819125]   with arguments:
[    2.819140]     /init
[    2.819153]   with environment:
[    2.819169]     HOME=/
[    2.819182]     TERM=linux
[    2.819196]     BOOT_IMAGE=/vmlinux-5.6.0-rc7-00146-g4bcf59a5dea0
[    3.097774] crc32c_sparc64: Using sparc64 crc32c opcode optimized CRC32C implementation
[    3.765335] raid6: int64x8  gen()  2153 MB/s
[    3.935332] raid6: int64x8  xor()  1493 MB/s
[    4.105333] raid6: int64x4  gen()  3387 MB/s
[    4.275350] raid6: int64x4  xor()  1479 MB/s
[    4.445333] raid6: int64x2  gen()  2776 MB/s
[    4.615333] raid6: int64x2  xor()  1157 MB/s
[    4.785338] raid6: int64x1  gen()  1375 MB/s
[    4.955350] raid6: int64x1  xor()   675 MB/s
[    4.955381] raid6: using algorithm int64x4 gen() 3387 MB/s
[    4.955401] raid6: .... xor() 1479 MB/s, rmw enabled
[    4.955421] raid6: using intx1 recovery algorithm
[    4.956058] async_tx: api initialized (async)
[    4.956368] xor: automatically using best checksumming function   Niagara   
[    5.018525] process '/usr/bin/fstype' started with executable stack
[    5.032675] random: fast init done
[    5.097301] EXT4-fs (vdiska2): mounted filesystem with ordered data mode. Opts: (null)
[    6.665062] systemd[1]: Inserted module 'autofs4'
[    6.673580] NET: Registered protocol family 10
[    6.677504] Segment Routing with IPv6
[    6.730268] systemd[1]: systemd 245.2-1 running in system mode. (+PAM +AUDIT +SELINUX +IMA +APPARMOR +SMACK +SYSVINIT +UTMP +LIBCRYPTSETUP +GCRYPT +GNUTLS +ACL +XZ +LZ4 -SECCOMP +BLKID +ELFUTILS +KMOD +IDN2 -IDN +PCRE2 default-hierarchy=hybrid)
[    6.730789] systemd[1]: Detected architecture sparc64.
[    6.799893] systemd[1]: Set hostname to <ttip>.
[    7.588790] random: lvmconfig: uninitialized urandom read (4 bytes read)
[    8.359089] systemd[1]: /lib/systemd/system/dbus.socket:5: ListenStream= references a path below legacy directory /var/run/, updating /var/run/dbus/system_bus_socket â†’ /run/dbus/system_bus_socket; please update the unit file accordingly.
[    8.650971] random: systemd: uninitialized urandom read (16 bytes read)
[    8.657574] systemd[1]: Created slice system-getty.slice.
[    8.658004] random: systemd: uninitialized urandom read (16 bytes read)
[    8.660476] systemd[1]: Created slice system-modprobe.slice.
[    8.660742] random: systemd: uninitialized urandom read (16 bytes read)
[    8.663224] systemd[1]: Created slice system-openvpn\x2dclient.slice.
[    8.666415] systemd[1]: Created slice system-postfix.slice.
[    8.669230] systemd[1]: Created slice system-systemd\x2dfsck.slice.
[    8.671905] systemd[1]: Created slice User and Session Slice.
[    8.672446] systemd[1]: Started Dispatch Password Requests to Console Directory Watch.
[    8.672929] systemd[1]: Started Forward Password Requests to Wall Directory Watch.
[    8.674229] systemd[1]: Set up automount Arbitrary Executable File Formats File System Automount Point.
[    8.674601] systemd[1]: Reached target Local Encrypted Volumes.
[    8.674925] systemd[1]: Reached target Paths.
[    8.675205] systemd[1]: Reached target Remote File Systems.
[    8.675522] systemd[1]: Reached target Slices.
[    8.676064] systemd[1]: Listening on Device-mapper event daemon FIFOs.
[    8.676746] systemd[1]: Listening on LVM2 poll daemon socket.
[    8.710252] systemd[1]: Listening on Syslog Socket.
[    8.711077] systemd[1]: Listening on fsck to fsckd communication Socket.
[    8.711566] systemd[1]: Listening on initctl Compatibility Named Pipe.
[    8.712389] systemd[1]: Listening on Journal Audit Socket.
[    8.712967] systemd[1]: Listening on Journal Socket (/dev/log).
[    8.713669] systemd[1]: Listening on Journal Socket.
[    8.714340] systemd[1]: Listening on udev Control Socket.
[    8.714832] systemd[1]: Listening on udev Kernel Socket.
[    8.720529] systemd[1]: Mounting Huge Pages File System...
[    8.726138] systemd[1]: Mounting POSIX Message Queue File System...
[    8.731615] systemd[1]: Mounting Kernel Debug File System...
[    8.737871] systemd[1]: Mounting Kernel Trace File System...
[    8.744065] systemd[1]: Starting Availability of block devices...
[    8.749779] systemd[1]: Starting Wait for network to be configured by ifupdown...
[    8.756107] systemd[1]: Starting Create list of static device nodes for the current kernel...
[    8.761224] systemd[1]: Starting Monitoring of LVM2 mirrors, snapshots etc. using dmeventd or progress polling...
[    8.766381] systemd[1]: Starting Load Kernel Module drm...
[    8.771954] systemd[1]: Starting nftables...
[    8.800168] systemd[1]: Condition check resulted in Set Up Additional Binary Formats being skipped.
[    8.800407] systemd[1]: Condition check resulted in File System Check on Root Device being skipped.
[    8.808805] systemd[1]: Starting Journal Service...
[    8.833766] systemd[1]: Starting Load Kernel Modules...
[    8.839199] systemd[1]: Starting Remount Root and Kernel File Systems...
[    8.844462] systemd[1]: Starting udev Coldplug all Devices...
[    8.849924] systemd[1]: Mounted Huge Pages File System.
[    8.850827] systemd[1]: Mounted POSIX Message Queue File System.
[    8.851649] systemd[1]: Mounted Kernel Debug File System.
[    8.852470] systemd[1]: Mounted Kernel Trace File System.
[    8.855579] systemd[1]: Finished Availability of block devices.
[    8.858888] systemd[1]: Finished Wait for network to be configured by ifupdown.
[    8.861986] systemd[1]: Finished Create list of static device nodes for the current kernel.
[    8.863527] systemd[1]: modprobe@drm.service: Succeeded.
[    8.866547] systemd[1]: Finished Load Kernel Module drm.
[    9.010619] EXT4-fs (vdiska2): re-mounted. Opts: errors=remount-ro
[    9.015555] systemd[1]: Finished Load Kernel Modules.
[    9.018540] systemd[1]: Finished Remount Root and Kernel File Systems.
[    9.019524] systemd[1]: Condition check resulted in FUSE Control File System being skipped.
[    9.019799] systemd[1]: Condition check resulted in Kernel Configuration File System being skipped.
[    9.104173] systemd[1]: Starting Initial Check File System Quotas...
[    9.153312] systemd[1]: Condition check resulted in Rebuild Hardware Database being skipped.
[    9.158656] systemd[1]: Starting Load/Save Random Seed...
[    9.164063] systemd[1]: Starting Apply Kernel Variables...
[    9.169629] systemd[1]: Starting Create System Users...
[    9.171008] systemd[1]: Started Journal Service.
[    9.283371] systemd-journald[549]: Received client request to flush runtime journal.
[   10.777464] sha1_sparc64: Using sparc64 sha1 opcode optimized SHA-1 implementation
[   10.848431] n2rng v0.3 (Jan 7, 2017)
[   10.848481] n2rng f029b104: Registered RNG HVAPI major 2 minor 0
[   10.848513] n2rng f029b104: Found multi-unit-capable RNG, units: 2
[   10.848891] n2rng f029b104: RNG ready
[   10.965542] sha256_sparc64: Using sparc64 sha256 opcode optimized SHA-256/SHA-224 implementation
[   11.017008] pktcdvd: setup of pktcdvd device failed
[   11.042340] pktcdvd: setup of pktcdvd device failed
[   11.044618] pktcdvd: setup of pktcdvd device failed
[   11.051385] pktcdvd: setup of pktcdvd device failed
[   11.053856] pktcdvd: setup of pktcdvd device failed
[   11.056636] pktcdvd: setup of pktcdvd device failed
[   11.059355] pktcdvd: setup of pktcdvd device failed
[   11.061805] pktcdvd: setup of pktcdvd device failed
[   11.152573] sha512_sparc64: Using sparc64 sha512 opcode optimized SHA-512/SHA-384 implementation
[   11.171555] md5_sparc64: Using sparc64 md5 opcode optimized MD5 implementation
[   11.265455] XFS (dm-0): Mounting V5 Filesystem
[   11.339362] XFS (dm-0): Ending clean mount
[   11.341078] xfs filesystem being mounted at /1 supports timestamps until 2038 (0x7fffffff)
[   11.395354] Adding 787176k swap on /dev/vdiska4.  Priority:-2 extents:1 across:787176k FS
[   11.605369] EXT4-fs (vdiska1): mounting ext3 file system using the ext4 subsystem
[   11.821291] EXT4-fs (vdiska1): mounted filesystem with ordered data mode. Opts: (null)
[   11.821432] ext3 filesystem being mounted at /boot supports timestamps until 2038 (0x7fffffff)
[   12.723655] Kernel unaligned access at TPC[892378] aa_dfa_unpack+0x38/0x5a0
[   12.723707] Kernel unaligned access at TPC[892398] aa_dfa_unpack+0x58/0x5a0
[   12.723744] Kernel unaligned access at TPC[892454] aa_dfa_unpack+0x114/0x5a0
[   12.723782] Kernel unaligned access at TPC[892534] aa_dfa_unpack+0x1f4/0x5a0
[   12.723818] Kernel unaligned access at TPC[892548] aa_dfa_unpack+0x208/0x5a0
[   12.725578] audit: type=1400 audit(1585822470.400:2): apparmor="STATUS" operation="profile_load" profile="unconfined" name="/usr/sbin/haveged" pid=750 comm="apparmor_parser"
[   12.725918] audit: type=1400 audit(1585822470.400:3): apparmor="STATUS" operation="profile_load" profile="unconfined" name="lsb_release" pid=755 comm="apparmor_parser"
[   12.731569] audit: type=1400 audit(1585822470.400:4): apparmor="STATUS" operation="profile_load" profile="unconfined" name="nvidia_modprobe" pid=751 comm="apparmor_parser"
[   12.731633] audit: type=1400 audit(1585822470.400:5): apparmor="STATUS" operation="profile_load" profile="unconfined" name="nvidia_modprobe//kmod" pid=751 comm="apparmor_parser"
[   12.791791] audit: type=1400 audit(1585822470.460:6): apparmor="STATUS" operation="profile_load" profile="unconfined" name="/usr/bin/man" pid=752 comm="apparmor_parser"
[   12.791874] audit: type=1400 audit(1585822470.460:7): apparmor="STATUS" operation="profile_load" profile="unconfined" name="man_filter" pid=752 comm="apparmor_parser"
[   12.791942] audit: type=1400 audit(1585822470.460:8): apparmor="STATUS" operation="profile_load" profile="unconfined" name="man_groff" pid=752 comm="apparmor_parser"
[   12.812375] audit: type=1400 audit(1585822470.480:9): apparmor="STATUS" operation="profile_load" profile="unconfined" name="/usr/sbin/named" pid=754 comm="apparmor_parser"
[   12.816925] audit: type=1400 audit(1585822470.490:10): apparmor="STATUS" operation="profile_load" profile="unconfined" name="/usr/sbin/tcpdump" pid=753 comm="apparmor_parser"
[   13.530554] random: crng init done
[   13.530587] random: 6 urandom warning(s) missed due to ratelimiting
