[    0.000018] PROMLIB: Sun IEEE Boot Prom 'OBP 4.38.12 2018/03/28 14:54'
[    0.000029] PROMLIB: Root node compatible: sun4v
[    0.000078] Linux version 5.5.0-03996-gb3a608222336 (mator@ttip) (gcc version 9.2.1 20200123 (Debian 9.2.1-25)) #1341 SMP Wed Jan 29 13:45:19 MSK 2020
[    0.000392] printk: bootconsole [earlyprom0] enabled
[    0.000444] ARCH: SUN4V
[    0.000493] Ethernet address: 00:14:4f:fa:06:f2
[    0.000546] MM: PAGE_OFFSET is 0xfff8000000000000 (max_phys_bits == 47)
[    0.000611] MM: VMALLOC [0x0000000100000000 --> 0x0006000000000000]
[    0.000673] MM: VMEMMAP [0x0006000000000000 --> 0x000c000000000000]
[    0.012206] Kernel: Using 5 locked TLB entries for main kernel image.
[    0.012275] Remapping the kernel... 
[    0.012302] done.
[    0.045832] OF stdout device is: /virtual-devices@100/console@1
[    0.045895] PROM: Built device tree with 88003 bytes of memory.
[    0.045956] MDESC: Size is 36960 bytes.
[    0.046072] PLATFORM: banner-name [SPARC T5-2]
[    0.046123] PLATFORM: name [ORCL,SPARC-T5-2]
[    0.046170] PLATFORM: hostid [84fa06f2]
[    0.046214] PLATFORM: serial# [0035260e]
[    0.046257] PLATFORM: stick-frequency [3b9aca00]
[    0.046305] PLATFORM: mac-address [144ffa06f2]
[    0.046351] PLATFORM: watchdog-resolution [1000 ms]
[    0.046402] PLATFORM: watchdog-max-timeout [31536000000 ms]
[    0.046458] PLATFORM: max-cpus [1024]
[    0.046547] Top of RAM: 0x24af938000, Total RAM: 0x87f354000
[    0.046609] Memory hole size: 115461MB
[    0.051260] Allocated 40960 bytes for kernel page tables.
[    0.051347] Zone ranges:
[    0.051387]   Normal   [mem 0x0000000030400000-0x00000024af937fff]
[    0.051452] Movable zone start for each node
[    0.051498] Early memory node ranges
[    0.051539]   node   0: [mem 0x0000000030400000-0x000000006fe7ffff]
[    0.051602]   node   0: [mem 0x000000006ff00000-0x000000006ff25fff]
[    0.051665]   node   0: [mem 0x0000000070000000-0x000000042fffffff]
[    0.051727]   node   0: [mem 0x0000002030000000-0x00000024af87ffff]
[    0.051788]   node   0: [mem 0x00000024af900000-0x00000024af925fff]
[    0.051849]   node   0: [mem 0x00000024af930000-0x00000024af937fff]
[    0.059236] Zeroed struct page in unavailable ranges: 230130 pages
[    0.059244] Initmem setup node 0 [mem 0x0000000030400000-0x00000024af937fff]
[    0.059403] On node 0 totalpages: 4454826
[    0.059413]   Normal zone: 39154 pages used for memmap
[    0.059418]   Normal zone: 0 pages reserved
[    0.059424]   Normal zone: 4454826 pages, LIFO batch:31
[    0.070250] Booting Linux...
[    0.070331] CPU CAPS: [flush,stbar,swap,muldiv,v9,blkinit,n2,mul32]
[    0.070413] CPU CAPS: [div32,v8plus,popc,vis,vis2,ASIBlkInit,fmaf,vis3]
[    0.070490] CPU CAPS: [hpc,ima,pause,cbcond,aes,des,kasumi,camellia]
[    0.070564] CPU CAPS: [md5,sha1,sha256,sha512,mpmul,montmul,montsqr,crc32c]
[    0.100484] percpu: Embedded 27 pages/cpu s182344 r8192 d30648 u262144
[    0.100713] pcpu-alloc: s182344 r8192 d30648 u262144 alloc=1*4194304
[    0.100720] pcpu-alloc: [0] 000 001 002 003 004 005 006 007 008 009 010 011 012 013 014 015 
[    0.100747] pcpu-alloc: [0] 016 017 018 019 020 021 022 023 024 025 026 027 028 029 030 031 
[    0.100775] pcpu-alloc: [0] 032 033 034 035 036 037 038 039 040 041 042 043 044 045 046 047 
[    0.100802] pcpu-alloc: [0] 048 049 050 051 052 053 054 055 056 057 058 059 060 061 062 063 
[    0.100829] pcpu-alloc: [0] 064 065 066 067 068 069 070 071 072 073 074 075 076 077 078 079 
[    0.100857] pcpu-alloc: [0] 080 081 082 083 084 085 086 087 088 089 090 091 092 093 094 095 
[    0.100884] pcpu-alloc: [0] 096 097 098 099 100 101 102 103 104 105 106 107 108 109 110 111 
[    0.100911] pcpu-alloc: [0] 112 113 114 115 116 117 118 119 120 121 122 123 124 125 126 127 
[    0.101434] SUN4V: Mondo queue sizes [cpu(131072) dev(16384) r(8192) nr(256)]
[    0.101807] Built 1 zonelists, mobility grouping on.  Total pages: 4415672
[    0.101894] Kernel command line: BOOT_IMAGE=/vmlinux-5.5.0-03996-gb3a608222336 root=/dev/vdiska2 ro zswap.enabled=1
[    0.104287] printk: log_buf_len individual max cpu contribution: 4096 bytes
[    0.104357] printk: log_buf_len total cpu_extra contributions: 520192 bytes
[    0.104425] printk: log_buf_len min size: 131072 bytes
[    0.104701] printk: log_buf_len: 1048576 bytes
[    0.104752] printk: early log buf free: 126648(96%)
[    0.111070] Dentry cache hash table entries: 8388608 (order: 13, 67108864 bytes, linear)
[    0.114304] Inode-cache hash table entries: 4194304 (order: 12, 33554432 bytes, linear)
[    0.114379] Sorting __ex_table...
[    0.114641] mem auto-init: stack:off, heap alloc:off, heap free:off
[    0.173069] Memory: 1305232K/35638608K available (7654K kernel code, 1034K rwdata, 2296K rodata, 632K init, 6742K bss, 508880K reserved, 0K cma-reserved)
[    0.173740] SLUB: HWalign=32, Order=0-3, MinObjects=0, CPUs=128, Nodes=1
[    0.174041] ftrace: allocating 21453 entries in 42 pages
[    0.182109] ftrace: allocated 42 pages with 3 groups
[    0.184864] Running RCU self tests
[    0.184933] rcu: Hierarchical RCU implementation.
[    0.184985] rcu: 	RCU event tracing is enabled.
[    0.185033] rcu: 	RCU lockdep checking is enabled.
[    0.185084] 	Tasks RCU enabled.
[    0.185121] rcu: RCU calculated value of scheduler-enlistment delay is 10 jiffies.
[    0.189335] NR_IRQS: 2048, nr_irqs: 2048, preallocated irqs: 1
[    0.189410] SUN4V: Using IRQ API major 3, cookie only virqs enabled
[    0.191852] clocksource: stick: mask: 0xffffffffffffffff max_cycles: 0x1cd42e4dffb, max_idle_ns: 881590591483 ns
[    0.191982] clocksource: mult[800000] shift[23]
[    0.192030] clockevent: mult[80000000] shift[31]
[    0.192553] Console: colour dummy device 80x25
[    0.192615] printk: console [tty0] enabled
[    0.192689] printk: bootconsole [earlyprom0] disabled
[    0.192774] Lock dependency validator: Copyright (c) 2006 Red Hat, Inc., Ingo Molnar
[    0.192822] ... MAX_LOCKDEP_SUBCLASSES:  8
[    0.192852] ... MAX_LOCK_DEPTH:          48
[    0.192882] ... MAX_LOCKDEP_KEYS:        8192
[    0.192912] ... CLASSHASH_SIZE:          4096
[    0.192943] ... MAX_LOCKDEP_ENTRIES:     16384
[    0.192974] ... MAX_LOCKDEP_CHAINS:      32768
[    0.193005] ... CHAINHASH_SIZE:          16384
[    0.193035]  memory used by lock dependency info: 3855 kB
[    0.193071]  memory used for stack traces: 2112 kB
[    0.193103]  per task-struct memory footprint: 1920 bytes
[    0.342245] Calibrating delay using timer specific routine.. 2003.73 BogoMIPS (lpj=10018653)
[    0.342301] pid_max: default: 131072 minimum: 1024
[    0.342557] LSM: Security Framework initializing
[    0.342694] AppArmor: AppArmor initialized
[    0.342965] Mount-cache hash table entries: 131072 (order: 7, 1048576 bytes, linear)
[    0.343129] Mountpoint-cache hash table entries: 131072 (order: 7, 1048576 bytes, linear)
[    0.343255] *** VALIDATE tmpfs ***
[    0.344104] *** VALIDATE proc ***
[    0.344599] *** VALIDATE cgroup1 ***
[    0.344631] *** VALIDATE cgroup2 ***
[    0.346703] rcu: Hierarchical SRCU implementation.
[    0.354634] smp: Bringing up secondary CPUs ...
[    0.398133] smp: Brought up 1 node, 32 CPUs
[    0.588520] node 0 initialised, 4228062 pages in 190ms
[    0.589844] devtmpfs: initialized
[    0.594530] Performance events: 
[    0.594576] Testing NMI watchdog ... 
[    0.794650] OK.
[    0.794765] Supported PMU type is 'niagara5'
[    0.794956] random: get_random_u32 called from bucket_table_alloc.isra.0+0x188/0x1c0 with crng_init=0
[    0.795636] ldc.c:v1.1 (July 22, 2008)
[    0.798010] clocksource: jiffies: mask: 0xffffffff max_cycles: 0xffffffff, max_idle_ns: 19112604462750000 ns
[    0.798099] futex hash table entries: 32768 (order: 9, 4194304 bytes, linear)
[    0.803080] NET: Registered protocol family 16
[    0.811415] VIO: Adding device channel-devices (tx_ino = ffffffffffffffff, rx_ino = ffffffffffffffff)
[    0.811624] VIO: Adding device vnet-port-0-0 (tx_ino = 0, rx_ino = 1)
[    0.811822] VIO: Adding device vnet-port-0-1 (tx_ino = 2, rx_ino = 3)
[    0.811989] VIO: Adding device vnet-port-0-2 (tx_ino = 4, rx_ino = 5)
[    0.812160] VIO: Adding device vnet-port-0-4 (tx_ino = 8, rx_ino = 9)
[    0.812325] VIO: Adding device vnet-port-0-5 (tx_ino = a, rx_ino = b)
[    0.812489] VIO: Adding device vnet-port-0-6 (tx_ino = c, rx_ino = d)
[    0.812653] VIO: Adding device vdc-port-3-0 (tx_ino = e, rx_ino = f)
[    0.812823] VIO: Adding device vdc-port-2-0 (tx_ino = 10, rx_ino = 11)
[    0.812987] VIO: Adding device vdc-port-1-0 (tx_ino = 12, rx_ino = 13)
[    0.813151] VIO: Adding device vdc-port-0-0 (tx_ino = 14, rx_ino = 15)
[    0.813321] VIO: Adding device vdc-port-4-0 (tx_ino = 16, rx_ino = 17)
[    0.813487] VIO: Adding device vlds-port-0-0 (tx_ino = 18, rx_ino = 19)
[    0.813654] VIO: Adding device domain-services-port-0 (tx_ino = 18, rx_ino = 19)
[    0.813926] audit: initializing netlink subsys (disabled)
[    0.814187] audit: type=2000 audit(0.420:1): state=initialized audit_enabled=0 res=1
[    0.838822] HugeTLB registered 64.0 KiB page size, pre-allocated 0 pages
[    0.838870] HugeTLB registered 8.00 MiB page size, pre-allocated 0 pages
[    0.838915] HugeTLB registered 256 MiB page size, pre-allocated 0 pages
[    0.838960] HugeTLB registered 2.00 GiB page size, pre-allocated 0 pages
[    0.840552] alg: extra crypto tests enabled.  This is intended for developer use only.
[    0.866148] cryptd: max_cpu_qlen set to 1000
[    0.973624] NetLabel: Initializing
[    0.973658] NetLabel:  domain hash size = 128
[    0.973691] NetLabel:  protocols = UNLABELED CIPSOv4 CALIPSO
[    0.973814] NetLabel:  unlabeled traffic allowed by default
[    0.974776] SUN4V: Reboot data supported (maj=1,min=0).
[    0.975179] ds.c:v1.0 (Jul 11, 2007)
[    0.975510] ds-0: ds_conn_reset() from send_events.isra.0
[    0.976957] clocksource: Switched to clocksource stick
[    1.174537] *** VALIDATE bpf ***
[    1.175772] VFS: Disk quotas dquot_6.6.0
[    1.175894] VFS: Dquot-cache hash table entries: 1024 (order 0, 8192 bytes)
[    1.176095] *** VALIDATE ramfs ***
[    1.176146] *** VALIDATE hugetlbfs ***
[    1.177729] AppArmor: AppArmor Filesystem Enabled
[    1.190237] NET: Registered protocol family 2
[    1.192090] tcp_listen_portaddr_hash hash table entries: 32768 (order: 8, 2359296 bytes, linear)
[    1.194976] TCP established hash table entries: 524288 (order: 9, 4194304 bytes, linear)
[    1.197021] TCP bind hash table entries: 65536 (order: 9, 4194304 bytes, linear)
[    1.203144] TCP: Hash tables configured (established 524288 bind 65536)
[    1.205528] UDP hash table entries: 32768 (order: 9, 5242880 bytes, linear)
[    1.212022] UDP-Lite hash table entries: 32768 (order: 9, 5242880 bytes, linear)
[    1.220239] NET: Registered protocol family 1
[    1.220303] NET: Registered protocol family 44
[    1.220982] Trying to unpack rootfs image as initramfs...
[    1.416648] Freeing initrd memory: 14768K
[    1.417368] aes_sparc64: Using sparc64 aes opcodes optimized AES implementation
[    1.694085] des_sparc64: Using sparc64 des opcodes optimized DES implementation
[    2.204422] camellia_sparc64: Using sparc64 camellia opcodes optimized CAMELLIA implementation
[    2.390357] workingset: timestamp_bits=46 max_order=23 bucket_order=0
[    2.410871] SGI XFS with ACLs, security attributes, quota, fatal assert, debug enabled
[    2.416738] *** VALIDATE xfs ***
[    2.430629] Block layer SCSI generic (bsg) driver version 0.4 loaded (major 252)
[    2.431387] io scheduler mq-deadline registered
[    2.434059] f029b788: ttyHV0 at I/O 0x0 (irq = 1, base_baud = 115200) is a SUN4V HCONS
[    2.440978] printk: console [ttyHV0] enabled
[    2.444498] sunvdc.c:v1.2 (November 24, 2014)
[    2.446042] sunvdc: Virtual CDROM vdiskd
[    2.446084] sunvdc: vdiskd: 403160 sectors (196 MB) protocol 1.2
[    2.447808]  vdiskd: vdiskd1 vdiskd2 vdiskd3 vdiskd4 vdiskd5 vdiskd6 vdiskd7
[    2.467683] sunvdc: Virtual Hard disk vdiskc
[    2.467723] sunvdc: vdiskc: 104857600 sectors (51200 MB) protocol 1.2
[    2.486708] sunvdc: Virtual Hard disk vdiskb
[    2.486748] sunvdc: vdiskb: 62914560 sectors (30720 MB) protocol 1.2
[    2.487949]  vdiskb: vdiskb1
[    2.505944] sunvdc: Virtual Hard disk vdiska
[    2.505983] sunvdc: vdiska: 31457280 sectors (15360 MB) protocol 1.2
[    2.507335]  vdiska: vdiska1 vdiska2 vdiska3 vdiska4
[    2.526239] sunvdc: Virtual Hard disk vdiske
[    2.526278] sunvdc: vdiske: 20971520 sectors (10240 MB) protocol 1.2
[    2.527628]  vdiske: vdiske1 vdiske2
[    2.544683] sunvnet: sunvnet 2.0 (February 3, 2017)
[    2.546801] vnet_port vnet-port-0-0 eth0: Sun LDOM vnet 00:14:4f:f8:12:a3
[    2.547065] sunvnet: eth0: PORT ( remote-mac 00:14:4f:fa:f3:f0 switch-port )
[    2.547414] sunvnet: eth0: PORT ( remote-mac 00:14:4f:f8:e5:f3 )
[    2.547749] sunvnet: eth0: PORT ( remote-mac 00:14:4f:f9:b4:97 )
[    2.548082] sunvnet: eth0: PORT ( remote-mac 00:14:4f:f8:3f:1e )
[    2.548432] sunvnet: eth0: PORT ( remote-mac 00:14:4f:f8:fe:47 )
[    2.548898] sunvnet: eth0: PORT ( remote-mac 00:14:4f:f9:8b:83 )
[    2.550086] rtc-sun4v rtc-sun4v: registered as rtc0
[    2.550605] sun4v_wdt: initialized (timeout=60s, nowayout=0)
[    2.550981] device-mapper: uevent: version 1.0.3
[    2.551935] device-mapper: ioctl: 4.41.0-ioctl (2019-09-16) initialised: dm-devel@redhat.com
[    2.552912] NET: Registered protocol family 17
[    2.553479] registered taskstats version 1
[    2.561109] zswap: default zpool zbud not available
[    2.561162] zswap: pool creation failed
[    2.890546] Key type big_key registered
[    2.890614] AppArmor: AppArmor sha1 policy hashing enabled
[    2.891381] rtc-sun4v rtc-sun4v: setting system clock to 2020-01-29T10:51:00 UTC (1580295060)
[    2.895781] This architecture does not have kernel memory protection.
[    2.895828] Run /init as init process
[    3.405958] crc32c_sparc64: Using sparc64 crc32c opcode optimized CRC32C implementation
[    3.433264] random: fast init done
[    3.445568] md127: WARNING: vdiske1 appears to be on the same physical disk as vdiske2.
[    3.445651] True protection against single-disk failure might be compromised.
[    3.446320] md/raid1:md127: active with 2 out of 2 mirrors
[    3.446659] md127: detected capacity change from 0 to 26148864
[    3.956912] raid6: int64x8  gen()  2160 MB/s
[    4.126912] raid6: int64x8  xor()  1538 MB/s
[    4.296919] raid6: int64x4  gen()  3429 MB/s
[    4.466907] raid6: int64x4  xor()  1480 MB/s
[    4.636910] raid6: int64x2  gen()  2793 MB/s
[    4.806929] raid6: int64x2  xor()  1165 MB/s
[    4.976919] raid6: int64x1  gen()  1371 MB/s
[    5.146921] raid6: int64x1  xor()   667 MB/s
[    5.146958] raid6: using algorithm int64x4 gen() 3429 MB/s
[    5.146998] raid6: .... xor() 1480 MB/s, rmw enabled
[    5.147035] raid6: using intx1 recovery algorithm
[    5.147957] async_tx: api initialized (async)
[    5.148536] xor: automatically using best checksumming function   Niagara   
[    5.318222] EXT4-fs (vdiska2): mounted filesystem with ordered data mode. Opts: (null)
[    5.536285] systemd[1]: Inserted module 'autofs4'
[    5.549744] NET: Registered protocol family 10
[    5.555766] Segment Routing with IPv6
[    5.575168] systemd[1]: systemd 244.1-1 running in system mode. (+PAM +AUDIT +SELINUX +IMA +APPARMOR +SMACK +SYSVINIT +UTMP +LIBCRYPTSETUP +GCRYPT +GNUTLS +ACL +XZ +LZ4 -SECCOMP +BLKID +ELFUTILS +KMOD +IDN2 -IDN +PCRE2 default-hierarchy=hybrid)
[    5.575787] systemd[1]: Detected architecture sparc64.
[    5.682326] systemd[1]: Set hostname to <ttip>.
[    5.692606] systemd[1]: Couldn't move remaining userspace processes, ignoring: Input/output error
[    5.758708] random: lvmconfig: uninitialized urandom read (4 bytes read)
[    6.004644] systemd[1]: /lib/systemd/system/dbus.socket:5: ListenStream= references a path below legacy directory /var/run/, updating /var/run/dbus/system_bus_socket â†’ /run/dbus/system_bus_socket; please update the unit file accordingly.
[    6.068955] random: systemd: uninitialized urandom read (16 bytes read)
[    6.080240] systemd[1]: Created slice system-getty.slice.
[    6.080924] random: systemd: uninitialized urandom read (16 bytes read)
[    6.084395] systemd[1]: Created slice system-openvpn\x2dclient.slice.
[    6.088310] systemd[1]: Created slice system-postfix.slice.
[    6.093513] systemd[1]: Created slice system-systemd\x2dfsck.slice.
[    6.097753] systemd[1]: Created slice User and Session Slice.
[    6.098638] systemd[1]: Started Dispatch Password Requests to Console Directory Watch.
[    6.099461] systemd[1]: Started Forward Password Requests to Wall Directory Watch.
[    6.101550] systemd[1]: Set up automount Arbitrary Executable File Formats File System Automount Point.
[    6.102094] systemd[1]: Reached target Local Encrypted Volumes.
[    6.102563] systemd[1]: Reached target Paths.
[    6.103003] systemd[1]: Reached target Remote File Systems.
[    6.103442] systemd[1]: Reached target Slices.
[    6.104380] systemd[1]: Listening on Device-mapper event daemon FIFOs.
[    6.105421] systemd[1]: Listening on LVM2 poll daemon socket.
[    6.107508] systemd[1]: Listening on Syslog Socket.
[    6.108484] systemd[1]: Listening on fsck to fsckd communication Socket.
[    6.109233] systemd[1]: Listening on initctl Compatibility Named Pipe.
[    6.110452] systemd[1]: Listening on Journal Audit Socket.
[    6.111430] systemd[1]: Listening on Journal Socket (/dev/log).
[    6.112579] systemd[1]: Listening on Journal Socket.
[    6.113645] systemd[1]: Listening on udev Control Socket.
[    6.114464] systemd[1]: Listening on udev Kernel Socket.
[    6.123447] systemd[1]: Mounting Huge Pages File System...
[    6.132054] systemd[1]: Mounting POSIX Message Queue File System...
[    6.140948] systemd[1]: Mounting Kernel Debug File System...
[    6.149290] systemd[1]: Starting Availability of block devices...
[    6.162307] systemd[1]: Starting Wait for network to be configured by ifupdown...
[    6.170749] systemd[1]: Starting Create list of static device nodes for the current kernel...
[    6.179066] systemd[1]: Starting Monitoring of LVM2 mirrors, snapshots etc. using dmeventd or progress polling...
[    6.187304] systemd[1]: Starting nftables...
[    6.188844] systemd[1]: Condition check resulted in Set Up Additional Binary Formats being skipped.
[    6.189044] systemd[1]: Condition check resulted in File System Check on Root Device being skipped.
[    6.200600] systemd[1]: Starting Journal Service...
[    6.211044] systemd[1]: Starting Load Kernel Modules...
[    6.221216] systemd[1]: Starting Remount Root and Kernel File Systems...
[    6.235091] systemd[1]: Starting udev Coldplug all Devices...
[    6.248960] systemd[1]: Mounted Huge Pages File System.
[    6.251976] systemd[1]: Mounted POSIX Message Queue File System.
[    6.254854] systemd[1]: Mounted Kernel Debug File System.
[    6.267928] systemd[1]: Started Availability of block devices.
[    6.276772] systemd[1]: Started Wait for network to be configured by ifupdown.
[    6.285665] systemd[1]: Started Create list of static device nodes for the current kernel.
[    6.286630] EXT4-fs (vdiska2): re-mounted. Opts: errors=remount-ro
[    6.298773] systemd[1]: Started Load Kernel Modules.
[    6.300695] systemd[1]: Condition check resulted in FUSE Control File System being skipped.
[    6.301107] systemd[1]: Condition check resulted in Kernel Configuration File System being skipped.
[    6.310250] systemd[1]: Starting Apply Kernel Variables...
[    6.311576] systemd[1]: Started Journal Service.
[    6.377657] systemd-journald[556]: Received client request to flush runtime journal.
[    6.768095] sha1_sparc64: Using sparc64 sha1 opcode optimized SHA-1 implementation
[    6.772017] n2rng v0.3 (Jan 7, 2017)
[    6.772120] n2rng f029b104: Registered RNG HVAPI major 2 minor 0
[    6.772210] n2rng f029b104: Found multi-unit-capable RNG, units: 2
[    6.773377] n2rng f029b104: RNG ready
[    6.817452] pktcdvd: setup of pktcdvd device failed
[    6.868184] pktcdvd: setup of pktcdvd device failed
[    6.872252] pktcdvd: setup of pktcdvd device failed
[    6.876166] pktcdvd: setup of pktcdvd device failed
[    6.880198] pktcdvd: setup of pktcdvd device failed
[    6.884250] pktcdvd: setup of pktcdvd device failed
[    6.888120] pktcdvd: setup of pktcdvd device failed
[    6.891715] pktcdvd: setup of pktcdvd device failed
[    6.964276] sha256_sparc64: Using sparc64 sha256 opcode optimized SHA-256/SHA-224 implementation
[    7.007751] Adding 787176k swap on /dev/vdiska4.  Priority:-2 extents:1 across:787176k FS
[    7.066018] EXT4-fs (vdiska1): mounting ext3 file system using the ext4 subsystem
[    7.080877] EXT4-fs (vdiska1): mounted filesystem with ordered data mode. Opts: (null)
[    7.081052] ext3 filesystem being mounted at /boot supports timestamps until 2038 (0x7fffffff)
[    7.116086] sha512_sparc64: Using sparc64 sha512 opcode optimized SHA-512/SHA-384 implementation
[    7.117810] md5_sparc64: Using sparc64 md5 opcode optimized MD5 implementation
[    7.199752] XFS (dm-0): Mounting V5 Filesystem
[    7.217323] XFS (dm-0): Ending clean mount
[    7.219704] xfs filesystem being mounted at /1 supports timestamps until 2038 (0x7fffffff)
[    7.329857] Kernel unaligned access at TPC[88a378] aa_dfa_unpack+0x38/0x5a0
[    7.330001] Kernel unaligned access at TPC[88a398] aa_dfa_unpack+0x58/0x5a0
[    7.330082] Kernel unaligned access at TPC[88a454] aa_dfa_unpack+0x114/0x5a0
[    7.330171] Kernel unaligned access at TPC[88a534] aa_dfa_unpack+0x1f4/0x5a0
[    7.330264] Kernel unaligned access at TPC[88a548] aa_dfa_unpack+0x208/0x5a0
[    7.333057] audit: type=1400 audit(1580295064.930:2): apparmor="STATUS" operation="profile_load" profile="unconfined" name="/usr/sbin/haveged" pid=729 comm="apparmor_parser"
[    7.335024] audit: type=1400 audit(1580295064.930:3): apparmor="STATUS" operation="profile_load" profile="unconfined" name="lsb_release" pid=734 comm="apparmor_parser"
[    7.339717] audit: type=1400 audit(1580295064.940:4): apparmor="STATUS" operation="profile_load" profile="unconfined" name="/usr/sbin/named" pid=733 comm="apparmor_parser"
[    7.340810] audit: type=1400 audit(1580295064.940:5): apparmor="STATUS" operation="profile_load" profile="unconfined" name="nvidia_modprobe" pid=730 comm="apparmor_parser"
[    7.340991] audit: type=1400 audit(1580295064.940:6): apparmor="STATUS" operation="profile_load" profile="unconfined" name="nvidia_modprobe//kmod" pid=730 comm="apparmor_parser"
[    7.344443] audit: type=1400 audit(1580295064.940:7): apparmor="STATUS" operation="profile_load" profile="unconfined" name="/usr/sbin/tcpdump" pid=732 comm="apparmor_parser"
[    7.358616] audit: type=1400 audit(1580295064.960:8): apparmor="STATUS" operation="profile_load" profile="unconfined" name="/usr/bin/man" pid=731 comm="apparmor_parser"
[    7.358757] audit: type=1400 audit(1580295064.960:9): apparmor="STATUS" operation="profile_load" profile="unconfined" name="man_filter" pid=731 comm="apparmor_parser"
[    7.358894] audit: type=1400 audit(1580295064.960:10): apparmor="STATUS" operation="profile_load" profile="unconfined" name="man_groff" pid=731 comm="apparmor_parser"
[    7.920401] random: crng init done
[    7.920459] random: 7 urandom warning(s) missed due to ratelimiting
