[    0.000017] PROMLIB: Sun IEEE Boot Prom 'OBP 4.38.17 2019/01/25 08:22'
[    0.000039] PROMLIB: Root node compatible: sun4v
[    0.000095] Linux version 5.13.0-rc1-00108-g9efbb3558310 (mator@ttip) (gcc (Debian 10.2.1-6) 10.2.1 20210110, GNU ld (GNU Binutils for Debian) 2.35.2) #254 SMP Sun Jul 4 14:05:17 MSK 2021
[    0.000578] printk: bootconsole [earlyprom0] enabled
[    0.000661] ARCH: SUN4V
[    0.000728] Ethernet address: 00:14:4f:fa:06:f2
[    0.000807] MM: PAGE_OFFSET is 0xfff8000000000000 (max_phys_bits == 47)
[    0.000906] MM: VMALLOC [0x0000000100000000 --> 0x0006000000000000]
[    0.000998] MM: VMEMMAP [0x0006000000000000 --> 0x000c000000000000]
[    0.024992] Kernel: Using 5 locked TLB entries for main kernel image.
[    0.025173] Remapping the kernel... 
[    0.025242] done.
[    0.186859] OF stdout device is: /virtual-devices@100/console@1
[    0.187284] PROM: Built device tree with 79473 bytes of memory.
[    0.187682] MDESC: Size is 29712 bytes.
[    0.188239] PLATFORM: banner-name [SPARC T5-2]
[    0.188505] PLATFORM: name [ORCL,SPARC-T5-2]
[    0.188734] PLATFORM: hostid [84fa06f2]
[    0.188945] PLATFORM: serial# [0035260e]
[    0.189142] PLATFORM: stick-frequency [3b9aca00]
[    0.189363] PLATFORM: mac-address [144ffa06f2]
[    0.189575] PLATFORM: watchdog-resolution [1000 ms]
[    0.189789] PLATFORM: watchdog-max-timeout [31536000000 ms]
[    0.190015] PLATFORM: max-cpus [1024]
[    0.190311] Top of RAM: 0x22f948000, Total RAM: 0x1ff382000
[    0.190534] Memory hole size: 773MB
[    0.197630] Allocated 24576 bytes for kernel page tables.
[    0.198009] Zone ranges:
[    0.198194]   Normal   [mem 0x0000000030400000-0x000000022f947fff]
[    0.198527] Movable zone start for each node
[    0.198741] Early memory node ranges
[    0.198911]   node   0: [mem 0x0000000030400000-0x000000006febffff]
[    0.199206]   node   0: [mem 0x000000006ff40000-0x000000006ff47fff]
[    0.199472]   node   0: [mem 0x0000000070000000-0x000000022f8b1fff]
[    0.199724]   node   0: [mem 0x000000022f940000-0x000000022f947fff]
[    0.199972] Initmem setup node 0 [mem 0x0000000030400000-0x000000022f947fff]
[    0.200223] On node 0 totalpages: 1046977
[    0.200245]   Normal zone: 9204 pages used for memmap
[    0.200262]   Normal zone: 0 pages reserved
[    0.200278]   Normal zone: 1046977 pages, LIFO batch:31
[    0.229672]   Normal zone: 132671 pages in unavailable ranges
[    0.230144] Booting Linux...
[    0.230440] CPU CAPS: [flush,stbar,swap,muldiv,v9,blkinit,n2,mul32]
[    0.230986] CPU CAPS: [div32,v8plus,popc,vis,vis2,ASIBlkInit,fmaf,vis3]
[    0.231485] CPU CAPS: [hpc,ima,pause,cbcond,aes,des,kasumi,camellia]
[    0.231938] CPU CAPS: [md5,sha1,sha256,sha512,mpmul,montmul,montsqr,crc32c]
[    0.450095] percpu: Embedded 20 pages/cpu s119504 r8192 d36144 u262144
[    0.451550] pcpu-alloc: s119504 r8192 d36144 u262144 alloc=1*4194304
[    0.451602] pcpu-alloc: [0] 000 001 002 003 004 005 006 007 008 009 010 011 012 013 014 015 
[    0.451934] pcpu-alloc: [0] 016 017 018 019 020 021 022 023 024 025 026 027 028 029 030 031 
[    0.452288] pcpu-alloc: [0] 032 033 034 035 036 037 038 039 040 041 042 043 044 045 046 047 
[    0.452672] pcpu-alloc: [0] 048 049 050 051 052 053 054 055 056 057 058 059 060 061 062 063 
[    0.453083] pcpu-alloc: [0] 064 065 066 067 068 069 070 071 072 073 074 075 076 077 078 079 
[    0.453494] pcpu-alloc: [0] 080 081 082 083 084 085 086 087 088 089 090 091 092 093 094 095 
[    0.453905] pcpu-alloc: [0] 096 097 098 099 100 101 102 103 104 105 106 107 108 109 110 111 
[    0.454316] pcpu-alloc: [0] 112 113 114 115 116 117 118 119 120 121 122 123 124 125 126 127 
[    0.454728] pcpu-alloc: [0] 128 129 130 131 132 133 134 135 136 137 138 139 140 141 142 143 
[    0.455139] pcpu-alloc: [0] 144 145 146 147 148 149 150 151 152 153 154 155 156 157 158 159 
[    0.455551] pcpu-alloc: [0] 160 161 162 163 164 165 166 167 168 169 170 171 172 173 174 175 
[    0.455962] pcpu-alloc: [0] 176 177 178 179 180 181 182 183 184 185 186 187 188 189 190 191 
[    0.456374] pcpu-alloc: [0] 192 193 194 195 196 197 198 199 200 201 202 203 204 205 206 207 
[    0.456786] pcpu-alloc: [0] 208 209 210 211 212 213 214 215 216 217 218 219 220 221 222 223 
[    0.457198] pcpu-alloc: [0] 224 225 226 227 228 229 230 231 232 233 234 235 236 237 238 239 
[    0.457580] pcpu-alloc: [0] 240 241 242 243 244 245 246 247 248 249 250 251 252 253 254 255 
[    0.460988] SUN4V: Mondo queue sizes [cpu(131072) dev(16384) r(8192) nr(256)]
[    0.462691] Built 1 zonelists, mobility grouping on.  Total pages: 1037773
[    0.463140] Kernel command line: BOOT_IMAGE=/vmlinux-5.13.0-rc1-00108-g9efbb3558310 root=/dev/vdiska2 ro
[    0.464787] printk: log_buf_len individual max cpu contribution: 4096 bytes
[    0.465128] printk: log_buf_len total cpu_extra contributions: 1044480 bytes
[    0.465457] printk: log_buf_len min size: 131072 bytes
[    0.472319] printk: log_buf_len: 2097152 bytes
[    0.472636] printk: early log buf free: 126568(96%)
[    0.476240] Dentry cache hash table entries: 1048576 (order: 10, 8388608 bytes, linear)
[    0.478479] Inode-cache hash table entries: 524288 (order: 9, 4194304 bytes, linear)
[    0.478968] Sorting __ex_table...
[    0.480577] mem auto-init: stack:off, heap alloc:off, heap free:off
[    0.493007] Memory: 1261112K/8375816K available (8765K kernel code, 1696K rwdata, 2912K rodata, 632K init, 3134K bss, 205416K reserved, 0K cma-reserved)
[    0.493979] random: get_random_u64 called from kmem_cache_open+0xcc/0x3e0 with crng_init=0
[    0.497446] SLUB: HWalign=32, Order=0-3, MinObjects=0, CPUs=256, Nodes=1
[    0.499089] ftrace: allocating 27354 entries in 54 pages
[    0.550732] ftrace: allocated 54 pages with 4 groups
[    0.551790] trace event string verifier disabled
[    0.573399] rcu: Hierarchical RCU implementation.
[    0.573759] rcu: 	RCU debug extended QS entry/exit.
[    0.574110] 	Rude variant of Tasks RCU enabled.
[    0.574392] 	Tracing variant of Tasks RCU enabled.
[    0.574670] rcu: RCU calculated value of scheduler-enlistment delay is 26 jiffies.
[    0.611815] NR_IRQS: 2048, nr_irqs: 2048, preallocated irqs: 1
[    0.612319] SUN4V: Using IRQ API major 3, cookie only virqs enabled
[    0.633200] clocksource: stick: mask: 0xffffffffffffffff max_cycles: 0x1cd42e4dffb, max_idle_ns: 881590591483 ns
[    0.633926] clocksource: mult[800000] shift[23]
[    0.634232] clockevent: mult[80000000] shift[31]
[    0.636730] Console: colour dummy device 80x25
[    0.637038] printk: console [tty0] enabled
[    0.637447] printk: bootconsole [earlyprom0] disabled
[    0.637903] Lock dependency validator: Copyright (c) 2006 Red Hat, Inc., Ingo Molnar
[    0.638088] ... MAX_LOCKDEP_SUBCLASSES:  8
[    0.638202] ... MAX_LOCK_DEPTH:          48
[    0.638300] ... MAX_LOCKDEP_KEYS:        8192
[    0.638402] ... CLASSHASH_SIZE:          4096
[    0.638503] ... MAX_LOCKDEP_ENTRIES:     16384
[    0.638701] ... MAX_LOCKDEP_CHAINS:      32768
[    0.638805] ... CHAINHASH_SIZE:          16384
[    0.638905]  memory used by lock dependency info: 2603 kB
[    0.639008]  per task-struct memory footprint: 1920 bytes
[    0.719015] Calibrating delay using timer specific routine.. 2012.47 BogoMIPS (lpj=4024954)
[    0.719244] pid_max: default: 262144 minimum: 2048
[    0.720983] LSM: Security Framework initializing
[    0.721862] Mount-cache hash table entries: 16384 (order: 4, 131072 bytes, linear)
[    0.722131] Mountpoint-cache hash table entries: 16384 (order: 4, 131072 bytes, linear)
[    0.738671] rcu: Hierarchical SRCU implementation.
[    0.776837] smp: Bringing up secondary CPUs ...
[    0.872979] smp: Brought up 1 node, 24 CPUs
[    0.982690] node 0 deferred pages initialised in 104ms
[    0.985658] devtmpfs: initialized
[    1.000541] Performance events: 
[    1.000663] Testing NMI watchdog ... 
[    1.081047] OK.
[    1.081155] Supported PMU type is 'niagara5'
[    1.082621] ldc.c:v1.1 (July 22, 2008)
[    1.083750] clocksource: jiffies: mask: 0xffffffff max_cycles: 0xffffffff, max_idle_ns: 7645041785100000 ns
[    1.083835] futex hash table entries: 65536 (order: 10, 8388608 bytes, linear)
[    1.095683] NET: Registered protocol family 16
[    1.099869] VIO: Adding device channel-devices (tx_ino = ffffffffffffffff, rx_ino = ffffffffffffffff)
[    1.100006] VIO: Adding device vnet-port-0-0 (tx_ino = 0, rx_ino = 1)
[    1.100111] VIO: Adding device vnet-port-0-1 (tx_ino = 2, rx_ino = 3)
[    1.100209] VIO: Adding device vnet-port-0-2 (tx_ino = 4, rx_ino = 5)
[    1.100304] VIO: Adding device vnet-port-0-3 (tx_ino = 6, rx_ino = 7)
[    1.100399] VIO: Adding device vnet-port-0-4 (tx_ino = 8, rx_ino = 9)
[    1.100493] VIO: Adding device vdc-port-2-0 (tx_ino = a, rx_ino = b)
[    1.100587] VIO: Adding device vdc-port-1-0 (tx_ino = c, rx_ino = d)
[    1.100681] VIO: Adding device vdc-port-0-0 (tx_ino = e, rx_ino = f)
[    1.100779] VIO: Adding device vlds-port-0-0 (tx_ino = 10, rx_ino = 11)
[    1.100877] VIO: Adding device domain-services-port-0 (tx_ino = 10, rx_ino = 11)
[    1.101119] audit: initializing netlink subsys (disabled)
[    1.101366] audit: type=2000 audit(0.460:1): state=initialized audit_enabled=0 res=1
[    1.120389] HugeTLB registered 64.0 KiB page size, pre-allocated 0 pages
[    1.120431] HugeTLB registered 8.00 MiB page size, pre-allocated 0 pages
[    1.120469] HugeTLB registered 256 MiB page size, pre-allocated 0 pages
[    1.120508] HugeTLB registered 2.00 GiB page size, pre-allocated 0 pages
[    3.014963] SUN4V: Reboot data supported (maj=1,min=0).
[    3.016378] ds.c:v1.0 (Jul 11, 2007)
[    3.017595] ds-0: ds_conn_reset() from send_events
[    3.021083] clocksource: Switched to clocksource stick
[    3.525329] VFS: Disk quotas dquot_6.6.0
[    3.525693] VFS: Dquot-cache hash table entries: 1024 (order 0, 8192 bytes)
[    3.536390] NET: Registered protocol family 2
[    3.536740] IP idents hash table entries: 131072 (order: 7, 1048576 bytes, linear)
[    3.542552] tcp_listen_portaddr_hash hash table entries: 4096 (order: 5, 327680 bytes, linear)
[    3.543251] TCP established hash table entries: 65536 (order: 6, 524288 bytes, linear)
[    3.543991] TCP bind hash table entries: 65536 (order: 9, 4718592 bytes, linear)
[    3.554112] TCP: Hash tables configured (established 65536 bind 65536)
[    3.557676] UDP hash table entries: 4096 (order: 6, 655360 bytes, linear)
[    3.559811] UDP-Lite hash table entries: 4096 (order: 6, 655360 bytes, linear)
[    3.565062] NET: Registered protocol family 1
[    3.565129] NET: Registered protocol family 44
[    3.565681] Trying to unpack rootfs image as initramfs...
[    3.585456] Initialise system trusted keyrings
[    3.585884] workingset: timestamp_bits=46 max_order=20 bucket_order=0
[    3.641432] zbud: loaded
[    3.656097] SGI XFS with ACLs, security attributes, realtime, quota, no debug enabled
[    3.667888] Key type asymmetric registered
[    3.667953] Asymmetric key parser 'x509' registered
[    3.668055] Block layer SCSI generic (bsg) driver version 0.4 loaded (major 252)
[    3.669178] io scheduler mq-deadline registered
[    3.671132] f029b788: ttyHV0 at I/O 0x0 (irq = 1, base_baud = 115200) is a SUN4V HCONS
[    3.671963] printk: console [ttyHV0] enabled
[    3.673031] n2rng v0.3 (Jan 7, 2017)
[    3.673079] n2rng f029b104: Registered RNG HVAPI major 2 minor 0
[    3.673124] n2rng f029b104: Found multi-unit-capable RNG, units: 2
[    3.674828] n2rng f029b104: RNG ready
[    3.675608] sunvdc.c:v1.2 (November 24, 2014)
[    3.678018] sunvdc: Virtual Hard disk vdiskc
[    3.678052] sunvdc: vdiskc: 104857600 sectors (51200 MB) protocol 1.2
[    3.774096] sunvdc: Virtual Hard disk vdiskb
[    3.774256] sunvdc: vdiskb: 62914560 sectors (30720 MB) protocol 1.2
[    3.778093]  vdiskb: vdiskb1
[    3.838186] sunvdc: Virtual Hard disk vdiska
[    3.838301] sunvdc: vdiska: 31457280 sectors (15360 MB) protocol 1.2
[    3.840008]  vdiska: vdiska1 vdiska2 vdiska3 vdiska4
[    3.869968] rtc-sun4v rtc-sun4v: registered as rtc0
[    3.870065] rtc-sun4v rtc-sun4v: setting system clock to 2021-07-05T07:40:19 UTC (1625470819)
[    3.870433] rtc-test rtc-test.0: registered as rtc1
[    3.895919] rtc rtc2: invalid alarm value: 18446744073704833233-01-10T21:17:33
[    3.897258] rtc-test rtc-test.1: registered as rtc2
[    3.913264] rtc rtc3: invalid alarm value: 18446744073704833233-01-10T21:17:33
[    3.913470] rtc-test rtc-test.2: registered as rtc3
[    3.913809] softdog: initialized. soft_noboot=0 soft_margin=60 sec soft_panic=0 (nowayout=0)
[    3.913862] softdog:              soft_reboot_cmd=<not set> soft_active_on_boot=0
[    3.916113] NET: Registered protocol family 10
[    4.033383] Freeing initrd memory: 27056K
[    4.095533] Segment Routing with IPv6
[    4.095908] mip6: Mobile IPv6
[    4.096033] NET: Registered protocol family 17
[    4.124128] registered taskstats version 1
[    4.124313] Loading compiled-in X.509 certificates
[    4.160677] zswap: loaded using pool lzo/zbud
[    4.169974] This architecture does not have kernel memory protection.
[    4.170075] Run /init as init process
[    4.170133]   with arguments:
[    4.170147]     /init
[    4.170160]   with environment:
[    4.170172]     HOME=/
[    4.170185]     TERM=linux
[    4.170197]     BOOT_IMAGE=/vmlinux-5.13.0-rc1-00108-g9efbb3558310
[    5.614743] sunvnet_common: module verification failed: signature and/or required key missing - tainting kernel
[    5.618475] sunvnet: sunvnet 2.0 (February 3, 2017)
[    5.621329] vnet_port vnet-port-0-0 eth0: Sun LDOM vnet 00:14:4f:f8:12:a3
[    5.621552] sunvnet: eth0: PORT ( remote-mac 00:14:4f:fa:f3:f0 switch-port )
[    5.622028] sunvnet: eth0: PORT ( remote-mac 00:14:4f:f8:e5:f3 )
[    5.622437] sunvnet: eth0: PORT ( remote-mac 00:14:4f:f8:3f:1e )
[    5.622782] sunvnet: eth0: PORT ( remote-mac 00:14:4f:f9:b4:97 )
[    5.623073] sunvnet: eth0: PORT ( remote-mac 00:14:4f:f9:8b:83 )
[    5.636060] random: lvm: uninitialized urandom read (4 bytes read)
[    5.643173] crc32c_sparc64: Using sparc64 crc32c opcode optimized CRC32C implementation
[    5.668878] device-mapper: uevent: version 1.0.3
[    5.669286] device-mapper: ioctl: 4.45.0-ioctl (2021-03-22) initialised: dm-devel@redhat.com
[    5.673210] random: lvm: uninitialized urandom read (2 bytes read)
[    6.331481] xor: automatically using best checksumming function   Niagara   
[    6.404945] raid6: int64x8  gen()   476 MB/s
[    6.472988] raid6: int64x8  xor()   334 MB/s
[    6.540970] raid6: int64x4  gen()   752 MB/s
[    6.608958] raid6: int64x4  xor()   320 MB/s
[    6.676947] raid6: int64x2  gen()   640 MB/s
[    6.744962] raid6: int64x2  xor()   802 MB/s
[    6.813019] raid6: int64x1  gen()   853 MB/s
[    6.881030] raid6: int64x1  xor()   157 MB/s
[    6.881122] raid6: using algorithm int64x1 gen() 853 MB/s
[    6.881221] raid6: .... xor() 157 MB/s, rmw enabled
[    6.881310] raid6: using intx1 recovery algorithm
[    7.279228] random: fast init done
[    7.282389] EXT4-fs (vdiska2): mounted filesystem with ordered data mode. Opts: (null). Quota mode: none.
[    7.978023] systemd[1]: Inserted module 'autofs4'
[    8.110328] systemd[1]: systemd 247.3-5 running in system mode. (+PAM +AUDIT +SELINUX +IMA +APPARMOR +SMACK +SYSVINIT +UTMP +LIBCRYPTSETUP +GCRYPT +GNUTLS +ACL +XZ +LZ4 +ZSTD -SECCOMP +BLKID +ELFUTILS +KMOD +IDN2 -IDN +PCRE2 default-hierarchy=unified)
[    8.110899] systemd[1]: Detected architecture sparc64.
[    8.113221] systemd[1]: Set hostname to <ttip>.
[    8.239835] random: lvmconfig: uninitialized urandom read (4 bytes read)
[    8.710531] systemd[1]: Queued start job for default target Multi-User System.
[    8.711486] random: systemd: uninitialized urandom read (16 bytes read)
[    8.721842] systemd[1]: Created slice system-getty.slice.
[    8.722476] random: systemd: uninitialized urandom read (16 bytes read)
[    8.728447] systemd[1]: Created slice system-modprobe.slice.
[    8.734745] systemd[1]: Created slice system-openvpn\x2dclient.slice.
[    8.740954] systemd[1]: Created slice system-postfix.slice.
[    8.747276] systemd[1]: Created slice system-systemd\x2dfsck.slice.
[    8.754160] systemd[1]: Created slice User and Session Slice.
[    8.754946] systemd[1]: Started Dispatch Password Requests to Console Directory Watch.
[    8.755632] systemd[1]: Started Forward Password Requests to Wall Directory Watch.
[    8.758187] systemd[1]: Set up automount Arbitrary Executable File Formats File System Automount Point.
[    8.758684] systemd[1]: Reached target Local Encrypted Volumes.
[    8.759145] systemd[1]: Reached target Paths.
[    8.759520] systemd[1]: Reached target Slices.
[    8.760364] systemd[1]: Listening on Device-mapper event daemon FIFOs.
[    8.761260] systemd[1]: Listening on LVM2 poll daemon socket.
[    8.783480] systemd[1]: Listening on RPCbind Server Activation Socket.
[    8.785446] systemd[1]: Listening on Syslog Socket.
[    8.786356] systemd[1]: Listening on fsck to fsckd communication Socket.
[    8.786988] systemd[1]: Listening on initctl Compatibility Named Pipe.
[    8.788088] systemd[1]: Listening on Journal Audit Socket.
[    8.789094] systemd[1]: Listening on Journal Socket (/dev/log).
[    8.790187] systemd[1]: Listening on Journal Socket.
[    8.791245] systemd[1]: Listening on udev Control Socket.
[    8.792000] systemd[1]: Listening on udev Kernel Socket.
[    8.801463] systemd[1]: Mounting Huge Pages File System...
[    8.811397] systemd[1]: Mounting POSIX Message Queue File System...
[    8.821882] systemd[1]: Mounting RPC Pipe File System...
[    8.853823] systemd[1]: Mounting Kernel Debug File System...
[    8.871532] systemd[1]: Mounting Kernel Trace File System...
[    8.872251] systemd[1]: Condition check resulted in Kernel Module supporting RPCSEC_GSS being skipped.
[    8.873047] systemd[1]: Finished Availability of block devices.
[    8.883821] systemd[1]: Starting Wait for network to be configured by ifupdown...
[    8.893971] systemd[1]: Starting Create list of static device nodes for the current kernel...
[    8.903925] systemd[1]: Starting Monitoring of LVM2 mirrors, snapshots etc. using dmeventd or progress polling...
[    8.914974] systemd[1]: Starting Load Kernel Module configfs...
[    8.926530] systemd[1]: Starting Load Kernel Module drm...
[    8.937926] systemd[1]: Starting Load Kernel Module fuse...
[    8.949827] systemd[1]: Starting nftables...
[    8.977792] systemd[1]: Condition check resulted in Set Up Additional Binary Formats being skipped.
[    8.978112] systemd[1]: Condition check resulted in File System Check on Root Device being skipped.
[    8.993154] systemd[1]: Starting Journal Service...
[    9.044481] systemd[1]: Starting Load Kernel Modules...
[    9.057674] systemd[1]: Starting Remount Root and Kernel File Systems...
[    9.069012] systemd[1]: Starting Coldplug All udev Devices...
[    9.080122] systemd[1]: Mounted Huge Pages File System.
[    9.081130] systemd[1]: Mounted POSIX Message Queue File System.
[    9.081984] systemd[1]: Mounted Kernel Debug File System.
[    9.082813] systemd[1]: Mounted Kernel Trace File System.
[    9.086411] systemd[1]: Finished Wait for network to be configured by ifupdown.
[    9.090035] systemd[1]: Finished Create list of static device nodes for the current kernel.
[    9.093261] systemd[1]: Finished Monitoring of LVM2 mirrors, snapshots etc. using dmeventd or progress polling.
[    9.095391] systemd[1]: modprobe@configfs.service: Succeeded.
[    9.097791] systemd[1]: Finished Load Kernel Module configfs.
[    9.100122] systemd[1]: modprobe@drm.service: Succeeded.
[    9.102983] systemd[1]: Finished Load Kernel Module drm.
[    9.107240] systemd[1]: Finished Load Kernel Modules.
[    9.121196] systemd[1]: Mounting Kernel Configuration File System...
[    9.130798] EXT4-fs (vdiska2): re-mounted. Opts: errors=remount-ro. Quota mode: none.
[    9.131488] systemd[1]: Starting Apply Kernel Variables...
[    9.142740] systemd[1]: Finished Remount Root and Kernel File Systems.
[    9.143957] systemd[1]: Mounted Kernel Configuration File System.
[    9.186104] fuse: init (API version 7.33)
[    9.188791] systemd[1]: Starting Initial Check File System Quotas...
[    9.219183] systemd[1]: Condition check resulted in Rebuild Hardware Database being skipped.
[    9.219507] systemd[1]: Condition check resulted in Platform Persistent Storage Archival being skipped.
[    9.229039] systemd[1]: Starting Load/Save Random Seed...
[    9.239605] systemd[1]: Starting Create System Users...
[    9.242483] systemd[1]: Started Journal Service.
[    9.349412] systemd-journald[390]: Received client request to flush runtime journal.
[    9.705337] RPC: Registered named UNIX socket transport module.
[    9.705383] RPC: Registered udp transport module.
[    9.705404] RPC: Registered tcp transport module.
[    9.705425] RPC: Registered tcp NFSv4.1 backchannel transport module.
[   10.639653] sha1_sparc64: Using sparc64 sha1 opcode optimized SHA-1 implementation
[   10.662542] sha256_sparc64: Using sparc64 sha256 opcode optimized SHA-256/SHA-224 implementation
[   10.692054] sha512_sparc64: Using sparc64 sha512 opcode optimized SHA-512/SHA-384 implementation
[   10.725550] md5_sparc64: Using sparc64 md5 opcode optimized MD5 implementation
[   10.748164] aes_sparc64: Using sparc64 aes opcodes optimized AES implementation
[   10.815775] des_sparc64: Using sparc64 des opcodes optimized DES implementation
[   10.849396] camellia_sparc64: Using sparc64 camellia opcodes optimized CAMELLIA implementation
[   10.909077] Adding 787176k swap on /dev/vdiska4.  Priority:-2 extents:1 across:787176k FS
[   10.956671] XFS (dm-0): Mounting V5 Filesystem
[   11.096643] XFS (dm-0): Ending clean mount
[   11.109600] xfs filesystem being mounted at /1 supports timestamps until 2038 (0x7fffffff)
[   11.465712] EXT4-fs (vdiska1): mounting ext3 file system using the ext4 subsystem
[   11.477694] EXT4-fs (vdiska1): mounted filesystem with ordered data mode. Opts: (null). Quota mode: none.
[   11.478014] ext3 filesystem being mounted at /boot supports timestamps until 2038 (0x7fffffff)
[   11.605277] random: crng init done
[   11.605309] random: 5 urandom warning(s) missed due to ratelimiting
