[    0.000018] PROMLIB: Sun IEEE Boot Prom 'OBP 4.38.12 2018/03/28 14:54'
[    0.000029] PROMLIB: Root node compatible: sun4v
[    0.000074] Linux version 4.20.0-rc5-00178-g5f179793f0a7 (mator@ttip) (gcc version 8.2.0 (Debian 8.2.0-10)) #773 SMP Sat Dec 8 19:17:27 MSK 2018
[    0.000389] printk: bootconsole [earlyprom0] enabled
[    0.000442] ARCH: SUN4V
[    0.000491] Ethernet address: 00:14:4f:fa:06:f2
[    0.000546] MM: PAGE_OFFSET is 0xfff8000000000000 (max_phys_bits == 47)
[    0.000610] MM: VMALLOC [0x0000000100000000 --> 0x0006000000000000]
[    0.000671] MM: VMEMMAP [0x0006000000000000 --> 0x000c000000000000]
[    0.013035] Kernel: Using 5 locked TLB entries for main kernel image.
[    0.013112] Remapping the kernel... 
[    0.013137] done.
[    0.042849] OF stdout device is: /virtual-devices@100/console@1
[    0.042930] PROM: Built device tree with 74449 bytes of memory.
[    0.042996] MDESC: Size is 30480 bytes.
[    0.043108] PLATFORM: banner-name [SPARC T5-2]
[    0.043158] PLATFORM: name [ORCL,SPARC-T5-2]
[    0.043204] PLATFORM: hostid [84fa06f2]
[    0.043246] PLATFORM: serial# [0035260e]
[    0.043290] PLATFORM: stick-frequency [3b9aca00]
[    0.043339] PLATFORM: mac-address [144ffa06f2]
[    0.043386] PLATFORM: watchdog-resolution [1000 ms]
[    0.043438] PLATFORM: watchdog-max-timeout [31536000000 ms]
[    0.043495] PLATFORM: max-cpus [1024]
[    0.043598] Top of RAM: 0x24af948000, Total RAM: 0x87f384000
[    0.043659] Memory hole size: 115461MB
[    0.047870] Allocated 40960 bytes for kernel page tables.
[    0.047961] Zone ranges:
[    0.048002]   Normal   [mem 0x0000000030400000-0x00000024af947fff]
[    0.048066] Movable zone start for each node
[    0.048112] Early memory node ranges
[    0.048153]   node   0: [mem 0x0000000030400000-0x000000006febffff]
[    0.048214]   node   0: [mem 0x000000006ff40000-0x000000006ff47fff]
[    0.048275]   node   0: [mem 0x0000000070000000-0x000000042fffffff]
[    0.048337]   node   0: [mem 0x0000002030000000-0x00000024af8b3fff]
[    0.048399]   node   0: [mem 0x00000024af940000-0x00000024af947fff]
[    0.055765] Zeroed struct page in unavailable ranges: 230114 pages
[    0.055774] Initmem setup node 0 [mem 0x0000000030400000-0x00000024af947fff]
[    0.055930] On node 0 totalpages: 4454850
[    0.055938]   Normal zone: 39154 pages used for memmap
[    0.055944]   Normal zone: 0 pages reserved
[    0.055950]   Normal zone: 4454850 pages, LIFO batch:31
[    0.253259] Booting Linux...
[    0.253344] CPU CAPS: [flush,stbar,swap,muldiv,v9,blkinit,n2,mul32]
[    0.253425] CPU CAPS: [div32,v8plus,popc,vis,vis2,ASIBlkInit,fmaf,vis3]
[    0.253502] CPU CAPS: [hpc,ima,pause,cbcond,aes,des,kasumi,camellia]
[    0.253574] CPU CAPS: [md5,sha1,sha256,sha512,mpmul,montmul,montsqr,crc32c]
[    0.304678] percpu: Embedded 20 pages/cpu @(____ptrval____) s122824 r8192 d32824 u262144
[    0.304948] pcpu-alloc: s122824 r8192 d32824 u262144 alloc=1*4194304
[    0.304956] pcpu-alloc: [0] 000 001 002 003 004 005 006 007 008 009 010 011 012 013 014 015 
[    0.304982] pcpu-alloc: [0] 016 017 018 019 020 021 022 023 024 025 026 027 028 029 030 031 
[    0.305008] pcpu-alloc: [0] 032 033 034 035 036 037 038 039 040 041 042 043 044 045 046 047 
[    0.305035] pcpu-alloc: [0] 048 049 050 051 052 053 054 055 056 057 058 059 060 061 062 063 
[    0.305061] pcpu-alloc: [0] 064 065 066 067 068 069 070 071 072 073 074 075 076 077 078 079 
[    0.305087] pcpu-alloc: [0] 080 081 082 083 084 085 086 087 088 089 090 091 092 093 094 095 
[    0.305113] pcpu-alloc: [0] 096 097 098 099 100 101 102 103 104 105 106 107 108 109 110 111 
[    0.305139] pcpu-alloc: [0] 112 113 114 115 116 117 118 119 120 121 122 123 124 125 126 127 
[    0.305165] pcpu-alloc: [0] 128 129 130 131 132 133 134 135 136 137 138 139 140 141 142 143 
[    0.305191] pcpu-alloc: [0] 144 145 146 147 148 149 150 151 152 153 154 155 156 157 158 159 
[    0.305218] pcpu-alloc: [0] 160 161 162 163 164 165 166 167 168 169 170 171 172 173 174 175 
[    0.305244] pcpu-alloc: [0] 176 177 178 179 180 181 182 183 184 185 186 187 188 189 190 191 
[    0.305270] pcpu-alloc: [0] 192 193 194 195 196 197 198 199 200 201 202 203 204 205 206 207 
[    0.305296] pcpu-alloc: [0] 208 209 210 211 212 213 214 215 216 217 218 219 220 221 222 223 
[    0.305322] pcpu-alloc: [0] 224 225 226 227 228 229 230 231 232 233 234 235 236 237 238 239 
[    0.305348] pcpu-alloc: [0] 240 241 242 243 244 245 246 247 248 249 250 251 252 253 254 255 
[    0.305782] SUN4V: Mondo queue sizes [cpu(131072) dev(16384) r(8192) nr(256)]
[    0.306080] Built 1 zonelists, mobility grouping on.  Total pages: 4415696
[    0.306169] Kernel command line: BOOT_IMAGE=/vmlinuz-4.20.0-rc5-00178-g5f179793f0a7 root=/dev/vdiska2 ro zswap.enabled=1 elevator=deadline
[    0.308572] printk: log_buf_len individual max cpu contribution: 4096 bytes
[    0.308643] printk: log_buf_len total cpu_extra contributions: 1044480 bytes
[    0.308710] printk: log_buf_len min size: 131072 bytes
[    0.309081] printk: log_buf_len: 2097152 bytes
[    0.309132] printk: early log buf free: 125920(96%)
[    0.315459] Dentry cache hash table entries: 8388608 (order: 13, 67108864 bytes)
[    0.318702] Inode-cache hash table entries: 4194304 (order: 12, 33554432 bytes)
[    0.318778] Sorting __ex_table...
[    0.401691] Memory: 35109856K/35638800K available (6224K kernel code, 837K rwdata, 1856K rodata, 888K init, 7995K bss, 528944K reserved, 0K cma-reserved)
[    0.402007] kmemleak: Kernel memory leak detector disabled
[    0.403458] ftrace: allocating 18968 entries in 38 pages
[    0.417059] Running RCU self tests
[    0.417126] rcu: Hierarchical RCU implementation.
[    0.417177] rcu: 	RCU event tracing is enabled.
[    0.417227] rcu: 	RCU lockdep checking is enabled.
[    0.417276] 	Tasks RCU enabled.
[    0.417314] rcu: RCU calculated value of scheduler-enlistment delay is 11 jiffies.
[    0.422503] NR_IRQS: 2048, nr_irqs: 2048, preallocated irqs: 1
[    0.422585] SUN4V: Using IRQ API major 3, cookie only virqs enabled
[    0.426699] clocksource: stick: mask: 0xffffffffffffffff max_cycles: 0x1cd42e4dffb, max_idle_ns: 881590591483 ns
[    0.426830] clocksource: mult[800000] shift[23]
[    0.426879] clockevent: mult[80000000] shift[31]
[    0.431207] Console: colour dummy device 80x25
[    0.431270] printk: console [tty0] enabled
[    0.431345] printk: bootconsole [earlyprom0] disabled
[    0.431427] Lock dependency validator: Copyright (c) 2006 Red Hat, Inc., Ingo Molnar
[    0.431472] ... MAX_LOCKDEP_SUBCLASSES:  8
[    0.431500] ... MAX_LOCK_DEPTH:          48
[    0.431528] ... MAX_LOCKDEP_KEYS:        8191
[    0.431556] ... CLASSHASH_SIZE:          4096
[    0.431585] ... MAX_LOCKDEP_ENTRIES:     16384
[    0.431614] ... MAX_LOCKDEP_CHAINS:      32768
[    0.431643] ... CHAINHASH_SIZE:          16384
[    0.431672]  memory used by lock dependency info: 4959 kB
[    0.431705]  per task-struct memory footprint: 1920 bytes
[    0.431932] kmemleak: Early log buffer exceeded (36609), please increase DEBUG_KMEMLEAK_EARLY_LOG_SIZE
[    0.577356] Calibrating delay using timer specific routine.. 2010.60 BogoMIPS (lpj=10053044)
[    0.577422] pid_max: default: 262144 minimum: 2048
[    0.578570] LSM: Security Framework initializing
[    0.578611] AppArmor: AppArmor disabled by boot time parameter
[    0.579268] Mount-cache hash table entries: 131072 (order: 7, 1048576 bytes)
[    0.579425] Mountpoint-cache hash table entries: 131072 (order: 7, 1048576 bytes)
[    0.584167] rcu: Hierarchical SRCU implementation.
[    0.606668] smp: Bringing up secondary CPUs ...
[    0.666783] smp: Brought up 1 node, 24 CPUs
[    0.670945] devtmpfs: initialized
[    0.676466] Performance events: 
[    0.676505] Testing NMI watchdog ... 
[    0.876610] OK.
[    0.876764] Supported PMU type is 'niagara5'
[    0.877092] random: get_random_u32 called from bucket_table_alloc.isra.4+0x140/0x1c0 with crng_init=0
[    0.877945] ldc.c:v1.1 (July 22, 2008)
[    0.880716] clocksource: jiffies: mask: 0xffffffff max_cycles: 0xffffffff, max_idle_ns: 19112604462750000 ns
[    0.880810] futex hash table entries: 65536 (order: 10, 8388608 bytes)
[    0.890774] NET: Registered protocol family 16
[    0.899968] VIO: Adding device channel-devices (tx_ino = ffffffffffffffff, rx_ino = ffffffffffffffff)
[    0.900206] VIO: Adding device vnet-port-0-0 (tx_ino = 0, rx_ino = 1)
[    0.900428] VIO: Adding device vnet-port-0-1 (tx_ino = 2, rx_ino = 3)
[    0.900621] VIO: Adding device vnet-port-0-2 (tx_ino = 4, rx_ino = 5)
[    0.900807] VIO: Adding device vnet-port-0-3 (tx_ino = 6, rx_ino = 7)
[    0.901000] VIO: Adding device vdc-port-3-0 (tx_ino = 8, rx_ino = 9)
[    0.901182] VIO: Adding device vdc-port-2-0 (tx_ino = a, rx_ino = b)
[    0.901372] VIO: Adding device vdc-port-1-0 (tx_ino = c, rx_ino = d)
[    0.901561] VIO: Adding device vdc-port-0-0 (tx_ino = e, rx_ino = f)
[    0.901748] VIO: Adding device vlds-port-0-0 (tx_ino = 10, rx_ino = 11)
[    0.901939] VIO: Adding device domain-services-port-0 (tx_ino = 10, rx_ino = 11)
[    0.902338] audit: initializing netlink subsys (disabled)
[    0.902741] audit: type=2000 audit(0.470:1): state=initialized audit_enabled=0 res=1
[    0.949033] HugeTLB registered 64.0 KiB page size, pre-allocated 0 pages
[    0.949088] HugeTLB registered 8.00 MiB page size, pre-allocated 0 pages
[    0.949130] HugeTLB registered 256 MiB page size, pre-allocated 0 pages
[    0.949173] HugeTLB registered 2.00 GiB page size, pre-allocated 0 pages
[    0.961642] SUN4V: Reboot data supported (maj=1,min=0).
[    0.962072] ds.c:v1.0 (Jul 11, 2007)
[    0.962496] ds-0: ds_conn_reset() from send_events.isra.3
[    0.963950] clocksource: Switched to clocksource stick
[    1.144655] VFS: Disk quotas dquot_6.6.0
[    1.145155] VFS: Dquot-cache hash table entries: 1024 (order 0, 8192 bytes)
[    1.164842] NET: Registered protocol family 2
[    1.170074] tcp_listen_portaddr_hash hash table entries: 32768 (order: 8, 2359296 bytes)
[    1.173359] TCP established hash table entries: 524288 (order: 9, 4194304 bytes)
[    1.175499] TCP bind hash table entries: 65536 (order: 9, 4194304 bytes)
[    1.181166] TCP: Hash tables configured (established 524288 bind 65536)
[    1.187754] UDP hash table entries: 32768 (order: 9, 5242880 bytes)
[    1.195344] UDP-Lite hash table entries: 32768 (order: 9, 5242880 bytes)
[    1.209468] NET: Registered protocol family 1
[    1.210201] Unpacking initramfs...
[    1.668742] Freeing initrd memory: 17104K
[    1.710988] Kprobe smoke test: started
[    1.719795] Kprobe smoke test: passed successfully
[    1.721006] workingset: timestamp_bits=46 max_order=23 bucket_order=0
[    1.722333] zbud: loaded
[    1.877014] Block layer SCSI generic (bsg) driver version 0.4 loaded (major 252)
[    1.878684] io scheduler noop registered
[    1.878717] io scheduler deadline registered (default)
[    1.879390] io scheduler cfq registered
[    1.879422] io scheduler mq-deadline registered (default)
[    1.879460] io scheduler kyber registered
[    1.882782] f029b788: ttyS0 at I/O 0x0 (irq = 1, base_baud = 115200) is a SUN4V HCONS
[    1.888374] printk: console [ttyHV0] enabled
[    1.891782] sunvdc.c:v1.2 (November 24, 2014)
[    1.921976] sunvdc: Virtual CDROM vdiskd
[    1.922044] sunvdc: vdiskd: 403160 sectors (196 MB) protocol 1.2
[    1.923214]  vdiskd: vdiskd1 vdiskd2 vdiskd3 vdiskd4 vdiskd5 vdiskd6 vdiskd7
[    1.934351] sunvdc: Virtual Hard disk vdiskc
[    1.934401] sunvdc: vdiskc: 104857600 sectors (51200 MB) protocol 1.2
[    1.967364] sunvdc: Virtual Hard disk vdiskb
[    1.967415] sunvdc: vdiskb: 62914560 sectors (30720 MB) protocol 1.2
[    2.003740]  vdiskb: vdiskb1
[    2.010867] sunvdc: Virtual Hard disk vdiska
[    2.010907] sunvdc: vdiska: 31457280 sectors (15360 MB) protocol 1.2
[    2.011701]  vdiska: vdiska1 vdiska2 vdiska3 vdiska4
[    2.014862] sunvnet: sunvnet 2.0 (February 3, 2017)
[    2.018316] vnet_port vnet-port-0-0 eth0: Sun LDOM vnet 00:14:4f:f8:12:a3
[    2.018898] sunvnet: eth0: PORT ( remote-mac 00:14:4f:fa:f3:f0 switch-port )
[    2.020183] sunvnet: eth0: PORT ( remote-mac 00:14:4f:f8:e5:f3 )
[    2.021519] sunvnet: eth0: PORT ( remote-mac 00:14:4f:f9:b4:97 )
[    2.022791] sunvnet: eth0: PORT ( remote-mac 00:14:4f:f9:8b:83 )
[    2.023821] mousedev: PS/2 mouse device common for all mice
[    2.025045] rtc-sun4v rtc-sun4v: rtc core: registered sun4v as rtc0
[    2.026198] device-mapper: uevent: version 1.0.3
[    2.027287] device-mapper: ioctl: 4.39.0-ioctl (2018-04-03) initialised: dm-devel@redhat.com
[    2.028847] NET: Registered protocol family 17
[    2.030050] registered taskstats version 1
[    2.033049] zswap: loaded using pool lzo/zbud
[    2.062776] Key type big_key registered
[    2.063734] rtc-sun4v rtc-sun4v: setting system clock to 2018-12-08 17:36:55 UTC (1544290615)
[    2.068261] This architecture does not have kernel memory protection.
[    2.068307] Run /init as init process
[    2.947573] crc32c_sparc64: Using sparc64 crc32c opcode optimized CRC32C implementation
[    3.463952] raid6: int64x1  gen()  2772 MB/s
[    3.633951] raid6: int64x1  xor()  1646 MB/s
[    3.803942] raid6: int64x2  gen()  2857 MB/s
[    3.973953] raid6: int64x2  xor()  1989 MB/s
[    4.143937] raid6: int64x4  gen()  3437 MB/s
[    4.313942] raid6: int64x4  xor()  1979 MB/s
[    4.483956] raid6: int64x8  gen()  2168 MB/s
[    4.653931] raid6: int64x8  xor()  1560 MB/s
[    4.653981] raid6: using algorithm int64x4 gen() 3437 MB/s
[    4.654019] raid6: .... xor() 1979 MB/s, rmw enabled
[    4.654055] raid6: using intx1 recovery algorithm
[    4.655358] async_tx: api initialized (async)
[    4.656086] xor: automatically using best checksumming function   Niagara   
[    4.909635] random: fast init done
[    4.917000] EXT4-fs (vdiska2): mounted filesystem with ordered data mode. Opts: (null)
[    7.772166] NET: Registered protocol family 10
[    7.784783] Segment Routing with IPv6
[    7.967679] systemd[1]: systemd 239 running in system mode. (+PAM +AUDIT +SELINUX +IMA +APPARMOR +SMACK +SYSVINIT +UTMP +LIBCRYPTSETUP +GCRYPT +GNUTLS +ACL +XZ +LZ4 -SECCOMP +BLKID +ELFUTILS +KMOD -IDN2 +IDN -PCRE2 default-hierarchy=hybrid)
[    7.968108] systemd[1]: Detected architecture sparc64.
[    8.036246] systemd[1]: Set hostname to <ttip>.
[   10.430112] random: crng init done
[   10.782180] systemd[1]: Listening on Journal Audit Socket.
[   10.783713] systemd[1]: Started Dispatch Password Requests to Console Directory Watch.
[   10.797855] systemd[1]: Created slice system-getty.slice.
[   10.799440] systemd[1]: Listening on udev Control Socket.
[   10.800558] systemd[1]: Listening on fsck to fsckd communication Socket.
[   10.801854] systemd[1]: Listening on Journal Socket (/dev/log).
[   10.803228] systemd[1]: Listening on Journal Socket.
[   10.958946] EXT4-fs (vdiska2): re-mounted. Opts: errors=remount-ro
[   11.408483] systemd-journald[416]: Received request to flush runtime journal from PID 1
[   12.832443] sha1_sparc64: Using sparc64 sha1 opcode optimized SHA-1 implementation
[   12.863385] n2rng v0.3 (Jan 7, 2017)
[   12.863497] n2rng f029b104: Registered RNG HVAPI major 2 minor 0
[   12.863579] n2rng f029b104: Found multi-unit-capable RNG, units: 2
[   12.864901] n2rng f029b104: RNG ready
[   12.903436] sha256_sparc64: Using sparc64 sha256 opcode optimized SHA-256/SHA-224 implementation
[   12.961074] sha512_sparc64: Using sparc64 sha512 opcode optimized SHA-512/SHA-384 implementation
[   12.996428] md5_sparc64: Using sparc64 md5 opcode optimized MD5 implementation
[   13.043096] aes_sparc64: Using sparc64 aes opcodes optimized AES implementation
[   13.126793] des_sparc64: Using sparc64 des opcodes optimized DES implementation
[   13.197999] camellia_sparc64: Using sparc64 camellia opcodes optimized CAMELLIA implementation
[   15.356479] SGI XFS with ACLs, security attributes, debug enabled
[   15.390416] XFS (dm-0): Mounting V5 Filesystem
[   15.941008] Adding 787176k swap on /dev/vdiska4.  Priority:-2 extents:1 across:787176k FS
[   16.277859] EXT4-fs (vdiska1): mounting ext3 file system using the ext4 subsystem
[   16.288862] EXT4-fs (vdiska1): mounted filesystem with ordered data mode. Opts: (null)
[   17.903197] XFS (dm-0): Ending clean mount
