[    0.000018] PROMLIB: Sun IEEE Boot Prom 'OBP 4.38.17 2019/01/25 08:22'
[    0.000022] PROMLIB: Root node compatible: sun4v
[    0.000058] Linux version 5.9.0-00845-g85ed13e78dbe (mator@ttip) (gcc (Debian 10.2.0-23) 10.2.0, GNU ld (GNU Binutils for Debian) 2.35.1) #138 SMP Tue Dec 8 01:29:14 MSK 2020
[    0.000335] printk: bootconsole [earlyprom0] enabled
[    0.000381] ARCH: SUN4V
[    0.000422] Ethernet address: 00:14:4f:fa:06:f2
[    0.000465] MM: PAGE_OFFSET is 0xfff8000000000000 (max_phys_bits == 47)
[    0.000524] MM: VMALLOC [0x0000000100000000 --> 0x0006000000000000]
[    0.000578] MM: VMEMMAP [0x0006000000000000 --> 0x000c000000000000]
[    0.011292] Kernel: Using 3 locked TLB entries for main kernel image.
[    0.011354] Remapping the kernel... 
[    0.011370] done.
[    0.034281] OF stdout device is: /virtual-devices@100/console@1
[    0.034344] PROM: Built device tree with 65673 bytes of memory.
[    0.034401] MDESC: Size is 29712 bytes.
[    0.034490] PLATFORM: banner-name [SPARC T5-2]
[    0.034532] PLATFORM: name [ORCL,SPARC-T5-2]
[    0.034573] PLATFORM: hostid [84fa06f2]
[    0.034607] PLATFORM: serial# [0035260e]
[    0.034643] PLATFORM: stick-frequency [3b9aca00]
[    0.034685] PLATFORM: mac-address [144ffa06f2]
[    0.034724] PLATFORM: watchdog-resolution [1000 ms]
[    0.034768] PLATFORM: watchdog-max-timeout [31536000000 ms]
[    0.034816] PLATFORM: max-cpus [1024]
[    0.034899] Top of RAM: 0x2af94a000, Total RAM: 0x27f388000
[    0.034949] Memory hole size: 773MB
[    0.036443] Allocated 24576 bytes for kernel page tables.
[    0.036517] Zone ranges:
[    0.036550]   Normal   [mem 0x0000000030400000-0x00000002af949fff]
[    0.036604] Movable zone start for each node
[    0.036644] Early memory node ranges
[    0.036676]   node   0: [mem 0x0000000030400000-0x000000006febffff]
[    0.036733]   node   0: [mem 0x000000006ff40000-0x000000006ff47fff]
[    0.036785]   node   0: [mem 0x0000000070000000-0x00000002af8b5fff]
[    0.036841]   node   0: [mem 0x00000002af940000-0x00000002af949fff]
[    0.042592] Zeroed struct page in unavailable ranges: 132668 pages
[    0.042597] Initmem setup node 0 [mem 0x0000000030400000-0x00000002af949fff]
[    0.042734] On node 0 totalpages: 1309124
[    0.042738]   Normal zone: 11508 pages used for memmap
[    0.042740]   Normal zone: 0 pages reserved
[    0.042743]   Normal zone: 1309124 pages, LIFO batch:31
[    0.084228] Booting Linux...
[    0.084297] CPU CAPS: [flush,stbar,swap,muldiv,v9,blkinit,n2,mul32]
[    0.084367] CPU CAPS: [div32,v8plus,popc,vis,vis2,ASIBlkInit,fmaf,vis3]
[    0.084434] CPU CAPS: [hpc,ima,pause,cbcond,aes,des,kasumi,camellia]
[    0.084494] CPU CAPS: [md5,sha1,sha256,sha512,mpmul,montmul,montsqr,crc32c]
[    0.131798] percpu: Embedded 19 pages/cpu s114904 r8192 d32552 u262144
[    0.132022] pcpu-alloc: s114904 r8192 d32552 u262144 alloc=1*4194304
[    0.132025] pcpu-alloc: [0] 000 001 002 003 004 005 006 007 008 009 010 011 012 013 014 015 
[    0.132038] pcpu-alloc: [0] 016 017 018 019 020 021 022 023 024 025 026 027 028 029 030 031 
[    0.132051] pcpu-alloc: [0] 032 033 034 035 036 037 038 039 040 041 042 043 044 045 046 047 
[    0.132064] pcpu-alloc: [0] 048 049 050 051 052 053 054 055 056 057 058 059 060 061 062 063 
[    0.132076] pcpu-alloc: [0] 064 065 066 067 068 069 070 071 072 073 074 075 076 077 078 079 
[    0.132089] pcpu-alloc: [0] 080 081 082 083 084 085 086 087 088 089 090 091 092 093 094 095 
[    0.132101] pcpu-alloc: [0] 096 097 098 099 100 101 102 103 104 105 106 107 108 109 110 111 
[    0.132114] pcpu-alloc: [0] 112 113 114 115 116 117 118 119 120 121 122 123 124 125 126 127 
[    0.132126] pcpu-alloc: [0] 128 129 130 131 132 133 134 135 136 137 138 139 140 141 142 143 
[    0.132138] pcpu-alloc: [0] 144 145 146 147 148 149 150 151 152 153 154 155 156 157 158 159 
[    0.132151] pcpu-alloc: [0] 160 161 162 163 164 165 166 167 168 169 170 171 172 173 174 175 
[    0.132163] pcpu-alloc: [0] 176 177 178 179 180 181 182 183 184 185 186 187 188 189 190 191 
[    0.132176] pcpu-alloc: [0] 192 193 194 195 196 197 198 199 200 201 202 203 204 205 206 207 
[    0.132188] pcpu-alloc: [0] 208 209 210 211 212 213 214 215 216 217 218 219 220 221 222 223 
[    0.132200] pcpu-alloc: [0] 224 225 226 227 228 229 230 231 232 233 234 235 236 237 238 239 
[    0.132213] pcpu-alloc: [0] 240 241 242 243 244 245 246 247 248 249 250 251 252 253 254 255 
[    0.132621] SUN4V: Mondo queue sizes [cpu(131072) dev(16384) r(8192) nr(256)]
[    0.132906] Built 1 zonelists, mobility grouping on.  Total pages: 1297616
[    0.132970] Kernel command line: BOOT_IMAGE=/vmlinux-5.9.0-00845-g85ed13e78dbe root=/dev/vdiska2 ro zswap.enabled=1
[    0.134609] printk: log_buf_len individual max cpu contribution: 4096 bytes
[    0.134673] printk: log_buf_len total cpu_extra contributions: 1044480 bytes
[    0.134732] printk: log_buf_len min size: 131072 bytes
[    0.135092] printk: log_buf_len: 2097152 bytes
[    0.135136] printk: early log buf free: 126008(96%)
[    0.136784] Dentry cache hash table entries: 2097152 (order: 11, 16777216 bytes, linear)
[    0.137681] Inode-cache hash table entries: 1048576 (order: 10, 8388608 bytes, linear)
[    0.137749] Sorting __ex_table...
[    0.137980] mem auto-init: stack:off, heap alloc:off, heap free:off
[    0.158852] Memory: 10256912K/10472992K available (7802K kernel code, 1074K rwdata, 1936K rodata, 592K init, 413K bss, 216080K reserved, 0K cma-reserved)
[    0.159004] random: get_random_u64 called from __kmem_cache_create+0x20/0x520 with crng_init=0
[    0.160026] SLUB: HWalign=32, Order=0-3, MinObjects=0, CPUs=256, Nodes=1
[    0.160461] ftrace: allocating 23953 entries in 47 pages
[    0.169429] ftrace: allocated 47 pages with 5 groups
[    0.171923] rcu: Hierarchical RCU implementation.
[    0.171972] 	Trampoline variant of Tasks RCU enabled.
[    0.172016] 	Rude variant of Tasks RCU enabled.
[    0.172057] 	Tracing variant of Tasks RCU enabled.
[    0.172098] rcu: RCU calculated value of scheduler-enlistment delay is 26 jiffies.
[    0.175390] NR_IRQS: 2048, nr_irqs: 2048, preallocated irqs: 1
[    0.175474] SUN4V: Using IRQ API major 3, cookie only virqs enabled
[    0.178119] clocksource: stick: mask: 0xffffffffffffffff max_cycles: 0x1cd42e4dffb, max_idle_ns: 881590591483 ns
[    0.178237] clocksource: mult[800000] shift[23]
[    0.178279] clockevent: mult[80000000] shift[31]
[    0.178697] Console: colour dummy device 80x25
[    0.178743] printk: console [tty0] enabled
[    0.178783] printk: bootconsole [earlyprom0] disabled
[    0.258394] Calibrating delay using timer specific routine.. 2002.18 BogoMIPS (lpj=4004372)
[    0.258409] pid_max: default: 262144 minimum: 2048
[    0.258721] LSM: Security Framework initializing
[    0.258884] Mount-cache hash table entries: 32768 (order: 5, 262144 bytes, linear)
[    0.258919] Mountpoint-cache hash table entries: 32768 (order: 5, 262144 bytes, linear)
[    0.260420] rcu: Hierarchical SRCU implementation.
[    0.263447] smp: Bringing up secondary CPUs ...
[    0.271273] smp: Brought up 1 node, 24 CPUs
[    0.273052] devtmpfs: initialized
[    0.273822] Performance events: 
[    0.273841] Testing NMI watchdog ... 
[    0.353921] OK.
[    0.353945] Supported PMU type is 'niagara5'
[    0.354317] ldc.c:v1.1 (July 22, 2008)
[    0.354480] clocksource: jiffies: mask: 0xffffffff max_cycles: 0xffffffff, max_idle_ns: 7645041785100000 ns
[    0.354502] futex hash table entries: 65536 (order: 9, 4194304 bytes, linear)
[    0.356666] NET: Registered protocol family 16
[    0.357903] VIO: Adding device channel-devices (tx_ino = ffffffffffffffff, rx_ino = ffffffffffffffff)
[    0.357938] VIO: Adding device vnet-port-0-0 (tx_ino = 0, rx_ino = 1)
[    0.357962] VIO: Adding device vnet-port-0-1 (tx_ino = 2, rx_ino = 3)
[    0.357982] VIO: Adding device vnet-port-0-2 (tx_ino = 4, rx_ino = 5)
[    0.358002] VIO: Adding device vnet-port-0-3 (tx_ino = 6, rx_ino = 7)
[    0.358022] VIO: Adding device vnet-port-0-4 (tx_ino = 8, rx_ino = 9)
[    0.358041] VIO: Adding device vdc-port-2-0 (tx_ino = a, rx_ino = b)
[    0.358060] VIO: Adding device vdc-port-1-0 (tx_ino = c, rx_ino = d)
[    0.358079] VIO: Adding device vdc-port-0-0 (tx_ino = e, rx_ino = f)
[    0.358102] VIO: Adding device vlds-port-0-0 (tx_ino = 10, rx_ino = 11)
[    0.358124] VIO: Adding device domain-services-port-0 (tx_ino = 10, rx_ino = 11)
[    0.358203] audit: initializing netlink subsys (disabled)
[    0.358281] audit: type=2000 audit(0.176:1): state=initialized audit_enabled=0 res=1
[    0.363486] HugeTLB registered 64.0 KiB page size, pre-allocated 0 pages
[    0.363492] HugeTLB registered 8.00 MiB page size, pre-allocated 0 pages
[    0.363497] HugeTLB registered 256 MiB page size, pre-allocated 0 pages
[    0.363502] HugeTLB registered 2.00 GiB page size, pre-allocated 0 pages
[    0.929754] NetLabel: Initializing
[    0.929764] NetLabel:  domain hash size = 128
[    0.929768] NetLabel:  protocols = UNLABELED CIPSOv4 CALIPSO
[    0.929793] NetLabel:  unlabeled traffic allowed by default
[    0.930034] SUN4V: Reboot data supported (maj=1,min=0).
[    0.930135] ds.c:v1.0 (Jul 11, 2007)
[    0.930274] ds-0: ds_conn_reset() from send_events
[    0.930540] clocksource: Switched to clocksource stick
[    0.982332] VFS: Disk quotas dquot_6.6.0
[    0.982432] VFS: Dquot-cache hash table entries: 1024 (order 0, 8192 bytes)
[    0.984987] NET: Registered protocol family 2
[    0.986047] tcp_listen_portaddr_hash hash table entries: 8192 (order: 4, 131072 bytes, linear)
[    0.986143] TCP established hash table entries: 131072 (order: 7, 1048576 bytes, linear)
[    0.986612] TCP bind hash table entries: 65536 (order: 7, 1048576 bytes, linear)
[    0.987060] TCP: Hash tables configured (established 131072 bind 65536)
[    0.987584] UDP hash table entries: 8192 (order: 5, 262144 bytes, linear)
[    0.987705] UDP-Lite hash table entries: 8192 (order: 5, 262144 bytes, linear)
[    0.988614] NET: Registered protocol family 1
[    0.988627] NET: Registered protocol family 44
[    0.988727] Trying to unpack rootfs image as initramfs...
[    1.151105] Freeing initrd memory: 23464K
[    1.155263] Initialise system trusted keyrings
[    1.155285] Key type blacklist registered
[    1.155403] workingset: timestamp_bits=46 max_order=21 bucket_order=0
[    1.158071] zbud: loaded
[    1.158858] SGI XFS with ACLs, security attributes, realtime, quota, no debug enabled
[    1.160540] Key type asymmetric registered
[    1.160546] Asymmetric key parser 'x509' registered
[    1.160566] Block layer SCSI generic (bsg) driver version 0.4 loaded (major 252)
[    1.160821] io scheduler mq-deadline registered
[    1.161302] f029b788: ttyHV0 at I/O 0x0 (irq = 1, base_baud = 115200) is a SUN4V HCONS
[    1.161497] printk: console [ttyHV0] enabled
[    1.162307] sunvdc.c:v1.2 (November 24, 2014)
[    1.163869] sunvdc: Virtual Hard disk vdiskc
[    1.163876] sunvdc: vdiskc: 104857600 sectors (51200 MB) protocol 1.2
[    1.170354] sunvdc: Virtual Hard disk vdiskb
[    1.170365] sunvdc: vdiskb: 62914560 sectors (30720 MB) protocol 1.2
[    1.170769]  vdiskb: vdiskb1
[    1.177082] sunvdc: Virtual Hard disk vdiska
[    1.177095] sunvdc: vdiska: 31457280 sectors (15360 MB) protocol 1.2
[    1.177542]  vdiska: vdiska1 vdiska2 vdiska3 vdiska4
[    1.182584] Silicon Labs C2 port support v. 0.51.0 - (C) 2007 Rodolfo Giometti
[    1.182933] rtc-sun4v rtc-sun4v: registered as rtc0
[    1.182979] rtc-sun4v rtc-sun4v: setting system clock to 2020-12-07T22:33:38 UTC (1607380418)
[    1.183668] NET: Registered protocol family 10
[    1.197333] Segment Routing with IPv6
[    1.197382] mip6: Mobile IPv6
[    1.197390] NET: Registered protocol family 17
[    1.197507] registered taskstats version 1
[    1.197516] Loading compiled-in X.509 certificates
[    1.197602] zswap: loaded using pool lzo/zbud
[    1.199103] This architecture does not have kernel memory protection.
[    1.199113] Run /init as init process
[    1.199119]   with arguments:
[    1.199121]     /init
[    1.199124]   with environment:
[    1.199126]     HOME=/
[    1.199128]     TERM=linux
[    1.199130]     BOOT_IMAGE=/vmlinux-5.9.0-00845-g85ed13e78dbe
[    1.361843] sunvnet_common: module verification failed: signature and/or required key missing - tainting kernel
[    1.363123] sunvnet: sunvnet 2.0 (February 3, 2017)
[    1.364014] vnet_port vnet-port-0-0 eth0: Sun LDOM vnet 00:14:4f:f8:12:a3
[    1.364097] sunvnet: eth0: PORT ( remote-mac 00:14:4f:fa:f3:f0 switch-port )
[    1.364300] sunvnet: eth0: PORT ( remote-mac 00:14:4f:f9:b4:97 )
[    1.364444] sunvnet: eth0: PORT ( remote-mac 00:14:4f:f8:e5:f3 )
[    1.364574] sunvnet: eth0: PORT ( remote-mac 00:14:4f:f8:3f:1e )
[    1.364690] sunvnet: eth0: PORT ( remote-mac 00:14:4f:f9:8b:83 )
[    1.369458] crc32c_sparc64: Using sparc64 crc32c opcode optimized CRC32C implementation
[    1.373014] random: lvm: uninitialized urandom read (4 bytes read)
[    1.390727] device-mapper: uevent: version 1.0.3
[    1.390899] device-mapper: ioctl: 4.42.0-ioctl (2020-02-27) initialised: dm-devel@redhat.com
[    1.393194] random: lvm: uninitialized urandom read (2 bytes read)
[    1.688309] xor: automatically using best checksumming function   Niagara   
[    1.754523] raid6: int64x8  gen()  2149 MB/s
[    1.822516] raid6: int64x8  xor()  1513 MB/s
[    1.890514] raid6: int64x4  gen()  3379 MB/s
[    1.958521] raid6: int64x4  xor()  1452 MB/s
[    2.026521] raid6: int64x2  gen()  3345 MB/s
[    2.094515] raid6: int64x2  xor()  1128 MB/s
[    2.162541] raid6: int64x1  gen()  1372 MB/s
[    2.230526] raid6: int64x1  xor()   713 MB/s
[    2.230542] raid6: using algorithm int64x4 gen() 3379 MB/s
[    2.230547] raid6: .... xor() 1452 MB/s, rmw enabled
[    2.230552] raid6: using intx1 recovery algorithm
[    2.260606] random: fast init done
[    2.344480] EXT4-fs (vdiska2): mounted filesystem with ordered data mode. Opts: (null)
[    3.918970] systemd[1]: Inserted module 'autofs4'
[    3.976073] systemd[1]: systemd 247.1-3 running in system mode. (+PAM +AUDIT +SELINUX +IMA +APPARMOR +SMACK +SYSVINIT +UTMP +LIBCRYPTSETUP +GCRYPT +GNUTLS +ACL +XZ +LZ4 +ZSTD -SECCOMP +BLKID +ELFUTILS +KMOD +IDN2 -IDN +PCRE2 default-hierarchy=hybrid)
[    3.976346] systemd[1]: Detected architecture sparc64.
[    4.015526] systemd[1]: Set hostname to <ttip>.
[    4.307510] systemd-sysv-generator[329]: SysV service '/etc/init.d/xinetd' lacks a native systemd unit file. Automatically generating a unit file for compatibility. Please update package to include a native systemd unit file, in order to make it more safe and robust.
[    4.623618] systemd-sysv-generator[329]: SysV service '/etc/init.d/rng-tools-debian' lacks a native systemd unit file. Automatically generating a unit file for compatibility. Please update package to include a native systemd unit file, in order to make it more safe and robust.
[    4.625773] systemd-sysv-generator[329]: SysV service '/etc/init.d/arpalert' lacks a native systemd unit file. Automatically generating a unit file for compatibility. Please update package to include a native systemd unit file, in order to make it more safe and robust.
[    4.652820] systemd-sysv-generator[329]: SysV service '/etc/init.d/vmtouch' lacks a native systemd unit file. Automatically generating a unit file for compatibility. Please update package to include a native systemd unit file, in order to make it more safe and robust.
[    4.692328] systemd-sysv-generator[329]: SysV service '/etc/init.d/mysql' lacks a native systemd unit file. Automatically generating a unit file for compatibility. Please update package to include a native systemd unit file, in order to make it more safe and robust.
[    4.998202] random: lvmconfig: uninitialized urandom read (4 bytes read)
[    6.330133] systemd[1]: Queued start job for default target Multi-User System.
[    6.330882] random: systemd: uninitialized urandom read (16 bytes read)
[    6.375237] systemd[1]: Created slice system-getty.slice.
[    6.375508] random: systemd: uninitialized urandom read (16 bytes read)
[    6.380844] systemd[1]: Created slice system-modprobe.slice.
[    6.380963] random: systemd: uninitialized urandom read (16 bytes read)
[    6.386335] systemd[1]: Created slice system-openvpn\x2dclient.slice.
[    6.392047] systemd[1]: Created slice system-postfix.slice.
[    6.397685] systemd[1]: Created slice system-systemd\x2dfsck.slice.
[    6.403005] systemd[1]: Created slice User and Session Slice.
[    6.403257] systemd[1]: Started Dispatch Password Requests to Console Directory Watch.
[    6.403477] systemd[1]: Started Forward Password Requests to Wall Directory Watch.
[    6.404545] systemd[1]: Set up automount Arbitrary Executable File Formats File System Automount Point.
[    6.404738] systemd[1]: Reached target Local Encrypted Volumes.
[    6.404919] systemd[1]: Reached target Paths.
[    6.405060] systemd[1]: Reached target Slices.
[    6.405362] systemd[1]: Listening on Device-mapper event daemon FIFOs.
[    6.405668] systemd[1]: Listening on LVM2 poll daemon socket.
[    6.418161] systemd[1]: Listening on RPCbind Server Activation Socket.
[    6.418898] systemd[1]: Listening on Syslog Socket.
[    6.419210] systemd[1]: Listening on fsck to fsckd communication Socket.
[    6.419419] systemd[1]: Listening on initctl Compatibility Named Pipe.
[    6.419848] systemd[1]: Listening on Journal Audit Socket.
[    6.420119] systemd[1]: Listening on Journal Socket (/dev/log).
[    6.420472] systemd[1]: Listening on Journal Socket.
[    6.420832] systemd[1]: Listening on udev Control Socket.
[    6.421107] systemd[1]: Listening on udev Kernel Socket.
[    6.427511] systemd[1]: Mounting Huge Pages File System...
[    6.434074] systemd[1]: Mounting POSIX Message Queue File System...
[    6.440855] systemd[1]: Mounting RPC Pipe File System...
[    6.447483] systemd[1]: Mounting Kernel Debug File System...
[    6.453892] systemd[1]: Mounting Kernel Trace File System...
[    6.454181] systemd[1]: Condition check resulted in Kernel Module supporting RPCSEC_GSS being skipped.
[    6.454532] systemd[1]: Finished Availability of block devices.
[    6.461194] systemd[1]: Starting Wait for network to be configured by ifupdown...
[    6.467894] systemd[1]: Starting Create list of static device nodes for the current kernel...
[    6.475439] systemd[1]: Starting Monitoring of LVM2 mirrors, snapshots etc. using dmeventd or progress polling...
[    6.481406] systemd[1]: Starting Load Kernel Module configfs...
[    6.487727] systemd[1]: Starting Load Kernel Module drm...
[    6.494328] systemd[1]: Starting Load Kernel Module fuse...
[    6.501804] systemd[1]: Starting nftables...
[    6.513234] systemd[1]: Condition check resulted in Set Up Additional Binary Formats being skipped.
[    6.513467] systemd[1]: Condition check resulted in File System Check on Root Device being skipped.
[    6.523470] systemd[1]: Starting Journal Service...
[    6.547715] systemd[1]: Starting Load Kernel Modules...
[    6.555214] systemd[1]: Starting Remount Root and Kernel File Systems...
[    6.561924] systemd[1]: Starting Coldplug All udev Devices...
[    6.566131] systemd[1]: Mounted Huge Pages File System.
[    6.566457] systemd[1]: Mounted POSIX Message Queue File System.
[    6.566745] systemd[1]: run-rpc_pipefs.mount: Mount process exited, code=exited, status=32/n/a
[    6.566762] systemd[1]: run-rpc_pipefs.mount: Failed with result 'exit-code'.
[    6.567703] systemd[1]: Failed to mount RPC Pipe File System.
[    6.567871] systemd[1]: Dependency failed for RPC security service for NFS client and server.
[    6.567960] systemd[1]: rpc-gssd.service: Job rpc-gssd.service/start failed with result 'dependency'.
[    6.567979] systemd[1]: Dependency failed for RPC security service for NFS server.
[    6.568065] systemd[1]: rpc-svcgssd.service: Job rpc-svcgssd.service/start failed with result 'dependency'.
[    6.568278] systemd[1]: Mounted Kernel Debug File System.
[    6.568528] systemd[1]: Mounted Kernel Trace File System.
[    6.569588] systemd[1]: Finished Wait for network to be configured by ifupdown.
[    6.570806] systemd[1]: Finished Create list of static device nodes for the current kernel.
[    6.571352] systemd[1]: modprobe@configfs.service: Succeeded.
[    6.572124] systemd[1]: Finished Load Kernel Module configfs.
[    6.572678] systemd[1]: modprobe@drm.service: Succeeded.
[    6.573456] systemd[1]: Finished Load Kernel Module drm.
[    6.573870] systemd[1]: Reached target NFS client services.
[    6.579739] fuse: init (API version 7.31)
[    6.580476] systemd[1]: Mounting Kernel Configuration File System...
[    6.581607] systemd[1]: modprobe@fuse.service: Succeeded.
[    6.582430] systemd[1]: Finished Load Kernel Module fuse.
[    6.589230] systemd[1]: Mounting FUSE Control File System...
[    6.592040] systemd[1]: Finished Monitoring of LVM2 mirrors, snapshots etc. using dmeventd or progress polling.
[    6.592434] systemd[1]: Mounted Kernel Configuration File System.
[    6.594098] systemd[1]: Mounted FUSE Control File System.
[    6.627625] systemd[1]: Started Journal Service.
[    6.634719] EXT4-fs (vdiska2): re-mounted. Opts: errors=remount-ro
[    8.711433] sha1_sparc64: Using sparc64 sha1 opcode optimized SHA-1 implementation
[    8.759156] sha256_sparc64: Using sparc64 sha256 opcode optimized SHA-256/SHA-224 implementation
[    8.835327] sha512_sparc64: Using sparc64 sha512 opcode optimized SHA-512/SHA-384 implementation
[    8.850012] n2rng v0.3 (Jan 7, 2017)
[    8.850045] n2rng f029b104: Registered RNG HVAPI major 2 minor 0
[    8.850059] n2rng f029b104: Found multi-unit-capable RNG, units: 2
[    8.850092] n2rng f029b104: RNG ready
[    8.874650] md5_sparc64: Using sparc64 md5 opcode optimized MD5 implementation
[    8.893688] aes_sparc64: Using sparc64 aes opcodes optimized AES implementation
[    8.983783] des_sparc64: Using sparc64 des opcodes optimized DES implementation
[    8.992751] XFS (dm-0): Mounting V5 Filesystem
[    9.020256] camellia_sparc64: Using sparc64 camellia opcodes optimized CAMELLIA implementation
[    9.117428] XFS (dm-0): Ending clean mount
[    9.118562] xfs filesystem being mounted at /1 supports timestamps until 2038 (0x7fffffff)
[    9.194529] Adding 787176k swap on /dev/vdiska4.  Priority:-2 extents:1 across:787176k FS
[    9.350653] random: crng init done
[    9.350673] random: 4 urandom warning(s) missed due to ratelimiting
[    9.596374] EXT4-fs (vdiska1): mounting ext3 file system using the ext4 subsystem
[    9.823175] EXT4-fs (vdiska1): mounted filesystem with ordered data mode. Opts: (null)
[    9.823352] ext3 filesystem being mounted at /boot supports timestamps until 2038 (0x7fffffff)
