[    0.000012] PROMLIB: Sun IEEE Boot Prom 'OBP 4.38.17 2019/01/25 08:22'
[    0.000030] PROMLIB: Root node compatible: sun4v
[    0.000071] Linux version 5.11.0-10867-g29c395c77a9a (mator@ttip) (gcc (Debian 10.2.1-6) 10.2.1 20210110, GNU ld (GNU Binutils for Debian) 2.35.2) #190 SMP Thu Feb 25 13:40:28 MSK 2021
[    0.000382] printk: bootconsole [earlyprom0] enabled
[    0.000434] ARCH: SUN4V
[    0.000478] Ethernet address: 00:14:4f:fa:06:f2
[    0.000529] MM: PAGE_OFFSET is 0xfff8000000000000 (max_phys_bits == 47)
[    0.000594] MM: VMALLOC [0x0000000100000000 --> 0x0006000000000000]
[    0.000653] MM: VMEMMAP [0x0006000000000000 --> 0x000c000000000000]
[    0.014205] Kernel: Using 5 locked TLB entries for main kernel image.
[    0.014275] Remapping the kernel... 
[    0.014300] done.
[    0.039312] OF stdout device is: /virtual-devices@100/console@1
[    0.039373] PROM: Built device tree with 79505 bytes of memory.
[    0.039433] MDESC: Size is 30160 bytes.
[    0.039529] PLATFORM: banner-name [SPARC T5-2]
[    0.039578] PLATFORM: name [ORCL,SPARC-T5-2]
[    0.039622] PLATFORM: hostid [84fa06f2]
[    0.039662] PLATFORM: serial# [0035260e]
[    0.039704] PLATFORM: stick-frequency [3b9aca00]
[    0.039751] PLATFORM: mac-address [144ffa06f2]
[    0.039796] PLATFORM: watchdog-resolution [1000 ms]
[    0.039844] PLATFORM: watchdog-max-timeout [31536000000 ms]
[    0.039897] PLATFORM: max-cpus [1024]
[    0.039981] Top of RAM: 0x21af948000, Total RAM: 0x3ff382000
[    0.040042] Memory hole size: 121605MB
[    0.042403] Allocated 32768 bytes for kernel page tables.
[    0.042475] Zone ranges:
[    0.042512]   Normal   [mem 0x0000000030400000-0x00000021af947fff]
[    0.042579] Movable zone start for each node
[    0.042624] Early memory node ranges
[    0.042661]   node   0: [mem 0x0000000030400000-0x000000006febffff]
[    0.042723]   node   0: [mem 0x000000006ff40000-0x000000006ff47fff]
[    0.042783]   node   0: [mem 0x0000000070000000-0x00000002afffffff]
[    0.042844]   node   0: [mem 0x0000002030000000-0x00000021af8b1fff]
[    0.042904]   node   0: [mem 0x00000021af940000-0x00000021af947fff]
[    0.054439] Zeroed struct page in unavailable ranges: 263743 pages
[    0.054461] Initmem setup node 0 [mem 0x0000000030400000-0x00000021af947fff]
[    0.054613] On node 0 totalpages: 2095553
[    0.054621]   Normal zone: 18418 pages used for memmap
[    0.054627]   Normal zone: 0 pages reserved
[    0.054632]   Normal zone: 2095553 pages, LIFO batch:31
[    0.060633] Booting Linux...
[    0.060719] CPU CAPS: [flush,stbar,swap,muldiv,v9,blkinit,n2,mul32]
[    0.060824] CPU CAPS: [div32,v8plus,popc,vis,vis2,ASIBlkInit,fmaf,vis3]
[    0.060919] CPU CAPS: [hpc,ima,pause,cbcond,aes,des,kasumi,camellia]
[    0.061011] CPU CAPS: [md5,sha1,sha256,sha512,mpmul,montmul,montsqr,crc32c]
[    0.109844] percpu: Embedded 20 pages/cpu s119376 r8192 d36272 u262144
[    0.110068] pcpu-alloc: s119376 r8192 d36272 u262144 alloc=1*4194304
[    0.110079] pcpu-alloc: [0] 000 001 002 003 004 005 006 007 008 009 010 011 012 013 014 015 
[    0.110146] pcpu-alloc: [0] 016 017 018 019 020 021 022 023 024 025 026 027 028 029 030 031 
[    0.110213] pcpu-alloc: [0] 032 033 034 035 036 037 038 039 040 041 042 043 044 045 046 047 
[    0.110279] pcpu-alloc: [0] 048 049 050 051 052 053 054 055 056 057 058 059 060 061 062 063 
[    0.110345] pcpu-alloc: [0] 064 065 066 067 068 069 070 071 072 073 074 075 076 077 078 079 
[    0.110411] pcpu-alloc: [0] 080 081 082 083 084 085 086 087 088 089 090 091 092 093 094 095 
[    0.110477] pcpu-alloc: [0] 096 097 098 099 100 101 102 103 104 105 106 107 108 109 110 111 
[    0.110543] pcpu-alloc: [0] 112 113 114 115 116 117 118 119 120 121 122 123 124 125 126 127 
[    0.110609] pcpu-alloc: [0] 128 129 130 131 132 133 134 135 136 137 138 139 140 141 142 143 
[    0.110674] pcpu-alloc: [0] 144 145 146 147 148 149 150 151 152 153 154 155 156 157 158 159 
[    0.110740] pcpu-alloc: [0] 160 161 162 163 164 165 166 167 168 169 170 171 172 173 174 175 
[    0.110806] pcpu-alloc: [0] 176 177 178 179 180 181 182 183 184 185 186 187 188 189 190 191 
[    0.110871] pcpu-alloc: [0] 192 193 194 195 196 197 198 199 200 201 202 203 204 205 206 207 
[    0.110936] pcpu-alloc: [0] 208 209 210 211 212 213 214 215 216 217 218 219 220 221 222 223 
[    0.111002] pcpu-alloc: [0] 224 225 226 227 228 229 230 231 232 233 234 235 236 237 238 239 
[    0.111067] pcpu-alloc: [0] 240 241 242 243 244 245 246 247 248 249 250 251 252 253 254 255 
[    0.111537] SUN4V: Mondo queue sizes [cpu(131072) dev(16384) r(8192) nr(256)]
[    0.111853] Built 1 zonelists, mobility grouping on.  Total pages: 2077135
[    0.111932] Kernel command line: BOOT_IMAGE=/vmlinux-5.11.0-10867-g29c395c77a9a root=/dev/vdiska2 ro zswap.enabled=1
[    0.114951] printk: log_buf_len individual max cpu contribution: 4096 bytes
[    0.115018] printk: log_buf_len total cpu_extra contributions: 1044480 bytes
[    0.115084] printk: log_buf_len min size: 131072 bytes
[    0.116901] printk: log_buf_len: 2097152 bytes
[    0.116948] printk: early log buf free: 126488(96%)
[    0.118604] Dentry cache hash table entries: 2097152 (order: 11, 16777216 bytes, linear)
[    0.119512] Inode-cache hash table entries: 1048576 (order: 10, 8388608 bytes, linear)
[    0.119586] Sorting __ex_table...
[    0.119820] mem auto-init: stack:off, heap alloc:off, heap free:off
[    0.124284] Memory: 1305368K/16764424K available (8230K kernel code, 1671K rwdata, 2816K rodata, 600K init, 3082K bss, 296952K reserved, 0K cma-reserved)
[    0.124461] random: get_random_u64 called from kmem_cache_open+0x1c/0x340 with crng_init=0
[    0.126579] SLUB: HWalign=32, Order=0-3, MinObjects=0, CPUs=256, Nodes=1
[    0.127402] ftrace: allocating 25742 entries in 51 pages
[    0.137613] ftrace: allocated 51 pages with 4 groups
[    0.141963] rcu: Hierarchical RCU implementation.
[    0.142017] rcu: 	RCU event tracing is enabled.
[    0.142064] rcu: 	RCU debug extended QS entry/exit.
[    0.142112] 	Rude variant of Tasks RCU enabled.
[    0.142157] 	Tracing variant of Tasks RCU enabled.
[    0.142204] rcu: RCU calculated value of scheduler-enlistment delay is 26 jiffies.
[    0.147825] NR_IRQS: 2048, nr_irqs: 2048, preallocated irqs: 1
[    0.147905] SUN4V: Using IRQ API major 3, cookie only virqs enabled
[    0.151826] clocksource: stick: mask: 0xffffffffffffffff max_cycles: 0x1cd42e4dffb, max_idle_ns: 881590591483 ns
[    0.151964] clocksource: mult[800000] shift[23]
[    0.152011] clockevent: mult[80000000] shift[31]
[    0.152631] Console: colour dummy device 80x25
[    0.152685] printk: console [tty0] enabled
[    0.152748] printk: bootconsole [earlyprom0] disabled
[    0.152814] Lock dependency validator: Copyright (c) 2006 Red Hat, Inc., Ingo Molnar
[    0.152841] ... MAX_LOCKDEP_SUBCLASSES:  8
[    0.152858] ... MAX_LOCK_DEPTH:          48
[    0.152875] ... MAX_LOCKDEP_KEYS:        8192
[    0.152892] ... CLASSHASH_SIZE:          4096
[    0.152909] ... MAX_LOCKDEP_ENTRIES:     16384
[    0.152927] ... MAX_LOCKDEP_CHAINS:      32768
[    0.152945] ... CHAINHASH_SIZE:          16384
[    0.152962]  memory used by lock dependency info: 2603 kB
[    0.152982]  per task-struct memory footprint: 1920 bytes
[    0.232176] Calibrating delay using timer specific routine.. 2003.19 BogoMIPS (lpj=4006393)
[    0.232212] pid_max: default: 262144 minimum: 2048
[    0.233308] Mount-cache hash table entries: 32768 (order: 5, 262144 bytes, linear)
[    0.233368] Mountpoint-cache hash table entries: 32768 (order: 5, 262144 bytes, linear)
[    0.236770] rcu: Hierarchical SRCU implementation.
[    0.244062] smp: Bringing up secondary CPUs ...
[    0.263380] smp: Brought up 1 node, 24 CPUs
[    0.352306] node 0 deferred pages initialised in 84ms
[    0.353310] devtmpfs: initialized
[    0.355477] Performance events: 
[    0.355511] Testing NMI watchdog ... 
[    0.435598] OK.
[    0.435664] Supported PMU type is 'niagara5'
[    0.436725] ldc.c:v1.1 (July 22, 2008)
[    0.437520] clocksource: jiffies: mask: 0xffffffff max_cycles: 0xffffffff, max_idle_ns: 7645041785100000 ns
[    0.437582] futex hash table entries: 65536 (order: 10, 8388608 bytes, linear)
[    0.445001] NET: Registered protocol family 16
[    0.447736] VIO: Adding device channel-devices (tx_ino = ffffffffffffffff, rx_ino = ffffffffffffffff)
[    0.447827] VIO: Adding device vnet-port-0-0 (tx_ino = 0, rx_ino = 1)
[    0.447896] VIO: Adding device vnet-port-0-2 (tx_ino = 4, rx_ino = 5)
[    0.447960] VIO: Adding device vnet-port-0-3 (tx_ino = 6, rx_ino = 7)
[    0.448023] VIO: Adding device vnet-port-0-1 (tx_ino = 2, rx_ino = 3)
[    0.448085] VIO: Adding device vnet-port-0-4 (tx_ino = 8, rx_ino = 9)
[    0.448147] VIO: Adding device vdc-port-2-0 (tx_ino = a, rx_ino = b)
[    0.448211] VIO: Adding device vdc-port-1-0 (tx_ino = c, rx_ino = d)
[    0.448272] VIO: Adding device vdc-port-0-0 (tx_ino = e, rx_ino = f)
[    0.448337] VIO: Adding device vlds-port-0-0 (tx_ino = 10, rx_ino = 11)
[    0.448401] VIO: Adding device domain-services-port-0 (tx_ino = 10, rx_ino = 11)
[    0.448594] audit: initializing netlink subsys (disabled)
[    0.448793] audit: type=2000 audit(0.292:1): state=initialized audit_enabled=0 res=1
[    0.461216] HugeTLB registered 64.0 KiB page size, pre-allocated 0 pages
[    0.461244] HugeTLB registered 8.00 MiB page size, pre-allocated 0 pages
[    0.461269] HugeTLB registered 256 MiB page size, pre-allocated 0 pages
[    0.461293] HugeTLB registered 2.00 GiB page size, pre-allocated 0 pages
[    1.034736] SUN4V: Reboot data supported (maj=1,min=0).
[    1.034982] ds.c:v1.0 (Jul 11, 2007)
[    1.035183] ds-0: ds_conn_reset() from send_events
[    1.035840] clocksource: Switched to clocksource stick
[    1.141535] VFS: Disk quotas dquot_6.6.0
[    1.141761] VFS: Dquot-cache hash table entries: 1024 (order 0, 8192 bytes)
[    1.148897] NET: Registered protocol family 2
[    1.165959] tcp_listen_portaddr_hash hash table entries: 8192 (order: 6, 655360 bytes, linear)
[    1.166668] TCP established hash table entries: 131072 (order: 7, 1048576 bytes, linear)
[    1.167306] TCP bind hash table entries: 65536 (order: 9, 4718592 bytes, linear)
[    1.173561] TCP: Hash tables configured (established 131072 bind 65536)
[    1.175403] UDP hash table entries: 8192 (order: 7, 1310720 bytes, linear)
[    1.177223] UDP-Lite hash table entries: 8192 (order: 7, 1310720 bytes, linear)
[    1.180852] NET: Registered protocol family 1
[    1.180892] NET: Registered protocol family 44
[    1.181104] Trying to unpack rootfs image as initramfs...
[    1.380121] Freeing initrd memory: 24984K
[    1.391022] Initialise system trusted keyrings
[    1.391229] workingset: timestamp_bits=46 max_order=21 bucket_order=0
[    1.406873] zbud: loaded
[    1.410851] SGI XFS with ACLs, security attributes, realtime, quota, no debug enabled
[    1.417206] Key type asymmetric registered
[    1.417234] Asymmetric key parser 'x509' registered
[    1.417281] Block layer SCSI generic (bsg) driver version 0.4 loaded (major 252)
[    1.418162] io scheduler mq-deadline registered
[    1.419597] f029b788: ttyHV0 at I/O 0x0 (irq = 1, base_baud = 115200) is a SUN4V HCONS
[    1.420100] printk: console [ttyHV0] enabled
[    1.422378] sunvdc.c:v1.2 (November 24, 2014)
[    1.425761] sunvdc: Virtual Hard disk vdiskc
[    1.425783] sunvdc: vdiskc: 104857600 sectors (51200 MB) protocol 1.2
[    1.446113] sunvdc: Virtual Hard disk vdiskb
[    1.446137] sunvdc: vdiskb: 62914560 sectors (30720 MB) protocol 1.2
[    1.446593]  vdiskb: vdiskb1
[    1.466492] sunvdc: Virtual Hard disk vdiska
[    1.466516] sunvdc: vdiska: 31457280 sectors (15360 MB) protocol 1.2
[    1.466992]  vdiska: vdiska1 vdiska2 vdiska3 vdiska4
[    1.486215] rtc-sun4v rtc-sun4v: registered as rtc0
[    1.486281] rtc-sun4v rtc-sun4v: setting system clock to 2021-02-25T11:52:49 UTC (1614253969)
[    1.490220] NET: Registered protocol family 10
[    1.512731] Segment Routing with IPv6
[    1.512793] mip6: Mobile IPv6
[    1.512813] NET: Registered protocol family 17
[    1.513054] registered taskstats version 1
[    1.513081] Loading compiled-in X.509 certificates
[    1.518471] zswap: loaded using pool lzo/zbud
[    1.521972] This architecture does not have kernel memory protection.
[    1.522004] Run /init as init process
[    1.522023]   with arguments:
[    1.522028]     /init
[    1.522033]   with environment:
[    1.522037]     HOME=/
[    1.522042]     TERM=linux
[    1.522046]     BOOT_IMAGE=/vmlinux-5.11.0-10867-g29c395c77a9a
[    1.854040] sunvnet_common: module verification failed: signature and/or required key missing - tainting kernel
[    1.857067] sunvnet: sunvnet 2.0 (February 3, 2017)
[    1.859618] vnet_port vnet-port-0-0 eth0: Sun LDOM vnet 00:14:4f:f8:12:a3
[    1.859853] sunvnet: eth0: PORT ( remote-mac 00:14:4f:fa:f3:f0 switch-port )
[    1.860321] sunvnet: eth0: PORT ( remote-mac 00:14:4f:f8:e5:f3 )
[    1.860676] sunvnet: eth0: PORT ( remote-mac 00:14:4f:f8:3f:1e )
[    1.860979] sunvnet: eth0: PORT ( remote-mac 00:14:4f:f9:b4:97 )
[    1.861287] sunvnet: eth0: PORT ( remote-mac 00:14:4f:f9:8b:83 )
[    1.869716] random: lvm: uninitialized urandom read (4 bytes read)
[    1.870949] crc32c_sparc64: Using sparc64 crc32c opcode optimized CRC32C implementation
[    1.898662] device-mapper: uevent: version 1.0.3
[    1.899456] device-mapper: ioctl: 4.44.0-ioctl (2021-02-01) initialised: dm-devel@redhat.com
[    1.904934] random: lvm: uninitialized urandom read (2 bytes read)
[    1.905390] dm-0: detected capacity change from 104849408 to 0
[    2.144308] xor: automatically using best checksumming function   Niagara   
[    2.211793] raid6: int64x8  gen()  2158 MB/s
[    2.279801] raid6: int64x8  xor()  1519 MB/s
[    2.347815] raid6: int64x4  gen()  3381 MB/s
[    2.415797] raid6: int64x4  xor()  1457 MB/s
[    2.483810] raid6: int64x2  gen()  2922 MB/s
[    2.551804] raid6: int64x2  xor()  1131 MB/s
[    2.619819] raid6: int64x1  gen()  1423 MB/s
[    2.687816] raid6: int64x1  xor()   715 MB/s
[    2.687840] raid6: using algorithm int64x4 gen() 3381 MB/s
[    2.687863] raid6: .... xor() 1457 MB/s, rmw enabled
[    2.687884] raid6: using intx1 recovery algorithm
[    2.854152] random: fast init done
[    2.858523] EXT4-fs (vdiska2): mounted filesystem with ordered data mode. Opts: (null). Quota mode: none.
[    4.000185] systemd[1]: Inserted module 'autofs4'
[    4.100952] systemd[1]: systemd 247.3-1 running in system mode. (+PAM +AUDIT +SELINUX +IMA +APPARMOR +SMACK +SYSVINIT +UTMP +LIBCRYPTSETUP +GCRYPT +GNUTLS +ACL +XZ +LZ4 +ZSTD -SECCOMP +BLKID +ELFUTILS +KMOD +IDN2 -IDN +PCRE2 default-hierarchy=unified)
[    4.101326] systemd[1]: Detected architecture sparc64.
[    4.108371] systemd[1]: Set hostname to <ttip>.
[    4.364695] systemd-sysv-generator[350]: SysV service '/etc/init.d/xinetd' lacks a native systemd unit file. Automatically generating a unit file for compatibility. Please update package to include a native systemd unit file, in order to make it more safe and robust.
[    4.609511] systemd-sysv-generator[350]: SysV service '/etc/init.d/rng-tools-debian' lacks a native systemd unit file. Automatically generating a unit file for compatibility. Please update package to include a native systemd unit file, in order to make it more safe and robust.
[    4.617717] systemd-sysv-generator[350]: SysV service '/etc/init.d/arpalert' lacks a native systemd unit file. Automatically generating a unit file for compatibility. Please update package to include a native systemd unit file, in order to make it more safe and robust.
[    4.639513] systemd-sysv-generator[350]: SysV service '/etc/init.d/vmtouch' lacks a native systemd unit file. Automatically generating a unit file for compatibility. Please update package to include a native systemd unit file, in order to make it more safe and robust.
[    4.723477] systemd-sysv-generator[350]: SysV service '/etc/init.d/mysql' lacks a native systemd unit file. Automatically generating a unit file for compatibility. Please update package to include a native systemd unit file, in order to make it more safe and robust.
[    4.831082] random: lvmconfig: uninitialized urandom read (4 bytes read)
[    5.720814] systemd[1]: Queued start job for default target Multi-User System.
[    5.721729] random: systemd: uninitialized urandom read (16 bytes read)
[    5.732020] systemd[1]: Created slice system-getty.slice.
[    5.732514] random: systemd: uninitialized urandom read (16 bytes read)
[    5.736307] systemd[1]: Created slice system-modprobe.slice.
[    5.740469] systemd[1]: Created slice system-openvpn\x2dclient.slice.
[    5.744781] systemd[1]: Created slice system-postfix.slice.
[    5.748805] systemd[1]: Created slice system-systemd\x2dfsck.slice.
[    5.752665] systemd[1]: Created slice User and Session Slice.
[    5.753171] systemd[1]: Started Dispatch Password Requests to Console Directory Watch.
[    5.753614] systemd[1]: Started Forward Password Requests to Wall Directory Watch.
[    5.755176] systemd[1]: Set up automount Arbitrary Executable File Formats File System Automount Point.
[    5.755506] systemd[1]: Reached target Local Encrypted Volumes.
[    5.755846] systemd[1]: Reached target Paths.
[    5.756084] systemd[1]: Reached target Slices.
[    5.756599] systemd[1]: Listening on Device-mapper event daemon FIFOs.
[    5.757171] systemd[1]: Listening on LVM2 poll daemon socket.
[    5.774701] systemd[1]: Listening on RPCbind Server Activation Socket.
[    5.776145] systemd[1]: Listening on Syslog Socket.
[    5.776724] systemd[1]: Listening on fsck to fsckd communication Socket.
[    5.777129] systemd[1]: Listening on initctl Compatibility Named Pipe.
[    5.777843] systemd[1]: Listening on Journal Audit Socket.
[    5.778379] systemd[1]: Listening on Journal Socket (/dev/log).
[    5.779072] systemd[1]: Listening on Journal Socket.
[    5.779770] systemd[1]: Listening on udev Control Socket.
[    5.780442] systemd[1]: Listening on udev Kernel Socket.
[    5.787025] systemd[1]: Mounting Huge Pages File System...
[    5.793782] systemd[1]: Mounting POSIX Message Queue File System...
[    5.800156] systemd[1]: Mounting RPC Pipe File System...
[    5.806658] systemd[1]: Mounting Kernel Debug File System...
[    5.813728] systemd[1]: Mounting Kernel Trace File System...
[    5.814204] systemd[1]: Condition check resulted in Kernel Module supporting RPCSEC_GSS being skipped.
[    5.814711] systemd[1]: Finished Availability of block devices.
[    5.822696] systemd[1]: Starting Wait for network to be configured by ifupdown...
[    5.829760] systemd[1]: Starting Create list of static device nodes for the current kernel...
[    5.835973] systemd[1]: Starting Monitoring of LVM2 mirrors, snapshots etc. using dmeventd or progress polling...
[    5.842830] systemd[1]: Starting Load Kernel Module configfs...
[    5.849641] systemd[1]: Starting Load Kernel Module drm...
[    5.857511] systemd[1]: Starting Load Kernel Module fuse...
[    5.864648] systemd[1]: Starting nftables...
[    5.868802] systemd[1]: Condition check resulted in Set Up Additional Binary Formats being skipped.
[    5.869032] systemd[1]: Condition check resulted in File System Check on Root Device being skipped.
[    5.874480] fuse: init (API version 7.33)
[    5.882547] systemd[1]: Starting Journal Service...
[    5.893735] systemd[1]: Starting Load Kernel Modules...
[    5.902265] systemd[1]: Starting Remount Root and Kernel File Systems...
[    5.909979] systemd[1]: Starting Coldplug All udev Devices...
[    5.915992] RPC: Registered named UNIX socket transport module.
[    5.916030] RPC: Registered udp transport module.
[    5.916056] RPC: Registered tcp transport module.
[    5.916081] RPC: Registered tcp NFSv4.1 backchannel transport module.
[    5.918582] systemd[1]: Mounted Huge Pages File System.
[    5.920811] systemd[1]: Mounted POSIX Message Queue File System.
[    5.921370] systemd[1]: Mounted RPC Pipe File System.
[    5.921910] systemd[1]: Mounted Kernel Debug File System.
[    5.922475] systemd[1]: Mounted Kernel Trace File System.
[    5.924661] systemd[1]: Finished Wait for network to be configured by ifupdown.
[    5.926686] systemd[1]: Finished Create list of static device nodes for the current kernel.
[    5.928045] systemd[1]: modprobe@configfs.service: Succeeded.
[    5.929550] systemd[1]: Finished Load Kernel Module configfs.
[    5.930929] systemd[1]: modprobe@drm.service: Succeeded.
[    5.932481] systemd[1]: Finished Load Kernel Module drm.
[    5.933808] systemd[1]: modprobe@fuse.service: Succeeded.
[    5.935286] systemd[1]: Finished Load Kernel Module fuse.
[    5.942880] systemd[1]: Mounting FUSE Control File System...
[    5.950627] systemd[1]: Mounting Kernel Configuration File System...
[    5.954026] systemd[1]: Mounted FUSE Control File System.
[    5.964286] systemd[1]: Mounted Kernel Configuration File System.
[    5.977861] systemd[1]: Finished Monitoring of LVM2 mirrors, snapshots etc. using dmeventd or progress polling.
[    5.988150] EXT4-fs (vdiska2): re-mounted. Opts: errors=remount-ro. Quota mode: none.
[    5.992050] systemd[1]: Finished Load Kernel Modules.
[    5.994387] systemd[1]: Finished Remount Root and Kernel File Systems.
[    6.086983] systemd[1]: Starting Initial Check File System Quotas...
[    6.101899] systemd[1]: Condition check resulted in Rebuild Hardware Database being skipped.
[    6.102153] systemd[1]: Condition check resulted in Platform Persistent Storage Archival being skipped.
[    6.108610] systemd[1]: Starting Load/Save Random Seed...
[    6.115079] systemd[1]: Starting Apply Kernel Variables...
[    6.121714] systemd[1]: Starting Create System Users...
[    6.122864] systemd[1]: Started Journal Service.
[    6.186197] systemd-journald[386]: Received client request to flush runtime journal.
[    7.746454] sha1_sparc64: Using sparc64 sha1 opcode optimized SHA-1 implementation
[    7.784568] sha256_sparc64: Using sparc64 sha256 opcode optimized SHA-256/SHA-224 implementation
[    7.818693] sha512_sparc64: Using sparc64 sha512 opcode optimized SHA-512/SHA-384 implementation
[    7.838166] md5_sparc64: Using sparc64 md5 opcode optimized MD5 implementation
[    7.838388] n2rng v0.3 (Jan 7, 2017)
[    7.838437] n2rng f029b104: Registered RNG HVAPI major 2 minor 0
[    7.838474] n2rng f029b104: Found multi-unit-capable RNG, units: 2
[    7.838705] n2rng f029b104: RNG ready
[    7.858920] aes_sparc64: Using sparc64 aes opcodes optimized AES implementation
[    7.894748] des_sparc64: Using sparc64 des opcodes optimized DES implementation
[    7.925459] camellia_sparc64: Using sparc64 camellia opcodes optimized CAMELLIA implementation
[    7.983102] XFS (dm-0): Mounting V5 Filesystem
[    8.135421] XFS (dm-0): Ending clean mount
[    8.136856] xfs filesystem being mounted at /1 supports timestamps until 2038 (0x7fffffff)
[    8.179886] Adding 787176k swap on /dev/vdiska4.  Priority:-2 extents:1 across:787176k FS
[    8.441631] EXT4-fs (vdiska1): mounting ext3 file system using the ext4 subsystem
[    8.671776] EXT4-fs (vdiska1): mounted filesystem with ordered data mode. Opts: (null). Quota mode: none.
[    8.672009] ext3 filesystem being mounted at /boot supports timestamps until 2038 (0x7fffffff)
[    8.876177] random: crng init done
[    8.876215] random: 5 urandom warning(s) missed due to ratelimiting
