[    0.000019] PROMLIB: Sun IEEE Boot Prom 'OBP 4.38.12 2018/03/28 14:54'
[    0.000031] PROMLIB: Root node compatible: sun4v
[    0.000082] Linux version 5.6.0-rc3-00083-g058bc104f7ca (mator@ttip) (gcc version 9.3.0 (Debian 9.3.0-8)) #47 SMP Thu Apr 2 12:24:41 MSK 2020
[    0.000400] printk: bootconsole [earlyprom0] enabled
[    0.000453] ARCH: SUN4V
[    0.000505] Ethernet address: 00:14:4f:fa:06:f2
[    0.000558] MM: PAGE_OFFSET is 0xfff8000000000000 (max_phys_bits == 47)
[    0.000625] MM: VMALLOC [0x0000000100000000 --> 0x0006000000000000]
[    0.000687] MM: VMEMMAP [0x0006000000000000 --> 0x000c000000000000]
[    0.012658] Kernel: Using 5 locked TLB entries for main kernel image.
[    0.012745] Remapping the kernel... 
[    0.012772] done.
[    0.046512] OF stdout device is: /virtual-devices@100/console@1
[    0.046591] PROM: Built device tree with 86758 bytes of memory.
[    0.046658] MDESC: Size is 36512 bytes.
[    0.046784] PLATFORM: banner-name [SPARC T5-2]
[    0.046835] PLATFORM: name [ORCL,SPARC-T5-2]
[    0.046880] PLATFORM: hostid [84fa06f2]
[    0.046924] PLATFORM: serial# [0035260e]
[    0.046966] PLATFORM: stick-frequency [3b9aca00]
[    0.047015] PLATFORM: mac-address [144ffa06f2]
[    0.047061] PLATFORM: watchdog-resolution [1000 ms]
[    0.047112] PLATFORM: watchdog-max-timeout [31536000000 ms]
[    0.047166] PLATFORM: max-cpus [1024]
[    0.047273] Top of RAM: 0x24af938000, Total RAM: 0x87f354000
[    0.047334] Memory hole size: 115461MB
[    0.051951] Allocated 40960 bytes for kernel page tables.
[    0.052058] Zone ranges:
[    0.052102]   Normal   [mem 0x0000000030400000-0x00000024af937fff]
[    0.052169] Movable zone start for each node
[    0.052215] Early memory node ranges
[    0.052254]   node   0: [mem 0x0000000030400000-0x000000006fe7ffff]
[    0.052318]   node   0: [mem 0x000000006ff00000-0x000000006ff25fff]
[    0.052379]   node   0: [mem 0x0000000070000000-0x000000042fffffff]
[    0.052441]   node   0: [mem 0x0000002030000000-0x00000024af87ffff]
[    0.052504]   node   0: [mem 0x00000024af900000-0x00000024af925fff]
[    0.052565]   node   0: [mem 0x00000024af930000-0x00000024af937fff]
[    0.064281] Zeroed struct page in unavailable ranges: 263766 pages
[    0.064288] Initmem setup node 0 [mem 0x0000000030400000-0x00000024af937fff]
[    0.064446] On node 0 totalpages: 4454826
[    0.064455]   Normal zone: 39154 pages used for memmap
[    0.064460]   Normal zone: 0 pages reserved
[    0.064466]   Normal zone: 4454826 pages, LIFO batch:31
[    0.075752] Booting Linux...
[    0.075836] CPU CAPS: [flush,stbar,swap,muldiv,v9,blkinit,n2,mul32]
[    0.075918] CPU CAPS: [div32,v8plus,popc,vis,vis2,ASIBlkInit,fmaf,vis3]
[    0.075996] CPU CAPS: [hpc,ima,pause,cbcond,aes,des,kasumi,camellia]
[    0.076068] CPU CAPS: [md5,sha1,sha256,sha512,mpmul,montmul,montsqr,crc32c]
[    0.105968] percpu: Embedded 27 pages/cpu s182344 r8192 d30648 u262144
[    0.106216] pcpu-alloc: s182344 r8192 d30648 u262144 alloc=1*4194304
[    0.106223] pcpu-alloc: [0] 000 001 002 003 004 005 006 007 008 009 010 011 012 013 014 015 
[    0.106250] pcpu-alloc: [0] 016 017 018 019 020 021 022 023 024 025 026 027 028 029 030 031 
[    0.106277] pcpu-alloc: [0] 032 033 034 035 036 037 038 039 040 041 042 043 044 045 046 047 
[    0.106304] pcpu-alloc: [0] 048 049 050 051 052 053 054 055 056 057 058 059 060 061 062 063 
[    0.106331] pcpu-alloc: [0] 064 065 066 067 068 069 070 071 072 073 074 075 076 077 078 079 
[    0.106358] pcpu-alloc: [0] 080 081 082 083 084 085 086 087 088 089 090 091 092 093 094 095 
[    0.106385] pcpu-alloc: [0] 096 097 098 099 100 101 102 103 104 105 106 107 108 109 110 111 
[    0.106411] pcpu-alloc: [0] 112 113 114 115 116 117 118 119 120 121 122 123 124 125 126 127 
[    0.106895] SUN4V: Mondo queue sizes [cpu(131072) dev(16384) r(8192) nr(256)]
[    0.107285] Built 1 zonelists, mobility grouping on.  Total pages: 4415672
[    0.107378] Kernel command line: BOOT_IMAGE=/vmlinux-5.6.0-rc3-00083-g058bc104f7ca root=/dev/vdiska2 ro zswap.enabled=1
[    0.109924] printk: log_buf_len individual max cpu contribution: 4096 bytes
[    0.110017] printk: log_buf_len total cpu_extra contributions: 520192 bytes
[    0.110085] printk: log_buf_len min size: 131072 bytes
[    0.111381] printk: log_buf_len: 1048576 bytes
[    0.111438] printk: early log buf free: 126648(96%)
[    0.117896] Dentry cache hash table entries: 8388608 (order: 13, 67108864 bytes, linear)
[    0.121225] Inode-cache hash table entries: 4194304 (order: 12, 33554432 bytes, linear)
[    0.121331] Sorting __ex_table...
[    0.121576] mem auto-init: stack:off, heap alloc:off, heap free:off
[    0.180390] Memory: 1305232K/35638608K available (7680K kernel code, 1035K rwdata, 2280K rodata, 640K init, 6747K bss, 508928K reserved, 0K cma-reserved)
[    0.181024] SLUB: HWalign=32, Order=0-3, MinObjects=0, CPUs=128, Nodes=1
[    0.181308] ftrace: allocating 21529 entries in 43 pages
[    0.189989] ftrace: allocated 43 pages with 4 groups
[    0.192873] Running RCU self tests
[    0.192960] rcu: Hierarchical RCU implementation.
[    0.193015] rcu: 	RCU event tracing is enabled.
[    0.193067] rcu: 	RCU lockdep checking is enabled.
[    0.194130] 	Tasks RCU enabled.
[    0.194172] rcu: RCU calculated value of scheduler-enlistment delay is 10 jiffies.
[    0.198606] NR_IRQS: 2048, nr_irqs: 2048, preallocated irqs: 1
[    0.198722] SUN4V: Using IRQ API major 3, cookie only virqs enabled
[    0.201160] clocksource: stick: mask: 0xffffffffffffffff max_cycles: 0x1cd42e4dffb, max_idle_ns: 881590591483 ns
[    0.201291] clocksource: mult[800000] shift[23]
[    0.201340] clockevent: mult[80000000] shift[31]
[    0.201882] Console: colour dummy device 80x25
[    0.201946] printk: console [tty0] enabled
[    0.202020] printk: bootconsole [earlyprom0] disabled
[    0.202104] Lock dependency validator: Copyright (c) 2006 Red Hat, Inc., Ingo Molnar
[    0.202154] ... MAX_LOCKDEP_SUBCLASSES:  8
[    0.202185] ... MAX_LOCK_DEPTH:          48
[    0.202215] ... MAX_LOCKDEP_KEYS:        8192
[    0.202247] ... CLASSHASH_SIZE:          4096
[    0.202278] ... MAX_LOCKDEP_ENTRIES:     16384
[    0.202310] ... MAX_LOCKDEP_CHAINS:      32768
[    0.202342] ... CHAINHASH_SIZE:          16384
[    0.202374]  memory used by lock dependency info: 3855 kB
[    0.202410]  memory used for stack traces: 2112 kB
[    0.202443]  per task-struct memory footprint: 1920 bytes
[    0.352049] Calibrating delay using timer specific routine.. 2017.76 BogoMIPS (lpj=10088827)
[    0.352120] pid_max: default: 131072 minimum: 1024
[    0.352413] LSM: Security Framework initializing
[    0.352567] AppArmor: AppArmor initialized
[    0.352839] Mount-cache hash table entries: 131072 (order: 7, 1048576 bytes, linear)
[    0.353006] Mountpoint-cache hash table entries: 131072 (order: 7, 1048576 bytes, linear)
[    0.353143] *** VALIDATE tmpfs ***
[    0.354031] *** VALIDATE proc ***
[    0.354545] *** VALIDATE cgroup ***
[    0.354578] *** VALIDATE cgroup2 ***
[    0.356813] rcu: Hierarchical SRCU implementation.
[    0.365000] smp: Bringing up secondary CPUs ...
[    0.410186] smp: Brought up 1 node, 32 CPUs
[    0.602210] node 0 initialised, 4228056 pages in 180ms
[    0.603514] devtmpfs: initialized
[    0.608207] Performance events: 
[    0.608262] Testing NMI watchdog ... 
[    0.808362] OK.
[    0.808490] Supported PMU type is 'niagara5'
[    0.808692] random: get_random_u32 called from bucket_table_alloc.isra.0+0x188/0x1c0 with crng_init=0
[    0.809353] ldc.c:v1.1 (July 22, 2008)
[    0.811825] clocksource: jiffies: mask: 0xffffffff max_cycles: 0xffffffff, max_idle_ns: 19112604462750000 ns
[    0.811918] futex hash table entries: 32768 (order: 9, 4194304 bytes, linear)
[    0.817256] NET: Registered protocol family 16
[    0.825624] VIO: Adding device channel-devices (tx_ino = ffffffffffffffff, rx_ino = ffffffffffffffff)
[    0.825858] VIO: Adding device vnet-port-0-0 (tx_ino = 0, rx_ino = 1)
[    0.826057] VIO: Adding device vnet-port-0-1 (tx_ino = 2, rx_ino = 3)
[    0.826229] VIO: Adding device vnet-port-0-2 (tx_ino = 4, rx_ino = 5)
[    0.826393] VIO: Adding device vnet-port-0-3 (tx_ino = 6, rx_ino = 7)
[    0.826557] VIO: Adding device vnet-port-0-4 (tx_ino = 8, rx_ino = 9)
[    0.826729] VIO: Adding device vnet-port-0-5 (tx_ino = a, rx_ino = b)
[    0.826893] VIO: Adding device vdc-port-2-0 (tx_ino = c, rx_ino = d)
[    0.827056] VIO: Adding device vdc-port-1-0 (tx_ino = e, rx_ino = f)
[    0.827226] VIO: Adding device vdc-port-0-0 (tx_ino = 10, rx_ino = 11)
[    0.827389] VIO: Adding device vdc-port-3-0 (tx_ino = 12, rx_ino = 13)
[    0.827554] VIO: Adding device vlds-port-0-0 (tx_ino = 14, rx_ino = 15)
[    0.827726] VIO: Adding device domain-services-port-0 (tx_ino = 14, rx_ino = 15)
[    0.828016] audit: initializing netlink subsys (disabled)
[    0.828378] audit: type=2000 audit(0.420:1): state=initialized audit_enabled=0 res=1
[    0.854195] HugeTLB registered 64.0 KiB page size, pre-allocated 0 pages
[    0.854252] HugeTLB registered 8.00 MiB page size, pre-allocated 0 pages
[    0.854297] HugeTLB registered 256 MiB page size, pre-allocated 0 pages
[    0.854342] HugeTLB registered 2.00 GiB page size, pre-allocated 0 pages
[    0.856031] alg: extra crypto tests enabled.  This is intended for developer use only.
[    0.882815] cryptd: max_cpu_qlen set to 1000
[    0.993046] NetLabel: Initializing
[    0.993086] NetLabel:  domain hash size = 128
[    0.993120] NetLabel:  protocols = UNLABELED CIPSOv4 CALIPSO
[    0.993248] NetLabel:  unlabeled traffic allowed by default
[    0.994246] SUN4V: Reboot data supported (maj=1,min=0).
[    0.994624] ds.c:v1.0 (Jul 11, 2007)
[    0.995012] ds-0: ds_conn_reset() from send_events.isra.0
[    0.995518] clocksource: Switched to clocksource stick
[    1.197141] *** VALIDATE bpf ***
[    1.198471] VFS: Disk quotas dquot_6.6.0
[    1.198610] VFS: Dquot-cache hash table entries: 1024 (order 0, 8192 bytes)
[    1.198835] *** VALIDATE ramfs ***
[    1.198893] *** VALIDATE hugetlbfs ***
[    1.200577] AppArmor: AppArmor Filesystem Enabled
[    1.213592] NET: Registered protocol family 2
[    1.215717] tcp_listen_portaddr_hash hash table entries: 32768 (order: 8, 2359296 bytes, linear)
[    1.218667] TCP established hash table entries: 524288 (order: 9, 4194304 bytes, linear)
[    1.220670] TCP bind hash table entries: 65536 (order: 9, 4194304 bytes, linear)
[    1.226282] TCP: Hash tables configured (established 524288 bind 65536)
[    1.228810] UDP hash table entries: 32768 (order: 9, 5242880 bytes, linear)
[    1.235045] UDP-Lite hash table entries: 32768 (order: 9, 5242880 bytes, linear)
[    1.242645] NET: Registered protocol family 1
[    1.242716] NET: Registered protocol family 44
[    1.243454] Trying to unpack rootfs image as initramfs...
[    1.442536] Freeing initrd memory: 14784K
[    1.443401] aes_sparc64: Using sparc64 aes opcodes optimized AES implementation
[    1.760335] des_sparc64: Using sparc64 des opcodes optimized DES implementation
[    2.336086] camellia_sparc64: Using sparc64 camellia opcodes optimized CAMELLIA implementation
[    2.550349] workingset: timestamp_bits=46 max_order=23 bucket_order=0
[    2.568499] zbud: loaded
[    2.570716] SGI XFS with ACLs, security attributes, quota, fatal assert, debug enabled
[    2.576765] *** VALIDATE xfs ***
[    2.592149] Block layer SCSI generic (bsg) driver version 0.4 loaded (major 252)
[    2.593138] io scheduler mq-deadline registered
[    2.595948] f029b788: ttyHV0 at I/O 0x0 (irq = 1, base_baud = 115200) is a SUN4V HCONS
[    2.596944] printk: console [ttyHV0] enabled
[    2.600535] sunvdc.c:v1.2 (November 24, 2014)
[    2.602344] sunvdc: Virtual Hard disk vdiskc
[    2.602383] sunvdc: vdiskc: 104857600 sectors (51200 MB) protocol 1.2
[    2.622374] sunvdc: Virtual Hard disk vdiskb
[    2.622427] sunvdc: vdiskb: 62914560 sectors (30720 MB) protocol 1.2
[    2.623427]  vdiskb: vdiskb1
[    2.642144] sunvdc: Virtual Hard disk vdiska
[    2.642197] sunvdc: vdiska: 31457280 sectors (15360 MB) protocol 1.2
[    2.643256]  vdiska: vdiska1 vdiska2 vdiska3 vdiska4
[    2.662679] sunvdc: Virtual CDROM vdiskd
[    2.662736] sunvdc: vdiskd: 453848 sectors (221 MB) protocol 1.2
[    2.663787]  vdiskd: vdiskd1 vdiskd2 vdiskd3 vdiskd4 vdiskd5 vdiskd6 vdiskd7
[    2.682571] sunvnet: sunvnet 2.0 (February 3, 2017)
[    2.684771] vnet_port vnet-port-0-0 eth0: Sun LDOM vnet 00:14:4f:f8:12:a3
[    2.684998] sunvnet: eth0: PORT ( remote-mac 00:14:4f:fa:f3:f0 switch-port )
[    2.685357] sunvnet: eth0: PORT ( remote-mac 00:14:4f:f8:e5:f3 )
[    2.685801] sunvnet: eth0: PORT ( remote-mac 00:14:4f:f9:b4:97 )
[    2.686144] sunvnet: eth0: PORT ( remote-mac 00:14:4f:f8:3f:1e )
[    2.686488] sunvnet: eth0: PORT ( remote-mac 00:14:4f:f8:fe:47 )
[    2.686834] sunvnet: eth0: PORT ( remote-mac 00:14:4f:f9:8b:83 )
[    2.688086] rtc-sun4v rtc-sun4v: registered as rtc0
[    2.688627] sun4v_wdt: initialized (timeout=60s, nowayout=0)
[    2.688877] device-mapper: uevent: version 1.0.3
[    2.689620] device-mapper: ioctl: 4.41.0-ioctl (2019-09-16) initialised: dm-devel@redhat.com
[    2.690460] NET: Registered protocol family 17
[    2.691113] registered taskstats version 1
[    2.691951] zswap: loaded using pool lzo/zbud
[    3.036110] Key type big_key registered
[    3.036182] AppArmor: AppArmor sha1 policy hashing enabled
[    3.036940] rtc-sun4v rtc-sun4v: setting system clock to 2020-04-02T09:39:11 UTC (1585820351)
[    3.041397] This architecture does not have kernel memory protection.
[    3.041450] Run /init as init process
[    3.041482]   with arguments:
[    3.041489]     /init
[    3.041495]   with environment:
[    3.041502]     HOME=/
[    3.041508]     TERM=linux
[    3.041515]     BOOT_IMAGE=/vmlinux-5.6.0-rc3-00083-g058bc104f7ca
[    3.543344] crc32c_sparc64: Using sparc64 crc32c opcode optimized CRC32C implementation
[    4.125514] raid6: int64x8  gen()  2126 MB/s
[    4.295478] raid6: int64x8  xor()  1506 MB/s
[    4.465493] raid6: int64x4  gen()  3395 MB/s
[    4.635496] raid6: int64x4  xor()  1475 MB/s
[    4.805502] raid6: int64x2  gen()  2728 MB/s
[    4.975493] raid6: int64x2  xor()  1157 MB/s
[    5.145534] raid6: int64x1  gen()  1343 MB/s
[    5.315525] raid6: int64x1  xor()   667 MB/s
[    5.315577] raid6: using algorithm int64x4 gen() 3395 MB/s
[    5.315616] raid6: .... xor() 1475 MB/s, rmw enabled
[    5.315653] raid6: using intx1 recovery algorithm
[    5.316581] async_tx: api initialized (async)
[    5.317143] xor: automatically using best checksumming function   Niagara   
[    5.410924] process '/usr/bin/fstype' started with executable stack
[    5.433300] random: fast init done
[    5.540261] EXT4-fs (vdiska2): mounted filesystem with ordered data mode. Opts: (null)
[    6.877141] systemd[1]: Inserted module 'autofs4'
[    6.890828] NET: Registered protocol family 10
[    6.897293] Segment Routing with IPv6
[    6.942281] systemd[1]: systemd 245.2-1 running in system mode. (+PAM +AUDIT +SELINUX +IMA +APPARMOR +SMACK +SYSVINIT +UTMP +LIBCRYPTSETUP +GCRYPT +GNUTLS +ACL +XZ +LZ4 -SECCOMP +BLKID +ELFUTILS +KMOD +IDN2 -IDN +PCRE2 default-hierarchy=hybrid)
[    6.942970] systemd[1]: Detected architecture sparc64.
[    7.025285] systemd[1]: Set hostname to <ttip>.
[    7.901130] random: lvmconfig: uninitialized urandom read (4 bytes read)
[    8.779789] systemd[1]: /lib/systemd/system/dbus.socket:5: ListenStream= references a path below legacy directory /var/run/, updating /var/run/dbus/system_bus_socket â†’ /run/dbus/system_bus_socket; please update the unit file accordingly.
[    9.704139] random: systemd: uninitialized urandom read (16 bytes read)
[    9.715281] systemd[1]: Created slice system-getty.slice.
[    9.716156] random: systemd: uninitialized urandom read (16 bytes read)
[    9.719768] systemd[1]: Created slice system-modprobe.slice.
[    9.720254] random: systemd: uninitialized urandom read (16 bytes read)
[    9.724007] systemd[1]: Created slice system-openvpn\x2dclient.slice.
[    9.729638] systemd[1]: Created slice system-postfix.slice.
[    9.734006] systemd[1]: Created slice system-systemd\x2dfsck.slice.
[    9.738162] systemd[1]: Created slice User and Session Slice.
[    9.739287] systemd[1]: Started Dispatch Password Requests to Console Directory Watch.
[    9.740111] systemd[1]: Started Forward Password Requests to Wall Directory Watch.
[    9.742420] systemd[1]: Set up automount Arbitrary Executable File Formats File System Automount Point.
[    9.743098] systemd[1]: Reached target Local Encrypted Volumes.
[    9.743612] systemd[1]: Reached target Paths.
[    9.744064] systemd[1]: Reached target Remote File Systems.
[    9.744527] systemd[1]: Reached target Slices.
[    9.745682] systemd[1]: Listening on Device-mapper event daemon FIFOs.
[    9.746839] systemd[1]: Listening on LVM2 poll daemon socket.
[    9.790741] systemd[1]: Listening on Syslog Socket.
[    9.792003] systemd[1]: Listening on fsck to fsckd communication Socket.
[    9.792802] systemd[1]: Listening on initctl Compatibility Named Pipe.
[    9.794090] systemd[1]: Listening on Journal Audit Socket.
[    9.795100] systemd[1]: Listening on Journal Socket (/dev/log).
[    9.797326] systemd[1]: Listening on Journal Socket.
[    9.798487] systemd[1]: Listening on udev Control Socket.
[    9.799334] systemd[1]: Listening on udev Kernel Socket.
[    9.808968] systemd[1]: Mounting Huge Pages File System...
[    9.818449] systemd[1]: Mounting POSIX Message Queue File System...
[    9.827971] systemd[1]: Mounting Kernel Debug File System...
[    9.839604] systemd[1]: Mounting Kernel Trace File System...
[    9.849687] systemd[1]: Starting Availability of block devices...
[    9.858937] systemd[1]: Starting Wait for network to be configured by ifupdown...
[    9.868909] systemd[1]: Starting Create list of static device nodes for the current kernel...
[    9.877679] systemd[1]: Starting Monitoring of LVM2 mirrors, snapshots etc. using dmeventd or progress polling...
[    9.886799] systemd[1]: Starting Load Kernel Module drm...
[    9.897236] systemd[1]: Starting nftables...
[    9.901413] systemd[1]: Condition check resulted in Set Up Additional Binary Formats being skipped.
[    9.901688] systemd[1]: Condition check resulted in File System Check on Root Device being skipped.
[    9.913597] systemd[1]: Starting Journal Service...
[    9.936277] systemd[1]: Starting Load Kernel Modules...
[    9.945381] systemd[1]: Starting Remount Root and Kernel File Systems...
[    9.954424] systemd[1]: Starting udev Coldplug all Devices...
[    9.964507] systemd[1]: Mounted Huge Pages File System.
[    9.966344] systemd[1]: Mounted POSIX Message Queue File System.
[    9.967850] systemd[1]: Mounted Kernel Debug File System.
[    9.969364] systemd[1]: Mounted Kernel Trace File System.
[    9.977244] systemd[1]: Finished Availability of block devices.
[    9.983969] systemd[1]: Finished Wait for network to be configured by ifupdown.
[    9.990593] systemd[1]: Finished Create list of static device nodes for the current kernel.
[    9.993708] systemd[1]: modprobe@drm.service: Succeeded.
[    9.997925] systemd[1]: Finished Load Kernel Module drm.
[   10.004379] systemd[1]: Finished Load Kernel Modules.
[   10.006846] systemd[1]: Condition check resulted in FUSE Control File System being skipped.
[   10.007228] systemd[1]: Condition check resulted in Kernel Configuration File System being skipped.
[   10.015729] systemd[1]: Starting Apply Kernel Variables...
[   10.079161] EXT4-fs (vdiska2): re-mounted. Opts: errors=remount-ro
[   10.090068] systemd[1]: Finished Remount Root and Kernel File Systems.
[   10.130351] systemd[1]: Starting Initial Check File System Quotas...
[   10.200845] systemd[1]: Condition check resulted in Rebuild Hardware Database being skipped.
[   10.209911] systemd[1]: Starting Load/Save Random Seed...
[   10.218838] systemd[1]: Starting Create System Users...
[   10.220475] systemd[1]: Started Journal Service.
[   10.346253] systemd-journald[542]: Received client request to flush runtime journal.
[   11.465856] sha1_sparc64: Using sparc64 sha1 opcode optimized SHA-1 implementation
[   11.552863] n2rng v0.3 (Jan 7, 2017)
[   11.552972] n2rng f029b104: Registered RNG HVAPI major 2 minor 0
[   11.553064] n2rng f029b104: Found multi-unit-capable RNG, units: 2
[   11.554171] n2rng f029b104: RNG ready
[   11.655208] sha256_sparc64: Using sparc64 sha256 opcode optimized SHA-256/SHA-224 implementation
[   11.680860] pktcdvd: setup of pktcdvd device failed
[   11.726145] pktcdvd: setup of pktcdvd device failed
[   11.729734] pktcdvd: setup of pktcdvd device failed
[   11.733252] pktcdvd: setup of pktcdvd device failed
[   11.736808] pktcdvd: setup of pktcdvd device failed
[   11.740989] pktcdvd: setup of pktcdvd device failed
[   11.744161] pktcdvd: setup of pktcdvd device failed
[   11.748146] pktcdvd: setup of pktcdvd device failed
[   11.834332] sha512_sparc64: Using sparc64 sha512 opcode optimized SHA-512/SHA-384 implementation
[   11.844687] md5_sparc64: Using sparc64 md5 opcode optimized MD5 implementation
[   11.995692] Adding 787176k swap on /dev/vdiska4.  Priority:-2 extents:1 across:787176k FS
[   12.043810] XFS (dm-0): Mounting V5 Filesystem
[   12.096486] XFS (dm-0): Ending clean mount
[   12.099383] xfs filesystem being mounted at /1 supports timestamps until 2038 (0x7fffffff)
[   12.249457] EXT4-fs (vdiska1): mounting ext3 file system using the ext4 subsystem
[   12.446444] EXT4-fs (vdiska1): mounted filesystem with ordered data mode. Opts: (null)
[   12.446657] ext3 filesystem being mounted at /boot supports timestamps until 2038 (0x7fffffff)
[   13.130298] Kernel unaligned access at TPC[8911f8] aa_dfa_unpack+0x38/0x5a0
[   13.130408] Kernel unaligned access at TPC[891218] aa_dfa_unpack+0x58/0x5a0
[   13.130465] Kernel unaligned access at TPC[8912d4] aa_dfa_unpack+0x114/0x5a0
[   13.130523] Kernel unaligned access at TPC[8913b4] aa_dfa_unpack+0x1f4/0x5a0
[   13.130578] Kernel unaligned access at TPC[8913c8] aa_dfa_unpack+0x208/0x5a0
[   13.132934] audit: type=1400 audit(1585820361.580:2): apparmor="STATUS" operation="profile_load" profile="unconfined" name="/usr/sbin/haveged" pid=730 comm="apparmor_parser"
[   13.139973] audit: type=1400 audit(1585820361.590:3): apparmor="STATUS" operation="profile_load" profile="unconfined" name="nvidia_modprobe" pid=731 comm="apparmor_parser"
[   13.140129] audit: type=1400 audit(1585820361.590:4): apparmor="STATUS" operation="profile_load" profile="unconfined" name="nvidia_modprobe//kmod" pid=731 comm="apparmor_parser"
[   13.162314] audit: type=1400 audit(1585820361.610:5): apparmor="STATUS" operation="profile_load" profile="unconfined" name="lsb_release" pid=737 comm="apparmor_parser"
[   13.194259] audit: type=1400 audit(1585820361.640:6): apparmor="STATUS" operation="profile_load" profile="unconfined" name="/usr/bin/man" pid=734 comm="apparmor_parser"
[   13.194432] audit: type=1400 audit(1585820361.640:7): apparmor="STATUS" operation="profile_load" profile="unconfined" name="man_filter" pid=734 comm="apparmor_parser"
[   13.194580] audit: type=1400 audit(1585820361.640:8): apparmor="STATUS" operation="profile_load" profile="unconfined" name="man_groff" pid=734 comm="apparmor_parser"
[   13.216265] audit: type=1400 audit(1585820361.670:9): apparmor="STATUS" operation="profile_load" profile="unconfined" name="/usr/sbin/named" pid=736 comm="apparmor_parser"
[   13.220561] audit: type=1400 audit(1585820361.670:10): apparmor="STATUS" operation="profile_load" profile="unconfined" name="/usr/sbin/tcpdump" pid=735 comm="apparmor_parser"
[   14.178927] random: crng init done
[   14.178984] random: 6 urandom warning(s) missed due to ratelimiting
