[    0.000019] PROMLIB: Sun IEEE Boot Prom 'OBP 4.38.12 2018/03/28 14:54'
[    0.000031] PROMLIB: Root node compatible: sun4v
[    0.000077] Linux version 5.3.0-07370-g81160dda9a7a (mator@ttip) (gcc version 9.3.0 (Debian 9.3.0-11)) #73 SMP Mon Apr 27 12:03:28 MSK 2020
[    0.000386] printk: bootconsole [earlyprom0] enabled
[    0.000440] ARCH: SUN4V
[    0.000489] Ethernet address: 00:14:4f:fa:06:f2
[    0.000540] MM: PAGE_OFFSET is 0xfff8000000000000 (max_phys_bits == 47)
[    0.000606] MM: VMALLOC [0x0000000100000000 --> 0x0006000000000000]
[    0.000667] MM: VMEMMAP [0x0006000000000000 --> 0x000c000000000000]
[    0.012472] Kernel: Using 5 locked TLB entries for main kernel image.
[    0.012541] Remapping the kernel... 
[    0.012567] done.
[    0.045255] OF stdout device is: /virtual-devices@100/console@1
[    0.045322] PROM: Built device tree with 86230 bytes of memory.
[    0.045384] MDESC: Size is 36512 bytes.
[    0.045503] PLATFORM: banner-name [SPARC T5-2]
[    0.045552] PLATFORM: name [ORCL,SPARC-T5-2]
[    0.045599] PLATFORM: hostid [84fa06f2]
[    0.045641] PLATFORM: serial# [0035260e]
[    0.045685] PLATFORM: stick-frequency [3b9aca00]
[    0.045732] PLATFORM: mac-address [144ffa06f2]
[    0.045779] PLATFORM: watchdog-resolution [1000 ms]
[    0.045829] PLATFORM: watchdog-max-timeout [31536000000 ms]
[    0.045884] PLATFORM: max-cpus [1024]
[    0.045975] Top of RAM: 0x24af938000, Total RAM: 0x87f354000
[    0.046038] Memory hole size: 115461MB
[    0.050602] Allocated 40960 bytes for kernel page tables.
[    0.050689] Zone ranges:
[    0.050729]   Normal   [mem 0x0000000030400000-0x00000024af937fff]
[    0.050792] Movable zone start for each node
[    0.050837] Early memory node ranges
[    0.050878]   node   0: [mem 0x0000000030400000-0x000000006fe7ffff]
[    0.050939]   node   0: [mem 0x000000006ff00000-0x000000006ff25fff]
[    0.051001]   node   0: [mem 0x0000000070000000-0x000000042fffffff]
[    0.051064]   node   0: [mem 0x0000002030000000-0x00000024af87ffff]
[    0.051124]   node   0: [mem 0x00000024af900000-0x00000024af925fff]
[    0.051184]   node   0: [mem 0x00000024af930000-0x00000024af937fff]
[    0.058560] Zeroed struct page in unavailable ranges: 230130 pages
[    0.058567] Initmem setup node 0 [mem 0x0000000030400000-0x00000024af937fff]
[    0.058726] On node 0 totalpages: 4454826
[    0.058736]   Normal zone: 39154 pages used for memmap
[    0.058741]   Normal zone: 0 pages reserved
[    0.058747]   Normal zone: 4454826 pages, LIFO batch:31
[    0.067555] Booting Linux...
[    0.067640] CPU CAPS: [flush,stbar,swap,muldiv,v9,blkinit,n2,mul32]
[    0.067723] CPU CAPS: [div32,v8plus,popc,vis,vis2,ASIBlkInit,fmaf,vis3]
[    0.068805] CPU CAPS: [hpc,ima,pause,cbcond,aes,des,kasumi,camellia]
[    0.068881] CPU CAPS: [md5,sha1,sha256,sha512,mpmul,montmul,montsqr,crc32c]
[    0.098455] percpu: Embedded 27 pages/cpu s180680 r8192 d32312 u262144
[    0.098667] pcpu-alloc: s180680 r8192 d32312 u262144 alloc=1*4194304
[    0.098675] pcpu-alloc: [0] 000 001 002 003 004 005 006 007 008 009 010 011 012 013 014 015 
[    0.098702] pcpu-alloc: [0] 016 017 018 019 020 021 022 023 024 025 026 027 028 029 030 031 
[    0.098729] pcpu-alloc: [0] 032 033 034 035 036 037 038 039 040 041 042 043 044 045 046 047 
[    0.098756] pcpu-alloc: [0] 048 049 050 051 052 053 054 055 056 057 058 059 060 061 062 063 
[    0.098782] pcpu-alloc: [0] 064 065 066 067 068 069 070 071 072 073 074 075 076 077 078 079 
[    0.098809] pcpu-alloc: [0] 080 081 082 083 084 085 086 087 088 089 090 091 092 093 094 095 
[    0.098835] pcpu-alloc: [0] 096 097 098 099 100 101 102 103 104 105 106 107 108 109 110 111 
[    0.098862] pcpu-alloc: [0] 112 113 114 115 116 117 118 119 120 121 122 123 124 125 126 127 
[    0.099346] SUN4V: Mondo queue sizes [cpu(131072) dev(16384) r(8192) nr(256)]
[    0.099721] Built 1 zonelists, mobility grouping on.  Total pages: 4415672
[    0.099809] Kernel command line: BOOT_IMAGE=/vmlinux-5.3.0-07370-g81160dda9a7a root=/dev/vdiska2 ro zswap.enabled=1
[    0.102162] printk: log_buf_len individual max cpu contribution: 4096 bytes
[    0.102234] printk: log_buf_len total cpu_extra contributions: 520192 bytes
[    0.102300] printk: log_buf_len min size: 131072 bytes
[    0.102569] printk: log_buf_len: 1048576 bytes
[    0.102621] printk: early log buf free: 126664(96%)
[    0.108937] Dentry cache hash table entries: 8388608 (order: 13, 67108864 bytes, linear)
[    0.112171] Inode-cache hash table entries: 4194304 (order: 12, 33554432 bytes, linear)
[    0.112248] Sorting __ex_table...
[    0.112515] mem auto-init: stack:off, heap alloc:off, heap free:off
[    0.170280] Memory: 1305232K/35638608K available (7386K kernel code, 946K rwdata, 2144K rodata, 704K init, 6732K bss, 508456K reserved, 0K cma-reserved)
[    0.170970] SLUB: HWalign=32, Order=0-3, MinObjects=0, CPUs=128, Nodes=1
[    0.171264] ftrace: allocating 21194 entries in 42 pages
[    0.182061] Running RCU self tests
[    0.182108] rcu: Hierarchical RCU implementation.
[    0.182157] rcu: 	RCU event tracing is enabled.
[    0.182206] rcu: 	RCU lockdep checking is enabled.
[    0.182255] 	Tasks RCU enabled.
[    0.182294] rcu: RCU calculated value of scheduler-enlistment delay is 10 jiffies.
[    0.186526] NR_IRQS: 2048, nr_irqs: 2048, preallocated irqs: 1
[    0.186605] SUN4V: Using IRQ API major 3, cookie only virqs enabled
[    0.189045] clocksource: stick: mask: 0xffffffffffffffff max_cycles: 0x1cd42e4dffb, max_idle_ns: 881590591483 ns
[    0.189178] clocksource: mult[800000] shift[23]
[    0.189227] clockevent: mult[80000000] shift[31]
[    0.189753] Console: colour dummy device 80x25
[    0.189815] printk: console [tty0] enabled
[    0.189890] printk: bootconsole [earlyprom0] disabled
[    0.189975] Lock dependency validator: Copyright (c) 2006 Red Hat, Inc., Ingo Molnar
[    0.190023] ... MAX_LOCKDEP_SUBCLASSES:  8
[    0.190053] ... MAX_LOCK_DEPTH:          48
[    0.190083] ... MAX_LOCKDEP_KEYS:        8192
[    0.190114] ... CLASSHASH_SIZE:          4096
[    0.190145] ... MAX_LOCKDEP_ENTRIES:     16384
[    0.190176] ... MAX_LOCKDEP_CHAINS:      32768
[    0.190207] ... CHAINHASH_SIZE:          16384
[    0.190238]  memory used by lock dependency info: 3855 kB
[    0.190274]  memory used for stack traces: 2112 kB
[    0.190306]  per task-struct memory footprint: 1920 bytes
[    0.339449] Calibrating delay using timer specific routine.. 2003.86 BogoMIPS (lpj=10019329)
[    0.339505] pid_max: default: 131072 minimum: 1024
[    0.339768] LSM: Security Framework initializing
[    0.339999] AppArmor: AppArmor initialized
[    0.340269] Mount-cache hash table entries: 131072 (order: 7, 1048576 bytes, linear)
[    0.340434] Mountpoint-cache hash table entries: 131072 (order: 7, 1048576 bytes, linear)
[    0.341403] *** VALIDATE proc ***
[    0.341886] *** VALIDATE cgroup1 ***
[    0.341920] *** VALIDATE cgroup2 ***
[    0.344006] rcu: Hierarchical SRCU implementation.
[    0.351676] smp: Bringing up secondary CPUs ...
[    0.394823] smp: Brought up 1 node, 32 CPUs
[    0.585742] node 0 initialised, 4228115 pages in 190ms
[    0.587076] devtmpfs: initialized
[    0.591626] Performance events: 
[    0.591670] Testing NMI watchdog ... 
[    0.791746] OK.
[    0.791867] Supported PMU type is 'niagara5'
[    0.792066] random: get_random_u32 called from bucket_table_alloc.isra.0+0x188/0x1c0 with crng_init=0
[    0.792706] ldc.c:v1.1 (July 22, 2008)
[    0.795129] clocksource: jiffies: mask: 0xffffffff max_cycles: 0xffffffff, max_idle_ns: 19112604462750000 ns
[    0.795218] futex hash table entries: 32768 (order: 9, 4194304 bytes, linear)
[    0.800182] NET: Registered protocol family 16
[    0.807905] VIO: Adding device channel-devices (tx_ino = ffffffffffffffff, rx_ino = ffffffffffffffff)
[    0.808107] VIO: Adding device vnet-port-0-0 (tx_ino = 0, rx_ino = 1)
[    0.808305] VIO: Adding device vnet-port-0-1 (tx_ino = 2, rx_ino = 3)
[    0.808467] VIO: Adding device vnet-port-0-2 (tx_ino = 4, rx_ino = 5)
[    0.808628] VIO: Adding device vnet-port-0-3 (tx_ino = 6, rx_ino = 7)
[    0.808793] VIO: Adding device vnet-port-0-4 (tx_ino = 8, rx_ino = 9)
[    0.808954] VIO: Adding device vnet-port-0-5 (tx_ino = a, rx_ino = b)
[    0.809113] VIO: Adding device vdc-port-2-0 (tx_ino = c, rx_ino = d)
[    0.809277] VIO: Adding device vdc-port-1-0 (tx_ino = e, rx_ino = f)
[    0.809436] VIO: Adding device vdc-port-0-0 (tx_ino = 10, rx_ino = 11)
[    0.809596] VIO: Adding device vdc-port-3-0 (tx_ino = 12, rx_ino = 13)
[    0.809760] VIO: Adding device vlds-port-0-0 (tx_ino = 14, rx_ino = 15)
[    0.809923] VIO: Adding device domain-services-port-0 (tx_ino = 14, rx_ino = 15)
[    0.810195] audit: initializing netlink subsys (disabled)
[    0.810459] audit: type=2000 audit(0.420:1): state=initialized audit_enabled=0 res=1
[    0.834772] HugeTLB registered 64.0 KiB page size, pre-allocated 0 pages
[    0.834821] HugeTLB registered 8.00 MiB page size, pre-allocated 0 pages
[    0.834867] HugeTLB registered 256 MiB page size, pre-allocated 0 pages
[    0.834912] HugeTLB registered 2.00 GiB page size, pre-allocated 0 pages
[    0.836538] alg: extra crypto tests enabled.  This is intended for developer use only.
[    0.862272] cryptd: max_cpu_qlen set to 1000
[    0.961012] NetLabel: Initializing
[    0.961046] NetLabel:  domain hash size = 128
[    0.961078] NetLabel:  protocols = UNLABELED CIPSOv4 CALIPSO
[    0.961205] NetLabel:  unlabeled traffic allowed by default
[    0.962186] SUN4V: Reboot data supported (maj=1,min=0).
[    0.962553] ds.c:v1.0 (Jul 11, 2007)
[    0.962874] ds-0: ds_conn_reset() from send_events.isra.0
[    0.964317] clocksource: Switched to clocksource stick
[    1.159476] VFS: Disk quotas dquot_6.6.0
[    1.159605] VFS: Dquot-cache hash table entries: 1024 (order 0, 8192 bytes)
[    1.159832] *** VALIDATE hugetlbfs ***
[    1.161389] AppArmor: AppArmor Filesystem Enabled
[    1.174538] NET: Registered protocol family 2
[    1.176012] tcp_listen_portaddr_hash hash table entries: 32768 (order: 8, 2359296 bytes, linear)
[    1.178902] TCP established hash table entries: 524288 (order: 9, 4194304 bytes, linear)
[    1.180864] TCP bind hash table entries: 65536 (order: 9, 4194304 bytes, linear)
[    1.187013] TCP: Hash tables configured (established 524288 bind 65536)
[    1.189409] UDP hash table entries: 32768 (order: 9, 5242880 bytes, linear)
[    1.195662] UDP-Lite hash table entries: 32768 (order: 9, 5242880 bytes, linear)
[    1.203498] NET: Registered protocol family 1
[    1.203559] NET: Registered protocol family 44
[    1.205179] Trying to unpack rootfs image as initramfs...
[    1.397785] Freeing initrd memory: 14784K
[    1.398555] aes_sparc64: Using sparc64 aes opcodes optimized AES implementation
[    1.660565] des_sparc64: Using sparc64 des opcodes optimized DES implementation
[    2.142705] camellia_sparc64: Using sparc64 camellia opcodes optimized CAMELLIA implementation
[    2.328838] workingset: timestamp_bits=46 max_order=23 bucket_order=0
[    2.346815] zbud: loaded
[    2.349027] SGI XFS with ACLs, security attributes, debug enabled
[    2.369856] Block layer SCSI generic (bsg) driver version 0.4 loaded (major 252)
[    2.370792] io scheduler mq-deadline registered
[    2.373513] f029b788: ttyHV0 at I/O 0x0 (irq = 1, base_baud = 115200) is a SUN4V HCONS
[    2.380337] printk: console [ttyHV0] enabled
[    2.383989] sunvdc.c:v1.2 (November 24, 2014)
[    2.385599] sunvdc: Virtual Hard disk vdiskc
[    2.385638] sunvdc: vdiskc: 104857600 sectors (51200 MB) protocol 1.2
[    2.405302] sunvdc: Virtual Hard disk vdiskb
[    2.405349] sunvdc: vdiskb: 62914560 sectors (30720 MB) protocol 1.2
[    2.406786]  vdiskb: vdiskb1
[    2.425044] sunvdc: Virtual Hard disk vdiska
[    2.425093] sunvdc: vdiska: 31457280 sectors (15360 MB) protocol 1.2
[    2.426481]  vdiska: vdiska1 vdiska2 vdiska3 vdiska4
[    2.445340] sunvdc: Virtual CDROM vdiskd
[    2.445385] sunvdc: vdiskd: 453848 sectors (221 MB) protocol 1.2
[    2.446830]  vdiskd: vdiskd1 vdiskd2 vdiskd3 vdiskd4 vdiskd5 vdiskd6 vdiskd7
[    2.464998] sunvnet: sunvnet 2.0 (February 3, 2017)
[    2.467053] vnet_port vnet-port-0-0 eth0: Sun LDOM vnet 00:14:4f:f8:12:a3
[    2.467274] sunvnet: eth0: PORT ( remote-mac 00:14:4f:fa:f3:f0 switch-port )
[    2.467621] sunvnet: eth0: PORT ( remote-mac 00:14:4f:f8:e5:f3 )
[    2.467965] sunvnet: eth0: PORT ( remote-mac 00:14:4f:f9:b4:97 )
[    2.468293] sunvnet: eth0: PORT ( remote-mac 00:14:4f:f8:3f:1e )
[    2.468629] sunvnet: eth0: PORT ( remote-mac 00:14:4f:f8:fe:47 )
[    2.468954] sunvnet: eth0: PORT ( remote-mac 00:14:4f:f9:8b:83 )
[    2.470151] rtc-sun4v rtc-sun4v: registered as rtc0
[    2.470689] sun4v_wdt: initialized (timeout=60s, nowayout=0)
[    2.470933] device-mapper: uevent: version 1.0.3
[    2.471649] device-mapper: ioctl: 4.40.0-ioctl (2019-01-18) initialised: dm-devel@redhat.com
[    2.472537] NET: Registered protocol family 17
[    2.473108] registered taskstats version 1
[    2.473922] zswap: loaded using pool lzo/zbud
[    2.663523] Key type big_key registered
[    2.663595] AppArmor: AppArmor sha1 policy hashing enabled
[    2.664420] rtc-sun4v rtc-sun4v: setting system clock to 2020-04-27T09:42:28 UTC (1587980548)
[    2.668416] This architecture does not have kernel memory protection.
[    2.668463] Run /init as init process
[    3.156495] crc32c_sparc64: Using sparc64 crc32c opcode optimized CRC32C implementation
[    3.704321] raid6: int64x8  gen()  2164 MB/s
[    3.874285] raid6: int64x8  xor()  1568 MB/s
[    4.044293] raid6: int64x4  gen()  3469 MB/s
[    4.214299] raid6: int64x4  xor()  2008 MB/s
[    4.384290] raid6: int64x2  gen()  2866 MB/s
[    4.554298] raid6: int64x2  xor()  1993 MB/s
[    4.724313] raid6: int64x1  gen()  2781 MB/s
[    4.894308] raid6: int64x1  xor()  1648 MB/s
[    4.894368] raid6: using algorithm int64x4 gen() 3469 MB/s
[    4.894409] raid6: .... xor() 2008 MB/s, rmw enabled
[    4.894446] raid6: using intx1 recovery algorithm
[    4.895281] async_tx: api initialized (async)
[    4.895795] xor: automatically using best checksumming function   Niagara   
[    4.978537] random: fast init done
[    5.197757] EXT4-fs (vdiska2): mounted filesystem with ordered data mode. Opts: (null)
[    6.971622] systemd[1]: Inserted module 'autofs4'
[    6.985553] NET: Registered protocol family 10
[    6.990331] Segment Routing with IPv6
[    7.040022] systemd[1]: systemd 245.5-1 running in system mode. (+PAM +AUDIT +SELINUX +IMA +APPARMOR +SMACK +SYSVINIT +UTMP +LIBCRYPTSETUP +GCRYPT +GNUTLS +ACL +XZ +LZ4 -SECCOMP +BLKID +ELFUTILS +KMOD +IDN2 -IDN +PCRE2 default-hierarchy=hybrid)
[    7.040656] systemd[1]: Detected architecture sparc64.
[    7.139808] systemd[1]: Set hostname to <ttip>.
[    8.049921] random: lvmconfig: uninitialized urandom read (4 bytes read)
[    9.084901] systemd[1]: /lib/systemd/system/dbus.socket:5: ListenStream= references a path below legacy directory /var/run/, updating /var/run/dbus/system_bus_socket â†’ /run/dbus/system_bus_socket; please update the unit file accordingly.
[    9.471080] random: systemd: uninitialized urandom read (16 bytes read)
[    9.481126] systemd[1]: Created slice system-getty.slice.
[    9.481975] random: systemd: uninitialized urandom read (16 bytes read)
[    9.485709] systemd[1]: Created slice system-modprobe.slice.
[    9.486168] random: systemd: uninitialized urandom read (16 bytes read)
[    9.490791] systemd[1]: Created slice system-openvpn\x2dclient.slice.
[    9.496173] systemd[1]: Created slice system-postfix.slice.
[    9.500137] systemd[1]: Created slice system-systemd\x2dfsck.slice.
[    9.504047] systemd[1]: Created slice User and Session Slice.
[    9.505257] systemd[1]: Started Dispatch Password Requests to Console Directory Watch.
[    9.506082] systemd[1]: Started Forward Password Requests to Wall Directory Watch.
[    9.508312] systemd[1]: Set up automount Arbitrary Executable File Formats File System Automount Point.
[    9.508894] systemd[1]: Reached target Local Encrypted Volumes.
[    9.509400] systemd[1]: Reached target Paths.
[    9.509845] systemd[1]: Reached target Remote File Systems.
[    9.510290] systemd[1]: Reached target Slices.
[    9.511248] systemd[1]: Listening on Device-mapper event daemon FIFOs.
[    9.512364] systemd[1]: Listening on LVM2 poll daemon socket.
[    9.550593] systemd[1]: Listening on Syslog Socket.
[    9.551825] systemd[1]: Listening on fsck to fsckd communication Socket.
[    9.552624] systemd[1]: Listening on initctl Compatibility Named Pipe.
[    9.553944] systemd[1]: Listening on Journal Audit Socket.
[    9.555066] systemd[1]: Listening on Journal Socket (/dev/log).
[    9.556255] systemd[1]: Listening on Journal Socket.
[    9.557570] systemd[1]: Listening on udev Control Socket.
[    9.558398] systemd[1]: Listening on udev Kernel Socket.
[    9.567782] systemd[1]: Mounting Huge Pages File System...
[    9.577169] systemd[1]: Mounting POSIX Message Queue File System...
[    9.586969] systemd[1]: Mounting Kernel Debug File System...
[    9.598626] systemd[1]: Mounting Kernel Trace File System...
[    9.607553] systemd[1]: Starting Availability of block devices...
[    9.617544] systemd[1]: Starting Wait for network to be configured by ifupdown...
[    9.627166] systemd[1]: Starting Create list of static device nodes for the current kernel...
[    9.635947] systemd[1]: Starting Monitoring of LVM2 mirrors, snapshots etc. using dmeventd or progress polling...
[    9.645059] systemd[1]: Starting Load Kernel Module drm...
[    9.656387] systemd[1]: Starting nftables...
[    9.680359] systemd[1]: Condition check resulted in Set Up Additional Binary Formats being skipped.
[    9.680744] systemd[1]: Condition check resulted in File System Check on Root Device being skipped.
[    9.695167] systemd[1]: Starting Journal Service...
[    9.708458] systemd[1]: Starting Load Kernel Modules...
[    9.719373] systemd[1]: Starting Remount Root and Kernel File Systems...
[    9.731237] systemd[1]: Starting udev Coldplug all Devices...
[    9.740832] systemd[1]: Mounted Huge Pages File System.
[    9.742557] systemd[1]: Mounted POSIX Message Queue File System.
[    9.744004] systemd[1]: Mounted Kernel Debug File System.
[    9.746080] systemd[1]: Mounted Kernel Trace File System.
[    9.755853] systemd[1]: Finished Availability of block devices.
[    9.764362] systemd[1]: Finished Wait for network to be configured by ifupdown.
[    9.771631] systemd[1]: Finished Create list of static device nodes for the current kernel.
[    9.775488] systemd[1]: modprobe@drm.service: Succeeded.
[    9.780762] systemd[1]: Finished Load Kernel Module drm.
[    9.793153] systemd[1]: Finished Load Kernel Modules.
[    9.795711] systemd[1]: Condition check resulted in FUSE Control File System being skipped.
[    9.796161] systemd[1]: Condition check resulted in Kernel Configuration File System being skipped.
[    9.805900] systemd[1]: Starting Apply Kernel Variables...
[    9.818751] EXT4-fs (vdiska2): re-mounted. Opts: errors=remount-ro
[    9.852501] systemd[1]: Finished Remount Root and Kernel File Systems.
[    9.892793] systemd[1]: Starting Initial Check File System Quotas...
[    9.922986] systemd[1]: Condition check resulted in Rebuild Hardware Database being skipped.
[    9.923287] systemd[1]: Condition check resulted in Platform Persistent Storage Archival being skipped.
[    9.932381] systemd[1]: Starting Load/Save Random Seed...
[    9.943576] systemd[1]: Starting Create System Users...
[    9.945715] systemd[1]: Started Journal Service.
[   10.026465] systemd-journald[555]: Received client request to flush runtime journal.
[   11.357872] sha1_sparc64: Using sparc64 sha1 opcode optimized SHA-1 implementation
[   11.476575] n2rng v0.3 (Jan 7, 2017)
[   11.476668] n2rng f029b104: Registered RNG HVAPI major 2 minor 0
[   11.476754] n2rng f029b104: Found multi-unit-capable RNG, units: 2
[   11.478001] n2rng f029b104: RNG ready
[   11.551008] sha256_sparc64: Using sparc64 sha256 opcode optimized SHA-256/SHA-224 implementation
[   11.601785] ------------[ cut here ]------------
[   11.601883] WARNING: CPU: 0 PID: 669 at drivers/block/pktcdvd.c:2597 pkt_setup_dev+0x2e4/0x5a0 [pktcdvd]
[   11.601975] Attempt to register a non-SCSI queue
[   11.602026] Modules linked in: sha512_generic(+) pktcdvd sha512_sparc64(+) cdrom n2_rng rng_core flash sha256_sparc64 sha1_sparc64 nf_tables nfnetlink ip_tables x_tables ipv6 crc_ccitt nf_defrag_ipv6 autofs4 ext4 crc16 mbcache jbd2 raid10 raid456 async_raid6_recov async_memcpy async_pq async_xor xor async_tx raid6_pq raid1 raid0 multipath linear md_mod crc32c_sparc64
[   11.602384] CPU: 0 PID: 669 Comm: pktsetup Not tainted 5.3.0-07370-g81160dda9a7a #73
[   11.602461] Call Trace:
[   11.602499]  [0000000000468260] __warn+0xc0/0x100
[   11.602552]  [00000000004682d4] warn_slowpath_fmt+0x34/0x60
[   11.602613]  [00000000104a7264] pkt_setup_dev+0x2e4/0x5a0 [pktcdvd]
[   11.602678]  [00000000104a8d14] pkt_ctl_ioctl+0x94/0x240 [pktcdvd]
[   11.602747]  [00000000006bd890] do_vfs_ioctl+0x630/0x6e0
[   11.602804]  [00000000006bd988] ksys_ioctl+0x48/0x80
[   11.602858]  [00000000006bd9d4] sys_ioctl+0x14/0x40
[   11.602918]  [0000000000406294] linux_sparc_syscall+0x34/0x44
[   11.602977] irq event stamp: 3407
[   11.603025] hardirqs last  enabled at (3415): [<00000000004e5e84>] console_unlock+0x644/0x6e0
[   11.603110] hardirqs last disabled at (3422): [<00000000004e5944>] console_unlock+0x104/0x6e0
[   11.603205] softirqs last  enabled at (0): [<0000000000465910>] copy_process+0x450/0x1800
[   11.603289] softirqs last disabled at (0): [<0000000000000000>] 0x0
[   11.603353] ---[ end trace 2cb87ef11a1266ce ]---
[   11.604410] pktcdvd: setup of pktcdvd device failed
[   11.649082] pktcdvd: setup of pktcdvd device failed
[   11.652876] pktcdvd: setup of pktcdvd device failed
[   11.656748] pktcdvd: setup of pktcdvd device failed
[   11.659656] pktcdvd: setup of pktcdvd device failed
[   11.662623] pktcdvd: setup of pktcdvd device failed
[   11.665855] pktcdvd: setup of pktcdvd device failed
[   11.669403] pktcdvd: setup of pktcdvd device failed
[   11.744001] sha512_sparc64: Using sparc64 sha512 opcode optimized SHA-512/SHA-384 implementation
[   11.751794] md5_sparc64: Using sparc64 md5 opcode optimized MD5 implementation
[   11.954380] Adding 787176k swap on /dev/vdiska4.  Priority:-2 extents:1 across:787176k FS
[   12.078611] XFS (dm-0): Mounting V5 Filesystem
[   12.327014] XFS (dm-0): Ending clean mount
[   12.451413] EXT4-fs (vdiska1): mounting ext3 file system using the ext4 subsystem
[   12.657606] EXT4-fs (vdiska1): mounted filesystem with ordered data mode. Opts: (null)
[   14.143484] Kernel unaligned access at TPC[863cb8] aa_dfa_unpack+0x38/0x5c0
[   14.143599] Kernel unaligned access at TPC[863cd8] aa_dfa_unpack+0x58/0x5c0
[   14.143655] Kernel unaligned access at TPC[863da0] aa_dfa_unpack+0x120/0x5c0
[   14.143713] Kernel unaligned access at TPC[863e80] aa_dfa_unpack+0x200/0x5c0
[   14.143768] Kernel unaligned access at TPC[863e94] aa_dfa_unpack+0x214/0x5c0
[   14.144323] audit: type=1400 audit(1587980559.960:2): apparmor="STATUS" operation="profile_load" profile="unconfined" name="/usr/sbin/haveged" pid=734 comm="apparmor_parser"
[   14.150499] audit: type=1400 audit(1587980559.970:3): apparmor="STATUS" operation="profile_load" profile="unconfined" name="nvidia_modprobe" pid=735 comm="apparmor_parser"
[   14.150647] audit: type=1400 audit(1587980559.970:4): apparmor="STATUS" operation="profile_load" profile="unconfined" name="nvidia_modprobe//kmod" pid=735 comm="apparmor_parser"
[   14.151629] audit: type=1400 audit(1587980559.970:5): apparmor="STATUS" operation="profile_load" profile="unconfined" name="lsb_release" pid=739 comm="apparmor_parser"
[   14.200824] audit: type=1400 audit(1587980560.020:6): apparmor="STATUS" operation="profile_load" profile="unconfined" name="/usr/bin/man" pid=736 comm="apparmor_parser"
[   14.200955] audit: type=1400 audit(1587980560.020:7): apparmor="STATUS" operation="profile_load" profile="unconfined" name="man_filter" pid=736 comm="apparmor_parser"
[   14.201065] audit: type=1400 audit(1587980560.020:8): apparmor="STATUS" operation="profile_load" profile="unconfined" name="man_groff" pid=736 comm="apparmor_parser"
[   14.325103] audit: type=1400 audit(1587980560.150:9): apparmor="STATUS" operation="profile_load" profile="unconfined" name="/usr/sbin/named" pid=738 comm="apparmor_parser"
[   14.367915] audit: type=1400 audit(1587980560.190:10): apparmor="STATUS" operation="profile_load" profile="unconfined" name="/usr/sbin/tcpdump" pid=737 comm="apparmor_parser"
[   15.823877] random: crng init done
[   15.823936] random: 6 urandom warning(s) missed due to ratelimiting
