[    0.000018] PROMLIB: Sun IEEE Boot Prom 'OBP 4.38.17 2019/01/25 08:22'
[    0.000041] PROMLIB: Root node compatible: sun4v
[    0.000099] Linux version 5.13.0-05357-gdbe69e433722 (mator@ttip) (gcc (Debian 10.2.1-6) 10.2.1 20210110, GNU ld (GNU Binutils for Debian) 2.35.2) #232 SMP Thu Jul 1 14:01:56 MSK 2021
[    0.000574] printk: bootconsole [earlyprom0] enabled
[    0.000658] ARCH: SUN4V
[    0.000726] Ethernet address: 00:14:4f:fa:06:f2
[    0.000805] MM: PAGE_OFFSET is 0xfff8000000000000 (max_phys_bits == 47)
[    0.000904] MM: VMALLOC [0x0000000100000000 --> 0x0006000000000000]
[    0.000998] MM: VMEMMAP [0x0006000000000000 --> 0x000c000000000000]
[    0.022186] Kernel: Using 5 locked TLB entries for main kernel image.
[    0.022299] Remapping the kernel... 
[    0.022341] done.
[    0.127884] OF stdout device is: /virtual-devices@100/console@1
[    0.128251] PROM: Built device tree with 67601 bytes of memory.
[    0.128598] MDESC: Size is 24368 bytes.
[    0.129074] PLATFORM: banner-name [SPARC T5-2]
[    0.129317] PLATFORM: name [ORCL,SPARC-T5-2]
[    0.129538] PLATFORM: hostid [84fa06f2]
[    0.129725] PLATFORM: serial# [0035260e]
[    0.129916] PLATFORM: stick-frequency [3b9aca00]
[    0.130129] PLATFORM: mac-address [144ffa06f2]
[    0.130328] PLATFORM: watchdog-resolution [1000 ms]
[    0.130539] PLATFORM: watchdog-max-timeout [31536000000 ms]
[    0.130763] PLATFORM: max-cpus [1024]
[    0.131036] Top of RAM: 0x22f948000, Total RAM: 0x1ff3a0000
[    0.131250] Memory hole size: 773MB
[    0.135955] Allocated 24576 bytes for kernel page tables.
[    0.136165] Zone ranges:
[    0.136281]   Normal   [mem 0x0000000030400000-0x000000022f947fff]
[    0.136486] Movable zone start for each node
[    0.136628] Early memory node ranges
[    0.136749]   node   0: [mem 0x0000000030400000-0x000000006febffff]
[    0.136946]   node   0: [mem 0x000000006ff40000-0x000000006ff65fff]
[    0.137139]   node   0: [mem 0x0000000070000000-0x000000022f8b1fff]
[    0.137319]   node   0: [mem 0x000000022f940000-0x000000022f947fff]
[    0.137492] Initmem setup node 0 [mem 0x0000000030400000-0x000000022f947fff]
[    0.156592] On node 0, zone Normal: 98816 pages in unavailable ranges
[    0.156664] On node 0, zone Normal: 64 pages in unavailable ranges
[    0.160223] On node 0, zone Normal: 77 pages in unavailable ranges
[    0.160677] On node 0, zone Normal: 71 pages in unavailable ranges
[    0.165077] On node 0, zone Normal: 33628 pages in unavailable ranges
[    0.165464] Booting Linux...
[    0.166149] CPU CAPS: [flush,stbar,swap,muldiv,v9,blkinit,n2,mul32]
[    0.166734] CPU CAPS: [div32,v8plus,popc,vis,vis2,ASIBlkInit,fmaf,vis3]
[    0.167266] CPU CAPS: [hpc,ima,pause,cbcond,aes,des,kasumi,camellia]
[    0.167725] CPU CAPS: [md5,sha1,sha256,sha512,mpmul,montmul,montsqr,crc32c]
[    0.336216] percpu: Embedded 20 pages/cpu s120912 r8192 d34736 u262144
[    0.337660] pcpu-alloc: s120912 r8192 d34736 u262144 alloc=1*4194304
[    0.337709] pcpu-alloc: [0] 000 001 002 003 004 005 006 007 008 009 010 011 012 013 014 015 
[    0.338064] pcpu-alloc: [0] 016 017 018 019 020 021 022 023 024 025 026 027 028 029 030 031 
[    0.338422] pcpu-alloc: [0] 032 033 034 035 036 037 038 039 040 041 042 043 044 045 046 047 
[    0.338832] pcpu-alloc: [0] 048 049 050 051 052 053 054 055 056 057 058 059 060 061 062 063 
[    0.339241] pcpu-alloc: [0] 064 065 066 067 068 069 070 071 072 073 074 075 076 077 078 079 
[    0.339650] pcpu-alloc: [0] 080 081 082 083 084 085 086 087 088 089 090 091 092 093 094 095 
[    0.340059] pcpu-alloc: [0] 096 097 098 099 100 101 102 103 104 105 106 107 108 109 110 111 
[    0.340468] pcpu-alloc: [0] 112 113 114 115 116 117 118 119 120 121 122 123 124 125 126 127 
[    0.340877] pcpu-alloc: [0] 128 129 130 131 132 133 134 135 136 137 138 139 140 141 142 143 
[    0.341286] pcpu-alloc: [0] 144 145 146 147 148 149 150 151 152 153 154 155 156 157 158 159 
[    0.341695] pcpu-alloc: [0] 160 161 162 163 164 165 166 167 168 169 170 171 172 173 174 175 
[    0.342104] pcpu-alloc: [0] 176 177 178 179 180 181 182 183 184 185 186 187 188 189 190 191 
[    0.342513] pcpu-alloc: [0] 192 193 194 195 196 197 198 199 200 201 202 203 204 205 206 207 
[    0.342921] pcpu-alloc: [0] 208 209 210 211 212 213 214 215 216 217 218 219 220 221 222 223 
[    0.343329] pcpu-alloc: [0] 224 225 226 227 228 229 230 231 232 233 234 235 236 237 238 239 
[    0.343738] pcpu-alloc: [0] 240 241 242 243 244 245 246 247 248 249 250 251 252 253 254 255 
[    0.346991] SUN4V: Mondo queue sizes [cpu(131072) dev(16384) r(8192) nr(256)]
[    0.348403] Built 1 zonelists, mobility grouping on.  Total pages: 1037788
[    0.348802] Kernel command line: BOOT_IMAGE=/vmlinux-5.13.0-05357-gdbe69e433722 root=/dev/vdiska2 ro
[    0.350180] printk: log_buf_len individual max cpu contribution: 4096 bytes
[    0.350486] printk: log_buf_len total cpu_extra contributions: 1044480 bytes
[    0.350789] printk: log_buf_len min size: 131072 bytes
[    0.355692] printk: log_buf_len: 2097152 bytes
[    0.355852] printk: early log buf free: 126496(96%)
[    0.357631] Dentry cache hash table entries: 1048576 (order: 10, 8388608 bytes, linear)
[    0.358624] Inode-cache hash table entries: 524288 (order: 9, 4194304 bytes, linear)
[    0.358805] Sorting __ex_table...
[    0.359376] mem auto-init: stack:off, heap alloc:off, heap free:off
[    0.364446] Memory: 1260992K/8375936K available (8831K kernel code, 1709K rwdata, 2920K rodata, 632K init, 3135K bss, 205600K reserved, 0K cma-reserved)
[    0.364709] random: get_random_u64 called from kmem_cache_open+0x1c/0x340 with crng_init=0
[    0.366827] SLUB: HWalign=32, Order=0-3, MinObjects=0, CPUs=256, Nodes=1
[    0.367477] ftrace: allocating 27502 entries in 54 pages
[    0.381981] ftrace: allocated 54 pages with 4 groups
[    0.382316] trace event string verifier disabled
[    0.388004] rcu: Hierarchical RCU implementation.
[    0.388082] rcu: 	RCU debug extended QS entry/exit.
[    0.388159] 	Rude variant of Tasks RCU enabled.
[    0.388228] 	Tracing variant of Tasks RCU enabled.
[    0.388301] rcu: RCU calculated value of scheduler-enlistment delay is 26 jiffies.
[    0.397483] NR_IRQS: 2048, nr_irqs: 2048, preallocated irqs: 1
[    0.397599] SUN4V: Using IRQ API major 3, cookie only virqs enabled
[    0.403256] clocksource: stick: mask: 0xffffffffffffffff max_cycles: 0x1cd42e4dffb, max_idle_ns: 881590591483 ns
[    0.403444] clocksource: mult[800000] shift[23]
[    0.403518] clockevent: mult[80000000] shift[31]
[    0.404340] Console: colour dummy device 80x25
[    0.404422] printk: console [tty0] enabled
[    0.404515] printk: bootconsole [earlyprom0] disabled
[    0.404618] Lock dependency validator: Copyright (c) 2006 Red Hat, Inc., Ingo Molnar
[    0.404659] ... MAX_LOCKDEP_SUBCLASSES:  8
[    0.404684] ... MAX_LOCK_DEPTH:          48
[    0.404710] ... MAX_LOCKDEP_KEYS:        8192
[    0.404736] ... CLASSHASH_SIZE:          4096
[    0.404762] ... MAX_LOCKDEP_ENTRIES:     16384
[    0.404788] ... MAX_LOCKDEP_CHAINS:      32768
[    0.404815] ... CHAINHASH_SIZE:          16384
[    0.404841]  memory used by lock dependency info: 2603 kB
[    0.404872]  per task-struct memory footprint: 1920 bytes
[    0.484075] Calibrating delay using timer specific routine.. 2017.71 BogoMIPS (lpj=4035423)
[    0.484272] pid_max: default: 262144 minimum: 2048
[    0.485896] LSM: Security Framework initializing
[    0.486801] Mount-cache hash table entries: 16384 (order: 4, 131072 bytes, linear)
[    0.487070] Mountpoint-cache hash table entries: 16384 (order: 4, 131072 bytes, linear)
[    0.503052] rcu: Hierarchical SRCU implementation.
[    0.537781] smp: Bringing up secondary CPUs ...
[    0.556383] smp: Brought up 1 node, 16 CPUs
[    0.628837] node 0 deferred pages initialised in 68ms
[    0.631789] devtmpfs: initialized
[    0.644509] Performance events: 
[    0.644613] Testing NMI watchdog ... 
[    0.724977] OK.
[    0.725411] Supported PMU type is 'niagara5'
[    0.731529] ldc.c:v1.1 (July 22, 2008)
[    0.735503] clocksource: jiffies: mask: 0xffffffff max_cycles: 0xffffffff, max_idle_ns: 7645041785100000 ns
[    0.735698] futex hash table entries: 65536 (order: 10, 8388608 bytes, linear)
[    0.750884] NET: Registered PF_NETLINK/PF_ROUTE protocol family
[    0.754546] VIO: Adding device channel-devices (tx_ino = ffffffffffffffff, rx_ino = ffffffffffffffff)
[    0.754696] VIO: Adding device vnet-port-0-0 (tx_ino = 0, rx_ino = 1)
[    0.754797] VIO: Adding device vnet-port-0-1 (tx_ino = 2, rx_ino = 3)
[    0.754894] VIO: Adding device vnet-port-0-2 (tx_ino = 4, rx_ino = 5)
[    0.754990] VIO: Adding device vnet-port-0-3 (tx_ino = 6, rx_ino = 7)
[    0.755085] VIO: Adding device vnet-port-0-4 (tx_ino = 8, rx_ino = 9)
[    0.755201] VIO: Adding device vdc-port-2-0 (tx_ino = a, rx_ino = b)
[    0.755297] VIO: Adding device vdc-port-1-0 (tx_ino = c, rx_ino = d)
[    0.755392] VIO: Adding device vdc-port-0-0 (tx_ino = e, rx_ino = f)
[    0.755488] VIO: Adding device vlds-port-0-0 (tx_ino = 10, rx_ino = 11)
[    0.755588] VIO: Adding device domain-services-port-0 (tx_ino = 10, rx_ino = 11)
[    0.755844] audit: initializing netlink subsys (disabled)
[    0.756090] audit: type=2000 audit(0.348:1): state=initialized audit_enabled=0 res=1
[    0.774714] HugeTLB registered 64.0 KiB page size, pre-allocated 0 pages
[    0.774762] HugeTLB registered 8.00 MiB page size, pre-allocated 0 pages
[    0.774806] HugeTLB registered 256 MiB page size, pre-allocated 0 pages
[    0.774850] HugeTLB registered 2.00 GiB page size, pre-allocated 0 pages
[    2.207666] SUN4V: Reboot data supported (maj=1,min=0).
[    2.208097] ds.c:v1.0 (Jul 11, 2007)
[    2.208451] ds-0: ds_conn_reset() from send_events
[    2.209391] clocksource: Switched to clocksource stick
[    2.478159] VFS: Disk quotas dquot_6.6.0
[    2.478555] VFS: Dquot-cache hash table entries: 1024 (order 0, 8192 bytes)
[    2.510952] NET: Registered PF_INET protocol family
[    2.511634] IP idents hash table entries: 131072 (order: 7, 1048576 bytes, linear)
[    2.522325] tcp_listen_portaddr_hash hash table entries: 4096 (order: 5, 327680 bytes, linear)
[    2.524088] TCP established hash table entries: 65536 (order: 6, 524288 bytes, linear)
[    2.525835] TCP bind hash table entries: 65536 (order: 9, 4718592 bytes, linear)
[    2.541712] TCP: Hash tables configured (established 65536 bind 65536)
[    2.544105] UDP hash table entries: 4096 (order: 6, 655360 bytes, linear)
[    2.545821] UDP-Lite hash table entries: 4096 (order: 6, 655360 bytes, linear)
[    2.550846] NET: Registered PF_UNIX/PF_LOCAL protocol family
[    2.550927] NET: Registered PF_XDP protocol family
[    2.552826] Trying to unpack rootfs image as initramfs...
[    2.659436] Initialise system trusted keyrings
[    2.660231] workingset: timestamp_bits=46 max_order=20 bucket_order=0
[    2.708394] zbud: loaded
[    2.724538] SGI XFS with ACLs, security attributes, realtime, quota, no debug enabled
[    2.742704] Key type asymmetric registered
[    2.742865] Asymmetric key parser 'x509' registered
[    2.743102] Block layer SCSI generic (bsg) driver version 0.4 loaded (major 252)
[    2.746140] io scheduler mq-deadline registered
[    2.751373] f029b788: ttyHV0 at I/O 0x0 (irq = 1, base_baud = 115200) is a SUN4V HCONS
[    2.753591] printk: console [ttyHV0] enabled
[    2.755659] n2rng v0.3 (Jan 7, 2017)
[    2.755744] n2rng f029b104: Registered RNG HVAPI major 2 minor 0
[    2.755828] n2rng f029b104: Found multi-unit-capable RNG, units: 2
[    2.757941] n2rng f029b104: RNG ready
[    2.759235] sunvdc.c:v1.2 (November 24, 2014)
[    2.767003] sunvdc: Virtual Hard disk vdiskc
[    2.767041] sunvdc: vdiskc: 104857600 sectors (51200 MB) protocol 1.2
[    2.827318] sunvdc: Virtual Hard disk vdiskb
[    2.827461] sunvdc: vdiskb: 62914560 sectors (30720 MB) protocol 1.2
[    2.830947]  vdiskb: vdiskb1
[    2.867053] sunvdc: Virtual Hard disk vdiska
[    2.867105] sunvdc: vdiska: 31457280 sectors (15360 MB) protocol 1.2
[    2.868307]  vdiska: vdiska1 vdiska2 vdiska3 vdiska4
[    2.924818] rtc-sun4v rtc-sun4v: registered as rtc0
[    2.925120] rtc-sun4v rtc-sun4v: setting system clock to 2021-07-01T12:40:41 UTC (1625143241)
[    2.926976] rtc-test rtc-test.0: registered as rtc1
[    2.975430] rtc rtc2: invalid alarm value: 18446744073704833233-01-07T02:17:55
[    2.976808] rtc-test rtc-test.1: registered as rtc2
[    3.024570] rtc rtc3: invalid alarm value: 18446744073704833233-01-07T02:17:55
[    3.025499] rtc-test rtc-test.2: registered as rtc3
[    3.027100] softdog: initialized. soft_noboot=0 soft_margin=60 sec soft_panic=0 (nowayout=0)
[    3.027336] softdog:              soft_reboot_cmd=<not set> soft_active_on_boot=0
[    3.032817] NET: Registered PF_INET6 protocol family
[    3.231185] Freeing initrd memory: 27216K
[    3.262736] Segment Routing with IPv6
[    3.262873] mip6: Mobile IPv6
[    3.262913] NET: Registered PF_PACKET protocol family
[    3.268046] registered taskstats version 1
[    3.268088] Loading compiled-in X.509 certificates
[    3.272011] zswap: loaded using pool lzo/zbud
[    3.276471] This architecture does not have kernel memory protection.
[    3.276519] Run /init as init process
[    3.276547]   with arguments:
[    3.276554]     /init
[    3.276560]   with environment:
[    3.276566]     HOME=/
[    3.276572]     TERM=linux
[    3.276579]     BOOT_IMAGE=/vmlinux-5.13.0-05357-gdbe69e433722
[    4.232764] sunvnet_common: module verification failed: signature and/or required key missing - tainting kernel
[    4.239624] sunvnet: sunvnet 2.0 (February 3, 2017)
[    4.243370] vnet_port vnet-port-0-0 eth0: Sun LDOM vnet 00:14:4f:f8:12:a3
[    4.243670] sunvnet: eth0: PORT ( remote-mac 00:14:4f:fa:f3:f0 switch-port )
[    4.244227] sunvnet: eth0: PORT ( remote-mac 00:14:4f:f8:e5:f3 )
[    4.244731] sunvnet: eth0: PORT ( remote-mac 00:14:4f:f8:3f:1e )
[    4.245216] sunvnet: eth0: PORT ( remote-mac 00:14:4f:f9:b4:97 )
[    4.245742] sunvnet: eth0: PORT ( remote-mac 00:14:4f:f9:8b:83 )
[    4.256434] crc32c_sparc64: Using sparc64 crc32c opcode optimized CRC32C implementation
[    4.263854] random: lvm: uninitialized urandom read (4 bytes read)
[    4.310655] device-mapper: uevent: version 1.0.3
[    4.311094] device-mapper: ioctl: 4.45.0-ioctl (2021-03-22) initialised: dm-devel@redhat.com
[    4.318556] random: lvm: uninitialized urandom read (2 bytes read)
[    4.811548] xor: automatically using best checksumming function   Niagara   
[    4.881471] raid6: int64x8  gen()  1231 MB/s
[    4.949431] raid6: int64x8  xor()   347 MB/s
[    5.017427] raid6: int64x4  gen()   771 MB/s
[    5.085403] raid6: int64x4  xor()   331 MB/s
[    5.153339] raid6: int64x2  gen()  1698 MB/s
[    5.221436] raid6: int64x2  xor()   270 MB/s
[    5.289392] raid6: int64x1  gen()   602 MB/s
[    5.357476] raid6: int64x1  xor()   243 MB/s
[    5.357552] raid6: using algorithm int64x2 gen() 1698 MB/s
[    5.357627] raid6: .... xor() 270 MB/s, rmw enabled
[    5.357694] raid6: using intx1 recovery algorithm
[    5.658697] random: fast init done
[    5.662534] EXT4-fs (vdiska2): mounted filesystem with ordered data mode. Opts: (null). Quota mode: none.
[    7.748128] systemd[1]: Inserted module 'autofs4'
[    7.915189] systemd[1]: systemd 247.3-5 running in system mode. (+PAM +AUDIT +SELINUX +IMA +APPARMOR +SMACK +SYSVINIT +UTMP +LIBCRYPTSETUP +GCRYPT +GNUTLS +ACL +XZ +LZ4 +ZSTD -SECCOMP +BLKID +ELFUTILS +KMOD +IDN2 -IDN +PCRE2 default-hierarchy=unified)
[    7.915701] systemd[1]: Detected architecture sparc64.
[    7.958254] systemd[1]: Set hostname to <ttip>.
[    9.521942] random: lvmconfig: uninitialized urandom read (4 bytes read)
[   11.239058] systemd[1]: Queued start job for default target Multi-User System.
[   11.240179] random: systemd: uninitialized urandom read (16 bytes read)
[   11.254313] systemd[1]: Created slice system-getty.slice.
[   11.255008] random: systemd: uninitialized urandom read (16 bytes read)
[   11.260950] systemd[1]: Created slice system-modprobe.slice.
[   11.261263] random: systemd: uninitialized urandom read (16 bytes read)
[   11.268581] systemd[1]: Created slice system-openvpn\x2dclient.slice.
[   11.274639] systemd[1]: Created slice system-postfix.slice.
[   11.280450] systemd[1]: Created slice system-systemd\x2dfsck.slice.
[   11.286110] systemd[1]: Created slice User and Session Slice.
[   11.286845] systemd[1]: Started Dispatch Password Requests to Console Directory Watch.
[   11.287518] systemd[1]: Started Forward Password Requests to Wall Directory Watch.
[   11.289963] systemd[1]: Set up automount Arbitrary Executable File Formats File System Automount Point.
[   11.290444] systemd[1]: Reached target Local Encrypted Volumes.
[   11.290862] systemd[1]: Reached target Paths.
[   11.291218] systemd[1]: Reached target Slices.
[   11.292004] systemd[1]: Listening on Device-mapper event daemon FIFOs.
[   11.292812] systemd[1]: Listening on LVM2 poll daemon socket.
[   11.313297] systemd[1]: Listening on RPCbind Server Activation Socket.
[   11.315381] systemd[1]: Listening on Syslog Socket.
[   11.316240] systemd[1]: Listening on fsck to fsckd communication Socket.
[   11.316863] systemd[1]: Listening on initctl Compatibility Named Pipe.
[   11.317956] systemd[1]: Listening on Journal Audit Socket.
[   11.318823] systemd[1]: Listening on Journal Socket (/dev/log).
[   11.319844] systemd[1]: Listening on Journal Socket.
[   11.320953] systemd[1]: Listening on udev Control Socket.
[   11.321764] systemd[1]: Listening on udev Kernel Socket.
[   11.330967] systemd[1]: Mounting Huge Pages File System...
[   11.342485] systemd[1]: Mounting POSIX Message Queue File System...
[   11.351800] systemd[1]: Mounting RPC Pipe File System...
[   11.361035] systemd[1]: Mounting Kernel Debug File System...
[   11.370891] systemd[1]: Mounting Kernel Trace File System...
[   11.371838] systemd[1]: Condition check resulted in Kernel Module supporting RPCSEC_GSS being skipped.
[   11.372731] systemd[1]: Finished Availability of block devices.
[   11.382683] systemd[1]: Starting Wait for network to be configured by ifupdown...
[   11.393407] systemd[1]: Starting Create list of static device nodes for the current kernel...
[   11.402182] systemd[1]: Starting Monitoring of LVM2 mirrors, snapshots etc. using dmeventd or progress polling...
[   11.409222] systemd[1]: Starting Load Kernel Module configfs...
[   11.417626] systemd[1]: Starting Load Kernel Module drm...
[   11.426380] systemd[1]: Starting Load Kernel Module fuse...
[   11.434976] systemd[1]: Starting nftables...
[   11.465834] RPC: Registered named UNIX socket transport module.
[   11.465892] RPC: Registered udp transport module.
[   11.465927] RPC: Registered tcp transport module.
[   11.465964] RPC: Registered tcp NFSv4.1 backchannel transport module.
[   11.466285] systemd[1]: Condition check resulted in Set Up Additional Binary Formats being skipped.
[   11.466522] systemd[1]: Condition check resulted in File System Check on Root Device being skipped.
[   11.477395] systemd[1]: Starting Journal Service...
[   11.500763] systemd[1]: Starting Load Kernel Modules...
[   11.507142] systemd[1]: Starting Remount Root and Kernel File Systems...
[   11.513118] systemd[1]: Starting Coldplug All udev Devices...
[   11.520064] systemd[1]: Mounted Huge Pages File System.
[   11.520623] systemd[1]: Mounted POSIX Message Queue File System.
[   11.521150] systemd[1]: Mounted RPC Pipe File System.
[   11.521710] systemd[1]: Mounted Kernel Debug File System.
[   11.522263] systemd[1]: Mounted Kernel Trace File System.
[   11.524441] systemd[1]: Finished Wait for network to be configured by ifupdown.
[   11.527023] systemd[1]: Finished Create list of static device nodes for the current kernel.
[   11.528408] systemd[1]: modprobe@drm.service: Succeeded.
[   11.529979] systemd[1]: Finished Load Kernel Module drm.
[   11.558869] systemd[1]: modprobe@configfs.service: Succeeded.
[   11.560980] systemd[1]: Finished Load Kernel Module configfs.
[   11.568642] systemd[1]: Mounting Kernel Configuration File System...
[   11.583318] systemd[1]: Mounted Kernel Configuration File System.
[   11.588216] EXT4-fs (vdiska2): re-mounted. Opts: errors=remount-ro. Quota mode: none.
[   11.592922] systemd[1]: Finished Load Kernel Modules.
[   11.601200] systemd[1]: Starting Apply Kernel Variables...
[   11.612278] systemd[1]: Finished Remount Root and Kernel File Systems.
[   11.694194] systemd[1]: Starting Initial Check File System Quotas...
[   11.735060] systemd[1]: Condition check resulted in Rebuild Hardware Database being skipped.
[   11.735320] systemd[1]: Condition check resulted in Platform Persistent Storage Archival being skipped.
[   11.742617] systemd[1]: Starting Load/Save Random Seed...
[   11.750011] systemd[1]: Starting Create System Users...
[   11.751331] systemd[1]: Started Journal Service.
[   11.837363] fuse: init (API version 7.33)
[   11.853066] systemd-journald[338]: Received client request to flush runtime journal.
[   13.662135] sha1_sparc64: Using sparc64 sha1 opcode optimized SHA-1 implementation
[   13.722961] sha256_sparc64: Using sparc64 sha256 opcode optimized SHA-256/SHA-224 implementation
[   13.765620] sha512_sparc64: Using sparc64 sha512 opcode optimized SHA-512/SHA-384 implementation
[   13.797391] md5_sparc64: Using sparc64 md5 opcode optimized MD5 implementation
[   13.846434] aes_sparc64: Using sparc64 aes opcodes optimized AES implementation
[   13.894394] des_sparc64: Using sparc64 des opcodes optimized DES implementation
[   13.955962] camellia_sparc64: Using sparc64 camellia opcodes optimized CAMELLIA implementation
[   14.002540] XFS (dm-0): Mounting V5 Filesystem
[   14.164256] Adding 787176k swap on /dev/vdiska4.  Priority:-2 extents:1 across:787176k FS
[   14.221925] XFS (dm-0): Ending clean mount
[   14.289688] xfs filesystem being mounted at /1 supports timestamps until 2038 (0x7fffffff)
[   14.341823] random: crng init done
[   14.341868] random: 4 urandom warning(s) missed due to ratelimiting
[   14.673516] EXT4-fs (vdiska1): mounting ext3 file system using the ext4 subsystem
[   14.719762] EXT4-fs (vdiska1): mounted filesystem with ordered data mode. Opts: (null). Quota mode: none.
[   14.720140] ext3 filesystem being mounted at /boot supports timestamps until 2038 (0x7fffffff)
