[    0.000017] PROMLIB: Sun IEEE Boot Prom 'OBP 4.38.17 2019/01/25 08:22'
[    0.000020] PROMLIB: Root node compatible: sun4v
[    0.000056] Linux version 5.9.0-rc1-00019-g70d65cd555c5 (mator@ttip) (gcc (Debian 10.2.0-23) 10.2.0, GNU ld (GNU Binutils for Debian) 2.35.1) #144 SMP Tue Dec 8 02:29:58 MSK 2020
[    0.000336] printk: bootconsole [earlyprom0] enabled
[    0.000386] ARCH: SUN4V
[    0.000427] Ethernet address: 00:14:4f:fa:06:f2
[    0.000472] MM: PAGE_OFFSET is 0xfff8000000000000 (max_phys_bits == 47)
[    0.000531] MM: VMALLOC [0x0000000100000000 --> 0x0006000000000000]
[    0.000585] MM: VMEMMAP [0x0006000000000000 --> 0x000c000000000000]
[    0.011749] Kernel: Using 3 locked TLB entries for main kernel image.
[    0.011811] Remapping the kernel... 
[    0.011827] done.
[    0.034706] OF stdout device is: /virtual-devices@100/console@1
[    0.034762] PROM: Built device tree with 65673 bytes of memory.
[    0.034812] MDESC: Size is 29712 bytes.
[    0.034902] PLATFORM: banner-name [SPARC T5-2]
[    0.034946] PLATFORM: name [ORCL,SPARC-T5-2]
[    0.034984] PLATFORM: hostid [84fa06f2]
[    0.035021] PLATFORM: serial# [0035260e]
[    0.035056] PLATFORM: stick-frequency [3b9aca00]
[    0.035098] PLATFORM: mac-address [144ffa06f2]
[    0.035137] PLATFORM: watchdog-resolution [1000 ms]
[    0.035181] PLATFORM: watchdog-max-timeout [31536000000 ms]
[    0.035228] PLATFORM: max-cpus [1024]
[    0.035308] Top of RAM: 0x2af94a000, Total RAM: 0x27f388000
[    0.035360] Memory hole size: 773MB
[    0.036850] Allocated 24576 bytes for kernel page tables.
[    0.036919] Zone ranges:
[    0.036951]   Normal   [mem 0x0000000030400000-0x00000002af949fff]
[    0.037006] Movable zone start for each node
[    0.037044] Early memory node ranges
[    0.037078]   node   0: [mem 0x0000000030400000-0x000000006febffff]
[    0.037134]   node   0: [mem 0x000000006ff40000-0x000000006ff47fff]
[    0.037187]   node   0: [mem 0x0000000070000000-0x00000002af8b5fff]
[    0.037244]   node   0: [mem 0x00000002af940000-0x00000002af949fff]
[    0.043011] Zeroed struct page in unavailable ranges: 132668 pages
[    0.043015] Initmem setup node 0 [mem 0x0000000030400000-0x00000002af949fff]
[    0.043156] On node 0 totalpages: 1309124
[    0.043159]   Normal zone: 11508 pages used for memmap
[    0.043161]   Normal zone: 0 pages reserved
[    0.043164]   Normal zone: 1309124 pages, LIFO batch:31
[    0.084594] Booting Linux...
[    0.084663] CPU CAPS: [flush,stbar,swap,muldiv,v9,blkinit,n2,mul32]
[    0.084733] CPU CAPS: [div32,v8plus,popc,vis,vis2,ASIBlkInit,fmaf,vis3]
[    0.085802] CPU CAPS: [hpc,ima,pause,cbcond,aes,des,kasumi,camellia]
[    0.085862] CPU CAPS: [md5,sha1,sha256,sha512,mpmul,montmul,montsqr,crc32c]
[    0.133122] percpu: Embedded 19 pages/cpu s114904 r8192 d32552 u262144
[    0.133327] pcpu-alloc: s114904 r8192 d32552 u262144 alloc=1*4194304
[    0.133330] pcpu-alloc: [0] 000 001 002 003 004 005 006 007 008 009 010 011 012 013 014 015 
[    0.133344] pcpu-alloc: [0] 016 017 018 019 020 021 022 023 024 025 026 027 028 029 030 031 
[    0.133357] pcpu-alloc: [0] 032 033 034 035 036 037 038 039 040 041 042 043 044 045 046 047 
[    0.133369] pcpu-alloc: [0] 048 049 050 051 052 053 054 055 056 057 058 059 060 061 062 063 
[    0.133382] pcpu-alloc: [0] 064 065 066 067 068 069 070 071 072 073 074 075 076 077 078 079 
[    0.133395] pcpu-alloc: [0] 080 081 082 083 084 085 086 087 088 089 090 091 092 093 094 095 
[    0.133408] pcpu-alloc: [0] 096 097 098 099 100 101 102 103 104 105 106 107 108 109 110 111 
[    0.133421] pcpu-alloc: [0] 112 113 114 115 116 117 118 119 120 121 122 123 124 125 126 127 
[    0.133434] pcpu-alloc: [0] 128 129 130 131 132 133 134 135 136 137 138 139 140 141 142 143 
[    0.133446] pcpu-alloc: [0] 144 145 146 147 148 149 150 151 152 153 154 155 156 157 158 159 
[    0.133459] pcpu-alloc: [0] 160 161 162 163 164 165 166 167 168 169 170 171 172 173 174 175 
[    0.133472] pcpu-alloc: [0] 176 177 178 179 180 181 182 183 184 185 186 187 188 189 190 191 
[    0.133485] pcpu-alloc: [0] 192 193 194 195 196 197 198 199 200 201 202 203 204 205 206 207 
[    0.133498] pcpu-alloc: [0] 208 209 210 211 212 213 214 215 216 217 218 219 220 221 222 223 
[    0.133511] pcpu-alloc: [0] 224 225 226 227 228 229 230 231 232 233 234 235 236 237 238 239 
[    0.133523] pcpu-alloc: [0] 240 241 242 243 244 245 246 247 248 249 250 251 252 253 254 255 
[    0.133928] SUN4V: Mondo queue sizes [cpu(131072) dev(16384) r(8192) nr(256)]
[    0.134223] Built 1 zonelists, mobility grouping on.  Total pages: 1297616
[    0.134289] Kernel command line: BOOT_IMAGE=/vmlinux-5.9.0-rc1-00019-g70d65cd555c5 root=/dev/vdiska2 ro zswap.enabled=1
[    0.135890] printk: log_buf_len individual max cpu contribution: 4096 bytes
[    0.135953] printk: log_buf_len total cpu_extra contributions: 1044480 bytes
[    0.136013] printk: log_buf_len min size: 131072 bytes
[    0.136374] printk: log_buf_len: 2097152 bytes
[    0.136418] printk: early log buf free: 126000(96%)
[    0.138067] Dentry cache hash table entries: 2097152 (order: 11, 16777216 bytes, linear)
[    0.138964] Inode-cache hash table entries: 1048576 (order: 10, 8388608 bytes, linear)
[    0.139033] Sorting __ex_table...
[    0.139258] mem auto-init: stack:off, heap alloc:off, heap free:off
[    0.159827] Memory: 10257080K/10472992K available (7715K kernel code, 1031K rwdata, 1896K rodata, 584K init, 413K bss, 215912K reserved, 0K cma-reserved)
[    0.159981] random: get_random_u64 called from __kmem_cache_create+0x20/0x520 with crng_init=0
[    0.160996] SLUB: HWalign=32, Order=0-3, MinObjects=0, CPUs=256, Nodes=1
[    0.161423] ftrace: allocating 22857 entries in 45 pages
[    0.170323] ftrace: allocated 45 pages with 4 groups
[    0.172813] rcu: Hierarchical RCU implementation.
[    0.172862] 	Trampoline variant of Tasks RCU enabled.
[    0.172906] 	Rude variant of Tasks RCU enabled.
[    0.172948] 	Tracing variant of Tasks RCU enabled.
[    0.172990] rcu: RCU calculated value of scheduler-enlistment delay is 26 jiffies.
[    0.176231] NR_IRQS: 2048, nr_irqs: 2048, preallocated irqs: 1
[    0.176301] SUN4V: Using IRQ API major 3, cookie only virqs enabled
[    0.178953] clocksource: stick: mask: 0xffffffffffffffff max_cycles: 0x1cd42e4dffb, max_idle_ns: 881590591483 ns
[    0.179068] clocksource: mult[800000] shift[23]
[    0.179109] clockevent: mult[80000000] shift[31]
[    0.179523] Console: colour dummy device 80x25
[    0.179570] printk: console [tty0] enabled
[    0.179608] printk: bootconsole [earlyprom0] disabled
[    0.259248] Calibrating delay using timer specific routine.. 2003.16 BogoMIPS (lpj=4006336)
[    0.259265] pid_max: default: 262144 minimum: 2048
[    0.259580] LSM: Security Framework initializing
[    0.259736] Mount-cache hash table entries: 32768 (order: 5, 262144 bytes, linear)
[    0.259770] Mountpoint-cache hash table entries: 32768 (order: 5, 262144 bytes, linear)
[    0.261267] rcu: Hierarchical SRCU implementation.
[    0.264219] smp: Bringing up secondary CPUs ...
[    0.271955] smp: Brought up 1 node, 24 CPUs
[    0.273732] devtmpfs: initialized
[    0.274502] Performance events: 
[    0.274521] Testing NMI watchdog ... 
[    0.354594] OK.
[    0.354609] Supported PMU type is 'niagara5'
[    0.354880] ldc.c:v1.1 (July 22, 2008)
[    0.355021] clocksource: jiffies: mask: 0xffffffff max_cycles: 0xffffffff, max_idle_ns: 7645041785100000 ns
[    0.355042] futex hash table entries: 65536 (order: 9, 4194304 bytes, linear)
[    0.357235] NET: Registered protocol family 16
[    0.358434] VIO: Adding device channel-devices (tx_ino = ffffffffffffffff, rx_ino = ffffffffffffffff)
[    0.358464] VIO: Adding device vnet-port-0-0 (tx_ino = 0, rx_ino = 1)
[    0.358485] VIO: Adding device vnet-port-0-1 (tx_ino = 2, rx_ino = 3)
[    0.358504] VIO: Adding device vnet-port-0-2 (tx_ino = 4, rx_ino = 5)
[    0.358524] VIO: Adding device vnet-port-0-3 (tx_ino = 6, rx_ino = 7)
[    0.358543] VIO: Adding device vnet-port-0-4 (tx_ino = 8, rx_ino = 9)
[    0.358562] VIO: Adding device vdc-port-2-0 (tx_ino = a, rx_ino = b)
[    0.358581] VIO: Adding device vdc-port-1-0 (tx_ino = c, rx_ino = d)
[    0.358602] VIO: Adding device vdc-port-0-0 (tx_ino = e, rx_ino = f)
[    0.358630] VIO: Adding device vlds-port-0-0 (tx_ino = 10, rx_ino = 11)
[    0.358653] VIO: Adding device domain-services-port-0 (tx_ino = 10, rx_ino = 11)
[    0.358750] audit: initializing netlink subsys (disabled)
[    0.358830] audit: type=2000 audit(0.176:1): state=initialized audit_enabled=0 res=1
[    0.363920] HugeTLB registered 64.0 KiB page size, pre-allocated 0 pages
[    0.363926] HugeTLB registered 8.00 MiB page size, pre-allocated 0 pages
[    0.363930] HugeTLB registered 256 MiB page size, pre-allocated 0 pages
[    0.363935] HugeTLB registered 2.00 GiB page size, pre-allocated 0 pages
[    0.929845] NetLabel: Initializing
[    0.929856] NetLabel:  domain hash size = 128
[    0.929859] NetLabel:  protocols = UNLABELED CIPSOv4 CALIPSO
[    0.929884] NetLabel:  unlabeled traffic allowed by default
[    0.930127] SUN4V: Reboot data supported (maj=1,min=0).
[    0.930228] ds.c:v1.0 (Jul 11, 2007)
[    0.930362] ds-0: ds_conn_reset() from send_events
[    0.930621] clocksource: Switched to clocksource stick
[    0.982174] VFS: Disk quotas dquot_6.6.0
[    0.982269] VFS: Dquot-cache hash table entries: 1024 (order 0, 8192 bytes)
[    0.984767] NET: Registered protocol family 2
[    0.985848] tcp_listen_portaddr_hash hash table entries: 8192 (order: 4, 131072 bytes, linear)
[    0.985943] TCP established hash table entries: 131072 (order: 7, 1048576 bytes, linear)
[    0.986405] TCP bind hash table entries: 65536 (order: 7, 1048576 bytes, linear)
[    0.986860] TCP: Hash tables configured (established 131072 bind 65536)
[    0.987377] UDP hash table entries: 8192 (order: 5, 262144 bytes, linear)
[    0.987498] UDP-Lite hash table entries: 8192 (order: 5, 262144 bytes, linear)
[    0.988413] NET: Registered protocol family 1
[    0.988426] NET: Registered protocol family 44
[    0.988544] Trying to unpack rootfs image as initramfs...
[    1.151186] Freeing initrd memory: 23472K
[    1.155146] Initialise system trusted keyrings
[    1.155169] Key type blacklist registered
[    1.155275] workingset: timestamp_bits=46 max_order=21 bucket_order=0
[    1.157947] zbud: loaded
[    1.158761] SGI XFS with ACLs, security attributes, realtime, quota, no debug enabled
[    1.160506] Key type asymmetric registered
[    1.160512] Asymmetric key parser 'x509' registered
[    1.160531] Block layer SCSI generic (bsg) driver version 0.4 loaded (major 252)
[    1.160784] io scheduler mq-deadline registered
[    1.161268] f029b788: ttyHV0 at I/O 0x0 (irq = 1, base_baud = 115200) is a SUN4V HCONS
[    1.161501] printk: console [ttyHV0] enabled
[    1.162287] sunvdc.c:v1.2 (November 24, 2014)
[    1.176057] sunvdc: Virtual Hard disk vdiskc
[    1.176064] sunvdc: vdiskc: 104857600 sectors (51200 MB) protocol 1.2
[    1.182319] sunvdc: Virtual Hard disk vdiskb
[    1.182329] sunvdc: vdiskb: 62914560 sectors (30720 MB) protocol 1.2
[    1.182813]  vdiskb: vdiskb1
[    1.189075] sunvdc: Virtual Hard disk vdiska
[    1.189083] sunvdc: vdiska: 31457280 sectors (15360 MB) protocol 1.2
[    1.189557]  vdiska: vdiska1 vdiska2 vdiska3 vdiska4
[    1.194486] Silicon Labs C2 port support v. 0.51.0 - (C) 2007 Rodolfo Giometti
[    1.194832] rtc-sun4v rtc-sun4v: registered as rtc0
[    1.194872] rtc-sun4v rtc-sun4v: setting system clock to 2020-12-07T23:33:22 UTC (1607384002)
[    1.195574] NET: Registered protocol family 10
[    1.209074] Segment Routing with IPv6
[    1.209112] mip6: Mobile IPv6
[    1.209119] NET: Registered protocol family 17
[    1.209225] registered taskstats version 1
[    1.209233] Loading compiled-in X.509 certificates
[    1.209305] zswap: loaded using pool lzo/zbud
[    1.210800] This architecture does not have kernel memory protection.
[    1.210812] Run /init as init process
[    1.210817]   with arguments:
[    1.210819]     /init
[    1.210821]   with environment:
[    1.210823]     HOME=/
[    1.210826]     TERM=linux
[    1.210828]     BOOT_IMAGE=/vmlinux-5.9.0-rc1-00019-g70d65cd555c5
[    1.372108] sunvnet_common: module verification failed: signature and/or required key missing - tainting kernel
[    1.373307] sunvnet: sunvnet 2.0 (February 3, 2017)
[    1.374309] vnet_port vnet-port-0-0 eth0: Sun LDOM vnet 00:14:4f:f8:12:a3
[    1.374379] sunvnet: eth0: PORT ( remote-mac 00:14:4f:fa:f3:f0 switch-port )
[    1.374603] sunvnet: eth0: PORT ( remote-mac 00:14:4f:f9:b4:97 )
[    1.374778] sunvnet: eth0: PORT ( remote-mac 00:14:4f:f8:e5:f3 )
[    1.374946] sunvnet: eth0: PORT ( remote-mac 00:14:4f:f8:3f:1e )
[    1.375092] sunvnet: eth0: PORT ( remote-mac 00:14:4f:f9:8b:83 )
[    1.380671] crc32c_sparc64: Using sparc64 crc32c opcode optimized CRC32C implementation
[    1.383847] random: lvm: uninitialized urandom read (4 bytes read)
[    1.402822] device-mapper: uevent: version 1.0.3
[    1.402988] device-mapper: ioctl: 4.42.0-ioctl (2020-02-27) initialised: dm-devel@redhat.com
[    1.405100] random: lvm: uninitialized urandom read (2 bytes read)
[    1.679530] xor: automatically using best checksumming function   Niagara   
[    1.746590] raid6: int64x8  gen()  2159 MB/s
[    1.814592] raid6: int64x8  xor()  1508 MB/s
[    1.882595] raid6: int64x4  gen()  3369 MB/s
[    1.950608] raid6: int64x4  xor()  1452 MB/s
[    2.018594] raid6: int64x2  gen()  3347 MB/s
[    2.086592] raid6: int64x2  xor()  1161 MB/s
[    2.154625] raid6: int64x1  gen()  1372 MB/s
[    2.222592] raid6: int64x1  xor()   710 MB/s
[    2.222607] raid6: using algorithm int64x4 gen() 3369 MB/s
[    2.222612] raid6: .... xor() 1452 MB/s, rmw enabled
[    2.222617] raid6: using intx1 recovery algorithm
[    2.252228] random: fast init done
[    2.382605] EXT4-fs (vdiska2): mounted filesystem with ordered data mode. Opts: (null)
[    4.124062] systemd[1]: Inserted module 'autofs4'
[    4.325523] systemd[1]: systemd 247.1-3 running in system mode. (+PAM +AUDIT +SELINUX +IMA +APPARMOR +SMACK +SYSVINIT +UTMP +LIBCRYPTSETUP +GCRYPT +GNUTLS +ACL +XZ +LZ4 +ZSTD -SECCOMP +BLKID +ELFUTILS +KMOD +IDN2 -IDN +PCRE2 default-hierarchy=hybrid)
[    4.325795] systemd[1]: Detected architecture sparc64.
[    4.387026] systemd[1]: Set hostname to <ttip>.
[    4.691313] systemd-sysv-generator[332]: SysV service '/etc/init.d/xinetd' lacks a native systemd unit file. Automatically generating a unit file for compatibility. Please update package to include a native systemd unit file, in order to make it more safe and robust.
[    5.056909] systemd-sysv-generator[332]: SysV service '/etc/init.d/rng-tools-debian' lacks a native systemd unit file. Automatically generating a unit file for compatibility. Please update package to include a native systemd unit file, in order to make it more safe and robust.
[    5.059039] systemd-sysv-generator[332]: SysV service '/etc/init.d/arpalert' lacks a native systemd unit file. Automatically generating a unit file for compatibility. Please update package to include a native systemd unit file, in order to make it more safe and robust.
[    5.091276] systemd-sysv-generator[332]: SysV service '/etc/init.d/vmtouch' lacks a native systemd unit file. Automatically generating a unit file for compatibility. Please update package to include a native systemd unit file, in order to make it more safe and robust.
[    5.177123] systemd-sysv-generator[332]: SysV service '/etc/init.d/mysql' lacks a native systemd unit file. Automatically generating a unit file for compatibility. Please update package to include a native systemd unit file, in order to make it more safe and robust.
[    5.418183] random: lvmconfig: uninitialized urandom read (4 bytes read)
[    6.876636] systemd[1]: Queued start job for default target Multi-User System.
[    6.877350] random: systemd: uninitialized urandom read (16 bytes read)
[    6.921972] systemd[1]: Created slice system-getty.slice.
[    6.922256] random: systemd: uninitialized urandom read (16 bytes read)
[    6.927751] systemd[1]: Created slice system-modprobe.slice.
[    6.927872] random: systemd: uninitialized urandom read (16 bytes read)
[    6.933123] systemd[1]: Created slice system-openvpn\x2dclient.slice.
[    6.939089] systemd[1]: Created slice system-postfix.slice.
[    6.944638] systemd[1]: Created slice system-systemd\x2dfsck.slice.
[    6.949942] systemd[1]: Created slice User and Session Slice.
[    6.950207] systemd[1]: Started Dispatch Password Requests to Console Directory Watch.
[    6.950430] systemd[1]: Started Forward Password Requests to Wall Directory Watch.
[    6.951531] systemd[1]: Set up automount Arbitrary Executable File Formats File System Automount Point.
[    6.951746] systemd[1]: Reached target Local Encrypted Volumes.
[    6.951935] systemd[1]: Reached target Paths.
[    6.952086] systemd[1]: Reached target Slices.
[    6.952391] systemd[1]: Listening on Device-mapper event daemon FIFOs.
[    6.952700] systemd[1]: Listening on LVM2 poll daemon socket.
[    6.965610] systemd[1]: Listening on RPCbind Server Activation Socket.
[    6.966480] systemd[1]: Listening on Syslog Socket.
[    6.966820] systemd[1]: Listening on fsck to fsckd communication Socket.
[    6.967043] systemd[1]: Listening on initctl Compatibility Named Pipe.
[    6.967476] systemd[1]: Listening on Journal Audit Socket.
[    6.967747] systemd[1]: Listening on Journal Socket (/dev/log).
[    6.968105] systemd[1]: Listening on Journal Socket.
[    6.968483] systemd[1]: Listening on udev Control Socket.
[    6.968748] systemd[1]: Listening on udev Kernel Socket.
[    6.975431] systemd[1]: Mounting Huge Pages File System...
[    6.982201] systemd[1]: Mounting POSIX Message Queue File System...
[    6.989319] systemd[1]: Mounting RPC Pipe File System...
[    6.996380] systemd[1]: Mounting Kernel Debug File System...
[    7.003387] systemd[1]: Mounting Kernel Trace File System...
[    7.003773] systemd[1]: Condition check resulted in Kernel Module supporting RPCSEC_GSS being skipped.
[    7.004164] systemd[1]: Finished Availability of block devices.
[    7.011611] systemd[1]: Starting Wait for network to be configured by ifupdown...
[    7.018847] systemd[1]: Starting Create list of static device nodes for the current kernel...
[    7.026972] systemd[1]: Starting Monitoring of LVM2 mirrors, snapshots etc. using dmeventd or progress polling...
[    7.032828] systemd[1]: Starting Load Kernel Module configfs...
[    7.038792] systemd[1]: Starting Load Kernel Module drm...
[    7.045527] systemd[1]: Starting Load Kernel Module fuse...
[    7.053608] systemd[1]: Starting nftables...
[    7.108778] systemd[1]: Condition check resulted in Set Up Additional Binary Formats being skipped.
[    7.108934] systemd[1]: Condition check resulted in File System Check on Root Device being skipped.
[    7.116875] systemd[1]: Starting Journal Service...
[    7.174618] systemd[1]: Starting Load Kernel Modules...
[    7.181807] systemd[1]: Starting Remount Root and Kernel File Systems...
[    7.188456] systemd[1]: Starting Coldplug All udev Devices...
[    7.193316] systemd[1]: Mounted Huge Pages File System.
[    7.193726] systemd[1]: Mounted POSIX Message Queue File System.
[    7.193985] systemd[1]: run-rpc_pipefs.mount: Mount process exited, code=exited, status=32/n/a
[    7.194003] systemd[1]: run-rpc_pipefs.mount: Failed with result 'exit-code'.
[    7.195166] systemd[1]: Failed to mount RPC Pipe File System.
[    7.195470] systemd[1]: Dependency failed for RPC security service for NFS client and server.
[    7.195592] systemd[1]: rpc-gssd.service: Job rpc-gssd.service/start failed with result 'dependency'.
[    7.195629] systemd[1]: Dependency failed for RPC security service for NFS server.
[    7.195762] systemd[1]: rpc-svcgssd.service: Job rpc-svcgssd.service/start failed with result 'dependency'.
[    7.196185] systemd[1]: Mounted Kernel Debug File System.
[    7.196579] systemd[1]: Mounted Kernel Trace File System.
[    7.198281] systemd[1]: Finished Wait for network to be configured by ifupdown.
[    7.200435] systemd[1]: Finished Create list of static device nodes for the current kernel.
[    7.201605] systemd[1]: modprobe@configfs.service: Succeeded.
[    7.203112] systemd[1]: Finished Load Kernel Module configfs.
[    7.204289] systemd[1]: modprobe@drm.service: Succeeded.
[    7.205626] systemd[1]: Finished Load Kernel Module drm.
[    7.206494] systemd[1]: Reached target NFS client services.
[    7.214451] systemd[1]: Mounting Kernel Configuration File System...
[    7.219616] systemd[1]: Mounted Kernel Configuration File System.
[    7.226403] systemd[1]: Finished Load Kernel Modules.
[    7.233672] systemd[1]: Starting Apply Kernel Variables...
[    7.259662] systemd[1]: Finished Monitoring of LVM2 mirrors, snapshots etc. using dmeventd or progress polling.
[    7.261703] EXT4-fs (vdiska2): re-mounted. Opts: errors=remount-ro
[    7.265580] systemd[1]: Finished Remount Root and Kernel File Systems.
[    7.290772] fuse: init (API version 7.31)
[    7.318982] systemd[1]: Starting Initial Check File System Quotas...
[    7.380842] systemd[1]: Condition check resulted in Rebuild Hardware Database being skipped.
[    7.380986] systemd[1]: Condition check resulted in Platform Persistent Storage Archival being skipped.
[    7.387853] systemd[1]: Starting Load/Save Random Seed...
[    7.394587] systemd[1]: Starting Create System Users...
[    7.395384] systemd[1]: Started Journal Service.
[    9.726857] sha1_sparc64: Using sparc64 sha1 opcode optimized SHA-1 implementation
[    9.753314] sha256_sparc64: Using sparc64 sha256 opcode optimized SHA-256/SHA-224 implementation
[    9.760985] n2rng v0.3 (Jan 7, 2017)
[    9.761018] n2rng f029b104: Registered RNG HVAPI major 2 minor 0
[    9.761033] n2rng f029b104: Found multi-unit-capable RNG, units: 2
[    9.761067] n2rng f029b104: RNG ready
[    9.779886] sha512_sparc64: Using sparc64 sha512 opcode optimized SHA-512/SHA-384 implementation
[    9.807025] md5_sparc64: Using sparc64 md5 opcode optimized MD5 implementation
[    9.861173] aes_sparc64: Using sparc64 aes opcodes optimized AES implementation
[    9.934546] XFS (dm-0): Mounting V5 Filesystem
[    9.950694] des_sparc64: Using sparc64 des opcodes optimized DES implementation
[    9.950729] random: crng init done
[    9.950739] random: 4 urandom warning(s) missed due to ratelimiting
[    9.977923] camellia_sparc64: Using sparc64 camellia opcodes optimized CAMELLIA implementation
[   10.139701] XFS (dm-0): Ending clean mount
[   10.140664] xfs filesystem being mounted at /1 supports timestamps until 2038 (0x7fffffff)
[   10.178624] Adding 787176k swap on /dev/vdiska4.  Priority:-2 extents:1 across:787176k FS
[   10.723095] EXT4-fs (vdiska1): mounting ext3 file system using the ext4 subsystem
[   10.959001] EXT4-fs (vdiska1): mounted filesystem with ordered data mode. Opts: (null)
[   10.959178] ext3 filesystem being mounted at /boot supports timestamps until 2038 (0x7fffffff)
