[    0.000011] PROMLIB: Sun IEEE Boot Prom 'OBP 4.38.17 2019/01/25 08:22'
[    0.000032] PROMLIB: Root node compatible: sun4v
[    0.000075] Linux version 6.4.0-rc5-00024-g5f63595ebd82 (mator@ttip) (gcc (Debian 12.2.0-12) 12.2.0, GNU ld (GNU Binutils for Debian) 2.40) #433 SMP Thu Jun  8 12:31:21 MSK 2023
[    0.000128] printk: bootconsole [earlyprom0] enabled
[    0.000432] ARCH: SUN4V
[    0.000475] Ethernet address: 00:14:4f:fa:06:f2
[    0.000525] MM: PAGE_OFFSET is 0xfff8000000000000 (max_phys_bits == 47)
[    0.000590] MM: VMALLOC [0x0000000100000000 --> 0x0006000000000000]
[    0.000648] MM: VMEMMAP [0x0006000000000000 --> 0x000c000000000000]
[    0.014226] Kernel: Using 5 locked TLB entries for main kernel image.
[    0.014293] Remapping the kernel... 
[    0.014324] done.
[    0.032773] OF stdout device is: /virtual-devices@100/console@1
[    0.032836] PROM: Built device tree with 67601 bytes of memory.
[    0.032891] MDESC: Size is 24368 bytes.
[    0.032986] PLATFORM: banner-name [SPARC T5-2]
[    0.033033] PLATFORM: name [ORCL,SPARC-T5-2]
[    0.033074] PLATFORM: hostid [84fa06f2]
[    0.033114] PLATFORM: serial# [0035260e]
[    0.033153] PLATFORM: stick-frequency [3b9aca00]
[    0.033201] PLATFORM: mac-address [144ffa06f2]
[    0.033243] PLATFORM: watchdog-resolution [1000 ms]
[    0.033292] PLATFORM: watchdog-max-timeout [31536000000 ms]
[    0.033343] PLATFORM: max-cpus [1024]
[    0.035516] Allocated 24576 bytes for kernel page tables.
[    0.035599] Zone ranges:
[    0.035635]   Normal   [mem 0x0000000030400000-0x000000042f947fff]
[    0.035698] Movable zone start for each node
[    0.035740] Early memory node ranges
[    0.035776]   node   0: [mem 0x0000000030400000-0x000000006febffff]
[    0.035836]   node   0: [mem 0x000000006ff40000-0x000000006ff65fff]
[    0.035894]   node   0: [mem 0x0000000070000000-0x000000042f8b1fff]
[    0.035951]   node   0: [mem 0x000000042f940000-0x000000042f947fff]
[    0.036011] Initmem setup node 0 [mem 0x0000000030400000-0x000000042f947fff]
[    0.036080] Initializing node 1 as memoryless
[    0.036158] Initmem setup node 1 as memoryless
[    0.036203] Initializing node 2 as memoryless
[    0.036284] Initmem setup node 2 as memoryless
[    0.036331] Initializing node 3 as memoryless
[    0.036410] Initmem setup node 3 as memoryless
[    0.036456] Initializing node 4 as memoryless
[    0.036537] Initmem setup node 4 as memoryless
[    0.036584] Initializing node 5 as memoryless
[    0.036663] Initmem setup node 5 as memoryless
[    0.036708] Initializing node 6 as memoryless
[    0.036788] Initmem setup node 6 as memoryless
[    0.036834] Initializing node 7 as memoryless
[    0.036913] Initmem setup node 7 as memoryless
[    0.036958] Initializing node 8 as memoryless
[    0.037037] Initmem setup node 8 as memoryless
[    0.037084] Initializing node 9 as memoryless
[    0.037164] Initmem setup node 9 as memoryless
[    0.037209] Initializing node 10 as memoryless
[    0.037289] Initmem setup node 10 as memoryless
[    0.037336] Initializing node 11 as memoryless
[    0.037415] Initmem setup node 11 as memoryless
[    0.037462] Initializing node 12 as memoryless
[    0.037541] Initmem setup node 12 as memoryless
[    0.037587] Initializing node 13 as memoryless
[    0.037669] Initmem setup node 13 as memoryless
[    0.037716] Initializing node 14 as memoryless
[    0.037795] Initmem setup node 14 as memoryless
[    0.037841] Initializing node 15 as memoryless
[    0.037921] Initmem setup node 15 as memoryless
[    0.037967] Initializing node 16 as memoryless
[    0.038049] Initmem setup node 16 as memoryless
[    0.038094] Initializing node 17 as memoryless
[    0.038174] Initmem setup node 17 as memoryless
[    0.038220] Initializing node 18 as memoryless
[    0.038300] Initmem setup node 18 as memoryless
[    0.038346] Initializing node 19 as memoryless
[    0.038427] Initmem setup node 19 as memoryless
[    0.038473] Initializing node 20 as memoryless
[    0.038553] Initmem setup node 20 as memoryless
[    0.038599] Initializing node 21 as memoryless
[    0.038679] Initmem setup node 21 as memoryless
[    0.038726] Initializing node 22 as memoryless
[    0.038806] Initmem setup node 22 as memoryless
[    0.038850] Initializing node 23 as memoryless
[    0.038930] Initmem setup node 23 as memoryless
[    0.038978] Initializing node 24 as memoryless
[    0.039059] Initmem setup node 24 as memoryless
[    0.039104] Initializing node 25 as memoryless
[    0.039186] Initmem setup node 25 as memoryless
[    0.039233] Initializing node 26 as memoryless
[    0.039314] Initmem setup node 26 as memoryless
[    0.039359] Initializing node 27 as memoryless
[    0.039441] Initmem setup node 27 as memoryless
[    0.039488] Initializing node 28 as memoryless
[    0.039567] Initmem setup node 28 as memoryless
[    0.039615] Initializing node 29 as memoryless
[    0.039695] Initmem setup node 29 as memoryless
[    0.039742] Initializing node 30 as memoryless
[    0.039823] Initmem setup node 30 as memoryless
[    0.039869] Initializing node 31 as memoryless
[    0.039948] Initmem setup node 31 as memoryless
[    0.052833] On node 0, zone Normal: 98816 pages in unavailable ranges
[    0.052862] On node 0, zone Normal: 64 pages in unavailable ranges
[    0.055001] On node 0, zone Normal: 77 pages in unavailable ranges
[    0.055069] On node 0, zone Normal: 71 pages in unavailable ranges
[    0.057002] On node 0, zone Normal: 33628 pages in unavailable ranges
[    0.057066] Booting Linux...
[    0.057169] CPU CAPS: [flush,stbar,swap,muldiv,v9,blkinit,n2,mul32]
[    0.057257] CPU CAPS: [div32,v8plus,popc,vis,vis2,ASIBlkInit,fmaf,vis3]
[    0.057345] CPU CAPS: [hpc,ima,pause,cbcond,aes,des,kasumi,camellia]
[    0.057433] CPU CAPS: [md5,sha1,sha256,sha512,mpmul,montmul,montsqr,crc32c]
[    0.100271] percpu: Embedded 19 pages/cpu s111456 r8192 d36000 u262144
[    0.100499] pcpu-alloc: s111456 r8192 d36000 u262144 alloc=1*4194304
[    0.100508] pcpu-alloc: [0] 000 001 002 003 004 005 006 007 008 009 010 011 012 013 014 015 
[    0.100565] pcpu-alloc: [0] 016 017 018 019 020 021 022 023 024 025 026 027 028 029 030 031 
[    0.100621] pcpu-alloc: [0] 032 033 034 035 036 037 038 039 040 041 042 043 044 045 046 047 
[    0.100677] pcpu-alloc: [0] 048 049 050 051 052 053 054 055 056 057 058 059 060 061 062 063 
[    0.100734] pcpu-alloc: [0] 064 065 066 067 068 069 070 071 072 073 074 075 076 077 078 079 
[    0.100790] pcpu-alloc: [0] 080 081 082 083 084 085 086 087 088 089 090 091 092 093 094 095 
[    0.100846] pcpu-alloc: [0] 096 097 098 099 100 101 102 103 104 105 106 107 108 109 110 111 
[    0.100901] pcpu-alloc: [0] 112 113 114 115 116 117 118 119 120 121 122 123 124 125 126 127 
[    0.100957] pcpu-alloc: [0] 128 129 130 131 132 133 134 135 136 137 138 139 140 141 142 143 
[    0.101012] pcpu-alloc: [0] 144 145 146 147 148 149 150 151 152 153 154 155 156 157 158 159 
[    0.101068] pcpu-alloc: [0] 160 161 162 163 164 165 166 167 168 169 170 171 172 173 174 175 
[    0.101123] pcpu-alloc: [0] 176 177 178 179 180 181 182 183 184 185 186 187 188 189 190 191 
[    0.101178] pcpu-alloc: [0] 192 193 194 195 196 197 198 199 200 201 202 203 204 205 206 207 
[    0.101234] pcpu-alloc: [0] 208 209 210 211 212 213 214 215 216 217 218 219 220 221 222 223 
[    0.101289] pcpu-alloc: [0] 224 225 226 227 228 229 230 231 232 233 234 235 236 237 238 239 
[    0.101344] pcpu-alloc: [0] 240 241 242 243 244 245 246 247 248 249 250 251 252 253 254 255 
[    0.101777] SUN4V: Mondo queue sizes [cpu(131072) dev(16384) r(8192) nr(256)]
[    0.101969] Kernel command line: BOOT_IMAGE=/vmlinux-6.4.0-rc5-00024-g5f63595ebd82 root=/dev/vdiska2 ro
[    0.102116] Unknown kernel command line parameters "BOOT_IMAGE=/vmlinux-6.4.0-rc5-00024-g5f63595ebd82", will be passed to user space.
[    0.102255] printk: log_buf_len individual max cpu contribution: 4096 bytes
[    0.102319] printk: log_buf_len total cpu_extra contributions: 1044480 bytes
[    0.102382] printk: log_buf_len min size: 131072 bytes
[    0.104204] printk: log_buf_len: 2097152 bytes
[    0.104252] printk: early log buf free: 123544(94%)
[    0.105887] Dentry cache hash table entries: 2097152 (order: 11, 16777216 bytes, linear)
[    0.106782] Inode-cache hash table entries: 1048576 (order: 10, 8388608 bytes, linear)
[    0.106857] Sorting __ex_table...
[    0.107114] Fallback order for Node 0: 0 
[    0.107120] Fallback order for Node 1: 1 0 
[    0.107124] Fallback order for Node 2: 2 0 
[    0.107128] Fallback order for Node 3: 3 0 
[    0.107132] Fallback order for Node 4: 4 0 
[    0.107136] Fallback order for Node 5: 5 0 
[    0.107139] Fallback order for Node 6: 6 0 
[    0.107143] Fallback order for Node 7: 7 0 
[    0.107147] Fallback order for Node 8: 8 0 
[    0.107151] Fallback order for Node 9: 9 0 
[    0.107154] Fallback order for Node 10: 10 0 
[    0.107158] Fallback order for Node 11: 11 0 
[    0.107162] Fallback order for Node 12: 12 0 
[    0.107166] Fallback order for Node 13: 13 0 
[    0.107170] Fallback order for Node 14: 14 0 
[    0.107174] Fallback order for Node 15: 15 0 
[    0.107177] Fallback order for Node 16: 16 0 
[    0.107181] Fallback order for Node 17: 17 0 
[    0.107185] Fallback order for Node 18: 18 0 
[    0.107189] Fallback order for Node 19: 19 0 
[    0.107193] Fallback order for Node 20: 20 0 
[    0.107197] Fallback order for Node 21: 21 0 
[    0.107201] Fallback order for Node 22: 22 0 
[    0.107205] Fallback order for Node 23: 23 0 
[    0.107208] Fallback order for Node 24: 24 0 
[    0.107212] Fallback order for Node 25: 25 0 
[    0.107216] Fallback order for Node 26: 26 0 
[    0.107220] Fallback order for Node 27: 27 0 
[    0.107224] Fallback order for Node 28: 28 0 
[    0.107228] Fallback order for Node 29: 29 0 
[    0.107231] Fallback order for Node 30: 30 0 
[    0.107235] Fallback order for Node 31: 31 0 
[    0.107304] Built 1 zonelists, mobility grouping on.  Total pages: 2077148
[    0.108602] Policy zone: Normal
[    0.108646] mem auto-init: stack:off, heap alloc:off, heap free:off
[    0.133448] Memory: 1258264K/16764544K available (9087K kernel code, 1717K rwdata, 3088K rodata, 664K init, 3114K bss, 292504K reserved, 0K cma-reserved)
[    0.136978] SLUB: HWalign=32, Order=0-3, MinObjects=0, CPUs=256, Nodes=32
[    0.137951] ftrace: allocating 27674 entries in 55 pages
[    0.148795] ftrace: allocated 55 pages with 5 groups
[    0.149054] trace event string verifier disabled
[    0.153378] rcu: Hierarchical RCU implementation.
[    0.153432] rcu: 	RCU debug extended QS entry/exit.
[    0.153480] 	Rude variant of Tasks RCU enabled.
[    0.153525] 	Tracing variant of Tasks RCU enabled.
[    0.153571] rcu: RCU calculated value of scheduler-enlistment delay is 26 jiffies.
[    0.161373] NR_IRQS: 2048, nr_irqs: 2048, preallocated irqs: 1
[    0.161452] SUN4V: Using IRQ API major 3, cookie only virqs enabled
[    0.165801] rcu: srcu_init: Setting srcu_struct sizes to big.
[    0.165936] clocksource: stick: mask: 0xffffffffffffffff max_cycles: 0x1cd42e4dffb, max_idle_ns: 881590591483 ns
[    0.166041] clocksource: mult[800000] shift[23]
[    0.166089] clockevent: mult[80000000] shift[31]
[    0.167690] Console: colour dummy device 80x25
[    0.167745] printk: console [tty0] enabled
[    0.167806] printk: bootconsole [earlyprom0] disabled
[    0.167976] Lock dependency validator: Copyright (c) 2006 Red Hat, Inc., Ingo Molnar
[    0.168003] ... MAX_LOCKDEP_SUBCLASSES:  8
[    0.168019] ... MAX_LOCK_DEPTH:          48
[    0.168036] ... MAX_LOCKDEP_KEYS:        8192
[    0.168053] ... CLASSHASH_SIZE:          4096
[    0.168070] ... MAX_LOCKDEP_ENTRIES:     16384
[    0.168087] ... MAX_LOCKDEP_CHAINS:      32768
[    0.168104] ... CHAINHASH_SIZE:          16384
[    0.168121]  memory used by lock dependency info: 2603 kB
[    0.168141]  per task-struct memory footprint: 1920 bytes
[    0.246267] Calibrating delay using timer specific routine.. 2003.76 BogoMIPS (lpj=4007521)
[    0.246303] pid_max: default: 262144 minimum: 2048
[    0.247195] LSM: initializing lsm=capability,integrity
[    0.247809] Mount-cache hash table entries: 32768 (order: 5, 262144 bytes, linear)
[    0.247869] Mountpoint-cache hash table entries: 32768 (order: 5, 262144 bytes, linear)
[    0.253274] cblist_init_generic: Setting adjustable number of callback queues.
[    0.253484] cblist_init_generic: Setting shift to 8 and lim to 1.
[    0.253759] cblist_init_generic: Setting shift to 8 and lim to 1.
[    0.253972] rcu: Hierarchical SRCU implementation.
[    0.253993] rcu: 	Max phase no-delay instances is 1000.
[    0.261848] smp: Bringing up secondary CPUs ...
[    0.273886] smp: Brought up 1 node, 16 CPUs
[    0.367306] node 0 deferred pages initialised in 92ms
[    0.369281] devtmpfs: initialized
[    0.371494] Performance events: 
[    0.371523] Testing NMI watchdog ... 
[    0.451603] OK.
[    0.451672] Supported PMU type is 'niagara5'
[    0.453056] ldc.c:v1.1 (July 22, 2008)
[    0.453209] clocksource: jiffies: mask: 0xffffffff max_cycles: 0xffffffff, max_idle_ns: 7645041785100000 ns
[    0.453258] futex hash table entries: 65536 (order: 10, 8388608 bytes, linear)
[    0.464763] NET: Registered PF_NETLINK/PF_ROUTE protocol family
[    0.467576] VIO: Adding device channel-devices (tx_ino = ffffffffffffffff, rx_ino = ffffffffffffffff)
[    0.467702] VIO: Adding device vnet-port-0-0 (tx_ino = 0, rx_ino = 1)
[    0.467773] VIO: Adding device vnet-port-0-1 (tx_ino = 2, rx_ino = 3)
[    0.467840] VIO: Adding device vnet-port-0-2 (tx_ino = 4, rx_ino = 5)
[    0.467905] VIO: Adding device vnet-port-0-3 (tx_ino = 6, rx_ino = 7)
[    0.467970] VIO: Adding device vnet-port-0-4 (tx_ino = 12, rx_ino = 13)
[    0.468036] VIO: Adding device vdc-port-2-0 (tx_ino = 8, rx_ino = 9)
[    0.468110] VIO: Adding device vdc-port-1-0 (tx_ino = a, rx_ino = b)
[    0.468184] VIO: Adding device vdc-port-0-0 (tx_ino = c, rx_ino = d)
[    0.468250] VIO: Adding device vlds-port-0-0 (tx_ino = e, rx_ino = f)
[    0.468317] VIO: Adding device domain-services-port-0 (tx_ino = e, rx_ino = f)
[    0.468792] audit: initializing netlink subsys (disabled)
[    0.469003] audit: type=2000 audit(0.300:1): state=initialized audit_enabled=0 res=1
[    0.481847] HugeTLB: registered 64.0 KiB page size, pre-allocated 0 pages
[    0.481883] HugeTLB: 0 KiB vmemmap can be freed for a 64.0 KiB page
[    0.481914] HugeTLB: registered 8.00 MiB page size, pre-allocated 0 pages
[    0.481945] HugeTLB: 0 KiB vmemmap can be freed for a 8.00 MiB page
[    0.481975] HugeTLB: registered 256 MiB page size, pre-allocated 0 pages
[    0.482006] HugeTLB: 0 KiB vmemmap can be freed for a 256 MiB page
[    0.482036] HugeTLB: registered 2.00 GiB page size, pre-allocated 0 pages
[    0.482067] HugeTLB: 0 KiB vmemmap can be freed for a 2.00 GiB page
[    0.554824] SUN4V: Reboot data supported (maj=1,min=0).
[    0.555623] ds.c:v1.0 (Jul 11, 2007)
[    0.555848] ds-0: ds_conn_reset() from send_events
[    0.557003] clocksource: Switched to clocksource stick
[    0.562279] VFS: Disk quotas dquot_6.6.0
[    0.564049] VFS: Dquot-cache hash table entries: 1024 (order 0, 8192 bytes)
[    0.577830] NET: Registered PF_INET protocol family
[    0.578441] IP idents hash table entries: 262144 (order: 8, 2097152 bytes, linear)
[    0.591443] tcp_listen_portaddr_hash hash table entries: 8192 (order: 6, 589824 bytes, linear)
[    0.592309] Table-perturb hash table entries: 65536 (order: 5, 262144 bytes, linear)
[    0.592740] TCP established hash table entries: 131072 (order: 7, 1048576 bytes, linear)
[    0.594037] TCP bind hash table entries: 65536 (order: 10, 9437184 bytes, linear)
[    0.607756] TCP: Hash tables configured (established 131072 bind 65536)
[    0.610189] UDP hash table entries: 8192 (order: 7, 1310720 bytes, linear)
[    0.612341] UDP-Lite hash table entries: 8192 (order: 7, 1310720 bytes, linear)
[    0.617135] NET: Registered PF_UNIX/PF_LOCAL protocol family
[    0.617247] NET: Registered PF_XDP protocol family
[    0.617957] Trying to unpack rootfs image as initramfs...
[    0.687772] Initialise system trusted keyrings
[    0.688137] workingset: timestamp_bits=41 max_order=21 bucket_order=0
[    0.688261] zbud: loaded
[    0.696731] SGI XFS with ACLs, security attributes, realtime, quota, no debug enabled
[    0.707182] Key type asymmetric registered
[    0.707228] Asymmetric key parser 'x509' registered
[    1.145928] Freeing initrd memory: 29496K
[    1.160311] Block layer SCSI generic (bsg) driver version 0.4 loaded (major 252)
[    1.161267] io scheduler mq-deadline registered
[    1.164692] f029b788: ttyHV0 at I/O 0x0 (irq = 1, base_baud = 115200) is a SUN4V HCONS
[    1.164756] printk: console [ttyHV0] enabled
[    1.166220] n2rng v0.3 (Jan 7, 2017)
[    1.166256] n2rng f029b104: Registered RNG HVAPI major 2 minor 0
[    1.166287] n2rng f029b104: Found multi-unit-capable RNG, units: 2
[    1.167088] n2rng f029b104: RNG ready
[    1.168509] sunvdc.c:v1.2 (November 24, 2014)
[    1.175712] sunvdc: Virtual Hard disk vdiskc
[    1.175738] sunvdc: vdiskc: 104857600 sectors (51200 MB) protocol 1.2
[    1.196548] sunvdc: Virtual Hard disk vdiskb
[    1.196576] sunvdc: vdiskb: 62914560 sectors (30720 MB) protocol 1.2
[    1.210116]  vdiskb: vdiskb1
[    1.217502] sunvdc: Virtual Hard disk vdiska
[    1.217528] sunvdc: vdiska: 31457280 sectors (15360 MB) protocol 1.2
[    1.231065]  vdiska: vdiska1 vdiska2 vdiska3 vdiska4
[    1.233226] rtc-sun4v rtc-sun4v: registered as rtc0
[    1.233279] rtc-sun4v rtc-sun4v: setting system clock to 2023-06-08T10:55:41 UTC (1686221741)
[    1.233611] softdog: initialized. soft_noboot=0 soft_margin=60 sec soft_panic=0 (nowayout=0)
[    1.233648] softdog:              soft_reboot_cmd=<not set> soft_active_on_boot=0
[    1.236008] NET: Registered PF_INET6 protocol family
[    1.258144] Segment Routing with IPv6
[    1.258201] In-situ OAM (IOAM) with IPv6
[    1.258277] NET: Registered PF_PACKET protocol family
[    1.263449] registered taskstats version 1
[    1.267760] Loading compiled-in X.509 certificates
[    1.280536] zswap: loaded using pool lzo/zbud
[    1.571292] This architecture does not have kernel memory protection.
[    1.571343] Run /init as init process
[    1.571364]   with arguments:
[    1.571370]     /init
[    1.571376]   with environment:
[    1.571381]     HOME=/
[    1.571386]     TERM=linux
[    1.571391]     BOOT_IMAGE=/vmlinux-6.4.0-rc5-00024-g5f63595ebd82
[    2.083132] sunvnet: sunvnet 2.0 (February 3, 2017)
[    2.086767] vnet_port vnet-port-0-0 eth0: Sun LDOM vnet 00:14:4f:f8:12:a3
[    2.086983] sunvnet: eth0: PORT ( remote-mac 00:14:4f:fa:f3:f0 switch-port )
[    2.087929] sunvnet: eth0: PORT ( remote-mac 00:14:4f:f8:e5:f3 )
[    2.088992] sunvnet: eth0: PORT ( remote-mac 00:14:4f:f9:b4:97 )
[    2.090302] sunvnet: eth0: PORT ( remote-mac 00:14:4f:f8:3f:1e )
[    2.091462] sunvnet: eth0: PORT ( remote-mac 00:14:4f:f9:8b:83 )
[    2.102893] crc32c_sparc64: Using sparc64 crc32c opcode optimized CRC32C implementation
[    3.409009] random: crng init done
[    3.499175] device-mapper: uevent: version 1.0.3
[    3.500576] device-mapper: ioctl: 4.48.0-ioctl (2023-03-01) initialised: dm-devel@redhat.com
[    3.818681] xor: automatically using best checksumming function   Niagara   
[    3.884957] raid6: int64x8  gen()  2192 MB/s
[    3.952944] raid6: int64x4  gen()  3322 MB/s
[    4.020953] raid6: int64x2  gen()  2897 MB/s
[    4.088973] raid6: int64x1  gen()  1434 MB/s
[    4.089010] raid6: using algorithm int64x4 gen() 3322 MB/s
[    4.156958] raid6: .... xor() 1414 MB/s, rmw enabled
[    4.156987] raid6: using intx1 recovery algorithm
[    4.407679] EXT4-fs (vdiska2): mounted filesystem f2eda779-5310-4af2-b48a-b43db51c0961 ro with ordered data mode. Quota mode: none.
[    6.310016] systemd[1]: Inserted module 'autofs4'
[    6.495784] systemd[1]: systemd 252.6-1 running in system mode (+PAM +AUDIT +SELINUX +APPARMOR +IMA +SMACK -SECCOMP +GCRYPT -GNUTLS +OPENSSL +ACL +BLKID +CURL +ELFUTILS +FIDO2 +IDN2 -IDN +IPTC +KMOD +LIBCRYPTSETUP +LIBFDISK +PCRE2 -PWQUALITY +P11KIT +QRENCODE +TPM2 +BZIP2 +LZ4 +XZ +ZLIB +ZSTD -BPF_FRAMEWORK -XKBCOMMON +UTMP +SYSVINIT default-hierarchy=unified)
[    6.495920] systemd[1]: Detected architecture sparc64.
[    6.546716] systemd[1]: Hostname set to <ttip>.
[    9.060272] systemd[1]: Queued start job for default target multi-user.target.
[    9.112067] systemd[1]: Created slice system-getty.slice - Slice /system/getty.
[    9.123015] systemd[1]: Created slice system-modprobe.slice - Slice /system/modprobe.
[    9.133510] systemd[1]: Created slice system-openvpn\x2dclient.slice - Slice /system/openvpn-client.
[    9.144372] systemd[1]: Created slice system-postfix.slice - Slice /system/postfix.
[    9.155102] systemd[1]: Created slice system-systemd\x2dfsck.slice - Slice /system/systemd-fsck.
[    9.165779] systemd[1]: Created slice user.slice - User and Session Slice.
[    9.166346] systemd[1]: Started systemd-ask-password-console.path - Dispatch Password Requests to Console Directory Watch.
[    9.166820] systemd[1]: Started systemd-ask-password-wall.path - Forward Password Requests to Wall Directory Watch.
[    9.168498] systemd[1]: Set up automount proc-sys-fs-binfmt_misc.automount - Arbitrary Executable File Formats File System Automount Point.
[    9.168854] systemd[1]: Reached target cryptsetup.target - Local Encrypted Volumes.
[    9.169115] systemd[1]: Reached target integritysetup.target - Local Integrity Protected Volumes.
[    9.169425] systemd[1]: Reached target paths.target - Path Units.
[    9.169683] systemd[1]: Reached target slices.target - Slice Units.
[    9.169956] systemd[1]: Reached target time-set.target - System Time Set.
[    9.170273] systemd[1]: Reached target veritysetup.target - Local Verity Protected Volumes.
[    9.170781] systemd[1]: Listening on dm-event.socket - Device-mapper event daemon FIFOs.
[    9.171495] systemd[1]: Listening on lvm2-lvmpolld.socket - LVM2 poll daemon socket.
[    9.229902] systemd[1]: Listening on rpcbind.socket - RPCbind Server Activation Socket.
[    9.230844] systemd[1]: Listening on syslog.socket - Syslog Socket.
[    9.231507] systemd[1]: Listening on systemd-fsckd.socket - fsck to fsckd communication Socket.
[    9.231950] systemd[1]: Listening on systemd-initctl.socket - initctl Compatibility Named Pipe.
[    9.232822] systemd[1]: Listening on systemd-journald-audit.socket - Journal Audit Socket.
[    9.233501] systemd[1]: Listening on systemd-journald-dev-log.socket - Journal Socket (/dev/log).
[    9.234329] systemd[1]: Listening on systemd-journald.socket - Journal Socket.
[    9.236016] systemd[1]: Listening on systemd-udevd-control.socket - udev Control Socket.
[    9.236615] systemd[1]: Listening on systemd-udevd-kernel.socket - udev Kernel Socket.
[    9.251412] systemd[1]: Mounting dev-hugepages.mount - Huge Pages File System...
[    9.264857] systemd[1]: Mounting dev-mqueue.mount - POSIX Message Queue File System...
[    9.279041] systemd[1]: Mounting sys-kernel-debug.mount - Kernel Debug File System...
[    9.292380] systemd[1]: Mounting sys-kernel-tracing.mount - Kernel Trace File System...
[    9.292913] systemd[1]: auth-rpcgss-module.service - Kernel Module supporting RPCSEC_GSS was skipped because of an unmet condition check (ConditionPathExists=/etc/krb5.keytab).
[    9.293442] systemd[1]: Finished blk-availability.service - Availability of block devices.
[    9.308865] systemd[1]: Starting ifupdown-wait-online.service - Wait for network to be configured by ifupdown...
[    9.323478] systemd[1]: Starting kmod-static-nodes.service - Create List of Static Device Nodes...
[    9.337070] systemd[1]: Starting lvm2-monitor.service - Monitoring of LVM2 mirrors, snapshots etc. using dmeventd or progress polling...
[    9.352515] systemd[1]: Starting modprobe@configfs.service - Load Kernel Module configfs...
[    9.367440] systemd[1]: Starting modprobe@dm_mod.service - Load Kernel Module dm_mod...
[    9.382508] systemd[1]: Starting modprobe@drm.service - Load Kernel Module drm...
[    9.397043] systemd[1]: Starting modprobe@efi_pstore.service - Load Kernel Module efi_pstore...
[    9.413084] systemd[1]: Starting modprobe@fuse.service - Load Kernel Module fuse...
[    9.428167] systemd[1]: Starting modprobe@loop.service - Load Kernel Module loop...
[    9.442624] systemd[1]: Starting nftables.service - nftables...
[    9.443598] systemd[1]: systemd-fsck-root.service - File System Check on Root Device was skipped because of an unmet condition check (ConditionPathExists=!/run/initramfs/fsck-root).
[    9.461926] systemd[1]: Starting systemd-journald.service - Journal Service...
[    9.510557] systemd[1]: Starting systemd-modules-load.service - Load Kernel Modules...
[    9.528018] systemd[1]: Starting systemd-remount-fs.service - Remount Root and Kernel File Systems...
[    9.543357] systemd[1]: Starting systemd-udev-trigger.service - Coldplug All udev Devices...
[    9.552064] systemd[1]: Mounted dev-hugepages.mount - Huge Pages File System.
[    9.552781] systemd[1]: Mounted dev-mqueue.mount - POSIX Message Queue File System.
[    9.553436] systemd[1]: Mounted sys-kernel-debug.mount - Kernel Debug File System.
[    9.554080] systemd[1]: Mounted sys-kernel-tracing.mount - Kernel Trace File System.
[    9.555744] systemd[1]: Finished ifupdown-wait-online.service - Wait for network to be configured by ifupdown.
[    9.557478] systemd[1]: Finished kmod-static-nodes.service - Create List of Static Device Nodes.
[    9.559105] systemd[1]: modprobe@configfs.service: Deactivated successfully.
[    9.560166] systemd[1]: Finished modprobe@configfs.service - Load Kernel Module configfs.
[    9.561763] systemd[1]: modprobe@dm_mod.service: Deactivated successfully.
[    9.562850] systemd[1]: Finished modprobe@dm_mod.service - Load Kernel Module dm_mod.
[    9.564427] systemd[1]: modprobe@drm.service: Deactivated successfully.
[    9.565509] systemd[1]: Finished modprobe@drm.service - Load Kernel Module drm.
[    9.567063] systemd[1]: modprobe@efi_pstore.service: Deactivated successfully.
[    9.568358] systemd[1]: Finished modprobe@efi_pstore.service - Load Kernel Module efi_pstore.
[    9.584341] systemd[1]: Mounting sys-kernel-config.mount - Kernel Configuration File System...
[    9.594234] systemd[1]: Mounted sys-kernel-config.mount - Kernel Configuration File System.
[    9.633043] systemd[1]: Finished systemd-modules-load.service - Load Kernel Modules.
[    9.649869] fuse: init (API version 7.38)
[    9.659756] systemd[1]: Starting systemd-sysctl.service - Apply Kernel Variables...
[    9.666752] systemd[1]: modprobe@fuse.service: Deactivated successfully.
[    9.668253] systemd[1]: Finished modprobe@fuse.service - Load Kernel Module fuse.
[    9.676158] EXT4-fs (vdiska2): re-mounted f2eda779-5310-4af2-b48a-b43db51c0961 r/w. Quota mode: none.
[    9.685242] systemd[1]: Mounting sys-fs-fuse-connections.mount - FUSE Control File System...
[    9.694150] systemd[1]: Started systemd-journald.service - Journal Service.
[    9.743147] loop: module loaded
[    9.867761] systemd-journald[348]: Received client request to flush runtime journal.
[   11.782476] sha1_sparc64: Using sparc64 sha1 opcode optimized SHA-1 implementation
[   11.818252] sha256_sparc64: Using sparc64 sha256 opcode optimized SHA-256/SHA-224 implementation
[   11.833925] sha512_sparc64: Using sparc64 sha512 opcode optimized SHA-512/SHA-384 implementation
[   11.857473] md5_sparc64: Using sparc64 md5 opcode optimized MD5 implementation
[   11.892923] aes_sparc64: Using sparc64 aes opcodes optimized AES implementation
[   11.927047] des_sparc64: Using sparc64 des opcodes optimized DES implementation
[   11.965587] camellia_sparc64: Using sparc64 camellia opcodes optimized CAMELLIA implementation
[   12.129160] Adding 787176k swap on /dev/vdiska4.  Priority:-2 extents:1 across:787176k FS
[   12.323023] XFS (dm-0): Mounting V5 Filesystem 4551fcf7-c324-4cd8-8a63-fcb395ec274a
[   12.610038] XFS (dm-0): Ending clean mount
[   12.612329] xfs filesystem being mounted at /1 supports timestamps until 2038-01-19 (0x7fffffff)
[   12.817454] EXT4-fs (vdiska1): mounting ext3 file system using the ext4 subsystem
[   13.088889] EXT4-fs (vdiska1): mounted filesystem 8af21156-b4a7-4812-a31d-3b72db29809c r/w with ordered data mode. Quota mode: none.
[   13.089173] ext3 filesystem being mounted at /boot supports timestamps until 2038-01-19 (0x7fffffff)
[   14.546491] RPC: Registered named UNIX socket transport module.
[   14.546537] RPC: Registered udp transport module.
[   14.546562] RPC: Registered tcp transport module.
[   14.546585] RPC: Registered tcp NFSv4.1 backchannel transport module.
