[    0.000018] PROMLIB: Sun IEEE Boot Prom 'OBP 4.38.12 2018/03/28 14:54'
[    0.000031] PROMLIB: Root node compatible: sun4v
[    0.000076] Linux version 5.2.0-03315-g8f6ccf6159ae (mator@ttip) (gcc version 8.3.0 (Debian 8.3.0-7)) #1066 SMP Sat Jul 13 22:04:34 MSK 2019
[    0.000392] printk: bootconsole [earlyprom0] enabled
[    0.000445] ARCH: SUN4V
[    0.000495] Ethernet address: 00:14:4f:fa:06:f2
[    0.000549] MM: PAGE_OFFSET is 0xfff8000000000000 (max_phys_bits == 47)
[    0.000613] MM: VMALLOC [0x0000000100000000 --> 0x0006000000000000]
[    0.000677] MM: VMEMMAP [0x0006000000000000 --> 0x000c000000000000]
[    0.012491] Kernel: Using 5 locked TLB entries for main kernel image.
[    0.012576] Remapping the kernel... 
[    0.012602] done.
[    0.047814] OF stdout device is: /virtual-devices@100/console@1
[    0.047892] PROM: Built device tree with 86230 bytes of memory.
[    0.047958] MDESC: Size is 36560 bytes.
[    0.048085] PLATFORM: banner-name [SPARC T5-2]
[    0.048136] PLATFORM: name [ORCL,SPARC-T5-2]
[    0.048180] PLATFORM: hostid [84fa06f2]
[    0.048225] PLATFORM: serial# [0035260e]
[    0.048267] PLATFORM: stick-frequency [3b9aca00]
[    0.048315] PLATFORM: mac-address [144ffa06f2]
[    0.048362] PLATFORM: watchdog-resolution [1000 ms]
[    0.048413] PLATFORM: watchdog-max-timeout [31536000000 ms]
[    0.048470] PLATFORM: max-cpus [1024]
[    0.048577] Top of RAM: 0x24af938000, Total RAM: 0x87f354000
[    0.048643] Memory hole size: 115461MB
[    0.053422] Allocated 40960 bytes for kernel page tables.
[    0.053538] Zone ranges:
[    0.053583]   Normal   [mem 0x0000000030400000-0x00000024af937fff]
[    0.053648] Movable zone start for each node
[    0.054696] Early memory node ranges
[    0.054737]   node   0: [mem 0x0000000030400000-0x000000006fe7ffff]
[    0.054799]   node   0: [mem 0x000000006ff00000-0x000000006ff25fff]
[    0.054858]   node   0: [mem 0x0000000070000000-0x000000042fffffff]
[    0.054921]   node   0: [mem 0x0000002030000000-0x00000024af87ffff]
[    0.054980]   node   0: [mem 0x00000024af900000-0x00000024af925fff]
[    0.055041]   node   0: [mem 0x00000024af930000-0x00000024af937fff]
[    0.062473] Zeroed struct page in unavailable ranges: 230130 pages
[    0.062481] Initmem setup node 0 [mem 0x0000000030400000-0x00000024af937fff]
[    0.062640] On node 0 totalpages: 4454826
[    0.062650]   Normal zone: 39154 pages used for memmap
[    0.062655]   Normal zone: 0 pages reserved
[    0.062661]   Normal zone: 4454826 pages, LIFO batch:31
[    0.260997] Booting Linux...
[    0.261080] CPU CAPS: [flush,stbar,swap,muldiv,v9,blkinit,n2,mul32]
[    0.261163] CPU CAPS: [div32,v8plus,popc,vis,vis2,ASIBlkInit,fmaf,vis3]
[    0.262245] CPU CAPS: [hpc,ima,pause,cbcond,aes,des,kasumi,camellia]
[    0.262320] CPU CAPS: [md5,sha1,sha256,sha512,mpmul,montmul,montsqr,crc32c]
[    0.322864] percpu: Embedded 27 pages/cpu s180616 r8192 d32376 u262144
[    0.323126] pcpu-alloc: s180616 r8192 d32376 u262144 alloc=1*4194304
[    0.323133] pcpu-alloc: [0] 000 001 002 003 004 005 006 007 008 009 010 011 012 013 014 015 
[    0.323160] pcpu-alloc: [0] 016 017 018 019 020 021 022 023 024 025 026 027 028 029 030 031 
[    0.323187] pcpu-alloc: [0] 032 033 034 035 036 037 038 039 040 041 042 043 044 045 046 047 
[    0.323213] pcpu-alloc: [0] 048 049 050 051 052 053 054 055 056 057 058 059 060 061 062 063 
[    0.323239] pcpu-alloc: [0] 064 065 066 067 068 069 070 071 072 073 074 075 076 077 078 079 
[    0.323265] pcpu-alloc: [0] 080 081 082 083 084 085 086 087 088 089 090 091 092 093 094 095 
[    0.323291] pcpu-alloc: [0] 096 097 098 099 100 101 102 103 104 105 106 107 108 109 110 111 
[    0.323318] pcpu-alloc: [0] 112 113 114 115 116 117 118 119 120 121 122 123 124 125 126 127 
[    0.323344] pcpu-alloc: [0] 128 129 130 131 132 133 134 135 136 137 138 139 140 141 142 143 
[    0.323370] pcpu-alloc: [0] 144 145 146 147 148 149 150 151 152 153 154 155 156 157 158 159 
[    0.323396] pcpu-alloc: [0] 160 161 162 163 164 165 166 167 168 169 170 171 172 173 174 175 
[    0.323423] pcpu-alloc: [0] 176 177 178 179 180 181 182 183 184 185 186 187 188 189 190 191 
[    0.323449] pcpu-alloc: [0] 192 193 194 195 196 197 198 199 200 201 202 203 204 205 206 207 
[    0.323475] pcpu-alloc: [0] 208 209 210 211 212 213 214 215 216 217 218 219 220 221 222 223 
[    0.323502] pcpu-alloc: [0] 224 225 226 227 228 229 230 231 232 233 234 235 236 237 238 239 
[    0.323528] pcpu-alloc: [0] 240 241 242 243 244 245 246 247 248 249 250 251 252 253 254 255 
[    0.324043] SUN4V: Mondo queue sizes [cpu(131072) dev(16384) r(8192) nr(256)]
[    0.324420] Built 1 zonelists, mobility grouping on.  Total pages: 4415672
[    0.324511] Kernel command line: BOOT_IMAGE=/vmlinuz-5.2.0-03315-g8f6ccf6159ae root=/dev/vdiska2 ro zswap.enabled=1
[    0.326747] printk: log_buf_len individual max cpu contribution: 4096 bytes
[    0.326825] printk: log_buf_len total cpu_extra contributions: 1044480 bytes
[    0.326893] printk: log_buf_len min size: 131072 bytes
[    0.327273] printk: log_buf_len: 2097152 bytes
[    0.327325] printk: early log buf free: 125896(96%)
[    0.333705] Dentry cache hash table entries: 8388608 (order: 13, 67108864 bytes)
[    0.337005] Inode-cache hash table entries: 4194304 (order: 12, 33554432 bytes)
[    0.337093] Sorting __ex_table...
[    0.415597] Memory: 35102424K/35638608K available (6785K kernel code, 967K rwdata, 2032K rodata, 992K init, 6716K bss, 536184K reserved, 0K cma-reserved)
[    0.416696] kmemleak: Kernel memory leak detector disabled
[    0.417352] ftrace: allocating 19713 entries in 39 pages
[    0.431454] Running RCU self tests
[    0.431524] rcu: Hierarchical RCU implementation.
[    0.431575] rcu: 	RCU event tracing is enabled.
[    0.431626] rcu: 	RCU lockdep checking is enabled.
[    0.431675] 	Tasks RCU enabled.
[    0.432718] rcu: RCU calculated value of scheduler-enlistment delay is 11 jiffies.
[    0.439397] NR_IRQS: 2048, nr_irqs: 2048, preallocated irqs: 1
[    0.439519] SUN4V: Using IRQ API major 3, cookie only virqs enabled
[    0.443948] clocksource: stick: mask: 0xffffffffffffffff max_cycles: 0x1cd42e4dffb, max_idle_ns: 881590591483 ns
[    0.444083] clocksource: mult[800000] shift[23]
[    0.444130] clockevent: mult[80000000] shift[31]
[    0.448356] Console: colour dummy device 80x25
[    0.448437] printk: console [tty0] enabled
[    0.448518] printk: bootconsole [earlyprom0] disabled
[    0.448605] Lock dependency validator: Copyright (c) 2006 Red Hat, Inc., Ingo Molnar
[    0.448654] ... MAX_LOCKDEP_SUBCLASSES:  8
[    0.448684] ... MAX_LOCK_DEPTH:          48
[    0.448715] ... MAX_LOCKDEP_KEYS:        8192
[    0.448746] ... CLASSHASH_SIZE:          4096
[    0.448777] ... MAX_LOCKDEP_ENTRIES:     16384
[    0.448808] ... MAX_LOCKDEP_CHAINS:      32768
[    0.448840] ... CHAINHASH_SIZE:          16384
[    0.448871]  memory used by lock dependency info: 3855 kB
[    0.448907]  per task-struct memory footprint: 1920 bytes
[    0.449117] kmemleak: Early log buffer exceeded (5003), please increase DEBUG_KMEMLEAK_EARLY_LOG_SIZE
[    0.594828] Calibrating delay using timer specific routine.. 2017.65 BogoMIPS (lpj=10088254)
[    0.594897] pid_max: default: 262144 minimum: 2048
[    0.596611] Mount-cache hash table entries: 131072 (order: 7, 1048576 bytes)
[    0.596777] Mountpoint-cache hash table entries: 131072 (order: 7, 1048576 bytes)
[    0.598305] *** VALIDATE proc ***
[    0.599084] *** VALIDATE cgroup1 ***
[    0.599117] *** VALIDATE cgroup2 ***
[    0.602002] rcu: Hierarchical SRCU implementation.
[    0.625305] smp: Bringing up secondary CPUs ...
[    0.712643] smp: Brought up 1 node, 32 CPUs
[    0.720231] devtmpfs: initialized
[    0.726671] Performance events: 
[    0.726726] Testing NMI watchdog ... 
[    0.926844] OK.
[    0.927016] Supported PMU type is 'niagara5'
[    0.927348] random: get_random_u32 called from bucket_table_alloc.isra.4+0x184/0x1c0 with crng_init=0
[    0.928224] ldc.c:v1.1 (July 22, 2008)
[    0.931224] clocksource: jiffies: mask: 0xffffffff max_cycles: 0xffffffff, max_idle_ns: 19112604462750000 ns
[    0.931329] futex hash table entries: 65536 (order: 10, 8388608 bytes)
[    0.940843] NET: Registered protocol family 16
[    0.950583] VIO: Adding device channel-devices (tx_ino = ffffffffffffffff, rx_ino = ffffffffffffffff)
[    0.950843] VIO: Adding device vnet-port-0-0 (tx_ino = 0, rx_ino = 1)
[    0.951059] VIO: Adding device vnet-port-0-1 (tx_ino = 2, rx_ino = 3)
[    0.951247] VIO: Adding device vnet-port-0-2 (tx_ino = 4, rx_ino = 5)
[    0.951444] VIO: Adding device vnet-port-0-3 (tx_ino = 6, rx_ino = 7)
[    0.951631] VIO: Adding device vnet-port-0-4 (tx_ino = 8, rx_ino = 9)
[    0.951816] VIO: Adding device vnet-port-0-5 (tx_ino = 16, rx_ino = 17)
[    0.952012] VIO: Adding device vdc-port-3-0 (tx_ino = a, rx_ino = b)
[    0.952209] VIO: Adding device vdc-port-2-0 (tx_ino = c, rx_ino = d)
[    0.952403] VIO: Adding device vdc-port-1-0 (tx_ino = e, rx_ino = f)
[    0.952594] VIO: Adding device vdc-port-0-0 (tx_ino = 10, rx_ino = 11)
[    0.952798] VIO: Adding device vlds-port-0-0 (tx_ino = 12, rx_ino = 13)
[    0.953020] VIO: Adding device domain-services-port-0 (tx_ino = 12, rx_ino = 13)
[    0.953440] audit: initializing netlink subsys (disabled)
[    0.953843] audit: type=2000 audit(0.500:1): state=initialized audit_enabled=0 res=1
[    0.998382] HugeTLB registered 64.0 KiB page size, pre-allocated 0 pages
[    0.998439] HugeTLB registered 8.00 MiB page size, pre-allocated 0 pages
[    0.998484] HugeTLB registered 256 MiB page size, pre-allocated 0 pages
[    0.998529] HugeTLB registered 2.00 GiB page size, pre-allocated 0 pages
[    1.045520] alg: No test for lzo-rle (lzo-rle-generic)
[    1.046149] alg: No test for lzo-rle (lzo-rle-scomp)
[    1.064251] SUN4V: Reboot data supported (maj=1,min=0).
[    1.064692] ds.c:v1.0 (Jul 11, 2007)
[    1.065118] ds-0: ds_conn_reset() from send_events.isra.3
[    1.066571] clocksource: Switched to clocksource stick
[    1.351040] VFS: Disk quotas dquot_6.6.0
[    1.351545] VFS: Dquot-cache hash table entries: 1024 (order 0, 8192 bytes)
[    1.352177] *** VALIDATE hugetlbfs ***
[    1.370977] NET: Registered protocol family 2
[    1.373395] tcp_listen_portaddr_hash hash table entries: 32768 (order: 8, 2359296 bytes)
[    1.376818] TCP established hash table entries: 524288 (order: 9, 4194304 bytes)
[    1.378861] TCP bind hash table entries: 65536 (order: 9, 4194304 bytes)
[    1.385031] TCP: Hash tables configured (established 524288 bind 65536)
[    1.391849] UDP hash table entries: 32768 (order: 9, 5242880 bytes)
[    1.399237] UDP-Lite hash table entries: 32768 (order: 9, 5242880 bytes)
[    1.413406] NET: Registered protocol family 1
[    1.414502] Trying to unpack rootfs image as initramfs...
[    1.734728] Freeing initrd memory: 10288K
[    1.769691] workingset: timestamp_bits=46 max_order=23 bucket_order=0
[    1.775280] SGI XFS with ACLs, security attributes, debug enabled
[    1.805120] Block layer SCSI generic (bsg) driver version 0.4 loaded (major 252)
[    1.806970] io scheduler mq-deadline registered
[    1.808942] f029b788: ttyS0 at I/O 0x0 (irq = 1, base_baud = 115200) is a SUN4V HCONS
[    1.815185] printk: console [ttyHV0] enabled
[    1.820351] sunvdc.c:v1.2 (November 24, 2014)
[    1.827600] sunvdc: Virtual CDROM vdiskd
[    1.827669] sunvdc: vdiskd: 403160 sectors (196 MB) protocol 1.2
[    1.829209]  vdiskd: vdiskd1 vdiskd2 vdiskd3 vdiskd4 vdiskd5 vdiskd6 vdiskd7
[    1.886260] sunvdc: Virtual Hard disk vdiskc
[    1.886315] sunvdc: vdiskc: 104857600 sectors (51200 MB) protocol 1.2
[    1.939823] sunvdc: Virtual Hard disk vdiskb
[    1.939878] sunvdc: vdiskb: 62914560 sectors (30720 MB) protocol 1.2
[    1.941887]  vdiskb: vdiskb1
[    1.995124] sunvdc: Virtual Hard disk vdiska
[    1.995177] sunvdc: vdiska: 31457280 sectors (15360 MB) protocol 1.2
[    1.996160]  vdiska: vdiska1 vdiska2 vdiska3 vdiska4
[    2.043394] sunvnet: sunvnet 2.0 (February 3, 2017)
[    2.047071] vnet_port vnet-port-0-0 eth0: Sun LDOM vnet 00:14:4f:f8:12:a3
[    2.047705] sunvnet: eth0: PORT ( remote-mac 00:14:4f:fa:f3:f0 switch-port )
[    2.049142] sunvnet: eth0: PORT ( remote-mac 00:14:4f:f8:e5:f3 )
[    2.050451] sunvnet: eth0: PORT ( remote-mac 00:14:4f:f9:b4:97 )
[    2.051824] sunvnet: eth0: PORT ( remote-mac 00:14:4f:f9:8b:83 )
[    2.053151] sunvnet: eth0: PORT ( remote-mac 00:14:4f:f8:3f:1e )
[    2.054529] sunvnet: eth0: PORT ( remote-mac 00:14:4f:f8:fe:47 )
[    2.056224] rtc-sun4v rtc-sun4v: registered as rtc0
[    2.056766] device-mapper: uevent: version 1.0.3
[    2.058006] device-mapper: ioctl: 4.40.0-ioctl (2019-01-18) initialised: dm-devel@redhat.com
[    2.059745] NET: Registered protocol family 17
[    2.070643] zswap: default zpool zbud not available
[    2.070727] zswap: pool creation failed
[    2.121494] Key type big_key registered
[    2.122442] rtc-sun4v rtc-sun4v: setting system clock to 2019-07-13T19:06:11 UTC (1563044771)
[    2.126832] This architecture does not have kernel memory protection.
[    2.126891] Run /init as init process
[    3.051782] crc32c_sparc64: Using sparc64 crc32c opcode optimized CRC32C implementation
[    3.726561] raid6: int64x8  gen()  2051 MB/s
[    3.896545] raid6: int64x8  xor()  1523 MB/s
[    4.066550] raid6: int64x4  gen()  3364 MB/s
[    4.236558] raid6: int64x4  xor()  1959 MB/s
[    4.406576] raid6: int64x2  gen()  2810 MB/s
[    4.576546] raid6: int64x2  xor()  1967 MB/s
[    4.746548] raid6: int64x1  gen()  2733 MB/s
[    4.916562] raid6: int64x1  xor()  1605 MB/s
[    4.916612] raid6: using algorithm int64x4 gen() 3364 MB/s
[    4.916652] raid6: .... xor() 1959 MB/s, rmw enabled
[    4.916689] raid6: using intx1 recovery algorithm
[    4.917677] async_tx: api initialized (async)
[    4.918411] xor: automatically using best checksumming function   Niagara   
[    5.053391] random: fast init done
[    5.135911] EXT4-fs (vdiska2): mounted filesystem with ordered data mode. Opts: (null)
[    5.384629] systemd[1]: Inserted module 'autofs4'
[    5.394362] NET: Registered protocol family 10
[    5.407163] Segment Routing with IPv6
[    5.437195] systemd[1]: systemd 241 running in system mode. (+PAM +AUDIT +SELINUX +IMA +APPARMOR +SMACK +SYSVINIT +UTMP +LIBCRYPTSETUP +GCRYPT +GNUTLS +ACL +XZ +LZ4 -SECCOMP +BLKID +ELFUTILS +KMOD -IDN2 +IDN +PCRE2 default-hierarchy=hybrid)
[    5.437794] systemd[1]: Detected architecture sparc64.
[    5.456683] systemd[1]: Set hostname to <ttip>.
[    5.462592] systemd[1]: Failed to bump fs.file-max, ignoring: Invalid argument
[    5.580181] random: lvmconfig: uninitialized urandom read (4 bytes read)
[    5.893828] systemd[1]: /lib/systemd/system/smbd.service:9: PIDFile= references path below legacy directory /var/run/, updating /var/run/samba/smbd.pid → /run/samba/smbd.pid; please update the unit file accordingly.
[    5.894573] systemd[1]: /lib/systemd/system/nmbd.service:9: PIDFile= references path below legacy directory /var/run/, updating /var/run/samba/nmbd.pid → /run/samba/nmbd.pid; please update the unit file accordingly.
[    5.934233] random: systemd: uninitialized urandom read (16 bytes read)
[    5.941666] random: systemd: uninitialized urandom read (16 bytes read)
[    5.958061] systemd[1]: Created slice system-getty.slice.
[    5.959683] systemd[1]: Listening on Device-mapper event daemon FIFOs.
[    5.961082] systemd[1]: Listening on LVM2 poll daemon socket.
[    5.962345] systemd[1]: Listening on fsck to fsckd communication Socket.
[    6.111571] EXT4-fs (vdiska2): re-mounted. Opts: errors=remount-ro
[    6.374056] systemd-journald[438]: Received request to flush runtime journal from PID 1
[    7.205124] sha1_sparc64: Using sparc64 sha1 opcode optimized SHA-1 implementation
[    7.208072] n2rng v0.3 (Jan 7, 2017)
[    7.208207] n2rng f029b104: Registered RNG HVAPI major 2 minor 0
[    7.208313] n2rng f029b104: Found multi-unit-capable RNG, units: 2
[    7.209714] n2rng f029b104: RNG ready
[    7.242276] sha256_sparc64: Using sparc64 sha256 opcode optimized SHA-256/SHA-224 implementation
[    7.265013] sha512_sparc64: Using sparc64 sha512 opcode optimized SHA-512/SHA-384 implementation
[    7.266994] md5_sparc64: Using sparc64 md5 opcode optimized MD5 implementation
[    7.283732] aes_sparc64: Using sparc64 aes opcodes optimized AES implementation
[    7.354793] des_sparc64: Using sparc64 des opcodes optimized DES implementation
[    7.424544] camellia_sparc64: Using sparc64 camellia opcodes optimized CAMELLIA implementation
[    8.585843] XFS (dm-0): Mounting V5 Filesystem
[    8.606316] XFS (dm-0): Ending clean mount
[   10.374746] Adding 787176k swap on /dev/vdiska4.  Priority:-2 extents:1 across:787176k FS
[   10.493903] EXT4-fs (vdiska1): mounting ext3 file system using the ext4 subsystem
[   10.511995] EXT4-fs (vdiska1): mounted filesystem with ordered data mode. Opts: (null)
[   11.228558] random: crng init done
[   11.228612] random: 7 urandom warning(s) missed due to ratelimiting
