[    0.000021] PROMLIB: Sun IEEE Boot Prom 'OBP 4.38.12 2018/03/28 14:54'
[    0.000035] PROMLIB: Root node compatible: sun4v
[    0.000082] Linux version 5.1.0-01975-gaa26690fab13 (mator@ttip) (gcc version 8.3.0 (Debian 8.3.0-7)) #1054 SMP Sat Jul 13 14:21:37 MSK 2019
[    0.000390] printk: bootconsole [earlyprom0] enabled
[    0.000442] ARCH: SUN4V
[    0.000491] Ethernet address: 00:14:4f:fa:06:f2
[    0.000543] MM: PAGE_OFFSET is 0xfff8000000000000 (max_phys_bits == 47)
[    0.000608] MM: VMALLOC [0x0000000100000000 --> 0x0006000000000000]
[    0.000668] MM: VMEMMAP [0x0006000000000000 --> 0x000c000000000000]
[    0.012143] Kernel: Using 5 locked TLB entries for main kernel image.
[    0.012230] Remapping the kernel... 
[    0.012255] done.
[    0.046989] OF stdout device is: /virtual-devices@100/console@1
[    0.047070] PROM: Built device tree with 86230 bytes of memory.
[    0.047136] MDESC: Size is 36560 bytes.
[    0.047261] PLATFORM: banner-name [SPARC T5-2]
[    0.047312] PLATFORM: name [ORCL,SPARC-T5-2]
[    0.047358] PLATFORM: hostid [84fa06f2]
[    0.047401] PLATFORM: serial# [0035260e]
[    0.047443] PLATFORM: stick-frequency [3b9aca00]
[    0.047493] PLATFORM: mac-address [144ffa06f2]
[    0.047538] PLATFORM: watchdog-resolution [1000 ms]
[    0.047589] PLATFORM: watchdog-max-timeout [31536000000 ms]
[    0.047646] PLATFORM: max-cpus [1024]
[    0.047758] Top of RAM: 0x24af938000, Total RAM: 0x87f354000
[    0.047821] Memory hole size: 115461MB
[    0.052489] Allocated 40960 bytes for kernel page tables.
[    0.052590] Zone ranges:
[    0.052633]   Normal   [mem 0x0000000030400000-0x00000024af937fff]
[    0.052699] Movable zone start for each node
[    0.052743] Early memory node ranges
[    0.052783]   node   0: [mem 0x0000000030400000-0x000000006fe7ffff]
[    0.052844]   node   0: [mem 0x000000006ff00000-0x000000006ff25fff]
[    0.052906]   node   0: [mem 0x0000000070000000-0x000000042fffffff]
[    0.052966]   node   0: [mem 0x0000002030000000-0x00000024af87ffff]
[    0.053026]   node   0: [mem 0x00000024af900000-0x00000024af925fff]
[    0.053088]   node   0: [mem 0x00000024af930000-0x00000024af937fff]
[    0.060470] Zeroed struct page in unavailable ranges: 230130 pages
[    0.060478] Initmem setup node 0 [mem 0x0000000030400000-0x00000024af937fff]
[    0.060637] On node 0 totalpages: 4454826
[    0.060647]   Normal zone: 39154 pages used for memmap
[    0.060652]   Normal zone: 0 pages reserved
[    0.060658]   Normal zone: 4454826 pages, LIFO batch:31
[    0.258054] Booting Linux...
[    0.258142] CPU CAPS: [flush,stbar,swap,muldiv,v9,blkinit,n2,mul32]
[    0.258226] CPU CAPS: [div32,v8plus,popc,vis,vis2,ASIBlkInit,fmaf,vis3]
[    0.259307] CPU CAPS: [hpc,ima,pause,cbcond,aes,des,kasumi,camellia]
[    0.259382] CPU CAPS: [md5,sha1,sha256,sha512,mpmul,montmul,montsqr,crc32c]
[    0.319226] percpu: Embedded 27 pages/cpu s179528 r8192 d33464 u262144
[    0.319485] pcpu-alloc: s179528 r8192 d33464 u262144 alloc=1*4194304
[    0.319493] pcpu-alloc: [0] 000 001 002 003 004 005 006 007 008 009 010 011 012 013 014 015 
[    0.319521] pcpu-alloc: [0] 016 017 018 019 020 021 022 023 024 025 026 027 028 029 030 031 
[    0.319548] pcpu-alloc: [0] 032 033 034 035 036 037 038 039 040 041 042 043 044 045 046 047 
[    0.319575] pcpu-alloc: [0] 048 049 050 051 052 053 054 055 056 057 058 059 060 061 062 063 
[    0.319602] pcpu-alloc: [0] 064 065 066 067 068 069 070 071 072 073 074 075 076 077 078 079 
[    0.319628] pcpu-alloc: [0] 080 081 082 083 084 085 086 087 088 089 090 091 092 093 094 095 
[    0.319655] pcpu-alloc: [0] 096 097 098 099 100 101 102 103 104 105 106 107 108 109 110 111 
[    0.319682] pcpu-alloc: [0] 112 113 114 115 116 117 118 119 120 121 122 123 124 125 126 127 
[    0.319709] pcpu-alloc: [0] 128 129 130 131 132 133 134 135 136 137 138 139 140 141 142 143 
[    0.319736] pcpu-alloc: [0] 144 145 146 147 148 149 150 151 152 153 154 155 156 157 158 159 
[    0.319763] pcpu-alloc: [0] 160 161 162 163 164 165 166 167 168 169 170 171 172 173 174 175 
[    0.319790] pcpu-alloc: [0] 176 177 178 179 180 181 182 183 184 185 186 187 188 189 190 191 
[    0.319817] pcpu-alloc: [0] 192 193 194 195 196 197 198 199 200 201 202 203 204 205 206 207 
[    0.319844] pcpu-alloc: [0] 208 209 210 211 212 213 214 215 216 217 218 219 220 221 222 223 
[    0.319871] pcpu-alloc: [0] 224 225 226 227 228 229 230 231 232 233 234 235 236 237 238 239 
[    0.319898] pcpu-alloc: [0] 240 241 242 243 244 245 246 247 248 249 250 251 252 253 254 255 
[    0.320380] SUN4V: Mondo queue sizes [cpu(131072) dev(16384) r(8192) nr(256)]
[    0.320757] Built 1 zonelists, mobility grouping on.  Total pages: 4415672
[    0.320847] Kernel command line: BOOT_IMAGE=/vmlinuz-5.1.0-01975-gaa26690fab13 root=/dev/vdiska2 ro zswap.enabled=1
[    0.324419] printk: log_buf_len individual max cpu contribution: 4096 bytes
[    0.324504] printk: log_buf_len total cpu_extra contributions: 1044480 bytes
[    0.324570] printk: log_buf_len min size: 131072 bytes
[    0.324953] printk: log_buf_len: 2097152 bytes
[    0.325005] printk: early log buf free: 125896(96%)
[    0.331353] Dentry cache hash table entries: 8388608 (order: 13, 67108864 bytes)
[    0.334632] Inode-cache hash table entries: 4194304 (order: 12, 33554432 bytes)
[    0.334714] Sorting __ex_table...
[    0.413201] Memory: 35102432K/35638608K available (6814K kernel code, 960K rwdata, 2024K rodata, 976K init, 6725K bss, 536176K reserved, 0K cma-reserved)
[    0.414291] kmemleak: Kernel memory leak detector disabled
[    0.414906] ftrace: allocating 19825 entries in 39 pages
[    0.429143] Running RCU self tests
[    0.429216] rcu: Hierarchical RCU implementation.
[    0.429268] rcu: 	RCU event tracing is enabled.
[    0.429318] rcu: 	RCU lockdep checking is enabled.
[    0.429368] 	Tasks RCU enabled.
[    0.430411] rcu: RCU calculated value of scheduler-enlistment delay is 11 jiffies.
[    0.437559] NR_IRQS: 2048, nr_irqs: 2048, preallocated irqs: 1
[    0.437683] SUN4V: Using IRQ API major 3, cookie only virqs enabled
[    0.441974] clocksource: stick: mask: 0xffffffffffffffff max_cycles: 0x1cd42e4dffb, max_idle_ns: 881590591483 ns
[    0.442109] clocksource: mult[800000] shift[23]
[    0.442158] clockevent: mult[80000000] shift[31]
[    0.446263] Console: colour dummy device 80x25
[    0.446343] printk: console [tty0] enabled
[    0.446420] printk: bootconsole [earlyprom0] disabled
[    0.446505] Lock dependency validator: Copyright (c) 2006 Red Hat, Inc., Ingo Molnar
[    0.446551] ... MAX_LOCKDEP_SUBCLASSES:  8
[    0.446580] ... MAX_LOCK_DEPTH:          48
[    0.446608] ... MAX_LOCKDEP_KEYS:        8191
[    0.446638] ... CLASSHASH_SIZE:          4096
[    0.446668] ... MAX_LOCKDEP_ENTRIES:     16384
[    0.446698] ... MAX_LOCKDEP_CHAINS:      32768
[    0.446728] ... CHAINHASH_SIZE:          16384
[    0.446758]  memory used by lock dependency info: 3853 kB
[    0.446792]  per task-struct memory footprint: 1920 bytes
[    0.446997] kmemleak: Early log buffer exceeded (4964), please increase DEBUG_KMEMLEAK_EARLY_LOG_SIZE
[    0.592856] Calibrating delay using timer specific routine.. 2017.57 BogoMIPS (lpj=10087872)
[    0.592924] pid_max: default: 262144 minimum: 2048
[    0.594608] Mount-cache hash table entries: 131072 (order: 7, 1048576 bytes)
[    0.594773] Mountpoint-cache hash table entries: 131072 (order: 7, 1048576 bytes)
[    0.596252] *** VALIDATE proc ***
[    0.596942] *** VALIDATE cgroup1 ***
[    0.596973] *** VALIDATE cgroup2 ***
[    0.599807] rcu: Hierarchical SRCU implementation.
[    0.622476] smp: Bringing up secondary CPUs ...
[    0.703817] smp: Brought up 1 node, 32 CPUs
[    0.711011] devtmpfs: initialized
[    0.717324] Performance events: 
[    0.717379] Testing NMI watchdog ... 
[    0.917495] OK.
[    0.917665] Supported PMU type is 'niagara5'
[    0.917998] random: get_random_u32 called from bucket_table_alloc.isra.4+0x13c/0x1c0 with crng_init=0
[    0.918855] ldc.c:v1.1 (July 22, 2008)
[    0.921792] clocksource: jiffies: mask: 0xffffffff max_cycles: 0xffffffff, max_idle_ns: 19112604462750000 ns
[    0.921895] futex hash table entries: 65536 (order: 10, 8388608 bytes)
[    0.931747] NET: Registered protocol family 16
[    0.941577] VIO: Adding device channel-devices (tx_ino = ffffffffffffffff, rx_ino = ffffffffffffffff)
[    0.941835] VIO: Adding device vnet-port-0-0 (tx_ino = 0, rx_ino = 1)
[    0.942049] VIO: Adding device vnet-port-0-1 (tx_ino = 2, rx_ino = 3)
[    0.942233] VIO: Adding device vnet-port-0-2 (tx_ino = 4, rx_ino = 5)
[    0.942425] VIO: Adding device vnet-port-0-3 (tx_ino = 6, rx_ino = 7)
[    0.942606] VIO: Adding device vnet-port-0-4 (tx_ino = 8, rx_ino = 9)
[    0.942785] VIO: Adding device vnet-port-0-5 (tx_ino = 16, rx_ino = 17)
[    0.942972] VIO: Adding device vdc-port-3-0 (tx_ino = a, rx_ino = b)
[    0.943161] VIO: Adding device vdc-port-2-0 (tx_ino = c, rx_ino = d)
[    0.943342] VIO: Adding device vdc-port-1-0 (tx_ino = e, rx_ino = f)
[    0.943525] VIO: Adding device vdc-port-0-0 (tx_ino = 10, rx_ino = 11)
[    0.943716] VIO: Adding device vlds-port-0-0 (tx_ino = 12, rx_ino = 13)
[    0.943918] VIO: Adding device domain-services-port-0 (tx_ino = 12, rx_ino = 13)
[    0.944342] audit: initializing netlink subsys (disabled)
[    0.944751] audit: type=2000 audit(0.490:1): state=initialized audit_enabled=0 res=1
[    0.989818] HugeTLB registered 64.0 KiB page size, pre-allocated 0 pages
[    0.989874] HugeTLB registered 8.00 MiB page size, pre-allocated 0 pages
[    0.989917] HugeTLB registered 256 MiB page size, pre-allocated 0 pages
[    0.989960] HugeTLB registered 2.00 GiB page size, pre-allocated 0 pages
[    1.037739] alg: No test for lzo-rle (lzo-rle-generic)
[    1.038440] alg: No test for lzo-rle (lzo-rle-scomp)
[    1.053915] SUN4V: Reboot data supported (maj=1,min=0).
[    1.054370] ds.c:v1.0 (Jul 11, 2007)
[    1.054797] ds-0: ds_conn_reset() from send_events.isra.3
[    1.056238] clocksource: Switched to clocksource stick
[    1.335075] VFS: Disk quotas dquot_6.6.0
[    1.335591] VFS: Dquot-cache hash table entries: 1024 (order 0, 8192 bytes)
[    1.336295] *** VALIDATE hugetlbfs ***
[    1.355214] NET: Registered protocol family 2
[    1.360384] tcp_listen_portaddr_hash hash table entries: 32768 (order: 8, 2359296 bytes)
[    1.363713] TCP established hash table entries: 524288 (order: 9, 4194304 bytes)
[    1.365796] TCP bind hash table entries: 65536 (order: 9, 4194304 bytes)
[    1.372033] TCP: Hash tables configured (established 524288 bind 65536)
[    1.378979] UDP hash table entries: 32768 (order: 9, 5242880 bytes)
[    1.386213] UDP-Lite hash table entries: 32768 (order: 9, 5242880 bytes)
[    1.400172] NET: Registered protocol family 1
[    1.400917] Unpacking initramfs...
[    1.719751] Freeing initrd memory: 10280K
[    1.756687] workingset: timestamp_bits=46 max_order=23 bucket_order=0
[    1.762843] SGI XFS with ACLs, security attributes, debug enabled
[    1.777216] Block layer SCSI generic (bsg) driver version 0.4 loaded (major 252)
[    1.778894] io scheduler mq-deadline registered
[    1.780907] f029b788: ttyS0 at I/O 0x0 (irq = 1, base_baud = 115200) is a SUN4V HCONS
[    1.786660] printk: console [ttyHV0] enabled
[    1.790514] sunvdc.c:v1.2 (November 24, 2014)
[    1.797081] sunvdc: Virtual CDROM vdiskd
[    1.797149] sunvdc: vdiskd: 403160 sectors (196 MB) protocol 1.2
[    1.798701]  vdiskd: vdiskd1 vdiskd2 vdiskd3 vdiskd4 vdiskd5 vdiskd6 vdiskd7
[    1.856605] sunvdc: Virtual Hard disk vdiskc
[    1.856660] sunvdc: vdiskc: 104857600 sectors (51200 MB) protocol 1.2
[    1.911374] sunvdc: Virtual Hard disk vdiskb
[    1.911430] sunvdc: vdiskb: 62914560 sectors (30720 MB) protocol 1.2
[    1.913336]  vdiskb: vdiskb1
[    1.967571] sunvdc: Virtual Hard disk vdiska
[    1.967626] sunvdc: vdiska: 31457280 sectors (15360 MB) protocol 1.2
[    1.968623]  vdiska: vdiska1 vdiska2 vdiska3 vdiska4
[    2.015163] sunvnet: sunvnet 2.0 (February 3, 2017)
[    2.018759] vnet_port vnet-port-0-0 eth0: Sun LDOM vnet 00:14:4f:f8:12:a3
[    2.019382] sunvnet: eth0: PORT ( remote-mac 00:14:4f:fa:f3:f0 switch-port )
[    2.020732] sunvnet: eth0: PORT ( remote-mac 00:14:4f:f8:e5:f3 )
[    2.022056] sunvnet: eth0: PORT ( remote-mac 00:14:4f:f9:b4:97 )
[    2.023385] sunvnet: eth0: PORT ( remote-mac 00:14:4f:f9:8b:83 )
[    2.024678] sunvnet: eth0: PORT ( remote-mac 00:14:4f:f8:3f:1e )
[    2.025983] sunvnet: eth0: PORT ( remote-mac 00:14:4f:f8:fe:47 )
[    2.027748] rtc-sun4v rtc-sun4v: registered as rtc0
[    2.028242] device-mapper: uevent: version 1.0.3
[    2.029517] device-mapper: ioctl: 4.40.0-ioctl (2019-01-18) initialised: dm-devel@redhat.com
[    2.031314] NET: Registered protocol family 17
[    2.042689] zswap: default zpool zbud not available
[    2.042757] zswap: pool creation failed
[    2.095015] Key type big_key registered
[    2.095938] rtc-sun4v rtc-sun4v: setting system clock to 2019-07-13T11:24:32 UTC (1563017072)
[    2.100341] This architecture does not have kernel memory protection.
[    2.100409] Run /init as init process
[    3.013610] crc32c_sparc64: Using sparc64 crc32c opcode optimized CRC32C implementation
[    3.516266] raid6: int64x8  gen()  1969 MB/s
[    3.686228] raid6: int64x8  xor()  1539 MB/s
[    3.856242] raid6: int64x4  gen()  3244 MB/s
[    4.026230] raid6: int64x4  xor()  1927 MB/s
[    4.196229] raid6: int64x2  gen()  2684 MB/s
[    4.366222] raid6: int64x2  xor()  1937 MB/s
[    4.536224] raid6: int64x1  gen()  2605 MB/s
[    4.706216] raid6: int64x1  xor()  1599 MB/s
[    4.706265] raid6: using algorithm int64x4 gen() 3244 MB/s
[    4.706304] raid6: .... xor() 1927 MB/s, rmw enabled
[    4.706340] raid6: using intx1 recovery algorithm
[    4.707347] async_tx: api initialized (async)
[    4.708027] xor: automatically using best checksumming function   Niagara   
[    4.843003] random: fast init done
[    4.931591] EXT4-fs (vdiska2): mounted filesystem with ordered data mode. Opts: (null)
[    6.683060] systemd[1]: Inserted module 'autofs4'
[    6.693946] NET: Registered protocol family 10
[    6.706790] Segment Routing with IPv6
[    6.817561] systemd[1]: systemd 241 running in system mode. (+PAM +AUDIT +SELINUX +IMA +APPARMOR +SMACK +SYSVINIT +UTMP +LIBCRYPTSETUP +GCRYPT +GNUTLS +ACL +XZ +LZ4 -SECCOMP +BLKID +ELFUTILS +KMOD -IDN2 +IDN +PCRE2 default-hierarchy=hybrid)
[    6.818168] systemd[1]: Detected architecture sparc64.
[    6.861197] systemd[1]: Set hostname to <ttip>.
[    7.843170] random: lvmconfig: uninitialized urandom read (4 bytes read)
[    8.774746] systemd[1]: /lib/systemd/system/smbd.service:9: PIDFile= references path below legacy directory /var/run/, updating /var/run/samba/smbd.pid → /run/samba/smbd.pid; please update the unit file accordingly.
[    8.778673] systemd[1]: /lib/systemd/system/nmbd.service:9: PIDFile= references path below legacy directory /var/run/, updating /var/run/samba/nmbd.pid → /run/samba/nmbd.pid; please update the unit file accordingly.
[    9.085418] random: systemd: uninitialized urandom read (16 bytes read)
[    9.098787] random: systemd: uninitialized urandom read (16 bytes read)
[    9.099544] systemd[1]: Listening on Journal Audit Socket.
[    9.100564] random: systemd: uninitialized urandom read (16 bytes read)
[    9.113404] systemd[1]: Created slice system-openvpn\x2dclient.slice.
[    9.120548] systemd[1]: Created slice system-systemd\x2dfsck.slice.
[    9.123641] systemd[1]: Set up automount Arbitrary Executable File Formats File System Automount Point.
[    9.155813] systemd[1]: Listening on Syslog Socket.
[    9.418075] EXT4-fs (vdiska2): re-mounted. Opts: errors=remount-ro
[    9.655485] systemd-journald[440]: Received request to flush runtime journal from PID 1
[   10.910301] sha1_sparc64: Using sparc64 sha1 opcode optimized SHA-1 implementation
[   10.946967] sha256_sparc64: Using sparc64 sha256 opcode optimized SHA-256/SHA-224 implementation
[   11.004193] sha512_sparc64: Using sparc64 sha512 opcode optimized SHA-512/SHA-384 implementation
[   11.012570] md5_sparc64: Using sparc64 md5 opcode optimized MD5 implementation
[   11.052220] aes_sparc64: Using sparc64 aes opcodes optimized AES implementation
[   11.075400] n2rng v0.3 (Jan 7, 2017)
[   11.075494] n2rng f029b104: Registered RNG HVAPI major 2 minor 0
[   11.075565] n2rng f029b104: Found multi-unit-capable RNG, units: 2
[   11.077074] n2rng f029b104: RNG ready
[   11.160544] des_sparc64: Using sparc64 des opcodes optimized DES implementation
[   11.220986] camellia_sparc64: Using sparc64 camellia opcodes optimized CAMELLIA implementation
[   12.943029] XFS (dm-0): Mounting V5 Filesystem
[   13.403091] XFS (dm-0): Ending clean mount
[   14.404531] Adding 787176k swap on /dev/vdiska4.  Priority:-2 extents:1 across:787176k FS
[   14.797373] EXT4-fs (vdiska1): mounting ext3 file system using the ext4 subsystem
[   14.812500] EXT4-fs (vdiska1): mounted filesystem with ordered data mode. Opts: (null)
[   16.744291] random: crng init done
[   16.744338] random: 6 urandom warning(s) missed due to ratelimiting
