[    0.000024] PROMLIB: Sun IEEE Boot Prom 'OBP 4.38.12 2018/03/28 14:54'
[    0.000035] PROMLIB: Root node compatible: sun4v
[    0.000087] Linux version 5.10.0-rc1-00027-gebf2d3f07491 (mator@ttip) (gcc (Debian 10.2.0-15) 10.2.0, GNU ld (GNU Binutils for Debian) 2.35.1) #2 SMP Tue Oct 27 16:03:47 MSK 2020
[    0.000442] printk: bootconsole [earlyprom0] enabled
[    0.000494] ARCH: SUN4V
[    0.000546] Ethernet address: 00:14:4f:fa:06:f2
[    0.000598] MM: PAGE_OFFSET is 0xfff8000000000000 (max_phys_bits == 47)
[    0.000664] MM: VMALLOC [0x0000000100000000 --> 0x0006000000000000]
[    0.000727] MM: VMEMMAP [0x0006000000000000 --> 0x000c000000000000]
[    0.012660] Kernel: Using 5 locked TLB entries for main kernel image.
[    0.012731] Remapping the kernel... 
[    0.012759] done.
[    0.047408] OF stdout device is: /virtual-devices@100/console@1
[    0.047473] PROM: Built device tree with 86758 bytes of memory.
[    0.047534] MDESC: Size is 36512 bytes.
[    0.047650] PLATFORM: banner-name [SPARC T5-2]
[    0.047702] PLATFORM: name [ORCL,SPARC-T5-2]
[    0.047748] PLATFORM: hostid [84fa06f2]
[    0.047793] PLATFORM: serial# [0035260e]
[    0.047836] PLATFORM: stick-frequency [3b9aca00]
[    0.047886] PLATFORM: mac-address [144ffa06f2]
[    0.047933] PLATFORM: watchdog-resolution [1000 ms]
[    0.047984] PLATFORM: watchdog-max-timeout [31536000000 ms]
[    0.048040] PLATFORM: max-cpus [1024]
[    0.053244] Allocated 40960 bytes for kernel page tables.
[    0.053335] Zone ranges:
[    0.053375]   Normal   [mem 0x0000000030400000-0x00000024af937fff]
[    0.053445] Movable zone start for each node
[    0.053491] Early memory node ranges
[    0.053533]   node   0: [mem 0x0000000030400000-0x000000006fe7ffff]
[    0.053596]   node   0: [mem 0x000000006ff00000-0x000000006ff25fff]
[    0.053656]   node   0: [mem 0x0000000070000000-0x000000042fffffff]
[    0.053719]   node   0: [mem 0x0000002030000000-0x00000024af87ffff]
[    0.053782]   node   0: [mem 0x00000024af900000-0x00000024af925fff]
[    0.053842]   node   0: [mem 0x00000024af930000-0x00000024af937fff]
[    0.067321] Zeroed struct page in unavailable ranges: 263766 pages
[    0.067338] Initmem setup node 0 [mem 0x0000000030400000-0x00000024af937fff]
[    0.067495] On node 0 totalpages: 4454826
[    0.067505]   Normal zone: 39154 pages used for memmap
[    0.067510]   Normal zone: 0 pages reserved
[    0.067517]   Normal zone: 4454826 pages, LIFO batch:31
[    0.226498] Booting Linux...
[    0.226587] CPU CAPS: [flush,stbar,swap,muldiv,v9,blkinit,n2,mul32]
[    0.226703] CPU CAPS: [div32,v8plus,popc,vis,vis2,ASIBlkInit,fmaf,vis3]
[    0.226814] CPU CAPS: [hpc,ima,pause,cbcond,aes,des,kasumi,camellia]
[    0.226920] CPU CAPS: [md5,sha1,sha256,sha512,mpmul,montmul,montsqr,crc32c]
[    0.257552] percpu: Embedded 28 pages/cpu s184976 r8192 d36208 u262144
[    0.257776] pcpu-alloc: s184976 r8192 d36208 u262144 alloc=1*4194304
[    0.257787] pcpu-alloc: [0] 000 001 002 003 004 005 006 007 008 009 010 011 012 013 014 015 
[    0.257879] pcpu-alloc: [0] 016 017 018 019 020 021 022 023 024 025 026 027 028 029 030 031 
[    0.257969] pcpu-alloc: [0] 032 033 034 035 036 037 038 039 040 041 042 043 044 045 046 047 
[    0.258060] pcpu-alloc: [0] 048 049 050 051 052 053 054 055 056 057 058 059 060 061 062 063 
[    0.258150] pcpu-alloc: [0] 064 065 066 067 068 069 070 071 072 073 074 075 076 077 078 079 
[    0.258241] pcpu-alloc: [0] 080 081 082 083 084 085 086 087 088 089 090 091 092 093 094 095 
[    0.258331] pcpu-alloc: [0] 096 097 098 099 100 101 102 103 104 105 106 107 108 109 110 111 
[    0.258421] pcpu-alloc: [0] 112 113 114 115 116 117 118 119 120 121 122 123 124 125 126 127 
[    0.258950] SUN4V: Mondo queue sizes [cpu(131072) dev(16384) r(8192) nr(256)]
[    0.259327] Built 1 zonelists, mobility grouping on.  Total pages: 4415672
[    0.259397] Policy zone: Normal
[    0.259455] Kernel command line: BOOT_IMAGE=/vmlinux-5.10.0-rc1-00027-gebf2d3f07491 root=/dev/vdiska2 ro zswap.enabled=1
[    0.262186] printk: log_buf_len individual max cpu contribution: 4096 bytes
[    0.262256] printk: log_buf_len total cpu_extra contributions: 520192 bytes
[    0.262325] printk: log_buf_len min size: 131072 bytes
[    0.263374] printk: log_buf_len: 1048576 bytes
[    0.263424] printk: early log buf free: 127192(97%)
[    0.269741] Dentry cache hash table entries: 8388608 (order: 13, 67108864 bytes, linear)
[    0.272983] Inode-cache hash table entries: 4194304 (order: 12, 33554432 bytes, linear)
[    0.273060] Sorting __ex_table...
[    0.273294] mem auto-init: stack:off, heap alloc:off, heap free:off
[    0.378764] Memory: 35123312K/35638608K available (8451K kernel code, 1573K rwdata, 2536K rodata, 688K init, 6916K bss, 515296K reserved, 0K cma-reserved)
[    0.379462] SLUB: HWalign=32, Order=0-3, MinObjects=0, CPUs=128, Nodes=32
[    0.379753] ftrace: allocating 24130 entries in 48 pages
[    0.389027] ftrace: allocated 48 pages with 2 groups
[    0.391881] Running RCU self tests
[    0.392256] rcu: Hierarchical RCU implementation.
[    0.392310] rcu: 	RCU event tracing is enabled.
[    0.392357] rcu: 	RCU lockdep checking is enabled.
[    0.392409] 	Trampoline variant of Tasks RCU enabled.
[    0.392460] 	Rude variant of Tasks RCU enabled.
[    0.392507] 	Tracing variant of Tasks RCU enabled.
[    0.392558] rcu: RCU calculated value of scheduler-enlistment delay is 10 jiffies.
[    0.397775] NR_IRQS: 2048, nr_irqs: 2048, preallocated irqs: 1
[    0.397854] SUN4V: Using IRQ API major 3, cookie only virqs enabled
[    0.400324] clocksource: stick: mask: 0xffffffffffffffff max_cycles: 0x1cd42e4dffb, max_idle_ns: 881590591483 ns
[    0.400458] clocksource: mult[800000] shift[23]
[    0.400508] clockevent: mult[80000000] shift[31]
[    0.400887] Console: colour dummy device 80x25
[    0.400952] printk: console [tty0] enabled
[    0.401033] printk: bootconsole [earlyprom0] disabled
[    0.401123] Lock dependency validator: Copyright (c) 2006 Red Hat, Inc., Ingo Molnar
[    0.401179] ... MAX_LOCKDEP_SUBCLASSES:  8
[    0.401213] ... MAX_LOCK_DEPTH:          48
[    0.401247] ... MAX_LOCKDEP_KEYS:        8192
[    0.401283] ... CLASSHASH_SIZE:          4096
[    0.401318] ... MAX_LOCKDEP_ENTRIES:     16384
[    0.401354] ... MAX_LOCKDEP_CHAINS:      32768
[    0.401390] ... CHAINHASH_SIZE:          16384
[    0.401426]  memory used by lock dependency info: 3983 kB
[    0.401467]  memory used for stack traces: 2112 kB
[    0.401505]  per task-struct memory footprint: 1920 bytes
[    0.550733] Calibrating delay using timer specific routine.. 2003.28 BogoMIPS (lpj=10016445)
[    0.550802] pid_max: default: 131072 minimum: 1024
[    0.551060] LSM: Security Framework initializing
[    0.551216] AppArmor: AppArmor initialized
[    0.551500] Mount-cache hash table entries: 131072 (order: 7, 1048576 bytes, linear)
[    0.551672] Mountpoint-cache hash table entries: 131072 (order: 7, 1048576 bytes, linear)
[    0.557354] rcu: Hierarchical SRCU implementation.
[    0.568399] smp: Bringing up secondary CPUs ...
[    0.569648] ------------[ cut here ]------------
[    0.569665] WARNING: CPU: 0 PID: 1 at kernel/locking/lockdep.c:5286 check_flags+0x9c/0x2c0
[    0.569675] DEBUG_LOCKS_WARN_ON(lockdep_hardirqs_enabled())
[    0.569677] Modules linked in:
[    0.569694] CPU: 0 PID: 1 Comm: swapper/0 Not tainted 5.10.0-rc1-00027-gebf2d3f07491 #2
[    0.569704] Call Trace:
[    0.569714] [<0000000000470744>] __warn+0xa4/0x100
[    0.569728] [<0000000000c3216c>] warn_slowpath_fmt+0x64/0x74
[    0.569736] [<00000000004e761c>] check_flags+0x9c/0x2c0
[    0.569747] [<0000000000c38408>] lock_is_held_type+0x128/0x180
[    0.569763] [<0000000000509a14>] rcu_read_lock_sched_held+0x54/0xa0
[    0.569772] [<00000000004ec8c8>] lock_acquire+0x128/0x4e0
[    0.569783] [<0000000000c41df0>] _raw_spin_lock+0x30/0x60
[    0.569792] [<00000000009ce5dc>] p1275_cmd_direct+0x1c/0x60
[    0.569801] [<00000000009ce4b0>] prom_startcpu_cpuid+0x30/0x40
[    0.569809] [<00000000004413a4>] __cpu_up+0x184/0x3a0
[    0.569817] [<00000000004722a0>] bringup_cpu+0x20/0x120
[    0.569825] [<0000000000471aac>] cpuhp_invoke_callback+0xec/0x340
[    0.569833] [<0000000000473134>] cpu_up+0x154/0x220
[    0.569841] [<00000000004739c0>] bringup_nonboot_cpus+0x60/0xa0
[    0.569851] [<00000000010605e0>] smp_init+0x28/0xa0
[    0.569860] [<00000000010513b4>] kernel_init_freeable+0x18c/0x300
[    0.569867] irq event stamp: 5145
[    0.569875] hardirqs last  enabled at (5145): [<0000000000c42208>] _raw_spin_unlock_irqrestore+0x28/0x60
[    0.569886] hardirqs last disabled at (5144): [<0000000000c41fc0>] _raw_spin_lock_irqsave+0x20/0x80
[    0.569896] softirqs last  enabled at (1478): [<0000000000c44d30>] __do_softirq+0x4f0/0x580
[    0.569909] softirqs last disabled at (1471): [<000000000042c1f4>] do_softirq_own_stack+0x34/0x60
[    0.569921] random: get_random_bytes called from __warn+0xc0/0x100 with crng_init=0
[    0.569927] ---[ end trace f3ba0b9efcf9ad45 ]---
[    0.569940] possible reason: unannotated irqs-off.
[    0.569946] irq event stamp: 5145
[    0.569954] hardirqs last  enabled at (5145): [<0000000000c42208>] _raw_spin_unlock_irqrestore+0x28/0x60
[    0.569964] hardirqs last disabled at (5144): [<0000000000c41fc0>] _raw_spin_lock_irqsave+0x20/0x80
[    0.569975] softirqs last  enabled at (1478): [<0000000000c44d30>] __do_softirq+0x4f0/0x580
[    0.569984] softirqs last disabled at (1471): [<000000000042c1f4>] do_softirq_own_stack+0x34/0x60
[    0.586002] smp: Brought up 1 node, 32 CPUs
[    0.588344] devtmpfs: initialized
[    0.589760] Performance events: 
[    0.589787] Testing NMI watchdog ... 
[    0.789840] OK.
[    0.789880] Supported PMU type is 'niagara5'
[    0.790252] ldc.c:v1.1 (July 22, 2008)
[    0.791394] clocksource: jiffies: mask: 0xffffffff max_cycles: 0xffffffff, max_idle_ns: 19112604462750000 ns
[    0.791426] futex hash table entries: 32768 (order: 9, 4194304 bytes, linear)
[    0.793806] NET: Registered protocol family 16
[    0.797441] VIO: Adding device channel-devices (tx_ino = ffffffffffffffff, rx_ino = ffffffffffffffff)
[    0.797508] VIO: Adding device vnet-port-0-0 (tx_ino = 0, rx_ino = 1)
[    0.797562] VIO: Adding device vnet-port-0-1 (tx_ino = 2, rx_ino = 3)
[    0.797615] VIO: Adding device vnet-port-0-2 (tx_ino = 4, rx_ino = 5)
[    0.797671] VIO: Adding device vnet-port-0-3 (tx_ino = 6, rx_ino = 7)
[    0.797729] VIO: Adding device vnet-port-0-4 (tx_ino = 8, rx_ino = 9)
[    0.797781] VIO: Adding device vnet-port-0-5 (tx_ino = a, rx_ino = b)
[    0.797836] VIO: Adding device vdc-port-2-0 (tx_ino = c, rx_ino = d)
[    0.797888] VIO: Adding device vdc-port-1-0 (tx_ino = e, rx_ino = f)
[    0.797940] VIO: Adding device vdc-port-0-0 (tx_ino = 10, rx_ino = 11)
[    0.797995] VIO: Adding device vdc-port-3-0 (tx_ino = 12, rx_ino = 13)
[    0.798047] VIO: Adding device vlds-port-0-0 (tx_ino = 14, rx_ino = 15)
[    0.798102] VIO: Adding device domain-services-port-0 (tx_ino = 14, rx_ino = 15)
[    0.798202] audit: initializing netlink subsys (disabled)
[    0.798345] audit: type=2000 audit(0.390:1): state=initialized audit_enabled=0 res=1
[    0.809507] HugeTLB registered 64.0 KiB page size, pre-allocated 0 pages
[    0.809524] HugeTLB registered 8.00 MiB page size, pre-allocated 0 pages
[    0.809533] HugeTLB registered 256 MiB page size, pre-allocated 0 pages
[    0.809543] HugeTLB registered 2.00 GiB page size, pre-allocated 0 pages
[    0.810444] alg: extra crypto tests enabled.  This is intended for developer use only.
[    0.830892] cryptd: max_cpu_qlen set to 1000
[    0.893876] vgaarb: loaded
[    0.894387] NetLabel: Initializing
[    0.894397] NetLabel:  domain hash size = 128
[    0.894404] NetLabel:  protocols = UNLABELED CIPSOv4 CALIPSO
[    0.894449] NetLabel:  unlabeled traffic allowed by default
[    0.894933] SUN4V: Reboot data supported (maj=1,min=0).
[    0.895085] ds.c:v1.0 (Jul 11, 2007)
[    0.895247] ds-0: ds_conn_reset() from send_events
[    0.895432] clocksource: Switched to clocksource stick
[    0.976057] VFS: Disk quotas dquot_6.6.0
[    0.976138] VFS: Dquot-cache hash table entries: 1024 (order 0, 8192 bytes)
[    0.976886] AppArmor: AppArmor Filesystem Enabled
[    0.982093] NET: Registered protocol family 2
[    0.983022] tcp_listen_portaddr_hash hash table entries: 32768 (order: 8, 2621440 bytes, linear)
[    0.984252] TCP established hash table entries: 524288 (order: 9, 4194304 bytes, linear)
[    0.986431] TCP bind hash table entries: 65536 (order: 9, 4718592 bytes, linear)
[    0.988612] TCP: Hash tables configured (established 524288 bind 65536)
[    0.989584] UDP hash table entries: 32768 (order: 9, 5242880 bytes, linear)
[    0.992263] UDP-Lite hash table entries: 32768 (order: 9, 5242880 bytes, linear)
[    0.995731] NET: Registered protocol family 1
[    0.995756] NET: Registered protocol family 44
[    0.995778] PCI: CLS 0 bytes, default 64
[    0.995961] Trying to unpack rootfs image as initramfs...
[    1.132675] Freeing initrd memory: 14760K
[    1.133431] aes_sparc64: Using sparc64 aes opcodes optimized AES implementation
[    1.366621] des_sparc64: Using sparc64 des opcodes optimized DES implementation
[    1.818119] camellia_sparc64: Using sparc64 camellia opcodes optimized CAMELLIA implementation
[    1.977711] workingset: timestamp_bits=41 max_order=23 bucket_order=0
[    1.983092] zbud: loaded
[    1.984016] SGI XFS with ACLs, security attributes, quota, fatal assert, debug enabled
[    2.008705] Block layer SCSI generic (bsg) driver version 0.4 loaded (major 252)
[    2.009167] io scheduler mq-deadline registered
[    2.010809] f029b788: ttyHV0 at I/O 0x0 (irq = 1, base_baud = 115200) is a SUN4V HCONS
[    2.011286] printk: console [ttyHV0] enabled
[    2.012976] sunvdc.c:v1.2 (November 24, 2014)
[    2.016189] sunvdc: Virtual Hard disk vdiskc
[    2.016201] sunvdc: vdiskc: 104857600 sectors (51200 MB) protocol 1.2
[    2.026211] sunvdc: Virtual Hard disk vdiskb
[    2.026226] sunvdc: vdiskb: 62914560 sectors (30720 MB) protocol 1.2
[    2.027222]  vdiskb: vdiskb1
[    2.036407] sunvdc: Virtual Hard disk vdiska
[    2.036421] sunvdc: vdiska: 31457280 sectors (15360 MB) protocol 1.2
[    2.037430]  vdiska: vdiska1 vdiska2 vdiska3 vdiska4
[    2.047139] sunvdc: Virtual CDROM vdiskd
[    2.047154] sunvdc: vdiskd: 453848 sectors (221 MB) protocol 1.2
[    2.048135]  vdiskd: vdiskd1 vdiskd2 vdiskd3 vdiskd4 vdiskd5 vdiskd6 vdiskd7
[    2.055474] sunvnet: sunvnet 2.0 (February 3, 2017)
[    2.056491] vnet_port vnet-port-0-0 eth0: Sun LDOM vnet 00:14:4f:f8:12:a3
[    2.056580] sunvnet: eth0: PORT ( remote-mac 00:14:4f:fa:f3:f0 switch-port )
[    2.056989] sunvnet: eth0: PORT ( remote-mac 00:14:4f:f8:e5:f3 )
[    2.057489] sunvnet: eth0: PORT ( remote-mac 00:14:4f:f9:b4:97 )
[    2.057892] sunvnet: eth0: PORT ( remote-mac 00:14:4f:f8:3f:1e )
[    2.058302] sunvnet: eth0: PORT ( remote-mac 00:14:4f:f8:fe:47 )
[    2.058703] sunvnet: eth0: PORT ( remote-mac 00:14:4f:fb:b5:00 )
[    2.059428] rtc-sun4v rtc-sun4v: registered as rtc0
[    2.059485] rtc-sun4v rtc-sun4v: setting system clock to 2020-10-27T13:47:23 UTC (1603806443)
[    2.059671] sun4v_wdt: initialized (timeout=60s, nowayout=0)
[    2.059876] device-mapper: uevent: version 1.0.3
[    2.060364] device-mapper: ioctl: 4.43.0-ioctl (2020-10-01) initialised: dm-devel@redhat.com
[    2.060922] NET: Registered protocol family 17
[    2.061078] registered taskstats version 1
[    2.061520] zswap: loaded using pool lzo/zbud
[    2.062202] AppArmor: AppArmor sha1 policy hashing enabled
[    2.064618] This architecture does not have kernel memory protection.
[    2.064638] Run /init as init process
[    2.064648]   with arguments:
[    2.064656]     /init
[    2.064664]   with environment:
[    2.064672]     HOME=/
[    2.064679]     TERM=linux
[    2.064687]     BOOT_IMAGE=/vmlinux-5.10.0-rc1-00027-gebf2d3f07491
[    2.287590] crc32c_sparc64: Using sparc64 crc32c opcode optimized CRC32C implementation
[    2.288513] random: lvm: uninitialized urandom read (4 bytes read)
[    2.316210] random: lvm: uninitialized urandom read (2 bytes read)
[    2.407108] random: fast init done
[    2.865416] raid6: int64x8  gen()  2163 MB/s
[    3.035412] raid6: int64x8  xor()  1522 MB/s
[    3.205409] raid6: int64x4  gen()  3398 MB/s
[    3.375411] raid6: int64x4  xor()  1457 MB/s
[    3.545403] raid6: int64x2  gen()  2925 MB/s
[    3.715415] raid6: int64x2  xor()  1055 MB/s
[    3.885423] raid6: int64x1  gen()  1402 MB/s
[    4.055432] raid6: int64x1  xor()   724 MB/s
[    4.055442] raid6: using algorithm int64x4 gen() 3398 MB/s
[    4.055452] raid6: .... xor() 1457 MB/s, rmw enabled
[    4.055461] raid6: using intx1 recovery algorithm
[    4.055958] async_tx: api initialized (async)
[    4.056165] xor: automatically using best checksumming function   Niagara   
[    4.254345] EXT4-fs (vdiska2): mounted filesystem with ordered data mode. Opts: (null)
[    5.975099] systemd[1]: Inserted module 'autofs4'
[    5.981646] NET: Registered protocol family 10
[    5.985543] Segment Routing with IPv6
[    6.150886] systemd[1]: systemd 246.6-2 running in system mode. (+PAM +AUDIT +SELINUX +IMA +APPARMOR +SMACK +SYSVINIT +UTMP +LIBCRYPTSETUP +GCRYPT +GNUTLS +ACL +XZ +LZ4 +ZSTD -SECCOMP +BLKID +ELFUTILS +KMOD +IDN2 -IDN +PCRE2 default-hierarchy=hybrid)
[    6.151330] systemd[1]: Detected architecture sparc64.
[    6.212272] systemd[1]: Set hostname to <ttip>.
[    7.025440] random: lvmconfig: uninitialized urandom read (4 bytes read)
[    8.396743] systemd[1]: Queued start job for default target Multi-User System.
[    8.397441] random: systemd: uninitialized urandom read (16 bytes read)
[    8.418747] systemd[1]: Created slice system-getty.slice.
[    8.419128] random: systemd: uninitialized urandom read (16 bytes read)
[    8.427361] systemd[1]: Created slice system-modprobe.slice.
[    8.427568] random: systemd: uninitialized urandom read (16 bytes read)
[    8.435523] systemd[1]: Created slice system-openvpn\x2dclient.slice.
[    8.450267] systemd[1]: Created slice system-postfix.slice.
[    8.458319] systemd[1]: Created slice system-systemd\x2dfsck.slice.
[    8.466347] systemd[1]: Created slice User and Session Slice.
[    8.466784] systemd[1]: Started Dispatch Password Requests to Console Directory Watch.
[    8.467149] systemd[1]: Started Forward Password Requests to Wall Directory Watch.
[    8.468445] systemd[1]: Set up automount Arbitrary Executable File Formats File System Automount Point.
[    8.468731] systemd[1]: Reached target Local Encrypted Volumes.
[    8.469006] systemd[1]: Reached target Paths.
[    8.469233] systemd[1]: Reached target Slices.
[    8.469676] systemd[1]: Listening on Device-mapper event daemon FIFOs.
[    8.470415] systemd[1]: Listening on LVM2 poll daemon socket.
[    8.492833] systemd[1]: Listening on RPCbind Server Activation Socket.
[    8.493509] systemd[1]: Listening on Syslog Socket.
[    8.494095] systemd[1]: Listening on fsck to fsckd communication Socket.
[    8.494477] systemd[1]: Listening on initctl Compatibility Named Pipe.
[    8.495164] systemd[1]: Listening on Journal Audit Socket.
[    8.495658] systemd[1]: Listening on Journal Socket (/dev/log).
[    8.496239] systemd[1]: Listening on Journal Socket.
[    8.496838] systemd[1]: Listening on udev Control Socket.
[    8.497287] systemd[1]: Listening on udev Kernel Socket.
[    8.507711] systemd[1]: Mounting Huge Pages File System...
[    8.518369] systemd[1]: Mounting POSIX Message Queue File System...
[    8.541829] systemd[1]: Mounting RPC Pipe File System...
[    8.552773] systemd[1]: Mounting Kernel Debug File System...
[    8.564064] systemd[1]: Mounting Kernel Trace File System...
[    8.564656] systemd[1]: Condition check resulted in Kernel Module supporting RPCSEC_GSS being skipped.
[    8.565241] systemd[1]: Finished Availability of block devices.
[    8.575864] systemd[1]: Starting Wait for network to be configured by ifupdown...
[    8.583169] RPC: Registered named UNIX socket transport module.
[    8.583184] RPC: Registered udp transport module.
[    8.583194] RPC: Registered tcp transport module.
[    8.583203] RPC: Registered tcp NFSv4.1 backchannel transport module.
[    8.586753] systemd[1]: Starting Create list of static device nodes for the current kernel...
[    8.597311] systemd[1]: Starting Monitoring of LVM2 mirrors, snapshots etc. using dmeventd or progress polling...
[    8.607683] systemd[1]: Starting Load Kernel Module drm...
[    8.618067] systemd[1]: Starting nftables...
[    8.636095] systemd[1]: Condition check resulted in Set Up Additional Binary Formats being skipped.
[    8.636254] systemd[1]: Condition check resulted in File System Check on Root Device being skipped.
[    8.651781] systemd[1]: Starting Journal Service...
[    8.711083] systemd[1]: Starting Load Kernel Modules...
[    8.721522] systemd[1]: Starting Remount Root and Kernel File Systems...
[    8.731981] systemd[1]: Starting Coldplug All udev Devices...
[    8.738206] systemd[1]: Mounted Huge Pages File System.
[    8.738925] systemd[1]: Mounted POSIX Message Queue File System.
[    8.739578] systemd[1]: Mounted RPC Pipe File System.
[    8.740233] systemd[1]: Mounted Kernel Debug File System.
[    8.740881] systemd[1]: Mounted Kernel Trace File System.
[    8.743170] systemd[1]: Finished Wait for network to be configured by ifupdown.
[    8.745633] systemd[1]: Finished Create list of static device nodes for the current kernel.
[    8.746797] systemd[1]: modprobe@drm.service: Succeeded.
[    8.748344] systemd[1]: Finished Load Kernel Module drm.
[    8.800323] systemd[1]: Finished Load Kernel Modules.
[    8.801310] systemd[1]: Condition check resulted in FUSE Control File System being skipped.
[    8.801588] systemd[1]: Condition check resulted in Kernel Configuration File System being skipped.
[    8.804009] EXT4-fs (vdiska2): re-mounted. Opts: errors=remount-ro
[    8.836165] systemd[1]: Starting Apply Kernel Variables...
[    8.840020] systemd[1]: Started Journal Service.
[    9.968705] ------------[ cut here ]------------
[    9.968746] WARNING: CPU: 18 PID: 514 at net/netfilter/nf_tables_api.c:622 nft_chain_parse_hook+0x7c/0x3a0 [nf_tables]
[    9.968761] Modules linked in: nf_tables nfnetlink sunrpc ip_tables x_tables ipv6 crc_ccitt autofs4 ext4 crc16 mbcache jbd2 raid10 raid456 async_raid6_recov async_memcpy async_pq async_xor xor async_tx raid6_pq raid1 raid0 multipath linear md_mod crc32c_sparc64
[    9.968880] CPU: 18 PID: 514 Comm: nft Tainted: G        W         5.10.0-rc1-00027-gebf2d3f07491 #2
[    9.968892] Call Trace:
[    9.968905] [<0000000000470744>] __warn+0xa4/0x100
[    9.968922] [<0000000000c3213c>] warn_slowpath_fmt+0x34/0x74
[    9.968936] [<0000000010421c5c>] nft_chain_parse_hook+0x7c/0x3a0 [nf_tables]
[    9.968951] [<0000000010425048>] nf_tables_addchain.constprop.0+0x48/0x600 [nf_tables]
[    9.968966] [<0000000010425d88>] nf_tables_newchain+0x788/0x840 [nf_tables]
[    9.968978] [<00000000100c89c8>] nfnetlink_rcv_batch+0x4a8/0x780 [nfnetlink]
[    9.968988] [<00000000100c8db0>] nfnetlink_rcv+0x110/0x140 [nfnetlink]
[    9.968999] [<0000000000b3ed50>] netlink_unicast+0x150/0x2a0
[    9.969008] [<0000000000b3fcfc>] netlink_sendmsg+0x3dc/0x460
[    9.969019] [<0000000000aa8b54>] sock_sendmsg+0x34/0x80
[    9.969029] [<0000000000aaa22c>] ____sys_sendmsg+0x1ac/0x220
[    9.969038] [<0000000000aac2c8>] ___sys_sendmsg+0x48/0x80
[    9.969047] [<0000000000aac3a8>] __sys_sendmsg+0x48/0x80
[    9.969056] [<0000000000aac3f8>] sys_sendmsg+0x18/0x40
[    9.969069] [<00000000004062b4>] linux_sparc_syscall+0x34/0x44
[    9.969078] irq event stamp: 0
[    9.969088] hardirqs last  enabled at (0): [<0000000000000000>] 0x0
[    9.969099] hardirqs last disabled at (0): [<000000000046e2d8>] copy_process+0x738/0x18e0
[    9.969111] softirqs last  enabled at (0): [<000000000046e2d8>] copy_process+0x738/0x18e0
[    9.969123] softirqs last disabled at (0): [<0000000000000000>] 0x0
[    9.969132] ---[ end trace f3ba0b9efcf9ad47 ]---
[   13.442773] sha1_sparc64: Using sparc64 sha1 opcode optimized SHA-1 implementation
[   13.608709] n2rng v0.3 (Jan 7, 2017)
[   13.608753] n2rng f029b104: Registered RNG HVAPI major 2 minor 0
[   13.608770] n2rng f029b104: Found multi-unit-capable RNG, units: 2
[   13.609191] n2rng f029b104: RNG ready
[   13.628050] sha256_sparc64: Using sparc64 sha256 opcode optimized SHA-256/SHA-224 implementation
[   13.707801] pktcdvd: setup of pktcdvd device failed
[   13.733326] pktcdvd: setup of pktcdvd device failed
[   13.736225] pktcdvd: setup of pktcdvd device failed
[   13.738819] pktcdvd: setup of pktcdvd device failed
[   13.740993] pktcdvd: setup of pktcdvd device failed
[   13.743415] pktcdvd: setup of pktcdvd device failed
[   13.745572] pktcdvd: setup of pktcdvd device failed
[   13.748317] pktcdvd: setup of pktcdvd device failed
[   13.801001] XFS (dm-0): Mounting V5 Filesystem
[   13.824380] XFS (dm-0): Ending clean mount
[   13.825676] xfs filesystem being mounted at /1 supports timestamps until 2038 (0x7fffffff)
[   13.882217] sha512_sparc64: Using sparc64 sha512 opcode optimized SHA-512/SHA-384 implementation
[   13.884566] md5_sparc64: Using sparc64 md5 opcode optimized MD5 implementation
[   14.065533] random: crng init done
[   14.065558] random: 4 urandom warning(s) missed due to ratelimiting
[   14.155430] Adding 787176k swap on /dev/vdiska4.  Priority:-2 extents:1 across:787176k FS
[   14.566469] EXT4-fs (vdiska1): mounting ext3 file system using the ext4 subsystem
[   14.796198] EXT4-fs (vdiska1): mounted filesystem with ordered data mode. Opts: (null)
[   14.796314] ext3 filesystem being mounted at /boot supports timestamps until 2038 (0x7fffffff)
[   15.684798] Kernel unaligned access at TPC[8e77bc] aa_dfa_unpack+0x3c/0x640
[   15.684836] Kernel unaligned access at TPC[8e77d0] aa_dfa_unpack+0x50/0x640
[   15.684856] Kernel unaligned access at TPC[8e7894] aa_dfa_unpack+0x114/0x640
[   15.684875] Kernel unaligned access at TPC[8e7964] aa_dfa_unpack+0x1e4/0x640
[   15.684893] Kernel unaligned access at TPC[8e7978] aa_dfa_unpack+0x1f8/0x640
[   15.686359] audit: type=1400 audit(1603806457.120:2): apparmor="STATUS" operation="profile_load" profile="unconfined" name="/usr/sbin/haveged" pid=697 comm="apparmor_parser"
[   15.692904] audit: type=1400 audit(1603806457.120:3): apparmor="STATUS" operation="profile_load" profile="unconfined" name="nvidia_modprobe" pid=699 comm="apparmor_parser"
[   15.692935] audit: type=1400 audit(1603806457.120:4): apparmor="STATUS" operation="profile_load" profile="unconfined" name="nvidia_modprobe//kmod" pid=699 comm="apparmor_parser"
[   15.713871] audit: type=1400 audit(1603806457.140:5): apparmor="STATUS" operation="profile_load" profile="unconfined" name="lsb_release" pid=704 comm="apparmor_parser"
[   15.739170] audit: type=1400 audit(1603806457.170:6): apparmor="STATUS" operation="profile_load" profile="unconfined" name="/usr/bin/man" pid=701 comm="apparmor_parser"
[   15.739199] audit: type=1400 audit(1603806457.170:7): apparmor="STATUS" operation="profile_load" profile="unconfined" name="man_filter" pid=701 comm="apparmor_parser"
[   15.739224] audit: type=1400 audit(1603806457.170:8): apparmor="STATUS" operation="profile_load" profile="unconfined" name="man_groff" pid=701 comm="apparmor_parser"
[   15.851330] audit: type=1400 audit(1603806457.280:9): apparmor="STATUS" operation="profile_load" profile="unconfined" name="named" pid=703 comm="apparmor_parser"
[   15.854310] audit: type=1400 audit(1603806457.280:10): apparmor="STATUS" operation="profile_load" profile="unconfined" name="tcpdump" pid=702 comm="apparmor_parser"
