[    0.000019] PROMLIB: Sun IEEE Boot Prom 'OBP 4.38.12 2018/03/28 14:54'
[    0.000032] PROMLIB: Root node compatible: sun4v
[    0.000082] Linux version 5.8.0-rc1-00226-g4333a9b0b67b (mator@ttip) (gcc (Debian 9.3.0-14) 9.3.0, GNU ld (GNU Binutils for Debian) 2.34) #152 SMP Sat Jun 20 12:17:06 MSK 2020
[    0.000428] printk: bootconsole [earlyprom0] enabled
[    0.000481] ARCH: SUN4V
[    0.000531] Ethernet address: 00:14:4f:fa:06:f2
[    0.000585] MM: PAGE_OFFSET is 0xfff8000000000000 (max_phys_bits == 47)
[    0.000651] MM: VMALLOC [0x0000000100000000 --> 0x0006000000000000]
[    0.000714] MM: VMEMMAP [0x0006000000000000 --> 0x000c000000000000]
[    0.013101] Kernel: Using 5 locked TLB entries for main kernel image.
[    0.013172] Remapping the kernel... 
[    0.013196] done.
[    0.046181] OF stdout device is: /virtual-devices@100/console@1
[    0.046248] PROM: Built device tree with 86758 bytes of memory.
[    0.046310] MDESC: Size is 36224 bytes.
[    0.046427] PLATFORM: banner-name [SPARC T5-2]
[    0.046479] PLATFORM: name [ORCL,SPARC-T5-2]
[    0.046525] PLATFORM: hostid [84fa06f2]
[    0.046569] PLATFORM: serial# [0035260e]
[    0.046613] PLATFORM: stick-frequency [3b9aca00]
[    0.046662] PLATFORM: mac-address [144ffa06f2]
[    0.046709] PLATFORM: watchdog-resolution [1000 ms]
[    0.046761] PLATFORM: watchdog-max-timeout [31536000000 ms]
[    0.046817] PLATFORM: max-cpus [1024]
[    0.051606] Allocated 40960 bytes for kernel page tables.
[    0.051697] Zone ranges:
[    0.051737]   Normal   [mem 0x0000000030400000-0x00000024af937fff]
[    0.051801] Movable zone start for each node
[    0.051848] Early memory node ranges
[    0.051890]   node   0: [mem 0x0000000030400000-0x000000006fe7ffff]
[    0.051955]   node   0: [mem 0x000000006ff00000-0x000000006ff25fff]
[    0.052016]   node   0: [mem 0x0000000070000000-0x000000042fffffff]
[    0.052077]   node   0: [mem 0x0000002030000000-0x00000024af87ffff]
[    0.052140]   node   0: [mem 0x00000024af900000-0x00000024af925fff]
[    0.052202]   node   0: [mem 0x00000024af930000-0x00000024af937fff]
[    0.066571] Zeroed struct page in unavailable ranges: 263766 pages
[    0.066580] Initmem setup node 0 [mem 0x0000000030400000-0x00000024af937fff]
[    0.066740] On node 0 totalpages: 4454826
[    0.066751]   Normal zone: 39154 pages used for memmap
[    0.066756]   Normal zone: 0 pages reserved
[    0.066762]   Normal zone: 4454826 pages, LIFO batch:31
[    0.225096] Booting Linux...
[    0.225181] CPU CAPS: [flush,stbar,swap,muldiv,v9,blkinit,n2,mul32]
[    0.225263] CPU CAPS: [div32,v8plus,popc,vis,vis2,ASIBlkInit,fmaf,vis3]
[    0.225341] CPU CAPS: [hpc,ima,pause,cbcond,aes,des,kasumi,camellia]
[    0.225412] CPU CAPS: [md5,sha1,sha256,sha512,mpmul,montmul,montsqr,crc32c]
[    0.256207] percpu: Embedded 28 pages/cpu s184528 r8192 d36656 u262144
[    0.256419] pcpu-alloc: s184528 r8192 d36656 u262144 alloc=1*4194304
[    0.256426] pcpu-alloc: [0] 000 001 002 003 004 005 006 007 008 009 010 011 012 013 014 015 
[    0.256453] pcpu-alloc: [0] 016 017 018 019 020 021 022 023 024 025 026 027 028 029 030 031 
[    0.256480] pcpu-alloc: [0] 032 033 034 035 036 037 038 039 040 041 042 043 044 045 046 047 
[    0.256508] pcpu-alloc: [0] 048 049 050 051 052 053 054 055 056 057 058 059 060 061 062 063 
[    0.256535] pcpu-alloc: [0] 064 065 066 067 068 069 070 071 072 073 074 075 076 077 078 079 
[    0.256562] pcpu-alloc: [0] 080 081 082 083 084 085 086 087 088 089 090 091 092 093 094 095 
[    0.256589] pcpu-alloc: [0] 096 097 098 099 100 101 102 103 104 105 106 107 108 109 110 111 
[    0.256617] pcpu-alloc: [0] 112 113 114 115 116 117 118 119 120 121 122 123 124 125 126 127 
[    0.257054] SUN4V: Mondo queue sizes [cpu(131072) dev(16384) r(8192) nr(256)]
[    0.257431] Built 1 zonelists, mobility grouping on.  Total pages: 4415672
[    0.257500] Policy zone: Normal
[    0.257558] Kernel command line: BOOT_IMAGE=/vmlinux-5.8.0-rc1-00226-g4333a9b0b67b root=/dev/vdiska2 ro zswap.enabled=1
[    0.260489] printk: log_buf_len individual max cpu contribution: 4096 bytes
[    0.260560] printk: log_buf_len total cpu_extra contributions: 520192 bytes
[    0.260625] printk: log_buf_len min size: 131072 bytes
[    0.260897] printk: log_buf_len: 1048576 bytes
[    0.260949] printk: early log buf free: 126688(96%)
[    0.267266] Dentry cache hash table entries: 8388608 (order: 13, 67108864 bytes, linear)
[    0.270522] Inode-cache hash table entries: 4194304 (order: 12, 33554432 bytes, linear)
[    0.270598] Sorting __ex_table...
[    0.270844] mem auto-init: stack:off, heap alloc:off, heap free:off
[    0.370298] Memory: 35127784K/35638608K available (7967K kernel code, 1074K rwdata, 2368K rodata, 664K init, 6852K bss, 510824K reserved, 0K cma-reserved)
[    0.370981] SLUB: HWalign=32, Order=0-3, MinObjects=0, CPUs=128, Nodes=32
[    0.371286] ftrace: allocating 22345 entries in 44 pages
[    0.380006] ftrace: allocated 44 pages with 3 groups
[    0.382919] Running RCU self tests
[    0.383010] rcu: Hierarchical RCU implementation.
[    0.383063] rcu: 	RCU event tracing is enabled.
[    0.383112] rcu: 	RCU lockdep checking is enabled.
[    0.383164] 	Trampoline variant of Tasks RCU enabled.
[    0.383216] 	Rude variant of Tasks RCU enabled.
[    0.383265] 	Tracing variant of Tasks RCU enabled.
[    0.383316] rcu: RCU calculated value of scheduler-enlistment delay is 10 jiffies.
[    0.387897] NR_IRQS: 2048, nr_irqs: 2048, preallocated irqs: 1
[    0.387973] SUN4V: Using IRQ API major 3, cookie only virqs enabled
[    0.390520] clocksource: stick: mask: 0xffffffffffffffff max_cycles: 0x1cd42e4dffb, max_idle_ns: 881590591483 ns
[    0.390652] clocksource: mult[800000] shift[23]
[    0.390701] clockevent: mult[80000000] shift[31]
[    0.391101] Console: colour dummy device 80x25
[    0.391165] printk: console [tty0] enabled
[    0.391244] printk: bootconsole [earlyprom0] disabled
[    0.391331] Lock dependency validator: Copyright (c) 2006 Red Hat, Inc., Ingo Molnar
[    0.391383] ... MAX_LOCKDEP_SUBCLASSES:  8
[    0.391415] ... MAX_LOCK_DEPTH:          48
[    0.391447] ... MAX_LOCKDEP_KEYS:        8192
[    0.391480] ... CLASSHASH_SIZE:          4096
[    0.391512] ... MAX_LOCKDEP_ENTRIES:     16384
[    0.391545] ... MAX_LOCKDEP_CHAINS:      32768
[    0.391578] ... CHAINHASH_SIZE:          16384
[    0.391612]  memory used by lock dependency info: 3919 kB
[    0.391650]  memory used for stack traces: 2112 kB
[    0.391684]  per task-struct memory footprint: 1920 bytes
[    0.540974] Calibrating delay using timer specific routine.. 2005.79 BogoMIPS (lpj=10028995)
[    0.541047] pid_max: default: 131072 minimum: 1024
[    0.541342] LSM: Security Framework initializing
[    0.541516] AppArmor: AppArmor initialized
[    0.541791] Mount-cache hash table entries: 131072 (order: 7, 1048576 bytes, linear)
[    0.541960] Mountpoint-cache hash table entries: 131072 (order: 7, 1048576 bytes, linear)
[    0.547205] rcu: Hierarchical SRCU implementation.
[    0.556025] smp: Bringing up secondary CPUs ...
[    0.602467] smp: Brought up 1 node, 32 CPUs
[    0.608185] devtmpfs: initialized
[    0.613290] Performance events: 
[    0.613328] Testing NMI watchdog ... 
[    0.813408] OK.
[    0.813576] Supported PMU type is 'niagara5'
[    0.813782] random: get_random_u32 called from bucket_table_alloc.isra.0+0x198/0x1c0 with crng_init=0
[    0.814351] ldc.c:v1.1 (July 22, 2008)
[    0.816984] clocksource: jiffies: mask: 0xffffffff max_cycles: 0xffffffff, max_idle_ns: 19112604462750000 ns
[    0.817080] futex hash table entries: 32768 (order: 9, 4194304 bytes, linear)
[    0.822488] NET: Registered protocol family 16
[    0.831796] VIO: Adding device channel-devices (tx_ino = ffffffffffffffff, rx_ino = ffffffffffffffff)
[    0.832052] VIO: Adding device vnet-port-0-0 (tx_ino = 0, rx_ino = 1)
[    0.832267] VIO: Adding device vnet-port-0-1 (tx_ino = 2, rx_ino = 3)
[    0.832448] VIO: Adding device vnet-port-0-2 (tx_ino = 4, rx_ino = 5)
[    0.832634] VIO: Adding device vnet-port-0-3 (tx_ino = 6, rx_ino = 7)
[    0.832823] VIO: Adding device vnet-port-0-4 (tx_ino = 8, rx_ino = 9)
[    0.833003] VIO: Adding device vdc-port-2-0 (tx_ino = c, rx_ino = d)
[    0.833187] VIO: Adding device vdc-port-1-0 (tx_ino = e, rx_ino = f)
[    0.833367] VIO: Adding device vdc-port-0-0 (tx_ino = 10, rx_ino = 11)
[    0.833579] VIO: Adding device vdc-port-3-0 (tx_ino = 12, rx_ino = 13)
[    0.833769] VIO: Adding device vlds-port-0-0 (tx_ino = 14, rx_ino = 15)
[    0.833953] VIO: Adding device domain-services-port-0 (tx_ino = 14, rx_ino = 15)
[    0.834260] audit: initializing netlink subsys (disabled)
[    0.834534] audit: type=2000 audit(0.440:1): state=initialized audit_enabled=0 res=1
[    0.864348] HugeTLB registered 64.0 KiB page size, pre-allocated 0 pages
[    0.864400] HugeTLB registered 8.00 MiB page size, pre-allocated 0 pages
[    0.864449] HugeTLB registered 256 MiB page size, pre-allocated 0 pages
[    0.864497] HugeTLB registered 2.00 GiB page size, pre-allocated 0 pages
[    0.867492] alg: extra crypto tests enabled.  This is intended for developer use only.
[    0.890502] cryptd: max_cpu_qlen set to 1000
[    0.994646] NetLabel: Initializing
[    0.994679] NetLabel:  domain hash size = 128
[    0.994715] NetLabel:  protocols = UNLABELED CIPSOv4 CALIPSO
[    0.994845] NetLabel:  unlabeled traffic allowed by default
[    0.995814] SUN4V: Reboot data supported (maj=1,min=0).
[    0.996207] ds.c:v1.0 (Jul 11, 2007)
[    0.996569] ds-0: ds_conn_reset() from send_events.isra.0
[    0.998044] clocksource: Switched to clocksource stick
[    1.210881] VFS: Disk quotas dquot_6.6.0
[    1.211030] VFS: Dquot-cache hash table entries: 1024 (order 0, 8192 bytes)
[    1.213302] AppArmor: AppArmor Filesystem Enabled
[    1.226865] NET: Registered protocol family 2
[    1.228653] tcp_listen_portaddr_hash hash table entries: 32768 (order: 8, 2621440 bytes, linear)
[    1.231579] TCP established hash table entries: 524288 (order: 9, 4194304 bytes, linear)
[    1.234044] TCP bind hash table entries: 65536 (order: 9, 4718592 bytes, linear)
[    1.239693] TCP: Hash tables configured (established 524288 bind 65536)
[    1.242222] UDP hash table entries: 32768 (order: 9, 5242880 bytes, linear)
[    1.248517] UDP-Lite hash table entries: 32768 (order: 9, 5242880 bytes, linear)
[    1.256444] NET: Registered protocol family 1
[    1.256509] NET: Registered protocol family 44
[    1.257037] Trying to unpack rootfs image as initramfs...
[    1.459704] Freeing initrd memory: 15120K
[    1.460490] aes_sparc64: Using sparc64 aes opcodes optimized AES implementation
[    1.699599] des_sparc64: Using sparc64 des opcodes optimized DES implementation
[    2.161555] camellia_sparc64: Using sparc64 camellia opcodes optimized CAMELLIA implementation
[    2.339208] workingset: timestamp_bits=41 max_order=23 bucket_order=0
[    2.360546] zbud: loaded
[    2.363263] SGI XFS with ACLs, security attributes, quota, fatal assert, debug enabled
[    2.390221] Block layer SCSI generic (bsg) driver version 0.4 loaded (major 252)
[    2.391190] io scheduler mq-deadline registered
[    2.393979] f029b788: ttyHV0 at I/O 0x0 (irq = 1, base_baud = 115200) is a SUN4V HCONS
[    2.394967] printk: console [ttyHV0] enabled
[    2.399306] sunvdc.c:v1.2 (November 24, 2014)
[    2.402602] sunvdc: Virtual Hard disk vdiskc
[    2.402644] sunvdc: vdiskc: 104857600 sectors (51200 MB) protocol 1.2
[    2.425964] sunvdc: Virtual Hard disk vdiskb
[    2.426010] sunvdc: vdiskb: 62914560 sectors (30720 MB) protocol 1.2
[    2.427618]  vdiskb: vdiskb1
[    2.449422] sunvdc: Virtual Hard disk vdiska
[    2.449467] sunvdc: vdiska: 31457280 sectors (15360 MB) protocol 1.2
[    2.451322]  vdiska: vdiska1 vdiska2 vdiska3 vdiska4
[    2.474649] sunvdc: Virtual CDROM vdiskd
[    2.474695] sunvdc: vdiskd: 453848 sectors (221 MB) protocol 1.2
[    2.475806]  vdiskd: vdiskd1 vdiskd2 vdiskd3 vdiskd4 vdiskd5 vdiskd6 vdiskd7
[    2.496731] sunvnet: sunvnet 2.0 (February 3, 2017)
[    2.499409] vnet_port vnet-port-0-0 eth0: Sun LDOM vnet 00:14:4f:f8:12:a3
[    2.499631] sunvnet: eth0: PORT ( remote-mac 00:14:4f:fa:f3:f0 switch-port )
[    2.500253] sunvnet: eth0: PORT ( remote-mac 00:14:4f:f8:e5:f3 )
[    2.500853] sunvnet: eth0: PORT ( remote-mac 00:14:4f:f9:b4:97 )
[    2.501450] sunvnet: eth0: PORT ( remote-mac 00:14:4f:f8:3f:1e )
[    2.502036] sunvnet: eth0: PORT ( remote-mac 00:14:4f:f8:fe:47 )
[    2.503289] rtc-sun4v rtc-sun4v: registered as rtc0
[    2.503430] rtc-sun4v rtc-sun4v: setting system clock to 2020-06-20T12:39:48 UTC (1592656788)
[    2.504023] sun4v_wdt: initialized (timeout=60s, nowayout=0)
[    2.504416] device-mapper: uevent: version 1.0.3
[    2.505458] device-mapper: ioctl: 4.42.0-ioctl (2020-02-27) initialised: dm-devel@redhat.com
[    2.506490] NET: Registered protocol family 17
[    2.506939] registered taskstats version 1
[    2.507880] zswap: loaded using pool lzo/zbud
[    2.509405] AppArmor: AppArmor sha1 policy hashing enabled
[    2.514669] This architecture does not have kernel memory protection.
[    2.514729] Run /init as init process
[    2.514763]   with arguments:
[    2.514770]     /init
[    2.514776]   with environment:
[    2.514783]     HOME=/
[    2.514790]     TERM=linux
[    2.514796]     BOOT_IMAGE=/vmlinux-5.8.0-rc1-00226-g4333a9b0b67b
[    3.007654] crc32c_sparc64: Using sparc64 crc32c opcode optimized CRC32C implementation
[    3.082026] random: fast init done
[    3.548001] raid6: int64x8  gen()  2155 MB/s
[    3.718001] raid6: int64x8  xor()  1531 MB/s
[    3.887988] raid6: int64x4  gen()  3415 MB/s
[    4.057986] raid6: int64x4  xor()  1477 MB/s
[    4.227989] raid6: int64x2  gen()  2786 MB/s
[    4.397991] raid6: int64x2  xor()  1163 MB/s
[    4.568033] raid6: int64x1  gen()  1377 MB/s
[    4.737984] raid6: int64x1  xor()   669 MB/s
[    4.738041] raid6: using algorithm int64x4 gen() 3415 MB/s
[    4.738087] raid6: .... xor() 1477 MB/s, rmw enabled
[    4.738128] raid6: using intx1 recovery algorithm
[    4.739059] async_tx: api initialized (async)
[    4.739588] xor: automatically using best checksumming function   Niagara   
[    4.943036] process '/usr/bin/fstype' started with executable stack
[    5.068068] EXT4-fs (vdiska2): mounted filesystem with ordered data mode. Opts: (null)
[    6.507321] systemd[1]: Inserted module 'autofs4'
[    6.519813] NET: Registered protocol family 10
[    6.526159] Segment Routing with IPv6
[    6.584058] systemd[1]: systemd 245.6-1 running in system mode. (+PAM +AUDIT +SELINUX +IMA +APPARMOR +SMACK +SYSVINIT +UTMP +LIBCRYPTSETUP +GCRYPT +GNUTLS +ACL +XZ +LZ4 -SECCOMP +BLKID +ELFUTILS +KMOD +IDN2 -IDN +PCRE2 default-hierarchy=hybrid)
[    6.584692] systemd[1]: Detected architecture sparc64.
[    6.674907] systemd[1]: Set hostname to <ttip>.
[    8.156462] random: lvmconfig: uninitialized urandom read (4 bytes read)
[   10.103727] random: systemd: uninitialized urandom read (16 bytes read)
[   10.148677] systemd[1]: Created slice system-getty.slice.
[   10.149441] random: systemd: uninitialized urandom read (16 bytes read)
[   10.159576] systemd[1]: Created slice system-modprobe.slice.
[   10.160032] random: systemd: uninitialized urandom read (16 bytes read)
[   10.169901] systemd[1]: Created slice system-openvpn\x2dclient.slice.
[   10.208889] systemd[1]: Created slice system-postfix.slice.
[   10.219458] systemd[1]: Created slice system-systemd\x2dfsck.slice.
[   10.229193] systemd[1]: Created slice User and Session Slice.
[   10.230340] systemd[1]: Started Dispatch Password Requests to Console Directory Watch.
[   10.231320] systemd[1]: Started Forward Password Requests to Wall Directory Watch.
[   10.234529] systemd[1]: Set up automount Arbitrary Executable File Formats File System Automount Point.
[   10.235127] systemd[1]: Reached target Local Encrypted Volumes.
[   10.235637] systemd[1]: Reached target Paths.
[   10.236097] systemd[1]: Reached target Remote File Systems.
[   10.236566] systemd[1]: Reached target Slices.
[   10.237498] systemd[1]: Listening on Device-mapper event daemon FIFOs.
[   10.238747] systemd[1]: Listening on LVM2 poll daemon socket.
[   10.239858] systemd[1]: Listening on Syslog Socket.
[   10.240874] systemd[1]: Listening on fsck to fsckd communication Socket.
[   10.241676] systemd[1]: Listening on initctl Compatibility Named Pipe.
[   10.242959] systemd[1]: Listening on Journal Audit Socket.
[   10.243970] systemd[1]: Listening on Journal Socket (/dev/log).
[   10.245166] systemd[1]: Listening on Journal Socket.
[   10.246276] systemd[1]: Listening on udev Control Socket.
[   10.247124] systemd[1]: Listening on udev Kernel Socket.
[   10.269890] systemd[1]: Mounting Huge Pages File System...
[   10.284948] systemd[1]: Mounting POSIX Message Queue File System...
[   10.301328] systemd[1]: Mounting Kernel Debug File System...
[   10.369193] systemd[1]: Mounting Kernel Trace File System...
[   10.383451] systemd[1]: Starting Availability of block devices...
[   10.399545] systemd[1]: Starting Wait for network to be configured by ifupdown...
[   10.414425] systemd[1]: Starting Create list of static device nodes for the current kernel...
[   10.429957] systemd[1]: Starting Monitoring of LVM2 mirrors, snapshots etc. using dmeventd or progress polling...
[   10.445442] systemd[1]: Starting Load Kernel Module drm...
[   10.460448] systemd[1]: Starting nftables...
[   10.463122] systemd[1]: Condition check resulted in Set Up Additional Binary Formats being skipped.
[   10.463378] systemd[1]: Condition check resulted in File System Check on Root Device being skipped.
[   10.482159] systemd[1]: Starting Journal Service...
[   10.498359] systemd[1]: Starting Load Kernel Modules...
[   10.514676] systemd[1]: Starting Remount Root and Kernel File Systems...
[   10.532439] systemd[1]: Starting udev Coldplug all Devices...
[   10.541505] systemd[1]: Mounted Huge Pages File System.
[   10.543347] systemd[1]: Mounted POSIX Message Queue File System.
[   10.545167] systemd[1]: Mounted Kernel Debug File System.
[   10.546943] systemd[1]: Mounted Kernel Trace File System.
[   10.557361] systemd[1]: Finished Availability of block devices.
[   10.565452] systemd[1]: Finished Wait for network to be configured by ifupdown.
[   10.572011] systemd[1]: Finished Create list of static device nodes for the current kernel.
[   10.574875] systemd[1]: modprobe@drm.service: Succeeded.
[   10.579744] systemd[1]: Finished Load Kernel Module drm.
[   10.607629] systemd[1]: Finished Load Kernel Modules.
[   10.612011] systemd[1]: Condition check resulted in FUSE Control File System being skipped.
[   10.612410] systemd[1]: Condition check resulted in Kernel Configuration File System being skipped.
[   10.626669] systemd[1]: Starting Apply Kernel Variables...
[   10.636373] EXT4-fs (vdiska2): re-mounted. Opts: errors=remount-ro
[   10.647084] systemd[1]: Finished Remount Root and Kernel File Systems.
[   10.770880] systemd[1]: Starting Initial Check File System Quotas...
[   10.808889] systemd[1]: Condition check resulted in Rebuild Hardware Database being skipped.
[   10.809191] systemd[1]: Condition check resulted in Platform Persistent Storage Archival being skipped.
[   10.823208] systemd[1]: Starting Load/Save Random Seed...
[   10.839283] systemd[1]: Starting Create System Users...
[   10.841402] systemd[1]: Started Journal Service.
[   11.008170] systemd-journald[501]: Received client request to flush runtime journal.
[   12.834023] sha1_sparc64: Using sparc64 sha1 opcode optimized SHA-1 implementation
[   12.950572] n2rng v0.3 (Jan 7, 2017)
[   12.950684] n2rng f029b104: Registered RNG HVAPI major 2 minor 0
[   12.950783] n2rng f029b104: Found multi-unit-capable RNG, units: 2
[   12.952000] n2rng f029b104: RNG ready
[   12.996583] sha256_sparc64: Using sparc64 sha256 opcode optimized SHA-256/SHA-224 implementation
[   13.042714] pktcdvd: setup of pktcdvd device failed
[   13.093515] pktcdvd: setup of pktcdvd device failed
[   13.096941] pktcdvd: setup of pktcdvd device failed
[   13.100462] pktcdvd: setup of pktcdvd device failed
[   13.104475] pktcdvd: setup of pktcdvd device failed
[   13.108349] pktcdvd: setup of pktcdvd device failed
[   13.111441] pktcdvd: setup of pktcdvd device failed
[   13.115046] pktcdvd: setup of pktcdvd device failed
[   13.168355] sha512_sparc64: Using sparc64 sha512 opcode optimized SHA-512/SHA-384 implementation
[   13.170062] md5_sparc64: Using sparc64 md5 opcode optimized MD5 implementation
[   13.308155] Adding 787176k swap on /dev/vdiska4.  Priority:-2 extents:1 across:787176k FS
[   13.669742] XFS (dm-0): Mounting V5 Filesystem
[   13.754158] XFS (dm-0): Ending clean mount
[   13.756786] xfs filesystem being mounted at /1 supports timestamps until 2038 (0x7fffffff)
[   13.819665] EXT4-fs (vdiska1): mounting ext3 file system using the ext4 subsystem
[   14.094650] EXT4-fs (vdiska1): mounted filesystem with ordered data mode. Opts: (null)
[   14.094852] ext3 filesystem being mounted at /boot supports timestamps until 2038 (0x7fffffff)
[   15.130634] Kernel unaligned access at TPC[8bf918] aa_dfa_unpack+0x38/0x640
[   15.130756] Kernel unaligned access at TPC[8bf938] aa_dfa_unpack+0x58/0x640
[   15.130831] Kernel unaligned access at TPC[8bf9fc] aa_dfa_unpack+0x11c/0x640
[   15.130910] Kernel unaligned access at TPC[8bfacc] aa_dfa_unpack+0x1ec/0x640
[   15.130985] Kernel unaligned access at TPC[8bfae0] aa_dfa_unpack+0x200/0x640
[   15.458786] random: crng init done
[   15.458937] random: 6 urandom warning(s) missed due to ratelimiting
