[    0.000020] PROMLIB: Sun IEEE Boot Prom 'OBP 4.38.12 2018/03/28 14:54'
[    0.000033] PROMLIB: Root node compatible: sun4v
[    0.000079] Linux version 5.3.0-11768-g619e17cf75dd-dirty (mator@ttip.nvglabs.local) (gcc version 9.2.1 20190909 (Debian 9.2.1-8)) #1238 SMP Mon Sep 23 17:09:22 MSK 2019
[    0.000410] printk: bootconsole [earlyprom0] enabled
[    0.000460] ARCH: SUN4V
[    0.000510] Ethernet address: 00:14:4f:fa:06:f2
[    0.000562] MM: PAGE_OFFSET is 0xfff8000000000000 (max_phys_bits == 47)
[    0.000631] MM: VMALLOC [0x0000000100000000 --> 0x0006000000000000]
[    0.000692] MM: VMEMMAP [0x0006000000000000 --> 0x000c000000000000]
[    0.012321] Kernel: Using 5 locked TLB entries for main kernel image.
[    0.012390] Remapping the kernel... 
[    0.012414] done.
[    0.047035] OF stdout device is: /virtual-devices@100/console@1
[    0.047100] PROM: Built device tree with 87467 bytes of memory.
[    0.047161] MDESC: Size is 37248 bytes.
[    0.047280] PLATFORM: banner-name [SPARC T5-2]
[    0.047332] PLATFORM: name [ORCL,SPARC-T5-2]
[    0.047379] PLATFORM: hostid [84fa06f2]
[    0.047422] PLATFORM: serial# [0035260e]
[    0.047465] PLATFORM: stick-frequency [3b9aca00]
[    0.047514] PLATFORM: mac-address [144ffa06f2]
[    0.047561] PLATFORM: watchdog-resolution [1000 ms]
[    0.047612] PLATFORM: watchdog-max-timeout [31536000000 ms]
[    0.047668] PLATFORM: max-cpus [1024]
[    0.047738] Top of RAM: 0x24af938000, Total RAM: 0x87f354000
[    0.047799] Memory hole size: 115461MB
[    0.099772] kmemleak: Kernel memory leak detector disabled
[    0.277351] Allocated 35708928 bytes for kernel page tables.
[    0.277423] Zone ranges:
[    0.277462]   Normal   [mem 0x0000000030400000-0x00000024af937fff]
[    0.277526] Movable zone start for each node
[    0.277572] Early memory node ranges
[    0.277613]   node   0: [mem 0x0000000030400000-0x000000006fe7ffff]
[    0.277678]   node   0: [mem 0x000000006ff00000-0x000000006ff25fff]
[    0.277740]   node   0: [mem 0x0000000070000000-0x000000042fffffff]
[    0.277804]   node   0: [mem 0x0000002030000000-0x00000024af87ffff]
[    0.277868]   node   0: [mem 0x00000024af900000-0x00000024af925fff]
[    0.277929]   node   0: [mem 0x00000024af930000-0x00000024af937fff]
[    0.285293] Zeroed struct page in unavailable ranges: 230130 pages
[    0.285300] Initmem setup node 0 [mem 0x0000000030400000-0x00000024af937fff]
[    0.285457] On node 0 totalpages: 4454826
[    0.285467]   Normal zone: 39154 pages used for memmap
[    0.285472]   Normal zone: 0 pages reserved
[    0.285478]   Normal zone: 4454826 pages, LIFO batch:31
[    0.294237] Booting Linux...
[    0.294320] CPU CAPS: [flush,stbar,swap,muldiv,v9,blkinit,n2,mul32]
[    0.294404] CPU CAPS: [div32,v8plus,popc,vis,vis2,ASIBlkInit,fmaf,vis3]
[    0.294481] CPU CAPS: [hpc,ima,pause,cbcond,aes,des,kasumi,camellia]
[    0.294554] CPU CAPS: [md5,sha1,sha256,sha512,mpmul,montmul,montsqr,crc32c]
[    0.327657] percpu: Embedded 27 pages/cpu s180680 r8192 d32312 u262144
[    0.327892] pcpu-alloc: s180680 r8192 d32312 u262144 alloc=1*4194304
[    0.327899] pcpu-alloc: [0] 000 001 002 003 004 005 006 007 008 009 010 011 012 013 014 015 
[    0.327927] pcpu-alloc: [0] 016 017 018 019 020 021 022 023 024 025 026 027 028 029 030 031 
[    0.327955] pcpu-alloc: [0] 032 033 034 035 036 037 038 039 040 041 042 043 044 045 046 047 
[    0.327983] pcpu-alloc: [0] 048 049 050 051 052 053 054 055 056 057 058 059 060 061 062 063 
[    0.328011] pcpu-alloc: [0] 064 065 066 067 068 069 070 071 072 073 074 075 076 077 078 079 
[    0.328038] pcpu-alloc: [0] 080 081 082 083 084 085 086 087 088 089 090 091 092 093 094 095 
[    0.328066] pcpu-alloc: [0] 096 097 098 099 100 101 102 103 104 105 106 107 108 109 110 111 
[    0.328094] pcpu-alloc: [0] 112 113 114 115 116 117 118 119 120 121 122 123 124 125 126 127 
[    0.328623] SUN4V: Mondo queue sizes [cpu(131072) dev(16384) r(8192) nr(256)]
[    0.329070] Built 1 zonelists, mobility grouping on.  Total pages: 4415672
[    0.329159] Kernel command line: BOOT_IMAGE=/vmlinux-5.3.0-11768-g619e17cf75dd-dirty root=/dev/vdiska2 ro zswap.enabled=1
[    0.331548] printk: log_buf_len individual max cpu contribution: 4096 bytes
[    0.331618] printk: log_buf_len total cpu_extra contributions: 520192 bytes
[    0.331685] printk: log_buf_len min size: 131072 bytes
[    0.332005] printk: log_buf_len: 1048576 bytes
[    0.332056] printk: early log buf free: 126560(96%)
[    0.341666] Dentry cache hash table entries: 8388608 (order: 13, 67108864 bytes, linear)
[    0.346563] Inode-cache hash table entries: 4194304 (order: 12, 33554432 bytes, linear)
[    0.346645] Sorting __ex_table...
[    0.346889] mem auto-init: stack:off, heap alloc:off, heap free:off
[    0.415684] Memory: 1305232K/35638608K available (7340K kernel code, 953K rwdata, 2184K rodata, 1024K init, 6732K bss, 539192K reserved, 0K cma-reserved)
[    0.419753] SLUB: HWalign=32, Order=0-3, MinObjects=0, CPUs=128, Nodes=1
[    0.421343] ftrace: allocating 21365 entries in 42 pages
[    0.434176] Running RCU self tests
[    0.434222] rcu: Hierarchical RCU implementation.
[    0.434274] rcu: 	RCU event tracing is enabled.
[    0.434322] rcu: 	RCU lockdep checking is enabled.
[    0.434373] 	Tasks RCU enabled.
[    0.434410] rcu: RCU calculated value of scheduler-enlistment delay is 10 jiffies.
[    0.439220] NR_IRQS: 2048, nr_irqs: 2048, preallocated irqs: 1
[    0.439425] SUN4V: Using IRQ API major 3, cookie only virqs enabled
[    0.443001] clocksource: stick: mask: 0xffffffffffffffff max_cycles: 0x1cd42e4dffb, max_idle_ns: 881590591483 ns
[    0.443131] clocksource: mult[800000] shift[23]
[    0.443180] clockevent: mult[80000000] shift[31]
[    0.444757] Console: colour dummy device 80x25
[    0.444821] printk: console [tty0] enabled
[    0.444896] printk: bootconsole [earlyprom0] disabled
[    0.444981] Lock dependency validator: Copyright (c) 2006 Red Hat, Inc., Ingo Molnar
[    0.445029] ... MAX_LOCKDEP_SUBCLASSES:  8
[    0.445059] ... MAX_LOCK_DEPTH:          48
[    0.445088] ... MAX_LOCKDEP_KEYS:        8192
[    0.445118] ... CLASSHASH_SIZE:          4096
[    0.445148] ... MAX_LOCKDEP_ENTRIES:     16384
[    0.445179] ... MAX_LOCKDEP_CHAINS:      32768
[    0.445209] ... CHAINHASH_SIZE:          16384
[    0.445240]  memory used by lock dependency info: 3855 kB
[    0.445275]  memory used for stack traces: 2112 kB
[    0.445307]  per task-struct memory footprint: 1920 bytes
[    0.445641] kmemleak: Early log buffer exceeded (2001), please increase DEBUG_KMEMLEAK_EARLY_LOG_SIZE
[    0.593425] Calibrating delay using timer specific routine.. 2004.55 BogoMIPS (lpj=10022767)
[    0.593490] pid_max: default: 131072 minimum: 1024
[    0.595520] LSM: Security Framework initializing
[    0.596226] Smack:  Initializing.
[    0.596252] Smack:  IPv6 port labeling enabled.
[    0.597238] Mount-cache hash table entries: 131072 (order: 7, 1048576 bytes, linear)
[    0.597471] Mountpoint-cache hash table entries: 131072 (order: 7, 1048576 bytes, linear)
[    0.597995] *** VALIDATE tmpfs ***
[    0.600541] *** VALIDATE proc ***
[    0.602183] *** VALIDATE cgroup1 ***
[    0.602215] *** VALIDATE cgroup2 ***
[    0.605535] rcu: Hierarchical SRCU implementation.
[    0.613712] smp: Bringing up secondary CPUs ...
[    0.663624] smp: Brought up 1 node, 32 CPUs
[    0.855784] node 0 initialised, 4224273 pages in 190ms
[    0.857518] devtmpfs: initialized
[    0.862102] Performance events: 
[    0.862153] Testing NMI watchdog ... 
[    1.062361] OK.
[    1.062513] Supported PMU type is 'niagara5'
[    1.062925] random: get_random_u32 called from bucket_table_alloc.isra.0+0x188/0x1c0 with crng_init=0
[    1.063749] ldc.c:v1.1 (July 22, 2008)
[    1.066390] clocksource: jiffies: mask: 0xffffffff max_cycles: 0xffffffff, max_idle_ns: 19112604462750000 ns
[    1.066481] futex hash table entries: 32768 (order: 9, 4194304 bytes, linear)
[    1.074328] NET: Registered protocol family 16
[    1.082420] VIO: Adding device channel-devices (tx_ino = ffffffffffffffff, rx_ino = ffffffffffffffff)
[    1.082683] VIO: Adding device vnet-port-0-0 (tx_ino = 0, rx_ino = 1)
[    1.082881] VIO: Adding device vnet-port-0-1 (tx_ino = 2, rx_ino = 3)
[    1.083054] VIO: Adding device vnet-port-0-2 (tx_ino = 4, rx_ino = 5)
[    1.083219] VIO: Adding device vnet-port-0-4 (tx_ino = 8, rx_ino = 9)
[    1.083383] VIO: Adding device vnet-port-0-5 (tx_ino = a, rx_ino = b)
[    1.083551] VIO: Adding device vnet-port-0-6 (tx_ino = c, rx_ino = d)
[    1.083716] VIO: Adding device vnet-port-0-3 (tx_ino = 6, rx_ino = 7)
[    1.083881] VIO: Adding device vdc-port-3-0 (tx_ino = e, rx_ino = f)
[    1.084049] VIO: Adding device vdc-port-2-0 (tx_ino = 10, rx_ino = 11)
[    1.084214] VIO: Adding device vdc-port-1-0 (tx_ino = 12, rx_ino = 13)
[    1.084378] VIO: Adding device vdc-port-0-0 (tx_ino = 14, rx_ino = 15)
[    1.084548] VIO: Adding device vdc-port-4-0 (tx_ino = 16, rx_ino = 17)
[    1.084713] VIO: Adding device vlds-port-0-0 (tx_ino = 18, rx_ino = 19)
[    1.084909] VIO: Adding device domain-services-port-0 (tx_ino = 18, rx_ino = 19)
[    1.085322] audit: initializing netlink subsys (disabled)
[    1.085603] audit: type=2000 audit(0.640:1): state=initialized audit_enabled=0 res=1
[    1.112415] HugeTLB registered 64.0 KiB page size, pre-allocated 0 pages
[    1.112463] HugeTLB registered 8.00 MiB page size, pre-allocated 0 pages
[    1.112508] HugeTLB registered 256 MiB page size, pre-allocated 0 pages
[    1.112608] HugeTLB registered 2.00 GiB page size, pre-allocated 0 pages
[    1.187394] NetLabel: Initializing
[    1.187428] NetLabel:  domain hash size = 128
[    1.187460] NetLabel:  protocols = UNLABELED CIPSOv4 CALIPSO
[    1.187595] NetLabel:  unlabeled traffic allowed by default
[    1.188599] SUN4V: Reboot data supported (maj=1,min=0).
[    1.189235] ds.c:v1.0 (Jul 11, 2007)
[    1.189672] ds-0: ds_conn_reset() from send_events.isra.0
[    1.191201] clocksource: Switched to clocksource stick
[    1.420519] VFS: Disk quotas dquot_6.6.0
[    1.421323] VFS: Dquot-cache hash table entries: 1024 (order 0, 8192 bytes)
[    1.421542] *** VALIDATE ramfs ***
[    1.421716] *** VALIDATE hugetlbfs ***
[    1.438630] NET: Registered protocol family 2
[    1.442011] tcp_listen_portaddr_hash hash table entries: 32768 (order: 8, 2359296 bytes, linear)
[    1.445201] TCP established hash table entries: 524288 (order: 9, 4194304 bytes, linear)
[    1.447431] TCP bind hash table entries: 65536 (order: 9, 4194304 bytes, linear)
[    1.452937] TCP: Hash tables configured (established 524288 bind 65536)
[    1.455982] UDP hash table entries: 32768 (order: 9, 5242880 bytes, linear)
[    1.462608] UDP-Lite hash table entries: 32768 (order: 9, 5242880 bytes, linear)
[    1.472268] NET: Registered protocol family 1
[    1.472334] NET: Registered protocol family 44
[    1.473941] Trying to unpack rootfs image as initramfs...
[    1.775523] Freeing initrd memory: 10368K
[    1.791733] workingset: timestamp_bits=46 max_order=23 bucket_order=0
[    1.814487] SGI XFS with ACLs, security attributes, debug enabled
[    1.840401] Block layer SCSI generic (bsg) driver version 0.4 loaded (major 252)
[    1.841504] io scheduler mq-deadline registered
[    1.844900] f029b788: ttyHV0 at I/O 0x0 (irq = 1, base_baud = 115200) is a SUN4V HCONS
[    1.851553] printk: console [ttyHV0] enabled
[    1.855543] sunvdc.c:v1.2 (November 24, 2014)
[    1.859071] sunvdc: Virtual CDROM vdiskd
[    1.859114] sunvdc: vdiskd: 403160 sectors (196 MB) protocol 1.2
[    1.861283]  vdiskd: vdiskd1 vdiskd2 vdiskd3 vdiskd4 vdiskd5 vdiskd6 vdiskd7
[    1.887682] sunvdc: Virtual Hard disk vdiskc
[    1.887722] sunvdc: vdiskc: 104857600 sectors (51200 MB) protocol 1.2
[    1.912477] sunvdc: Virtual Hard disk vdiskb
[    1.912518] sunvdc: vdiskb: 62914560 sectors (30720 MB) protocol 1.2
[    1.914205]  vdiskb: vdiskb1
[    1.937633] sunvdc: Virtual Hard disk vdiska
[    1.937674] sunvdc: vdiska: 31457280 sectors (15360 MB) protocol 1.2
[    1.939360]  vdiska: vdiska1 vdiska2 vdiska3 vdiska4
[    1.964165] sunvdc: Virtual Hard disk vdiske
[    1.964205] sunvdc: vdiske: 20971520 sectors (10240 MB) protocol 1.2
[    1.966723]  vdiske: vdiske1 vdiske2 vdiske3
[    1.987665] sunvnet: sunvnet 2.0 (February 3, 2017)
[    1.990085] vnet_port vnet-port-0-0 eth0: Sun LDOM vnet 00:14:4f:f8:12:a3
[    1.990323] sunvnet: eth0: PORT ( remote-mac 00:14:4f:fa:f3:f0 switch-port )
[    1.990952] sunvnet: eth0: PORT ( remote-mac 00:14:4f:f8:e5:f3 )
[    1.991633] sunvnet: eth0: PORT ( remote-mac 00:14:4f:f9:b4:97 )
[    1.992261] sunvnet: eth0: PORT ( remote-mac 00:14:4f:f8:3f:1e )
[    1.992883] sunvnet: eth0: PORT ( remote-mac 00:14:4f:f8:fe:47 )
[    1.993503] sunvnet: eth0: PORT ( remote-mac 00:14:4f:f9:8b:83 )
[    1.994130] sunvnet: eth0: PORT ( remote-mac 00:14:4f:f9:6c:d1 )
[    1.995443] rtc-sun4v rtc-sun4v: registered as rtc0
[    1.996019] sun4v_wdt: initialized (timeout=60s, nowayout=0)
[    1.996415] device-mapper: uevent: version 1.0.3
[    1.997457] device-mapper: ioctl: 4.41.0-ioctl (2019-09-16) initialised: dm-devel@redhat.com
[    1.998683] NET: Registered protocol family 17
[    1.999343] registered taskstats version 1
[    2.007314] zswap: default zpool zbud not available
[    2.007375] zswap: pool creation failed
[    2.046928] Key type big_key registered
[    2.047827] rtc-sun4v rtc-sun4v: setting system clock to 2019-09-23T14:23:16 UTC (1569248596)
[    2.052150] This architecture does not have kernel memory protection.
[    2.052197] Run /init as init process
[    2.606424] random: fast init done
[    2.621701] crc32c_sparc64: Using sparc64 crc32c opcode optimized CRC32C implementation
[    3.071087] raid6: int64x8  gen()  2175 MB/s
[    3.241104] raid6: int64x8  xor()  1572 MB/s
[    3.411094] raid6: int64x4  gen()  3476 MB/s
[    3.581089] raid6: int64x4  xor()  2010 MB/s
[    3.751090] raid6: int64x2  gen()  2871 MB/s
[    3.921086] raid6: int64x2  xor()  2002 MB/s
[    4.091084] raid6: int64x1  gen()  2803 MB/s
[    4.261087] raid6: int64x1  xor()  1655 MB/s
[    4.261122] raid6: using algorithm int64x4 gen() 3476 MB/s
[    4.261162] raid6: .... xor() 2010 MB/s, rmw enabled
[    4.261199] raid6: using intx1 recovery algorithm
[    4.262081] async_tx: api initialized (async)
[    4.262620] xor: automatically using best checksumming function   Niagara   
[    4.451510] EXT4-fs (vdiska2): mounted filesystem with ordered data mode. Opts: (null)
[    4.688516] systemd[1]: Inserted module 'autofs4'
[    4.703369] NET: Registered protocol family 10
[    4.709903] Segment Routing with IPv6
[    4.732284] systemd[1]: systemd 242 running in system mode. (+PAM +AUDIT +SELINUX +IMA +APPARMOR +SMACK +SYSVINIT +UTMP +LIBCRYPTSETUP +GCRYPT +GNUTLS +ACL +XZ +LZ4 -SECCOMP +BLKID +ELFUTILS +KMOD +IDN2 -IDN +PCRE2 default-hierarchy=hybrid)
[    4.732777] systemd[1]: Detected architecture sparc64.
[    4.805888] systemd[1]: Set hostname to <ttip.nvglabs.local>.
[    4.809630] systemd[1]: Failed to bump fs.file-max, ignoring: Invalid argument
[    4.932980] random: lvmconfig: uninitialized urandom read (4 bytes read)
[    5.306554] systemd[1]: /lib/systemd/system/dbus.socket:4: ListenStream= references a path below legacy directory /var/run/, updating /var/run/dbus/system_bus_socket → /run/dbus/system_bus_socket; please update the unit file accordingly.
[    5.341904] systemd[1]: /lib/systemd/system/pcscd.socket:4: ListenStream= references a path below legacy directory /var/run/, updating /var/run/pcscd/pcscd.comm → /run/pcscd/pcscd.comm; please update the unit file accordingly.
[    5.355425] random: systemd: uninitialized urandom read (16 bytes read)
[    5.356098] systemd[1]: Listening on Device-mapper event daemon FIFOs.
[    5.357124] random: systemd: uninitialized urandom read (16 bytes read)
[    5.358259] systemd[1]: Listening on Journal Socket.
[    5.359267] systemd[1]: Started Dispatch Password Requests to Console Directory Watch.
[    5.374624] systemd[1]: Starting Create list of required static device nodes for the current kernel...
[    5.592375] EXT4-fs (vdiska2): re-mounted. Opts: errors=remount-ro
[    5.707359] systemd-journald[472]: Received request to flush runtime journal from PID 1
[    6.127110] sha1_sparc64: Using sparc64 sha1 opcode optimized SHA-1 implementation
[    6.128840] n2rng v0.3 (Jan 7, 2017)
[    6.128898] n2rng f029b104: Registered RNG HVAPI major 2 minor 0
[    6.128948] n2rng f029b104: Found multi-unit-capable RNG, units: 2
[    6.129601] n2rng f029b104: RNG ready
[    6.155810] sha256_sparc64: Using sparc64 sha256 opcode optimized SHA-256/SHA-224 implementation
[    6.175065] sha512_sparc64: Using sparc64 sha512 opcode optimized SHA-512/SHA-384 implementation
[    6.176933] md5_sparc64: Using sparc64 md5 opcode optimized MD5 implementation
[    6.187466] aes_sparc64: Using sparc64 aes opcodes optimized AES implementation
[    6.193352] ------------[ cut here ]------------
[    6.193474] WARNING: CPU: 12 PID: 550 at drivers/block/pktcdvd.c:2597 pkt_setup_dev+0x2e4/0x5a0 [pktcdvd]
[    6.193574] Attempt to register a non-SCSI queue
[    6.193630] Modules linked in: aes_sparc64(+) pktcdvd cdrom md5_sparc64 sha512_sparc64 sha256_sparc64 n2_rng sha1_sparc64 rng_core flash ip_tables x_tables ipv6 crc_ccitt nf_defrag_ipv6 autofs4 ext4 crc16 mbcache jbd2 raid10 raid456 async_raid6_recov async_memcpy async_pq async_xor xor async_tx raid6_pq raid1 raid0 multipath linear md_mod crc32c_sparc64
[    6.194020] CPU: 12 PID: 550 Comm: pktsetup Not tainted 5.3.0-11768-g619e17cf75dd-dirty #1238
[    6.194108] Call Trace:
[    6.194155]  [0000000000463e40] __warn+0xc0/0x100
[    6.194212]  [0000000000463eb4] warn_slowpath_fmt+0x34/0x60
[    6.194279]  [0000000010383244] pkt_setup_dev+0x2e4/0x5a0 [pktcdvd]
[    6.194349]  [0000000010384cf4] pkt_ctl_ioctl+0x94/0x220 [pktcdvd]
[    6.194421]  [00000000006ba108] do_vfs_ioctl+0x628/0x6e0
[    6.194481]  [00000000006ba208] ksys_ioctl+0x48/0x80
[    6.194536]  [00000000006ba254] sys_ioctl+0x14/0x40
[    6.194597]  [0000000000406294] linux_sparc_syscall+0x34/0x44
[    6.194659] irq event stamp: 4383
[    6.194706] hardirqs last  enabled at (4391): [<00000000004e1354>] console_unlock+0x634/0x6c0
[    6.194792] hardirqs last disabled at (4398): [<00000000004e0e20>] console_unlock+0x100/0x6c0
[    6.194889] softirqs last  enabled at (4192): [<0000000000b2efd8>] __do_softirq+0x498/0x520
[    6.194971] softirqs last disabled at (4185): [<000000000042cfb4>] do_softirq_own_stack+0x34/0x60
[    6.195046] ---[ end trace d72fd3e1fc9fbf17 ]---
[    6.196173] pktcdvd: setup of pktcdvd device failed
[    6.228266] des_sparc64: Using sparc64 des opcodes optimized DES implementation
[    6.263578] pktcdvd: setup of pktcdvd device failed
[    6.267541] pktcdvd: setup of pktcdvd device failed
[    6.271652] pktcdvd: setup of pktcdvd device failed
[    6.275507] pktcdvd: setup of pktcdvd device failed
[    6.278389] pktcdvd: setup of pktcdvd device failed
[    6.281464] pktcdvd: setup of pktcdvd device failed
[    6.285576] pktcdvd: setup of pktcdvd device failed
[    6.295882] camellia_sparc64: Using sparc64 camellia opcodes optimized CAMELLIA implementation
[    7.487526] XFS (dm-0): Mounting V5 Filesystem
[    7.804785] XFS (dm-0): Ending clean mount
[    7.807632] Mounted xfs file system at /1 supports timestamps until 2038 (0x7fffffff)
[    9.581170] Adding 787176k swap on /dev/vdiska4.  Priority:-2 extents:1 across:787176k FS
[    9.658072] EXT4-fs (vdiska1): mounting ext3 file system using the ext4 subsystem
[    9.671872] EXT4-fs (vdiska1): mounted filesystem with ordered data mode. Opts: (null)
[    9.672285] Mounted ext3 file system at /boot supports timestamps until 2038 (0x7fffffff)
[   10.318062] random: crng init done
[   10.318119] random: 7 urandom warning(s) missed due to ratelimiting
[   11.733910] tun: Universal TUN/TAP device driver, 1.6

[   11.824988] ======================================================
[   11.824996] WARNING: possible circular locking dependency detected
[   11.825007] 5.3.0-11768-g619e17cf75dd-dirty #1238 Tainted: G        W        
[   11.825014] ------------------------------------------------------
[   11.825021] iptables-restor/931 is trying to acquire lock:
[   11.825029] 0000000010460120 (&table[i].mutex){+.+.}, at: nfnl_lock+0x24/0x40 [nfnetlink]
[   11.825050] 
               but task is already holding lock:
[   11.825057] 0000000000e12e20 (&net->nft.commit_mutex){+.+.}, at: nf_tables_valid_genid+0x10/0x60 [nf_tables]
[   11.825081] 
               which lock already depends on the new lock.

[   11.825090] 
               the existing dependency chain (in reverse order) is:
[   11.825097] 
               -> #1 (&net->nft.commit_mutex){+.+.}:
[   11.825114]        __mutex_lock+0xa8/0x960
[   11.825122]        mutex_lock_nested+0x1c/0x40
[   11.825132]        nf_tables_valid_genid+0x10/0x60 [nf_tables]
[   11.825140]        nfnetlink_rcv_batch+0x244/0x620 [nfnetlink]
[   11.825148]        nfnetlink_rcv+0x110/0x140 [nfnetlink]
[   11.825159]        netlink_unicast+0x128/0x200
[   11.825166]        netlink_sendmsg+0x334/0x380
[   11.825175]        sock_sendmsg+0x34/0x80
[   11.825182]        ___sys_sendmsg+0x234/0x260
[   11.825190]        __sys_sendmsg+0x48/0x80
[   11.825196]        sys_sendmsg+0x18/0x40
[   11.825209]        linux_sparc_syscall+0x34/0x44
[   11.825215] 
               -> #0 (&table[i].mutex){+.+.}:
[   11.825228]        __lock_acquire+0x1ca0/0x2760
[   11.825235]        lock_acquire+0x1a4/0x1c0
[   11.825241]        __mutex_lock+0xa8/0x960
[   11.825248]        mutex_lock_nested+0x1c/0x40
[   11.825255]        nfnl_lock+0x24/0x40 [nfnetlink]
[   11.825266]        ip_set_nfnl_get_byindex+0x18c/0x280 [ip_set]
[   11.825276]        set_match_v1_checkentry+0x14/0xc0 [xt_set]
[   11.825289]        xt_check_match+0x23c/0x280 [x_tables]
[   11.825299]        __nft_match_init+0x160/0x180 [nft_compat]
[   11.825306]        nft_match_init+0x18/0x40 [nft_compat]
[   11.825317]        nf_tables_newrule+0x504/0x780 [nf_tables]
[   11.825324]        nfnetlink_rcv_batch+0x3ec/0x620 [nfnetlink]
[   11.825332]        nfnetlink_rcv+0x110/0x140 [nfnetlink]
[   11.825339]        netlink_unicast+0x128/0x200
[   11.825346]        netlink_sendmsg+0x334/0x380
[   11.825352]        sock_sendmsg+0x34/0x80
[   11.825359]        ___sys_sendmsg+0x234/0x260
[   11.825365]        __sys_sendmsg+0x48/0x80
[   11.825371]        sys_sendmsg+0x18/0x40
[   11.825378]        linux_sparc_syscall+0x34/0x44
[   11.825384] 
               other info that might help us debug this:

[   11.825392]  Possible unsafe locking scenario:

[   11.825399]        CPU0                    CPU1
[   11.825404]        ----                    ----
[   11.825409]   lock(&net->nft.commit_mutex);
[   11.825416]                                lock(&table[i].mutex);
[   11.825423]                                lock(&net->nft.commit_mutex);
[   11.825431]   lock(&table[i].mutex);
[   11.825438] 
                *** DEADLOCK ***

[   11.825446] 1 lock held by iptables-restor/931:
[   11.825451]  #0: 0000000000e12e20 (&net->nft.commit_mutex){+.+.}, at: nf_tables_valid_genid+0x10/0x60 [nf_tables]
[   11.825468] 
               stack backtrace:
[   11.825476] CPU: 0 PID: 931 Comm: iptables-restor Tainted: G        W         5.3.0-11768-g619e17cf75dd-dirty #1238
[   11.825484] Call Trace:
[   11.825491]  [00000000004d1484] print_circular_bug.isra.0+0x304/0x320
[   11.825499]  [00000000004d16a8] check_noncircular+0x208/0x220
[   11.825506]  [00000000004d6420] __lock_acquire+0x1ca0/0x2760
[   11.825514]  [00000000004d7844] lock_acquire+0x1a4/0x1c0
[   11.825521]  [0000000000b27748] __mutex_lock+0xa8/0x960
[   11.825528]  [0000000000b2801c] mutex_lock_nested+0x1c/0x40
[   11.825536]  [000000001045e024] nfnl_lock+0x24/0x40 [nfnetlink]
[   11.825544]  [000000001049a82c] ip_set_nfnl_get_byindex+0x18c/0x280 [ip_set]
[   11.825553]  [00000000104d25b4] set_match_v1_checkentry+0x14/0xc0 [xt_set]
[   11.825562]  [000000001036ee7c] xt_check_match+0x23c/0x280 [x_tables]
[   11.825570]  [00000000104c0c40] __nft_match_init+0x160/0x180 [nft_compat]
[   11.825578]  [00000000104c0cf8] nft_match_init+0x18/0x40 [nft_compat]
[   11.825589]  [00000000104739a4] nf_tables_newrule+0x504/0x780 [nf_tables]
[   11.825597]  [000000001045f1cc] nfnetlink_rcv_batch+0x3ec/0x620 [nfnetlink]
[   11.825605]  [000000001045f510] nfnetlink_rcv+0x110/0x140 [nfnetlink]
[   11.825613]  [0000000000a23228] netlink_unicast+0x128/0x200
