[    0.000016] PROMLIB: Sun IEEE Boot Prom 'OBP 4.38.12 2018/03/28 14:54'
[    0.000027] PROMLIB: Root node compatible: sun4v
[    0.000073] Linux version 4.19.0-11706-g11743c56785c (mator@ttip) (gcc version 8.2.0 (Debian 8.2.0-8)) #754 SMP Tue Oct 30 15:12:20 MSK 2018
[    0.000377] printk: bootconsole [earlyprom0] enabled
[    0.000429] ARCH: SUN4V
[    0.000478] Ethernet address: 00:14:4f:fa:06:f2
[    0.000530] MM: PAGE_OFFSET is 0xfff8000000000000 (max_phys_bits == 47)
[    0.000595] MM: VMALLOC [0x0000000100000000 --> 0x0006000000000000]
[    0.000657] MM: VMEMMAP [0x0006000000000000 --> 0x000c000000000000]
[    0.013056] Kernel: Using 5 locked TLB entries for main kernel image.
[    0.013123] Remapping the kernel... 
[    0.013147] done.
[    0.042416] OF stdout device is: /virtual-devices@100/console@1
[    0.042479] PROM: Built device tree with 74449 bytes of memory.
[    0.042537] MDESC: Size is 30480 bytes.
[    0.042641] PLATFORM: banner-name [SPARC T5-2]
[    0.042690] PLATFORM: name [ORCL,SPARC-T5-2]
[    0.042737] PLATFORM: hostid [84fa06f2]
[    0.042780] PLATFORM: serial# [0035260e]
[    0.042822] PLATFORM: stick-frequency [3b9aca00]
[    0.042870] PLATFORM: mac-address [144ffa06f2]
[    0.042917] PLATFORM: watchdog-resolution [1000 ms]
[    0.042967] PLATFORM: watchdog-max-timeout [31536000000 ms]
[    0.043023] PLATFORM: max-cpus [1024]
[    0.043113] Top of RAM: 0x24af948000, Total RAM: 0x87f384000
[    0.043175] Memory hole size: 115461MB
[    0.047374] Allocated 40960 bytes for kernel page tables.
[    0.047457] Zone ranges:
[    0.047498]   Normal   [mem 0x0000000030400000-0x00000024af947fff]
[    0.047560] Movable zone start for each node
[    0.047605] Early memory node ranges
[    0.047647]   node   0: [mem 0x0000000030400000-0x000000006febffff]
[    0.047708]   node   0: [mem 0x000000006ff40000-0x000000006ff47fff]
[    0.047768]   node   0: [mem 0x0000000070000000-0x000000042fffffff]
[    0.047829]   node   0: [mem 0x0000002030000000-0x00000024af8b3fff]
[    0.047890]   node   0: [mem 0x00000024af940000-0x00000024af947fff]
[    0.055261] Zeroed struct page in unavailable ranges: 230114 pages
[    0.055269] Initmem setup node 0 [mem 0x0000000030400000-0x00000024af947fff]
[    0.055427] On node 0 totalpages: 4454850
[    0.055436]   Normal zone: 39154 pages used for memmap
[    0.055441]   Normal zone: 0 pages reserved
[    0.055447]   Normal zone: 4454850 pages, LIFO batch:31
[    0.252674] Booting Linux...
[    0.252759] CPU CAPS: [flush,stbar,swap,muldiv,v9,blkinit,n2,mul32]
[    0.252841] CPU CAPS: [div32,v8plus,popc,vis,vis2,ASIBlkInit,fmaf,vis3]
[    0.252919] CPU CAPS: [hpc,ima,pause,cbcond,aes,des,kasumi,camellia]
[    0.252991] CPU CAPS: [md5,sha1,sha256,sha512,mpmul,montmul,montsqr,crc32c]
[    0.304126] percpu: Embedded 20 pages/cpu @(____ptrval____) s122824 r8192 d32824 u262144
[    0.304360] pcpu-alloc: s122824 r8192 d32824 u262144 alloc=1*4194304
[    0.304367] pcpu-alloc: [0] 000 001 002 003 004 005 006 007 008 009 010 011 012 013 014 015 
[    0.304395] pcpu-alloc: [0] 016 017 018 019 020 021 022 023 024 025 026 027 028 029 030 031 
[    0.304422] pcpu-alloc: [0] 032 033 034 035 036 037 038 039 040 041 042 043 044 045 046 047 
[    0.304450] pcpu-alloc: [0] 048 049 050 051 052 053 054 055 056 057 058 059 060 061 062 063 
[    0.304477] pcpu-alloc: [0] 064 065 066 067 068 069 070 071 072 073 074 075 076 077 078 079 
[    0.304504] pcpu-alloc: [0] 080 081 082 083 084 085 086 087 088 089 090 091 092 093 094 095 
[    0.304532] pcpu-alloc: [0] 096 097 098 099 100 101 102 103 104 105 106 107 108 109 110 111 
[    0.304559] pcpu-alloc: [0] 112 113 114 115 116 117 118 119 120 121 122 123 124 125 126 127 
[    0.304587] pcpu-alloc: [0] 128 129 130 131 132 133 134 135 136 137 138 139 140 141 142 143 
[    0.304614] pcpu-alloc: [0] 144 145 146 147 148 149 150 151 152 153 154 155 156 157 158 159 
[    0.304642] pcpu-alloc: [0] 160 161 162 163 164 165 166 167 168 169 170 171 172 173 174 175 
[    0.304670] pcpu-alloc: [0] 176 177 178 179 180 181 182 183 184 185 186 187 188 189 190 191 
[    0.304697] pcpu-alloc: [0] 192 193 194 195 196 197 198 199 200 201 202 203 204 205 206 207 
[    0.304725] pcpu-alloc: [0] 208 209 210 211 212 213 214 215 216 217 218 219 220 221 222 223 
[    0.304752] pcpu-alloc: [0] 224 225 226 227 228 229 230 231 232 233 234 235 236 237 238 239 
[    0.304780] pcpu-alloc: [0] 240 241 242 243 244 245 246 247 248 249 250 251 252 253 254 255 
[    0.305210] SUN4V: Mondo queue sizes [cpu(131072) dev(16384) r(8192) nr(256)]
[    0.305520] Built 1 zonelists, mobility grouping on.  Total pages: 4415696
[    0.305608] Kernel command line: BOOT_IMAGE=/vmlinuz-4.19.0-11706-g11743c56785c root=/dev/vdiska2 ro zswap.enabled=1 elevator=deadline
[    0.307982] printk: log_buf_len individual max cpu contribution: 4096 bytes
[    0.308051] printk: log_buf_len total cpu_extra contributions: 1044480 bytes
[    0.308119] printk: log_buf_len min size: 131072 bytes
[    0.308490] printk: log_buf_len: 2097152 bytes
[    0.308541] printk: early log buf free: 125928(96%)
[    0.314862] Dentry cache hash table entries: 8388608 (order: 13, 67108864 bytes)
[    0.318093] Inode-cache hash table entries: 4194304 (order: 12, 33554432 bytes)
[    0.318164] Sorting __ex_table...
[    0.400045] Memory: 35110400K/35638800K available (6174K kernel code, 832K rwdata, 1832K rodata, 880K init, 7651K bss, 528400K reserved, 0K cma-reserved)
[    0.400355] kmemleak: Kernel memory leak detector disabled
[    0.401769] ftrace: allocating 18768 entries in 37 pages
[    0.415312] Running RCU self tests
[    0.415358] rcu: Hierarchical RCU implementation.
[    0.415407] rcu: 	RCU event tracing is enabled.
[    0.415455] rcu: 	RCU lockdep checking is enabled.
[    0.415504] 	Tasks RCU enabled.
[    0.415541] rcu: RCU calculated value of scheduler-enlistment delay is 11 jiffies.
[    0.420755] NR_IRQS: 2048, nr_irqs: 2048, preallocated irqs: 1
[    0.420837] SUN4V: Using IRQ API major 3, cookie only virqs enabled
[    0.424963] clocksource: stick: mask: 0xffffffffffffffff max_cycles: 0x1cd42e4dffb, max_idle_ns: 881590591483 ns
[    0.425095] clocksource: mult[800000] shift[23]
[    0.425144] clockevent: mult[80000000] shift[31]
[    0.429553] Console: colour dummy device 80x25
[    0.429616] printk: console [tty0] enabled
[    0.429690] printk: bootconsole [earlyprom0] disabled
[    0.429772] Lock dependency validator: Copyright (c) 2006 Red Hat, Inc., Ingo Molnar
[    0.429817] ... MAX_LOCKDEP_SUBCLASSES:  8
[    0.429845] ... MAX_LOCK_DEPTH:          48
[    0.429874] ... MAX_LOCKDEP_KEYS:        8191
[    0.429903] ... CLASSHASH_SIZE:          4096
[    0.429932] ... MAX_LOCKDEP_ENTRIES:     16384
[    0.429962] ... MAX_LOCKDEP_CHAINS:      32768
[    0.429992] ... CHAINHASH_SIZE:          16384
[    0.430022]  memory used by lock dependency info: 4959 kB
[    0.430056]  per task-struct memory footprint: 1920 bytes
[    0.430288] kmemleak: Early log buffer exceeded (36609), please increase DEBUG_KMEMLEAK_EARLY_LOG_SIZE
[    0.575359] Calibrating delay using timer specific routine.. 2003.63 BogoMIPS (lpj=10018152)
[    0.575412] pid_max: default: 262144 minimum: 2048
[    0.576594] LSM: Security Framework initializing
[    0.576633] AppArmor: AppArmor disabled by boot time parameter
[    0.577226] Mount-cache hash table entries: 131072 (order: 7, 1048576 bytes)
[    0.577385] Mountpoint-cache hash table entries: 131072 (order: 7, 1048576 bytes)
[    0.582136] rcu: Hierarchical SRCU implementation.
[    0.604510] smp: Bringing up secondary CPUs ...
[    0.665446] smp: Brought up 1 node, 24 CPUs
[    0.669509] devtmpfs: initialized
[    0.675033] Performance events: 
[    0.675066] Testing NMI watchdog ... 
[    0.875161] OK.
[    0.875289] Supported PMU type is 'niagara5'
[    0.875591] random: get_random_u32 called from bucket_table_alloc.isra.4+0x140/0x1c0 with crng_init=0
[    0.876367] ldc.c:v1.1 (July 22, 2008)
[    0.879031] clocksource: jiffies: mask: 0xffffffff max_cycles: 0xffffffff, max_idle_ns: 19112604462750000 ns
[    0.879127] futex hash table entries: 65536 (order: 10, 8388608 bytes)
[    0.888675] NET: Registered protocol family 16
[    0.897840] VIO: Adding device channel-devices (tx_ino = ffffffffffffffff, rx_ino = ffffffffffffffff)
[    0.898064] VIO: Adding device vnet-port-0-0 (tx_ino = 0, rx_ino = 1)
[    0.898287] VIO: Adding device vnet-port-0-1 (tx_ino = 2, rx_ino = 3)
[    0.898480] VIO: Adding device vnet-port-0-2 (tx_ino = 4, rx_ino = 5)
[    0.898667] VIO: Adding device vnet-port-0-3 (tx_ino = 6, rx_ino = 7)
[    0.898860] VIO: Adding device vdc-port-3-0 (tx_ino = 8, rx_ino = 9)
[    0.899046] VIO: Adding device vdc-port-2-0 (tx_ino = a, rx_ino = b)
[    0.899243] VIO: Adding device vdc-port-1-0 (tx_ino = c, rx_ino = d)
[    0.899433] VIO: Adding device vdc-port-0-0 (tx_ino = e, rx_ino = f)
[    0.899621] VIO: Adding device vlds-port-0-0 (tx_ino = 10, rx_ino = 11)
[    0.899813] VIO: Adding device domain-services-port-0 (tx_ino = 10, rx_ino = 11)
[    0.900196] audit: initializing netlink subsys (disabled)
[    0.900514] audit: type=2000 audit(0.470:1): state=initialized audit_enabled=0 res=1
[    0.945819] HugeTLB registered 64.0 KiB page size, pre-allocated 0 pages
[    0.945870] HugeTLB registered 8.00 MiB page size, pre-allocated 0 pages
[    0.945914] HugeTLB registered 256 MiB page size, pre-allocated 0 pages
[    0.945957] HugeTLB registered 2.00 GiB page size, pre-allocated 0 pages
[    0.958195] SUN4V: Reboot data supported (maj=1,min=0).
[    0.958609] ds.c:v1.0 (Jul 11, 2007)
[    0.959013] ds-0: ds_conn_reset() from send_events.isra.3
[    0.960444] clocksource: Switched to clocksource stick
[    1.139297] VFS: Disk quotas dquot_6.6.0
[    1.139789] VFS: Dquot-cache hash table entries: 1024 (order 0, 8192 bytes)
[    1.159311] NET: Registered protocol family 2
[    1.164396] tcp_listen_portaddr_hash hash table entries: 32768 (order: 8, 2359296 bytes)
[    1.167669] TCP established hash table entries: 524288 (order: 9, 4194304 bytes)
[    1.169690] TCP bind hash table entries: 65536 (order: 9, 4194304 bytes)
[    1.175432] TCP: Hash tables configured (established 524288 bind 65536)
[    1.181958] UDP hash table entries: 32768 (order: 9, 5242880 bytes)
[    1.189147] UDP-Lite hash table entries: 32768 (order: 9, 5242880 bytes)
[    1.203162] NET: Registered protocol family 1
[    1.203878] Unpacking initramfs...
[    1.653100] Freeing initrd memory: 16992K
[    1.696477] workingset: timestamp_bits=46 max_order=23 bucket_order=0
[    1.698036] zbud: loaded
[    1.849107] Block layer SCSI generic (bsg) driver version 0.4 loaded (major 252)
[    1.850750] io scheduler noop registered
[    1.850782] io scheduler deadline registered (default)
[    1.851465] io scheduler cfq registered
[    1.851496] io scheduler mq-deadline registered (default)
[    1.851534] io scheduler kyber registered
[    1.854848] f029b788: ttyS0 at I/O 0x0 (irq = 1, base_baud = 115200) is a SUN4V HCONS
[    1.860261] printk: console [ttyHV0] enabled
[    1.863635] sunvdc.c:v1.2 (November 24, 2014)
[    1.868775] sunvdc: Virtual CDROM vdiskd
[    1.868826] sunvdc: vdiskd: 403160 sectors (196 MB) protocol 1.2
[    1.869913]  vdiskd: vdiskd1 vdiskd2 vdiskd3 vdiskd4 vdiskd5 vdiskd6 vdiskd7
[    1.880722] sunvdc: Virtual Hard disk vdiskc
[    1.880759] sunvdc: vdiskc: 104857600 sectors (51200 MB) protocol 1.2
[    1.887515] sunvdc: Virtual Hard disk vdiskb
[    1.887551] sunvdc: vdiskb: 62914560 sectors (30720 MB) protocol 1.2
[    1.895401]  vdiskb: vdiskb1
[    1.902372] sunvdc: Virtual Hard disk vdiska
[    1.902410] sunvdc: vdiska: 31457280 sectors (15360 MB) protocol 1.2
[    1.903105]  vdiska: vdiska1 vdiska2 vdiska3 vdiska4
[    1.906160] sunvnet: sunvnet 2.0 (February 3, 2017)
[    1.909595] vnet_port vnet-port-0-0 eth0: Sun LDOM vnet 00:14:4f:f8:12:a3
[    1.910144] sunvnet: eth0: PORT ( remote-mac 00:14:4f:fa:f3:f0 switch-port )
[    1.911586] sunvnet: eth0: PORT ( remote-mac 00:14:4f:f8:e5:f3 )
[    1.912869] sunvnet: eth0: PORT ( remote-mac 00:14:4f:f9:b4:97 )
[    1.914163] sunvnet: eth0: PORT ( remote-mac 00:14:4f:f9:8b:83 )
[    1.915126] mousedev: PS/2 mouse device common for all mice
[    1.916263] rtc-sun4v rtc-sun4v: rtc core: registered sun4v as rtc0
[    1.917361] device-mapper: uevent: version 1.0.3
[    1.918447] device-mapper: ioctl: 4.39.0-ioctl (2018-04-03) initialised: dm-devel@redhat.com
[    1.919959] NET: Registered protocol family 17
[    1.921219] registered taskstats version 1
[    1.924158] zswap: loaded using pool lzo/zbud
[    1.953418] Key type big_key registered
[    1.954266] rtc-sun4v rtc-sun4v: setting system clock to 2018-10-30 12:17:25 UTC (1540901845)
[    1.958810] This architecture does not have kernel memory protection.
[    1.958856] Run /init as init process
[    2.823176] crc32c_sparc64: Using sparc64 crc32c opcode optimized CRC32C implementation
[    3.280411] raid6: int64x1  gen()  2789 MB/s
[    3.450404] raid6: int64x1  xor()  1656 MB/s
[    3.620439] raid6: int64x2  gen()  2830 MB/s
[    3.790416] raid6: int64x2  xor()  2000 MB/s
[    3.960436] raid6: int64x4  gen()  3468 MB/s
[    4.130409] raid6: int64x4  xor()  1989 MB/s
[    4.300432] raid6: int64x8  gen()  2178 MB/s
[    4.470410] raid6: int64x8  xor()  1567 MB/s
[    4.470445] raid6: using algorithm int64x4 gen() 3468 MB/s
[    4.470483] raid6: .... xor() 1989 MB/s, rmw enabled
[    4.470519] raid6: using intx1 recovery algorithm
[    4.471767] async_tx: api initialized (async)
[    4.472472] xor: automatically using best checksumming function   Niagara   
[    4.698939] random: fast init done
[    4.706928] EXT4-fs (vdiska2): mounted filesystem with ordered data mode. Opts: (null)
[    6.295541] NET: Registered protocol family 10
[    6.307929] Segment Routing with IPv6
[    6.384817] systemd[1]: systemd 239 running in system mode. (+PAM +AUDIT +SELINUX +IMA +APPARMOR +SMACK +SYSVINIT +UTMP +LIBCRYPTSETUP +GCRYPT +GNUTLS +ACL +XZ +LZ4 -SECCOMP +BLKID +ELFUTILS +KMOD -IDN2 +IDN -PCRE2 default-hierarchy=hybrid)
[    6.385229] systemd[1]: Detected architecture sparc64.
[    6.444660] systemd[1]: Set hostname to <ttip>.
[    8.919979] random: crng init done
[    9.123287] systemd[1]: Listening on Journal Socket.
[    9.142523] systemd[1]: Starting Wait for network to be configured by ifupdown...
[    9.147348] systemd[1]: Created slice system-systemd\x2dfsck.slice.
[    9.157914] systemd[1]: Mounting POSIX Message Queue File System...
[    9.163467] systemd[1]: Listening on Syslog Socket.
[    9.163994] systemd[1]: Reached target Remote File Systems.
[    9.177470] systemd[1]: Starting Availability of block devices...
[    9.433639] EXT4-fs (vdiska2): re-mounted. Opts: errors=remount-ro
[    9.710349] systemd-journald[403]: Received request to flush runtime journal from PID 1
[   11.201260] sha1_sparc64: Using sparc64 sha1 opcode optimized SHA-1 implementation
[   11.300600] sha256_sparc64: Using sparc64 sha256 opcode optimized SHA-256/SHA-224 implementation
[   11.337349] n2rng v0.3 (Jan 7, 2017)
[   11.337510] n2rng f029b104: Registered RNG HVAPI major 2 minor 0
[   11.337647] n2rng f029b104: Found multi-unit-capable RNG, units: 2
[   11.339787] n2rng f029b104: RNG ready
[   11.360629] sha512_sparc64: Using sparc64 sha512 opcode optimized SHA-512/SHA-384 implementation
[   11.393473] md5_sparc64: Using sparc64 md5 opcode optimized MD5 implementation
[   11.414999] aes_sparc64: Using sparc64 aes opcodes optimized AES implementation
[   11.493610] des_sparc64: Using sparc64 des opcodes optimized DES implementation
[   11.534069] camellia_sparc64: Using sparc64 camellia opcodes optimized CAMELLIA implementation
[   12.705949] Btrfs loaded, crc32c=crc32c-sparc64, debug=on, assert=on
[   12.707855] BTRFS: device fsid 03ee75b3-c6e9-457b-a97d-c1dd4acd7044 devid 1 transid 11186 /dev/vdiskb1
[   12.928019] SGI XFS with ACLs, security attributes, debug enabled
[   12.960516] XFS (dm-0): Mounting V5 Filesystem
[   13.411526] XFS (dm-0): Ending clean mount
[   14.817433] Adding 787176k swap on /dev/vdiska4.  Priority:-2 extents:1 across:787176k FS
[   15.142668] EXT4-fs (vdiska1): mounting ext3 file system using the ext4 subsystem
[   15.153618] EXT4-fs (vdiska1): mounted filesystem with ordered data mode. Opts: (null)
