[    0.000018] PROMLIB: Sun IEEE Boot Prom 'OBP 4.38.12 2018/03/28 14:54'
[    0.000030] PROMLIB: Root node compatible: sun4v
[    0.000080] Linux version 5.5.0-00849-gb0be0eff1a5a (mator@ttip) (gcc version 9.2.1 20200123 (Debian 9.2.1-25)) #1337 SMP Tue Jan 28 12:48:43 MSK 2020
[    0.000398] printk: bootconsole [earlyprom0] enabled
[    0.000450] ARCH: SUN4V
[    0.000500] Ethernet address: 00:14:4f:fa:06:f2
[    0.000553] MM: PAGE_OFFSET is 0xfff8000000000000 (max_phys_bits == 47)
[    0.000618] MM: VMALLOC [0x0000000100000000 --> 0x0006000000000000]
[    0.000679] MM: VMEMMAP [0x0006000000000000 --> 0x000c000000000000]
[    0.012885] Kernel: Using 5 locked TLB entries for main kernel image.
[    0.012956] Remapping the kernel... 
[    0.012983] done.
[    0.046675] OF stdout device is: /virtual-devices@100/console@1
[    0.046749] PROM: Built device tree with 88003 bytes of memory.
[    0.046813] MDESC: Size is 36960 bytes.
[    0.046935] PLATFORM: banner-name [SPARC T5-2]
[    0.046987] PLATFORM: name [ORCL,SPARC-T5-2]
[    0.047035] PLATFORM: hostid [84fa06f2]
[    0.047078] PLATFORM: serial# [0035260e]
[    0.047122] PLATFORM: stick-frequency [3b9aca00]
[    0.047171] PLATFORM: mac-address [144ffa06f2]
[    0.047218] PLATFORM: watchdog-resolution [1000 ms]
[    0.047269] PLATFORM: watchdog-max-timeout [31536000000 ms]
[    0.047326] PLATFORM: max-cpus [1024]
[    0.047426] Top of RAM: 0x24af938000, Total RAM: 0x87f354000
[    0.047489] Memory hole size: 115461MB
[    0.052136] Allocated 40960 bytes for kernel page tables.
[    0.052224] Zone ranges:
[    0.052264]   Normal   [mem 0x0000000030400000-0x00000024af937fff]
[    0.052329] Movable zone start for each node
[    0.052375] Early memory node ranges
[    0.052417]   node   0: [mem 0x0000000030400000-0x000000006fe7ffff]
[    0.052481]   node   0: [mem 0x000000006ff00000-0x000000006ff25fff]
[    0.052543]   node   0: [mem 0x0000000070000000-0x000000042fffffff]
[    0.052606]   node   0: [mem 0x0000002030000000-0x00000024af87ffff]
[    0.052668]   node   0: [mem 0x00000024af900000-0x00000024af925fff]
[    0.052731]   node   0: [mem 0x00000024af930000-0x00000024af937fff]
[    0.060109] Zeroed struct page in unavailable ranges: 230130 pages
[    0.060117] Initmem setup node 0 [mem 0x0000000030400000-0x00000024af937fff]
[    0.060278] On node 0 totalpages: 4454826
[    0.060288]   Normal zone: 39154 pages used for memmap
[    0.060293]   Normal zone: 0 pages reserved
[    0.060299]   Normal zone: 4454826 pages, LIFO batch:31
[    0.070037] Booting Linux...
[    0.070121] CPU CAPS: [flush,stbar,swap,muldiv,v9,blkinit,n2,mul32]
[    0.070203] CPU CAPS: [div32,v8plus,popc,vis,vis2,ASIBlkInit,fmaf,vis3]
[    0.070282] CPU CAPS: [hpc,ima,pause,cbcond,aes,des,kasumi,camellia]
[    0.070356] CPU CAPS: [md5,sha1,sha256,sha512,mpmul,montmul,montsqr,crc32c]
[    0.100282] percpu: Embedded 27 pages/cpu s181960 r8192 d31032 u262144
[    0.100530] pcpu-alloc: s181960 r8192 d31032 u262144 alloc=1*4194304
[    0.100537] pcpu-alloc: [0] 000 001 002 003 004 005 006 007 008 009 010 011 012 013 014 015 
[    0.100564] pcpu-alloc: [0] 016 017 018 019 020 021 022 023 024 025 026 027 028 029 030 031 
[    0.100591] pcpu-alloc: [0] 032 033 034 035 036 037 038 039 040 041 042 043 044 045 046 047 
[    0.100618] pcpu-alloc: [0] 048 049 050 051 052 053 054 055 056 057 058 059 060 061 062 063 
[    0.100644] pcpu-alloc: [0] 064 065 066 067 068 069 070 071 072 073 074 075 076 077 078 079 
[    0.100671] pcpu-alloc: [0] 080 081 082 083 084 085 086 087 088 089 090 091 092 093 094 095 
[    0.100698] pcpu-alloc: [0] 096 097 098 099 100 101 102 103 104 105 106 107 108 109 110 111 
[    0.100725] pcpu-alloc: [0] 112 113 114 115 116 117 118 119 120 121 122 123 124 125 126 127 
[    0.101249] SUN4V: Mondo queue sizes [cpu(131072) dev(16384) r(8192) nr(256)]
[    0.101616] Built 1 zonelists, mobility grouping on.  Total pages: 4415672
[    0.101703] Kernel command line: BOOT_IMAGE=/vmlinux-5.5.0-00849-gb0be0eff1a5a root=/dev/vdiska2 ro zswap.enabled=1
[    0.104103] printk: log_buf_len individual max cpu contribution: 4096 bytes
[    0.104174] printk: log_buf_len total cpu_extra contributions: 520192 bytes
[    0.104241] printk: log_buf_len min size: 131072 bytes
[    0.104512] printk: log_buf_len: 1048576 bytes
[    0.104563] printk: early log buf free: 126648(96%)
[    0.110885] Dentry cache hash table entries: 8388608 (order: 13, 67108864 bytes, linear)
[    0.114123] Inode-cache hash table entries: 4194304 (order: 12, 33554432 bytes, linear)
[    0.114200] Sorting __ex_table...
[    0.114438] mem auto-init: stack:off, heap alloc:off, heap free:off
[    0.180770] Memory: 1305232K/35638608K available (7611K kernel code, 974K rwdata, 2280K rodata, 704K init, 6742K bss, 508784K reserved, 0K cma-reserved)
[    0.181429] SLUB: HWalign=32, Order=0-3, MinObjects=0, CPUs=128, Nodes=1
[    0.181727] ftrace: allocating 21340 entries in 42 pages
[    0.189903] ftrace: allocated 42 pages with 3 groups
[    0.192767] Running RCU self tests
[    0.192814] rcu: Hierarchical RCU implementation.
[    0.192865] rcu: 	RCU event tracing is enabled.
[    0.192912] rcu: 	RCU lockdep checking is enabled.
[    0.192963] 	Tasks RCU enabled.
[    0.193001] rcu: RCU calculated value of scheduler-enlistment delay is 10 jiffies.
[    0.197302] NR_IRQS: 2048, nr_irqs: 2048, preallocated irqs: 1
[    0.197389] SUN4V: Using IRQ API major 3, cookie only virqs enabled
[    0.199831] clocksource: stick: mask: 0xffffffffffffffff max_cycles: 0x1cd42e4dffb, max_idle_ns: 881590591483 ns
[    0.199962] clocksource: mult[800000] shift[23]
[    0.200011] clockevent: mult[80000000] shift[31]
[    0.200532] Console: colour dummy device 80x25
[    0.200594] printk: console [tty0] enabled
[    0.200670] printk: bootconsole [earlyprom0] disabled
[    0.200754] Lock dependency validator: Copyright (c) 2006 Red Hat, Inc., Ingo Molnar
[    0.200803] ... MAX_LOCKDEP_SUBCLASSES:  8
[    0.200832] ... MAX_LOCK_DEPTH:          48
[    0.200862] ... MAX_LOCKDEP_KEYS:        8192
[    0.200892] ... CLASSHASH_SIZE:          4096
[    0.200923] ... MAX_LOCKDEP_ENTRIES:     16384
[    0.200954] ... MAX_LOCKDEP_CHAINS:      32768
[    0.200985] ... CHAINHASH_SIZE:          16384
[    0.201016]  memory used by lock dependency info: 3855 kB
[    0.201051]  memory used for stack traces: 2112 kB
[    0.201084]  per task-struct memory footprint: 1920 bytes
[    0.350628] Calibrating delay using timer specific routine.. 2015.16 BogoMIPS (lpj=10075828)
[    0.350699] pid_max: default: 131072 minimum: 1024
[    0.350994] LSM: Security Framework initializing
[    0.351147] AppArmor: AppArmor initialized
[    0.351418] Mount-cache hash table entries: 131072 (order: 7, 1048576 bytes, linear)
[    0.351583] Mountpoint-cache hash table entries: 131072 (order: 7, 1048576 bytes, linear)
[    0.351711] *** VALIDATE tmpfs ***
[    0.352575] *** VALIDATE proc ***
[    0.353076] *** VALIDATE cgroup1 ***
[    0.353109] *** VALIDATE cgroup2 ***
[    0.355203] rcu: Hierarchical SRCU implementation.
[    0.363204] smp: Bringing up secondary CPUs ...
[    0.406909] smp: Brought up 1 node, 32 CPUs
[    0.597542] node 0 initialised, 4228074 pages in 190ms
[    0.598854] devtmpfs: initialized
[    0.603464] Performance events: 
[    0.603511] Testing NMI watchdog ... 
[    0.803600] OK.
[    0.803733] Supported PMU type is 'niagara5'
[    0.803934] random: get_random_u32 called from bucket_table_alloc.isra.0+0x188/0x1c0 with crng_init=0
[    0.804651] ldc.c:v1.1 (July 22, 2008)
[    0.807140] clocksource: jiffies: mask: 0xffffffff max_cycles: 0xffffffff, max_idle_ns: 19112604462750000 ns
[    0.807239] futex hash table entries: 32768 (order: 9, 4194304 bytes, linear)
[    0.812539] NET: Registered protocol family 16
[    0.821049] VIO: Adding device channel-devices (tx_ino = ffffffffffffffff, rx_ino = ffffffffffffffff)
[    0.821290] VIO: Adding device vnet-port-0-0 (tx_ino = 0, rx_ino = 1)
[    0.821491] VIO: Adding device vnet-port-0-1 (tx_ino = 2, rx_ino = 3)
[    0.821657] VIO: Adding device vnet-port-0-2 (tx_ino = 4, rx_ino = 5)
[    0.821827] VIO: Adding device vnet-port-0-4 (tx_ino = 8, rx_ino = 9)
[    0.821992] VIO: Adding device vnet-port-0-5 (tx_ino = a, rx_ino = b)
[    0.822157] VIO: Adding device vnet-port-0-6 (tx_ino = c, rx_ino = d)
[    0.822323] VIO: Adding device vdc-port-3-0 (tx_ino = e, rx_ino = f)
[    0.822494] VIO: Adding device vdc-port-2-0 (tx_ino = 10, rx_ino = 11)
[    0.822664] VIO: Adding device vdc-port-1-0 (tx_ino = 12, rx_ino = 13)
[    0.822833] VIO: Adding device vdc-port-0-0 (tx_ino = 14, rx_ino = 15)
[    0.823012] VIO: Adding device vdc-port-4-0 (tx_ino = 16, rx_ino = 17)
[    0.823187] VIO: Adding device vlds-port-0-0 (tx_ino = 18, rx_ino = 19)
[    0.823368] VIO: Adding device domain-services-port-0 (tx_ino = 18, rx_ino = 19)
[    0.823696] audit: initializing netlink subsys (disabled)
[    0.824057] audit: type=2000 audit(0.430:1): state=initialized audit_enabled=0 res=1
[    0.849997] HugeTLB registered 64.0 KiB page size, pre-allocated 0 pages
[    0.850053] HugeTLB registered 8.00 MiB page size, pre-allocated 0 pages
[    0.850098] HugeTLB registered 256 MiB page size, pre-allocated 0 pages
[    0.850142] HugeTLB registered 2.00 GiB page size, pre-allocated 0 pages
[    0.851888] alg: extra crypto tests enabled.  This is intended for developer use only.
[    0.878547] cryptd: max_cpu_qlen set to 1000
[    0.980796] NetLabel: Initializing
[    0.980835] NetLabel:  domain hash size = 128
[    0.980867] NetLabel:  protocols = UNLABELED CIPSOv4 CALIPSO
[    0.981001] NetLabel:  unlabeled traffic allowed by default
[    0.981990] SUN4V: Reboot data supported (maj=1,min=0).
[    0.982378] ds.c:v1.0 (Jul 11, 2007)
[    0.982759] ds-0: ds_conn_reset() from send_events.isra.0
[    0.983255] clocksource: Switched to clocksource stick
[    1.182497] *** VALIDATE bpf ***
[    1.183796] VFS: Disk quotas dquot_6.6.0
[    1.183925] VFS: Dquot-cache hash table entries: 1024 (order 0, 8192 bytes)
[    1.184138] *** VALIDATE ramfs ***
[    1.184188] *** VALIDATE hugetlbfs ***
[    1.185828] AppArmor: AppArmor Filesystem Enabled
[    1.199286] NET: Registered protocol family 2
[    1.201082] tcp_listen_portaddr_hash hash table entries: 32768 (order: 8, 2359296 bytes, linear)
[    1.204083] TCP established hash table entries: 524288 (order: 9, 4194304 bytes, linear)
[    1.206083] TCP bind hash table entries: 65536 (order: 9, 4194304 bytes, linear)
[    1.211759] TCP: Hash tables configured (established 524288 bind 65536)
[    1.214263] UDP hash table entries: 32768 (order: 9, 5242880 bytes, linear)
[    1.220814] UDP-Lite hash table entries: 32768 (order: 9, 5242880 bytes, linear)
[    1.228795] NET: Registered protocol family 1
[    1.228863] NET: Registered protocol family 44
[    1.229397] Trying to unpack rootfs image as initramfs...
[    1.424955] Freeing initrd memory: 14712K
[    1.426053] aes_sparc64: Using sparc64 aes opcodes optimized AES implementation
[    1.715921] des_sparc64: Using sparc64 des opcodes optimized DES implementation
[    2.230876] camellia_sparc64: Using sparc64 camellia opcodes optimized CAMELLIA implementation
[    2.420877] workingset: timestamp_bits=46 max_order=23 bucket_order=0
[    2.441184] SGI XFS with ACLs, security attributes, quota, fatal assert, debug enabled
[    2.447114] *** VALIDATE xfs ***
[    2.461701] Block layer SCSI generic (bsg) driver version 0.4 loaded (major 252)
[    2.462516] io scheduler mq-deadline registered
[    2.465192] f029b788: ttyHV0 at I/O 0x0 (irq = 1, base_baud = 115200) is a SUN4V HCONS
[    2.472041] printk: console [ttyHV0] enabled
[    2.475567] sunvdc.c:v1.2 (November 24, 2014)
[    2.477120] sunvdc: Virtual CDROM vdiskd
[    2.477162] sunvdc: vdiskd: 403160 sectors (196 MB) protocol 1.2
[    2.478901]  vdiskd: vdiskd1 vdiskd2 vdiskd3 vdiskd4 vdiskd5 vdiskd6 vdiskd7
[    2.498849] sunvdc: Virtual Hard disk vdiskc
[    2.498894] sunvdc: vdiskc: 104857600 sectors (51200 MB) protocol 1.2
[    2.518255] sunvdc: Virtual Hard disk vdiskb
[    2.518306] sunvdc: vdiskb: 62914560 sectors (30720 MB) protocol 1.2
[    2.519699]  vdiskb: vdiskb1
[    2.537989] sunvdc: Virtual Hard disk vdiska
[    2.538038] sunvdc: vdiska: 31457280 sectors (15360 MB) protocol 1.2
[    2.539577]  vdiska: vdiska1 vdiska2 vdiska3 vdiska4
[    2.559049] sunvdc: Virtual Hard disk vdiske
[    2.559098] sunvdc: vdiske: 20971520 sectors (10240 MB) protocol 1.2
[    2.560647]  vdiske: vdiske1 vdiske2
[    2.578059] sunvnet: sunvnet 2.0 (February 3, 2017)
[    2.580227] vnet_port vnet-port-0-0 eth0: Sun LDOM vnet 00:14:4f:f8:12:a3
[    2.580458] sunvnet: eth0: PORT ( remote-mac 00:14:4f:fa:f3:f0 switch-port )
[    2.580816] sunvnet: eth0: PORT ( remote-mac 00:14:4f:f8:e5:f3 )
[    2.581150] sunvnet: eth0: PORT ( remote-mac 00:14:4f:f9:b4:97 )
[    2.581616] sunvnet: eth0: PORT ( remote-mac 00:14:4f:f8:3f:1e )
[    2.582213] sunvnet: eth0: PORT ( remote-mac 00:14:4f:f8:fe:47 )
[    2.582789] sunvnet: eth0: PORT ( remote-mac 00:14:4f:f9:8b:83 )
[    2.584069] rtc-sun4v rtc-sun4v: registered as rtc0
[    2.584598] sun4v_wdt: initialized (timeout=60s, nowayout=0)
[    2.584974] device-mapper: uevent: version 1.0.3
[    2.585936] device-mapper: ioctl: 4.41.0-ioctl (2019-09-16) initialised: dm-devel@redhat.com
[    2.586956] NET: Registered protocol family 17
[    2.587537] registered taskstats version 1
[    2.595404] zswap: default zpool zbud not available
[    2.595487] zswap: pool creation failed
[    2.800911] Key type big_key registered
[    2.800986] AppArmor: AppArmor sha1 policy hashing enabled
[    2.801773] rtc-sun4v rtc-sun4v: setting system clock to 2020-01-28T09:51:53 UTC (1580205113)
[    2.806153] This architecture does not have kernel memory protection.
[    2.806205] Run /init as init process
[    3.294969] crc32c_sparc64: Using sparc64 crc32c opcode optimized CRC32C implementation
[    3.382895] random: fast init done
[    3.399403] md127: WARNING: vdiske2 appears to be on the same physical disk as vdiske1.
[    3.399506] True protection against single-disk failure might be compromised.
[    3.400336] md/raid1:md127: active with 2 out of 2 mirrors
[    3.400667] md127: detected capacity change from 0 to 26148864
[    3.843242] raid6: int64x8  gen()  2124 MB/s
[    4.013225] raid6: int64x8  xor()  1481 MB/s
[    4.183232] raid6: int64x4  gen()  3372 MB/s
[    4.353220] raid6: int64x4  xor()  1476 MB/s
[    4.523241] raid6: int64x2  gen()  2728 MB/s
[    4.693216] raid6: int64x2  xor()  1161 MB/s
[    4.863215] raid6: int64x1  gen()  1373 MB/s
[    5.033242] raid6: int64x1  xor()   665 MB/s
[    5.033291] raid6: using algorithm int64x4 gen() 3372 MB/s
[    5.033332] raid6: .... xor() 1476 MB/s, rmw enabled
[    5.033369] raid6: using intx1 recovery algorithm
[    5.034286] async_tx: api initialized (async)
[    5.034859] xor: automatically using best checksumming function   Niagara   
[    5.243379] EXT4-fs (vdiska2): mounted filesystem with ordered data mode. Opts: (null)
[    7.078021] systemd[1]: Inserted module 'autofs4'
[    7.090271] NET: Registered protocol family 10
[    7.096449] Segment Routing with IPv6
[    7.150772] systemd[1]: systemd 244.1-1 running in system mode. (+PAM +AUDIT +SELINUX +IMA +APPARMOR +SMACK +SYSVINIT +UTMP +LIBCRYPTSETUP +GCRYPT +GNUTLS +ACL +XZ +LZ4 -SECCOMP +BLKID +ELFUTILS +KMOD +IDN2 -IDN +PCRE2 default-hierarchy=hybrid)
[    7.151408] systemd[1]: Detected architecture sparc64.
[    7.202286] systemd[1]: Set hostname to <ttip>.
[    7.234537] systemd[1]: Couldn't move remaining userspace processes, ignoring: Input/output error
[    8.142367] random: lvmconfig: uninitialized urandom read (4 bytes read)
[   10.050458] systemd[1]: /lib/systemd/system/dbus.socket:5: ListenStream= references a path below legacy directory /var/run/, updating /var/run/dbus/system_bus_socket â†’ /run/dbus/system_bus_socket; please update the unit file accordingly.
[   10.487270] random: systemd: uninitialized urandom read (16 bytes read)
[   10.498583] systemd[1]: Created slice system-getty.slice.
[   10.499419] random: systemd: uninitialized urandom read (16 bytes read)
[   10.502978] systemd[1]: Created slice system-openvpn\x2dclient.slice.
[   10.503522] random: systemd: uninitialized urandom read (16 bytes read)
[   10.507011] systemd[1]: Created slice system-postfix.slice.
[   10.512389] systemd[1]: Created slice system-systemd\x2dfsck.slice.
[   10.516337] systemd[1]: Created slice User and Session Slice.
[   10.517370] systemd[1]: Started Dispatch Password Requests to Console Directory Watch.
[   10.518192] systemd[1]: Started Forward Password Requests to Wall Directory Watch.
[   10.520467] systemd[1]: Set up automount Arbitrary Executable File Formats File System Automount Point.
[   10.521040] systemd[1]: Reached target Local Encrypted Volumes.
[   10.521530] systemd[1]: Reached target Paths.
[   10.521970] systemd[1]: Reached target Remote File Systems.
[   10.522399] systemd[1]: Reached target Slices.
[   10.523761] systemd[1]: Listening on Device-mapper event daemon FIFOs.
[   10.524871] systemd[1]: Listening on LVM2 poll daemon socket.
[   10.538686] systemd[1]: Listening on Syslog Socket.
[   10.539887] systemd[1]: Listening on fsck to fsckd communication Socket.
[   10.540659] systemd[1]: Listening on initctl Compatibility Named Pipe.
[   10.541935] systemd[1]: Listening on Journal Audit Socket.
[   10.542923] systemd[1]: Listening on Journal Socket (/dev/log).
[   10.544942] systemd[1]: Listening on Journal Socket.
[   10.546038] systemd[1]: Listening on udev Control Socket.
[   10.546865] systemd[1]: Listening on udev Kernel Socket.
[   10.556130] systemd[1]: Mounting Huge Pages File System...
[   10.565705] systemd[1]: Mounting POSIX Message Queue File System...
[   10.575095] systemd[1]: Mounting Kernel Debug File System...
[   10.583993] systemd[1]: Starting Availability of block devices...
[   10.596988] systemd[1]: Starting Wait for network to be configured by ifupdown...
[   10.606038] systemd[1]: Starting Create list of static device nodes for the current kernel...
[   10.616049] systemd[1]: Starting Monitoring of LVM2 mirrors, snapshots etc. using dmeventd or progress polling...
[   10.624618] systemd[1]: Starting nftables...
[   10.644806] systemd[1]: Condition check resulted in Set Up Additional Binary Formats being skipped.
[   10.645039] systemd[1]: Condition check resulted in File System Check on Root Device being skipped.
[   10.656626] systemd[1]: Starting Journal Service...
[   10.687480] systemd[1]: Starting Load Kernel Modules...
[   10.696437] systemd[1]: Starting Remount Root and Kernel File Systems...
[   10.708047] systemd[1]: Starting udev Coldplug all Devices...
[   10.716924] systemd[1]: Mounted Huge Pages File System.
[   10.719114] systemd[1]: Mounted POSIX Message Queue File System.
[   10.721053] systemd[1]: Mounted Kernel Debug File System.
[   10.730410] systemd[1]: Started Availability of block devices.
[   10.737409] systemd[1]: Started Wait for network to be configured by ifupdown.
[   10.745745] systemd[1]: Started Create list of static device nodes for the current kernel.
[   10.789084] systemd[1]: Started Load Kernel Modules.
[   10.790681] systemd[1]: Condition check resulted in FUSE Control File System being skipped.
[   10.791046] systemd[1]: Condition check resulted in Kernel Configuration File System being skipped.
[   10.794583] EXT4-fs (vdiska2): re-mounted. Opts: errors=remount-ro
[   10.799808] systemd[1]: Starting Apply Kernel Variables...
[   10.811989] systemd[1]: Started Remount Root and Kernel File Systems.
[   10.958706] systemd[1]: Starting Initial Check File System Quotas...
[   10.998192] systemd[1]: Condition check resulted in Rebuild Hardware Database being skipped.
[   11.006803] systemd[1]: Starting Load/Save Random Seed...
[   11.016279] systemd[1]: Starting Create System Users...
[   11.017953] systemd[1]: Started Journal Service.
[   11.077971] systemd-journald[567]: Received client request to flush runtime journal.
[   12.698743] sha1_sparc64: Using sparc64 sha1 opcode optimized SHA-1 implementation
[   12.849704] n2rng v0.3 (Jan 7, 2017)
[   12.849790] n2rng f029b104: Registered RNG HVAPI major 2 minor 0
[   12.849863] n2rng f029b104: Found multi-unit-capable RNG, units: 2
[   12.851106] n2rng f029b104: RNG ready
[   12.883837] sha256_sparc64: Using sparc64 sha256 opcode optimized SHA-256/SHA-224 implementation
[   12.929964] pktcdvd: setup of pktcdvd device failed
[   12.977168] pktcdvd: setup of pktcdvd device failed
[   12.981089] pktcdvd: setup of pktcdvd device failed
[   12.984813] pktcdvd: setup of pktcdvd device failed
[   12.988229] pktcdvd: setup of pktcdvd device failed
[   12.992374] pktcdvd: setup of pktcdvd device failed
[   12.995883] pktcdvd: setup of pktcdvd device failed
[   12.999105] pktcdvd: setup of pktcdvd device failed
[   13.055633] sha512_sparc64: Using sparc64 sha512 opcode optimized SHA-512/SHA-384 implementation
[   13.058998] md5_sparc64: Using sparc64 md5 opcode optimized MD5 implementation
[   13.313391] Adding 787176k swap on /dev/vdiska4.  Priority:-2 extents:1 across:787176k FS
[   13.451461] XFS (dm-0): Mounting V5 Filesystem
[   13.622975] XFS (dm-0): Ending clean mount
[   13.625475] xfs filesystem being mounted at /1 supports timestamps until 2038 (0x7fffffff)
[   13.789147] EXT4-fs (vdiska1): mounting ext3 file system using the ext4 subsystem
[   14.527073] EXT4-fs (vdiska1): mounted filesystem with ordered data mode. Opts: (null)
[   14.527272] ext3 filesystem being mounted at /boot supports timestamps until 2038 (0x7fffffff)
[   15.623793] random: crng init done
[   15.623929] random: 6 urandom warning(s) missed due to ratelimiting
[   16.156799] Kernel unaligned access at TPC[8856d8] aa_dfa_unpack+0x38/0x5c0
[   16.156919] Kernel unaligned access at TPC[8856f8] aa_dfa_unpack+0x58/0x5c0
[   16.156975] Kernel unaligned access at TPC[8857c0] aa_dfa_unpack+0x120/0x5c0
[   16.157033] Kernel unaligned access at TPC[8858a0] aa_dfa_unpack+0x200/0x5c0
[   16.157088] Kernel unaligned access at TPC[8858b4] aa_dfa_unpack+0x214/0x5c0
[   16.165335] audit: type=1400 audit(1580205126.860:2): apparmor="STATUS" operation="profile_load" profile="unconfined" name="/usr/sbin/haveged" pid=761 comm="apparmor_parser"
[   16.166194] audit: type=1400 audit(1580205126.860:3): apparmor="STATUS" operation="profile_load" profile="unconfined" name="nvidia_modprobe" pid=762 comm="apparmor_parser"
[   16.166310] audit: type=1400 audit(1580205126.860:4): apparmor="STATUS" operation="profile_load" profile="unconfined" name="nvidia_modprobe//kmod" pid=762 comm="apparmor_parser"
[   16.176009] audit: type=1400 audit(1580205126.870:5): apparmor="STATUS" operation="profile_load" profile="unconfined" name="lsb_release" pid=767 comm="apparmor_parser"
[   16.216393] audit: type=1400 audit(1580205126.910:6): apparmor="STATUS" operation="profile_load" profile="unconfined" name="/usr/bin/man" pid=763 comm="apparmor_parser"
[   16.216525] audit: type=1400 audit(1580205126.910:7): apparmor="STATUS" operation="profile_load" profile="unconfined" name="man_filter" pid=763 comm="apparmor_parser"
[   16.216637] audit: type=1400 audit(1580205126.910:8): apparmor="STATUS" operation="profile_load" profile="unconfined" name="man_groff" pid=763 comm="apparmor_parser"
[   16.252827] audit: type=1400 audit(1580205126.940:9): apparmor="STATUS" operation="profile_load" profile="unconfined" name="/usr/sbin/named" pid=766 comm="apparmor_parser"
[   16.292110] audit: type=1400 audit(1580205126.980:10): apparmor="STATUS" operation="profile_load" profile="unconfined" name="/usr/sbin/tcpdump" pid=765 comm="apparmor_parser"
