[    0.000020] PROMLIB: Sun IEEE Boot Prom 'OBP 4.38.12 2018/03/28 14:54'
[    0.000032] PROMLIB: Root node compatible: sun4v
[    0.000077] Linux version 5.2.0-rc1-00001-g7f192e3cd316 (mator@ttip) (gcc version 8.3.0 (Debian 8.3.0-7)) #1038 SMP Sat Jul 13 12:18:57 MSK 2019
[    0.000394] printk: bootconsole [earlyprom0] enabled
[    0.000447] ARCH: SUN4V
[    0.000495] Ethernet address: 00:14:4f:fa:06:f2
[    0.000547] MM: PAGE_OFFSET is 0xfff8000000000000 (max_phys_bits == 47)
[    0.000613] MM: VMALLOC [0x0000000100000000 --> 0x0006000000000000]
[    0.000673] MM: VMEMMAP [0x0006000000000000 --> 0x000c000000000000]
[    0.012343] Kernel: Using 5 locked TLB entries for main kernel image.
[    0.012431] Remapping the kernel... 
[    0.012456] done.
[    0.048482] OF stdout device is: /virtual-devices@100/console@1
[    0.048562] PROM: Built device tree with 86230 bytes of memory.
[    0.048628] MDESC: Size is 36560 bytes.
[    0.048758] PLATFORM: banner-name [SPARC T5-2]
[    0.048810] PLATFORM: name [ORCL,SPARC-T5-2]
[    0.048855] PLATFORM: hostid [84fa06f2]
[    0.048899] PLATFORM: serial# [0035260e]
[    0.048941] PLATFORM: stick-frequency [3b9aca00]
[    0.048989] PLATFORM: mac-address [144ffa06f2]
[    0.049034] PLATFORM: watchdog-resolution [1000 ms]
[    0.049086] PLATFORM: watchdog-max-timeout [31536000000 ms]
[    0.049142] PLATFORM: max-cpus [1024]
[    0.049253] Top of RAM: 0x24af938000, Total RAM: 0x87f354000
[    0.049317] Memory hole size: 115461MB
[    0.054094] Allocated 40960 bytes for kernel page tables.
[    0.054216] Zone ranges:
[    0.054260]   Normal   [mem 0x0000000030400000-0x00000024af937fff]
[    0.054327] Movable zone start for each node
[    0.055374] Early memory node ranges
[    0.055415]   node   0: [mem 0x0000000030400000-0x000000006fe7ffff]
[    0.055477]   node   0: [mem 0x000000006ff00000-0x000000006ff25fff]
[    0.055537]   node   0: [mem 0x0000000070000000-0x000000042fffffff]
[    0.055597]   node   0: [mem 0x0000002030000000-0x00000024af87ffff]
[    0.055661]   node   0: [mem 0x00000024af900000-0x00000024af925fff]
[    0.055721]   node   0: [mem 0x00000024af930000-0x00000024af937fff]
[    0.063197] Zeroed struct page in unavailable ranges: 230130 pages
[    0.063205] Initmem setup node 0 [mem 0x0000000030400000-0x00000024af937fff]
[    0.063362] On node 0 totalpages: 4454826
[    0.063371]   Normal zone: 39154 pages used for memmap
[    0.063377]   Normal zone: 0 pages reserved
[    0.063382]   Normal zone: 4454826 pages, LIFO batch:31
[    0.263264] Booting Linux...
[    0.263351] CPU CAPS: [flush,stbar,swap,muldiv,v9,blkinit,n2,mul32]
[    0.263435] CPU CAPS: [div32,v8plus,popc,vis,vis2,ASIBlkInit,fmaf,vis3]
[    0.264542] CPU CAPS: [hpc,ima,pause,cbcond,aes,des,kasumi,camellia]
[    0.264637] CPU CAPS: [md5,sha1,sha256,sha512,mpmul,montmul,montsqr,crc32c]
[    0.326157] percpu: Embedded 27 pages/cpu s179720 r8192 d33272 u262144
[    0.326420] pcpu-alloc: s179720 r8192 d33272 u262144 alloc=1*4194304
[    0.326427] pcpu-alloc: [0] 000 001 002 003 004 005 006 007 008 009 010 011 012 013 014 015 
[    0.326454] pcpu-alloc: [0] 016 017 018 019 020 021 022 023 024 025 026 027 028 029 030 031 
[    0.326480] pcpu-alloc: [0] 032 033 034 035 036 037 038 039 040 041 042 043 044 045 046 047 
[    0.326506] pcpu-alloc: [0] 048 049 050 051 052 053 054 055 056 057 058 059 060 061 062 063 
[    0.326532] pcpu-alloc: [0] 064 065 066 067 068 069 070 071 072 073 074 075 076 077 078 079 
[    0.326558] pcpu-alloc: [0] 080 081 082 083 084 085 086 087 088 089 090 091 092 093 094 095 
[    0.326584] pcpu-alloc: [0] 096 097 098 099 100 101 102 103 104 105 106 107 108 109 110 111 
[    0.326610] pcpu-alloc: [0] 112 113 114 115 116 117 118 119 120 121 122 123 124 125 126 127 
[    0.326636] pcpu-alloc: [0] 128 129 130 131 132 133 134 135 136 137 138 139 140 141 142 143 
[    0.326662] pcpu-alloc: [0] 144 145 146 147 148 149 150 151 152 153 154 155 156 157 158 159 
[    0.326688] pcpu-alloc: [0] 160 161 162 163 164 165 166 167 168 169 170 171 172 173 174 175 
[    0.326716] pcpu-alloc: [0] 176 177 178 179 180 181 182 183 184 185 186 187 188 189 190 191 
[    0.326743] pcpu-alloc: [0] 192 193 194 195 196 197 198 199 200 201 202 203 204 205 206 207 
[    0.326770] pcpu-alloc: [0] 208 209 210 211 212 213 214 215 216 217 218 219 220 221 222 223 
[    0.326797] pcpu-alloc: [0] 224 225 226 227 228 229 230 231 232 233 234 235 236 237 238 239 
[    0.326823] pcpu-alloc: [0] 240 241 242 243 244 245 246 247 248 249 250 251 252 253 254 255 
[    0.327334] SUN4V: Mondo queue sizes [cpu(131072) dev(16384) r(8192) nr(256)]
[    0.327729] Built 1 zonelists, mobility grouping on.  Total pages: 4415672
[    0.327826] Kernel command line: BOOT_IMAGE=/vmlinuz-5.2.0-rc1-00001-g7f192e3cd316 root=/dev/vdiska2 ro zswap.enabled=1
[    0.330068] printk: log_buf_len individual max cpu contribution: 4096 bytes
[    0.330168] printk: log_buf_len total cpu_extra contributions: 1044480 bytes
[    0.330238] printk: log_buf_len min size: 131072 bytes
[    0.330634] printk: log_buf_len: 2097152 bytes
[    0.330685] printk: early log buf free: 125880(96%)
[    0.337734] Dentry cache hash table entries: 8388608 (order: 13, 67108864 bytes)
[    0.341508] Inode-cache hash table entries: 4194304 (order: 12, 33554432 bytes)
[    0.341615] Sorting __ex_table...
[    0.421527] Memory: 35102488K/35638608K available (6753K kernel code, 956K rwdata, 2024K rodata, 984K init, 6716K bss, 536120K reserved, 0K cma-reserved)
[    0.422529] kmemleak: Kernel memory leak detector disabled
[    0.423120] ftrace: allocating 19658 entries in 39 pages
[    0.437756] Running RCU self tests
[    0.437835] rcu: Hierarchical RCU implementation.
[    0.437889] rcu: 	RCU event tracing is enabled.
[    0.437940] rcu: 	RCU lockdep checking is enabled.
[    0.437989] 	Tasks RCU enabled.
[    0.439059] rcu: RCU calculated value of scheduler-enlistment delay is 11 jiffies.
[    0.446249] NR_IRQS: 2048, nr_irqs: 2048, preallocated irqs: 1
[    0.446379] SUN4V: Using IRQ API major 3, cookie only virqs enabled
[    0.450834] clocksource: stick: mask: 0xffffffffffffffff max_cycles: 0x1cd42e4dffb, max_idle_ns: 881590591483 ns
[    0.450968] clocksource: mult[800000] shift[23]
[    0.451017] clockevent: mult[80000000] shift[31]
[    0.454884] Console: colour dummy device 80x25
[    0.454971] printk: console [tty0] enabled
[    0.455051] printk: bootconsole [earlyprom0] disabled
[    0.455137] Lock dependency validator: Copyright (c) 2006 Red Hat, Inc., Ingo Molnar
[    0.455184] ... MAX_LOCKDEP_SUBCLASSES:  8
[    0.455212] ... MAX_LOCK_DEPTH:          48
[    0.455241] ... MAX_LOCKDEP_KEYS:        8191
[    0.455271] ... CLASSHASH_SIZE:          4096
[    0.455301] ... MAX_LOCKDEP_ENTRIES:     16384
[    0.455331] ... MAX_LOCKDEP_CHAINS:      32768
[    0.455360] ... CHAINHASH_SIZE:          16384
[    0.455391]  memory used by lock dependency info: 3853 kB
[    0.455425]  per task-struct memory footprint: 1920 bytes
[    0.455647] kmemleak: Early log buffer exceeded (4999), please increase DEBUG_KMEMLEAK_EARLY_LOG_SIZE
[    0.601752] Calibrating delay using timer specific routine.. 2018.27 BogoMIPS (lpj=10091352)
[    0.601820] pid_max: default: 262144 minimum: 2048
[    0.603481] Mount-cache hash table entries: 131072 (order: 7, 1048576 bytes)
[    0.603648] Mountpoint-cache hash table entries: 131072 (order: 7, 1048576 bytes)
[    0.605131] *** VALIDATE proc ***
[    0.605817] *** VALIDATE cgroup1 ***
[    0.605848] *** VALIDATE cgroup2 ***
[    0.608633] rcu: Hierarchical SRCU implementation.
[    0.631613] smp: Bringing up secondary CPUs ...
[    0.721697] smp: Brought up 1 node, 32 CPUs
[    0.729338] devtmpfs: initialized
[    0.735964] Performance events: 
[    0.736025] Testing NMI watchdog ... 
[    0.936156] OK.
[    0.936322] Supported PMU type is 'niagara5'
[    0.936660] random: get_random_u32 called from bucket_table_alloc.isra.4+0x184/0x1c0 with crng_init=0
[    0.937587] ldc.c:v1.1 (July 22, 2008)
[    0.940971] clocksource: jiffies: mask: 0xffffffff max_cycles: 0xffffffff, max_idle_ns: 19112604462750000 ns
[    0.941083] futex hash table entries: 65536 (order: 10, 8388608 bytes)
[    0.950928] NET: Registered protocol family 16
[    0.961121] VIO: Adding device channel-devices (tx_ino = ffffffffffffffff, rx_ino = ffffffffffffffff)
[    0.961386] VIO: Adding device vnet-port-0-0 (tx_ino = 0, rx_ino = 1)
[    0.961600] VIO: Adding device vnet-port-0-1 (tx_ino = 2, rx_ino = 3)
[    0.961784] VIO: Adding device vnet-port-0-2 (tx_ino = 4, rx_ino = 5)
[    0.961978] VIO: Adding device vnet-port-0-3 (tx_ino = 6, rx_ino = 7)
[    0.962159] VIO: Adding device vnet-port-0-4 (tx_ino = 8, rx_ino = 9)
[    0.962338] VIO: Adding device vnet-port-0-5 (tx_ino = 16, rx_ino = 17)
[    0.962525] VIO: Adding device vdc-port-3-0 (tx_ino = a, rx_ino = b)
[    0.962716] VIO: Adding device vdc-port-2-0 (tx_ino = c, rx_ino = d)
[    0.962897] VIO: Adding device vdc-port-1-0 (tx_ino = e, rx_ino = f)
[    0.963077] VIO: Adding device vdc-port-0-0 (tx_ino = 10, rx_ino = 11)
[    0.963265] VIO: Adding device vlds-port-0-0 (tx_ino = 12, rx_ino = 13)
[    0.963476] VIO: Adding device domain-services-port-0 (tx_ino = 12, rx_ino = 13)
[    0.963943] audit: initializing netlink subsys (disabled)
[    0.964339] audit: type=2000 audit(0.510:1): state=initialized audit_enabled=0 res=1
[    1.010361] HugeTLB registered 64.0 KiB page size, pre-allocated 0 pages
[    1.010416] HugeTLB registered 8.00 MiB page size, pre-allocated 0 pages
[    1.010459] HugeTLB registered 256 MiB page size, pre-allocated 0 pages
[    1.010502] HugeTLB registered 2.00 GiB page size, pre-allocated 0 pages
[    1.061908] alg: No test for lzo-rle (lzo-rle-generic)
[    1.062504] alg: No test for lzo-rle (lzo-rle-scomp)
[    1.080058] SUN4V: Reboot data supported (maj=1,min=0).
[    1.080634] ds.c:v1.0 (Jul 11, 2007)
[    1.081087] ds-0: ds_conn_reset() from send_events.isra.3
[    1.082583] clocksource: Switched to clocksource stick
[    1.364487] VFS: Disk quotas dquot_6.6.0
[    1.364969] VFS: Dquot-cache hash table entries: 1024 (order 0, 8192 bytes)
[    1.365621] *** VALIDATE hugetlbfs ***
[    1.384051] NET: Registered protocol family 2
[    1.386451] tcp_listen_portaddr_hash hash table entries: 32768 (order: 8, 2359296 bytes)
[    1.389805] TCP established hash table entries: 524288 (order: 9, 4194304 bytes)
[    1.391841] TCP bind hash table entries: 65536 (order: 9, 4194304 bytes)
[    1.398088] TCP: Hash tables configured (established 524288 bind 65536)
[    1.404758] UDP hash table entries: 32768 (order: 9, 5242880 bytes)
[    1.412248] UDP-Lite hash table entries: 32768 (order: 9, 5242880 bytes)
[    1.426415] NET: Registered protocol family 1
[    1.427449] Trying to unpack rootfs image as initramfs...
[    1.741607] Freeing initrd memory: 10288K
[    1.777898] workingset: timestamp_bits=46 max_order=23 bucket_order=0
[    1.783831] SGI XFS with ACLs, security attributes, debug enabled
[    1.798241] Block layer SCSI generic (bsg) driver version 0.4 loaded (major 252)
[    1.800110] io scheduler mq-deadline registered
[    1.802944] f029b788: ttyS0 at I/O 0x0 (irq = 1, base_baud = 115200) is a SUN4V HCONS
[    1.808724] printk: console [ttyHV0] enabled
[    1.813060] sunvdc.c:v1.2 (November 24, 2014)
[    1.820631] sunvdc: Virtual CDROM vdiskd
[    1.820707] sunvdc: vdiskd: 403160 sectors (196 MB) protocol 1.2
[    1.822262]  vdiskd: vdiskd1 vdiskd2 vdiskd3 vdiskd4 vdiskd5 vdiskd6 vdiskd7
[    1.878607] sunvdc: Virtual Hard disk vdiskc
[    1.878659] sunvdc: vdiskc: 104857600 sectors (51200 MB) protocol 1.2
[    1.930417] sunvdc: Virtual Hard disk vdiskb
[    1.930470] sunvdc: vdiskb: 62914560 sectors (30720 MB) protocol 1.2
[    1.932381]  vdiskb: vdiskb1
[    1.984382] sunvdc: Virtual Hard disk vdiska
[    1.984436] sunvdc: vdiska: 31457280 sectors (15360 MB) protocol 1.2
[    1.985426]  vdiska: vdiska1 vdiska2 vdiska3 vdiska4
[    2.031939] sunvnet: sunvnet 2.0 (February 3, 2017)
[    2.035610] vnet_port vnet-port-0-0 eth0: Sun LDOM vnet 00:14:4f:f8:12:a3
[    2.036232] sunvnet: eth0: PORT ( remote-mac 00:14:4f:fa:f3:f0 switch-port )
[    2.037687] sunvnet: eth0: PORT ( remote-mac 00:14:4f:f8:e5:f3 )
[    2.039050] sunvnet: eth0: PORT ( remote-mac 00:14:4f:f9:b4:97 )
[    2.040487] sunvnet: eth0: PORT ( remote-mac 00:14:4f:f9:8b:83 )
[    2.041830] sunvnet: eth0: PORT ( remote-mac 00:14:4f:f8:3f:1e )
[    2.043232] sunvnet: eth0: PORT ( remote-mac 00:14:4f:f8:fe:47 )
[    2.044903] rtc-sun4v rtc-sun4v: registered as rtc0
[    2.045388] device-mapper: uevent: version 1.0.3
[    2.046560] device-mapper: ioctl: 4.40.0-ioctl (2019-01-18) initialised: dm-devel@redhat.com
[    2.048273] NET: Registered protocol family 17
[    2.059382] zswap: default zpool zbud not available
[    2.059448] zswap: pool creation failed
[    2.111001] Key type big_key registered
[    2.111934] rtc-sun4v rtc-sun4v: setting system clock to 2019-07-13T09:20:58 UTC (1563009658)
[    2.116420] This architecture does not have kernel memory protection.
[    2.116487] Run /init as init process
[    3.030110] crc32c_sparc64: Using sparc64 crc32c opcode optimized CRC32C implementation
[    3.038471] random: fast init done
[    3.512530] raid6: int64x8  gen()  2111 MB/s
[    3.682504] raid6: int64x8  xor()  1548 MB/s
[    3.852527] raid6: int64x4  gen()  3385 MB/s
[    4.022506] raid6: int64x4  xor()  1960 MB/s
[    4.192509] raid6: int64x2  gen()  2945 MB/s
[    4.362534] raid6: int64x2  xor()  1940 MB/s
[    4.532522] raid6: int64x1  gen()  2633 MB/s
[    4.702516] raid6: int64x1  xor()  1585 MB/s
[    4.702567] raid6: using algorithm int64x4 gen() 3385 MB/s
[    4.702606] raid6: .... xor() 1960 MB/s, rmw enabled
[    4.702642] raid6: using intx1 recovery algorithm
[    4.703577] async_tx: api initialized (async)
[    4.704246] xor: automatically using best checksumming function   Niagara   
[    4.914554] EXT4-fs (vdiska2): mounted filesystem with ordered data mode. Opts: (null)
[    5.154950] systemd[1]: Inserted module 'autofs4'
[    5.165947] NET: Registered protocol family 10
[    5.178488] Segment Routing with IPv6
[    5.207461] systemd[1]: systemd 241 running in system mode. (+PAM +AUDIT +SELINUX +IMA +APPARMOR +SMACK +SYSVINIT +UTMP +LIBCRYPTSETUP +GCRYPT +GNUTLS +ACL +XZ +LZ4 -SECCOMP +BLKID +ELFUTILS +KMOD -IDN2 +IDN +PCRE2 default-hierarchy=hybrid)
[    5.208081] systemd[1]: Detected architecture sparc64.
[    5.225450] systemd[1]: Set hostname to <ttip>.
[    5.230777] systemd[1]: Failed to bump fs.file-max, ignoring: Invalid argument
[    5.346782] random: lvmconfig: uninitialized urandom read (4 bytes read)
[    5.626565] systemd[1]: /lib/systemd/system/smbd.service:9: PIDFile= references path below legacy directory /var/run/, updating /var/run/samba/smbd.pid → /run/samba/smbd.pid; please update the unit file accordingly.
[    5.627255] systemd[1]: /lib/systemd/system/nmbd.service:9: PIDFile= references path below legacy directory /var/run/, updating /var/run/samba/nmbd.pid → /run/samba/nmbd.pid; please update the unit file accordingly.
[    5.662933] random: systemd: uninitialized urandom read (16 bytes read)
[    5.670535] random: systemd: uninitialized urandom read (16 bytes read)
[    5.672586] systemd[1]: Set up automount Arbitrary Executable File Formats File System Automount Point.
[    5.674445] systemd[1]: Listening on udev Control Socket.
[    5.675888] systemd[1]: Listening on Journal Socket (/dev/log).
[    5.689100] systemd[1]: Created slice system-getty.slice.
[    5.841793] EXT4-fs (vdiska2): re-mounted. Opts: errors=remount-ro
[    6.093848] systemd-journald[458]: Received request to flush runtime journal from PID 1
[    6.100356] systemd-journald[458]: File /var/log/journal/c02366aaa6e44182ba0caa130d880aac/system.journal corrupted or uncleanly shut down, renaming and replacing.
[    6.890048] sha1_sparc64: Using sparc64 sha1 opcode optimized SHA-1 implementation
[    6.892667] n2rng v0.3 (Jan 7, 2017)
[    6.892807] n2rng f029b104: Registered RNG HVAPI major 2 minor 0
[    6.892923] n2rng f029b104: Found multi-unit-capable RNG, units: 2
[    6.894454] n2rng f029b104: RNG ready
[    6.933675] sha256_sparc64: Using sparc64 sha256 opcode optimized SHA-256/SHA-224 implementation
[    6.957800] sha512_sparc64: Using sparc64 sha512 opcode optimized SHA-512/SHA-384 implementation
[    6.959863] md5_sparc64: Using sparc64 md5 opcode optimized MD5 implementation
[    6.972940] aes_sparc64: Using sparc64 aes opcodes optimized AES implementation
[    7.039257] des_sparc64: Using sparc64 des opcodes optimized DES implementation
[    7.098852] camellia_sparc64: Using sparc64 camellia opcodes optimized CAMELLIA implementation
[    8.248355] XFS (dm-0): Mounting V5 Filesystem
[    8.270813] XFS (dm-0): Ending clean mount
[   10.210613] Adding 787176k swap on /dev/vdiska4.  Priority:-2 extents:1 across:787176k FS
[   10.302881] EXT4-fs (vdiska1): mounting ext3 file system using the ext4 subsystem
[   10.322834] EXT4-fs (vdiska1): mounted filesystem with ordered data mode. Opts: (null)
[   11.021910] random: crng init done
[   11.021970] random: 7 urandom warning(s) missed due to ratelimiting
