[    0.000018] PROMLIB: Sun IEEE Boot Prom 'OBP 4.38.12 2018/03/28 14:54'
[    0.000030] PROMLIB: Root node compatible: sun4v
[    0.000077] Linux version 5.3.0-11506-gf7c3bf8fa7e5-dirty (mator@ttip.nvglabs.local) (gcc version 9.2.1 20190909 (Debian 9.2.1-8)) #1237 SMP Sun Sep 22 15:06:38 MSK 2019
[    0.000405] printk: bootconsole [earlyprom0] enabled
[    0.000456] ARCH: SUN4V
[    0.000505] Ethernet address: 00:14:4f:fa:06:f2
[    0.000555] MM: PAGE_OFFSET is 0xfff8000000000000 (max_phys_bits == 47)
[    0.000620] MM: VMALLOC [0x0000000100000000 --> 0x0006000000000000]
[    0.000678] MM: VMEMMAP [0x0006000000000000 --> 0x000c000000000000]
[    0.012971] Kernel: Using 5 locked TLB entries for main kernel image.
[    0.013043] Remapping the kernel... 
[    0.013067] done.
[    0.047828] OF stdout device is: /virtual-devices@100/console@1
[    0.047894] PROM: Built device tree with 87467 bytes of memory.
[    0.047954] MDESC: Size is 37248 bytes.
[    0.048072] PLATFORM: banner-name [SPARC T5-2]
[    0.048123] PLATFORM: name [ORCL,SPARC-T5-2]
[    0.048168] PLATFORM: hostid [84fa06f2]
[    0.048212] PLATFORM: serial# [0035260e]
[    0.048254] PLATFORM: stick-frequency [3b9aca00]
[    0.048305] PLATFORM: mac-address [144ffa06f2]
[    0.048350] PLATFORM: watchdog-resolution [1000 ms]
[    0.048401] PLATFORM: watchdog-max-timeout [31536000000 ms]
[    0.048456] PLATFORM: max-cpus [1024]
[    0.048525] Top of RAM: 0x24af938000, Total RAM: 0x87f354000
[    0.048587] Memory hole size: 115461MB
[    0.100599] kmemleak: Kernel memory leak detector disabled
[    0.278298] Allocated 35708928 bytes for kernel page tables.
[    0.278397] Zone ranges:
[    0.278438]   Normal   [mem 0x0000000030400000-0x00000024af937fff]
[    0.278503] Movable zone start for each node
[    0.278550] Early memory node ranges
[    0.278590]   node   0: [mem 0x0000000030400000-0x000000006fe7ffff]
[    0.278655]   node   0: [mem 0x000000006ff00000-0x000000006ff25fff]
[    0.278715]   node   0: [mem 0x0000000070000000-0x000000042fffffff]
[    0.278778]   node   0: [mem 0x0000002030000000-0x00000024af87ffff]
[    0.278844]   node   0: [mem 0x00000024af900000-0x00000024af925fff]
[    0.278904]   node   0: [mem 0x00000024af930000-0x00000024af937fff]
[    0.286269] Zeroed struct page in unavailable ranges: 230130 pages
[    0.286276] Initmem setup node 0 [mem 0x0000000030400000-0x00000024af937fff]
[    0.286433] On node 0 totalpages: 4454826
[    0.286443]   Normal zone: 39154 pages used for memmap
[    0.286448]   Normal zone: 0 pages reserved
[    0.286454]   Normal zone: 4454826 pages, LIFO batch:31
[    0.295269] Booting Linux...
[    0.295356] CPU CAPS: [flush,stbar,swap,muldiv,v9,blkinit,n2,mul32]
[    0.295440] CPU CAPS: [div32,v8plus,popc,vis,vis2,ASIBlkInit,fmaf,vis3]
[    0.298521] CPU CAPS: [hpc,ima,pause,cbcond,aes,des,kasumi,camellia]
[    0.298593] CPU CAPS: [md5,sha1,sha256,sha512,mpmul,montmul,montsqr,crc32c]
[    0.331694] percpu: Embedded 27 pages/cpu s180680 r8192 d32312 u262144
[    0.331929] pcpu-alloc: s180680 r8192 d32312 u262144 alloc=1*4194304
[    0.331936] pcpu-alloc: [0] 000 001 002 003 004 005 006 007 008 009 010 011 012 013 014 015 
[    0.331963] pcpu-alloc: [0] 016 017 018 019 020 021 022 023 024 025 026 027 028 029 030 031 
[    0.331990] pcpu-alloc: [0] 032 033 034 035 036 037 038 039 040 041 042 043 044 045 046 047 
[    0.332018] pcpu-alloc: [0] 048 049 050 051 052 053 054 055 056 057 058 059 060 061 062 063 
[    0.332044] pcpu-alloc: [0] 064 065 066 067 068 069 070 071 072 073 074 075 076 077 078 079 
[    0.332071] pcpu-alloc: [0] 080 081 082 083 084 085 086 087 088 089 090 091 092 093 094 095 
[    0.332098] pcpu-alloc: [0] 096 097 098 099 100 101 102 103 104 105 106 107 108 109 110 111 
[    0.332125] pcpu-alloc: [0] 112 113 114 115 116 117 118 119 120 121 122 123 124 125 126 127 
[    0.332652] SUN4V: Mondo queue sizes [cpu(131072) dev(16384) r(8192) nr(256)]
[    0.333103] Built 1 zonelists, mobility grouping on.  Total pages: 4415672
[    0.333193] Kernel command line: BOOT_IMAGE=/vmlinux-5.3.0-11506-gf7c3bf8fa7e5-dirty root=/dev/vdiska2 ro zswap.enabled=1
[    0.335521] printk: log_buf_len individual max cpu contribution: 4096 bytes
[    0.335591] printk: log_buf_len total cpu_extra contributions: 520192 bytes
[    0.335658] printk: log_buf_len min size: 131072 bytes
[    0.335978] printk: log_buf_len: 1048576 bytes
[    0.336029] printk: early log buf free: 126560(96%)
[    0.345657] Dentry cache hash table entries: 8388608 (order: 13, 67108864 bytes, linear)
[    0.350557] Inode-cache hash table entries: 4194304 (order: 12, 33554432 bytes, linear)
[    0.350638] Sorting __ex_table...
[    0.350882] mem auto-init: stack:off, heap alloc:off, heap free:off
[    0.411522] Memory: 1305232K/35638608K available (7340K kernel code, 945K rwdata, 2160K rodata, 1024K init, 6732K bss, 539160K reserved, 0K cma-reserved)
[    0.415555] SLUB: HWalign=32, Order=0-3, MinObjects=0, CPUs=128, Nodes=1
[    0.417137] ftrace: allocating 21364 entries in 42 pages
[    0.430038] Running RCU self tests
[    0.430084] rcu: Hierarchical RCU implementation.
[    0.430133] rcu: 	RCU event tracing is enabled.
[    0.430182] rcu: 	RCU lockdep checking is enabled.
[    0.430233] 	Tasks RCU enabled.
[    0.430271] rcu: RCU calculated value of scheduler-enlistment delay is 10 jiffies.
[    0.435055] NR_IRQS: 2048, nr_irqs: 2048, preallocated irqs: 1
[    0.435264] SUN4V: Using IRQ API major 3, cookie only virqs enabled
[    0.438822] clocksource: stick: mask: 0xffffffffffffffff max_cycles: 0x1cd42e4dffb, max_idle_ns: 881590591483 ns
[    0.438951] clocksource: mult[800000] shift[23]
[    0.439001] clockevent: mult[80000000] shift[31]
[    0.440565] Console: colour dummy device 80x25
[    0.440628] printk: console [tty0] enabled
[    0.440704] printk: bootconsole [earlyprom0] disabled
[    0.440788] Lock dependency validator: Copyright (c) 2006 Red Hat, Inc., Ingo Molnar
[    0.440837] ... MAX_LOCKDEP_SUBCLASSES:  8
[    0.440867] ... MAX_LOCK_DEPTH:          48
[    0.440897] ... MAX_LOCKDEP_KEYS:        8192
[    0.440928] ... CLASSHASH_SIZE:          4096
[    0.440959] ... MAX_LOCKDEP_ENTRIES:     16384
[    0.440991] ... MAX_LOCKDEP_CHAINS:      32768
[    0.441022] ... CHAINHASH_SIZE:          16384
[    0.441053]  memory used by lock dependency info: 3855 kB
[    0.441088]  memory used for stack traces: 2112 kB
[    0.441121]  per task-struct memory footprint: 1920 bytes
[    0.441455] kmemleak: Early log buffer exceeded (2001), please increase DEBUG_KMEMLEAK_EARLY_LOG_SIZE
[    0.589256] Calibrating delay using timer specific routine.. 2004.28 BogoMIPS (lpj=10021432)
[    0.589319] pid_max: default: 131072 minimum: 1024
[    0.591352] LSM: Security Framework initializing
[    0.592056] Smack:  Initializing.
[    0.592082] Smack:  IPv6 port labeling enabled.
[    0.593066] Mount-cache hash table entries: 131072 (order: 7, 1048576 bytes, linear)
[    0.593301] Mountpoint-cache hash table entries: 131072 (order: 7, 1048576 bytes, linear)
[    0.593825] *** VALIDATE tmpfs ***
[    0.596385] *** VALIDATE proc ***
[    0.598031] *** VALIDATE cgroup1 ***
[    0.598064] *** VALIDATE cgroup2 ***
[    0.601394] rcu: Hierarchical SRCU implementation.
[    0.609621] smp: Bringing up secondary CPUs ...
[    0.659254] smp: Brought up 1 node, 32 CPUs
[    0.850289] node 0 initialised, 4224277 pages in 190ms
[    0.852060] devtmpfs: initialized
[    0.856660] Performance events: 
[    0.856710] Testing NMI watchdog ... 
[    1.056928] OK.
[    1.057085] Supported PMU type is 'niagara5'
[    1.057508] random: get_random_u32 called from bucket_table_alloc.isra.0+0x188/0x1c0 with crng_init=0
[    1.058344] ldc.c:v1.1 (July 22, 2008)
[    1.060963] clocksource: jiffies: mask: 0xffffffff max_cycles: 0xffffffff, max_idle_ns: 19112604462750000 ns
[    1.061054] futex hash table entries: 32768 (order: 9, 4194304 bytes, linear)
[    1.068987] NET: Registered protocol family 16
[    1.076996] VIO: Adding device channel-devices (tx_ino = ffffffffffffffff, rx_ino = ffffffffffffffff)
[    1.077261] VIO: Adding device vnet-port-0-0 (tx_ino = 0, rx_ino = 1)
[    1.077459] VIO: Adding device vnet-port-0-1 (tx_ino = 2, rx_ino = 3)
[    1.077630] VIO: Adding device vnet-port-0-2 (tx_ino = 4, rx_ino = 5)
[    1.077794] VIO: Adding device vnet-port-0-4 (tx_ino = 8, rx_ino = 9)
[    1.077956] VIO: Adding device vnet-port-0-5 (tx_ino = a, rx_ino = b)
[    1.078124] VIO: Adding device vnet-port-0-6 (tx_ino = c, rx_ino = d)
[    1.078287] VIO: Adding device vnet-port-0-3 (tx_ino = 6, rx_ino = 7)
[    1.078450] VIO: Adding device vdc-port-3-0 (tx_ino = e, rx_ino = f)
[    1.078616] VIO: Adding device vdc-port-2-0 (tx_ino = 10, rx_ino = 11)
[    1.078779] VIO: Adding device vdc-port-1-0 (tx_ino = 12, rx_ino = 13)
[    1.078942] VIO: Adding device vdc-port-0-0 (tx_ino = 14, rx_ino = 15)
[    1.079110] VIO: Adding device vdc-port-4-0 (tx_ino = 16, rx_ino = 17)
[    1.079273] VIO: Adding device vlds-port-0-0 (tx_ino = 18, rx_ino = 19)
[    1.079439] VIO: Adding device domain-services-port-0 (tx_ino = 18, rx_ino = 19)
[    1.079845] audit: initializing netlink subsys (disabled)
[    1.080124] audit: type=2000 audit(0.630:1): state=initialized audit_enabled=0 res=1
[    1.106785] HugeTLB registered 64.0 KiB page size, pre-allocated 0 pages
[    1.106833] HugeTLB registered 8.00 MiB page size, pre-allocated 0 pages
[    1.106878] HugeTLB registered 256 MiB page size, pre-allocated 0 pages
[    1.106922] HugeTLB registered 2.00 GiB page size, pre-allocated 0 pages
[    1.181464] NetLabel: Initializing
[    1.181501] NetLabel:  domain hash size = 128
[    1.181534] NetLabel:  protocols = UNLABELED CIPSOv4 CALIPSO
[    1.181671] NetLabel:  unlabeled traffic allowed by default
[    1.182666] SUN4V: Reboot data supported (maj=1,min=0).
[    1.183300] ds.c:v1.0 (Jul 11, 2007)
[    1.183736] ds-0: ds_conn_reset() from send_events.isra.0
[    1.185255] clocksource: Switched to clocksource stick
[    1.414435] VFS: Disk quotas dquot_6.6.0
[    1.415238] VFS: Dquot-cache hash table entries: 1024 (order 0, 8192 bytes)
[    1.415455] *** VALIDATE ramfs ***
[    1.415636] *** VALIDATE hugetlbfs ***
[    1.432560] NET: Registered protocol family 2
[    1.435786] tcp_listen_portaddr_hash hash table entries: 32768 (order: 8, 2359296 bytes, linear)
[    1.438976] TCP established hash table entries: 524288 (order: 9, 4194304 bytes, linear)
[    1.441180] TCP bind hash table entries: 65536 (order: 9, 4194304 bytes, linear)
[    1.447620] TCP: Hash tables configured (established 524288 bind 65536)
[    1.450648] UDP hash table entries: 32768 (order: 9, 5242880 bytes, linear)
[    1.457290] UDP-Lite hash table entries: 32768 (order: 9, 5242880 bytes, linear)
[    1.466937] NET: Registered protocol family 1
[    1.467000] NET: Registered protocol family 44
[    1.468602] Trying to unpack rootfs image as initramfs...
[    1.771411] Freeing initrd memory: 10368K
[    1.787490] workingset: timestamp_bits=46 max_order=23 bucket_order=0
[    1.809889] SGI XFS with ACLs, security attributes, debug enabled
[    1.836005] Block layer SCSI generic (bsg) driver version 0.4 loaded (major 252)
[    1.837067] io scheduler mq-deadline registered
[    1.840515] f029b788: ttyHV0 at I/O 0x0 (irq = 1, base_baud = 115200) is a SUN4V HCONS
[    1.847193] printk: console [ttyHV0] enabled
[    1.851157] sunvdc.c:v1.2 (November 24, 2014)
[    1.854662] sunvdc: Virtual CDROM vdiskd
[    1.854707] sunvdc: vdiskd: 403160 sectors (196 MB) protocol 1.2
[    1.856859]  vdiskd: vdiskd1 vdiskd2 vdiskd3 vdiskd4 vdiskd5 vdiskd6 vdiskd7
[    1.883192] sunvdc: Virtual Hard disk vdiskc
[    1.883233] sunvdc: vdiskc: 104857600 sectors (51200 MB) protocol 1.2
[    1.907801] sunvdc: Virtual Hard disk vdiskb
[    1.907842] sunvdc: vdiskb: 62914560 sectors (30720 MB) protocol 1.2
[    1.909537]  vdiskb: vdiskb1
[    1.932835] sunvdc: Virtual Hard disk vdiska
[    1.932875] sunvdc: vdiska: 31457280 sectors (15360 MB) protocol 1.2
[    1.934580]  vdiska: vdiska1 vdiska2 vdiska3 vdiska4
[    1.959185] sunvdc: Virtual Hard disk vdiske
[    1.959225] sunvdc: vdiske: 20971520 sectors (10240 MB) protocol 1.2
[    1.961734]  vdiske: vdiske1 vdiske2 vdiske3
[    1.982563] sunvnet: sunvnet 2.0 (February 3, 2017)
[    1.984939] vnet_port vnet-port-0-0 eth0: Sun LDOM vnet 00:14:4f:f8:12:a3
[    1.985217] sunvnet: eth0: PORT ( remote-mac 00:14:4f:fa:f3:f0 switch-port )
[    1.985836] sunvnet: eth0: PORT ( remote-mac 00:14:4f:f8:e5:f3 )
[    1.986477] sunvnet: eth0: PORT ( remote-mac 00:14:4f:f9:b4:97 )
[    1.987103] sunvnet: eth0: PORT ( remote-mac 00:14:4f:f8:3f:1e )
[    1.987724] sunvnet: eth0: PORT ( remote-mac 00:14:4f:f8:fe:47 )
[    1.988340] sunvnet: eth0: PORT ( remote-mac 00:14:4f:f9:8b:83 )
[    1.988966] sunvnet: eth0: PORT ( remote-mac 00:14:4f:f9:6c:d1 )
[    1.990257] rtc-sun4v rtc-sun4v: registered as rtc0
[    1.990828] sun4v_wdt: initialized (timeout=60s, nowayout=0)
[    1.991220] device-mapper: uevent: version 1.0.3
[    1.992260] device-mapper: ioctl: 4.41.0-ioctl (2019-09-16) initialised: dm-devel@redhat.com
[    1.993489] NET: Registered protocol family 17
[    1.994154] registered taskstats version 1
[    2.001968] zswap: default zpool zbud not available
[    2.002020] zswap: pool creation failed
[    2.041346] Key type big_key registered
[    2.042237] rtc-sun4v rtc-sun4v: setting system clock to 2019-09-22T12:12:17 UTC (1569154337)
[    2.046502] This architecture does not have kernel memory protection.
[    2.046550] Run /init as init process
[    2.598617] crc32c_sparc64: Using sparc64 crc32c opcode optimized CRC32C implementation
[    2.654764] random: fast init done
[    3.015162] raid6: int64x8  gen()  2184 MB/s
[    3.185139] raid6: int64x8  xor()  1570 MB/s
[    3.355170] raid6: int64x4  gen()  3460 MB/s
[    3.525173] raid6: int64x4  xor()  2002 MB/s
[    3.695183] raid6: int64x2  gen()  2850 MB/s
[    3.865158] raid6: int64x2  xor()  1989 MB/s
[    4.035148] raid6: int64x1  gen()  2793 MB/s
[    4.205184] raid6: int64x1  xor()  1650 MB/s
[    4.205233] raid6: using algorithm int64x4 gen() 3460 MB/s
[    4.205273] raid6: .... xor() 2002 MB/s, rmw enabled
[    4.205310] raid6: using intx1 recovery algorithm
[    4.206174] async_tx: api initialized (async)
[    4.206771] xor: automatically using best checksumming function   Niagara   
[    4.419338] EXT4-fs (vdiska2): mounted filesystem with ordered data mode. Opts: (null)
[    6.218727] systemd[1]: Inserted module 'autofs4'
[    6.231005] NET: Registered protocol family 10
[    6.237638] Segment Routing with IPv6
[    6.299440] systemd[1]: systemd 242 running in system mode. (+PAM +AUDIT +SELINUX +IMA +APPARMOR +SMACK +SYSVINIT +UTMP +LIBCRYPTSETUP +GCRYPT +GNUTLS +ACL +XZ +LZ4 -SECCOMP +BLKID +ELFUTILS +KMOD +IDN2 -IDN +PCRE2 default-hierarchy=hybrid)
[    6.300021] systemd[1]: Detected architecture sparc64.
[    6.401880] systemd[1]: Set hostname to <ttip.nvglabs.local>.
[    6.405738] systemd[1]: Failed to bump fs.file-max, ignoring: Invalid argument
[    7.295043] random: lvmconfig: uninitialized urandom read (4 bytes read)
[    8.263497] systemd[1]: /lib/systemd/system/dbus.socket:4: ListenStream= references a path below legacy directory /var/run/, updating /var/run/dbus/system_bus_socket → /run/dbus/system_bus_socket; please update the unit file accordingly.
[    8.627894] systemd[1]: /lib/systemd/system/pcscd.socket:4: ListenStream= references a path below legacy directory /var/run/, updating /var/run/pcscd/pcscd.comm → /run/pcscd/pcscd.comm; please update the unit file accordingly.
[    8.688785] random: systemd: uninitialized urandom read (16 bytes read)
[    8.690527] systemd[1]: Set up automount Arbitrary Executable File Formats File System Automount Point.
[    8.691485] random: systemd: uninitialized urandom read (16 bytes read)
[    8.701719] systemd[1]: Created slice system-getty.slice.
[    8.702175] random: systemd: uninitialized urandom read (16 bytes read)
[    8.703394] systemd[1]: Listening on Journal Socket.
[    8.713307] systemd[1]: Mounting POSIX Message Queue File System...
[    8.902156] EXT4-fs (vdiska2): re-mounted. Opts: errors=remount-ro
[    9.157426] systemd-journald[478]: Received request to flush runtime journal from PID 1
[   10.289274] sha1_sparc64: Using sparc64 sha1 opcode optimized SHA-1 implementation
[   10.323360] sha256_sparc64: Using sparc64 sha256 opcode optimized SHA-256/SHA-224 implementation
[   10.347498] sha512_sparc64: Using sparc64 sha512 opcode optimized SHA-512/SHA-384 implementation
[   10.353261] md5_sparc64: Using sparc64 md5 opcode optimized MD5 implementation
[   10.395275] aes_sparc64: Using sparc64 aes opcodes optimized AES implementation
[   10.395495] n2rng v0.3 (Jan 7, 2017)
[   10.395552] n2rng f029b104: Registered RNG HVAPI major 2 minor 0
[   10.395602] n2rng f029b104: Found multi-unit-capable RNG, units: 2
[   10.396436] n2rng f029b104: RNG ready
[   10.482910] des_sparc64: Using sparc64 des opcodes optimized DES implementation
[   10.502184] ------------[ cut here ]------------
[   10.502265] WARNING: CPU: 22 PID: 596 at drivers/block/pktcdvd.c:2597 pkt_setup_dev+0x2e4/0x5a0 [pktcdvd]
[   10.502331] Attempt to register a non-SCSI queue
[   10.502368] Modules linked in: pktcdvd des_sparc64(+) cdrom libdes aes_sparc64 n2_rng rng_core md5_sparc64 flash sha512_sparc64 sha256_sparc64 sha1_sparc64 ip_tables x_tables ipv6 crc_ccitt nf_defrag_ipv6 autofs4 ext4 crc16 mbcache jbd2 raid10 raid456 async_raid6_recov async_memcpy async_pq async_xor xor async_tx raid6_pq raid1 raid0 multipath linear md_mod crc32c_sparc64
[   10.502647] CPU: 22 PID: 596 Comm: pktsetup Not tainted 5.3.0-11506-gf7c3bf8fa7e5-dirty #1237
[   10.502705] Call Trace:
[   10.502742]  [00000000004635c0] __warn+0xc0/0x100
[   10.502781]  [0000000000463634] warn_slowpath_fmt+0x34/0x60
[   10.502825]  [00000000104e9244] pkt_setup_dev+0x2e4/0x5a0 [pktcdvd]
[   10.502873]  [00000000104eacf4] pkt_ctl_ioctl+0x94/0x220 [pktcdvd]
[   10.502923]  [00000000006ba108] do_vfs_ioctl+0x628/0x6e0
[   10.502964]  [00000000006ba208] ksys_ioctl+0x48/0x80
[   10.503003]  [00000000006ba254] sys_ioctl+0x14/0x40
[   10.503047]  [0000000000406294] linux_sparc_syscall+0x34/0x44
[   10.503090] irq event stamp: 3841
[   10.503124] hardirqs last  enabled at (3849): [<00000000004e0ad4>] console_unlock+0x634/0x6c0
[   10.503184] hardirqs last disabled at (3856): [<00000000004e05a0>] console_unlock+0x100/0x6c0
[   10.503246] softirqs last  enabled at (2760): [<0000000000b2ef98>] __do_softirq+0x498/0x520
[   10.503308] softirqs last disabled at (2751): [<000000000042cfb4>] do_softirq_own_stack+0x34/0x60
[   10.503369] ---[ end trace 6e30708ad3d49e74 ]---
[   10.504155] pktcdvd: setup of pktcdvd device failed
[   10.540196] camellia_sparc64: Using sparc64 camellia opcodes optimized CAMELLIA implementation
[   10.552162] pktcdvd: setup of pktcdvd device failed
[   10.556228] pktcdvd: setup of pktcdvd device failed
[   10.559671] pktcdvd: setup of pktcdvd device failed
[   10.563531] pktcdvd: setup of pktcdvd device failed
[   10.567567] pktcdvd: setup of pktcdvd device failed
[   10.571309] pktcdvd: setup of pktcdvd device failed
[   10.574125] pktcdvd: setup of pktcdvd device failed
[   12.027903] XFS (dm-0): Mounting V5 Filesystem
[   12.199983] XFS (dm-0): Ending clean mount
[   12.202888] Mounted xfs file system at /1 supports timestamps until 2038 (0x7fffffff)
[   13.625199] Adding 787176k swap on /dev/vdiska4.  Priority:-2 extents:1 across:787176k FS
[   13.887052] EXT4-fs (vdiska1): mounting ext3 file system using the ext4 subsystem
[   13.901123] EXT4-fs (vdiska1): mounted filesystem with ordered data mode. Opts: (null)
[   13.901544] Mounted ext3 file system at /boot supports timestamps until 2038 (0x7fffffff)
[   14.767469] random: crng init done
[   14.767528] random: 6 urandom warning(s) missed due to ratelimiting
[   18.201156] tun: Universal TUN/TAP device driver, 1.6

[   18.584004] ======================================================
[   18.584012] WARNING: possible circular locking dependency detected
[   18.584022] 5.3.0-11506-gf7c3bf8fa7e5-dirty #1237 Tainted: G        W        
[   18.584030] ------------------------------------------------------
[   18.584038] iptables-restor/922 is trying to acquire lock:
[   18.584045] 00000000105180e0 (&table[i].mutex){+.+.}, at: nfnl_lock+0x24/0x40 [nfnetlink]
[   18.584067] 
               but task is already holding lock:
[   18.584074] 0000000000e0ae20 (&net->nft.commit_mutex){+.+.}, at: nf_tables_valid_genid+0x10/0x60 [nf_tables]
[   18.584098] 
               which lock already depends on the new lock.

[   18.584107] 
               the existing dependency chain (in reverse order) is:
[   18.584114] 
               -> #1 (&net->nft.commit_mutex){+.+.}:
[   18.584131]        __mutex_lock+0xa8/0x960
[   18.584139]        mutex_lock_nested+0x1c/0x40
[   18.584149]        nf_tables_valid_genid+0x10/0x60 [nf_tables]
[   18.584157]        nfnetlink_rcv_batch+0x244/0x620 [nfnetlink]
[   18.584165]        nfnetlink_rcv+0x110/0x140 [nfnetlink]
[   18.584179]        netlink_unicast+0x128/0x200
[   18.584185]        netlink_sendmsg+0x334/0x380
[   18.584194]        sock_sendmsg+0x34/0x80
[   18.584201]        ___sys_sendmsg+0x234/0x260
[   18.584210]        __sys_sendmsg+0x48/0x80
[   18.584216]        sys_sendmsg+0x18/0x40
[   18.584229]        linux_sparc_syscall+0x34/0x44
[   18.584235] 
               -> #0 (&table[i].mutex){+.+.}:
[   18.584250]        __lock_acquire+0x1ca0/0x2760
[   18.584256]        lock_acquire+0x1a4/0x1c0
[   18.584263]        __mutex_lock+0xa8/0x960
[   18.584269]        mutex_lock_nested+0x1c/0x40
[   18.584276]        nfnl_lock+0x24/0x40 [nfnetlink]
[   18.584287]        ip_set_nfnl_get_byindex+0x18c/0x280 [ip_set]
[   18.584298]        set_match_v1_checkentry+0x14/0xc0 [xt_set]
[   18.584312]        xt_check_match+0x23c/0x280 [x_tables]
[   18.584322]        __nft_match_init+0x160/0x180 [nft_compat]
[   18.584330]        nft_match_init+0x18/0x40 [nft_compat]
[   18.584340]        nf_tables_newrule+0x504/0x780 [nf_tables]
[   18.584348]        nfnetlink_rcv_batch+0x3ec/0x620 [nfnetlink]
[   18.584355]        nfnetlink_rcv+0x110/0x140 [nfnetlink]
[   18.584363]        netlink_unicast+0x128/0x200
[   18.584369]        netlink_sendmsg+0x334/0x380
[   18.584376]        sock_sendmsg+0x34/0x80
[   18.584382]        ___sys_sendmsg+0x234/0x260
[   18.584388]        __sys_sendmsg+0x48/0x80
[   18.584395]        sys_sendmsg+0x18/0x40
[   18.584401]        linux_sparc_syscall+0x34/0x44
[   18.584407] 
               other info that might help us debug this:

[   18.584415]  Possible unsafe locking scenario:

[   18.584422]        CPU0                    CPU1
[   18.584427]        ----                    ----
[   18.584432]   lock(&net->nft.commit_mutex);
[   18.584439]                                lock(&table[i].mutex);
[   18.584446]                                lock(&net->nft.commit_mutex);
[   18.584454]   lock(&table[i].mutex);
[   18.584460] 
                *** DEADLOCK ***

[   18.584469] 1 lock held by iptables-restor/922:
[   18.584474]  #0: 0000000000e0ae20 (&net->nft.commit_mutex){+.+.}, at: nf_tables_valid_genid+0x10/0x60 [nf_tables]
[   18.584491] 
               stack backtrace:
[   18.584499] CPU: 20 PID: 922 Comm: iptables-restor Tainted: G        W         5.3.0-11506-gf7c3bf8fa7e5-dirty #1237
[   18.584508] Call Trace:
[   18.584515]  [00000000004d0c04] print_circular_bug.isra.0+0x304/0x320
[   18.584523]  [00000000004d0e28] check_noncircular+0x208/0x220
[   18.584530]  [00000000004d5ba0] __lock_acquire+0x1ca0/0x2760
[   18.584537]  [00000000004d6fc4] lock_acquire+0x1a4/0x1c0
[   18.584544]  [0000000000b27708] __mutex_lock+0xa8/0x960
[   18.584552]  [0000000000b27fdc] mutex_lock_nested+0x1c/0x40
[   18.584559]  [0000000010516024] nfnl_lock+0x24/0x40 [nfnetlink]
[   18.584568]  [000000001052282c] ip_set_nfnl_get_byindex+0x18c/0x280 [ip_set]
[   18.584576]  [000000001058a5b4] set_match_v1_checkentry+0x14/0xc0 [xt_set]
[   18.584586]  [000000001033ee7c] xt_check_match+0x23c/0x280 [x_tables]
[   18.584594]  [0000000010578c40] __nft_match_init+0x160/0x180 [nft_compat]
[   18.584602]  [0000000010578cf8] nft_match_init+0x18/0x40 [nft_compat]
[   18.584613]  [00000000105539a4] nf_tables_newrule+0x504/0x780 [nf_tables]
[   18.584621]  [00000000105171cc] nfnetlink_rcv_batch+0x3ec/0x620 [nfnetlink]
[   18.584629]  [0000000010517510] nfnetlink_rcv+0x110/0x140 [nfnetlink]
[   18.584636]  [0000000000a231e8] netlink_unicast+0x128/0x200
