[    0.000018] PROMLIB: Sun IEEE Boot Prom 'OBP 4.38.17 2019/01/25 08:22'
[    0.000022] PROMLIB: Root node compatible: sun4v
[    0.000057] Linux version 5.9.0-00815-g50d228345a03 (mator@ttip) (gcc (Debian 10.2.0-23) 10.2.0, GNU ld (GNU Binutils for Debian) 2.35.1) #135 SMP Tue Dec 8 00:45:58 MSK 2020
[    0.000335] printk: bootconsole [earlyprom0] enabled
[    0.000381] ARCH: SUN4V
[    0.000420] Ethernet address: 00:14:4f:fa:06:f2
[    0.000466] MM: PAGE_OFFSET is 0xfff8000000000000 (max_phys_bits == 47)
[    0.000522] MM: VMALLOC [0x0000000100000000 --> 0x0006000000000000]
[    0.000577] MM: VMEMMAP [0x0006000000000000 --> 0x000c000000000000]
[    0.011726] Kernel: Using 3 locked TLB entries for main kernel image.
[    0.011787] Remapping the kernel... 
[    0.011804] done.
[    0.034679] OF stdout device is: /virtual-devices@100/console@1
[    0.034737] PROM: Built device tree with 65673 bytes of memory.
[    0.034793] MDESC: Size is 29712 bytes.
[    0.034882] PLATFORM: banner-name [SPARC T5-2]
[    0.034923] PLATFORM: name [ORCL,SPARC-T5-2]
[    0.034963] PLATFORM: hostid [84fa06f2]
[    0.034997] PLATFORM: serial# [0035260e]
[    0.035033] PLATFORM: stick-frequency [3b9aca00]
[    0.035074] PLATFORM: mac-address [144ffa06f2]
[    0.035114] PLATFORM: watchdog-resolution [1000 ms]
[    0.035158] PLATFORM: watchdog-max-timeout [31536000000 ms]
[    0.035205] PLATFORM: max-cpus [1024]
[    0.035290] Top of RAM: 0x2af94a000, Total RAM: 0x27f388000
[    0.035343] Memory hole size: 773MB
[    0.036834] Allocated 24576 bytes for kernel page tables.
[    0.036905] Zone ranges:
[    0.036936]   Normal   [mem 0x0000000030400000-0x00000002af949fff]
[    0.036992] Movable zone start for each node
[    0.037030] Early memory node ranges
[    0.037064]   node   0: [mem 0x0000000030400000-0x000000006febffff]
[    0.037118]   node   0: [mem 0x000000006ff40000-0x000000006ff47fff]
[    0.037172]   node   0: [mem 0x0000000070000000-0x00000002af8b5fff]
[    0.037226]   node   0: [mem 0x00000002af940000-0x00000002af949fff]
[    0.043015] Zeroed struct page in unavailable ranges: 132668 pages
[    0.043020] Initmem setup node 0 [mem 0x0000000030400000-0x00000002af949fff]
[    0.043157] On node 0 totalpages: 1309124
[    0.043160]   Normal zone: 11508 pages used for memmap
[    0.043163]   Normal zone: 0 pages reserved
[    0.043165]   Normal zone: 1309124 pages, LIFO batch:31
[    0.084588] Booting Linux...
[    0.084657] CPU CAPS: [flush,stbar,swap,muldiv,v9,blkinit,n2,mul32]
[    0.084722] CPU CAPS: [div32,v8plus,popc,vis,vis2,ASIBlkInit,fmaf,vis3]
[    0.084786] CPU CAPS: [hpc,ima,pause,cbcond,aes,des,kasumi,camellia]
[    0.085848] CPU CAPS: [md5,sha1,sha256,sha512,mpmul,montmul,montsqr,crc32c]
[    0.133128] percpu: Embedded 19 pages/cpu s114904 r8192 d32552 u262144
[    0.133337] pcpu-alloc: s114904 r8192 d32552 u262144 alloc=1*4194304
[    0.133340] pcpu-alloc: [0] 000 001 002 003 004 005 006 007 008 009 010 011 012 013 014 015 
[    0.133353] pcpu-alloc: [0] 016 017 018 019 020 021 022 023 024 025 026 027 028 029 030 031 
[    0.133366] pcpu-alloc: [0] 032 033 034 035 036 037 038 039 040 041 042 043 044 045 046 047 
[    0.133378] pcpu-alloc: [0] 048 049 050 051 052 053 054 055 056 057 058 059 060 061 062 063 
[    0.133391] pcpu-alloc: [0] 064 065 066 067 068 069 070 071 072 073 074 075 076 077 078 079 
[    0.133404] pcpu-alloc: [0] 080 081 082 083 084 085 086 087 088 089 090 091 092 093 094 095 
[    0.133416] pcpu-alloc: [0] 096 097 098 099 100 101 102 103 104 105 106 107 108 109 110 111 
[    0.133429] pcpu-alloc: [0] 112 113 114 115 116 117 118 119 120 121 122 123 124 125 126 127 
[    0.133442] pcpu-alloc: [0] 128 129 130 131 132 133 134 135 136 137 138 139 140 141 142 143 
[    0.133455] pcpu-alloc: [0] 144 145 146 147 148 149 150 151 152 153 154 155 156 157 158 159 
[    0.133467] pcpu-alloc: [0] 160 161 162 163 164 165 166 167 168 169 170 171 172 173 174 175 
[    0.133480] pcpu-alloc: [0] 176 177 178 179 180 181 182 183 184 185 186 187 188 189 190 191 
[    0.133492] pcpu-alloc: [0] 192 193 194 195 196 197 198 199 200 201 202 203 204 205 206 207 
[    0.133505] pcpu-alloc: [0] 208 209 210 211 212 213 214 215 216 217 218 219 220 221 222 223 
[    0.133518] pcpu-alloc: [0] 224 225 226 227 228 229 230 231 232 233 234 235 236 237 238 239 
[    0.133530] pcpu-alloc: [0] 240 241 242 243 244 245 246 247 248 249 250 251 252 253 254 255 
[    0.133937] SUN4V: Mondo queue sizes [cpu(131072) dev(16384) r(8192) nr(256)]
[    0.134237] Built 1 zonelists, mobility grouping on.  Total pages: 1297616
[    0.134301] Kernel command line: BOOT_IMAGE=/vmlinux-5.9.0-00815-g50d228345a03 root=/dev/vdiska2 ro zswap.enabled=1
[    0.135794] printk: log_buf_len individual max cpu contribution: 4096 bytes
[    0.135858] printk: log_buf_len total cpu_extra contributions: 1044480 bytes
[    0.135916] printk: log_buf_len min size: 131072 bytes
[    0.136277] printk: log_buf_len: 2097152 bytes
[    0.136321] printk: early log buf free: 126008(96%)
[    0.137971] Dentry cache hash table entries: 2097152 (order: 11, 16777216 bytes, linear)
[    0.138869] Inode-cache hash table entries: 1048576 (order: 10, 8388608 bytes, linear)
[    0.138937] Sorting __ex_table...
[    0.139167] mem auto-init: stack:off, heap alloc:off, heap free:off
[    0.159883] Memory: 10256864K/10472992K available (7804K kernel code, 1074K rwdata, 1936K rodata, 592K init, 413K bss, 216128K reserved, 0K cma-reserved)
[    0.160040] random: get_random_u64 called from __kmem_cache_create+0x20/0x520 with crng_init=0
[    0.161026] SLUB: HWalign=32, Order=0-3, MinObjects=0, CPUs=256, Nodes=1
[    0.161451] ftrace: allocating 23967 entries in 47 pages
[    0.170489] ftrace: allocated 47 pages with 5 groups
[    0.173000] rcu: Hierarchical RCU implementation.
[    0.173049] 	Trampoline variant of Tasks RCU enabled.
[    0.173093] 	Rude variant of Tasks RCU enabled.
[    0.173134] 	Tracing variant of Tasks RCU enabled.
[    0.173174] rcu: RCU calculated value of scheduler-enlistment delay is 26 jiffies.
[    0.176434] NR_IRQS: 2048, nr_irqs: 2048, preallocated irqs: 1
[    0.176508] SUN4V: Using IRQ API major 3, cookie only virqs enabled
[    0.179164] clocksource: stick: mask: 0xffffffffffffffff max_cycles: 0x1cd42e4dffb, max_idle_ns: 881590591483 ns
[    0.179280] clocksource: mult[800000] shift[23]
[    0.179321] clockevent: mult[80000000] shift[31]
[    0.179738] Console: colour dummy device 80x25
[    0.179783] printk: console [tty0] enabled
[    0.179822] printk: bootconsole [earlyprom0] disabled
[    0.259403] Calibrating delay using timer specific routine.. 2001.06 BogoMIPS (lpj=4002124)
[    0.259410] pid_max: default: 262144 minimum: 2048
[    0.259785] LSM: Security Framework initializing
[    0.259986] Mount-cache hash table entries: 32768 (order: 5, 262144 bytes, linear)
[    0.260020] Mountpoint-cache hash table entries: 32768 (order: 5, 262144 bytes, linear)
[    0.261676] rcu: Hierarchical SRCU implementation.
[    0.264627] smp: Bringing up secondary CPUs ...
[    0.272479] smp: Brought up 1 node, 24 CPUs
[    0.274262] devtmpfs: initialized
[    0.275041] Performance events: 
[    0.275060] Testing NMI watchdog ... 
[    0.355135] OK.
[    0.355154] Supported PMU type is 'niagara5'
[    0.355466] ldc.c:v1.1 (July 22, 2008)
[    0.355623] clocksource: jiffies: mask: 0xffffffff max_cycles: 0xffffffff, max_idle_ns: 7645041785100000 ns
[    0.355645] futex hash table entries: 65536 (order: 9, 4194304 bytes, linear)
[    0.357827] NET: Registered protocol family 16
[    0.359052] VIO: Adding device channel-devices (tx_ino = ffffffffffffffff, rx_ino = ffffffffffffffff)
[    0.359082] VIO: Adding device vnet-port-0-0 (tx_ino = 0, rx_ino = 1)
[    0.359103] VIO: Adding device vnet-port-0-1 (tx_ino = 2, rx_ino = 3)
[    0.359124] VIO: Adding device vnet-port-0-2 (tx_ino = 4, rx_ino = 5)
[    0.359147] VIO: Adding device vnet-port-0-3 (tx_ino = 6, rx_ino = 7)
[    0.359170] VIO: Adding device vnet-port-0-4 (tx_ino = 8, rx_ino = 9)
[    0.359190] VIO: Adding device vdc-port-2-0 (tx_ino = a, rx_ino = b)
[    0.359210] VIO: Adding device vdc-port-1-0 (tx_ino = c, rx_ino = d)
[    0.359229] VIO: Adding device vdc-port-0-0 (tx_ino = e, rx_ino = f)
[    0.359251] VIO: Adding device vlds-port-0-0 (tx_ino = 10, rx_ino = 11)
[    0.359273] VIO: Adding device domain-services-port-0 (tx_ino = 10, rx_ino = 11)
[    0.359352] audit: initializing netlink subsys (disabled)
[    0.359426] audit: type=2000 audit(0.176:1): state=initialized audit_enabled=0 res=1
[    0.364616] HugeTLB registered 64.0 KiB page size, pre-allocated 0 pages
[    0.364622] HugeTLB registered 8.00 MiB page size, pre-allocated 0 pages
[    0.364627] HugeTLB registered 256 MiB page size, pre-allocated 0 pages
[    0.364631] HugeTLB registered 2.00 GiB page size, pre-allocated 0 pages
[    0.930119] NetLabel: Initializing
[    0.930129] NetLabel:  domain hash size = 128
[    0.930133] NetLabel:  protocols = UNLABELED CIPSOv4 CALIPSO
[    0.930158] NetLabel:  unlabeled traffic allowed by default
[    0.930404] SUN4V: Reboot data supported (maj=1,min=0).
[    0.930506] ds.c:v1.0 (Jul 11, 2007)
[    0.930634] ds-0: ds_conn_reset() from send_events
[    0.930900] clocksource: Switched to clocksource stick
[    0.982273] VFS: Disk quotas dquot_6.6.0
[    0.982375] VFS: Dquot-cache hash table entries: 1024 (order 0, 8192 bytes)
[    0.984957] NET: Registered protocol family 2
[    0.986062] tcp_listen_portaddr_hash hash table entries: 8192 (order: 4, 131072 bytes, linear)
[    0.986158] TCP established hash table entries: 131072 (order: 7, 1048576 bytes, linear)
[    0.986619] TCP bind hash table entries: 65536 (order: 7, 1048576 bytes, linear)
[    0.987073] TCP: Hash tables configured (established 131072 bind 65536)
[    0.987599] UDP hash table entries: 8192 (order: 5, 262144 bytes, linear)
[    0.987721] UDP-Lite hash table entries: 8192 (order: 5, 262144 bytes, linear)
[    0.988661] NET: Registered protocol family 1
[    0.988673] NET: Registered protocol family 44
[    0.988793] Trying to unpack rootfs image as initramfs...
[    1.150085] Freeing initrd memory: 23512K
[    1.154255] Initialise system trusted keyrings
[    1.154279] Key type blacklist registered
[    1.154380] workingset: timestamp_bits=46 max_order=21 bucket_order=0
[    1.157090] zbud: loaded
[    1.157928] SGI XFS with ACLs, security attributes, realtime, quota, no debug enabled
[    1.159668] Key type asymmetric registered
[    1.159675] Asymmetric key parser 'x509' registered
[    1.159693] Block layer SCSI generic (bsg) driver version 0.4 loaded (major 252)
[    1.159948] io scheduler mq-deadline registered
[    1.160414] f029b788: ttyHV0 at I/O 0x0 (irq = 1, base_baud = 115200) is a SUN4V HCONS
[    1.160617] printk: console [ttyHV0] enabled
[    1.161436] sunvdc.c:v1.2 (November 24, 2014)
[    1.163063] sunvdc: Virtual Hard disk vdiskc
[    1.163070] sunvdc: vdiskc: 104857600 sectors (51200 MB) protocol 1.2
[    1.169378] sunvdc: Virtual Hard disk vdiskb
[    1.169386] sunvdc: vdiskb: 62914560 sectors (30720 MB) protocol 1.2
[    1.169857]  vdiskb: vdiskb1
[    1.175837] sunvdc: Virtual Hard disk vdiska
[    1.175846] sunvdc: vdiska: 31457280 sectors (15360 MB) protocol 1.2
[    1.176319]  vdiska: vdiska1 vdiska2 vdiska3 vdiska4
[    1.181280] Silicon Labs C2 port support v. 0.51.0 - (C) 2007 Rodolfo Giometti
[    1.181603] rtc-sun4v rtc-sun4v: registered as rtc0
[    1.181643] rtc-sun4v rtc-sun4v: setting system clock to 2020-12-07T21:50:42 UTC (1607377842)
[    1.182354] NET: Registered protocol family 10
[    1.195852] Segment Routing with IPv6
[    1.195894] mip6: Mobile IPv6
[    1.195902] NET: Registered protocol family 17
[    1.196013] registered taskstats version 1
[    1.196022] Loading compiled-in X.509 certificates
[    1.196111] zswap: loaded using pool lzo/zbud
[    1.197608] This architecture does not have kernel memory protection.
[    1.197619] Run /init as init process
[    1.197625]   with arguments:
[    1.197627]     /init
[    1.197630]   with environment:
[    1.197632]     HOME=/
[    1.197634]     TERM=linux
[    1.197636]     BOOT_IMAGE=/vmlinux-5.9.0-00815-g50d228345a03
[    1.361598] sunvnet_common: module verification failed: signature and/or required key missing - tainting kernel
[    1.362928] sunvnet: sunvnet 2.0 (February 3, 2017)
[    1.363962] vnet_port vnet-port-0-0 eth0: Sun LDOM vnet 00:14:4f:f8:12:a3
[    1.364049] sunvnet: eth0: PORT ( remote-mac 00:14:4f:fa:f3:f0 switch-port )
[    1.364227] sunvnet: eth0: PORT ( remote-mac 00:14:4f:f9:b4:97 )
[    1.364381] sunvnet: eth0: PORT ( remote-mac 00:14:4f:f8:e5:f3 )
[    1.364573] sunvnet: eth0: PORT ( remote-mac 00:14:4f:f8:3f:1e )
[    1.364750] sunvnet: eth0: PORT ( remote-mac 00:14:4f:f9:8b:83 )
[    1.371346] crc32c_sparc64: Using sparc64 crc32c opcode optimized CRC32C implementation
[    1.372533] random: lvm: uninitialized urandom read (4 bytes read)
[    1.391684] device-mapper: uevent: version 1.0.3
[    1.391837] device-mapper: ioctl: 4.42.0-ioctl (2020-02-27) initialised: dm-devel@redhat.com
[    1.394038] random: lvm: uninitialized urandom read (2 bytes read)
[    1.599357] xor: automatically using best checksumming function   Niagara   
[    1.666876] raid6: int64x8  gen()  2162 MB/s
[    1.734874] raid6: int64x8  xor()  1514 MB/s
[    1.802869] raid6: int64x4  gen()  3384 MB/s
[    1.870866] raid6: int64x4  xor()  1456 MB/s
[    1.938874] raid6: int64x2  gen()  3356 MB/s
[    2.006883] raid6: int64x2  xor()  1138 MB/s
[    2.074879] raid6: int64x1  gen()  1377 MB/s
[    2.142884] raid6: int64x1  xor()   713 MB/s
[    2.142890] raid6: using algorithm int64x4 gen() 3384 MB/s
[    2.142894] raid6: .... xor() 1456 MB/s, rmw enabled
[    2.142899] raid6: using intx1 recovery algorithm
[    2.229329] random: fast init done
[    2.232036] EXT4-fs (vdiska2): mounted filesystem with ordered data mode. Opts: (null)
[    2.535485] systemd[1]: Inserted module 'autofs4'
[    2.611851] systemd[1]: systemd 247.1-3 running in system mode. (+PAM +AUDIT +SELINUX +IMA +APPARMOR +SMACK +SYSVINIT +UTMP +LIBCRYPTSETUP +GCRYPT +GNUTLS +ACL +XZ +LZ4 +ZSTD -SECCOMP +BLKID +ELFUTILS +KMOD +IDN2 -IDN +PCRE2 default-hierarchy=hybrid)
[    2.612183] systemd[1]: Detected architecture sparc64.
[    2.648732] systemd[1]: Set hostname to <ttip>.
[    2.695494] random: lvmconfig: uninitialized urandom read (4 bytes read)
[    2.699136] systemd-sysv-generator[348]: SysV service '/etc/init.d/xinetd' lacks a native systemd unit file. Automatically generating a unit file for compatibility. Please update package to include a native systemd unit file, in order to make it more safe and robust.
[    2.710268] systemd-sysv-generator[348]: SysV service '/etc/init.d/rng-tools-debian' lacks a native systemd unit file. Automatically generating a unit file for compatibility. Please update package to include a native systemd unit file, in order to make it more safe and robust.
[    2.712426] systemd-sysv-generator[348]: SysV service '/etc/init.d/arpalert' lacks a native systemd unit file. Automatically generating a unit file for compatibility. Please update package to include a native systemd unit file, in order to make it more safe and robust.
[    2.713462] systemd-sysv-generator[348]: SysV service '/etc/init.d/vmtouch' lacks a native systemd unit file. Automatically generating a unit file for compatibility. Please update package to include a native systemd unit file, in order to make it more safe and robust.
[    2.717328] systemd-sysv-generator[348]: SysV service '/etc/init.d/mysql' lacks a native systemd unit file. Automatically generating a unit file for compatibility. Please update package to include a native systemd unit file, in order to make it more safe and robust.
[    2.903880] systemd[1]: Queued start job for default target Multi-User System.
[    2.904469] random: systemd: uninitialized urandom read (16 bytes read)
[    2.955261] systemd[1]: Created slice system-getty.slice.
[    2.955512] random: systemd: uninitialized urandom read (16 bytes read)
[    2.960801] systemd[1]: Created slice system-modprobe.slice.
[    2.966119] systemd[1]: Created slice system-openvpn\x2dclient.slice.
[    2.971898] systemd[1]: Created slice system-postfix.slice.
[    2.977416] systemd[1]: Created slice system-systemd\x2dfsck.slice.
[    2.982724] systemd[1]: Created slice User and Session Slice.
[    2.982979] systemd[1]: Started Dispatch Password Requests to Console Directory Watch.
[    2.983200] systemd[1]: Started Forward Password Requests to Wall Directory Watch.
[    2.984257] systemd[1]: Set up automount Arbitrary Executable File Formats File System Automount Point.
[    2.984449] systemd[1]: Reached target Local Encrypted Volumes.
[    2.984638] systemd[1]: Reached target Paths.
[    2.984778] systemd[1]: Reached target Slices.
[    2.985071] systemd[1]: Listening on Device-mapper event daemon FIFOs.
[    2.985369] systemd[1]: Listening on LVM2 poll daemon socket.
[    2.997752] systemd[1]: Listening on RPCbind Server Activation Socket.
[    2.998473] systemd[1]: Listening on Syslog Socket.
[    2.998794] systemd[1]: Listening on fsck to fsckd communication Socket.
[    2.999021] systemd[1]: Listening on initctl Compatibility Named Pipe.
[    2.999469] systemd[1]: Listening on Journal Audit Socket.
[    2.999737] systemd[1]: Listening on Journal Socket (/dev/log).
[    3.000070] systemd[1]: Listening on Journal Socket.
[    3.000432] systemd[1]: Listening on udev Control Socket.
[    3.000687] systemd[1]: Listening on udev Kernel Socket.
[    3.007169] systemd[1]: Mounting Huge Pages File System...
[    3.013606] systemd[1]: Mounting POSIX Message Queue File System...
[    3.020399] systemd[1]: Mounting RPC Pipe File System...
[    3.026953] systemd[1]: Mounting Kernel Debug File System...
[    3.033579] systemd[1]: Mounting Kernel Trace File System...
[    3.033851] systemd[1]: Condition check resulted in Kernel Module supporting RPCSEC_GSS being skipped.
[    3.034203] systemd[1]: Finished Availability of block devices.
[    3.040725] systemd[1]: Starting Wait for network to be configured by ifupdown...
[    3.047363] systemd[1]: Starting Create list of static device nodes for the current kernel...
[    3.053872] systemd[1]: Starting Monitoring of LVM2 mirrors, snapshots etc. using dmeventd or progress polling...
[    3.059595] systemd[1]: Starting Load Kernel Module configfs...
[    3.065402] systemd[1]: Starting Load Kernel Module drm...
[    3.072271] systemd[1]: Starting Load Kernel Module fuse...
[    3.079829] systemd[1]: Starting nftables...
[    3.119134] systemd[1]: Condition check resulted in Set Up Additional Binary Formats being skipped.
[    3.119279] systemd[1]: Condition check resulted in File System Check on Root Device being skipped.
[    3.127110] systemd[1]: Starting Journal Service...
[    3.167044] systemd[1]: Starting Load Kernel Modules...
[    3.173752] systemd[1]: Starting Remount Root and Kernel File Systems...
[    3.180478] systemd[1]: Starting Coldplug All udev Devices...
[    3.184877] systemd[1]: Mounted Huge Pages File System.
[    3.185189] systemd[1]: Mounted POSIX Message Queue File System.
[    3.185447] systemd[1]: run-rpc_pipefs.mount: Mount process exited, code=exited, status=32/n/a
[    3.185464] systemd[1]: run-rpc_pipefs.mount: Failed with result 'exit-code'.
[    3.186409] systemd[1]: Failed to mount RPC Pipe File System.
[    3.186565] systemd[1]: Dependency failed for RPC security service for NFS client and server.
[    3.186656] systemd[1]: rpc-gssd.service: Job rpc-gssd.service/start failed with result 'dependency'.
[    3.186677] systemd[1]: Dependency failed for RPC security service for NFS server.
[    3.186762] systemd[1]: rpc-svcgssd.service: Job rpc-svcgssd.service/start failed with result 'dependency'.
[    3.186994] systemd[1]: Mounted Kernel Debug File System.
[    3.187247] systemd[1]: Mounted Kernel Trace File System.
[    3.188306] systemd[1]: Finished Wait for network to be configured by ifupdown.
[    3.189445] systemd[1]: Finished Create list of static device nodes for the current kernel.
[    3.189985] systemd[1]: modprobe@drm.service: Succeeded.
[    3.190774] systemd[1]: Finished Load Kernel Module drm.
[    3.191191] systemd[1]: Reached target NFS client services.
[    3.202564] systemd[1]: modprobe@configfs.service: Succeeded.
[    3.203513] systemd[1]: Finished Load Kernel Module configfs.
[    3.210320] systemd[1]: Mounting Kernel Configuration File System...
[    3.215706] systemd[1]: Mounted Kernel Configuration File System.
[    3.266580] systemd[1]: Finished Monitoring of LVM2 mirrors, snapshots etc. using dmeventd or progress polling.
[    3.418971] EXT4-fs (vdiska2): re-mounted. Opts: errors=remount-ro
[    3.419634] systemd[1]: Finished Load Kernel Modules.
[    3.422507] systemd[1]: Finished Remount Root and Kernel File Systems.
[    3.446821] fuse: init (API version 7.31)
[    3.453855] systemd[1]: Starting Initial Check File System Quotas...
[    3.567168] systemd[1]: Condition check resulted in Rebuild Hardware Database being skipped.
[    3.567311] systemd[1]: Condition check resulted in Platform Persistent Storage Archival being skipped.
[    3.574094] systemd[1]: Starting Load/Save Random Seed...
[    3.580531] systemd[1]: Starting Apply Kernel Variables...
[    3.586973] systemd[1]: Starting Create System Users...
[    3.587860] systemd[1]: Started Journal Service.
[    6.091188] sha1_sparc64: Using sparc64 sha1 opcode optimized SHA-1 implementation
[    6.120852] sha256_sparc64: Using sparc64 sha256 opcode optimized SHA-256/SHA-224 implementation
[    6.156277] sha512_sparc64: Using sparc64 sha512 opcode optimized SHA-512/SHA-384 implementation
[    6.194944] md5_sparc64: Using sparc64 md5 opcode optimized MD5 implementation
[    6.207462] n2rng v0.3 (Jan 7, 2017)
[    6.207493] n2rng f029b104: Registered RNG HVAPI major 2 minor 0
[    6.207505] n2rng f029b104: Found multi-unit-capable RNG, units: 2
[    6.207540] n2rng f029b104: RNG ready
[    6.247532] aes_sparc64: Using sparc64 aes opcodes optimized AES implementation
[    6.275426] des_sparc64: Using sparc64 des opcodes optimized DES implementation
[    6.290320] XFS (dm-0): Mounting V5 Filesystem
[    6.451005] random: crng init done
[    6.451023] random: 5 urandom warning(s) missed due to ratelimiting
[    6.490372] camellia_sparc64: Using sparc64 camellia opcodes optimized CAMELLIA implementation
[    6.578887] Adding 787176k swap on /dev/vdiska4.  Priority:-2 extents:1 across:787176k FS
[    6.600517] EXT4-fs (vdiska1): mounting ext3 file system using the ext4 subsystem
[    6.606643] EXT4-fs (vdiska1): mounted filesystem with ordered data mode. Opts: (null)
[    6.606819] ext3 filesystem being mounted at /boot supports timestamps until 2038 (0x7fffffff)
[    6.738863] XFS (dm-0): Ending clean mount
[    6.739793] xfs filesystem being mounted at /1 supports timestamps until 2038 (0x7fffffff)
