[    0.000017] PROMLIB: Sun IEEE Boot Prom 'OBP 4.38.17 2019/01/25 08:22'
[    0.000039] PROMLIB: Root node compatible: sun4v
[    0.000099] Linux version 5.13.0-01495-g31e798fd6f0f (mator@ttip) (gcc (Debian 10.2.1-6) 10.2.1 20210110, GNU ld (GNU Binutils for Debian) 2.35.2) #239 SMP Thu Jul 1 18:27:59 MSK 2021
[    0.000575] printk: bootconsole [earlyprom0] enabled
[    0.000654] ARCH: SUN4V
[    0.000722] Ethernet address: 00:14:4f:fa:06:f2
[    0.000799] MM: PAGE_OFFSET is 0xfff8000000000000 (max_phys_bits == 47)
[    0.000897] MM: VMALLOC [0x0000000100000000 --> 0x0006000000000000]
[    0.000995] MM: VMEMMAP [0x0006000000000000 --> 0x000c000000000000]
[    0.023039] Kernel: Using 5 locked TLB entries for main kernel image.
[    0.023147] Remapping the kernel... 
[    0.023184] done.
[    0.052915] OF stdout device is: /virtual-devices@100/console@1
[    0.053007] PROM: Built device tree with 67601 bytes of memory.
[    0.053096] MDESC: Size is 24368 bytes.
[    0.053233] PLATFORM: banner-name [SPARC T5-2]
[    0.053306] PLATFORM: name [ORCL,SPARC-T5-2]
[    0.053374] PLATFORM: hostid [84fa06f2]
[    0.053434] PLATFORM: serial# [0035260e]
[    0.053497] PLATFORM: stick-frequency [3b9aca00]
[    0.053567] PLATFORM: mac-address [144ffa06f2]
[    0.053635] PLATFORM: watchdog-resolution [1000 ms]
[    0.053710] PLATFORM: watchdog-max-timeout [31536000000 ms]
[    0.053794] PLATFORM: max-cpus [1024]
[    0.053909] Top of RAM: 0x22f948000, Total RAM: 0x1ff3a0000
[    0.053996] Memory hole size: 773MB
[    0.055985] Allocated 24576 bytes for kernel page tables.
[    0.056091] Zone ranges:
[    0.056146]   Normal   [mem 0x0000000030400000-0x000000022f947fff]
[    0.056246] Movable zone start for each node
[    0.056313] Early memory node ranges
[    0.056370]   node   0: [mem 0x0000000030400000-0x000000006febffff]
[    0.056465]   node   0: [mem 0x000000006ff40000-0x000000006ff65fff]
[    0.056558]   node   0: [mem 0x0000000070000000-0x000000022f8b1fff]
[    0.056650]   node   0: [mem 0x000000022f940000-0x000000022f947fff]
[    0.056742] Initmem setup node 0 [mem 0x0000000030400000-0x000000022f947fff]
[    0.056845] On node 0 totalpages: 1046992
[    0.056854]   Normal zone: 9204 pages used for memmap
[    0.056861]   Normal zone: 0 pages reserved
[    0.056868]   Normal zone: 1046992 pages, LIFO batch:31
[    0.069418]   Normal zone: 132656 pages in unavailable ranges
[    0.069555] Booting Linux...
[    0.069628] CPU CAPS: [flush,stbar,swap,muldiv,v9,blkinit,n2,mul32]
[    0.069770] CPU CAPS: [div32,v8plus,popc,vis,vis2,ASIBlkInit,fmaf,vis3]
[    0.069909] CPU CAPS: [hpc,ima,pause,cbcond,aes,des,kasumi,camellia]
[    0.070045] CPU CAPS: [md5,sha1,sha256,sha512,mpmul,montmul,montsqr,crc32c]
[    0.131800] percpu: Embedded 20 pages/cpu s120592 r8192 d35056 u262144
[    0.132196] pcpu-alloc: s120592 r8192 d35056 u262144 alloc=1*4194304
[    0.132213] pcpu-alloc: [0] 000 001 002 003 004 005 006 007 008 009 010 011 012 013 014 015 
[    0.132305] pcpu-alloc: [0] 016 017 018 019 020 021 022 023 024 025 026 027 028 029 030 031 
[    0.132395] pcpu-alloc: [0] 032 033 034 035 036 037 038 039 040 041 042 043 044 045 046 047 
[    0.132486] pcpu-alloc: [0] 048 049 050 051 052 053 054 055 056 057 058 059 060 061 062 063 
[    0.132576] pcpu-alloc: [0] 064 065 066 067 068 069 070 071 072 073 074 075 076 077 078 079 
[    0.132666] pcpu-alloc: [0] 080 081 082 083 084 085 086 087 088 089 090 091 092 093 094 095 
[    0.132757] pcpu-alloc: [0] 096 097 098 099 100 101 102 103 104 105 106 107 108 109 110 111 
[    0.132847] pcpu-alloc: [0] 112 113 114 115 116 117 118 119 120 121 122 123 124 125 126 127 
[    0.132938] pcpu-alloc: [0] 128 129 130 131 132 133 134 135 136 137 138 139 140 141 142 143 
[    0.133028] pcpu-alloc: [0] 144 145 146 147 148 149 150 151 152 153 154 155 156 157 158 159 
[    0.133119] pcpu-alloc: [0] 160 161 162 163 164 165 166 167 168 169 170 171 172 173 174 175 
[    0.133209] pcpu-alloc: [0] 176 177 178 179 180 181 182 183 184 185 186 187 188 189 190 191 
[    0.133299] pcpu-alloc: [0] 192 193 194 195 196 197 198 199 200 201 202 203 204 205 206 207 
[    0.133390] pcpu-alloc: [0] 208 209 210 211 212 213 214 215 216 217 218 219 220 221 222 223 
[    0.133480] pcpu-alloc: [0] 224 225 226 227 228 229 230 231 232 233 234 235 236 237 238 239 
[    0.133571] pcpu-alloc: [0] 240 241 242 243 244 245 246 247 248 249 250 251 252 253 254 255 
[    0.134301] SUN4V: Mondo queue sizes [cpu(131072) dev(16384) r(8192) nr(256)]
[    0.134635] Built 1 zonelists, mobility grouping on.  Total pages: 1037788
[    0.134755] Kernel command line: BOOT_IMAGE=/vmlinux-5.13.0-01495-g31e798fd6f0f root=/dev/vdiska2 ro
[    0.135219] printk: log_buf_len individual max cpu contribution: 4096 bytes
[    0.135322] printk: log_buf_len total cpu_extra contributions: 1044480 bytes
[    0.135424] printk: log_buf_len min size: 131072 bytes
[    0.137519] printk: log_buf_len: 2097152 bytes
[    0.137594] printk: early log buf free: 126576(96%)
[    0.138604] Dentry cache hash table entries: 1048576 (order: 10, 8388608 bytes, linear)
[    0.139224] Inode-cache hash table entries: 524288 (order: 9, 4194304 bytes, linear)
[    0.139336] Sorting __ex_table...
[    0.139718] mem auto-init: stack:off, heap alloc:off, heap free:off
[    0.144137] Memory: 1261088K/8375936K available (8794K kernel code, 1698K rwdata, 2912K rodata, 632K init, 3134K bss, 205504K reserved, 0K cma-reserved)
[    0.144381] random: get_random_u64 called from kmem_cache_open+0x1c/0x340 with crng_init=0
[    0.145848] SLUB: HWalign=32, Order=0-3, MinObjects=0, CPUs=256, Nodes=1
[    0.146498] ftrace: allocating 27397 entries in 54 pages
[    0.161027] ftrace: allocated 54 pages with 4 groups
[    0.161353] trace event string verifier disabled
[    0.166977] rcu: Hierarchical RCU implementation.
[    0.167056] rcu: 	RCU debug extended QS entry/exit.
[    0.167133] 	Rude variant of Tasks RCU enabled.
[    0.167202] 	Tracing variant of Tasks RCU enabled.
[    0.167275] rcu: RCU calculated value of scheduler-enlistment delay is 26 jiffies.
[    0.176353] NR_IRQS: 2048, nr_irqs: 2048, preallocated irqs: 1
[    0.176468] SUN4V: Using IRQ API major 3, cookie only virqs enabled
[    0.181486] clocksource: stick: mask: 0xffffffffffffffff max_cycles: 0x1cd42e4dffb, max_idle_ns: 881590591483 ns
[    0.181677] clocksource: mult[800000] shift[23]
[    0.181749] clockevent: mult[80000000] shift[31]
[    0.182566] Console: colour dummy device 80x25
[    0.182646] printk: console [tty0] enabled
[    0.182739] printk: bootconsole [earlyprom0] disabled
[    0.182843] Lock dependency validator: Copyright (c) 2006 Red Hat, Inc., Ingo Molnar
[    0.182885] ... MAX_LOCKDEP_SUBCLASSES:  8
[    0.182911] ... MAX_LOCK_DEPTH:          48
[    0.182937] ... MAX_LOCKDEP_KEYS:        8192
[    0.182964] ... CLASSHASH_SIZE:          4096
[    0.182990] ... MAX_LOCKDEP_ENTRIES:     16384
[    0.183017] ... MAX_LOCKDEP_CHAINS:      32768
[    0.183044] ... CHAINHASH_SIZE:          16384
[    0.183071]  memory used by lock dependency info: 2603 kB
[    0.183102]  per task-struct memory footprint: 1920 bytes
[    0.262085] Calibrating delay using timer specific routine.. 2008.33 BogoMIPS (lpj=4016662)
[    0.262154] pid_max: default: 262144 minimum: 2048
[    0.262599] LSM: Security Framework initializing
[    0.262818] Mount-cache hash table entries: 16384 (order: 4, 131072 bytes, linear)
[    0.262881] Mountpoint-cache hash table entries: 16384 (order: 4, 131072 bytes, linear)
[    0.266999] rcu: Hierarchical SRCU implementation.
[    0.277792] smp: Bringing up secondary CPUs ...
[    0.294298] smp: Brought up 1 node, 16 CPUs
[    0.335055] node 0 deferred pages initialised in 40ms
[    0.335959] devtmpfs: initialized
[    0.338838] Performance events: 
[    0.338869] Testing NMI watchdog ... 
[    0.418977] OK.
[    0.419093] Supported PMU type is 'niagara5'
[    0.420609] ldc.c:v1.1 (July 22, 2008)
[    0.421716] clocksource: jiffies: mask: 0xffffffff max_cycles: 0xffffffff, max_idle_ns: 7645041785100000 ns
[    0.421802] futex hash table entries: 65536 (order: 10, 8388608 bytes, linear)
[    0.433601] NET: Registered protocol family 16
[    0.437247] VIO: Adding device channel-devices (tx_ino = ffffffffffffffff, rx_ino = ffffffffffffffff)
[    0.437413] VIO: Adding device vnet-port-0-0 (tx_ino = 0, rx_ino = 1)
[    0.437514] VIO: Adding device vnet-port-0-1 (tx_ino = 2, rx_ino = 3)
[    0.437610] VIO: Adding device vnet-port-0-2 (tx_ino = 4, rx_ino = 5)
[    0.437706] VIO: Adding device vnet-port-0-3 (tx_ino = 6, rx_ino = 7)
[    0.437801] VIO: Adding device vnet-port-0-4 (tx_ino = 8, rx_ino = 9)
[    0.437901] VIO: Adding device vdc-port-2-0 (tx_ino = a, rx_ino = b)
[    0.437995] VIO: Adding device vdc-port-1-0 (tx_ino = c, rx_ino = d)
[    0.438090] VIO: Adding device vdc-port-0-0 (tx_ino = e, rx_ino = f)
[    0.438184] VIO: Adding device vlds-port-0-0 (tx_ino = 10, rx_ino = 11)
[    0.438284] VIO: Adding device domain-services-port-0 (tx_ino = 10, rx_ino = 11)
[    0.438547] audit: initializing netlink subsys (disabled)
[    0.438786] audit: type=2000 audit(0.252:1): state=initialized audit_enabled=0 res=1
[    0.457095] HugeTLB registered 64.0 KiB page size, pre-allocated 0 pages
[    0.457137] HugeTLB registered 8.00 MiB page size, pre-allocated 0 pages
[    0.457175] HugeTLB registered 256 MiB page size, pre-allocated 0 pages
[    0.457213] HugeTLB registered 2.00 GiB page size, pre-allocated 0 pages
[    1.032868] SUN4V: Reboot data supported (maj=1,min=0).
[    1.033197] ds.c:v1.0 (Jul 11, 2007)
[    1.033458] ds-0: ds_conn_reset() from send_events
[    1.034166] clocksource: Switched to clocksource stick
[    1.197141] VFS: Disk quotas dquot_6.6.0
[    1.197369] VFS: Dquot-cache hash table entries: 1024 (order 0, 8192 bytes)
[    1.206749] NET: Registered protocol family 2
[    1.207104] IP idents hash table entries: 131072 (order: 7, 1048576 bytes, linear)
[    1.212928] tcp_listen_portaddr_hash hash table entries: 4096 (order: 5, 327680 bytes, linear)
[    1.213639] TCP established hash table entries: 65536 (order: 6, 524288 bytes, linear)
[    1.214393] TCP bind hash table entries: 65536 (order: 9, 4718592 bytes, linear)
[    1.224681] TCP: Hash tables configured (established 65536 bind 65536)
[    1.228181] UDP hash table entries: 4096 (order: 6, 655360 bytes, linear)
[    1.230341] UDP-Lite hash table entries: 4096 (order: 6, 655360 bytes, linear)
[    1.235513] NET: Registered protocol family 1
[    1.235584] NET: Registered protocol family 44
[    1.236501] Trying to unpack rootfs image as initramfs...
[    1.257751] Initialise system trusted keyrings
[    1.258176] workingset: timestamp_bits=46 max_order=20 bucket_order=0
[    1.275506] zbud: loaded
[    1.279741] SGI XFS with ACLs, security attributes, realtime, quota, no debug enabled
[    1.285175] Key type asymmetric registered
[    1.285238] Asymmetric key parser 'x509' registered
[    1.285319] Block layer SCSI generic (bsg) driver version 0.4 loaded (major 252)
[    1.286292] io scheduler mq-deadline registered
[    1.288099] f029b788: ttyHV0 at I/O 0x0 (irq = 1, base_baud = 115200) is a SUN4V HCONS
[    1.289013] printk: console [ttyHV0] enabled
[    1.290288] n2rng v0.3 (Jan 7, 2017)
[    1.290338] n2rng f029b104: Registered RNG HVAPI major 2 minor 0
[    1.290388] n2rng f029b104: Found multi-unit-capable RNG, units: 2
[    1.292053] n2rng f029b104: RNG ready
[    1.292852] sunvdc.c:v1.2 (November 24, 2014)
[    1.296137] sunvdc: Virtual Hard disk vdiskc
[    1.296187] sunvdc: vdiskc: 104857600 sectors (51200 MB) protocol 1.2
[    1.327629] sunvdc: Virtual Hard disk vdiskb
[    1.327677] sunvdc: vdiskb: 62914560 sectors (30720 MB) protocol 1.2
[    1.328560]  vdiskb: vdiskb1
[    1.356661] sunvdc: Virtual Hard disk vdiska
[    1.356710] sunvdc: vdiska: 31457280 sectors (15360 MB) protocol 1.2
[    1.358006]  vdiska: vdiska1 vdiska2 vdiska3 vdiska4
[    1.385400] rtc-sun4v rtc-sun4v: registered as rtc0
[    1.385492] rtc-sun4v rtc-sun4v: setting system clock to 2021-07-01T15:55:09 UTC (1625154909)
[    1.385872] rtc-test rtc-test.0: registered as rtc1
[    1.396879] rtc rtc2: invalid alarm value: 18446744073704833233-01-07T05:32:25
[    1.397275] rtc-test rtc-test.1: registered as rtc2
[    1.408274] rtc rtc3: invalid alarm value: 18446744073704833233-01-07T05:32:25
[    1.408494] rtc-test rtc-test.2: registered as rtc3
[    1.408872] softdog: initialized. soft_noboot=0 soft_margin=60 sec soft_panic=0 (nowayout=0)
[    1.408925] softdog:              soft_reboot_cmd=<not set> soft_active_on_boot=0
[    1.411129] NET: Registered protocol family 10
[    1.537550] Freeing initrd memory: 27168K
[    1.559445] Segment Routing with IPv6
[    1.559550] mip6: Mobile IPv6
[    1.559581] NET: Registered protocol family 17
[    1.564183] registered taskstats version 1
[    1.564226] Loading compiled-in X.509 certificates
[    1.572265] zswap: loaded using pool lzo/zbud
[    1.576831] This architecture does not have kernel memory protection.
[    1.576887] Run /init as init process
[    1.576915]   with arguments:
[    1.576922]     /init
[    1.576928]   with environment:
[    1.576934]     HOME=/
[    1.576941]     TERM=linux
[    1.576947]     BOOT_IMAGE=/vmlinux-5.13.0-01495-g31e798fd6f0f
[    2.083976] sunvnet_common: module verification failed: signature and/or required key missing - tainting kernel
[    2.088058] sunvnet: sunvnet 2.0 (February 3, 2017)
[    2.091905] vnet_port vnet-port-0-0 eth0: Sun LDOM vnet 00:14:4f:f8:12:a3
[    2.092314] sunvnet: eth0: PORT ( remote-mac 00:14:4f:fa:f3:f0 switch-port )
[    2.093014] sunvnet: eth0: PORT ( remote-mac 00:14:4f:f8:e5:f3 )
[    2.093541] sunvnet: eth0: PORT ( remote-mac 00:14:4f:f8:3f:1e )
[    2.094069] sunvnet: eth0: PORT ( remote-mac 00:14:4f:f9:b4:97 )
[    2.094635] sunvnet: eth0: PORT ( remote-mac 00:14:4f:f9:8b:83 )
[    2.107146] crc32c_sparc64: Using sparc64 crc32c opcode optimized CRC32C implementation
[    2.112830] random: lvm: uninitialized urandom read (4 bytes read)
[    2.168635] device-mapper: uevent: version 1.0.3
[    2.169210] device-mapper: ioctl: 4.45.0-ioctl (2021-03-22) initialised: dm-devel@redhat.com
[    2.175717] random: lvm: uninitialized urandom read (2 bytes read)
[    2.391271] xor: automatically using best checksumming function   Niagara   
[    2.458121] raid6: int64x8  gen()  2135 MB/s
[    2.526116] raid6: int64x8  xor()  1504 MB/s
[    2.594114] raid6: int64x4  gen()  3376 MB/s
[    2.662120] raid6: int64x4  xor()  1452 MB/s
[    2.730113] raid6: int64x2  gen()  2904 MB/s
[    2.798118] raid6: int64x2  xor()  1129 MB/s
[    2.866128] raid6: int64x1  gen()  1128 MB/s
[    2.934162] raid6: int64x1  xor()   713 MB/s
[    2.934204] raid6: using algorithm int64x4 gen() 3376 MB/s
[    2.934226] raid6: .... xor() 1452 MB/s, rmw enabled
[    2.934246] raid6: using intx1 recovery algorithm
[    3.146040] random: fast init done
[    3.387084] EXT4-fs (vdiska2): mounted filesystem with ordered data mode. Opts: (null). Quota mode: none.
[    4.456013] systemd[1]: Inserted module 'autofs4'
[    4.477182] systemd[1]: systemd 247.3-5 running in system mode. (+PAM +AUDIT +SELINUX +IMA +APPARMOR +SMACK +SYSVINIT +UTMP +LIBCRYPTSETUP +GCRYPT +GNUTLS +ACL +XZ +LZ4 +ZSTD -SECCOMP +BLKID +ELFUTILS +KMOD +IDN2 -IDN +PCRE2 default-hierarchy=unified)
[    4.477510] systemd[1]: Detected architecture sparc64.
[    4.479137] systemd[1]: Set hostname to <ttip>.
[    4.582037] random: lvmconfig: uninitialized urandom read (4 bytes read)
[    4.804446] systemd[1]: Queued start job for default target Multi-User System.
[    4.805242] random: systemd: uninitialized urandom read (16 bytes read)
[    4.814512] systemd[1]: Created slice system-getty.slice.
[    4.815037] random: systemd: uninitialized urandom read (16 bytes read)
[    4.818817] systemd[1]: Created slice system-modprobe.slice.
[    4.822921] systemd[1]: Created slice system-openvpn\x2dclient.slice.
[    4.826898] systemd[1]: Created slice system-postfix.slice.
[    4.830680] systemd[1]: Created slice system-systemd\x2dfsck.slice.
[    4.835166] systemd[1]: Created slice User and Session Slice.
[    4.835713] systemd[1]: Started Dispatch Password Requests to Console Directory Watch.
[    4.836173] systemd[1]: Started Forward Password Requests to Wall Directory Watch.
[    4.837739] systemd[1]: Set up automount Arbitrary Executable File Formats File System Automount Point.
[    4.838078] systemd[1]: Reached target Local Encrypted Volumes.
[    4.838384] systemd[1]: Reached target Paths.
[    4.838626] systemd[1]: Reached target Slices.
[    4.839138] systemd[1]: Listening on Device-mapper event daemon FIFOs.
[    4.839795] systemd[1]: Listening on LVM2 poll daemon socket.
[    4.862005] systemd[1]: Listening on RPCbind Server Activation Socket.
[    4.863542] systemd[1]: Listening on Syslog Socket.
[    4.864151] systemd[1]: Listening on fsck to fsckd communication Socket.
[    4.864576] systemd[1]: Listening on initctl Compatibility Named Pipe.
[    4.865295] systemd[1]: Listening on Journal Audit Socket.
[    4.865833] systemd[1]: Listening on Journal Socket (/dev/log).
[    4.866538] systemd[1]: Listening on Journal Socket.
[    4.867243] systemd[1]: Listening on udev Control Socket.
[    4.867742] systemd[1]: Listening on udev Kernel Socket.
[    4.874020] systemd[1]: Mounting Huge Pages File System...
[    4.880911] systemd[1]: Mounting POSIX Message Queue File System...
[    4.888156] systemd[1]: Mounting RPC Pipe File System...
[    4.894897] systemd[1]: Mounting Kernel Debug File System...
[    4.902363] systemd[1]: Mounting Kernel Trace File System...
[    4.903038] systemd[1]: Condition check resulted in Kernel Module supporting RPCSEC_GSS being skipped.
[    4.903704] systemd[1]: Finished Availability of block devices.
[    4.911487] systemd[1]: Starting Wait for network to be configured by ifupdown...
[    4.919731] systemd[1]: Starting Create list of static device nodes for the current kernel...
[    4.926994] systemd[1]: Starting Monitoring of LVM2 mirrors, snapshots etc. using dmeventd or progress polling...
[    4.934747] systemd[1]: Starting Load Kernel Module configfs...
[    4.942752] systemd[1]: Starting Load Kernel Module drm...
[    4.951413] systemd[1]: Starting Load Kernel Module fuse...
[    4.960912] systemd[1]: Starting nftables...
[    4.962533] systemd[1]: Condition check resulted in Set Up Additional Binary Formats being skipped.
[    4.962761] systemd[1]: Condition check resulted in File System Check on Root Device being skipped.
[    4.975765] systemd[1]: Starting Journal Service...
[    4.977438] fuse: init (API version 7.33)
[    4.977807] RPC: Registered named UNIX socket transport module.
[    4.977848] RPC: Registered udp transport module.
[    4.977884] RPC: Registered tcp transport module.
[    4.977918] RPC: Registered tcp NFSv4.1 backchannel transport module.
[    4.986204] systemd[1]: Starting Load Kernel Modules...
[    4.994491] systemd[1]: Starting Remount Root and Kernel File Systems...
[    5.002922] systemd[1]: Starting Coldplug All udev Devices...
[    5.014535] systemd[1]: Mounted Huge Pages File System.
[    5.015469] systemd[1]: Mounted POSIX Message Queue File System.
[    5.016275] systemd[1]: Mounted RPC Pipe File System.
[    5.017334] systemd[1]: Mounted Kernel Debug File System.
[    5.018183] systemd[1]: Mounted Kernel Trace File System.
[    5.021736] systemd[1]: Finished Wait for network to be configured by ifupdown.
[    5.025237] systemd[1]: Finished Create list of static device nodes for the current kernel.
[    5.027499] systemd[1]: modprobe@configfs.service: Succeeded.
[    5.029995] systemd[1]: Finished Load Kernel Module configfs.
[    5.035285] EXT4-fs (vdiska2): re-mounted. Opts: errors=remount-ro. Quota mode: none.
[    5.040075] systemd[1]: modprobe@drm.service: Succeeded.
[    5.042347] systemd[1]: Finished Load Kernel Module drm.
[    5.044425] systemd[1]: modprobe@fuse.service: Succeeded.
[    5.046642] systemd[1]: Finished Load Kernel Module fuse.
[    5.049729] systemd[1]: Finished Load Kernel Modules.
[    5.050661] systemd[1]: Started Journal Service.
[    5.136801] systemd-journald[340]: Received client request to flush runtime journal.
[    5.667643] sha1_sparc64: Using sparc64 sha1 opcode optimized SHA-1 implementation
[    5.677507] sha256_sparc64: Using sparc64 sha256 opcode optimized SHA-256/SHA-224 implementation
[    5.696443] sha512_sparc64: Using sparc64 sha512 opcode optimized SHA-512/SHA-384 implementation
[    5.737238] md5_sparc64: Using sparc64 md5 opcode optimized MD5 implementation
[    5.770827] aes_sparc64: Using sparc64 aes opcodes optimized AES implementation
[    5.775668] des_sparc64: Using sparc64 des opcodes optimized DES implementation
[    5.793949] camellia_sparc64: Using sparc64 camellia opcodes optimized CAMELLIA implementation
[    5.830362] Adding 787176k swap on /dev/vdiska4.  Priority:-2 extents:1 across:787176k FS
[    5.875360] EXT4-fs (vdiska1): mounting ext3 file system using the ext4 subsystem
[    5.886653] EXT4-fs (vdiska1): mounted filesystem with ordered data mode. Opts: (null). Quota mode: none.
[    5.886982] ext3 filesystem being mounted at /boot supports timestamps until 2038 (0x7fffffff)
[    5.958191] XFS (dm-0): Mounting V5 Filesystem
[    6.441655] XFS (dm-0): Ending clean mount
[    6.564486] xfs filesystem being mounted at /1 supports timestamps until 2038 (0x7fffffff)
[    6.776754] ------------[ cut here ]------------
[    6.776824] WARNING: CPU: 4 PID: 507 at kernel/sched/fair.c:3306 __update_blocked_fair+0x38c/0x4a0
[    6.776929] cfs_rq->avg.load_avg || cfs_rq->avg.util_avg || cfs_rq->avg.runnable_avg
[    6.776938] Modules linked in: binfmt_misc(E) camellia_sparc64(E) des_sparc64(E) aes_sparc64(E) md5_sparc64(E) sha512_sparc64(E) sha256_sparc64(E) flash(E) sha1_sparc64(E) nft_ct(E) nf_conntrack(E) nf_defrag_ipv6(E) nf_defrag_ipv4(E) nft_counter(E) nf_tables(E) nfnetlink(E) fuse(E) configfs(E) sunrpc(E) ip_tables(E) x_tables(E) autofs4(E) raid10(E) raid456(E) async_raid6_recov(E) async_memcpy(E) async_pq(E) raid6_pq(E) async_xor(E) xor(E) async_tx(E) raid1(E) raid0(E) multipath(E) linear(E) md_mod(E) dm_mod(E) crc32c_sparc64(E) sunvnet(E) sunvnet_common(E)
[    6.777638] CPU: 4 PID: 507 Comm: kworker/4:2 Tainted: G            E     5.13.0-01495-g31e798fd6f0f #239
[    6.777743] Call Trace:
[    6.777778] [<0000000000464104>] __warn+0xa4/0x120
[    6.777845] [<0000000000c871ec>] warn_slowpath_fmt+0x64/0x74
[    6.777915] [<00000000004ae32c>] __update_blocked_fair+0x38c/0x4a0
[    6.777983] [<00000000004ae6a4>] update_blocked_averages+0x264/0x400
[    6.778051] [<00000000004b5b14>] newidle_balance+0x214/0x580
[    6.778129] [<00000000004b6260>] pick_next_task_fair+0x3a0/0x4e0
[    6.778198] [<000000000049e90c>] pick_next_task+0x4c/0xd80
[    6.778273] [<0000000000c901d8>] __schedule+0x298/0x700
[    6.778336] [<0000000000c908f0>] schedule+0x90/0x100
[    6.778393] [<0000000000487bc0>] worker_thread+0x3e0/0x4a0
[    6.778462] [<000000000048ed38>] kthread+0xf8/0x120
[    6.778520] [<00000000004060c8>] ret_from_fork+0x1c/0x2c
[    6.778587] [<0000000000000000>] 0x0
[    6.778633] ---[ end trace 5d5ec4f9e78af94d ]---
[    7.086776] random: crng init done
[    7.086832] random: 5 urandom warning(s) missed due to ratelimiting
