[    0.000020] PROMLIB: Sun IEEE Boot Prom 'OBP 4.38.12 2018/03/28 14:54'
[    0.000032] PROMLIB: Root node compatible: sun4v
[    0.000086] Linux version 5.9.0-rc2-00285-gb69bea8a657b (mator@ttip) (gcc (Debian 10.2.0-6) 10.2.0, GNU ld (GNU Binutils for Debian) 2.35) #51 SMP Wed Sep 9 16:04:58 MSK 2020
[    0.000428] printk: bootconsole [earlyprom0] enabled
[    0.000479] ARCH: SUN4V
[    0.000529] Ethernet address: 00:14:4f:fa:06:f2
[    0.000580] MM: PAGE_OFFSET is 0xfff8000000000000 (max_phys_bits == 47)
[    0.000644] MM: VMALLOC [0x0000000100000000 --> 0x0006000000000000]
[    0.000707] MM: VMEMMAP [0x0006000000000000 --> 0x000c000000000000]
[    0.012471] Kernel: Using 5 locked TLB entries for main kernel image.
[    0.012540] Remapping the kernel... 
[    0.012562] done.
[    0.045444] OF stdout device is: /virtual-devices@100/console@1
[    0.045507] PROM: Built device tree with 86758 bytes of memory.
[    0.045567] MDESC: Size is 36512 bytes.
[    0.045680] PLATFORM: banner-name [SPARC T5-2]
[    0.045731] PLATFORM: name [ORCL,SPARC-T5-2]
[    0.045776] PLATFORM: hostid [84fa06f2]
[    0.045820] PLATFORM: serial# [0035260e]
[    0.045861] PLATFORM: stick-frequency [3b9aca00]
[    0.045910] PLATFORM: mac-address [144ffa06f2]
[    0.045956] PLATFORM: watchdog-resolution [1000 ms]
[    0.046005] PLATFORM: watchdog-max-timeout [31536000000 ms]
[    0.046061] PLATFORM: max-cpus [1024]
[    0.050802] Allocated 40960 bytes for kernel page tables.
[    0.050891] Zone ranges:
[    0.050930]   Normal   [mem 0x0000000030400000-0x00000024af937fff]
[    0.050993] Movable zone start for each node
[    0.051037] Early memory node ranges
[    0.051078]   node   0: [mem 0x0000000030400000-0x000000006fe7ffff]
[    0.051140]   node   0: [mem 0x000000006ff00000-0x000000006ff25fff]
[    0.051200]   node   0: [mem 0x0000000070000000-0x000000042fffffff]
[    0.051262]   node   0: [mem 0x0000002030000000-0x00000024af87ffff]
[    0.051323]   node   0: [mem 0x00000024af900000-0x00000024af925fff]
[    0.051382]   node   0: [mem 0x00000024af930000-0x00000024af937fff]
[    0.064979] Zeroed struct page in unavailable ranges: 263766 pages
[    0.064987] Initmem setup node 0 [mem 0x0000000030400000-0x00000024af937fff]
[    0.065147] On node 0 totalpages: 4454826
[    0.065157]   Normal zone: 39154 pages used for memmap
[    0.065162]   Normal zone: 0 pages reserved
[    0.065168]   Normal zone: 4454826 pages, LIFO batch:31
[    0.224137] Booting Linux...
[    0.224223] CPU CAPS: [flush,stbar,swap,muldiv,v9,blkinit,n2,mul32]
[    0.224306] CPU CAPS: [div32,v8plus,popc,vis,vis2,ASIBlkInit,fmaf,vis3]
[    0.225386] CPU CAPS: [hpc,ima,pause,cbcond,aes,des,kasumi,camellia]
[    0.225459] CPU CAPS: [md5,sha1,sha256,sha512,mpmul,montmul,montsqr,crc32c]
[    0.255338] percpu: Embedded 28 pages/cpu s184784 r8192 d36400 u262144
[    0.255552] pcpu-alloc: s184784 r8192 d36400 u262144 alloc=1*4194304
[    0.255558] pcpu-alloc: [0] 000 001 002 003 004 005 006 007 008 009 010 011 012 013 014 015 
[    0.255584] pcpu-alloc: [0] 016 017 018 019 020 021 022 023 024 025 026 027 028 029 030 031 
[    0.255610] pcpu-alloc: [0] 032 033 034 035 036 037 038 039 040 041 042 043 044 045 046 047 
[    0.255635] pcpu-alloc: [0] 048 049 050 051 052 053 054 055 056 057 058 059 060 061 062 063 
[    0.255660] pcpu-alloc: [0] 064 065 066 067 068 069 070 071 072 073 074 075 076 077 078 079 
[    0.255685] pcpu-alloc: [0] 080 081 082 083 084 085 086 087 088 089 090 091 092 093 094 095 
[    0.255710] pcpu-alloc: [0] 096 097 098 099 100 101 102 103 104 105 106 107 108 109 110 111 
[    0.255735] pcpu-alloc: [0] 112 113 114 115 116 117 118 119 120 121 122 123 124 125 126 127 
[    0.256174] SUN4V: Mondo queue sizes [cpu(131072) dev(16384) r(8192) nr(256)]
[    0.256549] Built 1 zonelists, mobility grouping on.  Total pages: 4415672
[    0.256618] Policy zone: Normal
[    0.256675] Kernel command line: BOOT_IMAGE=/vmlinux-5.9.0-rc2-00285-gb69bea8a657b root=/dev/vdiska2 ro zswap.enabled=1
[    0.259401] printk: log_buf_len individual max cpu contribution: 4096 bytes
[    0.259472] printk: log_buf_len total cpu_extra contributions: 520192 bytes
[    0.259539] printk: log_buf_len min size: 131072 bytes
[    0.259810] printk: log_buf_len: 1048576 bytes
[    0.259862] printk: early log buf free: 126688(96%)
[    0.266171] Dentry cache hash table entries: 8388608 (order: 13, 67108864 bytes, linear)
[    0.269405] Inode-cache hash table entries: 4194304 (order: 12, 33554432 bytes, linear)
[    0.269481] Sorting __ex_table...
[    0.269706] mem auto-init: stack:off, heap alloc:off, heap free:off
[    0.379264] Memory: 35127712K/35638608K available (8321K kernel code, 1102K rwdata, 2480K rodata, 680K init, 6856K bss, 510896K reserved, 0K cma-reserved)
[    0.379949] SLUB: HWalign=32, Order=0-3, MinObjects=0, CPUs=128, Nodes=32
[    0.380226] ftrace: allocating 23108 entries in 46 pages
[    0.389101] ftrace: allocated 46 pages with 4 groups
[    0.391969] Running RCU self tests
[    0.392338] rcu: Hierarchical RCU implementation.
[    0.392390] rcu: 	RCU event tracing is enabled.
[    0.392436] rcu: 	RCU lockdep checking is enabled.
[    0.392487] 	Trampoline variant of Tasks RCU enabled.
[    0.392536] 	Rude variant of Tasks RCU enabled.
[    0.392582] 	Tracing variant of Tasks RCU enabled.
[    0.392632] rcu: RCU calculated value of scheduler-enlistment delay is 10 jiffies.
[    0.397019] NR_IRQS: 2048, nr_irqs: 2048, preallocated irqs: 1
[    0.397096] SUN4V: Using IRQ API major 3, cookie only virqs enabled
[    0.399564] clocksource: stick: mask: 0xffffffffffffffff max_cycles: 0x1cd42e4dffb, max_idle_ns: 881590591483 ns
[    0.399694] clocksource: mult[800000] shift[23]
[    0.399743] clockevent: mult[80000000] shift[31]
[    0.400140] Console: colour dummy device 80x25
[    0.400203] printk: console [tty0] enabled
[    0.400282] printk: bootconsole [earlyprom0] disabled
[    0.400371] Lock dependency validator: Copyright (c) 2006 Red Hat, Inc., Ingo Molnar
[    0.400424] ... MAX_LOCKDEP_SUBCLASSES:  8
[    0.400456] ... MAX_LOCK_DEPTH:          48
[    0.400489] ... MAX_LOCKDEP_KEYS:        8192
[    0.400523] ... CLASSHASH_SIZE:          4096
[    0.400556] ... MAX_LOCKDEP_ENTRIES:     16384
[    0.400590] ... MAX_LOCKDEP_CHAINS:      32768
[    0.400624] ... CHAINHASH_SIZE:          16384
[    0.400658]  memory used by lock dependency info: 3919 kB
[    0.400697]  memory used for stack traces: 2112 kB
[    0.400733]  per task-struct memory footprint: 1920 bytes
[    0.549991] Calibrating delay using timer specific routine.. 2004.35 BogoMIPS (lpj=10021750)
[    0.550061] pid_max: default: 131072 minimum: 1024
[    0.550351] LSM: Security Framework initializing
[    0.550521] AppArmor: AppArmor initialized
[    0.550804] Mount-cache hash table entries: 131072 (order: 7, 1048576 bytes, linear)
[    0.550975] Mountpoint-cache hash table entries: 131072 (order: 7, 1048576 bytes, linear)
[    0.556643] rcu: Hierarchical SRCU implementation.
[    0.567427] smp: Bringing up secondary CPUs ...
[    0.568652] ------------[ cut here ]------------
[    0.568682] WARNING: CPU: 0 PID: 1 at kernel/locking/lockdep.c:4875 check_flags+0x9c/0x2c0
[    0.568709] DEBUG_LOCKS_WARN_ON(lockdep_hardirqs_enabled())
[    0.568711] Modules linked in:
[    0.568745] CPU: 0 PID: 1 Comm: swapper/0 Not tainted 5.9.0-rc2-00285-gb69bea8a657b #51
[    0.568771] Call Trace:
[    0.568787] [<00000000004727a8>] __warn+0xa8/0x120
[    0.568806] [<0000000000472c10>] warn_slowpath_fmt+0x64/0x74
[    0.568826] [<00000000004e859c>] check_flags+0x9c/0x2c0
[    0.568847] [<0000000000c17c80>] lock_is_held_type+0x20/0x140
[    0.568870] [<00000000005095f4>] rcu_read_lock_sched_held+0x54/0xa0
[    0.568891] [<00000000004ed4c0>] lock_acquire+0x120/0x480
[    0.568912] [<0000000000c215f0>] _raw_spin_lock+0x30/0x60
[    0.568934] [<00000000009b9bbc>] p1275_cmd_direct+0x1c/0x60
[    0.568954] [<00000000009b9a90>] prom_startcpu_cpuid+0x30/0x40
[    0.568977] [<00000000004427e4>] __cpu_up+0x184/0x3a0
[    0.568996] [<0000000000474600>] bringup_cpu+0x20/0x120
[    0.569016] [<000000000047378c>] cpuhp_invoke_callback+0xec/0x340
[    0.569038] [<00000000004753d4>] cpu_up+0x154/0x220
[    0.569057] [<0000000000475c60>] bringup_nonboot_cpus+0x60/0xa0
[    0.569080] [<0000000000fbc338>] smp_init+0x28/0xa0
[    0.569101] [<0000000000fad3b4>] kernel_init_freeable+0x18c/0x300
[    0.569122] irq event stamp: 5135
[    0.569138] hardirqs last  enabled at (5135): [<0000000000c21a08>] _raw_spin_unlock_irqrestore+0x28/0x60
[    0.569169] hardirqs last disabled at (5134): [<0000000000c217c0>] _raw_spin_lock_irqsave+0x20/0x80
[    0.569200] softirqs last  enabled at (1570): [<0000000000c245a0>] __do_softirq+0x4e0/0x560
[    0.569231] softirqs last disabled at (1563): [<000000000042d394>] do_softirq_own_stack+0x34/0x60
[    0.569263] random: get_random_bytes called from __warn+0xc8/0x120 with crng_init=0
[    0.569269] ---[ end trace 3cbad27ac1b9ca8d ]---
[    0.569307] possible reason: unannotated irqs-off.
[    0.569325] irq event stamp: 5135
[    0.569340] hardirqs last  enabled at (5135): [<0000000000c21a08>] _raw_spin_unlock_irqrestore+0x28/0x60
[    0.569371] hardirqs last disabled at (5134): [<0000000000c217c0>] _raw_spin_lock_irqsave+0x20/0x80
[    0.569401] softirqs last  enabled at (1570): [<0000000000c245a0>] __do_softirq+0x4e0/0x560
[    0.569429] softirqs last disabled at (1563): [<000000000042d394>] do_softirq_own_stack+0x34/0x60
[    0.591265] smp: Brought up 1 node, 32 CPUs
[    0.594216] devtmpfs: initialized
[    0.596329] Performance events: 
[    0.596355] Testing NMI watchdog ... 
[    0.796414] OK.
[    0.796466] Supported PMU type is 'niagara5'
[    0.796870] ldc.c:v1.1 (July 22, 2008)
[    0.798149] clocksource: jiffies: mask: 0xffffffff max_cycles: 0xffffffff, max_idle_ns: 19112604462750000 ns
[    0.798199] futex hash table entries: 32768 (order: 9, 4194304 bytes, linear)
[    0.800864] NET: Registered protocol family 16
[    0.805806] VIO: Adding device channel-devices (tx_ino = ffffffffffffffff, rx_ino = ffffffffffffffff)
[    0.805910] VIO: Adding device vnet-port-0-0 (tx_ino = 0, rx_ino = 1)
[    0.805996] VIO: Adding device vnet-port-0-1 (tx_ino = 2, rx_ino = 3)
[    0.806081] VIO: Adding device vnet-port-0-2 (tx_ino = 4, rx_ino = 5)
[    0.806168] VIO: Adding device vnet-port-0-3 (tx_ino = 6, rx_ino = 7)
[    0.806257] VIO: Adding device vnet-port-0-4 (tx_ino = 8, rx_ino = 9)
[    0.806341] VIO: Adding device vnet-port-0-5 (tx_ino = a, rx_ino = b)
[    0.806429] VIO: Adding device vdc-port-2-0 (tx_ino = c, rx_ino = d)
[    0.806539] VIO: Adding device vdc-port-1-0 (tx_ino = e, rx_ino = f)
[    0.806626] VIO: Adding device vdc-port-0-0 (tx_ino = 10, rx_ino = 11)
[    0.806715] VIO: Adding device vdc-port-3-0 (tx_ino = 12, rx_ino = 13)
[    0.806799] VIO: Adding device vlds-port-0-0 (tx_ino = 14, rx_ino = 15)
[    0.806886] VIO: Adding device domain-services-port-0 (tx_ino = 14, rx_ino = 15)
[    0.807028] audit: initializing netlink subsys (disabled)
[    0.807201] audit: type=2000 audit(0.400:1): state=initialized audit_enabled=0 res=1
[    0.822436] HugeTLB registered 64.0 KiB page size, pre-allocated 0 pages
[    0.822460] HugeTLB registered 8.00 MiB page size, pre-allocated 0 pages
[    0.822483] HugeTLB registered 256 MiB page size, pre-allocated 0 pages
[    0.822506] HugeTLB registered 2.00 GiB page size, pre-allocated 0 pages
[    0.823584] alg: extra crypto tests enabled.  This is intended for developer use only.
[    0.844007] cryptd: max_cpu_qlen set to 1000
[    0.912028] vgaarb: loaded
[    0.912670] NetLabel: Initializing
[    0.912686] NetLabel:  domain hash size = 128
[    0.912703] NetLabel:  protocols = UNLABELED CIPSOv4 CALIPSO
[    0.912763] NetLabel:  unlabeled traffic allowed by default
[    0.913365] SUN4V: Reboot data supported (maj=1,min=0).
[    0.913560] ds.c:v1.0 (Jul 11, 2007)
[    0.913746] ds-0: ds_conn_reset() from send_events
[    0.913958] clocksource: Switched to clocksource stick
[    1.025459] VFS: Disk quotas dquot_6.6.0
[    1.025556] VFS: Dquot-cache hash table entries: 1024 (order 0, 8192 bytes)
[    1.026626] AppArmor: AppArmor Filesystem Enabled
[    1.033433] NET: Registered protocol family 2
[    1.034490] tcp_listen_portaddr_hash hash table entries: 32768 (order: 8, 2621440 bytes, linear)
[    1.035733] TCP established hash table entries: 524288 (order: 9, 4194304 bytes, linear)
[    1.037907] TCP bind hash table entries: 65536 (order: 9, 4718592 bytes, linear)
[    1.040101] TCP: Hash tables configured (established 524288 bind 65536)
[    1.041359] UDP hash table entries: 32768 (order: 9, 5242880 bytes, linear)
[    1.044116] UDP-Lite hash table entries: 32768 (order: 9, 5242880 bytes, linear)
[    1.048156] NET: Registered protocol family 1
[    1.048195] NET: Registered protocol family 44
[    1.048233] PCI: CLS 0 bytes, default 64
[    1.048491] Trying to unpack rootfs image as initramfs...
[    1.198747] Freeing initrd memory: 14664K
[    1.199329] aes_sparc64: Using sparc64 aes opcodes optimized AES implementation
[    1.427840] des_sparc64: Using sparc64 des opcodes optimized DES implementation
[    1.859381] camellia_sparc64: Using sparc64 camellia opcodes optimized CAMELLIA implementation
[    2.014651] workingset: timestamp_bits=41 max_order=23 bucket_order=0
[    2.023432] zbud: loaded
[    2.025975] SGI XFS with ACLs, security attributes, quota, fatal assert, debug enabled
[    2.051964] Block layer SCSI generic (bsg) driver version 0.4 loaded (major 252)
[    2.052513] io scheduler mq-deadline registered
[    2.054585] f029b788: ttyHV0 at I/O 0x0 (irq = 1, base_baud = 115200) is a SUN4V HCONS
[    2.055178] printk: console [ttyHV0] enabled
[    2.057443] sunvdc.c:v1.2 (November 24, 2014)
[    2.060729] sunvdc: Virtual Hard disk vdiskc
[    2.060750] sunvdc: vdiskc: 104857600 sectors (51200 MB) protocol 1.2
[    2.073504] sunvdc: Virtual Hard disk vdiskb
[    2.073527] sunvdc: vdiskb: 62914560 sectors (30720 MB) protocol 1.2
[    2.074580]  vdiskb: vdiskb1
[    2.086576] sunvdc: Virtual Hard disk vdiska
[    2.086597] sunvdc: vdiska: 31457280 sectors (15360 MB) protocol 1.2
[    2.087644]  vdiska: vdiska1 vdiska2 vdiska3 vdiska4
[    2.100473] sunvdc: Virtual CDROM vdiskd
[    2.100499] sunvdc: vdiskd: 453848 sectors (221 MB) protocol 1.2
[    2.101501]  vdiskd: vdiskd1 vdiskd2 vdiskd3 vdiskd4 vdiskd5 vdiskd6 vdiskd7
[    2.111863] sunvnet: sunvnet 2.0 (February 3, 2017)
[    2.113181] vnet_port vnet-port-0-0 eth0: Sun LDOM vnet 00:14:4f:f8:12:a3
[    2.113292] sunvnet: eth0: PORT ( remote-mac 00:14:4f:fa:f3:f0 switch-port )
[    2.113762] sunvnet: eth0: PORT ( remote-mac 00:14:4f:f8:e5:f3 )
[    2.114269] sunvnet: eth0: PORT ( remote-mac 00:14:4f:f9:b4:97 )
[    2.114738] sunvnet: eth0: PORT ( remote-mac 00:14:4f:f8:3f:1e )
[    2.115195] sunvnet: eth0: PORT ( remote-mac 00:14:4f:f8:fe:47 )
[    2.115665] sunvnet: eth0: PORT ( remote-mac 00:14:4f:fb:b5:00 )
[    2.116588] rtc-sun4v rtc-sun4v: registered as rtc0
[    2.116666] rtc-sun4v rtc-sun4v: setting system clock to 2020-09-09T14:31:06 UTC (1599661866)
[    2.116940] sun4v_wdt: initialized (timeout=60s, nowayout=0)
[    2.117187] device-mapper: uevent: version 1.0.3
[    2.117767] device-mapper: ioctl: 4.42.0-ioctl (2020-02-27) initialised: dm-devel@redhat.com
[    2.118408] NET: Registered protocol family 17
[    2.118624] registered taskstats version 1
[    2.119158] zswap: loaded using pool lzo/zbud
[    2.119926] AppArmor: AppArmor sha1 policy hashing enabled
[    2.122621] This architecture does not have kernel memory protection.
[    2.122653] Run /init as init process
[    2.122671]   with arguments:
[    2.122686]     /init
[    2.122700]   with environment:
[    2.122715]     HOME=/
[    2.122728]     TERM=linux
[    2.122742]     BOOT_IMAGE=/vmlinux-5.9.0-rc2-00285-gb69bea8a657b
[    2.407468] random: lvm: uninitialized urandom read (4 bytes read)
[    2.411805] crc32c_sparc64: Using sparc64 crc32c opcode optimized CRC32C implementation
[    2.443286] random: lvm: uninitialized urandom read (2 bytes read)
[    2.963934] raid6: int64x8  gen()  2159 MB/s
[    3.133930] raid6: int64x8  xor()  1522 MB/s
[    3.303930] raid6: int64x4  gen()  3398 MB/s
[    3.473928] raid6: int64x4  xor()  1463 MB/s
[    3.643930] raid6: int64x2  gen()  2921 MB/s
[    3.813924] raid6: int64x2  xor()  1133 MB/s
[    3.983935] raid6: int64x1  gen()  1393 MB/s
[    4.153961] raid6: int64x1  xor()   712 MB/s
[    4.153991] raid6: using algorithm int64x4 gen() 3398 MB/s
[    4.154013] raid6: .... xor() 1463 MB/s, rmw enabled
[    4.154032] raid6: using intx1 recovery algorithm
[    4.154619] async_tx: api initialized (async)
[    4.154892] xor: automatically using best checksumming function   Niagara   
[    4.231720] random: fast init done
[    4.343499] EXT4-fs (vdiska2): mounted filesystem with ordered data mode. Opts: (null)
[    4.480168] systemd[1]: Inserted module 'autofs4'
[    4.490164] NET: Registered protocol family 10
[    4.494423] Segment Routing with IPv6
[    4.506315] systemd[1]: systemd 246.4-1 running in system mode. (+PAM +AUDIT +SELINUX +IMA +APPARMOR +SMACK +SYSVINIT +UTMP +LIBCRYPTSETUP +GCRYPT +GNUTLS +ACL +XZ +LZ4 +ZSTD -SECCOMP +BLKID +ELFUTILS +KMOD +IDN2 -IDN +PCRE2 default-hierarchy=hybrid)
[    4.506811] systemd[1]: Detected architecture sparc64.
[    4.598609] systemd[1]: Set hostname to <ttip>.
[    4.675867] random: lvmconfig: uninitialized urandom read (4 bytes read)
[    4.921169] systemd[1]: Queued start job for default target Multi-User System.
[    4.922020] random: systemd: uninitialized urandom read (16 bytes read)
[    4.947968] systemd[1]: Created slice system-getty.slice.
[    4.948430] random: systemd: uninitialized urandom read (16 bytes read)
[    4.957060] systemd[1]: Created slice system-modprobe.slice.
[    4.965683] systemd[1]: Created slice system-openvpn\x2dclient.slice.
[    4.984724] systemd[1]: Created slice system-postfix.slice.
[    4.993413] systemd[1]: Created slice system-systemd\x2dfsck.slice.
[    5.002015] systemd[1]: Created slice User and Session Slice.
[    5.002562] systemd[1]: Started Dispatch Password Requests to Console Directory Watch.
[    5.003060] systemd[1]: Started Forward Password Requests to Wall Directory Watch.
[    5.004679] systemd[1]: Set up automount Arbitrary Executable File Formats File System Automount Point.
[    5.005051] systemd[1]: Reached target Local Encrypted Volumes.
[    5.005394] systemd[1]: Reached target Paths.
[    5.005692] systemd[1]: Reached target Slices.
[    5.006263] systemd[1]: Listening on Device-mapper event daemon FIFOs.
[    5.006913] systemd[1]: Listening on LVM2 poll daemon socket.
[    5.037419] systemd[1]: Listening on RPCbind Server Activation Socket.
[    5.038860] systemd[1]: Listening on Syslog Socket.
[    5.039530] systemd[1]: Listening on fsck to fsckd communication Socket.
[    5.039992] systemd[1]: Listening on initctl Compatibility Named Pipe.
[    5.040792] systemd[1]: Listening on Journal Audit Socket.
[    5.041408] systemd[1]: Listening on Journal Socket (/dev/log).
[    5.042110] systemd[1]: Listening on Journal Socket.
[    5.042830] systemd[1]: Listening on udev Control Socket.
[    5.043380] systemd[1]: Listening on udev Kernel Socket.
[    5.058509] systemd[1]: Mounting Huge Pages File System...
[    5.070145] systemd[1]: Mounting POSIX Message Queue File System...
[    5.101199] systemd[1]: Mounting RPC Pipe File System...
[    5.113218] systemd[1]: Mounting Kernel Debug File System...
[    5.125674] systemd[1]: Mounting Kernel Trace File System...
[    5.126253] systemd[1]: Condition check resulted in Kernel Module supporting RPCSEC_GSS being skipped.
[    5.127022] systemd[1]: Finished Availability of block devices.
[    5.138686] systemd[1]: Starting Wait for network to be configured by ifupdown...
[    5.143153] RPC: Registered named UNIX socket transport module.
[    5.143179] RPC: Registered udp transport module.
[    5.143199] RPC: Registered tcp transport module.
[    5.143219] RPC: Registered tcp NFSv4.1 backchannel transport module.
[    5.151035] systemd[1]: Starting Create list of static device nodes for the current kernel...
[    5.162310] systemd[1]: Starting Monitoring of LVM2 mirrors, snapshots etc. using dmeventd or progress polling...
[    5.173826] systemd[1]: Starting Load Kernel Module drm...
[    5.189544] systemd[1]: Starting nftables...
[    5.190842] systemd[1]: Condition check resulted in Set Up Additional Binary Formats being skipped.
[    5.190999] systemd[1]: Condition check resulted in File System Check on Root Device being skipped.
[    5.204656] systemd[1]: Starting Journal Service...
[    5.217144] systemd[1]: Starting Load Kernel Modules...
[    5.229169] systemd[1]: Starting Remount Root and Kernel File Systems...
[    5.242085] systemd[1]: Starting Coldplug All udev Devices...
[    5.251015] systemd[1]: Mounted Huge Pages File System.
[    5.252262] systemd[1]: Mounted POSIX Message Queue File System.
[    5.253339] systemd[1]: Mounted RPC Pipe File System.
[    5.254590] systemd[1]: Mounted Kernel Debug File System.
[    5.255605] systemd[1]: Mounted Kernel Trace File System.
[    5.259487] systemd[1]: Finished Wait for network to be configured by ifupdown.
[    5.263503] systemd[1]: Finished Create list of static device nodes for the current kernel.
[    5.265446] systemd[1]: modprobe@drm.service: Succeeded.
[    5.268200] systemd[1]: Finished Load Kernel Module drm.
[    5.269665] EXT4-fs (vdiska2): re-mounted. Opts: errors=remount-ro
[    5.274905] systemd[1]: Started Journal Service.
[    5.679270] sha1_sparc64: Using sparc64 sha1 opcode optimized SHA-1 implementation
[    5.680529] n2rng v0.3 (Jan 7, 2017)
[    5.680578] n2rng f029b104: Registered RNG HVAPI major 2 minor 0
[    5.680613] n2rng f029b104: Found multi-unit-capable RNG, units: 2
[    5.680995] n2rng f029b104: RNG ready
[    5.702184] pktcdvd: setup of pktcdvd device failed
[    5.740517] pktcdvd: setup of pktcdvd device failed
[    5.742984] pktcdvd: setup of pktcdvd device failed
[    5.745714] pktcdvd: setup of pktcdvd device failed
[    5.748731] pktcdvd: setup of pktcdvd device failed
[    5.751865] pktcdvd: setup of pktcdvd device failed
[    5.755474] pktcdvd: setup of pktcdvd device failed
[    5.758424] pktcdvd: setup of pktcdvd device failed
[    5.869683] sha256_sparc64: Using sparc64 sha256 opcode optimized SHA-256/SHA-224 implementation
[    5.940336] XFS (dm-0): Mounting V5 Filesystem
[    5.954383] XFS (dm-0): Ending clean mount
[    5.957074] xfs filesystem being mounted at /1 supports timestamps until 2038 (0x7fffffff)
[    5.984022] Adding 787176k swap on /dev/vdiska4.  Priority:-2 extents:1 across:787176k FS
[    5.995573] sha512_sparc64: Using sparc64 sha512 opcode optimized SHA-512/SHA-384 implementation
[    5.996585] md5_sparc64: Using sparc64 md5 opcode optimized MD5 implementation
[    6.038775] EXT4-fs (vdiska1): mounting ext3 file system using the ext4 subsystem
[    6.047681] EXT4-fs (vdiska1): mounted filesystem with ordered data mode. Opts: (null)
[    6.047809] ext3 filesystem being mounted at /boot supports timestamps until 2038 (0x7fffffff)
[    6.128856] Kernel unaligned access at TPC[8d481c] aa_dfa_unpack+0x3c/0x640
[    6.128910] Kernel unaligned access at TPC[8d4830] aa_dfa_unpack+0x50/0x640
[    6.128944] Kernel unaligned access at TPC[8d48f4] aa_dfa_unpack+0x114/0x640
[    6.128986] Kernel unaligned access at TPC[8d49c4] aa_dfa_unpack+0x1e4/0x640
[    6.129028] Kernel unaligned access at TPC[8d49d8] aa_dfa_unpack+0x1f8/0x640
[    6.131776] audit: type=1400 audit(1599661870.500:2): apparmor="STATUS" operation="profile_load" profile="unconfined" name="/usr/sbin/haveged" pid=664 comm="apparmor_parser"
[    6.133811] audit: type=1400 audit(1599661870.500:3): apparmor="STATUS" operation="profile_load" profile="unconfined" name="lsb_release" pid=671 comm="apparmor_parser"
[    6.135411] audit: type=1400 audit(1599661870.510:4): apparmor="STATUS" operation="profile_load" profile="unconfined" name="named" pid=670 comm="apparmor_parser"
[    6.139598] audit: type=1400 audit(1599661870.510:5): apparmor="STATUS" operation="profile_load" profile="unconfined" name="nvidia_modprobe" pid=666 comm="apparmor_parser"
[    6.139677] audit: type=1400 audit(1599661870.510:6): apparmor="STATUS" operation="profile_load" profile="unconfined" name="nvidia_modprobe//kmod" pid=666 comm="apparmor_parser"
[    6.141255] audit: type=1400 audit(1599661870.510:7): apparmor="STATUS" operation="profile_load" profile="unconfined" name="tcpdump" pid=669 comm="apparmor_parser"
[    6.150223] audit: type=1400 audit(1599661870.520:8): apparmor="STATUS" operation="profile_load" profile="unconfined" name="/usr/bin/man" pid=668 comm="apparmor_parser"
[    6.150307] audit: type=1400 audit(1599661870.520:9): apparmor="STATUS" operation="profile_load" profile="unconfined" name="man_filter" pid=668 comm="apparmor_parser"
[    6.150384] audit: type=1400 audit(1599661870.520:10): apparmor="STATUS" operation="profile_load" profile="unconfined" name="man_groff" pid=668 comm="apparmor_parser"
[    6.644323] random: crng init done
[    6.644358] random: 5 urandom warning(s) missed due to ratelimiting
