[    0.000018] PROMLIB: Sun IEEE Boot Prom 'OBP 4.38.12 2018/03/28 14:54'
[    0.000031] PROMLIB: Root node compatible: sun4v
[    0.000079] Linux version 5.7.0-rc4-00029-gdc56c5acd850 (mator@ttip) (gcc version 9.3.0 (Debian 9.3.0-11), GNU ld (GNU Binutils for Debian) 2.34) #117 SMP Wed May 6 08:50:40 MSK 2020
[    0.000418] printk: bootconsole [earlyprom0] enabled
[    0.000470] ARCH: SUN4V
[    0.000520] Ethernet address: 00:14:4f:fa:06:f2
[    0.000572] MM: PAGE_OFFSET is 0xfff8000000000000 (max_phys_bits == 47)
[    0.000638] MM: VMALLOC [0x0000000100000000 --> 0x0006000000000000]
[    0.000700] MM: VMEMMAP [0x0006000000000000 --> 0x000c000000000000]
[    0.012501] Kernel: Using 5 locked TLB entries for main kernel image.
[    0.012580] Remapping the kernel... 
[    0.012607] done.
[    0.045890] OF stdout device is: /virtual-devices@100/console@1
[    0.045970] PROM: Built device tree with 86758 bytes of memory.
[    0.046037] MDESC: Size is 36512 bytes.
[    0.046162] PLATFORM: banner-name [SPARC T5-2]
[    0.046214] PLATFORM: name [ORCL,SPARC-T5-2]
[    0.046261] PLATFORM: hostid [84fa06f2]
[    0.046304] PLATFORM: serial# [0035260e]
[    0.046347] PLATFORM: stick-frequency [3b9aca00]
[    0.046396] PLATFORM: mac-address [144ffa06f2]
[    0.046444] PLATFORM: watchdog-resolution [1000 ms]
[    0.046495] PLATFORM: watchdog-max-timeout [31536000000 ms]
[    0.046552] PLATFORM: max-cpus [1024]
[    0.046652] Top of RAM: 0x24af938000, Total RAM: 0x87f354000
[    0.046717] Memory hole size: 115461MB
[    0.051309] Allocated 40960 bytes for kernel page tables.
[    0.051397] Zone ranges:
[    0.051437]   Normal   [mem 0x0000000030400000-0x00000024af937fff]
[    0.051502] Movable zone start for each node
[    0.051548] Early memory node ranges
[    0.051588]   node   0: [mem 0x0000000030400000-0x000000006fe7ffff]
[    0.051652]   node   0: [mem 0x000000006ff00000-0x000000006ff25fff]
[    0.051714]   node   0: [mem 0x0000000070000000-0x000000042fffffff]
[    0.051777]   node   0: [mem 0x0000002030000000-0x00000024af87ffff]
[    0.051840]   node   0: [mem 0x00000024af900000-0x00000024af925fff]
[    0.051900]   node   0: [mem 0x00000024af930000-0x00000024af937fff]
[    0.063613] Zeroed struct page in unavailable ranges: 263766 pages
[    0.063621] Initmem setup node 0 [mem 0x0000000030400000-0x00000024af937fff]
[    0.063781] On node 0 totalpages: 4454826
[    0.063790]   Normal zone: 39154 pages used for memmap
[    0.063796]   Normal zone: 0 pages reserved
[    0.063802]   Normal zone: 4454826 pages, LIFO batch:31
[    0.074951] Booting Linux...
[    0.075036] CPU CAPS: [flush,stbar,swap,muldiv,v9,blkinit,n2,mul32]
[    0.075118] CPU CAPS: [div32,v8plus,popc,vis,vis2,ASIBlkInit,fmaf,vis3]
[    0.075197] CPU CAPS: [hpc,ima,pause,cbcond,aes,des,kasumi,camellia]
[    0.075271] CPU CAPS: [md5,sha1,sha256,sha512,mpmul,montmul,montsqr,crc32c]
[    0.104982] percpu: Embedded 27 pages/cpu s182992 r8192 d30000 u262144
[    0.105198] pcpu-alloc: s182992 r8192 d30000 u262144 alloc=1*4194304
[    0.105205] pcpu-alloc: [0] 000 001 002 003 004 005 006 007 008 009 010 011 012 013 014 015 
[    0.105233] pcpu-alloc: [0] 016 017 018 019 020 021 022 023 024 025 026 027 028 029 030 031 
[    0.105260] pcpu-alloc: [0] 032 033 034 035 036 037 038 039 040 041 042 043 044 045 046 047 
[    0.105287] pcpu-alloc: [0] 048 049 050 051 052 053 054 055 056 057 058 059 060 061 062 063 
[    0.105315] pcpu-alloc: [0] 064 065 066 067 068 069 070 071 072 073 074 075 076 077 078 079 
[    0.105342] pcpu-alloc: [0] 080 081 082 083 084 085 086 087 088 089 090 091 092 093 094 095 
[    0.105369] pcpu-alloc: [0] 096 097 098 099 100 101 102 103 104 105 106 107 108 109 110 111 
[    0.105396] pcpu-alloc: [0] 112 113 114 115 116 117 118 119 120 121 122 123 124 125 126 127 
[    0.105873] SUN4V: Mondo queue sizes [cpu(131072) dev(16384) r(8192) nr(256)]
[    0.106257] Built 1 zonelists, mobility grouping on.  Total pages: 4415672
[    0.106346] Kernel command line: BOOT_IMAGE=/vmlinux-5.7.0-rc4-00029-gdc56c5acd850 root=/dev/vdiska2 ro zswap.enabled=1
[    0.109011] printk: log_buf_len individual max cpu contribution: 4096 bytes
[    0.109082] printk: log_buf_len total cpu_extra contributions: 520192 bytes
[    0.109149] printk: log_buf_len min size: 131072 bytes
[    0.109423] printk: log_buf_len: 1048576 bytes
[    0.109475] printk: early log buf free: 126608(96%)
[    0.115805] Dentry cache hash table entries: 8388608 (order: 13, 67108864 bytes, linear)
[    0.119057] Inode-cache hash table entries: 4194304 (order: 12, 33554432 bytes, linear)
[    0.119140] Sorting __ex_table...
[    0.119373] mem auto-init: stack:off, heap alloc:off, heap free:off
[    0.179709] Memory: 1305232K/35638608K available (7790K kernel code, 1065K rwdata, 2312K rodata, 648K init, 6814K bss, 509136K reserved, 0K cma-reserved)
[    0.180398] SLUB: HWalign=32, Order=0-3, MinObjects=0, CPUs=128, Nodes=1
[    0.180697] ftrace: allocating 21713 entries in 43 pages
[    0.188978] ftrace: allocated 43 pages with 4 groups
[    0.191948] Running RCU self tests
[    0.192025] rcu: Hierarchical RCU implementation.
[    0.192078] rcu: 	RCU event tracing is enabled.
[    0.192128] rcu: 	RCU lockdep checking is enabled.
[    0.192179] 	Tasks RCU enabled.
[    0.192217] rcu: RCU calculated value of scheduler-enlistment delay is 10 jiffies.
[    0.196475] NR_IRQS: 2048, nr_irqs: 2048, preallocated irqs: 1
[    0.196553] SUN4V: Using IRQ API major 3, cookie only virqs enabled
[    0.199014] clocksource: stick: mask: 0xffffffffffffffff max_cycles: 0x1cd42e4dffb, max_idle_ns: 881590591483 ns
[    0.199146] clocksource: mult[800000] shift[23]
[    0.199195] clockevent: mult[80000000] shift[31]
[    0.199570] Console: colour dummy device 80x25
[    0.199634] printk: console [tty0] enabled
[    0.199712] printk: bootconsole [earlyprom0] disabled
[    0.199800] Lock dependency validator: Copyright (c) 2006 Red Hat, Inc., Ingo Molnar
[    0.199853] ... MAX_LOCKDEP_SUBCLASSES:  8
[    0.199885] ... MAX_LOCK_DEPTH:          48
[    0.199917] ... MAX_LOCKDEP_KEYS:        8192
[    0.199950] ... CLASSHASH_SIZE:          4096
[    0.199983] ... MAX_LOCKDEP_ENTRIES:     16384
[    0.200017] ... MAX_LOCKDEP_CHAINS:      32768
[    0.200050] ... CHAINHASH_SIZE:          16384
[    0.200084]  memory used by lock dependency info: 3919 kB
[    0.200122]  memory used for stack traces: 2112 kB
[    0.200158]  per task-struct memory footprint: 1920 bytes
[    0.349603] Calibrating delay using timer specific routine.. 2009.45 BogoMIPS (lpj=10047270)
[    0.349680] pid_max: default: 131072 minimum: 1024
[    0.349989] LSM: Security Framework initializing
[    0.350146] AppArmor: AppArmor initialized
[    0.350424] Mount-cache hash table entries: 131072 (order: 7, 1048576 bytes, linear)
[    0.350593] Mountpoint-cache hash table entries: 131072 (order: 7, 1048576 bytes, linear)
[    0.354078] rcu: Hierarchical SRCU implementation.
[    0.362552] smp: Bringing up secondary CPUs ...
[    0.408156] smp: Brought up 1 node, 32 CPUs
[    0.600064] node 0 initialised, 4228030 pages in 180ms
[    0.601355] devtmpfs: initialized
[    0.606205] Performance events: 
[    0.606251] Testing NMI watchdog ... 
[    0.806348] OK.
[    0.806540] Supported PMU type is 'niagara5'
[    0.806771] random: get_random_u32 called from bucket_table_alloc.isra.0+0x198/0x1c0 with crng_init=0
[    0.807439] ldc.c:v1.1 (July 22, 2008)
[    0.809953] clocksource: jiffies: mask: 0xffffffff max_cycles: 0xffffffff, max_idle_ns: 19112604462750000 ns
[    0.810054] futex hash table entries: 32768 (order: 9, 4194304 bytes, linear)
[    0.815330] NET: Registered protocol family 16
[    0.823761] VIO: Adding device channel-devices (tx_ino = ffffffffffffffff, rx_ino = ffffffffffffffff)
[    0.823981] VIO: Adding device vnet-port-0-0 (tx_ino = 0, rx_ino = 1)
[    0.824193] VIO: Adding device vnet-port-0-1 (tx_ino = 2, rx_ino = 3)
[    0.824367] VIO: Adding device vnet-port-0-2 (tx_ino = 4, rx_ino = 5)
[    0.824540] VIO: Adding device vnet-port-0-3 (tx_ino = 6, rx_ino = 7)
[    0.824719] VIO: Adding device vnet-port-0-4 (tx_ino = 8, rx_ino = 9)
[    0.824892] VIO: Adding device vnet-port-0-5 (tx_ino = a, rx_ino = b)
[    0.825064] VIO: Adding device vdc-port-2-0 (tx_ino = c, rx_ino = d)
[    0.825241] VIO: Adding device vdc-port-1-0 (tx_ino = e, rx_ino = f)
[    0.825413] VIO: Adding device vdc-port-0-0 (tx_ino = 10, rx_ino = 11)
[    0.825594] VIO: Adding device vdc-port-3-0 (tx_ino = 12, rx_ino = 13)
[    0.825772] VIO: Adding device vlds-port-0-0 (tx_ino = 14, rx_ino = 15)
[    0.825948] VIO: Adding device domain-services-port-0 (tx_ino = 14, rx_ino = 15)
[    0.826251] audit: initializing netlink subsys (disabled)
[    0.826620] audit: type=2000 audit(0.620:1): state=initialized audit_enabled=0 res=1
[    0.853267] HugeTLB registered 64.0 KiB page size, pre-allocated 0 pages
[    0.853326] HugeTLB registered 8.00 MiB page size, pre-allocated 0 pages
[    0.853374] HugeTLB registered 256 MiB page size, pre-allocated 0 pages
[    0.853423] HugeTLB registered 2.00 GiB page size, pre-allocated 0 pages
[    0.855070] alg: extra crypto tests enabled.  This is intended for developer use only.
[    0.882497] cryptd: max_cpu_qlen set to 1000
[    0.991950] NetLabel: Initializing
[    0.991991] NetLabel:  domain hash size = 128
[    0.992025] NetLabel:  protocols = UNLABELED CIPSOv4 CALIPSO
[    0.992155] NetLabel:  unlabeled traffic allowed by default
[    0.993121] SUN4V: Reboot data supported (maj=1,min=0).
[    0.993498] ds.c:v1.0 (Jul 11, 2007)
[    0.993856] ds-0: ds_conn_reset() from send_events.isra.0
[    0.995332] clocksource: Switched to clocksource stick
[    1.203998] VFS: Disk quotas dquot_6.6.0
[    1.204143] VFS: Dquot-cache hash table entries: 1024 (order 0, 8192 bytes)
[    1.206017] AppArmor: AppArmor Filesystem Enabled
[    1.219312] NET: Registered protocol family 2
[    1.221260] tcp_listen_portaddr_hash hash table entries: 32768 (order: 8, 2621440 bytes, linear)
[    1.224195] TCP established hash table entries: 524288 (order: 9, 4194304 bytes, linear)
[    1.226713] TCP bind hash table entries: 65536 (order: 9, 4718592 bytes, linear)
[    1.232849] TCP: Hash tables configured (established 524288 bind 65536)
[    1.235428] UDP hash table entries: 32768 (order: 9, 5242880 bytes, linear)
[    1.241966] UDP-Lite hash table entries: 32768 (order: 9, 5242880 bytes, linear)
[    1.250086] NET: Registered protocol family 1
[    1.250157] NET: Registered protocol family 44
[    1.250827] Trying to unpack rootfs image as initramfs...
[    1.449488] Freeing initrd memory: 14752K
[    1.450261] aes_sparc64: Using sparc64 aes opcodes optimized AES implementation
[    1.737564] des_sparc64: Using sparc64 des opcodes optimized DES implementation
[    2.259059] camellia_sparc64: Using sparc64 camellia opcodes optimized CAMELLIA implementation
[    2.458962] workingset: timestamp_bits=46 max_order=23 bucket_order=0
[    2.478243] zbud: loaded
[    2.480701] SGI XFS with ACLs, security attributes, quota, fatal assert, debug enabled
[    2.500977] Block layer SCSI generic (bsg) driver version 0.4 loaded (major 252)
[    2.501824] io scheduler mq-deadline registered
[    2.504602] f029b788: ttyHV0 at I/O 0x0 (irq = 1, base_baud = 115200) is a SUN4V HCONS
[    2.505651] printk: console [ttyHV0] enabled
[    2.509410] sunvdc.c:v1.2 (November 24, 2014)
[    2.511070] sunvdc: Virtual Hard disk vdiskc
[    2.511112] sunvdc: vdiskc: 104857600 sectors (51200 MB) protocol 1.2
[    2.532223] sunvdc: Virtual Hard disk vdiskb
[    2.532278] sunvdc: vdiskb: 62914560 sectors (30720 MB) protocol 1.2
[    2.533820]  vdiskb: vdiskb1
[    2.552932] sunvdc: Virtual Hard disk vdiska
[    2.552982] sunvdc: vdiska: 31457280 sectors (15360 MB) protocol 1.2
[    2.554015]  vdiska: vdiska1 vdiska2 vdiska3 vdiska4
[    2.573965] sunvdc: Virtual CDROM vdiskd
[    2.574023] sunvdc: vdiskd: 453848 sectors (221 MB) protocol 1.2
[    2.575071]  vdiskd: vdiskd1 vdiskd2 vdiskd3 vdiskd4 vdiskd5 vdiskd6 vdiskd7
[    2.594465] sunvnet: sunvnet 2.0 (February 3, 2017)
[    2.596785] vnet_port vnet-port-0-0 eth0: Sun LDOM vnet 00:14:4f:f8:12:a3
[    2.597018] sunvnet: eth0: PORT ( remote-mac 00:14:4f:fa:f3:f0 switch-port )
[    2.597394] sunvnet: eth0: PORT ( remote-mac 00:14:4f:f8:e5:f3 )
[    2.597765] sunvnet: eth0: PORT ( remote-mac 00:14:4f:f9:b4:97 )
[    2.598116] sunvnet: eth0: PORT ( remote-mac 00:14:4f:f8:3f:1e )
[    2.598462] sunvnet: eth0: PORT ( remote-mac 00:14:4f:f8:fe:47 )
[    2.598821] sunvnet: eth0: PORT ( remote-mac 00:14:4f:f9:8b:83 )
[    2.600077] rtc-sun4v rtc-sun4v: registered as rtc0
[    2.600226] rtc-sun4v rtc-sun4v: setting system clock to 2020-05-06T13:11:22 UTC (1588770682)
[    2.600794] sun4v_wdt: initialized (timeout=60s, nowayout=0)
[    2.601057] device-mapper: uevent: version 1.0.3
[    2.601811] device-mapper: ioctl: 4.42.0-ioctl (2020-02-27) initialised: dm-devel@redhat.com
[    2.602849] NET: Registered protocol family 17
[    2.603294] registered taskstats version 1
[    2.604267] zswap: loaded using pool lzo/zbud
[    2.931975] Key type big_key registered
[    2.932051] AppArmor: AppArmor sha1 policy hashing enabled
[    2.937187] This architecture does not have kernel memory protection.
[    2.937241] Run /init as init process
[    2.937276]   with arguments:
[    2.937283]     /init
[    2.937289]   with environment:
[    2.937296]     HOME=/
[    2.937302]     TERM=linux
[    2.937309]     BOOT_IMAGE=/vmlinux-5.7.0-rc4-00029-gdc56c5acd850
[    3.424246] crc32c_sparc64: Using sparc64 crc32c opcode optimized CRC32C implementation
[    4.085312] raid6: int64x8  gen()  2149 MB/s
[    4.255309] raid6: int64x8  xor()  1531 MB/s
[    4.425304] raid6: int64x4  gen()  3397 MB/s
[    4.595295] raid6: int64x4  xor()  1479 MB/s
[    4.765292] raid6: int64x2  gen()  2773 MB/s
[    4.935304] raid6: int64x2  xor()  1168 MB/s
[    5.105309] raid6: int64x1  gen()  1367 MB/s
[    5.275313] raid6: int64x1  xor()   671 MB/s
[    5.275365] raid6: using algorithm int64x4 gen() 3397 MB/s
[    5.275409] raid6: .... xor() 1479 MB/s, rmw enabled
[    5.275450] raid6: using intx1 recovery algorithm
[    5.276309] async_tx: api initialized (async)
[    5.276833] xor: automatically using best checksumming function   Niagara   
[    5.365938] random: fast init done
[    5.490729] process '/usr/bin/fstype' started with executable stack
[    5.606334] EXT4-fs (vdiska2): mounted filesystem with ordered data mode. Opts: (null)
[    7.913582] systemd[1]: Inserted module 'autofs4'
[    7.926868] NET: Registered protocol family 10
[    7.933301] Segment Routing with IPv6
[    7.987270] systemd[1]: systemd 245.5-2 running in system mode. (+PAM +AUDIT +SELINUX +IMA +APPARMOR +SMACK +SYSVINIT +UTMP +LIBCRYPTSETUP +GCRYPT +GNUTLS +ACL +XZ +LZ4 -SECCOMP +BLKID +ELFUTILS +KMOD +IDN2 -IDN +PCRE2 default-hierarchy=hybrid)
[    7.987883] systemd[1]: Detected architecture sparc64.
[    8.093826] systemd[1]: Set hostname to <ttip>.
[    9.067522] random: lvmconfig: uninitialized urandom read (4 bytes read)
[   11.082909] systemd[1]: /lib/systemd/system/dbus.socket:5: ListenStream= references a path below legacy directory /var/run/, updating /var/run/dbus/system_bus_socket â†’ /run/dbus/system_bus_socket; please update the unit file accordingly.
[   11.566262] random: systemd: uninitialized urandom read (16 bytes read)
[   11.577314] systemd[1]: Created slice system-getty.slice.
[   11.578086] random: systemd: uninitialized urandom read (16 bytes read)
[   11.581713] systemd[1]: Created slice system-modprobe.slice.
[   11.582131] random: systemd: uninitialized urandom read (16 bytes read)
[   11.585736] systemd[1]: Created slice system-openvpn\x2dclient.slice.
[   11.591150] systemd[1]: Created slice system-postfix.slice.
[   11.595097] systemd[1]: Created slice system-systemd\x2dfsck.slice.
[   11.599129] systemd[1]: Created slice User and Session Slice.
[   11.600150] systemd[1]: Started Dispatch Password Requests to Console Directory Watch.
[   11.600992] systemd[1]: Started Forward Password Requests to Wall Directory Watch.
[   11.603234] systemd[1]: Set up automount Arbitrary Executable File Formats File System Automount Point.
[   11.603828] systemd[1]: Reached target Local Encrypted Volumes.
[   11.604345] systemd[1]: Reached target Paths.
[   11.604801] systemd[1]: Reached target Remote File Systems.
[   11.605303] systemd[1]: Reached target Slices.
[   11.606265] systemd[1]: Listening on Device-mapper event daemon FIFOs.
[   11.607666] systemd[1]: Listening on LVM2 poll daemon socket.
[   11.608765] systemd[1]: Listening on Syslog Socket.
[   11.609773] systemd[1]: Listening on fsck to fsckd communication Socket.
[   11.610569] systemd[1]: Listening on initctl Compatibility Named Pipe.
[   11.611827] systemd[1]: Listening on Journal Audit Socket.
[   11.612830] systemd[1]: Listening on Journal Socket (/dev/log).
[   11.614025] systemd[1]: Listening on Journal Socket.
[   11.615135] systemd[1]: Listening on udev Control Socket.
[   11.616015] systemd[1]: Listening on udev Kernel Socket.
[   11.625609] systemd[1]: Mounting Huge Pages File System...
[   11.634937] systemd[1]: Mounting POSIX Message Queue File System...
[   11.644452] systemd[1]: Mounting Kernel Debug File System...
[   11.657506] systemd[1]: Mounting Kernel Trace File System...
[   11.668230] systemd[1]: Starting Availability of block devices...
[   11.677585] systemd[1]: Starting Wait for network to be configured by ifupdown...
[   11.709779] systemd[1]: Starting Create list of static device nodes for the current kernel...
[   11.718737] systemd[1]: Starting Monitoring of LVM2 mirrors, snapshots etc. using dmeventd or progress polling...
[   11.728097] systemd[1]: Starting Load Kernel Module drm...
[   11.737360] systemd[1]: Starting nftables...
[   11.768810] systemd[1]: Condition check resulted in Set Up Additional Binary Formats being skipped.
[   11.769167] systemd[1]: Condition check resulted in File System Check on Root Device being skipped.
[   11.787463] systemd[1]: Starting Journal Service...
[   11.802087] systemd[1]: Starting Load Kernel Modules...
[   11.813087] systemd[1]: Starting Remount Root and Kernel File Systems...
[   11.825469] systemd[1]: Starting udev Coldplug all Devices...
[   11.837796] systemd[1]: Mounted Huge Pages File System.
[   11.839512] systemd[1]: Mounted POSIX Message Queue File System.
[   11.841005] systemd[1]: Mounted Kernel Debug File System.
[   11.842472] systemd[1]: Mounted Kernel Trace File System.
[   11.850062] systemd[1]: Finished Availability of block devices.
[   11.857018] systemd[1]: Finished Wait for network to be configured by ifupdown.
[   11.863338] systemd[1]: Finished Create list of static device nodes for the current kernel.
[   11.866375] systemd[1]: modprobe@drm.service: Succeeded.
[   11.870570] systemd[1]: Finished Load Kernel Module drm.
[   11.889098] systemd[1]: Finished Load Kernel Modules.
[   11.891194] systemd[1]: Condition check resulted in FUSE Control File System being skipped.
[   11.891559] systemd[1]: Condition check resulted in Kernel Configuration File System being skipped.
[   11.900570] systemd[1]: Starting Apply Kernel Variables...
[   11.914488] EXT4-fs (vdiska2): re-mounted. Opts: errors=remount-ro
[   11.939771] systemd[1]: Finished Remount Root and Kernel File Systems.
[   11.979580] systemd[1]: Starting Initial Check File System Quotas...
[   12.080044] systemd[1]: Condition check resulted in Rebuild Hardware Database being skipped.
[   12.080336] systemd[1]: Condition check resulted in Platform Persistent Storage Archival being skipped.
[   12.089021] systemd[1]: Starting Load/Save Random Seed...
[   12.100202] systemd[1]: Starting Create System Users...
[   12.101797] systemd[1]: Started Journal Service.
[   12.177875] systemd-journald[558]: Received client request to flush runtime journal.
[   13.575116] sha1_sparc64: Using sparc64 sha1 opcode optimized SHA-1 implementation
[   13.716783] n2rng v0.3 (Jan 7, 2017)
[   13.716869] n2rng f029b104: Registered RNG HVAPI major 2 minor 0
[   13.716937] n2rng f029b104: Found multi-unit-capable RNG, units: 2
[   13.717843] n2rng f029b104: RNG ready
[   13.795827] pktcdvd: setup of pktcdvd device failed
[   13.825425] sha256_sparc64: Using sparc64 sha256 opcode optimized SHA-256/SHA-224 implementation
[   13.844735] pktcdvd: setup of pktcdvd device failed
[   13.848321] pktcdvd: setup of pktcdvd device failed
[   13.852270] pktcdvd: setup of pktcdvd device failed
[   13.855331] pktcdvd: setup of pktcdvd device failed
[   13.858703] pktcdvd: setup of pktcdvd device failed
[   13.862225] pktcdvd: setup of pktcdvd device failed
[   13.866448] pktcdvd: setup of pktcdvd device failed
[   13.999945] sha512_sparc64: Using sparc64 sha512 opcode optimized SHA-512/SHA-384 implementation
[   14.015608] md5_sparc64: Using sparc64 md5 opcode optimized MD5 implementation
[   14.265445] Adding 787176k swap on /dev/vdiska4.  Priority:-2 extents:1 across:787176k FS
[   14.302457] XFS (dm-0): Mounting V5 Filesystem
[   14.726340] XFS (dm-0): Ending clean mount
[   14.954343] xfs filesystem being mounted at /1 supports timestamps until 2038 (0x7fffffff)
[   15.213495] EXT4-fs (vdiska1): mounting ext3 file system using the ext4 subsystem
[   16.023884] EXT4-fs (vdiska1): mounted filesystem with ordered data mode. Opts: (null)
[   16.024086] ext3 filesystem being mounted at /boot supports timestamps until 2038 (0x7fffffff)
[   16.705873] random: crng init done
[   16.706009] random: 6 urandom warning(s) missed due to ratelimiting
[   18.450306] Kernel unaligned access at TPC[8a0678] aa_dfa_unpack+0x38/0x5a0
[   18.450420] Kernel unaligned access at TPC[8a0698] aa_dfa_unpack+0x58/0x5a0
[   18.450480] Kernel unaligned access at TPC[8a0754] aa_dfa_unpack+0x114/0x5a0
[   18.450543] Kernel unaligned access at TPC[8a0834] aa_dfa_unpack+0x1f4/0x5a0
[   18.450602] Kernel unaligned access at TPC[8a0848] aa_dfa_unpack+0x208/0x5a0
[   18.456183] audit: type=1400 audit(1588770698.350:2): apparmor="STATUS" operation="profile_load" profile="unconfined" name="/usr/sbin/haveged" pid=752 comm="apparmor_parser"
[   18.459788] audit: type=1400 audit(1588770698.350:3): apparmor="STATUS" operation="profile_load" profile="unconfined" name="nvidia_modprobe" pid=753 comm="apparmor_parser"
[   18.459913] audit: type=1400 audit(1588770698.350:4): apparmor="STATUS" operation="profile_load" profile="unconfined" name="nvidia_modprobe//kmod" pid=753 comm="apparmor_parser"
[   18.472507] audit: type=1400 audit(1588770698.360:5): apparmor="STATUS" operation="profile_load" profile="unconfined" name="lsb_release" pid=757 comm="apparmor_parser"
[   18.513479] audit: type=1400 audit(1588770698.400:6): apparmor="STATUS" operation="profile_load" profile="unconfined" name="/usr/bin/man" pid=754 comm="apparmor_parser"
[   18.513618] audit: type=1400 audit(1588770698.400:7): apparmor="STATUS" operation="profile_load" profile="unconfined" name="man_filter" pid=754 comm="apparmor_parser"
[   18.513737] audit: type=1400 audit(1588770698.400:8): apparmor="STATUS" operation="profile_load" profile="unconfined" name="man_groff" pid=754 comm="apparmor_parser"
[   18.543949] audit: type=1400 audit(1588770698.430:9): apparmor="STATUS" operation="profile_load" profile="unconfined" name="/usr/sbin/named" pid=756 comm="apparmor_parser"
[   18.548280] audit: type=1400 audit(1588770698.440:10): apparmor="STATUS" operation="profile_load" profile="unconfined" name="/usr/sbin/tcpdump" pid=755 comm="apparmor_parser"
