[    0.000021] PROMLIB: Sun IEEE Boot Prom 'OBP 4.38.12 2018/03/28 14:54'
[    0.000033] PROMLIB: Root node compatible: sun4v
[    0.000079] Linux version 5.3.0-12289-g351c8a09b00b-dirty (mator@ttip.nvglabs.local) (gcc version 9.2.1 20190909 (Debian 9.2.1-8)) #1243 SMP Wed Sep 25 12:09:14 MSK 2019
[    0.000405] printk: bootconsole [earlyprom0] enabled
[    0.000456] ARCH: SUN4V
[    0.000507] Ethernet address: 00:14:4f:fa:06:f2
[    0.000561] MM: PAGE_OFFSET is 0xfff8000000000000 (max_phys_bits == 47)
[    0.000627] MM: VMALLOC [0x0000000100000000 --> 0x0006000000000000]
[    0.000689] MM: VMEMMAP [0x0006000000000000 --> 0x000c000000000000]
[    0.013775] Kernel: Using 6 locked TLB entries for main kernel image.
[    0.013846] Remapping the kernel... 
[    0.013872] done.
[    0.049714] OF stdout device is: /virtual-devices@100/console@1
[    0.049778] PROM: Built device tree with 87467 bytes of memory.
[    0.049839] MDESC: Size is 37248 bytes.
[    0.049960] PLATFORM: banner-name [SPARC T5-2]
[    0.050012] PLATFORM: name [ORCL,SPARC-T5-2]
[    0.050058] PLATFORM: hostid [84fa06f2]
[    0.050102] PLATFORM: serial# [0035260e]
[    0.050146] PLATFORM: stick-frequency [3b9aca00]
[    0.050194] PLATFORM: mac-address [144ffa06f2]
[    0.050241] PLATFORM: watchdog-resolution [1000 ms]
[    0.050291] PLATFORM: watchdog-max-timeout [31536000000 ms]
[    0.050347] PLATFORM: max-cpus [1024]
[    0.050415] Top of RAM: 0x24af936000, Total RAM: 0x87f352000
[    0.050476] Memory hole size: 115461MB
[    0.287146] Allocated 35708928 bytes for kernel page tables.
[    0.287244] Zone ranges:
[    0.287284]   Normal   [mem 0x0000000030400000-0x00000024af935fff]
[    0.287350] Movable zone start for each node
[    0.287395] Early memory node ranges
[    0.287436]   node   0: [mem 0x0000000030400000-0x000000006fe7ffff]
[    0.287499]   node   0: [mem 0x000000006ff00000-0x000000006ff25fff]
[    0.287561]   node   0: [mem 0x0000000070000000-0x000000042fffffff]
[    0.287624]   node   0: [mem 0x0000002030000000-0x00000024af87ffff]
[    0.287688]   node   0: [mem 0x00000024af900000-0x00000024af925fff]
[    0.287749]   node   0: [mem 0x00000024af930000-0x00000024af935fff]
[    0.295124] Zeroed struct page in unavailable ranges: 230130 pages
[    0.295131] Initmem setup node 0 [mem 0x0000000030400000-0x00000024af935fff]
[    0.295290] On node 0 totalpages: 4454825
[    0.295300]   Normal zone: 39154 pages used for memmap
[    0.295305]   Normal zone: 0 pages reserved
[    0.295311]   Normal zone: 4454825 pages, LIFO batch:31
[    0.304038] Booting Linux...
[    0.304122] CPU CAPS: [flush,stbar,swap,muldiv,v9,blkinit,n2,mul32]
[    0.304203] CPU CAPS: [div32,v8plus,popc,vis,vis2,ASIBlkInit,fmaf,vis3]
[    0.304281] CPU CAPS: [hpc,ima,pause,cbcond,aes,des,kasumi,camellia]
[    0.304355] CPU CAPS: [md5,sha1,sha256,sha512,mpmul,montmul,montsqr,crc32c]
[    0.338328] percpu: Embedded 27 pages/cpu s180680 r8192 d32312 u262144
[    0.338572] pcpu-alloc: s180680 r8192 d32312 u262144 alloc=1*4194304
[    0.338580] pcpu-alloc: [0] 000 001 002 003 004 005 006 007 008 009 010 011 012 013 014 015 
[    0.338608] pcpu-alloc: [0] 016 017 018 019 020 021 022 023 024 025 026 027 028 029 030 031 
[    0.338635] pcpu-alloc: [0] 032 033 034 035 036 037 038 039 040 041 042 043 044 045 046 047 
[    0.338663] pcpu-alloc: [0] 048 049 050 051 052 053 054 055 056 057 058 059 060 061 062 063 
[    0.338690] pcpu-alloc: [0] 064 065 066 067 068 069 070 071 072 073 074 075 076 077 078 079 
[    0.338718] pcpu-alloc: [0] 080 081 082 083 084 085 086 087 088 089 090 091 092 093 094 095 
[    0.338745] pcpu-alloc: [0] 096 097 098 099 100 101 102 103 104 105 106 107 108 109 110 111 
[    0.338773] pcpu-alloc: [0] 112 113 114 115 116 117 118 119 120 121 122 123 124 125 126 127 
[    0.339301] SUN4V: Mondo queue sizes [cpu(131072) dev(16384) r(8192) nr(256)]
[    0.339747] Built 1 zonelists, mobility grouping on.  Total pages: 4415671
[    0.339835] Kernel command line: BOOT_IMAGE=/vmlinux-5.3.0-12289-g351c8a09b00b-dirty root=/dev/vdiska2 ro zswap.enabled=1
[    0.342252] printk: log_buf_len individual max cpu contribution: 4096 bytes
[    0.342322] printk: log_buf_len total cpu_extra contributions: 520192 bytes
[    0.342390] printk: log_buf_len min size: 131072 bytes
[    0.342714] printk: log_buf_len: 1048576 bytes
[    0.342766] printk: early log buf free: 126624(96%)
[    0.352379] Dentry cache hash table entries: 8388608 (order: 13, 67108864 bytes, linear)
[    0.357281] Inode-cache hash table entries: 4194304 (order: 12, 33554432 bytes, linear)
[    0.357362] Sorting __ex_table...
[    0.357625] mem auto-init: stack:off, heap alloc:off, heap free:off
[    0.420265] Memory: 1305232K/35638600K available (7346K kernel code, 945K rwdata, 2184K rodata, 712K init, 12357K bss, 544504K reserved, 0K cma-reserved)
[    0.429653] SLUB: HWalign=32, Order=0-3, MinObjects=0, CPUs=128, Nodes=1
[    0.434673] ftrace: allocating 21376 entries in 42 pages
[    0.450841] Running RCU self tests
[    0.450889] rcu: Hierarchical RCU implementation.
[    0.450938] rcu: 	RCU event tracing is enabled.
[    0.450986] rcu: 	RCU lockdep checking is enabled.
[    0.451038] 	Tasks RCU enabled.
[    0.451075] rcu: RCU calculated value of scheduler-enlistment delay is 10 jiffies.
[    0.460081] NR_IRQS: 2048, nr_irqs: 2048, preallocated irqs: 1
[    0.460519] SUN4V: Using IRQ API major 3, cookie only virqs enabled
[    0.464338] clocksource: stick: mask: 0xffffffffffffffff max_cycles: 0x1cd42e4dffb, max_idle_ns: 881590591483 ns
[    0.464467] clocksource: mult[800000] shift[23]
[    0.464516] clockevent: mult[80000000] shift[31]
[    0.468240] Console: colour dummy device 80x25
[    0.468303] printk: console [tty0] enabled
[    0.468379] printk: bootconsole [earlyprom0] disabled
[    0.468465] Lock dependency validator: Copyright (c) 2006 Red Hat, Inc., Ingo Molnar
[    0.468514] ... MAX_LOCKDEP_SUBCLASSES:  8
[    0.468544] ... MAX_LOCK_DEPTH:          48
[    0.468575] ... MAX_LOCKDEP_KEYS:        8192
[    0.468606] ... CLASSHASH_SIZE:          4096
[    0.468637] ... MAX_LOCKDEP_ENTRIES:     16384
[    0.468669] ... MAX_LOCKDEP_CHAINS:      32768
[    0.468700] ... CHAINHASH_SIZE:          16384
[    0.468731]  memory used by lock dependency info: 3855 kB
[    0.468767]  memory used for stack traces: 2112 kB
[    0.468799]  per task-struct memory footprint: 1920 bytes
[    0.614736] Calibrating delay using timer specific routine.. 2003.76 BogoMIPS (lpj=10018837)
[    0.614793] pid_max: default: 131072 minimum: 1024
[    0.622027] LSM: Security Framework initializing
[    0.624416] Smack:  Initializing.
[    0.624442] Smack:  IPv6 port labeling enabled.
[    0.627491] Mount-cache hash table entries: 131072 (order: 7, 1048576 bytes, linear)
[    0.627728] Mountpoint-cache hash table entries: 131072 (order: 7, 1048576 bytes, linear)
[    0.629236] *** VALIDATE tmpfs ***
[    0.638201] *** VALIDATE proc ***
[    0.643893] *** VALIDATE cgroup1 ***
[    0.643925] *** VALIDATE cgroup2 ***
[    0.649866] rcu: Hierarchical SRCU implementation.
[    0.661673] smp: Bringing up secondary CPUs ...
[    0.732666] smp: Brought up 1 node, 32 CPUs
[    0.940792] node 0 initialised, 4223608 pages in 190ms
[    0.945948] devtmpfs: initialized
[    0.956487] Performance events: 
[    0.956547] Testing NMI watchdog ... 
[    1.156759] OK.
[    1.156938] Supported PMU type is 'niagara5'
[    1.158423] random: get_random_u32 called from bucket_table_alloc.isra.0+0x188/0x1c0 with crng_init=0
[    1.160119] ldc.c:v1.1 (July 22, 2008)
[    1.164329] clocksource: jiffies: mask: 0xffffffff max_cycles: 0xffffffff, max_idle_ns: 19112604462750000 ns
[    1.164425] futex hash table entries: 32768 (order: 9, 4194304 bytes, linear)
[    1.183549] NET: Registered protocol family 16
[    1.197643] VIO: Adding device channel-devices (tx_ino = ffffffffffffffff, rx_ino = ffffffffffffffff)
[    1.197932] VIO: Adding device vnet-port-0-0 (tx_ino = 0, rx_ino = 1)
[    1.198222] VIO: Adding device vnet-port-0-1 (tx_ino = 2, rx_ino = 3)
[    1.198475] VIO: Adding device vnet-port-0-2 (tx_ino = 4, rx_ino = 5)
[    1.198732] VIO: Adding device vnet-port-0-4 (tx_ino = 8, rx_ino = 9)
[    1.198978] VIO: Adding device vnet-port-0-5 (tx_ino = a, rx_ino = b)
[    1.199236] VIO: Adding device vnet-port-0-6 (tx_ino = c, rx_ino = d)
[    1.199481] VIO: Adding device vnet-port-0-3 (tx_ino = 6, rx_ino = 7)
[    1.199735] VIO: Adding device vdc-port-3-0 (tx_ino = e, rx_ino = f)
[    1.199992] VIO: Adding device vdc-port-2-0 (tx_ino = 10, rx_ino = 11)
[    1.200240] VIO: Adding device vdc-port-1-0 (tx_ino = 12, rx_ino = 13)
[    1.200490] VIO: Adding device vdc-port-0-0 (tx_ino = 14, rx_ino = 15)
[    1.200744] VIO: Adding device vdc-port-4-0 (tx_ino = 16, rx_ino = 17)
[    1.200996] VIO: Adding device vlds-port-0-0 (tx_ino = 18, rx_ino = 19)
[    1.201242] VIO: Adding device domain-services-port-0 (tx_ino = 18, rx_ino = 19)
[    1.202258] audit: initializing netlink subsys (disabled)
[    1.202643] audit: type=2000 audit(0.730:1): state=initialized audit_enabled=0 res=1
[    1.258783] HugeTLB registered 64.0 KiB page size, pre-allocated 0 pages
[    1.258835] HugeTLB registered 8.00 MiB page size, pre-allocated 0 pages
[    1.258880] HugeTLB registered 256 MiB page size, pre-allocated 0 pages
[    1.258925] HugeTLB registered 2.00 GiB page size, pre-allocated 0 pages
[    1.368852] NetLabel: Initializing
[    1.368897] NetLabel:  domain hash size = 128
[    1.368935] NetLabel:  protocols = UNLABELED CIPSOv4 CALIPSO
[    1.369216] NetLabel:  unlabeled traffic allowed by default
[    1.370466] SUN4V: Reboot data supported (maj=1,min=0).
[    1.372128] ds.c:v1.0 (Jul 11, 2007)
[    1.372675] ds-0: ds_conn_reset() from send_events.isra.0
[    1.374180] clocksource: Switched to clocksource stick
[    1.721401] *** VALIDATE bpf ***
[    1.729769] VFS: Disk quotas dquot_6.6.0
[    1.734444] VFS: Dquot-cache hash table entries: 1024 (order 0, 8192 bytes)
[    1.734824] *** VALIDATE ramfs ***
[    1.735483] *** VALIDATE hugetlbfs ***
[    1.776725] NET: Registered protocol family 2
[    1.786243] tcp_listen_portaddr_hash hash table entries: 32768 (order: 8, 2359296 bytes, linear)
[    1.789951] TCP established hash table entries: 524288 (order: 9, 4194304 bytes, linear)
[    1.792208] TCP bind hash table entries: 65536 (order: 9, 4194304 bytes, linear)
[    1.798477] TCP: Hash tables configured (established 524288 bind 65536)
[    1.803974] UDP hash table entries: 32768 (order: 9, 5242880 bytes, linear)
[    1.810694] UDP-Lite hash table entries: 32768 (order: 9, 5242880 bytes, linear)
[    1.827286] NET: Registered protocol family 1
[    1.827378] NET: Registered protocol family 44
[    1.829141] Trying to unpack rootfs image as initramfs...
[    2.181695] Freeing initrd memory: 10368K
[    2.212607] workingset: timestamp_bits=46 max_order=23 bucket_order=0
[    2.260665] SGI XFS with ACLs, security attributes, debug enabled
[    2.308690] Block layer SCSI generic (bsg) driver version 0.4 loaded (major 252)
[    2.310465] io scheduler mq-deadline registered
[    2.317867] f029b788: ttyHV0 at I/O 0x0 (irq = 1, base_baud = 115200) is a SUN4V HCONS
[    2.324509] printk: console [ttyHV0] enabled
[    2.331951] sunvdc.c:v1.2 (November 24, 2014)
[    2.347658] sunvdc: Virtual CDROM vdiskd
[    2.347713] sunvdc: vdiskd: 403160 sectors (196 MB) protocol 1.2
[    2.352187]  vdiskd: vdiskd1 vdiskd2 vdiskd3 vdiskd4 vdiskd5 vdiskd6 vdiskd7
[    2.411434] sunvdc: Virtual Hard disk vdiskc
[    2.411481] sunvdc: vdiskc: 104857600 sectors (51200 MB) protocol 1.2
[    2.474888] sunvdc: Virtual Hard disk vdiskb
[    2.474935] sunvdc: vdiskb: 62914560 sectors (30720 MB) protocol 1.2
[    2.478236]  vdiskb: vdiskb1
[    2.527220] sunvdc: Virtual Hard disk vdiska
[    2.527263] sunvdc: vdiska: 31457280 sectors (15360 MB) protocol 1.2
[    2.530576]  vdiska: vdiska1 vdiska2 vdiska3 vdiska4
[    2.584388] sunvdc: Virtual Hard disk vdiske
[    2.584433] sunvdc: vdiske: 20971520 sectors (10240 MB) protocol 1.2
[    2.617370]  vdiske: vdiske1 vdiske2 vdiske3
[    2.653704] sunvnet: sunvnet 2.0 (February 3, 2017)
[    2.659441] vnet_port vnet-port-0-0 eth0: Sun LDOM vnet 00:14:4f:f8:12:a3
[    2.659757] sunvnet: eth0: PORT ( remote-mac 00:14:4f:fa:f3:f0 switch-port )
[    2.661532] sunvnet: eth0: PORT ( remote-mac 00:14:4f:f8:e5:f3 )
[    2.663361] sunvnet: eth0: PORT ( remote-mac 00:14:4f:f9:b4:97 )
[    2.665195] sunvnet: eth0: PORT ( remote-mac 00:14:4f:f8:3f:1e )
[    2.666984] sunvnet: eth0: PORT ( remote-mac 00:14:4f:f8:fe:47 )
[    2.668764] sunvnet: eth0: PORT ( remote-mac 00:14:4f:f9:8b:83 )
[    2.670557] sunvnet: eth0: PORT ( remote-mac 00:14:4f:f9:6c:d1 )
[    2.672363] rtc-sun4v rtc-sun4v: registered as rtc0
[    2.673309] sun4v_wdt: initialized (timeout=60s, nowayout=0)
[    2.674446] device-mapper: uevent: version 1.0.3
[    2.677099] device-mapper: ioctl: 4.41.0-ioctl (2019-09-16) initialised: dm-devel@redhat.com
[    2.678847] NET: Registered protocol family 17
[    2.679906] registered taskstats version 1
[    2.690046] zswap: default zpool zbud not available
[    2.690099] zswap: pool creation failed
[    2.691157] kmemleak: Kernel memory leak detector initialized (mem pool available: 6234)
[    2.691168] kmemleak: Automatic memory scanning thread started
[    2.741391] Key type big_key registered
[    2.742437] rtc-sun4v rtc-sun4v: setting system clock to 2019-09-25T09:39:44 UTC (1569404384)
[    2.751681] This architecture does not have kernel memory protection.
[    2.751729] Run /init as init process
[    3.636293] crc32c_sparc64: Using sparc64 crc32c opcode optimized CRC32C implementation
[    3.878329] random: fast init done
[    4.234097] raid6: int64x8  gen()  2181 MB/s
[    4.404092] raid6: int64x8  xor()  1569 MB/s
[    4.574092] raid6: int64x4  gen()  3460 MB/s
[    4.744092] raid6: int64x4  xor()  2006 MB/s
[    4.914093] raid6: int64x2  gen()  2875 MB/s
[    5.084084] raid6: int64x2  xor()  1997 MB/s
[    5.254097] raid6: int64x1  gen()  2790 MB/s
[    5.424099] raid6: int64x1  xor()  1650 MB/s
[    5.424147] raid6: using algorithm int64x4 gen() 3460 MB/s
[    5.424187] raid6: .... xor() 2006 MB/s, rmw enabled
[    5.424226] raid6: using intx1 recovery algorithm
[    5.425700] async_tx: api initialized (async)
[    5.426925] xor: automatically using best checksumming function   Niagara   
[    5.722302] EXT4-fs (vdiska2): mounted filesystem with ordered data mode. Opts: (null)
[    8.107982] systemd[1]: Inserted module 'autofs4'
[    8.248375] NET: Registered protocol family 10
[    8.264200] Segment Routing with IPv6
[    8.368823] systemd[1]: systemd 242 running in system mode. (+PAM +AUDIT +SELINUX +IMA +APPARMOR +SMACK +SYSVINIT +UTMP +LIBCRYPTSETUP +GCRYPT +GNUTLS +ACL +XZ +LZ4 -SECCOMP +BLKID +ELFUTILS +KMOD +IDN2 -IDN +PCRE2 default-hierarchy=hybrid)
[    8.369523] systemd[1]: Detected architecture sparc64.
[    8.541074] systemd[1]: Set hostname to <ttip.nvglabs.local>.
[    8.579397] systemd[1]: Failed to bump fs.file-max, ignoring: Invalid argument
[   10.040113] random: lvmconfig: uninitialized urandom read (4 bytes read)
[   11.127285] systemd[1]: /lib/systemd/system/dbus.socket:4: ListenStream= references a path below legacy directory /var/run/, updating /var/run/dbus/system_bus_socket → /run/dbus/system_bus_socket; please update the unit file accordingly.
[   11.518832] systemd[1]: /lib/systemd/system/pcscd.socket:4: ListenStream= references a path below legacy directory /var/run/, updating /var/run/pcscd/pcscd.comm → /run/pcscd/pcscd.comm; please update the unit file accordingly.
[   11.572781] random: systemd: uninitialized urandom read (16 bytes read)
[   11.605579] systemd[1]: Created slice system-systemd\x2dfsck.slice.
[   11.606942] random: systemd: uninitialized urandom read (16 bytes read)
[   11.607704] systemd[1]: Started Dispatch Password Requests to Console Directory Watch.
[   11.608293] random: systemd: uninitialized urandom read (16 bytes read)
[   11.608383] systemd[1]: Reached target Remote File Systems.
[   11.622771] systemd[1]: Listening on Syslog Socket.
[   11.863302] EXT4-fs (vdiska2): re-mounted. Opts: errors=remount-ro
[   12.500152] systemd-journald[480]: Received request to flush runtime journal from PID 1
[   13.790355] sha1_sparc64: Using sparc64 sha1 opcode optimized SHA-1 implementation
[   13.847624] sha256_sparc64: Using sparc64 sha256 opcode optimized SHA-256/SHA-224 implementation
[   13.919718] sha512_sparc64: Using sparc64 sha512 opcode optimized SHA-512/SHA-384 implementation
[   13.945431] md5_sparc64: Using sparc64 md5 opcode optimized MD5 implementation
[   13.994276] aes_sparc64: Using sparc64 aes opcodes optimized AES implementation
[   13.996825] n2rng v0.3 (Jan 7, 2017)
[   13.996987] n2rng f029b104: Registered RNG HVAPI major 2 minor 0
[   13.997154] n2rng f029b104: Found multi-unit-capable RNG, units: 2
[   14.000574] n2rng f029b104: RNG ready
[   14.466770] des_sparc64: Using sparc64 des opcodes optimized DES implementation
[   14.564875] camellia_sparc64: Using sparc64 camellia opcodes optimized CAMELLIA implementation
[   14.614668] pktcdvd: setup of pktcdvd device failed
[   14.723611] pktcdvd: setup of pktcdvd device failed
[   14.746512] pktcdvd: setup of pktcdvd device failed
[   14.765618] pktcdvd: setup of pktcdvd device failed
[   14.784426] pktcdvd: setup of pktcdvd device failed
[   14.803073] pktcdvd: setup of pktcdvd device failed
[   14.821509] pktcdvd: setup of pktcdvd device failed
[   14.840557] pktcdvd: setup of pktcdvd device failed
[   16.783678] XFS (dm-0): Mounting V5 Filesystem
[   17.011819] XFS (dm-0): Ending clean mount
[   17.085855] Mounted xfs file system at /1 supports timestamps until 2038 (0x7fffffff)
[   17.604167] Adding 787176k swap on /dev/vdiska4.  Priority:-2 extents:1 across:787176k FS
[   17.915786] EXT4-fs (vdiska1): mounting ext3 file system using the ext4 subsystem
[   17.942904] EXT4-fs (vdiska1): mounted filesystem with ordered data mode. Opts: (null)
[   17.944904] Mounted ext3 file system at /boot supports timestamps until 2038 (0x7fffffff)
[   19.031040] random: crng init done
[   19.031098] random: 6 urandom warning(s) missed due to ratelimiting
[   21.701773] tun: Universal TUN/TAP device driver, 1.6

[   22.892907] ======================================================
[   22.892914] WARNING: possible circular locking dependency detected
[   22.892924] 5.3.0-12289-g351c8a09b00b-dirty #1243 Not tainted
[   22.892931] ------------------------------------------------------
[   22.892938] iptables-restor/910 is trying to acquire lock:
[   22.892946] 000000001066e120 (&table[i].mutex){+.+.}, at: nfnl_lock+0x24/0x40 [nfnetlink]
[   22.892970] 
               but task is already holding lock:
[   22.892977] 0000000000e12e20 (&net->nft.commit_mutex){+.+.}, at: nf_tables_valid_genid+0x10/0x60 [nf_tables]
[   22.893002] 
               which lock already depends on the new lock.

[   22.893010] 
               the existing dependency chain (in reverse order) is:
[   22.893018] 
               -> #1 (&net->nft.commit_mutex){+.+.}:
[   22.893035]        __mutex_lock+0xa8/0x960
[   22.893043]        mutex_lock_nested+0x1c/0x40
[   22.893053]        nf_tables_valid_genid+0x10/0x60 [nf_tables]
[   22.893061]        nfnetlink_rcv_batch+0x244/0x620 [nfnetlink]
[   22.893069]        nfnetlink_rcv+0x110/0x140 [nfnetlink]
[   22.893080]        netlink_unicast+0x128/0x200
[   22.893087]        netlink_sendmsg+0x334/0x380
[   22.893096]        sock_sendmsg+0x34/0x80
[   22.893103]        ___sys_sendmsg+0x234/0x260
[   22.893110]        __sys_sendmsg+0x48/0x80
[   22.893116]        sys_sendmsg+0x18/0x40
[   22.893130]        linux_sparc_syscall+0x34/0x44
[   22.893135] 
               -> #0 (&table[i].mutex){+.+.}:
[   22.893150]        __lock_acquire+0x1ca0/0x2760
[   22.893157]        lock_acquire+0x1a4/0x1c0
[   22.893163]        __mutex_lock+0xa8/0x960
[   22.893169]        mutex_lock_nested+0x1c/0x40
[   22.893176]        nfnl_lock+0x24/0x40 [nfnetlink]
[   22.893188]        ip_set_nfnl_get_byindex+0x18c/0x280 [ip_set]
[   22.893199]        set_match_v1_checkentry+0x14/0xc0 [xt_set]
[   22.893211]        xt_check_match+0x23c/0x280 [x_tables]
[   22.893221]        __nft_match_init+0x160/0x180 [nft_compat]
[   22.893229]        nft_match_init+0x18/0x40 [nft_compat]
[   22.893240]        nf_tables_newrule+0x504/0x780 [nf_tables]
[   22.893247]        nfnetlink_rcv_batch+0x3ec/0x620 [nfnetlink]
[   22.893255]        nfnetlink_rcv+0x110/0x140 [nfnetlink]
[   22.893262]        netlink_unicast+0x128/0x200
[   22.893269]        netlink_sendmsg+0x334/0x380
[   22.893275]        sock_sendmsg+0x34/0x80
[   22.893282]        ___sys_sendmsg+0x234/0x260
[   22.893288]        __sys_sendmsg+0x48/0x80
[   22.893294]        sys_sendmsg+0x18/0x40
[   22.893301]        linux_sparc_syscall+0x34/0x44
[   22.893307] 
               other info that might help us debug this:

[   22.893315]  Possible unsafe locking scenario:

[   22.893322]        CPU0                    CPU1
[   22.893327]        ----                    ----
[   22.893332]   lock(&net->nft.commit_mutex);
[   22.893339]                                lock(&table[i].mutex);
[   22.893347]                                lock(&net->nft.commit_mutex);
[   22.893354]   lock(&table[i].mutex);
[   22.893361] 
                *** DEADLOCK ***

[   22.893369] 1 lock held by iptables-restor/910:
[   22.893374]  #0: 0000000000e12e20 (&net->nft.commit_mutex){+.+.}, at: nf_tables_valid_genid+0x10/0x60 [nf_tables]
[   22.893391] 
               stack backtrace:
[   22.893399] CPU: 30 PID: 910 Comm: iptables-restor Not tainted 5.3.0-12289-g351c8a09b00b-dirty #1243
[   22.893407] Call Trace:
[   22.893414]  [00000000004d1484] print_circular_bug.isra.0+0x304/0x320
[   22.893422]  [00000000004d16a8] check_noncircular+0x208/0x220
[   22.893429]  [00000000004d6420] __lock_acquire+0x1ca0/0x2760
[   22.893437]  [00000000004d7844] lock_acquire+0x1a4/0x1c0
[   22.893444]  [0000000000b28f88] __mutex_lock+0xa8/0x960
[   22.893451]  [0000000000b2985c] mutex_lock_nested+0x1c/0x40
[   22.893458]  [000000001066c024] nfnl_lock+0x24/0x40 [nfnetlink]
[   22.893467]  [000000001067882c] ip_set_nfnl_get_byindex+0x18c/0x280 [ip_set]
[   22.893475]  [00000000106f45b4] set_match_v1_checkentry+0x14/0xc0 [xt_set]
[   22.893484]  [0000000010336e7c] xt_check_match+0x23c/0x280 [x_tables]
[   22.893492]  [00000000106e2c40] __nft_match_init+0x160/0x180 [nft_compat]
[   22.893500]  [00000000106e2cf8] nft_match_init+0x18/0x40 [nft_compat]
[   22.893511]  [00000000106a99a4] nf_tables_newrule+0x504/0x780 [nf_tables]
[   22.893519]  [000000001066d1cc] nfnetlink_rcv_batch+0x3ec/0x620 [nfnetlink]
[   22.893527]  [000000001066d510] nfnetlink_rcv+0x110/0x140 [nfnetlink]
[   22.893535]  [0000000000a24c68] netlink_unicast+0x128/0x200
