[    0.000020] PROMLIB: Sun IEEE Boot Prom 'OBP 4.38.12 2018/03/28 14:54'
[    0.000031] PROMLIB: Root node compatible: sun4v
[    0.000076] Linux version 5.3.0-rc2-00051-g4010b622f1d2 (mator@ttip) (gcc version 8.3.0 (Debian 8.3.0-19)) #1119 SMP Wed Jul 31 11:06:18 MSK 2019
[    0.000390] printk: bootconsole [earlyprom0] enabled
[    0.000443] ARCH: SUN4V
[    0.000491] Ethernet address: 00:14:4f:fa:06:f2
[    0.000542] MM: PAGE_OFFSET is 0xfff8000000000000 (max_phys_bits == 47)
[    0.000608] MM: VMALLOC [0x0000000100000000 --> 0x0006000000000000]
[    0.000666] MM: VMEMMAP [0x0006000000000000 --> 0x000c000000000000]
[    0.012106] Kernel: Using 5 locked TLB entries for main kernel image.
[    0.012175] Remapping the kernel... 
[    0.012199] done.
[    0.033371] OF stdout device is: /virtual-devices@100/console@1
[    0.033437] PROM: Built device tree with 65299 bytes of memory.
[    0.033496] MDESC: Size is 26240 bytes.
[    0.033599] PLATFORM: banner-name [SPARC T5-2]
[    0.033648] PLATFORM: name [ORCL,SPARC-T5-2]
[    0.033693] PLATFORM: hostid [84fa06f2]
[    0.033736] PLATFORM: serial# [0035260e]
[    0.033778] PLATFORM: stick-frequency [3b9aca00]
[    0.033826] PLATFORM: mac-address [144ffa06f2]
[    0.033872] PLATFORM: watchdog-resolution [1000 ms]
[    0.033922] PLATFORM: watchdog-max-timeout [31536000000 ms]
[    0.033979] PLATFORM: max-cpus [1024]
[    0.034048] Top of RAM: 0x24af948000, Total RAM: 0x87f3a6000
[    0.034109] Memory hole size: 115461MB
[    0.085044] kmemleak: Kernel memory leak detector disabled
[    0.210226] Allocated 35708928 bytes for kernel page tables.
[    0.210328] Zone ranges:
[    0.210368]   Normal   [mem 0x0000000030400000-0x00000024af947fff]
[    0.210433] Movable zone start for each node
[    0.210477] Early memory node ranges
[    0.210518]   node   0: [mem 0x0000000030400000-0x000000006febffff]
[    0.210582]   node   0: [mem 0x000000006ff40000-0x000000006ff67fff]
[    0.210641]   node   0: [mem 0x0000000070000000-0x000000042fffffff]
[    0.210706]   node   0: [mem 0x0000002030000000-0x00000024af8b5fff]
[    0.210768]   node   0: [mem 0x00000024af940000-0x00000024af947fff]
[    0.218143] Zeroed struct page in unavailable ranges: 230097 pages
[    0.218151] Initmem setup node 0 [mem 0x0000000030400000-0x00000024af947fff]
[    0.218309] On node 0 totalpages: 4454867
[    0.218318]   Normal zone: 39155 pages used for memmap
[    0.218324]   Normal zone: 0 pages reserved
[    0.218329]   Normal zone: 4454867 pages, LIFO batch:31
[    0.415660] Booting Linux...
[    0.415747] CPU CAPS: [flush,stbar,swap,muldiv,v9,blkinit,n2,mul32]
[    0.415830] CPU CAPS: [div32,v8plus,popc,vis,vis2,ASIBlkInit,fmaf,vis3]
[    0.416909] CPU CAPS: [hpc,ima,pause,cbcond,aes,des,kasumi,camellia]
[    0.416982] CPU CAPS: [md5,sha1,sha256,sha512,mpmul,montmul,montsqr,crc32c]
[    0.473805] percpu: Embedded 27 pages/cpu s180936 r8192 d32056 u262144
[    0.474052] pcpu-alloc: s180936 r8192 d32056 u262144 alloc=1*4194304
[    0.474060] pcpu-alloc: [0] 000 001 002 003 004 005 006 007 008 009 010 011 012 013 014 015 
[    0.474086] pcpu-alloc: [0] 016 017 018 019 020 021 022 023 024 025 026 027 028 029 030 031 
[    0.474113] pcpu-alloc: [0] 032 033 034 035 036 037 038 039 040 041 042 043 044 045 046 047 
[    0.474140] pcpu-alloc: [0] 048 049 050 051 052 053 054 055 056 057 058 059 060 061 062 063 
[    0.474166] pcpu-alloc: [0] 064 065 066 067 068 069 070 071 072 073 074 075 076 077 078 079 
[    0.474193] pcpu-alloc: [0] 080 081 082 083 084 085 086 087 088 089 090 091 092 093 094 095 
[    0.474219] pcpu-alloc: [0] 096 097 098 099 100 101 102 103 104 105 106 107 108 109 110 111 
[    0.474246] pcpu-alloc: [0] 112 113 114 115 116 117 118 119 120 121 122 123 124 125 126 127 
[    0.474273] pcpu-alloc: [0] 128 129 130 131 132 133 134 135 136 137 138 139 140 141 142 143 
[    0.474299] pcpu-alloc: [0] 144 145 146 147 148 149 150 151 152 153 154 155 156 157 158 159 
[    0.474326] pcpu-alloc: [0] 160 161 162 163 164 165 166 167 168 169 170 171 172 173 174 175 
[    0.474353] pcpu-alloc: [0] 176 177 178 179 180 181 182 183 184 185 186 187 188 189 190 191 
[    0.474379] pcpu-alloc: [0] 192 193 194 195 196 197 198 199 200 201 202 203 204 205 206 207 
[    0.474406] pcpu-alloc: [0] 208 209 210 211 212 213 214 215 216 217 218 219 220 221 222 223 
[    0.474433] pcpu-alloc: [0] 224 225 226 227 228 229 230 231 232 233 234 235 236 237 238 239 
[    0.474460] pcpu-alloc: [0] 240 241 242 243 244 245 246 247 248 249 250 251 252 253 254 255 
[    0.474878] SUN4V: Mondo queue sizes [cpu(131072) dev(16384) r(8192) nr(256)]
[    0.475259] Built 1 zonelists, mobility grouping on.  Total pages: 4415712
[    0.475353] Kernel command line: BOOT_IMAGE=/vmlinux-5.3.0-rc2-00051-g4010b622f1d2 root=/dev/vdiska2 ro zswap.enabled=1
[    0.477661] printk: log_buf_len individual max cpu contribution: 4096 bytes
[    0.477733] printk: log_buf_len total cpu_extra contributions: 1044480 bytes
[    0.477799] printk: log_buf_len min size: 131072 bytes
[    0.478259] printk: log_buf_len: 2097152 bytes
[    0.478311] printk: early log buf free: 125888(96%)
[    0.487980] Dentry cache hash table entries: 8388608 (order: 13, 67108864 bytes, linear)
[    0.492898] Inode-cache hash table entries: 4194304 (order: 12, 33554432 bytes, linear)
[    0.492980] Sorting __ex_table...
[    0.493214] mem auto-init: stack:off, heap alloc:off, heap free:off
[    0.571144] Memory: 35067472K/35638936K available (6881K kernel code, 965K rwdata, 2056K rodata, 1000K init, 6717K bss, 571464K reserved, 0K cma-reserved)
[    0.588067] ftrace: allocating 19833 entries in 39 pages
[    0.606687] Running RCU self tests
[    0.606754] rcu: Hierarchical RCU implementation.
[    0.606806] rcu: 	RCU event tracing is enabled.
[    0.606857] rcu: 	RCU lockdep checking is enabled.
[    0.606906] 	Tasks RCU enabled.
[    0.607946] rcu: RCU calculated value of scheduler-enlistment delay is 11 jiffies.
[    0.616156] NR_IRQS: 2048, nr_irqs: 2048, preallocated irqs: 1
[    0.616517] SUN4V: Using IRQ API major 3, cookie only virqs enabled
[    0.622455] clocksource: stick: mask: 0xffffffffffffffff max_cycles: 0x1cd42e4dffb, max_idle_ns: 881590591483 ns
[    0.622589] clocksource: mult[800000] shift[23]
[    0.622640] clockevent: mult[80000000] shift[31]
[    0.645106] Console: colour dummy device 80x25
[    0.645174] printk: console [tty0] enabled
[    0.645252] printk: bootconsole [earlyprom0] disabled
[    0.645337] Lock dependency validator: Copyright (c) 2006 Red Hat, Inc., Ingo Molnar
[    0.645385] ... MAX_LOCKDEP_SUBCLASSES:  8
[    0.645415] ... MAX_LOCK_DEPTH:          48
[    0.645445] ... MAX_LOCKDEP_KEYS:        8192
[    0.645476] ... CLASSHASH_SIZE:          4096
[    0.645507] ... MAX_LOCKDEP_ENTRIES:     16384
[    0.645538] ... MAX_LOCKDEP_CHAINS:      32768
[    0.645569] ... CHAINHASH_SIZE:          16384
[    0.645600]  memory used by lock dependency info: 3855 kB
[    0.645636]  per task-struct memory footprint: 1920 bytes
[    0.646351] kmemleak: Early log buffer exceeded (9109), please increase DEBUG_KMEMLEAK_EARLY_LOG_SIZE
[    0.793013] Calibrating delay using timer specific routine.. 2006.76 BogoMIPS (lpj=10033834)
[    0.793083] pid_max: default: 262144 minimum: 2048
[    0.800404] Mount-cache hash table entries: 131072 (order: 7, 1048576 bytes, linear)
[    0.800638] Mountpoint-cache hash table entries: 131072 (order: 7, 1048576 bytes, linear)
[    0.806568] *** VALIDATE proc ***
[    0.809234] *** VALIDATE cgroup1 ***
[    0.809266] *** VALIDATE cgroup2 ***
[    0.813803] rcu: Hierarchical SRCU implementation.
[    0.837568] smp: Bringing up secondary CPUs ...
[    0.885308] smp: Brought up 1 node, 16 CPUs
[    0.893845] devtmpfs: initialized
[    0.898703] Performance events: 
[    0.898742] Testing NMI watchdog ... 
[    1.099058] OK.
[    1.099245] Supported PMU type is 'niagara5'
[    1.100056] random: get_random_u32 called from bucket_table_alloc.isra.4+0x184/0x1c0 with crng_init=0
[    1.101150] ldc.c:v1.1 (July 22, 2008)
[    1.104669] clocksource: jiffies: mask: 0xffffffff max_cycles: 0xffffffff, max_idle_ns: 19112604462750000 ns
[    1.104776] futex hash table entries: 65536 (order: 10, 8388608 bytes, linear)
[    1.119271] NET: Registered protocol family 16
[    1.127158] VIO: Adding device channel-devices (tx_ino = ffffffffffffffff, rx_ino = ffffffffffffffff)
[    1.127390] VIO: Adding device vnet-port-0-0 (tx_ino = 0, rx_ino = 1)
[    1.127617] VIO: Adding device vnet-port-0-1 (tx_ino = 2, rx_ino = 3)
[    1.127804] VIO: Adding device vnet-port-0-2 (tx_ino = 4, rx_ino = 5)
[    1.127990] VIO: Adding device vnet-port-0-4 (tx_ino = 8, rx_ino = 9)
[    1.128181] VIO: Adding device vnet-port-0-5 (tx_ino = a, rx_ino = b)
[    1.128373] VIO: Adding device vnet-port-0-6 (tx_ino = c, rx_ino = d)
[    1.128560] VIO: Adding device vnet-port-0-3 (tx_ino = 6, rx_ino = 7)
[    1.128753] VIO: Adding device vdc-port-3-0 (tx_ino = e, rx_ino = f)
[    1.128937] VIO: Adding device vdc-port-2-0 (tx_ino = 10, rx_ino = 11)
[    1.129129] VIO: Adding device vdc-port-1-0 (tx_ino = 12, rx_ino = 13)
[    1.129379] VIO: Adding device vdc-port-0-0 (tx_ino = 14, rx_ino = 15)
[    1.129583] VIO: Adding device vdc-port-4-0 (tx_ino = 16, rx_ino = 17)
[    1.129769] VIO: Adding device vlds-port-0-0 (tx_ino = 18, rx_ino = 19)
[    1.129963] VIO: Adding device domain-services-port-0 (tx_ino = 18, rx_ino = 19)
[    1.130580] audit: initializing netlink subsys (disabled)
[    1.130970] audit: type=2000 audit(0.500:1): state=initialized audit_enabled=0 res=1
[    1.177664] HugeTLB registered 64.0 KiB page size, pre-allocated 0 pages
[    1.177720] HugeTLB registered 8.00 MiB page size, pre-allocated 0 pages
[    1.177765] HugeTLB registered 256 MiB page size, pre-allocated 0 pages
[    1.177810] HugeTLB registered 2.00 GiB page size, pre-allocated 0 pages
[    1.226400] alg: No test for lzo-rle (lzo-rle-generic)
[    1.226949] alg: No test for lzo-rle (lzo-rle-scomp)
[    1.247835] SUN4V: Reboot data supported (maj=1,min=0).
[    1.248834] ds.c:v1.0 (Jul 11, 2007)
[    1.249433] ds-0: ds_conn_reset() from send_events.isra.3
[    1.251131] clocksource: Switched to clocksource stick
[    1.541208] VFS: Disk quotas dquot_6.6.0
[    1.542789] VFS: Dquot-cache hash table entries: 1024 (order 0, 8192 bytes)
[    1.543464] *** VALIDATE hugetlbfs ***
[    1.564858] NET: Registered protocol family 2
[    1.568096] tcp_listen_portaddr_hash hash table entries: 32768 (order: 8, 2359296 bytes, linear)
[    1.571590] TCP established hash table entries: 524288 (order: 9, 4194304 bytes, linear)
[    1.573868] TCP bind hash table entries: 65536 (order: 9, 4194304 bytes, linear)
[    1.579775] TCP: Hash tables configured (established 524288 bind 65536)
[    1.586725] UDP hash table entries: 32768 (order: 9, 5242880 bytes, linear)
[    1.594378] UDP-Lite hash table entries: 32768 (order: 9, 5242880 bytes, linear)
[    1.608742] NET: Registered protocol family 1
[    1.609835] Trying to unpack rootfs image as initramfs...
[    1.931928] Freeing initrd memory: 10648K
[    1.967587] workingset: timestamp_bits=46 max_order=23 bucket_order=0
[    1.973288] SGI XFS with ACLs, security attributes, debug enabled
[    2.004061] Block layer SCSI generic (bsg) driver version 0.4 loaded (major 252)
[    2.005812] io scheduler mq-deadline registered
[    2.007184] f029b788: ttyHV0 at I/O 0x0 (irq = 1, base_baud = 115200) is a SUN4V HCONS
[    2.013550] printk: console [ttyHV0] enabled
[    2.017792] sunvdc.c:v1.2 (November 24, 2014)
[    2.025434] sunvdc: Virtual CDROM vdiskd
[    2.025489] sunvdc: vdiskd: 403160 sectors (196 MB) protocol 1.2
[    2.026916]  vdiskd: vdiskd1 vdiskd2 vdiskd3 vdiskd4 vdiskd5 vdiskd6 vdiskd7
[    2.084493] sunvdc: Virtual Hard disk vdiskc
[    2.084542] sunvdc: vdiskc: 104857600 sectors (51200 MB) protocol 1.2
[    2.138382] sunvdc: Virtual Hard disk vdiskb
[    2.138433] sunvdc: vdiskb: 62914560 sectors (30720 MB) protocol 1.2
[    2.154154]  vdiskb: vdiskb1
[    2.208032] sunvdc: Virtual Hard disk vdiska
[    2.208082] sunvdc: vdiska: 31457280 sectors (15360 MB) protocol 1.2
[    2.208984]  vdiska: vdiska1 vdiska2 vdiska3 vdiska4
[    2.264493] sunvdc: Virtual Hard disk vdiske
[    2.264543] sunvdc: vdiske: 20971520 sectors (10240 MB) protocol 1.2
[    2.266329]  vdiske: vdiske1 vdiske2 vdiske3
[    2.313473] sunvnet: sunvnet 2.0 (February 3, 2017)
[    2.317038] vnet_port vnet-port-0-0 eth0: Sun LDOM vnet 00:14:4f:f8:12:a3
[    2.317635] sunvnet: eth0: PORT ( remote-mac 00:14:4f:fa:f3:f0 switch-port )
[    2.319019] sunvnet: eth0: PORT ( remote-mac 00:14:4f:f8:e5:f3 )
[    2.320377] sunvnet: eth0: PORT ( remote-mac 00:14:4f:f9:b4:97 )
[    2.321753] sunvnet: eth0: PORT ( remote-mac 00:14:4f:f8:3f:1e )
[    2.323074] sunvnet: eth0: PORT ( remote-mac 00:14:4f:f8:fe:47 )
[    2.324440] sunvnet: eth0: PORT ( remote-mac 00:14:4f:f9:8b:83 )
[    2.325752] sunvnet: eth0: PORT ( remote-mac 00:14:4f:f9:6c:d1 )
[    2.327360] rtc-sun4v rtc-sun4v: registered as rtc0
[    2.328020] sun4v_wdt: initialized (timeout=60s, nowayout=0)
[    2.328444] device-mapper: uevent: version 1.0.3
[    2.329622] device-mapper: ioctl: 4.40.0-ioctl (2019-01-18) initialised: dm-devel@redhat.com
[    2.331519] NET: Registered protocol family 17
[    2.341313] zswap: default zpool zbud not available
[    2.341378] zswap: pool creation failed
[    2.385261] Key type big_key registered
[    2.386380] rtc-sun4v rtc-sun4v: setting system clock to 2019-07-31T08:10:57 UTC (1564560657)
[    2.390856] This architecture does not have kernel memory protection.
[    2.390964] Run /init as init process
[    3.299948] crc32c_sparc64: Using sparc64 crc32c opcode optimized CRC32C implementation
[    3.457683] random: fast init done
[    3.930925] raid6: int64x8  gen()  2176 MB/s
[    4.100921] raid6: int64x8  xor()  1568 MB/s
[    4.270907] raid6: int64x4  gen()  3464 MB/s
[    4.440938] raid6: int64x4  xor()  1981 MB/s
[    4.610906] raid6: int64x2  gen()  3037 MB/s
[    4.780932] raid6: int64x2  xor()  1989 MB/s
[    4.950913] raid6: int64x1  gen()  2793 MB/s
[    5.120903] raid6: int64x1  xor()  1624 MB/s
[    5.120954] raid6: using algorithm int64x4 gen() 3464 MB/s
[    5.120994] raid6: .... xor() 1981 MB/s, rmw enabled
[    5.121035] raid6: using intx1 recovery algorithm
[    5.122103] async_tx: api initialized (async)
[    5.122853] xor: automatically using best checksumming function   Niagara   
[    5.362274] EXT4-fs (vdiska2): mounted filesystem with ordered data mode. Opts: (null)
[    7.342445] systemd[1]: Inserted module 'autofs4'
[    7.361551] NET: Registered protocol family 10
[    7.373895] Segment Routing with IPv6
[    7.485510] systemd[1]: systemd 241 running in system mode. (+PAM +AUDIT +SELINUX +IMA +APPARMOR +SMACK +SYSVINIT +UTMP +LIBCRYPTSETUP +GCRYPT +GNUTLS +ACL +XZ +LZ4 -SECCOMP +BLKID +ELFUTILS +KMOD -IDN2 +IDN +PCRE2 default-hierarchy=hybrid)
[    7.486041] systemd[1]: Detected architecture sparc64.
[    7.536852] systemd[1]: Set hostname to <ttip>.
[    7.542494] systemd[1]: Failed to bump fs.file-max, ignoring: Invalid argument
[    8.403690] random: lvmconfig: uninitialized urandom read (4 bytes read)
[    9.373377] systemd[1]: /lib/systemd/system/smbd.service:9: PIDFile= references path below legacy directory /var/run/, updating /var/run/samba/smbd.pid → /run/samba/smbd.pid; please update the unit file accordingly.
[    9.377245] systemd[1]: /lib/systemd/system/nmbd.service:9: PIDFile= references path below legacy directory /var/run/, updating /var/run/samba/nmbd.pid → /run/samba/nmbd.pid; please update the unit file accordingly.
[    9.663648] random: systemd: uninitialized urandom read (16 bytes read)
[    9.689908] random: systemd: uninitialized urandom read (16 bytes read)
[    9.707828] systemd[1]: Created slice system-systemd\x2dfsck.slice.
[    9.708840] random: systemd: uninitialized urandom read (16 bytes read)
[    9.714677] systemd[1]: Created slice system-serial\x2dgetty.slice.
[    9.716282] systemd[1]: Listening on udev Control Socket.
[    9.717774] systemd[1]: Listening on Journal Audit Socket.
[   10.133230] EXT4-fs (vdiska2): re-mounted. Opts: errors=remount-ro
[   10.408469] systemd-journald[346]: Received request to flush runtime journal from PID 1
[   12.634413] sha1_sparc64: Using sparc64 sha1 opcode optimized SHA-1 implementation
[   12.692730] sha256_sparc64: Using sparc64 sha256 opcode optimized SHA-256/SHA-224 implementation
[   12.736845] sha512_sparc64: Using sparc64 sha512 opcode optimized SHA-512/SHA-384 implementation
[   12.751262] n2rng v0.3 (Jan 7, 2017)
[   12.751418] n2rng f029b104: Registered RNG HVAPI major 2 minor 0
[   12.751551] n2rng f029b104: Found multi-unit-capable RNG, units: 2
[   12.751696] md5_sparc64: Using sparc64 md5 opcode optimized MD5 implementation
[   12.753176] n2rng f029b104: RNG ready
[   12.779141] aes_sparc64: Using sparc64 aes opcodes optimized AES implementation
[   12.937998] des_sparc64: Using sparc64 des opcodes optimized DES implementation
[   13.044386] camellia_sparc64: Using sparc64 camellia opcodes optimized CAMELLIA implementation
[   14.691931] XFS (dm-0): Mounting V5 Filesystem
[   14.850375] XFS (dm-0): Ending clean mount
[   16.401045] Adding 787176k swap on /dev/vdiska4.  Priority:-2 extents:1 across:787176k FS
[   16.910581] EXT4-fs (vdiska1): mounting ext3 file system using the ext4 subsystem
[   16.928978] EXT4-fs (vdiska1): mounted filesystem with ordered data mode. Opts: (null)
[   18.795787] random: crng init done
[   18.795852] random: 6 urandom warning(s) missed due to ratelimiting
