[    0.000017] PROMLIB: Sun IEEE Boot Prom 'OBP 4.38.17 2019/01/25 08:22'
[    0.000039] PROMLIB: Root node compatible: sun4v
[    0.000099] Linux version 5.13.0-00771-g9840cfcb97fc (mator@ttip) (gcc (Debian 10.2.1-6) 10.2.1 20210110, GNU ld (GNU Binutils for Debian) 2.35.2) #240 SMP Thu Jul 1 19:15:53 MSK 2021
[    0.000567] printk: bootconsole [earlyprom0] enabled
[    0.000647] ARCH: SUN4V
[    0.000715] Ethernet address: 00:14:4f:fa:06:f2
[    0.000797] MM: PAGE_OFFSET is 0xfff8000000000000 (max_phys_bits == 47)
[    0.000897] MM: VMALLOC [0x0000000100000000 --> 0x0006000000000000]
[    0.000990] MM: VMEMMAP [0x0006000000000000 --> 0x000c000000000000]
[    0.023044] Kernel: Using 5 locked TLB entries for main kernel image.
[    0.023169] Remapping the kernel... 
[    0.023206] done.
[    0.053043] OF stdout device is: /virtual-devices@100/console@1
[    0.053153] PROM: Built device tree with 67601 bytes of memory.
[    0.053250] MDESC: Size is 24368 bytes.
[    0.053395] PLATFORM: banner-name [SPARC T5-2]
[    0.053468] PLATFORM: name [ORCL,SPARC-T5-2]
[    0.053535] PLATFORM: hostid [84fa06f2]
[    0.053595] PLATFORM: serial# [0035260e]
[    0.053658] PLATFORM: stick-frequency [3b9aca00]
[    0.053728] PLATFORM: mac-address [144ffa06f2]
[    0.053797] PLATFORM: watchdog-resolution [1000 ms]
[    0.053871] PLATFORM: watchdog-max-timeout [31536000000 ms]
[    0.053953] PLATFORM: max-cpus [1024]
[    0.054074] Top of RAM: 0x22f948000, Total RAM: 0x1ff3a0000
[    0.054164] Memory hole size: 773MB
[    0.056154] Allocated 24576 bytes for kernel page tables.
[    0.056265] Zone ranges:
[    0.056320]   Normal   [mem 0x0000000030400000-0x000000022f947fff]
[    0.056419] Movable zone start for each node
[    0.056484] Early memory node ranges
[    0.056541]   node   0: [mem 0x0000000030400000-0x000000006febffff]
[    0.056637]   node   0: [mem 0x000000006ff40000-0x000000006ff65fff]
[    0.056729]   node   0: [mem 0x0000000070000000-0x000000022f8b1fff]
[    0.056823]   node   0: [mem 0x000000022f940000-0x000000022f947fff]
[    0.056914] Initmem setup node 0 [mem 0x0000000030400000-0x000000022f947fff]
[    0.057020] On node 0 totalpages: 1046992
[    0.057030]   Normal zone: 9204 pages used for memmap
[    0.057037]   Normal zone: 0 pages reserved
[    0.057044]   Normal zone: 1046992 pages, LIFO batch:31
[    0.069795]   Normal zone: 132656 pages in unavailable ranges
[    0.069929] Booting Linux...
[    0.070002] CPU CAPS: [flush,stbar,swap,muldiv,v9,blkinit,n2,mul32]
[    0.070145] CPU CAPS: [div32,v8plus,popc,vis,vis2,ASIBlkInit,fmaf,vis3]
[    0.070286] CPU CAPS: [hpc,ima,pause,cbcond,aes,des,kasumi,camellia]
[    0.070422] CPU CAPS: [md5,sha1,sha256,sha512,mpmul,montmul,montsqr,crc32c]
[    0.132209] percpu: Embedded 20 pages/cpu s120592 r8192 d35056 u262144
[    0.132605] pcpu-alloc: s120592 r8192 d35056 u262144 alloc=1*4194304
[    0.132621] pcpu-alloc: [0] 000 001 002 003 004 005 006 007 008 009 010 011 012 013 014 015 
[    0.132714] pcpu-alloc: [0] 016 017 018 019 020 021 022 023 024 025 026 027 028 029 030 031 
[    0.132805] pcpu-alloc: [0] 032 033 034 035 036 037 038 039 040 041 042 043 044 045 046 047 
[    0.132896] pcpu-alloc: [0] 048 049 050 051 052 053 054 055 056 057 058 059 060 061 062 063 
[    0.132987] pcpu-alloc: [0] 064 065 066 067 068 069 070 071 072 073 074 075 076 077 078 079 
[    0.133078] pcpu-alloc: [0] 080 081 082 083 084 085 086 087 088 089 090 091 092 093 094 095 
[    0.133168] pcpu-alloc: [0] 096 097 098 099 100 101 102 103 104 105 106 107 108 109 110 111 
[    0.133259] pcpu-alloc: [0] 112 113 114 115 116 117 118 119 120 121 122 123 124 125 126 127 
[    0.133350] pcpu-alloc: [0] 128 129 130 131 132 133 134 135 136 137 138 139 140 141 142 143 
[    0.133440] pcpu-alloc: [0] 144 145 146 147 148 149 150 151 152 153 154 155 156 157 158 159 
[    0.133531] pcpu-alloc: [0] 160 161 162 163 164 165 166 167 168 169 170 171 172 173 174 175 
[    0.133623] pcpu-alloc: [0] 176 177 178 179 180 181 182 183 184 185 186 187 188 189 190 191 
[    0.133715] pcpu-alloc: [0] 192 193 194 195 196 197 198 199 200 201 202 203 204 205 206 207 
[    0.133807] pcpu-alloc: [0] 208 209 210 211 212 213 214 215 216 217 218 219 220 221 222 223 
[    0.133899] pcpu-alloc: [0] 224 225 226 227 228 229 230 231 232 233 234 235 236 237 238 239 
[    0.133990] pcpu-alloc: [0] 240 241 242 243 244 245 246 247 248 249 250 251 252 253 254 255 
[    0.134725] SUN4V: Mondo queue sizes [cpu(131072) dev(16384) r(8192) nr(256)]
[    0.135059] Built 1 zonelists, mobility grouping on.  Total pages: 1037788
[    0.135179] Kernel command line: BOOT_IMAGE=/vmlinux-5.13.0-00771-g9840cfcb97fc root=/dev/vdiska2 ro
[    0.135640] printk: log_buf_len individual max cpu contribution: 4096 bytes
[    0.135742] printk: log_buf_len total cpu_extra contributions: 1044480 bytes
[    0.135842] printk: log_buf_len min size: 131072 bytes
[    0.137930] printk: log_buf_len: 2097152 bytes
[    0.138003] printk: early log buf free: 126576(96%)
[    0.139016] Dentry cache hash table entries: 1048576 (order: 10, 8388608 bytes, linear)
[    0.139640] Inode-cache hash table entries: 524288 (order: 9, 4194304 bytes, linear)
[    0.139755] Sorting __ex_table...
[    0.140139] mem auto-init: stack:off, heap alloc:off, heap free:off
[    0.144552] Memory: 1261088K/8375936K available (8794K kernel code, 1698K rwdata, 2912K rodata, 632K init, 3134K bss, 205504K reserved, 0K cma-reserved)
[    0.144791] random: get_random_u64 called from kmem_cache_open+0x1c/0x340 with crng_init=0
[    0.146240] SLUB: HWalign=32, Order=0-3, MinObjects=0, CPUs=256, Nodes=1
[    0.146891] ftrace: allocating 27397 entries in 54 pages
[    0.161155] ftrace: allocated 54 pages with 4 groups
[    0.161501] trace event string verifier disabled
[    0.167132] rcu: Hierarchical RCU implementation.
[    0.167217] rcu: 	RCU debug extended QS entry/exit.
[    0.167293] 	Rude variant of Tasks RCU enabled.
[    0.167361] 	Tracing variant of Tasks RCU enabled.
[    0.167432] rcu: RCU calculated value of scheduler-enlistment delay is 26 jiffies.
[    0.176525] NR_IRQS: 2048, nr_irqs: 2048, preallocated irqs: 1
[    0.176649] SUN4V: Using IRQ API major 3, cookie only virqs enabled
[    0.181658] clocksource: stick: mask: 0xffffffffffffffff max_cycles: 0x1cd42e4dffb, max_idle_ns: 881590591483 ns
[    0.181849] clocksource: mult[800000] shift[23]
[    0.181921] clockevent: mult[80000000] shift[31]
[    0.182744] Console: colour dummy device 80x25
[    0.182823] printk: console [tty0] enabled
[    0.182916] printk: bootconsole [earlyprom0] disabled
[    0.183019] Lock dependency validator: Copyright (c) 2006 Red Hat, Inc., Ingo Molnar
[    0.183061] ... MAX_LOCKDEP_SUBCLASSES:  8
[    0.183087] ... MAX_LOCK_DEPTH:          48
[    0.183113] ... MAX_LOCKDEP_KEYS:        8192
[    0.183140] ... CLASSHASH_SIZE:          4096
[    0.183167] ... MAX_LOCKDEP_ENTRIES:     16384
[    0.183194] ... MAX_LOCKDEP_CHAINS:      32768
[    0.183221] ... CHAINHASH_SIZE:          16384
[    0.183248]  memory used by lock dependency info: 2603 kB
[    0.183278]  per task-struct memory footprint: 1920 bytes
[    0.262255] Calibrating delay using timer specific routine.. 2008.66 BogoMIPS (lpj=4017325)
[    0.262325] pid_max: default: 262144 minimum: 2048
[    0.262777] LSM: Security Framework initializing
[    0.263002] Mount-cache hash table entries: 16384 (order: 4, 131072 bytes, linear)
[    0.263066] Mountpoint-cache hash table entries: 16384 (order: 4, 131072 bytes, linear)
[    0.267179] rcu: Hierarchical SRCU implementation.
[    0.278056] smp: Bringing up secondary CPUs ...
[    0.294509] smp: Brought up 1 node, 16 CPUs
[    0.335472] node 0 deferred pages initialised in 40ms
[    0.336377] devtmpfs: initialized
[    0.339281] Performance events: 
[    0.339314] Testing NMI watchdog ... 
[    0.419423] OK.
[    0.419541] Supported PMU type is 'niagara5'
[    0.421061] ldc.c:v1.1 (July 22, 2008)
[    0.422169] clocksource: jiffies: mask: 0xffffffff max_cycles: 0xffffffff, max_idle_ns: 7645041785100000 ns
[    0.422255] futex hash table entries: 65536 (order: 10, 8388608 bytes, linear)
[    0.434118] NET: Registered protocol family 16
[    0.437773] VIO: Adding device channel-devices (tx_ino = ffffffffffffffff, rx_ino = ffffffffffffffff)
[    0.437940] VIO: Adding device vnet-port-0-0 (tx_ino = 0, rx_ino = 1)
[    0.438041] VIO: Adding device vnet-port-0-1 (tx_ino = 2, rx_ino = 3)
[    0.438138] VIO: Adding device vnet-port-0-2 (tx_ino = 4, rx_ino = 5)
[    0.438234] VIO: Adding device vnet-port-0-3 (tx_ino = 6, rx_ino = 7)
[    0.438329] VIO: Adding device vnet-port-0-4 (tx_ino = 8, rx_ino = 9)
[    0.438429] VIO: Adding device vdc-port-2-0 (tx_ino = a, rx_ino = b)
[    0.438524] VIO: Adding device vdc-port-1-0 (tx_ino = c, rx_ino = d)
[    0.438619] VIO: Adding device vdc-port-0-0 (tx_ino = e, rx_ino = f)
[    0.438714] VIO: Adding device vlds-port-0-0 (tx_ino = 10, rx_ino = 11)
[    0.438814] VIO: Adding device domain-services-port-0 (tx_ino = 10, rx_ino = 11)
[    0.439067] audit: initializing netlink subsys (disabled)
[    0.439313] audit: type=2000 audit(0.256:1): state=initialized audit_enabled=0 res=1
[    0.457822] HugeTLB registered 64.0 KiB page size, pre-allocated 0 pages
[    0.457873] HugeTLB registered 8.00 MiB page size, pre-allocated 0 pages
[    0.457911] HugeTLB registered 256 MiB page size, pre-allocated 0 pages
[    0.457949] HugeTLB registered 2.00 GiB page size, pre-allocated 0 pages
[    1.033411] SUN4V: Reboot data supported (maj=1,min=0).
[    1.033745] ds.c:v1.0 (Jul 11, 2007)
[    1.034007] ds-0: ds_conn_reset() from send_events
[    1.034700] clocksource: Switched to clocksource stick
[    1.138820] VFS: Disk quotas dquot_6.6.0
[    1.138950] VFS: Dquot-cache hash table entries: 1024 (order 0, 8192 bytes)
[    1.146554] NET: Registered protocol family 2
[    1.146790] IP idents hash table entries: 131072 (order: 7, 1048576 bytes, linear)
[    1.149438] tcp_listen_portaddr_hash hash table entries: 4096 (order: 5, 327680 bytes, linear)
[    1.149831] TCP established hash table entries: 65536 (order: 6, 524288 bytes, linear)
[    1.150252] TCP bind hash table entries: 65536 (order: 9, 4718592 bytes, linear)
[    1.155934] TCP: Hash tables configured (established 65536 bind 65536)
[    1.157841] UDP hash table entries: 4096 (order: 6, 655360 bytes, linear)
[    1.158961] UDP-Lite hash table entries: 4096 (order: 6, 655360 bytes, linear)
[    1.161847] NET: Registered protocol family 1
[    1.161883] NET: Registered protocol family 44
[    1.162768] Trying to unpack rootfs image as initramfs...
[    1.188572] Initialise system trusted keyrings
[    1.188925] workingset: timestamp_bits=46 max_order=20 bucket_order=0
[    1.206164] zbud: loaded
[    1.210350] SGI XFS with ACLs, security attributes, realtime, quota, no debug enabled
[    1.215727] Key type asymmetric registered
[    1.215783] Asymmetric key parser 'x509' registered
[    1.215863] Block layer SCSI generic (bsg) driver version 0.4 loaded (major 252)
[    1.216734] io scheduler mq-deadline registered
[    1.218258] f029b788: ttyHV0 at I/O 0x0 (irq = 1, base_baud = 115200) is a SUN4V HCONS
[    1.219195] printk: console [ttyHV0] enabled
[    1.220444] n2rng v0.3 (Jan 7, 2017)
[    1.220497] n2rng f029b104: Registered RNG HVAPI major 2 minor 0
[    1.220555] n2rng f029b104: Found multi-unit-capable RNG, units: 2
[    1.222181] n2rng f029b104: RNG ready
[    1.222917] sunvdc.c:v1.2 (November 24, 2014)
[    1.225518] sunvdc: Virtual Hard disk vdiskc
[    1.225561] sunvdc: vdiskc: 104857600 sectors (51200 MB) protocol 1.2
[    1.260610] sunvdc: Virtual Hard disk vdiskb
[    1.260665] sunvdc: vdiskb: 62914560 sectors (30720 MB) protocol 1.2
[    1.262667]  vdiskb: vdiskb1
[    1.296600] sunvdc: Virtual Hard disk vdiska
[    1.296658] sunvdc: vdiska: 31457280 sectors (15360 MB) protocol 1.2
[    1.298416]  vdiska: vdiska1 vdiska2 vdiska3 vdiska4
[    1.331992] rtc-sun4v rtc-sun4v: registered as rtc0
[    1.332097] rtc-sun4v rtc-sun4v: setting system clock to 2021-07-01T16:19:25 UTC (1625156365)
[    1.332566] rtc-test rtc-test.0: registered as rtc1
[    1.348712] rtc rtc2: invalid alarm value: 18446744073704833233-01-07T05:56:41
[    1.349212] rtc-test rtc-test.1: registered as rtc2
[    1.365249] rtc rtc3: invalid alarm value: 18446744073704833233-01-07T05:56:41
[    1.365592] rtc-test rtc-test.2: registered as rtc3
[    1.366075] softdog: initialized. soft_noboot=0 soft_margin=60 sec soft_panic=0 (nowayout=0)
[    1.366140] softdog:              soft_reboot_cmd=<not set> soft_active_on_boot=0
[    1.368827] NET: Registered protocol family 10
[    1.625996] Freeing initrd memory: 27168K
[    1.646668] Segment Routing with IPv6
[    1.646787] mip6: Mobile IPv6
[    1.646818] NET: Registered protocol family 17
[    1.651440] registered taskstats version 1
[    1.651483] Loading compiled-in X.509 certificates
[    1.659534] zswap: loaded using pool lzo/zbud
[    1.664117] This architecture does not have kernel memory protection.
[    1.664169] Run /init as init process
[    1.664197]   with arguments:
[    1.664203]     /init
[    1.664210]   with environment:
[    1.664216]     HOME=/
[    1.664223]     TERM=linux
[    1.664229]     BOOT_IMAGE=/vmlinux-5.13.0-00771-g9840cfcb97fc
[    2.171339] sunvnet_common: module verification failed: signature and/or required key missing - tainting kernel
[    2.175338] sunvnet: sunvnet 2.0 (February 3, 2017)
[    2.177888] vnet_port vnet-port-0-0 eth0: Sun LDOM vnet 00:14:4f:f8:12:a3
[    2.178168] sunvnet: eth0: PORT ( remote-mac 00:14:4f:fa:f3:f0 switch-port )
[    2.178725] sunvnet: eth0: PORT ( remote-mac 00:14:4f:f8:e5:f3 )
[    2.179161] sunvnet: eth0: PORT ( remote-mac 00:14:4f:f8:3f:1e )
[    2.179605] sunvnet: eth0: PORT ( remote-mac 00:14:4f:f9:b4:97 )
[    2.180071] sunvnet: eth0: PORT ( remote-mac 00:14:4f:f9:8b:83 )
[    2.194766] random: lvm: uninitialized urandom read (4 bytes read)
[    2.198372] crc32c_sparc64: Using sparc64 crc32c opcode optimized CRC32C implementation
[    2.235574] device-mapper: uevent: version 1.0.3
[    2.236026] device-mapper: ioctl: 4.45.0-ioctl (2021-03-22) initialised: dm-devel@redhat.com
[    2.240942] random: lvm: uninitialized urandom read (2 bytes read)
[    2.466182] xor: automatically using best checksumming function   Niagara   
[    2.534687] raid6: int64x8  gen()  1337 MB/s
[    2.602679] raid6: int64x8  xor()   944 MB/s
[    2.670676] raid6: int64x4  gen()  2098 MB/s
[    2.738659] raid6: int64x4  xor()   907 MB/s
[    2.806689] raid6: int64x2  gen()  1813 MB/s
[    2.874708] raid6: int64x2  xor()   706 MB/s
[    2.942677] raid6: int64x1  gen()   888 MB/s
[    3.010680] raid6: int64x1  xor()   444 MB/s
[    3.010733] raid6: using algorithm int64x4 gen() 2098 MB/s
[    3.010769] raid6: .... xor() 907 MB/s, rmw enabled
[    3.010801] raid6: using intx1 recovery algorithm
[    3.174444] random: fast init done
[    3.211314] EXT4-fs (vdiska2): mounted filesystem with ordered data mode. Opts: (null). Quota mode: none.
[    3.387425] systemd[1]: Inserted module 'autofs4'
[    3.412236] systemd[1]: systemd 247.3-5 running in system mode. (+PAM +AUDIT +SELINUX +IMA +APPARMOR +SMACK +SYSVINIT +UTMP +LIBCRYPTSETUP +GCRYPT +GNUTLS +ACL +XZ +LZ4 +ZSTD -SECCOMP +BLKID +ELFUTILS +KMOD +IDN2 -IDN +PCRE2 default-hierarchy=unified)
[    3.412793] systemd[1]: Detected architecture sparc64.
[    3.415100] systemd[1]: Set hostname to <ttip>.
[    3.518027] random: lvmconfig: uninitialized urandom read (4 bytes read)
[    3.797775] systemd[1]: Queued start job for default target Multi-User System.
[    3.798628] random: systemd: uninitialized urandom read (16 bytes read)
[    3.807894] systemd[1]: Created slice system-getty.slice.
[    3.808367] random: systemd: uninitialized urandom read (16 bytes read)
[    3.812073] systemd[1]: Created slice system-modprobe.slice.
[    3.816238] systemd[1]: Created slice system-openvpn\x2dclient.slice.
[    3.820276] systemd[1]: Created slice system-postfix.slice.
[    3.824060] systemd[1]: Created slice system-systemd\x2dfsck.slice.
[    3.828678] systemd[1]: Created slice User and Session Slice.
[    3.829213] systemd[1]: Started Dispatch Password Requests to Console Directory Watch.
[    3.829683] systemd[1]: Started Forward Password Requests to Wall Directory Watch.
[    3.831273] systemd[1]: Set up automount Arbitrary Executable File Formats File System Automount Point.
[    3.831590] systemd[1]: Reached target Local Encrypted Volumes.
[    3.831871] systemd[1]: Reached target Paths.
[    3.832113] systemd[1]: Reached target Slices.
[    3.832665] systemd[1]: Listening on Device-mapper event daemon FIFOs.
[    3.833236] systemd[1]: Listening on LVM2 poll daemon socket.
[    3.855791] systemd[1]: Listening on RPCbind Server Activation Socket.
[    3.857370] systemd[1]: Listening on Syslog Socket.
[    3.857955] systemd[1]: Listening on fsck to fsckd communication Socket.
[    3.858378] systemd[1]: Listening on initctl Compatibility Named Pipe.
[    3.859160] systemd[1]: Listening on Journal Audit Socket.
[    3.859688] systemd[1]: Listening on Journal Socket (/dev/log).
[    3.860368] systemd[1]: Listening on Journal Socket.
[    3.861063] systemd[1]: Listening on udev Control Socket.
[    3.861566] systemd[1]: Listening on udev Kernel Socket.
[    3.868115] systemd[1]: Mounting Huge Pages File System...
[    3.875249] systemd[1]: Mounting POSIX Message Queue File System...
[    3.882569] systemd[1]: Mounting RPC Pipe File System...
[    3.889178] systemd[1]: Mounting Kernel Debug File System...
[    3.896658] systemd[1]: Mounting Kernel Trace File System...
[    3.897295] systemd[1]: Condition check resulted in Kernel Module supporting RPCSEC_GSS being skipped.
[    3.897841] systemd[1]: Finished Availability of block devices.
[    3.906406] systemd[1]: Starting Wait for network to be configured by ifupdown...
[    3.915833] systemd[1]: Starting Create list of static device nodes for the current kernel...
[    3.923678] systemd[1]: Starting Monitoring of LVM2 mirrors, snapshots etc. using dmeventd or progress polling...
[    3.931405] systemd[1]: Starting Load Kernel Module configfs...
[    3.939322] systemd[1]: Starting Load Kernel Module drm...
[    3.948193] systemd[1]: Starting Load Kernel Module fuse...
[    3.960358] systemd[1]: Starting nftables...
[    3.962817] systemd[1]: Condition check resulted in Set Up Additional Binary Formats being skipped.
[    3.963160] systemd[1]: Condition check resulted in File System Check on Root Device being skipped.
[    3.970755] fuse: init (API version 7.33)
[    3.974090] RPC: Registered named UNIX socket transport module.
[    3.974150] RPC: Registered udp transport module.
[    3.974192] RPC: Registered tcp transport module.
[    3.974233] RPC: Registered tcp NFSv4.1 backchannel transport module.
[    3.981798] systemd[1]: Starting Journal Service...
[    3.996353] systemd[1]: Starting Load Kernel Modules...
[    4.008644] systemd[1]: Starting Remount Root and Kernel File Systems...
[    4.021410] systemd[1]: Starting Coldplug All udev Devices...
[    4.037615] systemd[1]: Started Journal Service.
[    4.053922] EXT4-fs (vdiska2): re-mounted. Opts: errors=remount-ro. Quota mode: none.
[    4.204676] systemd-journald[339]: Received client request to flush runtime journal.
[    4.640908] sha1_sparc64: Using sparc64 sha1 opcode optimized SHA-1 implementation
[    4.645057] sha256_sparc64: Using sparc64 sha256 opcode optimized SHA-256/SHA-224 implementation
[    4.648679] sha512_sparc64: Using sparc64 sha512 opcode optimized SHA-512/SHA-384 implementation
[    4.650579] md5_sparc64: Using sparc64 md5 opcode optimized MD5 implementation
[    4.653247] aes_sparc64: Using sparc64 aes opcodes optimized AES implementation
[    4.658407] des_sparc64: Using sparc64 des opcodes optimized DES implementation
[    4.666419] camellia_sparc64: Using sparc64 camellia opcodes optimized CAMELLIA implementation
[    4.874890] Adding 787176k swap on /dev/vdiska4.  Priority:-2 extents:1 across:787176k FS
[    4.907027] EXT4-fs (vdiska1): mounting ext3 file system using the ext4 subsystem
[    4.914913] EXT4-fs (vdiska1): mounted filesystem with ordered data mode. Opts: (null). Quota mode: none.
[    4.915156] ext3 filesystem being mounted at /boot supports timestamps until 2038 (0x7fffffff)
[    4.950959] XFS (dm-0): Mounting V5 Filesystem
[    5.095780] XFS (dm-0): Ending clean mount
[    5.097690] xfs filesystem being mounted at /1 supports timestamps until 2038 (0x7fffffff)
[    6.098585] random: crng init done
[    6.099480] random: 5 urandom warning(s) missed due to ratelimiting
