[    0.000016] PROMLIB: Sun IEEE Boot Prom 'OBP 4.38.17 2019/01/25 08:22'
[    0.000038] PROMLIB: Root node compatible: sun4v
[    0.000096] Linux version 5.13.0-09882-ga180bd1d7e16 (mator@ttip) (gcc (Debian 10.2.1-6) 10.2.1 20210110, GNU ld (GNU Binutils for Debian) 2.35.2) #255 SMP Mon Jul 5 11:25:00 MSK 2021
[    0.000577] printk: bootconsole [earlyprom0] enabled
[    0.000658] ARCH: SUN4V
[    0.000727] Ethernet address: 00:14:4f:fa:06:f2
[    0.000806] MM: PAGE_OFFSET is 0xfff8000000000000 (max_phys_bits == 47)
[    0.000906] MM: VMALLOC [0x0000000100000000 --> 0x0006000000000000]
[    0.001000] MM: VMEMMAP [0x0006000000000000 --> 0x000c000000000000]
[    0.022721] Kernel: Using 5 locked TLB entries for main kernel image.
[    0.022845] Remapping the kernel... 
[    0.022883] done.
[    0.133897] OF stdout device is: /virtual-devices@100/console@1
[    0.134307] PROM: Built device tree with 79473 bytes of memory.
[    0.134709] MDESC: Size is 29712 bytes.
[    0.135264] PLATFORM: banner-name [SPARC T5-2]
[    0.135523] PLATFORM: name [ORCL,SPARC-T5-2]
[    0.135751] PLATFORM: hostid [84fa06f2]
[    0.135960] PLATFORM: serial# [0035260e]
[    0.136161] PLATFORM: stick-frequency [3b9aca00]
[    0.136375] PLATFORM: mac-address [144ffa06f2]
[    0.136582] PLATFORM: watchdog-resolution [1000 ms]
[    0.136797] PLATFORM: watchdog-max-timeout [31536000000 ms]
[    0.137022] PLATFORM: max-cpus [1024]
[    0.137326] Top of RAM: 0x22f948000, Total RAM: 0x1ff382000
[    0.137553] Memory hole size: 773MB
[    0.142096] Allocated 24576 bytes for kernel page tables.
[    0.142259] Zone ranges:
[    0.142344]   Normal   [mem 0x0000000030400000-0x000000022f947fff]
[    0.142494] Movable zone start for each node
[    0.142594] Early memory node ranges
[    0.142680]   node   0: [mem 0x0000000030400000-0x000000006febffff]
[    0.142824]   node   0: [mem 0x000000006ff40000-0x000000006ff47fff]
[    0.142963]   node   0: [mem 0x0000000070000000-0x000000022f8b1fff]
[    0.143096]   node   0: [mem 0x000000022f940000-0x000000022f947fff]
[    0.143228] Initmem setup node 0 [mem 0x0000000030400000-0x000000022f947fff]
[    0.153326] On node 0, zone Normal: 98816 pages in unavailable ranges
[    0.153355] On node 0, zone Normal: 64 pages in unavailable ranges
[    0.154757] On node 0, zone Normal: 92 pages in unavailable ranges
[    0.154864] On node 0, zone Normal: 71 pages in unavailable ranges
[    0.156659] On node 0, zone Normal: 33628 pages in unavailable ranges
[    0.156759] Booting Linux...
[    0.156918] CPU CAPS: [flush,stbar,swap,muldiv,v9,blkinit,n2,mul32]
[    0.157059] CPU CAPS: [div32,v8plus,popc,vis,vis2,ASIBlkInit,fmaf,vis3]
[    0.157197] CPU CAPS: [hpc,ima,pause,cbcond,aes,des,kasumi,camellia]
[    0.157332] CPU CAPS: [md5,sha1,sha256,sha512,mpmul,montmul,montsqr,crc32c]
[    0.295601] percpu: Embedded 20 pages/cpu s120912 r8192 d34736 u262144
[    0.296967] pcpu-alloc: s120912 r8192 d34736 u262144 alloc=1*4194304
[    0.297020] pcpu-alloc: [0] 000 001 002 003 004 005 006 007 008 009 010 011 012 013 014 015 
[    0.297372] pcpu-alloc: [0] 016 017 018 019 020 021 022 023 024 025 026 027 028 029 030 031 
[    0.297763] pcpu-alloc: [0] 032 033 034 035 036 037 038 039 040 041 042 043 044 045 046 047 
[    0.298165] pcpu-alloc: [0] 048 049 050 051 052 053 054 055 056 057 058 059 060 061 062 063 
[    0.298568] pcpu-alloc: [0] 064 065 066 067 068 069 070 071 072 073 074 075 076 077 078 079 
[    0.298969] pcpu-alloc: [0] 080 081 082 083 084 085 086 087 088 089 090 091 092 093 094 095 
[    0.299370] pcpu-alloc: [0] 096 097 098 099 100 101 102 103 104 105 106 107 108 109 110 111 
[    0.299772] pcpu-alloc: [0] 112 113 114 115 116 117 118 119 120 121 122 123 124 125 126 127 
[    0.300174] pcpu-alloc: [0] 128 129 130 131 132 133 134 135 136 137 138 139 140 141 142 143 
[    0.300576] pcpu-alloc: [0] 144 145 146 147 148 149 150 151 152 153 154 155 156 157 158 159 
[    0.300978] pcpu-alloc: [0] 160 161 162 163 164 165 166 167 168 169 170 171 172 173 174 175 
[    0.301379] pcpu-alloc: [0] 176 177 178 179 180 181 182 183 184 185 186 187 188 189 190 191 
[    0.301782] pcpu-alloc: [0] 192 193 194 195 196 197 198 199 200 201 202 203 204 205 206 207 
[    0.302183] pcpu-alloc: [0] 208 209 210 211 212 213 214 215 216 217 218 219 220 221 222 223 
[    0.302585] pcpu-alloc: [0] 224 225 226 227 228 229 230 231 232 233 234 235 236 237 238 239 
[    0.302986] pcpu-alloc: [0] 240 241 242 243 244 245 246 247 248 249 250 251 252 253 254 255 
[    0.306368] SUN4V: Mondo queue sizes [cpu(131072) dev(16384) r(8192) nr(256)]
[    0.308357] Built 1 zonelists, mobility grouping on.  Total pages: 1037773
[    0.308894] Kernel command line: BOOT_IMAGE=/vmlinux-5.13.0-09882-ga180bd1d7e16 root=/dev/vdiska2 ro
[    0.309738] Unknown command line parameters: BOOT_IMAGE=/vmlinux-5.13.0-09882-ga180bd1d7e16
[    0.311155] printk: log_buf_len individual max cpu contribution: 4096 bytes
[    0.311513] printk: log_buf_len total cpu_extra contributions: 1044480 bytes
[    0.311904] printk: log_buf_len min size: 131072 bytes
[    0.317199] printk: log_buf_len: 2097152 bytes
[    0.317413] printk: early log buf free: 126408(96%)
[    0.320246] Dentry cache hash table entries: 1048576 (order: 10, 8388608 bytes, linear)
[    0.322704] Inode-cache hash table entries: 524288 (order: 9, 4194304 bytes, linear)
[    0.323211] Sorting __ex_table...
[    0.324616] mem auto-init: stack:off, heap alloc:off, heap free:off
[    0.337014] Memory: 1260624K/8375816K available (8827K kernel code, 1707K rwdata, 2928K rodata, 632K init, 3135K bss, 205904K reserved, 0K cma-reserved)
[    0.337940] random: get_random_u64 called from kmem_cache_open+0x1c/0x340 with crng_init=0
[    0.345057] SLUB: HWalign=32, Order=0-3, MinObjects=0, CPUs=256, Nodes=1
[    0.347307] ftrace: allocating 27539 entries in 54 pages
[    0.380074] ftrace: allocated 54 pages with 4 groups
[    0.380444] trace event string verifier disabled
[    0.387064] rcu: Hierarchical RCU implementation.
[    0.387187] rcu: 	RCU debug extended QS entry/exit.
[    0.387299] 	Rude variant of Tasks RCU enabled.
[    0.387404] 	Tracing variant of Tasks RCU enabled.
[    0.387513] rcu: RCU calculated value of scheduler-enlistment delay is 26 jiffies.
[    0.416691] NR_IRQS: 2048, nr_irqs: 2048, preallocated irqs: 1
[    0.417197] SUN4V: Using IRQ API major 3, cookie only virqs enabled
[    0.440933] clocksource: stick: mask: 0xffffffffffffffff max_cycles: 0x1cd42e4dffb, max_idle_ns: 881590591483 ns
[    0.441671] clocksource: mult[800000] shift[23]
[    0.441966] clockevent: mult[80000000] shift[31]
[    0.444840] Console: colour dummy device 80x25
[    0.445193] printk: console [tty0] enabled
[    0.445607] printk: bootconsole [earlyprom0] disabled
[    0.446008] Lock dependency validator: Copyright (c) 2006 Red Hat, Inc., Ingo Molnar
[    0.446169] ... MAX_LOCKDEP_SUBCLASSES:  8
[    0.446268] ... MAX_LOCK_DEPTH:          48
[    0.446449] ... MAX_LOCKDEP_KEYS:        8192
[    0.446546] ... CLASSHASH_SIZE:          4096
[    0.446649] ... MAX_LOCKDEP_ENTRIES:     16384
[    0.446752] ... MAX_LOCKDEP_CHAINS:      32768
[    0.446856] ... CHAINHASH_SIZE:          16384
[    0.446959]  memory used by lock dependency info: 2603 kB
[    0.447078]  per task-struct memory footprint: 1920 bytes
[    0.527007] Calibrating delay using timer specific routine.. 2021.66 BogoMIPS (lpj=4043331)
[    0.527241] pid_max: default: 262144 minimum: 2048
[    0.529083] LSM: Security Framework initializing
[    0.530011] Mount-cache hash table entries: 16384 (order: 4, 131072 bytes, linear)
[    0.530284] Mountpoint-cache hash table entries: 16384 (order: 4, 131072 bytes, linear)
[    0.547073] rcu: Hierarchical SRCU implementation.
[    0.582411] smp: Bringing up secondary CPUs ...
[    0.680943] smp: Brought up 1 node, 24 CPUs
[    0.791490] node 0 deferred pages initialised in 104ms
[    0.794245] devtmpfs: initialized
[    0.809020] Performance events: 
[    0.809143] Testing NMI watchdog ... 
[    0.889526] OK.
[    0.889941] Supported PMU type is 'niagara5'
[    0.895823] ldc.c:v1.1 (July 22, 2008)
[    0.900317] clocksource: jiffies: mask: 0xffffffff max_cycles: 0xffffffff, max_idle_ns: 7645041785100000 ns
[    0.900610] futex hash table entries: 65536 (order: 10, 8388608 bytes, linear)
[    0.951558] NET: Registered PF_NETLINK/PF_ROUTE protocol family
[    0.969951] VIO: Adding device channel-devices (tx_ino = ffffffffffffffff, rx_ino = ffffffffffffffff)
[    0.970552] VIO: Adding device vnet-port-0-0 (tx_ino = 0, rx_ino = 1)
[    0.971114] VIO: Adding device vnet-port-0-1 (tx_ino = 2, rx_ino = 3)
[    0.971554] VIO: Adding device vnet-port-0-2 (tx_ino = 4, rx_ino = 5)
[    0.971981] VIO: Adding device vnet-port-0-3 (tx_ino = 6, rx_ino = 7)
[    0.972404] VIO: Adding device vnet-port-0-4 (tx_ino = 8, rx_ino = 9)
[    0.972829] VIO: Adding device vdc-port-2-0 (tx_ino = a, rx_ino = b)
[    0.973320] VIO: Adding device vdc-port-1-0 (tx_ino = c, rx_ino = d)
[    0.973747] VIO: Adding device vdc-port-0-0 (tx_ino = e, rx_ino = f)
[    0.974195] VIO: Adding device vlds-port-0-0 (tx_ino = 10, rx_ino = 11)
[    0.974640] VIO: Adding device domain-services-port-0 (tx_ino = 10, rx_ino = 11)
[    0.975759] audit: initializing netlink subsys (disabled)
[    0.976656] audit: type=2000 audit(0.524:1): state=initialized audit_enabled=0 res=1
[    1.055425] HugeTLB registered 64.0 KiB page size, pre-allocated 0 pages
[    1.055629] HugeTLB registered 8.00 MiB page size, pre-allocated 0 pages
[    1.055921] HugeTLB registered 256 MiB page size, pre-allocated 0 pages
[    1.056070] HugeTLB registered 2.00 GiB page size, pre-allocated 0 pages
[    2.461108] SUN4V: Reboot data supported (maj=1,min=0).
[    2.462466] ds.c:v1.0 (Jul 11, 2007)
[    2.463517] ds-0: ds_conn_reset() from send_events
[    2.467415] clocksource: Switched to clocksource stick
[    2.956340] VFS: Disk quotas dquot_6.6.0
[    2.957292] VFS: Dquot-cache hash table entries: 1024 (order 0, 8192 bytes)
[    2.999242] NET: Registered PF_INET protocol family
[    3.000281] IP idents hash table entries: 131072 (order: 7, 1048576 bytes, linear)
[    3.020222] tcp_listen_portaddr_hash hash table entries: 4096 (order: 5, 327680 bytes, linear)
[    3.022658] TCP established hash table entries: 65536 (order: 6, 524288 bytes, linear)
[    3.026226] TCP bind hash table entries: 65536 (order: 9, 4718592 bytes, linear)
[    3.077982] TCP: Hash tables configured (established 65536 bind 65536)
[    3.093083] UDP hash table entries: 4096 (order: 6, 655360 bytes, linear)
[    3.100119] UDP-Lite hash table entries: 4096 (order: 6, 655360 bytes, linear)
[    3.107725] NET: Registered PF_UNIX/PF_LOCAL protocol family
[    3.107808] NET: Registered PF_XDP protocol family
[    3.108458] Trying to unpack rootfs image as initramfs...
[    3.128000] Initialise system trusted keyrings
[    3.128250] workingset: timestamp_bits=46 max_order=20 bucket_order=0
[    3.142868] zbud: loaded
[    3.146151] SGI XFS with ACLs, security attributes, realtime, quota, no debug enabled
[    3.150397] Key type asymmetric registered
[    3.150439] Asymmetric key parser 'x509' registered
[    3.150512] Block layer SCSI generic (bsg) driver version 0.4 loaded (major 252)
[    3.151291] io scheduler mq-deadline registered
[    3.153235] f029b788: ttyHV0 at I/O 0x0 (irq = 1, base_baud = 115200) is a SUN4V HCONS
[    3.153939] printk: console [ttyHV0] enabled
[    3.154878] n2rng v0.3 (Jan 7, 2017)
[    3.154916] n2rng f029b104: Registered RNG HVAPI major 2 minor 0
[    3.154957] n2rng f029b104: Found multi-unit-capable RNG, units: 2
[    3.156658] n2rng f029b104: RNG ready
[    3.157493] sunvdc.c:v1.2 (November 24, 2014)
[    3.159934] sunvdc: Virtual Hard disk vdiskc
[    3.159972] sunvdc: vdiskc: 104857600 sectors (51200 MB) protocol 1.2
[    3.270225] sunvdc: Virtual Hard disk vdiskb
[    3.270387] sunvdc: vdiskb: 62914560 sectors (30720 MB) protocol 1.2
[    3.278306]  vdiskb: vdiskb1
[    3.370458] sunvdc: Virtual Hard disk vdiska
[    3.370525] sunvdc: vdiska: 31457280 sectors (15360 MB) protocol 1.2
[    3.372742]  vdiska: vdiska1 vdiska2 vdiska3 vdiska4
[    3.406869] rtc-sun4v rtc-sun4v: registered as rtc0
[    3.407092] rtc-sun4v rtc-sun4v: setting system clock to 2021-07-05T08:47:21 UTC (1625474841)
[    3.408217] rtc-test rtc-test.0: registered as rtc1
[    3.439098] rtc rtc2: invalid alarm value: 18446744073704833233-01-10T22:24:35
[    3.439987] rtc-test rtc-test.1: registered as rtc2
[    3.470915] rtc rtc3: invalid alarm value: 18446744073704833233-01-10T22:24:35
[    3.471514] rtc-test rtc-test.2: registered as rtc3
[    3.472384] softdog: initialized. soft_noboot=0 soft_margin=60 sec soft_panic=0 (nowayout=0)
[    3.472497] softdog:              soft_reboot_cmd=<not set> soft_active_on_boot=0
[    3.478061] NET: Registered PF_INET6 protocol family
[    4.231658] Freeing initrd memory: 27456K
[    4.313644] Segment Routing with IPv6
[    4.313902] mip6: Mobile IPv6
[    4.313984] NET: Registered PF_PACKET protocol family
[    4.332179] registered taskstats version 1
[    4.332318] Loading compiled-in X.509 certificates
[    4.343408] zswap: loaded using pool lzo/zbud
[    4.355810] This architecture does not have kernel memory protection.
[    4.355937] Run /init as init process
[    4.356002]   with arguments:
[    4.356019]     /init
[    4.356035]   with environment:
[    4.356049]     HOME=/
[    4.356065]     TERM=linux
[    4.356079]     BOOT_IMAGE=/vmlinux-5.13.0-09882-ga180bd1d7e16
[    6.384318] sunvnet_common: module verification failed: signature and/or required key missing - tainting kernel
[    6.387238] sunvnet: sunvnet 2.0 (February 3, 2017)
[    6.388945] vnet_port vnet-port-0-0 eth0: Sun LDOM vnet 00:14:4f:f8:12:a3
[    6.389149] sunvnet: eth0: PORT ( remote-mac 00:14:4f:fa:f3:f0 switch-port )
[    6.389525] sunvnet: eth0: PORT ( remote-mac 00:14:4f:f8:e5:f3 )
[    6.389863] sunvnet: eth0: PORT ( remote-mac 00:14:4f:f8:3f:1e )
[    6.390191] sunvnet: eth0: PORT ( remote-mac 00:14:4f:f9:b4:97 )
[    6.390548] sunvnet: eth0: PORT ( remote-mac 00:14:4f:f9:8b:83 )
[    6.402521] random: lvm: uninitialized urandom read (4 bytes read)
[    6.404090] crc32c_sparc64: Using sparc64 crc32c opcode optimized CRC32C implementation
[    6.434129] device-mapper: uevent: version 1.0.3
[    6.434493] device-mapper: ioctl: 4.45.0-ioctl (2021-03-22) initialised: dm-devel@redhat.com
[    6.439553] random: lvm: uninitialized urandom read (2 bytes read)
[    6.808576] xor: automatically using best checksumming function   Niagara   
[    6.875253] raid6: int64x8  gen()  1162 MB/s
[    6.943173] raid6: int64x8  xor()   840 MB/s
[    7.011180] raid6: int64x4  gen()  2105 MB/s
[    7.079154] raid6: int64x4  xor()   600 MB/s
[    7.147225] raid6: int64x2  gen()   823 MB/s
[    7.215159] raid6: int64x2  xor()   394 MB/s
[    7.283193] raid6: int64x1  gen()   870 MB/s
[    7.351351] raid6: int64x1  xor()   118 MB/s
[    7.351495] raid6: using algorithm int64x4 gen() 2105 MB/s
[    7.351654] raid6: .... xor() 600 MB/s, rmw enabled
[    7.351796] raid6: using intx1 recovery algorithm
[    7.692995] random: fast init done
[    7.698634] EXT4-fs (vdiska2): mounted filesystem with ordered data mode. Opts: (null). Quota mode: none.
[    8.162567] systemd[1]: Inserted module 'autofs4'
[    8.182430] systemd[1]: systemd 247.3-5 running in system mode. (+PAM +AUDIT +SELINUX +IMA +APPARMOR +SMACK +SYSVINIT +UTMP +LIBCRYPTSETUP +GCRYPT +GNUTLS +ACL +XZ +LZ4 +ZSTD -SECCOMP +BLKID +ELFUTILS +KMOD +IDN2 -IDN +PCRE2 default-hierarchy=unified)
[    8.182797] systemd[1]: Detected architecture sparc64.
[    8.184448] systemd[1]: Set hostname to <ttip>.
[    8.297343] random: lvmconfig: uninitialized urandom read (4 bytes read)
[    8.677180] systemd[1]: Queued start job for default target Multi-User System.
[    8.678118] random: systemd: uninitialized urandom read (16 bytes read)
[    8.693010] systemd[1]: Created slice system-getty.slice.
[    8.693680] random: systemd: uninitialized urandom read (16 bytes read)
[    8.699307] systemd[1]: Created slice system-modprobe.slice.
[    8.705555] systemd[1]: Created slice system-openvpn\x2dclient.slice.
[    8.711611] systemd[1]: Created slice system-postfix.slice.
[    8.717454] systemd[1]: Created slice system-systemd\x2dfsck.slice.
[    8.724739] systemd[1]: Created slice User and Session Slice.
[    8.726056] systemd[1]: Started Dispatch Password Requests to Console Directory Watch.
[    8.727507] systemd[1]: Started Forward Password Requests to Wall Directory Watch.
[    8.731988] systemd[1]: Set up automount Arbitrary Executable File Formats File System Automount Point.
[    8.732718] systemd[1]: Reached target Local Encrypted Volumes.
[    8.733348] systemd[1]: Reached target Paths.
[    8.733859] systemd[1]: Reached target Slices.
[    8.734921] systemd[1]: Listening on Device-mapper event daemon FIFOs.
[    8.735916] systemd[1]: Listening on LVM2 poll daemon socket.
[    8.757071] systemd[1]: Listening on RPCbind Server Activation Socket.
[    8.759037] systemd[1]: Listening on Syslog Socket.
[    8.759941] systemd[1]: Listening on fsck to fsckd communication Socket.
[    8.760573] systemd[1]: Listening on initctl Compatibility Named Pipe.
[    8.761627] systemd[1]: Listening on Journal Audit Socket.
[    8.762448] systemd[1]: Listening on Journal Socket (/dev/log).
[    8.763500] systemd[1]: Listening on Journal Socket.
[    8.764553] systemd[1]: Listening on udev Control Socket.
[    8.765329] systemd[1]: Listening on udev Kernel Socket.
[    8.774726] systemd[1]: Mounting Huge Pages File System...
[    8.783724] systemd[1]: Mounting POSIX Message Queue File System...
[    8.789637] systemd[1]: Mounting RPC Pipe File System...
[    8.795742] systemd[1]: Mounting Kernel Debug File System...
[    8.801801] systemd[1]: Mounting Kernel Trace File System...
[    8.802296] systemd[1]: Condition check resulted in Kernel Module supporting RPCSEC_GSS being skipped.
[    8.802740] systemd[1]: Finished Availability of block devices.
[    8.809262] systemd[1]: Starting Wait for network to be configured by ifupdown...
[    8.816119] systemd[1]: Starting Create list of static device nodes for the current kernel...
[    8.823378] systemd[1]: Starting Monitoring of LVM2 mirrors, snapshots etc. using dmeventd or progress polling...
[    8.830585] systemd[1]: Starting Load Kernel Module configfs...
[    8.837910] systemd[1]: Starting Load Kernel Module drm...
[    8.846368] systemd[1]: Starting Load Kernel Module fuse...
[    8.852637] systemd[1]: Starting nftables...
[    8.854066] systemd[1]: Condition check resulted in Set Up Additional Binary Formats being skipped.
[    8.854283] systemd[1]: Condition check resulted in File System Check on Root Device being skipped.
[    8.864856] systemd[1]: Starting Journal Service...
[    8.870828] fuse: init (API version 7.33)
[    8.874866] systemd[1]: Starting Load Kernel Modules...
[    8.874924] RPC: Registered named UNIX socket transport module.
[    8.874988] RPC: Registered udp transport module.
[    8.874995] RPC: Registered tcp transport module.
[    8.875054] RPC: Registered tcp NFSv4.1 backchannel transport module.
[    8.882804] systemd[1]: Starting Remount Root and Kernel File Systems...
[    8.890345] systemd[1]: Starting Coldplug All udev Devices...
[    8.899534] systemd[1]: Mounted Huge Pages File System.
[    8.900360] systemd[1]: Mounted POSIX Message Queue File System.
[    8.901057] systemd[1]: Mounted RPC Pipe File System.
[    8.901688] systemd[1]: Mounted Kernel Debug File System.
[    8.902315] systemd[1]: Mounted Kernel Trace File System.
[    8.905203] systemd[1]: Finished Wait for network to be configured by ifupdown.
[    8.907949] systemd[1]: Finished Create list of static device nodes for the current kernel.
[    8.909774] systemd[1]: modprobe@configfs.service: Succeeded.
[    8.912175] systemd[1]: Finished Load Kernel Module configfs.
[    8.916598] systemd[1]: modprobe@drm.service: Succeeded.
[    8.918396] EXT4-fs (vdiska2): re-mounted. Opts: errors=remount-ro. Quota mode: none.
[    8.918558] systemd[1]: Finished Load Kernel Module drm.
[    8.921376] systemd[1]: Started Journal Service.
[    9.001562] systemd-journald[391]: Received client request to flush runtime journal.
[    9.475235] sha1_sparc64: Using sparc64 sha1 opcode optimized SHA-1 implementation
[    9.479028] sha256_sparc64: Using sparc64 sha256 opcode optimized SHA-256/SHA-224 implementation
[    9.482067] sha512_sparc64: Using sparc64 sha512 opcode optimized SHA-512/SHA-384 implementation
[    9.483610] md5_sparc64: Using sparc64 md5 opcode optimized MD5 implementation
[    9.485397] aes_sparc64: Using sparc64 aes opcodes optimized AES implementation
[    9.491075] des_sparc64: Using sparc64 des opcodes optimized DES implementation
[    9.496538] camellia_sparc64: Using sparc64 camellia opcodes optimized CAMELLIA implementation
[    9.779643] Adding 787176k swap on /dev/vdiska4.  Priority:-2 extents:1 across:787176k FS
[    9.846403] EXT4-fs (vdiska1): mounting ext3 file system using the ext4 subsystem
[    9.856845] EXT4-fs (vdiska1): mounted filesystem with ordered data mode. Opts: (null). Quota mode: none.
[    9.857161] ext3 filesystem being mounted at /boot supports timestamps until 2038 (0x7fffffff)
[    9.885660] XFS (dm-0): Mounting V5 Filesystem
[   10.036370] XFS (dm-0): Ending clean mount
[   10.038116] xfs filesystem being mounted at /1 supports timestamps until 2038 (0x7fffffff)
[   10.762243] random: crng init done
[   10.762257] random: 5 urandom warning(s) missed due to ratelimiting
