[    0.000020] PROMLIB: Sun IEEE Boot Prom 'OBP 4.38.12 2018/03/28 14:54'
[    0.000031] PROMLIB: Root node compatible: sun4v
[    0.000077] Linux version 5.3.0-rc4-00108-g6e625a1a3f47-dirty (mator@ttip) (gcc version 8.3.0 (Debian 8.3.0-19)) #1183 SMP Sat Aug 17 12:40:54 MSK 2019
[    0.000385] printk: bootconsole [earlyprom0] enabled
[    0.000438] ARCH: SUN4V
[    0.000488] Ethernet address: 00:14:4f:fa:06:f2
[    0.000541] MM: PAGE_OFFSET is 0xfff8000000000000 (max_phys_bits == 47)
[    0.000607] MM: VMALLOC [0x0000000100000000 --> 0x0006000000000000]
[    0.000669] MM: VMEMMAP [0x0006000000000000 --> 0x000c000000000000]
[    0.011907] Kernel: Using 5 locked TLB entries for main kernel image.
[    0.011976] Remapping the kernel... 
[    0.012000] done.
[    0.047128] OF stdout device is: /virtual-devices@100/console@1
[    0.047193] PROM: Built device tree with 87467 bytes of memory.
[    0.047255] MDESC: Size is 37248 bytes.
[    0.047375] PLATFORM: banner-name [SPARC T5-2]
[    0.047426] PLATFORM: name [ORCL,SPARC-T5-2]
[    0.047473] PLATFORM: hostid [84fa06f2]
[    0.047517] PLATFORM: serial# [0035260e]
[    0.047560] PLATFORM: stick-frequency [3b9aca00]
[    0.047608] PLATFORM: mac-address [144ffa06f2]
[    0.047656] PLATFORM: watchdog-resolution [1000 ms]
[    0.047707] PLATFORM: watchdog-max-timeout [31536000000 ms]
[    0.047763] PLATFORM: max-cpus [1024]
[    0.047835] Top of RAM: 0x24af938000, Total RAM: 0x87f354000
[    0.047897] Memory hole size: 115461MB
[    0.100611] kmemleak: Kernel memory leak detector disabled
[    0.280873] Allocated 35708928 bytes for kernel page tables.
[    0.280947] Zone ranges:
[    0.280984]   Normal   [mem 0x0000000030400000-0x00000024af937fff]
[    0.281048] Movable zone start for each node
[    0.281094] Early memory node ranges
[    0.281135]   node   0: [mem 0x0000000030400000-0x000000006fe7ffff]
[    0.281199]   node   0: [mem 0x000000006ff00000-0x000000006ff25fff]
[    0.281261]   node   0: [mem 0x0000000070000000-0x000000042fffffff]
[    0.281324]   node   0: [mem 0x0000002030000000-0x00000024af87ffff]
[    0.281388]   node   0: [mem 0x00000024af900000-0x00000024af925fff]
[    0.281450]   node   0: [mem 0x00000024af930000-0x00000024af937fff]
[    0.288821] Zeroed struct page in unavailable ranges: 230130 pages
[    0.288830] Initmem setup node 0 [mem 0x0000000030400000-0x00000024af937fff]
[    0.288988] On node 0 totalpages: 4454826
[    0.288997]   Normal zone: 39154 pages used for memmap
[    0.289003]   Normal zone: 0 pages reserved
[    0.289009]   Normal zone: 4454826 pages, LIFO batch:31
[    0.486862] Booting Linux...
[    0.486948] CPU CAPS: [flush,stbar,swap,muldiv,v9,blkinit,n2,mul32]
[    0.487032] CPU CAPS: [div32,v8plus,popc,vis,vis2,ASIBlkInit,fmaf,vis3]
[    0.488111] CPU CAPS: [hpc,ima,pause,cbcond,aes,des,kasumi,camellia]
[    0.488186] CPU CAPS: [md5,sha1,sha256,sha512,mpmul,montmul,montsqr,crc32c]
[    0.554538] percpu: Embedded 27 pages/cpu s180936 r8192 d32056 u262144
[    0.554797] pcpu-alloc: s180936 r8192 d32056 u262144 alloc=1*4194304
[    0.554805] pcpu-alloc: [0] 000 001 002 003 004 005 006 007 008 009 010 011 012 013 014 015 
[    0.554832] pcpu-alloc: [0] 016 017 018 019 020 021 022 023 024 025 026 027 028 029 030 031 
[    0.554859] pcpu-alloc: [0] 032 033 034 035 036 037 038 039 040 041 042 043 044 045 046 047 
[    0.554886] pcpu-alloc: [0] 048 049 050 051 052 053 054 055 056 057 058 059 060 061 062 063 
[    0.554914] pcpu-alloc: [0] 064 065 066 067 068 069 070 071 072 073 074 075 076 077 078 079 
[    0.554941] pcpu-alloc: [0] 080 081 082 083 084 085 086 087 088 089 090 091 092 093 094 095 
[    0.554968] pcpu-alloc: [0] 096 097 098 099 100 101 102 103 104 105 106 107 108 109 110 111 
[    0.554996] pcpu-alloc: [0] 112 113 114 115 116 117 118 119 120 121 122 123 124 125 126 127 
[    0.555023] pcpu-alloc: [0] 128 129 130 131 132 133 134 135 136 137 138 139 140 141 142 143 
[    0.555051] pcpu-alloc: [0] 144 145 146 147 148 149 150 151 152 153 154 155 156 157 158 159 
[    0.555078] pcpu-alloc: [0] 160 161 162 163 164 165 166 167 168 169 170 171 172 173 174 175 
[    0.555105] pcpu-alloc: [0] 176 177 178 179 180 181 182 183 184 185 186 187 188 189 190 191 
[    0.555133] pcpu-alloc: [0] 192 193 194 195 196 197 198 199 200 201 202 203 204 205 206 207 
[    0.555160] pcpu-alloc: [0] 208 209 210 211 212 213 214 215 216 217 218 219 220 221 222 223 
[    0.555188] pcpu-alloc: [0] 224 225 226 227 228 229 230 231 232 233 234 235 236 237 238 239 
[    0.555215] pcpu-alloc: [0] 240 241 242 243 244 245 246 247 248 249 250 251 252 253 254 255 
[    0.555754] SUN4V: Mondo queue sizes [cpu(131072) dev(16384) r(8192) nr(256)]
[    0.556276] Built 1 zonelists, mobility grouping on.  Total pages: 4415672
[    0.556369] Kernel command line: BOOT_IMAGE=/vmlinux-5.3.0-rc4-00108-g6e625a1a3f47-dirty root=/dev/vdiska2 ro zswap.enabled=1
[    0.558755] printk: log_buf_len individual max cpu contribution: 4096 bytes
[    0.558824] printk: log_buf_len total cpu_extra contributions: 1044480 bytes
[    0.558892] printk: log_buf_len min size: 131072 bytes
[    0.559364] printk: log_buf_len: 2097152 bytes
[    0.559416] printk: early log buf free: 125800(95%)
[    0.569035] Dentry cache hash table entries: 8388608 (order: 13, 67108864 bytes, linear)
[    0.573938] Inode-cache hash table entries: 4194304 (order: 12, 33554432 bytes, linear)
[    0.574020] Sorting __ex_table...
[    0.574244] mem auto-init: stack:off, heap alloc:off, heap free:off
[    0.652560] Memory: 35067184K/35638608K available (6880K kernel code, 973K rwdata, 2064K rodata, 1000K init, 6717K bss, 571424K reserved, 0K cma-reserved)
[    0.669535] ftrace: allocating 19851 entries in 39 pages
[    0.688193] Running RCU self tests
[    0.688239] rcu: Hierarchical RCU implementation.
[    0.688289] rcu: 	RCU event tracing is enabled.
[    0.688339] rcu: 	RCU lockdep checking is enabled.
[    0.688389] 	Tasks RCU enabled.
[    0.688427] rcu: RCU calculated value of scheduler-enlistment delay is 11 jiffies.
[    0.696660] NR_IRQS: 2048, nr_irqs: 2048, preallocated irqs: 1
[    0.697020] SUN4V: Using IRQ API major 3, cookie only virqs enabled
[    0.703366] clocksource: stick: mask: 0xffffffffffffffff max_cycles: 0x1cd42e4dffb, max_idle_ns: 881590591483 ns
[    0.703500] clocksource: mult[800000] shift[23]
[    0.703550] clockevent: mult[80000000] shift[31]
[    0.725957] Console: colour dummy device 80x25
[    0.726023] printk: console [tty0] enabled
[    0.726100] printk: bootconsole [earlyprom0] disabled
[    0.726186] Lock dependency validator: Copyright (c) 2006 Red Hat, Inc., Ingo Molnar
[    0.726234] ... MAX_LOCKDEP_SUBCLASSES:  8
[    0.726264] ... MAX_LOCK_DEPTH:          48
[    0.726295] ... MAX_LOCKDEP_KEYS:        8192
[    0.726326] ... CLASSHASH_SIZE:          4096
[    0.726357] ... MAX_LOCKDEP_ENTRIES:     16384
[    0.726388] ... MAX_LOCKDEP_CHAINS:      32768
[    0.726419] ... CHAINHASH_SIZE:          16384
[    0.726451]  memory used by lock dependency info: 3855 kB
[    0.726487]  per task-struct memory footprint: 1920 bytes
[    0.727224] kmemleak: Early log buffer exceeded (2001), please increase DEBUG_KMEMLEAK_EARLY_LOG_SIZE
[    0.873798] Calibrating delay using timer specific routine.. 2003.72 BogoMIPS (lpj=10018642)
[    0.873857] pid_max: default: 262144 minimum: 2048
[    0.881114] Mount-cache hash table entries: 131072 (order: 7, 1048576 bytes, linear)
[    0.881350] Mountpoint-cache hash table entries: 131072 (order: 7, 1048576 bytes, linear)
[    0.887309] *** VALIDATE proc ***
[    0.889958] *** VALIDATE cgroup1 ***
[    0.889991] *** VALIDATE cgroup2 ***
[    0.894506] rcu: Hierarchical SRCU implementation.
[    0.918123] smp: Bringing up secondary CPUs ...
[    1.013792] smp: Brought up 1 node, 32 CPUs
[    1.023147] devtmpfs: initialized
[    1.029595] Performance events: 
[    1.029652] Testing NMI watchdog ... 
[    1.229982] OK.
[    1.230133] Supported PMU type is 'niagara5'
[    1.230848] random: get_random_u32 called from bucket_table_alloc.isra.4+0x184/0x1c0 with crng_init=0
[    1.231838] ldc.c:v1.1 (July 22, 2008)
[    1.235689] clocksource: jiffies: mask: 0xffffffff max_cycles: 0xffffffff, max_idle_ns: 19112604462750000 ns
[    1.235790] futex hash table entries: 65536 (order: 10, 8388608 bytes, linear)
[    1.250421] NET: Registered protocol family 16
[    1.260549] VIO: Adding device channel-devices (tx_ino = ffffffffffffffff, rx_ino = ffffffffffffffff)
[    1.260779] VIO: Adding device vnet-port-0-0 (tx_ino = 0, rx_ino = 1)
[    1.261011] VIO: Adding device vnet-port-0-1 (tx_ino = 2, rx_ino = 3)
[    1.261198] VIO: Adding device vnet-port-0-2 (tx_ino = 4, rx_ino = 5)
[    1.261386] VIO: Adding device vnet-port-0-4 (tx_ino = 8, rx_ino = 9)
[    1.261572] VIO: Adding device vnet-port-0-5 (tx_ino = a, rx_ino = b)
[    1.261773] VIO: Adding device vnet-port-0-6 (tx_ino = c, rx_ino = d)
[    1.261959] VIO: Adding device vnet-port-0-3 (tx_ino = 6, rx_ino = 7)
[    1.262146] VIO: Adding device vdc-port-3-0 (tx_ino = e, rx_ino = f)
[    1.262338] VIO: Adding device vdc-port-2-0 (tx_ino = 10, rx_ino = 11)
[    1.262532] VIO: Adding device vdc-port-1-0 (tx_ino = 12, rx_ino = 13)
[    1.262729] VIO: Adding device vdc-port-0-0 (tx_ino = 14, rx_ino = 15)
[    1.262915] VIO: Adding device vdc-port-4-0 (tx_ino = 16, rx_ino = 17)
[    1.263107] VIO: Adding device vlds-port-0-0 (tx_ino = 18, rx_ino = 19)
[    1.263302] VIO: Adding device domain-services-port-0 (tx_ino = 18, rx_ino = 19)
[    1.263949] audit: initializing netlink subsys (disabled)
[    1.264330] audit: type=2000 audit(0.550:1): state=initialized audit_enabled=0 res=1
[    1.313293] HugeTLB registered 64.0 KiB page size, pre-allocated 0 pages
[    1.313343] HugeTLB registered 8.00 MiB page size, pre-allocated 0 pages
[    1.313389] HugeTLB registered 256 MiB page size, pre-allocated 0 pages
[    1.313434] HugeTLB registered 2.00 GiB page size, pre-allocated 0 pages
[    1.362082] alg: No test for lzo-rle (lzo-rle-generic)
[    1.362632] alg: No test for lzo-rle (lzo-rle-scomp)
[    1.403475] SUN4V: Reboot data supported (maj=1,min=0).
[    1.404462] ds.c:v1.0 (Jul 11, 2007)
[    1.405042] ds-0: ds_conn_reset() from send_events.isra.3
[    1.406674] clocksource: Switched to clocksource stick
[    1.694498] VFS: Disk quotas dquot_6.6.0
[    1.696052] VFS: Dquot-cache hash table entries: 1024 (order 0, 8192 bytes)
[    1.696765] *** VALIDATE hugetlbfs ***
[    1.717700] NET: Registered protocol family 2
[    1.720932] tcp_listen_portaddr_hash hash table entries: 32768 (order: 8, 2359296 bytes, linear)
[    1.724340] TCP established hash table entries: 524288 (order: 9, 4194304 bytes, linear)
[    1.726645] TCP bind hash table entries: 65536 (order: 9, 4194304 bytes, linear)
[    1.733114] TCP: Hash tables configured (established 524288 bind 65536)
[    1.739993] UDP hash table entries: 32768 (order: 9, 5242880 bytes, linear)
[    1.747681] UDP-Lite hash table entries: 32768 (order: 9, 5242880 bytes, linear)
[    1.762006] NET: Registered protocol family 1
[    1.763083] Trying to unpack rootfs image as initramfs...
[    2.079126] Freeing initrd memory: 10424K
[    2.114400] workingset: timestamp_bits=46 max_order=23 bucket_order=0
[    2.120737] SGI XFS with ACLs, security attributes, debug enabled
[    2.151246] Block layer SCSI generic (bsg) driver version 0.4 loaded (major 252)
[    2.153066] io scheduler mq-deadline registered
[    2.154902] f029b788: ttyHV0 at I/O 0x0 (irq = 1, base_baud = 115200) is a SUN4V HCONS
[    2.162008] printk: console [ttyHV0] enabled
[    2.167728] sunvdc.c:v1.2 (November 24, 2014)
[    2.175188] sunvdc: Virtual CDROM vdiskd
[    2.175250] sunvdc: vdiskd: 403160 sectors (196 MB) protocol 1.2
[    2.176680]  vdiskd: vdiskd1 vdiskd2 vdiskd3 vdiskd4 vdiskd5 vdiskd6 vdiskd7
[    2.234127] sunvdc: Virtual Hard disk vdiskc
[    2.234171] sunvdc: vdiskc: 104857600 sectors (51200 MB) protocol 1.2
[    2.287842] sunvdc: Virtual Hard disk vdiskb
[    2.287886] sunvdc: vdiskb: 62914560 sectors (30720 MB) protocol 1.2
[    2.297920]  vdiskb: vdiskb1
[    2.351352] sunvdc: Virtual Hard disk vdiska
[    2.351394] sunvdc: vdiska: 31457280 sectors (15360 MB) protocol 1.2
[    2.352170]  vdiska: vdiska1 vdiska2 vdiska3 vdiska4
[    2.407212] sunvdc: Virtual Hard disk vdiske
[    2.407254] sunvdc: vdiske: 20971520 sectors (10240 MB) protocol 1.2
[    2.408846]  vdiske: vdiske1 vdiske2 vdiske3
[    2.455640] sunvnet: sunvnet 2.0 (February 3, 2017)
[    2.459198] vnet_port vnet-port-0-0 eth0: Sun LDOM vnet 00:14:4f:f8:12:a3
[    2.459792] sunvnet: eth0: PORT ( remote-mac 00:14:4f:fa:f3:f0 switch-port )
[    2.461120] sunvnet: eth0: PORT ( remote-mac 00:14:4f:f8:e5:f3 )
[    2.462448] sunvnet: eth0: PORT ( remote-mac 00:14:4f:f9:b4:97 )
[    2.463777] sunvnet: eth0: PORT ( remote-mac 00:14:4f:f8:3f:1e )
[    2.465091] sunvnet: eth0: PORT ( remote-mac 00:14:4f:f8:fe:47 )
[    2.466403] sunvnet: eth0: PORT ( remote-mac 00:14:4f:f9:8b:83 )
[    2.467774] sunvnet: eth0: PORT ( remote-mac 00:14:4f:f9:6c:d1 )
[    2.469487] rtc-sun4v rtc-sun4v: registered as rtc0
[    2.470156] sun4v_wdt: initialized (timeout=60s, nowayout=0)
[    2.470553] device-mapper: uevent: version 1.0.3
[    2.471719] device-mapper: ioctl: 4.40.0-ioctl (2019-01-18) initialised: dm-devel@redhat.com
[    2.473674] NET: Registered protocol family 17
[    2.484425] zswap: default zpool zbud not available
[    2.484481] zswap: pool creation failed
[    2.528297] Key type big_key registered
[    2.529378] rtc-sun4v rtc-sun4v: setting system clock to 2019-08-17T09:45:12 UTC (1566035112)
[    2.533896] This architecture does not have kernel memory protection.
[    2.533944] Run /init as init process
[    3.443076] crc32c_sparc64: Using sparc64 crc32c opcode optimized CRC32C implementation
[    3.524496] random: fast init done
[    4.026451] raid6: int64x8  gen()  2152 MB/s
[    4.196436] raid6: int64x8  xor()  1571 MB/s
[    4.366447] raid6: int64x4  gen()  3480 MB/s
[    4.536435] raid6: int64x4  xor()  1988 MB/s
[    4.706443] raid6: int64x2  gen()  2880 MB/s
[    4.876445] raid6: int64x2  xor()  1996 MB/s
[    5.046435] raid6: int64x1  gen()  2811 MB/s
[    5.216436] raid6: int64x1  xor()  1628 MB/s
[    5.216472] raid6: using algorithm int64x4 gen() 3480 MB/s
[    5.216513] raid6: .... xor() 1988 MB/s, rmw enabled
[    5.216551] raid6: using intx1 recovery algorithm
[    5.217531] async_tx: api initialized (async)
[    5.218262] xor: automatically using best checksumming function   Niagara   
[    5.476010] EXT4-fs (vdiska2): mounted filesystem with ordered data mode. Opts: (null)
[    6.883593] systemd[1]: Inserted module 'autofs4'
[    6.895791] NET: Registered protocol family 10
[    6.908436] Segment Routing with IPv6
[    6.966026] systemd[1]: systemd 241 running in system mode. (+PAM +AUDIT +SELINUX +IMA +APPARMOR +SMACK +SYSVINIT +UTMP +LIBCRYPTSETUP +GCRYPT +GNUTLS +ACL +XZ +LZ4 -SECCOMP +BLKID +ELFUTILS +KMOD -IDN2 +IDN +PCRE2 default-hierarchy=hybrid)
[    6.966686] systemd[1]: Detected architecture sparc64.
[    7.009398] systemd[1]: Set hostname to <ttip>.
[    7.014585] systemd[1]: Failed to bump fs.file-max, ignoring: Invalid argument
[    7.772330] random: lvmconfig: uninitialized urandom read (4 bytes read)
[    8.506269] systemd[1]: /lib/systemd/system/smbd.service:9: PIDFile= references path below legacy directory /var/run/, updating /var/run/samba/smbd.pid → /run/samba/smbd.pid; please update the unit file accordingly.
[    8.506968] systemd[1]: /lib/systemd/system/nmbd.service:9: PIDFile= references path below legacy directory /var/run/, updating /var/run/samba/nmbd.pid → /run/samba/nmbd.pid; please update the unit file accordingly.
[    8.712460] random: systemd: uninitialized urandom read (16 bytes read)
[    8.727709] random: systemd: uninitialized urandom read (16 bytes read)
[    8.728348] systemd[1]: Listening on initctl Compatibility Named Pipe.
[    8.744561] systemd[1]: Created slice system-postfix.slice.
[    8.745698] systemd[1]: Started Dispatch Password Requests to Console Directory Watch.
[    8.751825] systemd[1]: Created slice system-openvpn\x2dclient.slice.
[    9.036305] EXT4-fs (vdiska2): re-mounted. Opts: errors=remount-ro
[    9.255789] systemd-journald[457]: Received request to flush runtime journal from PID 1
[   10.646824] sha1_sparc64: Using sparc64 sha1 opcode optimized SHA-1 implementation
[   10.674537] sha256_sparc64: Using sparc64 sha256 opcode optimized SHA-256/SHA-224 implementation
[   10.706399] sha512_sparc64: Using sparc64 sha512 opcode optimized SHA-512/SHA-384 implementation
[   10.708898] md5_sparc64: Using sparc64 md5 opcode optimized MD5 implementation
[   10.724540] aes_sparc64: Using sparc64 aes opcodes optimized AES implementation
[   10.800678] n2rng v0.3 (Jan 7, 2017)
[   10.800803] n2rng f029b104: Registered RNG HVAPI major 2 minor 0
[   10.800897] n2rng f029b104: Found multi-unit-capable RNG, units: 2
[   10.802255] n2rng f029b104: RNG ready
[   10.840078] des_sparc64: Using sparc64 des opcodes optimized DES implementation
[   10.909889] camellia_sparc64: Using sparc64 camellia opcodes optimized CAMELLIA implementation
[   12.643204] XFS (dm-0): Mounting V5 Filesystem
[   12.790187] XFS (dm-0): Ending clean mount
[   14.316540] Adding 787176k swap on /dev/vdiska4.  Priority:-2 extents:1 across:787176k FS
[   14.675099] EXT4-fs (vdiska1): mounting ext3 file system using the ext4 subsystem
[   14.692332] EXT4-fs (vdiska1): mounted filesystem with ordered data mode. Opts: (null)
[   15.539020] random: crng init done
[   15.539081] random: 7 urandom warning(s) missed due to ratelimiting

[   17.867254] ======================================================
[   17.867262] WARNING: possible circular locking dependency detected
[   17.867271] 5.3.0-rc4-00108-g6e625a1a3f47-dirty #1183 Not tainted
[   17.867278] ------------------------------------------------------
[   17.867286] iptables-restor/879 is trying to acquire lock:
[   17.867295] 000000009ded4b03 (&table[i].mutex){+.+.}, at: nfnl_lock+0x24/0x40 [nfnetlink]
[   17.867315] 
               but task is already holding lock:
[   17.867323] 000000003da136e8 (&net->nft.commit_mutex){+.+.}, at: nf_tables_valid_genid+0x10/0x60 [nf_tables]
[   17.867345] 
               which lock already depends on the new lock.

[   17.867353] 
               the existing dependency chain (in reverse order) is:
[   17.867361] 
               -> #1 (&net->nft.commit_mutex){+.+.}:
[   17.867379]        __mutex_lock+0xac/0x960
[   17.867386]        mutex_lock_nested+0x1c/0x40
[   17.867397]        nf_tables_valid_genid+0x10/0x60 [nf_tables]
[   17.867405]        nfnetlink_rcv_batch+0x24c/0x620 [nfnetlink]
[   17.867413]        nfnetlink_rcv+0x110/0x140 [nfnetlink]
[   17.867423]        netlink_unicast+0x12c/0x1e0
[   17.867430]        netlink_sendmsg+0x334/0x380
[   17.867440]        sock_sendmsg+0x1c/0x60
[   17.867447]        ___sys_sendmsg+0x228/0x240
[   17.867454]        __sys_sendmsg+0x4c/0x80
[   17.867461]        sys_sendmsg+0x18/0x40
[   17.867473]        linux_sparc_syscall+0x34/0x44
[   17.867479] 
               -> #0 (&table[i].mutex){+.+.}:
[   17.867495]        __lock_acquire+0x1cf8/0x27c0
[   17.867502]        lock_acquire+0x1a4/0x1c0
[   17.867508]        __mutex_lock+0xac/0x960
[   17.867515]        mutex_lock_nested+0x1c/0x40
[   17.867522]        nfnl_lock+0x24/0x40 [nfnetlink]
[   17.867533]        ip_set_nfnl_get_byindex+0x19c/0x280 [ip_set]
[   17.867544]        set_match_v1_checkentry+0x14/0xc0 [xt_set]
[   17.867556]        xt_check_match+0x238/0x260 [x_tables]
[   17.867565]        __nft_match_init+0x160/0x180 [nft_compat]
[   17.867573]        nft_match_init+0x18/0x40 [nft_compat]
[   17.867583]        nf_tables_newrule+0x578/0x7e0 [nf_tables]
[   17.867591]        nfnetlink_rcv_batch+0x3f8/0x620 [nfnetlink]
[   17.867599]        nfnetlink_rcv+0x110/0x140 [nfnetlink]
[   17.867606]        netlink_unicast+0x12c/0x1e0
[   17.867612]        netlink_sendmsg+0x334/0x380
[   17.867619]        sock_sendmsg+0x1c/0x60
[   17.867625]        ___sys_sendmsg+0x228/0x240
[   17.867632]        __sys_sendmsg+0x4c/0x80
[   17.867639]        sys_sendmsg+0x18/0x40
[   17.867645]        linux_sparc_syscall+0x34/0x44
[   17.867651] 
               other info that might help us debug this:

[   17.867659]  Possible unsafe locking scenario:

[   17.867666]        CPU0                    CPU1
[   17.867671]        ----                    ----
[   17.867676]   lock(&net->nft.commit_mutex);
[   17.867683]                                lock(&table[i].mutex);
[   17.867691]                                lock(&net->nft.commit_mutex);
[   17.867698]   lock(&table[i].mutex);
[   17.867705] 
                *** DEADLOCK ***

[   17.867713] 1 lock held by iptables-restor/879:
[   17.867718]  #0: 000000003da136e8 (&net->nft.commit_mutex){+.+.}, at: nf_tables_valid_genid+0x10/0x60 [nf_tables]
[   17.867735] 
               stack backtrace:
[   17.867743] CPU: 23 PID: 879 Comm: iptables-restor Not tainted 5.3.0-rc4-00108-g6e625a1a3f47-dirty #1183
[   17.867751] Call Trace:
[   17.867759]  [00000000004d28e4] print_circular_bug+0x304/0x320
[   17.867766]  [00000000004d2b14] check_noncircular+0x214/0x240
[   17.867773]  [00000000004d7958] __lock_acquire+0x1cf8/0x27c0
[   17.867781]  [00000000004d8d84] lock_acquire+0x1a4/0x1c0
[   17.867788]  [0000000000ab4a2c] __mutex_lock+0xac/0x960
[   17.867795]  [0000000000ab52fc] mutex_lock_nested+0x1c/0x40
[   17.867803]  [00000000104ee024] nfnl_lock+0x24/0x40 [nfnetlink]
[   17.867811]  [00000000104fa8dc] ip_set_nfnl_get_byindex+0x19c/0x280 [ip_set]
[   17.867820]  [00000000105605d4] set_match_v1_checkentry+0x14/0xc0 [xt_set]
[   17.867829]  [000000001032ae98] xt_check_match+0x238/0x260 [x_tables]
[   17.867837]  [000000001054ec00] __nft_match_init+0x160/0x180 [nft_compat]
[   17.867845]  [000000001054ecb8] nft_match_init+0x18/0x40 [nft_compat]
[   17.867855]  [000000001052bad8] nf_tables_newrule+0x578/0x7e0 [nf_tables]
[   17.867863]  [00000000104ef238] nfnetlink_rcv_batch+0x3f8/0x620 [nfnetlink]
[   17.867872]  [00000000104ef570] nfnetlink_rcv+0x110/0x140 [nfnetlink]
[   17.867879]  [00000000009ddb8c] netlink_unicast+0x12c/0x1e0
[   18.132897] tun: Universal TUN/TAP device driver, 1.6
