[    0.000013] PROMLIB: Sun IEEE Boot Prom 'OBP 4.38.17 2019/01/25 08:22'
[    0.000029] PROMLIB: Root node compatible: sun4v
[    0.000071] Linux version 5.12.0-13566-g17ae69aba89d (mator@ttip) (gcc (Debian 10.2.1-6) 10.2.1 20210110, GNU ld (GNU Binutils for Debian) 2.35.2) #211 SMP Sun May 2 12:20:13 MSK 2021
[    0.000381] printk: bootconsole [earlyprom0] enabled
[    0.000435] ARCH: SUN4V
[    0.000478] Ethernet address: 00:14:4f:fa:06:f2
[    0.000528] MM: PAGE_OFFSET is 0xfff8000000000000 (max_phys_bits == 47)
[    0.000591] MM: VMALLOC [0x0000000100000000 --> 0x0006000000000000]
[    0.000650] MM: VMEMMAP [0x0006000000000000 --> 0x000c000000000000]
[    0.014464] Kernel: Using 5 locked TLB entries for main kernel image.
[    0.014532] Remapping the kernel... 
[    0.014556] done.
[    0.039480] OF stdout device is: /virtual-devices@100/console@1
[    0.039542] PROM: Built device tree with 79569 bytes of memory.
[    0.039600] MDESC: Size is 31056 bytes.
[    0.039699] PLATFORM: banner-name [SPARC T5-2]
[    0.039747] PLATFORM: name [ORCL,SPARC-T5-2]
[    0.039789] PLATFORM: hostid [84fa06f2]
[    0.039829] PLATFORM: serial# [0035260e]
[    0.039869] PLATFORM: stick-frequency [3b9aca00]
[    0.039914] PLATFORM: mac-address [144ffa06f2]
[    0.039957] PLATFORM: watchdog-resolution [1000 ms]
[    0.040005] PLATFORM: watchdog-max-timeout [31536000000 ms]
[    0.040058] PLATFORM: max-cpus [1024]
[    0.040141] Top of RAM: 0x622f948000, Total RAM: 0x87f382000
[    0.040200] Memory hole size: 367365MB
[    0.044702] Allocated 65536 bytes for kernel page tables.
[    0.044785] Zone ranges:
[    0.044820]   Normal   [mem 0x0000000030400000-0x000000622f947fff]
[    0.044884] Movable zone start for each node
[    0.044926] Early memory node ranges
[    0.044962]   node   0: [mem 0x0000000030400000-0x000000006febffff]
[    0.045023]   node   0: [mem 0x000000006ff40000-0x000000006ff47fff]
[    0.045082]   node   0: [mem 0x0000000070000000-0x00000002afffffff]
[    0.045141]   node   0: [mem 0x0000002030000000-0x00000021afffffff]
[    0.045200]   node   0: [mem 0x0000004030000000-0x00000042afffffff]
[    0.045259]   node   0: [mem 0x0000006030000000-0x000000622f8b1fff]
[    0.045317]   node   0: [mem 0x000000622f940000-0x000000622f947fff]
[    0.045376] Initmem setup node 0 [mem 0x0000000030400000-0x000000622f947fff]
[    0.045441] On node 0 totalpages: 4454849
[    0.045447]   Normal zone: 39154 pages used for memmap
[    0.045452]   Normal zone: 0 pages reserved
[    0.045456]   Normal zone: 4454849 pages, LIFO batch:31
[    0.074350]   Normal zone: 525887 pages in unavailable ranges
[    0.074451] Booting Linux...
[    0.074499] CPU CAPS: [flush,stbar,swap,muldiv,v9,blkinit,n2,mul32]
[    0.074590] CPU CAPS: [div32,v8plus,popc,vis,vis2,ASIBlkInit,fmaf,vis3]
[    0.074678] CPU CAPS: [hpc,ima,pause,cbcond,aes,des,kasumi,camellia]
[    0.074764] CPU CAPS: [md5,sha1,sha256,sha512,mpmul,montmul,montsqr,crc32c]
[    0.123376] percpu: Embedded 20 pages/cpu s119376 r8192 d36272 u262144
[    0.123599] pcpu-alloc: s119376 r8192 d36272 u262144 alloc=1*4194304
[    0.123608] pcpu-alloc: [0] 000 001 002 003 004 005 006 007 008 009 010 011 012 013 014 015 
[    0.123665] pcpu-alloc: [0] 016 017 018 019 020 021 022 023 024 025 026 027 028 029 030 031 
[    0.123722] pcpu-alloc: [0] 032 033 034 035 036 037 038 039 040 041 042 043 044 045 046 047 
[    0.123778] pcpu-alloc: [0] 048 049 050 051 052 053 054 055 056 057 058 059 060 061 062 063 
[    0.123834] pcpu-alloc: [0] 064 065 066 067 068 069 070 071 072 073 074 075 076 077 078 079 
[    0.123891] pcpu-alloc: [0] 080 081 082 083 084 085 086 087 088 089 090 091 092 093 094 095 
[    0.123947] pcpu-alloc: [0] 096 097 098 099 100 101 102 103 104 105 106 107 108 109 110 111 
[    0.124003] pcpu-alloc: [0] 112 113 114 115 116 117 118 119 120 121 122 123 124 125 126 127 
[    0.124059] pcpu-alloc: [0] 128 129 130 131 132 133 134 135 136 137 138 139 140 141 142 143 
[    0.124115] pcpu-alloc: [0] 144 145 146 147 148 149 150 151 152 153 154 155 156 157 158 159 
[    0.124171] pcpu-alloc: [0] 160 161 162 163 164 165 166 167 168 169 170 171 172 173 174 175 
[    0.124227] pcpu-alloc: [0] 176 177 178 179 180 181 182 183 184 185 186 187 188 189 190 191 
[    0.124283] pcpu-alloc: [0] 192 193 194 195 196 197 198 199 200 201 202 203 204 205 206 207 
[    0.124338] pcpu-alloc: [0] 208 209 210 211 212 213 214 215 216 217 218 219 220 221 222 223 
[    0.124394] pcpu-alloc: [0] 224 225 226 227 228 229 230 231 232 233 234 235 236 237 238 239 
[    0.124450] pcpu-alloc: [0] 240 241 242 243 244 245 246 247 248 249 250 251 252 253 254 255 
[    0.124926] SUN4V: Mondo queue sizes [cpu(131072) dev(16384) r(8192) nr(256)]
[    0.125241] Built 1 zonelists, mobility grouping on.  Total pages: 4415695
[    0.125320] Kernel command line: BOOT_IMAGE=/vmlinux-5.12.0-13566-g17ae69aba89d root=/dev/vdiska2 ro zswap.enabled=1
[    0.128316] printk: log_buf_len individual max cpu contribution: 4096 bytes
[    0.128384] printk: log_buf_len total cpu_extra contributions: 1044480 bytes
[    0.128449] printk: log_buf_len min size: 131072 bytes
[    0.130269] printk: log_buf_len: 2097152 bytes
[    0.130316] printk: early log buf free: 126360(96%)
[    0.136625] Dentry cache hash table entries: 8388608 (order: 13, 67108864 bytes, linear)
[    0.139858] Inode-cache hash table entries: 4194304 (order: 12, 33554432 bytes, linear)
[    0.139931] Sorting __ex_table...
[    0.140182] mem auto-init: stack:off, heap alloc:off, heap free:off
[    0.146246] Memory: 1305368K/35638792K available (8698K kernel code, 1718K rwdata, 2936K rodata, 624K init, 3136K bss, 568272K reserved, 0K cma-reserved)
[    0.146419] random: get_random_u64 called from kmem_cache_open+0x3c/0x340 with crng_init=0
[    0.148538] SLUB: HWalign=32, Order=0-3, MinObjects=0, CPUs=256, Nodes=1
[    0.149364] ftrace: allocating 27239 entries in 54 pages
[    0.160303] ftrace: allocated 54 pages with 4 groups
[    0.164595] rcu: Hierarchical RCU implementation.
[    0.164647] rcu: 	RCU event tracing is enabled.
[    0.164691] rcu: 	RCU debug extended QS entry/exit.
[    0.164739] 	Rude variant of Tasks RCU enabled.
[    0.164782] 	Tracing variant of Tasks RCU enabled.
[    0.164829] rcu: RCU calculated value of scheduler-enlistment delay is 26 jiffies.
[    0.170493] NR_IRQS: 2048, nr_irqs: 2048, preallocated irqs: 1
[    0.170573] SUN4V: Using IRQ API major 3, cookie only virqs enabled
[    0.174504] clocksource: stick: mask: 0xffffffffffffffff max_cycles: 0x1cd42e4dffb, max_idle_ns: 881590591483 ns
[    0.174640] clocksource: mult[800000] shift[23]
[    0.174686] clockevent: mult[80000000] shift[31]
[    0.175344] Console: colour dummy device 80x25
[    0.175397] printk: console [tty0] enabled
[    0.175458] printk: bootconsole [earlyprom0] disabled
[    0.175524] Lock dependency validator: Copyright (c) 2006 Red Hat, Inc., Ingo Molnar
[    0.175551] ... MAX_LOCKDEP_SUBCLASSES:  8
[    0.175567] ... MAX_LOCK_DEPTH:          48
[    0.175584] ... MAX_LOCKDEP_KEYS:        8192
[    0.175600] ... CLASSHASH_SIZE:          4096
[    0.175617] ... MAX_LOCKDEP_ENTRIES:     16384
[    0.175634] ... MAX_LOCKDEP_CHAINS:      32768
[    0.175651] ... CHAINHASH_SIZE:          16384
[    0.175668]  memory used by lock dependency info: 2603 kB
[    0.175687]  per task-struct memory footprint: 1920 bytes
[    0.254848] Calibrating delay using timer specific routine.. 2003.10 BogoMIPS (lpj=4006206)
[    0.254882] pid_max: default: 262144 minimum: 2048
[    0.255639] LSM: Security Framework initializing
[    0.256088] Mount-cache hash table entries: 131072 (order: 7, 1048576 bytes, linear)
[    0.256231] Mountpoint-cache hash table entries: 131072 (order: 7, 1048576 bytes, linear)
[    0.259619] rcu: Hierarchical SRCU implementation.
[    0.266842] smp: Bringing up secondary CPUs ...
[    0.285239] smp: Brought up 1 node, 24 CPUs
[    0.474709] node 0 deferred pages initialised in 188ms
[    0.475683] devtmpfs: initialized
[    0.477864] Performance events: 
[    0.477895] Testing NMI watchdog ... 
[    0.557981] OK.
[    0.558044] Supported PMU type is 'niagara5'
[    0.559116] ldc.c:v1.1 (July 22, 2008)
[    0.559860] clocksource: jiffies: mask: 0xffffffff max_cycles: 0xffffffff, max_idle_ns: 7645041785100000 ns
[    0.559921] futex hash table entries: 65536 (order: 10, 8388608 bytes, linear)
[    0.567870] NET: Registered protocol family 16
[    0.570642] VIO: Adding device channel-devices (tx_ino = ffffffffffffffff, rx_ino = ffffffffffffffff)
[    0.570733] VIO: Adding device vnet-port-0-0 (tx_ino = 0, rx_ino = 1)
[    0.570801] VIO: Adding device vnet-port-0-1 (tx_ino = 2, rx_ino = 3)
[    0.570865] VIO: Adding device vnet-port-0-2 (tx_ino = 4, rx_ino = 5)
[    0.570927] VIO: Adding device vnet-port-0-3 (tx_ino = 6, rx_ino = 7)
[    0.570988] VIO: Adding device vnet-port-0-4 (tx_ino = 8, rx_ino = 9)
[    0.571050] VIO: Adding device vdc-port-2-0 (tx_ino = a, rx_ino = b)
[    0.571110] VIO: Adding device vdc-port-1-0 (tx_ino = c, rx_ino = d)
[    0.571171] VIO: Adding device vdc-port-0-0 (tx_ino = e, rx_ino = f)
[    0.571235] VIO: Adding device vlds-port-0-0 (tx_ino = 10, rx_ino = 11)
[    0.571299] VIO: Adding device domain-services-port-0 (tx_ino = 10, rx_ino = 11)
[    0.571492] audit: initializing netlink subsys (disabled)
[    0.571681] audit: type=2000 audit(0.392:1): state=initialized audit_enabled=0 res=1
[    0.584601] HugeTLB registered 64.0 KiB page size, pre-allocated 0 pages
[    0.584628] HugeTLB registered 8.00 MiB page size, pre-allocated 0 pages
[    0.584653] HugeTLB registered 256 MiB page size, pre-allocated 0 pages
[    0.584677] HugeTLB registered 2.00 GiB page size, pre-allocated 0 pages
[    1.158596] SUN4V: Reboot data supported (maj=1,min=0).
[    1.158849] ds.c:v1.0 (Jul 11, 2007)
[    1.159050] ds-0: ds_conn_reset() from send_events
[    1.159713] clocksource: Switched to clocksource stick
[    1.265685] VFS: Disk quotas dquot_6.6.0
[    1.265910] VFS: Dquot-cache hash table entries: 1024 (order 0, 8192 bytes)
[    1.273077] NET: Registered protocol family 2
[    1.273496] IP idents hash table entries: 262144 (order: 8, 2097152 bytes, linear)
[    1.280339] tcp_listen_portaddr_hash hash table entries: 32768 (order: 8, 2621440 bytes, linear)
[    1.283620] TCP established hash table entries: 524288 (order: 9, 4194304 bytes, linear)
[    1.286606] TCP bind hash table entries: 65536 (order: 9, 4718592 bytes, linear)
[    1.293198] TCP: Hash tables configured (established 524288 bind 65536)
[    1.295518] UDP hash table entries: 32768 (order: 9, 5242880 bytes, linear)
[    1.301635] UDP-Lite hash table entries: 32768 (order: 9, 5242880 bytes, linear)
[    1.309601] NET: Registered protocol family 1
[    1.309642] NET: Registered protocol family 44
[    1.309859] Trying to unpack rootfs image as initramfs...
[    1.512086] Freeing initrd memory: 25208K
[    1.522974] Initialise system trusted keyrings
[    1.523188] workingset: timestamp_bits=46 max_order=23 bucket_order=0
[    1.539421] zbud: loaded
[    1.543472] SGI XFS with ACLs, security attributes, realtime, quota, no debug enabled
[    1.550132] Key type asymmetric registered
[    1.550159] Asymmetric key parser 'x509' registered
[    1.550202] Block layer SCSI generic (bsg) driver version 0.4 loaded (major 252)
[    1.551077] io scheduler mq-deadline registered
[    1.552542] f029b788: ttyHV0 at I/O 0x0 (irq = 1, base_baud = 115200) is a SUN4V HCONS
[    1.553004] printk: console [ttyHV0] enabled
[    1.555357] sunvdc.c:v1.2 (November 24, 2014)
[    1.558683] sunvdc: Virtual Hard disk vdiskc
[    1.558705] sunvdc: vdiskc: 104857600 sectors (51200 MB) protocol 1.2
[    1.579587] sunvdc: Virtual Hard disk vdiskb
[    1.579612] sunvdc: vdiskb: 62914560 sectors (30720 MB) protocol 1.2
[    1.580245]  vdiskb: vdiskb1
[    1.600339] sunvdc: Virtual Hard disk vdiska
[    1.600362] sunvdc: vdiska: 31457280 sectors (15360 MB) protocol 1.2
[    1.601063]  vdiska: vdiska1 vdiska2 vdiska3 vdiska4
[    1.620430] rtc-sun4v rtc-sun4v: registered as rtc0
[    1.620491] rtc-sun4v rtc-sun4v: setting system clock to 2021-05-02T09:24:01 UTC (1619947441)
[    1.624511] NET: Registered protocol family 10
[    1.648537] Segment Routing with IPv6
[    1.648613] mip6: Mobile IPv6
[    1.648634] NET: Registered protocol family 17
[    1.652943] registered taskstats version 1
[    1.652971] Loading compiled-in X.509 certificates
[    1.658267] zswap: loaded using pool lzo/zbud
[    1.661594] This architecture does not have kernel memory protection.
[    1.661629] Run /init as init process
[    1.661648]   with arguments:
[    1.661652]     /init
[    1.661657]   with environment:
[    1.661661]     HOME=/
[    1.661665]     TERM=linux
[    1.661669]     BOOT_IMAGE=/vmlinux-5.12.0-13566-g17ae69aba89d
[    1.993775] sunvnet_common: module verification failed: signature and/or required key missing - tainting kernel
[    1.996195] sunvnet: sunvnet 2.0 (February 3, 2017)
[    1.998624] vnet_port vnet-port-0-0 eth0: Sun LDOM vnet 00:14:4f:f8:12:a3
[    1.998795] sunvnet: eth0: PORT ( remote-mac 00:14:4f:fa:f3:f0 switch-port )
[    1.999116] sunvnet: eth0: PORT ( remote-mac 00:14:4f:f8:e5:f3 )
[    1.999423] sunvnet: eth0: PORT ( remote-mac 00:14:4f:f8:3f:1e )
[    1.999771] sunvnet: eth0: PORT ( remote-mac 00:14:4f:f9:b4:97 )
[    2.000071] sunvnet: eth0: PORT ( remote-mac 00:14:4f:f9:8b:83 )
[    2.008164] crc32c_sparc64: Using sparc64 crc32c opcode optimized CRC32C implementation
[    2.012336] random: lvm: uninitialized urandom read (4 bytes read)
[    2.043349] device-mapper: uevent: version 1.0.3
[    2.044149] device-mapper: ioctl: 4.45.0-ioctl (2021-03-22) initialised: dm-devel@redhat.com
[    2.050681] random: lvm: uninitialized urandom read (2 bytes read)
[    2.396383] xor: automatically using best checksumming function   Niagara   
[    2.463689] raid6: int64x8  gen()  2154 MB/s
[    2.531675] raid6: int64x8  xor()  1517 MB/s
[    2.599673] raid6: int64x4  gen()  3377 MB/s
[    2.667678] raid6: int64x4  xor()  1453 MB/s
[    2.735682] raid6: int64x2  gen()  2909 MB/s
[    2.803683] raid6: int64x2  xor()  1138 MB/s
[    2.871691] raid6: int64x1  gen()  1423 MB/s
[    2.939702] raid6: int64x1  xor()   715 MB/s
[    2.939725] raid6: using algorithm int64x4 gen() 3377 MB/s
[    2.939748] raid6: .... xor() 1453 MB/s, rmw enabled
[    2.939768] raid6: using intx1 recovery algorithm
[    3.008174] random: fast init done
[    3.104547] EXT4-fs (vdiska2): mounted filesystem with ordered data mode. Opts: (null). Quota mode: none.
[    4.898625] systemd[1]: Inserted module 'autofs4'
[    5.212962] systemd[1]: systemd 247.3-5 running in system mode. (+PAM +AUDIT +SELINUX +IMA +APPARMOR +SMACK +SYSVINIT +UTMP +LIBCRYPTSETUP +GCRYPT +GNUTLS +ACL +XZ +LZ4 +ZSTD -SECCOMP +BLKID +ELFUTILS +KMOD +IDN2 -IDN +PCRE2 default-hierarchy=unified)
[    5.213396] systemd[1]: Detected architecture sparc64.
[    5.286518] systemd[1]: Set hostname to <ttip>.
[    6.873847] random: lvmconfig: uninitialized urandom read (4 bytes read)
[    8.668538] systemd[1]: Queued start job for default target Multi-User System.
[    8.669426] random: systemd: uninitialized urandom read (16 bytes read)
[    8.678786] systemd[1]: Created slice system-getty.slice.
[    8.679233] random: systemd: uninitialized urandom read (16 bytes read)
[    8.682840] systemd[1]: Created slice system-modprobe.slice.
[    8.683045] random: systemd: uninitialized urandom read (16 bytes read)
[    8.686808] systemd[1]: Created slice system-openvpn\x2dclient.slice.
[    8.690695] systemd[1]: Created slice system-postfix.slice.
[    8.694521] systemd[1]: Created slice system-systemd\x2dfsck.slice.
[    8.698155] systemd[1]: Created slice User and Session Slice.
[    8.698637] systemd[1]: Started Dispatch Password Requests to Console Directory Watch.
[    8.699092] systemd[1]: Started Forward Password Requests to Wall Directory Watch.
[    8.700634] systemd[1]: Set up automount Arbitrary Executable File Formats File System Automount Point.
[    8.700946] systemd[1]: Reached target Local Encrypted Volumes.
[    8.701222] systemd[1]: Reached target Paths.
[    8.701456] systemd[1]: Reached target Slices.
[    8.701973] systemd[1]: Listening on Device-mapper event daemon FIFOs.
[    8.702523] systemd[1]: Listening on LVM2 poll daemon socket.
[    8.720033] systemd[1]: Listening on RPCbind Server Activation Socket.
[    8.721455] systemd[1]: Listening on Syslog Socket.
[    8.722027] systemd[1]: Listening on fsck to fsckd communication Socket.
[    8.722442] systemd[1]: Listening on initctl Compatibility Named Pipe.
[    8.723176] systemd[1]: Listening on Journal Audit Socket.
[    8.723732] systemd[1]: Listening on Journal Socket (/dev/log).
[    8.724407] systemd[1]: Listening on Journal Socket.
[    8.725080] systemd[1]: Listening on udev Control Socket.
[    8.725596] systemd[1]: Listening on udev Kernel Socket.
[    8.731994] systemd[1]: Mounting Huge Pages File System...
[    8.738422] systemd[1]: Mounting POSIX Message Queue File System...
[    8.744566] systemd[1]: Mounting RPC Pipe File System...
[    8.750630] systemd[1]: Mounting Kernel Debug File System...
[    8.757971] systemd[1]: Mounting Kernel Trace File System...
[    8.758552] systemd[1]: Condition check resulted in Kernel Module supporting RPCSEC_GSS being skipped.
[    8.759119] systemd[1]: Finished Availability of block devices.
[    8.766843] systemd[1]: Starting Wait for network to be configured by ifupdown...
[    8.774200] systemd[1]: Starting Create list of static device nodes for the current kernel...
[    8.780973] systemd[1]: Starting Monitoring of LVM2 mirrors, snapshots etc. using dmeventd or progress polling...
[    8.787425] systemd[1]: Starting Load Kernel Module configfs...
[    8.794339] systemd[1]: Starting Load Kernel Module drm...
[    8.801496] systemd[1]: Starting Load Kernel Module fuse...
[    8.808232] systemd[1]: Starting nftables...
[    8.818717] RPC: Registered named UNIX socket transport module.
[    8.818761] RPC: Registered udp transport module.
[    8.818786] RPC: Registered tcp transport module.
[    8.818810] RPC: Registered tcp NFSv4.1 backchannel transport module.
[    8.833577] systemd[1]: Condition check resulted in Set Up Additional Binary Formats being skipped.
[    8.833802] systemd[1]: Condition check resulted in File System Check on Root Device being skipped.
[    8.844820] systemd[1]: Starting Journal Service...
[    8.980615] systemd[1]: Starting Load Kernel Modules...
[    8.986690] systemd[1]: Starting Remount Root and Kernel File Systems...
[    8.992741] systemd[1]: Starting Coldplug All udev Devices...
[    9.000173] systemd[1]: Mounted Huge Pages File System.
[    9.000817] systemd[1]: Mounted POSIX Message Queue File System.
[    9.001371] systemd[1]: Mounted RPC Pipe File System.
[    9.001939] systemd[1]: Mounted Kernel Debug File System.
[    9.002489] systemd[1]: Mounted Kernel Trace File System.
[    9.004708] systemd[1]: Finished Wait for network to be configured by ifupdown.
[    9.006789] systemd[1]: Finished Create list of static device nodes for the current kernel.
[    9.008156] systemd[1]: modprobe@configfs.service: Succeeded.
[    9.009663] systemd[1]: Finished Load Kernel Module configfs.
[    9.011014] systemd[1]: modprobe@drm.service: Succeeded.
[    9.012576] systemd[1]: Finished Load Kernel Module drm.
[    9.019257] systemd[1]: Mounting Kernel Configuration File System...
[    9.027964] systemd[1]: Mounted Kernel Configuration File System.
[    9.085844] systemd[1]: Finished Monitoring of LVM2 mirrors, snapshots etc. using dmeventd or progress polling.
[    9.174462] EXT4-fs (vdiska2): re-mounted. Opts: errors=remount-ro. Quota mode: none.
[    9.178614] systemd[1]: Finished Load Kernel Modules.
[    9.180917] systemd[1]: Finished Remount Root and Kernel File Systems.
[    9.256940] systemd[1]: Starting Initial Check File System Quotas...
[    9.329223] fuse: init (API version 7.33)
[    9.435501] systemd[1]: Condition check resulted in Rebuild Hardware Database being skipped.
[    9.435749] systemd[1]: Condition check resulted in Platform Persistent Storage Archival being skipped.
[    9.441862] systemd[1]: Starting Load/Save Random Seed...
[    9.448075] systemd[1]: Starting Apply Kernel Variables...
[    9.454308] systemd[1]: Starting Create System Users...
[    9.455817] systemd[1]: Started Journal Service.
[    9.648110] systemd-journald[398]: Received client request to flush runtime journal.
[   12.308047] random: crng init done
[   12.308083] random: 4 urandom warning(s) missed due to ratelimiting
[   12.634632] sha1_sparc64: Using sparc64 sha1 opcode optimized SHA-1 implementation
[   12.693627] sha256_sparc64: Using sparc64 sha256 opcode optimized SHA-256/SHA-224 implementation
[   12.725323] sha512_sparc64: Using sparc64 sha512 opcode optimized SHA-512/SHA-384 implementation
[   12.733398] n2rng v0.3 (Jan 7, 2017)
[   12.733451] n2rng f029b104: Registered RNG HVAPI major 2 minor 0
[   12.733484] n2rng f029b104: Found multi-unit-capable RNG, units: 2
[   12.733693] n2rng f029b104: RNG ready
[   12.778107] md5_sparc64: Using sparc64 md5 opcode optimized MD5 implementation
[   12.884877] aes_sparc64: Using sparc64 aes opcodes optimized AES implementation
[   12.931562] XFS (dm-0): Mounting V5 Filesystem
[   12.941650] des_sparc64: Using sparc64 des opcodes optimized DES implementation
[   13.003306] camellia_sparc64: Using sparc64 camellia opcodes optimized CAMELLIA implementation
[   13.327744] Adding 787176k swap on /dev/vdiska4.  Priority:-2 extents:1 across:787176k FS
[   13.527710] XFS (dm-0): Ending clean mount
[   13.538531] xfs filesystem being mounted at /1 supports timestamps until 2038 (0x7fffffff)
[   14.109510] EXT4-fs (vdiska1): mounting ext3 file system using the ext4 subsystem
[   14.636453] EXT4-fs (vdiska1): mounted filesystem with ordered data mode. Opts: (null). Quota mode: none.
[   14.636672] ext3 filesystem being mounted at /boot supports timestamps until 2038 (0x7fffffff)
