[    0.000019] PROMLIB: Sun IEEE Boot Prom 'OBP 4.38.12 2018/03/28 14:54'
[    0.000030] PROMLIB: Root node compatible: sun4v
[    0.000075] Linux version 5.2.0-05765-gc46038017fbd (mator@ttip) (gcc version 9.3.0 (Debian 9.3.0-11)) #86 SMP Tue Apr 28 13:20:51 MSK 2020
[    0.000379] printk: bootconsole [earlyprom0] enabled
[    0.000431] ARCH: SUN4V
[    0.000481] Ethernet address: 00:14:4f:fa:06:f2
[    0.000533] MM: PAGE_OFFSET is 0xfff8000000000000 (max_phys_bits == 47)
[    0.000596] MM: VMALLOC [0x0000000100000000 --> 0x0006000000000000]
[    0.000658] MM: VMEMMAP [0x0006000000000000 --> 0x000c000000000000]
[    0.012261] Kernel: Using 5 locked TLB entries for main kernel image.
[    0.012331] Remapping the kernel... 
[    0.012356] done.
[    0.045346] OF stdout device is: /virtual-devices@100/console@1
[    0.045411] PROM: Built device tree with 86230 bytes of memory.
[    0.045470] MDESC: Size is 36512 bytes.
[    0.045585] PLATFORM: banner-name [SPARC T5-2]
[    0.045635] PLATFORM: name [ORCL,SPARC-T5-2]
[    0.045681] PLATFORM: hostid [84fa06f2]
[    0.045725] PLATFORM: serial# [0035260e]
[    0.045767] PLATFORM: stick-frequency [3b9aca00]
[    0.045817] PLATFORM: mac-address [144ffa06f2]
[    0.045862] PLATFORM: watchdog-resolution [1000 ms]
[    0.045913] PLATFORM: watchdog-max-timeout [31536000000 ms]
[    0.045970] PLATFORM: max-cpus [1024]
[    0.046067] Top of RAM: 0x24af938000, Total RAM: 0x87f354000
[    0.046126] Memory hole size: 115461MB
[    0.050726] Allocated 40960 bytes for kernel page tables.
[    0.050811] Zone ranges:
[    0.050851]   Normal   [mem 0x0000000030400000-0x00000024af937fff]
[    0.050914] Movable zone start for each node
[    0.050958] Early memory node ranges
[    0.050999]   node   0: [mem 0x0000000030400000-0x000000006fe7ffff]
[    0.051058]   node   0: [mem 0x000000006ff00000-0x000000006ff25fff]
[    0.051119]   node   0: [mem 0x0000000070000000-0x000000042fffffff]
[    0.051180]   node   0: [mem 0x0000002030000000-0x00000024af87ffff]
[    0.051240]   node   0: [mem 0x00000024af900000-0x00000024af925fff]
[    0.051300]   node   0: [mem 0x00000024af930000-0x00000024af937fff]
[    0.058688] Zeroed struct page in unavailable ranges: 230130 pages
[    0.058696] Initmem setup node 0 [mem 0x0000000030400000-0x00000024af937fff]
[    0.058855] On node 0 totalpages: 4454826
[    0.058865]   Normal zone: 39154 pages used for memmap
[    0.058870]   Normal zone: 0 pages reserved
[    0.058876]   Normal zone: 4454826 pages, LIFO batch:31
[    0.066548] Booting Linux...
[    0.066631] CPU CAPS: [flush,stbar,swap,muldiv,v9,blkinit,n2,mul32]
[    0.066714] CPU CAPS: [div32,v8plus,popc,vis,vis2,ASIBlkInit,fmaf,vis3]
[    0.067792] CPU CAPS: [hpc,ima,pause,cbcond,aes,des,kasumi,camellia]
[    0.067866] CPU CAPS: [md5,sha1,sha256,sha512,mpmul,montmul,montsqr,crc32c]
[    0.097720] percpu: Embedded 27 pages/cpu s180168 r8192 d32824 u262144
[    0.097932] pcpu-alloc: s180168 r8192 d32824 u262144 alloc=1*4194304
[    0.097939] pcpu-alloc: [0] 000 001 002 003 004 005 006 007 008 009 010 011 012 013 014 015 
[    0.097967] pcpu-alloc: [0] 016 017 018 019 020 021 022 023 024 025 026 027 028 029 030 031 
[    0.097994] pcpu-alloc: [0] 032 033 034 035 036 037 038 039 040 041 042 043 044 045 046 047 
[    0.098022] pcpu-alloc: [0] 048 049 050 051 052 053 054 055 056 057 058 059 060 061 062 063 
[    0.098049] pcpu-alloc: [0] 064 065 066 067 068 069 070 071 072 073 074 075 076 077 078 079 
[    0.098076] pcpu-alloc: [0] 080 081 082 083 084 085 086 087 088 089 090 091 092 093 094 095 
[    0.098103] pcpu-alloc: [0] 096 097 098 099 100 101 102 103 104 105 106 107 108 109 110 111 
[    0.098130] pcpu-alloc: [0] 112 113 114 115 116 117 118 119 120 121 122 123 124 125 126 127 
[    0.098562] SUN4V: Mondo queue sizes [cpu(131072) dev(16384) r(8192) nr(256)]
[    0.098922] Built 1 zonelists, mobility grouping on.  Total pages: 4415672
[    0.099011] Kernel command line: BOOT_IMAGE=/vmlinux-5.2.0-05765-gc46038017fbd root=/dev/vdiska2 ro zswap.enabled=1
[    0.101289] printk: log_buf_len individual max cpu contribution: 4096 bytes
[    0.101359] printk: log_buf_len total cpu_extra contributions: 520192 bytes
[    0.101427] printk: log_buf_len min size: 131072 bytes
[    0.101715] printk: log_buf_len: 1048576 bytes
[    0.101765] printk: early log buf free: 126664(96%)
[    0.108627] Dentry cache hash table entries: 8388608 (order: 13, 67108864 bytes, linear)
[    0.112141] Inode-cache hash table entries: 4194304 (order: 12, 33554432 bytes, linear)
[    0.112218] Sorting __ex_table...
[    0.112455] mem auto-init: stack:off, heap alloc:off, heap free:off
[    0.170110] Memory: 1305232K/35638608K available (7335K kernel code, 950K rwdata, 2152K rodata, 688K init, 6667K bss, 508272K reserved, 0K cma-reserved)
[    0.170752] SLUB: HWalign=32, Order=0-3, MinObjects=0, CPUs=128, Nodes=1
[    0.171029] ftrace: allocating 21093 entries in 42 pages
[    0.182009] Running RCU self tests
[    0.182054] rcu: Hierarchical RCU implementation.
[    0.182102] rcu: 	RCU event tracing is enabled.
[    0.182152] rcu: 	RCU lockdep checking is enabled.
[    0.182201] 	Tasks RCU enabled.
[    0.182239] rcu: RCU calculated value of scheduler-enlistment delay is 10 jiffies.
[    0.186418] NR_IRQS: 2048, nr_irqs: 2048, preallocated irqs: 1
[    0.186495] SUN4V: Using IRQ API major 3, cookie only virqs enabled
[    0.188949] clocksource: stick: mask: 0xffffffffffffffff max_cycles: 0x1cd42e4dffb, max_idle_ns: 881590591483 ns
[    0.189079] clocksource: mult[800000] shift[23]
[    0.189127] clockevent: mult[80000000] shift[31]
[    0.189645] Console: colour dummy device 80x25
[    0.189708] printk: console [tty0] enabled
[    0.189784] printk: bootconsole [earlyprom0] disabled
[    0.189868] Lock dependency validator: Copyright (c) 2006 Red Hat, Inc., Ingo Molnar
[    0.189917] ... MAX_LOCKDEP_SUBCLASSES:  8
[    0.189946] ... MAX_LOCK_DEPTH:          48
[    0.189976] ... MAX_LOCKDEP_KEYS:        8192
[    0.190007] ... CLASSHASH_SIZE:          4096
[    0.190038] ... MAX_LOCKDEP_ENTRIES:     16384
[    0.190069] ... MAX_LOCKDEP_CHAINS:      32768
[    0.190100] ... CHAINHASH_SIZE:          16384
[    0.190131]  memory used by lock dependency info: 3855 kB
[    0.190167]  per task-struct memory footprint: 1920 bytes
[    0.339355] Calibrating delay using timer specific routine.. 2003.95 BogoMIPS (lpj=10019754)
[    0.339416] pid_max: default: 131072 minimum: 1024
[    0.339682] LSM: Security Framework initializing
[    0.339918] AppArmor: AppArmor initialized
[    0.340193] Mount-cache hash table entries: 131072 (order: 7, 1048576 bytes, linear)
[    0.340358] Mountpoint-cache hash table entries: 131072 (order: 7, 1048576 bytes, linear)
[    0.341171] *** VALIDATE proc ***
[    0.341654] *** VALIDATE cgroup1 ***
[    0.341686] *** VALIDATE cgroup2 ***
[    0.343714] rcu: Hierarchical SRCU implementation.
[    0.351307] smp: Bringing up secondary CPUs ...
[    0.393292] smp: Brought up 1 node, 32 CPUs
[    0.585063] node 0 initialised, 4228138 pages in 190ms
[    0.586563] devtmpfs: initialized
[    0.591066] Performance events: 
[    0.591109] Testing NMI watchdog ... 
[    0.791181] OK.
[    0.791285] Supported PMU type is 'niagara5'
[    0.791472] random: get_random_u32 called from bucket_table_alloc.isra.0+0x188/0x1c0 with crng_init=0
[    0.792095] ldc.c:v1.1 (July 22, 2008)
[    0.794446] clocksource: jiffies: mask: 0xffffffff max_cycles: 0xffffffff, max_idle_ns: 19112604462750000 ns
[    0.794533] futex hash table entries: 32768 (order: 9, 4194304 bytes, linear)
[    0.799519] NET: Registered protocol family 16
[    0.807307] VIO: Adding device channel-devices (tx_ino = ffffffffffffffff, rx_ino = ffffffffffffffff)
[    0.807508] VIO: Adding device vnet-port-0-0 (tx_ino = 0, rx_ino = 1)
[    0.807704] VIO: Adding device vnet-port-0-1 (tx_ino = 2, rx_ino = 3)
[    0.807867] VIO: Adding device vnet-port-0-2 (tx_ino = 4, rx_ino = 5)
[    0.808028] VIO: Adding device vnet-port-0-3 (tx_ino = 6, rx_ino = 7)
[    0.808194] VIO: Adding device vnet-port-0-4 (tx_ino = 8, rx_ino = 9)
[    0.808357] VIO: Adding device vnet-port-0-5 (tx_ino = a, rx_ino = b)
[    0.808518] VIO: Adding device vdc-port-2-0 (tx_ino = c, rx_ino = d)
[    0.808683] VIO: Adding device vdc-port-1-0 (tx_ino = e, rx_ino = f)
[    0.808844] VIO: Adding device vdc-port-0-0 (tx_ino = 10, rx_ino = 11)
[    0.809004] VIO: Adding device vdc-port-3-0 (tx_ino = 12, rx_ino = 13)
[    0.809171] VIO: Adding device vlds-port-0-0 (tx_ino = 14, rx_ino = 15)
[    0.809335] VIO: Adding device domain-services-port-0 (tx_ino = 14, rx_ino = 15)
[    0.809608] audit: initializing netlink subsys (disabled)
[    0.809868] audit: type=2000 audit(0.420:1): state=initialized audit_enabled=0 res=1
[    0.833473] HugeTLB registered 64.0 KiB page size, pre-allocated 0 pages
[    0.833521] HugeTLB registered 8.00 MiB page size, pre-allocated 0 pages
[    0.833566] HugeTLB registered 256 MiB page size, pre-allocated 0 pages
[    0.833611] HugeTLB registered 2.00 GiB page size, pre-allocated 0 pages
[    0.835193] alg: extra crypto tests enabled.  This is intended for developer use only.
[    0.860622] cryptd: max_cpu_qlen set to 1000
[    0.891527] alg: No test for lzo-rle (lzo-rle-generic)
[    0.891993] alg: No test for lzo-rle (lzo-rle-scomp)
[    0.942751] NetLabel: Initializing
[    0.942782] NetLabel:  domain hash size = 128
[    0.942814] NetLabel:  protocols = UNLABELED CIPSOv4 CALIPSO
[    0.942944] NetLabel:  unlabeled traffic allowed by default
[    0.943927] SUN4V: Reboot data supported (maj=1,min=0).
[    0.944279] ds.c:v1.0 (Jul 11, 2007)
[    0.944614] ds-0: ds_conn_reset() from send_events.isra.0
[    0.946062] clocksource: Switched to clocksource stick
[    1.140341] VFS: Disk quotas dquot_6.6.0
[    1.140473] VFS: Dquot-cache hash table entries: 1024 (order 0, 8192 bytes)
[    1.140692] *** VALIDATE hugetlbfs ***
[    1.142259] AppArmor: AppArmor Filesystem Enabled
[    1.154743] NET: Registered protocol family 2
[    1.156449] tcp_listen_portaddr_hash hash table entries: 32768 (order: 8, 2359296 bytes, linear)
[    1.159357] TCP established hash table entries: 524288 (order: 9, 4194304 bytes, linear)
[    1.161341] TCP bind hash table entries: 65536 (order: 9, 4194304 bytes, linear)
[    1.166920] TCP: Hash tables configured (established 524288 bind 65536)
[    1.169285] UDP hash table entries: 32768 (order: 9, 5242880 bytes, linear)
[    1.175490] UDP-Lite hash table entries: 32768 (order: 9, 5242880 bytes, linear)
[    1.183355] NET: Registered protocol family 1
[    1.183417] NET: Registered protocol family 44
[    1.184813] Trying to unpack rootfs image as initramfs...
[    1.380052] Freeing initrd memory: 14728K
[    1.380766] aes_sparc64: Using sparc64 aes opcodes optimized AES implementation
[    1.647863] des_sparc64: Using sparc64 des opcodes optimized DES implementation
[    2.120158] camellia_sparc64: Using sparc64 camellia opcodes optimized CAMELLIA implementation
[    2.298391] workingset: timestamp_bits=46 max_order=23 bucket_order=0
[    2.316408] zbud: loaded
[    2.318614] SGI XFS with ACLs, security attributes, debug enabled
[    2.339076] Block layer SCSI generic (bsg) driver version 0.4 loaded (major 252)
[    2.339894] io scheduler mq-deadline registered
[    2.342570] f029b788: ttyS0 at I/O 0x0 (irq = 1, base_baud = 115200) is a SUN4V HCONS
[    2.349420] printk: console [ttyHV0] enabled
[    2.352864] sunvdc.c:v1.2 (November 24, 2014)
[    2.354493] sunvdc: Virtual Hard disk vdiskc
[    2.354531] sunvdc: vdiskc: 104857600 sectors (51200 MB) protocol 1.2
[    2.373739] sunvdc: Virtual Hard disk vdiskb
[    2.373780] sunvdc: vdiskb: 62914560 sectors (30720 MB) protocol 1.2
[    2.374406]  vdiskb: vdiskb1
[    2.392547] sunvdc: Virtual Hard disk vdiska
[    2.392586] sunvdc: vdiska: 31457280 sectors (15360 MB) protocol 1.2
[    2.393224]  vdiska: vdiska1 vdiska2 vdiska3 vdiska4
[    2.412094] sunvdc: Virtual CDROM vdiskd
[    2.412137] sunvdc: vdiskd: 453848 sectors (221 MB) protocol 1.2
[    2.412798]  vdiskd: vdiskd1 vdiskd2 vdiskd3 vdiskd4 vdiskd5 vdiskd6 vdiskd7
[    2.431102] sunvnet: sunvnet 2.0 (February 3, 2017)
[    2.433142] vnet_port vnet-port-0-0 eth0: Sun LDOM vnet 00:14:4f:f8:12:a3
[    2.433358] sunvnet: eth0: PORT ( remote-mac 00:14:4f:fa:f3:f0 switch-port )
[    2.433703] sunvnet: eth0: PORT ( remote-mac 00:14:4f:f8:e5:f3 )
[    2.434035] sunvnet: eth0: PORT ( remote-mac 00:14:4f:f9:b4:97 )
[    2.434372] sunvnet: eth0: PORT ( remote-mac 00:14:4f:f8:3f:1e )
[    2.434728] sunvnet: eth0: PORT ( remote-mac 00:14:4f:f8:fe:47 )
[    2.435053] sunvnet: eth0: PORT ( remote-mac 00:14:4f:f9:8b:83 )
[    2.436253] rtc-sun4v rtc-sun4v: registered as rtc0
[    2.436770] sun4v_wdt: initialized (timeout=60s, nowayout=0)
[    2.437016] device-mapper: uevent: version 1.0.3
[    2.437727] device-mapper: ioctl: 4.40.0-ioctl (2019-01-18) initialised: dm-devel@redhat.com
[    2.438604] NET: Registered protocol family 17
[    2.439661] registered taskstats version 1
[    2.440460] zswap: loaded using pool lzo/zbud
[    2.625469] Key type big_key registered
[    2.625536] AppArmor: AppArmor sha1 policy hashing enabled
[    2.626542] rtc-sun4v rtc-sun4v: setting system clock to 2020-04-28T10:37:05 UTC (1588070225)
[    2.630453] This architecture does not have kernel memory protection.
[    2.630501] Run /init as init process
[    3.121198] crc32c_sparc64: Using sparc64 crc32c opcode optimized CRC32C implementation
[    3.726053] raid6: int64x8  gen()  2175 MB/s
[    3.896027] raid6: int64x8  xor()  1573 MB/s
[    4.066046] raid6: int64x4  gen()  3475 MB/s
[    4.236046] raid6: int64x4  xor()  2011 MB/s
[    4.406021] raid6: int64x2  gen()  2873 MB/s
[    4.576039] raid6: int64x2  xor()  2001 MB/s
[    4.746048] raid6: int64x1  gen()  2797 MB/s
[    4.916039] raid6: int64x1  xor()  1656 MB/s
[    4.916076] raid6: using algorithm int64x4 gen() 3475 MB/s
[    4.916116] raid6: .... xor() 2011 MB/s, rmw enabled
[    4.916153] raid6: using intx1 recovery algorithm
[    4.916942] async_tx: api initialized (async)
[    4.917424] xor: automatically using best checksumming function   Niagara   
[    4.990886] random: fast init done
[    5.182620] EXT4-fs (vdiska2): mounted filesystem with ordered data mode. Opts: (null)
[    5.395310] systemd[1]: Inserted module 'autofs4'
[    5.406506] NET: Registered protocol family 10
[    5.411226] Segment Routing with IPv6
[    5.428250] systemd[1]: systemd 245.5-2 running in system mode. (+PAM +AUDIT +SELINUX +IMA +APPARMOR +SMACK +SYSVINIT +UTMP +LIBCRYPTSETUP +GCRYPT +GNUTLS +ACL +XZ +LZ4 -SECCOMP +BLKID +ELFUTILS +KMOD +IDN2 -IDN +PCRE2 default-hierarchy=hybrid)
[    5.428858] systemd[1]: Detected architecture sparc64.
[    5.437014] systemd[1]: Set hostname to <ttip>.
[    5.538582] random: lvmconfig: uninitialized urandom read (4 bytes read)
[    5.811030] systemd[1]: /lib/systemd/system/dbus.socket:5: ListenStream= references a path below legacy directory /var/run/, updating /var/run/dbus/system_bus_socket â†’ /run/dbus/system_bus_socket; please update the unit file accordingly.
[    5.875411] random: systemd: uninitialized urandom read (16 bytes read)
[    5.884026] systemd[1]: Created slice system-getty.slice.
[    5.884733] random: systemd: uninitialized urandom read (16 bytes read)
[    5.888324] systemd[1]: Created slice system-modprobe.slice.
[    5.893166] systemd[1]: Created slice system-openvpn\x2dclient.slice.
[    5.898957] systemd[1]: Created slice system-postfix.slice.
[    5.902823] systemd[1]: Created slice system-systemd\x2dfsck.slice.
[    5.906715] systemd[1]: Created slice User and Session Slice.
[    5.907609] systemd[1]: Started Dispatch Password Requests to Console Directory Watch.
[    5.908418] systemd[1]: Started Forward Password Requests to Wall Directory Watch.
[    5.910493] systemd[1]: Set up automount Arbitrary Executable File Formats File System Automount Point.
[    5.911036] systemd[1]: Reached target Local Encrypted Volumes.
[    5.911512] systemd[1]: Reached target Paths.
[    5.911944] systemd[1]: Reached target Remote File Systems.
[    5.912388] systemd[1]: Reached target Slices.
[    5.913273] systemd[1]: Listening on Device-mapper event daemon FIFOs.
[    5.914313] systemd[1]: Listening on LVM2 poll daemon socket.
[    5.916403] systemd[1]: Listening on Syslog Socket.
[    5.917366] systemd[1]: Listening on fsck to fsckd communication Socket.
[    5.918126] systemd[1]: Listening on initctl Compatibility Named Pipe.
[    5.919312] systemd[1]: Listening on Journal Audit Socket.
[    5.920284] systemd[1]: Listening on Journal Socket (/dev/log).
[    5.921428] systemd[1]: Listening on Journal Socket.
[    5.922485] systemd[1]: Listening on udev Control Socket.
[    5.923296] systemd[1]: Listening on udev Kernel Socket.
[    5.932163] systemd[1]: Mounting Huge Pages File System...
[    5.941463] systemd[1]: Mounting POSIX Message Queue File System...
[    5.950493] systemd[1]: Mounting Kernel Debug File System...
[    5.961234] systemd[1]: Mounting Kernel Trace File System...
[    5.969754] systemd[1]: Starting Availability of block devices...
[    5.980484] systemd[1]: Starting Wait for network to be configured by ifupdown...
[    5.989818] systemd[1]: Starting Create list of static device nodes for the current kernel...
[    5.998867] systemd[1]: Starting Monitoring of LVM2 mirrors, snapshots etc. using dmeventd or progress polling...
[    6.007609] systemd[1]: Starting Load Kernel Module drm...
[    6.016979] systemd[1]: Starting nftables...
[    6.018757] systemd[1]: Condition check resulted in Set Up Additional Binary Formats being skipped.
[    6.019043] systemd[1]: Condition check resulted in File System Check on Root Device being skipped.
[    6.032454] systemd[1]: Starting Journal Service...
[    6.044301] systemd[1]: Starting Load Kernel Modules...
[    6.055144] systemd[1]: Starting Remount Root and Kernel File Systems...
[    6.067795] systemd[1]: Starting udev Coldplug all Devices...
[    6.077314] systemd[1]: Mounted Huge Pages File System.
[    6.078942] systemd[1]: Mounted POSIX Message Queue File System.
[    6.080654] systemd[1]: Mounted Kernel Debug File System.
[    6.082273] systemd[1]: Mounted Kernel Trace File System.
[    6.092055] systemd[1]: Finished Availability of block devices.
[    6.101127] systemd[1]: Finished Wait for network to be configured by ifupdown.
[    6.111368] systemd[1]: Finished Create list of static device nodes for the current kernel.
[    6.114290] EXT4-fs (vdiska2): re-mounted. Opts: errors=remount-ro
[    6.129807] systemd[1]: Started Journal Service.
[    6.236875] systemd-journald[551]: Received client request to flush runtime journal.
[    6.600614] sha1_sparc64: Using sparc64 sha1 opcode optimized SHA-1 implementation
[    6.602653] n2rng v0.3 (Jan 7, 2017)
[    6.602741] n2rng f029b104: Registered RNG HVAPI major 2 minor 0
[    6.602834] n2rng f029b104: Found multi-unit-capable RNG, units: 2
[    6.603795] n2rng f029b104: RNG ready
[    6.779285] sha256_sparc64: Using sparc64 sha256 opcode optimized SHA-256/SHA-224 implementation
[    6.786403] Adding 787176k swap on /dev/vdiska4.  Priority:-2 extents:1 across:787176k FS
[    6.845397] EXT4-fs (vdiska1): mounting ext3 file system using the ext4 subsystem
[    6.858922] EXT4-fs (vdiska1): mounted filesystem with ordered data mode. Opts: (null)
[    6.925251] sha512_sparc64: Using sparc64 sha512 opcode optimized SHA-512/SHA-384 implementation
[    6.927817] md5_sparc64: Using sparc64 md5 opcode optimized MD5 implementation
[   96.043404] Kernel unaligned access at TPC[85c5d8] aa_dfa_unpack+0x38/0x5c0
[   96.043516] Kernel unaligned access at TPC[85c5f8] aa_dfa_unpack+0x58/0x5c0
[   96.043572] Kernel unaligned access at TPC[85c6c0] aa_dfa_unpack+0x120/0x5c0
[   96.043630] Kernel unaligned access at TPC[85c7a0] aa_dfa_unpack+0x200/0x5c0
[   96.043685] Kernel unaligned access at TPC[85c7b4] aa_dfa_unpack+0x214/0x5c0
[   96.046034] audit: type=1400 audit(1588070318.900:2): apparmor="STATUS" operation="profile_load" profile="unconfined" name="/usr/sbin/haveged" pid=689 comm="apparmor_parser"
[   96.048137] audit: type=1400 audit(1588070318.910:3): apparmor="STATUS" operation="profile_load" profile="unconfined" name="lsb_release" pid=695 comm="apparmor_parser"
[   96.048650] audit: type=1400 audit(1588070318.910:4): apparmor="STATUS" operation="profile_load" profile="unconfined" name="/usr/sbin/named" pid=694 comm="apparmor_parser"
[   96.050351] audit: type=1400 audit(1588070318.910:5): apparmor="STATUS" operation="profile_load" profile="unconfined" name="nvidia_modprobe" pid=690 comm="apparmor_parser"
[   96.050487] audit: type=1400 audit(1588070318.910:6): apparmor="STATUS" operation="profile_load" profile="unconfined" name="nvidia_modprobe//kmod" pid=690 comm="apparmor_parser"
[   96.051025] audit: type=1400 audit(1588070318.910:7): apparmor="STATUS" operation="profile_load" profile="unconfined" name="/usr/sbin/tcpdump" pid=693 comm="apparmor_parser"
[   96.069094] audit: type=1400 audit(1588070318.930:8): apparmor="STATUS" operation="profile_load" profile="unconfined" name="/usr/bin/man" pid=691 comm="apparmor_parser"
[   96.069248] audit: type=1400 audit(1588070318.930:9): apparmor="STATUS" operation="profile_load" profile="unconfined" name="man_filter" pid=691 comm="apparmor_parser"
[   96.069384] audit: type=1400 audit(1588070318.930:10): apparmor="STATUS" operation="profile_load" profile="unconfined" name="man_groff" pid=691 comm="apparmor_parser"
[   96.566130] random: crng init done
[   96.566198] random: 7 urandom warning(s) missed due to ratelimiting
