[    0.000017] PROMLIB: Sun IEEE Boot Prom 'OBP 4.38.8 2017/02/22 13:51'
[    0.000029] PROMLIB: Root node compatible: sun4v
[    0.000076] Linux version 4.14.0-12947-ge1d1ea549b57-dirty (mator@ttip) (gcc version 7.2.0 (Debian 7.2.0-16)) #496 SMP Tue Nov 21 14:57:45 MSK 2017
[    0.000378] bootconsole [earlyprom0] enabled
[    0.000426] ARCH: SUN4V
[    0.000478] Ethernet address: 00:14:4f:fa:06:f2
[    0.000530] MM: PAGE_OFFSET is 0xfff8000000000000 (max_phys_bits == 47)
[    0.000597] MM: VMALLOC [0x0000000100000000 --> 0x0006000000000000]
[    0.000660] MM: VMEMMAP [0x0006000000000000 --> 0x000c000000000000]
[    0.012963] Kernel: Using 5 locked TLB entries for main kernel image.
[    0.013049] Remapping the kernel... 
[    0.013079] done.
[    0.021576] kmemleak: Kernel memory leak detector disabled
[    0.046796] OF stdout device is: /virtual-devices@100/console@1
[    0.046877] PROM: Built device tree with 74487 bytes of memory.
[    0.046941] MDESC: Size is 30976 bytes.
[    0.047063] PLATFORM: banner-name [SPARC T5-2]
[    0.047115] PLATFORM: name [ORCL,SPARC-T5-2]
[    0.047160] PLATFORM: hostid [84fa06f2]
[    0.047201] PLATFORM: serial# [0035260e]
[    0.047246] PLATFORM: stick-frequency [3b9aca00]
[    0.047294] PLATFORM: mac-address [144ffa06f2]
[    0.047341] PLATFORM: watchdog-resolution [1000 ms]
[    0.047391] PLATFORM: watchdog-max-timeout [31536000000 ms]
[    0.047446] PLATFORM: max-cpus [1024]
[    0.047555] Top of RAM: 0x40bf8b4000, Total RAM: 0x7ff37c000
[    0.047618] Memory hole size: 232453MB
[    0.171675] Allocated 40960 bytes for kernel page tables.
[    0.171793] Zone ranges:
[    0.171836]   Normal   [mem 0x0000000040400000-0x00000040bf8b3fff]
[    0.171904] Movable zone start for each node
[    0.171950] Early memory node ranges
[    0.171989]   node   0: [mem 0x0000000040400000-0x000000007febffff]
[    0.172049]   node   0: [mem 0x000000007ff40000-0x000000007ff47fff]
[    0.172111]   node   0: [mem 0x0000000080000000-0x000000077fffffff]
[    0.172175]   node   0: [mem 0x0000002000000000-0x000000202fffffff]
[    0.172237]   node   0: [mem 0x0000004030000000-0x00000040bf8b3fff]
[    0.172303] Initmem setup node 0 [mem 0x0000000040400000-0x00000040bf8b3fff]
[    0.172375] On node 0 totalpages: 4192702
[    0.172384]   Normal zone: 36850 pages used for memmap
[    0.172389]   Normal zone: 0 pages reserved
[    0.172395]   Normal zone: 4192702 pages, LIFO batch:15
[    0.310130] Booting Linux...
[    0.310214] CPU CAPS: [flush,stbar,swap,muldiv,v9,blkinit,n2,mul32]
[    0.310324] CPU CAPS: [div32,v8plus,popc,vis,vis2,ASIBlkInit,fmaf,vis3]
[    0.310428] CPU CAPS: [hpc,ima,pause,cbcond,aes,des,kasumi,camellia]
[    0.310532] CPU CAPS: [md5,sha1,sha256,sha512,mpmul,montmul,montsqr,crc32c]
[    0.337834] random: fast init done
[    0.360466] percpu: Embedded 12 pages/cpu @fff80040bd000000 s56400 r8192 d33712 u131072
[    0.360759] pcpu-alloc: s56400 r8192 d33712 u131072 alloc=1*4194304
[    0.360770] pcpu-alloc: [0] 000 001 002 003 004 005 006 007 008 009 010 011 012 013 014 015 016 017 018 019 020 021 022 023 024 025 026 027 028 029 030 031 
[    0.360929] pcpu-alloc: [0] 032 033 034 035 036 037 038 039 040 041 042 043 044 045 046 047 048 049 050 051 052 053 054 055 056 057 058 059 060 061 062 063 
[    0.361088] pcpu-alloc: [0] 064 065 066 067 068 069 070 071 072 073 074 075 076 077 078 079 080 081 082 083 084 085 086 087 088 089 090 091 092 093 094 095 
[    0.361247] pcpu-alloc: [0] 096 097 098 099 100 101 102 103 104 105 106 107 108 109 110 111 112 113 114 115 116 117 118 119 120 121 122 123 124 125 126 127 
[    0.361409] pcpu-alloc: [0] 128 129 130 131 132 133 134 135 136 137 138 139 140 141 142 143 144 145 146 147 148 149 150 151 152 153 154 155 156 157 158 159 
[    0.361571] pcpu-alloc: [0] 160 161 162 163 164 165 166 167 168 169 170 171 172 173 174 175 176 177 178 179 180 181 182 183 184 185 186 187 188 189 190 191 
[    0.361732] pcpu-alloc: [0] 192 193 194 195 196 197 198 199 200 201 202 203 204 205 206 207 208 209 210 211 212 213 214 215 216 217 218 219 220 221 222 223 
[    0.361895] pcpu-alloc: [0] 224 225 226 227 228 229 230 231 232 233 234 235 236 237 238 239 240 241 242 243 244 245 246 247 248 249 250 251 252 253 254 255 
[    0.362563] SUN4V: Mondo queue sizes [cpu(131072) dev(16384) r(8192) nr(256)]
[    0.362889] Built 1 zonelists, mobility grouping on.  Total pages: 4155852
[    0.362982] Kernel command line: BOOT_IMAGE=/vmlinuz-4.14.0-12947-ge1d1ea549b57-dirty root=/dev/vdiska2 ro zswap.enabled=1 elevator=deadline
[    0.365253] log_buf_len individual max cpu contribution: 4096 bytes
[    0.365344] log_buf_len total cpu_extra contributions: 1044480 bytes
[    0.365410] log_buf_len min size: 131072 bytes
[    0.365791] log_buf_len: 2097152 bytes
[    0.365838] early log buf free: 126176(96%)
[    0.369096] Dentry cache hash table entries: 4194304 (order: 12, 33554432 bytes)
[    0.370842] Inode-cache hash table entries: 2097152 (order: 11, 16777216 bytes)
[    0.370937] Sorting __ex_table...
[    0.448350] Memory: 33106440K/33541616K available (6227K kernel code, 855K rwdata, 1848K rodata, 576K init, 7921K bss, 435176K reserved, 0K cma-reserved)
[    0.449306] ftrace: allocating 19367 entries in 38 pages
[    0.464112] Running RCU self tests
[    0.464188] Hierarchical RCU implementation.
[    0.464235] 	RCU lockdep checking is enabled.
[    0.464286] 	Tasks RCU enabled.
[    0.469265] NR_IRQS: 2048, nr_irqs: 2048, preallocated irqs: 1
[    0.469387] SUN4V: Using IRQ API major 3, cookie only virqs enabled
[    0.473740] clocksource: stick: mask: 0xffffffffffffffff max_cycles: 0x1cd42e4dffb, max_idle_ns: 881590591483 ns
[    0.473872] clocksource: mult[800000] shift[23]
[    0.473919] clockevent: mult[80000000] shift[31]
[    0.476666] Console: colour dummy device 80x25
[    0.476751] console [tty0] enabled
[    0.476820] bootconsole [earlyprom0] disabled
[    0.476893] Lock dependency validator: Copyright (c) 2006 Red Hat, Inc., Ingo Molnar
[    0.476933] ... MAX_LOCKDEP_SUBCLASSES:  8
[    0.476958] ... MAX_LOCK_DEPTH:          48
[    0.476982] ... MAX_LOCKDEP_KEYS:        8191
[    0.477008] ... CLASSHASH_SIZE:          4096
[    0.477035] ... MAX_LOCKDEP_ENTRIES:     16384
[    0.477061] ... MAX_LOCKDEP_CHAINS:      32768
[    0.477087] ... CHAINHASH_SIZE:          16384
[    0.477113]  memory used by lock dependency info: 5087 kB
[    0.477143]  per task-struct memory footprint: 2304 bytes
[    0.477329] kmemleak: Early log buffer exceeded (24639), please increase DEBUG_KMEMLEAK_EARLY_LOG_SIZE
[    0.624664] Calibrating delay using timer specific routine.. 2018.16 BogoMIPS (lpj=10090845)
[    0.624727] pid_max: default: 262144 minimum: 2048
[    0.625826] Security Framework initialized
[    0.625866] AppArmor: AppArmor disabled by boot time parameter
[    0.626414] Mount-cache hash table entries: 65536 (order: 6, 524288 bytes)
[    0.626513] Mountpoint-cache hash table entries: 65536 (order: 6, 524288 bytes)
[    0.631121] Hierarchical SRCU implementation.
[    0.659890] smp: Bringing up secondary CPUs ...
[    0.720477] smp: Brought up 1 node, 24 CPUs
[    0.724823] devtmpfs: initialized
[    0.730268] Performance events: 
[    0.730322] Testing NMI watchdog ... 
[    0.930445] OK.
[    0.930581] Supported PMU type is 'niagara5'
[    0.932100] ldc.c:v1.1 (July 22, 2008)
[    0.935848] clocksource: jiffies: mask: 0xffffffff max_cycles: 0xffffffff, max_idle_ns: 19112604462750000 ns
[    0.935942] futex hash table entries: 65536 (order: 10, 8388608 bytes)
[    0.952019] NET: Registered protocol family 16
[    0.960765] VIO: Adding device channel-devices (tx_ino = ffffffffffffffff, rx_ino = ffffffffffffffff)
[    0.961012] VIO: Adding device vnet-port-0-0 (tx_ino = 0, rx_ino = 1)
[    0.961221] VIO: Adding device vnet-port-0-1 (tx_ino = 2, rx_ino = 3)
[    0.961399] VIO: Adding device vnet-port-0-2 (tx_ino = 4, rx_ino = 5)
[    0.961573] VIO: Adding device vnet-port-0-3 (tx_ino = 6, rx_ino = 7)
[    0.961746] VIO: Adding device vnet-port-0-4 (tx_ino = 14, rx_ino = 15)
[    0.961930] VIO: Adding device vdc-port-3-0 (tx_ino = 8, rx_ino = 9)
[    0.962108] VIO: Adding device vdc-port-2-0 (tx_ino = a, rx_ino = b)
[    0.962287] VIO: Adding device vdc-port-0-0 (tx_ino = c, rx_ino = d)
[    0.962486] VIO: Adding device vdc-port-1-0 (tx_ino = e, rx_ino = f)
[    0.962676] VIO: Adding device vlds-port-0-0 (tx_ino = 10, rx_ino = 11)
[    0.962888] VIO: Adding device domain-services-port-0 (tx_ino = 10, rx_ino = 11)
[    0.963296] audit: initializing netlink subsys (disabled)
[    0.963711] audit: type=2000 audit(0.480:1): state=initialized audit_enabled=0 res=1
[    1.016696] HugeTLB registered 64.0 KiB page size, pre-allocated 0 pages
[    1.016746] HugeTLB registered 8.00 MiB page size, pre-allocated 0 pages
[    1.016784] HugeTLB registered 256 MiB page size, pre-allocated 0 pages
[    1.016822] HugeTLB registered 2.00 GiB page size, pre-allocated 0 pages
[    1.027274] vgaarb: loaded
[    1.030834] SUN4V: Reboot data supported (maj=1,min=0).
[    1.031331] ds.c:v1.0 (Jul 11, 2007)
[    1.031734] ds-0: ds_conn_reset() from send_events.isra.3
[    1.032180] clocksource: Switched to clocksource stick
[    1.191084] VFS: Disk quotas dquot_6.6.0
[    1.191327] VFS: Dquot-cache hash table entries: 1024 (order 0, 8192 bytes)
[    1.208992] NET: Registered protocol family 2
[    1.212029] TCP established hash table entries: 262144 (order: 8, 2097152 bytes)
[    1.213683] TCP bind hash table entries: 65536 (order: 9, 4718592 bytes)
[    1.225464] TCP: Hash tables configured (established 262144 bind 65536)
[    1.232210] UDP hash table entries: 16384 (order: 8, 2621440 bytes)
[    1.239729] UDP-Lite hash table entries: 16384 (order: 8, 2621440 bytes)
[    1.254970] NET: Registered protocol family 1
[    1.255044] PCI: CLS 0 bytes, default 64
[    1.255703] Unpacking initramfs...
[    1.615110] Freeing initrd memory: 13672K
[    1.656010] Kprobe smoke test: started
[    1.664582] Kprobe smoke test: passed successfully
[    1.665753] workingset: timestamp_bits=46 max_order=22 bucket_order=0
[    1.667117] zbud: loaded
[    1.717433] Block layer SCSI generic (bsg) driver version 0.4 loaded (major 251)
[    1.719279] io scheduler noop registered
[    1.719317] io scheduler deadline registered (default)
[    1.720106] io scheduler cfq registered
[    1.720140] io scheduler mq-deadline registered (default)
[    1.724348] f029b778: ttyS0 at I/O 0x0 (irq = 1, base_baud = 115200) is a SUN4V HCONS
[    1.724991] console [ttyHV0] enabled
[    1.726043] VCC: vcc.c:v1.1 (July 1, 2017)
[    1.729306] sunvdc.c:v1.2 (November 24, 2014)
[    1.771196] sunvdc: Virtual CDROM vdiskd
[    1.771273] sunvdc: vdiskd: 402520 sectors (196 MB) protocol 1.2
[    1.772680]  vdiskd: vdiskd1 vdiskd2 vdiskd3 vdiskd4 vdiskd5 vdiskd6 vdiskd7
[    1.784185] sunvdc: Virtual Hard disk vdiskc
[    1.784237] sunvdc: vdiskc: 104857600 sectors (51200 MB) protocol 1.2
[    1.791536] sunvdc: Virtual Hard disk vdiska
[    1.791587] sunvdc: vdiska: 31457280 sectors (15360 MB) protocol 1.2
[    1.792630]  vdiska: vdiska1 vdiska2 vdiska3 vdiska4
[    1.840375] sunvdc: Virtual Hard disk vdiskb
[    1.840426] sunvdc: vdiskb: 62914560 sectors (30720 MB) protocol 1.2
[    1.841441]  vdiskb: vdiskb1
[    1.842947] sunvnet: sunvnet 2.0 (February 3, 2017)
[    1.846323] vnet_port vnet-port-0-0 eth0: Sun LDOM vnet 00:14:4f:f8:12:a3
[    1.846955] sunvnet: eth0: PORT ( remote-mac 00:14:4f:fa:f3:f0 switch-port )
[    1.848449] sunvnet: eth0: PORT ( remote-mac 00:14:4f:f8:e5:f3 )
[    1.849890] sunvnet: eth0: PORT ( remote-mac 00:14:4f:fa:e6:35 )
[    1.851355] sunvnet: eth0: PORT ( remote-mac 00:14:4f:f9:b4:97 )
[    1.852894] sunvnet: eth0: PORT ( remote-mac 00:14:4f:f9:77:1b )
[    1.854194] mousedev: PS/2 mouse device common for all mice
[    1.855194] rtc-sun4v rtc-sun4v: rtc core: registered sun4v as rtc0
[    1.857068] device-mapper: uevent: version 1.0.3
[    1.858396] device-mapper: ioctl: 4.37.0-ioctl (2017-09-20) initialised: dm-devel@redhat.com
[    1.860037] NET: Registered protocol family 17
[    1.861386] registered taskstats version 1
[    1.864758] zswap: loaded using pool lzo/zbud
[    1.882941] Key type big_key registered
[    1.883846] rtc-sun4v rtc-sun4v: setting system clock to 2017-11-21 12:39:15 UTC (1511267955)
[    1.888200] This architecture does not have kernel memory protection.
[    2.804306] crc32c_sparc64: Using sparc64 crc32c opcode optimized CRC32C implementation
[    3.263050] EXT4-fs (vdiska2): mounted filesystem with ordered data mode. Opts: (null)
[    4.989360] NET: Registered protocol family 10
[    5.003418] Segment Routing with IPv6
[    5.011967] ip_tables: (C) 2000-2006 Netfilter Core Team
[    5.088574] systemd[1]: systemd 235 running in system mode. (+PAM +AUDIT +SELINUX +IMA +APPARMOR +SMACK +SYSVINIT +UTMP +LIBCRYPTSETUP +GCRYPT +GNUTLS +ACL +XZ +LZ4 -SECCOMP +BLKID +ELFUTILS +KMOD -IDN2 +IDN default-hierarchy=hybrid)
[    5.089018] systemd[1]: Detected architecture sparc64.
[    5.102302] systemd[1]: Set hostname to <ttip>.
[    7.932877] systemd[1]: Configuration file /lib/systemd/system/postfix@.service is marked executable. Please remove executable permission bits. Proceeding anyway.
[    8.167222] systemd[1]: Created slice User and Session Slice.
[    8.168826] systemd[1]: Started Dispatch Password Requests to Console Directory Watch.
[    8.169843] systemd[1]: Started Forward Password Requests to Wall Directory Watch.
[    8.170334] systemd[1]: Reached target Local Encrypted Volumes.
[    8.170811] systemd[1]: Reached target Remote File Systems.
[    8.171199] systemd[1]: Reached target Paths.
[    8.224885] random: crng init done
[    8.304207] EXT4-fs (vdiska2): re-mounted. Opts: errors=remount-ro
[    8.442716] nf_conntrack version 0.5.0 (65536 buckets, 262144 max)
[    8.612600] systemd-journald[335]: Received request to flush runtime journal from PID 1
[    9.615184] sha1_sparc64: Using sparc64 sha1 opcode optimized SHA-1 implementation
[    9.634912] sha256_sparc64: Using sparc64 sha256 opcode optimized SHA-256/SHA-224 implementation
[    9.670785] sha512_sparc64: Using sparc64 sha512 opcode optimized SHA-512/SHA-384 implementation
[    9.678520] md5_sparc64: Using sparc64 md5 opcode optimized MD5 implementation
[    9.695155] aes_sparc64: Using sparc64 aes opcodes optimized AES implementation
[    9.706473] n2rng v0.3 (Jan 7, 2017)
[    9.706616] n2rng f029b0f4: Registered RNG HVAPI major 2 minor 0
[    9.706732] n2rng f029b0f4: Found multi-unit-capable RNG, units: 2
[    9.708324] n2rng f029b0f4: RNG ready
[    9.749734] des_sparc64: Using sparc64 des opcodes optimized DES implementation
[    9.769147] camellia_sparc64: Using sparc64 camellia opcodes optimized CAMELLIA implementation
[   10.589097] SGI XFS with ACLs, security attributes, debug enabled
[   10.627993] XFS (dm-0): Mounting V5 Filesystem
[   11.315891] XFS (dm-0): Ending clean mount
[   12.557956] Adding 787176k swap on /dev/vdiska4.  Priority:-2 extents:1 across:787176k FS
[   12.807878] EXT4-fs (vdiska1): mounting ext3 file system using the ext4 subsystem
[   12.819955] EXT4-fs (vdiska1): mounted filesystem with ordered data mode. Opts: (null)
[   16.193630] tun: Universal TUN/TAP device driver, 1.6
