[    0.000018] PROMLIB: Sun IEEE Boot Prom 'OBP 4.38.17 2019/01/25 08:22'
[    0.000021] PROMLIB: Root node compatible: sun4v
[    0.000056] Linux version 5.9.0-01938-g57218d7f2e87 (mator@ttip) (gcc (Debian 10.2.0-23) 10.2.0, GNU ld (GNU Binutils for Debian) 2.35.1) #132 SMP Mon Dec 7 23:40:29 MSK 2020
[    0.000332] printk: bootconsole [earlyprom0] enabled
[    0.000378] ARCH: SUN4V
[    0.000417] Ethernet address: 00:14:4f:fa:06:f2
[    0.000463] MM: PAGE_OFFSET is 0xfff8000000000000 (max_phys_bits == 47)
[    0.000520] MM: VMALLOC [0x0000000100000000 --> 0x0006000000000000]
[    0.000576] MM: VMEMMAP [0x0006000000000000 --> 0x000c000000000000]
[    0.011883] Kernel: Using 3 locked TLB entries for main kernel image.
[    0.011945] Remapping the kernel... 
[    0.011961] done.
[    0.034857] OF stdout device is: /virtual-devices@100/console@1
[    0.034912] PROM: Built device tree with 65673 bytes of memory.
[    0.034964] MDESC: Size is 29712 bytes.
[    0.035053] PLATFORM: banner-name [SPARC T5-2]
[    0.035096] PLATFORM: name [ORCL,SPARC-T5-2]
[    0.035135] PLATFORM: hostid [84fa06f2]
[    0.035172] PLATFORM: serial# [0035260e]
[    0.035206] PLATFORM: stick-frequency [3b9aca00]
[    0.035248] PLATFORM: mac-address [144ffa06f2]
[    0.035286] PLATFORM: watchdog-resolution [1000 ms]
[    0.035330] PLATFORM: watchdog-max-timeout [31536000000 ms]
[    0.035376] PLATFORM: max-cpus [1024]
[    0.035454] Top of RAM: 0x2af94a000, Total RAM: 0x27f388000
[    0.035506] Memory hole size: 773MB
[    0.036998] Allocated 24576 bytes for kernel page tables.
[    0.037067] Zone ranges:
[    0.037098]   Normal   [mem 0x0000000030400000-0x00000002af949fff]
[    0.037154] Movable zone start for each node
[    0.037192] Early memory node ranges
[    0.037226]   node   0: [mem 0x0000000030400000-0x000000006febffff]
[    0.037281]   node   0: [mem 0x000000006ff40000-0x000000006ff47fff]
[    0.037335]   node   0: [mem 0x0000000070000000-0x00000002af8b5fff]
[    0.037391]   node   0: [mem 0x00000002af940000-0x00000002af949fff]
[    0.043259] Zeroed struct page in unavailable ranges: 132668 pages
[    0.043264] Initmem setup node 0 [mem 0x0000000030400000-0x00000002af949fff]
[    0.043406] On node 0 totalpages: 1309124
[    0.043409]   Normal zone: 11508 pages used for memmap
[    0.043411]   Normal zone: 0 pages reserved
[    0.043414]   Normal zone: 1309124 pages, LIFO batch:31
[    0.084812] Booting Linux...
[    0.084881] CPU CAPS: [flush,stbar,swap,muldiv,v9,blkinit,n2,mul32]
[    0.084951] CPU CAPS: [div32,v8plus,popc,vis,vis2,ASIBlkInit,fmaf,vis3]
[    0.086018] CPU CAPS: [hpc,ima,pause,cbcond,aes,des,kasumi,camellia]
[    0.086078] CPU CAPS: [md5,sha1,sha256,sha512,mpmul,montmul,montsqr,crc32c]
[    0.133413] percpu: Embedded 19 pages/cpu s114904 r8192 d32552 u262144
[    0.133617] pcpu-alloc: s114904 r8192 d32552 u262144 alloc=1*4194304
[    0.133620] pcpu-alloc: [0] 000 001 002 003 004 005 006 007 008 009 010 011 012 013 014 015 
[    0.133634] pcpu-alloc: [0] 016 017 018 019 020 021 022 023 024 025 026 027 028 029 030 031 
[    0.133647] pcpu-alloc: [0] 032 033 034 035 036 037 038 039 040 041 042 043 044 045 046 047 
[    0.133659] pcpu-alloc: [0] 048 049 050 051 052 053 054 055 056 057 058 059 060 061 062 063 
[    0.133672] pcpu-alloc: [0] 064 065 066 067 068 069 070 071 072 073 074 075 076 077 078 079 
[    0.133685] pcpu-alloc: [0] 080 081 082 083 084 085 086 087 088 089 090 091 092 093 094 095 
[    0.133697] pcpu-alloc: [0] 096 097 098 099 100 101 102 103 104 105 106 107 108 109 110 111 
[    0.133710] pcpu-alloc: [0] 112 113 114 115 116 117 118 119 120 121 122 123 124 125 126 127 
[    0.133723] pcpu-alloc: [0] 128 129 130 131 132 133 134 135 136 137 138 139 140 141 142 143 
[    0.133735] pcpu-alloc: [0] 144 145 146 147 148 149 150 151 152 153 154 155 156 157 158 159 
[    0.133748] pcpu-alloc: [0] 160 161 162 163 164 165 166 167 168 169 170 171 172 173 174 175 
[    0.133760] pcpu-alloc: [0] 176 177 178 179 180 181 182 183 184 185 186 187 188 189 190 191 
[    0.133773] pcpu-alloc: [0] 192 193 194 195 196 197 198 199 200 201 202 203 204 205 206 207 
[    0.133785] pcpu-alloc: [0] 208 209 210 211 212 213 214 215 216 217 218 219 220 221 222 223 
[    0.133798] pcpu-alloc: [0] 224 225 226 227 228 229 230 231 232 233 234 235 236 237 238 239 
[    0.133810] pcpu-alloc: [0] 240 241 242 243 244 245 246 247 248 249 250 251 252 253 254 255 
[    0.134215] SUN4V: Mondo queue sizes [cpu(131072) dev(16384) r(8192) nr(256)]
[    0.134511] Built 1 zonelists, mobility grouping on.  Total pages: 1297616
[    0.134575] Kernel command line: BOOT_IMAGE=/vmlinux-5.9.0-01938-g57218d7f2e87 root=/dev/vdiska2 ro zswap.enabled=1
[    0.136084] printk: log_buf_len individual max cpu contribution: 4096 bytes
[    0.136148] printk: log_buf_len total cpu_extra contributions: 1044480 bytes
[    0.136209] printk: log_buf_len min size: 131072 bytes
[    0.136566] printk: log_buf_len: 2097152 bytes
[    0.136611] printk: early log buf free: 126008(96%)
[    0.138259] Dentry cache hash table entries: 2097152 (order: 11, 16777216 bytes, linear)
[    0.139157] Inode-cache hash table entries: 1048576 (order: 10, 8388608 bytes, linear)
[    0.139224] Sorting __ex_table...
[    0.139463] mem auto-init: stack:off, heap alloc:off, heap free:off
[    0.159822] Memory: 10256880K/10472992K available (7830K kernel code, 1074K rwdata, 1944K rodata, 600K init, 413K bss, 216112K reserved, 0K cma-reserved)
[    0.159975] random: get_random_u64 called from __kmem_cache_create+0x20/0x520 with crng_init=0
[    0.160985] SLUB: HWalign=32, Order=0-3, MinObjects=0, CPUs=256, Nodes=1
[    0.161421] ftrace: allocating 24026 entries in 47 pages
[    0.170766] ftrace: allocated 47 pages with 5 groups
[    0.173269] rcu: Hierarchical RCU implementation.
[    0.173321] 	Trampoline variant of Tasks RCU enabled.
[    0.173367] 	Rude variant of Tasks RCU enabled.
[    0.173409] 	Tracing variant of Tasks RCU enabled.
[    0.173453] rcu: RCU calculated value of scheduler-enlistment delay is 26 jiffies.
[    0.176716] NR_IRQS: 2048, nr_irqs: 2048, preallocated irqs: 1
[    0.176796] SUN4V: Using IRQ API major 3, cookie only virqs enabled
[    0.179443] clocksource: stick: mask: 0xffffffffffffffff max_cycles: 0x1cd42e4dffb, max_idle_ns: 881590591483 ns
[    0.179559] clocksource: mult[800000] shift[23]
[    0.179601] clockevent: mult[80000000] shift[31]
[    0.180017] Console: colour dummy device 80x25
[    0.180063] printk: console [tty0] enabled
[    0.180103] printk: bootconsole [earlyprom0] disabled
[    0.259684] Calibrating delay using timer specific routine.. 2001.06 BogoMIPS (lpj=4002133)
[    0.259692] pid_max: default: 262144 minimum: 2048
[    0.260064] LSM: Security Framework initializing
[    0.260262] Mount-cache hash table entries: 32768 (order: 5, 262144 bytes, linear)
[    0.260296] Mountpoint-cache hash table entries: 32768 (order: 5, 262144 bytes, linear)
[    0.261948] rcu: Hierarchical SRCU implementation.
[    0.264918] smp: Bringing up secondary CPUs ...
[    0.272731] smp: Brought up 1 node, 24 CPUs
[    0.274516] devtmpfs: initialized
[    0.275286] Performance events: 
[    0.275305] Testing NMI watchdog ... 
[    0.355380] OK.
[    0.355396] Supported PMU type is 'niagara5'
[    0.355685] ldc.c:v1.1 (July 22, 2008)
[    0.355844] clocksource: jiffies: mask: 0xffffffff max_cycles: 0xffffffff, max_idle_ns: 7645041785100000 ns
[    0.355865] futex hash table entries: 65536 (order: 9, 4194304 bytes, linear)
[    0.358038] NET: Registered protocol family 16
[    0.359274] VIO: Adding device channel-devices (tx_ino = ffffffffffffffff, rx_ino = ffffffffffffffff)
[    0.359304] VIO: Adding device vnet-port-0-0 (tx_ino = 0, rx_ino = 1)
[    0.359325] VIO: Adding device vnet-port-0-1 (tx_ino = 2, rx_ino = 3)
[    0.359345] VIO: Adding device vnet-port-0-2 (tx_ino = 4, rx_ino = 5)
[    0.359365] VIO: Adding device vnet-port-0-3 (tx_ino = 6, rx_ino = 7)
[    0.359385] VIO: Adding device vnet-port-0-4 (tx_ino = 8, rx_ino = 9)
[    0.359412] VIO: Adding device vdc-port-2-0 (tx_ino = a, rx_ino = b)
[    0.359432] VIO: Adding device vdc-port-1-0 (tx_ino = c, rx_ino = d)
[    0.359451] VIO: Adding device vdc-port-0-0 (tx_ino = e, rx_ino = f)
[    0.359473] VIO: Adding device vlds-port-0-0 (tx_ino = 10, rx_ino = 11)
[    0.359495] VIO: Adding device domain-services-port-0 (tx_ino = 10, rx_ino = 11)
[    0.359573] audit: initializing netlink subsys (disabled)
[    0.359651] audit: type=2000 audit(0.176:1): state=initialized audit_enabled=0 res=1
[    0.364824] HugeTLB registered 64.0 KiB page size, pre-allocated 0 pages
[    0.364831] HugeTLB registered 8.00 MiB page size, pre-allocated 0 pages
[    0.364836] HugeTLB registered 256 MiB page size, pre-allocated 0 pages
[    0.364841] HugeTLB registered 2.00 GiB page size, pre-allocated 0 pages
[    0.930256] NetLabel: Initializing
[    0.930266] NetLabel:  domain hash size = 128
[    0.930270] NetLabel:  protocols = UNLABELED CIPSOv4 CALIPSO
[    0.930294] NetLabel:  unlabeled traffic allowed by default
[    0.930534] SUN4V: Reboot data supported (maj=1,min=0).
[    0.930633] ds.c:v1.0 (Jul 11, 2007)
[    0.930758] ds-0: ds_conn_reset() from send_events
[    0.931024] clocksource: Switched to clocksource stick
[    0.982760] VFS: Disk quotas dquot_6.6.0
[    0.982864] VFS: Dquot-cache hash table entries: 1024 (order 0, 8192 bytes)
[    0.985368] NET: Registered protocol family 2
[    0.986454] tcp_listen_portaddr_hash hash table entries: 8192 (order: 4, 131072 bytes, linear)
[    0.986549] TCP established hash table entries: 131072 (order: 7, 1048576 bytes, linear)
[    0.987031] TCP bind hash table entries: 65536 (order: 7, 1048576 bytes, linear)
[    0.987479] TCP: Hash tables configured (established 131072 bind 65536)
[    0.988007] UDP hash table entries: 8192 (order: 5, 262144 bytes, linear)
[    0.988130] UDP-Lite hash table entries: 8192 (order: 5, 262144 bytes, linear)
[    0.989053] NET: Registered protocol family 1
[    0.989066] NET: Registered protocol family 44
[    0.989167] Trying to unpack rootfs image as initramfs...
[    1.150759] Freeing initrd memory: 23456K
[    1.154908] Initialise system trusted keyrings
[    1.154934] Key type blacklist registered
[    1.155037] workingset: timestamp_bits=46 max_order=21 bucket_order=0
[    1.157631] zbud: loaded
[    1.158468] SGI XFS with ACLs, security attributes, realtime, quota, no debug enabled
[    1.160211] Key type asymmetric registered
[    1.160217] Asymmetric key parser 'x509' registered
[    1.160234] Block layer SCSI generic (bsg) driver version 0.4 loaded (major 252)
[    1.160485] io scheduler mq-deadline registered
[    1.160945] f029b788: ttyHV0 at I/O 0x0 (irq = 1, base_baud = 115200) is a SUN4V HCONS
[    1.161139] printk: console [ttyHV0] enabled
[    1.161945] sunvdc.c:v1.2 (November 24, 2014)
[    1.163679] sunvdc: Virtual Hard disk vdiskc
[    1.163686] sunvdc: vdiskc: 104857600 sectors (51200 MB) protocol 1.2
[    1.170080] sunvdc: Virtual Hard disk vdiskb
[    1.170089] sunvdc: vdiskb: 62914560 sectors (30720 MB) protocol 1.2
[    1.170555]  vdiskb: vdiskb1
[    1.176707] sunvdc: Virtual Hard disk vdiska
[    1.176717] sunvdc: vdiska: 31457280 sectors (15360 MB) protocol 1.2
[    1.177240]  vdiska: vdiska1 vdiska2 vdiska3 vdiska4
[    1.182223] Silicon Labs C2 port support v. 0.51.0 - (C) 2007 Rodolfo Giometti
[    1.182564] rtc-sun4v rtc-sun4v: registered as rtc0
[    1.182600] rtc-sun4v rtc-sun4v: setting system clock to 2020-12-07T20:47:37 UTC (1607374057)
[    1.183314] NET: Registered protocol family 10
[    1.196870] Segment Routing with IPv6
[    1.196904] mip6: Mobile IPv6
[    1.196911] NET: Registered protocol family 17
[    1.197015] registered taskstats version 1
[    1.197024] Loading compiled-in X.509 certificates
[    1.197110] zswap: loaded using pool lzo/zbud
[    1.198555] This architecture does not have kernel memory protection.
[    1.198565] Run /init as init process
[    1.198570]   with arguments:
[    1.198573]     /init
[    1.198575]   with environment:
[    1.198577]     HOME=/
[    1.198579]     TERM=linux
[    1.198581]     BOOT_IMAGE=/vmlinux-5.9.0-01938-g57218d7f2e87
[    1.359159] sunvnet_common: module verification failed: signature and/or required key missing - tainting kernel
[    1.360329] sunvnet: sunvnet 2.0 (February 3, 2017)
[    1.361260] vnet_port vnet-port-0-0 eth0: Sun LDOM vnet 00:14:4f:f8:12:a3
[    1.361364] sunvnet: eth0: PORT ( remote-mac 00:14:4f:fa:f3:f0 switch-port )
[    1.361554] sunvnet: eth0: PORT ( remote-mac 00:14:4f:f9:b4:97 )
[    1.361720] sunvnet: eth0: PORT ( remote-mac 00:14:4f:f8:e5:f3 )
[    1.361893] sunvnet: eth0: PORT ( remote-mac 00:14:4f:f8:3f:1e )
[    1.362050] sunvnet: eth0: PORT ( remote-mac 00:14:4f:f9:8b:83 )
[    1.369544] crc32c_sparc64: Using sparc64 crc32c opcode optimized CRC32C implementation
[    1.371241] random: lvm: uninitialized urandom read (4 bytes read)
[    1.389960] device-mapper: uevent: version 1.0.3
[    1.390101] device-mapper: ioctl: 4.42.0-ioctl (2020-02-27) initialised: dm-devel@redhat.com
[    1.392073] random: lvm: uninitialized urandom read (2 bytes read)
[    1.592039] xor: automatically using best checksumming function   Niagara   
[    1.658996] raid6: int64x8  gen()  2164 MB/s
[    1.727000] raid6: int64x8  xor()  1516 MB/s
[    1.794998] raid6: int64x4  gen()  3388 MB/s
[    1.863004] raid6: int64x4  xor()  1456 MB/s
[    1.931001] raid6: int64x2  gen()  3361 MB/s
[    1.999004] raid6: int64x2  xor()  1130 MB/s
[    2.067019] raid6: int64x1  gen()  1374 MB/s
[    2.135015] raid6: int64x1  xor()   713 MB/s
[    2.135020] raid6: using algorithm int64x4 gen() 3388 MB/s
[    2.135025] raid6: .... xor() 1456 MB/s, rmw enabled
[    2.135030] raid6: using intx1 recovery algorithm
[    2.221152] random: fast init done
[    2.223557] EXT4-fs (vdiska2): mounted filesystem with ordered data mode. Opts: (null)
[    2.295586] systemd[1]: Inserted module 'autofs4'
[    2.314117] systemd[1]: systemd 247.1-3 running in system mode. (+PAM +AUDIT +SELINUX +IMA +APPARMOR +SMACK +SYSVINIT +UTMP +LIBCRYPTSETUP +GCRYPT +GNUTLS +ACL +XZ +LZ4 +ZSTD -SECCOMP +BLKID +ELFUTILS +KMOD +IDN2 -IDN +PCRE2 default-hierarchy=hybrid)
[    2.314374] systemd[1]: Detected architecture sparc64.
[    2.358819] systemd[1]: Set hostname to <ttip>.
[    2.431128] systemd-sysv-generator[336]: SysV service '/etc/init.d/xinetd' lacks a native systemd unit file. Automatically generating a unit file for compatibility. Please update package to include a native systemd unit file, in order to make it more safe and robust.
[    2.442331] random: lvmconfig: uninitialized urandom read (4 bytes read)
[    2.446602] systemd-sysv-generator[336]: SysV service '/etc/init.d/rng-tools-debian' lacks a native systemd unit file. Automatically generating a unit file for compatibility. Please update package to include a native systemd unit file, in order to make it more safe and robust.
[    2.449288] systemd-sysv-generator[336]: SysV service '/etc/init.d/arpalert' lacks a native systemd unit file. Automatically generating a unit file for compatibility. Please update package to include a native systemd unit file, in order to make it more safe and robust.
[    2.450548] systemd-sysv-generator[336]: SysV service '/etc/init.d/vmtouch' lacks a native systemd unit file. Automatically generating a unit file for compatibility. Please update package to include a native systemd unit file, in order to make it more safe and robust.
[    2.455242] systemd-sysv-generator[336]: SysV service '/etc/init.d/mysql' lacks a native systemd unit file. Automatically generating a unit file for compatibility. Please update package to include a native systemd unit file, in order to make it more safe and robust.
[    2.601373] systemd[1]: Queued start job for default target Multi-User System.
[    2.601987] random: systemd: uninitialized urandom read (16 bytes read)
[    2.647258] systemd[1]: Created slice system-getty.slice.
[    2.647533] random: systemd: uninitialized urandom read (16 bytes read)
[    2.652823] systemd[1]: Created slice system-modprobe.slice.
[    2.658166] systemd[1]: Created slice system-openvpn\x2dclient.slice.
[    2.664129] systemd[1]: Created slice system-postfix.slice.
[    2.669635] systemd[1]: Created slice system-systemd\x2dfsck.slice.
[    2.674941] systemd[1]: Created slice User and Session Slice.
[    2.675195] systemd[1]: Started Dispatch Password Requests to Console Directory Watch.
[    2.675413] systemd[1]: Started Forward Password Requests to Wall Directory Watch.
[    2.676484] systemd[1]: Set up automount Arbitrary Executable File Formats File System Automount Point.
[    2.676690] systemd[1]: Reached target Local Encrypted Volumes.
[    2.676885] systemd[1]: Reached target Paths.
[    2.677034] systemd[1]: Reached target Slices.
[    2.677348] systemd[1]: Listening on Device-mapper event daemon FIFOs.
[    2.677649] systemd[1]: Listening on LVM2 poll daemon socket.
[    2.690087] systemd[1]: Listening on RPCbind Server Activation Socket.
[    2.690814] systemd[1]: Listening on Syslog Socket.
[    2.691138] systemd[1]: Listening on fsck to fsckd communication Socket.
[    2.691358] systemd[1]: Listening on initctl Compatibility Named Pipe.
[    2.691801] systemd[1]: Listening on Journal Audit Socket.
[    2.692090] systemd[1]: Listening on Journal Socket (/dev/log).
[    2.692456] systemd[1]: Listening on Journal Socket.
[    2.692816] systemd[1]: Listening on udev Control Socket.
[    2.693083] systemd[1]: Listening on udev Kernel Socket.
[    2.699474] systemd[1]: Mounting Huge Pages File System...
[    2.705850] systemd[1]: Mounting POSIX Message Queue File System...
[    2.712550] systemd[1]: Mounting RPC Pipe File System...
[    2.719086] systemd[1]: Mounting Kernel Debug File System...
[    2.725700] systemd[1]: Mounting Kernel Trace File System...
[    2.725981] systemd[1]: Condition check resulted in Kernel Module supporting RPCSEC_GSS being skipped.
[    2.726384] systemd[1]: Finished Availability of block devices.
[    2.733278] systemd[1]: Starting Wait for network to be configured by ifupdown...
[    2.740086] systemd[1]: Starting Create list of static device nodes for the current kernel...
[    2.746728] systemd[1]: Starting Monitoring of LVM2 mirrors, snapshots etc. using dmeventd or progress polling...
[    2.752659] systemd[1]: Starting Load Kernel Module configfs...
[    2.758498] systemd[1]: Starting Load Kernel Module drm...
[    2.765356] systemd[1]: Starting Load Kernel Module fuse...
[    2.773009] systemd[1]: Starting nftables...
[    2.773935] systemd[1]: Condition check resulted in Set Up Additional Binary Formats being skipped.
[    2.774079] systemd[1]: Condition check resulted in File System Check on Root Device being skipped.
[    2.779236] fuse: init (API version 7.31)
[    2.782807] systemd[1]: Starting Journal Service...
[    2.791586] systemd[1]: Starting Load Kernel Modules...
[    2.800417] systemd[1]: Starting Remount Root and Kernel File Systems...
[    2.808751] systemd[1]: Starting Coldplug All udev Devices...
[    2.813147] systemd[1]: Started Journal Service.
[    2.824697] EXT4-fs (vdiska2): re-mounted. Opts: errors=remount-ro
[    3.140149] sha1_sparc64: Using sparc64 sha1 opcode optimized SHA-1 implementation
[    3.140810] n2rng v0.3 (Jan 7, 2017)
[    3.140830] n2rng f029b104: Registered RNG HVAPI major 2 minor 0
[    3.140844] n2rng f029b104: Found multi-unit-capable RNG, units: 2
[    3.140878] n2rng f029b104: RNG ready
[    3.143037] sha256_sparc64: Using sparc64 sha256 opcode optimized SHA-256/SHA-224 implementation
[    3.145783] sha512_sparc64: Using sparc64 sha512 opcode optimized SHA-512/SHA-384 implementation
[    3.147927] md5_sparc64: Using sparc64 md5 opcode optimized MD5 implementation
[    3.150235] aes_sparc64: Using sparc64 aes opcodes optimized AES implementation
[    3.154687] des_sparc64: Using sparc64 des opcodes optimized DES implementation
[    3.159122] camellia_sparc64: Using sparc64 camellia opcodes optimized CAMELLIA implementation
[    3.287068] Adding 787176k swap on /dev/vdiska4.  Priority:-2 extents:1 across:787176k FS
[    3.291983] XFS (dm-0): Mounting V5 Filesystem
[    3.312533] EXT4-fs (vdiska1): mounting ext3 file system using the ext4 subsystem
[    3.318087] EXT4-fs (vdiska1): mounted filesystem with ordered data mode. Opts: (null)
[    3.318250] ext3 filesystem being mounted at /boot supports timestamps until 2038 (0x7fffffff)
[    3.454100] XFS (dm-0): Ending clean mount
[    3.455029] xfs filesystem being mounted at /1 supports timestamps until 2038 (0x7fffffff)
