[    0.000013] PROMLIB: Sun IEEE Boot Prom 'OBP 4.38.17 2019/01/25 08:22'
[    0.000030] PROMLIB: Root node compatible: sun4v
[    0.000071] Linux version 5.11.0-10201-gc03c21ba6f4e (mator@ttip) (gcc (Debian 10.2.1-6) 10.2.1 20210110, GNU ld (GNU Binutils for Debian) 2.35.2) #188 SMP Wed Feb 24 13:38:08 MSK 2021
[    0.000375] printk: bootconsole [earlyprom0] enabled
[    0.000428] ARCH: SUN4V
[    0.000472] Ethernet address: 00:14:4f:fa:06:f2
[    0.000523] MM: PAGE_OFFSET is 0xfff8000000000000 (max_phys_bits == 47)
[    0.000586] MM: VMALLOC [0x0000000100000000 --> 0x0006000000000000]
[    0.000645] MM: VMEMMAP [0x0006000000000000 --> 0x000c000000000000]
[    0.014461] Kernel: Using 5 locked TLB entries for main kernel image.
[    0.014529] Remapping the kernel... 
[    0.014554] done.
[    0.039423] OF stdout device is: /virtual-devices@100/console@1
[    0.039485] PROM: Built device tree with 79505 bytes of memory.
[    0.039543] MDESC: Size is 30160 bytes.
[    0.039638] PLATFORM: banner-name [SPARC T5-2]
[    0.039686] PLATFORM: name [ORCL,SPARC-T5-2]
[    0.039730] PLATFORM: hostid [84fa06f2]
[    0.039769] PLATFORM: serial# [0035260e]
[    0.039809] PLATFORM: stick-frequency [3b9aca00]
[    0.039855] PLATFORM: mac-address [144ffa06f2]
[    0.039900] PLATFORM: watchdog-resolution [1000 ms]
[    0.039949] PLATFORM: watchdog-max-timeout [31536000000 ms]
[    0.040003] PLATFORM: max-cpus [1024]
[    0.040087] Top of RAM: 0x21af948000, Total RAM: 0x3ff382000
[    0.040147] Memory hole size: 121605MB
[    0.042482] Allocated 32768 bytes for kernel page tables.
[    0.042556] Zone ranges:
[    0.042592]   Normal   [mem 0x0000000030400000-0x00000021af947fff]
[    0.042657] Movable zone start for each node
[    0.042699] Early memory node ranges
[    0.042736]   node   0: [mem 0x0000000030400000-0x000000006febffff]
[    0.042798]   node   0: [mem 0x000000006ff40000-0x000000006ff47fff]
[    0.042855]   node   0: [mem 0x0000000070000000-0x00000002afffffff]
[    0.042915]   node   0: [mem 0x0000002030000000-0x00000021af8b1fff]
[    0.042975]   node   0: [mem 0x00000021af940000-0x00000021af947fff]
[    0.054533] Zeroed struct page in unavailable ranges: 263743 pages
[    0.054556] Initmem setup node 0 [mem 0x0000000030400000-0x00000021af947fff]
[    0.054707] On node 0 totalpages: 2095553
[    0.054715]   Normal zone: 18418 pages used for memmap
[    0.054721]   Normal zone: 0 pages reserved
[    0.054726]   Normal zone: 2095553 pages, LIFO batch:31
[    0.060728] Booting Linux...
[    0.060814] CPU CAPS: [flush,stbar,swap,muldiv,v9,blkinit,n2,mul32]
[    0.060917] CPU CAPS: [div32,v8plus,popc,vis,vis2,ASIBlkInit,fmaf,vis3]
[    0.061012] CPU CAPS: [hpc,ima,pause,cbcond,aes,des,kasumi,camellia]
[    0.061103] CPU CAPS: [md5,sha1,sha256,sha512,mpmul,montmul,montsqr,crc32c]
[    0.109771] percpu: Embedded 20 pages/cpu s119376 r8192 d36272 u262144
[    0.109995] pcpu-alloc: s119376 r8192 d36272 u262144 alloc=1*4194304
[    0.110006] pcpu-alloc: [0] 000 001 002 003 004 005 006 007 008 009 010 011 012 013 014 015 
[    0.110074] pcpu-alloc: [0] 016 017 018 019 020 021 022 023 024 025 026 027 028 029 030 031 
[    0.110141] pcpu-alloc: [0] 032 033 034 035 036 037 038 039 040 041 042 043 044 045 046 047 
[    0.110208] pcpu-alloc: [0] 048 049 050 051 052 053 054 055 056 057 058 059 060 061 062 063 
[    0.110275] pcpu-alloc: [0] 064 065 066 067 068 069 070 071 072 073 074 075 076 077 078 079 
[    0.110341] pcpu-alloc: [0] 080 081 082 083 084 085 086 087 088 089 090 091 092 093 094 095 
[    0.110408] pcpu-alloc: [0] 096 097 098 099 100 101 102 103 104 105 106 107 108 109 110 111 
[    0.110475] pcpu-alloc: [0] 112 113 114 115 116 117 118 119 120 121 122 123 124 125 126 127 
[    0.110542] pcpu-alloc: [0] 128 129 130 131 132 133 134 135 136 137 138 139 140 141 142 143 
[    0.110608] pcpu-alloc: [0] 144 145 146 147 148 149 150 151 152 153 154 155 156 157 158 159 
[    0.110675] pcpu-alloc: [0] 160 161 162 163 164 165 166 167 168 169 170 171 172 173 174 175 
[    0.110742] pcpu-alloc: [0] 176 177 178 179 180 181 182 183 184 185 186 187 188 189 190 191 
[    0.110808] pcpu-alloc: [0] 192 193 194 195 196 197 198 199 200 201 202 203 204 205 206 207 
[    0.110875] pcpu-alloc: [0] 208 209 210 211 212 213 214 215 216 217 218 219 220 221 222 223 
[    0.110941] pcpu-alloc: [0] 224 225 226 227 228 229 230 231 232 233 234 235 236 237 238 239 
[    0.111008] pcpu-alloc: [0] 240 241 242 243 244 245 246 247 248 249 250 251 252 253 254 255 
[    0.111478] SUN4V: Mondo queue sizes [cpu(131072) dev(16384) r(8192) nr(256)]
[    0.111792] Built 1 zonelists, mobility grouping on.  Total pages: 2077135
[    0.111871] Kernel command line: BOOT_IMAGE=/vmlinux-5.11.0-10201-gc03c21ba6f4e root=/dev/vdiska2 ro zswap.enabled=1
[    0.114814] printk: log_buf_len individual max cpu contribution: 4096 bytes
[    0.114882] printk: log_buf_len total cpu_extra contributions: 1044480 bytes
[    0.114947] printk: log_buf_len min size: 131072 bytes
[    0.116767] printk: log_buf_len: 2097152 bytes
[    0.116815] printk: early log buf free: 126488(96%)
[    0.118471] Dentry cache hash table entries: 2097152 (order: 11, 16777216 bytes, linear)
[    0.119378] Inode-cache hash table entries: 1048576 (order: 10, 8388608 bytes, linear)
[    0.119451] Sorting __ex_table...
[    0.119694] mem auto-init: stack:off, heap alloc:off, heap free:off
[    0.124162] Memory: 1305368K/16764424K available (8229K kernel code, 1671K rwdata, 2816K rodata, 600K init, 3082K bss, 299232K reserved, 0K cma-reserved)
[    0.124336] random: get_random_u64 called from kmem_cache_open+0x20/0x300 with crng_init=0
[    0.126462] SLUB: HWalign=32, Order=0-3, MinObjects=0, CPUs=256, Nodes=1
[    0.127289] ftrace: allocating 25749 entries in 51 pages
[    0.137585] ftrace: allocated 51 pages with 4 groups
[    0.141880] rcu: Hierarchical RCU implementation.
[    0.141933] rcu: 	RCU event tracing is enabled.
[    0.141980] rcu: 	RCU debug extended QS entry/exit.
[    0.142028] 	Rude variant of Tasks RCU enabled.
[    0.142074] 	Tracing variant of Tasks RCU enabled.
[    0.142121] rcu: RCU calculated value of scheduler-enlistment delay is 26 jiffies.
[    0.147798] NR_IRQS: 2048, nr_irqs: 2048, preallocated irqs: 1
[    0.147877] SUN4V: Using IRQ API major 3, cookie only virqs enabled
[    0.151817] clocksource: stick: mask: 0xffffffffffffffff max_cycles: 0x1cd42e4dffb, max_idle_ns: 881590591483 ns
[    0.151953] clocksource: mult[800000] shift[23]
[    0.152000] clockevent: mult[80000000] shift[31]
[    0.152587] Console: colour dummy device 80x25
[    0.152641] printk: console [tty0] enabled
[    0.152703] printk: bootconsole [earlyprom0] disabled
[    0.152771] Lock dependency validator: Copyright (c) 2006 Red Hat, Inc., Ingo Molnar
[    0.152799] ... MAX_LOCKDEP_SUBCLASSES:  8
[    0.152816] ... MAX_LOCK_DEPTH:          48
[    0.152833] ... MAX_LOCKDEP_KEYS:        8192
[    0.152851] ... CLASSHASH_SIZE:          4096
[    0.152868] ... MAX_LOCKDEP_ENTRIES:     16384
[    0.152886] ... MAX_LOCKDEP_CHAINS:      32768
[    0.152904] ... CHAINHASH_SIZE:          16384
[    0.152922]  memory used by lock dependency info: 2603 kB
[    0.152942]  per task-struct memory footprint: 1920 bytes
[    0.232164] Calibrating delay using timer specific routine.. 2003.15 BogoMIPS (lpj=4006304)
[    0.232199] pid_max: default: 262144 minimum: 2048
[    0.233305] Mount-cache hash table entries: 32768 (order: 5, 262144 bytes, linear)
[    0.233365] Mountpoint-cache hash table entries: 32768 (order: 5, 262144 bytes, linear)
[    0.236765] rcu: Hierarchical SRCU implementation.
[    0.243980] smp: Bringing up secondary CPUs ...
[    0.263275] smp: Brought up 1 node, 24 CPUs
[    0.352040] node 0 deferred pages initialised in 84ms
[    0.353014] devtmpfs: initialized
[    0.355152] Performance events: 
[    0.355185] Testing NMI watchdog ... 
[    0.435272] OK.
[    0.435337] Supported PMU type is 'niagara5'
[    0.436414] ldc.c:v1.1 (July 22, 2008)
[    0.437204] clocksource: jiffies: mask: 0xffffffff max_cycles: 0xffffffff, max_idle_ns: 7645041785100000 ns
[    0.437261] futex hash table entries: 65536 (order: 10, 8388608 bytes, linear)
[    0.445141] NET: Registered protocol family 16
[    0.447873] VIO: Adding device channel-devices (tx_ino = ffffffffffffffff, rx_ino = ffffffffffffffff)
[    0.447964] VIO: Adding device vnet-port-0-0 (tx_ino = 0, rx_ino = 1)
[    0.448033] VIO: Adding device vnet-port-0-2 (tx_ino = 4, rx_ino = 5)
[    0.448096] VIO: Adding device vnet-port-0-3 (tx_ino = 6, rx_ino = 7)
[    0.448158] VIO: Adding device vnet-port-0-4 (tx_ino = 8, rx_ino = 9)
[    0.448219] VIO: Adding device vnet-port-0-1 (tx_ino = 2, rx_ino = 3)
[    0.448279] VIO: Adding device vdc-port-2-0 (tx_ino = a, rx_ino = b)
[    0.448342] VIO: Adding device vdc-port-1-0 (tx_ino = c, rx_ino = d)
[    0.448402] VIO: Adding device vdc-port-0-0 (tx_ino = e, rx_ino = f)
[    0.448466] VIO: Adding device vlds-port-0-0 (tx_ino = 10, rx_ino = 11)
[    0.448530] VIO: Adding device domain-services-port-0 (tx_ino = 10, rx_ino = 11)
[    0.448722] audit: initializing netlink subsys (disabled)
[    0.448908] audit: type=2000 audit(0.296:1): state=initialized audit_enabled=0 res=1
[    0.461291] HugeTLB registered 64.0 KiB page size, pre-allocated 0 pages
[    0.461319] HugeTLB registered 8.00 MiB page size, pre-allocated 0 pages
[    0.461344] HugeTLB registered 256 MiB page size, pre-allocated 0 pages
[    0.461368] HugeTLB registered 2.00 GiB page size, pre-allocated 0 pages
[    1.034252] SUN4V: Reboot data supported (maj=1,min=0).
[    1.034494] ds.c:v1.0 (Jul 11, 2007)
[    1.034693] ds-0: ds_conn_reset() from send_events
[    1.035353] clocksource: Switched to clocksource stick
[    1.141698] VFS: Disk quotas dquot_6.6.0
[    1.141917] VFS: Dquot-cache hash table entries: 1024 (order 0, 8192 bytes)
[    1.149036] NET: Registered protocol family 2
[    1.166085] tcp_listen_portaddr_hash hash table entries: 8192 (order: 6, 655360 bytes, linear)
[    1.166834] TCP established hash table entries: 131072 (order: 7, 1048576 bytes, linear)
[    1.167507] TCP bind hash table entries: 65536 (order: 9, 4718592 bytes, linear)
[    1.173137] TCP: Hash tables configured (established 131072 bind 65536)
[    1.174974] UDP hash table entries: 8192 (order: 7, 1310720 bytes, linear)
[    1.176685] UDP-Lite hash table entries: 8192 (order: 7, 1310720 bytes, linear)
[    1.180297] NET: Registered protocol family 1
[    1.180335] NET: Registered protocol family 44
[    1.180545] Trying to unpack rootfs image as initramfs...
[    1.394569] Freeing initrd memory: 27264K
[    1.405053] Initialise system trusted keyrings
[    1.405281] workingset: timestamp_bits=46 max_order=21 bucket_order=0
[    1.420589] zbud: loaded
[    1.424513] SGI XFS with ACLs, security attributes, realtime, quota, no debug enabled
[    1.430982] Key type asymmetric registered
[    1.431010] Asymmetric key parser 'x509' registered
[    1.431056] Block layer SCSI generic (bsg) driver version 0.4 loaded (major 252)
[    1.431943] io scheduler mq-deadline registered
[    1.433386] f029b788: ttyHV0 at I/O 0x0 (irq = 1, base_baud = 115200) is a SUN4V HCONS
[    1.433884] printk: console [ttyHV0] enabled
[    1.436137] sunvdc.c:v1.2 (November 24, 2014)
[    1.439344] sunvdc: Virtual Hard disk vdiskc
[    1.439366] sunvdc: vdiskc: 104857600 sectors (51200 MB) protocol 1.2
[    1.459755] sunvdc: Virtual Hard disk vdiskb
[    1.459780] sunvdc: vdiskb: 62914560 sectors (30720 MB) protocol 1.2
[    1.460251]  vdiskb: vdiskb1
[    1.480205] sunvdc: Virtual Hard disk vdiska
[    1.480230] sunvdc: vdiska: 31457280 sectors (15360 MB) protocol 1.2
[    1.480708]  vdiska: vdiska1 vdiska2 vdiska3 vdiska4
[    1.499924] rtc-sun4v rtc-sun4v: registered as rtc0
[    1.499989] rtc-sun4v rtc-sun4v: setting system clock to 2021-02-24T10:42:11 UTC (1614163331)
[    1.503912] NET: Registered protocol family 10
[    1.526336] Segment Routing with IPv6
[    1.526401] mip6: Mobile IPv6
[    1.526421] NET: Registered protocol family 17
[    1.526661] registered taskstats version 1
[    1.526688] Loading compiled-in X.509 certificates
[    1.532017] zswap: loaded using pool lzo/zbud
[    1.535359] This architecture does not have kernel memory protection.
[    1.535391] Run /init as init process
[    1.535410]   with arguments:
[    1.535415]     /init
[    1.535420]   with environment:
[    1.535424]     HOME=/
[    1.535429]     TERM=linux
[    1.535433]     BOOT_IMAGE=/vmlinux-5.11.0-10201-gc03c21ba6f4e
[    1.864932] sunvnet_common: module verification failed: signature and/or required key missing - tainting kernel
[    1.867783] sunvnet: sunvnet 2.0 (February 3, 2017)
[    1.870074] vnet_port vnet-port-0-0 eth0: Sun LDOM vnet 00:14:4f:f8:12:a3
[    1.870239] sunvnet: eth0: PORT ( remote-mac 00:14:4f:fa:f3:f0 switch-port )
[    1.870720] sunvnet: eth0: PORT ( remote-mac 00:14:4f:f8:e5:f3 )
[    1.871040] sunvnet: eth0: PORT ( remote-mac 00:14:4f:f8:3f:1e )
[    1.871392] sunvnet: eth0: PORT ( remote-mac 00:14:4f:f9:8b:83 )
[    1.871670] sunvnet: eth0: PORT ( remote-mac 00:14:4f:f9:b4:97 )
[    1.881526] crc32c_sparc64: Using sparc64 crc32c opcode optimized CRC32C implementation
[    1.881778] random: lvm: uninitialized urandom read (4 bytes read)
[    1.913210] device-mapper: uevent: version 1.0.3
[    1.913973] device-mapper: ioctl: 4.44.0-ioctl (2021-02-01) initialised: dm-devel@redhat.com
[    1.921608] random: lvm: uninitialized urandom read (2 bytes read)
[    1.922026] dm-0: detected capacity change from 104849408 to 0
[    2.139455] xor: automatically using best checksumming function   Niagara   
[    2.207314] raid6: int64x8  gen()  2156 MB/s
[    2.275320] raid6: int64x8  xor()  1520 MB/s
[    2.343319] raid6: int64x4  gen()  3383 MB/s
[    2.411312] raid6: int64x4  xor()  1458 MB/s
[    2.479319] raid6: int64x2  gen()  2921 MB/s
[    2.547313] raid6: int64x2  xor()  1131 MB/s
[    2.615340] raid6: int64x1  gen()  1420 MB/s
[    2.683327] raid6: int64x1  xor()   715 MB/s
[    2.683349] raid6: using algorithm int64x4 gen() 3383 MB/s
[    2.683372] raid6: .... xor() 1458 MB/s, rmw enabled
[    2.683394] raid6: using intx1 recovery algorithm
[    2.847138] random: fast init done
[    2.851938] EXT4-fs (vdiska2): mounted filesystem with ordered data mode. Opts: (null). Quota mode: none.
[    4.373243] systemd[1]: Inserted module 'autofs4'
[    4.479951] systemd[1]: systemd 247.3-1 running in system mode. (+PAM +AUDIT +SELINUX +IMA +APPARMOR +SMACK +SYSVINIT +UTMP +LIBCRYPTSETUP +GCRYPT +GNUTLS +ACL +XZ +LZ4 +ZSTD -SECCOMP +BLKID +ELFUTILS +KMOD +IDN2 -IDN +PCRE2 default-hierarchy=unified)
[    4.480324] systemd[1]: Detected architecture sparc64.
[    4.523668] systemd[1]: Set hostname to <ttip>.
[    4.817131] systemd-sysv-generator[352]: SysV service '/etc/init.d/xinetd' lacks a native systemd unit file. Automatically generating a unit file for compatibility. Please update package to include a native systemd unit file, in order to make it more safe and robust.
[    5.112454] systemd-sysv-generator[352]: SysV service '/etc/init.d/rng-tools-debian' lacks a native systemd unit file. Automatically generating a unit file for compatibility. Please update package to include a native systemd unit file, in order to make it more safe and robust.
[    5.127493] systemd-sysv-generator[352]: SysV service '/etc/init.d/arpalert' lacks a native systemd unit file. Automatically generating a unit file for compatibility. Please update package to include a native systemd unit file, in order to make it more safe and robust.
[    5.143166] systemd-sysv-generator[352]: SysV service '/etc/init.d/vmtouch' lacks a native systemd unit file. Automatically generating a unit file for compatibility. Please update package to include a native systemd unit file, in order to make it more safe and robust.
[    5.283614] systemd-sysv-generator[352]: SysV service '/etc/init.d/mysql' lacks a native systemd unit file. Automatically generating a unit file for compatibility. Please update package to include a native systemd unit file, in order to make it more safe and robust.
[    5.579097] random: lvmconfig: uninitialized urandom read (4 bytes read)
[    6.524493] systemd[1]: Queued start job for default target Multi-User System.
[    6.525227] random: systemd: uninitialized urandom read (16 bytes read)
[    6.535351] systemd[1]: Created slice system-getty.slice.
[    6.535825] random: systemd: uninitialized urandom read (16 bytes read)
[    6.539662] systemd[1]: Created slice system-modprobe.slice.
[    6.543801] systemd[1]: Created slice system-openvpn\x2dclient.slice.
[    6.548049] systemd[1]: Created slice system-postfix.slice.
[    6.552080] systemd[1]: Created slice system-systemd\x2dfsck.slice.
[    6.555881] systemd[1]: Created slice User and Session Slice.
[    6.556375] systemd[1]: Started Dispatch Password Requests to Console Directory Watch.
[    6.556815] systemd[1]: Started Forward Password Requests to Wall Directory Watch.
[    6.558371] systemd[1]: Set up automount Arbitrary Executable File Formats File System Automount Point.
[    6.558680] systemd[1]: Reached target Local Encrypted Volumes.
[    6.558967] systemd[1]: Reached target Paths.
[    6.559208] systemd[1]: Reached target Slices.
[    6.559731] systemd[1]: Listening on Device-mapper event daemon FIFOs.
[    6.560275] systemd[1]: Listening on LVM2 poll daemon socket.
[    6.577756] systemd[1]: Listening on RPCbind Server Activation Socket.
[    6.579564] systemd[1]: Listening on Syslog Socket.
[    6.580159] systemd[1]: Listening on fsck to fsckd communication Socket.
[    6.580596] systemd[1]: Listening on initctl Compatibility Named Pipe.
[    6.581329] systemd[1]: Listening on Journal Audit Socket.
[    6.581891] systemd[1]: Listening on Journal Socket (/dev/log).
[    6.582576] systemd[1]: Listening on Journal Socket.
[    6.583267] systemd[1]: Listening on udev Control Socket.
[    6.583786] systemd[1]: Listening on udev Kernel Socket.
[    6.590414] systemd[1]: Mounting Huge Pages File System...
[    6.597190] systemd[1]: Mounting POSIX Message Queue File System...
[    6.603807] systemd[1]: Mounting RPC Pipe File System...
[    6.611072] systemd[1]: Mounting Kernel Debug File System...
[    6.618587] systemd[1]: Mounting Kernel Trace File System...
[    6.619175] systemd[1]: Condition check resulted in Kernel Module supporting RPCSEC_GSS being skipped.
[    6.619687] systemd[1]: Finished Availability of block devices.
[    6.626842] systemd[1]: Starting Wait for network to be configured by ifupdown...
[    6.634114] systemd[1]: Starting Create list of static device nodes for the current kernel...
[    6.640665] systemd[1]: Starting Monitoring of LVM2 mirrors, snapshots etc. using dmeventd or progress polling...
[    6.647970] systemd[1]: Starting Load Kernel Module configfs...
[    6.655435] systemd[1]: Starting Load Kernel Module drm...
[    6.655585] RPC: Registered named UNIX socket transport module.
[    6.655615] RPC: Registered udp transport module.
[    6.655637] RPC: Registered tcp transport module.
[    6.655658] RPC: Registered tcp NFSv4.1 backchannel transport module.
[    6.663703] systemd[1]: Starting Load Kernel Module fuse...
[    6.670857] systemd[1]: Starting nftables...
[    6.672246] systemd[1]: Condition check resulted in Set Up Additional Binary Formats being skipped.
[    6.672457] systemd[1]: Condition check resulted in File System Check on Root Device being skipped.
[    6.678159] fuse: init (API version 7.33)
[    6.684110] systemd[1]: Starting Journal Service...
[    6.693604] systemd[1]: Starting Load Kernel Modules...
[    6.701293] systemd[1]: Starting Remount Root and Kernel File Systems...
[    6.708571] systemd[1]: Starting Coldplug All udev Devices...
[    6.716056] systemd[1]: Mounted Huge Pages File System.
[    6.716671] systemd[1]: Mounted POSIX Message Queue File System.
[    6.717230] systemd[1]: Mounted RPC Pipe File System.
[    6.717770] systemd[1]: Mounted Kernel Debug File System.
[    6.718302] systemd[1]: Mounted Kernel Trace File System.
[    6.720398] systemd[1]: Finished Wait for network to be configured by ifupdown.
[    6.722481] systemd[1]: Finished Create list of static device nodes for the current kernel.
[    6.723838] systemd[1]: modprobe@configfs.service: Succeeded.
[    6.725428] systemd[1]: Finished Load Kernel Module configfs.
[    6.726776] systemd[1]: modprobe@drm.service: Succeeded.
[    6.728360] systemd[1]: Finished Load Kernel Module drm.
[    6.729762] systemd[1]: modprobe@fuse.service: Succeeded.
[    6.731423] systemd[1]: Finished Load Kernel Module fuse.
[    6.738472] systemd[1]: Mounting FUSE Control File System...
[    6.745053] systemd[1]: Mounting Kernel Configuration File System...
[    6.748548] systemd[1]: Mounted FUSE Control File System.
[    6.758109] systemd[1]: Mounted Kernel Configuration File System.
[    6.771325] systemd[1]: Finished Load Kernel Modules.
[    6.778268] systemd[1]: Starting Apply Kernel Variables...
[    6.789076] EXT4-fs (vdiska2): re-mounted. Opts: errors=remount-ro. Quota mode: none.
[    6.793882] systemd[1]: Finished Remount Root and Kernel File Systems.
[    6.857748] systemd[1]: Starting Initial Check File System Quotas...
[    6.910145] systemd[1]: Condition check resulted in Rebuild Hardware Database being skipped.
[    6.910341] systemd[1]: Condition check resulted in Platform Persistent Storage Archival being skipped.
[    6.916893] systemd[1]: Starting Load/Save Random Seed...
[    6.923460] systemd[1]: Starting Create System Users...
[    6.924664] systemd[1]: Started Journal Service.
[    6.991097] systemd-journald[388]: Received client request to flush runtime journal.
[    9.137187] sha1_sparc64: Using sparc64 sha1 opcode optimized SHA-1 implementation
[    9.179521] n2rng v0.3 (Jan 7, 2017)
[    9.179578] n2rng f029b104: Registered RNG HVAPI major 2 minor 0
[    9.179609] n2rng f029b104: Found multi-unit-capable RNG, units: 2
[    9.179793] n2rng f029b104: RNG ready
[    9.185346] sha256_sparc64: Using sparc64 sha256 opcode optimized SHA-256/SHA-224 implementation
[    9.189898] sha512_sparc64: Using sparc64 sha512 opcode optimized SHA-512/SHA-384 implementation
[    9.203055] md5_sparc64: Using sparc64 md5 opcode optimized MD5 implementation
[    9.245731] aes_sparc64: Using sparc64 aes opcodes optimized AES implementation
[    9.271989] des_sparc64: Using sparc64 des opcodes optimized DES implementation
[    9.306421] camellia_sparc64: Using sparc64 camellia opcodes optimized CAMELLIA implementation
[    9.375076] XFS (dm-0): Mounting V5 Filesystem
[    9.527788] XFS (dm-0): Ending clean mount
[    9.529122] xfs filesystem being mounted at /1 supports timestamps until 2038 (0x7fffffff)
[    9.595360] Adding 787176k swap on /dev/vdiska4.  Priority:-2 extents:1 across:787176k FS
[    9.619638] random: crng init done
[    9.619669] random: 5 urandom warning(s) missed due to ratelimiting
[    9.955606] EXT4-fs (vdiska1): mounting ext3 file system using the ext4 subsystem
[   10.223837] EXT4-fs (vdiska1): mounted filesystem with ordered data mode. Opts: (null). Quota mode: none.
[   10.224054] ext3 filesystem being mounted at /boot supports timestamps until 2038 (0x7fffffff)
