[    0.000020] PROMLIB: Sun IEEE Boot Prom 'OBP 4.38.12 2018/03/28 14:54'
[    0.000032] PROMLIB: Root node compatible: sun4v
[    0.000082] Linux version 5.2.0-rc6-02045-g437fde6cda74 (mator@ttip) (gcc version 8.3.0 (Debian 8.3.0-7)) #1027 SMP Sat Jul 13 11:07:24 MSK 2019
[    0.000393] printk: bootconsole [earlyprom0] enabled
[    0.000446] ARCH: SUN4V
[    0.000496] Ethernet address: 00:14:4f:fa:06:f2
[    0.000547] MM: PAGE_OFFSET is 0xfff8000000000000 (max_phys_bits == 47)
[    0.000613] MM: VMALLOC [0x0000000100000000 --> 0x0006000000000000]
[    0.000673] MM: VMEMMAP [0x0006000000000000 --> 0x000c000000000000]
[    0.012532] Kernel: Using 5 locked TLB entries for main kernel image.
[    0.012622] Remapping the kernel... 
[    0.012646] done.
[    0.048173] OF stdout device is: /virtual-devices@100/console@1
[    0.048254] PROM: Built device tree with 86230 bytes of memory.
[    0.048320] MDESC: Size is 36560 bytes.
[    0.048446] PLATFORM: banner-name [SPARC T5-2]
[    0.048497] PLATFORM: name [ORCL,SPARC-T5-2]
[    0.048542] PLATFORM: hostid [84fa06f2]
[    0.048585] PLATFORM: serial# [0035260e]
[    0.048627] PLATFORM: stick-frequency [3b9aca00]
[    0.048676] PLATFORM: mac-address [144ffa06f2]
[    0.048721] PLATFORM: watchdog-resolution [1000 ms]
[    0.048772] PLATFORM: watchdog-max-timeout [31536000000 ms]
[    0.048826] PLATFORM: max-cpus [1024]
[    0.048938] Top of RAM: 0x24af938000, Total RAM: 0x87f354000
[    0.048999] Memory hole size: 115461MB
[    0.053787] Allocated 40960 bytes for kernel page tables.
[    0.053907] Zone ranges:
[    0.053951]   Normal   [mem 0x0000000030400000-0x00000024af937fff]
[    0.054019] Movable zone start for each node
[    0.055068] Early memory node ranges
[    0.055108]   node   0: [mem 0x0000000030400000-0x000000006fe7ffff]
[    0.055170]   node   0: [mem 0x000000006ff00000-0x000000006ff25fff]
[    0.055230]   node   0: [mem 0x0000000070000000-0x000000042fffffff]
[    0.055291]   node   0: [mem 0x0000002030000000-0x00000024af87ffff]
[    0.055353]   node   0: [mem 0x00000024af900000-0x00000024af925fff]
[    0.055414]   node   0: [mem 0x00000024af930000-0x00000024af937fff]
[    0.062826] Zeroed struct page in unavailable ranges: 230130 pages
[    0.062834] Initmem setup node 0 [mem 0x0000000030400000-0x00000024af937fff]
[    0.062995] On node 0 totalpages: 4454826
[    0.063005]   Normal zone: 39154 pages used for memmap
[    0.063010]   Normal zone: 0 pages reserved
[    0.063016]   Normal zone: 4454826 pages, LIFO batch:31
[    0.260568] Booting Linux...
[    0.260652] CPU CAPS: [flush,stbar,swap,muldiv,v9,blkinit,n2,mul32]
[    0.260735] CPU CAPS: [div32,v8plus,popc,vis,vis2,ASIBlkInit,fmaf,vis3]
[    0.261814] CPU CAPS: [hpc,ima,pause,cbcond,aes,des,kasumi,camellia]
[    0.261887] CPU CAPS: [md5,sha1,sha256,sha512,mpmul,montmul,montsqr,crc32c]
[    0.322427] percpu: Embedded 27 pages/cpu s180872 r8192 d32120 u262144
[    0.322689] pcpu-alloc: s180872 r8192 d32120 u262144 alloc=1*4194304
[    0.322696] pcpu-alloc: [0] 000 001 002 003 004 005 006 007 008 009 010 011 012 013 014 015 
[    0.322723] pcpu-alloc: [0] 016 017 018 019 020 021 022 023 024 025 026 027 028 029 030 031 
[    0.322749] pcpu-alloc: [0] 032 033 034 035 036 037 038 039 040 041 042 043 044 045 046 047 
[    0.322775] pcpu-alloc: [0] 048 049 050 051 052 053 054 055 056 057 058 059 060 061 062 063 
[    0.322801] pcpu-alloc: [0] 064 065 066 067 068 069 070 071 072 073 074 075 076 077 078 079 
[    0.322826] pcpu-alloc: [0] 080 081 082 083 084 085 086 087 088 089 090 091 092 093 094 095 
[    0.322852] pcpu-alloc: [0] 096 097 098 099 100 101 102 103 104 105 106 107 108 109 110 111 
[    0.322879] pcpu-alloc: [0] 112 113 114 115 116 117 118 119 120 121 122 123 124 125 126 127 
[    0.322905] pcpu-alloc: [0] 128 129 130 131 132 133 134 135 136 137 138 139 140 141 142 143 
[    0.322931] pcpu-alloc: [0] 144 145 146 147 148 149 150 151 152 153 154 155 156 157 158 159 
[    0.322957] pcpu-alloc: [0] 160 161 162 163 164 165 166 167 168 169 170 171 172 173 174 175 
[    0.322983] pcpu-alloc: [0] 176 177 178 179 180 181 182 183 184 185 186 187 188 189 190 191 
[    0.323010] pcpu-alloc: [0] 192 193 194 195 196 197 198 199 200 201 202 203 204 205 206 207 
[    0.323036] pcpu-alloc: [0] 208 209 210 211 212 213 214 215 216 217 218 219 220 221 222 223 
[    0.323062] pcpu-alloc: [0] 224 225 226 227 228 229 230 231 232 233 234 235 236 237 238 239 
[    0.323088] pcpu-alloc: [0] 240 241 242 243 244 245 246 247 248 249 250 251 252 253 254 255 
[    0.323613] SUN4V: Mondo queue sizes [cpu(131072) dev(16384) r(8192) nr(256)]
[    0.324000] Built 1 zonelists, mobility grouping on.  Total pages: 4415672
[    0.324096] Kernel command line: BOOT_IMAGE=/vmlinuz-5.2.0-rc6-02045-g437fde6cda74 root=/dev/vdiska2 ro zswap.enabled=1
[    0.326238] printk: log_buf_len individual max cpu contribution: 4096 bytes
[    0.326332] printk: log_buf_len total cpu_extra contributions: 1044480 bytes
[    0.326403] printk: log_buf_len min size: 131072 bytes
[    0.327796] printk: log_buf_len: 2097152 bytes
[    0.327852] printk: early log buf free: 125880(96%)
[    0.334350] Dentry cache hash table entries: 8388608 (order: 13, 67108864 bytes)
[    0.337756] Inode-cache hash table entries: 4194304 (order: 12, 33554432 bytes)
[    0.337861] Sorting __ex_table...
[    0.416590] Memory: 35102376K/35638608K available (6828K kernel code, 967K rwdata, 2040K rodata, 992K init, 6716K bss, 536232K reserved, 0K cma-reserved)
[    0.417648] kmemleak: Kernel memory leak detector disabled
[    0.418257] ftrace: allocating 19742 entries in 39 pages
[    0.432403] Running RCU self tests
[    0.432477] rcu: Hierarchical RCU implementation.
[    0.432529] rcu: 	RCU event tracing is enabled.
[    0.432580] rcu: 	RCU lockdep checking is enabled.
[    0.432629] 	Tasks RCU enabled.
[    0.433675] rcu: RCU calculated value of scheduler-enlistment delay is 11 jiffies.
[    0.440452] NR_IRQS: 2048, nr_irqs: 2048, preallocated irqs: 1
[    0.440577] SUN4V: Using IRQ API major 3, cookie only virqs enabled
[    0.445075] clocksource: stick: mask: 0xffffffffffffffff max_cycles: 0x1cd42e4dffb, max_idle_ns: 881590591483 ns
[    0.445208] clocksource: mult[800000] shift[23]
[    0.445256] clockevent: mult[80000000] shift[31]
[    0.449280] Console: colour dummy device 80x25
[    0.449371] printk: console [tty0] enabled
[    0.449451] printk: bootconsole [earlyprom0] disabled
[    0.449536] Lock dependency validator: Copyright (c) 2006 Red Hat, Inc., Ingo Molnar
[    0.449583] ... MAX_LOCKDEP_SUBCLASSES:  8
[    0.449611] ... MAX_LOCK_DEPTH:          48
[    0.449640] ... MAX_LOCKDEP_KEYS:        8191
[    0.449669] ... CLASSHASH_SIZE:          4096
[    0.449699] ... MAX_LOCKDEP_ENTRIES:     16384
[    0.449729] ... MAX_LOCKDEP_CHAINS:      32768
[    0.449759] ... CHAINHASH_SIZE:          16384
[    0.449789]  memory used by lock dependency info: 3853 kB
[    0.449823]  per task-struct memory footprint: 1920 bytes
[    0.450032] kmemleak: Early log buffer exceeded (5004), please increase DEBUG_KMEMLEAK_EARLY_LOG_SIZE
[    0.595957] Calibrating delay using timer specific routine.. 2017.49 BogoMIPS (lpj=10087452)
[    0.596025] pid_max: default: 262144 minimum: 2048
[    0.597726] Mount-cache hash table entries: 131072 (order: 7, 1048576 bytes)
[    0.597886] Mountpoint-cache hash table entries: 131072 (order: 7, 1048576 bytes)
[    0.599371] *** VALIDATE proc ***
[    0.600175] *** VALIDATE cgroup1 ***
[    0.600206] *** VALIDATE cgroup2 ***
[    0.602972] rcu: Hierarchical SRCU implementation.
[    0.625371] smp: Bringing up secondary CPUs ...
[    0.707742] smp: Brought up 1 node, 32 CPUs
[    0.715177] devtmpfs: initialized
[    0.721620] Performance events: 
[    0.721677] Testing NMI watchdog ... 
[    0.921801] OK.
[    0.921963] Supported PMU type is 'niagara5'
[    0.922283] random: get_random_u32 called from bucket_table_alloc.isra.4+0x184/0x1c0 with crng_init=0
[    0.923168] ldc.c:v1.1 (July 22, 2008)
[    0.926217] clocksource: jiffies: mask: 0xffffffff max_cycles: 0xffffffff, max_idle_ns: 19112604462750000 ns
[    0.926317] futex hash table entries: 65536 (order: 10, 8388608 bytes)
[    0.935770] NET: Registered protocol family 16
[    0.945508] VIO: Adding device channel-devices (tx_ino = ffffffffffffffff, rx_ino = ffffffffffffffff)
[    0.945771] VIO: Adding device vnet-port-0-0 (tx_ino = 0, rx_ino = 1)
[    0.945984] VIO: Adding device vnet-port-0-1 (tx_ino = 2, rx_ino = 3)
[    0.946167] VIO: Adding device vnet-port-0-2 (tx_ino = 4, rx_ino = 5)
[    0.946357] VIO: Adding device vnet-port-0-3 (tx_ino = 6, rx_ino = 7)
[    0.946536] VIO: Adding device vnet-port-0-4 (tx_ino = 8, rx_ino = 9)
[    0.946718] VIO: Adding device vnet-port-0-5 (tx_ino = 16, rx_ino = 17)
[    0.946903] VIO: Adding device vdc-port-3-0 (tx_ino = a, rx_ino = b)
[    0.947091] VIO: Adding device vdc-port-2-0 (tx_ino = c, rx_ino = d)
[    0.947272] VIO: Adding device vdc-port-1-0 (tx_ino = e, rx_ino = f)
[    0.947450] VIO: Adding device vdc-port-0-0 (tx_ino = 10, rx_ino = 11)
[    0.947640] VIO: Adding device vlds-port-0-0 (tx_ino = 12, rx_ino = 13)
[    0.947901] VIO: Adding device domain-services-port-0 (tx_ino = 12, rx_ino = 13)
[    0.948305] audit: initializing netlink subsys (disabled)
[    0.948712] audit: type=2000 audit(0.500:1): state=initialized audit_enabled=0 res=1
[    0.993243] HugeTLB registered 64.0 KiB page size, pre-allocated 0 pages
[    0.993299] HugeTLB registered 8.00 MiB page size, pre-allocated 0 pages
[    0.993342] HugeTLB registered 256 MiB page size, pre-allocated 0 pages
[    0.993385] HugeTLB registered 2.00 GiB page size, pre-allocated 0 pages
[    1.043306] alg: No test for lzo-rle (lzo-rle-generic)
[    1.044000] alg: No test for lzo-rle (lzo-rle-scomp)
[    1.062526] SUN4V: Reboot data supported (maj=1,min=0).
[    1.063002] ds.c:v1.0 (Jul 11, 2007)
[    1.063455] ds-0: ds_conn_reset() from send_events.isra.3
[    1.064894] clocksource: Switched to clocksource stick
[    1.343524] VFS: Disk quotas dquot_6.6.0
[    1.344016] VFS: Dquot-cache hash table entries: 1024 (order 0, 8192 bytes)
[    1.344676] *** VALIDATE hugetlbfs ***
[    1.363018] NET: Registered protocol family 2
[    1.365550] tcp_listen_portaddr_hash hash table entries: 32768 (order: 8, 2359296 bytes)
[    1.368915] TCP established hash table entries: 524288 (order: 9, 4194304 bytes)
[    1.370986] TCP bind hash table entries: 65536 (order: 9, 4194304 bytes)
[    1.376722] TCP: Hash tables configured (established 524288 bind 65536)
[    1.383718] UDP hash table entries: 32768 (order: 9, 5242880 bytes)
[    1.391287] UDP-Lite hash table entries: 32768 (order: 9, 5242880 bytes)
[    1.405663] NET: Registered protocol family 1
[    1.406796] Trying to unpack rootfs image as initramfs...
[    1.722581] Freeing initrd memory: 10288K
[    1.757939] workingset: timestamp_bits=46 max_order=23 bucket_order=0
[    1.763875] SGI XFS with ACLs, security attributes, debug enabled
[    1.787520] Block layer SCSI generic (bsg) driver version 0.4 loaded (major 252)
[    1.789314] io scheduler mq-deadline registered
[    1.791323] f029b788: ttyS0 at I/O 0x0 (irq = 1, base_baud = 115200) is a SUN4V HCONS
[    1.797078] printk: console [ttyHV0] enabled
[    1.801522] sunvdc.c:v1.2 (November 24, 2014)
[    1.809288] sunvdc: Virtual CDROM vdiskd
[    1.809361] sunvdc: vdiskd: 403160 sectors (196 MB) protocol 1.2
[    1.810875]  vdiskd: vdiskd1 vdiskd2 vdiskd3 vdiskd4 vdiskd5 vdiskd6 vdiskd7
[    1.866307] sunvdc: Virtual Hard disk vdiskc
[    1.866359] sunvdc: vdiskc: 104857600 sectors (51200 MB) protocol 1.2
[    1.918494] sunvdc: Virtual Hard disk vdiskb
[    1.918547] sunvdc: vdiskb: 62914560 sectors (30720 MB) protocol 1.2
[    1.920490]  vdiskb: vdiskb1
[    1.972677] sunvdc: Virtual Hard disk vdiska
[    1.972730] sunvdc: vdiska: 31457280 sectors (15360 MB) protocol 1.2
[    1.973713]  vdiska: vdiska1 vdiska2 vdiska3 vdiska4
[    2.021336] sunvnet: sunvnet 2.0 (February 3, 2017)
[    2.025007] vnet_port vnet-port-0-0 eth0: Sun LDOM vnet 00:14:4f:f8:12:a3
[    2.025659] sunvnet: eth0: PORT ( remote-mac 00:14:4f:fa:f3:f0 switch-port )
[    2.027127] sunvnet: eth0: PORT ( remote-mac 00:14:4f:f8:e5:f3 )
[    2.028555] sunvnet: eth0: PORT ( remote-mac 00:14:4f:f9:b4:97 )
[    2.030006] sunvnet: eth0: PORT ( remote-mac 00:14:4f:f9:8b:83 )
[    2.031381] sunvnet: eth0: PORT ( remote-mac 00:14:4f:f8:3f:1e )
[    2.032780] sunvnet: eth0: PORT ( remote-mac 00:14:4f:f8:fe:47 )
[    2.034583] rtc-sun4v rtc-sun4v: registered as rtc0
[    2.035138] device-mapper: uevent: version 1.0.3
[    2.036399] device-mapper: ioctl: 4.40.0-ioctl (2019-01-18) initialised: dm-devel@redhat.com
[    2.038162] NET: Registered protocol family 17
[    2.049120] zswap: default zpool zbud not available
[    2.049206] zswap: pool creation failed
[    2.098740] Key type big_key registered
[    2.099671] rtc-sun4v rtc-sun4v: setting system clock to 2019-07-13T08:09:38 UTC (1563005378)
[    2.104014] This architecture does not have kernel memory protection.
[    2.104071] Run /init as init process
[    3.019196] random: fast init done
[    3.027299] crc32c_sparc64: Using sparc64 crc32c opcode optimized CRC32C implementation
[    3.694900] raid6: int64x8  gen()  1921 MB/s
[    3.864872] raid6: int64x8  xor()  1499 MB/s
[    4.034866] raid6: int64x4  gen()  3046 MB/s
[    4.204885] raid6: int64x4  xor()  1895 MB/s
[    4.374861] raid6: int64x2  gen()  2601 MB/s
[    4.544868] raid6: int64x2  xor()  1889 MB/s
[    4.714879] raid6: int64x1  gen()  2691 MB/s
[    4.884862] raid6: int64x1  xor()  1598 MB/s
[    4.884913] raid6: using algorithm int64x4 gen() 3046 MB/s
[    4.884951] raid6: .... xor() 1895 MB/s, rmw enabled
[    4.884987] raid6: using intx1 recovery algorithm
[    4.885976] async_tx: api initialized (async)
[    4.886582] xor: automatically using best checksumming function   Niagara   
[    5.099707] EXT4-fs (vdiska2): mounted filesystem with ordered data mode. Opts: (null)
[    5.348925] systemd[1]: Inserted module 'autofs4'
[    5.360887] NET: Registered protocol family 10
[    5.373689] Segment Routing with IPv6
[    5.402300] systemd[1]: systemd 241 running in system mode. (+PAM +AUDIT +SELINUX +IMA +APPARMOR +SMACK +SYSVINIT +UTMP +LIBCRYPTSETUP +GCRYPT +GNUTLS +ACL +XZ +LZ4 -SECCOMP +BLKID +ELFUTILS +KMOD -IDN2 +IDN +PCRE2 default-hierarchy=hybrid)
[    5.402923] systemd[1]: Detected architecture sparc64.
[    5.421680] systemd[1]: Set hostname to <ttip>.
[    5.426959] systemd[1]: Failed to bump fs.file-max, ignoring: Invalid argument
[    5.554927] random: lvmconfig: uninitialized urandom read (4 bytes read)
[    5.839483] systemd[1]: /lib/systemd/system/smbd.service:9: PIDFile= references path below legacy directory /var/run/, updating /var/run/samba/smbd.pid → /run/samba/smbd.pid; please update the unit file accordingly.
[    5.840184] systemd[1]: /lib/systemd/system/nmbd.service:9: PIDFile= references path below legacy directory /var/run/, updating /var/run/samba/nmbd.pid → /run/samba/nmbd.pid; please update the unit file accordingly.
[    5.877741] random: systemd: uninitialized urandom read (16 bytes read)
[    5.885927] random: systemd: uninitialized urandom read (16 bytes read)
[    5.904409] systemd[1]: Created slice system-getty.slice.
[    5.906687] systemd[1]: Listening on udev Control Socket.
[    5.908237] systemd[1]: Listening on fsck to fsckd communication Socket.
[    5.909616] systemd[1]: Started Forward Password Requests to Wall Directory Watch.
[    6.051908] EXT4-fs (vdiska2): re-mounted. Opts: errors=remount-ro
[    6.343887] systemd-journald[459]: Received request to flush runtime journal from PID 1
[    7.101646] sha1_sparc64: Using sparc64 sha1 opcode optimized SHA-1 implementation
[    7.107628] n2rng v0.3 (Jan 7, 2017)
[    7.107715] n2rng f029b104: Registered RNG HVAPI major 2 minor 0
[    7.107776] n2rng f029b104: Found multi-unit-capable RNG, units: 2
[    7.108762] n2rng f029b104: RNG ready
[    7.136815] sha256_sparc64: Using sparc64 sha256 opcode optimized SHA-256/SHA-224 implementation
[    7.162062] sha512_sparc64: Using sparc64 sha512 opcode optimized SHA-512/SHA-384 implementation
[    7.164380] md5_sparc64: Using sparc64 md5 opcode optimized MD5 implementation
[    7.183236] aes_sparc64: Using sparc64 aes opcodes optimized AES implementation
[    7.245355] des_sparc64: Using sparc64 des opcodes optimized DES implementation
[    7.317560] camellia_sparc64: Using sparc64 camellia opcodes optimized CAMELLIA implementation
[    8.455936] XFS (dm-0): Mounting V5 Filesystem
[    8.477690] XFS (dm-0): Ending clean mount
[   10.479089] Adding 787176k swap on /dev/vdiska4.  Priority:-2 extents:1 across:787176k FS
[   10.581341] EXT4-fs (vdiska1): mounting ext3 file system using the ext4 subsystem
[   10.596986] EXT4-fs (vdiska1): mounted filesystem with ordered data mode. Opts: (null)
[   11.327311] random: crng init done
[   11.327364] random: 7 urandom warning(s) missed due to ratelimiting
