[    0.000019] PROMLIB: Sun IEEE Boot Prom 'OBP 4.38.12 2018/03/28 14:54'
[    0.000031] PROMLIB: Root node compatible: sun4v
[    0.000080] Linux version 5.6.0-12045-gf5e94d10e4c4 (mator@ttip) (gcc version 9.3.0 (Debian 9.3.0-9)) #65 SMP Wed Apr 8 13:21:12 MSK 2020
[    0.000396] printk: bootconsole [earlyprom0] enabled
[    0.000449] ARCH: SUN4V
[    0.000501] Ethernet address: 00:14:4f:fa:06:f2
[    0.000555] MM: PAGE_OFFSET is 0xfff8000000000000 (max_phys_bits == 47)
[    0.000621] MM: VMALLOC [0x0000000100000000 --> 0x0006000000000000]
[    0.000683] MM: VMEMMAP [0x0006000000000000 --> 0x000c000000000000]
[    0.012817] Kernel: Using 5 locked TLB entries for main kernel image.
[    0.012888] Remapping the kernel... 
[    0.012915] done.
[    0.045956] OF stdout device is: /virtual-devices@100/console@1
[    0.046024] PROM: Built device tree with 86758 bytes of memory.
[    0.046085] MDESC: Size is 36512 bytes.
[    0.046207] PLATFORM: banner-name [SPARC T5-2]
[    0.046260] PLATFORM: name [ORCL,SPARC-T5-2]
[    0.046308] PLATFORM: hostid [84fa06f2]
[    0.046352] PLATFORM: serial# [0035260e]
[    0.046395] PLATFORM: stick-frequency [3b9aca00]
[    0.046443] PLATFORM: mac-address [144ffa06f2]
[    0.046490] PLATFORM: watchdog-resolution [1000 ms]
[    0.046542] PLATFORM: watchdog-max-timeout [31536000000 ms]
[    0.046600] PLATFORM: max-cpus [1024]
[    0.046697] Top of RAM: 0x24af938000, Total RAM: 0x87f354000
[    0.046760] Memory hole size: 115461MB
[    0.051347] Allocated 40960 bytes for kernel page tables.
[    0.051433] Zone ranges:
[    0.051475]   Normal   [mem 0x0000000030400000-0x00000024af937fff]
[    0.051539] Movable zone start for each node
[    0.051586] Early memory node ranges
[    0.051629]   node   0: [mem 0x0000000030400000-0x000000006fe7ffff]
[    0.051692]   node   0: [mem 0x000000006ff00000-0x000000006ff25fff]
[    0.051755]   node   0: [mem 0x0000000070000000-0x000000042fffffff]
[    0.051820]   node   0: [mem 0x0000002030000000-0x00000024af87ffff]
[    0.051882]   node   0: [mem 0x00000024af900000-0x00000024af925fff]
[    0.051947]   node   0: [mem 0x00000024af930000-0x00000024af937fff]
[    0.063653] Zeroed struct page in unavailable ranges: 263766 pages
[    0.063662] Initmem setup node 0 [mem 0x0000000030400000-0x00000024af937fff]
[    0.063821] On node 0 totalpages: 4454826
[    0.063831]   Normal zone: 39154 pages used for memmap
[    0.063837]   Normal zone: 0 pages reserved
[    0.063843]   Normal zone: 4454826 pages, LIFO batch:31
[    0.074970] Booting Linux...
[    0.075056] CPU CAPS: [flush,stbar,swap,muldiv,v9,blkinit,n2,mul32]
[    0.075141] CPU CAPS: [div32,v8plus,popc,vis,vis2,ASIBlkInit,fmaf,vis3]
[    0.075221] CPU CAPS: [hpc,ima,pause,cbcond,aes,des,kasumi,camellia]
[    0.075296] CPU CAPS: [md5,sha1,sha256,sha512,mpmul,montmul,montsqr,crc32c]
[    0.105042] percpu: Embedded 27 pages/cpu s182992 r8192 d30000 u262144
[    0.105289] pcpu-alloc: s182992 r8192 d30000 u262144 alloc=1*4194304
[    0.105297] pcpu-alloc: [0] 000 001 002 003 004 005 006 007 008 009 010 011 012 013 014 015 
[    0.105325] pcpu-alloc: [0] 016 017 018 019 020 021 022 023 024 025 026 027 028 029 030 031 
[    0.105353] pcpu-alloc: [0] 032 033 034 035 036 037 038 039 040 041 042 043 044 045 046 047 
[    0.105381] pcpu-alloc: [0] 048 049 050 051 052 053 054 055 056 057 058 059 060 061 062 063 
[    0.105409] pcpu-alloc: [0] 064 065 066 067 068 069 070 071 072 073 074 075 076 077 078 079 
[    0.105437] pcpu-alloc: [0] 080 081 082 083 084 085 086 087 088 089 090 091 092 093 094 095 
[    0.105465] pcpu-alloc: [0] 096 097 098 099 100 101 102 103 104 105 106 107 108 109 110 111 
[    0.105493] pcpu-alloc: [0] 112 113 114 115 116 117 118 119 120 121 122 123 124 125 126 127 
[    0.105973] SUN4V: Mondo queue sizes [cpu(131072) dev(16384) r(8192) nr(256)]
[    0.106350] Built 1 zonelists, mobility grouping on.  Total pages: 4415672
[    0.106440] Kernel command line: BOOT_IMAGE=/vmlinux-5.6.0-12045-gf5e94d10e4c4 root=/dev/vdiska2 ro zswap.enabled=1
[    0.108971] printk: log_buf_len individual max cpu contribution: 4096 bytes
[    0.109047] printk: log_buf_len total cpu_extra contributions: 520192 bytes
[    0.109114] printk: log_buf_len min size: 131072 bytes
[    0.109391] printk: log_buf_len: 1048576 bytes
[    0.109444] printk: early log buf free: 126664(96%)
[    0.115861] Dentry cache hash table entries: 8388608 (order: 13, 67108864 bytes, linear)
[    0.119145] Inode-cache hash table entries: 4194304 (order: 12, 33554432 bytes, linear)
[    0.119227] Sorting __ex_table...
[    0.119461] mem auto-init: stack:off, heap alloc:off, heap free:off
[    0.179292] Memory: 1305232K/35638608K available (7777K kernel code, 1057K rwdata, 2312K rodata, 648K init, 6814K bss, 509144K reserved, 0K cma-reserved)
[    0.179954] SLUB: HWalign=32, Order=0-3, MinObjects=0, CPUs=128, Nodes=1
[    0.180252] ftrace: allocating 21704 entries in 43 pages
[    0.188501] ftrace: allocated 43 pages with 4 groups
[    0.191476] Running RCU self tests
[    0.191550] rcu: Hierarchical RCU implementation.
[    0.191603] rcu: 	RCU event tracing is enabled.
[    0.191652] rcu: 	RCU lockdep checking is enabled.
[    0.191705] 	Tasks RCU enabled.
[    0.191743] rcu: RCU calculated value of scheduler-enlistment delay is 10 jiffies.
[    0.196065] NR_IRQS: 2048, nr_irqs: 2048, preallocated irqs: 1
[    0.196145] SUN4V: Using IRQ API major 3, cookie only virqs enabled
[    0.198596] clocksource: stick: mask: 0xffffffffffffffff max_cycles: 0x1cd42e4dffb, max_idle_ns: 881590591483 ns
[    0.198726] clocksource: mult[800000] shift[23]
[    0.198776] clockevent: mult[80000000] shift[31]
[    0.199345] Console: colour dummy device 80x25
[    0.199408] printk: console [tty0] enabled
[    0.199488] printk: bootconsole [earlyprom0] disabled
[    0.199576] Lock dependency validator: Copyright (c) 2006 Red Hat, Inc., Ingo Molnar
[    0.199630] ... MAX_LOCKDEP_SUBCLASSES:  8
[    0.199663] ... MAX_LOCK_DEPTH:          48
[    0.199696] ... MAX_LOCKDEP_KEYS:        8192
[    0.199729] ... CLASSHASH_SIZE:          4096
[    0.199763] ... MAX_LOCKDEP_ENTRIES:     16384
[    0.199798] ... MAX_LOCKDEP_CHAINS:      32768
[    0.199832] ... CHAINHASH_SIZE:          16384
[    0.199866]  memory used by lock dependency info: 3919 kB
[    0.199906]  memory used for stack traces: 2112 kB
[    0.199942]  per task-struct memory footprint: 1920 bytes
[    0.349237] Calibrating delay using timer specific routine.. 2011.24 BogoMIPS (lpj=10056225)
[    0.349315] pid_max: default: 131072 minimum: 1024
[    0.349621] LSM: Security Framework initializing
[    0.349779] AppArmor: AppArmor initialized
[    0.350057] Mount-cache hash table entries: 131072 (order: 7, 1048576 bytes, linear)
[    0.350228] Mountpoint-cache hash table entries: 131072 (order: 7, 1048576 bytes, linear)
[    0.353683] rcu: Hierarchical SRCU implementation.
[    0.362085] smp: Bringing up secondary CPUs ...
[    0.407529] smp: Brought up 1 node, 32 CPUs
[    0.600514] node 0 initialised, 4228029 pages in 190ms
[    0.601746] devtmpfs: initialized
[    0.606526] Performance events: 
[    0.606576] Testing NMI watchdog ... 
[    0.806660] OK.
[    0.806842] Supported PMU type is 'niagara5'
[    0.807047] random: get_random_u32 called from bucket_table_alloc.isra.0+0x198/0x1c0 with crng_init=0
[    0.807721] ldc.c:v1.1 (July 22, 2008)
[    0.810085] clocksource: jiffies: mask: 0xffffffff max_cycles: 0xffffffff, max_idle_ns: 19112604462750000 ns
[    0.810183] futex hash table entries: 32768 (order: 9, 4194304 bytes, linear)
[    0.815405] NET: Registered protocol family 16
[    0.823903] VIO: Adding device channel-devices (tx_ino = ffffffffffffffff, rx_ino = ffffffffffffffff)
[    0.824117] VIO: Adding device vnet-port-0-0 (tx_ino = 0, rx_ino = 1)
[    0.824332] VIO: Adding device vnet-port-0-1 (tx_ino = 2, rx_ino = 3)
[    0.824508] VIO: Adding device vnet-port-0-2 (tx_ino = 4, rx_ino = 5)
[    0.824680] VIO: Adding device vnet-port-0-3 (tx_ino = 6, rx_ino = 7)
[    0.824859] VIO: Adding device vnet-port-0-4 (tx_ino = 8, rx_ino = 9)
[    0.825032] VIO: Adding device vnet-port-0-5 (tx_ino = a, rx_ino = b)
[    0.825204] VIO: Adding device vdc-port-2-0 (tx_ino = c, rx_ino = d)
[    0.825381] VIO: Adding device vdc-port-1-0 (tx_ino = e, rx_ino = f)
[    0.825554] VIO: Adding device vdc-port-0-0 (tx_ino = 10, rx_ino = 11)
[    0.825735] VIO: Adding device vdc-port-3-0 (tx_ino = 12, rx_ino = 13)
[    0.825914] VIO: Adding device vlds-port-0-0 (tx_ino = 14, rx_ino = 15)
[    0.826091] VIO: Adding device domain-services-port-0 (tx_ino = 14, rx_ino = 15)
[    0.826382] audit: initializing netlink subsys (disabled)
[    0.826663] audit: type=2000 audit(0.620:1): state=initialized audit_enabled=0 res=1
[    0.853001] HugeTLB registered 64.0 KiB page size, pre-allocated 0 pages
[    0.853062] HugeTLB registered 8.00 MiB page size, pre-allocated 0 pages
[    0.853111] HugeTLB registered 256 MiB page size, pre-allocated 0 pages
[    0.853160] HugeTLB registered 2.00 GiB page size, pre-allocated 0 pages
[    0.854806] alg: extra crypto tests enabled.  This is intended for developer use only.
[    0.881977] cryptd: max_cpu_qlen set to 1000
[    0.994036] NetLabel: Initializing
[    0.994077] NetLabel:  domain hash size = 128
[    0.994112] NetLabel:  protocols = UNLABELED CIPSOv4 CALIPSO
[    0.994241] NetLabel:  unlabeled traffic allowed by default
[    0.995194] SUN4V: Reboot data supported (maj=1,min=0).
[    0.995566] ds.c:v1.0 (Jul 11, 2007)
[    0.995927] ds-0: ds_conn_reset() from send_events.isra.0
[    0.997437] clocksource: Switched to clocksource stick
[    1.206916] VFS: Disk quotas dquot_6.6.0
[    1.207060] VFS: Dquot-cache hash table entries: 1024 (order 0, 8192 bytes)
[    1.208939] AppArmor: AppArmor Filesystem Enabled
[    1.222586] NET: Registered protocol family 2
[    1.224435] tcp_listen_portaddr_hash hash table entries: 32768 (order: 8, 2621440 bytes, linear)
[    1.227401] TCP established hash table entries: 524288 (order: 9, 4194304 bytes, linear)
[    1.229909] TCP bind hash table entries: 65536 (order: 9, 4718592 bytes, linear)
[    1.235473] TCP: Hash tables configured (established 524288 bind 65536)
[    1.238058] UDP hash table entries: 32768 (order: 9, 5242880 bytes, linear)
[    1.244373] UDP-Lite hash table entries: 32768 (order: 9, 5242880 bytes, linear)
[    1.252504] NET: Registered protocol family 1
[    1.252572] NET: Registered protocol family 44
[    1.253250] Trying to unpack rootfs image as initramfs...
[    1.451410] Freeing initrd memory: 14776K
[    1.452170] aes_sparc64: Using sparc64 aes opcodes optimized AES implementation
[    1.753498] des_sparc64: Using sparc64 des opcodes optimized DES implementation
[    2.280854] camellia_sparc64: Using sparc64 camellia opcodes optimized CAMELLIA implementation
[    2.490109] workingset: timestamp_bits=46 max_order=23 bucket_order=0
[    2.509393] zbud: loaded
[    2.511944] SGI XFS with ACLs, security attributes, quota, fatal assert, debug enabled
[    2.533232] Block layer SCSI generic (bsg) driver version 0.4 loaded (major 252)
[    2.534223] io scheduler mq-deadline registered
[    2.536929] f029b788: ttyHV0 at I/O 0x0 (irq = 1, base_baud = 115200) is a SUN4V HCONS
[    2.537019] INFO: trying to register non-static key.
[    2.537026] the code is fine but needs lockdep annotation.
[    2.537032] turning off the locking correctness validator.
[    2.537041] CPU: 16 PID: 1 Comm: swapper/0 Not tainted 5.6.0-12045-gf5e94d10e4c4 #65
[    2.537049] Call Trace:
[    2.537063]  [00000000004de738] register_lock_class+0x278/0x8a0
[    2.537071]  [00000000004da00c] __lock_acquire+0x8c/0x3660
[    2.537078]  [00000000004de25c] lock_acquire+0x3dc/0x460
[    2.537089]  [0000000000b99d24] _raw_spin_lock_irqsave+0x44/0x60
[    2.537099]  [000000000097fb80] uart_add_one_port+0x360/0x500
[    2.537106]  [0000000000985584] hv_probe+0x144/0x200
[    2.537114]  [00000000009960f4] platform_drv_probe+0x34/0xa0
[    2.537123]  [0000000000993cd4] really_probe+0x214/0x460
[    2.537129]  [00000000009943fc] driver_probe_device+0xfc/0x140
[    2.537136]  [00000000009946dc] device_driver_attach+0x3c/0x60
[    2.537143]  [0000000000994848] __driver_attach+0x148/0x160
[    2.537150]  [0000000000992444] bus_for_each_dev+0x44/0xa0
[    2.537156]  [000000000099487c] driver_attach+0x1c/0x40
[    2.537163]  [0000000000992ac4] bus_add_driver+0x124/0x220
[    2.537169]  [0000000000995024] driver_register+0xc4/0x120
[    2.537176]  [0000000000996060] __platform_driver_register+0x40/0x60
[    2.537750] printk: console [ttyHV0] enabled
[    2.539479] sunvdc.c:v1.2 (November 24, 2014)
[    2.541114] sunvdc: Virtual Hard disk vdiskc
[    2.541137] sunvdc: vdiskc: 104857600 sectors (51200 MB) protocol 1.2
[    2.551710] sunvdc: Virtual Hard disk vdiskb
[    2.551741] sunvdc: vdiskb: 62914560 sectors (30720 MB) protocol 1.2
[    2.552642]  vdiskb: vdiskb1
[    2.562246] sunvdc: Virtual Hard disk vdiska
[    2.562275] sunvdc: vdiska: 31457280 sectors (15360 MB) protocol 1.2
[    2.562853]  vdiska: vdiska1 vdiska2 vdiska3 vdiska4
[    2.572904] sunvdc: Virtual CDROM vdiskd
[    2.572937] sunvdc: vdiskd: 453848 sectors (221 MB) protocol 1.2
[    2.573544]  vdiskd: vdiskd1 vdiskd2 vdiskd3 vdiskd4 vdiskd5 vdiskd6 vdiskd7
[    2.582838] sunvnet: sunvnet 2.0 (February 3, 2017)
[    2.583855] vnet_port vnet-port-0-0 eth0: Sun LDOM vnet 00:14:4f:f8:12:a3
[    2.583976] sunvnet: eth0: PORT ( remote-mac 00:14:4f:fa:f3:f0 switch-port )
[    2.584185] sunvnet: eth0: PORT ( remote-mac 00:14:4f:f8:e5:f3 )
[    2.584384] sunvnet: eth0: PORT ( remote-mac 00:14:4f:f9:b4:97 )
[    2.584581] sunvnet: eth0: PORT ( remote-mac 00:14:4f:f8:3f:1e )
[    2.584773] sunvnet: eth0: PORT ( remote-mac 00:14:4f:f8:fe:47 )
[    2.584962] sunvnet: eth0: PORT ( remote-mac 00:14:4f:f9:8b:83 )
[    2.585725] rtc-sun4v rtc-sun4v: registered as rtc0
[    2.585804] rtc-sun4v rtc-sun4v: setting system clock to 2020-04-08T10:39:50 UTC (1586342390)
[    2.586042] sun4v_wdt: initialized (timeout=60s, nowayout=0)
[    2.586164] device-mapper: uevent: version 1.0.3
[    2.586485] device-mapper: ioctl: 4.42.0-ioctl (2020-02-27) initialised: dm-devel@redhat.com
[    2.587184] NET: Registered protocol family 17
[    2.587479] registered taskstats version 1
[    2.587988] zswap: loaded using pool lzo/zbud
[    2.879718] Key type big_key registered
[    2.879758] AppArmor: AppArmor sha1 policy hashing enabled
[    2.882350] This architecture does not have kernel memory protection.
[    2.882376] Run /init as init process
[    2.882395]   with arguments:
[    2.882410]     /init
[    2.882424]   with environment:
[    2.882440]     HOME=/
[    2.882454]     TERM=linux
[    2.882469]     BOOT_IMAGE=/vmlinux-5.6.0-12045-gf5e94d10e4c4
[    3.152654] crc32c_sparc64: Using sparc64 crc32c opcode optimized CRC32C implementation
[    3.687371] raid6: int64x8  gen()  2159 MB/s
[    3.857369] raid6: int64x8  xor()  1529 MB/s
[    4.027378] raid6: int64x4  gen()  3424 MB/s
[    4.197386] raid6: int64x4  xor()  1483 MB/s
[    4.367401] raid6: int64x2  gen()  2783 MB/s
[    4.537375] raid6: int64x2  xor()  1162 MB/s
[    4.707381] raid6: int64x1  gen()  1395 MB/s
[    4.877370] raid6: int64x1  xor()   670 MB/s
[    4.877399] raid6: using algorithm int64x4 gen() 3424 MB/s
[    4.877420] raid6: .... xor() 1483 MB/s, rmw enabled
[    4.877440] raid6: using intx1 recovery algorithm
[    4.878051] async_tx: api initialized (async)
[    4.878363] xor: automatically using best checksumming function   Niagara   
[    4.940193] process '/usr/bin/fstype' started with executable stack
[    4.953601] random: fast init done
[    5.021498] EXT4-fs (vdiska2): mounted filesystem with ordered data mode. Opts: (null)
[    6.888624] systemd[1]: Inserted module 'autofs4'
[    6.896884] NET: Registered protocol family 10
[    6.900840] Segment Routing with IPv6
[    6.961328] systemd[1]: systemd 245.4-2 running in system mode. (+PAM +AUDIT +SELINUX +IMA +APPARMOR +SMACK +SYSVINIT +UTMP +LIBCRYPTSETUP +GCRYPT +GNUTLS +ACL +XZ +LZ4 -SECCOMP +BLKID +ELFUTILS +KMOD +IDN2 -IDN +PCRE2 default-hierarchy=hybrid)
[    6.961807] systemd[1]: Detected architecture sparc64.
[    7.037459] systemd[1]: Set hostname to <ttip>.
[    7.948189] random: lvmconfig: uninitialized urandom read (4 bytes read)
[    8.822293] systemd[1]: /lib/systemd/system/dbus.socket:5: ListenStream= references a path below legacy directory /var/run/, updating /var/run/dbus/system_bus_socket â†’ /run/dbus/system_bus_socket; please update the unit file accordingly.
[    9.213869] random: systemd: uninitialized urandom read (16 bytes read)
[    9.220568] systemd[1]: Created slice system-getty.slice.
[    9.221026] random: systemd: uninitialized urandom read (16 bytes read)
[    9.223544] systemd[1]: Created slice system-modprobe.slice.
[    9.223811] random: systemd: uninitialized urandom read (16 bytes read)
[    9.226454] systemd[1]: Created slice system-openvpn\x2dclient.slice.
[    9.229941] systemd[1]: Created slice system-postfix.slice.
[    9.232685] systemd[1]: Created slice system-systemd\x2dfsck.slice.
[    9.235358] systemd[1]: Created slice User and Session Slice.
[    9.235912] systemd[1]: Started Dispatch Password Requests to Console Directory Watch.
[    9.236414] systemd[1]: Started Forward Password Requests to Wall Directory Watch.
[    9.237785] systemd[1]: Set up automount Arbitrary Executable File Formats File System Automount Point.
[    9.238152] systemd[1]: Reached target Local Encrypted Volumes.
[    9.238477] systemd[1]: Reached target Paths.
[    9.238749] systemd[1]: Reached target Remote File Systems.
[    9.239022] systemd[1]: Reached target Slices.
[    9.239564] systemd[1]: Listening on Device-mapper event daemon FIFOs.
[    9.240243] systemd[1]: Listening on LVM2 poll daemon socket.
[    9.261372] systemd[1]: Listening on Syslog Socket.
[    9.262027] systemd[1]: Listening on fsck to fsckd communication Socket.
[    9.262499] systemd[1]: Listening on initctl Compatibility Named Pipe.
[    9.263305] systemd[1]: Listening on Journal Audit Socket.
[    9.263887] systemd[1]: Listening on Journal Socket (/dev/log).
[    9.264577] systemd[1]: Listening on Journal Socket.
[    9.265232] systemd[1]: Listening on udev Control Socket.
[    9.265731] systemd[1]: Listening on udev Kernel Socket.
[    9.271972] systemd[1]: Mounting Huge Pages File System...
[    9.277415] systemd[1]: Mounting POSIX Message Queue File System...
[    9.282758] systemd[1]: Mounting Kernel Debug File System...
[    9.289307] systemd[1]: Mounting Kernel Trace File System...
[    9.294394] systemd[1]: Starting Availability of block devices...
[    9.300169] systemd[1]: Starting Wait for network to be configured by ifupdown...
[    9.305786] systemd[1]: Starting Create list of static device nodes for the current kernel...
[    9.311604] systemd[1]: Starting Monitoring of LVM2 mirrors, snapshots etc. using dmeventd or progress polling...
[    9.316845] systemd[1]: Starting Load Kernel Module drm...
[    9.321982] systemd[1]: Starting nftables...
[    9.337876] systemd[1]: Condition check resulted in Set Up Additional Binary Formats being skipped.
[    9.338075] systemd[1]: Condition check resulted in File System Check on Root Device being skipped.
[    9.345756] systemd[1]: Starting Journal Service...
[    9.370910] systemd[1]: Starting Load Kernel Modules...
[    9.376634] systemd[1]: Starting Remount Root and Kernel File Systems...
[    9.382319] systemd[1]: Starting udev Coldplug all Devices...
[    9.388704] systemd[1]: Mounted Huge Pages File System.
[    9.389796] systemd[1]: Mounted POSIX Message Queue File System.
[    9.390706] systemd[1]: Mounted Kernel Debug File System.
[    9.391547] systemd[1]: Mounted Kernel Trace File System.
[    9.394617] systemd[1]: Finished Availability of block devices.
[    9.398262] systemd[1]: Finished Wait for network to be configured by ifupdown.
[    9.401441] systemd[1]: Finished Create list of static device nodes for the current kernel.
[    9.403039] systemd[1]: modprobe@drm.service: Succeeded.
[    9.405062] systemd[1]: Finished Load Kernel Module drm.
[    9.472918] EXT4-fs (vdiska2): re-mounted. Opts: errors=remount-ro
[    9.477512] systemd[1]: Finished Load Kernel Modules.
[    9.480574] systemd[1]: Finished Remount Root and Kernel File Systems.
[    9.481595] systemd[1]: Condition check resulted in FUSE Control File System being skipped.
[    9.481869] systemd[1]: Condition check resulted in Kernel Configuration File System being skipped.
[    9.537495] systemd[1]: Starting Initial Check File System Quotas...
[    9.551896] systemd[1]: Condition check resulted in Rebuild Hardware Database being skipped.
[    9.552094] systemd[1]: Condition check resulted in Platform Persistent Storage Archival being skipped.
[    9.557518] systemd[1]: Starting Load/Save Random Seed...
[    9.563260] systemd[1]: Starting Apply Kernel Variables...
[    9.568760] systemd[1]: Starting Create System Users...
[    9.570106] systemd[1]: Started Journal Service.
[    9.639640] systemd-journald[547]: Received client request to flush runtime journal.
[   11.282734] sha1_sparc64: Using sparc64 sha1 opcode optimized SHA-1 implementation
[   11.361541] n2rng v0.3 (Jan 7, 2017)
[   11.361594] n2rng f029b104: Registered RNG HVAPI major 2 minor 0
[   11.361625] n2rng f029b104: Found multi-unit-capable RNG, units: 2
[   11.361998] n2rng f029b104: RNG ready
[   11.435564] pktcdvd: setup of pktcdvd device failed
[   11.462133] sha256_sparc64: Using sparc64 sha256 opcode optimized SHA-256/SHA-224 implementation
[   11.464119] pktcdvd: setup of pktcdvd device failed
[   11.467040] pktcdvd: setup of pktcdvd device failed
[   11.469976] pktcdvd: setup of pktcdvd device failed
[   11.472370] pktcdvd: setup of pktcdvd device failed
[   11.474718] pktcdvd: setup of pktcdvd device failed
[   11.477603] pktcdvd: setup of pktcdvd device failed
[   11.480499] pktcdvd: setup of pktcdvd device failed
[   11.622398] sha512_sparc64: Using sparc64 sha512 opcode optimized SHA-512/SHA-384 implementation
[   11.638861] md5_sparc64: Using sparc64 md5 opcode optimized MD5 implementation
[   11.777731] Adding 787176k swap on /dev/vdiska4.  Priority:-2 extents:1 across:787176k FS
[   11.782397] XFS (dm-0): Mounting V5 Filesystem
[   12.082119] XFS (dm-0): Ending clean mount
[   12.159482] xfs filesystem being mounted at /1 supports timestamps until 2038 (0x7fffffff)
[   12.179866] EXT4-fs (vdiska1): mounting ext3 file system using the ext4 subsystem
[   12.394880] EXT4-fs (vdiska1): mounted filesystem with ordered data mode. Opts: (null)
[   12.395020] ext3 filesystem being mounted at /boot supports timestamps until 2038 (0x7fffffff)
[   14.281172] Kernel unaligned access at TPC[89f838] aa_dfa_unpack+0x38/0x5a0
[   14.281224] Kernel unaligned access at TPC[89f858] aa_dfa_unpack+0x58/0x5a0
[   14.281254] Kernel unaligned access at TPC[89f914] aa_dfa_unpack+0x114/0x5a0
[   14.281284] Kernel unaligned access at TPC[89f9f4] aa_dfa_unpack+0x1f4/0x5a0
[   14.281313] Kernel unaligned access at TPC[89fa08] aa_dfa_unpack+0x208/0x5a0
[   14.282939] audit: type=1400 audit(1586342402.190:2): apparmor="STATUS" operation="profile_load" profile="unconfined" name="/usr/sbin/haveged" pid=744 comm="apparmor_parser"
[   14.287570] random: crng init done
[   14.287598] random: 6 urandom warning(s) missed due to ratelimiting
[   14.288949] audit: type=1400 audit(1586342402.200:3): apparmor="STATUS" operation="profile_load" profile="unconfined" name="nvidia_modprobe" pid=745 comm="apparmor_parser"
[   14.289019] audit: type=1400 audit(1586342402.200:4): apparmor="STATUS" operation="profile_load" profile="unconfined" name="nvidia_modprobe//kmod" pid=745 comm="apparmor_parser"
[   14.294948] audit: type=1400 audit(1586342402.200:5): apparmor="STATUS" operation="profile_load" profile="unconfined" name="lsb_release" pid=749 comm="apparmor_parser"
[   14.324387] audit: type=1400 audit(1586342402.230:6): apparmor="STATUS" operation="profile_load" profile="unconfined" name="/usr/bin/man" pid=746 comm="apparmor_parser"
[   14.324460] audit: type=1400 audit(1586342402.230:7): apparmor="STATUS" operation="profile_load" profile="unconfined" name="man_filter" pid=746 comm="apparmor_parser"
[   14.324518] audit: type=1400 audit(1586342402.230:8): apparmor="STATUS" operation="profile_load" profile="unconfined" name="man_groff" pid=746 comm="apparmor_parser"
[   14.383962] audit: type=1400 audit(1586342402.290:9): apparmor="STATUS" operation="profile_load" profile="unconfined" name="/usr/sbin/named" pid=748 comm="apparmor_parser"
[   14.387649] audit: type=1400 audit(1586342402.300:10): apparmor="STATUS" operation="profile_load" profile="unconfined" name="/usr/sbin/tcpdump" pid=747 comm="apparmor_parser"
