[    0.000019] PROMLIB: Sun IEEE Boot Prom 'OBP 4.38.12 2018/03/28 14:54'
[    0.000033] PROMLIB: Root node compatible: sun4v
[    0.000082] Linux version 5.3.0-03839-g35f7a9526615-dirty (mator@ttip.nvglabs.local) (gcc version 9.2.1 20190905 (Debian 9.2.1-7)) #1219 SMP Wed Sep 18 11:53:54 MSK 2019
[    0.000427] printk: bootconsole [earlyprom0] enabled
[    0.000481] ARCH: SUN4V
[    0.000533] Ethernet address: 00:14:4f:fa:06:f2
[    0.000589] MM: PAGE_OFFSET is 0xfff8000000000000 (max_phys_bits == 47)
[    0.000656] MM: VMALLOC [0x0000000100000000 --> 0x0006000000000000]
[    0.000721] MM: VMEMMAP [0x0006000000000000 --> 0x000c000000000000]
[    0.013122] Kernel: Using 5 locked TLB entries for main kernel image.
[    0.013211] Remapping the kernel... 
[    0.013236] done.
[    0.050382] OF stdout device is: /virtual-devices@100/console@1
[    0.050465] PROM: Built device tree with 87467 bytes of memory.
[    0.050532] MDESC: Size is 37248 bytes.
[    0.050663] PLATFORM: banner-name [SPARC T5-2]
[    0.050715] PLATFORM: name [ORCL,SPARC-T5-2]
[    0.050761] PLATFORM: hostid [84fa06f2]
[    0.050805] PLATFORM: serial# [0035260e]
[    0.050849] PLATFORM: stick-frequency [3b9aca00]
[    0.050898] PLATFORM: mac-address [144ffa06f2]
[    0.050947] PLATFORM: watchdog-resolution [1000 ms]
[    0.050998] PLATFORM: watchdog-max-timeout [31536000000 ms]
[    0.051054] PLATFORM: max-cpus [1024]
[    0.051149] Top of RAM: 0x24af938000, Total RAM: 0x87f354000
[    0.051216] Memory hole size: 115461MB
[    0.104769] kmemleak: Kernel memory leak detector disabled
[    0.287156] Allocated 35708928 bytes for kernel page tables.
[    0.287267] Zone ranges:
[    0.287308]   Normal   [mem 0x0000000030400000-0x00000024af937fff]
[    0.287374] Movable zone start for each node
[    0.288437] Early memory node ranges
[    0.288486]   node   0: [mem 0x0000000030400000-0x000000006fe7ffff]
[    0.288558]   node   0: [mem 0x000000006ff00000-0x000000006ff25fff]
[    0.288621]   node   0: [mem 0x0000000070000000-0x000000042fffffff]
[    0.288685]   node   0: [mem 0x0000002030000000-0x00000024af87ffff]
[    0.288752]   node   0: [mem 0x00000024af900000-0x00000024af925fff]
[    0.288816]   node   0: [mem 0x00000024af930000-0x00000024af937fff]
[    0.296319] Zeroed struct page in unavailable ranges: 230130 pages
[    0.296328] Initmem setup node 0 [mem 0x0000000030400000-0x00000024af937fff]
[    0.296488] On node 0 totalpages: 4454826
[    0.296497]   Normal zone: 39154 pages used for memmap
[    0.296502]   Normal zone: 0 pages reserved
[    0.296508]   Normal zone: 4454826 pages, LIFO batch:31
[    0.305566] Booting Linux...
[    0.305655] CPU CAPS: [flush,stbar,swap,muldiv,v9,blkinit,n2,mul32]
[    0.305738] CPU CAPS: [div32,v8plus,popc,vis,vis2,ASIBlkInit,fmaf,vis3]
[    0.305817] CPU CAPS: [hpc,ima,pause,cbcond,aes,des,kasumi,camellia]
[    0.305892] CPU CAPS: [md5,sha1,sha256,sha512,mpmul,montmul,montsqr,crc32c]
[    0.339668] percpu: Embedded 27 pages/cpu s180616 r8192 d32376 u262144
[    0.339941] pcpu-alloc: s180616 r8192 d32376 u262144 alloc=1*4194304
[    0.339948] pcpu-alloc: [0] 000 001 002 003 004 005 006 007 008 009 010 011 012 013 014 015 
[    0.339975] pcpu-alloc: [0] 016 017 018 019 020 021 022 023 024 025 026 027 028 029 030 031 
[    0.340002] pcpu-alloc: [0] 032 033 034 035 036 037 038 039 040 041 042 043 044 045 046 047 
[    0.340029] pcpu-alloc: [0] 048 049 050 051 052 053 054 055 056 057 058 059 060 061 062 063 
[    0.340055] pcpu-alloc: [0] 064 065 066 067 068 069 070 071 072 073 074 075 076 077 078 079 
[    0.340082] pcpu-alloc: [0] 080 081 082 083 084 085 086 087 088 089 090 091 092 093 094 095 
[    0.340109] pcpu-alloc: [0] 096 097 098 099 100 101 102 103 104 105 106 107 108 109 110 111 
[    0.340136] pcpu-alloc: [0] 112 113 114 115 116 117 118 119 120 121 122 123 124 125 126 127 
[    0.340676] SUN4V: Mondo queue sizes [cpu(131072) dev(16384) r(8192) nr(256)]
[    0.341169] Built 1 zonelists, mobility grouping on.  Total pages: 4415672
[    0.341265] Kernel command line: BOOT_IMAGE=/vmlinux-5.3.0-03839-g35f7a9526615-dirty root=/dev/vdiska2 ro zswap.enabled=1
[    0.343673] printk: log_buf_len individual max cpu contribution: 4096 bytes
[    0.343768] printk: log_buf_len total cpu_extra contributions: 520192 bytes
[    0.343836] printk: log_buf_len min size: 131072 bytes
[    0.344170] printk: log_buf_len: 1048576 bytes
[    0.344223] printk: early log buf free: 126560(96%)
[    0.354349] Dentry cache hash table entries: 8388608 (order: 13, 67108864 bytes, linear)
[    0.359521] Inode-cache hash table entries: 4194304 (order: 12, 33554432 bytes, linear)
[    0.359637] Sorting __ex_table...
[    0.359908] mem auto-init: stack:off, heap alloc:off, heap free:off
[    0.421781] Memory: 1305232K/35638608K available (7330K kernel code, 953K rwdata, 2176K rodata, 1024K init, 6733K bss, 539168K reserved, 0K cma-reserved)
[    0.426083] SLUB: HWalign=32, Order=0-3, MinObjects=0, CPUs=128, Nodes=1
[    0.427824] ftrace: allocating 21322 entries in 42 pages
[    0.441395] Running RCU self tests
[    0.441475] rcu: Hierarchical RCU implementation.
[    0.441528] rcu: 	RCU event tracing is enabled.
[    0.441580] rcu: 	RCU lockdep checking is enabled.
[    0.441631] 	Tasks RCU enabled.
[    0.441670] rcu: RCU calculated value of scheduler-enlistment delay is 10 jiffies.
[    0.447002] NR_IRQS: 2048, nr_irqs: 2048, preallocated irqs: 1
[    0.447278] SUN4V: Using IRQ API major 3, cookie only virqs enabled
[    0.450947] clocksource: stick: mask: 0xffffffffffffffff max_cycles: 0x1cd42e4dffb, max_idle_ns: 881590591483 ns
[    0.451081] clocksource: mult[800000] shift[23]
[    0.451130] clockevent: mult[80000000] shift[31]
[    0.452800] Console: colour dummy device 80x25
[    0.452890] printk: console [tty0] enabled
[    0.452971] printk: bootconsole [earlyprom0] disabled
[    0.453057] Lock dependency validator: Copyright (c) 2006 Red Hat, Inc., Ingo Molnar
[    0.453106] ... MAX_LOCKDEP_SUBCLASSES:  8
[    0.453136] ... MAX_LOCK_DEPTH:          48
[    0.453166] ... MAX_LOCKDEP_KEYS:        8192
[    0.453196] ... CLASSHASH_SIZE:          4096
[    0.453227] ... MAX_LOCKDEP_ENTRIES:     16384
[    0.453258] ... MAX_LOCKDEP_CHAINS:      32768
[    0.453289] ... CHAINHASH_SIZE:          16384
[    0.453320]  memory used by lock dependency info: 3855 kB
[    0.453356]  memory used for stack traces: 2112 kB
[    0.453389]  per task-struct memory footprint: 1920 bytes
[    0.453762] kmemleak: Early log buffer exceeded (2001), please increase DEBUG_KMEMLEAK_EARLY_LOG_SIZE
[    0.601858] Calibrating delay using timer specific routine.. 2018.13 BogoMIPS (lpj=10090684)
[    0.601929] pid_max: default: 131072 minimum: 1024
[    0.604109] LSM: Security Framework initializing
[    0.604858] Smack:  Initializing.
[    0.604887] Smack:  IPv6 port labeling enabled.
[    0.605927] Mount-cache hash table entries: 131072 (order: 7, 1048576 bytes, linear)
[    0.606169] Mountpoint-cache hash table entries: 131072 (order: 7, 1048576 bytes, linear)
[    0.609364] *** VALIDATE proc ***
[    0.611121] *** VALIDATE cgroup1 ***
[    0.611166] *** VALIDATE cgroup2 ***
[    0.614846] rcu: Hierarchical SRCU implementation.
[    0.623677] smp: Bringing up secondary CPUs ...
[    0.682623] smp: Brought up 1 node, 32 CPUs
[    0.877620] node 0 initialised, 4224276 pages in 190ms
[    0.879592] devtmpfs: initialized
[    0.884643] Performance events: 
[    0.884719] Testing NMI watchdog ... 
[    1.084970] OK.
[    1.085101] Supported PMU type is 'niagara5'
[    1.085509] random: get_random_u32 called from bucket_table_alloc.isra.0+0x188/0x1c0 with crng_init=0
[    1.086328] ldc.c:v1.1 (July 22, 2008)
[    1.089560] clocksource: jiffies: mask: 0xffffffff max_cycles: 0xffffffff, max_idle_ns: 19112604462750000 ns
[    1.089662] futex hash table entries: 32768 (order: 9, 4194304 bytes, linear)
[    1.098588] NET: Registered protocol family 16
[    1.107273] VIO: Adding device channel-devices (tx_ino = ffffffffffffffff, rx_ino = ffffffffffffffff)
[    1.107534] VIO: Adding device vnet-port-0-0 (tx_ino = 0, rx_ino = 1)
[    1.107735] VIO: Adding device vnet-port-0-1 (tx_ino = 2, rx_ino = 3)
[    1.107904] VIO: Adding device vnet-port-0-2 (tx_ino = 4, rx_ino = 5)
[    1.108081] VIO: Adding device vnet-port-0-4 (tx_ino = 8, rx_ino = 9)
[    1.108251] VIO: Adding device vnet-port-0-5 (tx_ino = a, rx_ino = b)
[    1.108421] VIO: Adding device vnet-port-0-6 (tx_ino = c, rx_ino = d)
[    1.108599] VIO: Adding device vnet-port-0-3 (tx_ino = 6, rx_ino = 7)
[    1.108773] VIO: Adding device vdc-port-3-0 (tx_ino = e, rx_ino = f)
[    1.108947] VIO: Adding device vdc-port-2-0 (tx_ino = 10, rx_ino = 11)
[    1.109130] VIO: Adding device vdc-port-1-0 (tx_ino = 12, rx_ino = 13)
[    1.109302] VIO: Adding device vdc-port-0-0 (tx_ino = 14, rx_ino = 15)
[    1.109474] VIO: Adding device vdc-port-4-0 (tx_ino = 16, rx_ino = 17)
[    1.109657] VIO: Adding device vlds-port-0-0 (tx_ino = 18, rx_ino = 19)
[    1.109850] VIO: Adding device domain-services-port-0 (tx_ino = 18, rx_ino = 19)
[    1.110340] audit: initializing netlink subsys (disabled)
[    1.110734] audit: type=2000 audit(0.460:1): state=initialized audit_enabled=0 res=1
[    1.140145] HugeTLB registered 64.0 KiB page size, pre-allocated 0 pages
[    1.140203] HugeTLB registered 8.00 MiB page size, pre-allocated 0 pages
[    1.140249] HugeTLB registered 256 MiB page size, pre-allocated 0 pages
[    1.140293] HugeTLB registered 2.00 GiB page size, pre-allocated 0 pages
[    1.168844] alg: No test for lzo-rle (lzo-rle-generic)
[    1.169380] alg: No test for lzo-rle (lzo-rle-scomp)
[    1.205548] NetLabel: Initializing
[    1.205589] NetLabel:  domain hash size = 128
[    1.205621] NetLabel:  protocols = UNLABELED CIPSOv4 CALIPSO
[    1.205760] NetLabel:  unlabeled traffic allowed by default
[    1.206951] SUN4V: Reboot data supported (maj=1,min=0).
[    1.207730] ds.c:v1.0 (Jul 11, 2007)
[    1.208226] ds-0: ds_conn_reset() from send_events.isra.0
[    1.209835] clocksource: Switched to clocksource stick
[    1.459045] VFS: Disk quotas dquot_6.6.0
[    1.459952] VFS: Dquot-cache hash table entries: 1024 (order 0, 8192 bytes)
[    1.460399] *** VALIDATE hugetlbfs ***
[    1.478789] NET: Registered protocol family 2
[    1.482194] tcp_listen_portaddr_hash hash table entries: 32768 (order: 8, 2359296 bytes, linear)
[    1.485303] TCP established hash table entries: 524288 (order: 9, 4194304 bytes, linear)
[    1.487621] TCP bind hash table entries: 65536 (order: 9, 4194304 bytes, linear)
[    1.493201] TCP: Hash tables configured (established 524288 bind 65536)
[    1.496424] UDP hash table entries: 32768 (order: 9, 5242880 bytes, linear)
[    1.503029] UDP-Lite hash table entries: 32768 (order: 9, 5242880 bytes, linear)
[    1.512725] NET: Registered protocol family 1
[    1.512802] NET: Registered protocol family 44
[    1.514472] Trying to unpack rootfs image as initramfs...
[    1.843626] Freeing initrd memory: 10360K
[    1.861707] workingset: timestamp_bits=46 max_order=23 bucket_order=0
[    1.886130] SGI XFS with ACLs, security attributes, debug enabled
[    1.914296] Block layer SCSI generic (bsg) driver version 0.4 loaded (major 252)
[    1.915679] io scheduler mq-deadline registered
[    1.919604] f029b788: ttyHV0 at I/O 0x0 (irq = 1, base_baud = 115200) is a SUN4V HCONS
[    1.927047] printk: console [ttyHV0] enabled
[    1.931849] sunvdc.c:v1.2 (November 24, 2014)
[    1.935815] sunvdc: Virtual CDROM vdiskd
[    1.935880] sunvdc: vdiskd: 403160 sectors (196 MB) protocol 1.2
[    1.938737]  vdiskd: vdiskd1 vdiskd2 vdiskd3 vdiskd4 vdiskd5 vdiskd6 vdiskd7
[    1.968145] sunvdc: Virtual Hard disk vdiskc
[    1.968204] sunvdc: vdiskc: 104857600 sectors (51200 MB) protocol 1.2
[    1.995973] sunvdc: Virtual Hard disk vdiskb
[    1.996032] sunvdc: vdiskb: 62914560 sectors (30720 MB) protocol 1.2
[    1.998397]  vdiskb: vdiskb1
[    2.024376] sunvdc: Virtual Hard disk vdiska
[    2.024436] sunvdc: vdiska: 31457280 sectors (15360 MB) protocol 1.2
[    2.026809]  vdiska: vdiska1 vdiska2 vdiska3 vdiska4
[    2.054100] sunvdc: Virtual Hard disk vdiske
[    2.054162] sunvdc: vdiske: 20971520 sectors (10240 MB) protocol 1.2
[    2.057444]  vdiske: vdiske1 vdiske2 vdiske3
[    2.080607] sunvnet: sunvnet 2.0 (February 3, 2017)
[    2.083230] vnet_port vnet-port-0-0 eth0: Sun LDOM vnet 00:14:4f:f8:12:a3
[    2.083537] sunvnet: eth0: PORT ( remote-mac 00:14:4f:fa:f3:f0 switch-port )
[    2.084255] sunvnet: eth0: PORT ( remote-mac 00:14:4f:f8:e5:f3 )
[    2.084947] sunvnet: eth0: PORT ( remote-mac 00:14:4f:f9:b4:97 )
[    2.085628] sunvnet: eth0: PORT ( remote-mac 00:14:4f:f8:3f:1e )
[    2.086292] sunvnet: eth0: PORT ( remote-mac 00:14:4f:f8:fe:47 )
[    2.086946] sunvnet: eth0: PORT ( remote-mac 00:14:4f:f9:8b:83 )
[    2.087620] sunvnet: eth0: PORT ( remote-mac 00:14:4f:f9:6c:d1 )
[    2.089078] rtc-sun4v rtc-sun4v: registered as rtc0
[    2.089797] sun4v_wdt: initialized (timeout=60s, nowayout=0)
[    2.090244] device-mapper: uevent: version 1.0.3
[    2.091434] device-mapper: ioctl: 4.40.0-ioctl (2019-01-18) initialised: dm-devel@redhat.com
[    2.092774] NET: Registered protocol family 17
[    2.093583] registered taskstats version 1
[    2.102371] zswap: default zpool zbud not available
[    2.102460] zswap: pool creation failed
[    2.153649] Key type big_key registered
[    2.154675] rtc-sun4v rtc-sun4v: setting system clock to 2019-09-18T09:27:07 UTC (1568798827)
[    2.159120] This architecture does not have kernel memory protection.
[    2.159195] Run /init as init process
[    2.777264] crc32c_sparc64: Using sparc64 crc32c opcode optimized CRC32C implementation
[    2.883794] random: fast init done
[    3.289721] raid6: int64x8  gen()  1813 MB/s
[    3.459697] raid6: int64x8  xor()  1473 MB/s
[    3.629697] raid6: int64x4  gen()  2962 MB/s
[    3.799702] raid6: int64x4  xor()  1888 MB/s
[    3.969703] raid6: int64x2  gen()  2567 MB/s
[    4.139728] raid6: int64x2  xor()  1890 MB/s
[    4.309695] raid6: int64x1  gen()  2424 MB/s
[    4.479698] raid6: int64x1  xor()  1573 MB/s
[    4.479749] raid6: using algorithm int64x4 gen() 2962 MB/s
[    4.479789] raid6: .... xor() 1888 MB/s, rmw enabled
[    4.479827] raid6: using intx1 recovery algorithm
[    4.480808] async_tx: api initialized (async)
[    4.481661] xor: automatically using best checksumming function   Niagara   
[    4.734902] EXT4-fs (vdiska2): mounted filesystem with ordered data mode. Opts: (null)
[    7.016753] systemd[1]: Inserted module 'autofs4'
[    7.031680] NET: Registered protocol family 10
[    7.038978] Segment Routing with IPv6
[    7.141907] systemd[1]: systemd 242 running in system mode. (+PAM +AUDIT +SELINUX +IMA +APPARMOR +SMACK +SYSVINIT +UTMP +LIBCRYPTSETUP +GCRYPT +GNUTLS +ACL +XZ +LZ4 -SECCOMP +BLKID +ELFUTILS +KMOD +IDN2 -IDN +PCRE2 default-hierarchy=hybrid)
[    7.142559] systemd[1]: Detected architecture sparc64.
[    7.314106] systemd[1]: Set hostname to <ttip.nvglabs.local>.
[    7.325234] systemd[1]: Failed to bump fs.file-max, ignoring: Invalid argument
[    8.313756] random: lvmconfig: uninitialized urandom read (4 bytes read)
[    9.627470] systemd[1]: /lib/systemd/system/dbus.socket:4: ListenStream= references a path below legacy directory /var/run/, updating /var/run/dbus/system_bus_socket → /run/dbus/system_bus_socket; please update the unit file accordingly.
[   10.368986] systemd[1]: /lib/systemd/system/pcscd.socket:4: ListenStream= references a path below legacy directory /var/run/, updating /var/run/pcscd/pcscd.comm → /run/pcscd/pcscd.comm; please update the unit file accordingly.
[   10.450422] random: systemd: uninitialized urandom read (16 bytes read)
[   10.458413] systemd[1]: Created slice User and Session Slice.
[   10.459695] random: systemd: uninitialized urandom read (16 bytes read)
[   10.461268] systemd[1]: Listening on Journal Socket.
[   10.462000] random: systemd: uninitialized urandom read (16 bytes read)
[   10.463009] systemd[1]: Listening on udev Control Socket.
[   10.479270] systemd[1]: Mounting Huge Pages File System...
[   10.643470] EXT4-fs (vdiska2): re-mounted. Opts: errors=remount-ro
[   11.048700] systemd-journald[476]: Received request to flush runtime journal from PID 1
[   12.910357] sha1_sparc64: Using sparc64 sha1 opcode optimized SHA-1 implementation
[   12.956893] sha256_sparc64: Using sparc64 sha256 opcode optimized SHA-256/SHA-224 implementation
[   13.001735] sha512_sparc64: Using sparc64 sha512 opcode optimized SHA-512/SHA-384 implementation
[   13.009186] md5_sparc64: Using sparc64 md5 opcode optimized MD5 implementation
[   13.009496] n2rng v0.3 (Jan 7, 2017)
[   13.009590] n2rng f029b104: Registered RNG HVAPI major 2 minor 0
[   13.009755] n2rng f029b104: Found multi-unit-capable RNG, units: 2
[   13.011304] n2rng f029b104: RNG ready
[   13.031294] aes_sparc64: Using sparc64 aes opcodes optimized AES implementation
[   13.113700] des_sparc64: Using sparc64 des opcodes optimized DES implementation
[   13.172601] camellia_sparc64: Using sparc64 camellia opcodes optimized CAMELLIA implementation
[   13.201255] ------------[ cut here ]------------
[   13.201347] WARNING: CPU: 19 PID: 605 at drivers/block/pktcdvd.c:2597 pkt_setup_dev+0x2e4/0x5a0 [pktcdvd]
[   13.201414] Attempt to register a non-SCSI queue
[   13.201451] Modules linked in: pktcdvd camellia_sparc64 cdrom des_sparc64 des_generic aes_sparc64 md5_sparc64 n2_rng rng_core flash sha512_sparc64 sha256_sparc64 sha1_sparc64 ip_tables x_tables ipv6 crc_ccitt nf_defrag_ipv6 autofs4 ext4 crc16 mbcache jbd2 raid10 raid456 async_raid6_recov async_memcpy async_pq async_xor xor async_tx raid6_pq raid1 raid0 multipath linear md_mod crc32c_sparc64
[   13.201745] CPU: 19 PID: 605 Comm: pktsetup Not tainted 5.3.0-03839-g35f7a9526615-dirty #1219
[   13.201804] Call Trace:
[   13.201836]  [0000000000463e80] __warn+0xc0/0x100
[   13.201876]  [0000000000463ef4] warn_slowpath_fmt+0x34/0x60
[   13.201923]  [0000000010485244] pkt_setup_dev+0x2e4/0x5a0 [pktcdvd]
[   13.201973]  [0000000010486cf4] pkt_ctl_ioctl+0x94/0x220 [pktcdvd]
[   13.202023]  [00000000006b86e8] do_vfs_ioctl+0x628/0x6e0
[   13.202066]  [00000000006b87e8] ksys_ioctl+0x48/0x80
[   13.202106]  [00000000006b8834] sys_ioctl+0x14/0x40
[   13.202151]  [0000000000406294] linux_sparc_syscall+0x34/0x44
[   13.202194] irq event stamp: 4061
[   13.202230] hardirqs last  enabled at (4069): [<00000000004e12f4>] console_unlock+0x634/0x6c0
[   13.202292] hardirqs last disabled at (4076): [<00000000004e0dc0>] console_unlock+0x100/0x6c0
[   13.202359] softirqs last  enabled at (3876): [<0000000000b2c7d8>] __do_softirq+0x498/0x520
[   13.202424] softirqs last disabled at (3867): [<000000000042cfb4>] do_softirq_own_stack+0x34/0x60
[   13.202486] ---[ end trace 99c7857a148a8fe2 ]---
[   13.203498] pktcdvd: setup of pktcdvd device failed
[   13.252077] pktcdvd: setup of pktcdvd device failed
[   13.255623] pktcdvd: setup of pktcdvd device failed
[   13.259598] pktcdvd: setup of pktcdvd device failed
[   13.262888] pktcdvd: setup of pktcdvd device failed
[   13.266394] pktcdvd: setup of pktcdvd device failed
[   13.270080] pktcdvd: setup of pktcdvd device failed
[   13.273606] pktcdvd: setup of pktcdvd device failed
[   14.869468] XFS (dm-0): Mounting V5 Filesystem
[   14.964036] XFS (dm-0): Ending clean mount
[   17.299866] Adding 787176k swap on /dev/vdiska4.  Priority:-2 extents:1 across:787176k FS
[   17.745093] EXT4-fs (vdiska1): mounting ext3 file system using the ext4 subsystem
[   17.974625] EXT4-fs (vdiska1): mounted filesystem with ordered data mode. Opts: (null)
[   19.394947] random: crng init done
[   19.395002] random: 6 urandom warning(s) missed due to ratelimiting
[   21.498552] tun: Universal TUN/TAP device driver, 1.6

[   22.030279] ======================================================
[   22.030286] WARNING: possible circular locking dependency detected
[   22.030297] 5.3.0-03839-g35f7a9526615-dirty #1219 Tainted: G        W        
[   22.030305] ------------------------------------------------------
[   22.030312] iptables-restor/932 is trying to acquire lock:
[   22.030320] 00000000104a00e0 (&table[i].mutex){+.+.}, at: nfnl_lock+0x24/0x40 [nfnetlink]
[   22.030343] 
               but task is already holding lock:
[   22.030350] 0000000000e0f060 (&net->nft.commit_mutex){+.+.}, at: nf_tables_valid_genid+0x10/0x60 [nf_tables]
[   22.030374] 
               which lock already depends on the new lock.

[   22.030382] 
               the existing dependency chain (in reverse order) is:
[   22.030390] 
               -> #1 (&net->nft.commit_mutex){+.+.}:
[   22.030408]        __mutex_lock+0xa8/0x960
[   22.030416]        mutex_lock_nested+0x1c/0x40
[   22.030426]        nf_tables_valid_genid+0x10/0x60 [nf_tables]
[   22.030434]        nfnetlink_rcv_batch+0x244/0x620 [nfnetlink]
[   22.030442]        nfnetlink_rcv+0x110/0x140 [nfnetlink]
[   22.030452]        netlink_unicast+0x128/0x200
[   22.030459]        netlink_sendmsg+0x334/0x380
[   22.030467]        sock_sendmsg+0x34/0x80
[   22.030474]        ___sys_sendmsg+0x234/0x260
[   22.030482]        __sys_sendmsg+0x48/0x80
[   22.030488]        sys_sendmsg+0x18/0x40
[   22.030501]        linux_sparc_syscall+0x34/0x44
[   22.030507] 
               -> #0 (&table[i].mutex){+.+.}:
[   22.030522]        __lock_acquire+0x1ca0/0x2760
[   22.030528]        lock_acquire+0x1a4/0x1c0
[   22.030535]        __mutex_lock+0xa8/0x960
[   22.030541]        mutex_lock_nested+0x1c/0x40
[   22.030549]        nfnl_lock+0x24/0x40 [nfnetlink]
[   22.030561]        ip_set_nfnl_get_byindex+0x18c/0x280 [ip_set]
[   22.030572]        set_match_v1_checkentry+0x14/0xc0 [xt_set]
[   22.030584]        xt_check_match+0x23c/0x280 [x_tables]
[   22.030594]        __nft_match_init+0x160/0x180 [nft_compat]
[   22.030601]        nft_match_init+0x18/0x40 [nft_compat]
[   22.030612]        nf_tables_newrule+0x504/0x780 [nf_tables]
[   22.030620]        nfnetlink_rcv_batch+0x3ec/0x620 [nfnetlink]
[   22.030628]        nfnetlink_rcv+0x110/0x140 [nfnetlink]
[   22.030635]        netlink_unicast+0x128/0x200
[   22.030642]        netlink_sendmsg+0x334/0x380
[   22.030648]        sock_sendmsg+0x34/0x80
[   22.030654]        ___sys_sendmsg+0x234/0x260
[   22.030660]        __sys_sendmsg+0x48/0x80
[   22.030667]        sys_sendmsg+0x18/0x40
[   22.030674]        linux_sparc_syscall+0x34/0x44
[   22.030679] 
               other info that might help us debug this:

[   22.030688]  Possible unsafe locking scenario:

[   22.030694]        CPU0                    CPU1
[   22.030700]        ----                    ----
[   22.030705]   lock(&net->nft.commit_mutex);
[   22.030712]                                lock(&table[i].mutex);
[   22.030719]                                lock(&net->nft.commit_mutex);
[   22.030727]   lock(&table[i].mutex);
[   22.030733] 
                *** DEADLOCK ***

[   22.030742] 1 lock held by iptables-restor/932:
[   22.030747]  #0: 0000000000e0f060 (&net->nft.commit_mutex){+.+.}, at: nf_tables_valid_genid+0x10/0x60 [nf_tables]
[   22.030764] 
               stack backtrace:
[   22.030773] CPU: 3 PID: 932 Comm: iptables-restor Tainted: G        W         5.3.0-03839-g35f7a9526615-dirty #1219
[   22.030782] Call Trace:
[   22.030789]  [00000000004d1424] print_circular_bug.isra.0+0x304/0x320
[   22.030797]  [00000000004d1648] check_noncircular+0x208/0x220
[   22.030804]  [00000000004d63c0] __lock_acquire+0x1ca0/0x2760
[   22.030811]  [00000000004d77e4] lock_acquire+0x1a4/0x1c0
[   22.030819]  [0000000000b24f48] __mutex_lock+0xa8/0x960
[   22.030826]  [0000000000b2581c] mutex_lock_nested+0x1c/0x40
[   22.030835]  [000000001049e024] nfnl_lock+0x24/0x40 [nfnetlink]
[   22.030845]  [00000000104aa82c] ip_set_nfnl_get_byindex+0x18c/0x280 [ip_set]
[   22.030854]  [00000000105245b4] set_match_v1_checkentry+0x14/0xc0 [xt_set]
[   22.030864]  [0000000010332e7c] xt_check_match+0x23c/0x280 [x_tables]
[   22.030872]  [00000000104fec40] __nft_match_init+0x160/0x180 [nft_compat]
[   22.030880]  [00000000104fecf8] nft_match_init+0x18/0x40 [nft_compat]
[   22.030891]  [00000000104db804] nf_tables_newrule+0x504/0x780 [nf_tables]
[   22.030901]  [000000001049f1cc] nfnetlink_rcv_batch+0x3ec/0x620 [nfnetlink]
[   22.030909]  [000000001049f510] nfnetlink_rcv+0x110/0x140 [nfnetlink]
[   22.030918]  [0000000000a21ce8] netlink_unicast+0x128/0x200
