[    0.000018] PROMLIB: Sun IEEE Boot Prom 'OBP 4.38.12 2018/03/28 14:54'
[    0.000030] PROMLIB: Root node compatible: sun4v
[    0.000077] Linux version 5.5.0-09711-g5b21115414f5-dirty (mator@ttip) (gcc version 9.2.1 20200203 (Debian 9.2.1-28)) #14 SMP Thu Feb 6 12:28:54 MSK 2020
[    0.000394] printk: bootconsole [earlyprom0] enabled
[    0.000446] ARCH: SUN4V
[    0.000496] Ethernet address: 00:14:4f:fa:06:f2
[    0.000547] MM: PAGE_OFFSET is 0xfff8000000000000 (max_phys_bits == 47)
[    0.000614] MM: VMALLOC [0x0000000100000000 --> 0x0006000000000000]
[    0.000676] MM: VMEMMAP [0x0006000000000000 --> 0x000c000000000000]
[    0.012791] Kernel: Using 5 locked TLB entries for main kernel image.
[    0.012860] Remapping the kernel... 
[    0.012887] done.
[    0.046419] OF stdout device is: /virtual-devices@100/console@1
[    0.046482] PROM: Built device tree with 88003 bytes of memory.
[    0.046543] MDESC: Size is 36960 bytes.
[    0.046658] PLATFORM: banner-name [SPARC T5-2]
[    0.046710] PLATFORM: name [ORCL,SPARC-T5-2]
[    0.046756] PLATFORM: hostid [84fa06f2]
[    0.046799] PLATFORM: serial# [0035260e]
[    0.046843] PLATFORM: stick-frequency [3b9aca00]
[    0.046892] PLATFORM: mac-address [144ffa06f2]
[    0.046939] PLATFORM: watchdog-resolution [1000 ms]
[    0.046990] PLATFORM: watchdog-max-timeout [31536000000 ms]
[    0.047046] PLATFORM: max-cpus [1024]
[    0.047134] Top of RAM: 0x24af938000, Total RAM: 0x87f354000
[    0.047197] Memory hole size: 115461MB
[    0.051849] Allocated 40960 bytes for kernel page tables.
[    0.051935] Zone ranges:
[    0.051974]   Normal   [mem 0x0000000030400000-0x00000024af937fff]
[    0.052039] Movable zone start for each node
[    0.052085] Early memory node ranges
[    0.052126]   node   0: [mem 0x0000000030400000-0x000000006fe7ffff]
[    0.052189]   node   0: [mem 0x000000006ff00000-0x000000006ff25fff]
[    0.052252]   node   0: [mem 0x0000000070000000-0x000000042fffffff]
[    0.052315]   node   0: [mem 0x0000002030000000-0x00000024af87ffff]
[    0.052377]   node   0: [mem 0x00000024af900000-0x00000024af925fff]
[    0.052437]   node   0: [mem 0x00000024af930000-0x00000024af937fff]
[    0.064305] Zeroed struct page in unavailable ranges: 263766 pages
[    0.064314] Initmem setup node 0 [mem 0x0000000030400000-0x00000024af937fff]
[    0.064474] On node 0 totalpages: 4454826
[    0.064483]   Normal zone: 39154 pages used for memmap
[    0.064488]   Normal zone: 0 pages reserved
[    0.064494]   Normal zone: 4454826 pages, LIFO batch:31
[    0.075656] Booting Linux...
[    0.075741] CPU CAPS: [flush,stbar,swap,muldiv,v9,blkinit,n2,mul32]
[    0.075822] CPU CAPS: [div32,v8plus,popc,vis,vis2,ASIBlkInit,fmaf,vis3]
[    0.075900] CPU CAPS: [hpc,ima,pause,cbcond,aes,des,kasumi,camellia]
[    0.075974] CPU CAPS: [md5,sha1,sha256,sha512,mpmul,montmul,montsqr,crc32c]
[    0.105900] percpu: Embedded 27 pages/cpu s182344 r8192 d30648 u262144
[    0.106131] pcpu-alloc: s182344 r8192 d30648 u262144 alloc=1*4194304
[    0.106138] pcpu-alloc: [0] 000 001 002 003 004 005 006 007 008 009 010 011 012 013 014 015 
[    0.106165] pcpu-alloc: [0] 016 017 018 019 020 021 022 023 024 025 026 027 028 029 030 031 
[    0.106192] pcpu-alloc: [0] 032 033 034 035 036 037 038 039 040 041 042 043 044 045 046 047 
[    0.106219] pcpu-alloc: [0] 048 049 050 051 052 053 054 055 056 057 058 059 060 061 062 063 
[    0.106246] pcpu-alloc: [0] 064 065 066 067 068 069 070 071 072 073 074 075 076 077 078 079 
[    0.106273] pcpu-alloc: [0] 080 081 082 083 084 085 086 087 088 089 090 091 092 093 094 095 
[    0.106300] pcpu-alloc: [0] 096 097 098 099 100 101 102 103 104 105 106 107 108 109 110 111 
[    0.106327] pcpu-alloc: [0] 112 113 114 115 116 117 118 119 120 121 122 123 124 125 126 127 
[    0.106863] SUN4V: Mondo queue sizes [cpu(131072) dev(16384) r(8192) nr(256)]
[    0.107243] Built 1 zonelists, mobility grouping on.  Total pages: 4415672
[    0.107331] Kernel command line: BOOT_IMAGE=/vmlinux-5.5.0-09711-g5b21115414f5-dirty root=/dev/vdiska2 ro zswap.enabled=1
[    0.109664] printk: log_buf_len individual max cpu contribution: 4096 bytes
[    0.109737] printk: log_buf_len total cpu_extra contributions: 520192 bytes
[    0.109803] printk: log_buf_len min size: 131072 bytes
[    0.110079] printk: log_buf_len: 1048576 bytes
[    0.110130] printk: early log buf free: 126640(96%)
[    0.116450] Dentry cache hash table entries: 8388608 (order: 13, 67108864 bytes, linear)
[    0.119686] Inode-cache hash table entries: 4194304 (order: 12, 33554432 bytes, linear)
[    0.119766] Sorting __ex_table...
[    0.120022] mem auto-init: stack:off, heap alloc:off, heap free:off
[    0.178216] Memory: 1305232K/35638608K available (7673K kernel code, 1035K rwdata, 2288K rodata, 648K init, 6747K bss, 508864K reserved, 0K cma-reserved)
[    0.178901] SLUB: HWalign=32, Order=0-3, MinObjects=0, CPUs=128, Nodes=1
[    0.179208] ftrace: allocating 21496 entries in 42 pages
[    0.187288] ftrace: allocated 42 pages with 3 groups
[    0.190093] Running RCU self tests
[    0.190163] rcu: Hierarchical RCU implementation.
[    0.190214] rcu: 	RCU event tracing is enabled.
[    0.190264] rcu: 	RCU lockdep checking is enabled.
[    0.190315] 	Tasks RCU enabled.
[    0.190352] rcu: RCU calculated value of scheduler-enlistment delay is 10 jiffies.
[    0.194655] NR_IRQS: 2048, nr_irqs: 2048, preallocated irqs: 1
[    0.194734] SUN4V: Using IRQ API major 3, cookie only virqs enabled
[    0.197172] clocksource: stick: mask: 0xffffffffffffffff max_cycles: 0x1cd42e4dffb, max_idle_ns: 881590591483 ns
[    0.197307] clocksource: mult[800000] shift[23]
[    0.197357] clockevent: mult[80000000] shift[31]
[    0.197876] Console: colour dummy device 80x25
[    0.197938] printk: console [tty0] enabled
[    0.198013] printk: bootconsole [earlyprom0] disabled
[    0.198098] Lock dependency validator: Copyright (c) 2006 Red Hat, Inc., Ingo Molnar
[    0.198147] ... MAX_LOCKDEP_SUBCLASSES:  8
[    0.198177] ... MAX_LOCK_DEPTH:          48
[    0.198207] ... MAX_LOCKDEP_KEYS:        8192
[    0.198238] ... CLASSHASH_SIZE:          4096
[    0.198269] ... MAX_LOCKDEP_ENTRIES:     16384
[    0.198300] ... MAX_LOCKDEP_CHAINS:      32768
[    0.198331] ... CHAINHASH_SIZE:          16384
[    0.198362]  memory used by lock dependency info: 3855 kB
[    0.198398]  memory used for stack traces: 2112 kB
[    0.198431]  per task-struct memory footprint: 1920 bytes
[    0.347706] Calibrating delay using timer specific routine.. 2006.97 BogoMIPS (lpj=10034876)
[    0.347776] pid_max: default: 131072 minimum: 1024
[    0.348066] LSM: Security Framework initializing
[    0.348219] AppArmor: AppArmor initialized
[    0.348490] Mount-cache hash table entries: 131072 (order: 7, 1048576 bytes, linear)
[    0.348655] Mountpoint-cache hash table entries: 131072 (order: 7, 1048576 bytes, linear)
[    0.348783] *** VALIDATE tmpfs ***
[    0.349660] *** VALIDATE proc ***
[    0.350167] *** VALIDATE cgroup1 ***
[    0.350199] *** VALIDATE cgroup2 ***
[    0.352281] rcu: Hierarchical SRCU implementation.
[    0.360206] smp: Bringing up secondary CPUs ...
[    0.403490] smp: Brought up 1 node, 32 CPUs
[    0.594743] node 0 initialised, 4228064 pages in 190ms
[    0.596062] devtmpfs: initialized
[    0.600674] Performance events: 
[    0.600718] Testing NMI watchdog ... 
[    0.800795] OK.
[    0.800911] Supported PMU type is 'niagara5'
[    0.801104] random: get_random_u32 called from bucket_table_alloc.isra.0+0x188/0x1c0 with crng_init=0
[    0.801729] ldc.c:v1.1 (July 22, 2008)
[    0.804149] clocksource: jiffies: mask: 0xffffffff max_cycles: 0xffffffff, max_idle_ns: 19112604462750000 ns
[    0.804236] futex hash table entries: 32768 (order: 9, 4194304 bytes, linear)
[    0.809276] NET: Registered protocol family 16
[    0.817559] VIO: Adding device channel-devices (tx_ino = ffffffffffffffff, rx_ino = ffffffffffffffff)
[    0.817768] VIO: Adding device vnet-port-0-0 (tx_ino = 0, rx_ino = 1)
[    0.817965] VIO: Adding device vnet-port-0-1 (tx_ino = 2, rx_ino = 3)
[    0.818130] VIO: Adding device vnet-port-0-2 (tx_ino = 4, rx_ino = 5)
[    0.818299] VIO: Adding device vnet-port-0-4 (tx_ino = 8, rx_ino = 9)
[    0.818463] VIO: Adding device vnet-port-0-5 (tx_ino = a, rx_ino = b)
[    0.818626] VIO: Adding device vnet-port-0-6 (tx_ino = c, rx_ino = d)
[    0.818788] VIO: Adding device vdc-port-3-0 (tx_ino = e, rx_ino = f)
[    0.818956] VIO: Adding device vdc-port-2-0 (tx_ino = 10, rx_ino = 11)
[    0.819119] VIO: Adding device vdc-port-1-0 (tx_ino = 12, rx_ino = 13)
[    0.819282] VIO: Adding device vdc-port-0-0 (tx_ino = 14, rx_ino = 15)
[    0.819449] VIO: Adding device vdc-port-4-0 (tx_ino = 16, rx_ino = 17)
[    0.819613] VIO: Adding device vlds-port-0-0 (tx_ino = 18, rx_ino = 19)
[    0.819779] VIO: Adding device domain-services-port-0 (tx_ino = 18, rx_ino = 19)
[    0.820052] audit: initializing netlink subsys (disabled)
[    0.820326] audit: type=2000 audit(0.420:1): state=initialized audit_enabled=0 res=1
[    0.844979] HugeTLB registered 64.0 KiB page size, pre-allocated 0 pages
[    0.845026] HugeTLB registered 8.00 MiB page size, pre-allocated 0 pages
[    0.845071] HugeTLB registered 256 MiB page size, pre-allocated 0 pages
[    0.845116] HugeTLB registered 2.00 GiB page size, pre-allocated 0 pages
[    0.846711] alg: extra crypto tests enabled.  This is intended for developer use only.
[    0.872465] cryptd: max_cpu_qlen set to 1000
[    0.980098] NetLabel: Initializing
[    0.980137] NetLabel:  domain hash size = 128
[    0.980170] NetLabel:  protocols = UNLABELED CIPSOv4 CALIPSO
[    0.980296] NetLabel:  unlabeled traffic allowed by default
[    0.981287] SUN4V: Reboot data supported (maj=1,min=0).
[    0.981653] ds.c:v1.0 (Jul 11, 2007)
[    0.981994] ds-0: ds_conn_reset() from send_events.isra.0
[    0.983443] clocksource: Switched to clocksource stick
[    1.180648] *** VALIDATE bpf ***
[    1.181867] VFS: Disk quotas dquot_6.6.0
[    1.181993] VFS: Dquot-cache hash table entries: 1024 (order 0, 8192 bytes)
[    1.182204] *** VALIDATE ramfs ***
[    1.182255] *** VALIDATE hugetlbfs ***
[    1.183878] AppArmor: AppArmor Filesystem Enabled
[    1.196331] NET: Registered protocol family 2
[    1.198194] tcp_listen_portaddr_hash hash table entries: 32768 (order: 8, 2359296 bytes, linear)
[    1.201085] TCP established hash table entries: 524288 (order: 9, 4194304 bytes, linear)
[    1.203052] TCP bind hash table entries: 65536 (order: 9, 4194304 bytes, linear)
[    1.209184] TCP: Hash tables configured (established 524288 bind 65536)
[    1.211574] UDP hash table entries: 32768 (order: 9, 5242880 bytes, linear)
[    1.217842] UDP-Lite hash table entries: 32768 (order: 9, 5242880 bytes, linear)
[    1.225784] NET: Registered protocol family 1
[    1.225845] NET: Registered protocol family 44
[    1.226525] Trying to unpack rootfs image as initramfs...
[    1.419433] Freeing initrd memory: 14712K
[    1.420239] aes_sparc64: Using sparc64 aes opcodes optimized AES implementation
[    1.701916] des_sparc64: Using sparc64 des opcodes optimized DES implementation
[    2.203314] camellia_sparc64: Using sparc64 camellia opcodes optimized CAMELLIA implementation
[    2.397822] workingset: timestamp_bits=46 max_order=23 bucket_order=0
[    2.417838] SGI XFS with ACLs, security attributes, quota, fatal assert, debug enabled
[    2.423756] *** VALIDATE xfs ***
[    2.438247] Block layer SCSI generic (bsg) driver version 0.4 loaded (major 252)
[    2.439050] io scheduler mq-deadline registered
[    2.441733] f029b788: ttyHV0 at I/O 0x0 (irq = 1, base_baud = 115200) is a SUN4V HCONS
[    2.442698] printk: console [ttyHV0] enabled
[    2.446233] sunvdc.c:v1.2 (November 24, 2014)
[    2.447758] sunvdc: Virtual CDROM vdiskd
[    2.447800] sunvdc: vdiskd: 403160 sectors (196 MB) protocol 1.2
[    2.449587]  vdiskd: vdiskd1 vdiskd2 vdiskd3 vdiskd4 vdiskd5 vdiskd6 vdiskd7
[    2.469599] sunvdc: Virtual Hard disk vdiskc
[    2.469639] sunvdc: vdiskc: 104857600 sectors (51200 MB) protocol 1.2
[    2.488789] sunvdc: Virtual Hard disk vdiskb
[    2.488829] sunvdc: vdiskb: 62914560 sectors (30720 MB) protocol 1.2
[    2.490168]  vdiskb: vdiskb1
[    2.508248] sunvdc: Virtual Hard disk vdiska
[    2.508287] sunvdc: vdiska: 31457280 sectors (15360 MB) protocol 1.2
[    2.509637]  vdiska: vdiska1 vdiska2 vdiska3 vdiska4
[    2.528578] sunvdc: Virtual Hard disk vdiske
[    2.528621] sunvdc: vdiske: 20971520 sectors (10240 MB) protocol 1.2
[    2.530053]  vdiske: vdiske1 vdiske2
[    2.547194] sunvnet: sunvnet 2.0 (February 3, 2017)
[    2.549301] vnet_port vnet-port-0-0 eth0: Sun LDOM vnet 00:14:4f:f8:12:a3
[    2.549519] sunvnet: eth0: PORT ( remote-mac 00:14:4f:fa:f3:f0 switch-port )
[    2.549868] sunvnet: eth0: PORT ( remote-mac 00:14:4f:f8:e5:f3 )
[    2.550228] sunvnet: eth0: PORT ( remote-mac 00:14:4f:f9:b4:97 )
[    2.550562] sunvnet: eth0: PORT ( remote-mac 00:14:4f:f8:3f:1e )
[    2.550903] sunvnet: eth0: PORT ( remote-mac 00:14:4f:f8:fe:47 )
[    2.551376] sunvnet: eth0: PORT ( remote-mac 00:14:4f:f9:8b:83 )
[    2.552581] rtc-sun4v rtc-sun4v: registered as rtc0
[    2.553118] sun4v_wdt: initialized (timeout=60s, nowayout=0)
[    2.553567] device-mapper: uevent: version 1.0.3
[    2.554547] device-mapper: ioctl: 4.41.0-ioctl (2019-09-16) initialised: dm-devel@redhat.com
[    2.555545] NET: Registered protocol family 17
[    2.556126] registered taskstats version 1
[    2.563593] zswap: default zpool zbud not available
[    2.563649] zswap: pool creation failed
[    2.898548] Key type big_key registered
[    2.898626] AppArmor: AppArmor sha1 policy hashing enabled
[    2.899447] rtc-sun4v rtc-sun4v: setting system clock to 2020-02-06T09:45:06 UTC (1580982306)
[    2.903945] This architecture does not have kernel memory protection.
[    2.903993] Run /init as init process
[    2.904025]   with arguments:
[    2.904032]     /init
[    2.904038]   with environment:
[    2.904044]     HOME=/
[    2.904051]     TERM=linux
[    2.904057]     BOOT_IMAGE=/vmlinux-5.5.0-09711-g5b21115414f5-dirty
[    3.401790] crc32c_sparc64: Using sparc64 crc32c opcode optimized CRC32C implementation
[    3.402062] random: fast init done
[    3.441080] md127: WARNING: vdiske1 appears to be on the same physical disk as vdiske2.
[    3.441167] True protection against single-disk failure might be compromised.
[    3.441852] md/raid1:md127: active with 2 out of 2 mirrors
[    3.442238] md127: detected capacity change from 0 to 26148864
[    4.053410] raid6: int64x8  gen()  2161 MB/s
[    4.223392] raid6: int64x8  xor()  1538 MB/s
[    4.393391] raid6: int64x4  gen()  3430 MB/s
[    4.563406] raid6: int64x4  xor()  1479 MB/s
[    4.733391] raid6: int64x2  gen()  2793 MB/s
[    4.903414] raid6: int64x2  xor()  1162 MB/s
[    5.073412] raid6: int64x1  gen()  1383 MB/s
[    5.243398] raid6: int64x1  xor()   666 MB/s
[    5.243447] raid6: using algorithm int64x4 gen() 3430 MB/s
[    5.243487] raid6: .... xor() 1479 MB/s, rmw enabled
[    5.243525] raid6: using intx1 recovery algorithm
[    5.244448] async_tx: api initialized (async)
[    5.245021] xor: automatically using best checksumming function   Niagara   
[    5.338280] process '/usr/bin/fstype' started with executable stack
[    5.425838] EXT4-fs (vdiska2): mounted filesystem with ordered data mode. Opts: (null)
[    5.642729] systemd[1]: Inserted module 'autofs4'
[    5.656149] NET: Registered protocol family 10
[    5.662262] Segment Routing with IPv6
[    5.682426] systemd[1]: systemd 244.1-3 running in system mode. (+PAM +AUDIT +SELINUX +IMA +APPARMOR +SMACK +SYSVINIT +UTMP +LIBCRYPTSETUP +GCRYPT +GNUTLS +ACL +XZ +LZ4 -SECCOMP +BLKID +ELFUTILS +KMOD +IDN2 -IDN +PCRE2 default-hierarchy=hybrid)
[    5.683029] systemd[1]: Detected architecture sparc64.
[    5.803092] systemd[1]: Set hostname to <ttip>.
[    5.813538] systemd[1]: Couldn't move remaining userspace processes, ignoring: Input/output error
[    5.878657] random: lvmconfig: uninitialized urandom read (4 bytes read)
[    6.111849] systemd[1]: /lib/systemd/system/dbus.socket:5: ListenStream= references a path below legacy directory /var/run/, updating /var/run/dbus/system_bus_socket â†’ /run/dbus/system_bus_socket; please update the unit file accordingly.
[    6.174173] systemd[1]: haveged.service: Found ordering cycle on systemd-tmpfiles-setup.service/start
[    6.174254] systemd[1]: haveged.service: Found dependency on systemd-journal-flush.service/start
[    6.174324] systemd[1]: haveged.service: Found dependency on systemd-journald.service/start
[    6.174390] systemd[1]: haveged.service: Found dependency on haveged.service/start
[    6.174454] systemd[1]: haveged.service: Job systemd-tmpfiles-setup.service/start deleted to break ordering cycle starting with haveged.service/start
[    6.176783] random: systemd: uninitialized urandom read (16 bytes read)
[    6.188070] systemd[1]: Created slice system-getty.slice.
[    6.188498] random: systemd: uninitialized urandom read (16 bytes read)
[    6.191997] systemd[1]: Created slice system-openvpn\x2dclient.slice.
[    6.195849] systemd[1]: Created slice system-postfix.slice.
[    6.201016] systemd[1]: Created slice system-systemd\x2dfsck.slice.
[    6.204927] systemd[1]: Created slice User and Session Slice.
[    6.205800] systemd[1]: Started Dispatch Password Requests to Console Directory Watch.
[    6.206597] systemd[1]: Started Forward Password Requests to Wall Directory Watch.
[    6.208679] systemd[1]: Set up automount Arbitrary Executable File Formats File System Automount Point.
[    6.209227] systemd[1]: Reached target Local Encrypted Volumes.
[    6.209694] systemd[1]: Reached target Paths.
[    6.210129] systemd[1]: Reached target Remote File Systems.
[    6.210560] systemd[1]: Reached target Slices.
[    6.211444] systemd[1]: Listening on Device-mapper event daemon FIFOs.
[    6.212482] systemd[1]: Listening on LVM2 poll daemon socket.
[    6.214572] systemd[1]: Listening on Syslog Socket.
[    6.215770] systemd[1]: Listening on fsck to fsckd communication Socket.
[    6.216507] systemd[1]: Listening on initctl Compatibility Named Pipe.
[    6.217707] systemd[1]: Listening on Journal Audit Socket.
[    6.218673] systemd[1]: Listening on Journal Socket (/dev/log).
[    6.219806] systemd[1]: Listening on Journal Socket.
[    6.220858] systemd[1]: Listening on udev Control Socket.
[    6.221663] systemd[1]: Listening on udev Kernel Socket.
[    6.230710] systemd[1]: Mounting Huge Pages File System...
[    6.239155] systemd[1]: Mounting POSIX Message Queue File System...
[    6.247818] systemd[1]: Mounting Kernel Debug File System...
[    6.256299] systemd[1]: Starting Availability of block devices...
[    6.268759] systemd[1]: Starting Wait for network to be configured by ifupdown...
[    6.277207] systemd[1]: Starting Create list of static device nodes for the current kernel...
[    6.285400] systemd[1]: Starting Monitoring of LVM2 mirrors, snapshots etc. using dmeventd or progress polling...
[    6.294224] systemd[1]: Starting nftables...
[    6.296123] systemd[1]: Condition check resulted in Set Up Additional Binary Formats being skipped.
[    6.296365] systemd[1]: Condition check resulted in File System Check on Root Device being skipped.
[    6.305812] systemd[1]: Starting Load Kernel Modules...
[    6.314811] systemd[1]: Starting Remount Root and Kernel File Systems...
[    6.325090] systemd[1]: Starting udev Coldplug all Devices...
[    6.333975] systemd[1]: Mounted Huge Pages File System.
[    6.335933] systemd[1]: Mounted POSIX Message Queue File System.
[    6.337634] systemd[1]: Mounted Kernel Debug File System.
[    6.347947] systemd[1]: Started Availability of block devices.
[    6.355998] systemd[1]: Started Wait for network to be configured by ifupdown.
[    6.365028] EXT4-fs (vdiska2): re-mounted. Opts: errors=remount-ro
[    6.365702] systemd[1]: Started Create list of static device nodes for the current kernel.
[    6.376748] systemd[1]: Started Load Kernel Modules.
[    6.378982] systemd[1]: Condition check resulted in FUSE Control File System being skipped.
[    6.379451] systemd[1]: Condition check resulted in Kernel Configuration File System being skipped.
[    6.391651] systemd[1]: Starting Apply Kernel Variables...
[    6.415281] systemd[1]: Started Remount Root and Kernel File Systems.
[    6.426701] systemd[1]: Starting Initial Check File System Quotas...
[    6.428004] systemd[1]: Condition check resulted in Rebuild Hardware Database being skipped.
[    6.436126] systemd[1]: Starting Load/Save Random Seed...
[    6.445845] systemd[1]: Starting Create System Users...
[    6.452838] systemd[1]: Started Apply Kernel Variables.
[    6.505695] systemd[1]: Started Create System Users.
[    6.515615] systemd[1]: Starting Create Static Device Nodes in /dev...
[    6.522519] systemd[1]: Started Initial Check File System Quotas.
[    6.568126] systemd[1]: Started Create Static Device Nodes in /dev.
[    6.578512] systemd[1]: Starting udev Kernel Device Manager...
[    6.617360] systemd[1]: Started Monitoring of LVM2 mirrors, snapshots etc. using dmeventd or progress polling.
[    6.618885] systemd[1]: Reached target Local File Systems (Pre).
[    6.644167] systemd[1]: Started udev Kernel Device Manager.
[    6.830300] sha1_sparc64: Using sparc64 sha1 opcode optimized SHA-1 implementation
[    6.831674] n2rng v0.3 (Jan 7, 2017)
[    6.831744] n2rng f029b104: Registered RNG HVAPI major 2 minor 0
[    6.831816] n2rng f029b104: Found multi-unit-capable RNG, units: 2
[    6.832319] n2rng f029b104: RNG ready
[    6.877309] systemd[1]: Found device /dev/vdiska1.
[    6.877797] pktcdvd: setup of pktcdvd device failed
[    6.884388] systemd[1]: Started udev Coldplug all Devices.
[    6.892082] systemd[1]: Found device /dev/disk/by-label/swapvol1.
[    6.924204] systemd[1]: Created slice system-lvm2\x2dpvscan.slice.
[    6.925970] pktcdvd: setup of pktcdvd device failed
[    6.933819] systemd[1]: Activating swap /dev/disk/by-label/swapvol1...
[    6.934835] pktcdvd: setup of pktcdvd device failed
[    6.941993] pktcdvd: setup of pktcdvd device failed
[    6.945864] pktcdvd: setup of pktcdvd device failed
[    6.947386] systemd[1]: Starting Helper to synchronize boot up for ifupdown...
[    6.949162] pktcdvd: setup of pktcdvd device failed
[    6.953681] pktcdvd: setup of pktcdvd device failed
[    6.956717] pktcdvd: setup of pktcdvd device failed
[    6.957794] systemd[1]: Starting LVM event activation on device 254:16...
[    6.968747] systemd[1]: Starting File System Check on /dev/vdiska1...
[    7.022610] systemd[1]: Started File System Check Daemon to report status.
[    7.041583] systemd[1]: Started MD array monitor.
[    7.049754] systemd[1]: Started nftables.
[    7.050584] systemd[1]: Reached target Network (Pre).
[    7.053610] Adding 787176k swap on /dev/vdiska4.  Priority:-2 extents:1 across:787176k FS
[    7.062137] systemd[1]: Activated swap /dev/disk/by-label/swapvol1.
[    7.066733] systemd[1]: Reached target Swap.
[    7.076619] systemd[1]: Mounting /tmp...
[    7.076653] sha256_sparc64: Using sparc64 sha256 opcode optimized SHA-256/SHA-224 implementation
[    7.084040] systemd[1]: Started File System Check on /dev/vdiska1.
[    7.095019] systemd[1]: Mounting /boot...
[    7.101157] systemd[1]: Mounted /tmp.
[    7.113683] EXT4-fs (vdiska1): mounting ext3 file system using the ext4 subsystem
[    7.118311] systemd[1]: Starting Network Time Synchronization...
[    7.131222] EXT4-fs (vdiska1): mounted filesystem with ordered data mode. Opts: (null)
[    7.131465] ext3 filesystem being mounted at /boot supports timestamps until 2038 (0x7fffffff)
[    7.136713] systemd[1]: Found device /dev/ttipvg1/vol1.
[    7.142024] systemd[1]: Mounted /boot.
[    7.153121] systemd[1]: Starting File System Check on /dev/ttipvg1/vol1...
[    7.219357] systemd[1]: Started File System Check on /dev/ttipvg1/vol1.
[    7.224677] sha512_sparc64: Using sparc64 sha512 opcode optimized SHA-512/SHA-384 implementation
[    7.226068] md5_sparc64: Using sparc64 md5 opcode optimized MD5 implementation
[    7.231715] systemd[1]: Mounting /1...
[    7.256646] XFS (dm-0): Mounting V5 Filesystem
[    7.287573] systemd[1]: Started Network Time Synchronization.
[    7.289063] systemd[1]: Reached target System Time Set.
[    7.289583] systemd[1]: Reached target System Time Synchronized.
[    7.361316] XFS (dm-0): Ending clean mount
[    7.363961] xfs filesystem being mounted at /1 supports timestamps until 2038 (0x7fffffff)
[    7.369647] systemd[1]: Mounted /1.
[    7.370934] systemd[1]: Reached target Local File Systems.
[    7.379579] systemd[1]: Starting Load AppArmor profiles...
[    7.391490] systemd[1]: Starting Security Auditing Service...
[    7.400851] systemd[1]: Starting Enable support for additional executable binary formats...
[    7.401631] systemd[1]: Condition check resulted in Mark the need to relabel after reboot being skipped.
[    7.402031] systemd[1]: Condition check resulted in Commit a transient machine-id on disk being skipped.
[    7.413339] systemd[1]: proc-sys-fs-binfmt_misc.automount: Got automount request for /proc/sys/fs/binfmt_misc, triggered by 727 (update-binfmts)
[    7.422109] systemd[1]: Mounting Arbitrary Executable File Formats File System...
[    7.450875] systemd[1]: Mounted Arbitrary Executable File Formats File System.
[    7.476674] Kernel unaligned access at TPC[88f9f8] aa_dfa_unpack+0x38/0x5a0
[    7.476792] Kernel unaligned access at TPC[88fa18] aa_dfa_unpack+0x58/0x5a0
[    7.476861] Kernel unaligned access at TPC[88fad4] aa_dfa_unpack+0x114/0x5a0
[    7.476927] Kernel unaligned access at TPC[88fbb4] aa_dfa_unpack+0x1f4/0x5a0
[    7.476982] Kernel unaligned access at TPC[88fbc8] aa_dfa_unpack+0x208/0x5a0
[    7.493932] systemd[1]: Started Security Auditing Service.
[    7.504990] systemd[1]: Starting Update UTMP about System Boot/Shutdown...
[    7.512948] systemd[1]: Started Load AppArmor profiles.
[    7.528111] systemd[1]: Started Entropy Daemon based on the HAVEGE algorithm.
[    7.540887] systemd[1]: Starting Journal Service...
[    7.561318] systemd[1]: Started Update UTMP about System Boot/Shutdown.
[    7.567950] systemd[1]: Started Enable support for additional executable binary formats.
[    7.574710] systemd[1]: Started LVM event activation on device 254:16.
[    7.590855] systemd[1]: Started Helper to synchronize boot up for ifupdown.
[    7.600245] systemd[1]: Starting Raise network interfaces...
[    7.629494] systemd[1]: Started Journal Service.
[    7.784506] systemd-journald[764]: Received client request to flush runtime journal.
[    8.104899] random: crng init done
[    8.104945] random: 7 urandom warning(s) missed due to ratelimiting
