[    0.000022] PROMLIB: Sun IEEE Boot Prom 'OBP 4.38.12 2018/03/28 14:54'
[    0.000035] PROMLIB: Root node compatible: sun4v
[    0.000089] Linux version 5.5.0-rc1-00019-g251ec1c159e4 (mator@ttip) (gcc version 9.2.1 20200123 (Debian 9.2.1-25)) #2 SMP Fri Jan 31 16:48:15 MSK 2020
[    0.000429] printk: bootconsole [earlyprom0] enabled
[    0.000486] ARCH: SUN4V
[    0.000540] Ethernet address: 00:14:4f:fa:06:f2
[    0.000599] MM: PAGE_OFFSET is 0xfff8000000000000 (max_phys_bits == 47)
[    0.000670] MM: VMALLOC [0x0000000100000000 --> 0x0006000000000000]
[    0.000733] MM: VMEMMAP [0x0006000000000000 --> 0x000c000000000000]
[    0.013090] Kernel: Using 5 locked TLB entries for main kernel image.
[    0.013180] Remapping the kernel... 
[    0.013208] done.
[    0.049193] OF stdout device is: /virtual-devices@100/console@1
[    0.049276] PROM: Built device tree with 88003 bytes of memory.
[    0.049344] MDESC: Size is 36960 bytes.
[    0.049477] PLATFORM: banner-name [SPARC T5-2]
[    0.049529] PLATFORM: name [ORCL,SPARC-T5-2]
[    0.049576] PLATFORM: hostid [84fa06f2]
[    0.049619] PLATFORM: serial# [0035260e]
[    0.049663] PLATFORM: stick-frequency [3b9aca00]
[    0.049712] PLATFORM: mac-address [144ffa06f2]
[    0.049759] PLATFORM: watchdog-resolution [1000 ms]
[    0.049810] PLATFORM: watchdog-max-timeout [31536000000 ms]
[    0.049868] PLATFORM: max-cpus [1024]
[    0.049979] Top of RAM: 0x24af938000, Total RAM: 0x87f354000
[    0.050046] Memory hole size: 115461MB
[    0.054826] Allocated 40960 bytes for kernel page tables.
[    0.054947] Zone ranges:
[    0.054993]   Normal   [mem 0x0000000030400000-0x00000024af937fff]
[    0.055059] Movable zone start for each node
[    0.056132] Early memory node ranges
[    0.056189]   node   0: [mem 0x0000000030400000-0x000000006fe7ffff]
[    0.056263]   node   0: [mem 0x000000006ff00000-0x000000006ff25fff]
[    0.056327]   node   0: [mem 0x0000000070000000-0x000000042fffffff]
[    0.056392]   node   0: [mem 0x0000002030000000-0x00000024af87ffff]
[    0.056456]   node   0: [mem 0x00000024af900000-0x00000024af925fff]
[    0.056519]   node   0: [mem 0x00000024af930000-0x00000024af937fff]
[    0.064105] Zeroed struct page in unavailable ranges: 230130 pages
[    0.064113] Initmem setup node 0 [mem 0x0000000030400000-0x00000024af937fff]
[    0.064273] On node 0 totalpages: 4454826
[    0.064282]   Normal zone: 39154 pages used for memmap
[    0.064287]   Normal zone: 0 pages reserved
[    0.064293]   Normal zone: 4454826 pages, LIFO batch:31
[    0.075282] Booting Linux...
[    0.075368] CPU CAPS: [flush,stbar,swap,muldiv,v9,blkinit,n2,mul32]
[    0.075451] CPU CAPS: [div32,v8plus,popc,vis,vis2,ASIBlkInit,fmaf,vis3]
[    0.076557] CPU CAPS: [hpc,ima,pause,cbcond,aes,des,kasumi,camellia]
[    0.076651] CPU CAPS: [md5,sha1,sha256,sha512,mpmul,montmul,montsqr,crc32c]
[    0.107128] percpu: Embedded 27 pages/cpu s182024 r8192 d30968 u262144
[    0.107399] pcpu-alloc: s182024 r8192 d30968 u262144 alloc=1*4194304
[    0.107406] pcpu-alloc: [0] 000 001 002 003 004 005 006 007 008 009 010 011 012 013 014 015 
[    0.107435] pcpu-alloc: [0] 016 017 018 019 020 021 022 023 024 025 026 027 028 029 030 031 
[    0.107464] pcpu-alloc: [0] 032 033 034 035 036 037 038 039 040 041 042 043 044 045 046 047 
[    0.107493] pcpu-alloc: [0] 048 049 050 051 052 053 054 055 056 057 058 059 060 061 062 063 
[    0.107521] pcpu-alloc: [0] 064 065 066 067 068 069 070 071 072 073 074 075 076 077 078 079 
[    0.107549] pcpu-alloc: [0] 080 081 082 083 084 085 086 087 088 089 090 091 092 093 094 095 
[    0.107577] pcpu-alloc: [0] 096 097 098 099 100 101 102 103 104 105 106 107 108 109 110 111 
[    0.107605] pcpu-alloc: [0] 112 113 114 115 116 117 118 119 120 121 122 123 124 125 126 127 
[    0.108161] SUN4V: Mondo queue sizes [cpu(131072) dev(16384) r(8192) nr(256)]
[    0.108557] Built 1 zonelists, mobility grouping on.  Total pages: 4415672
[    0.108655] Kernel command line: BOOT_IMAGE=/vmlinux-5.5.0-rc1-00019-g251ec1c159e4 root=/dev/vdiska2 ro zswap.enabled=1
[    0.111197] printk: log_buf_len individual max cpu contribution: 4096 bytes
[    0.111298] printk: log_buf_len total cpu_extra contributions: 520192 bytes
[    0.111370] printk: log_buf_len min size: 131072 bytes
[    0.112682] printk: log_buf_len: 1048576 bytes
[    0.112747] printk: early log buf free: 126640(96%)
[    0.119255] Dentry cache hash table entries: 8388608 (order: 13, 67108864 bytes, linear)
[    0.122661] Inode-cache hash table entries: 4194304 (order: 12, 33554432 bytes, linear)
[    0.122775] Sorting __ex_table...
[    0.123020] mem auto-init: stack:off, heap alloc:off, heap free:off
[    0.183927] Memory: 1305232K/35638608K available (7600K kernel code, 973K rwdata, 2272K rodata, 704K init, 6742K bss, 508824K reserved, 0K cma-reserved)
[    0.184498] SLUB: HWalign=32, Order=0-3, MinObjects=0, CPUs=128, Nodes=1
[    0.184789] ftrace: allocating 21318 entries in 42 pages
[    0.193360] ftrace: allocated 42 pages with 3 groups
[    0.196633] Running RCU self tests
[    0.196713] rcu: Hierarchical RCU implementation.
[    0.196766] rcu: 	RCU event tracing is enabled.
[    0.196818] rcu: 	RCU lockdep checking is enabled.
[    0.196868] 	Tasks RCU enabled.
[    0.197940] rcu: RCU calculated value of scheduler-enlistment delay is 10 jiffies.
[    0.203025] NR_IRQS: 2048, nr_irqs: 2048, preallocated irqs: 1
[    0.203144] SUN4V: Using IRQ API major 3, cookie only virqs enabled
[    0.205666] clocksource: stick: mask: 0xffffffffffffffff max_cycles: 0x1cd42e4dffb, max_idle_ns: 881590591483 ns
[    0.205803] clocksource: mult[800000] shift[23]
[    0.205853] clockevent: mult[80000000] shift[31]
[    0.206425] Console: colour dummy device 80x25
[    0.206507] printk: console [tty0] enabled
[    0.206586] printk: bootconsole [earlyprom0] disabled
[    0.206676] Lock dependency validator: Copyright (c) 2006 Red Hat, Inc., Ingo Molnar
[    0.206730] ... MAX_LOCKDEP_SUBCLASSES:  8
[    0.206761] ... MAX_LOCK_DEPTH:          48
[    0.206793] ... MAX_LOCKDEP_KEYS:        8192
[    0.206824] ... CLASSHASH_SIZE:          4096
[    0.206857] ... MAX_LOCKDEP_ENTRIES:     16384
[    0.206890] ... MAX_LOCKDEP_CHAINS:      32768
[    0.206924] ... CHAINHASH_SIZE:          16384
[    0.206958]  memory used by lock dependency info: 3855 kB
[    0.206996]  memory used for stack traces: 2112 kB
[    0.207033]  per task-struct memory footprint: 1920 bytes
[    0.356586] Calibrating delay using timer specific routine.. 2018.14 BogoMIPS (lpj=10090711)
[    0.356655] pid_max: default: 131072 minimum: 1024
[    0.356953] LSM: Security Framework initializing
[    0.357110] AppArmor: AppArmor initialized
[    0.357396] Mount-cache hash table entries: 131072 (order: 7, 1048576 bytes, linear)
[    0.357568] Mountpoint-cache hash table entries: 131072 (order: 7, 1048576 bytes, linear)
[    0.357734] *** VALIDATE tmpfs ***
[    0.358666] *** VALIDATE proc ***
[    0.359227] *** VALIDATE cgroup1 ***
[    0.359263] *** VALIDATE cgroup2 ***
[    0.361704] rcu: Hierarchical SRCU implementation.
[    0.370589] smp: Bringing up secondary CPUs ...
[    0.421675] smp: Brought up 1 node, 32 CPUs
[    0.617842] node 0 initialised, 4228069 pages in 200ms
[    0.619112] devtmpfs: initialized
[    0.624092] Performance events: 
[    0.624149] Testing NMI watchdog ... 
[    0.824246] OK.
[    0.824412] Supported PMU type is 'niagara5'
[    0.824624] random: get_random_u32 called from bucket_table_alloc.isra.0+0x188/0x1c0 with crng_init=0
[    0.825342] ldc.c:v1.1 (July 22, 2008)
[    0.827657] clocksource: jiffies: mask: 0xffffffff max_cycles: 0xffffffff, max_idle_ns: 19112604462750000 ns
[    0.827752] futex hash table entries: 32768 (order: 9, 4194304 bytes, linear)
[    0.833065] NET: Registered protocol family 16
[    0.841692] VIO: Adding device channel-devices (tx_ino = ffffffffffffffff, rx_ino = ffffffffffffffff)
[    0.841932] VIO: Adding device vnet-port-0-0 (tx_ino = 0, rx_ino = 1)
[    0.842134] VIO: Adding device vnet-port-0-1 (tx_ino = 2, rx_ino = 3)
[    0.842300] VIO: Adding device vnet-port-0-2 (tx_ino = 4, rx_ino = 5)
[    0.842472] VIO: Adding device vnet-port-0-4 (tx_ino = 8, rx_ino = 9)
[    0.842636] VIO: Adding device vnet-port-0-5 (tx_ino = a, rx_ino = b)
[    0.842800] VIO: Adding device vnet-port-0-6 (tx_ino = c, rx_ino = d)
[    0.842970] VIO: Adding device vdc-port-3-0 (tx_ino = e, rx_ino = f)
[    0.843134] VIO: Adding device vdc-port-2-0 (tx_ino = 10, rx_ino = 11)
[    0.843299] VIO: Adding device vdc-port-1-0 (tx_ino = 12, rx_ino = 13)
[    0.843469] VIO: Adding device vdc-port-0-0 (tx_ino = 14, rx_ino = 15)
[    0.843635] VIO: Adding device vdc-port-4-0 (tx_ino = 16, rx_ino = 17)
[    0.843801] VIO: Adding device vlds-port-0-0 (tx_ino = 18, rx_ino = 19)
[    0.843975] VIO: Adding device domain-services-port-0 (tx_ino = 18, rx_ino = 19)
[    0.844273] audit: initializing netlink subsys (disabled)
[    0.844653] audit: type=2000 audit(0.630:1): state=initialized audit_enabled=0 res=1
[    0.870561] HugeTLB registered 64.0 KiB page size, pre-allocated 0 pages
[    0.870618] HugeTLB registered 8.00 MiB page size, pre-allocated 0 pages
[    0.870663] HugeTLB registered 256 MiB page size, pre-allocated 0 pages
[    0.870709] HugeTLB registered 2.00 GiB page size, pre-allocated 0 pages
[    0.872373] alg: extra crypto tests enabled.  This is intended for developer use only.
[    0.899198] cryptd: max_cpu_qlen set to 1000
[    1.000854] NetLabel: Initializing
[    1.000892] NetLabel:  domain hash size = 128
[    1.000925] NetLabel:  protocols = UNLABELED CIPSOv4 CALIPSO
[    1.001058] NetLabel:  unlabeled traffic allowed by default
[    1.002014] SUN4V: Reboot data supported (maj=1,min=0).
[    1.002376] ds.c:v1.0 (Jul 11, 2007)
[    1.002727] ds-0: ds_conn_reset() from send_events.isra.0
[    1.004200] clocksource: Switched to clocksource stick
[    1.201320] *** VALIDATE bpf ***
[    1.202550] VFS: Disk quotas dquot_6.6.0
[    1.202676] VFS: Dquot-cache hash table entries: 1024 (order 0, 8192 bytes)
[    1.202890] *** VALIDATE ramfs ***
[    1.202939] *** VALIDATE hugetlbfs ***
[    1.204425] AppArmor: AppArmor Filesystem Enabled
[    1.217498] NET: Registered protocol family 2
[    1.219195] tcp_listen_portaddr_hash hash table entries: 32768 (order: 8, 2359296 bytes, linear)
[    1.222087] TCP established hash table entries: 524288 (order: 9, 4194304 bytes, linear)
[    1.224051] TCP bind hash table entries: 65536 (order: 9, 4194304 bytes, linear)
[    1.229607] TCP: Hash tables configured (established 524288 bind 65536)
[    1.232013] UDP hash table entries: 32768 (order: 9, 5242880 bytes, linear)
[    1.238246] UDP-Lite hash table entries: 32768 (order: 9, 5242880 bytes, linear)
[    1.246063] NET: Registered protocol family 1
[    1.246124] NET: Registered protocol family 44
[    1.246655] Trying to unpack rootfs image as initramfs...
[    1.441534] Freeing initrd memory: 14776K
[    1.442391] aes_sparc64: Using sparc64 aes opcodes optimized AES implementation
[    1.708509] des_sparc64: Using sparc64 des opcodes optimized DES implementation
[    2.202693] camellia_sparc64: Using sparc64 camellia opcodes optimized CAMELLIA implementation
[    2.385905] workingset: timestamp_bits=46 max_order=23 bucket_order=0
[    2.406189] SGI XFS with ACLs, security attributes, quota, fatal assert, debug enabled
[    2.412018] *** VALIDATE xfs ***
[    2.426113] Block layer SCSI generic (bsg) driver version 0.4 loaded (major 252)
[    2.426876] io scheduler mq-deadline registered
[    2.429538] f029b788: ttyHV0 at I/O 0x0 (irq = 1, base_baud = 115200) is a SUN4V HCONS
[    2.436471] printk: console [ttyHV0] enabled
[    2.439939] sunvdc.c:v1.2 (November 24, 2014)
[    2.441497] sunvdc: Virtual CDROM vdiskd
[    2.441540] sunvdc: vdiskd: 403160 sectors (196 MB) protocol 1.2
[    2.443231]  vdiskd: vdiskd1 vdiskd2 vdiskd3 vdiskd4 vdiskd5 vdiskd6 vdiskd7
[    2.463213] sunvdc: Virtual Hard disk vdiskc
[    2.463254] sunvdc: vdiskc: 104857600 sectors (51200 MB) protocol 1.2
[    2.482385] sunvdc: Virtual Hard disk vdiskb
[    2.482432] sunvdc: vdiskb: 62914560 sectors (30720 MB) protocol 1.2
[    2.483762]  vdiskb: vdiskb1
[    2.501976] sunvdc: Virtual Hard disk vdiska
[    2.502023] sunvdc: vdiska: 31457280 sectors (15360 MB) protocol 1.2
[    2.503502]  vdiska: vdiska1 vdiska2 vdiska3 vdiska4
[    2.522985] sunvdc: Virtual Hard disk vdiske
[    2.523034] sunvdc: vdiske: 20971520 sectors (10240 MB) protocol 1.2
[    2.524614]  vdiske: vdiske1 vdiske2
[    2.541871] sunvnet: sunvnet 2.0 (February 3, 2017)
[    2.544067] vnet_port vnet-port-0-0 eth0: Sun LDOM vnet 00:14:4f:f8:12:a3
[    2.544365] sunvnet: eth0: PORT ( remote-mac 00:14:4f:fa:f3:f0 switch-port )
[    2.544963] sunvnet: eth0: PORT ( remote-mac 00:14:4f:f8:e5:f3 )
[    2.545545] sunvnet: eth0: PORT ( remote-mac 00:14:4f:f9:b4:97 )
[    2.546117] sunvnet: eth0: PORT ( remote-mac 00:14:4f:f8:3f:1e )
[    2.546703] sunvnet: eth0: PORT ( remote-mac 00:14:4f:f8:fe:47 )
[    2.547276] sunvnet: eth0: PORT ( remote-mac 00:14:4f:f9:8b:83 )
[    2.548494] rtc-sun4v rtc-sun4v: registered as rtc0
[    2.549015] sun4v_wdt: initialized (timeout=60s, nowayout=0)
[    2.549390] device-mapper: uevent: version 1.0.3
[    2.550352] device-mapper: ioctl: 4.41.0-ioctl (2019-09-16) initialised: dm-devel@redhat.com
[    2.551340] NET: Registered protocol family 17
[    2.551907] registered taskstats version 1
[    2.559539] zswap: default zpool zbud not available
[    2.559594] zswap: pool creation failed
[    2.755252] Key type big_key registered
[    2.755321] AppArmor: AppArmor sha1 policy hashing enabled
[    2.756101] rtc-sun4v rtc-sun4v: setting system clock to 2020-01-31T14:06:30 UTC (1580479590)
[    2.760397] This architecture does not have kernel memory protection.
[    2.760445] Run /init as init process
[    3.248681] crc32c_sparc64: Using sparc64 crc32c opcode optimized CRC32C implementation
[    3.331666] random: fast init done
[    3.356194] md127: WARNING: vdiske1 appears to be on the same physical disk as vdiske2.
[    3.356294] True protection against single-disk failure might be compromised.
[    3.357080] md/raid1:md127: active with 2 out of 2 mirrors
[    3.357351] md127: detected capacity change from 0 to 26148864
[    3.784148] raid6: int64x8  gen()  2174 MB/s
[    3.954157] raid6: int64x8  xor()  1569 MB/s
[    4.124147] raid6: int64x4  gen()  3432 MB/s
[    4.294150] raid6: int64x4  xor()  2004 MB/s
[    4.464152] raid6: int64x2  gen()  3125 MB/s
[    4.634156] raid6: int64x2  xor()  1997 MB/s
[    4.804148] raid6: int64x1  gen()  2841 MB/s
[    4.974129] raid6: int64x1  xor()  1625 MB/s
[    4.974167] raid6: using algorithm int64x4 gen() 3432 MB/s
[    4.974208] raid6: .... xor() 2004 MB/s, rmw enabled
[    4.974245] raid6: using intx1 recovery algorithm
[    4.975151] async_tx: api initialized (async)
[    4.975730] xor: automatically using best checksumming function   Niagara   
[    5.181187] EXT4-fs (vdiska2): mounted filesystem with ordered data mode. Opts: (null)
[    7.399940] systemd[1]: Inserted module 'autofs4'
[    7.416707] NET: Registered protocol family 10
[    7.423927] Segment Routing with IPv6
[    7.503663] systemd[1]: systemd 244.1-1 running in system mode. (+PAM +AUDIT +SELINUX +IMA +APPARMOR +SMACK +SYSVINIT +UTMP +LIBCRYPTSETUP +GCRYPT +GNUTLS +ACL +XZ +LZ4 -SECCOMP +BLKID +ELFUTILS +KMOD +IDN2 -IDN +PCRE2 default-hierarchy=hybrid)
[    7.504559] systemd[1]: Detected architecture sparc64.
[    7.577417] systemd[1]: Set hostname to <ttip>.
[    7.613523] systemd[1]: Couldn't move remaining userspace processes, ignoring: Input/output error
[    9.352000] random: lvmconfig: uninitialized urandom read (4 bytes read)
[   10.187037] systemd[1]: /lib/systemd/system/dbus.socket:5: ListenStream= references a path below legacy directory /var/run/, updating /var/run/dbus/system_bus_socket â†’ /run/dbus/system_bus_socket; please update the unit file accordingly.
[   10.576726] systemd[1]: haveged.service: Found ordering cycle on systemd-tmpfiles-setup.service/start
[   10.576816] systemd[1]: haveged.service: Found dependency on systemd-journald.service/start
[   10.576885] systemd[1]: haveged.service: Found dependency on haveged.service/start
[   10.576951] systemd[1]: haveged.service: Job systemd-tmpfiles-setup.service/start deleted to break ordering cycle starting with haveged.service/start
[   10.579458] random: systemd: uninitialized urandom read (16 bytes read)
[   10.590234] systemd[1]: Created slice system-getty.slice.
[   10.590738] random: systemd: uninitialized urandom read (16 bytes read)
[   10.594337] systemd[1]: Created slice system-openvpn\x2dclient.slice.
[   10.594772] random: systemd: uninitialized urandom read (16 bytes read)
[   10.598268] systemd[1]: Created slice system-postfix.slice.
[   10.603668] systemd[1]: Created slice system-systemd\x2dfsck.slice.
[   10.607586] systemd[1]: Created slice User and Session Slice.
[   10.608586] systemd[1]: Started Dispatch Password Requests to Console Directory Watch.
[   10.609405] systemd[1]: Started Forward Password Requests to Wall Directory Watch.
[   10.611611] systemd[1]: Set up automount Arbitrary Executable File Formats File System Automount Point.
[   10.612187] systemd[1]: Reached target Local Encrypted Volumes.
[   10.612662] systemd[1]: Reached target Paths.
[   10.613105] systemd[1]: Reached target Remote File Systems.
[   10.613539] systemd[1]: Reached target Slices.
[   10.614599] systemd[1]: Listening on Device-mapper event daemon FIFOs.
[   10.615711] systemd[1]: Listening on LVM2 poll daemon socket.
[   10.637883] systemd[1]: Listening on Syslog Socket.
[   10.639078] systemd[1]: Listening on fsck to fsckd communication Socket.
[   10.639848] systemd[1]: Listening on initctl Compatibility Named Pipe.
[   10.641125] systemd[1]: Listening on Journal Audit Socket.
[   10.642118] systemd[1]: Listening on Journal Socket (/dev/log).
[   10.643295] systemd[1]: Listening on Journal Socket.
[   10.644481] systemd[1]: Listening on udev Control Socket.
[   10.645318] systemd[1]: Listening on udev Kernel Socket.
[   10.654661] systemd[1]: Mounting Huge Pages File System...
[   10.663451] systemd[1]: Mounting POSIX Message Queue File System...
[   10.672537] systemd[1]: Mounting Kernel Debug File System...
[   10.681465] systemd[1]: Starting Availability of block devices...
[   10.695894] systemd[1]: Starting Wait for network to be configured by ifupdown...
[   10.704787] systemd[1]: Starting Create list of static device nodes for the current kernel...
[   10.713216] systemd[1]: Starting Monitoring of LVM2 mirrors, snapshots etc. using dmeventd or progress polling...
[   10.723357] systemd[1]: Starting nftables...
[   10.746962] systemd[1]: Condition check resulted in Set Up Additional Binary Formats being skipped.
[   10.747198] systemd[1]: Condition check resulted in File System Check on Root Device being skipped.
[   10.764227] systemd[1]: Starting Load Kernel Modules...
[   10.772769] systemd[1]: Starting Remount Root and Kernel File Systems...
[   10.781464] systemd[1]: Starting udev Coldplug all Devices...
[   10.789903] systemd[1]: Mounted Huge Pages File System.
[   10.791711] systemd[1]: Mounted POSIX Message Queue File System.
[   10.793341] systemd[1]: Mounted Kernel Debug File System.
[   10.801187] systemd[1]: Started Availability of block devices.
[   10.807713] systemd[1]: Started Wait for network to be configured by ifupdown.
[   10.813656] systemd[1]: Started Create list of static device nodes for the current kernel.
[   10.964208] EXT4-fs (vdiska2): re-mounted. Opts: errors=remount-ro
[   10.972271] systemd[1]: Started Load Kernel Modules.
[   10.977944] systemd[1]: Started Remount Root and Kernel File Systems.
[   10.979402] systemd[1]: Condition check resulted in FUSE Control File System being skipped.
[   10.979766] systemd[1]: Condition check resulted in Kernel Configuration File System being skipped.
[   11.113333] systemd[1]: Starting Initial Check File System Quotas...
[   11.156458] systemd[1]: Condition check resulted in Rebuild Hardware Database being skipped.
[   11.165324] systemd[1]: Starting Load/Save Random Seed...
[   11.174190] systemd[1]: Starting Apply Kernel Variables...
[   11.182525] systemd[1]: Starting Create System Users...
[   11.714779] systemd[1]: Started Monitoring of LVM2 mirrors, snapshots etc. using dmeventd or progress polling.
[   11.756474] systemd[1]: Started udev Coldplug all Devices.
[   11.766398] systemd[1]: Starting Helper to synchronize boot up for ifupdown...
[   11.905447] systemd[1]: Started Apply Kernel Variables.
[   11.975393] systemd[1]: Started Create System Users.
[   11.987000] systemd[1]: Starting Create Static Device Nodes in /dev...
[   12.438574] systemd[1]: Started Create Static Device Nodes in /dev.
[   12.440127] systemd[1]: Reached target Local File Systems (Pre).
[   12.449136] systemd[1]: Starting udev Kernel Device Manager...
[   12.543876] systemd[1]: Started Initial Check File System Quotas.
[   12.741602] systemd[1]: Started nftables.
[   12.742545] systemd[1]: Reached target Network (Pre).
[   12.750408] systemd[1]: Started udev Kernel Device Manager.
[   12.889198] sha1_sparc64: Using sparc64 sha1 opcode optimized SHA-1 implementation
[   12.935309] n2rng v0.3 (Jan 7, 2017)
[   12.935422] n2rng f029b104: Registered RNG HVAPI major 2 minor 0
[   12.935530] n2rng f029b104: Found multi-unit-capable RNG, units: 2
[   12.937629] n2rng f029b104: RNG ready
[   13.036105] systemd[1]: Created slice system-lvm2\x2dpvscan.slice.
[   13.044496] systemd[1]: Starting LVM event activation on device 254:16...
[   13.074700] sha256_sparc64: Using sparc64 sha256 opcode optimized SHA-256/SHA-224 implementation
[   13.077881] systemd[1]: Found device /dev/vdiska1.
[   13.088381] pktcdvd: setup of pktcdvd device failed
[   13.090146] systemd[1]: Starting File System Check on /dev/vdiska1...
[   13.112266] systemd[1]: Found device /dev/disk/by-label/swapvol1.
[   13.131010] pktcdvd: setup of pktcdvd device failed
[   13.142602] pktcdvd: setup of pktcdvd device failed
[   13.146089] pktcdvd: setup of pktcdvd device failed
[   13.150071] pktcdvd: setup of pktcdvd device failed
[   13.153606] pktcdvd: setup of pktcdvd device failed
[   13.157812] pktcdvd: setup of pktcdvd device failed
[   13.161530] pktcdvd: setup of pktcdvd device failed
[   13.195599] systemd[1]: Activating swap /dev/disk/by-label/swapvol1...
[   13.204893] systemd[1]: Started MD array monitor.
[   13.216118] systemd[1]: Started File System Check Daemon to report status.
[   13.233927] sha512_sparc64: Using sparc64 sha512 opcode optimized SHA-512/SHA-384 implementation
[   13.240993] md5_sparc64: Using sparc64 md5 opcode optimized MD5 implementation
[   13.435739] systemd[1]: Found device /dev/ttipvg1/vol1.
[   13.444602] systemd[1]: Starting File System Check on /dev/ttipvg1/vol1...
[   13.474524] Adding 787176k swap on /dev/vdiska4.  Priority:-2 extents:1 across:787176k FS
[   13.481546] systemd[1]: Activated swap /dev/disk/by-label/swapvol1.
[   13.482054] systemd[1]: Reached target Swap.
[   13.521329] systemd[1]: Mounting /tmp...
[   13.528143] systemd[1]: Started Helper to synchronize boot up for ifupdown.
[   13.537863] systemd[1]: Started File System Check on /dev/vdiska1.
[   13.546065] systemd[1]: Started File System Check on /dev/ttipvg1/vol1.
[   13.547654] systemd[1]: Mounted /tmp.
[   13.569450] systemd[1]: Mounting /1...
[   13.578212] systemd[1]: Mounting /boot...
[   13.597393] systemd[1]: Starting Network Time Synchronization...
[   13.601969] EXT4-fs (vdiska1): mounting ext3 file system using the ext4 subsystem
[   13.602772] XFS (dm-0): Mounting V5 Filesystem
[   13.616337] EXT4-fs (vdiska1): mounted filesystem with ordered data mode. Opts: (null)
[   13.616526] ext3 filesystem being mounted at /boot supports timestamps until 2038 (0x7fffffff)
[   13.621728] systemd[1]: Mounted /boot.
[   13.622478] XFS (dm-0): Ending clean mount
[   13.624880] xfs filesystem being mounted at /1 supports timestamps until 2038 (0x7fffffff)
[   13.630341] systemd[1]: Mounted /1.
[   13.631723] systemd[1]: Reached target Local File Systems.
[   13.640278] systemd[1]: Starting Load AppArmor profiles...
[   13.648721] systemd[1]: Starting Security Auditing Service...
[   13.657271] systemd[1]: Starting Enable support for additional executable binary formats...
[   13.657922] systemd[1]: Condition check resulted in Mark the need to relabel after reboot being skipped.
[   13.658329] systemd[1]: Condition check resulted in Commit a transient machine-id on disk being skipped.
[   13.733028] systemd[1]: Started LVM event activation on device 254:16.
[   13.832870] systemd[1]: proc-sys-fs-binfmt_misc.automount: Got automount request for /proc/sys/fs/binfmt_misc, triggered by 753 (update-binfmts)
[   13.843039] systemd[1]: Mounting Arbitrary Executable File Formats File System...
[   13.874793] systemd[1]: Started Network Time Synchronization.
[   13.876171] systemd[1]: Reached target System Time Set.
[   13.876647] systemd[1]: Reached target System Time Synchronized.
[   13.902297] systemd[1]: Mounted Arbitrary Executable File Formats File System.
[   14.442624] systemd[1]: Started Security Auditing Service.
[   14.452409] systemd[1]: Starting Update UTMP about System Boot/Shutdown...
[   14.544501] systemd[1]: Started Update UTMP about System Boot/Shutdown.
[   14.611986] systemd[1]: Started Enable support for additional executable binary formats.
[   14.792469] Kernel unaligned access at TPC[8838f8] aa_dfa_unpack+0x38/0x5c0
[   14.792638] Kernel unaligned access at TPC[883918] aa_dfa_unpack+0x58/0x5c0
[   14.792718] Kernel unaligned access at TPC[8839e0] aa_dfa_unpack+0x120/0x5c0
[   14.792808] Kernel unaligned access at TPC[883ac0] aa_dfa_unpack+0x200/0x5c0
[   14.792898] Kernel unaligned access at TPC[883ad4] aa_dfa_unpack+0x214/0x5c0
[   14.911901] systemd[1]: Started Load AppArmor profiles.
[   14.970936] systemd[1]: Started Entropy Daemon based on the HAVEGE algorithm.
[   14.981252] systemd[1]: Starting Raise network interfaces...
[   14.992876] systemd[1]: Starting Journal Service...
[   15.177986] systemd[1]: Started Journal Service.
[   15.442400] systemd-journald[794]: Received client request to flush runtime journal.
[   15.549913] random: crng init done
[   15.549973] random: 6 urandom warning(s) missed due to ratelimiting
