[    0.000019] PROMLIB: Sun IEEE Boot Prom 'OBP 4.38.12 2018/03/28 14:54'
[    0.000031] PROMLIB: Root node compatible: sun4v
[    0.000076] Linux version 5.2.0-10877-g6975259ae30e (mator@ttip) (gcc version 8.3.0 (Debian 8.3.0-19)) #1173 SMP Thu Aug 15 15:45:01 MSK 2019
[    0.000386] printk: bootconsole [earlyprom0] enabled
[    0.000439] ARCH: SUN4V
[    0.000488] Ethernet address: 00:14:4f:fa:06:f2
[    0.000541] MM: PAGE_OFFSET is 0xfff8000000000000 (max_phys_bits == 47)
[    0.000604] MM: VMALLOC [0x0000000100000000 --> 0x0006000000000000]
[    0.000664] MM: VMEMMAP [0x0006000000000000 --> 0x000c000000000000]
[    0.012495] Kernel: Using 5 locked TLB entries for main kernel image.
[    0.012565] Remapping the kernel... 
[    0.012589] done.
[    0.047716] OF stdout device is: /virtual-devices@100/console@1
[    0.047790] PROM: Built device tree with 87467 bytes of memory.
[    0.047856] MDESC: Size is 37248 bytes.
[    0.047984] PLATFORM: banner-name [SPARC T5-2]
[    0.048034] PLATFORM: name [ORCL,SPARC-T5-2]
[    0.048081] PLATFORM: hostid [84fa06f2]
[    0.048123] PLATFORM: serial# [0035260e]
[    0.048166] PLATFORM: stick-frequency [3b9aca00]
[    0.048212] PLATFORM: mac-address [144ffa06f2]
[    0.048259] PLATFORM: watchdog-resolution [1000 ms]
[    0.048309] PLATFORM: watchdog-max-timeout [31536000000 ms]
[    0.048365] PLATFORM: max-cpus [1024]
[    0.048447] Top of RAM: 0x24af938000, Total RAM: 0x87f354000
[    0.048507] Memory hole size: 115461MB
[    0.101200] kmemleak: Kernel memory leak detector disabled
[    0.281493] Allocated 35708928 bytes for kernel page tables.
[    0.281595] Zone ranges:
[    0.281635]   Normal   [mem 0x0000000030400000-0x00000024af937fff]
[    0.281701] Movable zone start for each node
[    0.281748] Early memory node ranges
[    0.281787]   node   0: [mem 0x0000000030400000-0x000000006fe7ffff]
[    0.281849]   node   0: [mem 0x000000006ff00000-0x000000006ff25fff]
[    0.281909]   node   0: [mem 0x0000000070000000-0x000000042fffffff]
[    0.281971]   node   0: [mem 0x0000002030000000-0x00000024af87ffff]
[    0.282033]   node   0: [mem 0x00000024af900000-0x00000024af925fff]
[    0.282093]   node   0: [mem 0x00000024af930000-0x00000024af937fff]
[    0.289460] Zeroed struct page in unavailable ranges: 230130 pages
[    0.289469] Initmem setup node 0 [mem 0x0000000030400000-0x00000024af937fff]
[    0.289627] On node 0 totalpages: 4454826
[    0.289636]   Normal zone: 39154 pages used for memmap
[    0.289642]   Normal zone: 0 pages reserved
[    0.289647]   Normal zone: 4454826 pages, LIFO batch:31
[    0.487411] Booting Linux...
[    0.487497] CPU CAPS: [flush,stbar,swap,muldiv,v9,blkinit,n2,mul32]
[    0.487580] CPU CAPS: [div32,v8plus,popc,vis,vis2,ASIBlkInit,fmaf,vis3]
[    0.488660] CPU CAPS: [hpc,ima,pause,cbcond,aes,des,kasumi,camellia]
[    0.488733] CPU CAPS: [md5,sha1,sha256,sha512,mpmul,montmul,montsqr,crc32c]
[    0.555044] percpu: Embedded 27 pages/cpu s180680 r8192 d32312 u262144
[    0.555290] pcpu-alloc: s180680 r8192 d32312 u262144 alloc=1*4194304
[    0.555297] pcpu-alloc: [0] 000 001 002 003 004 005 006 007 008 009 010 011 012 013 014 015 
[    0.555324] pcpu-alloc: [0] 016 017 018 019 020 021 022 023 024 025 026 027 028 029 030 031 
[    0.555351] pcpu-alloc: [0] 032 033 034 035 036 037 038 039 040 041 042 043 044 045 046 047 
[    0.555378] pcpu-alloc: [0] 048 049 050 051 052 053 054 055 056 057 058 059 060 061 062 063 
[    0.555406] pcpu-alloc: [0] 064 065 066 067 068 069 070 071 072 073 074 075 076 077 078 079 
[    0.555433] pcpu-alloc: [0] 080 081 082 083 084 085 086 087 088 089 090 091 092 093 094 095 
[    0.555460] pcpu-alloc: [0] 096 097 098 099 100 101 102 103 104 105 106 107 108 109 110 111 
[    0.555487] pcpu-alloc: [0] 112 113 114 115 116 117 118 119 120 121 122 123 124 125 126 127 
[    0.555514] pcpu-alloc: [0] 128 129 130 131 132 133 134 135 136 137 138 139 140 141 142 143 
[    0.555541] pcpu-alloc: [0] 144 145 146 147 148 149 150 151 152 153 154 155 156 157 158 159 
[    0.555568] pcpu-alloc: [0] 160 161 162 163 164 165 166 167 168 169 170 171 172 173 174 175 
[    0.555596] pcpu-alloc: [0] 176 177 178 179 180 181 182 183 184 185 186 187 188 189 190 191 
[    0.555623] pcpu-alloc: [0] 192 193 194 195 196 197 198 199 200 201 202 203 204 205 206 207 
[    0.555650] pcpu-alloc: [0] 208 209 210 211 212 213 214 215 216 217 218 219 220 221 222 223 
[    0.555677] pcpu-alloc: [0] 224 225 226 227 228 229 230 231 232 233 234 235 236 237 238 239 
[    0.555704] pcpu-alloc: [0] 240 241 242 243 244 245 246 247 248 249 250 251 252 253 254 255 
[    0.556201] SUN4V: Mondo queue sizes [cpu(131072) dev(16384) r(8192) nr(256)]
[    0.556724] Built 1 zonelists, mobility grouping on.  Total pages: 4415672
[    0.556818] Kernel command line: BOOT_IMAGE=/vmlinux-5.2.0-10877-g6975259ae30e root=/dev/vdiska2 ro zswap.enabled=1
[    0.559191] printk: log_buf_len individual max cpu contribution: 4096 bytes
[    0.559262] printk: log_buf_len total cpu_extra contributions: 1044480 bytes
[    0.559328] printk: log_buf_len min size: 131072 bytes
[    0.559798] printk: log_buf_len: 2097152 bytes
[    0.559849] printk: early log buf free: 125824(95%)
[    0.569466] Dentry cache hash table entries: 8388608 (order: 13, 67108864 bytes, linear)
[    0.574368] Inode-cache hash table entries: 4194304 (order: 12, 33554432 bytes, linear)
[    0.574449] Sorting __ex_table...
[    0.574670] mem auto-init: stack:off, heap alloc:off, heap free:off
[    0.652753] Memory: 35067208K/35638608K available (6872K kernel code, 972K rwdata, 2056K rodata, 1000K init, 6717K bss, 571400K reserved, 0K cma-reserved)
[    0.669713] ftrace: allocating 19816 entries in 39 pages
[    0.687998] Running RCU self tests
[    0.688048] rcu: Hierarchical RCU implementation.
[    0.688096] rcu: 	RCU event tracing is enabled.
[    0.688146] rcu: 	RCU lockdep checking is enabled.
[    0.688195] 	Tasks RCU enabled.
[    0.688233] rcu: RCU calculated value of scheduler-enlistment delay is 11 jiffies.
[    0.696494] NR_IRQS: 2048, nr_irqs: 2048, preallocated irqs: 1
[    0.696851] SUN4V: Using IRQ API major 3, cookie only virqs enabled
[    0.703266] clocksource: stick: mask: 0xffffffffffffffff max_cycles: 0x1cd42e4dffb, max_idle_ns: 881590591483 ns
[    0.703402] clocksource: mult[800000] shift[23]
[    0.703452] clockevent: mult[80000000] shift[31]
[    0.725844] Console: colour dummy device 80x25
[    0.725916] printk: console [tty0] enabled
[    0.725993] printk: bootconsole [earlyprom0] disabled
[    0.726077] Lock dependency validator: Copyright (c) 2006 Red Hat, Inc., Ingo Molnar
[    0.726126] ... MAX_LOCKDEP_SUBCLASSES:  8
[    0.726155] ... MAX_LOCK_DEPTH:          48
[    0.726185] ... MAX_LOCKDEP_KEYS:        8192
[    0.726216] ... CLASSHASH_SIZE:          4096
[    0.726247] ... MAX_LOCKDEP_ENTRIES:     16384
[    0.726278] ... MAX_LOCKDEP_CHAINS:      32768
[    0.726309] ... CHAINHASH_SIZE:          16384
[    0.726340]  memory used by lock dependency info: 3855 kB
[    0.726376]  per task-struct memory footprint: 1920 bytes
[    0.727091] kmemleak: Early log buffer exceeded (9381), please increase DEBUG_KMEMLEAK_EARLY_LOG_SIZE
[    0.873733] Calibrating delay using timer specific routine.. 2004.44 BogoMIPS (lpj=10022241)
[    0.873797] pid_max: default: 262144 minimum: 2048
[    0.881025] Mount-cache hash table entries: 131072 (order: 7, 1048576 bytes, linear)
[    0.881261] Mountpoint-cache hash table entries: 131072 (order: 7, 1048576 bytes, linear)
[    0.886053] *** VALIDATE proc ***
[    0.888742] *** VALIDATE cgroup1 ***
[    0.888775] *** VALIDATE cgroup2 ***
[    0.893233] rcu: Hierarchical SRCU implementation.
[    0.916986] smp: Bringing up secondary CPUs ...
[    1.012432] smp: Brought up 1 node, 32 CPUs
[    1.022977] devtmpfs: initialized
[    1.029303] Performance events: 
[    1.029356] Testing NMI watchdog ... 
[    1.229678] OK.
[    1.229834] Supported PMU type is 'niagara5'
[    1.230558] random: get_random_u32 called from bucket_table_alloc.isra.4+0x184/0x1c0 with crng_init=0
[    1.231632] ldc.c:v1.1 (July 22, 2008)
[    1.235539] clocksource: jiffies: mask: 0xffffffff max_cycles: 0xffffffff, max_idle_ns: 19112604462750000 ns
[    1.235649] futex hash table entries: 65536 (order: 10, 8388608 bytes, linear)
[    1.250382] NET: Registered protocol family 16
[    1.260480] VIO: Adding device channel-devices (tx_ino = ffffffffffffffff, rx_ino = ffffffffffffffff)
[    1.260717] VIO: Adding device vnet-port-0-0 (tx_ino = 0, rx_ino = 1)
[    1.260940] VIO: Adding device vnet-port-0-1 (tx_ino = 2, rx_ino = 3)
[    1.261127] VIO: Adding device vnet-port-0-2 (tx_ino = 4, rx_ino = 5)
[    1.261314] VIO: Adding device vnet-port-0-4 (tx_ino = 8, rx_ino = 9)
[    1.261507] VIO: Adding device vnet-port-0-5 (tx_ino = a, rx_ino = b)
[    1.261702] VIO: Adding device vnet-port-0-6 (tx_ino = c, rx_ino = d)
[    1.261889] VIO: Adding device vnet-port-0-3 (tx_ino = 6, rx_ino = 7)
[    1.262076] VIO: Adding device vdc-port-3-0 (tx_ino = e, rx_ino = f)
[    1.262275] VIO: Adding device vdc-port-2-0 (tx_ino = 10, rx_ino = 11)
[    1.262462] VIO: Adding device vdc-port-1-0 (tx_ino = 12, rx_ino = 13)
[    1.262659] VIO: Adding device vdc-port-0-0 (tx_ino = 14, rx_ino = 15)
[    1.262847] VIO: Adding device vdc-port-4-0 (tx_ino = 16, rx_ino = 17)
[    1.263046] VIO: Adding device vlds-port-0-0 (tx_ino = 18, rx_ino = 19)
[    1.263236] VIO: Adding device domain-services-port-0 (tx_ino = 18, rx_ino = 19)
[    1.263851] audit: initializing netlink subsys (disabled)
[    1.264236] audit: type=2000 audit(0.550:1): state=initialized audit_enabled=0 res=1
[    1.312280] HugeTLB registered 64.0 KiB page size, pre-allocated 0 pages
[    1.312333] HugeTLB registered 8.00 MiB page size, pre-allocated 0 pages
[    1.312378] HugeTLB registered 256 MiB page size, pre-allocated 0 pages
[    1.312423] HugeTLB registered 2.00 GiB page size, pre-allocated 0 pages
[    1.361328] alg: No test for lzo-rle (lzo-rle-generic)
[    1.361870] alg: No test for lzo-rle (lzo-rle-scomp)
[    1.382857] SUN4V: Reboot data supported (maj=1,min=0).
[    1.383833] ds.c:v1.0 (Jul 11, 2007)
[    1.384426] ds-0: ds_conn_reset() from send_events.isra.3
[    1.386049] clocksource: Switched to clocksource stick
[    1.674370] VFS: Disk quotas dquot_6.6.0
[    1.675994] VFS: Dquot-cache hash table entries: 1024 (order 0, 8192 bytes)
[    1.676632] *** VALIDATE hugetlbfs ***
[    1.697324] NET: Registered protocol family 2
[    1.700585] tcp_listen_portaddr_hash hash table entries: 32768 (order: 8, 2359296 bytes, linear)
[    1.704028] TCP established hash table entries: 524288 (order: 9, 4194304 bytes, linear)
[    1.706349] TCP bind hash table entries: 65536 (order: 9, 4194304 bytes, linear)
[    1.712849] TCP: Hash tables configured (established 524288 bind 65536)
[    1.719703] UDP hash table entries: 32768 (order: 9, 5242880 bytes, linear)
[    1.727547] UDP-Lite hash table entries: 32768 (order: 9, 5242880 bytes, linear)
[    1.741811] NET: Registered protocol family 1
[    1.742898] Trying to unpack rootfs image as initramfs...
[    2.059651] Freeing initrd memory: 10424K
[    2.095535] workingset: timestamp_bits=46 max_order=23 bucket_order=0
[    2.102098] SGI XFS with ACLs, security attributes, debug enabled
[    2.133330] Block layer SCSI generic (bsg) driver version 0.4 loaded (major 252)
[    2.135431] io scheduler mq-deadline registered
[    2.137582] f029b788: ttyHV0 at I/O 0x0 (irq = 1, base_baud = 115200) is a SUN4V HCONS
[    2.143906] printk: console [ttyHV0] enabled
[    2.149828] sunvdc.c:v1.2 (November 24, 2014)
[    2.164584] sunvdc: Virtual CDROM vdiskd
[    2.164647] sunvdc: vdiskd: 403160 sectors (196 MB) protocol 1.2
[    2.166229]  vdiskd: vdiskd1 vdiskd2 vdiskd3 vdiskd4 vdiskd5 vdiskd6 vdiskd7
[    2.223717] sunvdc: Virtual Hard disk vdiskc
[    2.223766] sunvdc: vdiskc: 104857600 sectors (51200 MB) protocol 1.2
[    2.277971] sunvdc: Virtual Hard disk vdiskb
[    2.278024] sunvdc: vdiskb: 62914560 sectors (30720 MB) protocol 1.2
[    2.279843]  vdiskb: vdiskb1
[    2.333365] sunvdc: Virtual Hard disk vdiska
[    2.333414] sunvdc: vdiska: 31457280 sectors (15360 MB) protocol 1.2
[    2.334292]  vdiska: vdiska1 vdiska2 vdiska3 vdiska4
[    2.396101] sunvdc: Virtual Hard disk vdiske
[    2.396156] sunvdc: vdiske: 20971520 sectors (10240 MB) protocol 1.2
[    2.398140]  vdiske: vdiske1 vdiske2 vdiske3
[    2.445100] sunvnet: sunvnet 2.0 (February 3, 2017)
[    2.448619] vnet_port vnet-port-0-0 eth0: Sun LDOM vnet 00:14:4f:f8:12:a3
[    2.449221] sunvnet: eth0: PORT ( remote-mac 00:14:4f:fa:f3:f0 switch-port )
[    2.450559] sunvnet: eth0: PORT ( remote-mac 00:14:4f:f8:e5:f3 )
[    2.451906] sunvnet: eth0: PORT ( remote-mac 00:14:4f:f9:b4:97 )
[    2.453230] sunvnet: eth0: PORT ( remote-mac 00:14:4f:f8:3f:1e )
[    2.454542] sunvnet: eth0: PORT ( remote-mac 00:14:4f:f8:fe:47 )
[    2.455893] sunvnet: eth0: PORT ( remote-mac 00:14:4f:f9:8b:83 )
[    2.457207] sunvnet: eth0: PORT ( remote-mac 00:14:4f:f9:6c:d1 )
[    2.458912] rtc-sun4v rtc-sun4v: registered as rtc0
[    2.459580] sun4v_wdt: initialized (timeout=60s, nowayout=0)
[    2.460001] device-mapper: uevent: version 1.0.3
[    2.461151] device-mapper: ioctl: 4.40.0-ioctl (2019-01-18) initialised: dm-devel@redhat.com
[    2.463150] NET: Registered protocol family 17
[    2.473702] zswap: default zpool zbud not available
[    2.473757] zswap: pool creation failed
[    2.517275] Key type big_key registered
[    2.518357] rtc-sun4v rtc-sun4v: setting system clock to 2019-08-15T12:53:08 UTC (1565873588)
[    2.522765] This architecture does not have kernel memory protection.
[    2.522813] Run /init as init process
[    3.436489] random: fast init done
[    3.455711] crc32c_sparc64: Using sparc64 crc32c opcode optimized CRC32C implementation
[    3.985840] raid6: int64x8  gen()  2166 MB/s
[    4.155815] raid6: int64x8  xor()  1571 MB/s
[    4.325830] raid6: int64x4  gen()  3474 MB/s
[    4.495829] raid6: int64x4  xor()  1988 MB/s
[    4.665837] raid6: int64x2  gen()  3037 MB/s
[    4.835834] raid6: int64x2  xor()  1996 MB/s
[    5.005840] raid6: int64x1  gen()  2799 MB/s
[    5.175823] raid6: int64x1  xor()  1628 MB/s
[    5.175877] raid6: using algorithm int64x4 gen() 3474 MB/s
[    5.175918] raid6: .... xor() 1988 MB/s, rmw enabled
[    5.175955] raid6: using intx1 recovery algorithm
[    5.176956] async_tx: api initialized (async)
[    5.177587] xor: automatically using best checksumming function   Niagara   
[    6.044643] EXT4-fs (vdiska2): mounted filesystem with ordered data mode. Opts: (null)
[    8.090913] systemd[1]: Inserted module 'autofs4'
[    8.194971] NET: Registered protocol family 10
[    8.207718] Segment Routing with IPv6
[    8.312661] systemd[1]: systemd 241 running in system mode. (+PAM +AUDIT +SELINUX +IMA +APPARMOR +SMACK +SYSVINIT +UTMP +LIBCRYPTSETUP +GCRYPT +GNUTLS +ACL +XZ +LZ4 -SECCOMP +BLKID +ELFUTILS +KMOD -IDN2 +IDN +PCRE2 default-hierarchy=hybrid)
[    8.313315] systemd[1]: Detected architecture sparc64.
[    8.387594] systemd[1]: Set hostname to <ttip>.
[    8.393430] systemd[1]: Failed to bump fs.file-max, ignoring: Invalid argument
[    9.296882] random: lvmconfig: uninitialized urandom read (4 bytes read)
[   10.106720] systemd[1]: /lib/systemd/system/smbd.service:9: PIDFile= references path below legacy directory /var/run/, updating /var/run/samba/smbd.pid → /run/samba/smbd.pid; please update the unit file accordingly.
[   10.113559] systemd[1]: /lib/systemd/system/nmbd.service:9: PIDFile= references path below legacy directory /var/run/, updating /var/run/samba/nmbd.pid → /run/samba/nmbd.pid; please update the unit file accordingly.
[   10.311461] random: systemd: uninitialized urandom read (16 bytes read)
[   10.324327] random: systemd: uninitialized urandom read (16 bytes read)
[   10.325570] systemd[1]: Listening on Journal Socket (/dev/log).
[   10.327048] random: systemd: uninitialized urandom read (16 bytes read)
[   10.327533] systemd[1]: Listening on Journal Audit Socket.
[   10.328910] systemd[1]: Listening on Journal Socket.
[   10.350379] systemd[1]: Mounting POSIX Message Queue File System...
[   10.639977] EXT4-fs (vdiska2): re-mounted. Opts: errors=remount-ro
[   10.876742] systemd-journald[459]: Received request to flush runtime journal from PID 1
[   12.064718] sha1_sparc64: Using sparc64 sha1 opcode optimized SHA-1 implementation
[   12.103432] sha256_sparc64: Using sparc64 sha256 opcode optimized SHA-256/SHA-224 implementation
[   12.146270] sha512_sparc64: Using sparc64 sha512 opcode optimized SHA-512/SHA-384 implementation
[   12.152161] md5_sparc64: Using sparc64 md5 opcode optimized MD5 implementation
[   12.200027] aes_sparc64: Using sparc64 aes opcodes optimized AES implementation
[   12.220828] n2rng v0.3 (Jan 7, 2017)
[   12.220964] n2rng f029b104: Registered RNG HVAPI major 2 minor 0
[   12.221073] n2rng f029b104: Found multi-unit-capable RNG, units: 2
[   12.222405] n2rng f029b104: RNG ready
[   12.316682] des_sparc64: Using sparc64 des opcodes optimized DES implementation
[   12.388410] camellia_sparc64: Using sparc64 camellia opcodes optimized CAMELLIA implementation
[   14.186387] XFS (dm-0): Mounting V5 Filesystem
[   14.380295] XFS (dm-0): Ending clean mount
[   15.655929] Adding 787176k swap on /dev/vdiska4.  Priority:-2 extents:1 across:787176k FS
[   15.747932] EXT4-fs (vdiska1): mounting ext3 file system using the ext4 subsystem
[   15.768622] EXT4-fs (vdiska1): mounted filesystem with ordered data mode. Opts: (null)
