[    0.000019] PROMLIB: Sun IEEE Boot Prom 'OBP 4.38.12 2018/03/28 14:54'
[    0.000031] PROMLIB: Root node compatible: sun4v
[    0.000079] Linux version 5.3.0-rc8-00130-g36024fcf8d28 (mator@ttip) (gcc version 9.3.0 (Debian 9.3.0-11)) #82 SMP Tue Apr 28 11:48:15 MSK 2020
[    0.000386] printk: bootconsole [earlyprom0] enabled
[    0.000438] ARCH: SUN4V
[    0.000489] Ethernet address: 00:14:4f:fa:06:f2
[    0.000540] MM: PAGE_OFFSET is 0xfff8000000000000 (max_phys_bits == 47)
[    0.000606] MM: VMALLOC [0x0000000100000000 --> 0x0006000000000000]
[    0.000669] MM: VMEMMAP [0x0006000000000000 --> 0x000c000000000000]
[    0.012588] Kernel: Using 5 locked TLB entries for main kernel image.
[    0.012674] Remapping the kernel... 
[    0.012701] done.
[    0.046037] OF stdout device is: /virtual-devices@100/console@1
[    0.046115] PROM: Built device tree with 86230 bytes of memory.
[    0.046181] MDESC: Size is 36512 bytes.
[    0.046304] PLATFORM: banner-name [SPARC T5-2]
[    0.046355] PLATFORM: name [ORCL,SPARC-T5-2]
[    0.046401] PLATFORM: hostid [84fa06f2]
[    0.046445] PLATFORM: serial# [0035260e]
[    0.046488] PLATFORM: stick-frequency [3b9aca00]
[    0.046537] PLATFORM: mac-address [144ffa06f2]
[    0.046583] PLATFORM: watchdog-resolution [1000 ms]
[    0.046635] PLATFORM: watchdog-max-timeout [31536000000 ms]
[    0.046692] PLATFORM: max-cpus [1024]
[    0.046801] Top of RAM: 0x24af938000, Total RAM: 0x87f354000
[    0.046865] Memory hole size: 115461MB
[    0.051496] Allocated 40960 bytes for kernel page tables.
[    0.051612] Zone ranges:
[    0.051655]   Normal   [mem 0x0000000030400000-0x00000024af937fff]
[    0.051720] Movable zone start for each node
[    0.052771] Early memory node ranges
[    0.052814]   node   0: [mem 0x0000000030400000-0x000000006fe7ffff]
[    0.052881]   node   0: [mem 0x000000006ff00000-0x000000006ff25fff]
[    0.052945]   node   0: [mem 0x0000000070000000-0x000000042fffffff]
[    0.053011]   node   0: [mem 0x0000002030000000-0x00000024af87ffff]
[    0.053077]   node   0: [mem 0x00000024af900000-0x00000024af925fff]
[    0.053140]   node   0: [mem 0x00000024af930000-0x00000024af937fff]
[    0.060534] Zeroed struct page in unavailable ranges: 230130 pages
[    0.060543] Initmem setup node 0 [mem 0x0000000030400000-0x00000024af937fff]
[    0.060702] On node 0 totalpages: 4454826
[    0.060712]   Normal zone: 39154 pages used for memmap
[    0.060717]   Normal zone: 0 pages reserved
[    0.060723]   Normal zone: 4454826 pages, LIFO batch:31
[    0.069878] Booting Linux...
[    0.069962] CPU CAPS: [flush,stbar,swap,muldiv,v9,blkinit,n2,mul32]
[    0.070047] CPU CAPS: [div32,v8plus,popc,vis,vis2,ASIBlkInit,fmaf,vis3]
[    0.071130] CPU CAPS: [hpc,ima,pause,cbcond,aes,des,kasumi,camellia]
[    0.071204] CPU CAPS: [md5,sha1,sha256,sha512,mpmul,montmul,montsqr,crc32c]
[    0.100932] percpu: Embedded 27 pages/cpu s180424 r8192 d32568 u262144
[    0.101178] pcpu-alloc: s180424 r8192 d32568 u262144 alloc=1*4194304
[    0.101185] pcpu-alloc: [0] 000 001 002 003 004 005 006 007 008 009 010 011 012 013 014 015 
[    0.101212] pcpu-alloc: [0] 016 017 018 019 020 021 022 023 024 025 026 027 028 029 030 031 
[    0.101239] pcpu-alloc: [0] 032 033 034 035 036 037 038 039 040 041 042 043 044 045 046 047 
[    0.101267] pcpu-alloc: [0] 048 049 050 051 052 053 054 055 056 057 058 059 060 061 062 063 
[    0.101294] pcpu-alloc: [0] 064 065 066 067 068 069 070 071 072 073 074 075 076 077 078 079 
[    0.101321] pcpu-alloc: [0] 080 081 082 083 084 085 086 087 088 089 090 091 092 093 094 095 
[    0.101348] pcpu-alloc: [0] 096 097 098 099 100 101 102 103 104 105 106 107 108 109 110 111 
[    0.101376] pcpu-alloc: [0] 112 113 114 115 116 117 118 119 120 121 122 123 124 125 126 127 
[    0.101870] SUN4V: Mondo queue sizes [cpu(131072) dev(16384) r(8192) nr(256)]
[    0.102234] Built 1 zonelists, mobility grouping on.  Total pages: 4415672
[    0.102322] Kernel command line: BOOT_IMAGE=/vmlinux-5.3.0-rc8-00130-g36024fcf8d28 root=/dev/vdiska2 ro zswap.enabled=1
[    0.104626] printk: log_buf_len individual max cpu contribution: 4096 bytes
[    0.104712] printk: log_buf_len total cpu_extra contributions: 520192 bytes
[    0.104781] printk: log_buf_len min size: 131072 bytes
[    0.105054] printk: log_buf_len: 1048576 bytes
[    0.105106] printk: early log buf free: 126648(96%)
[    0.111474] Dentry cache hash table entries: 8388608 (order: 13, 67108864 bytes, linear)
[    0.114763] Inode-cache hash table entries: 4194304 (order: 12, 33554432 bytes, linear)
[    0.114856] Sorting __ex_table...
[    0.115095] mem auto-init: stack:off, heap alloc:off, heap free:off
[    0.172575] Memory: 1305232K/35638608K available (7348K kernel code, 952K rwdata, 2152K rodata, 704K init, 6667K bss, 508312K reserved, 0K cma-reserved)
[    0.173223] SLUB: HWalign=32, Order=0-3, MinObjects=0, CPUs=128, Nodes=1
[    0.173499] ftrace: allocating 21112 entries in 42 pages
[    0.184190] Running RCU self tests
[    0.184261] rcu: Hierarchical RCU implementation.
[    0.184314] rcu: 	RCU event tracing is enabled.
[    0.184366] rcu: 	RCU lockdep checking is enabled.
[    0.184414] 	Tasks RCU enabled.
[    0.185458] rcu: RCU calculated value of scheduler-enlistment delay is 10 jiffies.
[    0.189799] NR_IRQS: 2048, nr_irqs: 2048, preallocated irqs: 1
[    0.189905] SUN4V: Using IRQ API major 3, cookie only virqs enabled
[    0.192361] clocksource: stick: mask: 0xffffffffffffffff max_cycles: 0x1cd42e4dffb, max_idle_ns: 881590591483 ns
[    0.192491] clocksource: mult[800000] shift[23]
[    0.192540] clockevent: mult[80000000] shift[31]
[    0.193049] Console: colour dummy device 80x25
[    0.193111] printk: console [tty0] enabled
[    0.193186] printk: bootconsole [earlyprom0] disabled
[    0.193272] Lock dependency validator: Copyright (c) 2006 Red Hat, Inc., Ingo Molnar
[    0.193322] ... MAX_LOCKDEP_SUBCLASSES:  8
[    0.193352] ... MAX_LOCK_DEPTH:          48
[    0.193382] ... MAX_LOCKDEP_KEYS:        8192
[    0.193414] ... CLASSHASH_SIZE:          4096
[    0.193445] ... MAX_LOCKDEP_ENTRIES:     16384
[    0.193477] ... MAX_LOCKDEP_CHAINS:      32768
[    0.193508] ... CHAINHASH_SIZE:          16384
[    0.193540]  memory used by lock dependency info: 3855 kB
[    0.193576]  per task-struct memory footprint: 1920 bytes
[    0.343245] Calibrating delay using timer specific routine.. 2017.74 BogoMIPS (lpj=10088739)
[    0.343315] pid_max: default: 131072 minimum: 1024
[    0.343599] LSM: Security Framework initializing
[    0.343843] AppArmor: AppArmor initialized
[    0.344119] Mount-cache hash table entries: 131072 (order: 7, 1048576 bytes, linear)
[    0.344285] Mountpoint-cache hash table entries: 131072 (order: 7, 1048576 bytes, linear)
[    0.345246] *** VALIDATE proc ***
[    0.345731] *** VALIDATE cgroup1 ***
[    0.345763] *** VALIDATE cgroup2 ***
[    0.347816] rcu: Hierarchical SRCU implementation.
[    0.355541] smp: Bringing up secondary CPUs ...
[    0.398957] smp: Brought up 1 node, 32 CPUs
[    0.588404] node 0 initialised, 4228133 pages in 190ms
[    0.589688] devtmpfs: initialized
[    0.594303] Performance events: 
[    0.594350] Testing NMI watchdog ... 
[    0.794439] OK.
[    0.794566] Supported PMU type is 'niagara5'
[    0.794763] random: get_random_u32 called from bucket_table_alloc.isra.0+0x188/0x1c0 with crng_init=0
[    0.795402] ldc.c:v1.1 (July 22, 2008)
[    0.797832] clocksource: jiffies: mask: 0xffffffff max_cycles: 0xffffffff, max_idle_ns: 19112604462750000 ns
[    0.797921] futex hash table entries: 32768 (order: 9, 4194304 bytes, linear)
[    0.803108] NET: Registered protocol family 16
[    0.810980] VIO: Adding device channel-devices (tx_ino = ffffffffffffffff, rx_ino = ffffffffffffffff)
[    0.811212] VIO: Adding device vnet-port-0-0 (tx_ino = 0, rx_ino = 1)
[    0.811414] VIO: Adding device vnet-port-0-1 (tx_ino = 2, rx_ino = 3)
[    0.811579] VIO: Adding device vnet-port-0-2 (tx_ino = 4, rx_ino = 5)
[    0.811742] VIO: Adding device vnet-port-0-3 (tx_ino = 6, rx_ino = 7)
[    0.811912] VIO: Adding device vnet-port-0-4 (tx_ino = 8, rx_ino = 9)
[    0.812074] VIO: Adding device vnet-port-0-5 (tx_ino = a, rx_ino = b)
[    0.812237] VIO: Adding device vdc-port-2-0 (tx_ino = c, rx_ino = d)
[    0.812404] VIO: Adding device vdc-port-1-0 (tx_ino = e, rx_ino = f)
[    0.812566] VIO: Adding device vdc-port-0-0 (tx_ino = 10, rx_ino = 11)
[    0.812728] VIO: Adding device vdc-port-3-0 (tx_ino = 12, rx_ino = 13)
[    0.812897] VIO: Adding device vlds-port-0-0 (tx_ino = 14, rx_ino = 15)
[    0.813069] VIO: Adding device domain-services-port-0 (tx_ino = 14, rx_ino = 15)
[    0.813370] audit: initializing netlink subsys (disabled)
[    0.813706] audit: type=2000 audit(0.420:1): state=initialized audit_enabled=0 res=1
[    0.838383] HugeTLB registered 64.0 KiB page size, pre-allocated 0 pages
[    0.838439] HugeTLB registered 8.00 MiB page size, pre-allocated 0 pages
[    0.838484] HugeTLB registered 256 MiB page size, pre-allocated 0 pages
[    0.838528] HugeTLB registered 2.00 GiB page size, pre-allocated 0 pages
[    0.840170] alg: extra crypto tests enabled.  This is intended for developer use only.
[    0.865800] cryptd: max_cpu_qlen set to 1000
[    0.896884] alg: No test for lzo-rle (lzo-rle-generic)
[    0.897328] alg: No test for lzo-rle (lzo-rle-scomp)
[    0.949948] NetLabel: Initializing
[    0.949987] NetLabel:  domain hash size = 128
[    0.950020] NetLabel:  protocols = UNLABELED CIPSOv4 CALIPSO
[    0.950146] NetLabel:  unlabeled traffic allowed by default
[    0.951102] SUN4V: Reboot data supported (maj=1,min=0).
[    0.951475] ds.c:v1.0 (Jul 11, 2007)
[    0.951831] ds-0: ds_conn_reset() from send_events.isra.0
[    0.953282] clocksource: Switched to clocksource stick
[    1.150803] VFS: Disk quotas dquot_6.6.0
[    1.150940] VFS: Dquot-cache hash table entries: 1024 (order 0, 8192 bytes)
[    1.151167] *** VALIDATE hugetlbfs ***
[    1.152754] AppArmor: AppArmor Filesystem Enabled
[    1.166115] NET: Registered protocol family 2
[    1.167597] tcp_listen_portaddr_hash hash table entries: 32768 (order: 8, 2359296 bytes, linear)
[    1.170321] TCP established hash table entries: 524288 (order: 9, 4194304 bytes, linear)
[    1.172299] TCP bind hash table entries: 65536 (order: 9, 4194304 bytes, linear)
[    1.178676] TCP: Hash tables configured (established 524288 bind 65536)
[    1.181096] UDP hash table entries: 32768 (order: 9, 5242880 bytes, linear)
[    1.187082] UDP-Lite hash table entries: 32768 (order: 9, 5242880 bytes, linear)
[    1.195018] NET: Registered protocol family 1
[    1.195087] NET: Registered protocol family 44
[    1.196615] Trying to unpack rootfs image as initramfs...
[    1.394606] Freeing initrd memory: 14728K
[    1.395663] aes_sparc64: Using sparc64 aes opcodes optimized AES implementation
[    1.679352] des_sparc64: Using sparc64 des opcodes optimized DES implementation
[    2.192587] camellia_sparc64: Using sparc64 camellia opcodes optimized CAMELLIA implementation
[    2.387549] workingset: timestamp_bits=46 max_order=23 bucket_order=0
[    2.405915] zbud: loaded
[    2.408180] SGI XFS with ACLs, security attributes, debug enabled
[    2.429393] Block layer SCSI generic (bsg) driver version 0.4 loaded (major 252)
[    2.430383] io scheduler mq-deadline registered
[    2.433140] f029b788: ttyHV0 at I/O 0x0 (irq = 1, base_baud = 115200) is a SUN4V HCONS
[    2.440058] printk: console [ttyHV0] enabled
[    2.443900] sunvdc.c:v1.2 (November 24, 2014)
[    2.445630] sunvdc: Virtual Hard disk vdiskc
[    2.445670] sunvdc: vdiskc: 104857600 sectors (51200 MB) protocol 1.2
[    2.477634] sunvdc: Virtual Hard disk vdiskb
[    2.477688] sunvdc: vdiskb: 62914560 sectors (30720 MB) protocol 1.2
[    2.478574]  vdiskb: vdiskb1
[    2.497458] sunvdc: Virtual Hard disk vdiska
[    2.497510] sunvdc: vdiska: 31457280 sectors (15360 MB) protocol 1.2
[    2.498391]  vdiska: vdiska1 vdiska2 vdiska3 vdiska4
[    2.517821] sunvdc: Virtual CDROM vdiskd
[    2.517875] sunvdc: vdiskd: 453848 sectors (221 MB) protocol 1.2
[    2.518664]  vdiskd: vdiskd1 vdiskd2 vdiskd3 vdiskd4 vdiskd5 vdiskd6 vdiskd7
[    2.537258] sunvnet: sunvnet 2.0 (February 3, 2017)
[    2.539358] vnet_port vnet-port-0-0 eth0: Sun LDOM vnet 00:14:4f:f8:12:a3
[    2.539579] sunvnet: eth0: PORT ( remote-mac 00:14:4f:fa:f3:f0 switch-port )
[    2.539929] sunvnet: eth0: PORT ( remote-mac 00:14:4f:f8:e5:f3 )
[    2.540269] sunvnet: eth0: PORT ( remote-mac 00:14:4f:f9:b4:97 )
[    2.540613] sunvnet: eth0: PORT ( remote-mac 00:14:4f:f8:3f:1e )
[    2.540944] sunvnet: eth0: PORT ( remote-mac 00:14:4f:f8:fe:47 )
[    2.541271] sunvnet: eth0: PORT ( remote-mac 00:14:4f:f9:8b:83 )
[    2.542472] rtc-sun4v rtc-sun4v: registered as rtc0
[    2.543024] sun4v_wdt: initialized (timeout=60s, nowayout=0)
[    2.543325] device-mapper: uevent: version 1.0.3
[    2.544058] device-mapper: ioctl: 4.40.0-ioctl (2019-01-18) initialised: dm-devel@redhat.com
[    2.544885] NET: Registered protocol family 17
[    2.545968] registered taskstats version 1
[    2.546823] zswap: loaded using pool lzo/zbud
[    2.732728] Key type big_key registered
[    2.732803] AppArmor: AppArmor sha1 policy hashing enabled
[    2.733641] rtc-sun4v rtc-sun4v: setting system clock to 2020-04-28T08:53:37 UTC (1588064017)
[    2.737527] This architecture does not have kernel memory protection.
[    2.737576] Run /init as init process
[    3.229310] crc32c_sparc64: Using sparc64 crc32c opcode optimized CRC32C implementation
[    3.288347] random: fast init done
[    3.913296] raid6: int64x8  gen()  2094 MB/s
[    4.083270] raid6: int64x8  xor()  1542 MB/s
[    4.253280] raid6: int64x4  gen()  3367 MB/s
[    4.423275] raid6: int64x4  xor()  1963 MB/s
[    4.593304] raid6: int64x2  gen()  3022 MB/s
[    4.763275] raid6: int64x2  xor()  1970 MB/s
[    4.933277] raid6: int64x1  gen()  2646 MB/s
[    5.103283] raid6: int64x1  xor()  1617 MB/s
[    5.103341] raid6: using algorithm int64x4 gen() 3367 MB/s
[    5.103384] raid6: .... xor() 1963 MB/s, rmw enabled
[    5.103421] raid6: using intx1 recovery algorithm
[    5.104254] async_tx: api initialized (async)
[    5.104750] xor: automatically using best checksumming function   Niagara   
[    5.426603] EXT4-fs (vdiska2): mounted filesystem with ordered data mode. Opts: (null)
[    7.760045] systemd[1]: Inserted module 'autofs4'
[    7.832505] NET: Registered protocol family 10
[    7.837494] Segment Routing with IPv6
[    7.907487] systemd[1]: systemd 245.5-2 running in system mode. (+PAM +AUDIT +SELINUX +IMA +APPARMOR +SMACK +SYSVINIT +UTMP +LIBCRYPTSETUP +GCRYPT +GNUTLS +ACL +XZ +LZ4 -SECCOMP +BLKID +ELFUTILS +KMOD +IDN2 -IDN +PCRE2 default-hierarchy=hybrid)
[    7.908148] systemd[1]: Detected architecture sparc64.
[    7.975100] systemd[1]: Set hostname to <ttip>.
[    8.857343] random: lvmconfig: uninitialized urandom read (4 bytes read)
[    9.976079] systemd[1]: /lib/systemd/system/dbus.socket:5: ListenStream= references a path below legacy directory /var/run/, updating /var/run/dbus/system_bus_socket â†’ /run/dbus/system_bus_socket; please update the unit file accordingly.
[   10.354764] random: systemd: uninitialized urandom read (16 bytes read)
[   10.365098] systemd[1]: Created slice system-getty.slice.
[   10.365926] random: systemd: uninitialized urandom read (16 bytes read)
[   10.369557] systemd[1]: Created slice system-modprobe.slice.
[   10.370024] random: systemd: uninitialized urandom read (16 bytes read)
[   10.374699] systemd[1]: Created slice system-openvpn\x2dclient.slice.
[   10.380122] systemd[1]: Created slice system-postfix.slice.
[   10.384323] systemd[1]: Created slice system-systemd\x2dfsck.slice.
[   10.388382] systemd[1]: Created slice User and Session Slice.
[   10.389483] systemd[1]: Started Dispatch Password Requests to Console Directory Watch.
[   10.390308] systemd[1]: Started Forward Password Requests to Wall Directory Watch.
[   10.392555] systemd[1]: Set up automount Arbitrary Executable File Formats File System Automount Point.
[   10.393150] systemd[1]: Reached target Local Encrypted Volumes.
[   10.393692] systemd[1]: Reached target Paths.
[   10.394136] systemd[1]: Reached target Remote File Systems.
[   10.394580] systemd[1]: Reached target Slices.
[   10.395552] systemd[1]: Listening on Device-mapper event daemon FIFOs.
[   10.396668] systemd[1]: Listening on LVM2 poll daemon socket.
[   10.416130] systemd[1]: Listening on Syslog Socket.
[   10.417359] systemd[1]: Listening on fsck to fsckd communication Socket.
[   10.418212] systemd[1]: Listening on initctl Compatibility Named Pipe.
[   10.419577] systemd[1]: Listening on Journal Audit Socket.
[   10.420582] systemd[1]: Listening on Journal Socket (/dev/log).
[   10.421756] systemd[1]: Listening on Journal Socket.
[   10.422869] systemd[1]: Listening on udev Control Socket.
[   10.424389] systemd[1]: Listening on udev Kernel Socket.
[   10.434035] systemd[1]: Mounting Huge Pages File System...
[   10.443796] systemd[1]: Mounting POSIX Message Queue File System...
[   10.453599] systemd[1]: Mounting Kernel Debug File System...
[   10.466143] systemd[1]: Mounting Kernel Trace File System...
[   10.475267] systemd[1]: Starting Availability of block devices...
[   10.485295] systemd[1]: Starting Wait for network to be configured by ifupdown...
[   10.494797] systemd[1]: Starting Create list of static device nodes for the current kernel...
[   10.504409] systemd[1]: Starting Monitoring of LVM2 mirrors, snapshots etc. using dmeventd or progress polling...
[   10.514761] systemd[1]: Starting Load Kernel Module drm...
[   10.525440] systemd[1]: Starting nftables...
[   10.557008] systemd[1]: Condition check resulted in Set Up Additional Binary Formats being skipped.
[   10.557327] systemd[1]: Condition check resulted in File System Check on Root Device being skipped.
[   10.572792] systemd[1]: Starting Journal Service...
[   10.601292] systemd[1]: Starting Load Kernel Modules...
[   10.610341] systemd[1]: Starting Remount Root and Kernel File Systems...
[   10.622606] systemd[1]: Starting udev Coldplug all Devices...
[   10.633053] systemd[1]: Mounted Huge Pages File System.
[   10.634771] systemd[1]: Mounted POSIX Message Queue File System.
[   10.636199] systemd[1]: Mounted Kernel Debug File System.
[   10.637643] systemd[1]: Mounted Kernel Trace File System.
[   10.645439] systemd[1]: Finished Availability of block devices.
[   10.652410] systemd[1]: Finished Wait for network to be configured by ifupdown.
[   10.658864] systemd[1]: Finished Create list of static device nodes for the current kernel.
[   10.661935] systemd[1]: modprobe@drm.service: Succeeded.
[   10.666315] systemd[1]: Finished Load Kernel Module drm.
[   10.697027] systemd[1]: Finished Load Kernel Modules.
[   10.701784] systemd[1]: Condition check resulted in FUSE Control File System being skipped.
[   10.702520] systemd[1]: Condition check resulted in Kernel Configuration File System being skipped.
[   10.703476] EXT4-fs (vdiska2): re-mounted. Opts: errors=remount-ro
[   10.713168] systemd[1]: Starting Apply Kernel Variables...
[   10.735035] systemd[1]: Finished Remount Root and Kernel File Systems.
[   10.817043] systemd[1]: Starting Initial Check File System Quotas...
[   10.854351] systemd[1]: Condition check resulted in Rebuild Hardware Database being skipped.
[   10.854691] systemd[1]: Condition check resulted in Platform Persistent Storage Archival being skipped.
[   10.864442] systemd[1]: Starting Load/Save Random Seed...
[   10.876144] systemd[1]: Starting Create System Users...
[   10.878728] systemd[1]: Started Journal Service.
[   10.966388] systemd-journald[554]: Received client request to flush runtime journal.
[   12.657437] sha1_sparc64: Using sparc64 sha1 opcode optimized SHA-1 implementation
[   12.796240] n2rng v0.3 (Jan 7, 2017)
[   12.796332] n2rng f029b104: Registered RNG HVAPI major 2 minor 0
[   12.796411] n2rng f029b104: Found multi-unit-capable RNG, units: 2
[   12.797671] n2rng f029b104: RNG ready
[   12.868186] sha256_sparc64: Using sparc64 sha256 opcode optimized SHA-256/SHA-224 implementation
[   12.930694] ------------[ cut here ]------------
[   12.930780] WARNING: CPU: 22 PID: 668 at drivers/block/pktcdvd.c:2597 pkt_setup_dev+0x2e4/0x5a0 [pktcdvd]
[   12.930846] Attempt to register a non-SCSI queue
[   12.930883] Modules linked in: pktcdvd sha512_generic(+) cdrom sha512_sparc64(+) n2_rng rng_core flash sha256_sparc64 sha1_sparc64 nf_tables nfnetlink ip_tables x_tables ipv6 crc_ccitt nf_defrag_ipv6 autofs4 ext4 crc16 mbcache jbd2 raid10 raid456 async_raid6_recov async_memcpy async_pq async_xor xor async_tx raid6_pq raid1 raid0 multipath linear md_mod crc32c_sparc64
[   12.931146] CPU: 22 PID: 668 Comm: pktsetup Not tainted 5.3.0-rc8-00130-g36024fcf8d28 #82
[   12.931203] Call Trace:
[   12.931233]  [0000000000468280] __warn+0xc0/0x100
[   12.931271]  [00000000004682f4] warn_slowpath_fmt+0x34/0x60
[   12.931314]  [00000000104ab264] pkt_setup_dev+0x2e4/0x5a0 [pktcdvd]
[   12.931361]  [00000000104acd14] pkt_ctl_ioctl+0x94/0x240 [pktcdvd]
[   12.931410]  [00000000006ba7d0] do_vfs_ioctl+0x630/0x6e0
[   12.931450]  [00000000006ba8c8] ksys_ioctl+0x48/0x80
[   12.931489]  [00000000006ba914] sys_ioctl+0x14/0x40
[   12.931531]  [0000000000406294] linux_sparc_syscall+0x34/0x44
[   12.931575] irq event stamp: 3353
[   12.931612] hardirqs last  enabled at (3361): [<00000000004e4964>] console_unlock+0x644/0x6e0
[   12.931672] hardirqs last disabled at (3368): [<00000000004e4424>] console_unlock+0x104/0x6e0
[   12.931736] softirqs last  enabled at (0): [<00000000004658d0>] copy_process+0x450/0x18a0
[   12.931795] softirqs last disabled at (0): [<0000000000000000>] 0x0
[   12.931841] ---[ end trace f48de2bfd392963f ]---
[   12.932786] pktcdvd: setup of pktcdvd device failed
[   12.978625] pktcdvd: setup of pktcdvd device failed
[   12.982035] pktcdvd: setup of pktcdvd device failed
[   12.985084] pktcdvd: setup of pktcdvd device failed
[   12.988515] pktcdvd: setup of pktcdvd device failed
[   12.991251] pktcdvd: setup of pktcdvd device failed
[   12.994115] pktcdvd: setup of pktcdvd device failed
[   12.997821] pktcdvd: setup of pktcdvd device failed
[   13.063337] sha512_sparc64: Using sparc64 sha512 opcode optimized SHA-512/SHA-384 implementation
[   13.081319] md5_sparc64: Using sparc64 md5 opcode optimized MD5 implementation
[   13.371927] XFS (dm-0): Mounting V5 Filesystem
[   13.423515] Adding 787176k swap on /dev/vdiska4.  Priority:-2 extents:1 across:787176k FS
[   13.561301] XFS (dm-0): Ending clean mount
[   13.927336] EXT4-fs (vdiska1): mounting ext3 file system using the ext4 subsystem
[   14.301320] EXT4-fs (vdiska1): mounted filesystem with ordered data mode. Opts: (null)
[   15.735128] Kernel unaligned access at TPC[85f5b8] aa_dfa_unpack+0x38/0x5c0
[   15.735327] Kernel unaligned access at TPC[85f5d8] aa_dfa_unpack+0x58/0x5c0
[   15.735382] Kernel unaligned access at TPC[85f6a0] aa_dfa_unpack+0x120/0x5c0
[   15.735440] Kernel unaligned access at TPC[85f780] aa_dfa_unpack+0x200/0x5c0
[   15.735495] Kernel unaligned access at TPC[85f794] aa_dfa_unpack+0x214/0x5c0
[   16.397745] random: crng init done
[   16.397798] random: 6 urandom warning(s) missed due to ratelimiting
