[    0.000019] PROMLIB: Sun IEEE Boot Prom 'OBP 4.38.12 2018/03/28 14:54'
[    0.000030] PROMLIB: Root node compatible: sun4v
[    0.000074] Linux version 5.3.0-rc8-00024-gad32b4800c2b-dirty (mator@ttip.nvglabs.local) (gcc version 9.2.1 20190905 (Debian 9.2.1-7)) #1213 SMP Thu Sep 12 13:40:17 MSK 2019
[    0.000400] printk: bootconsole [earlyprom0] enabled
[    0.000453] ARCH: SUN4V
[    0.000503] Ethernet address: 00:14:4f:fa:06:f2
[    0.000557] MM: PAGE_OFFSET is 0xfff8000000000000 (max_phys_bits == 47)
[    0.000623] MM: VMALLOC [0x0000000100000000 --> 0x0006000000000000]
[    0.000685] MM: VMEMMAP [0x0006000000000000 --> 0x000c000000000000]
[    0.012523] Kernel: Using 5 locked TLB entries for main kernel image.
[    0.012592] Remapping the kernel... 
[    0.012616] done.
[    0.046943] OF stdout device is: /virtual-devices@100/console@1
[    0.047006] PROM: Built device tree with 87467 bytes of memory.
[    0.047066] MDESC: Size is 37248 bytes.
[    0.047183] PLATFORM: banner-name [SPARC T5-2]
[    0.047233] PLATFORM: name [ORCL,SPARC-T5-2]
[    0.047279] PLATFORM: hostid [84fa06f2]
[    0.047322] PLATFORM: serial# [0035260e]
[    0.047366] PLATFORM: stick-frequency [3b9aca00]
[    0.047414] PLATFORM: mac-address [144ffa06f2]
[    0.047461] PLATFORM: watchdog-resolution [1000 ms]
[    0.047512] PLATFORM: watchdog-max-timeout [31536000000 ms]
[    0.047567] PLATFORM: max-cpus [1024]
[    0.047636] Top of RAM: 0x24af938000, Total RAM: 0x87f354000
[    0.047697] Memory hole size: 115461MB
[    0.099006] kmemleak: Kernel memory leak detector disabled
[    0.274248] Allocated 35708928 bytes for kernel page tables.
[    0.274327] Zone ranges:
[    0.274366]   Normal   [mem 0x0000000030400000-0x00000024af937fff]
[    0.274431] Movable zone start for each node
[    0.274475] Early memory node ranges
[    0.274514]   node   0: [mem 0x0000000030400000-0x000000006fe7ffff]
[    0.274578]   node   0: [mem 0x000000006ff00000-0x000000006ff25fff]
[    0.274639]   node   0: [mem 0x0000000070000000-0x000000042fffffff]
[    0.274701]   node   0: [mem 0x0000002030000000-0x00000024af87ffff]
[    0.274765]   node   0: [mem 0x00000024af900000-0x00000024af925fff]
[    0.274827]   node   0: [mem 0x00000024af930000-0x00000024af937fff]
[    0.282191] Zeroed struct page in unavailable ranges: 230130 pages
[    0.282199] Initmem setup node 0 [mem 0x0000000030400000-0x00000024af937fff]
[    0.282357] On node 0 totalpages: 4454826
[    0.282366]   Normal zone: 39154 pages used for memmap
[    0.282371]   Normal zone: 0 pages reserved
[    0.282377]   Normal zone: 4454826 pages, LIFO batch:31
[    0.291001] Booting Linux...
[    0.291087] CPU CAPS: [flush,stbar,swap,muldiv,v9,blkinit,n2,mul32]
[    0.291169] CPU CAPS: [div32,v8plus,popc,vis,vis2,ASIBlkInit,fmaf,vis3]
[    0.291248] CPU CAPS: [hpc,ima,pause,cbcond,aes,des,kasumi,camellia]
[    0.291322] CPU CAPS: [md5,sha1,sha256,sha512,mpmul,montmul,montsqr,crc32c]
[    0.324411] percpu: Embedded 27 pages/cpu s180424 r8192 d32568 u262144
[    0.324644] pcpu-alloc: s180424 r8192 d32568 u262144 alloc=1*4194304
[    0.324652] pcpu-alloc: [0] 000 001 002 003 004 005 006 007 008 009 010 011 012 013 014 015 
[    0.324679] pcpu-alloc: [0] 016 017 018 019 020 021 022 023 024 025 026 027 028 029 030 031 
[    0.324707] pcpu-alloc: [0] 032 033 034 035 036 037 038 039 040 041 042 043 044 045 046 047 
[    0.324734] pcpu-alloc: [0] 048 049 050 051 052 053 054 055 056 057 058 059 060 061 062 063 
[    0.324761] pcpu-alloc: [0] 064 065 066 067 068 069 070 071 072 073 074 075 076 077 078 079 
[    0.324788] pcpu-alloc: [0] 080 081 082 083 084 085 086 087 088 089 090 091 092 093 094 095 
[    0.324816] pcpu-alloc: [0] 096 097 098 099 100 101 102 103 104 105 106 107 108 109 110 111 
[    0.324843] pcpu-alloc: [0] 112 113 114 115 116 117 118 119 120 121 122 123 124 125 126 127 
[    0.325365] SUN4V: Mondo queue sizes [cpu(131072) dev(16384) r(8192) nr(256)]
[    0.325810] Built 1 zonelists, mobility grouping on.  Total pages: 4415672
[    0.325898] Kernel command line: BOOT_IMAGE=/vmlinux-5.3.0-rc8-00024-gad32b4800c2b-dirty root=/dev/vdiska2 ro zswap.enabled=1
[    0.328306] printk: log_buf_len individual max cpu contribution: 4096 bytes
[    0.328376] printk: log_buf_len total cpu_extra contributions: 520192 bytes
[    0.328443] printk: log_buf_len min size: 131072 bytes
[    0.328762] printk: log_buf_len: 1048576 bytes
[    0.328813] printk: early log buf free: 126544(96%)
[    0.338426] Dentry cache hash table entries: 8388608 (order: 13, 67108864 bytes, linear)
[    0.343321] Inode-cache hash table entries: 4194304 (order: 12, 33554432 bytes, linear)
[    0.343401] Sorting __ex_table...
[    0.343629] mem auto-init: stack:off, heap alloc:off, heap free:off
[    0.404192] Memory: 1305232K/35638608K available (7294K kernel code, 957K rwdata, 2168K rodata, 1016K init, 6668K bss, 539120K reserved, 0K cma-reserved)
[    0.408151] SLUB: HWalign=32, Order=0-3, MinObjects=0, CPUs=128, Nodes=1
[    0.409719] ftrace: allocating 21240 entries in 42 pages
[    0.422555] Running RCU self tests
[    0.422601] rcu: Hierarchical RCU implementation.
[    0.422653] rcu: 	RCU event tracing is enabled.
[    0.422700] rcu: 	RCU lockdep checking is enabled.
[    0.422751] 	Tasks RCU enabled.
[    0.422788] rcu: RCU calculated value of scheduler-enlistment delay is 10 jiffies.
[    0.427596] NR_IRQS: 2048, nr_irqs: 2048, preallocated irqs: 1
[    0.427802] SUN4V: Using IRQ API major 3, cookie only virqs enabled
[    0.431373] clocksource: stick: mask: 0xffffffffffffffff max_cycles: 0x1cd42e4dffb, max_idle_ns: 881590591483 ns
[    0.431503] clocksource: mult[800000] shift[23]
[    0.431552] clockevent: mult[80000000] shift[31]
[    0.433122] Console: colour dummy device 80x25
[    0.433186] printk: console [tty0] enabled
[    0.433261] printk: bootconsole [earlyprom0] disabled
[    0.433345] Lock dependency validator: Copyright (c) 2006 Red Hat, Inc., Ingo Molnar
[    0.433393] ... MAX_LOCKDEP_SUBCLASSES:  8
[    0.433423] ... MAX_LOCK_DEPTH:          48
[    0.433453] ... MAX_LOCKDEP_KEYS:        8192
[    0.433483] ... CLASSHASH_SIZE:          4096
[    0.433514] ... MAX_LOCKDEP_ENTRIES:     16384
[    0.433545] ... MAX_LOCKDEP_CHAINS:      32768
[    0.433576] ... CHAINHASH_SIZE:          16384
[    0.433607]  memory used by lock dependency info: 3855 kB
[    0.433642]  per task-struct memory footprint: 1920 bytes
[    0.433974] kmemleak: Early log buffer exceeded (2001), please increase DEBUG_KMEMLEAK_EARLY_LOG_SIZE
[    0.581768] Calibrating delay using timer specific routine.. 2003.74 BogoMIPS (lpj=10018701)
[    0.581823] pid_max: default: 131072 minimum: 1024
[    0.583835] LSM: Security Framework initializing
[    0.584522] Smack:  Initializing.
[    0.584549] Smack:  IPv6 port labeling enabled.
[    0.585528] Mount-cache hash table entries: 131072 (order: 7, 1048576 bytes, linear)
[    0.585763] Mountpoint-cache hash table entries: 131072 (order: 7, 1048576 bytes, linear)
[    0.588760] *** VALIDATE proc ***
[    0.590224] *** VALIDATE cgroup1 ***
[    0.590256] *** VALIDATE cgroup2 ***
[    0.593499] rcu: Hierarchical SRCU implementation.
[    0.601544] smp: Bringing up secondary CPUs ...
[    0.651255] smp: Brought up 1 node, 32 CPUs
[    0.840356] node 0 initialised, 4224282 pages in 180ms
[    0.842184] devtmpfs: initialized
[    0.846850] Performance events: 
[    0.846900] Testing NMI watchdog ... 
[    1.047106] OK.
[    1.047246] Supported PMU type is 'niagara5'
[    1.047637] random: get_random_u32 called from bucket_table_alloc.isra.0+0x188/0x1c0 with crng_init=0
[    1.048322] ldc.c:v1.1 (July 22, 2008)
[    1.050872] clocksource: jiffies: mask: 0xffffffff max_cycles: 0xffffffff, max_idle_ns: 19112604462750000 ns
[    1.050964] futex hash table entries: 32768 (order: 9, 4194304 bytes, linear)
[    1.059090] NET: Registered protocol family 16
[    1.067271] VIO: Adding device channel-devices (tx_ino = ffffffffffffffff, rx_ino = ffffffffffffffff)
[    1.067498] VIO: Adding device vnet-port-0-0 (tx_ino = 0, rx_ino = 1)
[    1.067692] VIO: Adding device vnet-port-0-1 (tx_ino = 2, rx_ino = 3)
[    1.067864] VIO: Adding device vnet-port-0-2 (tx_ino = 4, rx_ino = 5)
[    1.068028] VIO: Adding device vnet-port-0-4 (tx_ino = 8, rx_ino = 9)
[    1.068191] VIO: Adding device vnet-port-0-5 (tx_ino = a, rx_ino = b)
[    1.068358] VIO: Adding device vnet-port-0-6 (tx_ino = c, rx_ino = d)
[    1.068522] VIO: Adding device vnet-port-0-3 (tx_ino = 6, rx_ino = 7)
[    1.068685] VIO: Adding device vdc-port-3-0 (tx_ino = e, rx_ino = f)
[    1.068852] VIO: Adding device vdc-port-2-0 (tx_ino = 10, rx_ino = 11)
[    1.069014] VIO: Adding device vdc-port-1-0 (tx_ino = 12, rx_ino = 13)
[    1.069178] VIO: Adding device vdc-port-0-0 (tx_ino = 14, rx_ino = 15)
[    1.069346] VIO: Adding device vdc-port-4-0 (tx_ino = 16, rx_ino = 17)
[    1.069508] VIO: Adding device vlds-port-0-0 (tx_ino = 18, rx_ino = 19)
[    1.069674] VIO: Adding device domain-services-port-0 (tx_ino = 18, rx_ino = 19)
[    1.070089] audit: initializing netlink subsys (disabled)
[    1.070394] audit: type=2000 audit(0.630:1): state=initialized audit_enabled=0 res=1
[    1.096941] HugeTLB registered 64.0 KiB page size, pre-allocated 0 pages
[    1.096990] HugeTLB registered 8.00 MiB page size, pre-allocated 0 pages
[    1.097034] HugeTLB registered 256 MiB page size, pre-allocated 0 pages
[    1.097079] HugeTLB registered 2.00 GiB page size, pre-allocated 0 pages
[    1.123341] alg: No test for lzo-rle (lzo-rle-generic)
[    1.123828] alg: No test for lzo-rle (lzo-rle-scomp)
[    1.156219] NetLabel: Initializing
[    1.156252] NetLabel:  domain hash size = 128
[    1.156285] NetLabel:  protocols = UNLABELED CIPSOv4 CALIPSO
[    1.156412] NetLabel:  unlabeled traffic allowed by default
[    1.157466] SUN4V: Reboot data supported (maj=1,min=0).
[    1.158097] ds.c:v1.0 (Jul 11, 2007)
[    1.158519] ds-0: ds_conn_reset() from send_events.isra.0
[    1.160045] clocksource: Switched to clocksource stick
[    1.389942] VFS: Disk quotas dquot_6.6.0
[    1.390726] VFS: Dquot-cache hash table entries: 1024 (order 0, 8192 bytes)
[    1.391080] *** VALIDATE hugetlbfs ***
[    1.408093] NET: Registered protocol family 2
[    1.411458] tcp_listen_portaddr_hash hash table entries: 32768 (order: 8, 2359296 bytes, linear)
[    1.414658] TCP established hash table entries: 524288 (order: 9, 4194304 bytes, linear)
[    1.416870] TCP bind hash table entries: 65536 (order: 9, 4194304 bytes, linear)
[    1.422768] TCP: Hash tables configured (established 524288 bind 65536)
[    1.425723] UDP hash table entries: 32768 (order: 9, 5242880 bytes, linear)
[    1.432642] UDP-Lite hash table entries: 32768 (order: 9, 5242880 bytes, linear)
[    1.442617] NET: Registered protocol family 1
[    1.442682] NET: Registered protocol family 44
[    1.444276] Trying to unpack rootfs image as initramfs...
[    1.748193] Freeing initrd memory: 10424K
[    1.764426] workingset: timestamp_bits=46 max_order=23 bucket_order=0
[    1.786887] SGI XFS with ACLs, security attributes, debug enabled
[    1.812879] Block layer SCSI generic (bsg) driver version 0.4 loaded (major 252)
[    1.813956] io scheduler mq-deadline registered
[    1.817338] f029b788: ttyHV0 at I/O 0x0 (irq = 1, base_baud = 115200) is a SUN4V HCONS
[    1.824090] printk: console [ttyHV0] enabled
[    1.828039] sunvdc.c:v1.2 (November 24, 2014)
[    1.831871] sunvdc: Virtual CDROM vdiskd
[    1.831914] sunvdc: vdiskd: 403160 sectors (196 MB) protocol 1.2
[    1.833255]  vdiskd: vdiskd1 vdiskd2 vdiskd3 vdiskd4 vdiskd5 vdiskd6 vdiskd7
[    1.859954] sunvdc: Virtual Hard disk vdiskc
[    1.860003] sunvdc: vdiskc: 104857600 sectors (51200 MB) protocol 1.2
[    1.896326] sunvdc: Virtual Hard disk vdiskb
[    1.896366] sunvdc: vdiskb: 62914560 sectors (30720 MB) protocol 1.2
[    1.897103]  vdiskb: vdiskb1
[    1.921093] sunvdc: Virtual Hard disk vdiska
[    1.921133] sunvdc: vdiska: 31457280 sectors (15360 MB) protocol 1.2
[    1.922134]  vdiska: vdiska1 vdiska2 vdiska3 vdiska4
[    1.947126] sunvdc: Virtual Hard disk vdiske
[    1.947166] sunvdc: vdiske: 20971520 sectors (10240 MB) protocol 1.2
[    1.972386]  vdiske: vdiske1 vdiske2 vdiske3
[    1.993279] sunvnet: sunvnet 2.0 (February 3, 2017)
[    1.995666] vnet_port vnet-port-0-0 eth0: Sun LDOM vnet 00:14:4f:f8:12:a3
[    1.995897] sunvnet: eth0: PORT ( remote-mac 00:14:4f:fa:f3:f0 switch-port )
[    1.996523] sunvnet: eth0: PORT ( remote-mac 00:14:4f:f8:e5:f3 )
[    1.997177] sunvnet: eth0: PORT ( remote-mac 00:14:4f:f9:b4:97 )
[    1.997801] sunvnet: eth0: PORT ( remote-mac 00:14:4f:f8:3f:1e )
[    1.998414] sunvnet: eth0: PORT ( remote-mac 00:14:4f:f8:fe:47 )
[    1.999030] sunvnet: eth0: PORT ( remote-mac 00:14:4f:f9:8b:83 )
[    1.999661] sunvnet: eth0: PORT ( remote-mac 00:14:4f:f9:6c:d1 )
[    2.000987] rtc-sun4v rtc-sun4v: registered as rtc0
[    2.001569] sun4v_wdt: initialized (timeout=60s, nowayout=0)
[    2.001969] device-mapper: uevent: version 1.0.3
[    2.003007] device-mapper: ioctl: 4.40.0-ioctl (2019-01-18) initialised: dm-devel@redhat.com
[    2.004265] NET: Registered protocol family 17
[    2.005564] registered taskstats version 1
[    2.013508] zswap: default zpool zbud not available
[    2.013560] zswap: pool creation failed
[    2.053375] Key type big_key registered
[    2.054282] rtc-sun4v rtc-sun4v: setting system clock to 2019-09-12T10:42:55 UTC (1568284975)
[    2.058473] This architecture does not have kernel memory protection.
[    2.058521] Run /init as init process
[    2.610661] crc32c_sparc64: Using sparc64 crc32c opcode optimized CRC32C implementation
[    2.668343] random: fast init done
[    3.039929] raid6: int64x8  gen()  2178 MB/s
[    3.209936] raid6: int64x8  xor()  1573 MB/s
[    3.379940] raid6: int64x4  gen()  3474 MB/s
[    3.549937] raid6: int64x4  xor()  2012 MB/s
[    3.719928] raid6: int64x2  gen()  3118 MB/s
[    3.889922] raid6: int64x2  xor()  2002 MB/s
[    4.059927] raid6: int64x1  gen()  2756 MB/s
[    4.229926] raid6: int64x1  xor()  1656 MB/s
[    4.229963] raid6: using algorithm int64x4 gen() 3474 MB/s
[    4.230003] raid6: .... xor() 2012 MB/s, rmw enabled
[    4.230043] raid6: using intx1 recovery algorithm
[    4.230934] async_tx: api initialized (async)
[    4.231552] xor: automatically using best checksumming function   Niagara   
[    4.480032] EXT4-fs (vdiska2): mounted filesystem with ordered data mode. Opts: (null)
[    6.426767] systemd[1]: Inserted module 'autofs4'
[    6.489839] NET: Registered protocol family 10
[    6.496441] Segment Routing with IPv6
[    6.543236] systemd[1]: systemd 242 running in system mode. (+PAM +AUDIT +SELINUX +IMA +APPARMOR +SMACK +SYSVINIT +UTMP +LIBCRYPTSETUP +GCRYPT +GNUTLS +ACL +XZ +LZ4 -SECCOMP +BLKID +ELFUTILS +KMOD +IDN2 -IDN +PCRE2 default-hierarchy=hybrid)
[    6.543777] systemd[1]: Detected architecture sparc64.
[    6.593490] systemd[1]: Set hostname to <ttip.nvglabs.local>.
[    6.601474] systemd[1]: Failed to bump fs.file-max, ignoring: Invalid argument
[    7.619241] random: lvmconfig: uninitialized urandom read (4 bytes read)
[    9.034099] systemd[1]: /lib/systemd/system/dbus.socket:4: ListenStream= references a path below legacy directory /var/run/, updating /var/run/dbus/system_bus_socket → /run/dbus/system_bus_socket; please update the unit file accordingly.
[    9.380942] systemd[1]: /lib/systemd/system/pcscd.socket:4: ListenStream= references a path below legacy directory /var/run/, updating /var/run/pcscd/pcscd.comm → /run/pcscd/pcscd.comm; please update the unit file accordingly.
[    9.441495] random: systemd: uninitialized urandom read (16 bytes read)
[    9.441595] systemd[1]: Reached target Remote File Systems.
[    9.442632] random: systemd: uninitialized urandom read (16 bytes read)
[    9.443660] systemd[1]: Listening on Journal Socket (/dev/log).
[    9.444168] random: systemd: uninitialized urandom read (16 bytes read)
[    9.444738] systemd[1]: Started Dispatch Password Requests to Console Directory Watch.
[    9.455490] systemd[1]: Created slice system-postfix.slice.
[    9.630468] EXT4-fs (vdiska2): re-mounted. Opts: errors=remount-ro
[    9.895892] systemd-journald[469]: Received request to flush runtime journal from PID 1
[   11.398285] sha1_sparc64: Using sparc64 sha1 opcode optimized SHA-1 implementation
[   11.433655] sha256_sparc64: Using sparc64 sha256 opcode optimized SHA-256/SHA-224 implementation
[   11.458054] sha512_sparc64: Using sparc64 sha512 opcode optimized SHA-512/SHA-384 implementation
[   11.460004] md5_sparc64: Using sparc64 md5 opcode optimized MD5 implementation
[   11.485469] aes_sparc64: Using sparc64 aes opcodes optimized AES implementation
[   11.574093] des_sparc64: Using sparc64 des opcodes optimized DES implementation
[   11.574453] n2rng v0.3 (Jan 7, 2017)
[   11.574557] n2rng f029b104: Registered RNG HVAPI major 2 minor 0
[   11.574658] n2rng f029b104: Found multi-unit-capable RNG, units: 2
[   11.575948] n2rng f029b104: RNG ready
[   11.625878] camellia_sparc64: Using sparc64 camellia opcodes optimized CAMELLIA implementation
[   11.693179] ------------[ cut here ]------------
[   11.693258] WARNING: CPU: 20 PID: 605 at drivers/block/pktcdvd.c:2597 pkt_setup_dev+0x2e4/0x5a0 [pktcdvd]
[   11.693323] Attempt to register a non-SCSI queue
[   11.693360] Modules linked in: pktcdvd cdrom camellia_sparc64 des_sparc64 n2_rng des_generic rng_core flash aes_sparc64 md5_sparc64 sha512_sparc64 sha256_sparc64 sha1_sparc64 ip_tables x_tables ipv6 crc_ccitt nf_defrag_ipv6 autofs4 ext4 crc16 mbcache jbd2 raid10 raid456 async_raid6_recov async_memcpy async_pq async_xor xor async_tx raid6_pq raid1 raid0 multipath linear md_mod crc32c_sparc64
[   11.693648] CPU: 20 PID: 605 Comm: pktsetup Not tainted 5.3.0-rc8-00024-gad32b4800c2b-dirty #1213
[   11.693709] Call Trace:
[   11.693742]  [0000000000463ee0] __warn+0xc0/0x100
[   11.693781]  [0000000000463f54] warn_slowpath_fmt+0x34/0x60
[   11.693824]  [0000000010505244] pkt_setup_dev+0x2e4/0x5a0 [pktcdvd]
[   11.693871]  [0000000010506cf4] pkt_ctl_ioctl+0x94/0x220 [pktcdvd]
[   11.693919]  [00000000006b5ee8] do_vfs_ioctl+0x628/0x6e0
[   11.693959]  [00000000006b5fe8] ksys_ioctl+0x48/0x80
[   11.693997]  [00000000006b6034] sys_ioctl+0x14/0x40
[   11.694039]  [0000000000406294] linux_sparc_syscall+0x34/0x44
[   11.694081] irq event stamp: 4323
[   11.694115] hardirqs last  enabled at (4331): [<00000000004dfe54>] console_unlock+0x634/0x6c0
[   11.694174] hardirqs last disabled at (4338): [<00000000004df920>] console_unlock+0x100/0x6c0
[   11.694237] softirqs last  enabled at (3888): [<0000000000b23798>] __do_softirq+0x498/0x520
[   11.694298] softirqs last disabled at (3879): [<000000000042cfb4>] do_softirq_own_stack+0x34/0x60
[   11.694358] ---[ end trace 40000ebc6e9ab8b2 ]---
[   11.695148] pktcdvd: setup of pktcdvd device failed
[   11.738724] pktcdvd: setup of pktcdvd device failed
[   11.744739] pktcdvd: setup of pktcdvd device failed
[   11.747941] pktcdvd: setup of pktcdvd device failed
[   11.751022] pktcdvd: setup of pktcdvd device failed
[   11.754076] pktcdvd: setup of pktcdvd device failed
[   11.756905] pktcdvd: setup of pktcdvd device failed
[   11.759735] pktcdvd: setup of pktcdvd device failed
[   13.236863] XFS (dm-0): Mounting V5 Filesystem
[   13.651702] XFS (dm-0): Ending clean mount
[   15.109980] Adding 787176k swap on /dev/vdiska4.  Priority:-2 extents:1 across:787176k FS
[   15.523793] EXT4-fs (vdiska1): mounting ext3 file system using the ext4 subsystem
[   15.549786] EXT4-fs (vdiska1): mounted filesystem with ordered data mode. Opts: (null)
[   16.341471] random: crng init done
[   16.341521] random: 6 urandom warning(s) missed due to ratelimiting
[   18.635165] tun: Universal TUN/TAP device driver, 1.6

[   19.320419] ======================================================
[   19.320426] WARNING: possible circular locking dependency detected
[   19.320436] 5.3.0-rc8-00024-gad32b4800c2b-dirty #1213 Tainted: G        W        
[   19.320444] ------------------------------------------------------
[   19.320452] iptables-restor/929 is trying to acquire lock:
[   19.320461] 000000003f384d8f (&table[i].mutex){+.+.}, at: nfnl_lock+0x24/0x40 [nfnetlink]
[   19.320483] 
               but task is already holding lock:
[   19.320490] 00000000225b8fc9 (&net->nft.commit_mutex){+.+.}, at: nf_tables_valid_genid+0x10/0x60 [nf_tables]
[   19.320512] 
               which lock already depends on the new lock.

[   19.320520] 
               the existing dependency chain (in reverse order) is:
[   19.320527] 
               -> #1 (&net->nft.commit_mutex){+.+.}:
[   19.320545]        __mutex_lock+0xa8/0x960
[   19.320553]        mutex_lock_nested+0x1c/0x40
[   19.320562]        nf_tables_valid_genid+0x10/0x60 [nf_tables]
[   19.320571]        nfnetlink_rcv_batch+0x244/0x620 [nfnetlink]
[   19.320579]        nfnetlink_rcv+0x110/0x140 [nfnetlink]
[   19.320589]        netlink_unicast+0x128/0x200
[   19.320596]        netlink_sendmsg+0x334/0x380
[   19.320606]        sock_sendmsg+0x34/0x80
[   19.320612]        ___sys_sendmsg+0x234/0x260
[   19.320620]        __sys_sendmsg+0x48/0x80
[   19.320626]        sys_sendmsg+0x18/0x40
[   19.320637]        linux_sparc_syscall+0x34/0x44
[   19.320642] 
               -> #0 (&table[i].mutex){+.+.}:
[   19.320658]        __lock_acquire+0x1ca0/0x2720
[   19.320664]        lock_acquire+0x1a4/0x1c0
[   19.320671]        __mutex_lock+0xa8/0x960
[   19.320678]        mutex_lock_nested+0x1c/0x40
[   19.320685]        nfnl_lock+0x24/0x40 [nfnetlink]
[   19.320697]        ip_set_nfnl_get_byindex+0x18c/0x280 [ip_set]
[   19.320706]        set_match_v1_checkentry+0x14/0xc0 [xt_set]
[   19.320718]        xt_check_match+0x23c/0x280 [x_tables]
[   19.320728]        __nft_match_init+0x160/0x180 [nft_compat]
[   19.320736]        nft_match_init+0x18/0x40 [nft_compat]
[   19.320746]        nf_tables_newrule+0x504/0x780 [nf_tables]
[   19.320754]        nfnetlink_rcv_batch+0x3ec/0x620 [nfnetlink]
[   19.320761]        nfnetlink_rcv+0x110/0x140 [nfnetlink]
[   19.320769]        netlink_unicast+0x128/0x200
[   19.320776]        netlink_sendmsg+0x334/0x380
[   19.320782]        sock_sendmsg+0x34/0x80
[   19.320789]        ___sys_sendmsg+0x234/0x260
[   19.320795]        __sys_sendmsg+0x48/0x80
[   19.320802]        sys_sendmsg+0x18/0x40
[   19.320808]        linux_sparc_syscall+0x34/0x44
[   19.320814] 
               other info that might help us debug this:

[   19.320822]  Possible unsafe locking scenario:

[   19.320829]        CPU0                    CPU1
[   19.320834]        ----                    ----
[   19.320839]   lock(&net->nft.commit_mutex);
[   19.320846]                                lock(&table[i].mutex);
[   19.320854]                                lock(&net->nft.commit_mutex);
[   19.320862]   lock(&table[i].mutex);
[   19.320868] 
                *** DEADLOCK ***

[   19.320876] 1 lock held by iptables-restor/929:
[   19.320881]  #0: 00000000225b8fc9 (&net->nft.commit_mutex){+.+.}, at: nf_tables_valid_genid+0x10/0x60 [nf_tables]
[   19.320898] 
               stack backtrace:
[   19.320906] CPU: 11 PID: 929 Comm: iptables-restor Tainted: G        W         5.3.0-rc8-00024-gad32b4800c2b-dirty #1213
[   19.320916] Call Trace:
[   19.320923]  [00000000004cffa0] print_circular_bug+0x300/0x320
[   19.320930]  [00000000004d01cc] check_noncircular+0x20c/0x220
[   19.320938]  [00000000004d4f60] __lock_acquire+0x1ca0/0x2720
[   19.320945]  [00000000004d6344] lock_acquire+0x1a4/0x1c0
[   19.320952]  [0000000000b1bf28] __mutex_lock+0xa8/0x960
[   19.320960]  [0000000000b1c7fc] mutex_lock_nested+0x1c/0x40
[   19.320967]  [000000001051e024] nfnl_lock+0x24/0x40 [nfnetlink]
[   19.320976]  [000000001052a82c] ip_set_nfnl_get_byindex+0x18c/0x280 [ip_set]
[   19.320984]  [00000000105a45b4] set_match_v1_checkentry+0x14/0xc0 [xt_set]
[   19.320994]  [000000001031ae5c] xt_check_match+0x23c/0x280 [x_tables]
[   19.321002]  [0000000010592c40] __nft_match_init+0x160/0x180 [nft_compat]
[   19.321010]  [0000000010592cf8] nft_match_init+0x18/0x40 [nft_compat]
[   19.321020]  [000000001055b804] nf_tables_newrule+0x504/0x780 [nf_tables]
[   19.321029]  [000000001051f1cc] nfnetlink_rcv_batch+0x3ec/0x620 [nfnetlink]
[   19.321037]  [000000001051f510] nfnetlink_rcv+0x110/0x140 [nfnetlink]
[   19.321045]  [0000000000a18d68] netlink_unicast+0x128/0x200
