[    0.000019] PROMLIB: Sun IEEE Boot Prom 'OBP 4.38.17 2019/01/25 08:22'
[    0.000023] PROMLIB: Root node compatible: sun4v
[    0.000058] Linux version 5.10.0-rc7-00034-ga2f5ea9e314b (mator@ttip) (gcc (Debian 10.2.1-1) 10.2.1 20201207, GNU ld (GNU Binutils for Debian) 2.35.1) #151 SMP Thu Dec 10 16:31:40 MSK 2020
[    0.000347] printk: bootconsole [earlyprom0] enabled
[    0.000393] ARCH: SUN4V
[    0.000433] Ethernet address: 00:14:4f:fa:06:f2
[    0.000479] MM: PAGE_OFFSET is 0xfff8000000000000 (max_phys_bits == 47)
[    0.000536] MM: VMALLOC [0x0000000100000000 --> 0x0006000000000000]
[    0.000591] MM: VMEMMAP [0x0006000000000000 --> 0x000c000000000000]
[    0.012854] Kernel: Using 4 locked TLB entries for main kernel image.
[    0.012917] Remapping the kernel... 
[    0.012937] done.
[    0.036711] OF stdout device is: /virtual-devices@100/console@1
[    0.036767] PROM: Built device tree with 65673 bytes of memory.
[    0.036820] MDESC: Size is 29712 bytes.
[    0.036913] PLATFORM: banner-name [SPARC T5-2]
[    0.036956] PLATFORM: name [ORCL,SPARC-T5-2]
[    0.036995] PLATFORM: hostid [84fa06f2]
[    0.037033] PLATFORM: serial# [0035260e]
[    0.037069] PLATFORM: stick-frequency [3b9aca00]
[    0.037112] PLATFORM: mac-address [144ffa06f2]
[    0.037153] PLATFORM: watchdog-resolution [1000 ms]
[    0.037198] PLATFORM: watchdog-max-timeout [31536000000 ms]
[    0.037247] PLATFORM: max-cpus [1024]
[    0.037327] Top of RAM: 0x2af948000, Total RAM: 0x27f384000
[    0.037381] Memory hole size: 773MB
[    0.038992] Allocated 24576 bytes for kernel page tables.
[    0.039063] Zone ranges:
[    0.039096]   Normal   [mem 0x0000000030400000-0x00000002af947fff]
[    0.039156] Movable zone start for each node
[    0.039197] Early memory node ranges
[    0.039230]   node   0: [mem 0x0000000030400000-0x000000006febffff]
[    0.039289]   node   0: [mem 0x000000006ff40000-0x000000006ff47fff]
[    0.039344]   node   0: [mem 0x0000000070000000-0x00000002af8b3fff]
[    0.039398]   node   0: [mem 0x00000002af940000-0x00000002af947fff]
[    0.045205] Zeroed struct page in unavailable ranges: 132670 pages
[    0.045211] Initmem setup node 0 [mem 0x0000000030400000-0x00000002af947fff]
[    0.045352] On node 0 totalpages: 1309122
[    0.045356]   Normal zone: 11508 pages used for memmap
[    0.045359]   Normal zone: 0 pages reserved
[    0.045362]   Normal zone: 1309122 pages, LIFO batch:31
[    0.089877] Booting Linux...
[    0.089950] CPU CAPS: [flush,stbar,swap,muldiv,v9,blkinit,n2,mul32]
[    0.090034] CPU CAPS: [div32,v8plus,popc,vis,vis2,ASIBlkInit,fmaf,vis3]
[    0.091116] CPU CAPS: [hpc,ima,pause,cbcond,aes,des,kasumi,camellia]
[    0.091188] CPU CAPS: [md5,sha1,sha256,sha512,mpmul,montmul,montsqr,crc32c]
[    0.139558] percpu: Embedded 19 pages/cpu s113880 r8192 d33576 u262144
[    0.139768] pcpu-alloc: s113880 r8192 d33576 u262144 alloc=1*4194304
[    0.139773] pcpu-alloc: [0] 000 001 002 003 004 005 006 007 008 009 010 011 012 013 014 015 
[    0.139808] pcpu-alloc: [0] 016 017 018 019 020 021 022 023 024 025 026 027 028 029 030 031 
[    0.139843] pcpu-alloc: [0] 032 033 034 035 036 037 038 039 040 041 042 043 044 045 046 047 
[    0.139877] pcpu-alloc: [0] 048 049 050 051 052 053 054 055 056 057 058 059 060 061 062 063 
[    0.139911] pcpu-alloc: [0] 064 065 066 067 068 069 070 071 072 073 074 075 076 077 078 079 
[    0.139946] pcpu-alloc: [0] 080 081 082 083 084 085 086 087 088 089 090 091 092 093 094 095 
[    0.139979] pcpu-alloc: [0] 096 097 098 099 100 101 102 103 104 105 106 107 108 109 110 111 
[    0.140014] pcpu-alloc: [0] 112 113 114 115 116 117 118 119 120 121 122 123 124 125 126 127 
[    0.140048] pcpu-alloc: [0] 128 129 130 131 132 133 134 135 136 137 138 139 140 141 142 143 
[    0.140082] pcpu-alloc: [0] 144 145 146 147 148 149 150 151 152 153 154 155 156 157 158 159 
[    0.140116] pcpu-alloc: [0] 160 161 162 163 164 165 166 167 168 169 170 171 172 173 174 175 
[    0.140150] pcpu-alloc: [0] 176 177 178 179 180 181 182 183 184 185 186 187 188 189 190 191 
[    0.140184] pcpu-alloc: [0] 192 193 194 195 196 197 198 199 200 201 202 203 204 205 206 207 
[    0.140217] pcpu-alloc: [0] 208 209 210 211 212 213 214 215 216 217 218 219 220 221 222 223 
[    0.140251] pcpu-alloc: [0] 224 225 226 227 228 229 230 231 232 233 234 235 236 237 238 239 
[    0.140285] pcpu-alloc: [0] 240 241 242 243 244 245 246 247 248 249 250 251 252 253 254 255 
[    0.140724] SUN4V: Mondo queue sizes [cpu(131072) dev(16384) r(8192) nr(256)]
[    0.141021] Built 1 zonelists, mobility grouping on.  Total pages: 1297614
[    0.141086] Kernel command line: BOOT_IMAGE=/vmlinux-5.10.0-rc7-00034-ga2f5ea9e314b root=/dev/vdiska2 ro zswap.enabled=1
[    0.142641] printk: log_buf_len individual max cpu contribution: 4096 bytes
[    0.142705] printk: log_buf_len total cpu_extra contributions: 1044480 bytes
[    0.142767] printk: log_buf_len min size: 131072 bytes
[    0.144572] printk: log_buf_len: 2097152 bytes
[    0.144617] printk: early log buf free: 126552(96%)
[    0.146270] Dentry cache hash table entries: 2097152 (order: 11, 16777216 bytes, linear)
[    0.147173] Inode-cache hash table entries: 1048576 (order: 10, 8388608 bytes, linear)
[    0.147243] Sorting __ex_table...
[    0.147492] mem auto-init: stack:off, heap alloc:off, heap free:off
[    0.167375] Memory: 10247568K/10472976K available (7947K kernel code, 1526K rwdata, 1952K rodata, 592K init, 413K bss, 225408K reserved, 0K cma-reserved)
[    0.167536] random: get_random_u64 called from __kmem_cache_create+0x20/0x520 with crng_init=0
[    0.168552] SLUB: HWalign=32, Order=0-3, MinObjects=0, CPUs=256, Nodes=1
[    0.168991] ftrace: allocating 24188 entries in 48 pages
[    0.178217] ftrace: allocated 48 pages with 2 groups
[    0.180752] rcu: Hierarchical RCU implementation.
[    0.180800] 	Trampoline variant of Tasks RCU enabled.
[    0.180845] 	Rude variant of Tasks RCU enabled.
[    0.180888] 	Tracing variant of Tasks RCU enabled.
[    0.180931] rcu: RCU calculated value of scheduler-enlistment delay is 26 jiffies.
[    0.185129] NR_IRQS: 2048, nr_irqs: 2048, preallocated irqs: 1
[    0.185199] SUN4V: Using IRQ API major 3, cookie only virqs enabled
[    0.187912] clocksource: stick: mask: 0xffffffffffffffff max_cycles: 0x1cd42e4dffb, max_idle_ns: 881590591483 ns
[    0.188032] clocksource: mult[800000] shift[23]
[    0.188073] clockevent: mult[80000000] shift[31]
[    0.188491] Console: colour dummy device 80x25
[    0.188539] printk: console [tty0] enabled
[    0.188579] printk: bootconsole [earlyprom0] disabled
[    0.268155] Calibrating delay using timer specific routine.. 2000.98 BogoMIPS (lpj=4001968)
[    0.268165] pid_max: default: 262144 minimum: 2048
[    0.268545] LSM: Security Framework initializing
[    0.268740] Mount-cache hash table entries: 32768 (order: 5, 262144 bytes, linear)
[    0.268776] Mountpoint-cache hash table entries: 32768 (order: 5, 262144 bytes, linear)
[    0.270432] rcu: Hierarchical SRCU implementation.
[    0.273461] smp: Bringing up secondary CPUs ...
[    0.281317] smp: Brought up 1 node, 24 CPUs
[    0.283108] devtmpfs: initialized
[    0.283894] Performance events: 
[    0.283914] Testing NMI watchdog ... 
[    0.363990] OK.
[    0.364010] Supported PMU type is 'niagara5'
[    0.364281] ldc.c:v1.1 (July 22, 2008)
[    0.364526] clocksource: jiffies: mask: 0xffffffff max_cycles: 0xffffffff, max_idle_ns: 7645041785100000 ns
[    0.364546] futex hash table entries: 65536 (order: 9, 4194304 bytes, linear)
[    0.366711] NET: Registered protocol family 16
[    0.367898] VIO: Adding device channel-devices (tx_ino = ffffffffffffffff, rx_ino = ffffffffffffffff)
[    0.367930] VIO: Adding device vnet-port-0-0 (tx_ino = 0, rx_ino = 1)
[    0.367952] VIO: Adding device vnet-port-0-1 (tx_ino = 2, rx_ino = 3)
[    0.367973] VIO: Adding device vnet-port-0-2 (tx_ino = 4, rx_ino = 5)
[    0.367994] VIO: Adding device vnet-port-0-3 (tx_ino = 6, rx_ino = 7)
[    0.368025] VIO: Adding device vnet-port-0-4 (tx_ino = 8, rx_ino = 9)
[    0.368047] VIO: Adding device vdc-port-2-0 (tx_ino = a, rx_ino = b)
[    0.368068] VIO: Adding device vdc-port-1-0 (tx_ino = c, rx_ino = d)
[    0.368088] VIO: Adding device vdc-port-0-0 (tx_ino = e, rx_ino = f)
[    0.368111] VIO: Adding device vlds-port-0-0 (tx_ino = 10, rx_ino = 11)
[    0.368134] VIO: Adding device domain-services-port-0 (tx_ino = 10, rx_ino = 11)
[    0.368213] audit: initializing netlink subsys (disabled)
[    0.368302] audit: type=2000 audit(0.180:1): state=initialized audit_enabled=0 res=1
[    0.373482] HugeTLB registered 64.0 KiB page size, pre-allocated 0 pages
[    0.373489] HugeTLB registered 8.00 MiB page size, pre-allocated 0 pages
[    0.373495] HugeTLB registered 256 MiB page size, pre-allocated 0 pages
[    0.373500] HugeTLB registered 2.00 GiB page size, pre-allocated 0 pages
[    0.938852] NetLabel: Initializing
[    0.938867] NetLabel:  domain hash size = 128
[    0.938871] NetLabel:  protocols = UNLABELED CIPSOv4 CALIPSO
[    0.938898] NetLabel:  unlabeled traffic allowed by default
[    0.939139] SUN4V: Reboot data supported (maj=1,min=0).
[    0.939242] ds.c:v1.0 (Jul 11, 2007)
[    0.939373] ds-0: ds_conn_reset() from send_events
[    0.939642] clocksource: Switched to clocksource stick
[    0.991323] VFS: Disk quotas dquot_6.6.0
[    0.991429] VFS: Dquot-cache hash table entries: 1024 (order 0, 8192 bytes)
[    0.994025] NET: Registered protocol family 2
[    0.995163] tcp_listen_portaddr_hash hash table entries: 8192 (order: 4, 131072 bytes, linear)
[    0.995260] TCP established hash table entries: 131072 (order: 7, 1048576 bytes, linear)
[    0.995738] TCP bind hash table entries: 65536 (order: 7, 1048576 bytes, linear)
[    0.996188] TCP: Hash tables configured (established 131072 bind 65536)
[    0.996707] UDP hash table entries: 8192 (order: 5, 262144 bytes, linear)
[    0.996830] UDP-Lite hash table entries: 8192 (order: 5, 262144 bytes, linear)
[    0.997773] NET: Registered protocol family 1
[    0.997786] NET: Registered protocol family 44
[    0.997905] Trying to unpack rootfs image as initramfs...
[    1.170519] Freeing initrd memory: 25016K
[    1.174600] Initialise system trusted keyrings
[    1.174625] Key type blacklist registered
[    1.174722] workingset: timestamp_bits=46 max_order=21 bucket_order=0
[    1.177383] zbud: loaded
[    1.178362] SGI XFS with ACLs, security attributes, realtime, quota, no debug enabled
[    1.180068] Key type asymmetric registered
[    1.180076] Asymmetric key parser 'x509' registered
[    1.180093] Block layer SCSI generic (bsg) driver version 0.4 loaded (major 252)
[    1.180348] io scheduler mq-deadline registered
[    1.180839] f029b788: ttyHV0 at I/O 0x0 (irq = 1, base_baud = 115200) is a SUN4V HCONS
[    1.181123] printk: console [ttyHV0] enabled
[    1.181932] sunvdc.c:v1.2 (November 24, 2014)
[    1.183560] sunvdc: Virtual Hard disk vdiskc
[    1.183568] sunvdc: vdiskc: 104857600 sectors (51200 MB) protocol 1.2
[    1.190125] sunvdc: Virtual Hard disk vdiskb
[    1.190135] sunvdc: vdiskb: 62914560 sectors (30720 MB) protocol 1.2
[    1.190508]  vdiskb: vdiskb1
[    1.196526] sunvdc: Virtual Hard disk vdiska
[    1.196535] sunvdc: vdiska: 31457280 sectors (15360 MB) protocol 1.2
[    1.196894]  vdiska: vdiska1 vdiska2 vdiska3 vdiska4
[    1.201930] Silicon Labs C2 port support v. 0.51.0 - (C) 2007 Rodolfo Giometti
[    1.202228] rtc-sun4v rtc-sun4v: registered as rtc0
[    1.202267] rtc-sun4v rtc-sun4v: setting system clock to 2020-12-10T15:36:48 UTC (1607614608)
[    1.202976] NET: Registered protocol family 10
[    1.216707] Segment Routing with IPv6
[    1.216753] mip6: Mobile IPv6
[    1.216762] NET: Registered protocol family 17
[    1.216895] registered taskstats version 1
[    1.216908] Loading compiled-in X.509 certificates
[    1.216997] zswap: loaded using pool lzo/zbud
[    1.218693] This architecture does not have kernel memory protection.
[    1.218705] Run /init as init process
[    1.218712]   with arguments:
[    1.218715]     /init
[    1.218718]   with environment:
[    1.218721]     HOME=/
[    1.218723]     TERM=linux
[    1.218726]     BOOT_IMAGE=/vmlinux-5.10.0-rc7-00034-ga2f5ea9e314b
[    1.382217] sunvnet_common: module verification failed: signature and/or required key missing - tainting kernel
[    1.383598] sunvnet: sunvnet 2.0 (February 3, 2017)
[    1.384639] vnet_port vnet-port-0-0 eth0: Sun LDOM vnet 00:14:4f:f8:12:a3
[    1.384733] sunvnet: eth0: PORT ( remote-mac 00:14:4f:fa:f3:f0 switch-port )
[    1.385005] sunvnet: eth0: PORT ( remote-mac 00:14:4f:f9:b4:97 )
[    1.385192] sunvnet: eth0: PORT ( remote-mac 00:14:4f:f8:e5:f3 )
[    1.385430] sunvnet: eth0: PORT ( remote-mac 00:14:4f:f8:3f:1e )
[    1.385604] sunvnet: eth0: PORT ( remote-mac 00:14:4f:f9:8b:83 )
[    1.392748] random: lvm: uninitialized urandom read (4 bytes read)
[    1.393654] crc32c_sparc64: Using sparc64 crc32c opcode optimized CRC32C implementation
[    1.411407] device-mapper: uevent: version 1.0.3
[    1.411548] device-mapper: ioctl: 4.43.0-ioctl (2020-10-01) initialised: dm-devel@redhat.com
[    1.413702] random: lvm: uninitialized urandom read (2 bytes read)
[    1.610972] xor: automatically using best checksumming function   Niagara   
[    1.679621] raid6: int64x8  gen()  2159 MB/s
[    1.747631] raid6: int64x8  xor()  1514 MB/s
[    1.815622] raid6: int64x4  gen()  3381 MB/s
[    1.883613] raid6: int64x4  xor()  1457 MB/s
[    1.951612] raid6: int64x2  gen()  3352 MB/s
[    2.019622] raid6: int64x2  xor()  1135 MB/s
[    2.087647] raid6: int64x1  gen()  1379 MB/s
[    2.155618] raid6: int64x1  xor()   711 MB/s
[    2.155635] raid6: using algorithm int64x4 gen() 3381 MB/s
[    2.155642] raid6: .... xor() 1457 MB/s, rmw enabled
[    2.155647] raid6: using intx1 recovery algorithm
[    2.224751] random: fast init done
[    2.249418] EXT4-fs (vdiska2): mounted filesystem with ordered data mode. Opts: (null)
[    2.453615] systemd[1]: Inserted module 'autofs4'
[    2.527260] systemd[1]: systemd 247.1-3 running in system mode. (+PAM +AUDIT +SELINUX +IMA +APPARMOR +SMACK +SYSVINIT +UTMP +LIBCRYPTSETUP +GCRYPT +GNUTLS +ACL +XZ +LZ4 +ZSTD -SECCOMP +BLKID +ELFUTILS +KMOD +IDN2 -IDN +PCRE2 default-hierarchy=hybrid)
[    2.527525] systemd[1]: Detected architecture sparc64.
[    2.569335] systemd[1]: Set hostname to <ttip>.
[    2.625418] systemd-sysv-generator[342]: SysV service '/etc/init.d/xinetd' lacks a native systemd unit file. Automatically generating a unit file for compatibility. Please update package to include a native systemd unit file, in order to make it more safe and robust.
[    2.635851] random: lvmconfig: uninitialized urandom read (4 bytes read)
[    2.640113] systemd-sysv-generator[342]: SysV service '/etc/init.d/rng-tools-debian' lacks a native systemd unit file. Automatically generating a unit file for compatibility. Please update package to include a native systemd unit file, in order to make it more safe and robust.
[    2.642284] systemd-sysv-generator[342]: SysV service '/etc/init.d/arpalert' lacks a native systemd unit file. Automatically generating a unit file for compatibility. Please update package to include a native systemd unit file, in order to make it more safe and robust.
[    2.643337] systemd-sysv-generator[342]: SysV service '/etc/init.d/vmtouch' lacks a native systemd unit file. Automatically generating a unit file for compatibility. Please update package to include a native systemd unit file, in order to make it more safe and robust.
[    2.647501] systemd-sysv-generator[342]: SysV service '/etc/init.d/mysql' lacks a native systemd unit file. Automatically generating a unit file for compatibility. Please update package to include a native systemd unit file, in order to make it more safe and robust.
[    2.796166] systemd[1]: Queued start job for default target Multi-User System.
[    2.796825] random: systemd: uninitialized urandom read (16 bytes read)
[    2.842245] systemd[1]: Created slice system-getty.slice.
[    2.842513] random: systemd: uninitialized urandom read (16 bytes read)
[    2.848081] systemd[1]: Created slice system-modprobe.slice.
[    2.853481] systemd[1]: Created slice system-openvpn\x2dclient.slice.
[    2.859271] systemd[1]: Created slice system-postfix.slice.
[    2.864757] systemd[1]: Created slice system-systemd\x2dfsck.slice.
[    2.870435] systemd[1]: Created slice User and Session Slice.
[    2.870684] systemd[1]: Started Dispatch Password Requests to Console Directory Watch.
[    2.870909] systemd[1]: Started Forward Password Requests to Wall Directory Watch.
[    2.871992] systemd[1]: Set up automount Arbitrary Executable File Formats File System Automount Point.
[    2.872181] systemd[1]: Reached target Local Encrypted Volumes.
[    2.872374] systemd[1]: Reached target Paths.
[    2.872521] systemd[1]: Reached target Slices.
[    2.872814] systemd[1]: Listening on Device-mapper event daemon FIFOs.
[    2.873117] systemd[1]: Listening on LVM2 poll daemon socket.
[    2.885785] systemd[1]: Listening on RPCbind Server Activation Socket.
[    2.886175] systemd[1]: Listening on Syslog Socket.
[    2.886492] systemd[1]: Listening on fsck to fsckd communication Socket.
[    2.886715] systemd[1]: Listening on initctl Compatibility Named Pipe.
[    2.887142] systemd[1]: Listening on Journal Audit Socket.
[    2.887411] systemd[1]: Listening on Journal Socket (/dev/log).
[    2.887767] systemd[1]: Listening on Journal Socket.
[    2.888135] systemd[1]: Listening on udev Control Socket.
[    2.888391] systemd[1]: Listening on udev Kernel Socket.
[    2.894927] systemd[1]: Mounting Huge Pages File System...
[    2.901779] systemd[1]: Mounting POSIX Message Queue File System...
[    2.908641] systemd[1]: Mounting RPC Pipe File System...
[    2.915367] systemd[1]: Mounting Kernel Debug File System...
[    2.922706] systemd[1]: Mounting Kernel Trace File System...
[    2.923112] systemd[1]: Condition check resulted in Kernel Module supporting RPCSEC_GSS being skipped.
[    2.923518] systemd[1]: Finished Availability of block devices.
[    2.930742] systemd[1]: Starting Wait for network to be configured by ifupdown...
[    2.937840] systemd[1]: Starting Create list of static device nodes for the current kernel...
[    2.943403] RPC: Registered named UNIX socket transport module.
[    2.943413] RPC: Registered udp transport module.
[    2.943420] RPC: Registered tcp transport module.
[    2.943426] RPC: Registered tcp NFSv4.1 backchannel transport module.
[    2.945074] systemd[1]: Starting Monitoring of LVM2 mirrors, snapshots etc. using dmeventd or progress polling...
[    2.951484] systemd[1]: Starting Load Kernel Module configfs...
[    2.957502] systemd[1]: Starting Load Kernel Module drm...
[    2.964606] systemd[1]: Starting Load Kernel Module fuse...
[    2.971899] systemd[1]: Starting nftables...
[    2.986115] systemd[1]: Condition check resulted in Set Up Additional Binary Formats being skipped.
[    2.986281] systemd[1]: Condition check resulted in File System Check on Root Device being skipped.
[    2.996803] systemd[1]: Starting Journal Service...
[    3.045600] systemd[1]: Starting Load Kernel Modules...
[    3.052756] systemd[1]: Starting Remount Root and Kernel File Systems...
[    3.059851] systemd[1]: Starting Coldplug All udev Devices...
[    3.064607] systemd[1]: Mounted Huge Pages File System.
[    3.064951] systemd[1]: Mounted POSIX Message Queue File System.
[    3.065214] systemd[1]: Mounted RPC Pipe File System.
[    3.065475] systemd[1]: Mounted Kernel Debug File System.
[    3.065733] systemd[1]: Mounted Kernel Trace File System.
[    3.066865] systemd[1]: Finished Wait for network to be configured by ifupdown.
[    3.068101] systemd[1]: Finished Create list of static device nodes for the current kernel.
[    3.068660] systemd[1]: modprobe@configfs.service: Succeeded.
[    3.069477] systemd[1]: Finished Load Kernel Module configfs.
[    3.070056] systemd[1]: modprobe@drm.service: Succeeded.
[    3.071092] systemd[1]: Finished Load Kernel Module drm.
[    3.072385] fuse: init (API version 7.32)
[    3.072843] systemd[1]: Finished Load Kernel Modules.
[    3.081697] systemd[1]: Mounting Kernel Configuration File System...
[    3.087171] EXT4-fs (vdiska2): re-mounted. Opts: errors=remount-ro
[    3.091085] systemd[1]: Starting Apply Kernel Variables...
[    3.094054] systemd[1]: Started Journal Service.
[    3.557472] sha1_sparc64: Using sparc64 sha1 opcode optimized SHA-1 implementation
[    3.581659] sha256_sparc64: Using sparc64 sha256 opcode optimized SHA-256/SHA-224 implementation
[    3.593635] sha512_sparc64: Using sparc64 sha512 opcode optimized SHA-512/SHA-384 implementation
[    3.604367] n2rng v0.3 (Jan 7, 2017)
[    3.604392] n2rng f029b104: Registered RNG HVAPI major 2 minor 0
[    3.604402] n2rng f029b104: Found multi-unit-capable RNG, units: 2
[    3.604425] n2rng f029b104: RNG ready
[    3.625200] md5_sparc64: Using sparc64 md5 opcode optimized MD5 implementation
[    3.638900] aes_sparc64: Using sparc64 aes opcodes optimized AES implementation
[    3.729019] des_sparc64: Using sparc64 des opcodes optimized DES implementation
[    3.747723] camellia_sparc64: Using sparc64 camellia opcodes optimized CAMELLIA implementation
[    3.762732] XFS (dm-0): Mounting V5 Filesystem
[    3.815636] Adding 787176k swap on /dev/vdiska4.  Priority:-2 extents:1 across:787176k FS
[    3.826296] EXT4-fs (vdiska1): mounting ext3 file system using the ext4 subsystem
[    3.833668] EXT4-fs (vdiska1): mounted filesystem with ordered data mode. Opts: (null)
[    3.834205] ext3 filesystem being mounted at /boot supports timestamps until 2038 (0x7fffffff)
[    3.876025] XFS (dm-0): Ending clean mount
[    3.876971] xfs filesystem being mounted at /1 supports timestamps until 2038 (0x7fffffff)
