[    0.000013] PROMLIB: Sun IEEE Boot Prom 'OBP 4.38.17 2019/01/25 08:22'
[    0.000027] PROMLIB: Root node compatible: sun4v
[    0.000069] Linux version 5.12.0-14380-g8404c9fbc84b (mator@ttip) (gcc (Debian 10.2.1-6) 10.2.1 20210110, GNU ld (GNU Binutils for Debian) 2.35.2) #212 SMP Thu May 6 13:01:32 MSK 2021
[    0.000378] printk: bootconsole [earlyprom0] enabled
[    0.000428] ARCH: SUN4V
[    0.000471] Ethernet address: 00:14:4f:fa:06:f2
[    0.000522] MM: PAGE_OFFSET is 0xfff8000000000000 (max_phys_bits == 47)
[    0.000586] MM: VMALLOC [0x0000000100000000 --> 0x0006000000000000]
[    0.000646] MM: VMEMMAP [0x0006000000000000 --> 0x000c000000000000]
[    0.013997] Kernel: Using 5 locked TLB entries for main kernel image.
[    0.014063] Remapping the kernel... 
[    0.014089] done.
[    0.039082] OF stdout device is: /virtual-devices@100/console@1
[    0.039142] PROM: Built device tree with 79569 bytes of memory.
[    0.039200] MDESC: Size is 31056 bytes.
[    0.039297] PLATFORM: banner-name [SPARC T5-2]
[    0.039345] PLATFORM: name [ORCL,SPARC-T5-2]
[    0.039387] PLATFORM: hostid [84fa06f2]
[    0.039426] PLATFORM: serial# [0035260e]
[    0.039466] PLATFORM: stick-frequency [3b9aca00]
[    0.039512] PLATFORM: mac-address [144ffa06f2]
[    0.039554] PLATFORM: watchdog-resolution [1000 ms]
[    0.039602] PLATFORM: watchdog-max-timeout [31536000000 ms]
[    0.039654] PLATFORM: max-cpus [1024]
[    0.039739] Top of RAM: 0x622f948000, Total RAM: 0x87f382000
[    0.039797] Memory hole size: 367365MB
[    0.044324] Allocated 65536 bytes for kernel page tables.
[    0.044406] Zone ranges:
[    0.044442]   Normal   [mem 0x0000000030400000-0x000000622f947fff]
[    0.044507] Movable zone start for each node
[    0.044549] Early memory node ranges
[    0.044585]   node   0: [mem 0x0000000030400000-0x000000006febffff]
[    0.044644]   node   0: [mem 0x000000006ff40000-0x000000006ff47fff]
[    0.044702]   node   0: [mem 0x0000000070000000-0x00000002afffffff]
[    0.044762]   node   0: [mem 0x0000002030000000-0x00000021afffffff]
[    0.044820]   node   0: [mem 0x0000004030000000-0x00000042afffffff]
[    0.044879]   node   0: [mem 0x0000006030000000-0x000000622f8b1fff]
[    0.044938]   node   0: [mem 0x000000622f940000-0x000000622f947fff]
[    0.044995] Initmem setup node 0 [mem 0x0000000030400000-0x000000622f947fff]
[    0.045062] On node 0 totalpages: 4454849
[    0.045068]   Normal zone: 39154 pages used for memmap
[    0.045072]   Normal zone: 0 pages reserved
[    0.045077]   Normal zone: 4454849 pages, LIFO batch:31
[    0.074603]   Normal zone: 525887 pages in unavailable ranges
[    0.074707] Booting Linux...
[    0.074754] CPU CAPS: [flush,stbar,swap,muldiv,v9,blkinit,n2,mul32]
[    0.074845] CPU CAPS: [div32,v8plus,popc,vis,vis2,ASIBlkInit,fmaf,vis3]
[    0.074933] CPU CAPS: [hpc,ima,pause,cbcond,aes,des,kasumi,camellia]
[    0.075019] CPU CAPS: [md5,sha1,sha256,sha512,mpmul,montmul,montsqr,crc32c]
[    0.123738] percpu: Embedded 20 pages/cpu s119376 r8192 d36272 u262144
[    0.123962] pcpu-alloc: s119376 r8192 d36272 u262144 alloc=1*4194304
[    0.123971] pcpu-alloc: [0] 000 001 002 003 004 005 006 007 008 009 010 011 012 013 014 015 
[    0.124029] pcpu-alloc: [0] 016 017 018 019 020 021 022 023 024 025 026 027 028 029 030 031 
[    0.124087] pcpu-alloc: [0] 032 033 034 035 036 037 038 039 040 041 042 043 044 045 046 047 
[    0.124144] pcpu-alloc: [0] 048 049 050 051 052 053 054 055 056 057 058 059 060 061 062 063 
[    0.124201] pcpu-alloc: [0] 064 065 066 067 068 069 070 071 072 073 074 075 076 077 078 079 
[    0.124258] pcpu-alloc: [0] 080 081 082 083 084 085 086 087 088 089 090 091 092 093 094 095 
[    0.124315] pcpu-alloc: [0] 096 097 098 099 100 101 102 103 104 105 106 107 108 109 110 111 
[    0.124372] pcpu-alloc: [0] 112 113 114 115 116 117 118 119 120 121 122 123 124 125 126 127 
[    0.124429] pcpu-alloc: [0] 128 129 130 131 132 133 134 135 136 137 138 139 140 141 142 143 
[    0.124486] pcpu-alloc: [0] 144 145 146 147 148 149 150 151 152 153 154 155 156 157 158 159 
[    0.124543] pcpu-alloc: [0] 160 161 162 163 164 165 166 167 168 169 170 171 172 173 174 175 
[    0.124601] pcpu-alloc: [0] 176 177 178 179 180 181 182 183 184 185 186 187 188 189 190 191 
[    0.124658] pcpu-alloc: [0] 192 193 194 195 196 197 198 199 200 201 202 203 204 205 206 207 
[    0.124715] pcpu-alloc: [0] 208 209 210 211 212 213 214 215 216 217 218 219 220 221 222 223 
[    0.124772] pcpu-alloc: [0] 224 225 226 227 228 229 230 231 232 233 234 235 236 237 238 239 
[    0.124829] pcpu-alloc: [0] 240 241 242 243 244 245 246 247 248 249 250 251 252 253 254 255 
[    0.125308] SUN4V: Mondo queue sizes [cpu(131072) dev(16384) r(8192) nr(256)]
[    0.125622] Built 1 zonelists, mobility grouping on.  Total pages: 4415695
[    0.125701] Kernel command line: BOOT_IMAGE=/vmlinux-5.12.0-14380-g8404c9fbc84b root=/dev/vdiska2 ro zswap.enabled=1
[    0.128691] printk: log_buf_len individual max cpu contribution: 4096 bytes
[    0.128759] printk: log_buf_len total cpu_extra contributions: 1044480 bytes
[    0.128824] printk: log_buf_len min size: 131072 bytes
[    0.130646] printk: log_buf_len: 2097152 bytes
[    0.130693] printk: early log buf free: 126360(96%)
[    0.137003] Dentry cache hash table entries: 8388608 (order: 13, 67108864 bytes, linear)
[    0.140238] Inode-cache hash table entries: 4194304 (order: 12, 33554432 bytes, linear)
[    0.140312] Sorting __ex_table...
[    0.140546] mem auto-init: stack:off, heap alloc:off, heap free:off
[    0.146625] Memory: 1305368K/35638792K available (8722K kernel code, 1722K rwdata, 2944K rodata, 624K init, 3136K bss, 568288K reserved, 0K cma-reserved)
[    0.146797] random: get_random_u64 called from kmem_cache_open+0x3c/0x340 with crng_init=0
[    0.148923] SLUB: HWalign=32, Order=0-3, MinObjects=0, CPUs=256, Nodes=1
[    0.149750] ftrace: allocating 27314 entries in 54 pages
[    0.160145] ftrace: allocated 54 pages with 4 groups
[    0.160418] trace event string verifier disabled
[    0.164519] rcu: Hierarchical RCU implementation.
[    0.164572] rcu: 	RCU event tracing is enabled.
[    0.164617] rcu: 	RCU debug extended QS entry/exit.
[    0.164663] 	Rude variant of Tasks RCU enabled.
[    0.164706] 	Tracing variant of Tasks RCU enabled.
[    0.164752] rcu: RCU calculated value of scheduler-enlistment delay is 26 jiffies.
[    0.171094] NR_IRQS: 2048, nr_irqs: 2048, preallocated irqs: 1
[    0.171186] SUN4V: Using IRQ API major 3, cookie only virqs enabled
[    0.175121] clocksource: stick: mask: 0xffffffffffffffff max_cycles: 0x1cd42e4dffb, max_idle_ns: 881590591483 ns
[    0.175259] clocksource: mult[800000] shift[23]
[    0.175303] clockevent: mult[80000000] shift[31]
[    0.175970] Console: colour dummy device 80x25
[    0.176024] printk: console [tty0] enabled
[    0.176085] printk: bootconsole [earlyprom0] disabled
[    0.176151] Lock dependency validator: Copyright (c) 2006 Red Hat, Inc., Ingo Molnar
[    0.176177] ... MAX_LOCKDEP_SUBCLASSES:  8
[    0.176193] ... MAX_LOCK_DEPTH:          48
[    0.176210] ... MAX_LOCKDEP_KEYS:        8192
[    0.176226] ... CLASSHASH_SIZE:          4096
[    0.176243] ... MAX_LOCKDEP_ENTRIES:     16384
[    0.176259] ... MAX_LOCKDEP_CHAINS:      32768
[    0.176276] ... CHAINHASH_SIZE:          16384
[    0.176293]  memory used by lock dependency info: 2603 kB
[    0.176312]  per task-struct memory footprint: 1920 bytes
[    0.255466] Calibrating delay using timer specific routine.. 2003.14 BogoMIPS (lpj=4006282)
[    0.255499] pid_max: default: 262144 minimum: 2048
[    0.256256] LSM: Security Framework initializing
[    0.256703] Mount-cache hash table entries: 131072 (order: 7, 1048576 bytes, linear)
[    0.256845] Mountpoint-cache hash table entries: 131072 (order: 7, 1048576 bytes, linear)
[    0.260249] rcu: Hierarchical SRCU implementation.
[    0.267547] smp: Bringing up secondary CPUs ...
[    0.285923] smp: Brought up 1 node, 24 CPUs
[    0.475413] node 0 deferred pages initialised in 188ms
[    0.476399] devtmpfs: initialized
[    0.478554] Performance events: 
[    0.478585] Testing NMI watchdog ... 
[    0.558671] OK.
[    0.558737] Supported PMU type is 'niagara5'
[    0.559821] ldc.c:v1.1 (July 22, 2008)
[    0.560572] clocksource: jiffies: mask: 0xffffffff max_cycles: 0xffffffff, max_idle_ns: 7645041785100000 ns
[    0.560631] futex hash table entries: 65536 (order: 10, 8388608 bytes, linear)
[    0.568538] NET: Registered protocol family 16
[    0.571304] VIO: Adding device channel-devices (tx_ino = ffffffffffffffff, rx_ino = ffffffffffffffff)
[    0.571394] VIO: Adding device vnet-port-0-0 (tx_ino = 0, rx_ino = 1)
[    0.571461] VIO: Adding device vnet-port-0-1 (tx_ino = 2, rx_ino = 3)
[    0.571524] VIO: Adding device vnet-port-0-2 (tx_ino = 4, rx_ino = 5)
[    0.571586] VIO: Adding device vnet-port-0-3 (tx_ino = 6, rx_ino = 7)
[    0.571648] VIO: Adding device vnet-port-0-4 (tx_ino = 8, rx_ino = 9)
[    0.571709] VIO: Adding device vdc-port-2-0 (tx_ino = a, rx_ino = b)
[    0.571770] VIO: Adding device vdc-port-1-0 (tx_ino = c, rx_ino = d)
[    0.571831] VIO: Adding device vdc-port-0-0 (tx_ino = e, rx_ino = f)
[    0.571895] VIO: Adding device vlds-port-0-0 (tx_ino = 10, rx_ino = 11)
[    0.571959] VIO: Adding device domain-services-port-0 (tx_ino = 10, rx_ino = 11)
[    0.572152] audit: initializing netlink subsys (disabled)
[    0.572365] audit: type=2000 audit(0.396:1): state=initialized audit_enabled=0 res=1
[    0.585248] HugeTLB registered 64.0 KiB page size, pre-allocated 0 pages
[    0.585275] HugeTLB registered 8.00 MiB page size, pre-allocated 0 pages
[    0.585300] HugeTLB registered 256 MiB page size, pre-allocated 0 pages
[    0.585324] HugeTLB registered 2.00 GiB page size, pre-allocated 0 pages
[    1.159167] SUN4V: Reboot data supported (maj=1,min=0).
[    1.159426] ds.c:v1.0 (Jul 11, 2007)
[    1.159642] ds-0: ds_conn_reset() from send_events
[    1.160318] clocksource: Switched to clocksource stick
[    1.267468] VFS: Disk quotas dquot_6.6.0
[    1.267690] VFS: Dquot-cache hash table entries: 1024 (order 0, 8192 bytes)
[    1.274837] NET: Registered protocol family 2
[    1.275255] IP idents hash table entries: 262144 (order: 8, 2097152 bytes, linear)
[    1.282116] tcp_listen_portaddr_hash hash table entries: 32768 (order: 8, 2621440 bytes, linear)
[    1.285551] TCP established hash table entries: 524288 (order: 9, 4194304 bytes, linear)
[    1.288474] TCP bind hash table entries: 65536 (order: 9, 4718592 bytes, linear)
[    1.294969] TCP: Hash tables configured (established 524288 bind 65536)
[    1.297342] UDP hash table entries: 32768 (order: 9, 5242880 bytes, linear)
[    1.303762] UDP-Lite hash table entries: 32768 (order: 9, 5242880 bytes, linear)
[    1.311738] NET: Registered protocol family 1
[    1.311780] NET: Registered protocol family 44
[    1.311999] Trying to unpack rootfs image as initramfs...
[    1.515318] Freeing initrd memory: 25192K
[    1.525752] Initialise system trusted keyrings
[    1.525963] workingset: timestamp_bits=46 max_order=23 bucket_order=0
[    1.542084] zbud: loaded
[    1.546021] SGI XFS with ACLs, security attributes, realtime, quota, no debug enabled
[    1.552598] Key type asymmetric registered
[    1.552625] Asymmetric key parser 'x509' registered
[    1.552668] Block layer SCSI generic (bsg) driver version 0.4 loaded (major 252)
[    1.553535] io scheduler mq-deadline registered
[    1.554935] f029b788: ttyHV0 at I/O 0x0 (irq = 1, base_baud = 115200) is a SUN4V HCONS
[    1.555397] printk: console [ttyHV0] enabled
[    1.557702] sunvdc.c:v1.2 (November 24, 2014)
[    1.561054] sunvdc: Virtual Hard disk vdiskc
[    1.561076] sunvdc: vdiskc: 104857600 sectors (51200 MB) protocol 1.2
[    1.582067] sunvdc: Virtual Hard disk vdiskb
[    1.582092] sunvdc: vdiskb: 62914560 sectors (30720 MB) protocol 1.2
[    1.582949]  vdiskb: vdiskb1
[    1.603002] sunvdc: Virtual Hard disk vdiska
[    1.603025] sunvdc: vdiska: 31457280 sectors (15360 MB) protocol 1.2
[    1.603866]  vdiska: vdiska1 vdiska2 vdiska3 vdiska4
[    1.623278] rtc-sun4v rtc-sun4v: registered as rtc0
[    1.623337] rtc-sun4v rtc-sun4v: setting system clock to 2021-05-06T10:12:24 UTC (1620295944)
[    1.627286] NET: Registered protocol family 10
[    1.651229] Segment Routing with IPv6
[    1.651289] mip6: Mobile IPv6
[    1.651309] NET: Registered protocol family 17
[    1.655593] registered taskstats version 1
[    1.655621] Loading compiled-in X.509 certificates
[    1.661001] zswap: loaded using pool lzo/zbud
[    1.664348] This architecture does not have kernel memory protection.
[    1.664382] Run /init as init process
[    1.664400]   with arguments:
[    1.664405]     /init
[    1.664410]   with environment:
[    1.664414]     HOME=/
[    1.664418]     TERM=linux
[    1.664422]     BOOT_IMAGE=/vmlinux-5.12.0-14380-g8404c9fbc84b
[    1.994919] sunvnet_common: module verification failed: signature and/or required key missing - tainting kernel
[    1.996944] sunvnet: sunvnet 2.0 (February 3, 2017)
[    1.999069] vnet_port vnet-port-0-0 eth0: Sun LDOM vnet 00:14:4f:f8:12:a3
[    1.999215] sunvnet: eth0: PORT ( remote-mac 00:14:4f:fa:f3:f0 switch-port )
[    1.999535] sunvnet: eth0: PORT ( remote-mac 00:14:4f:f8:e5:f3 )
[    1.999825] sunvnet: eth0: PORT ( remote-mac 00:14:4f:f8:3f:1e )
[    2.000116] sunvnet: eth0: PORT ( remote-mac 00:14:4f:f9:b4:97 )
[    2.000439] sunvnet: eth0: PORT ( remote-mac 00:14:4f:f9:8b:83 )
[    2.009937] crc32c_sparc64: Using sparc64 crc32c opcode optimized CRC32C implementation
[    2.012653] random: lvm: uninitialized urandom read (4 bytes read)
[    2.042734] device-mapper: uevent: version 1.0.3
[    2.043536] device-mapper: ioctl: 4.45.0-ioctl (2021-03-22) initialised: dm-devel@redhat.com
[    2.049437] random: lvm: uninitialized urandom read (2 bytes read)
[    2.365482] xor: automatically using best checksumming function   Niagara   
[    2.432275] raid6: int64x8  gen()  2157 MB/s
[    2.500285] raid6: int64x8  xor()  1520 MB/s
[    2.568285] raid6: int64x4  gen()  3383 MB/s
[    2.636286] raid6: int64x4  xor()  1458 MB/s
[    2.704279] raid6: int64x2  gen()  2921 MB/s
[    2.772288] raid6: int64x2  xor()  1131 MB/s
[    2.840290] raid6: int64x1  gen()  1424 MB/s
[    2.908302] raid6: int64x1  xor()   715 MB/s
[    2.908322] raid6: using algorithm int64x4 gen() 3383 MB/s
[    2.908345] raid6: .... xor() 1458 MB/s, rmw enabled
[    2.908365] raid6: using intx1 recovery algorithm
[    2.976581] random: fast init done
[    3.136096] EXT4-fs (vdiska2): mounted filesystem with ordered data mode. Opts: (null). Quota mode: none.
[    4.723589] systemd[1]: Inserted module 'autofs4'
[    4.893558] systemd[1]: systemd 247.3-5 running in system mode. (+PAM +AUDIT +SELINUX +IMA +APPARMOR +SMACK +SYSVINIT +UTMP +LIBCRYPTSETUP +GCRYPT +GNUTLS +ACL +XZ +LZ4 +ZSTD -SECCOMP +BLKID +ELFUTILS +KMOD +IDN2 -IDN +PCRE2 default-hierarchy=unified)
[    4.893932] systemd[1]: Detected architecture sparc64.
[    4.943819] systemd[1]: Set hostname to <ttip>.
[    6.653653] random: lvmconfig: uninitialized urandom read (4 bytes read)
[    8.161985] systemd[1]: Queued start job for default target Multi-User System.
[    8.162867] random: systemd: uninitialized urandom read (16 bytes read)
[    8.172190] systemd[1]: Created slice system-getty.slice.
[    8.172687] random: systemd: uninitialized urandom read (16 bytes read)
[    8.176342] systemd[1]: Created slice system-modprobe.slice.
[    8.176553] random: systemd: uninitialized urandom read (16 bytes read)
[    8.180288] systemd[1]: Created slice system-openvpn\x2dclient.slice.
[    8.184189] systemd[1]: Created slice system-postfix.slice.
[    8.188061] systemd[1]: Created slice system-systemd\x2dfsck.slice.
[    8.191704] systemd[1]: Created slice User and Session Slice.
[    8.192196] systemd[1]: Started Dispatch Password Requests to Console Directory Watch.
[    8.192669] systemd[1]: Started Forward Password Requests to Wall Directory Watch.
[    8.194207] systemd[1]: Set up automount Arbitrary Executable File Formats File System Automount Point.
[    8.194530] systemd[1]: Reached target Local Encrypted Volumes.
[    8.194815] systemd[1]: Reached target Paths.
[    8.195062] systemd[1]: Reached target Slices.
[    8.195586] systemd[1]: Listening on Device-mapper event daemon FIFOs.
[    8.196151] systemd[1]: Listening on LVM2 poll daemon socket.
[    8.213988] systemd[1]: Listening on RPCbind Server Activation Socket.
[    8.215433] systemd[1]: Listening on Syslog Socket.
[    8.216028] systemd[1]: Listening on fsck to fsckd communication Socket.
[    8.216461] systemd[1]: Listening on initctl Compatibility Named Pipe.
[    8.217178] systemd[1]: Listening on Journal Audit Socket.
[    8.217727] systemd[1]: Listening on Journal Socket (/dev/log).
[    8.218404] systemd[1]: Listening on Journal Socket.
[    8.219102] systemd[1]: Listening on udev Control Socket.
[    8.219612] systemd[1]: Listening on udev Kernel Socket.
[    8.226053] systemd[1]: Mounting Huge Pages File System...
[    8.232523] systemd[1]: Mounting POSIX Message Queue File System...
[    8.238683] systemd[1]: Mounting RPC Pipe File System...
[    8.244916] systemd[1]: Mounting Kernel Debug File System...
[    8.251926] systemd[1]: Mounting Kernel Trace File System...
[    8.252412] systemd[1]: Condition check resulted in Kernel Module supporting RPCSEC_GSS being skipped.
[    8.252900] systemd[1]: Finished Availability of block devices.
[    8.259398] systemd[1]: Starting Wait for network to be configured by ifupdown...
[    8.265927] systemd[1]: Starting Create list of static device nodes for the current kernel...
[    8.272124] systemd[1]: Starting Monitoring of LVM2 mirrors, snapshots etc. using dmeventd or progress polling...
[    8.279134] systemd[1]: Starting Load Kernel Module configfs...
[    8.285914] systemd[1]: Starting Load Kernel Module drm...
[    8.293237] systemd[1]: Starting Load Kernel Module fuse...
[    8.300814] systemd[1]: Starting nftables...
[    8.315112] systemd[1]: Condition check resulted in Set Up Additional Binary Formats being skipped.
[    8.315363] systemd[1]: Condition check resulted in File System Check on Root Device being skipped.
[    8.321847] fuse: init (API version 7.33)
[    8.328368] systemd[1]: Starting Journal Service...
[    8.337699] systemd[1]: Starting Load Kernel Modules...
[    8.343859] systemd[1]: Starting Remount Root and Kernel File Systems...
[    8.347704] RPC: Registered named UNIX socket transport module.
[    8.347733] RPC: Registered udp transport module.
[    8.347754] RPC: Registered tcp transport module.
[    8.347775] RPC: Registered tcp NFSv4.1 backchannel transport module.
[    8.350095] systemd[1]: Starting Coldplug All udev Devices...
[    8.357864] systemd[1]: Mounted Huge Pages File System.
[    8.358454] systemd[1]: Mounted POSIX Message Queue File System.
[    8.359006] systemd[1]: Mounted RPC Pipe File System.
[    8.359540] systemd[1]: Mounted Kernel Debug File System.
[    8.360086] systemd[1]: Mounted Kernel Trace File System.
[    8.362260] systemd[1]: Finished Wait for network to be configured by ifupdown.
[    8.364392] systemd[1]: Finished Create list of static device nodes for the current kernel.
[    8.365721] systemd[1]: modprobe@configfs.service: Succeeded.
[    8.367234] systemd[1]: Finished Load Kernel Module configfs.
[    8.368726] systemd[1]: modprobe@drm.service: Succeeded.
[    8.370254] systemd[1]: Finished Load Kernel Module drm.
[    8.371618] systemd[1]: modprobe@fuse.service: Succeeded.
[    8.373210] systemd[1]: Finished Load Kernel Module fuse.
[    8.380088] systemd[1]: Mounting FUSE Control File System...
[    8.386724] systemd[1]: Mounting Kernel Configuration File System...
[    8.390188] systemd[1]: Mounted FUSE Control File System.
[    8.394820] systemd[1]: Mounted Kernel Configuration File System.
[    8.402460] systemd[1]: Finished Monitoring of LVM2 mirrors, snapshots etc. using dmeventd or progress polling.
[    8.484994] EXT4-fs (vdiska2): re-mounted. Opts: errors=remount-ro. Quota mode: none.
[    8.489399] systemd[1]: Finished Load Kernel Modules.
[    8.497095] systemd[1]: Starting Apply Kernel Variables...
[    8.501958] systemd[1]: Finished Remount Root and Kernel File Systems.
[    8.610874] systemd[1]: Starting Initial Check File System Quotas...
[    8.645147] systemd[1]: Condition check resulted in Rebuild Hardware Database being skipped.
[    8.645358] systemd[1]: Condition check resulted in Platform Persistent Storage Archival being skipped.
[    8.651789] systemd[1]: Starting Load/Save Random Seed...
[    8.657941] systemd[1]: Starting Create System Users...
[    8.658935] systemd[1]: Started Journal Service.
[    8.712192] systemd-journald[389]: Received client request to flush runtime journal.
[    9.981202] sha1_sparc64: Using sparc64 sha1 opcode optimized SHA-1 implementation
[   10.037235] sha256_sparc64: Using sparc64 sha256 opcode optimized SHA-256/SHA-224 implementation
[   10.061205] sha512_sparc64: Using sparc64 sha512 opcode optimized SHA-512/SHA-384 implementation
[   10.064701] n2rng v0.3 (Jan 7, 2017)
[   10.064742] n2rng f029b104: Registered RNG HVAPI major 2 minor 0
[   10.064770] n2rng f029b104: Found multi-unit-capable RNG, units: 2
[   10.064950] n2rng f029b104: RNG ready
[   10.101195] md5_sparc64: Using sparc64 md5 opcode optimized MD5 implementation
[   10.131117] aes_sparc64: Using sparc64 aes opcodes optimized AES implementation
[   10.198019] des_sparc64: Using sparc64 des opcodes optimized DES implementation
[   10.214455] camellia_sparc64: Using sparc64 camellia opcodes optimized CAMELLIA implementation
[   10.274864] XFS (dm-0): Mounting V5 Filesystem
[   10.544379] Adding 787176k swap on /dev/vdiska4.  Priority:-2 extents:1 across:787176k FS
[   10.553609] XFS (dm-0): Ending clean mount
[   10.636697] xfs filesystem being mounted at /1 supports timestamps until 2038 (0x7fffffff)
[   11.154486] EXT4-fs (vdiska1): mounting ext3 file system using the ext4 subsystem
[   11.324663] random: crng init done
[   11.324708] random: 4 urandom warning(s) missed due to ratelimiting
[   11.643259] EXT4-fs (vdiska1): mounted filesystem with ordered data mode. Opts: (null). Quota mode: none.
[   11.643478] ext3 filesystem being mounted at /boot supports timestamps until 2038 (0x7fffffff)
