[    0.000015] PROMLIB: Sun IEEE Boot Prom 'OBP 4.38.12 2018/03/28 14:54'
[    0.000027] PROMLIB: Root node compatible: sun4v
[    0.000071] Linux version 4.19.0-04243-ga978a5b8d83f (mator@ttip) (gcc version 8.2.0 (Debian 8.2.0-8)) #744 SMP Wed Oct 24 12:39:38 MSK 2018
[    0.000374] bootconsole [earlyprom0] enabled
[    0.000421] ARCH: SUN4V
[    0.000470] Ethernet address: 00:14:4f:fa:06:f2
[    0.000522] MM: PAGE_OFFSET is 0xfff8000000000000 (max_phys_bits == 47)
[    0.000587] MM: VMALLOC [0x0000000100000000 --> 0x0006000000000000]
[    0.000649] MM: VMEMMAP [0x0006000000000000 --> 0x000c000000000000]
[    0.012862] Kernel: Using 5 locked TLB entries for main kernel image.
[    0.012930] Remapping the kernel... 
[    0.012958] done.
[    0.042254] OF stdout device is: /virtual-devices@100/console@1
[    0.042318] PROM: Built device tree with 74449 bytes of memory.
[    0.042378] MDESC: Size is 30480 bytes.
[    0.042483] PLATFORM: banner-name [SPARC T5-2]
[    0.042534] PLATFORM: name [ORCL,SPARC-T5-2]
[    0.042581] PLATFORM: hostid [84fa06f2]
[    0.042623] PLATFORM: serial# [0035260e]
[    0.042667] PLATFORM: stick-frequency [3b9aca00]
[    0.042715] PLATFORM: mac-address [144ffa06f2]
[    0.042762] PLATFORM: watchdog-resolution [1000 ms]
[    0.042813] PLATFORM: watchdog-max-timeout [31536000000 ms]
[    0.042869] PLATFORM: max-cpus [1024]
[    0.042958] Top of RAM: 0x24af948000, Total RAM: 0x87f384000
[    0.043019] Memory hole size: 115461MB
[    0.047221] Allocated 40960 bytes for kernel page tables.
[    0.047299] Zone ranges:
[    0.047339]   Normal   [mem 0x0000000030400000-0x00000024af947fff]
[    0.047406] Movable zone start for each node
[    0.047451] Early memory node ranges
[    0.047491]   node   0: [mem 0x0000000030400000-0x000000006febffff]
[    0.047555]   node   0: [mem 0x000000006ff40000-0x000000006ff47fff]
[    0.047617]   node   0: [mem 0x0000000070000000-0x000000042fffffff]
[    0.047679]   node   0: [mem 0x0000002030000000-0x00000024af8b3fff]
[    0.047739]   node   0: [mem 0x00000024af940000-0x00000024af947fff]
[    0.047812] Initmem setup node 0 [mem 0x0000000030400000-0x00000024af947fff]
[    0.047881] On node 0 totalpages: 4454850
[    0.047887]   Normal zone: 39154 pages used for memmap
[    0.047893]   Normal zone: 0 pages reserved
[    0.047898]   Normal zone: 4454850 pages, LIFO batch:31
[    0.244030] Booting Linux...
[    0.244114] CPU CAPS: [flush,stbar,swap,muldiv,v9,blkinit,n2,mul32]
[    0.244227] CPU CAPS: [div32,v8plus,popc,vis,vis2,ASIBlkInit,fmaf,vis3]
[    0.244335] CPU CAPS: [hpc,ima,pause,cbcond,aes,des,kasumi,camellia]
[    0.244440] CPU CAPS: [md5,sha1,sha256,sha512,mpmul,montmul,montsqr,crc32c]
[    0.295572] percpu: Embedded 20 pages/cpu @(____ptrval____) s122888 r8192 d32760 u262144
[    0.295805] pcpu-alloc: s122888 r8192 d32760 u262144 alloc=1*4194304
[    0.295816] pcpu-alloc: [0] 000 001 002 003 004 005 006 007 008 009 010 011 012 013 014 015 
[    0.295905] pcpu-alloc: [0] 016 017 018 019 020 021 022 023 024 025 026 027 028 029 030 031 
[    0.295993] pcpu-alloc: [0] 032 033 034 035 036 037 038 039 040 041 042 043 044 045 046 047 
[    0.296081] pcpu-alloc: [0] 048 049 050 051 052 053 054 055 056 057 058 059 060 061 062 063 
[    0.296169] pcpu-alloc: [0] 064 065 066 067 068 069 070 071 072 073 074 075 076 077 078 079 
[    0.296256] pcpu-alloc: [0] 080 081 082 083 084 085 086 087 088 089 090 091 092 093 094 095 
[    0.296344] pcpu-alloc: [0] 096 097 098 099 100 101 102 103 104 105 106 107 108 109 110 111 
[    0.296432] pcpu-alloc: [0] 112 113 114 115 116 117 118 119 120 121 122 123 124 125 126 127 
[    0.296520] pcpu-alloc: [0] 128 129 130 131 132 133 134 135 136 137 138 139 140 141 142 143 
[    0.296608] pcpu-alloc: [0] 144 145 146 147 148 149 150 151 152 153 154 155 156 157 158 159 
[    0.296696] pcpu-alloc: [0] 160 161 162 163 164 165 166 167 168 169 170 171 172 173 174 175 
[    0.296784] pcpu-alloc: [0] 176 177 178 179 180 181 182 183 184 185 186 187 188 189 190 191 
[    0.296872] pcpu-alloc: [0] 192 193 194 195 196 197 198 199 200 201 202 203 204 205 206 207 
[    0.296960] pcpu-alloc: [0] 208 209 210 211 212 213 214 215 216 217 218 219 220 221 222 223 
[    0.297047] pcpu-alloc: [0] 224 225 226 227 228 229 230 231 232 233 234 235 236 237 238 239 
[    0.297135] pcpu-alloc: [0] 240 241 242 243 244 245 246 247 248 249 250 251 252 253 254 255 
[    0.297627] SUN4V: Mondo queue sizes [cpu(131072) dev(16384) r(8192) nr(256)]
[    0.297935] Built 1 zonelists, mobility grouping on.  Total pages: 4415696
[    0.298023] Kernel command line: BOOT_IMAGE=/vmlinuz-4.19.0-04243-ga978a5b8d83f root=/dev/vdiska2 ro zswap.enabled=1 elevator=deadline
[    0.300379] log_buf_len individual max cpu contribution: 4096 bytes
[    0.300445] log_buf_len total cpu_extra contributions: 1044480 bytes
[    0.300506] log_buf_len min size: 131072 bytes
[    0.300871] log_buf_len: 2097152 bytes
[    0.300916] early log buf free: 126032(96%)
[    0.307229] Dentry cache hash table entries: 8388608 (order: 13, 67108864 bytes)
[    0.310461] Inode-cache hash table entries: 4194304 (order: 12, 33554432 bytes)
[    0.310531] Sorting __ex_table...
[    0.393955] Memory: 35110488K/35638800K available (6143K kernel code, 831K rwdata, 1832K rodata, 888K init, 7651K bss, 528312K reserved, 0K cma-reserved)
[    0.394270] kmemleak: Kernel memory leak detector disabled
[    0.395177] ftrace: allocating 18710 entries in 37 pages
[    0.408705] Running RCU self tests
[    0.408751] rcu: Hierarchical RCU implementation.
[    0.408801] rcu: 	RCU event tracing is enabled.
[    0.408849] rcu: 	RCU lockdep checking is enabled.
[    0.408900] 	Tasks RCU enabled.
[    0.408937] rcu: RCU calculated value of scheduler-enlistment delay is 11 jiffies.
[    0.414072] NR_IRQS: 2048, nr_irqs: 2048, preallocated irqs: 1
[    0.414157] SUN4V: Using IRQ API major 3, cookie only virqs enabled
[    0.418298] clocksource: stick: mask: 0xffffffffffffffff max_cycles: 0x1cd42e4dffb, max_idle_ns: 881590591483 ns
[    0.418433] clocksource: mult[800000] shift[23]
[    0.418481] clockevent: mult[80000000] shift[31]
[    0.421628] Console: colour dummy device 80x25
[    0.421690] console [tty0] enabled
[    0.421757] bootconsole [earlyprom0] disabled
[    0.421831] Lock dependency validator: Copyright (c) 2006 Red Hat, Inc., Ingo Molnar
[    0.421876] ... MAX_LOCKDEP_SUBCLASSES:  8
[    0.421905] ... MAX_LOCK_DEPTH:          48
[    0.421933] ... MAX_LOCKDEP_KEYS:        8191
[    0.421963] ... CLASSHASH_SIZE:          4096
[    0.421992] ... MAX_LOCKDEP_ENTRIES:     16384
[    0.422022] ... MAX_LOCKDEP_CHAINS:      32768
[    0.422052] ... CHAINHASH_SIZE:          16384
[    0.422082]  memory used by lock dependency info: 4959 kB
[    0.422117]  per task-struct memory footprint: 1920 bytes
[    0.422353] kmemleak: Early log buffer exceeded (24673), please increase DEBUG_KMEMLEAK_EARLY_LOG_SIZE
[    0.568697] Calibrating delay using timer specific routine.. 2003.67 BogoMIPS (lpj=10018358)
[    0.568755] pid_max: default: 262144 minimum: 2048
[    0.569915] Security Framework initialized
[    0.569951] AppArmor: AppArmor disabled by boot time parameter
[    0.570550] Mount-cache hash table entries: 131072 (order: 7, 1048576 bytes)
[    0.570708] Mountpoint-cache hash table entries: 131072 (order: 7, 1048576 bytes)
[    0.575436] rcu: Hierarchical SRCU implementation.
[    0.597823] smp: Bringing up secondary CPUs ...
[    0.654252] smp: Brought up 1 node, 24 CPUs
[    0.658333] devtmpfs: initialized
[    0.663885] Performance events: 
[    0.663926] Testing NMI watchdog ... 
[    0.864020] OK.
[    0.864151] Supported PMU type is 'niagara5'
[    0.864450] random: get_random_u32 called from bucket_table_alloc.isra.4+0x140/0x1c0 with crng_init=0
[    0.865179] ldc.c:v1.1 (July 22, 2008)
[    0.867859] clocksource: jiffies: mask: 0xffffffff max_cycles: 0xffffffff, max_idle_ns: 19112604462750000 ns
[    0.867946] futex hash table entries: 65536 (order: 10, 8388608 bytes)
[    0.877859] NET: Registered protocol family 16
[    0.886981] VIO: Adding device channel-devices (tx_ino = ffffffffffffffff, rx_ino = ffffffffffffffff)
[    0.887202] VIO: Adding device vnet-port-0-0 (tx_ino = 0, rx_ino = 1)
[    0.887424] VIO: Adding device vnet-port-0-1 (tx_ino = 2, rx_ino = 3)
[    0.887610] VIO: Adding device vnet-port-0-2 (tx_ino = 4, rx_ino = 5)
[    0.887802] VIO: Adding device vnet-port-0-3 (tx_ino = 6, rx_ino = 7)
[    0.887994] VIO: Adding device vdc-port-3-0 (tx_ino = 8, rx_ino = 9)
[    0.888177] VIO: Adding device vdc-port-2-0 (tx_ino = a, rx_ino = b)
[    0.888360] VIO: Adding device vdc-port-1-0 (tx_ino = c, rx_ino = d)
[    0.888555] VIO: Adding device vdc-port-0-0 (tx_ino = e, rx_ino = f)
[    0.888742] VIO: Adding device vlds-port-0-0 (tx_ino = 10, rx_ino = 11)
[    0.888935] VIO: Adding device domain-services-port-0 (tx_ino = 10, rx_ino = 11)
[    0.889330] audit: initializing netlink subsys (disabled)
[    0.889669] audit: type=2000 audit(0.470:1): state=initialized audit_enabled=0 res=1
[    0.946668] HugeTLB registered 64.0 KiB page size, pre-allocated 0 pages
[    0.946715] HugeTLB registered 8.00 MiB page size, pre-allocated 0 pages
[    0.946759] HugeTLB registered 256 MiB page size, pre-allocated 0 pages
[    0.946802] HugeTLB registered 2.00 GiB page size, pre-allocated 0 pages
[    0.958260] SUN4V: Reboot data supported (maj=1,min=0).
[    0.958666] ds.c:v1.0 (Jul 11, 2007)
[    0.959061] ds-0: ds_conn_reset() from send_events.isra.3
[    0.960510] clocksource: Switched to clocksource stick
[    1.137318] VFS: Disk quotas dquot_6.6.0
[    1.137560] VFS: Dquot-cache hash table entries: 1024 (order 0, 8192 bytes)
[    1.156039] NET: Registered protocol family 2
[    1.160872] tcp_listen_portaddr_hash hash table entries: 32768 (order: 8, 2359296 bytes)
[    1.164162] TCP established hash table entries: 524288 (order: 9, 4194304 bytes)
[    1.166166] TCP bind hash table entries: 65536 (order: 9, 4194304 bytes)
[    1.171892] TCP: Hash tables configured (established 524288 bind 65536)
[    1.178456] UDP hash table entries: 32768 (order: 9, 5242880 bytes)
[    1.185699] UDP-Lite hash table entries: 32768 (order: 9, 5242880 bytes)
[    1.199776] NET: Registered protocol family 1
[    1.200517] Unpacking initramfs...
[    1.636982] Freeing initrd memory: 16928K
[    1.680292] workingset: timestamp_bits=46 max_order=23 bucket_order=0
[    1.681617] zbud: loaded
[    1.734618] Block layer SCSI generic (bsg) driver version 0.4 loaded (major 252)
[    1.736157] io scheduler noop registered
[    1.736189] io scheduler deadline registered (default)
[    1.736899] io scheduler cfq registered
[    1.736931] io scheduler mq-deadline registered (default)
[    1.736969] io scheduler kyber registered
[    1.740090] f029b788: ttyS0 at I/O 0x0 (irq = 1, base_baud = 115200) is a SUN4V HCONS
[    1.741001] console [ttyHV0] enabled
[    1.744167] sunvdc.c:v1.2 (November 24, 2014)
[    1.746818] sunvdc: Virtual CDROM vdiskd
[    1.746869] sunvdc: vdiskd: 403160 sectors (196 MB) protocol 1.2
[    1.747932]  vdiskd: vdiskd1 vdiskd2 vdiskd3 vdiskd4 vdiskd5 vdiskd6 vdiskd7
[    1.759821] sunvdc: Virtual Hard disk vdiskc
[    1.759859] sunvdc: vdiskc: 104857600 sectors (51200 MB) protocol 1.2
[    1.766639] sunvdc: Virtual Hard disk vdiskb
[    1.766676] sunvdc: vdiskb: 62914560 sectors (30720 MB) protocol 1.2
[    1.775679]  vdiskb: vdiskb1
[    1.782426] sunvdc: Virtual Hard disk vdiska
[    1.782463] sunvdc: vdiska: 31457280 sectors (15360 MB) protocol 1.2
[    1.783138]  vdiska: vdiska1 vdiska2 vdiska3 vdiska4
[    1.786195] sunvnet: sunvnet 2.0 (February 3, 2017)
[    1.789626] vnet_port vnet-port-0-0 eth0: Sun LDOM vnet 00:14:4f:f8:12:a3
[    1.790185] sunvnet: eth0: PORT ( remote-mac 00:14:4f:fa:f3:f0 switch-port )
[    1.791532] sunvnet: eth0: PORT ( remote-mac 00:14:4f:f8:e5:f3 )
[    1.792807] sunvnet: eth0: PORT ( remote-mac 00:14:4f:f9:b4:97 )
[    1.794097] sunvnet: eth0: PORT ( remote-mac 00:14:4f:f9:8b:83 )
[    1.795052] mousedev: PS/2 mouse device common for all mice
[    1.796165] rtc-sun4v rtc-sun4v: rtc core: registered sun4v as rtc0
[    1.797306] device-mapper: uevent: version 1.0.3
[    1.798377] device-mapper: ioctl: 4.39.0-ioctl (2018-04-03) initialised: dm-devel@redhat.com
[    1.799858] NET: Registered protocol family 17
[    1.801124] registered taskstats version 1
[    1.804041] zswap: loaded using pool lzo/zbud
[    1.824350] Key type big_key registered
[    1.825147] rtc-sun4v rtc-sun4v: setting system clock to 2018-10-24 10:43:10 UTC (1540377790)
[    1.829663] This architecture does not have kernel memory protection.
[    1.829708] Run /init as init process
[    2.699603] crc32c_sparc64: Using sparc64 crc32c opcode optimized CRC32C implementation
[    3.140498] raid6: int64x1  gen()  2780 MB/s
[    3.310463] raid6: int64x1  xor()  1646 MB/s
[    3.480475] raid6: int64x2  gen()  2833 MB/s
[    3.650449] raid6: int64x2  xor()  1999 MB/s
[    3.820448] raid6: int64x4  gen()  3468 MB/s
[    3.990471] raid6: int64x4  xor()  1987 MB/s
[    4.160494] raid6: int64x8  gen()  2172 MB/s
[    4.330474] raid6: int64x8  xor()  1564 MB/s
[    4.330523] raid6: using algorithm int64x4 gen() 3468 MB/s
[    4.330561] raid6: .... xor() 1987 MB/s, rmw enabled
[    4.330596] raid6: using intx1 recovery algorithm
[    4.331825] async_tx: api initialized (async)
[    4.332538] xor: automatically using best checksumming function   Niagara   
[    4.570297] random: fast init done
[    4.578007] EXT4-fs (vdiska2): mounted filesystem with ordered data mode. Opts: (null)
[    5.931324] NET: Registered protocol family 10
[    5.943517] Segment Routing with IPv6
[    6.009221] systemd[1]: systemd 239 running in system mode. (+PAM +AUDIT +SELINUX +IMA +APPARMOR +SMACK +SYSVINIT +UTMP +LIBCRYPTSETUP +GCRYPT +GNUTLS +ACL +XZ +LZ4 -SECCOMP +BLKID +ELFUTILS +KMOD -IDN2 +IDN -PCRE2 default-hierarchy=hybrid)
[    6.009840] systemd[1]: Detected architecture sparc64.
[    6.061970] systemd[1]: Set hostname to <ttip>.
[    8.128247] random: systemd: uninitialized urandom read (16 bytes read)
[    8.139643] systemd[1]: Created slice system-openvpn\x2dclient.slice.
[    8.140708] random: systemd: uninitialized urandom read (16 bytes read)
[    8.141482] systemd[1]: Listening on Device-mapper event daemon FIFOs.
[    8.141954] random: systemd: uninitialized urandom read (16 bytes read)
[    8.158172] systemd[1]: Listening on LVM2 metadata daemon socket.
[    8.159332] systemd[1]: Listening on fsck to fsckd communication Socket.
[    8.160652] systemd[1]: Listening on Journal Audit Socket.
[    8.174247] systemd[1]: Listening on Syslog Socket.
[    8.174739] systemd[1]: Reached target Remote File Systems.
[    8.367434] EXT4-fs (vdiska2): re-mounted. Opts: errors=remount-ro
[    8.682498] systemd-journald[385]: Received request to flush runtime journal from PID 1
[    8.963490] random: crng init done
[    8.963698] random: 7 urandom warning(s) missed due to ratelimiting
[    9.853550] sha1_sparc64: Using sparc64 sha1 opcode optimized SHA-1 implementation
[    9.883674] sha256_sparc64: Using sparc64 sha256 opcode optimized SHA-256/SHA-224 implementation
[    9.928602] sha512_sparc64: Using sparc64 sha512 opcode optimized SHA-512/SHA-384 implementation
[    9.962702] md5_sparc64: Using sparc64 md5 opcode optimized MD5 implementation
[    9.963081] n2rng v0.3 (Jan 7, 2017)
[    9.963217] n2rng f029b104: Registered RNG HVAPI major 2 minor 0
[    9.963346] n2rng f029b104: Found multi-unit-capable RNG, units: 2
[    9.964766] n2rng f029b104: RNG ready
[    9.975506] aes_sparc64: Using sparc64 aes opcodes optimized AES implementation
[   10.026227] des_sparc64: Using sparc64 des opcodes optimized DES implementation
[   10.054226] camellia_sparc64: Using sparc64 camellia opcodes optimized CAMELLIA implementation
[   10.830743] Btrfs loaded, crc32c=crc32c-sparc64, debug=on, assert=on
[   10.832533] BTRFS: device fsid 03ee75b3-c6e9-457b-a97d-c1dd4acd7044 devid 1 transid 11186 /dev/vdiskb1
[   11.364813] SGI XFS with ACLs, security attributes, debug enabled
[   11.397523] XFS (dm-0): Mounting V5 Filesystem
[   11.514860] XFS (dm-0): Ending clean mount
[   13.470762] Adding 787176k swap on /dev/vdiska4.  Priority:-2 extents:1 across:787176k FS
[   13.722722] EXT4-fs (vdiska1): mounting ext3 file system using the ext4 subsystem
[   13.733949] EXT4-fs (vdiska1): mounted filesystem with ordered data mode. Opts: (null)
