[    0.000019] PROMLIB: Sun IEEE Boot Prom 'OBP 4.38.17 2019/01/25 08:22'
[    0.000023] PROMLIB: Root node compatible: sun4v
[    0.000057] Linux version 5.9.0-03936-gf888bdf9823c (mator@ttip) (gcc (Debian 10.2.0-23) 10.2.0, GNU ld (GNU Binutils for Debian) 2.35.1) #131 SMP Mon Dec 7 19:02:05 MSK 2020
[    0.000338] printk: bootconsole [earlyprom0] enabled
[    0.000384] ARCH: SUN4V
[    0.000424] Ethernet address: 00:14:4f:fa:06:f2
[    0.000472] MM: PAGE_OFFSET is 0xfff8000000000000 (max_phys_bits == 47)
[    0.000530] MM: VMALLOC [0x0000000100000000 --> 0x0006000000000000]
[    0.000585] MM: VMEMMAP [0x0006000000000000 --> 0x000c000000000000]
[    0.012166] Kernel: Using 4 locked TLB entries for main kernel image.
[    0.012230] Remapping the kernel... 
[    0.012250] done.
[    0.036016] OF stdout device is: /virtual-devices@100/console@1
[    0.036073] PROM: Built device tree with 65673 bytes of memory.
[    0.036126] MDESC: Size is 29712 bytes.
[    0.036218] PLATFORM: banner-name [SPARC T5-2]
[    0.036259] PLATFORM: name [ORCL,SPARC-T5-2]
[    0.036301] PLATFORM: hostid [84fa06f2]
[    0.036337] PLATFORM: serial# [0035260e]
[    0.036374] PLATFORM: stick-frequency [3b9aca00]
[    0.036416] PLATFORM: mac-address [144ffa06f2]
[    0.036456] PLATFORM: watchdog-resolution [1000 ms]
[    0.036501] PLATFORM: watchdog-max-timeout [31536000000 ms]
[    0.036550] PLATFORM: max-cpus [1024]
[    0.036630] Top of RAM: 0x2af948000, Total RAM: 0x27f386000
[    0.036681] Memory hole size: 773MB
[    0.038291] Allocated 24576 bytes for kernel page tables.
[    0.038361] Zone ranges:
[    0.038394]   Normal   [mem 0x0000000030400000-0x00000002af947fff]
[    0.038453] Movable zone start for each node
[    0.038493] Early memory node ranges
[    0.038526]   node   0: [mem 0x0000000030400000-0x000000006febffff]
[    0.038584]   node   0: [mem 0x000000006ff40000-0x000000006ff47fff]
[    0.038638]   node   0: [mem 0x0000000070000000-0x00000002af8b5fff]
[    0.038695]   node   0: [mem 0x00000002af940000-0x00000002af947fff]
[    0.044587] Zeroed struct page in unavailable ranges: 132669 pages
[    0.044593] Initmem setup node 0 [mem 0x0000000030400000-0x00000002af947fff]
[    0.044732] On node 0 totalpages: 1309123
[    0.044736]   Normal zone: 11508 pages used for memmap
[    0.044739]   Normal zone: 0 pages reserved
[    0.044742]   Normal zone: 1309123 pages, LIFO batch:31
[    0.086144] Booting Linux...
[    0.086217] CPU CAPS: [flush,stbar,swap,muldiv,v9,blkinit,n2,mul32]
[    0.086300] CPU CAPS: [div32,v8plus,popc,vis,vis2,ASIBlkInit,fmaf,vis3]
[    0.087380] CPU CAPS: [hpc,ima,pause,cbcond,aes,des,kasumi,camellia]
[    0.087452] CPU CAPS: [md5,sha1,sha256,sha512,mpmul,montmul,montsqr,crc32c]
[    0.135921] percpu: Embedded 19 pages/cpu s114904 r8192 d32552 u262144
[    0.136132] pcpu-alloc: s114904 r8192 d32552 u262144 alloc=1*4194304
[    0.136137] pcpu-alloc: [0] 000 001 002 003 004 005 006 007 008 009 010 011 012 013 014 015 
[    0.136172] pcpu-alloc: [0] 016 017 018 019 020 021 022 023 024 025 026 027 028 029 030 031 
[    0.136207] pcpu-alloc: [0] 032 033 034 035 036 037 038 039 040 041 042 043 044 045 046 047 
[    0.136241] pcpu-alloc: [0] 048 049 050 051 052 053 054 055 056 057 058 059 060 061 062 063 
[    0.136276] pcpu-alloc: [0] 064 065 066 067 068 069 070 071 072 073 074 075 076 077 078 079 
[    0.136310] pcpu-alloc: [0] 080 081 082 083 084 085 086 087 088 089 090 091 092 093 094 095 
[    0.136345] pcpu-alloc: [0] 096 097 098 099 100 101 102 103 104 105 106 107 108 109 110 111 
[    0.136379] pcpu-alloc: [0] 112 113 114 115 116 117 118 119 120 121 122 123 124 125 126 127 
[    0.136413] pcpu-alloc: [0] 128 129 130 131 132 133 134 135 136 137 138 139 140 141 142 143 
[    0.136447] pcpu-alloc: [0] 144 145 146 147 148 149 150 151 152 153 154 155 156 157 158 159 
[    0.136482] pcpu-alloc: [0] 160 161 162 163 164 165 166 167 168 169 170 171 172 173 174 175 
[    0.136516] pcpu-alloc: [0] 176 177 178 179 180 181 182 183 184 185 186 187 188 189 190 191 
[    0.136550] pcpu-alloc: [0] 192 193 194 195 196 197 198 199 200 201 202 203 204 205 206 207 
[    0.136584] pcpu-alloc: [0] 208 209 210 211 212 213 214 215 216 217 218 219 220 221 222 223 
[    0.136618] pcpu-alloc: [0] 224 225 226 227 228 229 230 231 232 233 234 235 236 237 238 239 
[    0.136652] pcpu-alloc: [0] 240 241 242 243 244 245 246 247 248 249 250 251 252 253 254 255 
[    0.137075] SUN4V: Mondo queue sizes [cpu(131072) dev(16384) r(8192) nr(256)]
[    0.137375] Built 1 zonelists, mobility grouping on.  Total pages: 1297615
[    0.137439] Kernel command line: BOOT_IMAGE=/vmlinux-5.9.0-03936-gf888bdf9823c root=/dev/vdiska2 ro zswap.enabled=1
[    0.138956] printk: log_buf_len individual max cpu contribution: 4096 bytes
[    0.139021] printk: log_buf_len total cpu_extra contributions: 1044480 bytes
[    0.139084] printk: log_buf_len min size: 131072 bytes
[    0.140896] printk: log_buf_len: 2097152 bytes
[    0.140940] printk: early log buf free: 126568(96%)
[    0.142594] Dentry cache hash table entries: 2097152 (order: 11, 16777216 bytes, linear)
[    0.143495] Inode-cache hash table entries: 1048576 (order: 10, 8388608 bytes, linear)
[    0.143564] Sorting __ex_table...
[    0.143805] mem auto-init: stack:off, heap alloc:off, heap free:off
[    0.163947] Memory: 10249248K/10472984K available (7846K kernel code, 1522K rwdata, 1944K rodata, 600K init, 413K bss, 223736K reserved, 0K cma-reserved)
[    0.164104] random: get_random_u64 called from __kmem_cache_create+0x20/0x520 with crng_init=0
[    0.165125] SLUB: HWalign=32, Order=0-3, MinObjects=0, CPUs=256, Nodes=1
[    0.165570] ftrace: allocating 24053 entries in 47 pages
[    0.174624] ftrace: allocated 47 pages with 5 groups
[    0.177152] rcu: Hierarchical RCU implementation.
[    0.177201] 	Trampoline variant of Tasks RCU enabled.
[    0.177246] 	Rude variant of Tasks RCU enabled.
[    0.177289] 	Tracing variant of Tasks RCU enabled.
[    0.177332] rcu: RCU calculated value of scheduler-enlistment delay is 26 jiffies.
[    0.180612] NR_IRQS: 2048, nr_irqs: 2048, preallocated irqs: 1
[    0.180684] SUN4V: Using IRQ API major 3, cookie only virqs enabled
[    0.183346] clocksource: stick: mask: 0xffffffffffffffff max_cycles: 0x1cd42e4dffb, max_idle_ns: 881590591483 ns
[    0.183465] clocksource: mult[800000] shift[23]
[    0.183508] clockevent: mult[80000000] shift[31]
[    0.183924] Console: colour dummy device 80x25
[    0.183972] printk: console [tty0] enabled
[    0.184012] printk: bootconsole [earlyprom0] disabled
[    0.263592] Calibrating delay using timer specific routine.. 2001.07 BogoMIPS (lpj=4002146)
[    0.263601] pid_max: default: 262144 minimum: 2048
[    0.263975] LSM: Security Framework initializing
[    0.264174] Mount-cache hash table entries: 32768 (order: 5, 262144 bytes, linear)
[    0.264209] Mountpoint-cache hash table entries: 32768 (order: 5, 262144 bytes, linear)
[    0.265859] rcu: Hierarchical SRCU implementation.
[    0.268859] smp: Bringing up secondary CPUs ...
[    0.276644] smp: Brought up 1 node, 24 CPUs
[    0.278419] devtmpfs: initialized
[    0.279182] Performance events: 
[    0.279203] Testing NMI watchdog ... 
[    0.359278] OK.
[    0.359297] Supported PMU type is 'niagara5'
[    0.359559] ldc.c:v1.1 (July 22, 2008)
[    0.359713] clocksource: jiffies: mask: 0xffffffff max_cycles: 0xffffffff, max_idle_ns: 7645041785100000 ns
[    0.359734] futex hash table entries: 65536 (order: 9, 4194304 bytes, linear)
[    0.361912] NET: Registered protocol family 16
[    0.363088] VIO: Adding device channel-devices (tx_ino = ffffffffffffffff, rx_ino = ffffffffffffffff)
[    0.363119] VIO: Adding device vnet-port-0-0 (tx_ino = 0, rx_ino = 1)
[    0.363142] VIO: Adding device vnet-port-0-1 (tx_ino = 2, rx_ino = 3)
[    0.363163] VIO: Adding device vnet-port-0-2 (tx_ino = 4, rx_ino = 5)
[    0.363183] VIO: Adding device vnet-port-0-3 (tx_ino = 6, rx_ino = 7)
[    0.363203] VIO: Adding device vnet-port-0-4 (tx_ino = 8, rx_ino = 9)
[    0.363224] VIO: Adding device vdc-port-2-0 (tx_ino = a, rx_ino = b)
[    0.363244] VIO: Adding device vdc-port-1-0 (tx_ino = c, rx_ino = d)
[    0.363263] VIO: Adding device vdc-port-0-0 (tx_ino = e, rx_ino = f)
[    0.363290] VIO: Adding device vlds-port-0-0 (tx_ino = 10, rx_ino = 11)
[    0.363317] VIO: Adding device domain-services-port-0 (tx_ino = 10, rx_ino = 11)
[    0.363396] audit: initializing netlink subsys (disabled)
[    0.363477] audit: type=2000 audit(0.176:1): state=initialized audit_enabled=0 res=1
[    0.368624] HugeTLB registered 64.0 KiB page size, pre-allocated 0 pages
[    0.368631] HugeTLB registered 8.00 MiB page size, pre-allocated 0 pages
[    0.368637] HugeTLB registered 256 MiB page size, pre-allocated 0 pages
[    0.368642] HugeTLB registered 2.00 GiB page size, pre-allocated 0 pages
[    0.933997] NetLabel: Initializing
[    0.934009] NetLabel:  domain hash size = 128
[    0.934013] NetLabel:  protocols = UNLABELED CIPSOv4 CALIPSO
[    0.934038] NetLabel:  unlabeled traffic allowed by default
[    0.934278] SUN4V: Reboot data supported (maj=1,min=0).
[    0.934382] ds.c:v1.0 (Jul 11, 2007)
[    0.934507] ds-0: ds_conn_reset() from send_events
[    0.934773] clocksource: Switched to clocksource stick
[    0.986258] VFS: Disk quotas dquot_6.6.0
[    0.986360] VFS: Dquot-cache hash table entries: 1024 (order 0, 8192 bytes)
[    0.988941] NET: Registered protocol family 2
[    0.990061] tcp_listen_portaddr_hash hash table entries: 8192 (order: 4, 131072 bytes, linear)
[    0.990157] TCP established hash table entries: 131072 (order: 7, 1048576 bytes, linear)
[    0.990619] TCP bind hash table entries: 65536 (order: 7, 1048576 bytes, linear)
[    0.991076] TCP: Hash tables configured (established 131072 bind 65536)
[    0.991600] UDP hash table entries: 8192 (order: 5, 262144 bytes, linear)
[    0.991723] UDP-Lite hash table entries: 8192 (order: 5, 262144 bytes, linear)
[    0.992646] NET: Registered protocol family 1
[    0.992660] NET: Registered protocol family 44
[    0.992776] Trying to unpack rootfs image as initramfs...
[    1.154762] Freeing initrd memory: 23448K
[    1.158851] Initialise system trusted keyrings
[    1.158875] Key type blacklist registered
[    1.158942] workingset: timestamp_bits=46 max_order=21 bucket_order=0
[    1.161568] zbud: loaded
[    1.162508] SGI XFS with ACLs, security attributes, realtime, quota, no debug enabled
[    1.164281] Key type asymmetric registered
[    1.164288] Asymmetric key parser 'x509' registered
[    1.164308] Block layer SCSI generic (bsg) driver version 0.4 loaded (major 252)
[    1.164570] io scheduler mq-deadline registered
[    1.165046] f029b788: ttyHV0 at I/O 0x0 (irq = 1, base_baud = 115200) is a SUN4V HCONS
[    1.165325] printk: console [ttyHV0] enabled
[    1.166160] sunvdc.c:v1.2 (November 24, 2014)
[    1.167788] sunvdc: Virtual Hard disk vdiskc
[    1.167796] sunvdc: vdiskc: 104857600 sectors (51200 MB) protocol 1.2
[    1.174185] sunvdc: Virtual Hard disk vdiskb
[    1.174194] sunvdc: vdiskb: 62914560 sectors (30720 MB) protocol 1.2
[    1.174592]  vdiskb: vdiskb1
[    1.180735] sunvdc: Virtual Hard disk vdiska
[    1.180743] sunvdc: vdiska: 31457280 sectors (15360 MB) protocol 1.2
[    1.181167]  vdiska: vdiska1 vdiska2 vdiska3 vdiska4
[    1.186117] Silicon Labs C2 port support v. 0.51.0 - (C) 2007 Rodolfo Giometti
[    1.186431] rtc-sun4v rtc-sun4v: registered as rtc0
[    1.186470] rtc-sun4v rtc-sun4v: setting system clock to 2020-12-07T20:24:58 UTC (1607372698)
[    1.187192] NET: Registered protocol family 10
[    1.200765] Segment Routing with IPv6
[    1.200797] mip6: Mobile IPv6
[    1.200805] NET: Registered protocol family 17
[    1.200907] registered taskstats version 1
[    1.200917] Loading compiled-in X.509 certificates
[    1.200989] zswap: loaded using pool lzo/zbud
[    1.202406] This architecture does not have kernel memory protection.
[    1.202418] Run /init as init process
[    1.202424]   with arguments:
[    1.202427]     /init
[    1.202430]   with environment:
[    1.202433]     HOME=/
[    1.202435]     TERM=linux
[    1.202438]     BOOT_IMAGE=/vmlinux-5.9.0-03936-gf888bdf9823c
[    1.362706] sunvnet_common: module verification failed: signature and/or required key missing - tainting kernel
[    1.363939] sunvnet: sunvnet 2.0 (February 3, 2017)
[    1.364883] vnet_port vnet-port-0-0 eth0: Sun LDOM vnet 00:14:4f:f8:12:a3
[    1.364966] sunvnet: eth0: PORT ( remote-mac 00:14:4f:fa:f3:f0 switch-port )
[    1.365129] sunvnet: eth0: PORT ( remote-mac 00:14:4f:f9:b4:97 )
[    1.365277] sunvnet: eth0: PORT ( remote-mac 00:14:4f:f8:e5:f3 )
[    1.365433] sunvnet: eth0: PORT ( remote-mac 00:14:4f:f8:3f:1e )
[    1.365578] sunvnet: eth0: PORT ( remote-mac 00:14:4f:f9:8b:83 )
[    1.370898] crc32c_sparc64: Using sparc64 crc32c opcode optimized CRC32C implementation
[    1.374713] random: lvm: uninitialized urandom read (4 bytes read)
[    1.393978] device-mapper: uevent: version 1.0.3
[    1.394127] device-mapper: ioctl: 4.43.0-ioctl (2020-10-01) initialised: dm-devel@redhat.com
[    1.396545] random: lvm: uninitialized urandom read (2 bytes read)
[    1.699847] xor: automatically using best checksumming function   Niagara   
[    1.766750] raid6: int64x8  gen()  2162 MB/s
[    1.834742] raid6: int64x8  xor()  1516 MB/s
[    1.902741] raid6: int64x4  gen()  3388 MB/s
[    1.970737] raid6: int64x4  xor()  1456 MB/s
[    2.038752] raid6: int64x2  gen()  3359 MB/s
[    2.106753] raid6: int64x2  xor()  1144 MB/s
[    2.174745] raid6: int64x1  gen()  1377 MB/s
[    2.242765] raid6: int64x1  xor()   713 MB/s
[    2.242772] raid6: using algorithm int64x4 gen() 3388 MB/s
[    2.242778] raid6: .... xor() 1456 MB/s, rmw enabled
[    2.242783] raid6: using intx1 recovery algorithm
[    2.274381] random: fast init done
[    2.343680] EXT4-fs (vdiska2): mounted filesystem with ordered data mode. Opts: (null)
[    4.019982] systemd[1]: Inserted module 'autofs4'
[    4.098128] systemd[1]: systemd 247.1-3 running in system mode. (+PAM +AUDIT +SELINUX +IMA +APPARMOR +SMACK +SYSVINIT +UTMP +LIBCRYPTSETUP +GCRYPT +GNUTLS +ACL +XZ +LZ4 +ZSTD -SECCOMP +BLKID +ELFUTILS +KMOD +IDN2 -IDN +PCRE2 default-hierarchy=hybrid)
[    4.098390] systemd[1]: Detected architecture sparc64.
[    4.144101] systemd[1]: Set hostname to <ttip>.
[    4.428675] systemd-sysv-generator[334]: SysV service '/etc/init.d/xinetd' lacks a native systemd unit file. Automatically generating a unit file for compatibility. Please update package to include a native systemd unit file, in order to make it more safe and robust.
[    4.718039] systemd-sysv-generator[334]: SysV service '/etc/init.d/rng-tools-debian' lacks a native systemd unit file. Automatically generating a unit file for compatibility. Please update package to include a native systemd unit file, in order to make it more safe and robust.
[    4.720185] systemd-sysv-generator[334]: SysV service '/etc/init.d/arpalert' lacks a native systemd unit file. Automatically generating a unit file for compatibility. Please update package to include a native systemd unit file, in order to make it more safe and robust.
[    4.740290] systemd-sysv-generator[334]: SysV service '/etc/init.d/vmtouch' lacks a native systemd unit file. Automatically generating a unit file for compatibility. Please update package to include a native systemd unit file, in order to make it more safe and robust.
[    4.787436] systemd-sysv-generator[334]: SysV service '/etc/init.d/mysql' lacks a native systemd unit file. Automatically generating a unit file for compatibility. Please update package to include a native systemd unit file, in order to make it more safe and robust.
[    5.133240] random: lvmconfig: uninitialized urandom read (4 bytes read)
[    6.271192] systemd[1]: Queued start job for default target Multi-User System.
[    6.271854] random: systemd: uninitialized urandom read (16 bytes read)
[    6.316020] systemd[1]: Created slice system-getty.slice.
[    6.316282] random: systemd: uninitialized urandom read (16 bytes read)
[    6.321619] systemd[1]: Created slice system-modprobe.slice.
[    6.321743] random: systemd: uninitialized urandom read (16 bytes read)
[    6.327220] systemd[1]: Created slice system-openvpn\x2dclient.slice.
[    6.333254] systemd[1]: Created slice system-postfix.slice.
[    6.338662] systemd[1]: Created slice system-systemd\x2dfsck.slice.
[    6.344097] systemd[1]: Created slice User and Session Slice.
[    6.344348] systemd[1]: Started Dispatch Password Requests to Console Directory Watch.
[    6.344571] systemd[1]: Started Forward Password Requests to Wall Directory Watch.
[    6.345634] systemd[1]: Set up automount Arbitrary Executable File Formats File System Automount Point.
[    6.345838] systemd[1]: Reached target Local Encrypted Volumes.
[    6.346019] systemd[1]: Reached target Paths.
[    6.346162] systemd[1]: Reached target Slices.
[    6.346454] systemd[1]: Listening on Device-mapper event daemon FIFOs.
[    6.346760] systemd[1]: Listening on LVM2 poll daemon socket.
[    6.359150] systemd[1]: Listening on RPCbind Server Activation Socket.
[    6.359854] systemd[1]: Listening on Syslog Socket.
[    6.360169] systemd[1]: Listening on fsck to fsckd communication Socket.
[    6.360391] systemd[1]: Listening on initctl Compatibility Named Pipe.
[    6.360818] systemd[1]: Listening on Journal Audit Socket.
[    6.361105] systemd[1]: Listening on Journal Socket (/dev/log).
[    6.361452] systemd[1]: Listening on Journal Socket.
[    6.361810] systemd[1]: Listening on udev Control Socket.
[    6.362068] systemd[1]: Listening on udev Kernel Socket.
[    6.368583] systemd[1]: Mounting Huge Pages File System...
[    6.375121] systemd[1]: Mounting POSIX Message Queue File System...
[    6.381806] systemd[1]: Mounting RPC Pipe File System...
[    6.388302] systemd[1]: Mounting Kernel Debug File System...
[    6.394840] systemd[1]: Mounting Kernel Trace File System...
[    6.395138] systemd[1]: Condition check resulted in Kernel Module supporting RPCSEC_GSS being skipped.
[    6.395522] systemd[1]: Finished Availability of block devices.
[    6.402085] systemd[1]: Starting Wait for network to be configured by ifupdown...
[    6.408818] systemd[1]: Starting Create list of static device nodes for the current kernel...
[    6.415395] systemd[1]: Starting Monitoring of LVM2 mirrors, snapshots etc. using dmeventd or progress polling...
[    6.421349] systemd[1]: Starting Load Kernel Module configfs...
[    6.427250] systemd[1]: Starting Load Kernel Module drm...
[    6.433374] systemd[1]: Starting Load Kernel Module fuse...
[    6.441290] systemd[1]: Starting nftables...
[    6.457136] systemd[1]: Condition check resulted in Set Up Additional Binary Formats being skipped.
[    6.457302] systemd[1]: Condition check resulted in File System Check on Root Device being skipped.
[    6.465212] systemd[1]: Starting Journal Service...
[    6.488255] systemd[1]: Starting Load Kernel Modules...
[    6.495145] systemd[1]: Starting Remount Root and Kernel File Systems...
[    6.501489] systemd[1]: Starting Coldplug All udev Devices...
[    6.505624] systemd[1]: Mounted Huge Pages File System.
[    6.505938] systemd[1]: Mounted POSIX Message Queue File System.
[    6.506196] systemd[1]: run-rpc_pipefs.mount: Mount process exited, code=exited, status=32/n/a
[    6.506215] systemd[1]: run-rpc_pipefs.mount: Failed with result 'exit-code'.
[    6.507194] systemd[1]: Failed to mount RPC Pipe File System.
[    6.507357] systemd[1]: Dependency failed for RPC security service for NFS client and server.
[    6.507449] systemd[1]: rpc-gssd.service: Job rpc-gssd.service/start failed with result 'dependency'.
[    6.507471] systemd[1]: Dependency failed for RPC security service for NFS server.
[    6.507558] systemd[1]: rpc-svcgssd.service: Job rpc-svcgssd.service/start failed with result 'dependency'.
[    6.507786] systemd[1]: Mounted Kernel Debug File System.
[    6.508042] systemd[1]: Mounted Kernel Trace File System.
[    6.509108] systemd[1]: Finished Wait for network to be configured by ifupdown.
[    6.510278] systemd[1]: Finished Create list of static device nodes for the current kernel.
[    6.510880] systemd[1]: modprobe@configfs.service: Succeeded.
[    6.511670] systemd[1]: Finished Load Kernel Module configfs.
[    6.512235] systemd[1]: modprobe@drm.service: Succeeded.
[    6.513020] systemd[1]: Finished Load Kernel Module drm.
[    6.513440] systemd[1]: Reached target NFS client services.
[    6.520006] systemd[1]: Mounting Kernel Configuration File System...
[    6.525721] systemd[1]: Mounted Kernel Configuration File System.
[    6.551209] systemd[1]: Finished Load Kernel Modules.
[    6.553185] EXT4-fs (vdiska2): re-mounted. Opts: errors=remount-ro
[    6.558500] systemd[1]: Starting Apply Kernel Variables...
[    6.561930] systemd[1]: Finished Remount Root and Kernel File Systems.
[    6.563265] systemd[1]: Finished Monitoring of LVM2 mirrors, snapshots etc. using dmeventd or progress polling.
[    6.578273] fuse: init (API version 7.31)
[    6.628589] systemd[1]: Starting Initial Check File System Quotas...
[    6.649449] systemd[1]: Condition check resulted in Rebuild Hardware Database being skipped.
[    6.649608] systemd[1]: Condition check resulted in Platform Persistent Storage Archival being skipped.
[    6.656179] systemd[1]: Starting Load/Save Random Seed...
[    6.663573] systemd[1]: Starting Create System Users...
[    6.664325] systemd[1]: Started Journal Service.
[    8.524686] sha1_sparc64: Using sparc64 sha1 opcode optimized SHA-1 implementation
[    8.541792] sha256_sparc64: Using sparc64 sha256 opcode optimized SHA-256/SHA-224 implementation
[    8.587818] sha512_sparc64: Using sparc64 sha512 opcode optimized SHA-512/SHA-384 implementation
[    8.594547] n2rng v0.3 (Jan 7, 2017)
[    8.594568] n2rng f029b104: Registered RNG HVAPI major 2 minor 0
[    8.594580] n2rng f029b104: Found multi-unit-capable RNG, units: 2
[    8.594605] n2rng f029b104: RNG ready
[    8.606384] md5_sparc64: Using sparc64 md5 opcode optimized MD5 implementation
[    8.653531] aes_sparc64: Using sparc64 aes opcodes optimized AES implementation
[    8.701277] XFS (dm-0): Mounting V5 Filesystem
[    8.749027] des_sparc64: Using sparc64 des opcodes optimized DES implementation
[    8.771579] camellia_sparc64: Using sparc64 camellia opcodes optimized CAMELLIA implementation
[    8.932210] XFS (dm-0): Ending clean mount
[    8.933189] xfs filesystem being mounted at /1 supports timestamps until 2038 (0x7fffffff)
[    8.990750] Adding 787176k swap on /dev/vdiska4.  Priority:-2 extents:1 across:787176k FS
[    9.322872] random: crng init done
[    9.322890] random: 4 urandom warning(s) missed due to ratelimiting
[    9.350711] EXT4-fs (vdiska1): mounting ext3 file system using the ext4 subsystem
[    9.574041] EXT4-fs (vdiska1): mounted filesystem with ordered data mode. Opts: (null)
[    9.574223] ext3 filesystem being mounted at /boot supports timestamps until 2038 (0x7fffffff)
