[    0.000017] PROMLIB: Sun IEEE Boot Prom 'OBP 4.38.12 2018/03/28 14:54'
[    0.000029] PROMLIB: Root node compatible: sun4v
[    0.000078] Linux version 5.5.0-04369-gaac96626713f (mator@ttip) (gcc version 9.2.1 20200123 (Debian 9.2.1-25)) #1347 SMP Thu Jan 30 18:50:57 MSK 2020
[    0.000395] printk: bootconsole [earlyprom0] enabled
[    0.000447] ARCH: SUN4V
[    0.000495] Ethernet address: 00:14:4f:fa:06:f2
[    0.000546] MM: PAGE_OFFSET is 0xfff8000000000000 (max_phys_bits == 47)
[    0.000611] MM: VMALLOC [0x0000000100000000 --> 0x0006000000000000]
[    0.000671] MM: VMEMMAP [0x0006000000000000 --> 0x000c000000000000]
[    0.012375] Kernel: Using 5 locked TLB entries for main kernel image.
[    0.012447] Remapping the kernel... 
[    0.012474] done.
[    0.045961] OF stdout device is: /virtual-devices@100/console@1
[    0.046024] PROM: Built device tree with 88003 bytes of memory.
[    0.046083] MDESC: Size is 36960 bytes.
[    0.046200] PLATFORM: banner-name [SPARC T5-2]
[    0.046250] PLATFORM: name [ORCL,SPARC-T5-2]
[    0.046296] PLATFORM: hostid [84fa06f2]
[    0.046337] PLATFORM: serial# [0035260e]
[    0.047381] PLATFORM: stick-frequency [3b9aca00]
[    0.047428] PLATFORM: mac-address [144ffa06f2]
[    0.047476] PLATFORM: watchdog-resolution [1000 ms]
[    0.047525] PLATFORM: watchdog-max-timeout [31536000000 ms]
[    0.047581] PLATFORM: max-cpus [1024]
[    0.047689] Top of RAM: 0x24af938000, Total RAM: 0x87f354000
[    0.047750] Memory hole size: 115461MB
[    0.052403] Allocated 40960 bytes for kernel page tables.
[    0.052489] Zone ranges:
[    0.052529]   Normal   [mem 0x0000000030400000-0x00000024af937fff]
[    0.052591] Movable zone start for each node
[    0.052637] Early memory node ranges
[    0.052677]   node   0: [mem 0x0000000030400000-0x000000006fe7ffff]
[    0.052740]   node   0: [mem 0x000000006ff00000-0x000000006ff25fff]
[    0.052802]   node   0: [mem 0x0000000070000000-0x000000042fffffff]
[    0.052862]   node   0: [mem 0x0000002030000000-0x00000024af87ffff]
[    0.052922]   node   0: [mem 0x00000024af900000-0x00000024af925fff]
[    0.052983]   node   0: [mem 0x00000024af930000-0x00000024af937fff]
[    0.060369] Zeroed struct page in unavailable ranges: 230130 pages
[    0.060378] Initmem setup node 0 [mem 0x0000000030400000-0x00000024af937fff]
[    0.060537] On node 0 totalpages: 4454826
[    0.060547]   Normal zone: 39154 pages used for memmap
[    0.060552]   Normal zone: 0 pages reserved
[    0.060558]   Normal zone: 4454826 pages, LIFO batch:31
[    0.071403] Booting Linux...
[    0.071485] CPU CAPS: [flush,stbar,swap,muldiv,v9,blkinit,n2,mul32]
[    0.071568] CPU CAPS: [div32,v8plus,popc,vis,vis2,ASIBlkInit,fmaf,vis3]
[    0.071644] CPU CAPS: [hpc,ima,pause,cbcond,aes,des,kasumi,camellia]
[    0.071717] CPU CAPS: [md5,sha1,sha256,sha512,mpmul,montmul,montsqr,crc32c]
[    0.101655] percpu: Embedded 27 pages/cpu s182344 r8192 d30648 u262144
[    0.101912] pcpu-alloc: s182344 r8192 d30648 u262144 alloc=1*4194304
[    0.101920] pcpu-alloc: [0] 000 001 002 003 004 005 006 007 008 009 010 011 012 013 014 015 
[    0.101948] pcpu-alloc: [0] 016 017 018 019 020 021 022 023 024 025 026 027 028 029 030 031 
[    0.101976] pcpu-alloc: [0] 032 033 034 035 036 037 038 039 040 041 042 043 044 045 046 047 
[    0.102004] pcpu-alloc: [0] 048 049 050 051 052 053 054 055 056 057 058 059 060 061 062 063 
[    0.102032] pcpu-alloc: [0] 064 065 066 067 068 069 070 071 072 073 074 075 076 077 078 079 
[    0.102059] pcpu-alloc: [0] 080 081 082 083 084 085 086 087 088 089 090 091 092 093 094 095 
[    0.102087] pcpu-alloc: [0] 096 097 098 099 100 101 102 103 104 105 106 107 108 109 110 111 
[    0.102115] pcpu-alloc: [0] 112 113 114 115 116 117 118 119 120 121 122 123 124 125 126 127 
[    0.102642] SUN4V: Mondo queue sizes [cpu(131072) dev(16384) r(8192) nr(256)]
[    0.103008] Built 1 zonelists, mobility grouping on.  Total pages: 4415672
[    0.103097] Kernel command line: BOOT_IMAGE=/vmlinux-5.5.0-04369-gaac96626713f root=/dev/vdiska2 ro zswap.enabled=1
[    0.105510] printk: log_buf_len individual max cpu contribution: 4096 bytes
[    0.105582] printk: log_buf_len total cpu_extra contributions: 520192 bytes
[    0.105648] printk: log_buf_len min size: 131072 bytes
[    0.105921] printk: log_buf_len: 1048576 bytes
[    0.105972] printk: early log buf free: 126648(96%)
[    0.112289] Dentry cache hash table entries: 8388608 (order: 13, 67108864 bytes, linear)
[    0.115527] Inode-cache hash table entries: 4194304 (order: 12, 33554432 bytes, linear)
[    0.115603] Sorting __ex_table...
[    0.115849] mem auto-init: stack:off, heap alloc:off, heap free:off
[    0.174502] Memory: 1305232K/35638608K available (7655K kernel code, 1034K rwdata, 2296K rodata, 632K init, 6742K bss, 508880K reserved, 0K cma-reserved)
[    0.175127] SLUB: HWalign=32, Order=0-3, MinObjects=0, CPUs=128, Nodes=1
[    0.175411] ftrace: allocating 21454 entries in 42 pages
[    0.183848] ftrace: allocated 42 pages with 3 groups
[    0.186613] Running RCU self tests
[    0.186681] rcu: Hierarchical RCU implementation.
[    0.186733] rcu: 	RCU event tracing is enabled.
[    0.186780] rcu: 	RCU lockdep checking is enabled.
[    0.186831] 	Tasks RCU enabled.
[    0.186868] rcu: RCU calculated value of scheduler-enlistment delay is 10 jiffies.
[    0.191061] NR_IRQS: 2048, nr_irqs: 2048, preallocated irqs: 1
[    0.191140] SUN4V: Using IRQ API major 3, cookie only virqs enabled
[    0.193572] clocksource: stick: mask: 0xffffffffffffffff max_cycles: 0x1cd42e4dffb, max_idle_ns: 881590591483 ns
[    0.193702] clocksource: mult[800000] shift[23]
[    0.193752] clockevent: mult[80000000] shift[31]
[    0.194267] Console: colour dummy device 80x25
[    0.194330] printk: console [tty0] enabled
[    0.194405] printk: bootconsole [earlyprom0] disabled
[    0.194488] Lock dependency validator: Copyright (c) 2006 Red Hat, Inc., Ingo Molnar
[    0.194536] ... MAX_LOCKDEP_SUBCLASSES:  8
[    0.194566] ... MAX_LOCK_DEPTH:          48
[    0.194596] ... MAX_LOCKDEP_KEYS:        8192
[    0.194627] ... CLASSHASH_SIZE:          4096
[    0.194658] ... MAX_LOCKDEP_ENTRIES:     16384
[    0.194690] ... MAX_LOCKDEP_CHAINS:      32768
[    0.194721] ... CHAINHASH_SIZE:          16384
[    0.194752]  memory used by lock dependency info: 3855 kB
[    0.194788]  memory used for stack traces: 2112 kB
[    0.194821]  per task-struct memory footprint: 1920 bytes
[    0.344162] Calibrating delay using timer specific routine.. 2008.39 BogoMIPS (lpj=10041991)
[    0.344232] pid_max: default: 131072 minimum: 1024
[    0.344518] LSM: Security Framework initializing
[    0.344670] AppArmor: AppArmor initialized
[    0.344942] Mount-cache hash table entries: 131072 (order: 7, 1048576 bytes, linear)
[    0.345107] Mountpoint-cache hash table entries: 131072 (order: 7, 1048576 bytes, linear)
[    0.345236] *** VALIDATE tmpfs ***
[    0.346097] *** VALIDATE proc ***
[    0.346596] *** VALIDATE cgroup1 ***
[    0.346627] *** VALIDATE cgroup2 ***
[    0.348710] rcu: Hierarchical SRCU implementation.
[    0.356706] smp: Bringing up secondary CPUs ...
[    0.400460] smp: Brought up 1 node, 32 CPUs
[    0.591016] node 0 initialised, 4228062 pages in 190ms
[    0.592305] devtmpfs: initialized
[    0.597023] Performance events: 
[    0.597069] Testing NMI watchdog ... 
[    0.797153] OK.
[    0.797282] Supported PMU type is 'niagara5'
[    0.797480] random: get_random_u32 called from bucket_table_alloc.isra.0+0x188/0x1c0 with crng_init=0
[    0.798191] ldc.c:v1.1 (July 22, 2008)
[    0.800578] clocksource: jiffies: mask: 0xffffffff max_cycles: 0xffffffff, max_idle_ns: 19112604462750000 ns
[    0.800667] futex hash table entries: 32768 (order: 9, 4194304 bytes, linear)
[    0.805704] NET: Registered protocol family 16
[    0.814089] VIO: Adding device channel-devices (tx_ino = ffffffffffffffff, rx_ino = ffffffffffffffff)
[    0.814303] VIO: Adding device vnet-port-0-0 (tx_ino = 0, rx_ino = 1)
[    0.814503] VIO: Adding device vnet-port-0-1 (tx_ino = 2, rx_ino = 3)
[    0.814670] VIO: Adding device vnet-port-0-2 (tx_ino = 4, rx_ino = 5)
[    0.814841] VIO: Adding device vnet-port-0-4 (tx_ino = 8, rx_ino = 9)
[    0.815007] VIO: Adding device vnet-port-0-5 (tx_ino = a, rx_ino = b)
[    0.815172] VIO: Adding device vnet-port-0-6 (tx_ino = c, rx_ino = d)
[    0.815336] VIO: Adding device vdc-port-3-0 (tx_ino = e, rx_ino = f)
[    0.815506] VIO: Adding device vdc-port-2-0 (tx_ino = 10, rx_ino = 11)
[    0.815671] VIO: Adding device vdc-port-1-0 (tx_ino = 12, rx_ino = 13)
[    0.815835] VIO: Adding device vdc-port-0-0 (tx_ino = 14, rx_ino = 15)
[    0.816005] VIO: Adding device vdc-port-4-0 (tx_ino = 16, rx_ino = 17)
[    0.816171] VIO: Adding device vlds-port-0-0 (tx_ino = 18, rx_ino = 19)
[    0.816338] VIO: Adding device domain-services-port-0 (tx_ino = 18, rx_ino = 19)
[    0.816616] audit: initializing netlink subsys (disabled)
[    0.816890] audit: type=2000 audit(0.420:1): state=initialized audit_enabled=0 res=1
[    0.841948] HugeTLB registered 64.0 KiB page size, pre-allocated 0 pages
[    0.842002] HugeTLB registered 8.00 MiB page size, pre-allocated 0 pages
[    0.842047] HugeTLB registered 256 MiB page size, pre-allocated 0 pages
[    0.842092] HugeTLB registered 2.00 GiB page size, pre-allocated 0 pages
[    0.843672] alg: extra crypto tests enabled.  This is intended for developer use only.
[    0.869602] cryptd: max_cpu_qlen set to 1000
[    0.978595] NetLabel: Initializing
[    0.978634] NetLabel:  domain hash size = 128
[    0.978667] NetLabel:  protocols = UNLABELED CIPSOv4 CALIPSO
[    0.978792] NetLabel:  unlabeled traffic allowed by default
[    0.979744] SUN4V: Reboot data supported (maj=1,min=0).
[    0.980107] ds.c:v1.0 (Jul 11, 2007)
[    0.980448] ds-0: ds_conn_reset() from send_events.isra.0
[    0.981912] clocksource: Switched to clocksource stick
[    1.179788] *** VALIDATE bpf ***
[    1.181039] VFS: Disk quotas dquot_6.6.0
[    1.181163] VFS: Dquot-cache hash table entries: 1024 (order 0, 8192 bytes)
[    1.181379] *** VALIDATE ramfs ***
[    1.181433] *** VALIDATE hugetlbfs ***
[    1.183104] AppArmor: AppArmor Filesystem Enabled
[    1.196527] NET: Registered protocol family 2
[    1.198291] tcp_listen_portaddr_hash hash table entries: 32768 (order: 8, 2359296 bytes, linear)
[    1.201221] TCP established hash table entries: 524288 (order: 9, 4194304 bytes, linear)
[    1.203245] TCP bind hash table entries: 65536 (order: 9, 4194304 bytes, linear)
[    1.209317] TCP: Hash tables configured (established 524288 bind 65536)
[    1.211733] UDP hash table entries: 32768 (order: 9, 5242880 bytes, linear)
[    1.218105] UDP-Lite hash table entries: 32768 (order: 9, 5242880 bytes, linear)
[    1.226021] NET: Registered protocol family 1
[    1.226083] NET: Registered protocol family 44
[    1.226743] Trying to unpack rootfs image as initramfs...
[    1.422851] Freeing initrd memory: 14768K
[    1.423803] aes_sparc64: Using sparc64 aes opcodes optimized AES implementation
[    1.725637] des_sparc64: Using sparc64 des opcodes optimized DES implementation
[    2.244428] camellia_sparc64: Using sparc64 camellia opcodes optimized CAMELLIA implementation
[    2.446662] workingset: timestamp_bits=46 max_order=23 bucket_order=0
[    2.467240] SGI XFS with ACLs, security attributes, quota, fatal assert, debug enabled
[    2.473241] *** VALIDATE xfs ***
[    2.488082] Block layer SCSI generic (bsg) driver version 0.4 loaded (major 252)
[    2.488891] io scheduler mq-deadline registered
[    2.491580] f029b788: ttyHV0 at I/O 0x0 (irq = 1, base_baud = 115200) is a SUN4V HCONS
[    2.498470] printk: console [ttyHV0] enabled
[    2.502071] sunvdc.c:v1.2 (November 24, 2014)
[    2.503647] sunvdc: Virtual CDROM vdiskd
[    2.503689] sunvdc: vdiskd: 403160 sectors (196 MB) protocol 1.2
[    2.505398]  vdiskd: vdiskd1 vdiskd2 vdiskd3 vdiskd4 vdiskd5 vdiskd6 vdiskd7
[    2.525511] sunvdc: Virtual Hard disk vdiskc
[    2.525555] sunvdc: vdiskc: 104857600 sectors (51200 MB) protocol 1.2
[    2.544885] sunvdc: Virtual Hard disk vdiskb
[    2.544935] sunvdc: vdiskb: 62914560 sectors (30720 MB) protocol 1.2
[    2.546346]  vdiskb: vdiskb1
[    2.564781] sunvdc: Virtual Hard disk vdiska
[    2.564832] sunvdc: vdiska: 31457280 sectors (15360 MB) protocol 1.2
[    2.566411]  vdiska: vdiska1 vdiska2 vdiska3 vdiska4
[    2.585428] sunvdc: Virtual Hard disk vdiske
[    2.585469] sunvdc: vdiske: 20971520 sectors (10240 MB) protocol 1.2
[    2.586806]  vdiske: vdiske1 vdiske2
[    2.603947] sunvnet: sunvnet 2.0 (February 3, 2017)
[    2.606079] vnet_port vnet-port-0-0 eth0: Sun LDOM vnet 00:14:4f:f8:12:a3
[    2.606301] sunvnet: eth0: PORT ( remote-mac 00:14:4f:fa:f3:f0 switch-port )
[    2.606657] sunvnet: eth0: PORT ( remote-mac 00:14:4f:f8:e5:f3 )
[    2.606991] sunvnet: eth0: PORT ( remote-mac 00:14:4f:f9:b4:97 )
[    2.607324] sunvnet: eth0: PORT ( remote-mac 00:14:4f:f8:3f:1e )
[    2.607673] sunvnet: eth0: PORT ( remote-mac 00:14:4f:f8:fe:47 )
[    2.608144] sunvnet: eth0: PORT ( remote-mac 00:14:4f:f9:8b:83 )
[    2.609335] rtc-sun4v rtc-sun4v: registered as rtc0
[    2.609860] sun4v_wdt: initialized (timeout=60s, nowayout=0)
[    2.610237] device-mapper: uevent: version 1.0.3
[    2.611201] device-mapper: ioctl: 4.41.0-ioctl (2019-09-16) initialised: dm-devel@redhat.com
[    2.612252] NET: Registered protocol family 17
[    2.612823] registered taskstats version 1
[    2.620218] zswap: default zpool zbud not available
[    2.620272] zswap: pool creation failed
[    2.951313] Key type big_key registered
[    2.951382] AppArmor: AppArmor sha1 policy hashing enabled
[    2.952217] rtc-sun4v rtc-sun4v: setting system clock to 2020-01-30T15:55:24 UTC (1580399724)
[    2.956653] This architecture does not have kernel memory protection.
[    2.956702] Run /init as init process
[    3.457735] crc32c_sparc64: Using sparc64 crc32c opcode optimized CRC32C implementation
[    3.563042] md127: WARNING: vdiske1 appears to be on the same physical disk as vdiske2.
[    3.563144] True protection against single-disk failure might be compromised.
[    3.563940] md/raid1:md127: active with 2 out of 2 mirrors
[    3.564236] md127: detected capacity change from 0 to 26148864
[    3.624546] random: fast init done
[    4.351895] raid6: int64x8  gen()  2156 MB/s
[    4.521867] raid6: int64x8  xor()  1535 MB/s
[    4.691882] raid6: int64x4  gen()  3415 MB/s
[    4.861883] raid6: int64x4  xor()  1476 MB/s
[    5.031879] raid6: int64x2  gen()  2785 MB/s
[    5.201881] raid6: int64x2  xor()  1164 MB/s
[    5.371896] raid6: int64x1  gen()  1366 MB/s
[    5.541870] raid6: int64x1  xor()   665 MB/s
[    5.541922] raid6: using algorithm int64x4 gen() 3415 MB/s
[    5.541962] raid6: .... xor() 1476 MB/s, rmw enabled
[    5.542000] raid6: using intx1 recovery algorithm
[    5.542927] async_tx: api initialized (async)
[    5.543508] xor: automatically using best checksumming function   Niagara   
[    5.755721] EXT4-fs (vdiska2): mounted filesystem with ordered data mode. Opts: (null)
[    7.784420] systemd[1]: Inserted module 'autofs4'
[    7.796794] NET: Registered protocol family 10
[    7.802943] Segment Routing with IPv6
[    7.985531] systemd[1]: systemd 244.1-1 running in system mode. (+PAM +AUDIT +SELINUX +IMA +APPARMOR +SMACK +SYSVINIT +UTMP +LIBCRYPTSETUP +GCRYPT +GNUTLS +ACL +XZ +LZ4 -SECCOMP +BLKID +ELFUTILS +KMOD +IDN2 -IDN +PCRE2 default-hierarchy=hybrid)
[    7.986164] systemd[1]: Detected architecture sparc64.
[    8.099610] systemd[1]: Set hostname to <ttip>.
[    8.131656] systemd[1]: Couldn't move remaining userspace processes, ignoring: Input/output error
[    8.999064] random: lvmconfig: uninitialized urandom read (4 bytes read)
[   10.026741] systemd[1]: /lib/systemd/system/dbus.socket:5: ListenStream= references a path below legacy directory /var/run/, updating /var/run/dbus/system_bus_socket â†’ /run/dbus/system_bus_socket; please update the unit file accordingly.
[   10.383692] random: systemd: uninitialized urandom read (16 bytes read)
[   10.394624] systemd[1]: Created slice system-getty.slice.
[   10.395347] random: systemd: uninitialized urandom read (16 bytes read)
[   10.398859] systemd[1]: Created slice system-openvpn\x2dclient.slice.
[   10.399289] random: systemd: uninitialized urandom read (16 bytes read)
[   10.402830] systemd[1]: Created slice system-postfix.slice.
[   10.408043] systemd[1]: Created slice system-systemd\x2dfsck.slice.
[   10.411877] systemd[1]: Created slice User and Session Slice.
[   10.412834] systemd[1]: Started Dispatch Password Requests to Console Directory Watch.
[   10.413661] systemd[1]: Started Forward Password Requests to Wall Directory Watch.
[   10.415807] systemd[1]: Set up automount Arbitrary Executable File Formats File System Automount Point.
[   10.416372] systemd[1]: Reached target Local Encrypted Volumes.
[   10.416850] systemd[1]: Reached target Paths.
[   10.417288] systemd[1]: Reached target Remote File Systems.
[   10.417726] systemd[1]: Reached target Slices.
[   10.418634] systemd[1]: Listening on Device-mapper event daemon FIFOs.
[   10.419741] systemd[1]: Listening on LVM2 poll daemon socket.
[   10.433487] systemd[1]: Listening on Syslog Socket.
[   10.434614] systemd[1]: Listening on fsck to fsckd communication Socket.
[   10.435380] systemd[1]: Listening on initctl Compatibility Named Pipe.
[   10.436637] systemd[1]: Listening on Journal Audit Socket.
[   10.437619] systemd[1]: Listening on Journal Socket (/dev/log).
[   10.438784] systemd[1]: Listening on Journal Socket.
[   10.439870] systemd[1]: Listening on udev Control Socket.
[   10.440704] systemd[1]: Listening on udev Kernel Socket.
[   10.450601] systemd[1]: Mounting Huge Pages File System...
[   10.459280] systemd[1]: Mounting POSIX Message Queue File System...
[   10.468038] systemd[1]: Mounting Kernel Debug File System...
[   10.476544] systemd[1]: Starting Availability of block devices...
[   10.488679] systemd[1]: Starting Wait for network to be configured by ifupdown...
[   10.497098] systemd[1]: Starting Create list of static device nodes for the current kernel...
[   10.505751] systemd[1]: Starting Monitoring of LVM2 mirrors, snapshots etc. using dmeventd or progress polling...
[   10.513982] systemd[1]: Starting nftables...
[   10.571089] systemd[1]: Condition check resulted in Set Up Additional Binary Formats being skipped.
[   10.571325] systemd[1]: Condition check resulted in File System Check on Root Device being skipped.
[   10.582717] systemd[1]: Starting Journal Service...
[   10.657358] systemd[1]: Starting Load Kernel Modules...
[   10.665654] systemd[1]: Starting Remount Root and Kernel File Systems...
[   10.675024] systemd[1]: Starting udev Coldplug all Devices...
[   10.682262] systemd[1]: Mounted Huge Pages File System.
[   10.683756] systemd[1]: Mounted POSIX Message Queue File System.
[   10.685137] systemd[1]: Mounted Kernel Debug File System.
[   10.692641] systemd[1]: Started Availability of block devices.
[   10.699035] systemd[1]: Started Wait for network to be configured by ifupdown.
[   10.705068] systemd[1]: Started Create list of static device nodes for the current kernel.
[   10.739139] EXT4-fs (vdiska2): re-mounted. Opts: errors=remount-ro
[   10.746833] systemd[1]: Started Load Kernel Modules.
[   10.748409] systemd[1]: Condition check resulted in FUSE Control File System being skipped.
[   10.748764] systemd[1]: Condition check resulted in Kernel Configuration File System being skipped.
[   10.756869] systemd[1]: Starting Apply Kernel Variables...
[   10.771240] systemd[1]: Started Remount Root and Kernel File Systems.
[   10.838113] systemd[1]: Starting Initial Check File System Quotas...
[   10.891758] systemd[1]: Condition check resulted in Rebuild Hardware Database being skipped.
[   10.900224] systemd[1]: Starting Load/Save Random Seed...
[   10.909213] systemd[1]: Starting Create System Users...
[   10.910892] systemd[1]: Started Journal Service.
[   11.001214] systemd-journald[573]: Received client request to flush runtime journal.
[   12.971411] sha1_sparc64: Using sparc64 sha1 opcode optimized SHA-1 implementation
[   13.112962] n2rng v0.3 (Jan 7, 2017)
[   13.113048] n2rng f029b104: Registered RNG HVAPI major 2 minor 0
[   13.113113] n2rng f029b104: Found multi-unit-capable RNG, units: 2
[   13.114257] n2rng f029b104: RNG ready
[   13.174790] pktcdvd: setup of pktcdvd device failed
[   13.189226] sha256_sparc64: Using sparc64 sha256 opcode optimized SHA-256/SHA-224 implementation
[   13.219894] pktcdvd: setup of pktcdvd device failed
[   13.223191] pktcdvd: setup of pktcdvd device failed
[   13.226503] pktcdvd: setup of pktcdvd device failed
[   13.230335] pktcdvd: setup of pktcdvd device failed
[   13.234155] pktcdvd: setup of pktcdvd device failed
[   13.237733] pktcdvd: setup of pktcdvd device failed
[   13.241520] pktcdvd: setup of pktcdvd device failed
[   13.369515] sha512_sparc64: Using sparc64 sha512 opcode optimized SHA-512/SHA-384 implementation
[   13.373370] md5_sparc64: Using sparc64 md5 opcode optimized MD5 implementation
[   13.602048] Adding 787176k swap on /dev/vdiska4.  Priority:-2 extents:1 across:787176k FS
[   13.812238] XFS (dm-0): Mounting V5 Filesystem
[   14.098039] XFS (dm-0): Ending clean mount
[   14.100954] xfs filesystem being mounted at /1 supports timestamps until 2038 (0x7fffffff)
[   14.154379] EXT4-fs (vdiska1): mounting ext3 file system using the ext4 subsystem
[   14.415505] EXT4-fs (vdiska1): mounted filesystem with ordered data mode. Opts: (null)
[   14.415699] ext3 filesystem being mounted at /boot supports timestamps until 2038 (0x7fffffff)
[   15.342377] random: crng init done
[   15.342513] random: 6 urandom warning(s) missed due to ratelimiting
[   15.707171] Kernel unaligned access at TPC[88a378] aa_dfa_unpack+0x38/0x5a0
[   15.707315] Kernel unaligned access at TPC[88a398] aa_dfa_unpack+0x58/0x5a0
[   15.707388] Kernel unaligned access at TPC[88a454] aa_dfa_unpack+0x114/0x5a0
[   15.707464] Kernel unaligned access at TPC[88a534] aa_dfa_unpack+0x1f4/0x5a0
[   15.707539] Kernel unaligned access at TPC[88a548] aa_dfa_unpack+0x208/0x5a0
[   15.709428] audit: type=1400 audit(1580399737.240:2): apparmor="STATUS" operation="profile_load" profile="unconfined" name="/usr/sbin/haveged" pid=762 comm="apparmor_parser"
[   15.717454] audit: type=1400 audit(1580399737.250:3): apparmor="STATUS" operation="profile_load" profile="unconfined" name="nvidia_modprobe" pid=763 comm="apparmor_parser"
[   15.717624] audit: type=1400 audit(1580399737.250:4): apparmor="STATUS" operation="profile_load" profile="unconfined" name="nvidia_modprobe//kmod" pid=763 comm="apparmor_parser"
[   15.726367] audit: type=1400 audit(1580399737.260:5): apparmor="STATUS" operation="profile_load" profile="unconfined" name="lsb_release" pid=767 comm="apparmor_parser"
[   15.881497] audit: type=1400 audit(1580399737.410:6): apparmor="STATUS" operation="profile_load" profile="unconfined" name="/usr/bin/man" pid=764 comm="apparmor_parser"
[   15.881665] audit: type=1400 audit(1580399737.410:7): apparmor="STATUS" operation="profile_load" profile="unconfined" name="man_filter" pid=764 comm="apparmor_parser"
[   15.881826] audit: type=1400 audit(1580399737.410:8): apparmor="STATUS" operation="profile_load" profile="unconfined" name="man_groff" pid=764 comm="apparmor_parser"
[   16.321425] audit: type=1400 audit(1580399737.850:9): apparmor="STATUS" operation="profile_load" profile="unconfined" name="/usr/sbin/named" pid=766 comm="apparmor_parser"
[   16.351207] audit: type=1400 audit(1580399737.880:10): apparmor="STATUS" operation="profile_load" profile="unconfined" name="/usr/sbin/tcpdump" pid=765 comm="apparmor_parser"
