[    0.000019] PROMLIB: Sun IEEE Boot Prom 'OBP 4.38.12 2018/03/28 14:54'
[    0.000031] PROMLIB: Root node compatible: sun4v
[    0.000079] Linux version 5.3.0-rc1-00276-gf3f1938bb673-dirty (mator@ttip.nvglabs.local) (gcc version 9.2.1 20190909 (Debian 9.2.1-8)) #1265 SMP Wed Oct 9 11:30:35 MSK 2019
[    0.000413] printk: bootconsole [earlyprom0] enabled
[    0.000465] ARCH: SUN4V
[    0.000515] Ethernet address: 00:14:4f:fa:06:f2
[    0.000566] MM: PAGE_OFFSET is 0xfff8000000000000 (max_phys_bits == 47)
[    0.000632] MM: VMALLOC [0x0000000100000000 --> 0x0006000000000000]
[    0.000693] MM: VMEMMAP [0x0006000000000000 --> 0x000c000000000000]
[    0.012298] Kernel: Using 5 locked TLB entries for main kernel image.
[    0.012367] Remapping the kernel... 
[    0.012391] done.
[    0.046936] OF stdout device is: /virtual-devices@100/console@1
[    0.046999] PROM: Built device tree with 87467 bytes of memory.
[    0.047059] MDESC: Size is 37248 bytes.
[    0.047176] PLATFORM: banner-name [SPARC T5-2]
[    0.047227] PLATFORM: name [ORCL,SPARC-T5-2]
[    0.047272] PLATFORM: hostid [84fa06f2]
[    0.047316] PLATFORM: serial# [0035260e]
[    0.047357] PLATFORM: stick-frequency [3b9aca00]
[    0.047405] PLATFORM: mac-address [144ffa06f2]
[    0.047451] PLATFORM: watchdog-resolution [1000 ms]
[    0.047502] PLATFORM: watchdog-max-timeout [31536000000 ms]
[    0.047557] PLATFORM: max-cpus [1024]
[    0.047625] Top of RAM: 0x24af938000, Total RAM: 0x87f354000
[    0.047684] Memory hole size: 115461MB
[    0.099275] kmemleak: Kernel memory leak detector disabled
[    0.275500] Allocated 35708928 bytes for kernel page tables.
[    0.275582] Zone ranges:
[    0.275621]   Normal   [mem 0x0000000030400000-0x00000024af937fff]
[    0.275685] Movable zone start for each node
[    0.275730] Early memory node ranges
[    0.275770]   node   0: [mem 0x0000000030400000-0x000000006fe7ffff]
[    0.275836]   node   0: [mem 0x000000006ff00000-0x000000006ff25fff]
[    0.275898]   node   0: [mem 0x0000000070000000-0x000000042fffffff]
[    0.275960]   node   0: [mem 0x0000002030000000-0x00000024af87ffff]
[    0.276023]   node   0: [mem 0x00000024af900000-0x00000024af925fff]
[    0.276085]   node   0: [mem 0x00000024af930000-0x00000024af937fff]
[    0.283488] Zeroed struct page in unavailable ranges: 230130 pages
[    0.283495] Initmem setup node 0 [mem 0x0000000030400000-0x00000024af937fff]
[    0.283654] On node 0 totalpages: 4454826
[    0.283664]   Normal zone: 39154 pages used for memmap
[    0.283670]   Normal zone: 0 pages reserved
[    0.283676]   Normal zone: 4454826 pages, LIFO batch:31
[    0.294457] Booting Linux...
[    0.294541] CPU CAPS: [flush,stbar,swap,muldiv,v9,blkinit,n2,mul32]
[    0.294624] CPU CAPS: [div32,v8plus,popc,vis,vis2,ASIBlkInit,fmaf,vis3]
[    0.294702] CPU CAPS: [hpc,ima,pause,cbcond,aes,des,kasumi,camellia]
[    0.294774] CPU CAPS: [md5,sha1,sha256,sha512,mpmul,montmul,montsqr,crc32c]
[    0.327809] percpu: Embedded 27 pages/cpu s180168 r8192 d32824 u262144
[    0.328044] pcpu-alloc: s180168 r8192 d32824 u262144 alloc=1*4194304
[    0.328051] pcpu-alloc: [0] 000 001 002 003 004 005 006 007 008 009 010 011 012 013 014 015 
[    0.328078] pcpu-alloc: [0] 016 017 018 019 020 021 022 023 024 025 026 027 028 029 030 031 
[    0.328105] pcpu-alloc: [0] 032 033 034 035 036 037 038 039 040 041 042 043 044 045 046 047 
[    0.328132] pcpu-alloc: [0] 048 049 050 051 052 053 054 055 056 057 058 059 060 061 062 063 
[    0.328160] pcpu-alloc: [0] 064 065 066 067 068 069 070 071 072 073 074 075 076 077 078 079 
[    0.328187] pcpu-alloc: [0] 080 081 082 083 084 085 086 087 088 089 090 091 092 093 094 095 
[    0.328213] pcpu-alloc: [0] 096 097 098 099 100 101 102 103 104 105 106 107 108 109 110 111 
[    0.328241] pcpu-alloc: [0] 112 113 114 115 116 117 118 119 120 121 122 123 124 125 126 127 
[    0.328767] SUN4V: Mondo queue sizes [cpu(131072) dev(16384) r(8192) nr(256)]
[    0.329213] Built 1 zonelists, mobility grouping on.  Total pages: 4415672
[    0.329301] Kernel command line: BOOT_IMAGE=/vmlinux-5.3.0-rc1-00276-gf3f1938bb673-dirty root=/dev/vdiska2 ro zswap.enabled=1
[    0.331682] printk: log_buf_len individual max cpu contribution: 4096 bytes
[    0.331752] printk: log_buf_len total cpu_extra contributions: 520192 bytes
[    0.331820] printk: log_buf_len min size: 131072 bytes
[    0.332137] printk: log_buf_len: 1048576 bytes
[    0.332190] printk: early log buf free: 126552(96%)
[    0.341798] Dentry cache hash table entries: 8388608 (order: 13, 67108864 bytes, linear)
[    0.346693] Inode-cache hash table entries: 4194304 (order: 12, 33554432 bytes, linear)
[    0.346774] Sorting __ex_table...
[    0.347022] mem auto-init: stack:off, heap alloc:off, heap free:off
[    0.410063] Memory: 1305232K/35638608K available (7259K kernel code, 946K rwdata, 2144K rodata, 1008K init, 6667K bss, 538968K reserved, 0K cma-reserved)
[    0.414249] SLUB: HWalign=32, Order=0-3, MinObjects=0, CPUs=128, Nodes=1
[    0.415853] ftrace: allocating 20959 entries in 41 pages
[    0.428577] Running RCU self tests
[    0.428623] rcu: Hierarchical RCU implementation.
[    0.428671] rcu: 	RCU event tracing is enabled.
[    0.428721] rcu: 	RCU lockdep checking is enabled.
[    0.428770] 	Tasks RCU enabled.
[    0.428808] rcu: RCU calculated value of scheduler-enlistment delay is 10 jiffies.
[    0.433587] NR_IRQS: 2048, nr_irqs: 2048, preallocated irqs: 1
[    0.433802] SUN4V: Using IRQ API major 3, cookie only virqs enabled
[    0.437336] clocksource: stick: mask: 0xffffffffffffffff max_cycles: 0x1cd42e4dffb, max_idle_ns: 881590591483 ns
[    0.437467] clocksource: mult[800000] shift[23]
[    0.437516] clockevent: mult[80000000] shift[31]
[    0.439129] Console: colour dummy device 80x25
[    0.439194] printk: console [tty0] enabled
[    0.439269] printk: bootconsole [earlyprom0] disabled
[    0.439355] Lock dependency validator: Copyright (c) 2006 Red Hat, Inc., Ingo Molnar
[    0.439403] ... MAX_LOCKDEP_SUBCLASSES:  8
[    0.439433] ... MAX_LOCK_DEPTH:          48
[    0.439463] ... MAX_LOCKDEP_KEYS:        8192
[    0.439493] ... CLASSHASH_SIZE:          4096
[    0.439524] ... MAX_LOCKDEP_ENTRIES:     16384
[    0.439554] ... MAX_LOCKDEP_CHAINS:      32768
[    0.439585] ... CHAINHASH_SIZE:          16384
[    0.439616]  memory used by lock dependency info: 3855 kB
[    0.439652]  per task-struct memory footprint: 1920 bytes
[    0.439987] kmemleak: Early log buffer exceeded (8358), please increase DEBUG_KMEMLEAK_EARLY_LOG_SIZE
[    0.587729] Calibrating delay using timer specific routine.. 2003.72 BogoMIPS (lpj=10018632)
[    0.587786] pid_max: default: 131072 minimum: 1024
[    0.589832] LSM: Security Framework initializing
[    0.590529] AppArmor: AppArmor initialized
[    0.591550] Mount-cache hash table entries: 131072 (order: 7, 1048576 bytes, linear)
[    0.591785] Mountpoint-cache hash table entries: 131072 (order: 7, 1048576 bytes, linear)
[    0.594767] *** VALIDATE proc ***
[    0.596235] *** VALIDATE cgroup1 ***
[    0.596267] *** VALIDATE cgroup2 ***
[    0.599501] rcu: Hierarchical SRCU implementation.
[    0.607813] smp: Bringing up secondary CPUs ...
[    0.657565] smp: Brought up 1 node, 32 CPUs
[    0.849348] node 0 initialised, 4224301 pages in 190ms
[    0.851159] devtmpfs: initialized
[    0.855887] Performance events: 
[    0.855938] Testing NMI watchdog ... 
[    1.056151] OK.
[    1.056314] Supported PMU type is 'niagara5'
[    1.056736] random: get_random_u32 called from bucket_table_alloc.isra.0+0x188/0x1c0 with crng_init=0
[    1.057502] ldc.c:v1.1 (July 22, 2008)
[    1.060086] clocksource: jiffies: mask: 0xffffffff max_cycles: 0xffffffff, max_idle_ns: 19112604462750000 ns
[    1.060178] futex hash table entries: 32768 (order: 9, 4194304 bytes, linear)
[    1.068038] NET: Registered protocol family 16
[    1.076054] VIO: Adding device channel-devices (tx_ino = ffffffffffffffff, rx_ino = ffffffffffffffff)
[    1.076257] VIO: Adding device vnet-port-0-0 (tx_ino = 0, rx_ino = 1)
[    1.076514] VIO: Adding device vnet-port-0-1 (tx_ino = 2, rx_ino = 3)
[    1.076687] VIO: Adding device vnet-port-0-2 (tx_ino = 4, rx_ino = 5)
[    1.076852] VIO: Adding device vnet-port-0-4 (tx_ino = 8, rx_ino = 9)
[    1.077015] VIO: Adding device vnet-port-0-5 (tx_ino = a, rx_ino = b)
[    1.077184] VIO: Adding device vnet-port-0-6 (tx_ino = c, rx_ino = d)
[    1.077347] VIO: Adding device vnet-port-0-3 (tx_ino = 6, rx_ino = 7)
[    1.077510] VIO: Adding device vdc-port-3-0 (tx_ino = e, rx_ino = f)
[    1.077677] VIO: Adding device vdc-port-2-0 (tx_ino = 10, rx_ino = 11)
[    1.077841] VIO: Adding device vdc-port-1-0 (tx_ino = 12, rx_ino = 13)
[    1.078004] VIO: Adding device vdc-port-0-0 (tx_ino = 14, rx_ino = 15)
[    1.078173] VIO: Adding device vdc-port-4-0 (tx_ino = 16, rx_ino = 17)
[    1.078337] VIO: Adding device vlds-port-0-0 (tx_ino = 18, rx_ino = 19)
[    1.078504] VIO: Adding device domain-services-port-0 (tx_ino = 18, rx_ino = 19)
[    1.078913] audit: initializing netlink subsys (disabled)
[    1.079224] audit: type=2000 audit(0.640:1): state=initialized audit_enabled=0 res=1
[    1.105787] HugeTLB registered 64.0 KiB page size, pre-allocated 0 pages
[    1.105835] HugeTLB registered 8.00 MiB page size, pre-allocated 0 pages
[    1.105880] HugeTLB registered 256 MiB page size, pre-allocated 0 pages
[    1.105925] HugeTLB registered 2.00 GiB page size, pre-allocated 0 pages
[    1.132424] alg: No test for lzo-rle (lzo-rle-generic)
[    1.132893] alg: No test for lzo-rle (lzo-rle-scomp)
[    1.165414] NetLabel: Initializing
[    1.165450] NetLabel:  domain hash size = 128
[    1.165482] NetLabel:  protocols = UNLABELED CIPSOv4 CALIPSO
[    1.165619] NetLabel:  unlabeled traffic allowed by default
[    1.166707] SUN4V: Reboot data supported (maj=1,min=0).
[    1.167350] ds.c:v1.0 (Jul 11, 2007)
[    1.167794] ds-0: ds_conn_reset() from send_events.isra.0
[    1.169317] clocksource: Switched to clocksource stick
[    1.373160] VFS: Disk quotas dquot_6.6.0
[    1.373918] VFS: Dquot-cache hash table entries: 1024 (order 0, 8192 bytes)
[    1.374274] *** VALIDATE hugetlbfs ***
[    1.377373] AppArmor: AppArmor Filesystem Enabled
[    1.391167] NET: Registered protocol family 2
[    1.394425] tcp_listen_portaddr_hash hash table entries: 32768 (order: 8, 2359296 bytes, linear)
[    1.397614] TCP established hash table entries: 524288 (order: 9, 4194304 bytes, linear)
[    1.399955] TCP bind hash table entries: 65536 (order: 9, 4194304 bytes, linear)
[    1.405789] TCP: Hash tables configured (established 524288 bind 65536)
[    1.408435] UDP hash table entries: 32768 (order: 9, 5242880 bytes, linear)
[    1.415168] UDP-Lite hash table entries: 32768 (order: 9, 5242880 bytes, linear)
[    1.424437] NET: Registered protocol family 1
[    1.424501] NET: Registered protocol family 44
[    1.426063] Trying to unpack rootfs image as initramfs...
[    1.710672] Freeing initrd memory: 10352K
[    1.726864] workingset: timestamp_bits=46 max_order=23 bucket_order=0
[    1.749396] SGI XFS with ACLs, security attributes, debug enabled
[    1.774675] Block layer SCSI generic (bsg) driver version 0.4 loaded (major 252)
[    1.775754] io scheduler mq-deadline registered
[    1.779284] f029b788: ttyHV0 at I/O 0x0 (irq = 1, base_baud = 115200) is a SUN4V HCONS
[    1.785954] printk: console [ttyHV0] enabled
[    1.790133] sunvdc.c:v1.2 (November 24, 2014)
[    1.793891] sunvdc: Virtual CDROM vdiskd
[    1.793933] sunvdc: vdiskd: 403160 sectors (196 MB) protocol 1.2
[    1.795257]  vdiskd: vdiskd1 vdiskd2 vdiskd3 vdiskd4 vdiskd5 vdiskd6 vdiskd7
[    1.819764] sunvdc: Virtual Hard disk vdiskc
[    1.819803] sunvdc: vdiskc: 104857600 sectors (51200 MB) protocol 1.2
[    1.841710] sunvdc: Virtual Hard disk vdiskb
[    1.841749] sunvdc: vdiskb: 62914560 sectors (30720 MB) protocol 1.2
[    1.842410]  vdiskb: vdiskb1
[    1.863922] sunvdc: Virtual Hard disk vdiska
[    1.863962] sunvdc: vdiska: 31457280 sectors (15360 MB) protocol 1.2
[    1.864676]  vdiska: vdiska1 vdiska2 vdiska3 vdiska4
[    1.887532] sunvdc: Virtual Hard disk vdiske
[    1.887573] sunvdc: vdiske: 20971520 sectors (10240 MB) protocol 1.2
[    1.889031]  vdiske: vdiske1 vdiske2 vdiske3
[    1.907773] sunvnet: sunvnet 2.0 (February 3, 2017)
[    1.910250] vnet_port vnet-port-0-0 eth0: Sun LDOM vnet 00:14:4f:f8:12:a3
[    1.910478] sunvnet: eth0: PORT ( remote-mac 00:14:4f:fa:f3:f0 switch-port )
[    1.911114] sunvnet: eth0: PORT ( remote-mac 00:14:4f:f8:e5:f3 )
[    1.911743] sunvnet: eth0: PORT ( remote-mac 00:14:4f:f9:b4:97 )
[    1.912372] sunvnet: eth0: PORT ( remote-mac 00:14:4f:f8:3f:1e )
[    1.912989] sunvnet: eth0: PORT ( remote-mac 00:14:4f:f8:fe:47 )
[    1.913608] sunvnet: eth0: PORT ( remote-mac 00:14:4f:f9:8b:83 )
[    1.914238] sunvnet: eth0: PORT ( remote-mac 00:14:4f:f9:6c:d1 )
[    1.915504] rtc-sun4v rtc-sun4v: registered as rtc0
[    1.916056] sun4v_wdt: initialized (timeout=60s, nowayout=0)
[    1.916441] device-mapper: uevent: version 1.0.3
[    1.917439] device-mapper: ioctl: 4.40.0-ioctl (2019-01-18) initialised: dm-devel@redhat.com
[    1.918673] NET: Registered protocol family 17
[    1.919898] registered taskstats version 1
[    1.927551] zswap: default zpool zbud not available
[    1.927602] zswap: pool creation failed
[    1.966547] Key type big_key registered
[    1.966610] AppArmor: AppArmor sha1 policy hashing enabled
[    1.967634] rtc-sun4v rtc-sun4v: setting system clock to 2019-10-09T12:48:40 UTC (1570625320)
[    1.971841] This architecture does not have kernel memory protection.
[    1.971888] Run /init as init process
[    2.477737] crc32c_sparc64: Using sparc64 crc32c opcode optimized CRC32C implementation
[    2.543981] random: fast init done
[    2.969210] raid6: int64x8  gen()  2172 MB/s
[    3.139212] raid6: int64x8  xor()  1570 MB/s
[    3.309201] raid6: int64x4  gen()  3478 MB/s
[    3.479193] raid6: int64x4  xor()  2005 MB/s
[    3.649183] raid6: int64x2  gen()  2867 MB/s
[    3.819202] raid6: int64x2  xor()  1997 MB/s
[    3.989206] raid6: int64x1  gen()  2854 MB/s
[    4.159198] raid6: int64x1  xor()  1626 MB/s
[    4.159245] raid6: using algorithm int64x4 gen() 3478 MB/s
[    4.159287] raid6: .... xor() 2005 MB/s, rmw enabled
[    4.159326] raid6: using intx1 recovery algorithm
[    4.160164] async_tx: api initialized (async)
[    4.160667] xor: automatically using best checksumming function   Niagara   
[    4.430685] EXT4-fs (vdiska2): mounted filesystem with ordered data mode. Opts: (null)
[    6.221918] systemd[1]: Inserted module 'autofs4'
[    6.234558] NET: Registered protocol family 10
[    6.241076] Segment Routing with IPv6
[    6.295496] systemd[1]: systemd 242 running in system mode. (+PAM +AUDIT +SELINUX +IMA +APPARMOR +SMACK +SYSVINIT +UTMP +LIBCRYPTSETUP +GCRYPT +GNUTLS +ACL +XZ +LZ4 -SECCOMP +BLKID +ELFUTILS +KMOD +IDN2 -IDN +PCRE2 default-hierarchy=hybrid)
[    6.296049] systemd[1]: Detected architecture sparc64.
[    6.362542] systemd[1]: Set hostname to <ttip.nvglabs.local>.
[    6.366461] systemd[1]: Failed to bump fs.file-max, ignoring: Invalid argument
[    7.343622] random: lvmconfig: uninitialized urandom read (4 bytes read)
[    8.287316] systemd[1]: /lib/systemd/system/dbus.socket:4: ListenStream= references a path below legacy directory /var/run/, updating /var/run/dbus/system_bus_socket → /run/dbus/system_bus_socket; please update the unit file accordingly.
[    8.626287] systemd[1]: /lib/systemd/system/pcscd.socket:4: ListenStream= references a path below legacy directory /var/run/, updating /var/run/pcscd/pcscd.comm → /run/pcscd/pcscd.comm; please update the unit file accordingly.
[    8.693717] random: systemd: uninitialized urandom read (16 bytes read)
[    8.703735] systemd[1]: Created slice system-systemd\x2dfsck.slice.
[    8.704835] random: systemd: uninitialized urandom read (16 bytes read)
[    8.705395] systemd[1]: Listening on Journal Audit Socket.
[    8.705861] random: systemd: uninitialized urandom read (16 bytes read)
[    8.706344] systemd[1]: Started Dispatch Password Requests to Console Directory Watch.
[    8.707174] systemd[1]: Listening on initctl Compatibility Named Pipe.
[    8.919413] EXT4-fs (vdiska2): re-mounted. Opts: errors=remount-ro
[    9.175009] systemd-journald[472]: Received request to flush runtime journal from PID 1
[   10.364144] sha1_sparc64: Using sparc64 sha1 opcode optimized SHA-1 implementation
[   10.401020] sha256_sparc64: Using sparc64 sha256 opcode optimized SHA-256/SHA-224 implementation
[   10.431718] sha512_sparc64: Using sparc64 sha512 opcode optimized SHA-512/SHA-384 implementation
[   10.453727] md5_sparc64: Using sparc64 md5 opcode optimized MD5 implementation
[   10.494783] aes_sparc64: Using sparc64 aes opcodes optimized AES implementation
[   10.511311] n2rng v0.3 (Jan 7, 2017)
[   10.511399] n2rng f029b104: Registered RNG HVAPI major 2 minor 0
[   10.511471] n2rng f029b104: Found multi-unit-capable RNG, units: 2
[   10.512387] n2rng f029b104: RNG ready
[   10.628820] des_sparc64: Using sparc64 des opcodes optimized DES implementation
[   10.672233] camellia_sparc64: Using sparc64 camellia opcodes optimized CAMELLIA implementation
[   10.672874] ------------[ cut here ]------------
[   10.672941] WARNING: CPU: 9 PID: 601 at drivers/block/pktcdvd.c:2597 pkt_setup_dev+0x2e4/0x5a0 [pktcdvd]
[   10.673007] Attempt to register a non-SCSI queue
[   10.673044] Modules linked in: camellia_sparc64(+) pktcdvd cdrom des_sparc64 des_generic n2_rng aes_sparc64 rng_core flash md5_sparc64 sha512_sparc64 sha256_sparc64 sha1_sparc64 ip_tables x_tables ipv6 crc_ccitt nf_defrag_ipv6 autofs4 ext4 crc16 mbcache jbd2 raid10 raid456 async_raid6_recov async_memcpy async_pq async_xor xor async_tx raid6_pq raid1 raid0 multipath linear md_mod crc32c_sparc64
[   10.673345] CPU: 9 PID: 601 Comm: pktsetup Not tainted 5.3.0-rc1-00276-gf3f1938bb673-dirty #1265
[   10.673411] Call Trace:
[   10.673446]  [0000000000463780] __warn+0xc0/0x100
[   10.673485]  [00000000004637f4] warn_slowpath_fmt+0x34/0x60
[   10.673530]  [000000001058b524] pkt_setup_dev+0x2e4/0x5a0 [pktcdvd]
[   10.673577]  [000000001058b874] pkt_ctl_ioctl+0x94/0x220 [pktcdvd]
[   10.673624]  [00000000006b5bc8] do_vfs_ioctl+0x628/0x6e0
[   10.673665]  [00000000006b5cc8] ksys_ioctl+0x48/0x80
[   10.673703]  [00000000006b5d14] sys_ioctl+0x14/0x40
[   10.673745]  [0000000000406294] linux_sparc_syscall+0x34/0x44
[   10.673788] irq event stamp: 4069
[   10.673822] hardirqs last  enabled at (4077): [<00000000004dc554>] console_unlock+0x634/0x6c0
[   10.673882] hardirqs last disabled at (4084): [<00000000004dc020>] console_unlock+0x100/0x6c0
[   10.673943] softirqs last  enabled at (0): [<0000000000460f50>] copy_process+0x450/0x1740
[   10.674002] softirqs last disabled at (0): [<0000000000000000>] 0x0
[   10.674048] ---[ end trace 70e5bebf2f2b84f0 ]---
[   10.674828] pktcdvd: setup of pktcdvd device failed
[   10.717646] pktcdvd: setup of pktcdvd device failed
[   10.721891] pktcdvd: setup of pktcdvd device failed
[   10.724919] pktcdvd: setup of pktcdvd device failed
[   10.727777] pktcdvd: setup of pktcdvd device failed
[   10.730873] pktcdvd: setup of pktcdvd device failed
[   10.733933] pktcdvd: setup of pktcdvd device failed
[   10.737147] pktcdvd: setup of pktcdvd device failed
[   12.017503] XFS (dm-0): Mounting V5 Filesystem
[   12.268059] XFS (dm-0): Ending clean mount
[   13.989328] Adding 787176k swap on /dev/vdiska4.  Priority:-2 extents:1 across:787176k FS
[   14.248402] EXT4-fs (vdiska1): mounting ext3 file system using the ext4 subsystem
[   14.261403] EXT4-fs (vdiska1): mounted filesystem with ordered data mode. Opts: (null)
[   15.330687] Kernel unaligned access at TPC[856eb8] aa_dfa_unpack+0x38/0x5a0
[   15.330800] Kernel unaligned access at TPC[856ed8] aa_dfa_unpack+0x58/0x5a0
[   15.330856] Kernel unaligned access at TPC[856f90] aa_dfa_unpack+0x110/0x5a0
[   15.330915] Kernel unaligned access at TPC[857070] aa_dfa_unpack+0x1f0/0x5a0
[   15.330970] Kernel unaligned access at TPC[857084] aa_dfa_unpack+0x204/0x5a0
[   15.954372] random: crng init done
[   15.954431] random: 6 urandom warning(s) missed due to ratelimiting
[   18.798403] tun: Universal TUN/TAP device driver, 1.6

[   19.979390] ======================================================
[   19.979398] WARNING: possible circular locking dependency detected
[   19.979407] 5.3.0-rc1-00276-gf3f1938bb673-dirty #1265 Tainted: G        W        
[   19.979415] ------------------------------------------------------
[   19.979422] iptables-restor/924 is trying to acquire lock:
[   19.979432] 00000000e343d363 (&table[i].mutex){+.+.}, at: nfnl_lock+0x24/0x40 [nfnetlink]
[   19.979453] 
               but task is already holding lock:
[   19.979460] 0000000031453f4f (&net->nft.commit_mutex){+.+.}, at: nf_tables_valid_genid+0x10/0x60 [nf_tables]
[   19.979486] 
               which lock already depends on the new lock.

[   19.979494] 
               the existing dependency chain (in reverse order) is:
[   19.979502] 
               -> #1 (&net->nft.commit_mutex){+.+.}:
[   19.979519]        __mutex_lock+0x48/0x940
[   19.979527]        mutex_lock_nested+0x1c/0x40
[   19.979538]        nf_tables_valid_genid+0x10/0x60 [nf_tables]
[   19.979546]        nfnetlink_rcv_batch+0x230/0x620 [nfnetlink]
[   19.979554]        nfnetlink_rcv+0x110/0x140 [nfnetlink]
[   19.979564]        netlink_unicast+0x128/0x200
[   19.979571]        netlink_sendmsg+0x334/0x380
[   19.979580]        sock_sendmsg+0x34/0x80
[   19.979587]        ___sys_sendmsg+0x234/0x260
[   19.979595]        __sys_sendmsg+0x48/0x80
[   19.979601]        sys_sendmsg+0x18/0x40
[   19.979612]        linux_sparc_syscall+0x34/0x44
[   19.979618] 
               -> #0 (&table[i].mutex){+.+.}:
[   19.979631]        __lock_acquire+0x1b60/0x2600
[   19.979638]        lock_acquire+0x1a4/0x1c0
[   19.979645]        __mutex_lock+0x48/0x940
[   19.979651]        mutex_lock_nested+0x1c/0x40
[   19.979658]        nfnl_lock+0x24/0x40 [nfnetlink]
[   19.979670]        ip_set_nfnl_get_byindex+0x19c/0x280 [ip_set]
[   19.979679]        set_match_v1_checkentry+0x14/0xc0 [xt_set]
[   19.979692]        xt_check_match+0x23c/0x280 [x_tables]
[   19.979702]        __nft_match_init+0x160/0x180 [nft_compat]
[   19.979709]        nft_match_init+0x18/0x40 [nft_compat]
[   19.979720]        nf_tables_newrule+0x51c/0x7a0 [nf_tables]
[   19.979728]        nfnetlink_rcv_batch+0x3dc/0x620 [nfnetlink]
[   19.979736]        nfnetlink_rcv+0x110/0x140 [nfnetlink]
[   19.979743]        netlink_unicast+0x128/0x200
[   19.979750]        netlink_sendmsg+0x334/0x380
[   19.979756]        sock_sendmsg+0x34/0x80
[   19.979763]        ___sys_sendmsg+0x234/0x260
[   19.979769]        __sys_sendmsg+0x48/0x80
[   19.979775]        sys_sendmsg+0x18/0x40
[   19.979782]        linux_sparc_syscall+0x34/0x44
[   19.979788] 
               other info that might help us debug this:

[   19.979796]  Possible unsafe locking scenario:

[   19.979803]        CPU0                    CPU1
[   19.979808]        ----                    ----
[   19.979813]   lock(&net->nft.commit_mutex);
[   19.979820]                                lock(&table[i].mutex);
[   19.979828]                                lock(&net->nft.commit_mutex);
[   19.979836]   lock(&table[i].mutex);
[   19.979842] 
                *** DEADLOCK ***

[   19.979850] 1 lock held by iptables-restor/924:
[   19.979856]  #0: 0000000031453f4f (&net->nft.commit_mutex){+.+.}, at: nf_tables_valid_genid+0x10/0x60 [nf_tables]
[   19.979873] 
               stack backtrace:
[   19.979881] CPU: 28 PID: 924 Comm: iptables-restor Tainted: G        W         5.3.0-rc1-00276-gf3f1938bb673-dirty #1265
[   19.979890] Call Trace:
[   19.979898]  [00000000004ccb00] print_circular_bug+0x1c0/0x1e0
[   19.979905]  [00000000004ccd2c] check_noncircular+0x20c/0x220
[   19.979913]  [00000000004d1600] __lock_acquire+0x1b60/0x2600
[   19.979920]  [00000000004d2a04] lock_acquire+0x1a4/0x1c0
[   19.979927]  [0000000000b13a68] __mutex_lock+0x48/0x940
[   19.979934]  [0000000000b1437c] mutex_lock_nested+0x1c/0x40
[   19.979942]  [00000000105f2024] nfnl_lock+0x24/0x40 [nfnetlink]
[   19.979951]  [00000000105ff2fc] ip_set_nfnl_get_byindex+0x19c/0x280 [ip_set]
[   19.979959]  [00000000106765b4] set_match_v1_checkentry+0x14/0xc0 [xt_set]
[   19.979969]  [000000001033481c] xt_check_match+0x23c/0x280 [x_tables]
[   19.979977]  [0000000010664c40] __nft_match_init+0x160/0x180 [nft_compat]
[   19.979985]  [0000000010664cf8] nft_match_init+0x18/0x40 [nft_compat]
[   19.979996]  [000000001062fd9c] nf_tables_newrule+0x51c/0x7a0 [nf_tables]
[   19.980004]  [00000000105f28bc] nfnetlink_rcv_batch+0x3dc/0x620 [nfnetlink]
[   19.980013]  [00000000105f2c10] nfnetlink_rcv+0x110/0x140 [nfnetlink]
[   19.980020]  [0000000000a0eb88] netlink_unicast+0x128/0x200
