[    0.000017] PROMLIB: Sun IEEE Boot Prom 'OBP 4.38.17 2019/01/25 08:22'
[    0.000040] PROMLIB: Root node compatible: sun4v
[    0.000096] Linux version 5.13.0-rc1-00102-gc7b5fd6faa1d (mator@ttip) (gcc (Debian 10.2.1-6) 10.2.1 20210110, GNU ld (GNU Binutils for Debian) 2.35.2) #252 SMP Sat Jul 3 00:16:32 MSK 2021
[    0.000572] printk: bootconsole [earlyprom0] enabled
[    0.000652] ARCH: SUN4V
[    0.000721] Ethernet address: 00:14:4f:fa:06:f2
[    0.000799] MM: PAGE_OFFSET is 0xfff8000000000000 (max_phys_bits == 47)
[    0.000898] MM: VMALLOC [0x0000000100000000 --> 0x0006000000000000]
[    0.000990] MM: VMEMMAP [0x0006000000000000 --> 0x000c000000000000]
[    0.022944] Kernel: Using 5 locked TLB entries for main kernel image.
[    0.023046] Remapping the kernel... 
[    0.023084] done.
[    0.086802] OF stdout device is: /virtual-devices@100/console@1
[    0.087236] PROM: Built device tree with 79473 bytes of memory.
[    0.087643] MDESC: Size is 29712 bytes.
[    0.088203] PLATFORM: banner-name [SPARC T5-2]
[    0.088461] PLATFORM: name [ORCL,SPARC-T5-2]
[    0.088692] PLATFORM: hostid [84fa06f2]
[    0.088900] PLATFORM: serial# [0035260e]
[    0.089098] PLATFORM: stick-frequency [3b9aca00]
[    0.089309] PLATFORM: mac-address [144ffa06f2]
[    0.089524] PLATFORM: watchdog-resolution [1000 ms]
[    0.089747] PLATFORM: watchdog-max-timeout [31536000000 ms]
[    0.089971] PLATFORM: max-cpus [1024]
[    0.090280] Top of RAM: 0x22f948000, Total RAM: 0x1ff382000
[    0.090506] Memory hole size: 773MB
[    0.099792] Allocated 24576 bytes for kernel page tables.
[    0.100237] Zone ranges:
[    0.100491]   Normal   [mem 0x0000000030400000-0x000000022f947fff]
[    0.100887] Movable zone start for each node
[    0.101141] Early memory node ranges
[    0.101350]   node   0: [mem 0x0000000030400000-0x000000006febffff]
[    0.101670]   node   0: [mem 0x000000006ff40000-0x000000006ff47fff]
[    0.101978]   node   0: [mem 0x0000000070000000-0x000000022f8b1fff]
[    0.102257]   node   0: [mem 0x000000022f940000-0x000000022f947fff]
[    0.102547] Initmem setup node 0 [mem 0x0000000030400000-0x000000022f947fff]
[    0.102842] On node 0 totalpages: 1046977
[    0.102867]   Normal zone: 9204 pages used for memmap
[    0.102885]   Normal zone: 0 pages reserved
[    0.102903]   Normal zone: 1046977 pages, LIFO batch:31
[    0.131510]   Normal zone: 132671 pages in unavailable ranges
[    0.131742] Booting Linux...
[    0.131884] CPU CAPS: [flush,stbar,swap,muldiv,v9,blkinit,n2,mul32]
[    0.132182] CPU CAPS: [div32,v8plus,popc,vis,vis2,ASIBlkInit,fmaf,vis3]
[    0.132443] CPU CAPS: [hpc,ima,pause,cbcond,aes,des,kasumi,camellia]
[    0.132703] CPU CAPS: [md5,sha1,sha256,sha512,mpmul,montmul,montsqr,crc32c]
[    0.395326] percpu: Embedded 20 pages/cpu s119504 r8192 d36144 u262144
[    0.395730] pcpu-alloc: s119504 r8192 d36144 u262144 alloc=1*4194304
[    0.395747] pcpu-alloc: [0] 000 001 002 003 004 005 006 007 008 009 010 011 012 013 014 015 
[    0.395851] pcpu-alloc: [0] 016 017 018 019 020 021 022 023 024 025 026 027 028 029 030 031 
[    0.395955] pcpu-alloc: [0] 032 033 034 035 036 037 038 039 040 041 042 043 044 045 046 047 
[    0.396053] pcpu-alloc: [0] 048 049 050 051 052 053 054 055 056 057 058 059 060 061 062 063 
[    0.396153] pcpu-alloc: [0] 064 065 066 067 068 069 070 071 072 073 074 075 076 077 078 079 
[    0.396256] pcpu-alloc: [0] 080 081 082 083 084 085 086 087 088 089 090 091 092 093 094 095 
[    0.396358] pcpu-alloc: [0] 096 097 098 099 100 101 102 103 104 105 106 107 108 109 110 111 
[    0.396462] pcpu-alloc: [0] 112 113 114 115 116 117 118 119 120 121 122 123 124 125 126 127 
[    0.396565] pcpu-alloc: [0] 128 129 130 131 132 133 134 135 136 137 138 139 140 141 142 143 
[    0.396669] pcpu-alloc: [0] 144 145 146 147 148 149 150 151 152 153 154 155 156 157 158 159 
[    0.396772] pcpu-alloc: [0] 160 161 162 163 164 165 166 167 168 169 170 171 172 173 174 175 
[    0.396878] pcpu-alloc: [0] 176 177 178 179 180 181 182 183 184 185 186 187 188 189 190 191 
[    0.396986] pcpu-alloc: [0] 192 193 194 195 196 197 198 199 200 201 202 203 204 205 206 207 
[    0.397094] pcpu-alloc: [0] 208 209 210 211 212 213 214 215 216 217 218 219 220 221 222 223 
[    0.397201] pcpu-alloc: [0] 224 225 226 227 228 229 230 231 232 233 234 235 236 237 238 239 
[    0.397309] pcpu-alloc: [0] 240 241 242 243 244 245 246 247 248 249 250 251 252 253 254 255 
[    0.398235] SUN4V: Mondo queue sizes [cpu(131072) dev(16384) r(8192) nr(256)]
[    0.398797] Built 1 zonelists, mobility grouping on.  Total pages: 1037773
[    0.398953] Kernel command line: BOOT_IMAGE=/vmlinux-5.13.0-rc1-00102-gc7b5fd6faa1d root=/dev/vdiska2 ro
[    0.399589] printk: log_buf_len individual max cpu contribution: 4096 bytes
[    0.399733] printk: log_buf_len total cpu_extra contributions: 1044480 bytes
[    0.399875] printk: log_buf_len min size: 131072 bytes
[    0.402734] printk: log_buf_len: 2097152 bytes
[    0.402845] printk: early log buf free: 126568(96%)
[    0.404323] Dentry cache hash table entries: 1048576 (order: 10, 8388608 bytes, linear)
[    0.405316] Inode-cache hash table entries: 524288 (order: 9, 4194304 bytes, linear)
[    0.405514] Sorting __ex_table...
[    0.406186] mem auto-init: stack:off, heap alloc:off, heap free:off
[    0.411483] Memory: 1261112K/8375816K available (8765K kernel code, 1696K rwdata, 2912K rodata, 632K init, 3134K bss, 205416K reserved, 0K cma-reserved)
[    0.411760] random: get_random_u64 called from kmem_cache_open+0xcc/0x3e0 with crng_init=0
[    0.413324] SLUB: HWalign=32, Order=0-3, MinObjects=0, CPUs=256, Nodes=1
[    0.414060] ftrace: allocating 27354 entries in 54 pages
[    0.451714] ftrace: allocated 54 pages with 4 groups
[    0.452770] trace event string verifier disabled
[    0.474368] rcu: Hierarchical RCU implementation.
[    0.474722] rcu: 	RCU debug extended QS entry/exit.
[    0.475058] 	Rude variant of Tasks RCU enabled.
[    0.475338] 	Tracing variant of Tasks RCU enabled.
[    0.475614] rcu: RCU calculated value of scheduler-enlistment delay is 26 jiffies.
[    0.512664] NR_IRQS: 2048, nr_irqs: 2048, preallocated irqs: 1
[    0.513176] SUN4V: Using IRQ API major 3, cookie only virqs enabled
[    0.534015] clocksource: stick: mask: 0xffffffffffffffff max_cycles: 0x1cd42e4dffb, max_idle_ns: 881590591483 ns
[    0.534734] clocksource: mult[800000] shift[23]
[    0.535028] clockevent: mult[80000000] shift[31]
[    0.537456] Console: colour dummy device 80x25
[    0.537757] printk: console [tty0] enabled
[    0.538104] printk: bootconsole [earlyprom0] disabled
[    0.538474] Lock dependency validator: Copyright (c) 2006 Red Hat, Inc., Ingo Molnar
[    0.538613] ... MAX_LOCKDEP_SUBCLASSES:  8
[    0.538698] ... MAX_LOCK_DEPTH:          48
[    0.538784] ... MAX_LOCKDEP_KEYS:        8192
[    0.538873] ... CLASSHASH_SIZE:          4096
[    0.538960] ... MAX_LOCKDEP_ENTRIES:     16384
[    0.539045] ... MAX_LOCKDEP_CHAINS:      32768
[    0.539124] ... CHAINHASH_SIZE:          16384
[    0.539205]  memory used by lock dependency info: 2603 kB
[    0.539308]  per task-struct memory footprint: 1920 bytes
[    0.620056] Calibrating delay using timer specific routine.. 2022.23 BogoMIPS (lpj=4044461)
[    0.620287] pid_max: default: 262144 minimum: 2048
[    0.622042] LSM: Security Framework initializing
[    0.622935] Mount-cache hash table entries: 16384 (order: 4, 131072 bytes, linear)
[    0.623203] Mountpoint-cache hash table entries: 16384 (order: 4, 131072 bytes, linear)
[    0.639784] rcu: Hierarchical SRCU implementation.
[    0.684008] smp: Bringing up secondary CPUs ...
[    0.780983] smp: Brought up 1 node, 24 CPUs
[    0.889656] node 0 deferred pages initialised in 104ms
[    0.892521] devtmpfs: initialized
[    0.907310] Performance events: 
[    0.907434] Testing NMI watchdog ... 
[    0.987899] OK.
[    0.988336] Supported PMU type is 'niagara5'
[    0.994115] ldc.c:v1.1 (July 22, 2008)
[    0.998636] clocksource: jiffies: mask: 0xffffffff max_cycles: 0xffffffff, max_idle_ns: 7645041785100000 ns
[    0.998954] futex hash table entries: 65536 (order: 10, 8388608 bytes, linear)
[    1.049782] NET: Registered protocol family 16
[    1.064213] VIO: Adding device channel-devices (tx_ino = ffffffffffffffff, rx_ino = ffffffffffffffff)
[    1.064816] VIO: Adding device vnet-port-0-0 (tx_ino = 0, rx_ino = 1)
[    1.065327] VIO: Adding device vnet-port-0-1 (tx_ino = 2, rx_ino = 3)
[    1.065761] VIO: Adding device vnet-port-0-2 (tx_ino = 4, rx_ino = 5)
[    1.066185] VIO: Adding device vnet-port-0-3 (tx_ino = 6, rx_ino = 7)
[    1.066671] VIO: Adding device vnet-port-0-4 (tx_ino = 8, rx_ino = 9)
[    1.067099] VIO: Adding device vdc-port-2-0 (tx_ino = a, rx_ino = b)
[    1.067517] VIO: Adding device vdc-port-1-0 (tx_ino = c, rx_ino = d)
[    1.067935] VIO: Adding device vdc-port-0-0 (tx_ino = e, rx_ino = f)
[    1.068372] VIO: Adding device vlds-port-0-0 (tx_ino = 10, rx_ino = 11)
[    1.068813] VIO: Adding device domain-services-port-0 (tx_ino = 10, rx_ino = 11)
[    1.070003] audit: initializing netlink subsys (disabled)
[    1.070982] audit: type=2000 audit(0.528:1): state=initialized audit_enabled=0 res=1
[    1.142494] HugeTLB registered 64.0 KiB page size, pre-allocated 0 pages
[    1.142685] HugeTLB registered 8.00 MiB page size, pre-allocated 0 pages
[    1.142858] HugeTLB registered 256 MiB page size, pre-allocated 0 pages
[    1.143030] HugeTLB registered 2.00 GiB page size, pre-allocated 0 pages
[    2.949414] SUN4V: Reboot data supported (maj=1,min=0).
[    2.949921] ds.c:v1.0 (Jul 11, 2007)
[    2.950353] ds-0: ds_conn_reset() from send_events
[    2.951925] clocksource: Switched to clocksource stick
[    3.175345] VFS: Disk quotas dquot_6.6.0
[    3.175792] VFS: Dquot-cache hash table entries: 1024 (order 0, 8192 bytes)
[    3.202561] NET: Registered protocol family 2
[    3.203243] IP idents hash table entries: 131072 (order: 7, 1048576 bytes, linear)
[    3.214130] tcp_listen_portaddr_hash hash table entries: 4096 (order: 5, 327680 bytes, linear)
[    3.215937] TCP established hash table entries: 65536 (order: 6, 524288 bytes, linear)
[    3.217341] TCP bind hash table entries: 65536 (order: 9, 4718592 bytes, linear)
[    3.245509] TCP: Hash tables configured (established 65536 bind 65536)
[    3.253221] UDP hash table entries: 4096 (order: 6, 655360 bytes, linear)
[    3.258141] UDP-Lite hash table entries: 4096 (order: 6, 655360 bytes, linear)
[    3.269877] NET: Registered protocol family 1
[    3.270016] NET: Registered protocol family 44
[    3.271963] Trying to unpack rootfs image as initramfs...
[    3.368649] Initialise system trusted keyrings
[    3.369749] workingset: timestamp_bits=46 max_order=20 bucket_order=0
[    3.431978] zbud: loaded
[    3.446785] SGI XFS with ACLs, security attributes, realtime, quota, no debug enabled
[    3.465639] Key type asymmetric registered
[    3.465823] Asymmetric key parser 'x509' registered
[    3.466096] Block layer SCSI generic (bsg) driver version 0.4 loaded (major 252)
[    3.469307] io scheduler mq-deadline registered
[    3.478303] f029b788: ttyHV0 at I/O 0x0 (irq = 1, base_baud = 115200) is a SUN4V HCONS
[    3.481091] printk: console [ttyHV0] enabled
[    3.483308] n2rng v0.3 (Jan 7, 2017)
[    3.483390] n2rng f029b104: Registered RNG HVAPI major 2 minor 0
[    3.483480] n2rng f029b104: Found multi-unit-capable RNG, units: 2
[    3.486507] n2rng f029b104: RNG ready
[    3.487649] sunvdc.c:v1.2 (November 24, 2014)
[    3.490535] sunvdc: Virtual Hard disk vdiskc
[    3.490578] sunvdc: vdiskc: 104857600 sectors (51200 MB) protocol 1.2
[    3.606432] sunvdc: Virtual Hard disk vdiskb
[    3.606590] sunvdc: vdiskb: 62914560 sectors (30720 MB) protocol 1.2
[    3.609498]  vdiskb: vdiskb1
[    3.726314] sunvdc: Virtual Hard disk vdiska
[    3.726477] sunvdc: vdiska: 31457280 sectors (15360 MB) protocol 1.2
[    3.730636]  vdiska: vdiska1 vdiska2 vdiska3 vdiska4
[    3.826676] rtc-sun4v rtc-sun4v: registered as rtc0
[    3.826772] rtc-sun4v rtc-sun4v: setting system clock to 2021-07-02T21:38:07 UTC (1625261887)
[    3.827143] rtc-test rtc-test.0: registered as rtc1
[    3.852008] rtc rtc2: invalid alarm value: 18446744073704833233-01-08T11:15:21
[    3.853336] rtc-test rtc-test.1: registered as rtc2
[    3.904046] rtc rtc3: invalid alarm value: 18446744073704833233-01-08T11:15:20
[    3.904919] rtc-test rtc-test.2: registered as rtc3
[    3.906319] softdog: initialized. soft_noboot=0 soft_margin=60 sec soft_panic=0 (nowayout=0)
[    3.906553] softdog:              soft_reboot_cmd=<not set> soft_active_on_boot=0
[    3.915918] NET: Registered protocol family 10
[    4.218550] Freeing initrd memory: 27056K
[    4.302728] Segment Routing with IPv6
[    4.303124] mip6: Mobile IPv6
[    4.303252] NET: Registered protocol family 17
[    4.330928] registered taskstats version 1
[    4.331117] Loading compiled-in X.509 certificates
[    4.367817] zswap: loaded using pool lzo/zbud
[    4.387200] This architecture does not have kernel memory protection.
[    4.387411] Run /init as init process
[    4.387536]   with arguments:
[    4.387566]     /init
[    4.387595]   with environment:
[    4.387621]     HOME=/
[    4.387650]     TERM=linux
[    4.387677]     BOOT_IMAGE=/vmlinux-5.13.0-rc1-00102-gc7b5fd6faa1d
[    6.402722] sunvnet_common: module verification failed: signature and/or required key missing - tainting kernel
[    6.405462] sunvnet: sunvnet 2.0 (February 3, 2017)
[    6.407615] vnet_port vnet-port-0-0 eth0: Sun LDOM vnet 00:14:4f:f8:12:a3
[    6.407827] sunvnet: eth0: PORT ( remote-mac 00:14:4f:fa:f3:f0 switch-port )
[    6.408255] sunvnet: eth0: PORT ( remote-mac 00:14:4f:f8:e5:f3 )
[    6.408685] sunvnet: eth0: PORT ( remote-mac 00:14:4f:f8:3f:1e )
[    6.409052] sunvnet: eth0: PORT ( remote-mac 00:14:4f:f9:b4:97 )
[    6.409381] sunvnet: eth0: PORT ( remote-mac 00:14:4f:f9:8b:83 )
[    6.423043] random: lvm: uninitialized urandom read (4 bytes read)
[    6.425667] crc32c_sparc64: Using sparc64 crc32c opcode optimized CRC32C implementation
[    6.458018] device-mapper: uevent: version 1.0.3
[    6.458357] device-mapper: ioctl: 4.45.0-ioctl (2021-03-22) initialised: dm-devel@redhat.com
[    6.461908] random: lvm: uninitialized urandom read (2 bytes read)
[    6.780410] xor: automatically using best checksumming function   Niagara   
[    6.851853] raid6: int64x8  gen()  2088 MB/s
[    6.919847] raid6: int64x8  xor()  1218 MB/s
[    6.987928] raid6: int64x4  gen()  3052 MB/s
[    7.055884] raid6: int64x4  xor()   350 MB/s
[    7.123908] raid6: int64x2  gen()   638 MB/s
[    7.191853] raid6: int64x2  xor()   336 MB/s
[    7.259877] raid6: int64x1  gen()   659 MB/s
[    7.328055] raid6: int64x1  xor()   212 MB/s
[    7.328168] raid6: using algorithm int64x4 gen() 3052 MB/s
[    7.328267] raid6: .... xor() 350 MB/s, rmw enabled
[    7.328355] raid6: using intx1 recovery algorithm
[    7.680007] random: fast init done
[    7.683166] EXT4-fs (vdiska2): mounted filesystem with ordered data mode. Opts: (null). Quota mode: none.
[    7.940711] systemd[1]: Inserted module 'autofs4'
[    7.967875] systemd[1]: systemd 247.3-5 running in system mode. (+PAM +AUDIT +SELINUX +IMA +APPARMOR +SMACK +SYSVINIT +UTMP +LIBCRYPTSETUP +GCRYPT +GNUTLS +ACL +XZ +LZ4 +ZSTD -SECCOMP +BLKID +ELFUTILS +KMOD +IDN2 -IDN +PCRE2 default-hierarchy=unified)
[    7.968246] systemd[1]: Detected architecture sparc64.
[    7.969931] systemd[1]: Set hostname to <ttip>.
[    8.097838] random: lvmconfig: uninitialized urandom read (4 bytes read)
[    8.401766] systemd[1]: Queued start job for default target Multi-User System.
[    8.402927] random: systemd: uninitialized urandom read (16 bytes read)
[    8.413454] systemd[1]: Created slice system-getty.slice.
[    8.414101] random: systemd: uninitialized urandom read (16 bytes read)
[    8.419964] systemd[1]: Created slice system-modprobe.slice.
[    8.426221] systemd[1]: Created slice system-openvpn\x2dclient.slice.
[    8.433968] systemd[1]: Created slice system-postfix.slice.
[    8.442066] systemd[1]: Created slice system-systemd\x2dfsck.slice.
[    8.449425] systemd[1]: Created slice User and Session Slice.
[    8.450370] systemd[1]: Started Dispatch Password Requests to Console Directory Watch.
[    8.451134] systemd[1]: Started Forward Password Requests to Wall Directory Watch.
[    8.453628] systemd[1]: Set up automount Arbitrary Executable File Formats File System Automount Point.
[    8.454121] systemd[1]: Reached target Local Encrypted Volumes.
[    8.454570] systemd[1]: Reached target Paths.
[    8.454943] systemd[1]: Reached target Slices.
[    8.455768] systemd[1]: Listening on Device-mapper event daemon FIFOs.
[    8.456824] systemd[1]: Listening on LVM2 poll daemon socket.
[    8.502477] systemd[1]: Listening on RPCbind Server Activation Socket.
[    8.510867] systemd[1]: Listening on Syslog Socket.
[    8.514781] systemd[1]: Listening on fsck to fsckd communication Socket.
[    8.517613] systemd[1]: Listening on initctl Compatibility Named Pipe.
[    8.523121] systemd[1]: Listening on Journal Audit Socket.
[    8.525982] systemd[1]: Listening on Journal Socket (/dev/log).
[    8.528382] systemd[1]: Listening on Journal Socket.
[    8.530278] systemd[1]: Listening on udev Control Socket.
[    8.531453] systemd[1]: Listening on udev Kernel Socket.
[    8.542353] systemd[1]: Mounting Huge Pages File System...
[    8.552788] systemd[1]: Mounting POSIX Message Queue File System...
[    8.562689] systemd[1]: Mounting RPC Pipe File System...
[    8.572876] systemd[1]: Mounting Kernel Debug File System...
[    8.585576] systemd[1]: Mounting Kernel Trace File System...
[    8.586559] systemd[1]: Condition check resulted in Kernel Module supporting RPCSEC_GSS being skipped.
[    8.587573] systemd[1]: Finished Availability of block devices.
[    8.598525] systemd[1]: Starting Wait for network to be configured by ifupdown...
[    8.608737] systemd[1]: Starting Create list of static device nodes for the current kernel...
[    8.616541] RPC: Registered named UNIX socket transport module.
[    8.616574] RPC: Registered udp transport module.
[    8.616596] RPC: Registered tcp transport module.
[    8.616616] RPC: Registered tcp NFSv4.1 backchannel transport module.
[    8.618992] systemd[1]: Starting Monitoring of LVM2 mirrors, snapshots etc. using dmeventd or progress polling...
[    8.631818] systemd[1]: Starting Load Kernel Module configfs...
[    8.642338] systemd[1]: Starting Load Kernel Module drm...
[    8.653215] systemd[1]: Starting Load Kernel Module fuse...
[    8.664925] systemd[1]: Starting nftables...
[    8.667035] systemd[1]: Condition check resulted in Set Up Additional Binary Formats being skipped.
[    8.667292] systemd[1]: Condition check resulted in File System Check on Root Device being skipped.
[    8.673286] fuse: init (API version 7.33)
[    8.684415] systemd[1]: Starting Journal Service...
[    8.699413] systemd[1]: Starting Load Kernel Modules...
[    8.712734] systemd[1]: Starting Remount Root and Kernel File Systems...
[    8.724482] systemd[1]: Starting Coldplug All udev Devices...
[    8.745321] systemd[1]: Started Journal Service.
[    8.751496] EXT4-fs (vdiska2): re-mounted. Opts: errors=remount-ro. Quota mode: none.
[    8.895123] systemd-journald[389]: Received client request to flush runtime journal.
[    9.518440] sha1_sparc64: Using sparc64 sha1 opcode optimized SHA-1 implementation
[    9.522965] sha256_sparc64: Using sparc64 sha256 opcode optimized SHA-256/SHA-224 implementation
[    9.525593] sha512_sparc64: Using sparc64 sha512 opcode optimized SHA-512/SHA-384 implementation
[    9.527163] md5_sparc64: Using sparc64 md5 opcode optimized MD5 implementation
[    9.529018] aes_sparc64: Using sparc64 aes opcodes optimized AES implementation
[    9.533127] des_sparc64: Using sparc64 des opcodes optimized DES implementation
[    9.537205] camellia_sparc64: Using sparc64 camellia opcodes optimized CAMELLIA implementation
[    9.932023] Adding 787176k swap on /dev/vdiska4.  Priority:-2 extents:1 across:787176k FS
[   10.035128] XFS (dm-0): Mounting V5 Filesystem
[   10.037228] EXT4-fs (vdiska1): mounting ext3 file system using the ext4 subsystem
[   10.050758] EXT4-fs (vdiska1): mounted filesystem with ordered data mode. Opts: (null). Quota mode: none.
[   10.051141] ext3 filesystem being mounted at /boot supports timestamps until 2038 (0x7fffffff)
[   10.165118] XFS (dm-0): Ending clean mount
[   10.167077] xfs filesystem being mounted at /1 supports timestamps until 2038 (0x7fffffff)
