[    0.000017] PROMLIB: Sun IEEE Boot Prom 'OBP 4.38.17 2019/01/25 08:22'
[    0.000036] PROMLIB: Root node compatible: sun4v
[    0.000094] Linux version 5.13.0-rc6-00075-gadf3c31e18b7 (mator@ttip) (gcc (Debian 10.2.1-6) 10.2.1 20210110, GNU ld (GNU Binutils for Debian) 2.35.2) #243 SMP Fri Jul 2 12:31:06 MSK 2021
[    0.000574] printk: bootconsole [earlyprom0] enabled
[    0.000653] ARCH: SUN4V
[    0.000722] Ethernet address: 00:14:4f:fa:06:f2
[    0.000803] MM: PAGE_OFFSET is 0xfff8000000000000 (max_phys_bits == 47)
[    0.000904] MM: VMALLOC [0x0000000100000000 --> 0x0006000000000000]
[    0.000997] MM: VMEMMAP [0x0006000000000000 --> 0x000c000000000000]
[    0.040712] Kernel: Using 5 locked TLB entries for main kernel image.
[    0.041117] Remapping the kernel... 
[    0.041255] done.
[    0.167172] OF stdout device is: /virtual-devices@100/console@1
[    0.167622] PROM: Built device tree with 67601 bytes of memory.
[    0.167999] MDESC: Size is 24368 bytes.
[    0.168510] PLATFORM: banner-name [SPARC T5-2]
[    0.168754] PLATFORM: name [ORCL,SPARC-T5-2]
[    0.168974] PLATFORM: hostid [84fa06f2]
[    0.169176] PLATFORM: serial# [0035260e]
[    0.169365] PLATFORM: stick-frequency [3b9aca00]
[    0.169580] PLATFORM: mac-address [144ffa06f2]
[    0.169785] PLATFORM: watchdog-resolution [1000 ms]
[    0.169991] PLATFORM: watchdog-max-timeout [31536000000 ms]
[    0.170215] PLATFORM: max-cpus [1024]
[    0.170513] Top of RAM: 0x22f948000, Total RAM: 0x1ff3a0000
[    0.170734] Memory hole size: 773MB
[    0.177361] Allocated 24576 bytes for kernel page tables.
[    0.177794] Zone ranges:
[    0.178007]   Normal   [mem 0x0000000030400000-0x000000022f947fff]
[    0.178384] Movable zone start for each node
[    0.178613] Early memory node ranges
[    0.178805]   node   0: [mem 0x0000000030400000-0x000000006febffff]
[    0.179138]   node   0: [mem 0x000000006ff40000-0x000000006ff65fff]
[    0.179414]   node   0: [mem 0x0000000070000000-0x000000022f8b1fff]
[    0.179692]   node   0: [mem 0x000000022f940000-0x000000022f947fff]
[    0.179952] Initmem setup node 0 [mem 0x0000000030400000-0x000000022f947fff]
[    0.180229] On node 0 totalpages: 1046992
[    0.180253]   Normal zone: 9204 pages used for memmap
[    0.180271]   Normal zone: 0 pages reserved
[    0.180289]   Normal zone: 1046992 pages, LIFO batch:31
[    0.208821]   Normal zone: 132656 pages in unavailable ranges
[    0.209201] Booting Linux...
[    0.209421] CPU CAPS: [flush,stbar,swap,muldiv,v9,blkinit,n2,mul32]
[    0.209881] CPU CAPS: [div32,v8plus,popc,vis,vis2,ASIBlkInit,fmaf,vis3]
[    0.210293] CPU CAPS: [hpc,ima,pause,cbcond,aes,des,kasumi,camellia]
[    0.210670] CPU CAPS: [md5,sha1,sha256,sha512,mpmul,montmul,montsqr,crc32c]
[    0.345938] percpu: Embedded 20 pages/cpu s120592 r8192 d35056 u262144
[    0.347458] pcpu-alloc: s120592 r8192 d35056 u262144 alloc=1*4194304
[    0.347510] pcpu-alloc: [0] 000 001 002 003 004 005 006 007 008 009 010 011 012 013 014 015 
[    0.347838] pcpu-alloc: [0] 016 017 018 019 020 021 022 023 024 025 026 027 028 029 030 031 
[    0.348183] pcpu-alloc: [0] 032 033 034 035 036 037 038 039 040 041 042 043 044 045 046 047 
[    0.348557] pcpu-alloc: [0] 048 049 050 051 052 053 054 055 056 057 058 059 060 061 062 063 
[    0.348958] pcpu-alloc: [0] 064 065 066 067 068 069 070 071 072 073 074 075 076 077 078 079 
[    0.349359] pcpu-alloc: [0] 080 081 082 083 084 085 086 087 088 089 090 091 092 093 094 095 
[    0.349731] pcpu-alloc: [0] 096 097 098 099 100 101 102 103 104 105 106 107 108 109 110 111 
[    0.350133] pcpu-alloc: [0] 112 113 114 115 116 117 118 119 120 121 122 123 124 125 126 127 
[    0.350535] pcpu-alloc: [0] 128 129 130 131 132 133 134 135 136 137 138 139 140 141 142 143 
[    0.350936] pcpu-alloc: [0] 144 145 146 147 148 149 150 151 152 153 154 155 156 157 158 159 
[    0.351338] pcpu-alloc: [0] 160 161 162 163 164 165 166 167 168 169 170 171 172 173 174 175 
[    0.351739] pcpu-alloc: [0] 176 177 178 179 180 181 182 183 184 185 186 187 188 189 190 191 
[    0.352141] pcpu-alloc: [0] 192 193 194 195 196 197 198 199 200 201 202 203 204 205 206 207 
[    0.352542] pcpu-alloc: [0] 208 209 210 211 212 213 214 215 216 217 218 219 220 221 222 223 
[    0.352944] pcpu-alloc: [0] 224 225 226 227 228 229 230 231 232 233 234 235 236 237 238 239 
[    0.353345] pcpu-alloc: [0] 240 241 242 243 244 245 246 247 248 249 250 251 252 253 254 255 
[    0.356562] SUN4V: Mondo queue sizes [cpu(131072) dev(16384) r(8192) nr(256)]
[    0.357904] Built 1 zonelists, mobility grouping on.  Total pages: 1037788
[    0.358338] Kernel command line: BOOT_IMAGE=/vmlinux-5.13.0-rc6-00075-gadf3c31e18b7 root=/dev/vdiska2 ro
[    0.359782] printk: log_buf_len individual max cpu contribution: 4096 bytes
[    0.360077] printk: log_buf_len total cpu_extra contributions: 1044480 bytes
[    0.360371] printk: log_buf_len min size: 131072 bytes
[    0.365585] printk: log_buf_len: 2097152 bytes
[    0.365750] printk: early log buf free: 126568(96%)
[    0.367543] Dentry cache hash table entries: 1048576 (order: 10, 8388608 bytes, linear)
[    0.368532] Inode-cache hash table entries: 524288 (order: 9, 4194304 bytes, linear)
[    0.368714] Sorting __ex_table...
[    0.369308] mem auto-init: stack:off, heap alloc:off, heap free:off
[    0.374219] Memory: 1261096K/8375936K available (8792K kernel code, 1705K rwdata, 2912K rodata, 632K init, 3134K bss, 205496K reserved, 0K cma-reserved)
[    0.374475] random: get_random_u64 called from kmem_cache_open+0x1c/0x340 with crng_init=0
[    0.375955] SLUB: HWalign=32, Order=0-3, MinObjects=0, CPUs=256, Nodes=1
[    0.376610] ftrace: allocating 27390 entries in 54 pages
[    0.391382] ftrace: allocated 54 pages with 4 groups
[    0.391720] trace event string verifier disabled
[    0.398541] rcu: Hierarchical RCU implementation.
[    0.398668] rcu: 	RCU debug extended QS entry/exit.
[    0.398788] 	Rude variant of Tasks RCU enabled.
[    0.398898] 	Tracing variant of Tasks RCU enabled.
[    0.399013] rcu: RCU calculated value of scheduler-enlistment delay is 26 jiffies.
[    0.428325] NR_IRQS: 2048, nr_irqs: 2048, preallocated irqs: 1
[    0.428796] SUN4V: Using IRQ API major 3, cookie only virqs enabled
[    0.448359] clocksource: stick: mask: 0xffffffffffffffff max_cycles: 0x1cd42e4dffb, max_idle_ns: 881590591483 ns
[    0.449094] clocksource: mult[800000] shift[23]
[    0.449386] clockevent: mult[80000000] shift[31]
[    0.451834] Console: colour dummy device 80x25
[    0.452141] printk: console [tty0] enabled
[    0.452491] printk: bootconsole [earlyprom0] disabled
[    0.452858] Lock dependency validator: Copyright (c) 2006 Red Hat, Inc., Ingo Molnar
[    0.452996] ... MAX_LOCKDEP_SUBCLASSES:  8
[    0.453081] ... MAX_LOCK_DEPTH:          48
[    0.453166] ... MAX_LOCKDEP_KEYS:        8192
[    0.453254] ... CLASSHASH_SIZE:          4096
[    0.453341] ... MAX_LOCKDEP_ENTRIES:     16384
[    0.453422] ... MAX_LOCKDEP_CHAINS:      32768
[    0.453501] ... CHAINHASH_SIZE:          16384
[    0.453587]  memory used by lock dependency info: 2603 kB
[    0.453689]  per task-struct memory footprint: 1920 bytes
[    0.534487] Calibrating delay using timer specific routine.. 2023.79 BogoMIPS (lpj=4047587)
[    0.534735] pid_max: default: 262144 minimum: 2048
[    0.536555] LSM: Security Framework initializing
[    0.537458] Mount-cache hash table entries: 16384 (order: 4, 131072 bytes, linear)
[    0.537727] Mountpoint-cache hash table entries: 16384 (order: 4, 131072 bytes, linear)
[    0.553991] rcu: Hierarchical SRCU implementation.
[    0.597457] smp: Bringing up secondary CPUs ...
[    0.622724] smp: Brought up 1 node, 16 CPUs
[    0.698934] node 0 deferred pages initialised in 72ms
[    0.701740] devtmpfs: initialized
[    0.710140] Performance events: 
[    0.710191] Testing NMI watchdog ... 
[    0.790376] OK.
[    0.790813] Supported PMU type is 'niagara5'
[    0.796579] ldc.c:v1.1 (July 22, 2008)
[    0.801008] clocksource: jiffies: mask: 0xffffffff max_cycles: 0xffffffff, max_idle_ns: 7645041785100000 ns
[    0.801326] futex hash table entries: 65536 (order: 10, 8388608 bytes, linear)
[    0.848874] NET: Registered protocol family 16
[    0.854449] VIO: Adding device channel-devices (tx_ino = ffffffffffffffff, rx_ino = ffffffffffffffff)
[    0.854685] VIO: Adding device vnet-port-0-0 (tx_ino = 0, rx_ino = 1)
[    0.854810] VIO: Adding device vnet-port-0-1 (tx_ino = 2, rx_ino = 3)
[    0.854928] VIO: Adding device vnet-port-0-2 (tx_ino = 4, rx_ino = 5)
[    0.855047] VIO: Adding device vnet-port-0-3 (tx_ino = 6, rx_ino = 7)
[    0.855160] VIO: Adding device vnet-port-0-4 (tx_ino = 8, rx_ino = 9)
[    0.855277] VIO: Adding device vdc-port-2-0 (tx_ino = a, rx_ino = b)
[    0.855418] VIO: Adding device vdc-port-1-0 (tx_ino = c, rx_ino = d)
[    0.855530] VIO: Adding device vdc-port-0-0 (tx_ino = e, rx_ino = f)
[    0.855642] VIO: Adding device vlds-port-0-0 (tx_ino = 10, rx_ino = 11)
[    0.855760] VIO: Adding device domain-services-port-0 (tx_ino = 10, rx_ino = 11)
[    0.856053] audit: initializing netlink subsys (disabled)
[    0.856348] audit: type=2000 audit(0.400:1): state=initialized audit_enabled=0 res=1
[    0.895611] HugeTLB registered 64.0 KiB page size, pre-allocated 0 pages
[    0.895892] HugeTLB registered 8.00 MiB page size, pre-allocated 0 pages
[    0.896070] HugeTLB registered 256 MiB page size, pre-allocated 0 pages
[    0.896244] HugeTLB registered 2.00 GiB page size, pre-allocated 0 pages
[    2.884249] SUN4V: Reboot data supported (maj=1,min=0).
[    2.885374] ds.c:v1.0 (Jul 11, 2007)
[    2.886307] ds-0: ds_conn_reset() from send_events
[    2.889015] clocksource: Switched to clocksource stick
[    3.282590] VFS: Disk quotas dquot_6.6.0
[    3.283542] VFS: Dquot-cache hash table entries: 1024 (order 0, 8192 bytes)
[    3.322086] NET: Registered protocol family 2
[    3.323274] IP idents hash table entries: 131072 (order: 7, 1048576 bytes, linear)
[    3.347938] tcp_listen_portaddr_hash hash table entries: 4096 (order: 5, 327680 bytes, linear)
[    3.350903] TCP established hash table entries: 65536 (order: 6, 524288 bytes, linear)
[    3.353920] TCP bind hash table entries: 65536 (order: 9, 4718592 bytes, linear)
[    3.399424] TCP: Hash tables configured (established 65536 bind 65536)
[    3.413809] UDP hash table entries: 4096 (order: 6, 655360 bytes, linear)
[    3.422719] UDP-Lite hash table entries: 4096 (order: 6, 655360 bytes, linear)
[    3.444196] NET: Registered protocol family 1
[    3.444405] NET: Registered protocol family 44
[    3.445877] Trying to unpack rootfs image as initramfs...
[    3.503920] Initialise system trusted keyrings
[    3.505278] workingset: timestamp_bits=46 max_order=20 bucket_order=0
[    3.554942] zbud: loaded
[    3.558901] SGI XFS with ACLs, security attributes, realtime, quota, no debug enabled
[    3.563397] Key type asymmetric registered
[    3.563439] Asymmetric key parser 'x509' registered
[    3.563504] Block layer SCSI generic (bsg) driver version 0.4 loaded (major 252)
[    3.564254] io scheduler mq-deadline registered
[    3.566002] f029b788: ttyHV0 at I/O 0x0 (irq = 1, base_baud = 115200) is a SUN4V HCONS
[    3.566678] printk: console [ttyHV0] enabled
[    3.567589] n2rng v0.3 (Jan 7, 2017)
[    3.567632] n2rng f029b104: Registered RNG HVAPI major 2 minor 0
[    3.567674] n2rng f029b104: Found multi-unit-capable RNG, units: 2
[    3.568853] n2rng f029b104: RNG ready
[    3.569647] sunvdc.c:v1.2 (November 24, 2014)
[    3.571992] sunvdc: Virtual Hard disk vdiskc
[    3.572027] sunvdc: vdiskc: 104857600 sectors (51200 MB) protocol 1.2
[    3.618066] sunvdc: Virtual Hard disk vdiskb
[    3.618113] sunvdc: vdiskb: 62914560 sectors (30720 MB) protocol 1.2
[    3.618899]  vdiskb: vdiskb1
[    3.680208] sunvdc: Virtual Hard disk vdiska
[    3.680303] sunvdc: vdiska: 31457280 sectors (15360 MB) protocol 1.2
[    3.681926]  vdiska: vdiska1 vdiska2 vdiska3 vdiska4
[    3.731861] rtc-sun4v rtc-sun4v: registered as rtc0
[    3.731953] rtc-sun4v rtc-sun4v: setting system clock to 2021-07-02T10:01:28 UTC (1625220088)
[    3.732324] rtc-test rtc-test.0: registered as rtc1
[    3.749143] rtc rtc2: invalid alarm value: 18446744073704833233-01-07T23:38:42
[    3.750243] rtc-test rtc-test.1: registered as rtc2
[    3.775549] rtc rtc3: invalid alarm value: 18446744073704833233-01-07T23:38:42
[    3.775762] rtc-test rtc-test.2: registered as rtc3
[    3.776121] softdog: initialized. soft_noboot=0 soft_margin=60 sec soft_panic=0 (nowayout=0)
[    3.776173] softdog:              soft_reboot_cmd=<not set> soft_active_on_boot=0
[    3.778398] NET: Registered protocol family 10
[    3.891482] Freeing initrd memory: 27160K
[    3.915411] Segment Routing with IPv6
[    3.915530] mip6: Mobile IPv6
[    3.915562] NET: Registered protocol family 17
[    3.920223] registered taskstats version 1
[    3.920267] Loading compiled-in X.509 certificates
[    3.930870] zswap: loaded using pool lzo/zbud
[    3.936065] This architecture does not have kernel memory protection.
[    3.936117] Run /init as init process
[    3.936145]   with arguments:
[    3.936152]     /init
[    3.936159]   with environment:
[    3.936165]     HOME=/
[    3.936171]     TERM=linux
[    3.936178]     BOOT_IMAGE=/vmlinux-5.13.0-rc6-00075-gadf3c31e18b7
[    4.994854] sunvnet_common: module verification failed: signature and/or required key missing - tainting kernel
[    4.997792] sunvnet: sunvnet 2.0 (February 3, 2017)
[    5.000207] vnet_port vnet-port-0-0 eth0: Sun LDOM vnet 00:14:4f:f8:12:a3
[    5.000506] sunvnet: eth0: PORT ( remote-mac 00:14:4f:fa:f3:f0 switch-port )
[    5.000948] sunvnet: eth0: PORT ( remote-mac 00:14:4f:f8:e5:f3 )
[    5.001307] sunvnet: eth0: PORT ( remote-mac 00:14:4f:f8:3f:1e )
[    5.001686] sunvnet: eth0: PORT ( remote-mac 00:14:4f:f9:b4:97 )
[    5.002137] sunvnet: eth0: PORT ( remote-mac 00:14:4f:f9:8b:83 )
[    5.014927] random: lvm: uninitialized urandom read (4 bytes read)
[    5.019267] crc32c_sparc64: Using sparc64 crc32c opcode optimized CRC32C implementation
[    5.099923] device-mapper: uevent: version 1.0.3
[    5.100427] device-mapper: ioctl: 4.45.0-ioctl (2021-03-22) initialised: dm-devel@redhat.com
[    5.106623] random: lvm: uninitialized urandom read (2 bytes read)
[    5.724127] xor: automatically using best checksumming function   Niagara   
[    5.792879] raid6: int64x8  gen()  1078 MB/s
[    5.860893] raid6: int64x8  xor()   400 MB/s
[    5.928915] raid6: int64x4  gen()   999 MB/s
[    5.996920] raid6: int64x4  xor()   325 MB/s
[    6.064931] raid6: int64x2  gen()   660 MB/s
[    6.132960] raid6: int64x2  xor()   456 MB/s
[    6.200993] raid6: int64x1  gen()   320 MB/s
[    6.268917] raid6: int64x1  xor()   270 MB/s
[    6.268984] raid6: using algorithm int64x8 gen() 1078 MB/s
[    6.269034] raid6: .... xor() 400 MB/s, rmw enabled
[    6.269083] raid6: using intx1 recovery algorithm
[    6.457323] random: fast init done
[    6.716616] EXT4-fs (vdiska2): mounted filesystem with ordered data mode. Opts: (null). Quota mode: none.
[    8.802144] systemd[1]: Inserted module 'autofs4'
[    8.969764] systemd[1]: systemd 247.3-5 running in system mode. (+PAM +AUDIT +SELINUX +IMA +APPARMOR +SMACK +SYSVINIT +UTMP +LIBCRYPTSETUP +GCRYPT +GNUTLS +ACL +XZ +LZ4 +ZSTD -SECCOMP +BLKID +ELFUTILS +KMOD +IDN2 -IDN +PCRE2 default-hierarchy=unified)
[    8.970267] systemd[1]: Detected architecture sparc64.
[    9.005305] systemd[1]: Set hostname to <ttip>.
[   10.266452] random: lvmconfig: uninitialized urandom read (4 bytes read)
[   11.801098] systemd[1]: Queued start job for default target Multi-User System.
[   11.802214] random: systemd: uninitialized urandom read (16 bytes read)
[   11.813826] systemd[1]: Created slice system-getty.slice.
[   11.814294] random: systemd: uninitialized urandom read (16 bytes read)
[   11.818071] systemd[1]: Created slice system-modprobe.slice.
[   11.818307] random: systemd: uninitialized urandom read (16 bytes read)
[   11.822215] systemd[1]: Created slice system-openvpn\x2dclient.slice.
[   11.826202] systemd[1]: Created slice system-postfix.slice.
[   11.830017] systemd[1]: Created slice system-systemd\x2dfsck.slice.
[   11.834040] systemd[1]: Created slice User and Session Slice.
[   11.834578] systemd[1]: Started Dispatch Password Requests to Console Directory Watch.
[   11.835029] systemd[1]: Started Forward Password Requests to Wall Directory Watch.
[   11.836602] systemd[1]: Set up automount Arbitrary Executable File Formats File System Automount Point.
[   11.836982] systemd[1]: Reached target Local Encrypted Volumes.
[   11.837274] systemd[1]: Reached target Paths.
[   11.837520] systemd[1]: Reached target Slices.
[   11.838049] systemd[1]: Listening on Device-mapper event daemon FIFOs.
[   11.838614] systemd[1]: Listening on LVM2 poll daemon socket.
[   11.889565] systemd[1]: Listening on RPCbind Server Activation Socket.
[   11.892517] systemd[1]: Listening on Syslog Socket.
[   11.893406] systemd[1]: Listening on fsck to fsckd communication Socket.
[   11.893982] systemd[1]: Listening on initctl Compatibility Named Pipe.
[   11.894916] systemd[1]: Listening on Journal Audit Socket.
[   11.895562] systemd[1]: Listening on Journal Socket (/dev/log).
[   11.896348] systemd[1]: Listening on Journal Socket.
[   11.897124] systemd[1]: Listening on udev Control Socket.
[   11.897651] systemd[1]: Listening on udev Kernel Socket.
[   11.904113] systemd[1]: Mounting Huge Pages File System...
[   11.911095] systemd[1]: Mounting POSIX Message Queue File System...
[   11.917573] systemd[1]: Mounting RPC Pipe File System...
[   11.924072] systemd[1]: Mounting Kernel Debug File System...
[   11.932540] systemd[1]: Mounting Kernel Trace File System...
[   11.933272] systemd[1]: Condition check resulted in Kernel Module supporting RPCSEC_GSS being skipped.
[   11.933886] systemd[1]: Finished Availability of block devices.
[   11.941541] systemd[1]: Starting Wait for network to be configured by ifupdown...
[   11.948314] systemd[1]: Starting Create list of static device nodes for the current kernel...
[   11.955208] systemd[1]: Starting Monitoring of LVM2 mirrors, snapshots etc. using dmeventd or progress polling...
[   11.962130] systemd[1]: Starting Load Kernel Module configfs...
[   11.970048] systemd[1]: Starting Load Kernel Module drm...
[   11.978150] systemd[1]: Starting Load Kernel Module fuse...
[   11.986675] systemd[1]: Starting nftables...
[   12.002769] systemd[1]: Condition check resulted in Set Up Additional Binary Formats being skipped.
[   12.002993] systemd[1]: Condition check resulted in File System Check on Root Device being skipped.
[   12.015132] systemd[1]: Starting Journal Service...
[   12.063662] systemd[1]: Starting Load Kernel Modules...
[   12.072142] systemd[1]: Starting Remount Root and Kernel File Systems...
[   12.080140] systemd[1]: Starting Coldplug All udev Devices...
[   12.087904] systemd[1]: Mounted Huge Pages File System.
[   12.088573] systemd[1]: Mounted POSIX Message Queue File System.
[   12.089173] systemd[1]: Mounted Kernel Debug File System.
[   12.089710] systemd[1]: Mounted Kernel Trace File System.
[   12.091981] systemd[1]: Finished Wait for network to be configured by ifupdown.
[   12.094131] systemd[1]: Finished Create list of static device nodes for the current kernel.
[   12.095482] systemd[1]: modprobe@configfs.service: Succeeded.
[   12.097083] systemd[1]: Finished Load Kernel Module configfs.
[   12.098480] systemd[1]: modprobe@drm.service: Succeeded.
[   12.099979] systemd[1]: Finished Load Kernel Module drm.
[   12.106734] systemd[1]: Mounting Kernel Configuration File System...
[   12.119098] systemd[1]: Mounted Kernel Configuration File System.
[   12.165752] EXT4-fs (vdiska2): re-mounted. Opts: errors=remount-ro. Quota mode: none.
[   12.167098] systemd[1]: Finished Monitoring of LVM2 mirrors, snapshots etc. using dmeventd or progress polling.
[   12.172066] systemd[1]: Finished Load Kernel Modules.
[   12.180471] systemd[1]: Starting Apply Kernel Variables...
[   12.181375] systemd[1]: Started Journal Service.
[   12.316589] fuse: init (API version 7.33)
[   12.427647] systemd-journald[336]: Received client request to flush runtime journal.
[   12.676997] RPC: Registered named UNIX socket transport module.
[   12.677046] RPC: Registered udp transport module.
[   12.677071] RPC: Registered tcp transport module.
[   12.677095] RPC: Registered tcp NFSv4.1 backchannel transport module.
[   14.461742] sha1_sparc64: Using sparc64 sha1 opcode optimized SHA-1 implementation
[   14.499597] sha256_sparc64: Using sparc64 sha256 opcode optimized SHA-256/SHA-224 implementation
[   14.541259] sha512_sparc64: Using sparc64 sha512 opcode optimized SHA-512/SHA-384 implementation
[   14.600106] md5_sparc64: Using sparc64 md5 opcode optimized MD5 implementation
[   14.671260] aes_sparc64: Using sparc64 aes opcodes optimized AES implementation
[   14.717744] des_sparc64: Using sparc64 des opcodes optimized DES implementation
[   14.757949] camellia_sparc64: Using sparc64 camellia opcodes optimized CAMELLIA implementation
[   14.782362] XFS (dm-0): Mounting V5 Filesystem
[   14.865684] random: crng init done
[   14.865759] random: 4 urandom warning(s) missed due to ratelimiting
[   15.044966] Adding 787176k swap on /dev/vdiska4.  Priority:-2 extents:1 across:787176k FS
[   15.056171] XFS (dm-0): Ending clean mount
[   15.098721] xfs filesystem being mounted at /1 supports timestamps until 2038 (0x7fffffff)
[   15.468543] EXT4-fs (vdiska1): mounting ext3 file system using the ext4 subsystem
[   15.955865] EXT4-fs (vdiska1): mounted filesystem with ordered data mode. Opts: (null). Quota mode: none.
[   15.956199] ext3 filesystem being mounted at /boot supports timestamps until 2038 (0x7fffffff)
