[    0.000021] PROMLIB: Sun IEEE Boot Prom 'OBP 4.38.12 2018/03/28 14:54'
[    0.000033] PROMLIB: Root node compatible: sun4v
[    0.000083] Linux version 5.9.0-rc5-00071-g10b82d517648-dirty (mator@ttip) (gcc (Debian 10.2.0-8) 10.2.0, GNU ld (GNU Binutils for Debian) 2.35) #68 SMP Fri Sep 18 12:25:32 MSK 2020
[    0.000431] printk: bootconsole [earlyprom0] enabled
[    0.000483] ARCH: SUN4V
[    0.000533] Ethernet address: 00:14:4f:fa:06:f2
[    0.000586] MM: PAGE_OFFSET is 0xfff8000000000000 (max_phys_bits == 47)
[    0.000650] MM: VMALLOC [0x0000000100000000 --> 0x0006000000000000]
[    0.000712] MM: VMEMMAP [0x0006000000000000 --> 0x000c000000000000]
[    0.012465] Kernel: Using 5 locked TLB entries for main kernel image.
[    0.012534] Remapping the kernel... 
[    0.012556] done.
[    0.045359] OF stdout device is: /virtual-devices@100/console@1
[    0.045422] PROM: Built device tree with 86758 bytes of memory.
[    0.045482] MDESC: Size is 36512 bytes.
[    0.045595] PLATFORM: banner-name [SPARC T5-2]
[    0.045647] PLATFORM: name [ORCL,SPARC-T5-2]
[    0.045694] PLATFORM: hostid [84fa06f2]
[    0.045735] PLATFORM: serial# [0035260e]
[    0.045777] PLATFORM: stick-frequency [3b9aca00]
[    0.045825] PLATFORM: mac-address [144ffa06f2]
[    0.045871] PLATFORM: watchdog-resolution [1000 ms]
[    0.045921] PLATFORM: watchdog-max-timeout [31536000000 ms]
[    0.045976] PLATFORM: max-cpus [1024]
[    0.050716] Allocated 40960 bytes for kernel page tables.
[    0.050805] Zone ranges:
[    0.050844]   Normal   [mem 0x0000000030400000-0x00000024af937fff]
[    0.050911] Movable zone start for each node
[    0.050957] Early memory node ranges
[    0.050997]   node   0: [mem 0x0000000030400000-0x000000006fe7ffff]
[    0.051059]   node   0: [mem 0x000000006ff00000-0x000000006ff25fff]
[    0.051119]   node   0: [mem 0x0000000070000000-0x000000042fffffff]
[    0.051181]   node   0: [mem 0x0000002030000000-0x00000024af87ffff]
[    0.051245]   node   0: [mem 0x00000024af900000-0x00000024af925fff]
[    0.051307]   node   0: [mem 0x00000024af930000-0x00000024af937fff]
[    0.065264] Zeroed struct page in unavailable ranges: 263766 pages
[    0.065272] Initmem setup node 0 [mem 0x0000000030400000-0x00000024af937fff]
[    0.065433] On node 0 totalpages: 4454826
[    0.065442]   Normal zone: 39154 pages used for memmap
[    0.065447]   Normal zone: 0 pages reserved
[    0.065452]   Normal zone: 4454826 pages, LIFO batch:31
[    0.223733] Booting Linux...
[    0.223818] CPU CAPS: [flush,stbar,swap,muldiv,v9,blkinit,n2,mul32]
[    0.223900] CPU CAPS: [div32,v8plus,popc,vis,vis2,ASIBlkInit,fmaf,vis3]
[    0.224977] CPU CAPS: [hpc,ima,pause,cbcond,aes,des,kasumi,camellia]
[    0.225048] CPU CAPS: [md5,sha1,sha256,sha512,mpmul,montmul,montsqr,crc32c]
[    0.254958] percpu: Embedded 28 pages/cpu s184784 r8192 d36400 u262144
[    0.255183] pcpu-alloc: s184784 r8192 d36400 u262144 alloc=1*4194304
[    0.255189] pcpu-alloc: [0] 000 001 002 003 004 005 006 007 008 009 010 011 012 013 014 015 
[    0.255216] pcpu-alloc: [0] 016 017 018 019 020 021 022 023 024 025 026 027 028 029 030 031 
[    0.255243] pcpu-alloc: [0] 032 033 034 035 036 037 038 039 040 041 042 043 044 045 046 047 
[    0.255269] pcpu-alloc: [0] 048 049 050 051 052 053 054 055 056 057 058 059 060 061 062 063 
[    0.255295] pcpu-alloc: [0] 064 065 066 067 068 069 070 071 072 073 074 075 076 077 078 079 
[    0.255322] pcpu-alloc: [0] 080 081 082 083 084 085 086 087 088 089 090 091 092 093 094 095 
[    0.255348] pcpu-alloc: [0] 096 097 098 099 100 101 102 103 104 105 106 107 108 109 110 111 
[    0.255374] pcpu-alloc: [0] 112 113 114 115 116 117 118 119 120 121 122 123 124 125 126 127 
[    0.255818] SUN4V: Mondo queue sizes [cpu(131072) dev(16384) r(8192) nr(256)]
[    0.256193] Built 1 zonelists, mobility grouping on.  Total pages: 4415672
[    0.256263] Policy zone: Normal
[    0.256322] Kernel command line: BOOT_IMAGE=/vmlinux-5.9.0-rc5-00071-g10b82d517648-dirty root=/dev/vdiska2 ro zswap.enabled=1
[    0.259042] printk: log_buf_len individual max cpu contribution: 4096 bytes
[    0.259114] printk: log_buf_len total cpu_extra contributions: 520192 bytes
[    0.259181] printk: log_buf_len min size: 131072 bytes
[    0.259455] printk: log_buf_len: 1048576 bytes
[    0.259506] printk: early log buf free: 126672(96%)
[    0.265820] Dentry cache hash table entries: 8388608 (order: 13, 67108864 bytes, linear)
[    0.269058] Inode-cache hash table entries: 4194304 (order: 12, 33554432 bytes, linear)
[    0.269134] Sorting __ex_table...
[    0.269376] mem auto-init: stack:off, heap alloc:off, heap free:off
[    0.375828] Memory: 35127688K/35638608K available (8321K kernel code, 1102K rwdata, 2480K rodata, 680K init, 6856K bss, 510920K reserved, 0K cma-reserved)
[    0.376505] SLUB: HWalign=32, Order=0-3, MinObjects=0, CPUs=128, Nodes=32
[    0.376787] ftrace: allocating 23110 entries in 46 pages
[    0.385908] ftrace: allocated 46 pages with 4 groups
[    0.388776] Running RCU self tests
[    0.389152] rcu: Hierarchical RCU implementation.
[    0.389204] rcu: 	RCU event tracing is enabled.
[    0.389252] rcu: 	RCU lockdep checking is enabled.
[    0.389302] 	Trampoline variant of Tasks RCU enabled.
[    0.389352] 	Rude variant of Tasks RCU enabled.
[    0.389398] 	Tracing variant of Tasks RCU enabled.
[    0.389448] rcu: RCU calculated value of scheduler-enlistment delay is 10 jiffies.
[    0.393849] NR_IRQS: 2048, nr_irqs: 2048, preallocated irqs: 1
[    0.393929] SUN4V: Using IRQ API major 3, cookie only virqs enabled
[    0.396448] clocksource: stick: mask: 0xffffffffffffffff max_cycles: 0x1cd42e4dffb, max_idle_ns: 881590591483 ns
[    0.396579] clocksource: mult[800000] shift[23]
[    0.396627] clockevent: mult[80000000] shift[31]
[    0.397025] Console: colour dummy device 80x25
[    0.397089] printk: console [tty0] enabled
[    0.397167] printk: bootconsole [earlyprom0] disabled
[    0.397256] Lock dependency validator: Copyright (c) 2006 Red Hat, Inc., Ingo Molnar
[    0.397310] ... MAX_LOCKDEP_SUBCLASSES:  8
[    0.397342] ... MAX_LOCK_DEPTH:          48
[    0.397375] ... MAX_LOCKDEP_KEYS:        8192
[    0.397409] ... CLASSHASH_SIZE:          4096
[    0.397443] ... MAX_LOCKDEP_ENTRIES:     16384
[    0.397477] ... MAX_LOCKDEP_CHAINS:      32768
[    0.397511] ... CHAINHASH_SIZE:          16384
[    0.397545]  memory used by lock dependency info: 3919 kB
[    0.397584]  memory used for stack traces: 2112 kB
[    0.397620]  per task-struct memory footprint: 1920 bytes
[    0.546960] Calibrating delay using timer specific routine.. 2006.44 BogoMIPS (lpj=10032220)
[    0.547036] pid_max: default: 131072 minimum: 1024
[    0.547326] LSM: Security Framework initializing
[    0.547504] AppArmor: AppArmor initialized
[    0.547785] Mount-cache hash table entries: 131072 (order: 7, 1048576 bytes, linear)
[    0.547956] Mountpoint-cache hash table entries: 131072 (order: 7, 1048576 bytes, linear)
[    0.553617] rcu: Hierarchical SRCU implementation.
[    0.564411] smp: Bringing up secondary CPUs ...
[    0.565652] ------------[ cut here ]------------
[    0.565681] WARNING: CPU: 0 PID: 1 at kernel/locking/lockdep.c:4875 check_flags+0x9c/0x2c0
[    0.565708] DEBUG_LOCKS_WARN_ON(lockdep_hardirqs_enabled())
[    0.565709] Modules linked in:
[    0.565744] CPU: 0 PID: 1 Comm: swapper/0 Not tainted 5.9.0-rc5-00071-g10b82d517648-dirty #68
[    0.565772] Call Trace:
[    0.565788] [<00000000004726a8>] __warn+0xa8/0x120
[    0.565807] [<0000000000472b10>] warn_slowpath_fmt+0x64/0x74
[    0.565828] [<00000000004e849c>] check_flags+0x9c/0x2c0
[    0.565850] [<0000000000c17da0>] lock_is_held_type+0x20/0x140
[    0.565872] [<00000000005094f4>] rcu_read_lock_sched_held+0x54/0xa0
[    0.565894] [<00000000004ed3c0>] lock_acquire+0x120/0x480
[    0.565916] [<0000000000c21710>] _raw_spin_lock+0x30/0x60
[    0.565939] [<00000000009b9c9c>] p1275_cmd_direct+0x1c/0x60
[    0.565959] [<00000000009b9b70>] prom_startcpu_cpuid+0x30/0x40
[    0.565981] [<00000000004426e4>] __cpu_up+0x184/0x3a0
[    0.566000] [<0000000000474500>] bringup_cpu+0x20/0x120
[    0.566019] [<000000000047368c>] cpuhp_invoke_callback+0xec/0x340
[    0.566041] [<00000000004752d4>] cpu_up+0x154/0x220
[    0.566060] [<0000000000475b60>] bringup_nonboot_cpus+0x60/0xa0
[    0.566085] [<0000000000fbc338>] smp_init+0x28/0xa0
[    0.566106] [<0000000000fad3b4>] kernel_init_freeable+0x18c/0x300
[    0.566126] irq event stamp: 5135
[    0.566141] hardirqs last  enabled at (5135): [<0000000000c21b28>] _raw_spin_unlock_irqrestore+0x28/0x60
[    0.566172] hardirqs last disabled at (5134): [<0000000000c218e0>] _raw_spin_lock_irqsave+0x20/0x80
[    0.566203] softirqs last  enabled at (1558): [<0000000000c246a0>] __do_softirq+0x4e0/0x560
[    0.566234] softirqs last disabled at (1551): [<000000000042d394>] do_softirq_own_stack+0x34/0x60
[    0.566265] random: get_random_bytes called from __warn+0xc8/0x120 with crng_init=0
[    0.566271] ---[ end trace 497ab8c578b92c93 ]---
[    0.566309] possible reason: unannotated irqs-off.
[    0.566326] irq event stamp: 5135
[    0.566340] hardirqs last  enabled at (5135): [<0000000000c21b28>] _raw_spin_unlock_irqrestore+0x28/0x60
[    0.566371] hardirqs last disabled at (5134): [<0000000000c218e0>] _raw_spin_lock_irqsave+0x20/0x80
[    0.566401] softirqs last  enabled at (1558): [<0000000000c246a0>] __do_softirq+0x4e0/0x560
[    0.566428] softirqs last disabled at (1551): [<000000000042d394>] do_softirq_own_stack+0x34/0x60
[    0.588332] smp: Brought up 1 node, 32 CPUs
[    0.591288] devtmpfs: initialized
[    0.593417] Performance events: 
[    0.593450] Testing NMI watchdog ... 
[    0.793517] OK.
[    0.793579] Supported PMU type is 'niagara5'
[    0.794115] ldc.c:v1.1 (July 22, 2008)
[    0.795469] clocksource: jiffies: mask: 0xffffffff max_cycles: 0xffffffff, max_idle_ns: 19112604462750000 ns
[    0.795519] futex hash table entries: 32768 (order: 9, 4194304 bytes, linear)
[    0.798214] NET: Registered protocol family 16
[    0.803200] VIO: Adding device channel-devices (tx_ino = ffffffffffffffff, rx_ino = ffffffffffffffff)
[    0.803306] VIO: Adding device vnet-port-0-0 (tx_ino = 0, rx_ino = 1)
[    0.803392] VIO: Adding device vnet-port-0-1 (tx_ino = 2, rx_ino = 3)
[    0.803478] VIO: Adding device vnet-port-0-2 (tx_ino = 4, rx_ino = 5)
[    0.803580] VIO: Adding device vnet-port-0-3 (tx_ino = 6, rx_ino = 7)
[    0.803683] VIO: Adding device vnet-port-0-4 (tx_ino = 8, rx_ino = 9)
[    0.803769] VIO: Adding device vnet-port-0-5 (tx_ino = a, rx_ino = b)
[    0.803857] VIO: Adding device vdc-port-2-0 (tx_ino = c, rx_ino = d)
[    0.803941] VIO: Adding device vdc-port-1-0 (tx_ino = e, rx_ino = f)
[    0.804025] VIO: Adding device vdc-port-0-0 (tx_ino = 10, rx_ino = 11)
[    0.804112] VIO: Adding device vdc-port-3-0 (tx_ino = 12, rx_ino = 13)
[    0.804197] VIO: Adding device vlds-port-0-0 (tx_ino = 14, rx_ino = 15)
[    0.804284] VIO: Adding device domain-services-port-0 (tx_ino = 14, rx_ino = 15)
[    0.804426] audit: initializing netlink subsys (disabled)
[    0.804617] audit: type=2000 audit(0.400:1): state=initialized audit_enabled=0 res=1
[    0.820032] HugeTLB registered 64.0 KiB page size, pre-allocated 0 pages
[    0.820061] HugeTLB registered 8.00 MiB page size, pre-allocated 0 pages
[    0.820084] HugeTLB registered 256 MiB page size, pre-allocated 0 pages
[    0.820108] HugeTLB registered 2.00 GiB page size, pre-allocated 0 pages
[    0.821197] alg: extra crypto tests enabled.  This is intended for developer use only.
[    0.841705] cryptd: max_cpu_qlen set to 1000
[    0.910354] vgaarb: loaded
[    0.911022] NetLabel: Initializing
[    0.911038] NetLabel:  domain hash size = 128
[    0.911055] NetLabel:  protocols = UNLABELED CIPSOv4 CALIPSO
[    0.911114] NetLabel:  unlabeled traffic allowed by default
[    0.911763] SUN4V: Reboot data supported (maj=1,min=0).
[    0.911963] ds.c:v1.0 (Jul 11, 2007)
[    0.912155] ds-0: ds_conn_reset() from send_events
[    0.912367] clocksource: Switched to clocksource stick
[    1.024518] VFS: Disk quotas dquot_6.6.0
[    1.024613] VFS: Dquot-cache hash table entries: 1024 (order 0, 8192 bytes)
[    1.025657] AppArmor: AppArmor Filesystem Enabled
[    1.032378] NET: Registered protocol family 2
[    1.033136] tcp_listen_portaddr_hash hash table entries: 32768 (order: 8, 2621440 bytes, linear)
[    1.034364] TCP established hash table entries: 524288 (order: 9, 4194304 bytes, linear)
[    1.036534] TCP bind hash table entries: 65536 (order: 9, 4718592 bytes, linear)
[    1.038715] TCP: Hash tables configured (established 524288 bind 65536)
[    1.039964] UDP hash table entries: 32768 (order: 9, 5242880 bytes, linear)
[    1.042729] UDP-Lite hash table entries: 32768 (order: 9, 5242880 bytes, linear)
[    1.046745] NET: Registered protocol family 1
[    1.046787] NET: Registered protocol family 44
[    1.046824] PCI: CLS 0 bytes, default 64
[    1.047027] Trying to unpack rootfs image as initramfs...
[    1.193229] Freeing initrd memory: 14688K
[    1.194233] aes_sparc64: Using sparc64 aes opcodes optimized AES implementation
[    1.437380] des_sparc64: Using sparc64 des opcodes optimized DES implementation
[    1.885614] camellia_sparc64: Using sparc64 camellia opcodes optimized CAMELLIA implementation
[    2.049475] workingset: timestamp_bits=41 max_order=23 bucket_order=0
[    2.058231] zbud: loaded
[    2.060768] SGI XFS with ACLs, security attributes, quota, fatal assert, debug enabled
[    2.086582] Block layer SCSI generic (bsg) driver version 0.4 loaded (major 252)
[    2.087133] io scheduler mq-deadline registered
[    2.089011] f029b788: ttyHV0 at I/O 0x0 (irq = 1, base_baud = 115200) is a SUN4V HCONS
[    2.089611] printk: console [ttyHV0] enabled
[    2.091884] sunvdc.c:v1.2 (November 24, 2014)
[    2.095118] sunvdc: Virtual Hard disk vdiskc
[    2.095138] sunvdc: vdiskc: 104857600 sectors (51200 MB) protocol 1.2
[    2.107861] sunvdc: Virtual Hard disk vdiskb
[    2.107882] sunvdc: vdiskb: 62914560 sectors (30720 MB) protocol 1.2
[    2.109023]  vdiskb: vdiskb1
[    2.121025] sunvdc: Virtual Hard disk vdiska
[    2.121046] sunvdc: vdiska: 31457280 sectors (15360 MB) protocol 1.2
[    2.122227]  vdiska: vdiska1 vdiska2 vdiska3 vdiska4
[    2.134989] sunvdc: Virtual CDROM vdiskd
[    2.135013] sunvdc: vdiskd: 453848 sectors (221 MB) protocol 1.2
[    2.136161]  vdiskd: vdiskd1 vdiskd2 vdiskd3 vdiskd4 vdiskd5 vdiskd6 vdiskd7
[    2.146478] sunvnet: sunvnet 2.0 (February 3, 2017)
[    2.147781] vnet_port vnet-port-0-0 eth0: Sun LDOM vnet 00:14:4f:f8:12:a3
[    2.147897] sunvnet: eth0: PORT ( remote-mac 00:14:4f:fa:f3:f0 switch-port )
[    2.148380] sunvnet: eth0: PORT ( remote-mac 00:14:4f:f8:e5:f3 )
[    2.148840] sunvnet: eth0: PORT ( remote-mac 00:14:4f:f9:b4:97 )
[    2.149318] sunvnet: eth0: PORT ( remote-mac 00:14:4f:f8:3f:1e )
[    2.149781] sunvnet: eth0: PORT ( remote-mac 00:14:4f:f8:fe:47 )
[    2.150257] sunvnet: eth0: PORT ( remote-mac 00:14:4f:fb:b5:00 )
[    2.151190] rtc-sun4v rtc-sun4v: registered as rtc0
[    2.151264] rtc-sun4v rtc-sun4v: setting system clock to 2020-09-18T09:43:54 UTC (1600422234)
[    2.151507] sun4v_wdt: initialized (timeout=60s, nowayout=0)
[    2.151750] device-mapper: uevent: version 1.0.3
[    2.152337] device-mapper: ioctl: 4.42.0-ioctl (2020-02-27) initialised: dm-devel@redhat.com
[    2.152995] NET: Registered protocol family 17
[    2.153202] registered taskstats version 1
[    2.153782] zswap: loaded using pool lzo/zbud
[    2.154607] AppArmor: AppArmor sha1 policy hashing enabled
[    2.157452] This architecture does not have kernel memory protection.
[    2.157486] Run /init as init process
[    2.157504]   with arguments:
[    2.157519]     /init
[    2.157533]   with environment:
[    2.157548]     HOME=/
[    2.157561]     TERM=linux
[    2.157575]     BOOT_IMAGE=/vmlinux-5.9.0-rc5-00071-g10b82d517648-dirty
[    2.446155] crc32c_sparc64: Using sparc64 crc32c opcode optimized CRC32C implementation
[    2.448626] random: lvm: uninitialized urandom read (4 bytes read)
[    2.484215] random: lvm: uninitialized urandom read (2 bytes read)
[    2.982334] raid6: int64x8  gen()  2153 MB/s
[    3.152335] raid6: int64x8  xor()  1521 MB/s
[    3.322338] raid6: int64x4  gen()  3387 MB/s
[    3.492345] raid6: int64x4  xor()  1462 MB/s
[    3.662335] raid6: int64x2  gen()  2911 MB/s
[    3.832336] raid6: int64x2  xor()  1122 MB/s
[    4.002368] raid6: int64x1  gen()  1407 MB/s
[    4.172355] raid6: int64x1  xor()   712 MB/s
[    4.172375] raid6: using algorithm int64x4 gen() 3387 MB/s
[    4.172396] raid6: .... xor() 1462 MB/s, rmw enabled
[    4.172415] raid6: using intx1 recovery algorithm
[    4.172978] async_tx: api initialized (async)
[    4.173289] xor: automatically using best checksumming function   Niagara   
[    4.224719] random: fast init done
[    4.385715] EXT4-fs (vdiska2): mounted filesystem with ordered data mode. Opts: (null)
[    6.139936] systemd[1]: Inserted module 'autofs4'
[    6.147022] NET: Registered protocol family 10
[    6.151362] Segment Routing with IPv6
[    6.190943] systemd[1]: systemd 246.5-1 running in system mode. (+PAM +AUDIT +SELINUX +IMA +APPARMOR +SMACK +SYSVINIT +UTMP +LIBCRYPTSETUP +GCRYPT +GNUTLS +ACL +XZ +LZ4 +ZSTD -SECCOMP +BLKID +ELFUTILS +KMOD +IDN2 -IDN +PCRE2 default-hierarchy=hybrid)
[    6.191382] systemd[1]: Detected architecture sparc64.
[    6.279606] systemd[1]: Set hostname to <ttip>.
[    7.410463] random: lvmconfig: uninitialized urandom read (4 bytes read)
[    9.327385] systemd[1]: Queued start job for default target Multi-User System.
[    9.328466] random: systemd: uninitialized urandom read (16 bytes read)
[    9.354569] systemd[1]: Created slice system-getty.slice.
[    9.355062] random: systemd: uninitialized urandom read (16 bytes read)
[    9.363836] systemd[1]: Created slice system-modprobe.slice.
[    9.364102] random: systemd: uninitialized urandom read (16 bytes read)
[    9.372615] systemd[1]: Created slice system-openvpn\x2dclient.slice.
[    9.391433] systemd[1]: Created slice system-postfix.slice.
[    9.403825] systemd[1]: Created slice system-systemd\x2dfsck.slice.
[    9.413498] systemd[1]: Created slice User and Session Slice.
[    9.414058] systemd[1]: Started Dispatch Password Requests to Console Directory Watch.
[    9.414548] systemd[1]: Started Forward Password Requests to Wall Directory Watch.
[    9.416151] systemd[1]: Set up automount Arbitrary Executable File Formats File System Automount Point.
[    9.416539] systemd[1]: Reached target Local Encrypted Volumes.
[    9.416877] systemd[1]: Reached target Paths.
[    9.417183] systemd[1]: Reached target Slices.
[    9.417760] systemd[1]: Listening on Device-mapper event daemon FIFOs.
[    9.418433] systemd[1]: Listening on LVM2 poll daemon socket.
[    9.445439] systemd[1]: Listening on RPCbind Server Activation Socket.
[    9.447090] systemd[1]: Listening on Syslog Socket.
[    9.447782] systemd[1]: Listening on fsck to fsckd communication Socket.
[    9.448251] systemd[1]: Listening on initctl Compatibility Named Pipe.
[    9.449040] systemd[1]: Listening on Journal Audit Socket.
[    9.449662] systemd[1]: Listening on Journal Socket (/dev/log).
[    9.450410] systemd[1]: Listening on Journal Socket.
[    9.451150] systemd[1]: Listening on udev Control Socket.
[    9.451731] systemd[1]: Listening on udev Kernel Socket.
[    9.463233] systemd[1]: Mounting Huge Pages File System...
[    9.475060] systemd[1]: Mounting POSIX Message Queue File System...
[    9.505613] systemd[1]: Mounting RPC Pipe File System...
[    9.517873] systemd[1]: Mounting Kernel Debug File System...
[    9.529870] systemd[1]: Mounting Kernel Trace File System...
[    9.530429] systemd[1]: Condition check resulted in Kernel Module supporting RPCSEC_GSS being skipped.
[    9.531250] systemd[1]: Finished Availability of block devices.
[    9.542824] systemd[1]: Starting Wait for network to be configured by ifupdown...
[    9.555008] systemd[1]: Starting Create list of static device nodes for the current kernel...
[    9.566264] systemd[1]: Starting Monitoring of LVM2 mirrors, snapshots etc. using dmeventd or progress polling...
[    9.577744] systemd[1]: Starting Load Kernel Module drm...
[    9.589205] systemd[1]: Starting nftables...
[    9.623666] systemd[1]: Condition check resulted in Set Up Additional Binary Formats being skipped.
[    9.623877] systemd[1]: Condition check resulted in File System Check on Root Device being skipped.
[    9.638053] systemd[1]: Starting Journal Service...
[    9.647562] RPC: Registered named UNIX socket transport module.
[    9.647589] RPC: Registered udp transport module.
[    9.647609] RPC: Registered tcp transport module.
[    9.647628] RPC: Registered tcp NFSv4.1 backchannel transport module.
[    9.664556] systemd[1]: Starting Load Kernel Modules...
[    9.676059] systemd[1]: Starting Remount Root and Kernel File Systems...
[    9.687848] systemd[1]: Starting Coldplug All udev Devices...
[    9.695208] systemd[1]: Mounted Huge Pages File System.
[    9.696142] systemd[1]: Mounted POSIX Message Queue File System.
[    9.697011] systemd[1]: Mounted RPC Pipe File System.
[    9.697870] systemd[1]: Mounted Kernel Debug File System.
[    9.698738] systemd[1]: Mounted Kernel Trace File System.
[    9.702015] systemd[1]: Finished Wait for network to be configured by ifupdown.
[    9.705401] systemd[1]: Finished Create list of static device nodes for the current kernel.
[    9.706955] systemd[1]: modprobe@drm.service: Succeeded.
[    9.709203] systemd[1]: Finished Load Kernel Module drm.
[    9.761811] systemd[1]: Finished Load Kernel Modules.
[    9.763631] systemd[1]: Condition check resulted in FUSE Control File System being skipped.
[    9.763879] systemd[1]: Condition check resulted in Kernel Configuration File System being skipped.
[    9.776556] EXT4-fs (vdiska2): re-mounted. Opts: errors=remount-ro
[    9.807485] systemd[1]: Starting Apply Kernel Variables...
[    9.814583] systemd[1]: Finished Remount Root and Kernel File Systems.
[    9.877599] systemd[1]: Starting Initial Check File System Quotas...
[    9.910504] systemd[1]: Condition check resulted in Rebuild Hardware Database being skipped.
[    9.910781] systemd[1]: Condition check resulted in Platform Persistent Storage Archival being skipped.
[    9.923873] systemd[1]: Starting Load/Save Random Seed...
[    9.936865] systemd[1]: Starting Create System Users...
[    9.938497] systemd[1]: Started Journal Service.
[   11.248036] sha1_sparc64: Using sparc64 sha1 opcode optimized SHA-1 implementation
[   11.324737] n2rng v0.3 (Jan 7, 2017)
[   11.324793] n2rng f029b104: Registered RNG HVAPI major 2 minor 0
[   11.324827] n2rng f029b104: Found multi-unit-capable RNG, units: 2
[   11.324893] n2rng f029b104: RNG ready
[   11.348862] pktcdvd: setup of pktcdvd device failed
[   11.379585] pktcdvd: setup of pktcdvd device failed
[   11.382414] pktcdvd: setup of pktcdvd device failed
[   11.385421] pktcdvd: setup of pktcdvd device failed
[   11.388146] pktcdvd: setup of pktcdvd device failed
[   11.391159] pktcdvd: setup of pktcdvd device failed
[   11.393593] pktcdvd: setup of pktcdvd device failed
[   11.396117] pktcdvd: setup of pktcdvd device failed
[   11.430464] sha256_sparc64: Using sparc64 sha256 opcode optimized SHA-256/SHA-224 implementation
[   11.531455] XFS (dm-0): Mounting V5 Filesystem
[   11.608837] sha512_sparc64: Using sparc64 sha512 opcode optimized SHA-512/SHA-384 implementation
[   11.617942] md5_sparc64: Using sparc64 md5 opcode optimized MD5 implementation
[   11.643597] XFS (dm-0): Ending clean mount
[   11.646531] xfs filesystem being mounted at /1 supports timestamps until 2038 (0x7fffffff)
[   11.762689] Adding 787176k swap on /dev/vdiska4.  Priority:-2 extents:1 across:787176k FS
[   12.208514] EXT4-fs (vdiska1): mounting ext3 file system using the ext4 subsystem
[   12.419687] EXT4-fs (vdiska1): mounted filesystem with ordered data mode. Opts: (null)
[   12.419830] ext3 filesystem being mounted at /boot supports timestamps until 2038 (0x7fffffff)
[   13.533679] Kernel unaligned access at TPC[8d47bc] aa_dfa_unpack+0x3c/0x640
[   13.533722] Kernel unaligned access at TPC[8d47d0] aa_dfa_unpack+0x50/0x640
[   13.533752] Kernel unaligned access at TPC[8d4894] aa_dfa_unpack+0x114/0x640
[   13.533782] Kernel unaligned access at TPC[8d4964] aa_dfa_unpack+0x1e4/0x640
[   13.533810] Kernel unaligned access at TPC[8d4978] aa_dfa_unpack+0x1f8/0x640
[   13.541480] audit: type=1400 audit(1600422245.880:2): apparmor="STATUS" operation="profile_load" profile="unconfined" name="nvidia_modprobe" pid=700 comm="apparmor_parser"
[   13.541552] audit: type=1400 audit(1600422245.880:3): apparmor="STATUS" operation="profile_load" profile="unconfined" name="nvidia_modprobe//kmod" pid=700 comm="apparmor_parser"
[   13.544787] audit: type=1400 audit(1600422245.890:4): apparmor="STATUS" operation="profile_load" profile="unconfined" name="/usr/sbin/haveged" pid=697 comm="apparmor_parser"
[   13.575417] audit: type=1400 audit(1600422245.920:5): apparmor="STATUS" operation="profile_load" profile="unconfined" name="lsb_release" pid=704 comm="apparmor_parser"
[   13.598169] audit: type=1400 audit(1600422245.940:6): apparmor="STATUS" operation="profile_load" profile="unconfined" name="/usr/bin/man" pid=701 comm="apparmor_parser"
[   13.598230] audit: type=1400 audit(1600422245.940:7): apparmor="STATUS" operation="profile_load" profile="unconfined" name="man_filter" pid=701 comm="apparmor_parser"
[   13.598287] audit: type=1400 audit(1600422245.940:8): apparmor="STATUS" operation="profile_load" profile="unconfined" name="man_groff" pid=701 comm="apparmor_parser"
[   13.635621] audit: type=1400 audit(1600422245.980:9): apparmor="STATUS" operation="profile_load" profile="unconfined" name="named" pid=703 comm="apparmor_parser"
[   13.659541] audit: type=1400 audit(1600422246.000:10): apparmor="STATUS" operation="profile_load" profile="unconfined" name="tcpdump" pid=702 comm="apparmor_parser"
[   14.392528] random: crng init done
[   14.392563] random: 4 urandom warning(s) missed due to ratelimiting
