[    0.000019] PROMLIB: Sun IEEE Boot Prom 'OBP 4.38.12 2018/03/28 14:54'
[    0.000031] PROMLIB: Root node compatible: sun4v
[    0.000078] Linux version 5.1.0-01345-g61be53f9ef37 (mator@ttip) (gcc version 8.3.0 (Debian 8.3.0-7)) #1049 SMP Sat Jul 13 13:34:16 MSK 2019
[    0.000387] printk: bootconsole [earlyprom0] enabled
[    0.000440] ARCH: SUN4V
[    0.000490] Ethernet address: 00:14:4f:fa:06:f2
[    0.000542] MM: PAGE_OFFSET is 0xfff8000000000000 (max_phys_bits == 47)
[    0.000607] MM: VMALLOC [0x0000000100000000 --> 0x0006000000000000]
[    0.000668] MM: VMEMMAP [0x0006000000000000 --> 0x000c000000000000]
[    0.012744] Kernel: Using 5 locked TLB entries for main kernel image.
[    0.012831] Remapping the kernel... 
[    0.012855] done.
[    0.047879] OF stdout device is: /virtual-devices@100/console@1
[    0.047959] PROM: Built device tree with 86230 bytes of memory.
[    0.048026] MDESC: Size is 36560 bytes.
[    0.048150] PLATFORM: banner-name [SPARC T5-2]
[    0.048199] PLATFORM: name [ORCL,SPARC-T5-2]
[    0.048246] PLATFORM: hostid [84fa06f2]
[    0.048287] PLATFORM: serial# [0035260e]
[    0.048332] PLATFORM: stick-frequency [3b9aca00]
[    0.048378] PLATFORM: mac-address [144ffa06f2]
[    0.048426] PLATFORM: watchdog-resolution [1000 ms]
[    0.048476] PLATFORM: watchdog-max-timeout [31536000000 ms]
[    0.048532] PLATFORM: max-cpus [1024]
[    0.048641] Top of RAM: 0x24af938000, Total RAM: 0x87f354000
[    0.048705] Memory hole size: 115461MB
[    0.053388] Allocated 40960 bytes for kernel page tables.
[    0.053503] Zone ranges:
[    0.053546]   Normal   [mem 0x0000000030400000-0x00000024af937fff]
[    0.053609] Movable zone start for each node
[    0.053656] Early memory node ranges
[    0.053696]   node   0: [mem 0x0000000030400000-0x000000006fe7ffff]
[    0.053758]   node   0: [mem 0x000000006ff00000-0x000000006ff25fff]
[    0.053817]   node   0: [mem 0x0000000070000000-0x000000042fffffff]
[    0.053877]   node   0: [mem 0x0000002030000000-0x00000024af87ffff]
[    0.053938]   node   0: [mem 0x00000024af900000-0x00000024af925fff]
[    0.053997]   node   0: [mem 0x00000024af930000-0x00000024af937fff]
[    0.061387] Zeroed struct page in unavailable ranges: 230130 pages
[    0.061396] Initmem setup node 0 [mem 0x0000000030400000-0x00000024af937fff]
[    0.061555] On node 0 totalpages: 4454826
[    0.061564]   Normal zone: 39154 pages used for memmap
[    0.061569]   Normal zone: 0 pages reserved
[    0.061575]   Normal zone: 4454826 pages, LIFO batch:31
[    0.259529] Booting Linux...
[    0.259614] CPU CAPS: [flush,stbar,swap,muldiv,v9,blkinit,n2,mul32]
[    0.259697] CPU CAPS: [div32,v8plus,popc,vis,vis2,ASIBlkInit,fmaf,vis3]
[    0.260776] CPU CAPS: [hpc,ima,pause,cbcond,aes,des,kasumi,camellia]
[    0.260853] CPU CAPS: [md5,sha1,sha256,sha512,mpmul,montmul,montsqr,crc32c]
[    0.321085] percpu: Embedded 27 pages/cpu s179528 r8192 d33464 u262144
[    0.321346] pcpu-alloc: s179528 r8192 d33464 u262144 alloc=1*4194304
[    0.321354] pcpu-alloc: [0] 000 001 002 003 004 005 006 007 008 009 010 011 012 013 014 015 
[    0.321381] pcpu-alloc: [0] 016 017 018 019 020 021 022 023 024 025 026 027 028 029 030 031 
[    0.321408] pcpu-alloc: [0] 032 033 034 035 036 037 038 039 040 041 042 043 044 045 046 047 
[    0.321435] pcpu-alloc: [0] 048 049 050 051 052 053 054 055 056 057 058 059 060 061 062 063 
[    0.321462] pcpu-alloc: [0] 064 065 066 067 068 069 070 071 072 073 074 075 076 077 078 079 
[    0.321489] pcpu-alloc: [0] 080 081 082 083 084 085 086 087 088 089 090 091 092 093 094 095 
[    0.321515] pcpu-alloc: [0] 096 097 098 099 100 101 102 103 104 105 106 107 108 109 110 111 
[    0.321543] pcpu-alloc: [0] 112 113 114 115 116 117 118 119 120 121 122 123 124 125 126 127 
[    0.321570] pcpu-alloc: [0] 128 129 130 131 132 133 134 135 136 137 138 139 140 141 142 143 
[    0.321598] pcpu-alloc: [0] 144 145 146 147 148 149 150 151 152 153 154 155 156 157 158 159 
[    0.321625] pcpu-alloc: [0] 160 161 162 163 164 165 166 167 168 169 170 171 172 173 174 175 
[    0.321652] pcpu-alloc: [0] 176 177 178 179 180 181 182 183 184 185 186 187 188 189 190 191 
[    0.321679] pcpu-alloc: [0] 192 193 194 195 196 197 198 199 200 201 202 203 204 205 206 207 
[    0.321707] pcpu-alloc: [0] 208 209 210 211 212 213 214 215 216 217 218 219 220 221 222 223 
[    0.321734] pcpu-alloc: [0] 224 225 226 227 228 229 230 231 232 233 234 235 236 237 238 239 
[    0.321762] pcpu-alloc: [0] 240 241 242 243 244 245 246 247 248 249 250 251 252 253 254 255 
[    0.322276] SUN4V: Mondo queue sizes [cpu(131072) dev(16384) r(8192) nr(256)]
[    0.322681] Built 1 zonelists, mobility grouping on.  Total pages: 4415672
[    0.322774] Kernel command line: BOOT_IMAGE=/vmlinuz-5.1.0-01345-g61be53f9ef37 root=/dev/vdiska2 ro zswap.enabled=1
[    0.326356] printk: log_buf_len individual max cpu contribution: 4096 bytes
[    0.326459] printk: log_buf_len total cpu_extra contributions: 1044480 bytes
[    0.326531] printk: log_buf_len min size: 131072 bytes
[    0.327962] printk: log_buf_len: 2097152 bytes
[    0.328026] printk: early log buf free: 125896(96%)
[    0.334759] Dentry cache hash table entries: 8388608 (order: 13, 67108864 bytes)
[    0.338273] Inode-cache hash table entries: 4194304 (order: 12, 33554432 bytes)
[    0.338381] Sorting __ex_table...
[    0.418135] Memory: 35102448K/35638608K available (6806K kernel code, 957K rwdata, 2016K rodata, 976K init, 6725K bss, 536160K reserved, 0K cma-reserved)
[    0.419239] kmemleak: Kernel memory leak detector disabled
[    0.419864] ftrace: allocating 19807 entries in 39 pages
[    0.433986] Running RCU self tests
[    0.434059] rcu: Hierarchical RCU implementation.
[    0.434111] rcu: 	RCU event tracing is enabled.
[    0.434162] rcu: 	RCU lockdep checking is enabled.
[    0.434211] 	Tasks RCU enabled.
[    0.435254] rcu: RCU calculated value of scheduler-enlistment delay is 11 jiffies.
[    0.441887] NR_IRQS: 2048, nr_irqs: 2048, preallocated irqs: 1
[    0.442008] SUN4V: Using IRQ API major 3, cookie only virqs enabled
[    0.446273] clocksource: stick: mask: 0xffffffffffffffff max_cycles: 0x1cd42e4dffb, max_idle_ns: 881590591483 ns
[    0.446404] clocksource: mult[800000] shift[23]
[    0.446453] clockevent: mult[80000000] shift[31]
[    0.450558] Console: colour dummy device 80x25
[    0.450634] printk: console [tty0] enabled
[    0.450713] printk: bootconsole [earlyprom0] disabled
[    0.450796] Lock dependency validator: Copyright (c) 2006 Red Hat, Inc., Ingo Molnar
[    0.450843] ... MAX_LOCKDEP_SUBCLASSES:  8
[    0.450872] ... MAX_LOCK_DEPTH:          48
[    0.450901] ... MAX_LOCKDEP_KEYS:        8191
[    0.450931] ... CLASSHASH_SIZE:          4096
[    0.450961] ... MAX_LOCKDEP_ENTRIES:     16384
[    0.450990] ... MAX_LOCKDEP_CHAINS:      32768
[    0.451020] ... CHAINHASH_SIZE:          16384
[    0.451050]  memory used by lock dependency info: 3853 kB
[    0.451084]  per task-struct memory footprint: 1920 bytes
[    0.451289] kmemleak: Early log buffer exceeded (4953), please increase DEBUG_KMEMLEAK_EARLY_LOG_SIZE
[    0.597140] Calibrating delay using timer specific routine.. 2017.15 BogoMIPS (lpj=10085772)
[    0.597208] pid_max: default: 262144 minimum: 2048
[    0.598873] Mount-cache hash table entries: 131072 (order: 7, 1048576 bytes)
[    0.599032] Mountpoint-cache hash table entries: 131072 (order: 7, 1048576 bytes)
[    0.600481] *** VALIDATE proc ***
[    0.601150] *** VALIDATE cgroup1 ***
[    0.601181] *** VALIDATE cgroup2 ***
[    0.603940] rcu: Hierarchical SRCU implementation.
[    0.626022] smp: Bringing up secondary CPUs ...
[    0.705484] smp: Brought up 1 node, 32 CPUs
[    0.712657] devtmpfs: initialized
[    0.718917] Performance events: 
[    0.718968] Testing NMI watchdog ... 
[    0.919082] OK.
[    0.919246] Supported PMU type is 'niagara5'
[    0.919566] random: get_random_u32 called from bucket_table_alloc.isra.4+0x13c/0x1c0 with crng_init=0
[    0.920421] ldc.c:v1.1 (July 22, 2008)
[    0.923345] clocksource: jiffies: mask: 0xffffffff max_cycles: 0xffffffff, max_idle_ns: 19112604462750000 ns
[    0.923447] futex hash table entries: 65536 (order: 10, 8388608 bytes)
[    0.933266] NET: Registered protocol family 16
[    0.943017] VIO: Adding device channel-devices (tx_ino = ffffffffffffffff, rx_ino = ffffffffffffffff)
[    0.943268] VIO: Adding device vnet-port-0-0 (tx_ino = 0, rx_ino = 1)
[    0.943480] VIO: Adding device vnet-port-0-1 (tx_ino = 2, rx_ino = 3)
[    0.943664] VIO: Adding device vnet-port-0-2 (tx_ino = 4, rx_ino = 5)
[    0.943854] VIO: Adding device vnet-port-0-3 (tx_ino = 6, rx_ino = 7)
[    0.944033] VIO: Adding device vnet-port-0-4 (tx_ino = 8, rx_ino = 9)
[    0.944211] VIO: Adding device vnet-port-0-5 (tx_ino = 16, rx_ino = 17)
[    0.944395] VIO: Adding device vdc-port-3-0 (tx_ino = a, rx_ino = b)
[    0.944581] VIO: Adding device vdc-port-2-0 (tx_ino = c, rx_ino = d)
[    0.944759] VIO: Adding device vdc-port-1-0 (tx_ino = e, rx_ino = f)
[    0.944936] VIO: Adding device vdc-port-0-0 (tx_ino = 10, rx_ino = 11)
[    0.945120] VIO: Adding device vlds-port-0-0 (tx_ino = 12, rx_ino = 13)
[    0.945309] VIO: Adding device domain-services-port-0 (tx_ino = 12, rx_ino = 13)
[    0.945703] audit: initializing netlink subsys (disabled)
[    0.946126] audit: type=2000 audit(0.490:1): state=initialized audit_enabled=0 res=1
[    0.990069] HugeTLB registered 64.0 KiB page size, pre-allocated 0 pages
[    0.990124] HugeTLB registered 8.00 MiB page size, pre-allocated 0 pages
[    0.990167] HugeTLB registered 256 MiB page size, pre-allocated 0 pages
[    0.990210] HugeTLB registered 2.00 GiB page size, pre-allocated 0 pages
[    1.037437] alg: No test for lzo-rle (lzo-rle-generic)
[    1.037986] alg: No test for lzo-rle (lzo-rle-scomp)
[    1.053373] SUN4V: Reboot data supported (maj=1,min=0).
[    1.053807] ds.c:v1.0 (Jul 11, 2007)
[    1.054223] ds-0: ds_conn_reset() from send_events.isra.3
[    1.055652] clocksource: Switched to clocksource stick
[    1.324241] VFS: Disk quotas dquot_6.6.0
[    1.324740] VFS: Dquot-cache hash table entries: 1024 (order 0, 8192 bytes)
[    1.325358] *** VALIDATE hugetlbfs ***
[    1.343640] NET: Registered protocol family 2
[    1.348397] tcp_listen_portaddr_hash hash table entries: 32768 (order: 8, 2359296 bytes)
[    1.351695] TCP established hash table entries: 524288 (order: 9, 4194304 bytes)
[    1.353728] TCP bind hash table entries: 65536 (order: 9, 4194304 bytes)
[    1.359983] TCP: Hash tables configured (established 524288 bind 65536)
[    1.366679] UDP hash table entries: 32768 (order: 9, 5242880 bytes)
[    1.374201] UDP-Lite hash table entries: 32768 (order: 9, 5242880 bytes)
[    1.388235] NET: Registered protocol family 1
[    1.388966] Unpacking initramfs...
[    1.698461] Freeing initrd memory: 10280K
[    1.733526] workingset: timestamp_bits=46 max_order=23 bucket_order=0
[    1.739862] SGI XFS with ACLs, security attributes, debug enabled
[    1.754325] Block layer SCSI generic (bsg) driver version 0.4 loaded (major 252)
[    1.756436] io scheduler mq-deadline registered
[    1.759816] f029b788: ttyS0 at I/O 0x0 (irq = 1, base_baud = 115200) is a SUN4V HCONS
[    1.765493] printk: console [ttyHV0] enabled
[    1.769325] sunvdc.c:v1.2 (November 24, 2014)
[    1.775852] sunvdc: Virtual CDROM vdiskd
[    1.775916] sunvdc: vdiskd: 403160 sectors (196 MB) protocol 1.2
[    1.777470]  vdiskd: vdiskd1 vdiskd2 vdiskd3 vdiskd4 vdiskd5 vdiskd6 vdiskd7
[    1.832732] sunvdc: Virtual Hard disk vdiskc
[    1.832786] sunvdc: vdiskc: 104857600 sectors (51200 MB) protocol 1.2
[    1.884627] sunvdc: Virtual Hard disk vdiskb
[    1.884682] sunvdc: vdiskb: 62914560 sectors (30720 MB) protocol 1.2
[    1.886551]  vdiskb: vdiskb1
[    1.938134] sunvdc: Virtual Hard disk vdiska
[    1.938186] sunvdc: vdiska: 31457280 sectors (15360 MB) protocol 1.2
[    1.939150]  vdiska: vdiska1 vdiska2 vdiska3 vdiska4
[    1.984531] sunvnet: sunvnet 2.0 (February 3, 2017)
[    1.988095] vnet_port vnet-port-0-0 eth0: Sun LDOM vnet 00:14:4f:f8:12:a3
[    1.988696] sunvnet: eth0: PORT ( remote-mac 00:14:4f:fa:f3:f0 switch-port )
[    1.990066] sunvnet: eth0: PORT ( remote-mac 00:14:4f:f8:e5:f3 )
[    1.991374] sunvnet: eth0: PORT ( remote-mac 00:14:4f:f9:b4:97 )
[    1.992895] sunvnet: eth0: PORT ( remote-mac 00:14:4f:f9:8b:83 )
[    1.994192] sunvnet: eth0: PORT ( remote-mac 00:14:4f:f8:3f:1e )
[    1.995527] sunvnet: eth0: PORT ( remote-mac 00:14:4f:f8:fe:47 )
[    1.997200] rtc-sun4v rtc-sun4v: registered as rtc0
[    1.997662] device-mapper: uevent: version 1.0.3
[    1.998813] device-mapper: ioctl: 4.40.0-ioctl (2019-01-18) initialised: dm-devel@redhat.com
[    2.000511] NET: Registered protocol family 17
[    2.011440] zswap: default zpool zbud not available
[    2.011505] zswap: pool creation failed
[    2.061765] Key type big_key registered
[    2.062716] rtc-sun4v rtc-sun4v: setting system clock to 2019-07-13T10:36:10 UTC (1563014170)
[    2.067069] This architecture does not have kernel memory protection.
[    2.067129] Run /init as init process
[    3.003743] random: fast init done
[    3.005027] crc32c_sparc64: Using sparc64 crc32c opcode optimized CRC32C implementation
[    3.675670] raid6: int64x8  gen()  1945 MB/s
[    3.845658] raid6: int64x8  xor()  1504 MB/s
[    4.015642] raid6: int64x4  gen()  3155 MB/s
[    4.185633] raid6: int64x4  xor()  1934 MB/s
[    4.355636] raid6: int64x2  gen()  2785 MB/s
[    4.525638] raid6: int64x2  xor()  1940 MB/s
[    4.695649] raid6: int64x1  gen()  2517 MB/s
[    4.865637] raid6: int64x1  xor()  1610 MB/s
[    4.865688] raid6: using algorithm int64x4 gen() 3155 MB/s
[    4.865727] raid6: .... xor() 1934 MB/s, rmw enabled
[    4.865763] raid6: using intx1 recovery algorithm
[    4.866830] async_tx: api initialized (async)
[    4.867534] xor: automatically using best checksumming function   Niagara   
[    5.093685] EXT4-fs (vdiska2): mounted filesystem with ordered data mode. Opts: (null)
[    5.363519] systemd[1]: Inserted module 'autofs4'
[    5.374528] NET: Registered protocol family 10
[    5.388561] Segment Routing with IPv6
[    5.420869] systemd[1]: systemd 241 running in system mode. (+PAM +AUDIT +SELINUX +IMA +APPARMOR +SMACK +SYSVINIT +UTMP +LIBCRYPTSETUP +GCRYPT +GNUTLS +ACL +XZ +LZ4 -SECCOMP +BLKID +ELFUTILS +KMOD -IDN2 +IDN +PCRE2 default-hierarchy=hybrid)
[    5.421480] systemd[1]: Detected architecture sparc64.
[    5.439312] systemd[1]: Set hostname to <ttip>.
[    5.565724] random: lvmconfig: uninitialized urandom read (4 bytes read)
[    5.860093] systemd[1]: /lib/systemd/system/smbd.service:9: PIDFile= references path below legacy directory /var/run/, updating /var/run/samba/smbd.pid → /run/samba/smbd.pid; please update the unit file accordingly.
[    5.860783] systemd[1]: /lib/systemd/system/nmbd.service:9: PIDFile= references path below legacy directory /var/run/, updating /var/run/samba/nmbd.pid → /run/samba/nmbd.pid; please update the unit file accordingly.
[    5.896368] random: systemd: uninitialized urandom read (16 bytes read)
[    5.903378] random: systemd: uninitialized urandom read (16 bytes read)
[    5.903498] systemd[1]: Reached target Remote File Systems.
[    5.905461] systemd[1]: Listening on LVM2 poll daemon socket.
[    5.906558] systemd[1]: Started Forward Password Requests to Wall Directory Watch.
[    5.907600] systemd[1]: Listening on initctl Compatibility Named Pipe.
[    5.908823] systemd[1]: Listening on fsck to fsckd communication Socket.
[    6.160445] EXT4-fs (vdiska2): re-mounted. Opts: errors=remount-ro
[    6.350564] systemd-journald[446]: Received request to flush runtime journal from PID 1
[    7.168995] sha1_sparc64: Using sparc64 sha1 opcode optimized SHA-1 implementation
[    7.171874] n2rng v0.3 (Jan 7, 2017)
[    7.171967] n2rng f029b104: Registered RNG HVAPI major 2 minor 0
[    7.172046] n2rng f029b104: Found multi-unit-capable RNG, units: 2
[    7.173037] n2rng f029b104: RNG ready
[    7.212513] sha256_sparc64: Using sparc64 sha256 opcode optimized SHA-256/SHA-224 implementation
[    7.236558] sha512_sparc64: Using sparc64 sha512 opcode optimized SHA-512/SHA-384 implementation
[    7.238687] md5_sparc64: Using sparc64 md5 opcode optimized MD5 implementation
[    7.251982] aes_sparc64: Using sparc64 aes opcodes optimized AES implementation
[    7.323562] des_sparc64: Using sparc64 des opcodes optimized DES implementation
[    7.394969] camellia_sparc64: Using sparc64 camellia opcodes optimized CAMELLIA implementation
[    8.518305] XFS (dm-0): Mounting V5 Filesystem
[    8.536124] XFS (dm-0): Ending clean mount
[   10.382632] Adding 787176k swap on /dev/vdiska4.  Priority:-2 extents:1 across:787176k FS
[   10.466324] EXT4-fs (vdiska1): mounting ext3 file system using the ext4 subsystem
[   10.481508] EXT4-fs (vdiska1): mounted filesystem with ordered data mode. Opts: (null)
[   11.152394] random: crng init done
[   11.152451] random: 7 urandom warning(s) missed due to ratelimiting
