[    0.000018] PROMLIB: Sun IEEE Boot Prom 'OBP 4.38.12 2018/03/28 14:54'
[    0.000031] PROMLIB: Root node compatible: sun4v
[    0.000080] Linux version 5.6.0-02330-g458ef2a25e0c (mator@ttip) (gcc version 9.3.0 (Debian 9.3.0-8)) #35 SMP Tue Mar 31 13:00:31 MSK 2020
[    0.000394] printk: bootconsole [earlyprom0] enabled
[    0.000448] ARCH: SUN4V
[    0.000499] Ethernet address: 00:14:4f:fa:06:f2
[    0.000553] MM: PAGE_OFFSET is 0xfff8000000000000 (max_phys_bits == 47)
[    0.000619] MM: VMALLOC [0x0000000100000000 --> 0x0006000000000000]
[    0.000680] MM: VMEMMAP [0x0006000000000000 --> 0x000c000000000000]
[    0.012962] Kernel: Using 5 locked TLB entries for main kernel image.
[    0.013031] Remapping the kernel... 
[    0.013058] done.
[    0.045966] OF stdout device is: /virtual-devices@100/console@1
[    0.046030] PROM: Built device tree with 86758 bytes of memory.
[    0.046092] MDESC: Size is 36512 bytes.
[    0.046208] PLATFORM: banner-name [SPARC T5-2]
[    0.046259] PLATFORM: name [ORCL,SPARC-T5-2]
[    0.046306] PLATFORM: hostid [84fa06f2]
[    0.046350] PLATFORM: serial# [0035260e]
[    0.046394] PLATFORM: stick-frequency [3b9aca00]
[    0.046444] PLATFORM: mac-address [144ffa06f2]
[    0.046492] PLATFORM: watchdog-resolution [1000 ms]
[    0.046544] PLATFORM: watchdog-max-timeout [31536000000 ms]
[    0.046601] PLATFORM: max-cpus [1024]
[    0.046689] Top of RAM: 0x24af938000, Total RAM: 0x87f354000
[    0.046751] Memory hole size: 115461MB
[    0.051334] Allocated 40960 bytes for kernel page tables.
[    0.051416] Zone ranges:
[    0.051456]   Normal   [mem 0x0000000030400000-0x00000024af937fff]
[    0.051520] Movable zone start for each node
[    0.051566] Early memory node ranges
[    0.051608]   node   0: [mem 0x0000000030400000-0x000000006fe7ffff]
[    0.051672]   node   0: [mem 0x000000006ff00000-0x000000006ff25fff]
[    0.051735]   node   0: [mem 0x0000000070000000-0x000000042fffffff]
[    0.051798]   node   0: [mem 0x0000002030000000-0x00000024af87ffff]
[    0.051860]   node   0: [mem 0x00000024af900000-0x00000024af925fff]
[    0.051922]   node   0: [mem 0x00000024af930000-0x00000024af937fff]
[    0.063742] Zeroed struct page in unavailable ranges: 263766 pages
[    0.063751] Initmem setup node 0 [mem 0x0000000030400000-0x00000024af937fff]
[    0.063911] On node 0 totalpages: 4454826
[    0.063921]   Normal zone: 39154 pages used for memmap
[    0.063927]   Normal zone: 0 pages reserved
[    0.063933]   Normal zone: 4454826 pages, LIFO batch:31
[    0.075032] Booting Linux...
[    0.075116] CPU CAPS: [flush,stbar,swap,muldiv,v9,blkinit,n2,mul32]
[    0.075198] CPU CAPS: [div32,v8plus,popc,vis,vis2,ASIBlkInit,fmaf,vis3]
[    0.075277] CPU CAPS: [hpc,ima,pause,cbcond,aes,des,kasumi,camellia]
[    0.075351] CPU CAPS: [md5,sha1,sha256,sha512,mpmul,montmul,montsqr,crc32c]
[    0.105045] percpu: Embedded 27 pages/cpu s182992 r8192 d30000 u262144
[    0.105257] pcpu-alloc: s182992 r8192 d30000 u262144 alloc=1*4194304
[    0.105264] pcpu-alloc: [0] 000 001 002 003 004 005 006 007 008 009 010 011 012 013 014 015 
[    0.105292] pcpu-alloc: [0] 016 017 018 019 020 021 022 023 024 025 026 027 028 029 030 031 
[    0.105319] pcpu-alloc: [0] 032 033 034 035 036 037 038 039 040 041 042 043 044 045 046 047 
[    0.105347] pcpu-alloc: [0] 048 049 050 051 052 053 054 055 056 057 058 059 060 061 062 063 
[    0.105375] pcpu-alloc: [0] 064 065 066 067 068 069 070 071 072 073 074 075 076 077 078 079 
[    0.105402] pcpu-alloc: [0] 080 081 082 083 084 085 086 087 088 089 090 091 092 093 094 095 
[    0.105430] pcpu-alloc: [0] 096 097 098 099 100 101 102 103 104 105 106 107 108 109 110 111 
[    0.105457] pcpu-alloc: [0] 112 113 114 115 116 117 118 119 120 121 122 123 124 125 126 127 
[    0.105932] SUN4V: Mondo queue sizes [cpu(131072) dev(16384) r(8192) nr(256)]
[    0.106316] Built 1 zonelists, mobility grouping on.  Total pages: 4415672
[    0.106405] Kernel command line: BOOT_IMAGE=/vmlinux-5.6.0-02330-g458ef2a25e0c root=/dev/vdiska2 ro zswap.enabled=1
[    0.108871] printk: log_buf_len individual max cpu contribution: 4096 bytes
[    0.108942] printk: log_buf_len total cpu_extra contributions: 520192 bytes
[    0.109011] printk: log_buf_len min size: 131072 bytes
[    0.109284] printk: log_buf_len: 1048576 bytes
[    0.109337] printk: early log buf free: 126664(96%)
[    0.115654] Dentry cache hash table entries: 8388608 (order: 13, 67108864 bytes, linear)
[    0.118888] Inode-cache hash table entries: 4194304 (order: 12, 33554432 bytes, linear)
[    0.118965] Sorting __ex_table...
[    0.119198] mem auto-init: stack:off, heap alloc:off, heap free:off
[    0.178644] Memory: 1305232K/35638608K available (7717K kernel code, 1051K rwdata, 2280K rodata, 640K init, 6814K bss, 509008K reserved, 0K cma-reserved)
[    0.179329] SLUB: HWalign=32, Order=0-3, MinObjects=0, CPUs=128, Nodes=1
[    0.179629] ftrace: allocating 21547 entries in 43 pages
[    0.188045] ftrace: allocated 43 pages with 4 groups
[    0.190961] Running RCU self tests
[    0.191038] rcu: Hierarchical RCU implementation.
[    0.191089] rcu: 	RCU event tracing is enabled.
[    0.191139] rcu: 	RCU lockdep checking is enabled.
[    0.191190] 	Tasks RCU enabled.
[    0.191229] rcu: RCU calculated value of scheduler-enlistment delay is 10 jiffies.
[    0.195676] NR_IRQS: 2048, nr_irqs: 2048, preallocated irqs: 1
[    0.195753] SUN4V: Using IRQ API major 3, cookie only virqs enabled
[    0.198206] clocksource: stick: mask: 0xffffffffffffffff max_cycles: 0x1cd42e4dffb, max_idle_ns: 881590591483 ns
[    0.198338] clocksource: mult[800000] shift[23]
[    0.198387] clockevent: mult[80000000] shift[31]
[    0.198949] Console: colour dummy device 80x25
[    0.199012] printk: console [tty0] enabled
[    0.199090] printk: bootconsole [earlyprom0] disabled
[    0.199178] Lock dependency validator: Copyright (c) 2006 Red Hat, Inc., Ingo Molnar
[    0.199230] ... MAX_LOCKDEP_SUBCLASSES:  8
[    0.199262] ... MAX_LOCK_DEPTH:          48
[    0.199294] ... MAX_LOCKDEP_KEYS:        8192
[    0.199327] ... CLASSHASH_SIZE:          4096
[    0.199360] ... MAX_LOCKDEP_ENTRIES:     16384
[    0.199393] ... MAX_LOCKDEP_CHAINS:      32768
[    0.199426] ... CHAINHASH_SIZE:          16384
[    0.199459]  memory used by lock dependency info: 3919 kB
[    0.199498]  memory used for stack traces: 2112 kB
[    0.199533]  per task-struct memory footprint: 1920 bytes
[    0.348618] Calibrating delay using timer specific routine.. 2004.01 BogoMIPS (lpj=10020097)
[    0.348678] pid_max: default: 131072 minimum: 1024
[    0.348948] LSM: Security Framework initializing
[    0.349090] AppArmor: AppArmor initialized
[    0.349366] Mount-cache hash table entries: 131072 (order: 7, 1048576 bytes, linear)
[    0.349535] Mountpoint-cache hash table entries: 131072 (order: 7, 1048576 bytes, linear)
[    0.349676] *** VALIDATE tmpfs ***
[    0.350545] *** VALIDATE proc ***
[    0.351067] *** VALIDATE cgroup ***
[    0.351102] *** VALIDATE cgroup2 ***
[    0.353250] rcu: Hierarchical SRCU implementation.
[    0.361390] smp: Bringing up secondary CPUs ...
[    0.406419] smp: Brought up 1 node, 32 CPUs
[    0.599820] node 0 initialised, 4228046 pages in 190ms
[    0.601074] devtmpfs: initialized
[    0.605833] Performance events: 
[    0.605880] Testing NMI watchdog ... 
[    0.805957] OK.
[    0.806111] Supported PMU type is 'niagara5'
[    0.806318] random: get_random_u32 called from bucket_table_alloc.isra.0+0x198/0x1c0 with crng_init=0
[    0.806898] ldc.c:v1.1 (July 22, 2008)
[    0.809205] clocksource: jiffies: mask: 0xffffffff max_cycles: 0xffffffff, max_idle_ns: 19112604462750000 ns
[    0.809302] futex hash table entries: 32768 (order: 9, 4194304 bytes, linear)
[    0.814411] NET: Registered protocol family 16
[    0.822775] VIO: Adding device channel-devices (tx_ino = ffffffffffffffff, rx_ino = ffffffffffffffff)
[    0.822993] VIO: Adding device vnet-port-0-0 (tx_ino = 0, rx_ino = 1)
[    0.823207] VIO: Adding device vnet-port-0-1 (tx_ino = 2, rx_ino = 3)
[    0.823383] VIO: Adding device vnet-port-0-2 (tx_ino = 4, rx_ino = 5)
[    0.823555] VIO: Adding device vnet-port-0-3 (tx_ino = 6, rx_ino = 7)
[    0.823731] VIO: Adding device vnet-port-0-4 (tx_ino = 8, rx_ino = 9)
[    0.823902] VIO: Adding device vnet-port-0-5 (tx_ino = a, rx_ino = b)
[    0.824072] VIO: Adding device vdc-port-2-0 (tx_ino = c, rx_ino = d)
[    0.824248] VIO: Adding device vdc-port-1-0 (tx_ino = e, rx_ino = f)
[    0.824419] VIO: Adding device vdc-port-0-0 (tx_ino = 10, rx_ino = 11)
[    0.824599] VIO: Adding device vdc-port-3-0 (tx_ino = 12, rx_ino = 13)
[    0.824776] VIO: Adding device vlds-port-0-0 (tx_ino = 14, rx_ino = 15)
[    0.824951] VIO: Adding device domain-services-port-0 (tx_ino = 14, rx_ino = 15)
[    0.825247] audit: initializing netlink subsys (disabled)
[    0.825555] audit: type=2000 audit(0.620:1): state=initialized audit_enabled=0 res=1
[    0.851428] HugeTLB registered 64.0 KiB page size, pre-allocated 0 pages
[    0.851479] HugeTLB registered 8.00 MiB page size, pre-allocated 0 pages
[    0.851528] HugeTLB registered 256 MiB page size, pre-allocated 0 pages
[    0.851576] HugeTLB registered 2.00 GiB page size, pre-allocated 0 pages
[    0.853203] alg: extra crypto tests enabled.  This is intended for developer use only.
[    0.879665] cryptd: max_cpu_qlen set to 1000
[    0.987237] NetLabel: Initializing
[    0.987270] NetLabel:  domain hash size = 128
[    0.987305] NetLabel:  protocols = UNLABELED CIPSOv4 CALIPSO
[    0.987435] NetLabel:  unlabeled traffic allowed by default
[    0.988388] SUN4V: Reboot data supported (maj=1,min=0).
[    0.988759] ds.c:v1.0 (Jul 11, 2007)
[    0.989094] ds-0: ds_conn_reset() from send_events.isra.0
[    0.990551] clocksource: Switched to clocksource stick
[    1.197535] *** VALIDATE bpf ***
[    1.198798] VFS: Disk quotas dquot_6.6.0
[    1.198930] VFS: Dquot-cache hash table entries: 1024 (order 0, 8192 bytes)
[    1.199153] *** VALIDATE ramfs ***
[    1.199208] *** VALIDATE hugetlbfs ***
[    1.200855] AppArmor: AppArmor Filesystem Enabled
[    1.214021] NET: Registered protocol family 2
[    1.215898] tcp_listen_portaddr_hash hash table entries: 32768 (order: 8, 2621440 bytes, linear)
[    1.218811] TCP established hash table entries: 524288 (order: 9, 4194304 bytes, linear)
[    1.221280] TCP bind hash table entries: 65536 (order: 9, 4718592 bytes, linear)
[    1.227411] TCP: Hash tables configured (established 524288 bind 65536)
[    1.229904] UDP hash table entries: 32768 (order: 9, 5242880 bytes, linear)
[    1.236163] UDP-Lite hash table entries: 32768 (order: 9, 5242880 bytes, linear)
[    1.244150] NET: Registered protocol family 1
[    1.244215] NET: Registered protocol family 44
[    1.244868] Trying to unpack rootfs image as initramfs...
[    1.440975] Freeing initrd memory: 14752K
[    1.441659] aes_sparc64: Using sparc64 aes opcodes optimized AES implementation
[    1.721399] des_sparc64: Using sparc64 des opcodes optimized DES implementation
[    2.227240] camellia_sparc64: Using sparc64 camellia opcodes optimized CAMELLIA implementation
[    2.417080] workingset: timestamp_bits=46 max_order=23 bucket_order=0
[    2.436129] zbud: loaded
[    2.438388] SGI XFS with ACLs, security attributes, quota, fatal assert, debug enabled
[    2.444547] *** VALIDATE xfs ***
[    2.458527] Block layer SCSI generic (bsg) driver version 0.4 loaded (major 252)
[    2.459354] io scheduler mq-deadline registered
[    2.462150] f029b788: ttyHV0 at I/O 0x0 (irq = 1, base_baud = 115200) is a SUN4V HCONS
[    2.463189] printk: console [ttyHV0] enabled
[    2.466847] sunvdc.c:v1.2 (November 24, 2014)
[    2.468467] sunvdc: Virtual Hard disk vdiskc
[    2.468508] sunvdc: vdiskc: 104857600 sectors (51200 MB) protocol 1.2
[    2.489085] sunvdc: Virtual Hard disk vdiskb
[    2.489127] sunvdc: vdiskb: 62914560 sectors (30720 MB) protocol 1.2
[    2.490424]  vdiskb: vdiskb1
[    2.509305] sunvdc: Virtual Hard disk vdiska
[    2.509348] sunvdc: vdiska: 31457280 sectors (15360 MB) protocol 1.2
[    2.510214]  vdiska: vdiska1 vdiska2 vdiska3 vdiska4
[    2.529921] sunvdc: Virtual CDROM vdiskd
[    2.529966] sunvdc: vdiskd: 453848 sectors (221 MB) protocol 1.2
[    2.530875]  vdiskd: vdiskd1 vdiskd2 vdiskd3 vdiskd4 vdiskd5 vdiskd6 vdiskd7
[    2.550125] sunvnet: sunvnet 2.0 (February 3, 2017)
[    2.552349] vnet_port vnet-port-0-0 eth0: Sun LDOM vnet 00:14:4f:f8:12:a3
[    2.552568] sunvnet: eth0: PORT ( remote-mac 00:14:4f:fa:f3:f0 switch-port )
[    2.552934] sunvnet: eth0: PORT ( remote-mac 00:14:4f:f8:e5:f3 )
[    2.553300] sunvnet: eth0: PORT ( remote-mac 00:14:4f:f9:b4:97 )
[    2.553650] sunvnet: eth0: PORT ( remote-mac 00:14:4f:f8:3f:1e )
[    2.553996] sunvnet: eth0: PORT ( remote-mac 00:14:4f:f8:fe:47 )
[    2.554355] sunvnet: eth0: PORT ( remote-mac 00:14:4f:f9:8b:83 )
[    2.555539] rtc-sun4v rtc-sun4v: registered as rtc0
[    2.556089] sun4v_wdt: initialized (timeout=60s, nowayout=0)
[    2.556346] device-mapper: uevent: version 1.0.3
[    2.557098] device-mapper: ioctl: 4.42.0-ioctl (2020-02-27) initialised: dm-devel@redhat.com
[    2.558154] NET: Registered protocol family 17
[    2.558594] registered taskstats version 1
[    2.559443] zswap: loaded using pool lzo/zbud
[    2.896382] Key type big_key registered
[    2.896456] AppArmor: AppArmor sha1 policy hashing enabled
[    2.897234] rtc-sun4v rtc-sun4v: setting system clock to 2020-03-31T11:58:39 UTC (1585655919)
[    2.901815] This architecture does not have kernel memory protection.
[    2.901868] Run /init as init process
[    2.901903]   with arguments:
[    2.901910]     /init
[    2.901916]   with environment:
[    2.901923]     HOME=/
[    2.901929]     TERM=linux
[    2.901936]     BOOT_IMAGE=/vmlinux-5.6.0-02330-g458ef2a25e0c
[    3.378308] crc32c_sparc64: Using sparc64 crc32c opcode optimized CRC32C implementation
[    3.490684] random: fast init done
[    3.930503] raid6: int64x8  gen()  2161 MB/s
[    4.100489] raid6: int64x8  xor()  1538 MB/s
[    4.270505] raid6: int64x4  gen()  3430 MB/s
[    4.440495] raid6: int64x4  xor()  1480 MB/s
[    4.610508] raid6: int64x2  gen()  2794 MB/s
[    4.780512] raid6: int64x2  xor()  1166 MB/s
[    4.950496] raid6: int64x1  gen()  1398 MB/s
[    5.120507] raid6: int64x1  xor()   671 MB/s
[    5.120545] raid6: using algorithm int64x4 gen() 3430 MB/s
[    5.120588] raid6: .... xor() 1480 MB/s, rmw enabled
[    5.120628] raid6: using intx1 recovery algorithm
[    5.121554] async_tx: api initialized (async)
[    5.122140] xor: automatically using best checksumming function   Niagara   
[    5.205343] process '/usr/bin/fstype' started with executable stack
[    5.315608] EXT4-fs (vdiska2): mounted filesystem with ordered data mode. Opts: (null)
[    7.139669] systemd[1]: Inserted module 'autofs4'
[    7.158987] NET: Registered protocol family 10
[    7.165406] Segment Routing with IPv6
[    7.224693] systemd[1]: systemd 245.2-1 running in system mode. (+PAM +AUDIT +SELINUX +IMA +APPARMOR +SMACK +SYSVINIT +UTMP +LIBCRYPTSETUP +GCRYPT +GNUTLS +ACL +XZ +LZ4 -SECCOMP +BLKID +ELFUTILS +KMOD +IDN2 -IDN +PCRE2 default-hierarchy=hybrid)
[    7.225352] systemd[1]: Detected architecture sparc64.
[    7.293165] systemd[1]: Set hostname to <ttip>.
[    8.296300] random: lvmconfig: uninitialized urandom read (4 bytes read)
[    9.233201] systemd[1]: /lib/systemd/system/dbus.socket:5: ListenStream= references a path below legacy directory /var/run/, updating /var/run/dbus/system_bus_socket â†’ /run/dbus/system_bus_socket; please update the unit file accordingly.
[    9.618223] random: systemd: uninitialized urandom read (16 bytes read)
[    9.629268] systemd[1]: Created slice system-getty.slice.
[    9.629975] random: systemd: uninitialized urandom read (16 bytes read)
[    9.633547] systemd[1]: Created slice system-modprobe.slice.
[    9.633985] random: systemd: uninitialized urandom read (16 bytes read)
[    9.637550] systemd[1]: Created slice system-openvpn\x2dclient.slice.
[    9.643071] systemd[1]: Created slice system-postfix.slice.
[    9.647005] systemd[1]: Created slice system-systemd\x2dfsck.slice.
[    9.650869] systemd[1]: Created slice User and Session Slice.
[    9.651781] systemd[1]: Started Dispatch Password Requests to Console Directory Watch.
[    9.652614] systemd[1]: Started Forward Password Requests to Wall Directory Watch.
[    9.654734] systemd[1]: Set up automount Arbitrary Executable File Formats File System Automount Point.
[    9.655302] systemd[1]: Reached target Local Encrypted Volumes.
[    9.655797] systemd[1]: Reached target Paths.
[    9.656249] systemd[1]: Reached target Remote File Systems.
[    9.656706] systemd[1]: Reached target Slices.
[    9.657611] systemd[1]: Listening on Device-mapper event daemon FIFOs.
[    9.658680] systemd[1]: Listening on LVM2 poll daemon socket.
[    9.694956] systemd[1]: Listening on Syslog Socket.
[    9.695955] systemd[1]: Listening on fsck to fsckd communication Socket.
[    9.696779] systemd[1]: Listening on initctl Compatibility Named Pipe.
[    9.697996] systemd[1]: Listening on Journal Audit Socket.
[    9.698989] systemd[1]: Listening on Journal Socket (/dev/log).
[    9.700160] systemd[1]: Listening on Journal Socket.
[    9.701484] systemd[1]: Listening on udev Control Socket.
[    9.702317] systemd[1]: Listening on udev Kernel Socket.
[    9.711186] systemd[1]: Mounting Huge Pages File System...
[    9.719821] systemd[1]: Mounting POSIX Message Queue File System...
[    9.728459] systemd[1]: Mounting Kernel Debug File System...
[    9.739254] systemd[1]: Mounting Kernel Trace File System...
[    9.747599] systemd[1]: Starting Availability of block devices...
[    9.756123] systemd[1]: Starting Wait for network to be configured by ifupdown...
[    9.766328] systemd[1]: Starting Create list of static device nodes for the current kernel...
[    9.774889] systemd[1]: Starting Monitoring of LVM2 mirrors, snapshots etc. using dmeventd or progress polling...
[    9.783154] systemd[1]: Starting Load Kernel Module drm...
[    9.792192] systemd[1]: Starting nftables...
[    9.799295] systemd[1]: Condition check resulted in Set Up Additional Binary Formats being skipped.
[    9.799530] systemd[1]: Condition check resulted in File System Check on Root Device being skipped.
[    9.811027] systemd[1]: Starting Journal Service...
[    9.832913] systemd[1]: Starting Load Kernel Modules...
[    9.842661] systemd[1]: Starting Remount Root and Kernel File Systems...
[    9.854476] systemd[1]: Starting udev Coldplug all Devices...
[    9.866118] systemd[1]: Mounted Huge Pages File System.
[    9.868186] systemd[1]: Mounted POSIX Message Queue File System.
[    9.870041] systemd[1]: Mounted Kernel Debug File System.
[    9.871972] systemd[1]: Mounted Kernel Trace File System.
[    9.880774] systemd[1]: Finished Availability of block devices.
[    9.889107] systemd[1]: Finished Wait for network to be configured by ifupdown.
[    9.898822] systemd[1]: Finished Create list of static device nodes for the current kernel.
[    9.903331] EXT4-fs (vdiska2): re-mounted. Opts: errors=remount-ro
[    9.909298] systemd[1]: modprobe@drm.service: Succeeded.
[    9.913616] systemd[1]: Finished Load Kernel Module drm.
[    9.919587] systemd[1]: Finished Load Kernel Modules.
[    9.921419] systemd[1]: Condition check resulted in FUSE Control File System being skipped.
[    9.921785] systemd[1]: Condition check resulted in Kernel Configuration File System being skipped.
[    9.930413] systemd[1]: Starting Apply Kernel Variables...
[    9.944796] systemd[1]: Finished Remount Root and Kernel File Systems.
[   10.008135] systemd[1]: Starting Initial Check File System Quotas...
[   10.036928] systemd[1]: Condition check resulted in Rebuild Hardware Database being skipped.
[   10.046315] systemd[1]: Starting Load/Save Random Seed...
[   10.055409] systemd[1]: Starting Create System Users...
[   10.057296] systemd[1]: Started Journal Service.
[   10.170386] systemd-journald[553]: Received client request to flush runtime journal.
[   11.819279] sha1_sparc64: Using sparc64 sha1 opcode optimized SHA-1 implementation
[   11.894575] n2rng v0.3 (Jan 7, 2017)
[   11.894696] n2rng f029b104: Registered RNG HVAPI major 2 minor 0
[   11.894815] n2rng f029b104: Found multi-unit-capable RNG, units: 2
[   11.896087] n2rng f029b104: RNG ready
[   12.004521] sha256_sparc64: Using sparc64 sha256 opcode optimized SHA-256/SHA-224 implementation
[   12.011769] pktcdvd: setup of pktcdvd device failed
[   12.060430] pktcdvd: setup of pktcdvd device failed
[   12.064415] pktcdvd: setup of pktcdvd device failed
[   12.068223] pktcdvd: setup of pktcdvd device failed
[   12.071415] pktcdvd: setup of pktcdvd device failed
[   12.074918] pktcdvd: setup of pktcdvd device failed
[   12.078596] pktcdvd: setup of pktcdvd device failed
[   12.082546] pktcdvd: setup of pktcdvd device failed
[   12.177734] sha512_sparc64: Using sparc64 sha512 opcode optimized SHA-512/SHA-384 implementation
[   12.180273] md5_sparc64: Using sparc64 md5 opcode optimized MD5 implementation
[   12.420640] Adding 787176k swap on /dev/vdiska4.  Priority:-2 extents:1 across:787176k FS
[   12.517963] XFS (dm-0): Mounting V5 Filesystem
[   12.579081] XFS (dm-0): Ending clean mount
[   12.581879] xfs filesystem being mounted at /1 supports timestamps until 2038 (0x7fffffff)
[   12.910665] EXT4-fs (vdiska1): mounting ext3 file system using the ext4 subsystem
[   13.105386] EXT4-fs (vdiska1): mounted filesystem with ordered data mode. Opts: (null)
[   13.105583] ext3 filesystem being mounted at /boot supports timestamps until 2038 (0x7fffffff)
[   14.253100] Kernel unaligned access at TPC[896a98] aa_dfa_unpack+0x38/0x5a0
[   14.253207] Kernel unaligned access at TPC[896ab8] aa_dfa_unpack+0x58/0x5a0
[   14.253268] Kernel unaligned access at TPC[896b74] aa_dfa_unpack+0x114/0x5a0
[   14.253331] Kernel unaligned access at TPC[896c54] aa_dfa_unpack+0x1f4/0x5a0
[   14.253391] Kernel unaligned access at TPC[896c68] aa_dfa_unpack+0x208/0x5a0
[   14.262846] audit: type=1400 audit(1585655930.860:2): apparmor="STATUS" operation="profile_load" profile="unconfined" name="nvidia_modprobe" pid=758 comm="apparmor_parser"
[   14.263070] audit: type=1400 audit(1585655930.860:3): apparmor="STATUS" operation="profile_load" profile="unconfined" name="nvidia_modprobe//kmod" pid=758 comm="apparmor_parser"
[   14.265384] audit: type=1400 audit(1585655930.860:4): apparmor="STATUS" operation="profile_load" profile="unconfined" name="/usr/sbin/haveged" pid=757 comm="apparmor_parser"
[   14.319565] audit: type=1400 audit(1585655930.910:5): apparmor="STATUS" operation="profile_load" profile="unconfined" name="lsb_release" pid=763 comm="apparmor_parser"
[   14.386402] audit: type=1400 audit(1585655930.980:6): apparmor="STATUS" operation="profile_load" profile="unconfined" name="/usr/bin/man" pid=760 comm="apparmor_parser"
[   14.386616] audit: type=1400 audit(1585655930.980:7): apparmor="STATUS" operation="profile_load" profile="unconfined" name="man_filter" pid=760 comm="apparmor_parser"
[   14.386825] audit: type=1400 audit(1585655930.980:8): apparmor="STATUS" operation="profile_load" profile="unconfined" name="man_groff" pid=760 comm="apparmor_parser"
[   14.479733] audit: type=1400 audit(1585655931.070:9): apparmor="STATUS" operation="profile_load" profile="unconfined" name="/usr/sbin/named" pid=762 comm="apparmor_parser"
[   14.487532] audit: type=1400 audit(1585655931.080:10): apparmor="STATUS" operation="profile_load" profile="unconfined" name="/usr/sbin/tcpdump" pid=761 comm="apparmor_parser"
[   14.811102] random: crng init done
[   14.811263] random: 6 urandom warning(s) missed due to ratelimiting
