[    0.000019] PROMLIB: Sun IEEE Boot Prom 'OBP 4.38.12 2018/03/28 14:54'
[    0.000032] PROMLIB: Root node compatible: sun4v
[    0.000081] Linux version 5.8.0-rc6-00001-g5714ee50bb43 (mator@ttip) (gcc (Debian 9.3.0-15) 9.3.0, GNU ld (GNU Binutils for Debian) 2.34.90.20200706) #13 SMP Mon Jul 20 11:44:06 MSK 2020
[    0.000433] printk: bootconsole [earlyprom0] enabled
[    0.000486] ARCH: SUN4V
[    0.000537] Ethernet address: 00:14:4f:fa:06:f2
[    0.000591] MM: PAGE_OFFSET is 0xfff8000000000000 (max_phys_bits == 47)
[    0.000657] MM: VMALLOC [0x0000000100000000 --> 0x0006000000000000]
[    0.000719] MM: VMEMMAP [0x0006000000000000 --> 0x000c000000000000]
[    0.012301] Kernel: Using 5 locked TLB entries for main kernel image.
[    0.012371] Remapping the kernel... 
[    0.012394] done.
[    0.045291] OF stdout device is: /virtual-devices@100/console@1
[    0.045355] PROM: Built device tree with 86758 bytes of memory.
[    0.045418] MDESC: Size is 36512 bytes.
[    0.045534] PLATFORM: banner-name [SPARC T5-2]
[    0.045585] PLATFORM: name [ORCL,SPARC-T5-2]
[    0.045633] PLATFORM: hostid [84fa06f2]
[    0.045676] PLATFORM: serial# [0035260e]
[    0.045720] PLATFORM: stick-frequency [3b9aca00]
[    0.045770] PLATFORM: mac-address [144ffa06f2]
[    0.045818] PLATFORM: watchdog-resolution [1000 ms]
[    0.045869] PLATFORM: watchdog-max-timeout [31536000000 ms]
[    0.045926] PLATFORM: max-cpus [1024]
[    0.050709] Allocated 40960 bytes for kernel page tables.
[    0.050797] Zone ranges:
[    0.050837]   Normal   [mem 0x0000000030400000-0x00000024af937fff]
[    0.050902] Movable zone start for each node
[    0.050950] Early memory node ranges
[    0.050992]   node   0: [mem 0x0000000030400000-0x000000006fe7ffff]
[    0.051056]   node   0: [mem 0x000000006ff00000-0x000000006ff25fff]
[    0.051118]   node   0: [mem 0x0000000070000000-0x000000042fffffff]
[    0.051181]   node   0: [mem 0x0000002030000000-0x00000024af87ffff]
[    0.051244]   node   0: [mem 0x00000024af900000-0x00000024af925fff]
[    0.051307]   node   0: [mem 0x00000024af930000-0x00000024af937fff]
[    0.065690] Zeroed struct page in unavailable ranges: 263766 pages
[    0.065699] Initmem setup node 0 [mem 0x0000000030400000-0x00000024af937fff]
[    0.065860] On node 0 totalpages: 4454826
[    0.065870]   Normal zone: 39154 pages used for memmap
[    0.065876]   Normal zone: 0 pages reserved
[    0.065882]   Normal zone: 4454826 pages, LIFO batch:31
[    0.224910] Booting Linux...
[    0.224995] CPU CAPS: [flush,stbar,swap,muldiv,v9,blkinit,n2,mul32]
[    0.225079] CPU CAPS: [div32,v8plus,popc,vis,vis2,ASIBlkInit,fmaf,vis3]
[    0.226159] CPU CAPS: [hpc,ima,pause,cbcond,aes,des,kasumi,camellia]
[    0.226235] CPU CAPS: [md5,sha1,sha256,sha512,mpmul,montmul,montsqr,crc32c]
[    0.256035] percpu: Embedded 28 pages/cpu s184528 r8192 d36656 u262144
[    0.256254] pcpu-alloc: s184528 r8192 d36656 u262144 alloc=1*4194304
[    0.256262] pcpu-alloc: [0] 000 001 002 003 004 005 006 007 008 009 010 011 012 013 014 015 
[    0.256290] pcpu-alloc: [0] 016 017 018 019 020 021 022 023 024 025 026 027 028 029 030 031 
[    0.256318] pcpu-alloc: [0] 032 033 034 035 036 037 038 039 040 041 042 043 044 045 046 047 
[    0.256346] pcpu-alloc: [0] 048 049 050 051 052 053 054 055 056 057 058 059 060 061 062 063 
[    0.256374] pcpu-alloc: [0] 064 065 066 067 068 069 070 071 072 073 074 075 076 077 078 079 
[    0.256402] pcpu-alloc: [0] 080 081 082 083 084 085 086 087 088 089 090 091 092 093 094 095 
[    0.256430] pcpu-alloc: [0] 096 097 098 099 100 101 102 103 104 105 106 107 108 109 110 111 
[    0.256458] pcpu-alloc: [0] 112 113 114 115 116 117 118 119 120 121 122 123 124 125 126 127 
[    0.256896] SUN4V: Mondo queue sizes [cpu(131072) dev(16384) r(8192) nr(256)]
[    0.257273] Built 1 zonelists, mobility grouping on.  Total pages: 4415672
[    0.257343] Policy zone: Normal
[    0.257401] Kernel command line: BOOT_IMAGE=/vmlinux-5.8.0-rc6-00001-g5714ee50bb43 root=/dev/vdiska2 ro zswap.enabled=1
[    0.260327] printk: log_buf_len individual max cpu contribution: 4096 bytes
[    0.260400] printk: log_buf_len total cpu_extra contributions: 520192 bytes
[    0.260466] printk: log_buf_len min size: 131072 bytes
[    0.260740] printk: log_buf_len: 1048576 bytes
[    0.260791] printk: early log buf free: 126680(96%)
[    0.267108] Dentry cache hash table entries: 8388608 (order: 13, 67108864 bytes, linear)
[    0.270344] Inode-cache hash table entries: 4194304 (order: 12, 33554432 bytes, linear)
[    0.270421] Sorting __ex_table...
[    0.270649] mem auto-init: stack:off, heap alloc:off, heap free:off
[    0.384132] Memory: 35127800K/35638608K available (7975K kernel code, 1083K rwdata, 2368K rodata, 664K init, 6852K bss, 510808K reserved, 0K cma-reserved)
[    0.384828] SLUB: HWalign=32, Order=0-3, MinObjects=0, CPUs=128, Nodes=32
[    0.385139] ftrace: allocating 22360 entries in 44 pages
[    0.393679] ftrace: allocated 44 pages with 3 groups
[    0.396666] Running RCU self tests
[    0.396757] rcu: Hierarchical RCU implementation.
[    0.396809] rcu: 	RCU event tracing is enabled.
[    0.396859] rcu: 	RCU lockdep checking is enabled.
[    0.396910] 	Trampoline variant of Tasks RCU enabled.
[    0.396962] 	Rude variant of Tasks RCU enabled.
[    0.397010] 	Tracing variant of Tasks RCU enabled.
[    0.397061] rcu: RCU calculated value of scheduler-enlistment delay is 10 jiffies.
[    0.401485] NR_IRQS: 2048, nr_irqs: 2048, preallocated irqs: 1
[    0.401562] SUN4V: Using IRQ API major 3, cookie only virqs enabled
[    0.404135] clocksource: stick: mask: 0xffffffffffffffff max_cycles: 0x1cd42e4dffb, max_idle_ns: 881590591483 ns
[    0.404267] clocksource: mult[800000] shift[23]
[    0.404317] clockevent: mult[80000000] shift[31]
[    0.404714] Console: colour dummy device 80x25
[    0.404778] printk: console [tty0] enabled
[    0.404856] printk: bootconsole [earlyprom0] disabled
[    0.404943] Lock dependency validator: Copyright (c) 2006 Red Hat, Inc., Ingo Molnar
[    0.404996] ... MAX_LOCKDEP_SUBCLASSES:  8
[    0.405028] ... MAX_LOCK_DEPTH:          48
[    0.405061] ... MAX_LOCKDEP_KEYS:        8192
[    0.405094] ... CLASSHASH_SIZE:          4096
[    0.405128] ... MAX_LOCKDEP_ENTRIES:     16384
[    0.405162] ... MAX_LOCKDEP_CHAINS:      32768
[    0.405195] ... CHAINHASH_SIZE:          16384
[    0.405229]  memory used by lock dependency info: 3919 kB
[    0.405268]  memory used for stack traces: 2112 kB
[    0.405303]  per task-struct memory footprint: 1920 bytes
[    0.554546] Calibrating delay using timer specific routine.. 2004.01 BogoMIPS (lpj=10020093)
[    0.554607] pid_max: default: 131072 minimum: 1024
[    0.554922] LSM: Security Framework initializing
[    0.555085] AppArmor: AppArmor initialized
[    0.555387] Mount-cache hash table entries: 131072 (order: 7, 1048576 bytes, linear)
[    0.555557] Mountpoint-cache hash table entries: 131072 (order: 7, 1048576 bytes, linear)
[    0.560931] rcu: Hierarchical SRCU implementation.
[    0.569741] smp: Bringing up secondary CPUs ...
[    0.615909] smp: Brought up 1 node, 32 CPUs
[    0.621577] devtmpfs: initialized
[    0.626742] Performance events: 
[    0.626777] Testing NMI watchdog ... 
[    0.826855] OK.
[    0.827013] Supported PMU type is 'niagara5'
[    0.827225] random: get_random_u32 called from bucket_table_alloc.isra.0+0x198/0x1c0 with crng_init=0
[    0.827751] ldc.c:v1.1 (July 22, 2008)
[    0.830360] clocksource: jiffies: mask: 0xffffffff max_cycles: 0xffffffff, max_idle_ns: 19112604462750000 ns
[    0.830456] futex hash table entries: 32768 (order: 9, 4194304 bytes, linear)
[    0.835909] NET: Registered protocol family 16
[    0.845310] VIO: Adding device channel-devices (tx_ino = ffffffffffffffff, rx_ino = ffffffffffffffff)
[    0.845566] VIO: Adding device vnet-port-0-0 (tx_ino = 0, rx_ino = 1)
[    0.845782] VIO: Adding device vnet-port-0-1 (tx_ino = 2, rx_ino = 3)
[    0.845964] VIO: Adding device vnet-port-0-2 (tx_ino = 4, rx_ino = 5)
[    0.846151] VIO: Adding device vnet-port-0-3 (tx_ino = 6, rx_ino = 7)
[    0.846341] VIO: Adding device vnet-port-0-4 (tx_ino = 8, rx_ino = 9)
[    0.846522] VIO: Adding device vnet-port-0-5 (tx_ino = a, rx_ino = b)
[    0.846708] VIO: Adding device vdc-port-2-0 (tx_ino = c, rx_ino = d)
[    0.846888] VIO: Adding device vdc-port-1-0 (tx_ino = e, rx_ino = f)
[    0.847105] VIO: Adding device vdc-port-0-0 (tx_ino = 10, rx_ino = 11)
[    0.847292] VIO: Adding device vdc-port-3-0 (tx_ino = 12, rx_ino = 13)
[    0.847474] VIO: Adding device vlds-port-0-0 (tx_ino = 14, rx_ino = 15)
[    0.847659] VIO: Adding device domain-services-port-0 (tx_ino = 14, rx_ino = 15)
[    0.847968] audit: initializing netlink subsys (disabled)
[    0.848241] audit: type=2000 audit(0.440:1): state=initialized audit_enabled=0 res=1
[    0.878221] HugeTLB registered 64.0 KiB page size, pre-allocated 0 pages
[    0.878274] HugeTLB registered 8.00 MiB page size, pre-allocated 0 pages
[    0.878325] HugeTLB registered 256 MiB page size, pre-allocated 0 pages
[    0.878373] HugeTLB registered 2.00 GiB page size, pre-allocated 0 pages
[    0.881392] alg: extra crypto tests enabled.  This is intended for developer use only.
[    0.904777] cryptd: max_cpu_qlen set to 1000
[    1.010059] NetLabel: Initializing
[    1.010092] NetLabel:  domain hash size = 128
[    1.010127] NetLabel:  protocols = UNLABELED CIPSOv4 CALIPSO
[    1.010254] NetLabel:  unlabeled traffic allowed by default
[    1.011214] SUN4V: Reboot data supported (maj=1,min=0).
[    1.011615] ds.c:v1.0 (Jul 11, 2007)
[    1.011953] ds-0: ds_conn_reset() from send_events.isra.0
[    1.012468] clocksource: Switched to clocksource stick
[    1.223583] VFS: Disk quotas dquot_6.6.0
[    1.223731] VFS: Dquot-cache hash table entries: 1024 (order 0, 8192 bytes)
[    1.226008] AppArmor: AppArmor Filesystem Enabled
[    1.239570] NET: Registered protocol family 2
[    1.241291] tcp_listen_portaddr_hash hash table entries: 32768 (order: 8, 2621440 bytes, linear)
[    1.244267] TCP established hash table entries: 524288 (order: 9, 4194304 bytes, linear)
[    1.246712] TCP bind hash table entries: 65536 (order: 9, 4718592 bytes, linear)
[    1.252945] TCP: Hash tables configured (established 524288 bind 65536)
[    1.255479] UDP hash table entries: 32768 (order: 9, 5242880 bytes, linear)
[    1.261992] UDP-Lite hash table entries: 32768 (order: 9, 5242880 bytes, linear)
[    1.270313] NET: Registered protocol family 1
[    1.270377] NET: Registered protocol family 44
[    1.271054] Trying to unpack rootfs image as initramfs...
[    1.474414] Freeing initrd memory: 15088K
[    1.475193] aes_sparc64: Using sparc64 aes opcodes optimized AES implementation
[    1.726115] des_sparc64: Using sparc64 des opcodes optimized DES implementation
[    2.196001] camellia_sparc64: Using sparc64 camellia opcodes optimized CAMELLIA implementation
[    2.362080] workingset: timestamp_bits=41 max_order=23 bucket_order=0
[    2.383757] zbud: loaded
[    2.386491] SGI XFS with ACLs, security attributes, quota, fatal assert, debug enabled
[    2.413816] Block layer SCSI generic (bsg) driver version 0.4 loaded (major 252)
[    2.414778] io scheduler mq-deadline registered
[    2.417531] f029b788: ttyHV0 at I/O 0x0 (irq = 1, base_baud = 115200) is a SUN4V HCONS
[    2.418534] printk: console [ttyHV0] enabled
[    2.423024] sunvdc.c:v1.2 (November 24, 2014)
[    2.426291] sunvdc: Virtual Hard disk vdiskc
[    2.426334] sunvdc: vdiskc: 104857600 sectors (51200 MB) protocol 1.2
[    2.449846] sunvdc: Virtual Hard disk vdiskb
[    2.449892] sunvdc: vdiskb: 62914560 sectors (30720 MB) protocol 1.2
[    2.451469]  vdiskb: vdiskb1
[    2.473306] sunvdc: Virtual Hard disk vdiska
[    2.473350] sunvdc: vdiska: 31457280 sectors (15360 MB) protocol 1.2
[    2.475067]  vdiska: vdiska1 vdiska2 vdiska3 vdiska4
[    2.498242] sunvdc: Virtual CDROM vdiskd
[    2.498291] sunvdc: vdiskd: 453848 sectors (221 MB) protocol 1.2
[    2.499427]  vdiskd: vdiskd1 vdiskd2 vdiskd3 vdiskd4 vdiskd5 vdiskd6 vdiskd7
[    2.520414] sunvnet: sunvnet 2.0 (February 3, 2017)
[    2.523143] vnet_port vnet-port-0-0 eth0: Sun LDOM vnet 00:14:4f:f8:12:a3
[    2.523366] sunvnet: eth0: PORT ( remote-mac 00:14:4f:fa:f3:f0 switch-port )
[    2.524021] sunvnet: eth0: PORT ( remote-mac 00:14:4f:f8:e5:f3 )
[    2.524668] sunvnet: eth0: PORT ( remote-mac 00:14:4f:f9:b4:97 )
[    2.525320] sunvnet: eth0: PORT ( remote-mac 00:14:4f:f8:3f:1e )
[    2.525963] sunvnet: eth0: PORT ( remote-mac 00:14:4f:f8:fe:47 )
[    2.526615] sunvnet: eth0: PORT ( remote-mac 00:14:4f:fb:b5:00 )
[    2.527863] rtc-sun4v rtc-sun4v: registered as rtc0
[    2.528000] rtc-sun4v rtc-sun4v: setting system clock to 2020-07-20T08:50:47 UTC (1595235047)
[    2.528598] sun4v_wdt: initialized (timeout=60s, nowayout=0)
[    2.528991] device-mapper: uevent: version 1.0.3
[    2.530024] device-mapper: ioctl: 4.42.0-ioctl (2020-02-27) initialised: dm-devel@redhat.com
[    2.531055] NET: Registered protocol family 17
[    2.531499] registered taskstats version 1
[    2.532599] zswap: loaded using pool lzo/zbud
[    2.534083] AppArmor: AppArmor sha1 policy hashing enabled
[    2.539370] This architecture does not have kernel memory protection.
[    2.539431] Run /init as init process
[    2.539466]   with arguments:
[    2.539473]     /init
[    2.539480]   with environment:
[    2.539486]     HOME=/
[    2.539493]     TERM=linux
[    2.539499]     BOOT_IMAGE=/vmlinux-5.8.0-rc6-00001-g5714ee50bb43
[    3.040312] crc32c_sparc64: Using sparc64 crc32c opcode optimized CRC32C implementation
[    3.582438] raid6: int64x8  gen()  2151 MB/s
[    3.752426] raid6: int64x8  xor()  1530 MB/s
[    3.922423] raid6: int64x4  gen()  3413 MB/s
[    4.092409] raid6: int64x4  xor()  1476 MB/s
[    4.262433] raid6: int64x2  gen()  2783 MB/s
[    4.432431] raid6: int64x2  xor()  1160 MB/s
[    4.602414] raid6: int64x1  gen()  1389 MB/s
[    4.772448] raid6: int64x1  xor()   669 MB/s
[    4.772506] raid6: using algorithm int64x4 gen() 3413 MB/s
[    4.772556] raid6: .... xor() 1476 MB/s, rmw enabled
[    4.772597] raid6: using intx1 recovery algorithm
[    4.773472] async_tx: api initialized (async)
[    4.774067] xor: automatically using best checksumming function   Niagara   
[    4.854458] random: fast init done
[    4.987507] process '/usr/bin/fstype' started with executable stack
[    5.101627] EXT4-fs (vdiska2): mounted filesystem with ordered data mode. Opts: (null)
[    8.458512] systemd[1]: Inserted module 'autofs4'
[    8.471016] NET: Registered protocol family 10
[    8.477376] Segment Routing with IPv6
[    8.540283] systemd[1]: systemd 245.6-3 running in system mode. (+PAM +AUDIT +SELINUX +IMA +APPARMOR +SMACK +SYSVINIT +UTMP +LIBCRYPTSETUP +GCRYPT +GNUTLS +ACL +XZ +LZ4 -SECCOMP +BLKID +ELFUTILS +KMOD +IDN2 -IDN +PCRE2 default-hierarchy=hybrid)
[    8.540850] systemd[1]: Detected architecture sparc64.
[    8.709217] systemd[1]: Set hostname to <ttip>.
[   12.466464] random: lvmconfig: uninitialized urandom read (4 bytes read)
[   14.572235] random: systemd: uninitialized urandom read (16 bytes read)
[   14.617278] systemd[1]: Created slice system-getty.slice.
[   14.618049] random: systemd: uninitialized urandom read (16 bytes read)
[   14.628428] systemd[1]: Created slice system-modprobe.slice.
[   14.628882] random: systemd: uninitialized urandom read (16 bytes read)
[   14.638896] systemd[1]: Created slice system-openvpn\x2dclient.slice.
[   14.678813] systemd[1]: Created slice system-postfix.slice.
[   14.689491] systemd[1]: Created slice system-systemd\x2dfsck.slice.
[   14.698810] systemd[1]: Created slice User and Session Slice.
[   14.699832] systemd[1]: Started Dispatch Password Requests to Console Directory Watch.
[   14.700698] systemd[1]: Started Forward Password Requests to Wall Directory Watch.
[   14.703788] systemd[1]: Set up automount Arbitrary Executable File Formats File System Automount Point.
[   14.704403] systemd[1]: Reached target Local Encrypted Volumes.
[   14.704916] systemd[1]: Reached target Paths.
[   14.705383] systemd[1]: Reached target Remote File Systems.
[   14.705849] systemd[1]: Reached target Slices.
[   14.706806] systemd[1]: Listening on Device-mapper event daemon FIFOs.
[   14.708185] systemd[1]: Listening on LVM2 poll daemon socket.
[   14.710411] systemd[1]: Listening on Syslog Socket.
[   14.711442] systemd[1]: Listening on fsck to fsckd communication Socket.
[   14.712243] systemd[1]: Listening on initctl Compatibility Named Pipe.
[   14.713553] systemd[1]: Listening on Journal Audit Socket.
[   14.714569] systemd[1]: Listening on Journal Socket (/dev/log).
[   14.715771] systemd[1]: Listening on Journal Socket.
[   14.716889] systemd[1]: Listening on udev Control Socket.
[   14.717751] systemd[1]: Listening on udev Kernel Socket.
[   14.740547] systemd[1]: Mounting Huge Pages File System...
[   14.755154] systemd[1]: Mounting POSIX Message Queue File System...
[   14.770882] systemd[1]: Mounting Kernel Debug File System...
[   14.841427] systemd[1]: Mounting Kernel Trace File System...
[   14.855931] systemd[1]: Starting Availability of block devices...
[   14.872358] systemd[1]: Starting Wait for network to be configured by ifupdown...
[   14.887058] systemd[1]: Starting Create list of static device nodes for the current kernel...
[   14.903453] systemd[1]: Starting Monitoring of LVM2 mirrors, snapshots etc. using dmeventd or progress polling...
[   14.918460] systemd[1]: Starting Load Kernel Module drm...
[   14.932966] systemd[1]: Starting nftables...
[   14.977725] systemd[1]: Condition check resulted in Set Up Additional Binary Formats being skipped.
[   14.978034] systemd[1]: Condition check resulted in File System Check on Root Device being skipped.
[   14.998538] systemd[1]: Starting Journal Service...
[   15.048624] systemd[1]: Starting Load Kernel Modules...
[   15.064140] systemd[1]: Starting Remount Root and Kernel File Systems...
[   15.078605] systemd[1]: Starting udev Coldplug all Devices...
[   15.087462] systemd[1]: Mounted Huge Pages File System.
[   15.089017] systemd[1]: Mounted POSIX Message Queue File System.
[   15.090507] systemd[1]: Mounted Kernel Debug File System.
[   15.091961] systemd[1]: Mounted Kernel Trace File System.
[   15.099899] systemd[1]: Finished Availability of block devices.
[   15.106803] systemd[1]: Finished Wait for network to be configured by ifupdown.
[   15.113369] systemd[1]: Finished Create list of static device nodes for the current kernel.
[   15.116212] systemd[1]: modprobe@drm.service: Succeeded.
[   15.120675] systemd[1]: Finished Load Kernel Module drm.
[   15.214078] EXT4-fs (vdiska2): re-mounted. Opts: errors=remount-ro
[   15.222505] systemd[1]: Finished Load Kernel Modules.
[   15.224011] systemd[1]: Condition check resulted in FUSE Control File System being skipped.
[   15.224351] systemd[1]: Condition check resulted in Kernel Configuration File System being skipped.
[   15.239710] systemd[1]: Starting Apply Kernel Variables...
[   15.250282] systemd[1]: Finished Monitoring of LVM2 mirrors, snapshots etc. using dmeventd or progress polling.
[   15.256624] systemd[1]: Finished Remount Root and Kernel File Systems.
[   15.257622] systemd[1]: Started Journal Service.
[   15.635967] systemd-journald[498]: Received client request to flush runtime journal.
[   18.471252] sha1_sparc64: Using sparc64 sha1 opcode optimized SHA-1 implementation
[   18.541744] n2rng v0.3 (Jan 7, 2017)
[   18.541836] n2rng f029b104: Registered RNG HVAPI major 2 minor 0
[   18.541906] n2rng f029b104: Found multi-unit-capable RNG, units: 2
[   18.542961] n2rng f029b104: RNG ready
[   18.625038] sha256_sparc64: Using sparc64 sha256 opcode optimized SHA-256/SHA-224 implementation
[   18.696354] pktcdvd: setup of pktcdvd device failed
[   18.743135] pktcdvd: setup of pktcdvd device failed
[   18.746208] pktcdvd: setup of pktcdvd device failed
[   18.749601] pktcdvd: setup of pktcdvd device failed
[   18.753941] pktcdvd: setup of pktcdvd device failed
[   18.756976] pktcdvd: setup of pktcdvd device failed
[   18.760581] pktcdvd: setup of pktcdvd device failed
[   18.764302] pktcdvd: setup of pktcdvd device failed
[   18.838492] sha512_sparc64: Using sparc64 sha512 opcode optimized SHA-512/SHA-384 implementation
[   18.858159] md5_sparc64: Using sparc64 md5 opcode optimized MD5 implementation
[   19.472513] Adding 787176k swap on /dev/vdiska4.  Priority:-2 extents:1 across:787176k FS
[   20.060597] XFS (dm-0): Mounting V5 Filesystem
[   20.193074] random: crng init done
[   20.193212] random: 6 urandom warning(s) missed due to ratelimiting
[   20.632030] XFS (dm-0): Ending clean mount
[   20.634472] xfs filesystem being mounted at /1 supports timestamps until 2038 (0x7fffffff)
[   21.315345] EXT4-fs (vdiska1): mounting ext3 file system using the ext4 subsystem
[   22.049709] EXT4-fs (vdiska1): mounted filesystem with ordered data mode. Opts: (null)
[   22.049902] ext3 filesystem being mounted at /boot supports timestamps until 2038 (0x7fffffff)
[   27.186147] Kernel unaligned access at TPC[8c15b8] aa_dfa_unpack+0x38/0x640
[   27.186358] Kernel unaligned access at TPC[8c15d8] aa_dfa_unpack+0x58/0x640
[   27.186515] Kernel unaligned access at TPC[8c169c] aa_dfa_unpack+0x11c/0x640
[   27.186670] Kernel unaligned access at TPC[8c176c] aa_dfa_unpack+0x1ec/0x640
[   27.186802] Kernel unaligned access at TPC[8c1780] aa_dfa_unpack+0x200/0x640
[   27.190474] audit: type=1400 audit(1595235072.150:2): apparmor="STATUS" operation="profile_load" profile="unconfined" name="/usr/sbin/haveged" pid=678 comm="apparmor_parser"
[   27.200108] audit: type=1400 audit(1595235072.160:3): apparmor="STATUS" operation="profile_load" profile="unconfined" name="nvidia_modprobe" pid=681 comm="apparmor_parser"
[   27.200233] audit: type=1400 audit(1595235072.160:4): apparmor="STATUS" operation="profile_load" profile="unconfined" name="nvidia_modprobe//kmod" pid=681 comm="apparmor_parser"
[   27.351546] audit: type=1400 audit(1595235072.310:5): apparmor="STATUS" operation="profile_load" profile="unconfined" name="lsb_release" pid=686 comm="apparmor_parser"
[   27.378889] audit: type=1400 audit(1595235072.340:6): apparmor="STATUS" operation="profile_load" profile="unconfined" name="/usr/bin/man" pid=682 comm="apparmor_parser"
[   27.379014] audit: type=1400 audit(1595235072.340:7): apparmor="STATUS" operation="profile_load" profile="unconfined" name="man_filter" pid=682 comm="apparmor_parser"
[   27.379134] audit: type=1400 audit(1595235072.340:8): apparmor="STATUS" operation="profile_load" profile="unconfined" name="man_groff" pid=682 comm="apparmor_parser"
[   27.433188] audit: type=1400 audit(1595235072.400:9): apparmor="STATUS" operation="profile_load" profile="unconfined" name="named" pid=685 comm="apparmor_parser"
[   27.437524] audit: type=1400 audit(1595235072.400:10): apparmor="STATUS" operation="profile_load" profile="unconfined" name="tcpdump" pid=684 comm="apparmor_parser"
