[    0.000017] PROMLIB: Sun IEEE Boot Prom 'OBP 4.38.12 2018/03/28 14:54'
[    0.000029] PROMLIB: Root node compatible: sun4v
[    0.000074] Linux version 5.0.0-03452-g3717f613f48d (mator@ttip) (gcc version 8.3.0 (Debian 8.3.0-2)) #894 SMP Wed Mar 6 12:05:33 MSK 2019
[    0.000378] printk: bootconsole [earlyprom0] enabled
[    0.000431] ARCH: SUN4V
[    0.000481] Ethernet address: 00:14:4f:fa:06:f2
[    0.000533] MM: PAGE_OFFSET is 0xfff8000000000000 (max_phys_bits == 47)
[    0.000598] MM: VMALLOC [0x0000000100000000 --> 0x0006000000000000]
[    0.000662] MM: VMEMMAP [0x0006000000000000 --> 0x000c000000000000]
[    0.012147] Kernel: Using 5 locked TLB entries for main kernel image.
[    0.012230] Remapping the kernel... 
[    0.012254] done.
[    0.039116] OF stdout device is: /virtual-devices@100/console@1
[    0.039194] PROM: Built device tree with 72198 bytes of memory.
[    0.039261] MDESC: Size is 31056 bytes.
[    0.039370] PLATFORM: banner-name [SPARC T5-2]
[    0.039421] PLATFORM: name [ORCL,SPARC-T5-2]
[    0.039466] PLATFORM: hostid [84fa06f2]
[    0.039509] PLATFORM: serial# [0035260e]
[    0.039552] PLATFORM: stick-frequency [3b9aca00]
[    0.039600] PLATFORM: mac-address [144ffa06f2]
[    0.039647] PLATFORM: watchdog-resolution [1000 ms]
[    0.039697] PLATFORM: watchdog-max-timeout [31536000000 ms]
[    0.039753] PLATFORM: max-cpus [1024]
[    0.039852] Top of RAM: 0x24af948000, Total RAM: 0x87f386000
[    0.039914] Memory hole size: 115461MB
[    0.043966] Allocated 40960 bytes for kernel page tables.
[    0.044056] Zone ranges:
[    0.044098]   Normal   [mem 0x0000000030400000-0x00000024af947fff]
[    0.044162] Movable zone start for each node
[    0.044210] Early memory node ranges
[    0.044252]   node   0: [mem 0x0000000030400000-0x000000006febffff]
[    0.044313]   node   0: [mem 0x000000006ff40000-0x000000006ff47fff]
[    0.044375]   node   0: [mem 0x0000000070000000-0x000000042fffffff]
[    0.044437]   node   0: [mem 0x0000002030000000-0x00000024af8b5fff]
[    0.044500]   node   0: [mem 0x00000024af940000-0x00000024af947fff]
[    0.051848] Zeroed struct page in unavailable ranges: 230113 pages
[    0.051857] Initmem setup node 0 [mem 0x0000000030400000-0x00000024af947fff]
[    0.052015] On node 0 totalpages: 4454851
[    0.052024]   Normal zone: 39154 pages used for memmap
[    0.052029]   Normal zone: 0 pages reserved
[    0.052035]   Normal zone: 4454851 pages, LIFO batch:31
[    0.248874] Booting Linux...
[    0.248958] CPU CAPS: [flush,stbar,swap,muldiv,v9,blkinit,n2,mul32]
[    0.249040] CPU CAPS: [div32,v8plus,popc,vis,vis2,ASIBlkInit,fmaf,vis3]
[    0.250118] CPU CAPS: [hpc,ima,pause,cbcond,aes,des,kasumi,camellia]
[    0.250190] CPU CAPS: [md5,sha1,sha256,sha512,mpmul,montmul,montsqr,crc32c]
[    0.300100] percpu: Embedded 20 pages/cpu @(____ptrval____) s122184 r8192 d33464 u262144
[    0.300353] pcpu-alloc: s122184 r8192 d33464 u262144 alloc=1*4194304
[    0.300360] pcpu-alloc: [0] 000 001 002 003 004 005 006 007 008 009 010 011 012 013 014 015 
[    0.300387] pcpu-alloc: [0] 016 017 018 019 020 021 022 023 024 025 026 027 028 029 030 031 
[    0.300414] pcpu-alloc: [0] 032 033 034 035 036 037 038 039 040 041 042 043 044 045 046 047 
[    0.300441] pcpu-alloc: [0] 048 049 050 051 052 053 054 055 056 057 058 059 060 061 062 063 
[    0.300467] pcpu-alloc: [0] 064 065 066 067 068 069 070 071 072 073 074 075 076 077 078 079 
[    0.300494] pcpu-alloc: [0] 080 081 082 083 084 085 086 087 088 089 090 091 092 093 094 095 
[    0.300521] pcpu-alloc: [0] 096 097 098 099 100 101 102 103 104 105 106 107 108 109 110 111 
[    0.300548] pcpu-alloc: [0] 112 113 114 115 116 117 118 119 120 121 122 123 124 125 126 127 
[    0.300575] pcpu-alloc: [0] 128 129 130 131 132 133 134 135 136 137 138 139 140 141 142 143 
[    0.300602] pcpu-alloc: [0] 144 145 146 147 148 149 150 151 152 153 154 155 156 157 158 159 
[    0.300629] pcpu-alloc: [0] 160 161 162 163 164 165 166 167 168 169 170 171 172 173 174 175 
[    0.300655] pcpu-alloc: [0] 176 177 178 179 180 181 182 183 184 185 186 187 188 189 190 191 
[    0.300682] pcpu-alloc: [0] 192 193 194 195 196 197 198 199 200 201 202 203 204 205 206 207 
[    0.300709] pcpu-alloc: [0] 208 209 210 211 212 213 214 215 216 217 218 219 220 221 222 223 
[    0.300736] pcpu-alloc: [0] 224 225 226 227 228 229 230 231 232 233 234 235 236 237 238 239 
[    0.300763] pcpu-alloc: [0] 240 241 242 243 244 245 246 247 248 249 250 251 252 253 254 255 
[    0.301195] SUN4V: Mondo queue sizes [cpu(131072) dev(16384) r(8192) nr(256)]
[    0.301492] Built 1 zonelists, mobility grouping on.  Total pages: 4415697
[    0.301580] Kernel command line: BOOT_IMAGE=/vmlinuz-5.0.0-03452-g3717f613f48d root=/dev/vdiska2 ro zswap.enabled=1 elevator=deadline
[    0.304087] printk: log_buf_len individual max cpu contribution: 4096 bytes
[    0.304157] printk: log_buf_len total cpu_extra contributions: 1044480 bytes
[    0.304225] printk: log_buf_len min size: 131072 bytes
[    0.304594] printk: log_buf_len: 2097152 bytes
[    0.304645] printk: early log buf free: 125928(96%)
[    0.310967] Dentry cache hash table entries: 8388608 (order: 13, 67108864 bytes)
[    0.314202] Inode-cache hash table entries: 4194304 (order: 12, 33554432 bytes)
[    0.314276] Sorting __ex_table...
[    0.397422] Memory: 35116992K/35638808K available (6133K kernel code, 853K rwdata, 1776K rodata, 888K init, 7992K bss, 521816K reserved, 0K cma-reserved)
[    0.397828] kmemleak: Kernel memory leak detector disabled
[    0.399260] ftrace: allocating 18661 entries in 37 pages
[    0.412803] Running RCU self tests
[    0.412865] rcu: Hierarchical RCU implementation.
[    0.412916] rcu: 	RCU event tracing is enabled.
[    0.412964] rcu: 	RCU lockdep checking is enabled.
[    0.413014] 	Tasks RCU enabled.
[    0.413052] rcu: RCU calculated value of scheduler-enlistment delay is 11 jiffies.
[    0.418460] NR_IRQS: 2048, nr_irqs: 2048, preallocated irqs: 1
[    0.418543] SUN4V: Using IRQ API major 3, cookie only virqs enabled
[    0.422692] clocksource: stick: mask: 0xffffffffffffffff max_cycles: 0x1cd42e4dffb, max_idle_ns: 881590591483 ns
[    0.422823] clocksource: mult[800000] shift[23]
[    0.422872] clockevent: mult[80000000] shift[31]
[    0.427129] Console: colour dummy device 80x25
[    0.427192] printk: console [tty0] enabled
[    0.427267] printk: bootconsole [earlyprom0] disabled
[    0.427351] Lock dependency validator: Copyright (c) 2006 Red Hat, Inc., Ingo Molnar
[    0.427396] ... MAX_LOCKDEP_SUBCLASSES:  8
[    0.427424] ... MAX_LOCK_DEPTH:          48
[    0.427452] ... MAX_LOCKDEP_KEYS:        8191
[    0.427481] ... CLASSHASH_SIZE:          4096
[    0.427510] ... MAX_LOCKDEP_ENTRIES:     16384
[    0.427539] ... MAX_LOCKDEP_CHAINS:      32768
[    0.427568] ... CHAINHASH_SIZE:          16384
[    0.427597]  memory used by lock dependency info: 4959 kB
[    0.427631]  per task-struct memory footprint: 1920 bytes
[    0.427856] kmemleak: Early log buffer exceeded (36563), please increase DEBUG_KMEMLEAK_EARLY_LOG_SIZE
[    0.573244] Calibrating delay using timer specific routine.. 2008.42 BogoMIPS (lpj=10042107)
[    0.573309] pid_max: default: 262144 minimum: 2048
[    0.574433] LSM: Security Framework initializing
[    0.574472] AppArmor: AppArmor disabled by boot time parameter
[    0.575116] Mount-cache hash table entries: 131072 (order: 7, 1048576 bytes)
[    0.575274] Mountpoint-cache hash table entries: 131072 (order: 7, 1048576 bytes)
[    0.580087] rcu: Hierarchical SRCU implementation.
[    0.602758] smp: Bringing up secondary CPUs ...
[    0.663040] smp: Brought up 1 node, 24 CPUs
[    0.667220] devtmpfs: initialized
[    0.672788] Performance events: 
[    0.672830] Testing NMI watchdog ... 
[    0.872939] OK.
[    0.873113] Supported PMU type is 'niagara5'
[    0.873447] random: get_random_u32 called from bucket_table_alloc.isra.4+0x144/0x1c0 with crng_init=0
[    0.874283] ldc.c:v1.1 (July 22, 2008)
[    0.877203] clocksource: jiffies: mask: 0xffffffff max_cycles: 0xffffffff, max_idle_ns: 19112604462750000 ns
[    0.877300] futex hash table entries: 65536 (order: 10, 8388608 bytes)
[    0.886996] NET: Registered protocol family 16
[    0.896258] VIO: Adding device channel-devices (tx_ino = ffffffffffffffff, rx_ino = ffffffffffffffff)
[    0.896494] VIO: Adding device vnet-port-0-0 (tx_ino = 0, rx_ino = 1)
[    0.896724] VIO: Adding device vnet-port-0-1 (tx_ino = 2, rx_ino = 3)
[    0.896925] VIO: Adding device vnet-port-0-2 (tx_ino = 4, rx_ino = 5)
[    0.897119] VIO: Adding device vnet-port-0-3 (tx_ino = 6, rx_ino = 7)
[    0.897321] VIO: Adding device vnet-port-0-4 (tx_ino = 8, rx_ino = 9)
[    0.897514] VIO: Adding device vnet-port-0-5 (tx_ino = 16, rx_ino = 17)
[    0.897714] VIO: Adding device vdc-port-3-0 (tx_ino = a, rx_ino = b)
[    0.897912] VIO: Adding device vdc-port-2-0 (tx_ino = c, rx_ino = d)
[    0.898108] VIO: Adding device vdc-port-1-0 (tx_ino = e, rx_ino = f)
[    0.898307] VIO: Adding device vdc-port-0-0 (tx_ino = 10, rx_ino = 11)
[    0.898507] VIO: Adding device vlds-port-0-0 (tx_ino = 12, rx_ino = 13)
[    0.898703] VIO: Adding device domain-services-port-0 (tx_ino = 12, rx_ino = 13)
[    0.899099] audit: initializing netlink subsys (disabled)
[    0.899476] audit: type=2000 audit(0.470:1): state=initialized audit_enabled=0 res=1
[    0.945695] HugeTLB registered 64.0 KiB page size, pre-allocated 0 pages
[    0.945748] HugeTLB registered 8.00 MiB page size, pre-allocated 0 pages
[    0.945790] HugeTLB registered 256 MiB page size, pre-allocated 0 pages
[    0.945832] HugeTLB registered 2.00 GiB page size, pre-allocated 0 pages
[    0.957449] SUN4V: Reboot data supported (maj=1,min=0).
[    0.957889] ds.c:v1.0 (Jul 11, 2007)
[    0.958283] ds-0: ds_conn_reset() from send_events.isra.3
[    0.959733] clocksource: Switched to clocksource stick
[    1.143823] VFS: Disk quotas dquot_6.6.0
[    1.144313] VFS: Dquot-cache hash table entries: 1024 (order 0, 8192 bytes)
[    1.164678] NET: Registered protocol family 2
[    1.167176] tcp_listen_portaddr_hash hash table entries: 32768 (order: 8, 2359296 bytes)
[    1.170468] TCP established hash table entries: 524288 (order: 9, 4194304 bytes)
[    1.172485] TCP bind hash table entries: 65536 (order: 9, 4194304 bytes)
[    1.178074] TCP: Hash tables configured (established 524288 bind 65536)
[    1.184763] UDP hash table entries: 32768 (order: 9, 5242880 bytes)
[    1.191930] UDP-Lite hash table entries: 32768 (order: 9, 5242880 bytes)
[    1.205989] NET: Registered protocol family 1
[    1.206878] Unpacking initramfs...
[    1.510008] Freeing initrd memory: 10136K
[    1.548347] workingset: timestamp_bits=46 max_order=23 bucket_order=0
[    1.552291] zbud: loaded
[    1.557227] alg: extra crypto tests enabled.  This is intended for developer use only.
[    1.788313] Block layer SCSI generic (bsg) driver version 0.4 loaded (major 252)
[    1.790068] io scheduler mq-deadline registered
[    1.790104] io scheduler kyber registered
[    1.791683] f029b788: ttyS0 at I/O 0x0 (irq = 1, base_baud = 115200) is a SUN4V HCONS
[    1.797138] printk: console [ttyHV0] enabled
[    1.800909] sunvdc.c:v1.2 (November 24, 2014)
[    1.808104] sunvdc: Virtual CDROM vdiskd
[    1.808163] sunvdc: vdiskd: 403160 sectors (196 MB) protocol 1.2
[    1.809550]  vdiskd: vdiskd1 vdiskd2 vdiskd3 vdiskd4 vdiskd5 vdiskd6 vdiskd7
[    1.864320] sunvdc: Virtual Hard disk vdiskc
[    1.864369] sunvdc: vdiskc: 104857600 sectors (51200 MB) protocol 1.2
[    1.915726] sunvdc: Virtual Hard disk vdiskb
[    1.915774] sunvdc: vdiskb: 62914560 sectors (30720 MB) protocol 1.2
[    1.927322]  vdiskb: vdiskb1
[    1.978703] sunvdc: Virtual Hard disk vdiska
[    1.978752] sunvdc: vdiska: 31457280 sectors (15360 MB) protocol 1.2
[    1.979712]  vdiska: vdiska1 vdiska2 vdiska3 vdiska4
[    2.024603] sunvnet: sunvnet 2.0 (February 3, 2017)
[    2.028106] vnet_port vnet-port-0-0 eth0: Sun LDOM vnet 00:14:4f:f8:12:a3
[    2.028672] sunvnet: eth0: PORT ( remote-mac 00:14:4f:fa:f3:f0 switch-port )
[    2.030023] sunvnet: eth0: PORT ( remote-mac 00:14:4f:f8:e5:f3 )
[    2.031346] sunvnet: eth0: PORT ( remote-mac 00:14:4f:f9:b4:97 )
[    2.032623] sunvnet: eth0: PORT ( remote-mac 00:14:4f:f9:8b:83 )
[    2.033902] sunvnet: eth0: PORT ( remote-mac 00:14:4f:f8:3f:1e )
[    2.035179] sunvnet: eth0: PORT ( remote-mac 00:14:4f:f8:fe:47 )
[    2.036222] mousedev: PS/2 mouse device common for all mice
[    2.037397] rtc-sun4v rtc-sun4v: registered as rtc0
[    2.038508] device-mapper: uevent: version 1.0.3
[    2.039574] device-mapper: ioctl: 4.39.0-ioctl (2018-04-03) initialised: dm-devel@redhat.com
[    2.041207] NET: Registered protocol family 17
[    2.042448] registered taskstats version 1
[    2.045386] zswap: loaded using pool lzo/zbud
[    2.162117] Key type big_key registered
[    2.163034] rtc-sun4v rtc-sun4v: setting system clock to 2019-03-06T09:09:02 UTC (1551863342)
[    2.167483] This architecture does not have kernel memory protection.
[    2.167528] Run /init as init process
[    3.032187] crc32c_sparc64: Using sparc64 crc32c opcode optimized CRC32C implementation
[    3.121594] random: fast init done
[    3.559687] raid6: int64x8  gen()  2178 MB/s
[    3.729700] raid6: int64x8  xor()  1567 MB/s
[    3.899705] raid6: int64x4  gen()  3465 MB/s
[    4.069701] raid6: int64x4  xor()  1989 MB/s
[    4.239717] raid6: int64x2  gen()  2872 MB/s
[    4.409697] raid6: int64x2  xor()  2000 MB/s
[    4.579707] raid6: int64x1  gen()  2791 MB/s
[    4.749691] raid6: int64x1  xor()  1657 MB/s
[    4.749738] raid6: using algorithm int64x4 gen() 3465 MB/s
[    4.749776] raid6: .... xor() 1989 MB/s, rmw enabled
[    4.749811] raid6: using intx1 recovery algorithm
[    4.750790] async_tx: api initialized (async)
[    4.751411] xor: automatically using best checksumming function   Niagara   
[    4.990558] EXT4-fs (vdiska2): mounted filesystem with ordered data mode. Opts: (null)
[    6.510905] systemd[1]: Inserted module 'autofs4'
[    6.520757] NET: Registered protocol family 10
[    6.533280] Segment Routing with IPv6
[    6.602643] systemd[1]: systemd 241 running in system mode. (+PAM +AUDIT +SELINUX +IMA +APPARMOR +SMACK +SYSVINIT +UTMP +LIBCRYPTSETUP +GCRYPT +GNUTLS +ACL +XZ +LZ4 -SECCOMP +BLKID +ELFUTILS +KMOD -IDN2 +IDN -PCRE2 default-hierarchy=hybrid)
[    6.603185] systemd[1]: Detected architecture sparc64.
[    6.658454] systemd[1]: Set hostname to <ttip>.
[    7.494385] random: lvmconfig: uninitialized urandom read (4 bytes read)
[    7.985272] systemd[1]: File /lib/systemd/system/systemd-journald.service:12 configures an IP firewall (IPAddressDeny=any), but the local system does not support BPF/cgroup based firewalling.
[    7.985398] systemd[1]: Proceeding WITHOUT firewalling in effect! (This warning is only shown for the first loaded unit using IP firewalling.)
[    8.025025] systemd[1]: /lib/systemd/system/auditd.service:11: PIDFile= references path below legacy directory /var/run/, updating /var/run/auditd.pid → /run/auditd.pid; please update the unit file accordingly.
[    8.396313] systemd[1]: /lib/systemd/system/smbd.service:9: PIDFile= references path below legacy directory /var/run/, updating /var/run/samba/smbd.pid → /run/samba/smbd.pid; please update the unit file accordingly.
[    8.397482] systemd[1]: /lib/systemd/system/nmbd.service:9: PIDFile= references path below legacy directory /var/run/, updating /var/run/samba/nmbd.pid → /run/samba/nmbd.pid; please update the unit file accordingly.
[    8.565965] random: systemd: uninitialized urandom read (16 bytes read)
[    8.571200] random: systemd: uninitialized urandom read (16 bytes read)
[    8.571919] systemd[1]: Listening on Journal Audit Socket.
[    8.572893] random: systemd: uninitialized urandom read (16 bytes read)
[    8.573514] systemd[1]: Started Dispatch Password Requests to Console Directory Watch.
[    8.847122] EXT4-fs (vdiska2): re-mounted. Opts: errors=remount-ro
[    9.086474] systemd-journald[397]: Received request to flush runtime journal from PID 1
[   10.290545] sha1_sparc64: Using sparc64 sha1 opcode optimized SHA-1 implementation
[   10.330500] sha256_sparc64: Using sparc64 sha256 opcode optimized SHA-256/SHA-224 implementation
[   10.361980] sha512_sparc64: Using sparc64 sha512 opcode optimized SHA-512/SHA-384 implementation
[   10.381028] md5_sparc64: Using sparc64 md5 opcode optimized MD5 implementation
[   10.422556] n2rng v0.3 (Jan 7, 2017)
[   10.422641] n2rng f029b104: Registered RNG HVAPI major 2 minor 0
[   10.422699] n2rng f029b104: Found multi-unit-capable RNG, units: 2
[   10.423573] n2rng f029b104: RNG ready
[   10.430164] aes_sparc64: Using sparc64 aes opcodes optimized AES implementation
[   10.574692] des_sparc64: Using sparc64 des opcodes optimized DES implementation
[   10.659100] camellia_sparc64: Using sparc64 camellia opcodes optimized CAMELLIA implementation
[   12.137416] SGI XFS with ACLs, security attributes, debug enabled
[   12.170964] XFS (dm-0): Mounting V5 Filesystem
[   12.253565] XFS (dm-0): Ending clean mount
[   13.701813] Adding 787176k swap on /dev/vdiska4.  Priority:-2 extents:1 across:787176k FS
[   14.070437] EXT4-fs (vdiska1): mounting ext3 file system using the ext4 subsystem
[   14.081383] EXT4-fs (vdiska1): mounted filesystem with ordered data mode. Opts: (null)
