[    0.000020] PROMLIB: Sun IEEE Boot Prom 'OBP 4.38.17 2019/01/25 08:22'
[    0.000024] PROMLIB: Root node compatible: sun4v
[    0.000060] Linux version 5.9.0-07872-g4d0e9df5e43d (mator@ttip) (gcc (Debian 10.2.0-23) 10.2.0, GNU ld (GNU Binutils for Debian) 2.35.1) #130 SMP Mon Dec 7 17:37:36 MSK 2020
[    0.000344] printk: bootconsole [earlyprom0] enabled
[    0.000391] ARCH: SUN4V
[    0.000432] Ethernet address: 00:14:4f:fa:06:f2
[    0.000478] MM: PAGE_OFFSET is 0xfff8000000000000 (max_phys_bits == 47)
[    0.000535] MM: VMALLOC [0x0000000100000000 --> 0x0006000000000000]
[    0.000590] MM: VMEMMAP [0x0006000000000000 --> 0x000c000000000000]
[    0.012119] Kernel: Using 4 locked TLB entries for main kernel image.
[    0.012190] Remapping the kernel... 
[    0.012210] done.
[    0.036110] OF stdout device is: /virtual-devices@100/console@1
[    0.036181] PROM: Built device tree with 65673 bytes of memory.
[    0.036242] MDESC: Size is 29712 bytes.
[    0.036335] PLATFORM: banner-name [SPARC T5-2]
[    0.036378] PLATFORM: name [ORCL,SPARC-T5-2]
[    0.036418] PLATFORM: hostid [84fa06f2]
[    0.036452] PLATFORM: serial# [0035260e]
[    0.036490] PLATFORM: stick-frequency [3b9aca00]
[    0.036531] PLATFORM: mac-address [144ffa06f2]
[    0.036571] PLATFORM: watchdog-resolution [1000 ms]
[    0.036614] PLATFORM: watchdog-max-timeout [31536000000 ms]
[    0.036663] PLATFORM: max-cpus [1024]
[    0.036750] Top of RAM: 0x2af948000, Total RAM: 0x27f386000
[    0.036801] Memory hole size: 773MB
[    0.038416] Allocated 24576 bytes for kernel page tables.
[    0.038494] Zone ranges:
[    0.038528]   Normal   [mem 0x0000000030400000-0x00000002af947fff]
[    0.038585] Movable zone start for each node
[    0.038625] Early memory node ranges
[    0.038659]   node   0: [mem 0x0000000030400000-0x000000006febffff]
[    0.038717]   node   0: [mem 0x000000006ff40000-0x000000006ff47fff]
[    0.038770]   node   0: [mem 0x0000000070000000-0x00000002af8b5fff]
[    0.038826]   node   0: [mem 0x00000002af940000-0x00000002af947fff]
[    0.044743] Zeroed struct page in unavailable ranges: 132669 pages
[    0.044750] Initmem setup node 0 [mem 0x0000000030400000-0x00000002af947fff]
[    0.044894] On node 0 totalpages: 1309123
[    0.044898]   Normal zone: 11508 pages used for memmap
[    0.044901]   Normal zone: 0 pages reserved
[    0.044904]   Normal zone: 1309123 pages, LIFO batch:31
[    0.089583] Booting Linux...
[    0.089656] CPU CAPS: [flush,stbar,swap,muldiv,v9,blkinit,n2,mul32]
[    0.089737] CPU CAPS: [div32,v8plus,popc,vis,vis2,ASIBlkInit,fmaf,vis3]
[    0.089812] CPU CAPS: [hpc,ima,pause,cbcond,aes,des,kasumi,camellia]
[    0.090889] CPU CAPS: [md5,sha1,sha256,sha512,mpmul,montmul,montsqr,crc32c]
[    0.139466] percpu: Embedded 19 pages/cpu s114904 r8192 d32552 u262144
[    0.139704] pcpu-alloc: s114904 r8192 d32552 u262144 alloc=1*4194304
[    0.139709] pcpu-alloc: [0] 000 001 002 003 004 005 006 007 008 009 010 011 012 013 014 015 
[    0.139744] pcpu-alloc: [0] 016 017 018 019 020 021 022 023 024 025 026 027 028 029 030 031 
[    0.139778] pcpu-alloc: [0] 032 033 034 035 036 037 038 039 040 041 042 043 044 045 046 047 
[    0.139812] pcpu-alloc: [0] 048 049 050 051 052 053 054 055 056 057 058 059 060 061 062 063 
[    0.139845] pcpu-alloc: [0] 064 065 066 067 068 069 070 071 072 073 074 075 076 077 078 079 
[    0.139879] pcpu-alloc: [0] 080 081 082 083 084 085 086 087 088 089 090 091 092 093 094 095 
[    0.139912] pcpu-alloc: [0] 096 097 098 099 100 101 102 103 104 105 106 107 108 109 110 111 
[    0.139946] pcpu-alloc: [0] 112 113 114 115 116 117 118 119 120 121 122 123 124 125 126 127 
[    0.139979] pcpu-alloc: [0] 128 129 130 131 132 133 134 135 136 137 138 139 140 141 142 143 
[    0.140013] pcpu-alloc: [0] 144 145 146 147 148 149 150 151 152 153 154 155 156 157 158 159 
[    0.140046] pcpu-alloc: [0] 160 161 162 163 164 165 166 167 168 169 170 171 172 173 174 175 
[    0.140079] pcpu-alloc: [0] 176 177 178 179 180 181 182 183 184 185 186 187 188 189 190 191 
[    0.140113] pcpu-alloc: [0] 192 193 194 195 196 197 198 199 200 201 202 203 204 205 206 207 
[    0.140146] pcpu-alloc: [0] 208 209 210 211 212 213 214 215 216 217 218 219 220 221 222 223 
[    0.140179] pcpu-alloc: [0] 224 225 226 227 228 229 230 231 232 233 234 235 236 237 238 239 
[    0.140213] pcpu-alloc: [0] 240 241 242 243 244 245 246 247 248 249 250 251 252 253 254 255 
[    0.140640] SUN4V: Mondo queue sizes [cpu(131072) dev(16384) r(8192) nr(256)]
[    0.140926] Built 1 zonelists, mobility grouping on.  Total pages: 1297615
[    0.140991] Kernel command line: BOOT_IMAGE=/vmlinux-5.9.0-07872-g4d0e9df5e43d root=/dev/vdiska2 ro zswap.enabled=1
[    0.142557] printk: log_buf_len individual max cpu contribution: 4096 bytes
[    0.142622] printk: log_buf_len total cpu_extra contributions: 1044480 bytes
[    0.142681] printk: log_buf_len min size: 131072 bytes
[    0.144501] printk: log_buf_len: 2097152 bytes
[    0.144548] printk: early log buf free: 126568(96%)
[    0.146205] Dentry cache hash table entries: 2097152 (order: 11, 16777216 bytes, linear)
[    0.147110] Inode-cache hash table entries: 1048576 (order: 10, 8388608 bytes, linear)
[    0.147182] Sorting __ex_table...
[    0.147408] mem auto-init: stack:off, heap alloc:off, heap free:off
[    0.168210] Memory: 10248984K/10472984K available (7852K kernel code, 1531K rwdata, 1944K rodata, 600K init, 413K bss, 224000K reserved, 0K cma-reserved)
[    0.168367] random: get_random_u64 called from __kmem_cache_create+0x20/0x520 with crng_init=0
[    0.169354] SLUB: HWalign=32, Order=0-3, MinObjects=0, CPUs=256, Nodes=1
[    0.169775] ftrace: allocating 24063 entries in 47 pages
[    0.178799] ftrace: allocated 47 pages with 5 groups
[    0.181307] rcu: Hierarchical RCU implementation.
[    0.181359] 	Trampoline variant of Tasks RCU enabled.
[    0.181406] 	Rude variant of Tasks RCU enabled.
[    0.181448] 	Tracing variant of Tasks RCU enabled.
[    0.181492] rcu: RCU calculated value of scheduler-enlistment delay is 26 jiffies.
[    0.184736] NR_IRQS: 2048, nr_irqs: 2048, preallocated irqs: 1
[    0.184822] SUN4V: Using IRQ API major 3, cookie only virqs enabled
[    0.187481] clocksource: stick: mask: 0xffffffffffffffff max_cycles: 0x1cd42e4dffb, max_idle_ns: 881590591483 ns
[    0.187600] clocksource: mult[800000] shift[23]
[    0.187642] clockevent: mult[80000000] shift[31]
[    0.188054] Console: colour dummy device 80x25
[    0.188100] printk: console [tty0] enabled
[    0.188140] printk: bootconsole [earlyprom0] disabled
[    0.267833] Calibrating delay using timer specific routine.. 2005.26 BogoMIPS (lpj=4010537)
[    0.267854] pid_max: default: 262144 minimum: 2048
[    0.268176] LSM: Security Framework initializing
[    0.268344] Mount-cache hash table entries: 32768 (order: 5, 262144 bytes, linear)
[    0.268379] Mountpoint-cache hash table entries: 32768 (order: 5, 262144 bytes, linear)
[    0.269900] rcu: Hierarchical SRCU implementation.
[    0.272922] smp: Bringing up secondary CPUs ...
[    0.280845] smp: Brought up 1 node, 24 CPUs
[    0.282638] devtmpfs: initialized
[    0.283412] Performance events: 
[    0.283436] Testing NMI watchdog ... 
[    0.363518] OK.
[    0.363549] Supported PMU type is 'niagara5'
[    0.363922] ldc.c:v1.1 (July 22, 2008)
[    0.364099] clocksource: jiffies: mask: 0xffffffff max_cycles: 0xffffffff, max_idle_ns: 7645041785100000 ns
[    0.364123] futex hash table entries: 65536 (order: 9, 4194304 bytes, linear)
[    0.366430] NET: Registered protocol family 16
[    0.367719] VIO: Adding device channel-devices (tx_ino = ffffffffffffffff, rx_ino = ffffffffffffffff)
[    0.367751] VIO: Adding device vnet-port-0-0 (tx_ino = 0, rx_ino = 1)
[    0.367773] VIO: Adding device vnet-port-0-1 (tx_ino = 2, rx_ino = 3)
[    0.367794] VIO: Adding device vnet-port-0-2 (tx_ino = 4, rx_ino = 5)
[    0.367815] VIO: Adding device vnet-port-0-3 (tx_ino = 6, rx_ino = 7)
[    0.367836] VIO: Adding device vnet-port-0-4 (tx_ino = 8, rx_ino = 9)
[    0.367856] VIO: Adding device vdc-port-2-0 (tx_ino = a, rx_ino = b)
[    0.367876] VIO: Adding device vdc-port-1-0 (tx_ino = c, rx_ino = d)
[    0.367897] VIO: Adding device vdc-port-0-0 (tx_ino = e, rx_ino = f)
[    0.367921] VIO: Adding device vlds-port-0-0 (tx_ino = 10, rx_ino = 11)
[    0.367943] VIO: Adding device domain-services-port-0 (tx_ino = 10, rx_ino = 11)
[    0.368023] audit: initializing netlink subsys (disabled)
[    0.368128] audit: type=2000 audit(0.180:1): state=initialized audit_enabled=0 res=1
[    0.373414] HugeTLB registered 64.0 KiB page size, pre-allocated 0 pages
[    0.373422] HugeTLB registered 8.00 MiB page size, pre-allocated 0 pages
[    0.373427] HugeTLB registered 256 MiB page size, pre-allocated 0 pages
[    0.373433] HugeTLB registered 2.00 GiB page size, pre-allocated 0 pages
[    0.940405] NetLabel: Initializing
[    0.940418] NetLabel:  domain hash size = 128
[    0.940423] NetLabel:  protocols = UNLABELED CIPSOv4 CALIPSO
[    0.940448] NetLabel:  unlabeled traffic allowed by default
[    0.940691] SUN4V: Reboot data supported (maj=1,min=0).
[    0.940795] ds.c:v1.0 (Jul 11, 2007)
[    0.940943] ds-0: ds_conn_reset() from send_events
[    0.941220] clocksource: Switched to clocksource stick
[    0.993600] VFS: Disk quotas dquot_6.6.0
[    0.993698] VFS: Dquot-cache hash table entries: 1024 (order 0, 8192 bytes)
[    0.996293] NET: Registered protocol family 2
[    0.997409] tcp_listen_portaddr_hash hash table entries: 8192 (order: 4, 131072 bytes, linear)
[    0.997507] TCP established hash table entries: 131072 (order: 7, 1048576 bytes, linear)
[    0.997971] TCP bind hash table entries: 65536 (order: 7, 1048576 bytes, linear)
[    0.998420] TCP: Hash tables configured (established 131072 bind 65536)
[    0.998963] UDP hash table entries: 8192 (order: 5, 262144 bytes, linear)
[    0.999086] UDP-Lite hash table entries: 8192 (order: 5, 262144 bytes, linear)
[    1.000043] NET: Registered protocol family 1
[    1.000057] NET: Registered protocol family 44
[    1.000187] Trying to unpack rootfs image as initramfs...
[    1.163768] Freeing initrd memory: 23696K
[    1.167947] Initialise system trusted keyrings
[    1.167974] Key type blacklist registered
[    1.168093] workingset: timestamp_bits=46 max_order=21 bucket_order=0
[    1.170733] zbud: loaded
[    1.171590] SGI XFS with ACLs, security attributes, realtime, quota, no debug enabled
[    1.173348] Key type asymmetric registered
[    1.173356] Asymmetric key parser 'x509' registered
[    1.173377] Block layer SCSI generic (bsg) driver version 0.4 loaded (major 252)
[    1.173637] io scheduler mq-deadline registered
[    1.174147] f029b788: ttyHV0 at I/O 0x0 (irq = 1, base_baud = 115200) is a SUN4V HCONS
[    1.174400] printk: console [ttyHV0] enabled
[    1.175295] sunvdc.c:v1.2 (November 24, 2014)
[    1.209092] sunvdc: Virtual Hard disk vdiskc
[    1.209113] sunvdc: vdiskc: 104857600 sectors (51200 MB) protocol 1.2
[    1.218678] sunvdc: Virtual Hard disk vdiskb
[    1.218697] sunvdc: vdiskb: 62914560 sectors (30720 MB) protocol 1.2
[    1.219352]  vdiskb: vdiskb1
[    1.225513] sunvdc: Virtual Hard disk vdiska
[    1.225528] sunvdc: vdiska: 31457280 sectors (15360 MB) protocol 1.2
[    1.226120]  vdiska: vdiska1 vdiska2 vdiska3 vdiska4
[    1.231173] Silicon Labs C2 port support v. 0.51.0 - (C) 2007 Rodolfo Giometti
[    1.231544] rtc-sun4v rtc-sun4v: registered as rtc0
[    1.231590] rtc-sun4v rtc-sun4v: setting system clock to 2020-12-07T15:44:06 UTC (1607355846)
[    1.232306] NET: Registered protocol family 10
[    1.247407] Segment Routing with IPv6
[    1.247467] mip6: Mobile IPv6
[    1.247476] NET: Registered protocol family 17
[    1.247605] registered taskstats version 1
[    1.247615] Loading compiled-in X.509 certificates
[    1.247694] zswap: loaded using pool lzo/zbud
[    1.249237] This architecture does not have kernel memory protection.
[    1.249250] Run /init as init process
[    1.249256]   with arguments:
[    1.249259]     /init
[    1.249262]   with environment:
[    1.249265]     HOME=/
[    1.249267]     TERM=linux
[    1.249270]     BOOT_IMAGE=/vmlinux-5.9.0-07872-g4d0e9df5e43d
[    1.416465] sunvnet_common: module verification failed: signature and/or required key missing - tainting kernel
[    1.417876] sunvnet: sunvnet 2.0 (February 3, 2017)
[    1.418856] vnet_port vnet-port-0-0 eth0: Sun LDOM vnet 00:14:4f:f8:12:a3
[    1.418944] sunvnet: eth0: PORT ( remote-mac 00:14:4f:fa:f3:f0 switch-port )
[    1.419147] sunvnet: eth0: PORT ( remote-mac 00:14:4f:f9:b4:97 )
[    1.419309] sunvnet: eth0: PORT ( remote-mac 00:14:4f:f8:e5:f3 )
[    1.419456] sunvnet: eth0: PORT ( remote-mac 00:14:4f:f8:3f:1e )
[    1.419586] sunvnet: eth0: PORT ( remote-mac 00:14:4f:f9:8b:83 )
[    1.426615] crc32c_sparc64: Using sparc64 crc32c opcode optimized CRC32C implementation
[    1.429903] random: lvm: uninitialized urandom read (4 bytes read)
[    1.451984] device-mapper: uevent: version 1.0.3
[    1.452133] device-mapper: ioctl: 4.43.0-ioctl (2020-10-01) initialised: dm-devel@redhat.com
[    1.454766] random: lvm: uninitialized urandom read (2 bytes read)
[    1.810692] xor: automatically using best checksumming function   Niagara   
[    1.877214] raid6: int64x8  gen()  2136 MB/s
[    1.945213] raid6: int64x8  xor()  1514 MB/s
[    2.013202] raid6: int64x4  gen()  3367 MB/s
[    2.081202] raid6: int64x4  xor()  1456 MB/s
[    2.149198] raid6: int64x2  gen()  3319 MB/s
[    2.217217] raid6: int64x2  xor()  1159 MB/s
[    2.285225] raid6: int64x1  gen()  1476 MB/s
[    2.353213] raid6: int64x1  xor()   711 MB/s
[    2.353232] raid6: using algorithm int64x4 gen() 3367 MB/s
[    2.353237] raid6: .... xor() 1456 MB/s, rmw enabled
[    2.353243] raid6: using intx1 recovery algorithm
[    2.396637] random: fast init done
[    2.491526] EXT4-fs (vdiska2): mounted filesystem with ordered data mode. Opts: (null)
[    4.576746] systemd[1]: Inserted module 'autofs4'
[    4.759044] systemd[1]: systemd 247.1-3 running in system mode. (+PAM +AUDIT +SELINUX +IMA +APPARMOR +SMACK +SYSVINIT +UTMP +LIBCRYPTSETUP +GCRYPT +GNUTLS +ACL +XZ +LZ4 +ZSTD -SECCOMP +BLKID +ELFUTILS +KMOD +IDN2 -IDN +PCRE2 default-hierarchy=hybrid)
[    4.759322] systemd[1]: Detected architecture sparc64.
[    4.832354] systemd[1]: Set hostname to <ttip>.
[    5.097600] systemd-sysv-generator[335]: SysV service '/etc/init.d/xinetd' lacks a native systemd unit file. Automatically generating a unit file for compatibility. Please update package to include a native systemd unit file, in order to make it more safe and robust.
[    5.439067] systemd-sysv-generator[335]: SysV service '/etc/init.d/rng-tools-debian' lacks a native systemd unit file. Automatically generating a unit file for compatibility. Please update package to include a native systemd unit file, in order to make it more safe and robust.
[    5.441222] systemd-sysv-generator[335]: SysV service '/etc/init.d/arpalert' lacks a native systemd unit file. Automatically generating a unit file for compatibility. Please update package to include a native systemd unit file, in order to make it more safe and robust.
[    5.442599] systemd-sysv-generator[335]: SysV service '/etc/init.d/vmtouch' lacks a native systemd unit file. Automatically generating a unit file for compatibility. Please update package to include a native systemd unit file, in order to make it more safe and robust.
[    5.540989] systemd-sysv-generator[335]: SysV service '/etc/init.d/mysql' lacks a native systemd unit file. Automatically generating a unit file for compatibility. Please update package to include a native systemd unit file, in order to make it more safe and robust.
[    5.801395] random: lvmconfig: uninitialized urandom read (4 bytes read)
[    7.006934] systemd[1]: Queued start job for default target Multi-User System.
[    7.007691] random: systemd: uninitialized urandom read (16 bytes read)
[    7.056300] systemd[1]: Created slice system-getty.slice.
[    7.056657] random: systemd: uninitialized urandom read (16 bytes read)
[    7.062626] systemd[1]: Created slice system-modprobe.slice.
[    7.062885] random: systemd: uninitialized urandom read (16 bytes read)
[    7.068439] systemd[1]: Created slice system-openvpn\x2dclient.slice.
[    7.075339] systemd[1]: Created slice system-postfix.slice.
[    7.081129] systemd[1]: Created slice system-systemd\x2dfsck.slice.
[    7.086981] systemd[1]: Created slice User and Session Slice.
[    7.087410] systemd[1]: Started Dispatch Password Requests to Console Directory Watch.
[    7.087638] systemd[1]: Started Forward Password Requests to Wall Directory Watch.
[    7.088751] systemd[1]: Set up automount Arbitrary Executable File Formats File System Automount Point.
[    7.088959] systemd[1]: Reached target Local Encrypted Volumes.
[    7.089159] systemd[1]: Reached target Paths.
[    7.089333] systemd[1]: Reached target Slices.
[    7.089652] systemd[1]: Listening on Device-mapper event daemon FIFOs.
[    7.089988] systemd[1]: Listening on LVM2 poll daemon socket.
[    7.103119] systemd[1]: Listening on RPCbind Server Activation Socket.
[    7.104028] systemd[1]: Listening on Syslog Socket.
[    7.104377] systemd[1]: Listening on fsck to fsckd communication Socket.
[    7.104602] systemd[1]: Listening on initctl Compatibility Named Pipe.
[    7.105058] systemd[1]: Listening on Journal Audit Socket.
[    7.105355] systemd[1]: Listening on Journal Socket (/dev/log).
[    7.105715] systemd[1]: Listening on Journal Socket.
[    7.106097] systemd[1]: Listening on udev Control Socket.
[    7.106367] systemd[1]: Listening on udev Kernel Socket.
[    7.113400] systemd[1]: Mounting Huge Pages File System...
[    7.120523] systemd[1]: Mounting POSIX Message Queue File System...
[    7.127940] systemd[1]: Mounting RPC Pipe File System...
[    7.135046] systemd[1]: Mounting Kernel Debug File System...
[    7.142066] systemd[1]: Mounting Kernel Trace File System...
[    7.142451] systemd[1]: Condition check resulted in Kernel Module supporting RPCSEC_GSS being skipped.
[    7.142840] systemd[1]: Finished Availability of block devices.
[    7.150059] systemd[1]: Starting Wait for network to be configured by ifupdown...
[    7.157091] systemd[1]: Starting Create list of static device nodes for the current kernel...
[    7.164169] systemd[1]: Starting Monitoring of LVM2 mirrors, snapshots etc. using dmeventd or progress polling...
[    7.170499] systemd[1]: Starting Load Kernel Module configfs...
[    7.176813] systemd[1]: Starting Load Kernel Module drm...
[    7.183487] systemd[1]: Starting Load Kernel Module fuse...
[    7.190896] systemd[1]: Starting nftables...
[    7.399315] systemd[1]: Condition check resulted in Set Up Additional Binary Formats being skipped.
[    7.399455] systemd[1]: Condition check resulted in File System Check on Root Device being skipped.
[    7.407572] systemd[1]: Starting Journal Service...
[    7.433304] systemd[1]: Starting Load Kernel Modules...
[    7.440783] systemd[1]: Starting Remount Root and Kernel File Systems...
[    7.448025] systemd[1]: Starting Coldplug All udev Devices...
[    7.452467] systemd[1]: Mounted Huge Pages File System.
[    7.452886] systemd[1]: Mounted POSIX Message Queue File System.
[    7.453159] systemd[1]: Mounted Kernel Debug File System.
[    7.453456] systemd[1]: Mounted Kernel Trace File System.
[    7.454615] systemd[1]: Finished Wait for network to be configured by ifupdown.
[    7.455296] systemd[1]: modprobe@drm.service: Succeeded.
[    7.456118] systemd[1]: Finished Load Kernel Module drm.
[    7.458807] systemd[1]: Finished Create list of static device nodes for the current kernel.
[    7.523257] EXT4-fs (vdiska2): re-mounted. Opts: errors=remount-ro
[    7.526502] systemd[1]: Finished Load Kernel Modules.
[    7.527839] systemd[1]: Finished Remount Root and Kernel File Systems.
[    7.580178] systemd[1]: Starting Initial Check File System Quotas...
[    7.602505] systemd[1]: Condition check resulted in Rebuild Hardware Database being skipped.
[    7.602678] systemd[1]: Condition check resulted in Platform Persistent Storage Archival being skipped.
[    7.610804] systemd[1]: Starting Load/Save Random Seed...
[    7.614077] fuse: init (API version 7.31)
[    7.618631] systemd[1]: Starting Apply Kernel Variables...
[    7.625792] systemd[1]: Starting Create System Users...
[    7.627052] systemd[1]: Started Journal Service.
[    9.717525] sha1_sparc64: Using sparc64 sha1 opcode optimized SHA-1 implementation
[    9.750985] sha256_sparc64: Using sparc64 sha256 opcode optimized SHA-256/SHA-224 implementation
[    9.776464] n2rng v0.3 (Jan 7, 2017)
[    9.776492] n2rng f029b104: Registered RNG HVAPI major 2 minor 0
[    9.776502] n2rng f029b104: Found multi-unit-capable RNG, units: 2
[    9.776526] n2rng f029b104: RNG ready
[    9.783916] sha512_sparc64: Using sparc64 sha512 opcode optimized SHA-512/SHA-384 implementation
[    9.816464] md5_sparc64: Using sparc64 md5 opcode optimized MD5 implementation
[    9.874223] aes_sparc64: Using sparc64 aes opcodes optimized AES implementation
[   10.238305] XFS (dm-0): Mounting V5 Filesystem
[   10.277335] random: crng init done
[   10.277359] random: 4 urandom warning(s) missed due to ratelimiting
[   10.302931] des_sparc64: Using sparc64 des opcodes optimized DES implementation
[   10.386818] camellia_sparc64: Using sparc64 camellia opcodes optimized CAMELLIA implementation
[   10.520421] XFS (dm-0): Ending clean mount
[   10.549812] xfs filesystem being mounted at /1 supports timestamps until 2038 (0x7fffffff)
[   10.625219] Adding 787176k swap on /dev/vdiska4.  Priority:-2 extents:1 across:787176k FS
[   11.116902] EXT4-fs (vdiska1): mounting ext3 file system using the ext4 subsystem
[   11.409308] EXT4-fs (vdiska1): mounted filesystem with ordered data mode. Opts: (null)
[   11.409487] ext3 filesystem being mounted at /boot supports timestamps until 2038 (0x7fffffff)
