[    0.000022] PROMLIB: Sun IEEE Boot Prom 'OBP 4.38.12 2018/03/28 14:54'
[    0.000037] PROMLIB: Root node compatible: sun4v
[    0.000086] Linux version 5.1.0-12317-ga6a4b66bd8f4 (mator@ttip) (gcc version 8.3.0 (Debian 8.3.0-7)) #973 SMP Fri May 17 19:07:48 MSK 2019
[    0.001477] printk: bootconsole [earlyprom0] enabled
[    0.001549] ARCH: SUN4V
[    0.001607] Ethernet address: 00:14:4f:fa:06:f2
[    0.001664] MM: PAGE_OFFSET is 0xfff8000000000000 (max_phys_bits == 47)
[    0.001739] MM: VMALLOC [0x0000000100000000 --> 0x0006000000000000]
[    0.001811] MM: VMEMMAP [0x0006000000000000 --> 0x000c000000000000]
[    0.014181] Kernel: Using 5 locked TLB entries for main kernel image.
[    0.014277] Remapping the kernel... 
[    0.014302] done.
[    0.045935] OF stdout device is: /virtual-devices@100/console@1
[    0.046022] PROM: Built device tree with 75126 bytes of memory.
[    0.046093] MDESC: Size is 31056 bytes.
[    0.046225] PLATFORM: banner-name [SPARC T5-2]
[    0.046285] PLATFORM: name [ORCL,SPARC-T5-2]
[    0.046333] PLATFORM: hostid [84fa06f2]
[    0.046379] PLATFORM: serial# [0035260e]
[    0.046428] PLATFORM: stick-frequency [3b9aca00]
[    0.046482] PLATFORM: mac-address [144ffa06f2]
[    0.046537] PLATFORM: watchdog-resolution [1000 ms]
[    0.046597] PLATFORM: watchdog-max-timeout [31536000000 ms]
[    0.046665] PLATFORM: max-cpus [1024]
[    0.046791] Top of RAM: 0x24af948000, Total RAM: 0x87f386000
[    0.046870] Memory hole size: 115461MB
[    0.051299] Allocated 40960 bytes for kernel page tables.
[    0.051423] Zone ranges:
[    0.051470]   Normal   [mem 0x0000000030400000-0x00000024af947fff]
[    0.051542] Movable zone start for each node
[    0.051590] Early memory node ranges
[    0.051633]   node   0: [mem 0x0000000030400000-0x000000006febffff]
[    0.051703]   node   0: [mem 0x000000006ff40000-0x000000006ff47fff]
[    0.051776]   node   0: [mem 0x0000000070000000-0x000000042fffffff]
[    0.051848]   node   0: [mem 0x0000002030000000-0x00000024af8b5fff]
[    0.051922]   node   0: [mem 0x00000024af940000-0x00000024af947fff]
[    0.059701] Zeroed struct page in unavailable ranges: 230113 pages
[    0.059709] Initmem setup node 0 [mem 0x0000000030400000-0x00000024af947fff]
[    0.059871] On node 0 totalpages: 4454851
[    0.059882]   Normal zone: 39154 pages used for memmap
[    0.059887]   Normal zone: 0 pages reserved
[    0.059893]   Normal zone: 4454851 pages, LIFO batch:31
[    0.265187] Booting Linux...
[    0.265275] CPU CAPS: [flush,stbar,swap,muldiv,v9,blkinit,n2,mul32]
[    0.265358] CPU CAPS: [div32,v8plus,popc,vis,vis2,ASIBlkInit,fmaf,vis3]
[    0.266468] CPU CAPS: [hpc,ima,pause,cbcond,aes,des,kasumi,camellia]
[    0.266568] CPU CAPS: [md5,sha1,sha256,sha512,mpmul,montmul,montsqr,crc32c]
[    0.324786] percpu: Embedded 27 pages/cpu s179656 r8192 d33336 u262144
[    0.325057] pcpu-alloc: s179656 r8192 d33336 u262144 alloc=1*4194304
[    0.325068] pcpu-alloc: [0] 000 001 002 003 004 005 006 007 008 009 010 011 012 013 014 015 
[    0.325098] pcpu-alloc: [0] 016 017 018 019 020 021 022 023 024 025 026 027 028 029 030 031 
[    0.325128] pcpu-alloc: [0] 032 033 034 035 036 037 038 039 040 041 042 043 044 045 046 047 
[    0.325159] pcpu-alloc: [0] 048 049 050 051 052 053 054 055 056 057 058 059 060 061 062 063 
[    0.325188] pcpu-alloc: [0] 064 065 066 067 068 069 070 071 072 073 074 075 076 077 078 079 
[    0.325218] pcpu-alloc: [0] 080 081 082 083 084 085 086 087 088 089 090 091 092 093 094 095 
[    0.325250] pcpu-alloc: [0] 096 097 098 099 100 101 102 103 104 105 106 107 108 109 110 111 
[    0.325281] pcpu-alloc: [0] 112 113 114 115 116 117 118 119 120 121 122 123 124 125 126 127 
[    0.325312] pcpu-alloc: [0] 128 129 130 131 132 133 134 135 136 137 138 139 140 141 142 143 
[    0.325344] pcpu-alloc: [0] 144 145 146 147 148 149 150 151 152 153 154 155 156 157 158 159 
[    0.325377] pcpu-alloc: [0] 160 161 162 163 164 165 166 167 168 169 170 171 172 173 174 175 
[    0.325407] pcpu-alloc: [0] 176 177 178 179 180 181 182 183 184 185 186 187 188 189 190 191 
[    0.325440] pcpu-alloc: [0] 192 193 194 195 196 197 198 199 200 201 202 203 204 205 206 207 
[    0.325471] pcpu-alloc: [0] 208 209 210 211 212 213 214 215 216 217 218 219 220 221 222 223 
[    0.325501] pcpu-alloc: [0] 224 225 226 227 228 229 230 231 232 233 234 235 236 237 238 239 
[    0.325533] pcpu-alloc: [0] 240 241 242 243 244 245 246 247 248 249 250 251 252 253 254 255 
[    0.326023] SUN4V: Mondo queue sizes [cpu(131072) dev(16384) r(8192) nr(256)]
[    0.326377] Built 1 zonelists, mobility grouping on.  Total pages: 4415697
[    0.326493] Kernel command line: BOOT_IMAGE=/vmlinuz-5.1.0-12317-ga6a4b66bd8f4 root=/dev/vdiska2 ro zswap.enabled=1
[    0.328186] printk: log_buf_len individual max cpu contribution: 4096 bytes
[    0.328292] printk: log_buf_len total cpu_extra contributions: 1044480 bytes
[    0.328370] printk: log_buf_len min size: 131072 bytes
[    0.329819] printk: log_buf_len: 2097152 bytes
[    0.329898] printk: early log buf free: 125968(96%)
[    0.337052] Dentry cache hash table entries: 8388608 (order: 13, 67108864 bytes)
[    0.340712] Inode-cache hash table entries: 4194304 (order: 12, 33554432 bytes)
[    0.340820] Sorting __ex_table...
[    0.422932] Memory: 35103624K/35638808K available (6176K kernel code, 845K rwdata, 1840K rodata, 952K init, 6766K bss, 535184K reserved, 0K cma-reserved)
[    0.424671] ftrace: allocating 18732 entries in 37 pages
[    0.434181] kmemleak: Kernel memory leak detector disabled
[    0.440110] Running RCU self tests
[    0.440191] rcu: Hierarchical RCU implementation.
[    0.440244] rcu: 	RCU event tracing is enabled.
[    0.440299] rcu: 	RCU lockdep checking is enabled.
[    0.440352] 	Tasks RCU enabled.
[    0.440395] rcu: RCU calculated value of scheduler-enlistment delay is 11 jiffies.
[    0.447634] NR_IRQS: 2048, nr_irqs: 2048, preallocated irqs: 1
[    0.447767] SUN4V: Using IRQ API major 3, cookie only virqs enabled
[    0.455203] clocksource: stick: mask: 0xffffffffffffffff max_cycles: 0x1cd42e4dffb, max_idle_ns: 881590591483 ns
[    0.455346] clocksource: mult[800000] shift[23]
[    0.455397] clockevent: mult[80000000] shift[31]
[    0.459645] Console: colour dummy device 80x25
[    0.459739] printk: console [tty0] enabled
[    0.459825] printk: bootconsole [earlyprom0] disabled
[    0.459918] Lock dependency validator: Copyright (c) 2006 Red Hat, Inc., Ingo Molnar
[    0.459969] ... MAX_LOCKDEP_SUBCLASSES:  8
[    0.459999] ... MAX_LOCK_DEPTH:          48
[    0.460030] ... MAX_LOCKDEP_KEYS:        8191
[    0.460064] ... CLASSHASH_SIZE:          4096
[    0.460096] ... MAX_LOCKDEP_ENTRIES:     16384
[    0.460129] ... MAX_LOCKDEP_CHAINS:      32768
[    0.460163] ... CHAINHASH_SIZE:          16384
[    0.460194]  memory used by lock dependency info: 3853 kB
[    0.460232]  per task-struct memory footprint: 1920 bytes
[    0.460489] kmemleak: Early log buffer exceeded (4330), please increase DEBUG_KMEMLEAK_EARLY_LOG_SIZE
[    0.606133] Calibrating delay using timer specific routine.. 2018.16 BogoMIPS (lpj=10090825)
[    0.606202] pid_max: default: 262144 minimum: 2048
[    0.607556] LSM: Security Framework initializing
[    0.607880] SELinux:  Initializing.
[    0.608667] *** VALIDATE SELinux ***
[    0.609352] Mount-cache hash table entries: 131072 (order: 7, 1048576 bytes)
[    0.609528] Mountpoint-cache hash table entries: 131072 (order: 7, 1048576 bytes)
[    0.611434] *** VALIDATE proc ***
[    0.612325] *** VALIDATE cgroup1 ***
[    0.612374] *** VALIDATE cgroup2 ***
[    0.616357] rcu: Hierarchical SRCU implementation.
[    0.644652] smp: Bringing up secondary CPUs ...
[    0.722995] smp: Brought up 1 node, 24 CPUs
[    0.732159] devtmpfs: initialized
[    0.739469] Performance events: 
[    0.739524] Testing NMI watchdog ... 
[    0.939656] OK.
[    0.939833] Supported PMU type is 'niagara5'
[    0.940184] random: get_random_u32 called from bucket_table_alloc.isra.4+0x184/0x1c0 with crng_init=0
[    0.941211] ldc.c:v1.1 (July 22, 2008)
[    0.945037] clocksource: jiffies: mask: 0xffffffff max_cycles: 0xffffffff, max_idle_ns: 19112604462750000 ns
[    0.945159] futex hash table entries: 65536 (order: 10, 8388608 bytes)
[    0.955580] NET: Registered protocol family 16
[    0.968418] VIO: Adding device channel-devices (tx_ino = ffffffffffffffff, rx_ino = ffffffffffffffff)
[    0.968762] VIO: Adding device vnet-port-0-0 (tx_ino = 0, rx_ino = 1)
[    0.969063] VIO: Adding device vnet-port-0-1 (tx_ino = 2, rx_ino = 3)
[    0.969316] VIO: Adding device vnet-port-0-2 (tx_ino = 4, rx_ino = 5)
[    0.969578] VIO: Adding device vnet-port-0-3 (tx_ino = 6, rx_ino = 7)
[    0.969869] VIO: Adding device vnet-port-0-4 (tx_ino = 8, rx_ino = 9)
[    0.970130] VIO: Adding device vnet-port-0-5 (tx_ino = 16, rx_ino = 17)
[    0.970368] VIO: Adding device vdc-port-3-0 (tx_ino = a, rx_ino = b)
[    0.970635] VIO: Adding device vdc-port-2-0 (tx_ino = c, rx_ino = d)
[    0.970890] VIO: Adding device vdc-port-1-0 (tx_ino = e, rx_ino = f)
[    0.971144] VIO: Adding device vdc-port-0-0 (tx_ino = 10, rx_ino = 11)
[    0.971387] VIO: Adding device vlds-port-0-0 (tx_ino = 12, rx_ino = 13)
[    0.971660] VIO: Adding device domain-services-port-0 (tx_ino = 12, rx_ino = 13)
[    0.972186] audit: initializing netlink subsys (disabled)
[    0.972635] audit: type=2000 audit(0.510:1): state=initialized audit_enabled=0 res=1
[    1.036136] HugeTLB registered 64.0 KiB page size, pre-allocated 0 pages
[    1.036192] HugeTLB registered 8.00 MiB page size, pre-allocated 0 pages
[    1.036238] HugeTLB registered 256 MiB page size, pre-allocated 0 pages
[    1.036283] HugeTLB registered 2.00 GiB page size, pre-allocated 0 pages
[    1.092232] alg: No test for lzo-rle (lzo-rle-generic)
[    1.092992] alg: No test for lzo-rle (lzo-rle-scomp)
[    1.116548] SUN4V: Reboot data supported (maj=1,min=0).
[    1.117221] ds.c:v1.0 (Jul 11, 2007)
[    1.117729] ds-0: ds_conn_reset() from send_events.isra.3
[    1.119272] clocksource: Switched to clocksource stick
[    1.393980] VFS: Disk quotas dquot_6.6.0
[    1.394543] VFS: Dquot-cache hash table entries: 1024 (order 0, 8192 bytes)
[    1.395297] *** VALIDATE hugetlbfs ***
[    1.420933] NET: Registered protocol family 2
[    1.424283] tcp_listen_portaddr_hash hash table entries: 32768 (order: 8, 2359296 bytes)
[    1.427661] TCP established hash table entries: 524288 (order: 9, 4194304 bytes)
[    1.429959] TCP bind hash table entries: 65536 (order: 9, 4194304 bytes)
[    1.436186] TCP: Hash tables configured (established 524288 bind 65536)
[    1.445788] UDP hash table entries: 32768 (order: 9, 5242880 bytes)
[    1.453175] UDP-Lite hash table entries: 32768 (order: 9, 5242880 bytes)
[    1.470223] NET: Registered protocol family 1
[    1.471334] Trying to unpack rootfs image as initramfs...
[    1.871698] Freeing initrd memory: 10232K
[    1.925728] workingset: timestamp_bits=46 max_order=23 bucket_order=0
[    1.927380] zbud: loaded
[    1.936976] Block layer SCSI generic (bsg) driver version 0.4 loaded (major 252)
[    1.938951] io scheduler mq-deadline registered
[    1.941256] f029b788: ttyS0 at I/O 0x0 (irq = 1, base_baud = 115200) is a SUN4V HCONS
[    1.947901] printk: console [ttyHV0] enabled
[    1.952962] sunvdc.c:v1.2 (November 24, 2014)
[    1.961973] sunvdc: Virtual CDROM vdiskd
[    1.962062] sunvdc: vdiskd: 403160 sectors (196 MB) protocol 1.2
[    1.964282]  vdiskd: vdiskd1 vdiskd2 vdiskd3 vdiskd4 vdiskd5 vdiskd6 vdiskd7
[    2.045356] sunvdc: Virtual Hard disk vdiskc
[    2.045415] sunvdc: vdiskc: 104857600 sectors (51200 MB) protocol 1.2
[    2.120612] sunvdc: Virtual Hard disk vdiskb
[    2.120670] sunvdc: vdiskb: 62914560 sectors (30720 MB) protocol 1.2
[    2.132848]  vdiskb: vdiskb1
[    2.207149] sunvdc: Virtual Hard disk vdiska
[    2.207207] sunvdc: vdiska: 31457280 sectors (15360 MB) protocol 1.2
[    2.208541]  vdiska: vdiska1 vdiska2 vdiska3 vdiska4
[    2.276105] sunvnet: sunvnet 2.0 (February 3, 2017)
[    2.280794] vnet_port vnet-port-0-0 eth0: Sun LDOM vnet 00:14:4f:f8:12:a3
[    2.281510] sunvnet: eth0: PORT ( remote-mac 00:14:4f:fa:f3:f0 switch-port )
[    2.283156] sunvnet: eth0: PORT ( remote-mac 00:14:4f:f8:e5:f3 )
[    2.284823] sunvnet: eth0: PORT ( remote-mac 00:14:4f:f9:b4:97 )
[    2.286428] sunvnet: eth0: PORT ( remote-mac 00:14:4f:f9:8b:83 )
[    2.288031] sunvnet: eth0: PORT ( remote-mac 00:14:4f:f8:3f:1e )
[    2.289728] sunvnet: eth0: PORT ( remote-mac 00:14:4f:f8:fe:47 )
[    2.291279] mousedev: PS/2 mouse device common for all mice
[    2.292864] rtc-sun4v rtc-sun4v: registered as rtc0
[    2.293431] device-mapper: uevent: version 1.0.3
[    2.294945] device-mapper: ioctl: 4.40.0-ioctl (2019-01-18) initialised: dm-devel@redhat.com
[    2.296806] NET: Registered protocol family 17
[    2.298768] registered taskstats version 1
[    2.302610] zswap: loaded using pool lzo/zbud
[    2.368639] Key type big_key registered
[    2.369815] rtc-sun4v rtc-sun4v: setting system clock to 2019-05-17T16:17:40 UTC (1558109860)
[    2.374963] This architecture does not have kernel memory protection.
[    2.375035] Run /init as init process
[    3.711535] crc32c_sparc64: Using sparc64 crc32c opcode optimized CRC32C implementation
[    4.229283] raid6: int64x8  gen()  1405 MB/s
[    4.399237] raid6: int64x8  xor()  1299 MB/s
[    4.569253] raid6: int64x4  gen()  2326 MB/s
[    4.739226] raid6: int64x4  xor()  1684 MB/s
[    4.909223] raid6: int64x2  gen()  2008 MB/s
[    5.079256] raid6: int64x2  xor()  1661 MB/s
[    5.249270] raid6: int64x1  gen()  1888 MB/s
[    5.419263] raid6: int64x1  xor()  1367 MB/s
[    5.419324] raid6: using algorithm int64x4 gen() 2326 MB/s
[    5.419363] raid6: .... xor() 1684 MB/s, rmw enabled
[    5.419400] raid6: using intx1 recovery algorithm
[    5.420608] async_tx: api initialized (async)
[    5.421647] xor: automatically using best checksumming function   Niagara   
[    5.670159] random: fast init done
[    5.750398] EXT4-fs (vdiska2): mounted filesystem with ordered data mode. Opts: (null)
[    8.054945] systemd[1]: Inserted module 'autofs4'
[    8.068354] NET: Registered protocol family 10
[    8.085321] Segment Routing with IPv6
[    8.179835] systemd[1]: systemd 241 running in system mode. (+PAM +AUDIT +SELINUX +IMA +APPARMOR +SMACK +SYSVINIT +UTMP +LIBCRYPTSETUP +GCRYPT +GNUTLS +ACL +XZ +LZ4 -SECCOMP +BLKID +ELFUTILS +KMOD -IDN2 +IDN -PCRE2 default-hierarchy=hybrid)
[    8.180643] systemd[1]: Detected architecture sparc64.
[    8.232433] systemd[1]: Set hostname to <ttip>.
[    8.254844] systemd[1]: Failed to bump fs.file-max, ignoring: Invalid argument
[    9.248881] random: lvmconfig: uninitialized urandom read (4 bytes read)
[    9.788447] systemd[1]: File /lib/systemd/system/systemd-journald.service:12 configures an IP firewall (IPAddressDeny=any), but the local system does not support BPF/cgroup based firewalling.
[    9.788588] systemd[1]: Proceeding WITHOUT firewalling in effect! (This warning is only shown for the first loaded unit using IP firewalling.)
[    9.864013] systemd[1]: /lib/systemd/system/auditd.service:11: PIDFile= references path below legacy directory /var/run/, updating /var/run/auditd.pid → /run/auditd.pid; please update the unit file accordingly.
[   10.504744] systemd[1]: /lib/systemd/system/smbd.service:9: PIDFile= references path below legacy directory /var/run/, updating /var/run/samba/smbd.pid → /run/samba/smbd.pid; please update the unit file accordingly.
[   10.506603] systemd[1]: /lib/systemd/system/nmbd.service:9: PIDFile= references path below legacy directory /var/run/, updating /var/run/samba/nmbd.pid → /run/samba/nmbd.pid; please update the unit file accordingly.
[   10.754893] random: systemd: uninitialized urandom read (16 bytes read)
[   10.765528] random: systemd: uninitialized urandom read (16 bytes read)
[   10.767611] systemd[1]: Listening on Journal Socket.
[   10.769141] random: systemd: uninitialized urandom read (16 bytes read)
[   11.124039] EXT4-fs (vdiska2): re-mounted. Opts: errors=remount-ro
[   11.439432] systemd-journald[404]: Received request to flush runtime journal from PID 1
[   13.178380] sha1_sparc64: Using sparc64 sha1 opcode optimized SHA-1 implementation
[   13.246915] sha256_sparc64: Using sparc64 sha256 opcode optimized SHA-256/SHA-224 implementation
[   13.287220] sha512_sparc64: Using sparc64 sha512 opcode optimized SHA-512/SHA-384 implementation
[   13.289931] md5_sparc64: Using sparc64 md5 opcode optimized MD5 implementation
[   13.299080] n2rng v0.3 (Jan 7, 2017)
[   13.299467] n2rng f029b104: Registered RNG HVAPI major 2 minor 0
[   13.299579] n2rng f029b104: Found multi-unit-capable RNG, units: 2
[   13.301410] n2rng f029b104: RNG ready
[   13.330718] aes_sparc64: Using sparc64 aes opcodes optimized AES implementation
[   13.473584] des_sparc64: Using sparc64 des opcodes optimized DES implementation
[   13.564643] camellia_sparc64: Using sparc64 camellia opcodes optimized CAMELLIA implementation
[   15.527594] SGI XFS with ACLs, security attributes, debug enabled
[   15.568435] XFS (dm-0): Mounting V5 Filesystem
[   15.789302] XFS (dm-0): Ending clean mount
[   16.882060] Adding 787176k swap on /dev/vdiska4.  Priority:-2 extents:1 across:787176k FS
[   17.292844] EXT4-fs (vdiska1): mounting ext3 file system using the ext4 subsystem
[   17.317999] EXT4-fs (vdiska1): mounted filesystem with ordered data mode. Opts: (null)
[   18.945340] random: crng init done
[   18.945395] random: 6 urandom warning(s) missed due to ratelimiting
[   21.097093] tun: Universal TUN/TAP device driver, 1.6

[   21.994676] ======================================================
[   21.994684] WARNING: possible circular locking dependency detected
[   21.994694] 5.1.0-12317-ga6a4b66bd8f4 #973 Not tainted
[   21.994701] ------------------------------------------------------
[   21.994709] iptables-restor/761 is trying to acquire lock:
[   21.994718] 00000000b0d830b9 (&table[i].mutex){+.+.}, at: nfnl_lock+0x24/0x40 [nfnetlink]
[   21.994740] 
               but task is already holding lock:
[   21.994748] 00000000df63469e (&net->nft.commit_mutex){+.+.}, at: nf_tables_valid_genid+0x18/0x60 [nf_tables]
[   21.994772] 
               which lock already depends on the new lock.

[   21.994780] 
               the existing dependency chain (in reverse order) is:
[   21.994788] 
               -> #1 (&net->nft.commit_mutex){+.+.}:
[   21.994805]        __mutex_lock+0x48/0x920
[   21.994814]        mutex_lock_nested+0x1c/0x40
[   21.994824]        nf_tables_valid_genid+0x18/0x60 [nf_tables]
[   21.994833]        nfnetlink_rcv_batch+0x24c/0x620 [nfnetlink]
[   21.994841]        nfnetlink_rcv+0x110/0x140 [nfnetlink]
[   21.994854]        netlink_unicast+0x12c/0x1e0
[   21.994861]        netlink_sendmsg+0x324/0x360
[   21.994874]        sock_sendmsg+0x34/0x80
[   21.994881]        ___sys_sendmsg+0x228/0x240
[   21.994889]        __sys_sendmsg+0x4c/0x80
[   21.994896]        sys_sendmsg+0x18/0x40
[   21.994909]        linux_sparc_syscall+0x34/0x44
[   21.994916] 
               -> #0 (&table[i].mutex){+.+.}:
[   21.994931]        lock_acquire+0x1a4/0x1c0
[   21.994939]        __mutex_lock+0x48/0x920
[   21.994945]        mutex_lock_nested+0x1c/0x40
[   21.994953]        nfnl_lock+0x24/0x40 [nfnetlink]
[   21.994969]        ip_set_nfnl_get_byindex+0x19c/0x280 [ip_set]
[   21.994979]        set_match_v1_checkentry+0x14/0xc0 [xt_set]
[   21.994994]        xt_check_match+0x238/0x260 [x_tables]
[   21.995005]        __nft_match_init+0x160/0x180 [nft_compat]
[   21.995013]        nft_match_init+0x18/0x40 [nft_compat]
[   21.995026]        nf_tables_newrule+0x57c/0x7a0 [nf_tables]
[   21.995036]        nfnetlink_rcv_batch+0x3f8/0x620 [nfnetlink]
[   21.995044]        nfnetlink_rcv+0x110/0x140 [nfnetlink]
[   21.995054]        netlink_unicast+0x12c/0x1e0
[   21.995061]        netlink_sendmsg+0x324/0x360
[   21.995069]        sock_sendmsg+0x34/0x80
[   21.995075]        ___sys_sendmsg+0x228/0x240
[   21.995083]        __sys_sendmsg+0x4c/0x80
[   21.995090]        sys_sendmsg+0x18/0x40
[   21.995100]        linux_sparc_syscall+0x34/0x44
[   21.995106] 
               other info that might help us debug this:

[   21.995115]  Possible unsafe locking scenario:

[   21.995123]        CPU0                    CPU1
[   21.995129]        ----                    ----
[   21.995135]   lock(&net->nft.commit_mutex);
[   21.995144]                                lock(&table[i].mutex);
[   21.995152]                                lock(&net->nft.commit_mutex);
[   21.995161]   lock(&table[i].mutex);
[   21.995168] 
                *** DEADLOCK ***

[   21.995177] 1 lock held by iptables-restor/761:
[   21.995183]  #0: 00000000df63469e (&net->nft.commit_mutex){+.+.}, at: nf_tables_valid_genid+0x18/0x60 [nf_tables]
[   21.995208] 
               stack backtrace:
[   21.995219] CPU: 14 PID: 761 Comm: iptables-restor Not tainted 5.1.0-12317-ga6a4b66bd8f4 #973
[   21.995228] Call Trace:
[   21.995235]  [00000000004cfca0] print_circular_bug+0x2e0/0x320
[   21.995243]  [00000000004d4a98] __lock_acquire+0x1d38/0x2900
[   21.995251]  [00000000004d5f44] lock_acquire+0x1a4/0x1c0
[   21.995261]  [0000000000a047c8] __mutex_lock+0x48/0x920
[   21.995268]  [0000000000a050bc] mutex_lock_nested+0x1c/0x40
[   21.995279]  [0000000010754024] nfnl_lock+0x24/0x40 [nfnetlink]
[   21.995290]  [00000000107608dc] ip_set_nfnl_get_byindex+0x19c/0x280 [ip_set]
[   21.995300]  [00000000108045d4] set_match_v1_checkentry+0x14/0xc0 [xt_set]
[   21.995310]  [0000000010340ed8] xt_check_match+0x238/0x260 [x_tables]
[   21.995321]  [00000000107f2c00] __nft_match_init+0x160/0x180 [nft_compat]
[   21.995332]  [00000000107f2cb8] nft_match_init+0x18/0x40 [nft_compat]
[   21.995346]  [0000000010791bdc] nf_tables_newrule+0x57c/0x7a0 [nf_tables]
[   21.995356]  [0000000010755238] nfnetlink_rcv_batch+0x3f8/0x620 [nfnetlink]
[   21.995366]  [0000000010755570] nfnetlink_rcv+0x110/0x140 [nfnetlink]
[   21.995377]  [000000000093cdac] netlink_unicast+0x12c/0x1e0
[   21.995385]  [000000000093da04] netlink_sendmsg+0x324/0x360
