[    0.000018] PROMLIB: Sun IEEE Boot Prom 'OBP 4.38.12 2018/03/28 14:54'
[    0.000030] PROMLIB: Root node compatible: sun4v
[    0.000080] Linux version 5.5.0-07763-gccaaaf6fe5a5-dirty (mator@ttip) (gcc version 9.2.1 20200123 (Debian 9.2.1-25)) #4 SMP Fri Jan 31 17:23:26 MSK 2020
[    0.000406] printk: bootconsole [earlyprom0] enabled
[    0.000457] ARCH: SUN4V
[    0.000507] Ethernet address: 00:14:4f:fa:06:f2
[    0.000558] MM: PAGE_OFFSET is 0xfff8000000000000 (max_phys_bits == 47)
[    0.000623] MM: VMALLOC [0x0000000100000000 --> 0x0006000000000000]
[    0.000685] MM: VMEMMAP [0x0006000000000000 --> 0x000c000000000000]
[    0.012644] Kernel: Using 5 locked TLB entries for main kernel image.
[    0.012714] Remapping the kernel... 
[    0.012740] done.
[    0.046294] OF stdout device is: /virtual-devices@100/console@1
[    0.046359] PROM: Built device tree with 88003 bytes of memory.
[    0.046419] MDESC: Size is 36960 bytes.
[    0.046536] PLATFORM: banner-name [SPARC T5-2]
[    0.046588] PLATFORM: name [ORCL,SPARC-T5-2]
[    0.046634] PLATFORM: hostid [84fa06f2]
[    0.046678] PLATFORM: serial# [0035260e]
[    0.046720] PLATFORM: stick-frequency [3b9aca00]
[    0.046769] PLATFORM: mac-address [144ffa06f2]
[    0.046817] PLATFORM: watchdog-resolution [1000 ms]
[    0.046867] PLATFORM: watchdog-max-timeout [31536000000 ms]
[    0.046924] PLATFORM: max-cpus [1024]
[    0.047013] Top of RAM: 0x24af938000, Total RAM: 0x87f354000
[    0.047074] Memory hole size: 115461MB
[    0.051727] Allocated 40960 bytes for kernel page tables.
[    0.051814] Zone ranges:
[    0.051854]   Normal   [mem 0x0000000030400000-0x00000024af937fff]
[    0.051916] Movable zone start for each node
[    0.051962] Early memory node ranges
[    0.052004]   node   0: [mem 0x0000000030400000-0x000000006fe7ffff]
[    0.052065]   node   0: [mem 0x000000006ff00000-0x000000006ff25fff]
[    0.052126]   node   0: [mem 0x0000000070000000-0x000000042fffffff]
[    0.052189]   node   0: [mem 0x0000002030000000-0x00000024af87ffff]
[    0.052250]   node   0: [mem 0x00000024af900000-0x00000024af925fff]
[    0.052310]   node   0: [mem 0x00000024af930000-0x00000024af937fff]
[    0.059709] Zeroed struct page in unavailable ranges: 230130 pages
[    0.059718] Initmem setup node 0 [mem 0x0000000030400000-0x00000024af937fff]
[    0.059878] On node 0 totalpages: 4454826
[    0.059888]   Normal zone: 39154 pages used for memmap
[    0.059893]   Normal zone: 0 pages reserved
[    0.059898]   Normal zone: 4454826 pages, LIFO batch:31
[    0.070702] Booting Linux...
[    0.070784] CPU CAPS: [flush,stbar,swap,muldiv,v9,blkinit,n2,mul32]
[    0.070866] CPU CAPS: [div32,v8plus,popc,vis,vis2,ASIBlkInit,fmaf,vis3]
[    0.071946] CPU CAPS: [hpc,ima,pause,cbcond,aes,des,kasumi,camellia]
[    0.072019] CPU CAPS: [md5,sha1,sha256,sha512,mpmul,montmul,montsqr,crc32c]
[    0.101951] percpu: Embedded 27 pages/cpu s182344 r8192 d30648 u262144
[    0.102200] pcpu-alloc: s182344 r8192 d30648 u262144 alloc=1*4194304
[    0.102207] pcpu-alloc: [0] 000 001 002 003 004 005 006 007 008 009 010 011 012 013 014 015 
[    0.102234] pcpu-alloc: [0] 016 017 018 019 020 021 022 023 024 025 026 027 028 029 030 031 
[    0.102262] pcpu-alloc: [0] 032 033 034 035 036 037 038 039 040 041 042 043 044 045 046 047 
[    0.102289] pcpu-alloc: [0] 048 049 050 051 052 053 054 055 056 057 058 059 060 061 062 063 
[    0.102316] pcpu-alloc: [0] 064 065 066 067 068 069 070 071 072 073 074 075 076 077 078 079 
[    0.102343] pcpu-alloc: [0] 080 081 082 083 084 085 086 087 088 089 090 091 092 093 094 095 
[    0.102370] pcpu-alloc: [0] 096 097 098 099 100 101 102 103 104 105 106 107 108 109 110 111 
[    0.102397] pcpu-alloc: [0] 112 113 114 115 116 117 118 119 120 121 122 123 124 125 126 127 
[    0.102921] SUN4V: Mondo queue sizes [cpu(131072) dev(16384) r(8192) nr(256)]
[    0.103287] Built 1 zonelists, mobility grouping on.  Total pages: 4415672
[    0.103375] Kernel command line: BOOT_IMAGE=/vmlinux-5.5.0-07763-gccaaaf6fe5a5-dirty root=/dev/vdiska2 ro zswap.enabled=1
[    0.105838] printk: log_buf_len individual max cpu contribution: 4096 bytes
[    0.105909] printk: log_buf_len total cpu_extra contributions: 520192 bytes
[    0.105977] printk: log_buf_len min size: 131072 bytes
[    0.106250] printk: log_buf_len: 1048576 bytes
[    0.106302] printk: early log buf free: 126640(96%)
[    0.112620] Dentry cache hash table entries: 8388608 (order: 13, 67108864 bytes, linear)
[    0.115857] Inode-cache hash table entries: 4194304 (order: 12, 33554432 bytes, linear)
[    0.115932] Sorting __ex_table...
[    0.116167] mem auto-init: stack:off, heap alloc:off, heap free:off
[    0.173858] Memory: 1305232K/35638608K available (7668K kernel code, 1035K rwdata, 2296K rodata, 632K init, 6743K bss, 508880K reserved, 0K cma-reserved)
[    0.174516] SLUB: HWalign=32, Order=0-3, MinObjects=0, CPUs=128, Nodes=1
[    0.174816] ftrace: allocating 21486 entries in 42 pages
[    0.183012] ftrace: allocated 42 pages with 3 groups
[    0.185816] Running RCU self tests
[    0.185885] rcu: Hierarchical RCU implementation.
[    0.185936] rcu: 	RCU event tracing is enabled.
[    0.185983] rcu: 	RCU lockdep checking is enabled.
[    0.186035] 	Tasks RCU enabled.
[    0.186072] rcu: RCU calculated value of scheduler-enlistment delay is 10 jiffies.
[    0.190414] NR_IRQS: 2048, nr_irqs: 2048, preallocated irqs: 1
[    0.190490] SUN4V: Using IRQ API major 3, cookie only virqs enabled
[    0.192932] clocksource: stick: mask: 0xffffffffffffffff max_cycles: 0x1cd42e4dffb, max_idle_ns: 881590591483 ns
[    0.193064] clocksource: mult[800000] shift[23]
[    0.193113] clockevent: mult[80000000] shift[31]
[    0.193639] Console: colour dummy device 80x25
[    0.193702] printk: console [tty0] enabled
[    0.193776] printk: bootconsole [earlyprom0] disabled
[    0.193861] Lock dependency validator: Copyright (c) 2006 Red Hat, Inc., Ingo Molnar
[    0.193909] ... MAX_LOCKDEP_SUBCLASSES:  8
[    0.193939] ... MAX_LOCK_DEPTH:          48
[    0.193969] ... MAX_LOCKDEP_KEYS:        8192
[    0.194000] ... CLASSHASH_SIZE:          4096
[    0.194030] ... MAX_LOCKDEP_ENTRIES:     16384
[    0.194062] ... MAX_LOCKDEP_CHAINS:      32768
[    0.194093] ... CHAINHASH_SIZE:          16384
[    0.194124]  memory used by lock dependency info: 3855 kB
[    0.194160]  memory used for stack traces: 2112 kB
[    0.194193]  per task-struct memory footprint: 1920 bytes
[    0.343335] Calibrating delay using timer specific routine.. 2003.85 BogoMIPS (lpj=10019277)
[    0.343391] pid_max: default: 131072 minimum: 1024
[    0.343646] LSM: Security Framework initializing
[    0.343784] AppArmor: AppArmor initialized
[    0.344054] Mount-cache hash table entries: 131072 (order: 7, 1048576 bytes, linear)
[    0.344220] Mountpoint-cache hash table entries: 131072 (order: 7, 1048576 bytes, linear)
[    0.344350] *** VALIDATE tmpfs ***
[    0.345201] *** VALIDATE proc ***
[    0.345699] *** VALIDATE cgroup1 ***
[    0.345731] *** VALIDATE cgroup2 ***
[    0.347805] rcu: Hierarchical SRCU implementation.
[    0.355736] smp: Bringing up secondary CPUs ...
[    0.399196] smp: Brought up 1 node, 32 CPUs
[    0.590929] node 0 initialised, 4228062 pages in 190ms
[    0.592243] devtmpfs: initialized
[    0.596867] Performance events: 
[    0.596912] Testing NMI watchdog ... 
[    0.796990] OK.
[    0.797117] Supported PMU type is 'niagara5'
[    0.797312] random: get_random_u32 called from bucket_table_alloc.isra.0+0x188/0x1c0 with crng_init=0
[    0.798014] ldc.c:v1.1 (July 22, 2008)
[    0.800386] clocksource: jiffies: mask: 0xffffffff max_cycles: 0xffffffff, max_idle_ns: 19112604462750000 ns
[    0.800475] futex hash table entries: 32768 (order: 9, 4194304 bytes, linear)
[    0.805611] NET: Registered protocol family 16
[    0.814020] VIO: Adding device channel-devices (tx_ino = ffffffffffffffff, rx_ino = ffffffffffffffff)
[    0.814229] VIO: Adding device vnet-port-0-0 (tx_ino = 0, rx_ino = 1)
[    0.814428] VIO: Adding device vnet-port-0-1 (tx_ino = 2, rx_ino = 3)
[    0.814595] VIO: Adding device vnet-port-0-2 (tx_ino = 4, rx_ino = 5)
[    0.814766] VIO: Adding device vnet-port-0-4 (tx_ino = 8, rx_ino = 9)
[    0.814931] VIO: Adding device vnet-port-0-5 (tx_ino = a, rx_ino = b)
[    0.815095] VIO: Adding device vnet-port-0-6 (tx_ino = c, rx_ino = d)
[    0.815259] VIO: Adding device vdc-port-3-0 (tx_ino = e, rx_ino = f)
[    0.815428] VIO: Adding device vdc-port-2-0 (tx_ino = 10, rx_ino = 11)
[    0.815593] VIO: Adding device vdc-port-1-0 (tx_ino = 12, rx_ino = 13)
[    0.815757] VIO: Adding device vdc-port-0-0 (tx_ino = 14, rx_ino = 15)
[    0.815926] VIO: Adding device vdc-port-4-0 (tx_ino = 16, rx_ino = 17)
[    0.816092] VIO: Adding device vlds-port-0-0 (tx_ino = 18, rx_ino = 19)
[    0.816259] VIO: Adding device domain-services-port-0 (tx_ino = 18, rx_ino = 19)
[    0.816532] audit: initializing netlink subsys (disabled)
[    0.816796] audit: type=2000 audit(0.420:1): state=initialized audit_enabled=0 res=1
[    0.841562] HugeTLB registered 64.0 KiB page size, pre-allocated 0 pages
[    0.841611] HugeTLB registered 8.00 MiB page size, pre-allocated 0 pages
[    0.841656] HugeTLB registered 256 MiB page size, pre-allocated 0 pages
[    0.841700] HugeTLB registered 2.00 GiB page size, pre-allocated 0 pages
[    0.843282] alg: extra crypto tests enabled.  This is intended for developer use only.
[    0.868984] cryptd: max_cpu_qlen set to 1000
[    0.975695] NetLabel: Initializing
[    0.975733] NetLabel:  domain hash size = 128
[    0.975766] NetLabel:  protocols = UNLABELED CIPSOv4 CALIPSO
[    0.975889] NetLabel:  unlabeled traffic allowed by default
[    0.976833] SUN4V: Reboot data supported (maj=1,min=0).
[    0.977200] ds.c:v1.0 (Jul 11, 2007)
[    0.977590] ds-0: ds_conn_reset() from send_events.isra.0
[    0.979050] clocksource: Switched to clocksource stick
[    1.176650] *** VALIDATE bpf ***
[    1.177858] VFS: Disk quotas dquot_6.6.0
[    1.177981] VFS: Dquot-cache hash table entries: 1024 (order 0, 8192 bytes)
[    1.178187] *** VALIDATE ramfs ***
[    1.178239] *** VALIDATE hugetlbfs ***
[    1.179832] AppArmor: AppArmor Filesystem Enabled
[    1.192644] NET: Registered protocol family 2
[    1.194326] tcp_listen_portaddr_hash hash table entries: 32768 (order: 8, 2359296 bytes, linear)
[    1.197219] TCP established hash table entries: 524288 (order: 9, 4194304 bytes, linear)
[    1.199248] TCP bind hash table entries: 65536 (order: 9, 4194304 bytes, linear)
[    1.205319] TCP: Hash tables configured (established 524288 bind 65536)
[    1.207718] UDP hash table entries: 32768 (order: 9, 5242880 bytes, linear)
[    1.213953] UDP-Lite hash table entries: 32768 (order: 9, 5242880 bytes, linear)
[    1.221860] NET: Registered protocol family 1
[    1.221925] NET: Registered protocol family 44
[    1.222574] Trying to unpack rootfs image as initramfs...
[    1.415736] Freeing initrd memory: 14752K
[    1.416559] aes_sparc64: Using sparc64 aes opcodes optimized AES implementation
[    1.713004] des_sparc64: Using sparc64 des opcodes optimized DES implementation
[    2.232662] camellia_sparc64: Using sparc64 camellia opcodes optimized CAMELLIA implementation
[    2.434116] workingset: timestamp_bits=46 max_order=23 bucket_order=0
[    2.454558] SGI XFS with ACLs, security attributes, quota, fatal assert, debug enabled
[    2.460474] *** VALIDATE xfs ***
[    2.474502] Block layer SCSI generic (bsg) driver version 0.4 loaded (major 252)
[    2.475262] io scheduler mq-deadline registered
[    2.477925] f029b788: ttyHV0 at I/O 0x0 (irq = 1, base_baud = 115200) is a SUN4V HCONS
[    2.478887] printk: console [ttyHV0] enabled
[    2.482446] sunvdc.c:v1.2 (November 24, 2014)
[    2.484144] sunvdc: Virtual CDROM vdiskd
[    2.484186] sunvdc: vdiskd: 403160 sectors (196 MB) protocol 1.2
[    2.485873]  vdiskd: vdiskd1 vdiskd2 vdiskd3 vdiskd4 vdiskd5 vdiskd6 vdiskd7
[    2.505841] sunvdc: Virtual Hard disk vdiskc
[    2.505883] sunvdc: vdiskc: 104857600 sectors (51200 MB) protocol 1.2
[    2.524906] sunvdc: Virtual Hard disk vdiskb
[    2.524950] sunvdc: vdiskb: 62914560 sectors (30720 MB) protocol 1.2
[    2.526224]  vdiskb: vdiskb1
[    2.544240] sunvdc: Virtual Hard disk vdiska
[    2.544279] sunvdc: vdiska: 31457280 sectors (15360 MB) protocol 1.2
[    2.545577]  vdiska: vdiska1 vdiska2 vdiska3 vdiska4
[    2.564527] sunvdc: Virtual Hard disk vdiske
[    2.564569] sunvdc: vdiske: 20971520 sectors (10240 MB) protocol 1.2
[    2.565924]  vdiske: vdiske1 vdiske2
[    2.583007] sunvnet: sunvnet 2.0 (February 3, 2017)
[    2.585127] vnet_port vnet-port-0-0 eth0: Sun LDOM vnet 00:14:4f:f8:12:a3
[    2.585347] sunvnet: eth0: PORT ( remote-mac 00:14:4f:fa:f3:f0 switch-port )
[    2.585696] sunvnet: eth0: PORT ( remote-mac 00:14:4f:f8:e5:f3 )
[    2.586031] sunvnet: eth0: PORT ( remote-mac 00:14:4f:f9:b4:97 )
[    2.586365] sunvnet: eth0: PORT ( remote-mac 00:14:4f:f8:3f:1e )
[    2.586712] sunvnet: eth0: PORT ( remote-mac 00:14:4f:f8:fe:47 )
[    2.587180] sunvnet: eth0: PORT ( remote-mac 00:14:4f:f9:8b:83 )
[    2.588351] rtc-sun4v rtc-sun4v: registered as rtc0
[    2.588870] sun4v_wdt: initialized (timeout=60s, nowayout=0)
[    2.589332] device-mapper: uevent: version 1.0.3
[    2.590294] device-mapper: ioctl: 4.41.0-ioctl (2019-09-16) initialised: dm-devel@redhat.com
[    2.591274] NET: Registered protocol family 17
[    2.591837] registered taskstats version 1
[    2.599346] zswap: default zpool zbud not available
[    2.599402] zswap: pool creation failed
[    2.941779] Key type big_key registered
[    2.941849] AppArmor: AppArmor sha1 policy hashing enabled
[    2.942626] rtc-sun4v rtc-sun4v: setting system clock to 2020-01-31T14:25:18 UTC (1580480718)
[    2.947102] This architecture does not have kernel memory protection.
[    2.947149] Run /init as init process
[    3.447287] random: fast init done
[    3.448655] crc32c_sparc64: Using sparc64 crc32c opcode optimized CRC32C implementation
[    3.490937] md127: WARNING: vdiske2 appears to be on the same physical disk as vdiske1.
[    3.491020] True protection against single-disk failure might be compromised.
[    3.491716] md/raid1:md127: active with 2 out of 2 mirrors
[    3.491997] md127: detected capacity change from 0 to 26148864
[    4.009009] raid6: int64x8  gen()  2165 MB/s
[    4.178999] raid6: int64x8  xor()  1508 MB/s
[    4.348998] raid6: int64x4  gen()  3423 MB/s
[    4.518997] raid6: int64x4  xor()  1483 MB/s
[    4.688999] raid6: int64x2  gen()  2785 MB/s
[    4.859014] raid6: int64x2  xor()  1174 MB/s
[    5.029025] raid6: int64x1  gen()  1377 MB/s
[    5.199003] raid6: int64x1  xor()   669 MB/s
[    5.199053] raid6: using algorithm int64x4 gen() 3423 MB/s
[    5.199093] raid6: .... xor() 1483 MB/s, rmw enabled
[    5.199130] raid6: using intx1 recovery algorithm
[    5.200051] async_tx: api initialized (async)
[    5.200619] xor: automatically using best checksumming function   Niagara   
[    5.371622] EXT4-fs (vdiska2): mounted filesystem with ordered data mode. Opts: (null)
[    5.586216] systemd[1]: Inserted module 'autofs4'
[    5.598220] NET: Registered protocol family 10
[    5.604359] Segment Routing with IPv6
[    5.623356] systemd[1]: systemd 244.1-1 running in system mode. (+PAM +AUDIT +SELINUX +IMA +APPARMOR +SMACK +SYSVINIT +UTMP +LIBCRYPTSETUP +GCRYPT +GNUTLS +ACL +XZ +LZ4 -SECCOMP +BLKID +ELFUTILS +KMOD +IDN2 -IDN +PCRE2 default-hierarchy=hybrid)
[    5.623981] systemd[1]: Detected architecture sparc64.
[    5.725166] systemd[1]: Set hostname to <ttip>.
[    5.735460] systemd[1]: Couldn't move remaining userspace processes, ignoring: Input/output error
[    5.807494] random: lvmconfig: uninitialized urandom read (4 bytes read)
[    6.041197] systemd[1]: /lib/systemd/system/dbus.socket:5: ListenStream= references a path below legacy directory /var/run/, updating /var/run/dbus/system_bus_socket → /run/dbus/system_bus_socket; please update the unit file accordingly.
[    6.103538] systemd[1]: systemd-tmpfiles-setup.service: Found ordering cycle on systemd-journal-flush.service/start
[    6.103634] systemd[1]: systemd-tmpfiles-setup.service: Found dependency on systemd-journald.service/start
[    6.103708] systemd[1]: systemd-tmpfiles-setup.service: Found dependency on haveged.service/start
[    6.103777] systemd[1]: systemd-tmpfiles-setup.service: Found dependency on systemd-tmpfiles-setup.service/start
[    6.103854] systemd[1]: systemd-tmpfiles-setup.service: Job systemd-journal-flush.service/start deleted to break ordering cycle starting with systemd-tmpfiles-setup.service/start
[    6.104855] systemd[1]: systemd-tmpfiles-setup.service: Found ordering cycle on systemd-journald.service/start
[    6.104933] systemd[1]: systemd-tmpfiles-setup.service: Found dependency on haveged.service/start
[    6.105001] systemd[1]: systemd-tmpfiles-setup.service: Found dependency on systemd-tmpfiles-setup.service/start
[    6.105076] systemd[1]: systemd-tmpfiles-setup.service: Job systemd-journald.service/start deleted to break ordering cycle starting with systemd-tmpfiles-setup.service/start
[    6.107153] random: systemd: uninitialized urandom read (16 bytes read)
[    6.117879] systemd[1]: Created slice system-getty.slice.
[    6.118307] random: systemd: uninitialized urandom read (16 bytes read)
[    6.121808] systemd[1]: Created slice system-openvpn\x2dclient.slice.
[    6.125619] systemd[1]: Created slice system-postfix.slice.
[    6.131616] systemd[1]: Created slice system-systemd\x2dfsck.slice.
[    6.135355] systemd[1]: Created slice User and Session Slice.
[    6.136244] systemd[1]: Started Dispatch Password Requests to Console Directory Watch.
[    6.137043] systemd[1]: Started Forward Password Requests to Wall Directory Watch.
[    6.139175] systemd[1]: Set up automount Arbitrary Executable File Formats File System Automount Point.
[    6.139737] systemd[1]: Reached target Local Encrypted Volumes.
[    6.140206] systemd[1]: Reached target Paths.
[    6.140646] systemd[1]: Reached target Remote File Systems.
[    6.141077] systemd[1]: Reached target Slices.
[    6.141966] systemd[1]: Listening on Device-mapper event daemon FIFOs.
[    6.143018] systemd[1]: Listening on LVM2 poll daemon socket.
[    6.145105] systemd[1]: Listening on Syslog Socket.
[    6.146070] systemd[1]: Listening on fsck to fsckd communication Socket.
[    6.146825] systemd[1]: Listening on initctl Compatibility Named Pipe.
[    6.148035] systemd[1]: Listening on Journal Audit Socket.
[    6.149385] systemd[1]: Listening on Journal Socket (/dev/log).
[    6.150523] systemd[1]: Listening on Journal Socket.
[    6.151583] systemd[1]: Listening on udev Control Socket.
[    6.152393] systemd[1]: Listening on udev Kernel Socket.
[    6.161089] systemd[1]: Mounting Huge Pages File System...
[    6.170622] systemd[1]: Mounting POSIX Message Queue File System...
[    6.179066] systemd[1]: Mounting Kernel Debug File System...
[    6.187358] systemd[1]: Starting Availability of block devices...
[    6.199692] systemd[1]: Starting Wait for network to be configured by ifupdown...
[    6.208087] systemd[1]: Starting Create list of static device nodes for the current kernel...
[    6.216712] systemd[1]: Starting Monitoring of LVM2 mirrors, snapshots etc. using dmeventd or progress polling...
[    6.225162] systemd[1]: Starting nftables...
[    6.226824] systemd[1]: Condition check resulted in Set Up Additional Binary Formats being skipped.
[    6.227045] systemd[1]: Condition check resulted in File System Check on Root Device being skipped.
[    6.236191] systemd[1]: Starting Load Kernel Modules...
[    6.244746] systemd[1]: Starting Remount Root and Kernel File Systems...
[    6.253863] systemd[1]: Starting udev Coldplug all Devices...
[    6.260973] systemd[1]: Mounted Huge Pages File System.
[    6.262502] systemd[1]: Mounted POSIX Message Queue File System.
[    6.263907] systemd[1]: Mounted Kernel Debug File System.
[    6.271486] systemd[1]: Started Availability of block devices.
[    6.277916] systemd[1]: Started Wait for network to be configured by ifupdown.
[    6.284111] systemd[1]: Started Create list of static device nodes for the current kernel.
[    6.291507] systemd[1]: Started Load Kernel Modules.
[    6.293121] systemd[1]: systemd-journald.service: Found ordering cycle on haveged.service/start
[    6.293192] systemd[1]: systemd-journald.service: Found dependency on systemd-tmpfiles-setup.service/start
[    6.293265] systemd[1]: systemd-journald.service: Found dependency on systemd-journald.service/start
[    6.293334] systemd[1]: systemd-journald.service: Unable to break cycle starting with systemd-journald.service/start
[    6.293421] systemd[1]: Requested transaction contains an unfixable cyclic ordering dependency: Transaction order is cyclic. See system logs for details.
[    6.293522] systemd[1]: systemd-journald.socket: Failed to queue service startup job (Maybe the service file is missing or not a non-template unit?): Transaction order is cyclic. See system logs for details.
[    6.293992] systemd[1]: systemd-journald.socket: Failed with result 'resources'.
[    6.295853] systemd[1]: Condition check resulted in FUSE Control File System being skipped.
[    6.296220] systemd[1]: Condition check resulted in Kernel Configuration File System being skipped.
[    6.303084] EXT4-fs (vdiska2): re-mounted. Opts: errors=remount-ro
[    6.306723] systemd[1]: Starting Apply Kernel Variables...
[    6.311392] systemd[568]: systemd-sysctl.service: Failed to connect stdout to the journal socket, ignoring: Connection refused
[    6.347930] systemd[571]: systemd-udev-trigger.service: Failed to connect stdout to the journal socket, ignoring: Connection refused
[    6.349212] systemd[1]: Started Remount Root and Kernel File Systems.
[    6.355080] systemd[1]: Started Apply Kernel Variables.
[    6.367267] systemd[1]: Starting Initial Check File System Quotas...
[    6.368760] systemd[1]: Condition check resulted in Rebuild Hardware Database being skipped.
[    6.373287] systemd[573]: quota.service: Failed to connect stdout to the journal socket, ignoring: Connection refused
[    6.377191] systemd[1]: Starting Load/Save Random Seed...
[    6.382551] systemd[574]: systemd-random-seed.service: Failed to connect stdout to the journal socket, ignoring: Connection refused
[    6.385736] systemd[1]: Starting Create System Users...
[    6.390782] systemd[576]: systemd-sysusers.service: Failed to connect stdout to the journal socket, ignoring: Connection refused
[    6.417260] systemd-random-seed[574]: Kernel entropy pool is not initialized yet, waiting until it is.
[    6.443244] systemd[1]: Started Create System Users.
[    6.452729] systemd[1]: Starting Create Static Device Nodes in /dev...
[    6.457677] systemd[584]: systemd-tmpfiles-setup-dev.service: Failed to connect stdout to the journal socket, ignoring: Connection refused
[    6.458761] systemd[1]: Started Initial Check File System Quotas.
[    6.492888] systemd-tmpfiles[584]: /usr/lib/tmpfiles.d/vsftpd.conf:1: Line references path below legacy directory /var/run/, updating /var/run/vsftpd/empty → /run/vsftpd/empty; please update the tmpfiles.d/ drop-in file accordingly.
[    6.504831] systemd[1]: Started Create Static Device Nodes in /dev.
[    6.514723] systemd[1]: Starting udev Kernel Device Manager...
[    6.519354] systemd[586]: systemd-udevd.service: Failed to connect stdout to the journal socket, ignoring: Connection refused
[    6.548706] systemd[1]: Started Monitoring of LVM2 mirrors, snapshots etc. using dmeventd or progress polling.
[    6.549838] systemd[1]: Reached target Local File Systems (Pre).
[    6.582610] systemd[1]: Started udev Kernel Device Manager.
[    6.753727] systemd-udevd[602]: Using default interface naming scheme 'v243'.
[    6.758458] systemd-udevd[602]: ethtool: autonegotiation is unset or enabled, the speed and duplex are not writable.
[    6.782760] n2rng v0.3 (Jan 7, 2017)
[    6.782845] n2rng f029b104: Registered RNG HVAPI major 2 minor 0
[    6.782915] n2rng f029b104: Found multi-unit-capable RNG, units: 2
[    6.783678] n2rng f029b104: RNG ready
[    6.786503] sha1_sparc64: Using sparc64 sha1 opcode optimized SHA-1 implementation
[    6.827086] systemd[1]: Found device /dev/disk/by-label/swapvol1.
[    6.830453] pktcdvd: setup of pktcdvd device failed
[    6.831713] systemd-udevd[600]: vdiskd: Process '/usr/sbin/pktsetup 254:24' failed with exit code 1.
[    6.841682] systemd[1]: Started udev Coldplug all Devices.
[    6.846259] systemd[1]: Found device /dev/vdiska1.
[    6.874143] systemd[1]: Created slice system-lvm2\x2dpvscan.slice.
[    6.885778] pktcdvd: setup of pktcdvd device failed
[    6.887344] systemd[1]: Activating swap /dev/disk/by-label/swapvol1...
[    6.887551] systemd-udevd[654]: vdiskd7: Process '/usr/sbin/pktsetup 254:31' failed with exit code 1.
[    6.889567] pktcdvd: setup of pktcdvd device failed
[    6.890507] systemd-udevd[653]: vdiskd6: Process '/usr/sbin/pktsetup 254:30' failed with exit code 1.
[    6.892749] pktcdvd: setup of pktcdvd device failed
[    6.893563] systemd-udevd[602]: vdiskd4: Process '/usr/sbin/pktsetup 254:28' failed with exit code 1.
[    6.895830] systemd[672]: dev-disk-by\x2dlabel-swapvol1.swap: Failed to connect stdout to the journal socket, ignoring: Connection refused
[    6.896239] pktcdvd: setup of pktcdvd device failed
[    6.897086] systemd-udevd[646]: vdiskd2: Process '/usr/sbin/pktsetup 254:26' failed with exit code 1.
[    6.899835] pktcdvd: setup of pktcdvd device failed
[    6.900593] systemd-udevd[600]: vdiskd1: Process '/usr/sbin/pktsetup 254:25' failed with exit code 1.
[    6.901138] systemd[1]: Starting Helper to synchronize boot up for ifupdown...
[    6.904039] pktcdvd: setup of pktcdvd device failed
[    6.905026] systemd-udevd[650]: vdiskd5: Process '/usr/sbin/pktsetup 254:29' failed with exit code 1.
[    6.907932] systemd[673]: ifupdown-pre.service: Failed to connect stdout to the journal socket, ignoring: Connection refused
[    6.908375] pktcdvd: setup of pktcdvd device failed
[    6.909545] systemd-udevd[648]: vdiskd3: Process '/usr/sbin/pktsetup 254:27' failed with exit code 1.
[    6.912131] systemd[1]: Starting LVM event activation on device 254:16...
[    6.918507] systemd[674]: lvm2-pvscan@254:16.service: Failed to connect stdout to the journal socket, ignoring: Connection refused
[    6.922243] systemd[1]: Starting File System Check on /dev/vdiska1...
[    6.926546] systemd-udevd[600]: ethtool: autonegotiation is unset or enabled, the speed and duplex are not writable.
[    6.927150] systemd[677]: systemd-fsck@dev-vdiska1.service: Failed to connect stdout to the journal socket, ignoring: Connection refused
[    6.970803] systemd[1]: Started File System Check Daemon to report status.
[    6.976413] systemd[683]: systemd-fsckd.service: Failed to connect stdout to the journal socket, ignoring: Connection refused
[    6.999736] systemd[1]: Started MD array monitor.
[    7.004225] systemd[685]: mdmonitor.service: Failed to connect stdout to the journal socket, ignoring: Connection refused
[    7.010600] sha256_sparc64: Using sparc64 sha256 opcode optimized SHA-256/SHA-224 implementation
[    7.054229] systemd[1]: Started nftables.
[    7.055097] systemd[1]: Reached target Network (Pre).
[    7.077402] systemd[1]: Found device /dev/ttipvg1/vol1.
[    7.085631] systemd[1]: Starting File System Check on /dev/ttipvg1/vol1...
[    7.090847] systemd[701]: systemd-fsck@dev-ttipvg1-vol1.service: Failed to connect stdout to the journal socket, ignoring: Connection refused
[    7.109207] Adding 787176k swap on /dev/vdiska4.  Priority:-2 extents:1 across:787176k FS
[    7.117257] systemd[1]: Activated swap /dev/disk/by-label/swapvol1.
[    7.117760] systemd[1]: Reached target Swap.
[    7.128780] systemd[1]: Mounting /tmp...
[    7.135024] systemd[705]: tmp.mount: Failed to connect stdout to the journal socket, ignoring: Connection refused
[    7.138470] systemd[1]: Started File System Check on /dev/vdiska1.
[    7.147893] systemd[1]: Mounting /boot...
[    7.152489] sha512_sparc64: Using sparc64 sha512 opcode optimized SHA-512/SHA-384 implementation
[    7.153913] systemd[708]: boot.mount: Failed to connect stdout to the journal socket, ignoring: Connection refused
[    7.154527] md5_sparc64: Using sparc64 md5 opcode optimized MD5 implementation
[    7.159947] systemd[1]: Started File System Check on /dev/ttipvg1/vol1.
[    7.161688] systemd[1]: Mounted /tmp.
[    7.163305] EXT4-fs (vdiska1): mounting ext3 file system using the ext4 subsystem
[    7.172112] systemd[1]: Mounting /1...
[    7.178133] EXT4-fs (vdiska1): mounted filesystem with ordered data mode. Opts: (null)
[    7.178313] ext3 filesystem being mounted at /boot supports timestamps until 2038 (0x7fffffff)
[    7.178485] systemd[712]: 1.mount: Failed to connect stdout to the journal socket, ignoring: Connection refused
[    7.183199] systemd[1]: Mounted /boot.
[    7.198168] XFS (dm-0): Mounting V5 Filesystem
[    7.388000] systemd[1]: Started Helper to synchronize boot up for ifupdown.
[    7.397297] systemd[1]: Started LVM event activation on device 254:16.
[    7.466312] XFS (dm-0): Ending clean mount
[    7.469073] xfs filesystem being mounted at /1 supports timestamps until 2038 (0x7fffffff)
[    7.474287] systemd[1]: Mounted /1.
[    7.475589] systemd[1]: Reached target Local File Systems.
[    7.487807] systemd[1]: Starting Load AppArmor profiles...
[    7.493108] systemd[722]: apparmor.service: Failed to connect stdout to the journal socket, ignoring: Connection refused
[    7.496298] systemd[1]: Starting Enable support for additional executable binary formats...
[    7.497075] systemd[1]: Condition check resulted in Mark the need to relabel after reboot being skipped.
[    7.497445] systemd[1]: Condition check resulted in Commit a transient machine-id on disk being skipped.
[    7.502711] systemd[723]: binfmt-support.service: Failed to connect stdout to the journal socket, ignoring: Connection refused
[    7.506649] systemd[1]: Starting Create Volatile Files and Directories...
[    7.511263] systemd[725]: systemd-tmpfiles-setup.service: Failed to connect stdout to the journal socket, ignoring: Connection refused
[    7.512018] systemd[1]: proc-sys-fs-binfmt_misc.automount: Got automount request for /proc/sys/fs/binfmt_misc, triggered by 723 (update-binfmts)
[    7.520627] systemd[1]: Mounting Arbitrary Executable File Formats File System...
[    7.526671] systemd[726]: proc-sys-fs-binfmt_misc.mount: Failed to connect stdout to the journal socket, ignoring: Connection refused
[    7.540700] systemd-tmpfiles[725]: /usr/lib/tmpfiles.d/vsftpd.conf:1: Line references path below legacy directory /var/run/, updating /var/run/vsftpd/empty → /run/vsftpd/empty; please update the tmpfiles.d/ drop-in file accordingly.
[    7.551637] systemd[1]: Mounted Arbitrary Executable File Formats File System.
[    7.575590] Kernel unaligned access at TPC[88df78] aa_dfa_unpack+0x38/0x5a0
[    7.575719] Kernel unaligned access at TPC[88df98] aa_dfa_unpack+0x58/0x5a0
[    7.575787] Kernel unaligned access at TPC[88e054] aa_dfa_unpack+0x114/0x5a0
[    7.575858] Kernel unaligned access at TPC[88e134] aa_dfa_unpack+0x1f4/0x5a0
[    7.575920] Kernel unaligned access at TPC[88e148] aa_dfa_unpack+0x208/0x5a0
[    7.579417] audit: type=1400 audit(1580480723.130:2): apparmor="STATUS" operation="profile_load" profile="unconfined" name="/usr/sbin/haveged" pid=732 comm="apparmor_parser"
[    7.579835] audit: type=1400 audit(1580480723.130:3): apparmor="STATUS" operation="profile_load" profile="unconfined" name="lsb_release" pid=737 comm="apparmor_parser"
[    7.580034] systemd[1]: systemd-journald.service: Found ordering cycle on haveged.service/start
[    7.580150] systemd[1]: systemd-journald.service: Found dependency on systemd-tmpfiles-setup.service/start
[    7.580260] systemd[1]: systemd-journald.service: Found dependency on systemd-journald.service/start
[    7.580365] systemd[1]: systemd-journald.service: Unable to break cycle starting with systemd-journald.service/start
[    7.580483] systemd[1]: Requested transaction contains an unfixable cyclic ordering dependency: Transaction order is cyclic. See system logs for details.
[    7.580629] systemd[1]: systemd-journald-audit.socket: Failed to queue service startup job (Maybe the service file is missing or not a non-template unit?): Transaction order is cyclic. See system logs for details.
[    7.581303] systemd[1]: systemd-journald-audit.socket: Failed with result 'resources'.
[    7.585391] audit: type=1400 audit(1580480723.130:4): apparmor="STATUS" operation="profile_load" profile="unconfined" name="/usr/sbin/named" pid=736 comm="apparmor_parser"
[    7.585959] audit: type=1400 audit(1580480723.130:5): apparmor="STATUS" operation="profile_load" profile="unconfined" name="nvidia_modprobe" pid=733 comm="apparmor_parser"
[    7.586119] audit: type=1400 audit(1580480723.130:6): apparmor="STATUS" operation="profile_load" profile="unconfined" name="nvidia_modprobe//kmod" pid=733 comm="apparmor_parser"
[    7.589540] audit: type=1400 audit(1580480723.140:7): apparmor="STATUS" operation="profile_load" profile="unconfined" name="/usr/sbin/tcpdump" pid=735 comm="apparmor_parser"
[    7.598905] systemd[1]: Started Create Volatile Files and Directories.
[    7.602892] audit: type=1400 audit(1580480723.150:8): apparmor="STATUS" operation="profile_load" profile="unconfined" name="/usr/bin/man" pid=734 comm="apparmor_parser"
[    7.603013] audit: type=1400 audit(1580480723.150:9): apparmor="STATUS" operation="profile_load" profile="unconfined" name="man_filter" pid=734 comm="apparmor_parser"
[    7.603132] audit: type=1400 audit(1580480723.150:10): apparmor="STATUS" operation="profile_load" profile="unconfined" name="man_groff" pid=734 comm="apparmor_parser"
[    7.611605] systemd[1]: Starting Security Auditing Service...
[    7.617392] systemd[738]: auditd.service: Failed to connect stdout to the journal socket, ignoring: Connection refused
[    7.624747] systemd[1]: Starting Network Time Synchronization...
[    7.630750] systemd[1]: Started Load AppArmor profiles.
[    7.644545] systemd[1]: Started Entropy Daemon based on the HAVEGE algorithm.
[    7.655709] systemd[1]: Starting Raise network interfaces...
[    7.660757] systemd[747]: networking.service: Failed to connect stdout to the journal socket, ignoring: Connection refused
[    7.661769] systemd[1]: Started Enable support for additional executable binary formats.
[    7.669274] systemd[1]: Listening on Journal Audit Socket.
[    7.671174] systemd[1]: Listening on Journal Socket.
[    7.686881] systemd[1]: Starting Journal Service...
[    7.726620] systemd[1]: Started Security Auditing Service.
[    7.737867] systemd[1]: Starting Update UTMP about System Boot/Shutdown...
[    7.794137] systemd[1]: Started Update UTMP about System Boot/Shutdown.
[    7.800766] systemd[1]: Started Journal Service.
[    8.190129] random: crng init done
[    8.190176] random: 7 urandom warning(s) missed due to ratelimiting
