[    0.000019] PROMLIB: Sun IEEE Boot Prom 'OBP 4.38.17 2019/01/25 08:22'
[    0.000023] PROMLIB: Root node compatible: sun4v
[    0.000056] Linux version 5.10.0-rc7-00002-gcd796ed33450-dirty (mator@ttip) (gcc (Debian 10.2.1-1) 10.2.1 20201207, GNU ld (GNU Binutils for Debian) 2.35.1) #149 SMP Tue Dec 8 14:15:48 MSK 2020
[    0.000350] printk: bootconsole [earlyprom0] enabled
[    0.000396] ARCH: SUN4V
[    0.000437] Ethernet address: 00:14:4f:fa:06:f2
[    0.000482] MM: PAGE_OFFSET is 0xfff8000000000000 (max_phys_bits == 47)
[    0.000539] MM: VMALLOC [0x0000000100000000 --> 0x0006000000000000]
[    0.000591] MM: VMEMMAP [0x0006000000000000 --> 0x000c000000000000]
[    0.012698] Kernel: Using 4 locked TLB entries for main kernel image.
[    0.012760] Remapping the kernel... 
[    0.012781] done.
[    0.036541] OF stdout device is: /virtual-devices@100/console@1
[    0.036597] PROM: Built device tree with 65673 bytes of memory.
[    0.036652] MDESC: Size is 29712 bytes.
[    0.036743] PLATFORM: banner-name [SPARC T5-2]
[    0.036785] PLATFORM: name [ORCL,SPARC-T5-2]
[    0.036825] PLATFORM: hostid [84fa06f2]
[    0.036861] PLATFORM: serial# [0035260e]
[    0.036899] PLATFORM: stick-frequency [3b9aca00]
[    0.036941] PLATFORM: mac-address [144ffa06f2]
[    0.036980] PLATFORM: watchdog-resolution [1000 ms]
[    0.037025] PLATFORM: watchdog-max-timeout [31536000000 ms]
[    0.037073] PLATFORM: max-cpus [1024]
[    0.037152] Top of RAM: 0x2af948000, Total RAM: 0x27f384000
[    0.037206] Memory hole size: 773MB
[    0.038817] Allocated 24576 bytes for kernel page tables.
[    0.038887] Zone ranges:
[    0.038919]   Normal   [mem 0x0000000030400000-0x00000002af947fff]
[    0.038975] Movable zone start for each node
[    0.039015] Early memory node ranges
[    0.039048]   node   0: [mem 0x0000000030400000-0x000000006febffff]
[    0.039105]   node   0: [mem 0x000000006ff40000-0x000000006ff47fff]
[    0.039159]   node   0: [mem 0x0000000070000000-0x00000002af8b3fff]
[    0.039215]   node   0: [mem 0x00000002af940000-0x00000002af947fff]
[    0.045028] Zeroed struct page in unavailable ranges: 132670 pages
[    0.045035] Initmem setup node 0 [mem 0x0000000030400000-0x00000002af947fff]
[    0.045172] On node 0 totalpages: 1309122
[    0.045176]   Normal zone: 11508 pages used for memmap
[    0.045178]   Normal zone: 0 pages reserved
[    0.045181]   Normal zone: 1309122 pages, LIFO batch:31
[    0.089707] Booting Linux...
[    0.089778] CPU CAPS: [flush,stbar,swap,muldiv,v9,blkinit,n2,mul32]
[    0.089864] CPU CAPS: [div32,v8plus,popc,vis,vis2,ASIBlkInit,fmaf,vis3]
[    0.090942] CPU CAPS: [hpc,ima,pause,cbcond,aes,des,kasumi,camellia]
[    0.091014] CPU CAPS: [md5,sha1,sha256,sha512,mpmul,montmul,montsqr,crc32c]
[    0.139381] percpu: Embedded 19 pages/cpu s113880 r8192 d33576 u262144
[    0.139592] pcpu-alloc: s113880 r8192 d33576 u262144 alloc=1*4194304
[    0.139597] pcpu-alloc: [0] 000 001 002 003 004 005 006 007 008 009 010 011 012 013 014 015 
[    0.139632] pcpu-alloc: [0] 016 017 018 019 020 021 022 023 024 025 026 027 028 029 030 031 
[    0.139666] pcpu-alloc: [0] 032 033 034 035 036 037 038 039 040 041 042 043 044 045 046 047 
[    0.139701] pcpu-alloc: [0] 048 049 050 051 052 053 054 055 056 057 058 059 060 061 062 063 
[    0.139735] pcpu-alloc: [0] 064 065 066 067 068 069 070 071 072 073 074 075 076 077 078 079 
[    0.139769] pcpu-alloc: [0] 080 081 082 083 084 085 086 087 088 089 090 091 092 093 094 095 
[    0.139803] pcpu-alloc: [0] 096 097 098 099 100 101 102 103 104 105 106 107 108 109 110 111 
[    0.139838] pcpu-alloc: [0] 112 113 114 115 116 117 118 119 120 121 122 123 124 125 126 127 
[    0.139872] pcpu-alloc: [0] 128 129 130 131 132 133 134 135 136 137 138 139 140 141 142 143 
[    0.139906] pcpu-alloc: [0] 144 145 146 147 148 149 150 151 152 153 154 155 156 157 158 159 
[    0.139940] pcpu-alloc: [0] 160 161 162 163 164 165 166 167 168 169 170 171 172 173 174 175 
[    0.139974] pcpu-alloc: [0] 176 177 178 179 180 181 182 183 184 185 186 187 188 189 190 191 
[    0.140008] pcpu-alloc: [0] 192 193 194 195 196 197 198 199 200 201 202 203 204 205 206 207 
[    0.140043] pcpu-alloc: [0] 208 209 210 211 212 213 214 215 216 217 218 219 220 221 222 223 
[    0.140077] pcpu-alloc: [0] 224 225 226 227 228 229 230 231 232 233 234 235 236 237 238 239 
[    0.140111] pcpu-alloc: [0] 240 241 242 243 244 245 246 247 248 249 250 251 252 253 254 255 
[    0.140550] SUN4V: Mondo queue sizes [cpu(131072) dev(16384) r(8192) nr(256)]
[    0.140848] Built 1 zonelists, mobility grouping on.  Total pages: 1297614
[    0.140913] Kernel command line: BOOT_IMAGE=/vmlinux-5.10.0-rc7-00002-gcd796ed33450-dirty root=/dev/vdiska2 ro zswap.enabled=1
[    0.142440] printk: log_buf_len individual max cpu contribution: 4096 bytes
[    0.142503] printk: log_buf_len total cpu_extra contributions: 1044480 bytes
[    0.142565] printk: log_buf_len min size: 131072 bytes
[    0.144369] printk: log_buf_len: 2097152 bytes
[    0.144413] printk: early log buf free: 126536(96%)
[    0.146063] Dentry cache hash table entries: 2097152 (order: 11, 16777216 bytes, linear)
[    0.146965] Inode-cache hash table entries: 1048576 (order: 10, 8388608 bytes, linear)
[    0.147036] Sorting __ex_table...
[    0.147267] mem auto-init: stack:off, heap alloc:off, heap free:off
[    0.167579] Memory: 10247608K/10472976K available (7947K kernel code, 1526K rwdata, 1952K rodata, 592K init, 413K bss, 225368K reserved, 0K cma-reserved)
[    0.167744] random: get_random_u64 called from __kmem_cache_create+0x20/0x520 with crng_init=0
[    0.168735] SLUB: HWalign=32, Order=0-3, MinObjects=0, CPUs=256, Nodes=1
[    0.169161] ftrace: allocating 24188 entries in 48 pages
[    0.178396] ftrace: allocated 48 pages with 2 groups
[    0.180958] rcu: Hierarchical RCU implementation.
[    0.181008] 	Trampoline variant of Tasks RCU enabled.
[    0.181052] 	Rude variant of Tasks RCU enabled.
[    0.181094] 	Tracing variant of Tasks RCU enabled.
[    0.181137] rcu: RCU calculated value of scheduler-enlistment delay is 26 jiffies.
[    0.185344] NR_IRQS: 2048, nr_irqs: 2048, preallocated irqs: 1
[    0.185415] SUN4V: Using IRQ API major 3, cookie only virqs enabled
[    0.188087] clocksource: stick: mask: 0xffffffffffffffff max_cycles: 0x1cd42e4dffb, max_idle_ns: 881590591483 ns
[    0.188205] clocksource: mult[800000] shift[23]
[    0.188247] clockevent: mult[80000000] shift[31]
[    0.188666] Console: colour dummy device 80x25
[    0.188712] printk: console [tty0] enabled
[    0.188752] printk: bootconsole [earlyprom0] disabled
[    0.268331] Calibrating delay using timer specific routine.. 2001.02 BogoMIPS (lpj=4002050)
[    0.268341] pid_max: default: 262144 minimum: 2048
[    0.268721] LSM: Security Framework initializing
[    0.268920] Mount-cache hash table entries: 32768 (order: 5, 262144 bytes, linear)
[    0.268956] Mountpoint-cache hash table entries: 32768 (order: 5, 262144 bytes, linear)
[    0.270604] rcu: Hierarchical SRCU implementation.
[    0.273639] smp: Bringing up secondary CPUs ...
[    0.281491] smp: Brought up 1 node, 24 CPUs
[    0.283274] devtmpfs: initialized
[    0.284040] Performance events: 
[    0.284060] Testing NMI watchdog ... 
[    0.364134] OK.
[    0.364152] Supported PMU type is 'niagara5'
[    0.364419] ldc.c:v1.1 (July 22, 2008)
[    0.364672] clocksource: jiffies: mask: 0xffffffff max_cycles: 0xffffffff, max_idle_ns: 7645041785100000 ns
[    0.364692] futex hash table entries: 65536 (order: 9, 4194304 bytes, linear)
[    0.366846] NET: Registered protocol family 16
[    0.368038] VIO: Adding device channel-devices (tx_ino = ffffffffffffffff, rx_ino = ffffffffffffffff)
[    0.368070] VIO: Adding device vnet-port-0-0 (tx_ino = 0, rx_ino = 1)
[    0.368093] VIO: Adding device vnet-port-0-1 (tx_ino = 2, rx_ino = 3)
[    0.368114] VIO: Adding device vnet-port-0-2 (tx_ino = 4, rx_ino = 5)
[    0.368135] VIO: Adding device vnet-port-0-3 (tx_ino = 6, rx_ino = 7)
[    0.368165] VIO: Adding device vnet-port-0-4 (tx_ino = 8, rx_ino = 9)
[    0.368187] VIO: Adding device vdc-port-2-0 (tx_ino = a, rx_ino = b)
[    0.368208] VIO: Adding device vdc-port-1-0 (tx_ino = c, rx_ino = d)
[    0.368228] VIO: Adding device vdc-port-0-0 (tx_ino = e, rx_ino = f)
[    0.368251] VIO: Adding device vlds-port-0-0 (tx_ino = 10, rx_ino = 11)
[    0.368274] VIO: Adding device domain-services-port-0 (tx_ino = 10, rx_ino = 11)
[    0.368352] audit: initializing netlink subsys (disabled)
[    0.368436] audit: type=2000 audit(0.176:1): state=initialized audit_enabled=0 res=1
[    0.373562] HugeTLB registered 64.0 KiB page size, pre-allocated 0 pages
[    0.373570] HugeTLB registered 8.00 MiB page size, pre-allocated 0 pages
[    0.373576] HugeTLB registered 256 MiB page size, pre-allocated 0 pages
[    0.373582] HugeTLB registered 2.00 GiB page size, pre-allocated 0 pages
[    0.939044] NetLabel: Initializing
[    0.939058] NetLabel:  domain hash size = 128
[    0.939062] NetLabel:  protocols = UNLABELED CIPSOv4 CALIPSO
[    0.939091] NetLabel:  unlabeled traffic allowed by default
[    0.939331] SUN4V: Reboot data supported (maj=1,min=0).
[    0.939434] ds.c:v1.0 (Jul 11, 2007)
[    0.939563] ds-0: ds_conn_reset() from send_events
[    0.939831] clocksource: Switched to clocksource stick
[    0.991359] VFS: Disk quotas dquot_6.6.0
[    0.991468] VFS: Dquot-cache hash table entries: 1024 (order 0, 8192 bytes)
[    0.994055] NET: Registered protocol family 2
[    0.995211] tcp_listen_portaddr_hash hash table entries: 8192 (order: 4, 131072 bytes, linear)
[    0.995308] TCP established hash table entries: 131072 (order: 7, 1048576 bytes, linear)
[    0.995770] TCP bind hash table entries: 65536 (order: 7, 1048576 bytes, linear)
[    0.996238] TCP: Hash tables configured (established 131072 bind 65536)
[    0.996759] UDP hash table entries: 8192 (order: 5, 262144 bytes, linear)
[    0.996881] UDP-Lite hash table entries: 8192 (order: 5, 262144 bytes, linear)
[    0.997824] NET: Registered protocol family 1
[    0.997837] NET: Registered protocol family 44
[    0.997958] Trying to unpack rootfs image as initramfs...
[    1.171299] Freeing initrd memory: 24976K
[    1.175566] Initialise system trusted keyrings
[    1.175589] Key type blacklist registered
[    1.175681] workingset: timestamp_bits=46 max_order=21 bucket_order=0
[    1.178278] zbud: loaded
[    1.179233] SGI XFS with ACLs, security attributes, realtime, quota, no debug enabled
[    1.180924] Key type asymmetric registered
[    1.180931] Asymmetric key parser 'x509' registered
[    1.180950] Block layer SCSI generic (bsg) driver version 0.4 loaded (major 252)
[    1.181206] io scheduler mq-deadline registered
[    1.181689] f029b788: ttyHV0 at I/O 0x0 (irq = 1, base_baud = 115200) is a SUN4V HCONS
[    1.181927] printk: console [ttyHV0] enabled
[    1.182737] sunvdc.c:v1.2 (November 24, 2014)
[    1.184359] sunvdc: Virtual Hard disk vdiskc
[    1.184367] sunvdc: vdiskc: 104857600 sectors (51200 MB) protocol 1.2
[    1.190899] sunvdc: Virtual Hard disk vdiskb
[    1.190908] sunvdc: vdiskb: 62914560 sectors (30720 MB) protocol 1.2
[    1.191366]  vdiskb: vdiskb1
[    1.197438] sunvdc: Virtual Hard disk vdiska
[    1.197448] sunvdc: vdiska: 31457280 sectors (15360 MB) protocol 1.2
[    1.197913]  vdiska: vdiska1 vdiska2 vdiska3 vdiska4
[    1.202962] Silicon Labs C2 port support v. 0.51.0 - (C) 2007 Rodolfo Giometti
[    1.203274] rtc-sun4v rtc-sun4v: registered as rtc0
[    1.203314] rtc-sun4v rtc-sun4v: setting system clock to 2020-12-08T11:19:15 UTC (1607426355)
[    1.204043] NET: Registered protocol family 10
[    1.217623] Segment Routing with IPv6
[    1.217660] mip6: Mobile IPv6
[    1.217668] NET: Registered protocol family 17
[    1.217774] registered taskstats version 1
[    1.217784] Loading compiled-in X.509 certificates
[    1.217872] zswap: loaded using pool lzo/zbud
[    1.219431] This architecture does not have kernel memory protection.
[    1.219443] Run /init as init process
[    1.219450]   with arguments:
[    1.219453]     /init
[    1.219456]   with environment:
[    1.219458]     HOME=/
[    1.219461]     TERM=linux
[    1.219464]     BOOT_IMAGE=/vmlinux-5.10.0-rc7-00002-gcd796ed33450-dirty
[    1.382065] sunvnet_common: module verification failed: signature and/or required key missing - tainting kernel
[    1.383463] sunvnet: sunvnet 2.0 (February 3, 2017)
[    1.384366] vnet_port vnet-port-0-0 eth0: Sun LDOM vnet 00:14:4f:f8:12:a3
[    1.384451] sunvnet: eth0: PORT ( remote-mac 00:14:4f:fa:f3:f0 switch-port )
[    1.384636] sunvnet: eth0: PORT ( remote-mac 00:14:4f:f9:b4:97 )
[    1.384790] sunvnet: eth0: PORT ( remote-mac 00:14:4f:f8:e5:f3 )
[    1.384937] sunvnet: eth0: PORT ( remote-mac 00:14:4f:f8:3f:1e )
[    1.385058] sunvnet: eth0: PORT ( remote-mac 00:14:4f:f9:8b:83 )
[    1.390662] crc32c_sparc64: Using sparc64 crc32c opcode optimized CRC32C implementation
[    1.393561] random: lvm: uninitialized urandom read (4 bytes read)
[    1.411908] device-mapper: uevent: version 1.0.3
[    1.412052] device-mapper: ioctl: 4.43.0-ioctl (2020-10-01) initialised: dm-devel@redhat.com
[    1.414342] random: lvm: uninitialized urandom read (2 bytes read)
[    1.701258] xor: automatically using best checksumming function   Niagara   
[    1.767799] raid6: int64x8  gen()  2159 MB/s
[    1.835799] raid6: int64x8  xor()  1513 MB/s
[    1.903810] raid6: int64x4  gen()  3379 MB/s
[    1.971810] raid6: int64x4  xor()  1457 MB/s
[    2.039816] raid6: int64x2  gen()  3351 MB/s
[    2.107801] raid6: int64x2  xor()  1147 MB/s
[    2.175815] raid6: int64x1  gen()  1379 MB/s
[    2.243820] raid6: int64x1  xor()   710 MB/s
[    2.243827] raid6: using algorithm int64x4 gen() 3379 MB/s
[    2.243833] raid6: .... xor() 1457 MB/s, rmw enabled
[    2.243841] raid6: using intx1 recovery algorithm
[    2.277877] random: fast init done
[    2.454693] EXT4-fs (vdiska2): mounted filesystem with ordered data mode. Opts: (null)
[    4.486270] systemd[1]: Inserted module 'autofs4'
[    4.632619] systemd[1]: systemd 247.1-3 running in system mode. (+PAM +AUDIT +SELINUX +IMA +APPARMOR +SMACK +SYSVINIT +UTMP +LIBCRYPTSETUP +GCRYPT +GNUTLS +ACL +XZ +LZ4 +ZSTD -SECCOMP +BLKID +ELFUTILS +KMOD +IDN2 -IDN +PCRE2 default-hierarchy=hybrid)
[    4.632886] systemd[1]: Detected architecture sparc64.
[    4.679091] systemd[1]: Set hostname to <ttip>.
[    5.060710] systemd-sysv-generator[340]: SysV service '/etc/init.d/xinetd' lacks a native systemd unit file. Automatically generating a unit file for compatibility. Please update package to include a native systemd unit file, in order to make it more safe and robust.
[    5.299145] systemd-sysv-generator[340]: SysV service '/etc/init.d/rng-tools-debian' lacks a native systemd unit file. Automatically generating a unit file for compatibility. Please update package to include a native systemd unit file, in order to make it more safe and robust.
[    5.301292] systemd-sysv-generator[340]: SysV service '/etc/init.d/arpalert' lacks a native systemd unit file. Automatically generating a unit file for compatibility. Please update package to include a native systemd unit file, in order to make it more safe and robust.
[    5.320147] systemd-sysv-generator[340]: SysV service '/etc/init.d/vmtouch' lacks a native systemd unit file. Automatically generating a unit file for compatibility. Please update package to include a native systemd unit file, in order to make it more safe and robust.
[    5.395439] systemd-sysv-generator[340]: SysV service '/etc/init.d/mysql' lacks a native systemd unit file. Automatically generating a unit file for compatibility. Please update package to include a native systemd unit file, in order to make it more safe and robust.
[    5.684757] random: lvmconfig: uninitialized urandom read (4 bytes read)
[    6.790894] systemd[1]: Queued start job for default target Multi-User System.
[    6.791739] random: systemd: uninitialized urandom read (16 bytes read)
[    6.838993] systemd[1]: Created slice system-getty.slice.
[    6.839291] random: systemd: uninitialized urandom read (16 bytes read)
[    6.844705] systemd[1]: Created slice system-modprobe.slice.
[    6.844830] random: systemd: uninitialized urandom read (16 bytes read)
[    6.850454] systemd[1]: Created slice system-openvpn\x2dclient.slice.
[    6.856233] systemd[1]: Created slice system-postfix.slice.
[    6.861677] systemd[1]: Created slice system-systemd\x2dfsck.slice.
[    6.867361] systemd[1]: Created slice User and Session Slice.
[    6.867626] systemd[1]: Started Dispatch Password Requests to Console Directory Watch.
[    6.867862] systemd[1]: Started Forward Password Requests to Wall Directory Watch.
[    6.868937] systemd[1]: Set up automount Arbitrary Executable File Formats File System Automount Point.
[    6.869139] systemd[1]: Reached target Local Encrypted Volumes.
[    6.869347] systemd[1]: Reached target Paths.
[    6.869501] systemd[1]: Reached target Slices.
[    6.869807] systemd[1]: Listening on Device-mapper event daemon FIFOs.
[    6.870122] systemd[1]: Listening on LVM2 poll daemon socket.
[    6.882819] systemd[1]: Listening on RPCbind Server Activation Socket.
[    6.883177] systemd[1]: Listening on Syslog Socket.
[    6.883498] systemd[1]: Listening on fsck to fsckd communication Socket.
[    6.883729] systemd[1]: Listening on initctl Compatibility Named Pipe.
[    6.884181] systemd[1]: Listening on Journal Audit Socket.
[    6.884463] systemd[1]: Listening on Journal Socket (/dev/log).
[    6.884816] systemd[1]: Listening on Journal Socket.
[    6.885194] systemd[1]: Listening on udev Control Socket.
[    6.885450] systemd[1]: Listening on udev Kernel Socket.
[    6.891968] systemd[1]: Mounting Huge Pages File System...
[    6.898792] systemd[1]: Mounting POSIX Message Queue File System...
[    6.905659] systemd[1]: Mounting RPC Pipe File System...
[    6.912453] systemd[1]: Mounting Kernel Debug File System...
[    6.919131] systemd[1]: Mounting Kernel Trace File System...
[    6.919447] systemd[1]: Condition check resulted in Kernel Module supporting RPCSEC_GSS being skipped.
[    6.919874] systemd[1]: Finished Availability of block devices.
[    6.926688] systemd[1]: Starting Wait for network to be configured by ifupdown...
[    6.933496] systemd[1]: Starting Create list of static device nodes for the current kernel...
[    6.940437] systemd[1]: Starting Monitoring of LVM2 mirrors, snapshots etc. using dmeventd or progress polling...
[    6.947225] systemd[1]: Starting Load Kernel Module configfs...
[    6.953618] systemd[1]: Starting Load Kernel Module drm...
[    6.960736] systemd[1]: Starting Load Kernel Module fuse...
[    6.968166] systemd[1]: Starting nftables...
[    6.985666] systemd[1]: Condition check resulted in Set Up Additional Binary Formats being skipped.
[    6.985812] systemd[1]: Condition check resulted in File System Check on Root Device being skipped.
[    6.990550] fuse: init (API version 7.32)
[    6.994424] systemd[1]: Starting Journal Service...
[    7.003040] systemd[1]: Starting Load Kernel Modules...
[    7.010009] systemd[1]: Starting Remount Root and Kernel File Systems...
[    7.015344] RPC: Registered named UNIX socket transport module.
[    7.015356] RPC: Registered udp transport module.
[    7.015363] RPC: Registered tcp transport module.
[    7.015369] RPC: Registered tcp NFSv4.1 backchannel transport module.
[    7.016768] systemd[1]: Starting Coldplug All udev Devices...
[    7.021596] systemd[1]: Mounted Huge Pages File System.
[    7.021913] systemd[1]: Mounted POSIX Message Queue File System.
[    7.022175] systemd[1]: Mounted RPC Pipe File System.
[    7.022433] systemd[1]: Mounted Kernel Debug File System.
[    7.022689] systemd[1]: Mounted Kernel Trace File System.
[    7.023836] systemd[1]: Finished Wait for network to be configured by ifupdown.
[    7.025018] systemd[1]: Finished Create list of static device nodes for the current kernel.
[    7.025567] systemd[1]: modprobe@configfs.service: Succeeded.
[    7.026367] systemd[1]: Finished Load Kernel Module configfs.
[    7.026944] systemd[1]: modprobe@drm.service: Succeeded.
[    7.027726] systemd[1]: Finished Load Kernel Module drm.
[    7.028321] systemd[1]: modprobe@fuse.service: Succeeded.
[    7.029115] systemd[1]: Finished Load Kernel Module fuse.
[    7.036232] systemd[1]: Mounting FUSE Control File System...
[    7.043280] systemd[1]: Mounting Kernel Configuration File System...
[    7.045426] systemd[1]: Mounted FUSE Control File System.
[    7.048150] systemd[1]: Mounted Kernel Configuration File System.
[    7.050760] systemd[1]: Finished Load Kernel Modules.
[    7.058148] systemd[1]: Starting Apply Kernel Variables...
[    7.099910] systemd[1]: Finished Monitoring of LVM2 mirrors, snapshots etc. using dmeventd or progress polling.
[    7.117380] EXT4-fs (vdiska2): re-mounted. Opts: errors=remount-ro
[    7.120714] systemd[1]: Finished Remount Root and Kernel File Systems.
[    7.191599] systemd[1]: Starting Initial Check File System Quotas...
[    7.231701] systemd[1]: Condition check resulted in Rebuild Hardware Database being skipped.
[    7.231888] systemd[1]: Condition check resulted in Platform Persistent Storage Archival being skipped.
[    7.238663] systemd[1]: Starting Load/Save Random Seed...
[    7.245539] systemd[1]: Starting Create System Users...
[    7.246242] systemd[1]: Started Journal Service.
[    9.239476] sha1_sparc64: Using sparc64 sha1 opcode optimized SHA-1 implementation
[    9.269064] sha256_sparc64: Using sparc64 sha256 opcode optimized SHA-256/SHA-224 implementation
[    9.269067] n2rng v0.3 (Jan 7, 2017)
[    9.269081] n2rng f029b104: Registered RNG HVAPI major 2 minor 0
[    9.269111] n2rng f029b104: Found multi-unit-capable RNG, units: 2
[    9.269144] n2rng f029b104: RNG ready
[    9.299863] sha512_sparc64: Using sparc64 sha512 opcode optimized SHA-512/SHA-384 implementation
[    9.318092] md5_sparc64: Using sparc64 md5 opcode optimized MD5 implementation
[    9.336952] aes_sparc64: Using sparc64 aes opcodes optimized AES implementation
[    9.417960] des_sparc64: Using sparc64 des opcodes optimized DES implementation
[    9.447126] XFS (dm-0): Mounting V5 Filesystem
[    9.447428] camellia_sparc64: Using sparc64 camellia opcodes optimized CAMELLIA implementation
[    9.579730] XFS (dm-0): Ending clean mount
[    9.580788] xfs filesystem being mounted at /1 supports timestamps until 2038 (0x7fffffff)
[    9.635825] Adding 787176k swap on /dev/vdiska4.  Priority:-2 extents:1 across:787176k FS
[    9.923938] random: crng init done
[    9.923960] random: 4 urandom warning(s) missed due to ratelimiting
[   10.108277] EXT4-fs (vdiska1): mounting ext3 file system using the ext4 subsystem
[   10.552869] EXT4-fs (vdiska1): mounted filesystem with ordered data mode. Opts: (null)
[   10.553054] ext3 filesystem being mounted at /boot supports timestamps until 2038 (0x7fffffff)
