[    0.000018] PROMLIB: Sun IEEE Boot Prom 'OBP 4.38.17 2019/01/25 08:22'
[    0.000042] PROMLIB: Root node compatible: sun4v
[    0.000103] Linux version 5.13.0-02985-ga6eaf3850cb1 (mator@ttip) (gcc (Debian 10.2.1-6) 10.2.1 20210110, GNU ld (GNU Binutils for Debian) 2.35.2) #245 SMP Fri Jul 2 16:26:58 MSK 2021
[    0.000624] printk: bootconsole [earlyprom0] enabled
[    0.000712] ARCH: SUN4V
[    0.000786] Ethernet address: 00:14:4f:fa:06:f2
[    0.000870] MM: PAGE_OFFSET is 0xfff8000000000000 (max_phys_bits == 47)
[    0.000977] MM: VMALLOC [0x0000000100000000 --> 0x0006000000000000]
[    0.001077] MM: VMEMMAP [0x0006000000000000 --> 0x000c000000000000]
[    0.023233] Kernel: Using 5 locked TLB entries for main kernel image.
[    0.023363] Remapping the kernel... 
[    0.023412] done.
[    0.167900] OF stdout device is: /virtual-devices@100/console@1
[    0.168318] PROM: Built device tree with 79473 bytes of memory.
[    0.168721] MDESC: Size is 29712 bytes.
[    0.169280] PLATFORM: banner-name [SPARC T5-2]
[    0.169539] PLATFORM: name [ORCL,SPARC-T5-2]
[    0.169764] PLATFORM: hostid [84fa06f2]
[    0.169972] PLATFORM: serial# [0035260e]
[    0.170174] PLATFORM: stick-frequency [3b9aca00]
[    0.170385] PLATFORM: mac-address [144ffa06f2]
[    0.170591] PLATFORM: watchdog-resolution [1000 ms]
[    0.170809] PLATFORM: watchdog-max-timeout [31536000000 ms]
[    0.171034] PLATFORM: max-cpus [1024]
[    0.171333] Top of RAM: 0x22f948000, Total RAM: 0x1ff382000
[    0.171560] Memory hole size: 773MB
[    0.179631] Allocated 24576 bytes for kernel page tables.
[    0.180027] Zone ranges:
[    0.180239]   Normal   [mem 0x0000000030400000-0x000000022f947fff]
[    0.180590] Movable zone start for each node
[    0.180814] Early memory node ranges
[    0.181009]   node   0: [mem 0x0000000030400000-0x000000006febffff]
[    0.181299]   node   0: [mem 0x000000006ff40000-0x000000006ff47fff]
[    0.181576]   node   0: [mem 0x0000000070000000-0x000000022f8b1fff]
[    0.181838]   node   0: [mem 0x000000022f940000-0x000000022f947fff]
[    0.182086] Initmem setup node 0 [mem 0x0000000030400000-0x000000022f947fff]
[    0.203745] On node 0, zone Normal: 98816 pages in unavailable ranges
[    0.203815] On node 0, zone Normal: 64 pages in unavailable ranges
[    0.207113] On node 0, zone Normal: 92 pages in unavailable ranges
[    0.207539] On node 0, zone Normal: 71 pages in unavailable ranges
[    0.211833] On node 0, zone Normal: 33628 pages in unavailable ranges
[    0.212259] Booting Linux...
[    0.212896] CPU CAPS: [flush,stbar,swap,muldiv,v9,blkinit,n2,mul32]
[    0.213411] CPU CAPS: [div32,v8plus,popc,vis,vis2,ASIBlkInit,fmaf,vis3]
[    0.213879] CPU CAPS: [hpc,ima,pause,cbcond,aes,des,kasumi,camellia]
[    0.214307] CPU CAPS: [md5,sha1,sha256,sha512,mpmul,montmul,montsqr,crc32c]
[    0.490508] percpu: Embedded 20 pages/cpu s120912 r8192 d34736 u262144
[    0.491980] pcpu-alloc: s120912 r8192 d34736 u262144 alloc=1*4194304
[    0.492034] pcpu-alloc: [0] 000 001 002 003 004 005 006 007 008 009 010 011 012 013 014 015 
[    0.492360] pcpu-alloc: [0] 016 017 018 019 020 021 022 023 024 025 026 027 028 029 030 031 
[    0.492706] pcpu-alloc: [0] 032 033 034 035 036 037 038 039 040 041 042 043 044 045 046 047 
[    0.493051] pcpu-alloc: [0] 048 049 050 051 052 053 054 055 056 057 058 059 060 061 062 063 
[    0.493395] pcpu-alloc: [0] 064 065 066 067 068 069 070 071 072 073 074 075 076 077 078 079 
[    0.493714] pcpu-alloc: [0] 080 081 082 083 084 085 086 087 088 089 090 091 092 093 094 095 
[    0.494058] pcpu-alloc: [0] 096 097 098 099 100 101 102 103 104 105 106 107 108 109 110 111 
[    0.494425] pcpu-alloc: [0] 112 113 114 115 116 117 118 119 120 121 122 123 124 125 126 127 
[    0.494826] pcpu-alloc: [0] 128 129 130 131 132 133 134 135 136 137 138 139 140 141 142 143 
[    0.495228] pcpu-alloc: [0] 144 145 146 147 148 149 150 151 152 153 154 155 156 157 158 159 
[    0.495630] pcpu-alloc: [0] 160 161 162 163 164 165 166 167 168 169 170 171 172 173 174 175 
[    0.496030] pcpu-alloc: [0] 176 177 178 179 180 181 182 183 184 185 186 187 188 189 190 191 
[    0.496431] pcpu-alloc: [0] 192 193 194 195 196 197 198 199 200 201 202 203 204 205 206 207 
[    0.496832] pcpu-alloc: [0] 208 209 210 211 212 213 214 215 216 217 218 219 220 221 222 223 
[    0.497233] pcpu-alloc: [0] 224 225 226 227 228 229 230 231 232 233 234 235 236 237 238 239 
[    0.497633] pcpu-alloc: [0] 240 241 242 243 244 245 246 247 248 249 250 251 252 253 254 255 
[    0.501026] SUN4V: Mondo queue sizes [cpu(131072) dev(16384) r(8192) nr(256)]
[    0.502840] Built 1 zonelists, mobility grouping on.  Total pages: 1037773
[    0.503283] Kernel command line: BOOT_IMAGE=/vmlinux-5.13.0-02985-ga6eaf3850cb1 root=/dev/vdiska2 ro
[    0.504888] printk: log_buf_len individual max cpu contribution: 4096 bytes
[    0.505228] printk: log_buf_len total cpu_extra contributions: 1044480 bytes
[    0.505565] printk: log_buf_len min size: 131072 bytes
[    0.512399] printk: log_buf_len: 2097152 bytes
[    0.512676] printk: early log buf free: 126496(96%)
[    0.515896] Dentry cache hash table entries: 1048576 (order: 10, 8388608 bytes, linear)
[    0.518135] Inode-cache hash table entries: 524288 (order: 9, 4194304 bytes, linear)
[    0.518624] Sorting __ex_table...
[    0.520148] mem auto-init: stack:off, heap alloc:off, heap free:off
[    0.528112] Memory: 1260840K/8375816K available (8811K kernel code, 1707K rwdata, 2920K rodata, 632K init, 3135K bss, 205688K reserved, 0K cma-reserved)
[    0.528500] random: get_random_u64 called from kmem_cache_open+0x1c/0x340 with crng_init=0
[    0.531710] SLUB: HWalign=32, Order=0-3, MinObjects=0, CPUs=256, Nodes=1
[    0.532915] ftrace: allocating 27471 entries in 54 pages
[    0.578237] ftrace: allocated 54 pages with 4 groups
[    0.579345] trace event string verifier disabled
[    0.597349] rcu: Hierarchical RCU implementation.
[    0.597700] rcu: 	RCU debug extended QS entry/exit.
[    0.598034] 	Rude variant of Tasks RCU enabled.
[    0.598321] 	Tracing variant of Tasks RCU enabled.
[    0.598600] rcu: RCU calculated value of scheduler-enlistment delay is 26 jiffies.
[    0.615316] NR_IRQS: 2048, nr_irqs: 2048, preallocated irqs: 1
[    0.615442] SUN4V: Using IRQ API major 3, cookie only virqs enabled
[    0.621253] clocksource: stick: mask: 0xffffffffffffffff max_cycles: 0x1cd42e4dffb, max_idle_ns: 881590591483 ns
[    0.621447] clocksource: mult[800000] shift[23]
[    0.621519] clockevent: mult[80000000] shift[31]
[    0.622344] Console: colour dummy device 80x25
[    0.622424] printk: console [tty0] enabled
[    0.622517] printk: bootconsole [earlyprom0] disabled
[    0.622619] Lock dependency validator: Copyright (c) 2006 Red Hat, Inc., Ingo Molnar
[    0.622660] ... MAX_LOCKDEP_SUBCLASSES:  8
[    0.622686] ... MAX_LOCK_DEPTH:          48
[    0.622712] ... MAX_LOCKDEP_KEYS:        8192
[    0.622738] ... CLASSHASH_SIZE:          4096
[    0.622764] ... MAX_LOCKDEP_ENTRIES:     16384
[    0.622790] ... MAX_LOCKDEP_CHAINS:      32768
[    0.622817] ... CHAINHASH_SIZE:          16384
[    0.622843]  memory used by lock dependency info: 2603 kB
[    0.622874]  per task-struct memory footprint: 1920 bytes
[    0.702064] Calibrating delay using timer specific routine.. 2017.05 BogoMIPS (lpj=4034103)
[    0.702294] pid_max: default: 262144 minimum: 2048
[    0.704076] LSM: Security Framework initializing
[    0.704831] Mount-cache hash table entries: 16384 (order: 4, 131072 bytes, linear)
[    0.705062] Mountpoint-cache hash table entries: 16384 (order: 4, 131072 bytes, linear)
[    0.721490] rcu: Hierarchical SRCU implementation.
[    0.761106] smp: Bringing up secondary CPUs ...
[    0.789967] smp: Brought up 1 node, 24 CPUs
[    0.863580] node 0 deferred pages initialised in 72ms
[    0.866346] devtmpfs: initialized
[    0.875307] Performance events: 
[    0.875382] Testing NMI watchdog ... 
[    0.955726] OK.
[    0.956129] Supported PMU type is 'niagara5'
[    0.961925] ldc.c:v1.1 (July 22, 2008)
[    0.966399] clocksource: jiffies: mask: 0xffffffff max_cycles: 0xffffffff, max_idle_ns: 7645041785100000 ns
[    0.966650] futex hash table entries: 65536 (order: 10, 8388608 bytes, linear)
[    0.997265] NET: Registered protocol family 16
[    1.001483] VIO: Adding device channel-devices (tx_ino = ffffffffffffffff, rx_ino = ffffffffffffffff)
[    1.001623] VIO: Adding device vnet-port-0-0 (tx_ino = 0, rx_ino = 1)
[    1.001731] VIO: Adding device vnet-port-0-1 (tx_ino = 2, rx_ino = 3)
[    1.001834] VIO: Adding device vnet-port-0-2 (tx_ino = 4, rx_ino = 5)
[    1.001936] VIO: Adding device vnet-port-0-3 (tx_ino = 6, rx_ino = 7)
[    1.002037] VIO: Adding device vnet-port-0-4 (tx_ino = 8, rx_ino = 9)
[    1.002138] VIO: Adding device vdc-port-2-0 (tx_ino = a, rx_ino = b)
[    1.002239] VIO: Adding device vdc-port-1-0 (tx_ino = c, rx_ino = d)
[    1.002339] VIO: Adding device vdc-port-0-0 (tx_ino = e, rx_ino = f)
[    1.002446] VIO: Adding device vlds-port-0-0 (tx_ino = 10, rx_ino = 11)
[    1.002554] VIO: Adding device domain-services-port-0 (tx_ino = 10, rx_ino = 11)
[    1.002834] audit: initializing netlink subsys (disabled)
[    1.003103] audit: type=2000 audit(0.376:1): state=initialized audit_enabled=0 res=1
[    1.031895] HugeTLB registered 64.0 KiB page size, pre-allocated 0 pages
[    1.032061] HugeTLB registered 8.00 MiB page size, pre-allocated 0 pages
[    1.032225] HugeTLB registered 256 MiB page size, pre-allocated 0 pages
[    1.032399] HugeTLB registered 2.00 GiB page size, pre-allocated 0 pages
[    2.819121] SUN4V: Reboot data supported (maj=1,min=0).
[    2.819454] ds.c:v1.0 (Jul 11, 2007)
[    2.819725] ds-0: ds_conn_reset() from send_events
[    2.820666] clocksource: Switched to clocksource stick
[    2.971754] VFS: Disk quotas dquot_6.6.0
[    2.972142] VFS: Dquot-cache hash table entries: 1024 (order 0, 8192 bytes)
[    2.997868] NET: Registered protocol family 2
[    2.998466] IP idents hash table entries: 131072 (order: 7, 1048576 bytes, linear)
[    3.009064] tcp_listen_portaddr_hash hash table entries: 4096 (order: 5, 327680 bytes, linear)
[    3.010724] TCP established hash table entries: 65536 (order: 6, 524288 bytes, linear)
[    3.012411] TCP bind hash table entries: 65536 (order: 9, 4718592 bytes, linear)
[    3.035120] TCP: Hash tables configured (established 65536 bind 65536)
[    3.042623] UDP hash table entries: 4096 (order: 6, 655360 bytes, linear)
[    3.047728] UDP-Lite hash table entries: 4096 (order: 6, 655360 bytes, linear)
[    3.059182] NET: Registered protocol family 1
[    3.059335] NET: Registered protocol family 44
[    3.061270] Trying to unpack rootfs image as initramfs...
[    3.122885] Initialise system trusted keyrings
[    3.123861] workingset: timestamp_bits=46 max_order=20 bucket_order=0
[    3.172712] zbud: loaded
[    3.182242] SGI XFS with ACLs, security attributes, realtime, quota, no debug enabled
[    3.194136] Key type asymmetric registered
[    3.194256] Asymmetric key parser 'x509' registered
[    3.194446] Block layer SCSI generic (bsg) driver version 0.4 loaded (major 252)
[    3.196594] io scheduler mq-deadline registered
[    3.203879] f029b788: ttyHV0 at I/O 0x0 (irq = 1, base_baud = 115200) is a SUN4V HCONS
[    3.205701] printk: console [ttyHV0] enabled
[    3.207509] n2rng v0.3 (Jan 7, 2017)
[    3.207572] n2rng f029b104: Registered RNG HVAPI major 2 minor 0
[    3.207637] n2rng f029b104: Found multi-unit-capable RNG, units: 2
[    3.209897] n2rng f029b104: RNG ready
[    3.210841] sunvdc.c:v1.2 (November 24, 2014)
[    3.213549] sunvdc: Virtual Hard disk vdiskc
[    3.213580] sunvdc: vdiskc: 104857600 sectors (51200 MB) protocol 1.2
[    3.269668] sunvdc: Virtual Hard disk vdiskb
[    3.269757] sunvdc: vdiskb: 62914560 sectors (30720 MB) protocol 1.2
[    3.273045]  vdiskb: vdiskb1
[    3.296022] sunvdc: Virtual Hard disk vdiska
[    3.296061] sunvdc: vdiska: 31457280 sectors (15360 MB) protocol 1.2
[    3.296783]  vdiska: vdiska1 vdiska2 vdiska3 vdiska4
[    3.315908] rtc-sun4v rtc-sun4v: registered as rtc0
[    3.316003] rtc-sun4v rtc-sun4v: setting system clock to 2021-07-02T13:43:30 UTC (1625233410)
[    3.316379] rtc-test rtc-test.0: registered as rtc1
[    3.324877] rtc rtc2: invalid alarm value: 18446744073704833233-01-08T03:20:44
[    3.325089] rtc-test rtc-test.1: registered as rtc2
[    3.331928] rtc rtc3: invalid alarm value: 18446744073704833233-01-08T03:20:44
[    3.332068] rtc-test rtc-test.2: registered as rtc3
[    3.332319] softdog: initialized. soft_noboot=0 soft_margin=60 sec soft_panic=0 (nowayout=0)
[    3.332352] softdog:              soft_reboot_cmd=<not set> soft_active_on_boot=0
[    3.333848] NET: Registered protocol family 10
[    3.694525] Freeing initrd memory: 27264K
[    3.725236] Segment Routing with IPv6
[    3.725342] mip6: Mobile IPv6
[    3.725373] NET: Registered protocol family 17
[    3.733682] registered taskstats version 1
[    3.733750] Loading compiled-in X.509 certificates
[    3.741921] zswap: loaded using pool lzo/zbud
[    3.758369] This architecture does not have kernel memory protection.
[    3.758528] Run /init as init process
[    3.758619]   with arguments:
[    3.758641]     /init
[    3.758663]   with environment:
[    3.758683]     HOME=/
[    3.758703]     TERM=linux
[    3.758724]     BOOT_IMAGE=/vmlinux-5.13.0-02985-ga6eaf3850cb1
[    5.065550] sunvnet_common: module verification failed: signature and/or required key missing - tainting kernel
[    5.069251] sunvnet: sunvnet 2.0 (February 3, 2017)
[    5.071618] vnet_port vnet-port-0-0 eth0: Sun LDOM vnet 00:14:4f:f8:12:a3
[    5.071836] sunvnet: eth0: PORT ( remote-mac 00:14:4f:fa:f3:f0 switch-port )
[    5.072263] sunvnet: eth0: PORT ( remote-mac 00:14:4f:f8:e5:f3 )
[    5.072635] sunvnet: eth0: PORT ( remote-mac 00:14:4f:f8:3f:1e )
[    5.073009] sunvnet: eth0: PORT ( remote-mac 00:14:4f:f9:b4:97 )
[    5.073370] sunvnet: eth0: PORT ( remote-mac 00:14:4f:f9:8b:83 )
[    5.079881] crc32c_sparc64: Using sparc64 crc32c opcode optimized CRC32C implementation
[    5.086730] random: lvm: uninitialized urandom read (4 bytes read)
[    5.130814] device-mapper: uevent: version 1.0.3
[    5.131261] device-mapper: ioctl: 4.45.0-ioctl (2021-03-22) initialised: dm-devel@redhat.com
[    5.136524] random: lvm: uninitialized urandom read (2 bytes read)
[    5.530328] xor: automatically using best checksumming function   Niagara   
[    5.600705] raid6: int64x8  gen()   574 MB/s
[    5.668661] raid6: int64x8  xor()   629 MB/s
[    5.736661] raid6: int64x4  gen()   785 MB/s
[    5.804703] raid6: int64x4  xor()   359 MB/s
[    5.872675] raid6: int64x2  gen()   676 MB/s
[    5.940699] raid6: int64x2  xor()   259 MB/s
[    6.008717] raid6: int64x1  gen()   396 MB/s
[    6.076653] raid6: int64x1  xor()   165 MB/s
[    6.076745] raid6: using algorithm int64x4 gen() 785 MB/s
[    6.076843] raid6: .... xor() 359 MB/s, rmw enabled
[    6.076932] raid6: using intx1 recovery algorithm
[    6.397483] random: fast init done
[    6.401135] EXT4-fs (vdiska2): mounted filesystem with ordered data mode. Opts: (null). Quota mode: none.
[    6.631713] systemd[1]: Inserted module 'autofs4'
[    6.665695] systemd[1]: systemd 247.3-5 running in system mode. (+PAM +AUDIT +SELINUX +IMA +APPARMOR +SMACK +SYSVINIT +UTMP +LIBCRYPTSETUP +GCRYPT +GNUTLS +ACL +XZ +LZ4 +ZSTD -SECCOMP +BLKID +ELFUTILS +KMOD +IDN2 -IDN +PCRE2 default-hierarchy=unified)
[    6.666457] systemd[1]: Detected architecture sparc64.
[    6.668852] systemd[1]: Set hostname to <ttip>.
[    6.834911] random: lvmconfig: uninitialized urandom read (4 bytes read)
[    7.165884] systemd[1]: Queued start job for default target Multi-User System.
[    7.166939] random: systemd: uninitialized urandom read (16 bytes read)
[    7.180982] systemd[1]: Created slice system-getty.slice.
[    7.181602] random: systemd: uninitialized urandom read (16 bytes read)
[    7.188964] systemd[1]: Created slice system-modprobe.slice.
[    7.196275] systemd[1]: Created slice system-openvpn\x2dclient.slice.
[    7.202376] systemd[1]: Created slice system-postfix.slice.
[    7.208154] systemd[1]: Created slice system-systemd\x2dfsck.slice.
[    7.213856] systemd[1]: Created slice User and Session Slice.
[    7.214575] systemd[1]: Started Dispatch Password Requests to Console Directory Watch.
[    7.215242] systemd[1]: Started Forward Password Requests to Wall Directory Watch.
[    7.217836] systemd[1]: Set up automount Arbitrary Executable File Formats File System Automount Point.
[    7.218372] systemd[1]: Reached target Local Encrypted Volumes.
[    7.218841] systemd[1]: Reached target Paths.
[    7.219246] systemd[1]: Reached target Slices.
[    7.220098] systemd[1]: Listening on Device-mapper event daemon FIFOs.
[    7.221092] systemd[1]: Listening on LVM2 poll daemon socket.
[    7.242876] systemd[1]: Listening on RPCbind Server Activation Socket.
[    7.245838] systemd[1]: Listening on Syslog Socket.
[    7.247165] systemd[1]: Listening on fsck to fsckd communication Socket.
[    7.248046] systemd[1]: Listening on initctl Compatibility Named Pipe.
[    7.249718] systemd[1]: Listening on Journal Audit Socket.
[    7.250734] systemd[1]: Listening on Journal Socket (/dev/log).
[    7.251829] systemd[1]: Listening on Journal Socket.
[    7.252917] systemd[1]: Listening on udev Control Socket.
[    7.253704] systemd[1]: Listening on udev Kernel Socket.
[    7.263048] systemd[1]: Mounting Huge Pages File System...
[    7.272680] systemd[1]: Mounting POSIX Message Queue File System...
[    7.281712] systemd[1]: Mounting RPC Pipe File System...
[    7.291240] systemd[1]: Mounting Kernel Debug File System...
[    7.301532] systemd[1]: Mounting Kernel Trace File System...
[    7.302383] systemd[1]: Condition check resulted in Kernel Module supporting RPCSEC_GSS being skipped.
[    7.303136] systemd[1]: Finished Availability of block devices.
[    7.313961] systemd[1]: Starting Wait for network to be configured by ifupdown...
[    7.323888] systemd[1]: Starting Create list of static device nodes for the current kernel...
[    7.334696] systemd[1]: Starting Monitoring of LVM2 mirrors, snapshots etc. using dmeventd or progress polling...
[    7.336309] RPC: Registered named UNIX socket transport module.
[    7.336359] RPC: Registered udp transport module.
[    7.336398] RPC: Registered tcp transport module.
[    7.336437] RPC: Registered tcp NFSv4.1 backchannel transport module.
[    7.345548] systemd[1]: Starting Load Kernel Module configfs...
[    7.356160] systemd[1]: Starting Load Kernel Module drm...
[    7.366639] systemd[1]: Starting Load Kernel Module fuse...
[    7.378045] systemd[1]: Starting nftables...
[    7.380022] systemd[1]: Condition check resulted in Set Up Additional Binary Formats being skipped.
[    7.380323] systemd[1]: Condition check resulted in File System Check on Root Device being skipped.
[    7.386925] fuse: init (API version 7.33)
[    7.396982] systemd[1]: Starting Journal Service...
[    7.412289] systemd[1]: Starting Load Kernel Modules...
[    7.424911] systemd[1]: Starting Remount Root and Kernel File Systems...
[    7.436492] systemd[1]: Starting Coldplug All udev Devices...
[    7.453020] EXT4-fs (vdiska2): re-mounted. Opts: errors=remount-ro. Quota mode: none.
[    7.456555] systemd[1]: Started Journal Service.
[    7.532982] systemd-journald[388]: Received client request to flush runtime journal.
[    7.957083] sha1_sparc64: Using sparc64 sha1 opcode optimized SHA-1 implementation
[    7.959854] sha256_sparc64: Using sparc64 sha256 opcode optimized SHA-256/SHA-224 implementation
[    7.962723] sha512_sparc64: Using sparc64 sha512 opcode optimized SHA-512/SHA-384 implementation
[    7.964030] md5_sparc64: Using sparc64 md5 opcode optimized MD5 implementation
[    7.966740] aes_sparc64: Using sparc64 aes opcodes optimized AES implementation
[    7.970985] des_sparc64: Using sparc64 des opcodes optimized DES implementation
[    7.977304] camellia_sparc64: Using sparc64 camellia opcodes optimized CAMELLIA implementation
[    8.263964] Adding 787176k swap on /dev/vdiska4.  Priority:-2 extents:1 across:787176k FS
[    8.421483] EXT4-fs (vdiska1): mounting ext3 file system using the ext4 subsystem
[    8.429702] EXT4-fs (vdiska1): mounted filesystem with ordered data mode. Opts: (null). Quota mode: none.
[    8.429935] ext3 filesystem being mounted at /boot supports timestamps until 2038 (0x7fffffff)
[    8.487555] XFS (dm-0): Mounting V5 Filesystem
[    8.679601] XFS (dm-0): Ending clean mount
[    8.681795] xfs filesystem being mounted at /1 supports timestamps until 2038 (0x7fffffff)
[    9.451729] random: crng init done
[    9.451792] random: 5 urandom warning(s) missed due to ratelimiting
