[    0.000021] PROMLIB: Sun IEEE Boot Prom 'OBP 4.38.12 2018/03/28 14:54'
[    0.000032] PROMLIB: Root node compatible: sun4v
[    0.000083] Linux version 5.9.0-rc8-00208-g4d004099a668 (mator@ttip) (gcc (Debian 10.2.0-15) 10.2.0, GNU ld (GNU Binutils for Debian) 2.35.1) #112 SMP Wed Oct 21 17:44:42 MSK 2020
[    0.000418] printk: bootconsole [earlyprom0] enabled
[    0.000468] ARCH: SUN4V
[    0.000517] Ethernet address: 00:14:4f:fa:06:f2
[    0.000569] MM: PAGE_OFFSET is 0xfff8000000000000 (max_phys_bits == 47)
[    0.000633] MM: VMALLOC [0x0000000100000000 --> 0x0006000000000000]
[    0.000695] MM: VMEMMAP [0x0006000000000000 --> 0x000c000000000000]
[    0.012638] Kernel: Using 5 locked TLB entries for main kernel image.
[    0.012708] Remapping the kernel... 
[    0.012730] done.
[    0.045607] OF stdout device is: /virtual-devices@100/console@1
[    0.045670] PROM: Built device tree with 86758 bytes of memory.
[    0.045729] MDESC: Size is 36512 bytes.
[    0.045843] PLATFORM: banner-name [SPARC T5-2]
[    0.045893] PLATFORM: name [ORCL,SPARC-T5-2]
[    0.045938] PLATFORM: hostid [84fa06f2]
[    0.045981] PLATFORM: serial# [0035260e]
[    0.046023] PLATFORM: stick-frequency [3b9aca00]
[    0.046071] PLATFORM: mac-address [144ffa06f2]
[    0.046117] PLATFORM: watchdog-resolution [1000 ms]
[    0.046167] PLATFORM: watchdog-max-timeout [31536000000 ms]
[    0.046222] PLATFORM: max-cpus [1024]
[    0.050970] Allocated 40960 bytes for kernel page tables.
[    0.051057] Zone ranges:
[    0.051097]   Normal   [mem 0x0000000030400000-0x00000024af937fff]
[    0.051159] Movable zone start for each node
[    0.051206] Early memory node ranges
[    0.051246]   node   0: [mem 0x0000000030400000-0x000000006fe7ffff]
[    0.051307]   node   0: [mem 0x000000006ff00000-0x000000006ff25fff]
[    0.051369]   node   0: [mem 0x0000000070000000-0x000000042fffffff]
[    0.051430]   node   0: [mem 0x0000002030000000-0x00000024af87ffff]
[    0.051490]   node   0: [mem 0x00000024af900000-0x00000024af925fff]
[    0.051551]   node   0: [mem 0x00000024af930000-0x00000024af937fff]
[    0.064896] Zeroed struct page in unavailable ranges: 263766 pages
[    0.064905] Initmem setup node 0 [mem 0x0000000030400000-0x00000024af937fff]
[    0.065064] On node 0 totalpages: 4454826
[    0.065073]   Normal zone: 39154 pages used for memmap
[    0.065078]   Normal zone: 0 pages reserved
[    0.065084]   Normal zone: 4454826 pages, LIFO batch:31
[    0.224058] Booting Linux...
[    0.224144] CPU CAPS: [flush,stbar,swap,muldiv,v9,blkinit,n2,mul32]
[    0.224226] CPU CAPS: [div32,v8plus,popc,vis,vis2,ASIBlkInit,fmaf,vis3]
[    0.225304] CPU CAPS: [hpc,ima,pause,cbcond,aes,des,kasumi,camellia]
[    0.225375] CPU CAPS: [md5,sha1,sha256,sha512,mpmul,montmul,montsqr,crc32c]
[    0.255173] percpu: Embedded 28 pages/cpu s184784 r8192 d36400 u262144
[    0.255387] pcpu-alloc: s184784 r8192 d36400 u262144 alloc=1*4194304
[    0.255393] pcpu-alloc: [0] 000 001 002 003 004 005 006 007 008 009 010 011 012 013 014 015 
[    0.255419] pcpu-alloc: [0] 016 017 018 019 020 021 022 023 024 025 026 027 028 029 030 031 
[    0.255445] pcpu-alloc: [0] 032 033 034 035 036 037 038 039 040 041 042 043 044 045 046 047 
[    0.255471] pcpu-alloc: [0] 048 049 050 051 052 053 054 055 056 057 058 059 060 061 062 063 
[    0.255496] pcpu-alloc: [0] 064 065 066 067 068 069 070 071 072 073 074 075 076 077 078 079 
[    0.255522] pcpu-alloc: [0] 080 081 082 083 084 085 086 087 088 089 090 091 092 093 094 095 
[    0.255547] pcpu-alloc: [0] 096 097 098 099 100 101 102 103 104 105 106 107 108 109 110 111 
[    0.255573] pcpu-alloc: [0] 112 113 114 115 116 117 118 119 120 121 122 123 124 125 126 127 
[    0.256014] SUN4V: Mondo queue sizes [cpu(131072) dev(16384) r(8192) nr(256)]
[    0.256394] Built 1 zonelists, mobility grouping on.  Total pages: 4415672
[    0.256463] Policy zone: Normal
[    0.256520] Kernel command line: BOOT_IMAGE=/vmlinux-5.9.0-rc8-00208-g4d004099a668 root=/dev/vdiska2 ro zswap.enabled=1
[    0.259328] printk: log_buf_len individual max cpu contribution: 4096 bytes
[    0.259401] printk: log_buf_len total cpu_extra contributions: 520192 bytes
[    0.259468] printk: log_buf_len min size: 131072 bytes
[    0.259740] printk: log_buf_len: 1048576 bytes
[    0.259792] printk: early log buf free: 126688(96%)
[    0.266103] Dentry cache hash table entries: 8388608 (order: 13, 67108864 bytes, linear)
[    0.269338] Inode-cache hash table entries: 4194304 (order: 12, 33554432 bytes, linear)
[    0.269414] Sorting __ex_table...
[    0.269656] mem auto-init: stack:off, heap alloc:off, heap free:off
[    0.376327] Memory: 35127688K/35638608K available (8329K kernel code, 1094K rwdata, 2480K rodata, 680K init, 6920K bss, 510920K reserved, 0K cma-reserved)
[    0.376969] SLUB: HWalign=32, Order=0-3, MinObjects=0, CPUs=128, Nodes=32
[    0.377235] ftrace: allocating 23120 entries in 46 pages
[    0.386338] ftrace: allocated 46 pages with 4 groups
[    0.389199] Running RCU self tests
[    0.389593] rcu: Hierarchical RCU implementation.
[    0.389645] rcu: 	RCU event tracing is enabled.
[    0.389691] rcu: 	RCU lockdep checking is enabled.
[    0.389742] 	Trampoline variant of Tasks RCU enabled.
[    0.389790] 	Rude variant of Tasks RCU enabled.
[    0.389836] 	Tracing variant of Tasks RCU enabled.
[    0.389884] rcu: RCU calculated value of scheduler-enlistment delay is 10 jiffies.
[    0.394342] NR_IRQS: 2048, nr_irqs: 2048, preallocated irqs: 1
[    0.394419] SUN4V: Using IRQ API major 3, cookie only virqs enabled
[    0.396915] clocksource: stick: mask: 0xffffffffffffffff max_cycles: 0x1cd42e4dffb, max_idle_ns: 881590591483 ns
[    0.397045] clocksource: mult[800000] shift[23]
[    0.397094] clockevent: mult[80000000] shift[31]
[    0.397492] Console: colour dummy device 80x25
[    0.397555] printk: console [tty0] enabled
[    0.397633] printk: bootconsole [earlyprom0] disabled
[    0.397719] Lock dependency validator: Copyright (c) 2006 Red Hat, Inc., Ingo Molnar
[    0.397773] ... MAX_LOCKDEP_SUBCLASSES:  8
[    0.397805] ... MAX_LOCK_DEPTH:          48
[    0.397838] ... MAX_LOCKDEP_KEYS:        8192
[    0.397872] ... CLASSHASH_SIZE:          4096
[    0.397906] ... MAX_LOCKDEP_ENTRIES:     16384
[    0.397940] ... MAX_LOCKDEP_CHAINS:      32768
[    0.397974] ... CHAINHASH_SIZE:          16384
[    0.398008]  memory used by lock dependency info: 3983 kB
[    0.398047]  memory used for stack traces: 2112 kB
[    0.398083]  per task-struct memory footprint: 1920 bytes
[    0.547321] Calibrating delay using timer specific routine.. 2003.52 BogoMIPS (lpj=10017612)
[    0.547385] pid_max: default: 131072 minimum: 1024
[    0.547688] LSM: Security Framework initializing
[    0.547855] AppArmor: AppArmor initialized
[    0.548156] Mount-cache hash table entries: 131072 (order: 7, 1048576 bytes, linear)
[    0.548326] Mountpoint-cache hash table entries: 131072 (order: 7, 1048576 bytes, linear)
[    0.554107] rcu: Hierarchical SRCU implementation.
[    0.565171] smp: Bringing up secondary CPUs ...
[    0.566439] ------------[ cut here ]------------
[    0.566457] WARNING: CPU: 0 PID: 1 at kernel/locking/lockdep.c:4910 check_flags+0x9c/0x2c0
[    0.566466] DEBUG_LOCKS_WARN_ON(lockdep_hardirqs_enabled())
[    0.566468] Modules linked in:
[    0.566483] CPU: 0 PID: 1 Comm: swapper/0 Not tainted 5.9.0-rc8-00208-g4d004099a668 #112
[    0.566492] Call Trace:
[    0.566503] [<00000000004727a8>] __warn+0xa8/0x120
[    0.566511] [<0000000000472c10>] warn_slowpath_fmt+0x64/0x74
[    0.566518] [<00000000004e87dc>] check_flags+0x9c/0x2c0
[    0.566528] [<0000000000c19ec8>] lock_is_held_type+0x128/0x180
[    0.566540] [<00000000005099d4>] rcu_read_lock_sched_held+0x54/0xa0
[    0.566548] [<00000000004ed820>] lock_acquire+0x120/0x4c0
[    0.566558] [<0000000000c237d0>] _raw_spin_lock+0x30/0x60
[    0.566568] [<00000000009bb77c>] p1275_cmd_direct+0x1c/0x60
[    0.566575] [<00000000009bb650>] prom_startcpu_cpuid+0x30/0x40
[    0.566584] [<00000000004427e4>] __cpu_up+0x184/0x3a0
[    0.566592] [<0000000000474600>] bringup_cpu+0x20/0x120
[    0.566599] [<000000000047378c>] cpuhp_invoke_callback+0xec/0x340
[    0.566607] [<0000000000475494>] cpu_up+0x154/0x220
[    0.566615] [<0000000000475d20>] bringup_nonboot_cpus+0x60/0xa0
[    0.566629] [<0000000000fbc338>] smp_init+0x28/0xa0
[    0.566640] [<0000000000fad3b4>] kernel_init_freeable+0x18c/0x300
[    0.566647] irq event stamp: 5135
[    0.566654] hardirqs last  enabled at (5135): [<0000000000c23be8>] _raw_spin_unlock_irqrestore+0x28/0x60
[    0.566664] hardirqs last disabled at (5134): [<0000000000c239a0>] _raw_spin_lock_irqsave+0x20/0x80
[    0.566675] softirqs last  enabled at (1470): [<0000000000c26760>] __do_softirq+0x4e0/0x560
[    0.566689] softirqs last disabled at (1463): [<000000000042d394>] do_softirq_own_stack+0x34/0x60
[    0.566701] random: get_random_bytes called from __warn+0xc8/0x120 with crng_init=0
[    0.566706] ---[ end trace ba10b795d3a44177 ]---
[    0.566718] possible reason: unannotated irqs-off.
[    0.566724] irq event stamp: 5135
[    0.566730] hardirqs last  enabled at (5135): [<0000000000c23be8>] _raw_spin_unlock_irqrestore+0x28/0x60
[    0.566740] hardirqs last disabled at (5134): [<0000000000c239a0>] _raw_spin_lock_irqsave+0x20/0x80
[    0.566750] softirqs last  enabled at (1470): [<0000000000c26760>] __do_softirq+0x4e0/0x560
[    0.566760] softirqs last disabled at (1463): [<000000000042d394>] do_softirq_own_stack+0x34/0x60
[    0.582732] smp: Brought up 1 node, 32 CPUs
[    0.585127] devtmpfs: initialized
[    0.586581] Performance events: 
[    0.586607] Testing NMI watchdog ... 
[    0.786662] OK.
[    0.786706] Supported PMU type is 'niagara5'
[    0.787185] ldc.c:v1.1 (July 22, 2008)
[    0.788292] clocksource: jiffies: mask: 0xffffffff max_cycles: 0xffffffff, max_idle_ns: 19112604462750000 ns
[    0.788325] futex hash table entries: 32768 (order: 9, 4194304 bytes, linear)
[    0.790676] NET: Registered protocol family 16
[    0.794266] VIO: Adding device channel-devices (tx_ino = ffffffffffffffff, rx_ino = ffffffffffffffff)
[    0.794332] VIO: Adding device vnet-port-0-0 (tx_ino = 0, rx_ino = 1)
[    0.794384] VIO: Adding device vnet-port-0-1 (tx_ino = 2, rx_ino = 3)
[    0.794435] VIO: Adding device vnet-port-0-2 (tx_ino = 4, rx_ino = 5)
[    0.794489] VIO: Adding device vnet-port-0-3 (tx_ino = 6, rx_ino = 7)
[    0.794545] VIO: Adding device vnet-port-0-4 (tx_ino = 8, rx_ino = 9)
[    0.794596] VIO: Adding device vnet-port-0-5 (tx_ino = a, rx_ino = b)
[    0.794650] VIO: Adding device vdc-port-2-0 (tx_ino = c, rx_ino = d)
[    0.794700] VIO: Adding device vdc-port-1-0 (tx_ino = e, rx_ino = f)
[    0.794751] VIO: Adding device vdc-port-0-0 (tx_ino = 10, rx_ino = 11)
[    0.794804] VIO: Adding device vdc-port-3-0 (tx_ino = 12, rx_ino = 13)
[    0.794855] VIO: Adding device vlds-port-0-0 (tx_ino = 14, rx_ino = 15)
[    0.794908] VIO: Adding device domain-services-port-0 (tx_ino = 14, rx_ino = 15)
[    0.795001] audit: initializing netlink subsys (disabled)
[    0.795139] audit: type=2000 audit(0.390:1): state=initialized audit_enabled=0 res=1
[    0.805956] HugeTLB registered 64.0 KiB page size, pre-allocated 0 pages
[    0.805967] HugeTLB registered 8.00 MiB page size, pre-allocated 0 pages
[    0.805976] HugeTLB registered 256 MiB page size, pre-allocated 0 pages
[    0.805984] HugeTLB registered 2.00 GiB page size, pre-allocated 0 pages
[    0.806908] alg: extra crypto tests enabled.  This is intended for developer use only.
[    0.826919] cryptd: max_cpu_qlen set to 1000
[    0.890098] vgaarb: loaded
[    0.890590] NetLabel: Initializing
[    0.890598] NetLabel:  domain hash size = 128
[    0.890605] NetLabel:  protocols = UNLABELED CIPSOv4 CALIPSO
[    0.890646] NetLabel:  unlabeled traffic allowed by default
[    0.891132] SUN4V: Reboot data supported (maj=1,min=0).
[    0.891279] ds.c:v1.0 (Jul 11, 2007)
[    0.891441] ds-0: ds_conn_reset() from send_events
[    0.891617] clocksource: Switched to clocksource stick
[    0.975047] VFS: Disk quotas dquot_6.6.0
[    0.975127] VFS: Dquot-cache hash table entries: 1024 (order 0, 8192 bytes)
[    0.975899] AppArmor: AppArmor Filesystem Enabled
[    0.980559] NET: Registered protocol family 2
[    0.981466] tcp_listen_portaddr_hash hash table entries: 32768 (order: 8, 2621440 bytes, linear)
[    0.982685] TCP established hash table entries: 524288 (order: 9, 4194304 bytes, linear)
[    0.984831] TCP bind hash table entries: 65536 (order: 9, 4718592 bytes, linear)
[    0.987005] TCP: Hash tables configured (established 524288 bind 65536)
[    0.988007] UDP hash table entries: 32768 (order: 9, 5242880 bytes, linear)
[    0.990692] UDP-Lite hash table entries: 32768 (order: 9, 5242880 bytes, linear)
[    0.994510] NET: Registered protocol family 1
[    0.994534] NET: Registered protocol family 44
[    0.994561] PCI: CLS 0 bytes, default 64
[    0.994753] Trying to unpack rootfs image as initramfs...
[    1.129946] Freeing initrd memory: 14624K
[    1.130300] aes_sparc64: Using sparc64 aes opcodes optimized AES implementation
[    1.373432] des_sparc64: Using sparc64 des opcodes optimized DES implementation
[    1.811508] camellia_sparc64: Using sparc64 camellia opcodes optimized CAMELLIA implementation
[    1.958738] workingset: timestamp_bits=41 max_order=23 bucket_order=0
[    1.963968] zbud: loaded
[    1.966272] SGI XFS with ACLs, security attributes, quota, fatal assert, debug enabled
[    1.991698] Block layer SCSI generic (bsg) driver version 0.4 loaded (major 252)
[    1.992269] io scheduler mq-deadline registered
[    1.993847] f029b788: ttyHV0 at I/O 0x0 (irq = 1, base_baud = 115200) is a SUN4V HCONS
[    1.994262] printk: console [ttyHV0] enabled
[    1.995982] sunvdc.c:v1.2 (November 24, 2014)
[    1.999365] sunvdc: Virtual Hard disk vdiskc
[    1.999379] sunvdc: vdiskc: 104857600 sectors (51200 MB) protocol 1.2
[    2.009835] sunvdc: Virtual Hard disk vdiskb
[    2.009857] sunvdc: vdiskb: 62914560 sectors (30720 MB) protocol 1.2
[    2.010911]  vdiskb: vdiskb1
[    2.020681] sunvdc: Virtual Hard disk vdiska
[    2.020700] sunvdc: vdiska: 31457280 sectors (15360 MB) protocol 1.2
[    2.021790]  vdiska: vdiska1 vdiska2 vdiska3 vdiska4
[    2.040607] sunvdc: Virtual CDROM vdiskd
[    2.040632] sunvdc: vdiskd: 453848 sectors (221 MB) protocol 1.2
[    2.041701]  vdiskd: vdiskd1 vdiskd2 vdiskd3 vdiskd4 vdiskd5 vdiskd6 vdiskd7
[    2.049116] sunvnet: sunvnet 2.0 (February 3, 2017)
[    2.050152] vnet_port vnet-port-0-0 eth0: Sun LDOM vnet 00:14:4f:f8:12:a3
[    2.050248] sunvnet: eth0: PORT ( remote-mac 00:14:4f:fa:f3:f0 switch-port )
[    2.050668] sunvnet: eth0: PORT ( remote-mac 00:14:4f:f8:e5:f3 )
[    2.051092] sunvnet: eth0: PORT ( remote-mac 00:14:4f:f9:b4:97 )
[    2.051496] sunvnet: eth0: PORT ( remote-mac 00:14:4f:f8:3f:1e )
[    2.051937] sunvnet: eth0: PORT ( remote-mac 00:14:4f:f8:fe:47 )
[    2.052333] sunvnet: eth0: PORT ( remote-mac 00:14:4f:fb:b5:00 )
[    2.053094] rtc-sun4v rtc-sun4v: registered as rtc0
[    2.053152] rtc-sun4v rtc-sun4v: setting system clock to 2020-10-21T14:57:50 UTC (1603292270)
[    2.053326] sun4v_wdt: initialized (timeout=60s, nowayout=0)
[    2.053524] device-mapper: uevent: version 1.0.3
[    2.053996] device-mapper: ioctl: 4.42.0-ioctl (2020-02-27) initialised: dm-devel@redhat.com
[    2.054554] NET: Registered protocol family 17
[    2.054708] registered taskstats version 1
[    2.055210] zswap: loaded using pool lzo/zbud
[    2.055911] AppArmor: AppArmor sha1 policy hashing enabled
[    2.057963] This architecture does not have kernel memory protection.
[    2.057982] Run /init as init process
[    2.057992]   with arguments:
[    2.057999]     /init
[    2.058006]   with environment:
[    2.058013]     HOME=/
[    2.058020]     TERM=linux
[    2.058027]     BOOT_IMAGE=/vmlinux-5.9.0-rc8-00208-g4d004099a668
[    2.280804] crc32c_sparc64: Using sparc64 crc32c opcode optimized CRC32C implementation
[    2.281904] random: lvm: uninitialized urandom read (4 bytes read)
[    2.315609] random: lvm: uninitialized urandom read (2 bytes read)
[    2.811601] raid6: int64x8  gen()  2159 MB/s
[    2.981619] raid6: int64x8  xor()  1520 MB/s
[    3.151601] raid6: int64x4  gen()  3371 MB/s
[    3.321592] raid6: int64x4  xor()  1462 MB/s
[    3.491595] raid6: int64x2  gen()  2916 MB/s
[    3.661603] raid6: int64x2  xor()  1112 MB/s
[    3.831592] raid6: int64x1  gen()  1417 MB/s
[    4.001627] raid6: int64x1  xor()   712 MB/s
[    4.001651] raid6: using algorithm int64x4 gen() 3371 MB/s
[    4.001660] raid6: .... xor() 1462 MB/s, rmw enabled
[    4.001668] raid6: using intx1 recovery algorithm
[    4.002175] async_tx: api initialized (async)
[    4.002419] xor: automatically using best checksumming function   Niagara   
[    4.083638] random: fast init done
[    4.216619] EXT4-fs (vdiska2): mounted filesystem with ordered data mode. Opts: (null)
[    5.601961] systemd[1]: Inserted module 'autofs4'
[    5.608269] NET: Registered protocol family 10
[    5.612031] Segment Routing with IPv6
[    5.690325] systemd[1]: systemd 246.6-2 running in system mode. (+PAM +AUDIT +SELINUX +IMA +APPARMOR +SMACK +SYSVINIT +UTMP +LIBCRYPTSETUP +GCRYPT +GNUTLS +ACL +XZ +LZ4 +ZSTD -SECCOMP +BLKID +ELFUTILS +KMOD +IDN2 -IDN +PCRE2 default-hierarchy=hybrid)
[    5.690747] systemd[1]: Detected architecture sparc64.
[    5.766085] systemd[1]: Set hostname to <ttip>.
[    6.486074] random: lvmconfig: uninitialized urandom read (4 bytes read)
[    7.467369] systemd[1]: Queued start job for default target Multi-User System.
[    7.468350] random: systemd: uninitialized urandom read (16 bytes read)
[    7.490320] systemd[1]: Created slice system-getty.slice.
[    7.490716] random: systemd: uninitialized urandom read (16 bytes read)
[    7.498917] systemd[1]: Created slice system-modprobe.slice.
[    7.499130] random: systemd: uninitialized urandom read (16 bytes read)
[    7.507068] systemd[1]: Created slice system-openvpn\x2dclient.slice.
[    7.507275] random: systemd: uninitialized urandom read (16 bytes read)
[    7.522105] systemd[1]: Created slice system-postfix.slice.
[    7.522325] random: systemd: uninitialized urandom read (16 bytes read)
[    7.530251] systemd[1]: Created slice system-systemd\x2dfsck.slice.
[    7.538540] systemd[1]: Created slice User and Session Slice.
[    7.538979] systemd[1]: Started Dispatch Password Requests to Console Directory Watch.
[    7.539358] systemd[1]: Started Forward Password Requests to Wall Directory Watch.
[    7.540651] systemd[1]: Set up automount Arbitrary Executable File Formats File System Automount Point.
[    7.540961] systemd[1]: Reached target Local Encrypted Volumes.
[    7.541254] systemd[1]: Reached target Paths.
[    7.541495] systemd[1]: Reached target Slices.
[    7.545068] systemd[1]: Listening on Device-mapper event daemon FIFOs.
[    7.545598] systemd[1]: Listening on LVM2 poll daemon socket.
[    7.567737] systemd[1]: Listening on RPCbind Server Activation Socket.
[    7.568514] systemd[1]: Listening on Syslog Socket.
[    7.569059] systemd[1]: Listening on fsck to fsckd communication Socket.
[    7.569443] systemd[1]: Listening on initctl Compatibility Named Pipe.
[    7.570128] systemd[1]: Listening on Journal Audit Socket.
[    7.570608] systemd[1]: Listening on Journal Socket (/dev/log).
[    7.571191] systemd[1]: Listening on Journal Socket.
[    7.575337] systemd[1]: Listening on udev Control Socket.
[    7.575792] systemd[1]: Listening on udev Kernel Socket.
[    7.586269] systemd[1]: Mounting Huge Pages File System...
[    7.596796] systemd[1]: Mounting POSIX Message Queue File System...
[    7.620035] systemd[1]: Mounting RPC Pipe File System...
[    7.630908] systemd[1]: Mounting Kernel Debug File System...
[    7.642003] systemd[1]: Mounting Kernel Trace File System...
[    7.642529] systemd[1]: Condition check resulted in Kernel Module supporting RPCSEC_GSS being skipped.
[    7.643123] systemd[1]: Finished Availability of block devices.
[    7.653638] systemd[1]: Starting Wait for network to be configured by ifupdown...
[    7.664805] systemd[1]: Starting Create list of static device nodes for the current kernel...
[    7.675062] systemd[1]: Starting Monitoring of LVM2 mirrors, snapshots etc. using dmeventd or progress polling...
[    7.678685] RPC: Registered named UNIX socket transport module.
[    7.678701] RPC: Registered udp transport module.
[    7.678710] RPC: Registered tcp transport module.
[    7.678719] RPC: Registered tcp NFSv4.1 backchannel transport module.
[    7.685452] systemd[1]: Starting Load Kernel Module drm...
[    7.695816] systemd[1]: Starting nftables...
[    7.696956] systemd[1]: Condition check resulted in Set Up Additional Binary Formats being skipped.
[    7.697097] systemd[1]: Condition check resulted in File System Check on Root Device being skipped.
[    7.712853] systemd[1]: Starting Journal Service...
[    7.724094] systemd[1]: Starting Load Kernel Modules...
[    7.734631] systemd[1]: Starting Remount Root and Kernel File Systems...
[    7.745318] systemd[1]: Starting Coldplug All udev Devices...
[    7.751121] systemd[1]: Mounted Huge Pages File System.
[    7.751899] systemd[1]: Mounted POSIX Message Queue File System.
[    7.752585] systemd[1]: Mounted RPC Pipe File System.
[    7.753247] systemd[1]: Mounted Kernel Debug File System.
[    7.753919] systemd[1]: Mounted Kernel Trace File System.
[    7.756236] systemd[1]: Finished Wait for network to be configured by ifupdown.
[    7.758616] systemd[1]: Finished Create list of static device nodes for the current kernel.
[    7.759810] systemd[1]: modprobe@drm.service: Succeeded.
[    7.761361] systemd[1]: Finished Load Kernel Module drm.
[    7.819569] EXT4-fs (vdiska2): re-mounted. Opts: errors=remount-ro
[    7.823962] systemd[1]: Finished Load Kernel Modules.
[    7.826326] systemd[1]: Finished Remount Root and Kernel File Systems.
[    7.827171] systemd[1]: Condition check resulted in FUSE Control File System being skipped.
[    7.827417] systemd[1]: Condition check resulted in Kernel Configuration File System being skipped.
[    7.897508] systemd[1]: Starting Initial Check File System Quotas...
[    7.931192] systemd[1]: Condition check resulted in Rebuild Hardware Database being skipped.
[    7.931352] systemd[1]: Condition check resulted in Platform Persistent Storage Archival being skipped.
[    7.941821] systemd[1]: Starting Load/Save Random Seed...
[    7.952150] systemd[1]: Starting Apply Kernel Variables...
[    7.963064] systemd[1]: Starting Create System Users...
[    7.964354] systemd[1]: Started Journal Service.
[    8.341190] ------------[ cut here ]------------
[    8.341231] WARNING: CPU: 10 PID: 505 at net/netfilter/nf_tables_api.c:622 nft_chain_parse_hook+0x7c/0x360 [nf_tables]
[    8.341244] Modules linked in: nf_tables nfnetlink sunrpc ip_tables x_tables ipv6 crc_ccitt autofs4 ext4 crc16 mbcache jbd2 raid10 raid456 async_raid6_recov async_memcpy async_pq async_xor xor async_tx raid6_pq raid1 raid0 multipath linear md_mod crc32c_sparc64
[    8.341303] CPU: 10 PID: 505 Comm: nft Tainted: G        W         5.9.0-rc8-00208-g4d004099a668 #112
[    8.341314] Call Trace:
[    8.341328] [<00000000004727a8>] __warn+0xa8/0x120
[    8.341337] [<0000000000472be0>] warn_slowpath_fmt+0x34/0x74
[    8.341351] [<00000000100c19fc>] nft_chain_parse_hook+0x7c/0x360 [nf_tables]
[    8.341364] [<00000000100c4ca8>] nf_tables_addchain.constprop.0+0x48/0x5a0 [nf_tables]
[    8.341379] [<00000000100c5908>] nf_tables_newchain+0x708/0x820 [nf_tables]
[    8.341390] [<00000000100ae9c4>] nfnetlink_rcv_batch+0x4a4/0x780 [nfnetlink]
[    8.341400] [<00000000100aedb0>] nfnetlink_rcv+0x110/0x140 [nfnetlink]
[    8.341412] [<0000000000b2a610>] netlink_unicast+0x150/0x2a0
[    8.341421] [<0000000000b2b57c>] netlink_sendmsg+0x3dc/0x460
[    8.341433] [<0000000000a96894>] sock_sendmsg+0x34/0x80
[    8.341441] [<0000000000a97f6c>] ____sys_sendmsg+0x1ac/0x220
[    8.341450] [<0000000000a9a008>] ___sys_sendmsg+0x48/0x80
[    8.341459] [<0000000000a9a0e8>] __sys_sendmsg+0x48/0x80
[    8.341467] [<0000000000a9a138>] sys_sendmsg+0x18/0x40
[    8.341478] [<00000000004062b4>] linux_sparc_syscall+0x34/0x44
[    8.341486] irq event stamp: 0
[    8.341495] hardirqs last  enabled at (0): [<0000000000000000>] 0x0
[    8.341506] hardirqs last disabled at (0): [<00000000004703c8>] copy_process+0x708/0x1800
[    8.341518] softirqs last  enabled at (0): [<00000000004703c8>] copy_process+0x708/0x1800
[    8.341528] softirqs last disabled at (0): [<0000000000000000>] 0x0
[    8.341537] ---[ end trace ba10b795d3a44179 ]---
[    9.126057] sha1_sparc64: Using sparc64 sha1 opcode optimized SHA-1 implementation
[    9.192657] n2rng v0.3 (Jan 7, 2017)
[    9.192704] n2rng f029b104: Registered RNG HVAPI major 2 minor 0
[    9.192722] n2rng f029b104: Found multi-unit-capable RNG, units: 2
[    9.193085] n2rng f029b104: RNG ready
[    9.276660] sha256_sparc64: Using sparc64 sha256 opcode optimized SHA-256/SHA-224 implementation
[    9.304154] pktcdvd: setup of pktcdvd device failed
[    9.330792] pktcdvd: setup of pktcdvd device failed
[    9.333780] pktcdvd: setup of pktcdvd device failed
[    9.336587] pktcdvd: setup of pktcdvd device failed
[    9.339218] pktcdvd: setup of pktcdvd device failed
[    9.341944] pktcdvd: setup of pktcdvd device failed
[    9.344529] pktcdvd: setup of pktcdvd device failed
[    9.347355] pktcdvd: setup of pktcdvd device failed
[    9.404098] sha512_sparc64: Using sparc64 sha512 opcode optimized SHA-512/SHA-384 implementation
[    9.409465] md5_sparc64: Using sparc64 md5 opcode optimized MD5 implementation
[    9.453801] XFS (dm-0): Mounting V5 Filesystem
[    9.507848] XFS (dm-0): Ending clean mount
[    9.514162] xfs filesystem being mounted at /1 supports timestamps until 2038 (0x7fffffff)
[    9.571667] Adding 787176k swap on /dev/vdiska4.  Priority:-2 extents:1 across:787176k FS
[    9.781139] EXT4-fs (vdiska1): mounting ext3 file system using the ext4 subsystem
[    9.981898] EXT4-fs (vdiska1): mounted filesystem with ordered data mode. Opts: (null)
[    9.982014] ext3 filesystem being mounted at /boot supports timestamps until 2038 (0x7fffffff)
[   10.676211] Kernel unaligned access at TPC[8d611c] aa_dfa_unpack+0x3c/0x640
[   10.676247] Kernel unaligned access at TPC[8d6130] aa_dfa_unpack+0x50/0x640
[   10.676268] Kernel unaligned access at TPC[8d61f4] aa_dfa_unpack+0x114/0x640
[   10.676289] Kernel unaligned access at TPC[8d62c4] aa_dfa_unpack+0x1e4/0x640
[   10.676308] Kernel unaligned access at TPC[8d62d8] aa_dfa_unpack+0x1f8/0x640
[   10.680685] audit: type=1400 audit(1603292279.110:2): apparmor="STATUS" operation="profile_load" profile="unconfined" name="/usr/sbin/haveged" pid=682 comm="apparmor_parser"
[   10.683803] audit: type=1400 audit(1603292279.120:3): apparmor="STATUS" operation="profile_load" profile="unconfined" name="nvidia_modprobe" pid=684 comm="apparmor_parser"
[   10.683832] audit: type=1400 audit(1603292279.120:4): apparmor="STATUS" operation="profile_load" profile="unconfined" name="nvidia_modprobe//kmod" pid=684 comm="apparmor_parser"
[   10.700257] audit: type=1400 audit(1603292279.130:5): apparmor="STATUS" operation="profile_load" profile="unconfined" name="lsb_release" pid=689 comm="apparmor_parser"
[   10.719422] audit: type=1400 audit(1603292279.150:6): apparmor="STATUS" operation="profile_load" profile="unconfined" name="/usr/bin/man" pid=685 comm="apparmor_parser"
[   10.719456] audit: type=1400 audit(1603292279.150:7): apparmor="STATUS" operation="profile_load" profile="unconfined" name="man_filter" pid=685 comm="apparmor_parser"
[   10.719480] audit: type=1400 audit(1603292279.150:8): apparmor="STATUS" operation="profile_load" profile="unconfined" name="man_groff" pid=685 comm="apparmor_parser"
[   10.744783] audit: type=1400 audit(1603292279.180:9): apparmor="STATUS" operation="profile_load" profile="unconfined" name="named" pid=688 comm="apparmor_parser"
[   10.748844] audit: type=1400 audit(1603292279.180:10): apparmor="STATUS" operation="profile_load" profile="unconfined" name="tcpdump" pid=687 comm="apparmor_parser"
[   11.358059] random: crng init done
[   11.358086] random: 2 urandom warning(s) missed due to ratelimiting
