[    0.000012] PROMLIB: Sun IEEE Boot Prom 'OBP 4.38.17 2019/01/25 08:22'
[    0.000027] PROMLIB: Root node compatible: sun4v
[    0.000071] Linux version 5.15.0-rc2-00027-gd9fb678414c0 (mator@ttip) (gcc (Debian 10.3.0-11) 10.3.0, GNU ld (GNU Binutils for Debian) 2.37) #277 SMP Tue Sep 21 12:21:32 MSK 2021
[    0.000380] printk: bootconsole [earlyprom0] enabled
[    0.000431] ARCH: SUN4V
[    0.000474] Ethernet address: 00:14:4f:fa:06:f2
[    0.000525] MM: PAGE_OFFSET is 0xfff8000000000000 (max_phys_bits == 47)
[    0.000588] MM: VMALLOC [0x0000000100000000 --> 0x0006000000000000]
[    0.000649] MM: VMEMMAP [0x0006000000000000 --> 0x000c000000000000]
[    0.015713] Kernel: Using 5 locked TLB entries for main kernel image.
[    0.015821] Remapping the kernel... 
[    0.015855] done.
[    0.035944] OF stdout device is: /virtual-devices@100/console@1
[    0.036024] PROM: Built device tree with 55713 bytes of memory.
[    0.036089] MDESC: Size is 18576 bytes.
[    0.036182] PLATFORM: banner-name [SPARC T5-2]
[    0.036228] PLATFORM: name [ORCL,SPARC-T5-2]
[    0.036274] PLATFORM: hostid [84fa06f2]
[    0.036313] PLATFORM: serial# [0035260e]
[    0.036354] PLATFORM: stick-frequency [3b9aca00]
[    0.036401] PLATFORM: mac-address [144ffa06f2]
[    0.036445] PLATFORM: watchdog-resolution [1000 ms]
[    0.036494] PLATFORM: watchdog-max-timeout [31536000000 ms]
[    0.036547] PLATFORM: max-cpus [1024]
[    0.036640] Top of RAM: 0x42f948000, Total RAM: 0x3ff3c4000
[    0.036700] Memory hole size: 773MB
[    0.038304] Allocated 24576 bytes for kernel page tables.
[    0.038392] Zone ranges:
[    0.038431]   Normal   [mem 0x0000000030400000-0x000000042f947fff]
[    0.038496] Movable zone start for each node
[    0.038542] Early memory node ranges
[    0.038579]   node   0: [mem 0x0000000030400000-0x000000006fefffff]
[    0.038644]   node   0: [mem 0x000000006ff80000-0x000000006ff89fff]
[    0.038706]   node   0: [mem 0x0000000070000000-0x000000042f8b1fff]
[    0.038771]   node   0: [mem 0x000000042f940000-0x000000042f947fff]
[    0.038834] Initmem setup node 0 [mem 0x0000000030400000-0x000000042f947fff]
[    0.047979] On node 0, zone Normal: 98816 pages in unavailable ranges
[    0.048006] On node 0, zone Normal: 64 pages in unavailable ranges
[    0.049314] On node 0, zone Normal: 59 pages in unavailable ranges
[    0.049387] On node 0, zone Normal: 71 pages in unavailable ranges
[    0.050991] On node 0, zone Normal: 33628 pages in unavailable ranges
[    0.051070] Booting Linux...
[    0.051185] CPU CAPS: [flush,stbar,swap,muldiv,v9,blkinit,n2,mul32]
[    0.051283] CPU CAPS: [div32,v8plus,popc,vis,vis2,ASIBlkInit,fmaf,vis3]
[    0.051380] CPU CAPS: [hpc,ima,pause,cbcond,aes,des,kasumi,camellia]
[    0.051474] CPU CAPS: [md5,sha1,sha256,sha512,mpmul,montmul,montsqr,crc32c]
[    0.108406] percpu: Embedded 18 pages/cpu s104976 r8192 d34288 u262144
[    0.108637] pcpu-alloc: s104976 r8192 d34288 u262144 alloc=1*4194304
[    0.108647] pcpu-alloc: [0] 000 001 002 003 004 005 006 007 008 009 010 011 012 013 014 015 
[    0.108699] pcpu-alloc: [0] 016 017 018 019 020 021 022 023 024 025 026 027 028 029 030 031 
[    0.108750] pcpu-alloc: [0] 032 033 034 035 036 037 038 039 040 041 042 043 044 045 046 047 
[    0.108801] pcpu-alloc: [0] 048 049 050 051 052 053 054 055 056 057 058 059 060 061 062 063 
[    0.108852] pcpu-alloc: [0] 064 065 066 067 068 069 070 071 072 073 074 075 076 077 078 079 
[    0.108902] pcpu-alloc: [0] 080 081 082 083 084 085 086 087 088 089 090 091 092 093 094 095 
[    0.108952] pcpu-alloc: [0] 096 097 098 099 100 101 102 103 104 105 106 107 108 109 110 111 
[    0.109003] pcpu-alloc: [0] 112 113 114 115 116 117 118 119 120 121 122 123 124 125 126 127 
[    0.109053] pcpu-alloc: [0] 128 129 130 131 132 133 134 135 136 137 138 139 140 141 142 143 
[    0.109103] pcpu-alloc: [0] 144 145 146 147 148 149 150 151 152 153 154 155 156 157 158 159 
[    0.109154] pcpu-alloc: [0] 160 161 162 163 164 165 166 167 168 169 170 171 172 173 174 175 
[    0.109204] pcpu-alloc: [0] 176 177 178 179 180 181 182 183 184 185 186 187 188 189 190 191 
[    0.109254] pcpu-alloc: [0] 192 193 194 195 196 197 198 199 200 201 202 203 204 205 206 207 
[    0.109304] pcpu-alloc: [0] 208 209 210 211 212 213 214 215 216 217 218 219 220 221 222 223 
[    0.109355] pcpu-alloc: [0] 224 225 226 227 228 229 230 231 232 233 234 235 236 237 238 239 
[    0.109405] pcpu-alloc: [0] 240 241 242 243 244 245 246 247 248 249 250 251 252 253 254 255 
[    0.109763] SUN4V: Mondo queue sizes [cpu(131072) dev(16384) r(8192) nr(256)]
[    0.109982] Built 1 zonelists, mobility grouping on.  Total pages: 2077166
[    0.110061] Kernel command line: BOOT_IMAGE=/vmlinux-5.15.0-rc2-00027-gd9fb678414c0 root=/dev/vdiska2 ro
[    0.110192] Unknown command line parameters: BOOT_IMAGE=/vmlinux-5.15.0-rc2-00027-gd9fb678414c0
[    0.110273] printk: log_buf_len individual max cpu contribution: 4096 bytes
[    0.110335] printk: log_buf_len total cpu_extra contributions: 1044480 bytes
[    0.110397] printk: log_buf_len min size: 131072 bytes
[    0.112193] printk: log_buf_len: 2097152 bytes
[    0.112244] printk: early log buf free: 126400(96%)
[    0.113917] Dentry cache hash table entries: 2097152 (order: 11, 16777216 bytes, linear)
[    0.114814] Inode-cache hash table entries: 1048576 (order: 10, 8388608 bytes, linear)
[    0.114889] Sorting __ex_table...
[    0.115111] mem auto-init: stack:off, heap alloc:off, heap free:off
[    0.119266] Memory: 1260664K/16764688K available (8868K kernel code, 1732K rwdata, 2944K rodata, 616K init, 3131K bss, 287976K reserved, 0K cma-reserved)
[    0.119430] random: get_random_u64 called from kmem_cache_open+0xc/0x280 with crng_init=0
[    0.122428] SLUB: HWalign=32, Order=0-3, MinObjects=0, CPUs=256, Nodes=1
[    0.123234] ftrace: allocating 27645 entries in 54 pages
[    0.138028] ftrace: allocated 54 pages with 4 groups
[    0.138890] trace event string verifier disabled
[    0.153901] rcu: Hierarchical RCU implementation.
[    0.154131] rcu: 	RCU debug extended QS entry/exit.
[    0.154336] 	Trampoline variant of Tasks RCU enabled.
[    0.154549] 	Rude variant of Tasks RCU enabled.
[    0.154728] 	Tracing variant of Tasks RCU enabled.
[    0.154903] rcu: RCU calculated value of scheduler-enlistment delay is 26 jiffies.
[    0.179366] NR_IRQS: 2048, nr_irqs: 2048, preallocated irqs: 1
[    0.179703] SUN4V: Using IRQ API major 3, cookie only virqs enabled
[    0.194131] clocksource: stick: mask: 0xffffffffffffffff max_cycles: 0x1cd42e4dffb, max_idle_ns: 881590591483 ns
[    0.194612] clocksource: mult[800000] shift[23]
[    0.194813] clockevent: mult[80000000] shift[31]
[    0.196577] Console: colour dummy device 80x25
[    0.196746] printk: console [tty0] enabled
[    0.196942] printk: bootconsole [earlyprom0] disabled
[    0.197158] Lock dependency validator: Copyright (c) 2006 Red Hat, Inc., Ingo Molnar
[    0.197243] ... MAX_LOCKDEP_SUBCLASSES:  8
[    0.197294] ... MAX_LOCK_DEPTH:          48
[    0.197347] ... MAX_LOCKDEP_KEYS:        8192
[    0.197401] ... CLASSHASH_SIZE:          4096
[    0.197456] ... MAX_LOCKDEP_ENTRIES:     16384
[    0.197511] ... MAX_LOCKDEP_CHAINS:      32768
[    0.197567] ... CHAINHASH_SIZE:          16384
[    0.197622]  memory used by lock dependency info: 2603 kB
[    0.197685]  per task-struct memory footprint: 1920 bytes
[    0.275495] Calibrating delay using timer specific routine.. 2015.44 BogoMIPS (lpj=4030896)
[    0.275653] pid_max: default: 262144 minimum: 2048
[    0.277899] LSM: Security Framework initializing
[    0.279148] Mount-cache hash table entries: 32768 (order: 5, 262144 bytes, linear)
[    0.279361] Mountpoint-cache hash table entries: 32768 (order: 5, 262144 bytes, linear)
[    0.291480] rcu: Hierarchical SRCU implementation.
[    0.312448] smp: Bringing up secondary CPUs ...
[    0.333201] smp: Brought up 1 node, 8 CPUs
[    0.493850] node 0 deferred pages initialised in 160ms
[    0.496597] devtmpfs: initialized
[    0.503137] Performance events: 
[    0.503197] Testing NMI watchdog ... 
[    0.583433] OK.
[    0.583735] Supported PMU type is 'niagara5'
[    0.587985] ldc.c:v1.1 (July 22, 2008)
[    0.590905] clocksource: jiffies: mask: 0xffffffff max_cycles: 0xffffffff, max_idle_ns: 7645041785100000 ns
[    0.591093] futex hash table entries: 65536 (order: 10, 8388608 bytes, linear)
[    0.624399] NET: Registered PF_NETLINK/PF_ROUTE protocol family
[    0.632993] VIO: Adding device channel-devices (tx_ino = ffffffffffffffff, rx_ino = ffffffffffffffff)
[    0.633372] VIO: Adding device vnet-port-0-0 (tx_ino = 0, rx_ino = 1)
[    0.633675] VIO: Adding device vnet-port-0-1 (tx_ino = 2, rx_ino = 3)
[    0.633944] VIO: Adding device vnet-port-0-2 (tx_ino = 4, rx_ino = 5)
[    0.634207] VIO: Adding device vnet-port-0-3 (tx_ino = 6, rx_ino = 7)
[    0.634469] VIO: Adding device vdc-port-2-0 (tx_ino = 8, rx_ino = 9)
[    0.634779] VIO: Adding device vdc-port-1-0 (tx_ino = a, rx_ino = b)
[    0.635042] VIO: Adding device vdc-port-0-0 (tx_ino = c, rx_ino = d)
[    0.635303] VIO: Adding device vlds-port-0-0 (tx_ino = e, rx_ino = f)
[    0.635591] VIO: Adding device domain-services-port-0 (tx_ino = e, rx_ino = f)
[    0.636376] audit: initializing netlink subsys (disabled)
[    0.637075] audit: type=2000 audit(0.436:1): state=initialized audit_enabled=0 res=1
[    0.687307] HugeTLB registered 64.0 KiB page size, pre-allocated 0 pages
[    0.687437] HugeTLB registered 8.00 MiB page size, pre-allocated 0 pages
[    0.687546] HugeTLB registered 256 MiB page size, pre-allocated 0 pages
[    0.687653] HugeTLB registered 2.00 GiB page size, pre-allocated 0 pages
[    2.342581] SUN4V: Reboot data supported (maj=1,min=0).
[    2.343497] ds.c:v1.0 (Jul 11, 2007)
[    2.344310] ds-0: ds_conn_reset() from send_events
[    2.346120] clocksource: Switched to clocksource stick
[    2.600426] VFS: Disk quotas dquot_6.6.0
[    2.601138] VFS: Dquot-cache hash table entries: 1024 (order 0, 8192 bytes)
[    2.635252] NET: Registered PF_INET protocol family
[    2.636410] IP idents hash table entries: 262144 (order: 8, 2097152 bytes, linear)
[    2.665676] tcp_listen_portaddr_hash hash table entries: 8192 (order: 6, 655360 bytes, linear)
[    2.669751] TCP established hash table entries: 131072 (order: 7, 1048576 bytes, linear)
[    2.672730] TCP bind hash table entries: 65536 (order: 9, 4718592 bytes, linear)
[    2.705558] TCP: Hash tables configured (established 131072 bind 65536)
[    2.715554] UDP hash table entries: 8192 (order: 7, 1310720 bytes, linear)
[    2.724165] UDP-Lite hash table entries: 8192 (order: 7, 1310720 bytes, linear)
[    2.733521] NET: Registered PF_UNIX/PF_LOCAL protocol family
[    2.733716] NET: Registered PF_XDP protocol family
[    2.735662] Trying to unpack rootfs image as initramfs...
[    2.796858] Initialise system trusted keyrings
[    2.797765] workingset: timestamp_bits=46 max_order=21 bucket_order=0
[    2.835576] zbud: loaded
[    2.847480] SGI XFS with ACLs, security attributes, realtime, quota, no debug enabled
[    2.862857] Key type asymmetric registered
[    2.863005] Asymmetric key parser 'x509' registered
[    2.863368] Block layer SCSI generic (bsg) driver version 0.4 loaded (major 252)
[    2.865815] io scheduler mq-deadline registered
[    2.873576] f029b788: ttyHV0 at I/O 0x0 (irq = 1, base_baud = 115200) is a SUN4V HCONS
[    2.875895] printk: console [ttyHV0] enabled
[    2.877745] n2rng v0.3 (Jan 7, 2017)
[    2.877834] n2rng f029b104: Registered RNG HVAPI major 2 minor 0
[    2.877912] n2rng f029b104: Found multi-unit-capable RNG, units: 2
[    2.879097] n2rng f029b104: RNG ready
[    2.880143] sunvdc.c:v1.2 (November 24, 2014)
[    2.923322] sunvdc: Virtual Hard disk vdiskc
[    2.923453] sunvdc: vdiskc: 104857600 sectors (51200 MB) protocol 1.2
[    3.044889] sunvdc: Virtual Hard disk vdiskb
[    3.045036] sunvdc: vdiskb: 62914560 sectors (30720 MB) protocol 1.2
[    3.147348]  vdiskb: vdiskb1
[    3.179918] sunvdc: Virtual Hard disk vdiska
[    3.180052] sunvdc: vdiska: 31457280 sectors (15360 MB) protocol 1.2
[    3.281024]  vdiska: vdiska1 vdiska2 vdiska3 vdiska4
[    3.291106] rtc-sun4v rtc-sun4v: registered as rtc0
[    3.291438] rtc-sun4v rtc-sun4v: setting system clock to 2021-09-21T10:14:30 UTC (1632219270)
[    3.292603] softdog: initialized. soft_noboot=0 soft_margin=60 sec soft_panic=0 (nowayout=0)
[    3.292760] softdog:              soft_reboot_cmd=<not set> soft_active_on_boot=0
[    3.299759] NET: Registered PF_INET6 protocol family
[    3.796536] Freeing initrd memory: 27616K
[    3.895366] Segment Routing with IPv6
[    3.895578] In-situ OAM (IOAM) with IPv6
[    3.895851] mip6: Mobile IPv6
[    3.895933] NET: Registered PF_PACKET protocol family
[    3.899505] registered taskstats version 1
[    3.899594] Loading compiled-in X.509 certificates
[    3.910600] zswap: loaded using pool lzo/zbud
[    3.924938] This architecture does not have kernel memory protection.
[    3.925074] Run /init as init process
[    3.925151]   with arguments:
[    3.925169]     /init
[    3.925185]   with environment:
[    3.925201]     HOME=/
[    3.925216]     TERM=linux
[    3.925232]     BOOT_IMAGE=/vmlinux-5.15.0-rc2-00027-gd9fb678414c0
[    5.320656] sunvnet: sunvnet 2.0 (February 3, 2017)
[    5.328145] vnet_port vnet-port-0-0 eth0: Sun LDOM vnet 00:14:4f:f8:12:a3
[    5.328492] sunvnet: eth0: PORT ( remote-mac 00:14:4f:fa:f3:f0 switch-port )
[    5.338599] sunvnet: eth0: PORT ( remote-mac 00:14:4f:f8:e5:f3 )
[    5.341171] sunvnet: eth0: PORT ( remote-mac 00:14:4f:f8:3f:1e )
[    5.342677] sunvnet: eth0: PORT ( remote-mac 00:14:4f:f9:b4:97 )
[    5.344906] random: lvm: uninitialized urandom read (4 bytes read)
[    5.353038] crc32c_sparc64: Using sparc64 crc32c opcode optimized CRC32C implementation
[    5.399276] device-mapper: uevent: version 1.0.3
[    5.400273] device-mapper: ioctl: 4.45.0-ioctl (2021-03-22) initialised: dm-devel@redhat.com
[    5.414017] random: lvm: uninitialized urandom read (2 bytes read)
[    6.013160] xor: automatically using best checksumming function   Niagara   
[    6.081967] raid6: int64x8  gen()  1368 MB/s
[    6.150033] raid6: int64x8  xor()  1294 MB/s
[    6.218072] raid6: int64x4  gen()   738 MB/s
[    6.285985] raid6: int64x4  xor()  1036 MB/s
[    6.354008] raid6: int64x2  gen()  2034 MB/s
[    6.422004] raid6: int64x2  xor()   250 MB/s
[    6.490072] raid6: int64x1  gen()   427 MB/s
[    6.558049] raid6: int64x1  xor()   275 MB/s
[    6.558165] raid6: using algorithm int64x2 gen() 2034 MB/s
[    6.558263] raid6: .... xor() 250 MB/s, rmw enabled
[    6.558352] raid6: using intx1 recovery algorithm
[    6.861551] random: fast init done
[    6.928840] EXT4-fs (vdiska2): mounted filesystem with ordered data mode. Opts: (null). Quota mode: none.
[    8.831803] systemd[1]: Inserted module 'autofs4'
[    9.055385] systemd[1]: systemd 247.9-1 running in system mode. (+PAM +AUDIT +SELINUX +IMA +APPARMOR +SMACK +SYSVINIT +UTMP +LIBCRYPTSETUP +GCRYPT +GNUTLS +ACL +XZ +LZ4 +ZSTD -SECCOMP +BLKID +ELFUTILS +KMOD +IDN2 -IDN +PCRE2 default-hierarchy=unified)
[    9.055679] systemd[1]: Detected architecture sparc64.
[    9.086581] systemd[1]: Set hostname to <ttip>.
[   10.052762] random: lvmconfig: uninitialized urandom read (4 bytes read)
[   11.253540] systemd[1]: Queued start job for default target Multi-User System.
[   11.254483] random: systemd: uninitialized urandom read (16 bytes read)
[   11.263387] systemd[1]: Created slice Slice /system/getty.
[   11.263905] random: systemd: uninitialized urandom read (16 bytes read)
[   11.267434] systemd[1]: Created slice Slice /system/modprobe.
[   11.267656] random: systemd: uninitialized urandom read (16 bytes read)
[   11.271436] systemd[1]: Created slice Slice /system/openvpn-client.
[   11.275033] systemd[1]: Created slice Slice /system/postfix.
[   11.278701] systemd[1]: Created slice Slice /system/systemd-fsck.
[   11.283028] systemd[1]: Created slice User and Session Slice.
[   11.283591] systemd[1]: Started Dispatch Password Requests to Console Directory Watch.
[   11.284039] systemd[1]: Started Forward Password Requests to Wall Directory Watch.
[   11.285645] systemd[1]: Set up automount Arbitrary Executable File Formats File System Automount Point.
[   11.286017] systemd[1]: Reached target Local Encrypted Volumes.
[   11.286304] systemd[1]: Reached target Paths.
[   11.286547] systemd[1]: Reached target Slices.
[   11.286793] systemd[1]: Reached target System Time Set.
[   11.287306] systemd[1]: Listening on Device-mapper event daemon FIFOs.
[   11.287910] systemd[1]: Listening on LVM2 poll daemon socket.
[   11.310575] systemd[1]: Listening on RPCbind Server Activation Socket.
[   11.315143] systemd[1]: Listening on Syslog Socket.
[   11.317048] systemd[1]: Listening on fsck to fsckd communication Socket.
[   11.318158] systemd[1]: Listening on initctl Compatibility Named Pipe.
[   11.320557] systemd[1]: Listening on Journal Audit Socket.
[   11.321534] systemd[1]: Listening on Journal Socket (/dev/log).
[   11.322809] systemd[1]: Listening on Journal Socket.
[   11.324098] systemd[1]: Listening on udev Control Socket.
[   11.324885] systemd[1]: Listening on udev Kernel Socket.
[   11.331547] systemd[1]: Mounting Huge Pages File System...
[   11.338626] systemd[1]: Mounting POSIX Message Queue File System...
[   11.345175] systemd[1]: Mounting RPC Pipe File System...
[   11.355607] systemd[1]: Mounting Kernel Debug File System...
[   11.364364] systemd[1]: Mounting Kernel Trace File System...
[   11.365151] systemd[1]: Condition check resulted in Kernel Module supporting RPCSEC_GSS being skipped.
[   11.365709] systemd[1]: Finished Availability of block devices.
[   11.373258] systemd[1]: Starting Wait for network to be configured by ifupdown...
[   11.380815] systemd[1]: Starting Create list of static device nodes for the current kernel...
[   11.387841] systemd[1]: Starting Monitoring of LVM2 mirrors, snapshots etc. using dmeventd or progress polling...
[   11.395658] systemd[1]: Starting Load Kernel Module configfs...
[   11.404363] systemd[1]: Starting Load Kernel Module drm...
[   11.413453] systemd[1]: Starting Load Kernel Module fuse...
[   11.422230] systemd[1]: Starting nftables...
[   11.731512] systemd[1]: Condition check resulted in Set Up Additional Binary Formats being skipped.
[   11.731809] systemd[1]: Condition check resulted in File System Check on Root Device being skipped.
[   11.741694] systemd[1]: Starting Journal Service...
[   12.023937] systemd[1]: Starting Load Kernel Modules...
[   12.032664] systemd[1]: Starting Remount Root and Kernel File Systems...
[   12.039462] systemd[1]: Starting Coldplug All udev Devices...
[   12.047480] systemd[1]: Mounted Huge Pages File System.
[   12.048157] systemd[1]: Mounted POSIX Message Queue File System.
[   12.048711] systemd[1]: Mounted Kernel Debug File System.
[   12.049274] systemd[1]: Mounted Kernel Trace File System.
[   12.051637] systemd[1]: Finished Wait for network to be configured by ifupdown.
[   12.053749] systemd[1]: Finished Create list of static device nodes for the current kernel.
[   12.055794] systemd[1]: Finished Monitoring of LVM2 mirrors, snapshots etc. using dmeventd or progress polling.
[   12.057192] systemd[1]: modprobe@drm.service: Succeeded.
[   12.058799] systemd[1]: Finished Load Kernel Module drm.
[   12.512896] EXT4-fs (vdiska2): re-mounted. Opts: errors=remount-ro. Quota mode: none.
[   12.521437] systemd[1]: modprobe@configfs.service: Succeeded.
[   12.523554] systemd[1]: Finished Load Kernel Module configfs.
[   12.526083] systemd[1]: Finished Load Kernel Modules.
[   12.528222] systemd[1]: Finished Remount Root and Kernel File Systems.
[   12.535478] systemd[1]: Mounting Kernel Configuration File System...
[   12.610286] systemd[1]: Starting Initial Check File System Quotas...
[   12.610799] systemd[1]: Condition check resulted in Platform Persistent Storage Archival being skipped.
[   12.617552] systemd[1]: Starting Load/Save Random Seed...
[   12.625247] systemd[1]: Starting Apply Kernel Variables...
[   12.633021] systemd[1]: Starting Create System Users...
[   12.637508] systemd[1]: Started Journal Service.
[   12.727009] systemd-journald[285]: Received client request to flush runtime journal.
[   12.759483] fuse: init (API version 7.34)
[   13.462511] RPC: Registered named UNIX socket transport module.
[   13.462560] RPC: Registered udp transport module.
[   13.462585] RPC: Registered tcp transport module.
[   13.462608] RPC: Registered tcp NFSv4.1 backchannel transport module.
[   14.488846] sha1_sparc64: Using sparc64 sha1 opcode optimized SHA-1 implementation
[   14.543258] sha256_sparc64: Using sparc64 sha256 opcode optimized SHA-256/SHA-224 implementation
[   14.584051] sha512_sparc64: Using sparc64 sha512 opcode optimized SHA-512/SHA-384 implementation
[   14.689954] md5_sparc64: Using sparc64 md5 opcode optimized MD5 implementation
[   14.754361] aes_sparc64: Using sparc64 aes opcodes optimized AES implementation
[   14.778132] des_sparc64: Using sparc64 des opcodes optimized DES implementation
[   14.808756] camellia_sparc64: Using sparc64 camellia opcodes optimized CAMELLIA implementation
[   14.878336] Adding 787176k swap on /dev/vdiska4.  Priority:-2 extents:1 across:787176k FS
[   15.004634] XFS (dm-0): Mounting V5 Filesystem
[   15.286334] random: crng init done
[   15.286374] random: 4 urandom warning(s) missed due to ratelimiting
[   15.566593] EXT4-fs (vdiska1): mounting ext3 file system using the ext4 subsystem
[   15.809181] EXT4-fs (vdiska1): mounted filesystem with ordered data mode. Opts: (null). Quota mode: none.
[   15.809423] ext3 filesystem being mounted at /boot supports timestamps until 2038 (0x7fffffff)
[   16.935038] XFS (dm-0): Ending clean mount
[   16.937860] xfs filesystem being mounted at /1 supports timestamps until 2038 (0x7fffffff)
