[    0.000018] PROMLIB: Sun IEEE Boot Prom 'OBP 4.38.12 2018/03/28 14:54'
[    0.000030] PROMLIB: Root node compatible: sun4v
[    0.000076] Linux version 5.2.0-rc1-00166-gcae9910e7344 (mator@ttip) (gcc version 9.3.0 (Debian 9.3.0-11)) #102 SMP Tue Apr 28 19:18:07 MSK 2020
[    0.000378] printk: bootconsole [earlyprom0] enabled
[    0.000430] ARCH: SUN4V
[    0.000478] Ethernet address: 00:14:4f:fa:06:f2
[    0.000529] MM: PAGE_OFFSET is 0xfff8000000000000 (max_phys_bits == 47)
[    0.000595] MM: VMALLOC [0x0000000100000000 --> 0x0006000000000000]
[    0.000656] MM: VMEMMAP [0x0006000000000000 --> 0x000c000000000000]
[    0.012205] Kernel: Using 5 locked TLB entries for main kernel image.
[    0.012275] Remapping the kernel... 
[    0.012302] done.
[    0.045187] OF stdout device is: /virtual-devices@100/console@1
[    0.045253] PROM: Built device tree with 86230 bytes of memory.
[    0.045312] MDESC: Size is 36512 bytes.
[    0.045424] PLATFORM: banner-name [SPARC T5-2]
[    0.045475] PLATFORM: name [ORCL,SPARC-T5-2]
[    0.045520] PLATFORM: hostid [84fa06f2]
[    0.045564] PLATFORM: serial# [0035260e]
[    0.045605] PLATFORM: stick-frequency [3b9aca00]
[    0.045655] PLATFORM: mac-address [144ffa06f2]
[    0.045700] PLATFORM: watchdog-resolution [1000 ms]
[    0.045750] PLATFORM: watchdog-max-timeout [31536000000 ms]
[    0.045806] PLATFORM: max-cpus [1024]
[    0.045895] Top of RAM: 0x24af938000, Total RAM: 0x87f354000
[    0.045954] Memory hole size: 115461MB
[    0.050539] Allocated 40960 bytes for kernel page tables.
[    0.050622] Zone ranges:
[    0.050661]   Normal   [mem 0x0000000030400000-0x00000024af937fff]
[    0.050721] Movable zone start for each node
[    0.050765] Early memory node ranges
[    0.050806]   node   0: [mem 0x0000000030400000-0x000000006fe7ffff]
[    0.050866]   node   0: [mem 0x000000006ff00000-0x000000006ff25fff]
[    0.050927]   node   0: [mem 0x0000000070000000-0x000000042fffffff]
[    0.050988]   node   0: [mem 0x0000002030000000-0x00000024af87ffff]
[    0.051048]   node   0: [mem 0x00000024af900000-0x00000024af925fff]
[    0.051111]   node   0: [mem 0x00000024af930000-0x00000024af937fff]
[    0.058474] Zeroed struct page in unavailable ranges: 230130 pages
[    0.058481] Initmem setup node 0 [mem 0x0000000030400000-0x00000024af937fff]
[    0.058641] On node 0 totalpages: 4454826
[    0.058650]   Normal zone: 39154 pages used for memmap
[    0.058655]   Normal zone: 0 pages reserved
[    0.058661]   Normal zone: 4454826 pages, LIFO batch:31
[    0.066301] Booting Linux...
[    0.066386] CPU CAPS: [flush,stbar,swap,muldiv,v9,blkinit,n2,mul32]
[    0.066467] CPU CAPS: [div32,v8plus,popc,vis,vis2,ASIBlkInit,fmaf,vis3]
[    0.066544] CPU CAPS: [hpc,ima,pause,cbcond,aes,des,kasumi,camellia]
[    0.066615] CPU CAPS: [md5,sha1,sha256,sha512,mpmul,montmul,montsqr,crc32c]
[    0.096148] percpu: Embedded 27 pages/cpu s179080 r8192 d33912 u262144
[    0.096359] pcpu-alloc: s179080 r8192 d33912 u262144 alloc=1*4194304
[    0.096366] pcpu-alloc: [0] 000 001 002 003 004 005 006 007 008 009 010 011 012 013 014 015 
[    0.096392] pcpu-alloc: [0] 016 017 018 019 020 021 022 023 024 025 026 027 028 029 030 031 
[    0.096418] pcpu-alloc: [0] 032 033 034 035 036 037 038 039 040 041 042 043 044 045 046 047 
[    0.096444] pcpu-alloc: [0] 048 049 050 051 052 053 054 055 056 057 058 059 060 061 062 063 
[    0.096470] pcpu-alloc: [0] 064 065 066 067 068 069 070 071 072 073 074 075 076 077 078 079 
[    0.096496] pcpu-alloc: [0] 080 081 082 083 084 085 086 087 088 089 090 091 092 093 094 095 
[    0.096521] pcpu-alloc: [0] 096 097 098 099 100 101 102 103 104 105 106 107 108 109 110 111 
[    0.096547] pcpu-alloc: [0] 112 113 114 115 116 117 118 119 120 121 122 123 124 125 126 127 
[    0.096976] SUN4V: Mondo queue sizes [cpu(131072) dev(16384) r(8192) nr(256)]
[    0.097345] Built 1 zonelists, mobility grouping on.  Total pages: 4415672
[    0.097430] Kernel command line: BOOT_IMAGE=/vmlinux-5.2.0-rc1-00166-gcae9910e7344 root=/dev/vdiska2 ro zswap.enabled=1
[    0.099612] printk: log_buf_len individual max cpu contribution: 4096 bytes
[    0.099683] printk: log_buf_len total cpu_extra contributions: 520192 bytes
[    0.099749] printk: log_buf_len min size: 131072 bytes
[    0.100018] printk: log_buf_len: 1048576 bytes
[    0.100068] printk: early log buf free: 126648(96%)
[    0.106382] Dentry cache hash table entries: 8388608 (order: 13, 67108864 bytes)
[    0.109612] Inode-cache hash table entries: 4194304 (order: 12, 33554432 bytes)
[    0.109682] Sorting __ex_table...
[    0.168259] Memory: 1305232K/35638608K available (7220K kernel code, 956K rwdata, 2128K rodata, 688K init, 6666K bss, 508096K reserved, 0K cma-reserved)
[    0.168945] SLUB: HWalign=32, Order=0-3, MinObjects=0, CPUs=128, Nodes=1
[    0.169243] ftrace: allocating 20935 entries in 41 pages
[    0.179685] Running RCU self tests
[    0.179732] rcu: Hierarchical RCU implementation.
[    0.179781] rcu: 	RCU event tracing is enabled.
[    0.179829] rcu: 	RCU lockdep checking is enabled.
[    0.179879] 	Tasks RCU enabled.
[    0.179917] rcu: RCU calculated value of scheduler-enlistment delay is 10 jiffies.
[    0.184041] NR_IRQS: 2048, nr_irqs: 2048, preallocated irqs: 1
[    0.184118] SUN4V: Using IRQ API major 3, cookie only virqs enabled
[    0.186530] clocksource: stick: mask: 0xffffffffffffffff max_cycles: 0x1cd42e4dffb, max_idle_ns: 881590591483 ns
[    0.186660] clocksource: mult[800000] shift[23]
[    0.186708] clockevent: mult[80000000] shift[31]
[    0.187237] Console: colour dummy device 80x25
[    0.187299] printk: console [tty0] enabled
[    0.187370] printk: bootconsole [earlyprom0] disabled
[    0.187452] Lock dependency validator: Copyright (c) 2006 Red Hat, Inc., Ingo Molnar
[    0.187498] ... MAX_LOCKDEP_SUBCLASSES:  8
[    0.187527] ... MAX_LOCK_DEPTH:          48
[    0.187556] ... MAX_LOCKDEP_KEYS:        8191
[    0.187587] ... CLASSHASH_SIZE:          4096
[    0.187617] ... MAX_LOCKDEP_ENTRIES:     16384
[    0.187647] ... MAX_LOCKDEP_CHAINS:      32768
[    0.187678] ... CHAINHASH_SIZE:          16384
[    0.187708]  memory used by lock dependency info: 3853 kB
[    0.187743]  per task-struct memory footprint: 1920 bytes
[    0.336922] Calibrating delay using timer specific routine.. 2003.69 BogoMIPS (lpj=10018486)
[    0.336977] pid_max: default: 131072 minimum: 1024
[    0.337231] LSM: Security Framework initializing
[    0.337463] AppArmor: AppArmor initialized
[    0.337732] Mount-cache hash table entries: 131072 (order: 7, 1048576 bytes)
[    0.337891] Mountpoint-cache hash table entries: 131072 (order: 7, 1048576 bytes)
[    0.338676] *** VALIDATE proc ***
[    0.339101] *** VALIDATE cgroup1 ***
[    0.339132] *** VALIDATE cgroup2 ***
[    0.341094] rcu: Hierarchical SRCU implementation.
[    0.348465] smp: Bringing up secondary CPUs ...
[    0.389728] smp: Brought up 1 node, 32 CPUs
[    0.580319] node 0 initialised, 4228160 pages in 190ms
[    0.581784] devtmpfs: initialized
[    0.586241] Performance events: 
[    0.586282] Testing NMI watchdog ... 
[    0.786351] OK.
[    0.786436] Supported PMU type is 'niagara5'
[    0.786617] random: get_random_u32 called from bucket_table_alloc.isra.0+0x188/0x1c0 with crng_init=0
[    0.787190] ldc.c:v1.1 (July 22, 2008)
[    0.789509] clocksource: jiffies: mask: 0xffffffff max_cycles: 0xffffffff, max_idle_ns: 19112604462750000 ns
[    0.789597] futex hash table entries: 32768 (order: 9, 4194304 bytes)
[    0.794562] NET: Registered protocol family 16
[    0.802133] VIO: Adding device channel-devices (tx_ino = ffffffffffffffff, rx_ino = ffffffffffffffff)
[    0.802327] VIO: Adding device vnet-port-0-0 (tx_ino = 0, rx_ino = 1)
[    0.802519] VIO: Adding device vnet-port-0-1 (tx_ino = 2, rx_ino = 3)
[    0.802677] VIO: Adding device vnet-port-0-2 (tx_ino = 4, rx_ino = 5)
[    0.802835] VIO: Adding device vnet-port-0-3 (tx_ino = 6, rx_ino = 7)
[    0.802997] VIO: Adding device vnet-port-0-4 (tx_ino = 8, rx_ino = 9)
[    0.803154] VIO: Adding device vnet-port-0-5 (tx_ino = a, rx_ino = b)
[    0.803311] VIO: Adding device vdc-port-2-0 (tx_ino = c, rx_ino = d)
[    0.803472] VIO: Adding device vdc-port-1-0 (tx_ino = e, rx_ino = f)
[    0.803629] VIO: Adding device vdc-port-0-0 (tx_ino = 10, rx_ino = 11)
[    0.803786] VIO: Adding device vdc-port-3-0 (tx_ino = 12, rx_ino = 13)
[    0.803948] VIO: Adding device vlds-port-0-0 (tx_ino = 14, rx_ino = 15)
[    0.804108] VIO: Adding device domain-services-port-0 (tx_ino = 14, rx_ino = 15)
[    0.804378] audit: initializing netlink subsys (disabled)
[    0.804628] audit: type=2000 audit(0.410:1): state=initialized audit_enabled=0 res=1
[    0.827618] HugeTLB registered 64.0 KiB page size, pre-allocated 0 pages
[    0.827664] HugeTLB registered 8.00 MiB page size, pre-allocated 0 pages
[    0.827708] HugeTLB registered 256 MiB page size, pre-allocated 0 pages
[    0.827751] HugeTLB registered 2.00 GiB page size, pre-allocated 0 pages
[    0.829930] alg: extra crypto tests enabled.  This is intended for developer use only.
[    0.847937] cryptd: max_cpu_qlen set to 1000
[    0.875588] alg: No test for lzo-rle (lzo-rle-generic)
[    0.875998] alg: No test for lzo-rle (lzo-rle-scomp)
[    0.919112] NetLabel: Initializing
[    0.919146] NetLabel:  domain hash size = 128
[    0.919178] NetLabel:  protocols = UNLABELED CIPSOv4 CALIPSO
[    0.919305] NetLabel:  unlabeled traffic allowed by default
[    0.920251] SUN4V: Reboot data supported (maj=1,min=0).
[    0.920604] ds.c:v1.0 (Jul 11, 2007)
[    0.920935] ds-0: ds_conn_reset() from send_events.isra.0
[    0.922362] clocksource: Switched to clocksource stick
[    1.111760] VFS: Disk quotas dquot_6.6.0
[    1.111890] VFS: Dquot-cache hash table entries: 1024 (order 0, 8192 bytes)
[    1.112109] *** VALIDATE hugetlbfs ***
[    1.113733] AppArmor: AppArmor Filesystem Enabled
[    1.126139] NET: Registered protocol family 2
[    1.127546] tcp_listen_portaddr_hash hash table entries: 32768 (order: 8, 2359296 bytes)
[    1.130438] TCP established hash table entries: 524288 (order: 9, 4194304 bytes)
[    1.132518] TCP bind hash table entries: 65536 (order: 9, 4194304 bytes)
[    1.138602] TCP: Hash tables configured (established 524288 bind 65536)
[    1.140974] UDP hash table entries: 32768 (order: 9, 5242880 bytes)
[    1.147247] UDP-Lite hash table entries: 32768 (order: 9, 5242880 bytes)
[    1.155130] NET: Registered protocol family 1
[    1.155190] NET: Registered protocol family 44
[    1.155684] Trying to unpack rootfs image as initramfs...
[    1.347845] Freeing initrd memory: 14688K
[    1.348629] aes_sparc64: Using sparc64 aes opcodes optimized AES implementation
[    1.607439] des_sparc64: Using sparc64 des opcodes optimized DES implementation
[    2.095952] camellia_sparc64: Using sparc64 camellia opcodes optimized CAMELLIA implementation
[    2.274955] workingset: timestamp_bits=46 max_order=23 bucket_order=0
[    2.293010] zbud: loaded
[    2.295128] SGI XFS with ACLs, security attributes, debug enabled
[    2.302055] Block layer SCSI generic (bsg) driver version 0.4 loaded (major 252)
[    2.302870] io scheduler mq-deadline registered
[    2.305345] f029b788: ttyS0 at I/O 0x0 (irq = 1, base_baud = 115200) is a SUN4V HCONS
[    2.311613] printk: console [ttyHV0] enabled
[    2.314110] sunvdc.c:v1.2 (November 24, 2014)
[    2.315751] sunvdc: Virtual Hard disk vdiskc
[    2.315789] sunvdc: vdiskc: 104857600 sectors (51200 MB) protocol 1.2
[    2.334561] sunvdc: Virtual Hard disk vdiskb
[    2.334600] sunvdc: vdiskb: 62914560 sectors (30720 MB) protocol 1.2
[    2.335204]  vdiskb: vdiskb1
[    2.352893] sunvdc: Virtual Hard disk vdiska
[    2.352931] sunvdc: vdiska: 31457280 sectors (15360 MB) protocol 1.2
[    2.353539]  vdiska: vdiska1 vdiska2 vdiska3 vdiska4
[    2.371940] sunvdc: Virtual CDROM vdiskd
[    2.371981] sunvdc: vdiskd: 453848 sectors (221 MB) protocol 1.2
[    2.372632]  vdiskd: vdiskd1 vdiskd2 vdiskd3 vdiskd4 vdiskd5 vdiskd6 vdiskd7
[    2.390487] sunvnet: sunvnet 2.0 (February 3, 2017)
[    2.392526] vnet_port vnet-port-0-0 eth0: Sun LDOM vnet 00:14:4f:f8:12:a3
[    2.392733] sunvnet: eth0: PORT ( remote-mac 00:14:4f:fa:f3:f0 switch-port )
[    2.393071] sunvnet: eth0: PORT ( remote-mac 00:14:4f:f8:e5:f3 )
[    2.393398] sunvnet: eth0: PORT ( remote-mac 00:14:4f:f9:b4:97 )
[    2.393727] sunvnet: eth0: PORT ( remote-mac 00:14:4f:f8:3f:1e )
[    2.394050] sunvnet: eth0: PORT ( remote-mac 00:14:4f:f8:fe:47 )
[    2.394375] sunvnet: eth0: PORT ( remote-mac 00:14:4f:f9:8b:83 )
[    2.395524] rtc-sun4v rtc-sun4v: registered as rtc0
[    2.396038] sun4v_wdt: initialized (timeout=60s, nowayout=0)
[    2.396285] device-mapper: uevent: version 1.0.3
[    2.396978] device-mapper: ioctl: 4.40.0-ioctl (2019-01-18) initialised: dm-devel@redhat.com
[    2.397838] NET: Registered protocol family 17
[    2.398903] registered taskstats version 1
[    2.399666] zswap: loaded using pool lzo/zbud
[    2.574342] Key type big_key registered
[    2.574405] AppArmor: AppArmor sha1 policy hashing enabled
[    2.575157] rtc-sun4v rtc-sun4v: setting system clock to 2020-04-28T16:19:52 UTC (1588090792)
[    2.579012] This architecture does not have kernel memory protection.
[    2.579059] Run /init as init process
[    3.068032] crc32c_sparc64: Using sparc64 crc32c opcode optimized CRC32C implementation
[    3.612347] raid6: int64x8  gen()  2174 MB/s
[    3.782337] raid6: int64x8  xor()  1575 MB/s
[    3.952326] raid6: int64x4  gen()  3480 MB/s
[    4.122319] raid6: int64x4  xor()  2014 MB/s
[    4.292315] raid6: int64x2  gen()  2892 MB/s
[    4.462329] raid6: int64x2  xor()  2003 MB/s
[    4.632329] raid6: int64x1  gen()  2796 MB/s
[    4.802338] raid6: int64x1  xor()  1658 MB/s
[    4.802374] raid6: using algorithm int64x4 gen() 3480 MB/s
[    4.802413] raid6: .... xor() 2014 MB/s, rmw enabled
[    4.802449] raid6: using intx1 recovery algorithm
[    4.803263] async_tx: api initialized (async)
[    4.803798] xor: automatically using best checksumming function   Niagara   
[    4.875927] random: fast init done
[    5.057214] EXT4-fs (vdiska2): mounted filesystem with ordered data mode. Opts: (null)
[    5.270726] systemd[1]: Inserted module 'autofs4'
[    5.280360] NET: Registered protocol family 10
[    5.285088] Segment Routing with IPv6
[    5.301632] systemd[1]: systemd 245.5-2 running in system mode. (+PAM +AUDIT +SELINUX +IMA +APPARMOR +SMACK +SYSVINIT +UTMP +LIBCRYPTSETUP +GCRYPT +GNUTLS +ACL +XZ +LZ4 -SECCOMP +BLKID +ELFUTILS +KMOD +IDN2 -IDN +PCRE2 default-hierarchy=hybrid)
[    5.302234] systemd[1]: Detected architecture sparc64.
[    5.310335] systemd[1]: Set hostname to <ttip>.
[    5.405202] random: lvmconfig: uninitialized urandom read (4 bytes read)
[    5.652890] systemd[1]: /lib/systemd/system/dbus.socket:5: ListenStream= references a path below legacy directory /var/run/, updating /var/run/dbus/system_bus_socket â†’ /run/dbus/system_bus_socket; please update the unit file accordingly.
[    5.717299] random: systemd: uninitialized urandom read (16 bytes read)
[    5.724262] systemd[1]: Created slice system-getty.slice.
[    5.724939] random: systemd: uninitialized urandom read (16 bytes read)
[    5.727385] systemd[1]: Created slice system-modprobe.slice.
[    5.730695] systemd[1]: Created slice system-openvpn\x2dclient.slice.
[    5.735258] systemd[1]: Created slice system-postfix.slice.
[    5.738569] systemd[1]: Created slice system-systemd\x2dfsck.slice.
[    5.741800] systemd[1]: Created slice User and Session Slice.
[    5.743146] systemd[1]: Started Dispatch Password Requests to Console Directory Watch.
[    5.743949] systemd[1]: Started Forward Password Requests to Wall Directory Watch.
[    5.746020] systemd[1]: Set up automount Arbitrary Executable File Formats File System Automount Point.
[    5.746573] systemd[1]: Reached target Local Encrypted Volumes.
[    5.747051] systemd[1]: Reached target Paths.
[    5.747489] systemd[1]: Reached target Remote File Systems.
[    5.747926] systemd[1]: Reached target Slices.
[    5.748799] systemd[1]: Listening on Device-mapper event daemon FIFOs.
[    5.749838] systemd[1]: Listening on LVM2 poll daemon socket.
[    5.751963] systemd[1]: Listening on Syslog Socket.
[    5.752958] systemd[1]: Listening on fsck to fsckd communication Socket.
[    5.753760] systemd[1]: Listening on initctl Compatibility Named Pipe.
[    5.754956] systemd[1]: Listening on Journal Audit Socket.
[    5.755928] systemd[1]: Listening on Journal Socket (/dev/log).
[    5.757068] systemd[1]: Listening on Journal Socket.
[    5.758123] systemd[1]: Listening on udev Control Socket.
[    5.758934] systemd[1]: Listening on udev Kernel Socket.
[    5.767261] systemd[1]: Mounting Huge Pages File System...
[    5.776532] systemd[1]: Mounting POSIX Message Queue File System...
[    5.785435] systemd[1]: Mounting Kernel Debug File System...
[    5.795524] systemd[1]: Mounting Kernel Trace File System...
[    5.803318] systemd[1]: Starting Availability of block devices...
[    5.811177] systemd[1]: Starting Wait for network to be configured by ifupdown...
[    5.819509] systemd[1]: Starting Create list of static device nodes for the current kernel...
[    5.827450] systemd[1]: Starting Monitoring of LVM2 mirrors, snapshots etc. using dmeventd or progress polling...
[    5.837003] systemd[1]: Starting Load Kernel Module drm...
[    5.844907] systemd[1]: Starting nftables...
[    5.846390] systemd[1]: Condition check resulted in Set Up Additional Binary Formats being skipped.
[    5.846604] systemd[1]: Condition check resulted in File System Check on Root Device being skipped.
[    5.857286] systemd[1]: Starting Journal Service...
[    5.867310] systemd[1]: Starting Load Kernel Modules...
[    5.875233] systemd[1]: Starting Remount Root and Kernel File Systems...
[    5.883679] systemd[1]: Starting udev Coldplug all Devices...
[    5.892263] systemd[1]: Mounted Huge Pages File System.
[    5.894056] systemd[1]: Mounted POSIX Message Queue File System.
[    5.895529] systemd[1]: Mounted Kernel Debug File System.
[    5.896974] systemd[1]: Mounted Kernel Trace File System.
[    5.906981] systemd[1]: Finished Availability of block devices.
[    5.914399] systemd[1]: Finished Wait for network to be configured by ifupdown.
[    5.922449] systemd[1]: Finished Create list of static device nodes for the current kernel.
[    5.926937] systemd[1]: modprobe@drm.service: Succeeded.
[    5.933229] systemd[1]: Finished Load Kernel Module drm.
[    5.934996] EXT4-fs (vdiska2): re-mounted. Opts: errors=remount-ro
[    5.946106] systemd[1]: Started Journal Service.
[    6.033196] systemd-journald[545]: Received client request to flush runtime journal.
[    6.412068] sha1_sparc64: Using sparc64 sha1 opcode optimized SHA-1 implementation
[    6.419649] n2rng v0.3 (Jan 7, 2017)
[    6.419748] n2rng f029b104: Registered RNG HVAPI major 2 minor 0
[    6.419837] n2rng f029b104: Found multi-unit-capable RNG, units: 2
[    6.420796] n2rng f029b104: RNG ready
[    6.463351] ------------[ cut here ]------------
[    6.463447] WARNING: CPU: 9 PID: 618 at drivers/block/pktcdvd.c:2597 pkt_setup_dev+0x2e4/0x5a0 [pktcdvd]
[    6.463530] Attempt to register a non-SCSI queue
[    6.463577] Modules linked in: pktcdvd cdrom n2_rng rng_core flash sha1_sparc64(+) nf_tables nfnetlink ip_tables x_tables ipv6 crc_ccitt autofs4 ext4 crc16 mbcache jbd2 raid10 raid456 async_raid6_recov async_memcpy async_pq async_xor xor async_tx raid6_pq raid1 raid0 multipath linear md_mod crc32c_sparc64
[    6.463863] CPU: 9 PID: 618 Comm: pktsetup Not tainted 5.2.0-rc1-00166-gcae9910e7344 #102
[    6.463936] Call Trace:
[    6.463973]  [0000000000468480] __warn+0xc0/0x100
[    6.464018]  [00000000004684f4] warn_slowpath_fmt+0x34/0x60
[    6.464072]  [0000000010217264] pkt_setup_dev+0x2e4/0x5a0 [pktcdvd]
[    6.464132]  [0000000010218d14] pkt_ctl_ioctl+0x94/0x240 [pktcdvd]
[    6.464192]  [00000000006aca10] do_vfs_ioctl+0x630/0x6e0
[    6.464244]  [00000000006acb08] ksys_ioctl+0x48/0x80
[    6.464293]  [00000000006acb54] sys_ioctl+0x14/0x40
[    6.464349]  [0000000000406294] linux_sparc_syscall+0x34/0x44
[    6.464403] irq event stamp: 3333
[    6.464448] hardirqs last  enabled at (3341): [<00000000004e0f24>] console_unlock+0x644/0x6e0
[    6.464526] hardirqs last disabled at (3348): [<00000000004e09e4>] console_unlock+0x104/0x6e0
[    6.464616] softirqs last  enabled at (3196): [<0000000000b11108>] __do_softirq+0x4a8/0x520
[    6.464707] softirqs last disabled at (3183): [<000000000042d014>] do_softirq_own_stack+0x34/0x60
[    6.464799] ---[ end trace dd1946ec621d28bd ]---
[    6.465826] pktcdvd: setup of pktcdvd device failed
[    6.515907] pktcdvd: setup of pktcdvd device failed
[    6.520422] pktcdvd: setup of pktcdvd device failed
[    6.527294] pktcdvd: setup of pktcdvd device failed
[    6.530296] pktcdvd: setup of pktcdvd device failed
[    6.532101] Adding 787176k swap on /dev/vdiska4.  Priority:-2 extents:1 across:787176k FS
[    6.534460] pktcdvd: setup of pktcdvd device failed
[    6.538783] pktcdvd: setup of pktcdvd device failed
[    6.543111] pktcdvd: setup of pktcdvd device failed
[    6.643319] sha256_sparc64: Using sparc64 sha256 opcode optimized SHA-256/SHA-224 implementation
[    6.667607] EXT4-fs (vdiska1): mounting ext3 file system using the ext4 subsystem
[    6.680501] EXT4-fs (vdiska1): mounted filesystem with ordered data mode. Opts: (null)
[    6.775891] sha512_sparc64: Using sparc64 sha512 opcode optimized SHA-512/SHA-384 implementation
[    6.777448] md5_sparc64: Using sparc64 md5 opcode optimized MD5 implementation
[    6.808814] XFS (dm-0): Mounting V5 Filesystem
[    6.826879] XFS (dm-0): Ending clean mount
[    6.946361] Kernel unaligned access at TPC[84e298] aa_dfa_unpack+0x38/0x5c0
[    6.946479] Kernel unaligned access at TPC[84e2b8] aa_dfa_unpack+0x58/0x5c0
[    6.946545] Kernel unaligned access at TPC[84e380] aa_dfa_unpack+0x120/0x5c0
[    6.946612] Kernel unaligned access at TPC[84e460] aa_dfa_unpack+0x200/0x5c0
[    6.946666] Kernel unaligned access at TPC[84e474] aa_dfa_unpack+0x214/0x5c0
[    6.947518] audit: type=1400 audit(1588090796.860:2): apparmor="STATUS" operation="profile_load" profile="unconfined" name="/usr/sbin/haveged" pid=709 comm="apparmor_parser"
[    6.948211] audit: type=1400 audit(1588090796.860:3): apparmor="STATUS" operation="profile_load" profile="unconfined" name="lsb_release" pid=717 comm="apparmor_parser"
[    6.951308] audit: type=1400 audit(1588090796.860:4): apparmor="STATUS" operation="profile_load" profile="unconfined" name="/usr/sbin/named" pid=715 comm="apparmor_parser"
[    6.952961] audit: type=1400 audit(1588090796.870:5): apparmor="STATUS" operation="profile_load" profile="unconfined" name="/usr/sbin/tcpdump" pid=713 comm="apparmor_parser"
[    6.954210] audit: type=1400 audit(1588090796.870:6): apparmor="STATUS" operation="profile_load" profile="unconfined" name="nvidia_modprobe" pid=710 comm="apparmor_parser"
[    6.954367] audit: type=1400 audit(1588090796.870:7): apparmor="STATUS" operation="profile_load" profile="unconfined" name="nvidia_modprobe//kmod" pid=710 comm="apparmor_parser"
[    6.976211] audit: type=1400 audit(1588090796.890:8): apparmor="STATUS" operation="profile_load" profile="unconfined" name="/usr/bin/man" pid=712 comm="apparmor_parser"
[    6.976348] audit: type=1400 audit(1588090796.890:9): apparmor="STATUS" operation="profile_load" profile="unconfined" name="man_filter" pid=712 comm="apparmor_parser"
[    6.976485] audit: type=1400 audit(1588090796.890:10): apparmor="STATUS" operation="profile_load" profile="unconfined" name="man_groff" pid=712 comm="apparmor_parser"
[    7.469849] random: crng init done
[    7.469901] random: 7 urandom warning(s) missed due to ratelimiting
