[    0.000018] PROMLIB: Sun IEEE Boot Prom 'OBP 4.38.17 2019/01/25 08:22'
[    0.000039] PROMLIB: Root node compatible: sun4v
[    0.000097] Linux version 5.13.0-rc4-00011-gc2131f7e73c9 (mator@ttip) (gcc (Debian 10.2.1-6) 10.2.1 20210110, GNU ld (GNU Binutils for Debian) 2.35.2) #225 SMP Tue Jun 1 12:00:59 MSK 2021
[    0.000583] printk: bootconsole [earlyprom0] enabled
[    0.000664] ARCH: SUN4V
[    0.000732] Ethernet address: 00:14:4f:fa:06:f2
[    0.000813] MM: PAGE_OFFSET is 0xfff8000000000000 (max_phys_bits == 47)
[    0.000914] MM: VMALLOC [0x0000000100000000 --> 0x0006000000000000]
[    0.001006] MM: VMEMMAP [0x0006000000000000 --> 0x000c000000000000]
[    0.023790] Kernel: Using 5 locked TLB entries for main kernel image.
[    0.023968] Remapping the kernel... 
[    0.024031] done.
[    0.078569] OF stdout device is: /virtual-devices@100/console@1
[    0.078985] PROM: Built device tree with 67673 bytes of memory.
[    0.079394] MDESC: Size is 25552 bytes.
[    0.079910] PLATFORM: banner-name [SPARC T5-2]
[    0.080173] PLATFORM: name [ORCL,SPARC-T5-2]
[    0.080396] PLATFORM: hostid [84fa06f2]
[    0.080607] PLATFORM: serial# [0035260e]
[    0.080817] PLATFORM: stick-frequency [3b9aca00]
[    0.081032] PLATFORM: mac-address [144ffa06f2]
[    0.081239] PLATFORM: watchdog-resolution [1000 ms]
[    0.081457] PLATFORM: watchdog-max-timeout [31536000000 ms]
[    0.081692] PLATFORM: max-cpus [1024]
[    0.081985] Top of RAM: 0x622f948000, Total RAM: 0x87f3a2000
[    0.082221] Memory hole size: 367365MB
[    0.104999] Allocated 65536 bytes for kernel page tables.
[    0.105388] Zone ranges:
[    0.105605]   Normal   [mem 0x0000000030400000-0x000000622f947fff]
[    0.105977] Movable zone start for each node
[    0.106217] Early memory node ranges
[    0.106412]   node   0: [mem 0x0000000030400000-0x000000006febffff]
[    0.106727]   node   0: [mem 0x000000006ff40000-0x000000006ff67fff]
[    0.107013]   node   0: [mem 0x0000000070000000-0x00000002afffffff]
[    0.107305]   node   0: [mem 0x0000002030000000-0x00000021afffffff]
[    0.107577]   node   0: [mem 0x0000004030000000-0x00000042afffffff]
[    0.107830]   node   0: [mem 0x0000006030000000-0x000000622f8b1fff]
[    0.108080]   node   0: [mem 0x000000622f940000-0x000000622f947fff]
[    0.108316] Initmem setup node 0 [mem 0x0000000030400000-0x000000622f947fff]
[    0.108569] On node 0 totalpages: 4454865
[    0.108590]   Normal zone: 39155 pages used for memmap
[    0.108607]   Normal zone: 0 pages reserved
[    0.108623]   Normal zone: 4454865 pages, LIFO batch:31
[    0.186343]   Normal zone: 525871 pages in unavailable ranges
[    0.186805] Booting Linux...
[    0.187108] CPU CAPS: [flush,stbar,swap,muldiv,v9,blkinit,n2,mul32]
[    0.187658] CPU CAPS: [div32,v8plus,popc,vis,vis2,ASIBlkInit,fmaf,vis3]
[    0.188159] CPU CAPS: [hpc,ima,pause,cbcond,aes,des,kasumi,camellia]
[    0.188606] CPU CAPS: [md5,sha1,sha256,sha512,mpmul,montmul,montsqr,crc32c]
[    0.406546] percpu: Embedded 20 pages/cpu s120528 r8192 d35120 u262144
[    0.407880] pcpu-alloc: s120528 r8192 d35120 u262144 alloc=1*4194304
[    0.407927] pcpu-alloc: [0] 000 001 002 003 004 005 006 007 008 009 010 011 012 013 014 015 
[    0.408234] pcpu-alloc: [0] 016 017 018 019 020 021 022 023 024 025 026 027 028 029 030 031 
[    0.408508] pcpu-alloc: [0] 032 033 034 035 036 037 038 039 040 041 042 043 044 045 046 047 
[    0.408777] pcpu-alloc: [0] 048 049 050 051 052 053 054 055 056 057 058 059 060 061 062 063 
[    0.409037] pcpu-alloc: [0] 064 065 066 067 068 069 070 071 072 073 074 075 076 077 078 079 
[    0.409278] pcpu-alloc: [0] 080 081 082 083 084 085 086 087 088 089 090 091 092 093 094 095 
[    0.409519] pcpu-alloc: [0] 096 097 098 099 100 101 102 103 104 105 106 107 108 109 110 111 
[    0.409752] pcpu-alloc: [0] 112 113 114 115 116 117 118 119 120 121 122 123 124 125 126 127 
[    0.409971] pcpu-alloc: [0] 128 129 130 131 132 133 134 135 136 137 138 139 140 141 142 143 
[    0.410191] pcpu-alloc: [0] 144 145 146 147 148 149 150 151 152 153 154 155 156 157 158 159 
[    0.410405] pcpu-alloc: [0] 160 161 162 163 164 165 166 167 168 169 170 171 172 173 174 175 
[    0.410606] pcpu-alloc: [0] 176 177 178 179 180 181 182 183 184 185 186 187 188 189 190 191 
[    0.410807] pcpu-alloc: [0] 192 193 194 195 196 197 198 199 200 201 202 203 204 205 206 207 
[    0.411009] pcpu-alloc: [0] 208 209 210 211 212 213 214 215 216 217 218 219 220 221 222 223 
[    0.411197] pcpu-alloc: [0] 224 225 226 227 228 229 230 231 232 233 234 235 236 237 238 239 
[    0.411382] pcpu-alloc: [0] 240 241 242 243 244 245 246 247 248 249 250 251 252 253 254 255 
[    0.412783] SUN4V: Mondo queue sizes [cpu(131072) dev(16384) r(8192) nr(256)]
[    0.413353] Built 1 zonelists, mobility grouping on.  Total pages: 4415710
[    0.413554] Kernel command line: BOOT_IMAGE=/vmlinux-5.13.0-rc4-00011-gc2131f7e73c9 root=/dev/vdiska2 ro zswap.enabled=1
[    0.414364] printk: log_buf_len individual max cpu contribution: 4096 bytes
[    0.414524] printk: log_buf_len total cpu_extra contributions: 1044480 bytes
[    0.414674] printk: log_buf_len min size: 131072 bytes
[    0.417702] printk: log_buf_len: 2097152 bytes
[    0.417833] printk: early log buf free: 126352(96%)
[    0.426409] Dentry cache hash table entries: 8388608 (order: 13, 67108864 bytes, linear)
[    0.430034] Inode-cache hash table entries: 4194304 (order: 12, 33554432 bytes, linear)
[    0.430151] Sorting __ex_table...
[    0.430534] mem auto-init: stack:off, heap alloc:off, heap free:off
[    0.437510] Memory: 1305496K/35638920K available (8759K kernel code, 1703K rwdata, 2912K rodata, 632K init, 3134K bss, 569952K reserved, 0K cma-reserved)
[    0.437756] random: get_random_u64 called from kmem_cache_open+0x1c/0x340 with crng_init=0
[    0.439204] SLUB: HWalign=32, Order=0-3, MinObjects=0, CPUs=256, Nodes=1
[    0.439852] ftrace: allocating 27323 entries in 54 pages
[    0.454016] ftrace: allocated 54 pages with 4 groups
[    0.454337] trace event string verifier disabled
[    0.460067] rcu: Hierarchical RCU implementation.
[    0.460159] rcu: 	RCU debug extended QS entry/exit.
[    0.460245] 	Rude variant of Tasks RCU enabled.
[    0.460326] 	Tracing variant of Tasks RCU enabled.
[    0.460409] rcu: RCU calculated value of scheduler-enlistment delay is 26 jiffies.
[    0.475460] NR_IRQS: 2048, nr_irqs: 2048, preallocated irqs: 1
[    0.475875] SUN4V: Using IRQ API major 3, cookie only virqs enabled
[    0.495533] clocksource: stick: mask: 0xffffffffffffffff max_cycles: 0x1cd42e4dffb, max_idle_ns: 881590591483 ns
[    0.496268] clocksource: mult[800000] shift[23]
[    0.496554] clockevent: mult[80000000] shift[31]
[    0.499396] Console: colour dummy device 80x25
[    0.499745] printk: console [tty0] enabled
[    0.500157] printk: bootconsole [earlyprom0] disabled
[    0.500559] Lock dependency validator: Copyright (c) 2006 Red Hat, Inc., Ingo Molnar
[    0.500720] ... MAX_LOCKDEP_SUBCLASSES:  8
[    0.500819] ... MAX_LOCK_DEPTH:          48
[    0.500999] ... MAX_LOCKDEP_KEYS:        8192
[    0.501094] ... CLASSHASH_SIZE:          4096
[    0.501196] ... MAX_LOCKDEP_ENTRIES:     16384
[    0.501299] ... MAX_LOCKDEP_CHAINS:      32768
[    0.501403] ... CHAINHASH_SIZE:          16384
[    0.501506]  memory used by lock dependency info: 2603 kB
[    0.501625]  per task-struct memory footprint: 1920 bytes
[    0.581502] Calibrating delay using timer specific routine.. 2019.07 BogoMIPS (lpj=4038155)
[    0.581756] pid_max: default: 262144 minimum: 2048
[    0.583580] LSM: Security Framework initializing
[    0.584884] Mount-cache hash table entries: 131072 (order: 7, 1048576 bytes, linear)
[    0.585613] Mountpoint-cache hash table entries: 131072 (order: 7, 1048576 bytes, linear)
[    0.601817] rcu: Hierarchical SRCU implementation.
[    0.644636] smp: Bringing up secondary CPUs ...
[    0.714172] smp: Brought up 1 node, 16 CPUs
[    1.213533] node 0 deferred pages initialised in 492ms
[    1.214590] devtmpfs: initialized
[    1.217441] Performance events: 
[    1.217474] Testing NMI watchdog ... 
[    1.297594] OK.
[    1.298039] Supported PMU type is 'niagara5'
[    1.303885] ldc.c:v1.1 (July 22, 2008)
[    1.308024] clocksource: jiffies: mask: 0xffffffff max_cycles: 0xffffffff, max_idle_ns: 7645041785100000 ns
[    1.308269] futex hash table entries: 65536 (order: 10, 8388608 bytes, linear)
[    1.344136] NET: Registered protocol family 16
[    1.359814] VIO: Adding device channel-devices (tx_ino = ffffffffffffffff, rx_ino = ffffffffffffffff)
[    1.360400] VIO: Adding device vnet-port-0-0 (tx_ino = 0, rx_ino = 1)
[    1.360780] VIO: Adding device vnet-port-0-1 (tx_ino = 2, rx_ino = 3)
[    1.361166] VIO: Adding device vnet-port-0-2 (tx_ino = 4, rx_ino = 5)
[    1.361659] VIO: Adding device vnet-port-0-3 (tx_ino = 6, rx_ino = 7)
[    1.362082] VIO: Adding device vnet-port-0-4 (tx_ino = 8, rx_ino = 9)
[    1.362542] VIO: Adding device vdc-port-2-0 (tx_ino = a, rx_ino = b)
[    1.363054] VIO: Adding device vdc-port-1-0 (tx_ino = c, rx_ino = d)
[    1.363475] VIO: Adding device vdc-port-0-0 (tx_ino = e, rx_ino = f)
[    1.363896] VIO: Adding device vlds-port-0-0 (tx_ino = 10, rx_ino = 11)
[    1.364335] VIO: Adding device domain-services-port-0 (tx_ino = 10, rx_ino = 11)
[    1.365489] audit: initializing netlink subsys (disabled)
[    1.366543] audit: type=2000 audit(0.860:1): state=initialized audit_enabled=0 res=1
[    1.447517] HugeTLB registered 64.0 KiB page size, pre-allocated 0 pages
[    1.447769] HugeTLB registered 8.00 MiB page size, pre-allocated 0 pages
[    1.447902] HugeTLB registered 256 MiB page size, pre-allocated 0 pages
[    1.448030] HugeTLB registered 2.00 GiB page size, pre-allocated 0 pages
[    3.622433] SUN4V: Reboot data supported (maj=1,min=0).
[    3.622768] ds.c:v1.0 (Jul 11, 2007)
[    3.623048] ds-0: ds_conn_reset() from send_events
[    3.623734] clocksource: Switched to clocksource stick
[    3.941365] VFS: Disk quotas dquot_6.6.0
[    3.941601] VFS: Dquot-cache hash table entries: 1024 (order 0, 8192 bytes)
[    3.952182] NET: Registered protocol family 2
[    3.952687] IP idents hash table entries: 262144 (order: 8, 2097152 bytes, linear)
[    3.963289] tcp_listen_portaddr_hash hash table entries: 32768 (order: 8, 2621440 bytes, linear)
[    3.969844] TCP established hash table entries: 524288 (order: 9, 4194304 bytes, linear)
[    3.974985] TCP bind hash table entries: 65536 (order: 9, 4718592 bytes, linear)
[    4.020237] TCP: Hash tables configured (established 524288 bind 65536)
[    4.035568] UDP hash table entries: 32768 (order: 9, 5242880 bytes, linear)
[    4.080763] UDP-Lite hash table entries: 32768 (order: 9, 5242880 bytes, linear)
[    4.117286] NET: Registered protocol family 1
[    4.117365] NET: Registered protocol family 44
[    4.117856] Trying to unpack rootfs image as initramfs...
[    4.154566] Initialise system trusted keyrings
[    4.155930] workingset: timestamp_bits=46 max_order=23 bucket_order=0
[    4.217863] zbud: loaded
[    4.232086] SGI XFS with ACLs, security attributes, realtime, quota, no debug enabled
[    4.241618] Key type asymmetric registered
[    4.241774] Asymmetric key parser 'x509' registered
[    4.242005] Block layer SCSI generic (bsg) driver version 0.4 loaded (major 252)
[    4.245280] io scheduler mq-deadline registered
[    4.251913] f029b788: ttyHV0 at I/O 0x0 (irq = 1, base_baud = 115200) is a SUN4V HCONS
[    4.254592] printk: console [ttyHV0] enabled
[    4.259736] sunvdc.c:v1.2 (November 24, 2014)
[    4.277577] sunvdc: Virtual Hard disk vdiskc
[    4.277640] sunvdc: vdiskc: 104857600 sectors (51200 MB) protocol 1.2
[    4.333193] sunvdc: Virtual Hard disk vdiskb
[    4.333264] sunvdc: vdiskb: 62914560 sectors (30720 MB) protocol 1.2
[    4.336023]  vdiskb: vdiskb1
[    4.404003] sunvdc: Virtual Hard disk vdiska
[    4.404099] sunvdc: vdiska: 31457280 sectors (15360 MB) protocol 1.2
[    4.406293]  vdiska: vdiska1 vdiska2 vdiska3 vdiska4
[    4.505982] rtc-sun4v rtc-sun4v: registered as rtc0
[    4.506286] rtc-sun4v rtc-sun4v: setting system clock to 2021-06-01T09:32:11 UTC (1622539931)
[    4.508040] rtc-test rtc-test.0: registered as rtc1
[    4.554218] rtc rtc2: invalid alarm value: 18446744073704833232-12-07T23:09:24
[    4.555015] rtc-test rtc-test.1: registered as rtc2
[    4.601090] rtc rtc3: invalid alarm value: 18446744073704833232-12-07T23:09:24
[    4.602095] rtc-test rtc-test.2: registered as rtc3
[    4.603925] softdog: initialized. soft_noboot=0 soft_margin=60 sec soft_panic=0 (nowayout=0)
[    4.604211] softdog:              soft_reboot_cmd=<not set> soft_active_on_boot=0
[    4.610928] NET: Registered protocol family 10
[    5.322786] Freeing initrd memory: 27048K
[    5.425110] Segment Routing with IPv6
[    5.425521] mip6: Mobile IPv6
[    5.425652] NET: Registered protocol family 17
[    5.436089] registered taskstats version 1
[    5.436150] Loading compiled-in X.509 certificates
[    5.444968] zswap: loaded using pool lzo/zbud
[    5.449452] This architecture does not have kernel memory protection.
[    5.449503] Run /init as init process
[    5.449531]   with arguments:
[    5.449538]     /init
[    5.449545]   with environment:
[    5.449551]     HOME=/
[    5.449557]     TERM=linux
[    5.449563]     BOOT_IMAGE=/vmlinux-5.13.0-rc4-00011-gc2131f7e73c9
[    7.247587] sunvnet_common: module verification failed: signature and/or required key missing - tainting kernel
[    7.252478] sunvnet: sunvnet 2.0 (February 3, 2017)
[    7.255906] vnet_port vnet-port-0-0 eth0: Sun LDOM vnet 00:14:4f:f8:12:a3
[    7.256189] sunvnet: eth0: PORT ( remote-mac 00:14:4f:fa:f3:f0 switch-port )
[    7.256734] sunvnet: eth0: PORT ( remote-mac 00:14:4f:f8:e5:f3 )
[    7.257243] sunvnet: eth0: PORT ( remote-mac 00:14:4f:f8:3f:1e )
[    7.257739] sunvnet: eth0: PORT ( remote-mac 00:14:4f:f9:b4:97 )
[    7.258315] sunvnet: eth0: PORT ( remote-mac 00:14:4f:f9:8b:83 )
[    7.274049] crc32c_sparc64: Using sparc64 crc32c opcode optimized CRC32C implementation
[    7.275402] random: lvm: uninitialized urandom read (4 bytes read)
[    7.327590] device-mapper: uevent: version 1.0.3
[    7.328289] device-mapper: ioctl: 4.45.0-ioctl (2021-03-22) initialised: dm-devel@redhat.com
[    7.335965] random: lvm: uninitialized urandom read (2 bytes read)
[    7.997234] xor: automatically using best checksumming function   Niagara   
[    8.071693] raid6: int64x8  gen()   809 MB/s
[    8.139700] raid6: int64x8  xor()   766 MB/s
[    8.207732] raid6: int64x4  gen()   751 MB/s
[    8.275836] raid6: int64x4  xor()   249 MB/s
[    8.343680] raid6: int64x2  gen()  1163 MB/s
[    8.411749] raid6: int64x2  xor()   362 MB/s
[    8.479713] raid6: int64x1  gen()   372 MB/s
[    8.547919] raid6: int64x1  xor()   135 MB/s
[    8.548080] raid6: using algorithm int64x2 gen() 1163 MB/s
[    8.548239] raid6: .... xor() 362 MB/s, rmw enabled
[    8.548373] raid6: using intx1 recovery algorithm
[    8.843197] random: fast init done
[    8.847789] EXT4-fs (vdiska2): mounted filesystem with ordered data mode. Opts: (null). Quota mode: none.
[   11.392176] systemd[1]: Inserted module 'autofs4'
[   11.853458] systemd[1]: systemd 247.3-5 running in system mode. (+PAM +AUDIT +SELINUX +IMA +APPARMOR +SMACK +SYSVINIT +UTMP +LIBCRYPTSETUP +GCRYPT +GNUTLS +ACL +XZ +LZ4 +ZSTD -SECCOMP +BLKID +ELFUTILS +KMOD +IDN2 -IDN +PCRE2 default-hierarchy=unified)
[   11.854373] systemd[1]: Detected architecture sparc64.
[   11.913932] systemd[1]: Set hostname to <ttip>.
[   13.750188] random: lvmconfig: uninitialized urandom read (4 bytes read)
[   15.340568] systemd[1]: Queued start job for default target Multi-User System.
[   15.342784] random: systemd: uninitialized urandom read (16 bytes read)
[   15.397970] systemd[1]: Created slice system-getty.slice.
[   15.400971] random: systemd: uninitialized urandom read (16 bytes read)
[   15.426786] systemd[1]: Created slice system-modprobe.slice.
[   15.428089] random: systemd: uninitialized urandom read (16 bytes read)
[   15.452966] systemd[1]: Created slice system-openvpn\x2dclient.slice.
[   15.476961] systemd[1]: Created slice system-postfix.slice.
[   15.503934] systemd[1]: Created slice system-systemd\x2dfsck.slice.
[   15.518708] systemd[1]: Created slice User and Session Slice.
[   15.519632] systemd[1]: Started Dispatch Password Requests to Console Directory Watch.
[   15.520405] systemd[1]: Started Forward Password Requests to Wall Directory Watch.
[   15.522830] systemd[1]: Set up automount Arbitrary Executable File Formats File System Automount Point.
[   15.523330] systemd[1]: Reached target Local Encrypted Volumes.
[   15.523808] systemd[1]: Reached target Paths.
[   15.524193] systemd[1]: Reached target Slices.
[   15.525024] systemd[1]: Listening on Device-mapper event daemon FIFOs.
[   15.525886] systemd[1]: Listening on LVM2 poll daemon socket.
[   15.585562] systemd[1]: Listening on RPCbind Server Activation Socket.
[   15.591605] systemd[1]: Listening on Syslog Socket.
[   15.593190] systemd[1]: Listening on fsck to fsckd communication Socket.
[   15.594169] systemd[1]: Listening on initctl Compatibility Named Pipe.
[   15.595694] systemd[1]: Listening on Journal Audit Socket.
[   15.596771] systemd[1]: Listening on Journal Socket (/dev/log).
[   15.597995] systemd[1]: Listening on Journal Socket.
[   15.599236] systemd[1]: Listening on udev Control Socket.
[   15.600136] systemd[1]: Listening on udev Kernel Socket.
[   15.610190] systemd[1]: Mounting Huge Pages File System...
[   15.622216] systemd[1]: Mounting POSIX Message Queue File System...
[   15.633183] systemd[1]: Mounting RPC Pipe File System...
[   15.647464] systemd[1]: Mounting Kernel Debug File System...
[   15.659293] systemd[1]: Mounting Kernel Trace File System...
[   15.660335] systemd[1]: Condition check resulted in Kernel Module supporting RPCSEC_GSS being skipped.
[   15.661211] systemd[1]: Finished Availability of block devices.
[   15.671922] systemd[1]: Starting Wait for network to be configured by ifupdown...
[   15.682193] systemd[1]: Starting Create list of static device nodes for the current kernel...
[   15.692027] systemd[1]: Starting Monitoring of LVM2 mirrors, snapshots etc. using dmeventd or progress polling...
[   15.703114] systemd[1]: Starting Load Kernel Module configfs...
[   15.714650] systemd[1]: Starting Load Kernel Module drm...
[   15.726219] systemd[1]: Starting Load Kernel Module fuse...
[   15.739266] systemd[1]: Starting nftables...
[   15.764232] systemd[1]: Condition check resulted in Set Up Additional Binary Formats being skipped.
[   15.764548] systemd[1]: Condition check resulted in File System Check on Root Device being skipped.
[   15.781027] systemd[1]: Starting Journal Service...
[   15.849830] systemd[1]: Starting Load Kernel Modules...
[   15.860499] systemd[1]: Starting Remount Root and Kernel File Systems...
[   15.870578] systemd[1]: Starting Coldplug All udev Devices...
[   15.882454] systemd[1]: Mounted Huge Pages File System.
[   15.883450] systemd[1]: Mounted POSIX Message Queue File System.
[   15.884305] systemd[1]: Mounted Kernel Debug File System.
[   15.885119] systemd[1]: Mounted Kernel Trace File System.
[   15.888502] systemd[1]: Finished Wait for network to be configured by ifupdown.
[   15.891703] systemd[1]: Finished Create list of static device nodes for the current kernel.
[   15.893839] systemd[1]: modprobe@drm.service: Succeeded.
[   15.896280] systemd[1]: Finished Load Kernel Module drm.
[   15.913044] systemd[1]: modprobe@configfs.service: Succeeded.
[   15.917047] systemd[1]: Finished Load Kernel Module configfs.
[   15.932509] systemd[1]: Mounting Kernel Configuration File System...
[   15.944226] systemd[1]: Finished Monitoring of LVM2 mirrors, snapshots etc. using dmeventd or progress polling.
[   15.949307] systemd[1]: Mounted Kernel Configuration File System.
[   15.967455] systemd[1]: Finished Load Kernel Modules.
[   15.972958] EXT4-fs (vdiska2): re-mounted. Opts: errors=remount-ro. Quota mode: none.
[   15.978939] systemd[1]: Starting Apply Kernel Variables...
[   16.000884] systemd[1]: Finished Remount Root and Kernel File Systems.
[   16.079149] systemd[1]: Starting Initial Check File System Quotas...
[   16.135662] systemd[1]: Condition check resulted in Rebuild Hardware Database being skipped.
[   16.136098] systemd[1]: Condition check resulted in Platform Persistent Storage Archival being skipped.
[   16.141996] fuse: init (API version 7.33)
[   16.148095] systemd[1]: Starting Load/Save Random Seed...
[   16.160327] systemd[1]: Starting Create System Users...
[   16.162843] systemd[1]: Started Journal Service.
[   16.283513] systemd-journald[343]: Received client request to flush runtime journal.
[   16.830084] RPC: Registered named UNIX socket transport module.
[   16.830152] RPC: Registered udp transport module.
[   16.830190] RPC: Registered tcp transport module.
[   16.830227] RPC: Registered tcp NFSv4.1 backchannel transport module.
[   18.229897] sha1_sparc64: Using sparc64 sha1 opcode optimized SHA-1 implementation
[   18.278379] sha256_sparc64: Using sparc64 sha256 opcode optimized SHA-256/SHA-224 implementation
[   18.333741] sha512_sparc64: Using sparc64 sha512 opcode optimized SHA-512/SHA-384 implementation
[   18.446012] md5_sparc64: Using sparc64 md5 opcode optimized MD5 implementation
[   18.446847] n2rng v0.3 (Jan 7, 2017)
[   18.446955] n2rng f029b104: Registered RNG HVAPI major 2 minor 0
[   18.447039] n2rng f029b104: Found multi-unit-capable RNG, units: 2
[   18.448974] n2rng f029b104: RNG ready
[   18.508045] aes_sparc64: Using sparc64 aes opcodes optimized AES implementation
[   18.551528] des_sparc64: Using sparc64 des opcodes optimized DES implementation
[   18.945403] random: crng init done
[   18.945597] random: 4 urandom warning(s) missed due to ratelimiting
[   19.210289] camellia_sparc64: Using sparc64 camellia opcodes optimized CAMELLIA implementation
[   19.311808] Adding 787176k swap on /dev/vdiska4.  Priority:-2 extents:1 across:787176k FS
[   19.460929] XFS (dm-0): Mounting V5 Filesystem
[   19.625297] XFS (dm-0): Ending clean mount
[   19.674888] xfs filesystem being mounted at /1 supports timestamps until 2038 (0x7fffffff)
[   19.782653] EXT4-fs (vdiska1): mounting ext3 file system using the ext4 subsystem
[   19.807589] EXT4-fs (vdiska1): mounted filesystem with ordered data mode. Opts: (null). Quota mode: none.
[   19.807956] ext3 filesystem being mounted at /boot supports timestamps until 2038 (0x7fffffff)
