[    0.000012] PROMLIB: Sun IEEE Boot Prom 'OBP 4.38.17 2019/01/25 08:22'
[    0.000029] PROMLIB: Root node compatible: sun4v
[    0.000074] Linux version 5.15.0-rc3-00240-g4de593fb965f (mator@ttip) (gcc (Debian 10.3.0-11) 10.3.0, GNU ld (GNU Binutils for Debian) 2.37) #278 SMP Fri Oct 1 17:02:58 MSK 2021
[    0.000377] printk: bootconsole [earlyprom0] enabled
[    0.000427] ARCH: SUN4V
[    0.000470] Ethernet address: 00:14:4f:fa:06:f2
[    0.000520] MM: PAGE_OFFSET is 0xfff8000000000000 (max_phys_bits == 47)
[    0.000582] MM: VMALLOC [0x0000000100000000 --> 0x0006000000000000]
[    0.000640] MM: VMEMMAP [0x0006000000000000 --> 0x000c000000000000]
[    0.014048] Kernel: Using 5 locked TLB entries for main kernel image.
[    0.014114] Remapping the kernel... 
[    0.014139] done.
[    0.032857] OF stdout device is: /virtual-devices@100/console@1
[    0.032918] PROM: Built device tree with 67601 bytes of memory.
[    0.032975] MDESC: Size is 24080 bytes.
[    0.033065] PLATFORM: banner-name [SPARC T5-2]
[    0.033111] PLATFORM: name [ORCL,SPARC-T5-2]
[    0.033152] PLATFORM: hostid [84fa06f2]
[    0.033193] PLATFORM: serial# [0035260e]
[    0.033231] PLATFORM: stick-frequency [3b9aca00]
[    0.033276] PLATFORM: mac-address [144ffa06f2]
[    0.033318] PLATFORM: watchdog-resolution [1000 ms]
[    0.033366] PLATFORM: watchdog-max-timeout [31536000000 ms]
[    0.033418] PLATFORM: max-cpus [1024]
[    0.033505] Top of RAM: 0x42f948000, Total RAM: 0x3ff3a0000
[    0.033561] Memory hole size: 773MB
[    0.035446] Allocated 24576 bytes for kernel page tables.
[    0.035519] Zone ranges:
[    0.035555]   Normal   [mem 0x0000000030400000-0x000000042f947fff]
[    0.035619] Movable zone start for each node
[    0.035661] Early memory node ranges
[    0.035697]   node   0: [mem 0x0000000030400000-0x000000006febffff]
[    0.035757]   node   0: [mem 0x000000006ff40000-0x000000006ff65fff]
[    0.035815]   node   0: [mem 0x0000000070000000-0x000000042f8b1fff]
[    0.035873]   node   0: [mem 0x000000042f940000-0x000000042f947fff]
[    0.035930] Initmem setup node 0 [mem 0x0000000030400000-0x000000042f947fff]
[    0.045120] On node 0, zone Normal: 98816 pages in unavailable ranges
[    0.045147] On node 0, zone Normal: 64 pages in unavailable ranges
[    0.046443] On node 0, zone Normal: 77 pages in unavailable ranges
[    0.046513] On node 0, zone Normal: 71 pages in unavailable ranges
[    0.048061] On node 0, zone Normal: 33628 pages in unavailable ranges
[    0.048124] Booting Linux...
[    0.048225] CPU CAPS: [flush,stbar,swap,muldiv,v9,blkinit,n2,mul32]
[    0.048310] CPU CAPS: [div32,v8plus,popc,vis,vis2,ASIBlkInit,fmaf,vis3]
[    0.048395] CPU CAPS: [hpc,ima,pause,cbcond,aes,des,kasumi,camellia]
[    0.048478] CPU CAPS: [md5,sha1,sha256,sha512,mpmul,montmul,montsqr,crc32c]
[    0.090925] percpu: Embedded 18 pages/cpu s104976 r8192 d34288 u262144
[    0.091170] pcpu-alloc: s104976 r8192 d34288 u262144 alloc=1*4194304
[    0.091179] pcpu-alloc: [0] 000 001 002 003 004 005 006 007 008 009 010 011 012 013 014 015 
[    0.091232] pcpu-alloc: [0] 016 017 018 019 020 021 022 023 024 025 026 027 028 029 030 031 
[    0.091283] pcpu-alloc: [0] 032 033 034 035 036 037 038 039 040 041 042 043 044 045 046 047 
[    0.091335] pcpu-alloc: [0] 048 049 050 051 052 053 054 055 056 057 058 059 060 061 062 063 
[    0.091385] pcpu-alloc: [0] 064 065 066 067 068 069 070 071 072 073 074 075 076 077 078 079 
[    0.091436] pcpu-alloc: [0] 080 081 082 083 084 085 086 087 088 089 090 091 092 093 094 095 
[    0.091487] pcpu-alloc: [0] 096 097 098 099 100 101 102 103 104 105 106 107 108 109 110 111 
[    0.091539] pcpu-alloc: [0] 112 113 114 115 116 117 118 119 120 121 122 123 124 125 126 127 
[    0.091590] pcpu-alloc: [0] 128 129 130 131 132 133 134 135 136 137 138 139 140 141 142 143 
[    0.091641] pcpu-alloc: [0] 144 145 146 147 148 149 150 151 152 153 154 155 156 157 158 159 
[    0.091692] pcpu-alloc: [0] 160 161 162 163 164 165 166 167 168 169 170 171 172 173 174 175 
[    0.091744] pcpu-alloc: [0] 176 177 178 179 180 181 182 183 184 185 186 187 188 189 190 191 
[    0.091795] pcpu-alloc: [0] 192 193 194 195 196 197 198 199 200 201 202 203 204 205 206 207 
[    0.091846] pcpu-alloc: [0] 208 209 210 211 212 213 214 215 216 217 218 219 220 221 222 223 
[    0.091897] pcpu-alloc: [0] 224 225 226 227 228 229 230 231 232 233 234 235 236 237 238 239 
[    0.091948] pcpu-alloc: [0] 240 241 242 243 244 245 246 247 248 249 250 251 252 253 254 255 
[    0.092387] SUN4V: Mondo queue sizes [cpu(131072) dev(16384) r(8192) nr(256)]
[    0.092657] Built 1 zonelists, mobility grouping on.  Total pages: 2077148
[    0.092736] Kernel command line: BOOT_IMAGE=/vmlinux-5.15.0-rc3-00240-g4de593fb965f root=/dev/vdiska2 ro
[    0.092878] Unknown command line parameters: BOOT_IMAGE=/vmlinux-5.15.0-rc3-00240-g4de593fb965f
[    0.092960] printk: log_buf_len individual max cpu contribution: 4096 bytes
[    0.093024] printk: log_buf_len total cpu_extra contributions: 1044480 bytes
[    0.093088] printk: log_buf_len min size: 131072 bytes
[    0.094885] printk: log_buf_len: 2097152 bytes
[    0.094931] printk: early log buf free: 126400(96%)
[    0.096581] Dentry cache hash table entries: 2097152 (order: 11, 16777216 bytes, linear)
[    0.097482] Inode-cache hash table entries: 1048576 (order: 10, 8388608 bytes, linear)
[    0.097556] Sorting __ex_table...
[    0.097798] mem auto-init: stack:off, heap alloc:off, heap free:off
[    0.101944] Memory: 1260520K/16764544K available (8870K kernel code, 1733K rwdata, 2944K rodata, 616K init, 3131K bss, 288000K reserved, 0K cma-reserved)
[    0.102112] random: get_random_u64 called from kmem_cache_open+0xc/0x280 with crng_init=0
[    0.105099] SLUB: HWalign=32, Order=0-3, MinObjects=0, CPUs=256, Nodes=1
[    0.105905] ftrace: allocating 27646 entries in 54 pages
[    0.116880] ftrace: allocated 54 pages with 4 groups
[    0.117172] trace event string verifier disabled
[    0.121280] rcu: Hierarchical RCU implementation.
[    0.121333] rcu: 	RCU debug extended QS entry/exit.
[    0.121381] 	Trampoline variant of Tasks RCU enabled.
[    0.121428] 	Rude variant of Tasks RCU enabled.
[    0.121471] 	Tracing variant of Tasks RCU enabled.
[    0.121516] rcu: RCU calculated value of scheduler-enlistment delay is 26 jiffies.
[    0.127778] NR_IRQS: 2048, nr_irqs: 2048, preallocated irqs: 1
[    0.127855] SUN4V: Using IRQ API major 3, cookie only virqs enabled
[    0.131983] clocksource: stick: mask: 0xffffffffffffffff max_cycles: 0x1cd42e4dffb, max_idle_ns: 881590591483 ns
[    0.132119] clocksource: mult[800000] shift[23]
[    0.132164] clockevent: mult[80000000] shift[31]
[    0.132850] Console: colour dummy device 80x25
[    0.132902] printk: console [tty0] enabled
[    0.132963] printk: bootconsole [earlyprom0] disabled
[    0.133027] Lock dependency validator: Copyright (c) 2006 Red Hat, Inc., Ingo Molnar
[    0.133053] ... MAX_LOCKDEP_SUBCLASSES:  8
[    0.133069] ... MAX_LOCK_DEPTH:          48
[    0.133085] ... MAX_LOCKDEP_KEYS:        8192
[    0.133101] ... CLASSHASH_SIZE:          4096
[    0.133118] ... MAX_LOCKDEP_ENTRIES:     16384
[    0.133134] ... MAX_LOCKDEP_CHAINS:      32768
[    0.133151] ... CHAINHASH_SIZE:          16384
[    0.133167]  memory used by lock dependency info: 2603 kB
[    0.133186]  per task-struct memory footprint: 1920 bytes
[    0.212355] Calibrating delay using timer specific routine.. 2004.38 BogoMIPS (lpj=4008779)
[    0.212404] pid_max: default: 262144 minimum: 2048
[    0.213026] LSM: Security Framework initializing
[    0.213383] Mount-cache hash table entries: 32768 (order: 5, 262144 bytes, linear)
[    0.213441] Mountpoint-cache hash table entries: 32768 (order: 5, 262144 bytes, linear)
[    0.216634] rcu: Hierarchical SRCU implementation.
[    0.223960] smp: Bringing up secondary CPUs ...
[    0.236013] smp: Brought up 1 node, 16 CPUs
[    0.322769] node 0 deferred pages initialised in 84ms
[    0.323811] devtmpfs: initialized
[    0.325619] Performance events: 
[    0.325646] Testing NMI watchdog ... 
[    0.405773] WARNING: CPU#0: NMI appears to be stuck (0->0)!
[    0.405837] Please report this to bugzilla.kernel.org,
[    0.405895] and attach the output of the 'dmesg' command.

[    0.405983] WARNING: CPU#1: NMI appears to be stuck (0->0)!
[    0.406047] Please report this to bugzilla.kernel.org,
[    0.406104] and attach the output of the 'dmesg' command.

[    0.406191] WARNING: CPU#2: NMI appears to be stuck (0->0)!
[    0.406254] Please report this to bugzilla.kernel.org,
[    0.406312] and attach the output of the 'dmesg' command.

[    0.406399] WARNING: CPU#3: NMI appears to be stuck (0->0)!
[    0.406462] Please report this to bugzilla.kernel.org,
[    0.406519] and attach the output of the 'dmesg' command.

[    0.406606] WARNING: CPU#4: NMI appears to be stuck (0->0)!
[    0.406670] Please report this to bugzilla.kernel.org,
[    0.406727] and attach the output of the 'dmesg' command.

[    0.406814] WARNING: CPU#5: NMI appears to be stuck (0->0)!
[    0.406876] Please report this to bugzilla.kernel.org,
[    0.406933] and attach the output of the 'dmesg' command.

[    0.407020] WARNING: CPU#6: NMI appears to be stuck (0->0)!
[    0.407083] Please report this to bugzilla.kernel.org,
[    0.407140] and attach the output of the 'dmesg' command.

[    0.407227] WARNING: CPU#7: NMI appears to be stuck (0->0)!
[    0.407290] Please report this to bugzilla.kernel.org,
[    0.407347] and attach the output of the 'dmesg' command.

[    0.407434] WARNING: CPU#8: NMI appears to be stuck (0->0)!
[    0.407497] Please report this to bugzilla.kernel.org,
[    0.407554] and attach the output of the 'dmesg' command.

[    0.407642] WARNING: CPU#9: NMI appears to be stuck (0->0)!
[    0.407705] Please report this to bugzilla.kernel.org,
[    0.407762] and attach the output of the 'dmesg' command.

[    0.407848] WARNING: CPU#10: NMI appears to be stuck (0->0)!
[    0.407913] Please report this to bugzilla.kernel.org,
[    0.407969] and attach the output of the 'dmesg' command.

[    0.408056] WARNING: CPU#11: NMI appears to be stuck (0->0)!
[    0.408119] Please report this to bugzilla.kernel.org,
[    0.408177] and attach the output of the 'dmesg' command.

[    0.408263] WARNING: CPU#12: NMI appears to be stuck (0->0)!
[    0.408327] Please report this to bugzilla.kernel.org,
[    0.408384] and attach the output of the 'dmesg' command.

[    0.408471] WARNING: CPU#13: NMI appears to be stuck (0->0)!
[    0.408535] Please report this to bugzilla.kernel.org,
[    0.408591] and attach the output of the 'dmesg' command.

[    0.408678] WARNING: CPU#14: NMI appears to be stuck (0->0)!
[    0.408742] Please report this to bugzilla.kernel.org,
[    0.408799] and attach the output of the 'dmesg' command.

[    0.408885] WARNING: CPU#15: NMI appears to be stuck (0->0)!
[    0.408965] Please report this to bugzilla.kernel.org,
[    0.409021] and attach the output of the 'dmesg' command.
[    0.409117] No support for PMU type 'niagara5'
[    0.409972] ldc.c:v1.1 (July 22, 2008)
[    0.410671] clocksource: jiffies: mask: 0xffffffff max_cycles: 0xffffffff, max_idle_ns: 7645041785100000 ns
[    0.410718] futex hash table entries: 65536 (order: 10, 8388608 bytes, linear)
[    0.418283] NET: Registered PF_NETLINK/PF_ROUTE protocol family
[    0.420618] VIO: Adding device channel-devices (tx_ino = ffffffffffffffff, rx_ino = ffffffffffffffff)
[    0.420729] VIO: Adding device vnet-port-0-0 (tx_ino = 0, rx_ino = 1)
[    0.420791] VIO: Adding device vnet-port-0-1 (tx_ino = 2, rx_ino = 3)
[    0.420851] VIO: Adding device vnet-port-0-2 (tx_ino = 4, rx_ino = 5)
[    0.420910] VIO: Adding device vnet-port-0-3 (tx_ino = 6, rx_ino = 7)
[    0.420972] VIO: Adding device vdc-port-2-0 (tx_ino = 8, rx_ino = 9)
[    0.421045] VIO: Adding device vdc-port-1-0 (tx_ino = a, rx_ino = b)
[    0.421104] VIO: Adding device vdc-port-0-0 (tx_ino = c, rx_ino = d)
[    0.421171] VIO: Adding device vlds-port-0-0 (tx_ino = e, rx_ino = f)
[    0.421233] VIO: Adding device domain-services-port-0 (tx_ino = e, rx_ino = f)
[    0.421433] audit: initializing netlink subsys (disabled)
[    0.421615] audit: type=2000 audit(0.288:1): state=initialized audit_enabled=0 res=1
[    0.433618] HugeTLB registered 64.0 KiB page size, pre-allocated 0 pages
[    0.433644] HugeTLB registered 8.00 MiB page size, pre-allocated 0 pages
[    0.433668] HugeTLB registered 256 MiB page size, pre-allocated 0 pages
[    0.433691] HugeTLB registered 2.00 GiB page size, pre-allocated 0 pages
[    1.005225] SUN4V: Reboot data supported (maj=1,min=0).
[    1.005451] ds.c:v1.0 (Jul 11, 2007)
[    1.005660] ds-0: ds_conn_reset() from send_events
[    1.006167] clocksource: Switched to clocksource stick
[    1.115189] VFS: Disk quotas dquot_6.6.0
[    1.115387] VFS: Dquot-cache hash table entries: 1024 (order 0, 8192 bytes)
[    1.122326] NET: Registered PF_INET protocol family
[    1.122750] IP idents hash table entries: 262144 (order: 8, 2097152 bytes, linear)
[    1.129487] tcp_listen_portaddr_hash hash table entries: 8192 (order: 6, 655360 bytes, linear)
[    1.130471] TCP established hash table entries: 131072 (order: 7, 1048576 bytes, linear)
[    1.131456] TCP bind hash table entries: 65536 (order: 9, 4718592 bytes, linear)
[    1.137878] TCP: Hash tables configured (established 131072 bind 65536)
[    1.140220] UDP hash table entries: 8192 (order: 7, 1310720 bytes, linear)
[    1.142370] UDP-Lite hash table entries: 8192 (order: 7, 1310720 bytes, linear)
[    1.146706] NET: Registered PF_UNIX/PF_LOCAL protocol family
[    1.146755] NET: Registered PF_XDP protocol family
[    1.147327] Trying to unpack rootfs image as initramfs...
[    1.158590] Initialise system trusted keyrings
[    1.158770] workingset: timestamp_bits=46 max_order=21 bucket_order=0
[    1.165773] zbud: loaded
[    1.168154] SGI XFS with ACLs, security attributes, realtime, quota, no debug enabled
[    1.171534] Key type asymmetric registered
[    1.171571] Asymmetric key parser 'x509' registered
[    1.171643] Block layer SCSI generic (bsg) driver version 0.4 loaded (major 252)
[    1.172211] io scheduler mq-deadline registered
[    1.173537] f029b788: ttyHV0 at I/O 0x0 (irq = 1, base_baud = 115200) is a SUN4V HCONS
[    1.174150] printk: console [ttyHV0] enabled
[    1.174765] n2rng v0.3 (Jan 7, 2017)
[    1.174797] n2rng f029b104: Registered RNG HVAPI major 2 minor 0
[    1.174824] n2rng f029b104: Found multi-unit-capable RNG, units: 2
[    1.175595] n2rng f029b104: RNG ready
[    1.176112] sunvdc.c:v1.2 (November 24, 2014)
[    1.178104] sunvdc: Virtual Hard disk vdiskc
[    1.178136] sunvdc: vdiskc: 104857600 sectors (51200 MB) protocol 1.2
[    1.199885] sunvdc: Virtual Hard disk vdiskb
[    1.199921] sunvdc: vdiskb: 62914560 sectors (30720 MB) protocol 1.2
[    1.218567]  vdiskb: vdiskb1
[    1.225089] sunvdc: Virtual Hard disk vdiska
[    1.225111] sunvdc: vdiska: 31457280 sectors (15360 MB) protocol 1.2
[    1.243640]  vdiska: vdiska1 vdiska2 vdiska3 vdiska4
[    1.245745] rtc-sun4v rtc-sun4v: registered as rtc0
[    1.245794] rtc-sun4v rtc-sun4v: setting system clock to 2021-10-01T15:03:33 UTC (1633100613)
[    1.246063] softdog: initialized. soft_noboot=0 soft_margin=60 sec soft_panic=0 (nowayout=0)
[    1.246096] softdog:              soft_reboot_cmd=<not set> soft_active_on_boot=0
[    1.248996] NET: Registered PF_INET6 protocol family
[    1.420094] Freeing initrd memory: 27616K
[    1.441681] Segment Routing with IPv6
[    1.441749] In-situ OAM (IOAM) with IPv6
[    1.441827] mip6: Mobile IPv6
[    1.441847] NET: Registered PF_PACKET protocol family
[    1.444937] registered taskstats version 1
[    1.444966] Loading compiled-in X.509 certificates
[    1.447671] zswap: loaded using pool lzo/zbud
[    1.451240] This architecture does not have kernel memory protection.
[    1.451273] Run /init as init process
[    1.451291]   with arguments:
[    1.451295]     /init
[    1.451299]   with environment:
[    1.451303]     HOME=/
[    1.451307]     TERM=linux
[    1.451310]     BOOT_IMAGE=/vmlinux-5.15.0-rc3-00240-g4de593fb965f
[    1.798610] sunvnet: sunvnet 2.0 (February 3, 2017)
[    1.802567] vnet_port vnet-port-0-0 eth0: Sun LDOM vnet 00:14:4f:f8:12:a3
[    1.802786] sunvnet: eth0: PORT ( remote-mac 00:14:4f:fa:f3:f0 switch-port )
[    1.803932] sunvnet: eth0: PORT ( remote-mac 00:14:4f:f8:e5:f3 )
[    1.805036] sunvnet: eth0: PORT ( remote-mac 00:14:4f:f9:b4:97 )
[    1.806169] sunvnet: eth0: PORT ( remote-mac 00:14:4f:f8:3f:1e )
[    1.814041] crc32c_sparc64: Using sparc64 crc32c opcode optimized CRC32C implementation
[    1.820540] random: lvm: uninitialized urandom read (4 bytes read)
[    1.859314] device-mapper: uevent: version 1.0.3
[    1.860096] device-mapper: ioctl: 4.45.0-ioctl (2021-03-22) initialised: dm-devel@redhat.com
[    1.871077] random: lvm: uninitialized urandom read (2 bytes read)
[    2.107382] xor: automatically using best checksumming function   Niagara   
[    2.174126] raid6: int64x8  gen()  2151 MB/s
[    2.242132] raid6: int64x8  xor()  1516 MB/s
[    2.310141] raid6: int64x4  gen()  3364 MB/s
[    2.378141] raid6: int64x4  xor()  1453 MB/s
[    2.446143] raid6: int64x2  gen()  2912 MB/s
[    2.514129] raid6: int64x2  xor()  1141 MB/s
[    2.582138] raid6: int64x1  gen()  1425 MB/s
[    2.650131] raid6: int64x1  xor()   714 MB/s
[    2.650175] raid6: using algorithm int64x4 gen() 3364 MB/s
[    2.650197] raid6: .... xor() 1453 MB/s, rmw enabled
[    2.650218] raid6: using intx1 recovery algorithm
[    2.787809] random: fast init done
[    2.823087] EXT4-fs (vdiska2): mounted filesystem with ordered data mode. Opts: (null). Quota mode: none.
[    4.387489] systemd[1]: Inserted module 'autofs4'
[    4.525065] systemd[1]: systemd 247.9-2 running in system mode. (+PAM +AUDIT +SELINUX +IMA +APPARMOR +SMACK +SYSVINIT +UTMP +LIBCRYPTSETUP +GCRYPT +GNUTLS +ACL +XZ +LZ4 +ZSTD -SECCOMP +BLKID +ELFUTILS +KMOD +IDN2 -IDN +PCRE2 default-hierarchy=unified)
[    4.525391] systemd[1]: Detected architecture sparc64.
[    4.551260] systemd[1]: Set hostname to <ttip>.
[    5.938507] random: lvmconfig: uninitialized urandom read (4 bytes read)
[    7.679317] systemd[1]: Queued start job for default target Multi-User System.
[    7.680167] random: systemd: uninitialized urandom read (16 bytes read)
[    7.688955] systemd[1]: Created slice Slice /system/getty.
[    7.689413] random: systemd: uninitialized urandom read (16 bytes read)
[    7.692899] systemd[1]: Created slice Slice /system/modprobe.
[    7.693140] random: systemd: uninitialized urandom read (16 bytes read)
[    7.696964] systemd[1]: Created slice Slice /system/openvpn-client.
[    7.700579] systemd[1]: Created slice Slice /system/postfix.
[    7.704213] systemd[1]: Created slice Slice /system/systemd-fsck.
[    7.708734] systemd[1]: Created slice User and Session Slice.
[    7.709285] systemd[1]: Started Dispatch Password Requests to Console Directory Watch.
[    7.709731] systemd[1]: Started Forward Password Requests to Wall Directory Watch.
[    7.711349] systemd[1]: Set up automount Arbitrary Executable File Formats File System Automount Point.
[    7.711668] systemd[1]: Reached target Local Encrypted Volumes.
[    7.711950] systemd[1]: Reached target Paths.
[    7.712182] systemd[1]: Reached target Slices.
[    7.712433] systemd[1]: Reached target System Time Set.
[    7.712947] systemd[1]: Listening on Device-mapper event daemon FIFOs.
[    7.713553] systemd[1]: Listening on LVM2 poll daemon socket.
[    7.730495] systemd[1]: Listening on RPCbind Server Activation Socket.
[    7.731765] systemd[1]: Listening on Syslog Socket.
[    7.732388] systemd[1]: Listening on fsck to fsckd communication Socket.
[    7.732805] systemd[1]: Listening on initctl Compatibility Named Pipe.
[    7.733541] systemd[1]: Listening on Journal Audit Socket.
[    7.734122] systemd[1]: Listening on Journal Socket (/dev/log).
[    7.734828] systemd[1]: Listening on Journal Socket.
[    7.753577] systemd[1]: Listening on udev Control Socket.
[    7.754182] systemd[1]: Listening on udev Kernel Socket.
[    7.760437] systemd[1]: Mounting Huge Pages File System...
[    7.766961] systemd[1]: Mounting POSIX Message Queue File System...
[    7.773063] systemd[1]: Mounting RPC Pipe File System...
[    7.780160] systemd[1]: Mounting Kernel Debug File System...
[    7.788336] systemd[1]: Mounting Kernel Trace File System...
[    7.789148] systemd[1]: Condition check resulted in Kernel Module supporting RPCSEC_GSS being skipped.
[    7.789770] systemd[1]: Finished Availability of block devices.
[    7.797491] systemd[1]: Starting Wait for network to be configured by ifupdown...
[    7.806094] systemd[1]: Starting Create list of static device nodes for the current kernel...
[    7.812357] systemd[1]: Starting Monitoring of LVM2 mirrors, snapshots etc. using dmeventd or progress polling...
[    7.819300] systemd[1]: Starting Load Kernel Module configfs...
[    7.826762] systemd[1]: Starting Load Kernel Module drm...
[    7.830257] RPC: Registered named UNIX socket transport module.
[    7.830292] RPC: Registered udp transport module.
[    7.830317] RPC: Registered tcp transport module.
[    7.830342] RPC: Registered tcp NFSv4.1 backchannel transport module.
[    7.834970] systemd[1]: Starting Load Kernel Module fuse...
[    7.841920] systemd[1]: Starting nftables...
[    7.843527] systemd[1]: Condition check resulted in Set Up Additional Binary Formats being skipped.
[    7.843751] systemd[1]: Condition check resulted in File System Check on Root Device being skipped.
[    7.854499] fuse: init (API version 7.34)
[    7.855763] systemd[1]: Starting Journal Service...
[    7.864833] systemd[1]: Starting Load Kernel Modules...
[    7.872389] systemd[1]: Starting Remount Root and Kernel File Systems...
[    7.879139] systemd[1]: Starting Coldplug All udev Devices...
[    7.887496] systemd[1]: Mounted Huge Pages File System.
[    7.888148] systemd[1]: Mounted POSIX Message Queue File System.
[    7.888684] systemd[1]: Mounted RPC Pipe File System.
[    7.889210] systemd[1]: Mounted Kernel Debug File System.
[    7.889725] systemd[1]: Mounted Kernel Trace File System.
[    7.891973] systemd[1]: Finished Wait for network to be configured by ifupdown.
[    7.894199] systemd[1]: Finished Create list of static device nodes for the current kernel.
[    7.895510] systemd[1]: modprobe@configfs.service: Succeeded.
[    7.897087] systemd[1]: Finished Load Kernel Module configfs.
[    7.898520] systemd[1]: modprobe@drm.service: Succeeded.
[    7.900072] systemd[1]: Finished Load Kernel Module drm.
[    7.901394] systemd[1]: modprobe@fuse.service: Succeeded.
[    7.902970] systemd[1]: Finished Load Kernel Module fuse.
[    7.909942] systemd[1]: Mounting FUSE Control File System...
[    7.917786] systemd[1]: Mounting Kernel Configuration File System...
[    7.921776] systemd[1]: Mounted FUSE Control File System.
[    7.931184] systemd[1]: Mounted Kernel Configuration File System.
[    7.937827] systemd[1]: Finished Load Kernel Modules.
[    7.945245] systemd[1]: Starting Apply Kernel Variables...
[    7.955063] EXT4-fs (vdiska2): re-mounted. Opts: errors=remount-ro. Quota mode: none.
[    7.960923] systemd[1]: Finished Remount Root and Kernel File Systems.
[    8.035922] systemd[1]: Starting Initial Check File System Quotas...
[    8.036443] systemd[1]: Condition check resulted in Platform Persistent Storage Archival being skipped.
[    8.042662] systemd[1]: Starting Load/Save Random Seed...
[    8.048624] systemd[1]: Starting Create System Users...
[    8.049675] systemd[1]: Started Journal Service.
[    8.165284] systemd-journald[339]: Received client request to flush runtime journal.
[   10.778540] random: crng init done
[   10.778588] random: 4 urandom warning(s) missed due to ratelimiting
[   12.141689] sha1_sparc64: Using sparc64 sha1 opcode optimized SHA-1 implementation
[   12.170870] sha256_sparc64: Using sparc64 sha256 opcode optimized SHA-256/SHA-224 implementation
[   12.192597] sha512_sparc64: Using sparc64 sha512 opcode optimized SHA-512/SHA-384 implementation
[   12.264295] md5_sparc64: Using sparc64 md5 opcode optimized MD5 implementation
[   12.313134] aes_sparc64: Using sparc64 aes opcodes optimized AES implementation
[   12.316848] des_sparc64: Using sparc64 des opcodes optimized DES implementation
[   12.320749] camellia_sparc64: Using sparc64 camellia opcodes optimized CAMELLIA implementation
[   12.366084] XFS (dm-0): Mounting V5 Filesystem
[   12.408406] Adding 787176k swap on /dev/vdiska4.  Priority:-2 extents:1 across:787176k FS
[   12.712702] EXT4-fs (vdiska1): mounting ext3 file system using the ext4 subsystem
[   12.720694] EXT4-fs (vdiska1): mounted filesystem with ordered data mode. Opts: (null). Quota mode: none.
[   12.720912] ext3 filesystem being mounted at /boot supports timestamps until 2038 (0x7fffffff)
[   13.477796] XFS (dm-0): Ending clean mount
[   13.480622] xfs filesystem being mounted at /1 supports timestamps until 2038 (0x7fffffff)
