[    0.000018] PROMLIB: Sun IEEE Boot Prom 'OBP 4.38.12 2018/03/28 14:54'
[    0.000031] PROMLIB: Root node compatible: sun4v
[    0.000079] Linux version 5.2.0-00389-g223cea6a4f05 (mator@ttip) (gcc version 8.3.0 (Debian 8.3.0-7)) #1007 SMP Tue Jul 9 12:45:53 MSK 2019
[    0.000388] printk: bootconsole [earlyprom0] enabled
[    0.000439] ARCH: SUN4V
[    0.000489] Ethernet address: 00:14:4f:fa:06:f2
[    0.000540] MM: PAGE_OFFSET is 0xfff8000000000000 (max_phys_bits == 47)
[    0.000602] MM: VMALLOC [0x0000000100000000 --> 0x0006000000000000]
[    0.000663] MM: VMEMMAP [0x0006000000000000 --> 0x000c000000000000]
[    0.012151] Kernel: Using 5 locked TLB entries for main kernel image.
[    0.012239] Remapping the kernel... 
[    0.012264] done.
[    0.047697] OF stdout device is: /virtual-devices@100/console@1
[    0.047776] PROM: Built device tree with 86230 bytes of memory.
[    0.047842] MDESC: Size is 36560 bytes.
[    0.047965] PLATFORM: banner-name [SPARC T5-2]
[    0.048013] PLATFORM: name [ORCL,SPARC-T5-2]
[    0.048060] PLATFORM: hostid [84fa06f2]
[    0.048102] PLATFORM: serial# [0035260e]
[    0.048145] PLATFORM: stick-frequency [3b9aca00]
[    0.048193] PLATFORM: mac-address [144ffa06f2]
[    0.048239] PLATFORM: watchdog-resolution [1000 ms]
[    0.048288] PLATFORM: watchdog-max-timeout [31536000000 ms]
[    0.049351] PLATFORM: max-cpus [1024]
[    0.049467] Top of RAM: 0x24af938000, Total RAM: 0x87f354000
[    0.049531] Memory hole size: 115461MB
[    0.054291] Allocated 40960 bytes for kernel page tables.
[    0.054401] Zone ranges:
[    0.054444]   Normal   [mem 0x0000000030400000-0x00000024af937fff]
[    0.054509] Movable zone start for each node
[    0.054555] Early memory node ranges
[    0.054595]   node   0: [mem 0x0000000030400000-0x000000006fe7ffff]
[    0.054656]   node   0: [mem 0x000000006ff00000-0x000000006ff25fff]
[    0.054716]   node   0: [mem 0x0000000070000000-0x000000042fffffff]
[    0.054778]   node   0: [mem 0x0000002030000000-0x00000024af87ffff]
[    0.054836]   node   0: [mem 0x00000024af900000-0x00000024af925fff]
[    0.054896]   node   0: [mem 0x00000024af930000-0x00000024af937fff]
[    0.062271] Zeroed struct page in unavailable ranges: 230130 pages
[    0.062278] Initmem setup node 0 [mem 0x0000000030400000-0x00000024af937fff]
[    0.062436] On node 0 totalpages: 4454826
[    0.062445]   Normal zone: 39154 pages used for memmap
[    0.062450]   Normal zone: 0 pages reserved
[    0.062455]   Normal zone: 4454826 pages, LIFO batch:31
[    0.259841] Booting Linux...
[    0.259924] CPU CAPS: [flush,stbar,swap,muldiv,v9,blkinit,n2,mul32]
[    0.260006] CPU CAPS: [div32,v8plus,popc,vis,vis2,ASIBlkInit,fmaf,vis3]
[    0.261085] CPU CAPS: [hpc,ima,pause,cbcond,aes,des,kasumi,camellia]
[    0.261158] CPU CAPS: [md5,sha1,sha256,sha512,mpmul,montmul,montsqr,crc32c]
[    0.321431] percpu: Embedded 27 pages/cpu s180872 r8192 d32120 u262144
[    0.321689] pcpu-alloc: s180872 r8192 d32120 u262144 alloc=1*4194304
[    0.321696] pcpu-alloc: [0] 000 001 002 003 004 005 006 007 008 009 010 011 012 013 014 015 
[    0.321723] pcpu-alloc: [0] 016 017 018 019 020 021 022 023 024 025 026 027 028 029 030 031 
[    0.321749] pcpu-alloc: [0] 032 033 034 035 036 037 038 039 040 041 042 043 044 045 046 047 
[    0.321775] pcpu-alloc: [0] 048 049 050 051 052 053 054 055 056 057 058 059 060 061 062 063 
[    0.321801] pcpu-alloc: [0] 064 065 066 067 068 069 070 071 072 073 074 075 076 077 078 079 
[    0.321827] pcpu-alloc: [0] 080 081 082 083 084 085 086 087 088 089 090 091 092 093 094 095 
[    0.321853] pcpu-alloc: [0] 096 097 098 099 100 101 102 103 104 105 106 107 108 109 110 111 
[    0.321880] pcpu-alloc: [0] 112 113 114 115 116 117 118 119 120 121 122 123 124 125 126 127 
[    0.321906] pcpu-alloc: [0] 128 129 130 131 132 133 134 135 136 137 138 139 140 141 142 143 
[    0.321932] pcpu-alloc: [0] 144 145 146 147 148 149 150 151 152 153 154 155 156 157 158 159 
[    0.321958] pcpu-alloc: [0] 160 161 162 163 164 165 166 167 168 169 170 171 172 173 174 175 
[    0.321985] pcpu-alloc: [0] 176 177 178 179 180 181 182 183 184 185 186 187 188 189 190 191 
[    0.322011] pcpu-alloc: [0] 192 193 194 195 196 197 198 199 200 201 202 203 204 205 206 207 
[    0.322037] pcpu-alloc: [0] 208 209 210 211 212 213 214 215 216 217 218 219 220 221 222 223 
[    0.322063] pcpu-alloc: [0] 224 225 226 227 228 229 230 231 232 233 234 235 236 237 238 239 
[    0.322089] pcpu-alloc: [0] 240 241 242 243 244 245 246 247 248 249 250 251 252 253 254 255 
[    0.322602] SUN4V: Mondo queue sizes [cpu(131072) dev(16384) r(8192) nr(256)]
[    0.322978] Built 1 zonelists, mobility grouping on.  Total pages: 4415672
[    0.323068] Kernel command line: BOOT_IMAGE=/vmlinuz-5.2.0-00389-g223cea6a4f05 root=/dev/vdiska2 ro zswap.enabled=1
[    0.324655] printk: log_buf_len individual max cpu contribution: 4096 bytes
[    0.324726] printk: log_buf_len total cpu_extra contributions: 1044480 bytes
[    0.324792] printk: log_buf_len min size: 131072 bytes
[    0.325168] printk: log_buf_len: 2097152 bytes
[    0.325218] printk: early log buf free: 125896(96%)
[    0.331546] Dentry cache hash table entries: 8388608 (order: 13, 67108864 bytes)
[    0.334790] Inode-cache hash table entries: 4194304 (order: 12, 33554432 bytes)
[    0.334862] Sorting __ex_table...
[    0.413382] Memory: 35103280K/35638608K available (6211K kernel code, 839K rwdata, 1864K rodata, 960K init, 6773K bss, 535328K reserved, 0K cma-reserved)
[    0.414488] kmemleak: Kernel memory leak detector disabled
[    0.415147] ftrace: allocating 18767 entries in 37 pages
[    0.428532] Running RCU self tests
[    0.428598] rcu: Hierarchical RCU implementation.
[    0.428651] rcu: 	RCU event tracing is enabled.
[    0.428701] rcu: 	RCU lockdep checking is enabled.
[    0.429753] 	Tasks RCU enabled.
[    0.429790] rcu: RCU calculated value of scheduler-enlistment delay is 11 jiffies.
[    0.435414] NR_IRQS: 2048, nr_irqs: 2048, preallocated irqs: 1
[    0.435526] SUN4V: Using IRQ API major 3, cookie only virqs enabled
[    0.439966] clocksource: stick: mask: 0xffffffffffffffff max_cycles: 0x1cd42e4dffb, max_idle_ns: 881590591483 ns
[    0.440099] clocksource: mult[800000] shift[23]
[    0.440147] clockevent: mult[80000000] shift[31]
[    0.444491] Console: colour dummy device 80x25
[    0.444559] printk: console [tty0] enabled
[    0.444634] printk: bootconsole [earlyprom0] disabled
[    0.444716] Lock dependency validator: Copyright (c) 2006 Red Hat, Inc., Ingo Molnar
[    0.444762] ... MAX_LOCKDEP_SUBCLASSES:  8
[    0.444790] ... MAX_LOCK_DEPTH:          48
[    0.444819] ... MAX_LOCKDEP_KEYS:        8191
[    0.444849] ... CLASSHASH_SIZE:          4096
[    0.444878] ... MAX_LOCKDEP_ENTRIES:     16384
[    0.444908] ... MAX_LOCKDEP_CHAINS:      32768
[    0.444938] ... CHAINHASH_SIZE:          16384
[    0.444968]  memory used by lock dependency info: 3853 kB
[    0.445003]  per task-struct memory footprint: 1920 bytes
[    0.445208] kmemleak: Early log buffer exceeded (4492), please increase DEBUG_KMEMLEAK_EARLY_LOG_SIZE
[    0.590736] Calibrating delay using timer specific routine.. 2014.49 BogoMIPS (lpj=10072493)
[    0.590804] pid_max: default: 262144 minimum: 2048
[    0.591948] LSM: Security Framework initializing
[    0.592230] SELinux:  Initializing.
[    0.592906] *** VALIDATE SELinux ***
[    0.593513] Mount-cache hash table entries: 131072 (order: 7, 1048576 bytes)
[    0.593675] Mountpoint-cache hash table entries: 131072 (order: 7, 1048576 bytes)
[    0.595248] *** VALIDATE proc ***
[    0.596050] *** VALIDATE cgroup1 ***
[    0.596082] *** VALIDATE cgroup2 ***
[    0.599128] rcu: Hierarchical SRCU implementation.
[    0.622929] smp: Bringing up secondary CPUs ...
[    0.708904] smp: Brought up 1 node, 32 CPUs
[    0.716071] devtmpfs: initialized
[    0.722851] Performance events: 
[    0.722896] Testing NMI watchdog ... 
[    0.923006] OK.
[    0.923166] Supported PMU type is 'niagara5'
[    0.923486] random: get_random_u32 called from bucket_table_alloc.isra.4+0x184/0x1c0 with crng_init=0
[    0.924371] ldc.c:v1.1 (July 22, 2008)
[    0.927459] clocksource: jiffies: mask: 0xffffffff max_cycles: 0xffffffff, max_idle_ns: 19112604462750000 ns
[    0.927564] futex hash table entries: 65536 (order: 10, 8388608 bytes)
[    0.937273] NET: Registered protocol family 16
[    0.947952] VIO: Adding device channel-devices (tx_ino = ffffffffffffffff, rx_ino = ffffffffffffffff)
[    0.948226] VIO: Adding device vnet-port-0-0 (tx_ino = 0, rx_ino = 1)
[    0.948455] VIO: Adding device vnet-port-0-1 (tx_ino = 2, rx_ino = 3)
[    0.948659] VIO: Adding device vnet-port-0-2 (tx_ino = 4, rx_ino = 5)
[    0.948867] VIO: Adding device vnet-port-0-3 (tx_ino = 6, rx_ino = 7)
[    0.949059] VIO: Adding device vnet-port-0-4 (tx_ino = 8, rx_ino = 9)
[    0.949251] VIO: Adding device vnet-port-0-5 (tx_ino = 16, rx_ino = 17)
[    0.949465] VIO: Adding device vdc-port-3-0 (tx_ino = a, rx_ino = b)
[    0.949662] VIO: Adding device vdc-port-2-0 (tx_ino = c, rx_ino = d)
[    0.949852] VIO: Adding device vdc-port-1-0 (tx_ino = e, rx_ino = f)
[    0.950042] VIO: Adding device vdc-port-0-0 (tx_ino = 10, rx_ino = 11)
[    0.950246] VIO: Adding device vlds-port-0-0 (tx_ino = 12, rx_ino = 13)
[    0.950446] VIO: Adding device domain-services-port-0 (tx_ino = 12, rx_ino = 13)
[    0.951989] audit: initializing netlink subsys (disabled)
[    0.952482] audit: type=2000 audit(0.510:1): state=initialized audit_enabled=0 res=1
[    1.002802] HugeTLB registered 64.0 KiB page size, pre-allocated 0 pages
[    1.002857] HugeTLB registered 8.00 MiB page size, pre-allocated 0 pages
[    1.002900] HugeTLB registered 256 MiB page size, pre-allocated 0 pages
[    1.002943] HugeTLB registered 2.00 GiB page size, pre-allocated 0 pages
[    1.052776] alg: No test for lzo-rle (lzo-rle-generic)
[    1.053333] alg: No test for lzo-rle (lzo-rle-scomp)
[    1.071644] SUN4V: Reboot data supported (maj=1,min=0).
[    1.072667] ds.c:v1.0 (Jul 11, 2007)
[    1.073081] ds-0: ds_conn_reset() from send_events.isra.3
[    1.074545] clocksource: Switched to clocksource stick
[    1.313535] VFS: Disk quotas dquot_6.6.0
[    1.315184] VFS: Dquot-cache hash table entries: 1024 (order 0, 8192 bytes)
[    1.315814] *** VALIDATE hugetlbfs ***
[    1.338460] NET: Registered protocol family 2
[    1.341661] tcp_listen_portaddr_hash hash table entries: 32768 (order: 8, 2359296 bytes)
[    1.345008] TCP established hash table entries: 524288 (order: 9, 4194304 bytes)
[    1.347067] TCP bind hash table entries: 65536 (order: 9, 4194304 bytes)
[    1.353240] TCP: Hash tables configured (established 524288 bind 65536)
[    1.361455] UDP hash table entries: 32768 (order: 9, 5242880 bytes)
[    1.368634] UDP-Lite hash table entries: 32768 (order: 9, 5242880 bytes)
[    1.383464] NET: Registered protocol family 1
[    1.384676] Trying to unpack rootfs image as initramfs...
[    1.711214] Freeing initrd memory: 10280K
[    1.749551] workingset: timestamp_bits=46 max_order=23 bucket_order=0
[    1.751276] zbud: loaded
[    1.767901] Block layer SCSI generic (bsg) driver version 0.4 loaded (major 252)
[    1.769659] io scheduler mq-deadline registered
[    1.771489] f029b788: ttyS0 at I/O 0x0 (irq = 1, base_baud = 115200) is a SUN4V HCONS
[    1.777208] printk: console [ttyHV0] enabled
[    1.781659] sunvdc.c:v1.2 (November 24, 2014)
[    1.795254] sunvdc: Virtual CDROM vdiskd
[    1.795325] sunvdc: vdiskd: 403160 sectors (196 MB) protocol 1.2
[    1.796992]  vdiskd: vdiskd1 vdiskd2 vdiskd3 vdiskd4 vdiskd5 vdiskd6 vdiskd7
[    1.861468] sunvdc: Virtual Hard disk vdiskc
[    1.861522] sunvdc: vdiskc: 104857600 sectors (51200 MB) protocol 1.2
[    1.922823] sunvdc: Virtual Hard disk vdiskb
[    1.922877] sunvdc: vdiskb: 62914560 sectors (30720 MB) protocol 1.2
[    1.933519]  vdiskb: vdiskb1
[    1.995804] sunvdc: Virtual Hard disk vdiska
[    1.995858] sunvdc: vdiska: 31457280 sectors (15360 MB) protocol 1.2
[    1.996886]  vdiska: vdiska1 vdiska2 vdiska3 vdiska4
[    2.053662] sunvnet: sunvnet 2.0 (February 3, 2017)
[    2.057605] vnet_port vnet-port-0-0 eth0: Sun LDOM vnet 00:14:4f:f8:12:a3
[    2.058246] sunvnet: eth0: PORT ( remote-mac 00:14:4f:fa:f3:f0 switch-port )
[    2.059680] sunvnet: eth0: PORT ( remote-mac 00:14:4f:f8:e5:f3 )
[    2.061034] sunvnet: eth0: PORT ( remote-mac 00:14:4f:f9:b4:97 )
[    2.062429] sunvnet: eth0: PORT ( remote-mac 00:14:4f:f9:8b:83 )
[    2.063783] sunvnet: eth0: PORT ( remote-mac 00:14:4f:f8:3f:1e )
[    2.065151] sunvnet: eth0: PORT ( remote-mac 00:14:4f:f8:fe:47 )
[    2.066919] rtc-sun4v rtc-sun4v: registered as rtc0
[    2.067359] device-mapper: uevent: version 1.0.3
[    2.068545] device-mapper: ioctl: 4.40.0-ioctl (2019-01-18) initialised: dm-devel@redhat.com
[    2.070216] NET: Registered protocol family 17
[    2.071599] registered taskstats version 1
[    2.075482] zswap: loaded using pool lzo/zbud
[    2.126442] Key type big_key registered
[    2.127604] rtc-sun4v rtc-sun4v: setting system clock to 2019-07-09T09:51:09 UTC (1562665869)
[    2.132071] This architecture does not have kernel memory protection.
[    2.132123] Run /init as init process
[    3.127632] crc32c_sparc64: Using sparc64 crc32c opcode optimized CRC32C implementation
[    3.298893] random: fast init done
[    3.674547] raid6: int64x8  gen()  2110 MB/s
[    3.844522] raid6: int64x8  xor()  1548 MB/s
[    4.014508] raid6: int64x4  gen()  3412 MB/s
[    4.184537] raid6: int64x4  xor()  1978 MB/s
[    4.354543] raid6: int64x2  gen()  2945 MB/s
[    4.524542] raid6: int64x2  xor()  1971 MB/s
[    4.694531] raid6: int64x1  gen()  2665 MB/s
[    4.864536] raid6: int64x1  xor()  1597 MB/s
[    4.864587] raid6: using algorithm int64x4 gen() 3412 MB/s
[    4.864626] raid6: .... xor() 1978 MB/s, rmw enabled
[    4.864662] raid6: using intx1 recovery algorithm
[    4.865692] async_tx: api initialized (async)
[    4.866357] xor: automatically using best checksumming function   Niagara   
[    5.133003] EXT4-fs (vdiska2): mounted filesystem with ordered data mode. Opts: (null)
[    7.435917] systemd[1]: Inserted module 'autofs4'
[    7.446273] NET: Registered protocol family 10
[    7.460124] Segment Routing with IPv6
[    7.760160] systemd[1]: systemd 241 running in system mode. (+PAM +AUDIT +SELINUX +IMA +APPARMOR +SMACK +SYSVINIT +UTMP +LIBCRYPTSETUP +GCRYPT +GNUTLS +ACL +XZ +LZ4 -SECCOMP +BLKID +ELFUTILS +KMOD -IDN2 +IDN -PCRE2 default-hierarchy=hybrid)
[    7.760838] systemd[1]: Detected architecture sparc64.
[    8.039433] systemd[1]: Set hostname to <ttip>.
[    8.045201] systemd[1]: Failed to bump fs.file-max, ignoring: Invalid argument
[    9.710608] random: lvmconfig: uninitialized urandom read (4 bytes read)
[   10.214297] systemd[1]: File /lib/systemd/system/systemd-journald.service:12 configures an IP firewall (IPAddressDeny=any), but the local system does not support BPF/cgroup based firewalling.
[   10.214425] systemd[1]: Proceeding WITHOUT firewalling in effect! (This warning is only shown for the first loaded unit using IP firewalling.)
[   10.672966] systemd[1]: /lib/systemd/system/smbd.service:9: PIDFile= references path below legacy directory /var/run/, updating /var/run/samba/smbd.pid → /run/samba/smbd.pid; please update the unit file accordingly.
[   10.676688] systemd[1]: /lib/systemd/system/nmbd.service:9: PIDFile= references path below legacy directory /var/run/, updating /var/run/samba/nmbd.pid → /run/samba/nmbd.pid; please update the unit file accordingly.
[   10.926787] random: systemd: uninitialized urandom read (16 bytes read)
[   10.935352] random: systemd: uninitialized urandom read (16 bytes read)
[   10.949843] systemd[1]: Created slice system-systemd\x2dfsck.slice.
[   10.951233] random: systemd: uninitialized urandom read (16 bytes read)
[   10.952011] systemd[1]: Listening on Journal Audit Socket.
[   11.108732] EXT4-fs (vdiska2): re-mounted. Opts: errors=remount-ro
[   11.640262] systemd-journald[460]: Received request to flush runtime journal from PID 1
[   12.982569] sha1_sparc64: Using sparc64 sha1 opcode optimized SHA-1 implementation
[   13.016995] sha256_sparc64: Using sparc64 sha256 opcode optimized SHA-256/SHA-224 implementation
[   13.050628] sha512_sparc64: Using sparc64 sha512 opcode optimized SHA-512/SHA-384 implementation
[   13.070563] md5_sparc64: Using sparc64 md5 opcode optimized MD5 implementation
[   13.162198] aes_sparc64: Using sparc64 aes opcodes optimized AES implementation
[   13.190583] n2rng v0.3 (Jan 7, 2017)
[   13.190697] n2rng f029b104: Registered RNG HVAPI major 2 minor 0
[   13.190776] n2rng f029b104: Found multi-unit-capable RNG, units: 2
[   13.191937] n2rng f029b104: RNG ready
[   13.255405] des_sparc64: Using sparc64 des opcodes optimized DES implementation
[   13.316338] camellia_sparc64: Using sparc64 camellia opcodes optimized CAMELLIA implementation
[   15.779590] SGI XFS with ACLs, security attributes, debug enabled
[   15.815996] XFS (dm-0): Mounting V5 Filesystem
[   15.987190] XFS (dm-0): Ending clean mount
[   16.875826] Adding 787176k swap on /dev/vdiska4.  Priority:-2 extents:1 across:787176k FS
[   17.167682] EXT4-fs (vdiska1): mounting ext3 file system using the ext4 subsystem
[   17.185065] EXT4-fs (vdiska1): mounted filesystem with ordered data mode. Opts: (null)
[   19.981911] random: crng init done
[   19.981957] random: 6 urandom warning(s) missed due to ratelimiting
[   21.152801] tun: Universal TUN/TAP device driver, 1.6

[   22.895297] ======================================================
[   22.895304] WARNING: possible circular locking dependency detected
[   22.895315] 5.2.0-00389-g223cea6a4f05 #1007 Not tainted
[   22.895321] ------------------------------------------------------
[   22.895329] iptables-restor/820 is trying to acquire lock:
[   22.895338] 000000006d71f7a8 (&table[i].mutex){+.+.}, at: nfnl_lock+0x24/0x40 [nfnetlink]
[   22.895358] 
               but task is already holding lock:
[   22.895365] 000000008c763992 (&net->nft.commit_mutex){+.+.}, at: nf_tables_valid_genid+0x18/0x60 [nf_tables]
[   22.895390] 
               which lock already depends on the new lock.

[   22.895398] 
               the existing dependency chain (in reverse order) is:
[   22.895405] 
               -> #1 (&net->nft.commit_mutex){+.+.}:
[   22.895422]        __mutex_lock+0x48/0x920
[   22.895430]        mutex_lock_nested+0x1c/0x40
[   22.895439]        nf_tables_valid_genid+0x18/0x60 [nf_tables]
[   22.895448]        nfnetlink_rcv_batch+0x24c/0x620 [nfnetlink]
[   22.895455]        nfnetlink_rcv+0x110/0x140 [nfnetlink]
[   22.895466]        netlink_unicast+0x12c/0x1e0
[   22.895473]        netlink_sendmsg+0x324/0x360
[   22.895483]        sock_sendmsg+0x34/0x80
[   22.895489]        ___sys_sendmsg+0x228/0x240
[   22.895496]        __sys_sendmsg+0x4c/0x80
[   22.895502]        sys_sendmsg+0x18/0x40
[   22.895512]        linux_sparc_syscall+0x34/0x44
[   22.895518] 
               -> #0 (&table[i].mutex){+.+.}:
[   22.895531]        lock_acquire+0x1a4/0x1c0
[   22.895537]        __mutex_lock+0x48/0x920
[   22.895544]        mutex_lock_nested+0x1c/0x40
[   22.895551]        nfnl_lock+0x24/0x40 [nfnetlink]
[   22.895562]        ip_set_nfnl_get_byindex+0x19c/0x280 [ip_set]
[   22.895573]        set_match_v1_checkentry+0x14/0xc0 [xt_set]
[   22.895585]        xt_check_match+0x238/0x260 [x_tables]
[   22.895595]        __nft_match_init+0x160/0x180 [nft_compat]
[   22.895603]        nft_match_init+0x18/0x40 [nft_compat]
[   22.895613]        nf_tables_newrule+0x57c/0x7a0 [nf_tables]
[   22.895621]        nfnetlink_rcv_batch+0x3f8/0x620 [nfnetlink]
[   22.895629]        nfnetlink_rcv+0x110/0x140 [nfnetlink]
[   22.895636]        netlink_unicast+0x12c/0x1e0
[   22.895643]        netlink_sendmsg+0x324/0x360
[   22.895649]        sock_sendmsg+0x34/0x80
[   22.895656]        ___sys_sendmsg+0x228/0x240
[   22.895662]        __sys_sendmsg+0x4c/0x80
[   22.895668]        sys_sendmsg+0x18/0x40
[   22.895675]        linux_sparc_syscall+0x34/0x44
[   22.895680] 
               other info that might help us debug this:

[   22.895689]  Possible unsafe locking scenario:

[   22.895695]        CPU0                    CPU1
[   22.895701]        ----                    ----
[   22.895706]   lock(&net->nft.commit_mutex);
[   22.895713]                                lock(&table[i].mutex);
[   22.895720]                                lock(&net->nft.commit_mutex);
[   22.895727]   lock(&table[i].mutex);
[   22.895734] 
                *** DEADLOCK ***

[   22.895742] 1 lock held by iptables-restor/820:
[   22.895747]  #0: 000000008c763992 (&net->nft.commit_mutex){+.+.}, at: nf_tables_valid_genid+0x18/0x60 [nf_tables]
[   22.895763] 
               stack backtrace:
[   22.895771] CPU: 18 PID: 820 Comm: iptables-restor Not tainted 5.2.0-00389-g223cea6a4f05 #1007
[   22.895779] Call Trace:
[   22.895786]  [00000000004cf5e0] print_circular_bug+0x2e0/0x320
[   22.895793]  [00000000004d43d8] __lock_acquire+0x1d38/0x2900
[   22.895801]  [00000000004d5884] lock_acquire+0x1a4/0x1c0
[   22.895808]  [0000000000a0d508] __mutex_lock+0x48/0x920
[   22.895815]  [0000000000a0ddfc] mutex_lock_nested+0x1c/0x40
[   22.895822]  [00000000107e6024] nfnl_lock+0x24/0x40 [nfnetlink]
[   22.895831]  [00000000107f28dc] ip_set_nfnl_get_byindex+0x19c/0x280 [ip_set]
[   22.895839]  [00000000108585d4] set_match_v1_checkentry+0x14/0xc0 [xt_set]
[   22.895848]  [0000000010338ed8] xt_check_match+0x238/0x260 [x_tables]
[   22.895857]  [0000000010846c00] __nft_match_init+0x160/0x180 [nft_compat]
[   22.895864]  [0000000010846cb8] nft_match_init+0x18/0x40 [nft_compat]
[   22.895875]  [0000000010823c3c] nf_tables_newrule+0x57c/0x7a0 [nf_tables]
[   22.895883]  [00000000107e7238] nfnetlink_rcv_batch+0x3f8/0x620 [nfnetlink]
[   22.895891]  [00000000107e7570] nfnetlink_rcv+0x110/0x140 [nfnetlink]
[   22.895898]  [0000000000941c8c] netlink_unicast+0x12c/0x1e0
[   22.895906]  [0000000000942a24] netlink_sendmsg+0x324/0x360
