[    0.000015] PROMLIB: Sun IEEE Boot Prom 'OBP 4.38.17 2019/01/25 08:22'
[    0.000019] PROMLIB: Root node compatible: sun4v
[    0.000053] Linux version 5.9.0-rc2-00007-g598b3cec831f (mator@ttip) (gcc (Debian 10.2.0-23) 10.2.0, GNU ld (GNU Binutils for Debian) 2.35.1) #142 SMP Tue Dec 8 02:07:50 MSK 2020
[    0.000338] printk: bootconsole [earlyprom0] enabled
[    0.000385] ARCH: SUN4V
[    0.000425] Ethernet address: 00:14:4f:fa:06:f2
[    0.000471] MM: PAGE_OFFSET is 0xfff8000000000000 (max_phys_bits == 47)
[    0.000529] MM: VMALLOC [0x0000000100000000 --> 0x0006000000000000]
[    0.000583] MM: VMEMMAP [0x0006000000000000 --> 0x000c000000000000]
[    0.011749] Kernel: Using 3 locked TLB entries for main kernel image.
[    0.011823] Remapping the kernel... 
[    0.011839] done.
[    0.034909] OF stdout device is: /virtual-devices@100/console@1
[    0.034978] PROM: Built device tree with 65673 bytes of memory.
[    0.035038] MDESC: Size is 29712 bytes.
[    0.035128] PLATFORM: banner-name [SPARC T5-2]
[    0.035172] PLATFORM: name [ORCL,SPARC-T5-2]
[    0.035212] PLATFORM: hostid [84fa06f2]
[    0.035249] PLATFORM: serial# [0035260e]
[    0.035287] PLATFORM: stick-frequency [3b9aca00]
[    0.035328] PLATFORM: mac-address [144ffa06f2]
[    0.035370] PLATFORM: watchdog-resolution [1000 ms]
[    0.035414] PLATFORM: watchdog-max-timeout [31536000000 ms]
[    0.035464] PLATFORM: max-cpus [1024]
[    0.035558] Top of RAM: 0x2af94a000, Total RAM: 0x27f388000
[    0.035611] Memory hole size: 773MB
[    0.037109] Allocated 24576 bytes for kernel page tables.
[    0.037188] Zone ranges:
[    0.037221]   Normal   [mem 0x0000000030400000-0x00000002af949fff]
[    0.037276] Movable zone start for each node
[    0.037316] Early memory node ranges
[    0.037350]   node   0: [mem 0x0000000030400000-0x000000006febffff]
[    0.037408]   node   0: [mem 0x000000006ff40000-0x000000006ff47fff]
[    0.037463]   node   0: [mem 0x0000000070000000-0x00000002af8b5fff]
[    0.037518]   node   0: [mem 0x00000002af940000-0x00000002af949fff]
[    0.043335] Zeroed struct page in unavailable ranges: 132668 pages
[    0.043341] Initmem setup node 0 [mem 0x0000000030400000-0x00000002af949fff]
[    0.043484] On node 0 totalpages: 1309124
[    0.043487]   Normal zone: 11508 pages used for memmap
[    0.043490]   Normal zone: 0 pages reserved
[    0.043492]   Normal zone: 1309124 pages, LIFO batch:31
[    0.085284] Booting Linux...
[    0.085353] CPU CAPS: [flush,stbar,swap,muldiv,v9,blkinit,n2,mul32]
[    0.085423] CPU CAPS: [div32,v8plus,popc,vis,vis2,ASIBlkInit,fmaf,vis3]
[    0.085487] CPU CAPS: [hpc,ima,pause,cbcond,aes,des,kasumi,camellia]
[    0.086549] CPU CAPS: [md5,sha1,sha256,sha512,mpmul,montmul,montsqr,crc32c]
[    0.133871] percpu: Embedded 19 pages/cpu s114904 r8192 d32552 u262144
[    0.134099] pcpu-alloc: s114904 r8192 d32552 u262144 alloc=1*4194304
[    0.134102] pcpu-alloc: [0] 000 001 002 003 004 005 006 007 008 009 010 011 012 013 014 015 
[    0.134116] pcpu-alloc: [0] 016 017 018 019 020 021 022 023 024 025 026 027 028 029 030 031 
[    0.134129] pcpu-alloc: [0] 032 033 034 035 036 037 038 039 040 041 042 043 044 045 046 047 
[    0.134141] pcpu-alloc: [0] 048 049 050 051 052 053 054 055 056 057 058 059 060 061 062 063 
[    0.134154] pcpu-alloc: [0] 064 065 066 067 068 069 070 071 072 073 074 075 076 077 078 079 
[    0.134166] pcpu-alloc: [0] 080 081 082 083 084 085 086 087 088 089 090 091 092 093 094 095 
[    0.134179] pcpu-alloc: [0] 096 097 098 099 100 101 102 103 104 105 106 107 108 109 110 111 
[    0.134192] pcpu-alloc: [0] 112 113 114 115 116 117 118 119 120 121 122 123 124 125 126 127 
[    0.134204] pcpu-alloc: [0] 128 129 130 131 132 133 134 135 136 137 138 139 140 141 142 143 
[    0.134217] pcpu-alloc: [0] 144 145 146 147 148 149 150 151 152 153 154 155 156 157 158 159 
[    0.134229] pcpu-alloc: [0] 160 161 162 163 164 165 166 167 168 169 170 171 172 173 174 175 
[    0.134241] pcpu-alloc: [0] 176 177 178 179 180 181 182 183 184 185 186 187 188 189 190 191 
[    0.134254] pcpu-alloc: [0] 192 193 194 195 196 197 198 199 200 201 202 203 204 205 206 207 
[    0.134266] pcpu-alloc: [0] 208 209 210 211 212 213 214 215 216 217 218 219 220 221 222 223 
[    0.134279] pcpu-alloc: [0] 224 225 226 227 228 229 230 231 232 233 234 235 236 237 238 239 
[    0.134291] pcpu-alloc: [0] 240 241 242 243 244 245 246 247 248 249 250 251 252 253 254 255 
[    0.134699] SUN4V: Mondo queue sizes [cpu(131072) dev(16384) r(8192) nr(256)]
[    0.134990] Built 1 zonelists, mobility grouping on.  Total pages: 1297616
[    0.135056] Kernel command line: BOOT_IMAGE=/vmlinux-5.9.0-rc2-00007-g598b3cec831f root=/dev/vdiska2 ro zswap.enabled=1
[    0.136537] printk: log_buf_len individual max cpu contribution: 4096 bytes
[    0.136604] printk: log_buf_len total cpu_extra contributions: 1044480 bytes
[    0.136664] printk: log_buf_len min size: 131072 bytes
[    0.137025] printk: log_buf_len: 2097152 bytes
[    0.137069] printk: early log buf free: 126000(96%)
[    0.138720] Dentry cache hash table entries: 2097152 (order: 11, 16777216 bytes, linear)
[    0.139620] Inode-cache hash table entries: 1048576 (order: 10, 8388608 bytes, linear)
[    0.139688] Sorting __ex_table...
[    0.139934] mem auto-init: stack:off, heap alloc:off, heap free:off
[    0.160946] Memory: 10257104K/10472992K available (7726K kernel code, 1041K rwdata, 1896K rodata, 584K init, 413K bss, 215888K reserved, 0K cma-reserved)
[    0.161108] random: get_random_u64 called from __kmem_cache_create+0x20/0x520 with crng_init=0
[    0.162122] SLUB: HWalign=32, Order=0-3, MinObjects=0, CPUs=256, Nodes=1
[    0.162554] ftrace: allocating 22850 entries in 45 pages
[    0.171441] ftrace: allocated 45 pages with 4 groups
[    0.174019] rcu: Hierarchical RCU implementation.
[    0.174072] 	Trampoline variant of Tasks RCU enabled.
[    0.174121] 	Rude variant of Tasks RCU enabled.
[    0.174163] 	Tracing variant of Tasks RCU enabled.
[    0.174207] rcu: RCU calculated value of scheduler-enlistment delay is 26 jiffies.
[    0.177527] NR_IRQS: 2048, nr_irqs: 2048, preallocated irqs: 1
[    0.177619] SUN4V: Using IRQ API major 3, cookie only virqs enabled
[    0.180276] clocksource: stick: mask: 0xffffffffffffffff max_cycles: 0x1cd42e4dffb, max_idle_ns: 881590591483 ns
[    0.180394] clocksource: mult[800000] shift[23]
[    0.180435] clockevent: mult[80000000] shift[31]
[    0.180851] Console: colour dummy device 80x25
[    0.180898] printk: console [tty0] enabled
[    0.180938] printk: bootconsole [earlyprom0] disabled
[    0.260665] Calibrating delay using timer specific routine.. 2006.80 BogoMIPS (lpj=4013619)
[    0.260682] pid_max: default: 262144 minimum: 2048
[    0.261077] LSM: Security Framework initializing
[    0.261249] Mount-cache hash table entries: 32768 (order: 5, 262144 bytes, linear)
[    0.261283] Mountpoint-cache hash table entries: 32768 (order: 5, 262144 bytes, linear)
[    0.262887] rcu: Hierarchical SRCU implementation.
[    0.265922] smp: Bringing up secondary CPUs ...
[    0.274069] smp: Brought up 1 node, 24 CPUs
[    0.275994] devtmpfs: initialized
[    0.276796] Performance events: 
[    0.276826] Testing NMI watchdog ... 
[    0.356907] OK.
[    0.356932] Supported PMU type is 'niagara5'
[    0.357331] ldc.c:v1.1 (July 22, 2008)
[    0.357489] clocksource: jiffies: mask: 0xffffffff max_cycles: 0xffffffff, max_idle_ns: 7645041785100000 ns
[    0.357511] futex hash table entries: 65536 (order: 9, 4194304 bytes, linear)
[    0.359837] NET: Registered protocol family 16
[    0.361141] VIO: Adding device channel-devices (tx_ino = ffffffffffffffff, rx_ino = ffffffffffffffff)
[    0.361172] VIO: Adding device vnet-port-0-0 (tx_ino = 0, rx_ino = 1)
[    0.361195] VIO: Adding device vnet-port-0-1 (tx_ino = 2, rx_ino = 3)
[    0.361216] VIO: Adding device vnet-port-0-2 (tx_ino = 4, rx_ino = 5)
[    0.361235] VIO: Adding device vnet-port-0-3 (tx_ino = 6, rx_ino = 7)
[    0.361255] VIO: Adding device vnet-port-0-4 (tx_ino = 8, rx_ino = 9)
[    0.361275] VIO: Adding device vdc-port-2-0 (tx_ino = a, rx_ino = b)
[    0.361294] VIO: Adding device vdc-port-1-0 (tx_ino = c, rx_ino = d)
[    0.361313] VIO: Adding device vdc-port-0-0 (tx_ino = e, rx_ino = f)
[    0.361336] VIO: Adding device vlds-port-0-0 (tx_ino = 10, rx_ino = 11)
[    0.361358] VIO: Adding device domain-services-port-0 (tx_ino = 10, rx_ino = 11)
[    0.361459] audit: initializing netlink subsys (disabled)
[    0.361558] audit: type=2000 audit(0.180:1): state=initialized audit_enabled=0 res=1
[    0.367117] HugeTLB registered 64.0 KiB page size, pre-allocated 0 pages
[    0.367128] HugeTLB registered 8.00 MiB page size, pre-allocated 0 pages
[    0.367133] HugeTLB registered 256 MiB page size, pre-allocated 0 pages
[    0.367137] HugeTLB registered 2.00 GiB page size, pre-allocated 0 pages
[    0.935073] NetLabel: Initializing
[    0.935085] NetLabel:  domain hash size = 128
[    0.935089] NetLabel:  protocols = UNLABELED CIPSOv4 CALIPSO
[    0.935112] NetLabel:  unlabeled traffic allowed by default
[    0.935353] SUN4V: Reboot data supported (maj=1,min=0).
[    0.935454] ds.c:v1.0 (Jul 11, 2007)
[    0.935601] ds-0: ds_conn_reset() from send_events
[    0.935888] clocksource: Switched to clocksource stick
[    0.988285] VFS: Disk quotas dquot_6.6.0
[    0.988406] VFS: Dquot-cache hash table entries: 1024 (order 0, 8192 bytes)
[    0.991163] NET: Registered protocol family 2
[    0.992384] tcp_listen_portaddr_hash hash table entries: 8192 (order: 4, 131072 bytes, linear)
[    0.992488] TCP established hash table entries: 131072 (order: 7, 1048576 bytes, linear)
[    0.992971] TCP bind hash table entries: 65536 (order: 7, 1048576 bytes, linear)
[    0.993438] TCP: Hash tables configured (established 131072 bind 65536)
[    0.994023] UDP hash table entries: 8192 (order: 5, 262144 bytes, linear)
[    0.994156] UDP-Lite hash table entries: 8192 (order: 5, 262144 bytes, linear)
[    0.995164] NET: Registered protocol family 1
[    0.995185] NET: Registered protocol family 44
[    0.995327] Trying to unpack rootfs image as initramfs...
[    1.160516] Freeing initrd memory: 23432K
[    1.165094] Initialise system trusted keyrings
[    1.165125] Key type blacklist registered
[    1.165240] workingset: timestamp_bits=46 max_order=21 bucket_order=0
[    1.167936] zbud: loaded
[    1.168719] SGI XFS with ACLs, security attributes, realtime, quota, no debug enabled
[    1.170398] Key type asymmetric registered
[    1.170405] Asymmetric key parser 'x509' registered
[    1.170424] Block layer SCSI generic (bsg) driver version 0.4 loaded (major 252)
[    1.170685] io scheduler mq-deadline registered
[    1.171282] f029b788: ttyHV0 at I/O 0x0 (irq = 1, base_baud = 115200) is a SUN4V HCONS
[    1.171526] printk: console [ttyHV0] enabled
[    1.172431] sunvdc.c:v1.2 (November 24, 2014)
[    1.180172] sunvdc: Virtual Hard disk vdiskc
[    1.180189] sunvdc: vdiskc: 104857600 sectors (51200 MB) protocol 1.2
[    1.187042] sunvdc: Virtual Hard disk vdiskb
[    1.187059] sunvdc: vdiskb: 62914560 sectors (30720 MB) protocol 1.2
[    1.187686]  vdiskb: vdiskb1
[    1.194015] sunvdc: Virtual Hard disk vdiska
[    1.194029] sunvdc: vdiska: 31457280 sectors (15360 MB) protocol 1.2
[    1.194635]  vdiska: vdiska1 vdiska2 vdiska3 vdiska4
[    1.199681] Silicon Labs C2 port support v. 0.51.0 - (C) 2007 Rodolfo Giometti
[    1.200101] rtc-sun4v rtc-sun4v: registered as rtc0
[    1.200141] rtc-sun4v rtc-sun4v: setting system clock to 2020-12-07T23:10:50 UTC (1607382650)
[    1.200861] NET: Registered protocol family 10
[    1.215922] Segment Routing with IPv6
[    1.215977] mip6: Mobile IPv6
[    1.215986] NET: Registered protocol family 17
[    1.216112] registered taskstats version 1
[    1.216120] Loading compiled-in X.509 certificates
[    1.216199] zswap: loaded using pool lzo/zbud
[    1.217741] This architecture does not have kernel memory protection.
[    1.217752] Run /init as init process
[    1.217757]   with arguments:
[    1.217760]     /init
[    1.217762]   with environment:
[    1.217764]     HOME=/
[    1.217766]     TERM=linux
[    1.217768]     BOOT_IMAGE=/vmlinux-5.9.0-rc2-00007-g598b3cec831f
[    1.386528] sunvnet_common: module verification failed: signature and/or required key missing - tainting kernel
[    1.387791] sunvnet: sunvnet 2.0 (February 3, 2017)
[    1.388699] vnet_port vnet-port-0-0 eth0: Sun LDOM vnet 00:14:4f:f8:12:a3
[    1.388786] sunvnet: eth0: PORT ( remote-mac 00:14:4f:fa:f3:f0 switch-port )
[    1.389012] sunvnet: eth0: PORT ( remote-mac 00:14:4f:f9:b4:97 )
[    1.389161] sunvnet: eth0: PORT ( remote-mac 00:14:4f:f8:e5:f3 )
[    1.389278] sunvnet: eth0: PORT ( remote-mac 00:14:4f:f8:3f:1e )
[    1.389388] sunvnet: eth0: PORT ( remote-mac 00:14:4f:f9:8b:83 )
[    1.395295] crc32c_sparc64: Using sparc64 crc32c opcode optimized CRC32C implementation
[    1.428401] random: lvm: uninitialized urandom read (4 bytes read)
[    1.446542] device-mapper: uevent: version 1.0.3
[    1.446702] device-mapper: ioctl: 4.42.0-ioctl (2020-02-27) initialised: dm-devel@redhat.com
[    1.448902] random: lvm: uninitialized urandom read (2 bytes read)
[    1.771413] xor: automatically using best checksumming function   Niagara   
[    1.839888] raid6: int64x8  gen()  2116 MB/s
[    1.907863] raid6: int64x8  xor()  1495 MB/s
[    1.975871] raid6: int64x4  gen()  3284 MB/s
[    2.043882] raid6: int64x4  xor()  1437 MB/s
[    2.111872] raid6: int64x2  gen()  3224 MB/s
[    2.179877] raid6: int64x2  xor()  1150 MB/s
[    2.247861] raid6: int64x1  gen()  1363 MB/s
[    2.315879] raid6: int64x1  xor()   711 MB/s
[    2.315894] raid6: using algorithm int64x4 gen() 3284 MB/s
[    2.315899] raid6: .... xor() 1437 MB/s, rmw enabled
[    2.315906] raid6: using intx1 recovery algorithm
[    2.348930] random: fast init done
[    2.479359] EXT4-fs (vdiska2): mounted filesystem with ordered data mode. Opts: (null)
[    6.480850] systemd[1]: Inserted module 'autofs4'
[    6.833195] systemd[1]: systemd 247.1-3 running in system mode. (+PAM +AUDIT +SELINUX +IMA +APPARMOR +SMACK +SYSVINIT +UTMP +LIBCRYPTSETUP +GCRYPT +GNUTLS +ACL +XZ +LZ4 +ZSTD -SECCOMP +BLKID +ELFUTILS +KMOD +IDN2 -IDN +PCRE2 default-hierarchy=hybrid)
[    6.833469] systemd[1]: Detected architecture sparc64.
[    6.895557] systemd[1]: Set hostname to <ttip>.
[    7.231934] systemd-sysv-generator[337]: SysV service '/etc/init.d/xinetd' lacks a native systemd unit file. Automatically generating a unit file for compatibility. Please update package to include a native systemd unit file, in order to make it more safe and robust.
[    7.725299] systemd-sysv-generator[337]: SysV service '/etc/init.d/rng-tools-debian' lacks a native systemd unit file. Automatically generating a unit file for compatibility. Please update package to include a native systemd unit file, in order to make it more safe and robust.
[    7.727411] systemd-sysv-generator[337]: SysV service '/etc/init.d/arpalert' lacks a native systemd unit file. Automatically generating a unit file for compatibility. Please update package to include a native systemd unit file, in order to make it more safe and robust.
[    7.750651] systemd-sysv-generator[337]: SysV service '/etc/init.d/vmtouch' lacks a native systemd unit file. Automatically generating a unit file for compatibility. Please update package to include a native systemd unit file, in order to make it more safe and robust.
[    7.836858] systemd-sysv-generator[337]: SysV service '/etc/init.d/mysql' lacks a native systemd unit file. Automatically generating a unit file for compatibility. Please update package to include a native systemd unit file, in order to make it more safe and robust.
[    8.085419] random: lvmconfig: uninitialized urandom read (4 bytes read)
[   10.873980] systemd[1]: Queued start job for default target Multi-User System.
[   10.874736] random: systemd: uninitialized urandom read (16 bytes read)
[   10.925382] systemd[1]: Created slice system-getty.slice.
[   10.925712] random: systemd: uninitialized urandom read (16 bytes read)
[   10.931361] systemd[1]: Created slice system-modprobe.slice.
[   10.931630] random: systemd: uninitialized urandom read (16 bytes read)
[   10.937439] systemd[1]: Created slice system-openvpn\x2dclient.slice.
[   10.943741] systemd[1]: Created slice system-postfix.slice.
[   10.949816] systemd[1]: Created slice system-systemd\x2dfsck.slice.
[   10.955430] systemd[1]: Created slice User and Session Slice.
[   10.955838] systemd[1]: Started Dispatch Password Requests to Console Directory Watch.
[   10.956073] systemd[1]: Started Forward Password Requests to Wall Directory Watch.
[   10.957169] systemd[1]: Set up automount Arbitrary Executable File Formats File System Automount Point.
[   10.957380] systemd[1]: Reached target Local Encrypted Volumes.
[   10.957596] systemd[1]: Reached target Paths.
[   10.957755] systemd[1]: Reached target Slices.
[   10.958073] systemd[1]: Listening on Device-mapper event daemon FIFOs.
[   10.958389] systemd[1]: Listening on LVM2 poll daemon socket.
[   10.971965] systemd[1]: Listening on RPCbind Server Activation Socket.
[   10.987653] systemd[1]: Listening on Syslog Socket.
[   10.988219] systemd[1]: Listening on fsck to fsckd communication Socket.
[   10.988460] systemd[1]: Listening on initctl Compatibility Named Pipe.
[   10.988945] systemd[1]: Listening on Journal Audit Socket.
[   10.989250] systemd[1]: Listening on Journal Socket (/dev/log).
[   10.989618] systemd[1]: Listening on Journal Socket.
[   10.990002] systemd[1]: Listening on udev Control Socket.
[   10.990267] systemd[1]: Listening on udev Kernel Socket.
[   10.997525] systemd[1]: Mounting Huge Pages File System...
[   11.004763] systemd[1]: Mounting POSIX Message Queue File System...
[   11.012446] systemd[1]: Mounting RPC Pipe File System...
[   11.019819] systemd[1]: Mounting Kernel Debug File System...
[   11.027360] systemd[1]: Mounting Kernel Trace File System...
[   11.027840] systemd[1]: Condition check resulted in Kernel Module supporting RPCSEC_GSS being skipped.
[   11.028303] systemd[1]: Finished Availability of block devices.
[   11.035680] systemd[1]: Starting Wait for network to be configured by ifupdown...
[   11.043153] systemd[1]: Starting Create list of static device nodes for the current kernel...
[   11.050567] systemd[1]: Starting Monitoring of LVM2 mirrors, snapshots etc. using dmeventd or progress polling...
[   11.057079] systemd[1]: Starting Load Kernel Module configfs...
[   11.063511] systemd[1]: Starting Load Kernel Module drm...
[   11.070803] systemd[1]: Starting Load Kernel Module fuse...
[   11.078639] systemd[1]: Starting nftables...
[   11.213355] systemd[1]: Condition check resulted in Set Up Additional Binary Formats being skipped.
[   11.213511] systemd[1]: Condition check resulted in File System Check on Root Device being skipped.
[   11.221877] systemd[1]: Starting Journal Service...
[   11.275859] systemd[1]: Starting Load Kernel Modules...
[   11.283178] systemd[1]: Starting Remount Root and Kernel File Systems...
[   11.290165] systemd[1]: Starting Coldplug All udev Devices...
[   11.294474] systemd[1]: Mounted Huge Pages File System.
[   11.294885] systemd[1]: Mounted POSIX Message Queue File System.
[   11.295142] systemd[1]: Mounted Kernel Debug File System.
[   11.295397] systemd[1]: Mounted Kernel Trace File System.
[   11.296589] systemd[1]: Finished Wait for network to be configured by ifupdown.
[   11.297817] systemd[1]: Finished Create list of static device nodes for the current kernel.
[   11.298397] systemd[1]: modprobe@drm.service: Succeeded.
[   11.299221] systemd[1]: Finished Load Kernel Module drm.
[   11.352690] systemd[1]: Finished Monitoring of LVM2 mirrors, snapshots etc. using dmeventd or progress polling.
[   11.466903] systemd[1]: modprobe@configfs.service: Succeeded.
[   11.467799] systemd[1]: Finished Load Kernel Module configfs.
[   11.475840] systemd[1]: Mounting Kernel Configuration File System...
[   11.476617] systemd[1]: run-rpc_pipefs.mount: Mount process exited, code=exited, status=32/n/a
[   11.476646] systemd[1]: run-rpc_pipefs.mount: Failed with result 'exit-code'.
[   11.477883] systemd[1]: Failed to mount RPC Pipe File System.
[   11.478146] systemd[1]: Dependency failed for RPC security service for NFS server.
[   11.478246] systemd[1]: rpc-svcgssd.service: Job rpc-svcgssd.service/start failed with result 'dependency'.
[   11.478282] systemd[1]: Dependency failed for RPC security service for NFS client and server.
[   11.478382] systemd[1]: rpc-gssd.service: Job rpc-gssd.service/start failed with result 'dependency'.
[   11.478625] systemd[1]: Reached target NFS client services.
[   11.484891] systemd[1]: Mounted Kernel Configuration File System.
[   11.728637] EXT4-fs (vdiska2): re-mounted. Opts: errors=remount-ro
[   11.729943] systemd[1]: Finished Load Kernel Modules.
[   11.732839] systemd[1]: Finished Remount Root and Kernel File Systems.
[   11.788506] fuse: init (API version 7.31)
[   11.838438] systemd[1]: Starting Initial Check File System Quotas...
[   11.991394] systemd[1]: Condition check resulted in Rebuild Hardware Database being skipped.
[   11.991556] systemd[1]: Condition check resulted in Platform Persistent Storage Archival being skipped.
[   11.998807] systemd[1]: Starting Load/Save Random Seed...
[   12.005749] systemd[1]: Starting Apply Kernel Variables...
[   12.012909] systemd[1]: Starting Create System Users...
[   12.013790] systemd[1]: Started Journal Service.
[   14.676013] random: crng init done
[   14.676036] random: 4 urandom warning(s) missed due to ratelimiting
[   16.919571] sha1_sparc64: Using sparc64 sha1 opcode optimized SHA-1 implementation
[   16.941480] sha256_sparc64: Using sparc64 sha256 opcode optimized SHA-256/SHA-224 implementation
[   16.964244] n2rng v0.3 (Jan 7, 2017)
[   16.964275] n2rng f029b104: Registered RNG HVAPI major 2 minor 0
[   16.964287] n2rng f029b104: Found multi-unit-capable RNG, units: 2
[   16.964316] n2rng f029b104: RNG ready
[   16.964687] sha512_sparc64: Using sparc64 sha512 opcode optimized SHA-512/SHA-384 implementation
[   16.986665] md5_sparc64: Using sparc64 md5 opcode optimized MD5 implementation
[   17.007815] aes_sparc64: Using sparc64 aes opcodes optimized AES implementation
[   17.095579] des_sparc64: Using sparc64 des opcodes optimized DES implementation
[   17.114961] camellia_sparc64: Using sparc64 camellia opcodes optimized CAMELLIA implementation
[   17.127388] XFS (dm-0): Mounting V5 Filesystem
[   17.273404] XFS (dm-0): Ending clean mount
[   17.274384] xfs filesystem being mounted at /1 supports timestamps until 2038 (0x7fffffff)
[   17.351873] Adding 787176k swap on /dev/vdiska4.  Priority:-2 extents:1 across:787176k FS
[   17.880214] EXT4-fs (vdiska1): mounting ext3 file system using the ext4 subsystem
[   18.128684] EXT4-fs (vdiska1): mounted filesystem with ordered data mode. Opts: (null)
[   18.128863] ext3 filesystem being mounted at /boot supports timestamps until 2038 (0x7fffffff)
