[    0.000019] PROMLIB: Sun IEEE Boot Prom 'OBP 4.38.12 2018/03/28 14:54'
[    0.000032] PROMLIB: Root node compatible: sun4v
[    0.000081] Linux version 5.5.0-05063-g3893c2025fec (mator@ttip) (gcc version 9.2.1 20200123 (Debian 9.2.1-25)) #1357 SMP Fri Jan 31 14:16:28 MSK 2020
[    0.000401] printk: bootconsole [earlyprom0] enabled
[    0.000451] ARCH: SUN4V
[    0.000501] Ethernet address: 00:14:4f:fa:06:f2
[    0.000552] MM: PAGE_OFFSET is 0xfff8000000000000 (max_phys_bits == 47)
[    0.000617] MM: VMALLOC [0x0000000100000000 --> 0x0006000000000000]
[    0.000677] MM: VMEMMAP [0x0006000000000000 --> 0x000c000000000000]
[    0.012378] Kernel: Using 5 locked TLB entries for main kernel image.
[    0.012446] Remapping the kernel... 
[    0.012473] done.
[    0.045960] OF stdout device is: /virtual-devices@100/console@1
[    0.046023] PROM: Built device tree with 88003 bytes of memory.
[    0.046083] MDESC: Size is 36960 bytes.
[    0.046200] PLATFORM: banner-name [SPARC T5-2]
[    0.046252] PLATFORM: name [ORCL,SPARC-T5-2]
[    0.046297] PLATFORM: hostid [84fa06f2]
[    0.046341] PLATFORM: serial# [0035260e]
[    0.046383] PLATFORM: stick-frequency [3b9aca00]
[    0.046432] PLATFORM: mac-address [144ffa06f2]
[    0.046479] PLATFORM: watchdog-resolution [1000 ms]
[    0.046528] PLATFORM: watchdog-max-timeout [31536000000 ms]
[    0.046584] PLATFORM: max-cpus [1024]
[    0.046671] Top of RAM: 0x24af938000, Total RAM: 0x87f354000
[    0.046732] Memory hole size: 115461MB
[    0.051383] Allocated 40960 bytes for kernel page tables.
[    0.051470] Zone ranges:
[    0.051509]   Normal   [mem 0x0000000030400000-0x00000024af937fff]
[    0.051574] Movable zone start for each node
[    0.051617] Early memory node ranges
[    0.051659]   node   0: [mem 0x0000000030400000-0x000000006fe7ffff]
[    0.051721]   node   0: [mem 0x000000006ff00000-0x000000006ff25fff]
[    0.051781]   node   0: [mem 0x0000000070000000-0x000000042fffffff]
[    0.051843]   node   0: [mem 0x0000002030000000-0x00000024af87ffff]
[    0.051905]   node   0: [mem 0x00000024af900000-0x00000024af925fff]
[    0.051965]   node   0: [mem 0x00000024af930000-0x00000024af937fff]
[    0.059369] Zeroed struct page in unavailable ranges: 230130 pages
[    0.059377] Initmem setup node 0 [mem 0x0000000030400000-0x00000024af937fff]
[    0.059535] On node 0 totalpages: 4454826
[    0.059544]   Normal zone: 39154 pages used for memmap
[    0.059549]   Normal zone: 0 pages reserved
[    0.059555]   Normal zone: 4454826 pages, LIFO batch:31
[    0.070358] Booting Linux...
[    0.070440] CPU CAPS: [flush,stbar,swap,muldiv,v9,blkinit,n2,mul32]
[    0.070521] CPU CAPS: [div32,v8plus,popc,vis,vis2,ASIBlkInit,fmaf,vis3]
[    0.071601] CPU CAPS: [hpc,ima,pause,cbcond,aes,des,kasumi,camellia]
[    0.071675] CPU CAPS: [md5,sha1,sha256,sha512,mpmul,montmul,montsqr,crc32c]
[    0.101595] percpu: Embedded 27 pages/cpu s182344 r8192 d30648 u262144
[    0.101822] pcpu-alloc: s182344 r8192 d30648 u262144 alloc=1*4194304
[    0.101830] pcpu-alloc: [0] 000 001 002 003 004 005 006 007 008 009 010 011 012 013 014 015 
[    0.101857] pcpu-alloc: [0] 016 017 018 019 020 021 022 023 024 025 026 027 028 029 030 031 
[    0.101884] pcpu-alloc: [0] 032 033 034 035 036 037 038 039 040 041 042 043 044 045 046 047 
[    0.101911] pcpu-alloc: [0] 048 049 050 051 052 053 054 055 056 057 058 059 060 061 062 063 
[    0.101938] pcpu-alloc: [0] 064 065 066 067 068 069 070 071 072 073 074 075 076 077 078 079 
[    0.101965] pcpu-alloc: [0] 080 081 082 083 084 085 086 087 088 089 090 091 092 093 094 095 
[    0.101992] pcpu-alloc: [0] 096 097 098 099 100 101 102 103 104 105 106 107 108 109 110 111 
[    0.102018] pcpu-alloc: [0] 112 113 114 115 116 117 118 119 120 121 122 123 124 125 126 127 
[    0.102540] SUN4V: Mondo queue sizes [cpu(131072) dev(16384) r(8192) nr(256)]
[    0.102909] Built 1 zonelists, mobility grouping on.  Total pages: 4415672
[    0.102996] Kernel command line: BOOT_IMAGE=/vmlinux-5.5.0-05063-g3893c2025fec root=/dev/vdiska2 ro zswap.enabled=1
[    0.105394] printk: log_buf_len individual max cpu contribution: 4096 bytes
[    0.105464] printk: log_buf_len total cpu_extra contributions: 520192 bytes
[    0.105532] printk: log_buf_len min size: 131072 bytes
[    0.105804] printk: log_buf_len: 1048576 bytes
[    0.105856] printk: early log buf free: 126648(96%)
[    0.112188] Dentry cache hash table entries: 8388608 (order: 13, 67108864 bytes, linear)
[    0.115425] Inode-cache hash table entries: 4194304 (order: 12, 33554432 bytes, linear)
[    0.115501] Sorting __ex_table...
[    0.115738] mem auto-init: stack:off, heap alloc:off, heap free:off
[    0.174243] Memory: 1305232K/35638608K available (7656K kernel code, 1043K rwdata, 2296K rodata, 632K init, 6742K bss, 508848K reserved, 0K cma-reserved)
[    0.174920] SLUB: HWalign=32, Order=0-3, MinObjects=0, CPUs=128, Nodes=1
[    0.175220] ftrace: allocating 21461 entries in 42 pages
[    0.183424] ftrace: allocated 42 pages with 3 groups
[    0.186203] Running RCU self tests
[    0.186273] rcu: Hierarchical RCU implementation.
[    0.186324] rcu: 	RCU event tracing is enabled.
[    0.186370] rcu: 	RCU lockdep checking is enabled.
[    0.186422] 	Tasks RCU enabled.
[    0.186458] rcu: RCU calculated value of scheduler-enlistment delay is 10 jiffies.
[    0.190727] NR_IRQS: 2048, nr_irqs: 2048, preallocated irqs: 1
[    0.190802] SUN4V: Using IRQ API major 3, cookie only virqs enabled
[    0.193237] clocksource: stick: mask: 0xffffffffffffffff max_cycles: 0x1cd42e4dffb, max_idle_ns: 881590591483 ns
[    0.193367] clocksource: mult[800000] shift[23]
[    0.193416] clockevent: mult[80000000] shift[31]
[    0.193932] Console: colour dummy device 80x25
[    0.193995] printk: console [tty0] enabled
[    0.194069] printk: bootconsole [earlyprom0] disabled
[    0.194154] Lock dependency validator: Copyright (c) 2006 Red Hat, Inc., Ingo Molnar
[    0.194202] ... MAX_LOCKDEP_SUBCLASSES:  8
[    0.194231] ... MAX_LOCK_DEPTH:          48
[    0.194261] ... MAX_LOCKDEP_KEYS:        8192
[    0.194292] ... CLASSHASH_SIZE:          4096
[    0.194323] ... MAX_LOCKDEP_ENTRIES:     16384
[    0.194354] ... MAX_LOCKDEP_CHAINS:      32768
[    0.194385] ... CHAINHASH_SIZE:          16384
[    0.194417]  memory used by lock dependency info: 3855 kB
[    0.194453]  memory used for stack traces: 2112 kB
[    0.194486]  per task-struct memory footprint: 1920 bytes
[    0.343661] Calibrating delay using timer specific routine.. 2004.72 BogoMIPS (lpj=10023601)
[    0.343727] pid_max: default: 131072 minimum: 1024
[    0.344003] LSM: Security Framework initializing
[    0.344151] AppArmor: AppArmor initialized
[    0.344423] Mount-cache hash table entries: 131072 (order: 7, 1048576 bytes, linear)
[    0.344587] Mountpoint-cache hash table entries: 131072 (order: 7, 1048576 bytes, linear)
[    0.344716] *** VALIDATE tmpfs ***
[    0.345584] *** VALIDATE proc ***
[    0.346083] *** VALIDATE cgroup1 ***
[    0.346115] *** VALIDATE cgroup2 ***
[    0.348203] rcu: Hierarchical SRCU implementation.
[    0.356122] smp: Bringing up secondary CPUs ...
[    0.399376] smp: Brought up 1 node, 32 CPUs
[    0.590371] node 0 initialised, 4228066 pages in 190ms
[    0.591700] devtmpfs: initialized
[    0.596319] Performance events: 
[    0.596363] Testing NMI watchdog ... 
[    0.796435] OK.
[    0.796539] Supported PMU type is 'niagara5'
[    0.796721] random: get_random_u32 called from bucket_table_alloc.isra.0+0x188/0x1c0 with crng_init=0
[    0.797354] ldc.c:v1.1 (July 22, 2008)
[    0.799721] clocksource: jiffies: mask: 0xffffffff max_cycles: 0xffffffff, max_idle_ns: 19112604462750000 ns
[    0.799806] futex hash table entries: 32768 (order: 9, 4194304 bytes, linear)
[    0.804824] NET: Registered protocol family 16
[    0.813143] VIO: Adding device channel-devices (tx_ino = ffffffffffffffff, rx_ino = ffffffffffffffff)
[    0.813354] VIO: Adding device vnet-port-0-0 (tx_ino = 0, rx_ino = 1)
[    0.813554] VIO: Adding device vnet-port-0-1 (tx_ino = 2, rx_ino = 3)
[    0.813722] VIO: Adding device vnet-port-0-2 (tx_ino = 4, rx_ino = 5)
[    0.813895] VIO: Adding device vnet-port-0-4 (tx_ino = 8, rx_ino = 9)
[    0.814060] VIO: Adding device vnet-port-0-5 (tx_ino = a, rx_ino = b)
[    0.814225] VIO: Adding device vnet-port-0-6 (tx_ino = c, rx_ino = d)
[    0.814388] VIO: Adding device vdc-port-3-0 (tx_ino = e, rx_ino = f)
[    0.814558] VIO: Adding device vdc-port-2-0 (tx_ino = 10, rx_ino = 11)
[    0.814722] VIO: Adding device vdc-port-1-0 (tx_ino = 12, rx_ino = 13)
[    0.814885] VIO: Adding device vdc-port-0-0 (tx_ino = 14, rx_ino = 15)
[    0.815056] VIO: Adding device vdc-port-4-0 (tx_ino = 16, rx_ino = 17)
[    0.815224] VIO: Adding device vlds-port-0-0 (tx_ino = 18, rx_ino = 19)
[    0.815393] VIO: Adding device domain-services-port-0 (tx_ino = 18, rx_ino = 19)
[    0.815665] audit: initializing netlink subsys (disabled)
[    0.815922] audit: type=2000 audit(0.420:1): state=initialized audit_enabled=0 res=1
[    0.840569] HugeTLB registered 64.0 KiB page size, pre-allocated 0 pages
[    0.840622] HugeTLB registered 8.00 MiB page size, pre-allocated 0 pages
[    0.840669] HugeTLB registered 256 MiB page size, pre-allocated 0 pages
[    0.840713] HugeTLB registered 2.00 GiB page size, pre-allocated 0 pages
[    0.842299] alg: extra crypto tests enabled.  This is intended for developer use only.
[    0.868121] cryptd: max_cpu_qlen set to 1000
[    0.975540] NetLabel: Initializing
[    0.975572] NetLabel:  domain hash size = 128
[    0.975606] NetLabel:  protocols = UNLABELED CIPSOv4 CALIPSO
[    0.975731] NetLabel:  unlabeled traffic allowed by default
[    0.976672] SUN4V: Reboot data supported (maj=1,min=0).
[    0.977092] ds.c:v1.0 (Jul 11, 2007)
[    0.977421] ds-0: ds_conn_reset() from send_events.isra.0
[    0.978879] clocksource: Switched to clocksource stick
[    1.177595] *** VALIDATE bpf ***
[    1.178829] VFS: Disk quotas dquot_6.6.0
[    1.178957] VFS: Dquot-cache hash table entries: 1024 (order 0, 8192 bytes)
[    1.179168] *** VALIDATE ramfs ***
[    1.179219] *** VALIDATE hugetlbfs ***
[    1.180805] AppArmor: AppArmor Filesystem Enabled
[    1.193868] NET: Registered protocol family 2
[    1.195578] tcp_listen_portaddr_hash hash table entries: 32768 (order: 8, 2359296 bytes, linear)
[    1.198468] TCP established hash table entries: 524288 (order: 9, 4194304 bytes, linear)
[    1.200464] TCP bind hash table entries: 65536 (order: 9, 4194304 bytes, linear)
[    1.206535] TCP: Hash tables configured (established 524288 bind 65536)
[    1.208977] UDP hash table entries: 32768 (order: 9, 5242880 bytes, linear)
[    1.215272] UDP-Lite hash table entries: 32768 (order: 9, 5242880 bytes, linear)
[    1.223449] NET: Registered protocol family 1
[    1.223512] NET: Registered protocol family 44
[    1.224172] Trying to unpack rootfs image as initramfs...
[    1.415783] Freeing initrd memory: 14720K
[    1.416624] aes_sparc64: Using sparc64 aes opcodes optimized AES implementation
[    1.695296] des_sparc64: Using sparc64 des opcodes optimized DES implementation
[    2.206567] camellia_sparc64: Using sparc64 camellia opcodes optimized CAMELLIA implementation
[    2.400221] workingset: timestamp_bits=46 max_order=23 bucket_order=0
[    2.420489] SGI XFS with ACLs, security attributes, quota, fatal assert, debug enabled
[    2.426349] *** VALIDATE xfs ***
[    2.440234] Block layer SCSI generic (bsg) driver version 0.4 loaded (major 252)
[    2.440995] io scheduler mq-deadline registered
[    2.443656] f029b788: ttyHV0 at I/O 0x0 (irq = 1, base_baud = 115200) is a SUN4V HCONS
[    2.450595] printk: console [ttyHV0] enabled
[    2.454101] sunvdc.c:v1.2 (November 24, 2014)
[    2.455627] sunvdc: Virtual CDROM vdiskd
[    2.455669] sunvdc: vdiskd: 403160 sectors (196 MB) protocol 1.2
[    2.457355]  vdiskd: vdiskd1 vdiskd2 vdiskd3 vdiskd4 vdiskd5 vdiskd6 vdiskd7
[    2.477365] sunvdc: Virtual Hard disk vdiskc
[    2.477404] sunvdc: vdiskc: 104857600 sectors (51200 MB) protocol 1.2
[    2.496417] sunvdc: Virtual Hard disk vdiskb
[    2.496458] sunvdc: vdiskb: 62914560 sectors (30720 MB) protocol 1.2
[    2.497616]  vdiskb: vdiskb1
[    2.515716] sunvdc: Virtual Hard disk vdiska
[    2.515755] sunvdc: vdiska: 31457280 sectors (15360 MB) protocol 1.2
[    2.517077]  vdiska: vdiska1 vdiska2 vdiska3 vdiska4
[    2.536126] sunvdc: Virtual Hard disk vdiske
[    2.536166] sunvdc: vdiske: 20971520 sectors (10240 MB) protocol 1.2
[    2.537471]  vdiske: vdiske1 vdiske2
[    2.554769] sunvnet: sunvnet 2.0 (February 3, 2017)
[    2.556886] vnet_port vnet-port-0-0 eth0: Sun LDOM vnet 00:14:4f:f8:12:a3
[    2.557106] sunvnet: eth0: PORT ( remote-mac 00:14:4f:fa:f3:f0 switch-port )
[    2.557454] sunvnet: eth0: PORT ( remote-mac 00:14:4f:f8:e5:f3 )
[    2.557788] sunvnet: eth0: PORT ( remote-mac 00:14:4f:f9:b4:97 )
[    2.558119] sunvnet: eth0: PORT ( remote-mac 00:14:4f:f8:3f:1e )
[    2.558464] sunvnet: eth0: PORT ( remote-mac 00:14:4f:f8:fe:47 )
[    2.558990] sunvnet: eth0: PORT ( remote-mac 00:14:4f:f9:8b:83 )
[    2.560159] rtc-sun4v rtc-sun4v: registered as rtc0
[    2.560678] sun4v_wdt: initialized (timeout=60s, nowayout=0)
[    2.561055] device-mapper: uevent: version 1.0.3
[    2.562003] device-mapper: ioctl: 4.41.0-ioctl (2019-09-16) initialised: dm-devel@redhat.com
[    2.562977] NET: Registered protocol family 17
[    2.563547] registered taskstats version 1
[    2.571034] zswap: default zpool zbud not available
[    2.571087] zswap: pool creation failed
[    2.897201] Key type big_key registered
[    2.897266] AppArmor: AppArmor sha1 policy hashing enabled
[    2.898027] rtc-sun4v rtc-sun4v: setting system clock to 2020-01-31T11:21:30 UTC (1580469690)
[    2.902458] This architecture does not have kernel memory protection.
[    2.902505] Run /init as init process
[    3.398912] crc32c_sparc64: Using sparc64 crc32c opcode optimized CRC32C implementation
[    3.399105] random: fast init done
[    3.442379] md127: WARNING: vdiske1 appears to be on the same physical disk as vdiske2.
[    3.442485] True protection against single-disk failure might be compromised.
[    3.443288] md/raid1:md127: active with 2 out of 2 mirrors
[    3.443576] md127: detected capacity change from 0 to 26148864
[    3.958846] raid6: int64x8  gen()  2165 MB/s
[    4.128829] raid6: int64x8  xor()  1537 MB/s
[    4.298834] raid6: int64x4  gen()  3428 MB/s
[    4.468833] raid6: int64x4  xor()  1476 MB/s
[    4.638844] raid6: int64x2  gen()  2788 MB/s
[    4.808835] raid6: int64x2  xor()  1166 MB/s
[    4.978848] raid6: int64x1  gen()  1365 MB/s
[    5.148858] raid6: int64x1  xor()   666 MB/s
[    5.148895] raid6: using algorithm int64x4 gen() 3428 MB/s
[    5.148936] raid6: .... xor() 1476 MB/s, rmw enabled
[    5.148975] raid6: using intx1 recovery algorithm
[    5.149875] async_tx: api initialized (async)
[    5.150453] xor: automatically using best checksumming function   Niagara   
[    5.320694] EXT4-fs (vdiska2): mounted filesystem with ordered data mode. Opts: (null)
[    5.540360] systemd[1]: Inserted module 'autofs4'
[    5.552879] NET: Registered protocol family 10
[    5.558907] Segment Routing with IPv6
[    5.578057] systemd[1]: systemd 244.1-1 running in system mode. (+PAM +AUDIT +SELINUX +IMA +APPARMOR +SMACK +SYSVINIT +UTMP +LIBCRYPTSETUP +GCRYPT +GNUTLS +ACL +XZ +LZ4 -SECCOMP +BLKID +ELFUTILS +KMOD +IDN2 -IDN +PCRE2 default-hierarchy=hybrid)
[    5.578684] systemd[1]: Detected architecture sparc64.
[    5.623400] systemd[1]: Set hostname to <ttip>.
[    5.633670] systemd[1]: Couldn't move remaining userspace processes, ignoring: Input/output error
[    5.697010] random: lvmconfig: uninitialized urandom read (4 bytes read)
[    5.938554] systemd[1]: /lib/systemd/system/dbus.socket:5: ListenStream= references a path below legacy directory /var/run/, updating /var/run/dbus/system_bus_socket → /run/dbus/system_bus_socket; please update the unit file accordingly.
[    6.000159] systemd[1]: systemd-tmpfiles-setup.service: Found ordering cycle on systemd-journald.service/start
[    6.000241] systemd[1]: systemd-tmpfiles-setup.service: Found dependency on haveged.service/start
[    6.000313] systemd[1]: systemd-tmpfiles-setup.service: Found dependency on systemd-tmpfiles-setup.service/start
[    6.000392] systemd[1]: systemd-tmpfiles-setup.service: Job systemd-journald.service/start deleted to break ordering cycle starting with systemd-tmpfiles-setup.service/start
[    6.002602] random: systemd: uninitialized urandom read (16 bytes read)
[    6.013996] systemd[1]: Created slice system-getty.slice.
[    6.014425] random: systemd: uninitialized urandom read (16 bytes read)
[    6.017865] systemd[1]: Created slice system-openvpn\x2dclient.slice.
[    6.021734] systemd[1]: Created slice system-postfix.slice.
[    6.026891] systemd[1]: Created slice system-systemd\x2dfsck.slice.
[    6.030714] systemd[1]: Created slice User and Session Slice.
[    6.031591] systemd[1]: Started Dispatch Password Requests to Console Directory Watch.
[    6.032402] systemd[1]: Started Forward Password Requests to Wall Directory Watch.
[    6.034472] systemd[1]: Set up automount Arbitrary Executable File Formats File System Automount Point.
[    6.035021] systemd[1]: Reached target Local Encrypted Volumes.
[    6.035495] systemd[1]: Reached target Paths.
[    6.035930] systemd[1]: Reached target Remote File Systems.
[    6.036362] systemd[1]: Reached target Slices.
[    6.037245] systemd[1]: Listening on Device-mapper event daemon FIFOs.
[    6.038276] systemd[1]: Listening on LVM2 poll daemon socket.
[    6.040934] systemd[1]: Listening on Syslog Socket.
[    6.041899] systemd[1]: Listening on fsck to fsckd communication Socket.
[    6.042640] systemd[1]: Listening on initctl Compatibility Named Pipe.
[    6.043846] systemd[1]: Listening on Journal Audit Socket.
[    6.044810] systemd[1]: Listening on Journal Socket (/dev/log).
[    6.045946] systemd[1]: Listening on Journal Socket.
[    6.046998] systemd[1]: Listening on udev Control Socket.
[    6.047807] systemd[1]: Listening on udev Kernel Socket.
[    6.056467] systemd[1]: Mounting Huge Pages File System...
[    6.064956] systemd[1]: Mounting POSIX Message Queue File System...
[    6.073724] systemd[1]: Mounting Kernel Debug File System...
[    6.082004] systemd[1]: Starting Availability of block devices...
[    6.095636] systemd[1]: Starting Wait for network to be configured by ifupdown...
[    6.104268] systemd[1]: Starting Create list of static device nodes for the current kernel...
[    6.113480] systemd[1]: Starting Monitoring of LVM2 mirrors, snapshots etc. using dmeventd or progress polling...
[    6.121703] systemd[1]: Starting nftables...
[    6.123284] systemd[1]: Condition check resulted in Set Up Additional Binary Formats being skipped.
[    6.123502] systemd[1]: Condition check resulted in File System Check on Root Device being skipped.
[    6.132475] systemd[1]: Starting Load Kernel Modules...
[    6.141117] systemd[1]: Starting Remount Root and Kernel File Systems...
[    6.151212] systemd[1]: Starting udev Coldplug all Devices...
[    6.159537] systemd[1]: Mounted Huge Pages File System.
[    6.161556] systemd[1]: Mounted POSIX Message Queue File System.
[    6.163407] systemd[1]: Mounted Kernel Debug File System.
[    6.173822] systemd[1]: Started Availability of block devices.
[    6.183020] systemd[1]: Started Wait for network to be configured by ifupdown.
[    6.191373] systemd[1]: Started Create list of static device nodes for the current kernel.
[    6.194219] EXT4-fs (vdiska2): re-mounted. Opts: errors=remount-ro
[    6.199577] systemd[1]: Started Load Kernel Modules.
[    6.203321] systemd[1]: systemd-journald.service: Found ordering cycle on haveged.service/start
[    6.203398] systemd[1]: systemd-journald.service: Found dependency on systemd-tmpfiles-setup.service/start
[    6.203472] systemd[1]: systemd-journald.service: Found dependency on systemd-journald.service/start
[    6.203543] systemd[1]: systemd-journald.service: Unable to break cycle starting with systemd-journald.service/start
[    6.203630] systemd[1]: Requested transaction contains an unfixable cyclic ordering dependency: Transaction order is cyclic. See system logs for details.
[    6.203733] systemd[1]: systemd-journald.socket: Failed to queue service startup job (Maybe the service file is missing or not a non-template unit?): Transaction order is cyclic. See system logs for details.
[    6.204418] systemd[1]: systemd-journald.socket: Failed with result 'resources'.
[    6.206722] systemd[1]: Condition check resulted in FUSE Control File System being skipped.
[    6.207150] systemd[1]: Condition check resulted in Kernel Configuration File System being skipped.
[    6.216642] systemd[1]: Starting Apply Kernel Variables...
[    6.221331] systemd[568]: systemd-sysctl.service: Failed to connect stdout to the journal socket, ignoring: Connection refused
[    6.231582] systemd[569]: systemd-udev-trigger.service: Failed to connect stdout to the journal socket, ignoring: Connection refused
[    6.239640] systemd[1]: Started Remount Root and Kernel File Systems.
[    6.253755] systemd[1]: Starting Initial Check File System Quotas...
[    6.255304] systemd[1]: Condition check resulted in Rebuild Hardware Database being skipped.
[    6.259879] systemd[571]: quota.service: Failed to connect stdout to the journal socket, ignoring: Connection refused
[    6.264439] systemd[1]: Starting Load/Save Random Seed...
[    6.269666] systemd[572]: systemd-random-seed.service: Failed to connect stdout to the journal socket, ignoring: Connection refused
[    6.273973] systemd[1]: Starting Create System Users...
[    6.280336] systemd[575]: systemd-sysusers.service: Failed to connect stdout to the journal socket, ignoring: Connection refused
[    6.283017] systemd[1]: Started Apply Kernel Variables.
[    6.301581] systemd-random-seed[572]: Kernel entropy pool is not initialized yet, waiting until it is.
[    6.328428] systemd[1]: Started Create System Users.
[    6.337730] systemd[1]: Starting Create Static Device Nodes in /dev...
[    6.342748] systemd[581]: systemd-tmpfiles-setup-dev.service: Failed to connect stdout to the journal socket, ignoring: Connection refused
[    6.344410] systemd[1]: Started Initial Check File System Quotas.
[    6.376558] systemd-tmpfiles[581]: /usr/lib/tmpfiles.d/vsftpd.conf:1: Line references path below legacy directory /var/run/, updating /var/run/vsftpd/empty → /run/vsftpd/empty; please update the tmpfiles.d/ drop-in file accordingly.
[    6.388326] systemd[1]: Started Create Static Device Nodes in /dev.
[    6.401430] systemd[1]: Starting udev Kernel Device Manager...
[    6.406060] systemd[582]: systemd-udevd.service: Failed to connect stdout to the journal socket, ignoring: Connection refused
[    6.467111] systemd[1]: Started udev Kernel Device Manager.
[    6.487877] systemd[1]: Started Monitoring of LVM2 mirrors, snapshots etc. using dmeventd or progress polling.
[    6.489170] systemd[1]: Reached target Local File Systems (Pre).
[    6.616791] systemd-udevd[591]: Using default interface naming scheme 'v243'.
[    6.621553] systemd-udevd[591]: ethtool: autonegotiation is unset or enabled, the speed and duplex are not writable.
[    6.645468] sha1_sparc64: Using sparc64 sha1 opcode optimized SHA-1 implementation
[    6.647339] n2rng v0.3 (Jan 7, 2017)
[    6.647419] n2rng f029b104: Registered RNG HVAPI major 2 minor 0
[    6.647492] n2rng f029b104: Found multi-unit-capable RNG, units: 2
[    6.648466] n2rng f029b104: RNG ready
[    6.675827] systemd[1]: Found device /dev/vdiska1.
[    6.686587] pktcdvd: setup of pktcdvd device failed
[    6.687626] systemd-udevd[594]: vdiskd: Process '/usr/sbin/pktsetup 254:24' failed with exit code 1.
[    6.690259] systemd[1]: Found device /dev/disk/by-label/swapvol1.
[    6.698071] systemd[1]: Started udev Coldplug all Devices.
[    6.734317] pktcdvd: setup of pktcdvd device failed
[    6.735632] systemd-udevd[639]: vdiskd1: Process '/usr/sbin/pktsetup 254:25' failed with exit code 1.
[    6.739022] pktcdvd: setup of pktcdvd device failed
[    6.740097] systemd-udevd[591]: vdiskd3: Process '/usr/sbin/pktsetup 254:27' failed with exit code 1.
[    6.744441] pktcdvd: setup of pktcdvd device failed
[    6.745538] systemd-udevd[594]: vdiskd2: Process '/usr/sbin/pktsetup 254:26' failed with exit code 1.
[    6.748143] pktcdvd: setup of pktcdvd device failed
[    6.749221] systemd-udevd[642]: vdiskd5: Process '/usr/sbin/pktsetup 254:29' failed with exit code 1.
[    6.751712] pktcdvd: setup of pktcdvd device failed
[    6.752600] systemd-udevd[641]: vdiskd4: Process '/usr/sbin/pktsetup 254:28' failed with exit code 1.
[    6.755269] pktcdvd: setup of pktcdvd device failed
[    6.756055] systemd-udevd[644]: vdiskd6: Process '/usr/sbin/pktsetup 254:30' failed with exit code 1.
[    6.759410] pktcdvd: setup of pktcdvd device failed
[    6.760311] systemd-udevd[645]: vdiskd7: Process '/usr/sbin/pktsetup 254:31' failed with exit code 1.
[    6.782929] systemd-udevd[641]: ethtool: autonegotiation is unset or enabled, the speed and duplex are not writable.
[    6.790011] systemd[1]: Created slice system-lvm2\x2dpvscan.slice.
[    6.801631] systemd[1]: Activating swap /dev/disk/by-label/swapvol1...
[    6.808184] systemd[664]: dev-disk-by\x2dlabel-swapvol1.swap: Failed to connect stdout to the journal socket, ignoring: Connection refused
[    6.812454] systemd[1]: Starting Helper to synchronize boot up for ifupdown...
[    6.818964] systemd[668]: ifupdown-pre.service: Failed to connect stdout to the journal socket, ignoring: Connection refused
[    6.821141] systemd[1]: Starting LVM event activation on device 254:16...
[    6.828458] systemd[669]: lvm2-pvscan@254:16.service: Failed to connect stdout to the journal socket, ignoring: Connection refused
[    6.830971] systemd[1]: Starting File System Check on /dev/vdiska1...
[    6.835727] systemd[672]: systemd-fsck@dev-vdiska1.service: Failed to connect stdout to the journal socket, ignoring: Connection refused
[    6.849561] systemd[1]: Started MD array monitor.
[    6.856116] systemd[673]: mdmonitor.service: Failed to connect stdout to the journal socket, ignoring: Connection refused
[    6.874052] sha256_sparc64: Using sparc64 sha256 opcode optimized SHA-256/SHA-224 implementation
[    6.875283] systemd[1]: Started File System Check Daemon to report status.
[    6.880379] systemd[677]: systemd-fsckd.service: Failed to connect stdout to the journal socket, ignoring: Connection refused
[    6.928985] Adding 787176k swap on /dev/vdiska4.  Priority:-2 extents:1 across:787176k FS
[    6.937057] systemd[1]: Activated swap /dev/disk/by-label/swapvol1.
[    6.937579] systemd[1]: Reached target Swap.
[    6.950494] systemd[1]: Mounting /tmp...
[    6.956405] systemd[689]: tmp.mount: Failed to connect stdout to the journal socket, ignoring: Connection refused
[    6.964868] systemd[1]: Started File System Check on /dev/vdiska1.
[    6.970601] systemd[1]: Mounted /tmp.
[    6.979384] systemd[1]: Found device /dev/ttipvg1/vol1.
[    6.987868] systemd[1]: Mounting /boot...
[    6.994466] systemd[693]: boot.mount: Failed to connect stdout to the journal socket, ignoring: Connection refused
[    6.996211] systemd[1]: Starting File System Check on /dev/ttipvg1/vol1...
[    7.001504] systemd[695]: systemd-fsck@dev-ttipvg1-vol1.service: Failed to connect stdout to the journal socket, ignoring: Connection refused
[    7.005907] EXT4-fs (vdiska1): mounting ext3 file system using the ext4 subsystem
[    7.020369] EXT4-fs (vdiska1): mounted filesystem with ordered data mode. Opts: (null)
[    7.020548] ext3 filesystem being mounted at /boot supports timestamps until 2038 (0x7fffffff)
[    7.025615] systemd[1]: Mounted /boot.
[    7.027136] sha512_sparc64: Using sparc64 sha512 opcode optimized SHA-512/SHA-384 implementation
[    7.028851] md5_sparc64: Using sparc64 md5 opcode optimized MD5 implementation
[    7.063007] systemd[1]: Started File System Check on /dev/ttipvg1/vol1.
[    7.073498] systemd[1]: Mounting /1...
[    7.079446] systemd[704]: 1.mount: Failed to connect stdout to the journal socket, ignoring: Connection refused
[    7.097735] XFS (dm-0): Mounting V5 Filesystem
[    7.117332] XFS (dm-0): Ending clean mount
[    7.120309] xfs filesystem being mounted at /1 supports timestamps until 2038 (0x7fffffff)
[    7.126236] systemd[1]: Mounted /1.
[    7.127671] systemd[1]: Reached target Local File Systems.
[    7.137148] systemd[1]: Starting Load AppArmor profiles...
[    7.147758] systemd[714]: apparmor.service: Failed to connect stdout to the journal socket, ignoring: Connection refused
[    7.150438] systemd[1]: Starting Enable support for additional executable binary formats...
[    7.151523] systemd[1]: Condition check resulted in Mark the need to relabel after reboot being skipped.
[    7.151927] systemd[1]: Condition check resulted in Commit a transient machine-id on disk being skipped.
[    7.156407] systemd[716]: binfmt-support.service: Failed to connect stdout to the journal socket, ignoring: Connection refused
[    7.161054] systemd[1]: Starting Create Volatile Files and Directories...
[    7.166676] systemd[718]: systemd-tmpfiles-setup.service: Failed to connect stdout to the journal socket, ignoring: Connection refused
[    7.167652] systemd[1]: Started nftables.
[    7.168609] systemd[1]: proc-sys-fs-binfmt_misc.automount: Got automount request for /proc/sys/fs/binfmt_misc, triggered by 716 (update-binfmts)
[    7.169071] systemd[1]: Reached target Network (Pre).
[    7.177320] systemd[1]: Mounting Arbitrary Executable File Formats File System...
[    7.183859] systemd[719]: proc-sys-fs-binfmt_misc.mount: Failed to connect stdout to the journal socket, ignoring: Connection refused
[    7.196084] systemd-tmpfiles[718]: /usr/lib/tmpfiles.d/vsftpd.conf:1: Line references path below legacy directory /var/run/, updating /var/run/vsftpd/empty → /run/vsftpd/empty; please update the tmpfiles.d/ drop-in file accordingly.
[    7.212186] systemd[1]: Mounted Arbitrary Executable File Formats File System.
[    7.231834] Kernel unaligned access at TPC[88a8d8] aa_dfa_unpack+0x38/0x5a0
[    7.231942] Kernel unaligned access at TPC[88a8f8] aa_dfa_unpack+0x58/0x5a0
[    7.231997] Kernel unaligned access at TPC[88a9b4] aa_dfa_unpack+0x114/0x5a0
[    7.232053] Kernel unaligned access at TPC[88aa94] aa_dfa_unpack+0x1f4/0x5a0
[    7.232108] Kernel unaligned access at TPC[88aaa8] aa_dfa_unpack+0x208/0x5a0
[    7.235113] audit: type=1400 audit(1580469694.830:2): apparmor="STATUS" operation="profile_load" profile="unconfined" name="/usr/sbin/haveged" pid=724 comm="apparmor_parser"
[    7.235755] systemd[1]: haveged.service: Found ordering cycle on systemd-tmpfiles-setup.service/start
[    7.235873] systemd[1]: haveged.service: Found dependency on systemd-journald.service/start
[    7.235987] systemd[1]: haveged.service: Found dependency on haveged.service/start
[    7.236087] systemd[1]: haveged.service: Unable to break cycle starting with haveged.service/start
[    7.236209] systemd[1]: Requested transaction contains an unfixable cyclic ordering dependency: Transaction order is cyclic. See system logs for details.
[    7.236357] systemd[1]: systemd-journald-audit.socket: Failed to queue service startup job (Maybe the service file is missing or not a non-template unit?): Transaction order is cyclic. See system logs for details.
[    7.236802] audit: type=1400 audit(1580469694.830:3): apparmor="STATUS" operation="profile_load" profile="unconfined" name="lsb_release" pid=729 comm="apparmor_parser"
[    7.237052] systemd[1]: systemd-journald-audit.socket: Failed with result 'resources'.
[    7.241319] audit: type=1400 audit(1580469694.840:4): apparmor="STATUS" operation="profile_load" profile="unconfined" name="/usr/sbin/named" pid=728 comm="apparmor_parser"
[    7.242959] audit: type=1400 audit(1580469694.840:5): apparmor="STATUS" operation="profile_load" profile="unconfined" name="nvidia_modprobe" pid=725 comm="apparmor_parser"
[    7.243082] audit: type=1400 audit(1580469694.840:6): apparmor="STATUS" operation="profile_load" profile="unconfined" name="nvidia_modprobe//kmod" pid=725 comm="apparmor_parser"
[    7.246181] audit: type=1400 audit(1580469694.840:7): apparmor="STATUS" operation="profile_load" profile="unconfined" name="/usr/sbin/tcpdump" pid=727 comm="apparmor_parser"
[    7.258070] audit: type=1400 audit(1580469694.850:8): apparmor="STATUS" operation="profile_load" profile="unconfined" name="/usr/bin/man" pid=726 comm="apparmor_parser"
[    7.258172] audit: type=1400 audit(1580469694.850:9): apparmor="STATUS" operation="profile_load" profile="unconfined" name="man_filter" pid=726 comm="apparmor_parser"
[    7.258255] systemd[1]: Started LVM event activation on device 254:16.
[    7.258276] audit: type=1400 audit(1580469694.850:10): apparmor="STATUS" operation="profile_load" profile="unconfined" name="man_groff" pid=726 comm="apparmor_parser"
[    7.268158] systemd[1]: Started Load AppArmor profiles.
[    7.274004] systemd[1]: Started Create Volatile Files and Directories.
[    7.283190] systemd[1]: Starting Security Auditing Service...
[    7.288385] systemd[730]: auditd.service: Failed to connect stdout to the journal socket, ignoring: Connection refused
[    7.297179] systemd[1]: Started Entropy Daemon based on the HAVEGE algorithm.
[    7.312750] systemd[1]: Starting Network Time Synchronization...
[    7.320459] systemd[1]: Started Helper to synchronize boot up for ifupdown.
[    7.327396] systemd[1]: Started Enable support for additional executable binary formats.
[    7.334476] systemd[1]: Listening on Journal Audit Socket.
[    7.335811] systemd[1]: Listening on Journal Socket.
[    7.346417] systemd[1]: Starting Raise network interfaces...
[    7.363336] systemd[1]: Starting Journal Service...
[    7.389654] systemd[1]: Started Security Auditing Service.
[    7.401959] systemd[1]: Starting Update UTMP about System Boot/Shutdown...
[    7.463185] systemd[1]: Started Update UTMP about System Boot/Shutdown.
[    7.475463] systemd[1]: Started Journal Service.
[    7.828722] random: crng init done
[    7.828769] random: 7 urandom warning(s) missed due to ratelimiting
