[    0.000021] PROMLIB: Sun IEEE Boot Prom 'OBP 4.38.12 2018/03/28 14:54'
[    0.000032] PROMLIB: Root node compatible: sun4v
[    0.000084] Linux version 5.9.0-rc2-00221-gc4011283a7d5 (mator@ttip) (gcc (Debian 10.2.0-6) 10.2.0, GNU ld (GNU Binutils for Debian) 2.35) #55 SMP Wed Sep 9 18:04:33 MSK 2020
[    0.000423] printk: bootconsole [earlyprom0] enabled
[    0.000474] ARCH: SUN4V
[    0.000525] Ethernet address: 00:14:4f:fa:06:f2
[    0.000577] MM: PAGE_OFFSET is 0xfff8000000000000 (max_phys_bits == 47)
[    0.000643] MM: VMALLOC [0x0000000100000000 --> 0x0006000000000000]
[    0.000704] MM: VMEMMAP [0x0006000000000000 --> 0x000c000000000000]
[    0.012499] Kernel: Using 5 locked TLB entries for main kernel image.
[    0.012578] Remapping the kernel... 
[    0.012601] done.
[    0.046042] OF stdout device is: /virtual-devices@100/console@1
[    0.046122] PROM: Built device tree with 86758 bytes of memory.
[    0.046189] MDESC: Size is 36512 bytes.
[    0.046317] PLATFORM: banner-name [SPARC T5-2]
[    0.046369] PLATFORM: name [ORCL,SPARC-T5-2]
[    0.046417] PLATFORM: hostid [84fa06f2]
[    0.046459] PLATFORM: serial# [0035260e]
[    0.046504] PLATFORM: stick-frequency [3b9aca00]
[    0.046552] PLATFORM: mac-address [144ffa06f2]
[    0.046600] PLATFORM: watchdog-resolution [1000 ms]
[    0.046651] PLATFORM: watchdog-max-timeout [31536000000 ms]
[    0.046708] PLATFORM: max-cpus [1024]
[    0.051475] Allocated 40960 bytes for kernel page tables.
[    0.051566] Zone ranges:
[    0.051607]   Normal   [mem 0x0000000030400000-0x00000024af937fff]
[    0.051670] Movable zone start for each node
[    0.051717] Early memory node ranges
[    0.051758]   node   0: [mem 0x0000000030400000-0x000000006fe7ffff]
[    0.051821]   node   0: [mem 0x000000006ff00000-0x000000006ff25fff]
[    0.051884]   node   0: [mem 0x0000000070000000-0x000000042fffffff]
[    0.051946]   node   0: [mem 0x0000002030000000-0x00000024af87ffff]
[    0.052008]   node   0: [mem 0x00000024af900000-0x00000024af925fff]
[    0.052069]   node   0: [mem 0x00000024af930000-0x00000024af937fff]
[    0.065462] Zeroed struct page in unavailable ranges: 263766 pages
[    0.065470] Initmem setup node 0 [mem 0x0000000030400000-0x00000024af937fff]
[    0.065631] On node 0 totalpages: 4454826
[    0.065640]   Normal zone: 39154 pages used for memmap
[    0.065646]   Normal zone: 0 pages reserved
[    0.065652]   Normal zone: 4454826 pages, LIFO batch:31
[    0.224366] Booting Linux...
[    0.224453] CPU CAPS: [flush,stbar,swap,muldiv,v9,blkinit,n2,mul32]
[    0.224537] CPU CAPS: [div32,v8plus,popc,vis,vis2,ASIBlkInit,fmaf,vis3]
[    0.225617] CPU CAPS: [hpc,ima,pause,cbcond,aes,des,kasumi,camellia]
[    0.225691] CPU CAPS: [md5,sha1,sha256,sha512,mpmul,montmul,montsqr,crc32c]
[    0.255587] percpu: Embedded 28 pages/cpu s184784 r8192 d36400 u262144
[    0.255839] pcpu-alloc: s184784 r8192 d36400 u262144 alloc=1*4194304
[    0.255847] pcpu-alloc: [0] 000 001 002 003 004 005 006 007 008 009 010 011 012 013 014 015 
[    0.255876] pcpu-alloc: [0] 016 017 018 019 020 021 022 023 024 025 026 027 028 029 030 031 
[    0.255906] pcpu-alloc: [0] 032 033 034 035 036 037 038 039 040 041 042 043 044 045 046 047 
[    0.255935] pcpu-alloc: [0] 048 049 050 051 052 053 054 055 056 057 058 059 060 061 062 063 
[    0.255964] pcpu-alloc: [0] 064 065 066 067 068 069 070 071 072 073 074 075 076 077 078 079 
[    0.255993] pcpu-alloc: [0] 080 081 082 083 084 085 086 087 088 089 090 091 092 093 094 095 
[    0.256022] pcpu-alloc: [0] 096 097 098 099 100 101 102 103 104 105 106 107 108 109 110 111 
[    0.256051] pcpu-alloc: [0] 112 113 114 115 116 117 118 119 120 121 122 123 124 125 126 127 
[    0.256518] SUN4V: Mondo queue sizes [cpu(131072) dev(16384) r(8192) nr(256)]
[    0.256897] Built 1 zonelists, mobility grouping on.  Total pages: 4415672
[    0.256971] Policy zone: Normal
[    0.257030] Kernel command line: BOOT_IMAGE=/vmlinux-5.9.0-rc2-00221-gc4011283a7d5 root=/dev/vdiska2 ro zswap.enabled=1
[    0.259789] printk: log_buf_len individual max cpu contribution: 4096 bytes
[    0.259874] printk: log_buf_len total cpu_extra contributions: 520192 bytes
[    0.259940] printk: log_buf_len min size: 131072 bytes
[    0.261224] printk: log_buf_len: 1048576 bytes
[    0.261279] printk: early log buf free: 126688(96%)
[    0.267657] Dentry cache hash table entries: 8388608 (order: 13, 67108864 bytes, linear)
[    0.270942] Inode-cache hash table entries: 4194304 (order: 12, 33554432 bytes, linear)
[    0.271028] Sorting __ex_table...
[    0.271274] mem auto-init: stack:off, heap alloc:off, heap free:off
[    0.378000] Memory: 35127744K/35638608K available (8317K kernel code, 1094K rwdata, 2480K rodata, 680K init, 6856K bss, 510864K reserved, 0K cma-reserved)
[    0.378680] SLUB: HWalign=32, Order=0-3, MinObjects=0, CPUs=128, Nodes=32
[    0.378963] ftrace: allocating 23108 entries in 46 pages
[    0.387757] ftrace: allocated 46 pages with 4 groups
[    0.390770] Running RCU self tests
[    0.391191] rcu: Hierarchical RCU implementation.
[    0.391246] rcu: 	RCU event tracing is enabled.
[    0.391294] rcu: 	RCU lockdep checking is enabled.
[    0.391347] 	Trampoline variant of Tasks RCU enabled.
[    0.391399] 	Rude variant of Tasks RCU enabled.
[    0.391447] 	Tracing variant of Tasks RCU enabled.
[    0.391499] rcu: RCU calculated value of scheduler-enlistment delay is 10 jiffies.
[    0.395981] NR_IRQS: 2048, nr_irqs: 2048, preallocated irqs: 1
[    0.396074] SUN4V: Using IRQ API major 3, cookie only virqs enabled
[    0.398706] clocksource: stick: mask: 0xffffffffffffffff max_cycles: 0x1cd42e4dffb, max_idle_ns: 881590591483 ns
[    0.398837] clocksource: mult[800000] shift[23]
[    0.398886] clockevent: mult[80000000] shift[31]
[    0.399283] Console: colour dummy device 80x25
[    0.399348] printk: console [tty0] enabled
[    0.399429] printk: bootconsole [earlyprom0] disabled
[    0.399518] Lock dependency validator: Copyright (c) 2006 Red Hat, Inc., Ingo Molnar
[    0.399573] ... MAX_LOCKDEP_SUBCLASSES:  8
[    0.399607] ... MAX_LOCK_DEPTH:          48
[    0.399642] ... MAX_LOCKDEP_KEYS:        8192
[    0.399679] ... CLASSHASH_SIZE:          4096
[    0.399715] ... MAX_LOCKDEP_ENTRIES:     16384
[    0.399751] ... MAX_LOCKDEP_CHAINS:      32768
[    0.399788] ... CHAINHASH_SIZE:          16384
[    0.399825]  memory used by lock dependency info: 3919 kB
[    0.399866]  memory used for stack traces: 2112 kB
[    0.399905]  per task-struct memory footprint: 1920 bytes
[    0.549487] Calibrating delay using timer specific routine.. 2013.47 BogoMIPS (lpj=10067379)
[    0.549566] pid_max: default: 131072 minimum: 1024
[    0.549857] LSM: Security Framework initializing
[    0.550039] AppArmor: AppArmor initialized
[    0.550323] Mount-cache hash table entries: 131072 (order: 7, 1048576 bytes, linear)
[    0.550495] Mountpoint-cache hash table entries: 131072 (order: 7, 1048576 bytes, linear)
[    0.556016] rcu: Hierarchical SRCU implementation.
[    0.565529] smp: Bringing up secondary CPUs ...
[    0.615308] smp: Brought up 1 node, 32 CPUs
[    0.621513] devtmpfs: initialized
[    0.626839] Performance events: 
[    0.626890] Testing NMI watchdog ... 
[    0.826988] OK.
[    0.827180] Supported PMU type is 'niagara5'
[    0.827394] random: get_random_u32 called from bucket_table_alloc.isra.0+0x198/0x1c0 with crng_init=0
[    0.828027] ldc.c:v1.1 (July 22, 2008)
[    0.830947] clocksource: jiffies: mask: 0xffffffff max_cycles: 0xffffffff, max_idle_ns: 19112604462750000 ns
[    0.831050] futex hash table entries: 32768 (order: 9, 4194304 bytes, linear)
[    0.836881] NET: Registered protocol family 16
[    0.846965] VIO: Adding device channel-devices (tx_ino = ffffffffffffffff, rx_ino = ffffffffffffffff)
[    0.847277] VIO: Adding device vnet-port-0-0 (tx_ino = 0, rx_ino = 1)
[    0.847508] VIO: Adding device vnet-port-0-1 (tx_ino = 2, rx_ino = 3)
[    0.847701] VIO: Adding device vnet-port-0-2 (tx_ino = 4, rx_ino = 5)
[    0.847901] VIO: Adding device vnet-port-0-3 (tx_ino = 6, rx_ino = 7)
[    0.848104] VIO: Adding device vnet-port-0-4 (tx_ino = 8, rx_ino = 9)
[    0.848296] VIO: Adding device vnet-port-0-5 (tx_ino = a, rx_ino = b)
[    0.848493] VIO: Adding device vdc-port-2-0 (tx_ino = c, rx_ino = d)
[    0.848685] VIO: Adding device vdc-port-1-0 (tx_ino = e, rx_ino = f)
[    0.848878] VIO: Adding device vdc-port-0-0 (tx_ino = 10, rx_ino = 11)
[    0.849076] VIO: Adding device vdc-port-3-0 (tx_ino = 12, rx_ino = 13)
[    0.849271] VIO: Adding device vlds-port-0-0 (tx_ino = 14, rx_ino = 15)
[    0.849472] VIO: Adding device domain-services-port-0 (tx_ino = 14, rx_ino = 15)
[    0.849815] audit: initializing netlink subsys (disabled)
[    0.850212] audit: type=2000 audit(0.440:1): state=initialized audit_enabled=0 res=1
[    0.884313] HugeTLB registered 64.0 KiB page size, pre-allocated 0 pages
[    0.884376] HugeTLB registered 8.00 MiB page size, pre-allocated 0 pages
[    0.884429] HugeTLB registered 256 MiB page size, pre-allocated 0 pages
[    0.884481] HugeTLB registered 2.00 GiB page size, pre-allocated 0 pages
[    0.887101] alg: extra crypto tests enabled.  This is intended for developer use only.
[    0.916449] cryptd: max_cpu_qlen set to 1000
[    1.039034] vgaarb: loaded
[    1.040632] NetLabel: Initializing
[    1.040667] NetLabel:  domain hash size = 128
[    1.040704] NetLabel:  protocols = UNLABELED CIPSOv4 CALIPSO
[    1.040835] NetLabel:  unlabeled traffic allowed by default
[    1.042021] SUN4V: Reboot data supported (maj=1,min=0).
[    1.042476] ds.c:v1.0 (Jul 11, 2007)
[    1.042866] ds-0: ds_conn_reset() from send_events
[    1.043445] clocksource: Switched to clocksource stick
[    1.276311] VFS: Disk quotas dquot_6.6.0
[    1.276457] VFS: Dquot-cache hash table entries: 1024 (order 0, 8192 bytes)
[    1.278953] AppArmor: AppArmor Filesystem Enabled
[    1.294068] NET: Registered protocol family 2
[    1.296164] tcp_listen_portaddr_hash hash table entries: 32768 (order: 8, 2621440 bytes, linear)
[    1.299126] TCP established hash table entries: 524288 (order: 9, 4194304 bytes, linear)
[    1.301654] TCP bind hash table entries: 65536 (order: 9, 4718592 bytes, linear)
[    1.307338] TCP: Hash tables configured (established 524288 bind 65536)
[    1.310111] UDP hash table entries: 32768 (order: 9, 5242880 bytes, linear)
[    1.316474] UDP-Lite hash table entries: 32768 (order: 9, 5242880 bytes, linear)
[    1.325158] NET: Registered protocol family 1
[    1.325238] NET: Registered protocol family 44
[    1.325297] PCI: CLS 0 bytes, default 64
[    1.326098] Trying to unpack rootfs image as initramfs...
[    1.543237] Freeing initrd memory: 14648K
[    1.544045] aes_sparc64: Using sparc64 aes opcodes optimized AES implementation
[    2.271973] des_sparc64: Using sparc64 des opcodes optimized DES implementation
[    3.389363] camellia_sparc64: Using sparc64 camellia opcodes optimized CAMELLIA implementation
[    3.874332] workingset: timestamp_bits=41 max_order=23 bucket_order=0
[    3.897176] zbud: loaded
[    3.901509] SGI XFS with ACLs, security attributes, quota, fatal assert, debug enabled
[    3.932512] Block layer SCSI generic (bsg) driver version 0.4 loaded (major 252)
[    3.933779] io scheduler mq-deadline registered
[    3.937448] f029b788: ttyHV0 at I/O 0x0 (irq = 1, base_baud = 115200) is a SUN4V HCONS
[    3.938552] printk: console [ttyHV0] enabled
[    3.943965] sunvdc.c:v1.2 (November 24, 2014)
[    3.947659] sunvdc: Virtual Hard disk vdiskc
[    3.947708] sunvdc: vdiskc: 104857600 sectors (51200 MB) protocol 1.2
[    3.973584] sunvdc: Virtual Hard disk vdiskb
[    3.973642] sunvdc: vdiskb: 62914560 sectors (30720 MB) protocol 1.2
[    3.975713]  vdiskb: vdiskb1
[    4.000222] sunvdc: Virtual Hard disk vdiska
[    4.000281] sunvdc: vdiska: 31457280 sectors (15360 MB) protocol 1.2
[    4.001925]  vdiska: vdiska1 vdiska2 vdiska3 vdiska4
[    4.027031] sunvdc: Virtual CDROM vdiskd
[    4.027095] sunvdc: vdiskd: 453848 sectors (221 MB) protocol 1.2
[    4.028750]  vdiskd: vdiskd1 vdiskd2 vdiskd3 vdiskd4 vdiskd5 vdiskd6 vdiskd7
[    4.051239] sunvnet: sunvnet 2.0 (February 3, 2017)
[    4.054181] vnet_port vnet-port-0-0 eth0: Sun LDOM vnet 00:14:4f:f8:12:a3
[    4.054432] sunvnet: eth0: PORT ( remote-mac 00:14:4f:fa:f3:f0 switch-port )
[    4.055128] sunvnet: eth0: PORT ( remote-mac 00:14:4f:f8:e5:f3 )
[    4.055817] sunvnet: eth0: PORT ( remote-mac 00:14:4f:f9:b4:97 )
[    4.056496] sunvnet: eth0: PORT ( remote-mac 00:14:4f:f8:3f:1e )
[    4.057168] sunvnet: eth0: PORT ( remote-mac 00:14:4f:f8:fe:47 )
[    4.057842] sunvnet: eth0: PORT ( remote-mac 00:14:4f:fb:b5:00 )
[    4.059574] rtc-sun4v rtc-sun4v: registered as rtc0
[    4.059726] rtc-sun4v rtc-sun4v: setting system clock to 2020-09-10T08:23:21 UTC (1599726201)
[    4.060338] sun4v_wdt: initialized (timeout=60s, nowayout=0)
[    4.060758] device-mapper: uevent: version 1.0.3
[    4.061833] device-mapper: ioctl: 4.42.0-ioctl (2020-02-27) initialised: dm-devel@redhat.com
[    4.062955] NET: Registered protocol family 17
[    4.063432] registered taskstats version 1
[    4.064502] zswap: loaded using pool lzo/zbud
[    4.066183] AppArmor: AppArmor sha1 policy hashing enabled
[    4.071918] This architecture does not have kernel memory protection.
[    4.071990] Run /init as init process
[    4.072027]   with arguments:
[    4.072034]     /init
[    4.072042]   with environment:
[    4.072049]     HOME=/
[    4.072056]     TERM=linux
[    4.072063]     BOOT_IMAGE=/vmlinux-5.9.0-rc2-00221-gc4011283a7d5
[    4.609619] crc32c_sparc64: Using sparc64 crc32c opcode optimized CRC32C implementation
[    4.621762] random: lvm: uninitialized urandom read (4 bytes read)
[    4.683005] random: lvm: uninitialized urandom read (2 bytes read)
[    5.493420] raid6: int64x8  gen()  2111 MB/s
[    5.663420] raid6: int64x8  xor()  1501 MB/s
[    5.833440] raid6: int64x4  gen()  3315 MB/s
[    6.003421] raid6: int64x4  xor()  1447 MB/s
[    6.173428] raid6: int64x2  gen()  2871 MB/s
[    6.343410] raid6: int64x2  xor()  1061 MB/s
[    6.513449] raid6: int64x1  gen()  1384 MB/s
[    6.683429] raid6: int64x1  xor()   709 MB/s
[    6.683485] raid6: using algorithm int64x4 gen() 3315 MB/s
[    6.683531] raid6: .... xor() 1447 MB/s, rmw enabled
[    6.683573] raid6: using intx1 recovery algorithm
[    6.684429] async_tx: api initialized (async)
[    6.684982] xor: automatically using best checksumming function   Niagara   
[    6.800977] random: fast init done
[    7.047541] EXT4-fs (vdiska2): mounted filesystem with ordered data mode. Opts: (null)
[    9.061265] systemd[1]: Inserted module 'autofs4'
[    9.088509] NET: Registered protocol family 10
[    9.096232] Segment Routing with IPv6
[    9.215126] systemd[1]: systemd 246.4-1 running in system mode. (+PAM +AUDIT +SELINUX +IMA +APPARMOR +SMACK +SYSVINIT +UTMP +LIBCRYPTSETUP +GCRYPT +GNUTLS +ACL +XZ +LZ4 +ZSTD -SECCOMP +BLKID +ELFUTILS +KMOD +IDN2 -IDN +PCRE2 default-hierarchy=hybrid)
[    9.215854] systemd[1]: Detected architecture sparc64.
[    9.296082] systemd[1]: Set hostname to <ttip>.
[   10.268443] random: lvmconfig: uninitialized urandom read (4 bytes read)
[   11.755685] systemd[1]: Queued start job for default target Multi-User System.
[   11.756621] random: systemd: uninitialized urandom read (16 bytes read)
[   11.805107] systemd[1]: Created slice system-getty.slice.
[   11.805984] random: systemd: uninitialized urandom read (16 bytes read)
[   11.817183] systemd[1]: Created slice system-modprobe.slice.
[   11.817705] random: systemd: uninitialized urandom read (16 bytes read)
[   11.835245] systemd[1]: Created slice system-openvpn\x2dclient.slice.
[   11.879017] systemd[1]: Created slice system-postfix.slice.
[   11.890425] systemd[1]: Created slice system-systemd\x2dfsck.slice.
[   11.902179] systemd[1]: Created slice User and Session Slice.
[   11.903347] systemd[1]: Started Dispatch Password Requests to Console Directory Watch.
[   11.904355] systemd[1]: Started Forward Password Requests to Wall Directory Watch.
[   11.907531] systemd[1]: Set up automount Arbitrary Executable File Formats File System Automount Point.
[   11.908195] systemd[1]: Reached target Local Encrypted Volumes.
[   11.908754] systemd[1]: Reached target Paths.
[   11.909282] systemd[1]: Reached target Slices.
[   11.910339] systemd[1]: Listening on Device-mapper event daemon FIFOs.
[   11.911531] systemd[1]: Listening on LVM2 poll daemon socket.
[   11.968931] systemd[1]: Listening on RPCbind Server Activation Socket.
[   11.980982] systemd[1]: Listening on Syslog Socket.
[   11.982406] systemd[1]: Listening on fsck to fsckd communication Socket.
[   11.983284] systemd[1]: Listening on initctl Compatibility Named Pipe.
[   11.984752] systemd[1]: Listening on Journal Audit Socket.
[   11.985875] systemd[1]: Listening on Journal Socket (/dev/log).
[   11.987242] systemd[1]: Listening on Journal Socket.
[   11.988602] systemd[1]: Listening on udev Control Socket.
[   11.989648] systemd[1]: Listening on udev Kernel Socket.
[   12.007373] systemd[1]: Mounting Huge Pages File System...
[   12.026422] systemd[1]: Mounting POSIX Message Queue File System...
[   12.108988] systemd[1]: Mounting RPC Pipe File System...
[   12.126963] systemd[1]: Mounting Kernel Debug File System...
[   12.145192] systemd[1]: Mounting Kernel Trace File System...
[   12.146272] systemd[1]: Condition check resulted in Kernel Module supporting RPCSEC_GSS being skipped.
[   12.147883] systemd[1]: Finished Availability of block devices.
[   12.165701] systemd[1]: Starting Wait for network to be configured by ifupdown...
[   12.183966] systemd[1]: Starting Create list of static device nodes for the current kernel...
[   12.201241] systemd[1]: Starting Monitoring of LVM2 mirrors, snapshots etc. using dmeventd or progress polling...
[   12.219290] systemd[1]: Starting Load Kernel Module drm...
[   12.236924] systemd[1]: Starting nftables...
[   12.238740] RPC: Registered named UNIX socket transport module.
[   12.238820] RPC: Registered udp transport module.
[   12.238864] RPC: Registered tcp transport module.
[   12.238908] RPC: Registered tcp NFSv4.1 backchannel transport module.
[   12.250890] systemd[1]: Condition check resulted in Set Up Additional Binary Formats being skipped.
[   12.251252] systemd[1]: Condition check resulted in File System Check on Root Device being skipped.
[   12.278161] systemd[1]: Starting Journal Service...
[   12.301865] systemd[1]: Starting Load Kernel Modules...
[   12.320179] systemd[1]: Starting Remount Root and Kernel File Systems...
[   12.338461] systemd[1]: Starting Coldplug All udev Devices...
[   12.353278] systemd[1]: Mounted Huge Pages File System.
[   12.355654] systemd[1]: Mounted POSIX Message Queue File System.
[   12.357860] systemd[1]: Mounted RPC Pipe File System.
[   12.360020] systemd[1]: Mounted Kernel Debug File System.
[   12.362123] systemd[1]: Mounted Kernel Trace File System.
[   12.371780] systemd[1]: Finished Wait for network to be configured by ifupdown.
[   12.379520] systemd[1]: Finished Create list of static device nodes for the current kernel.
[   12.383246] systemd[1]: modprobe@drm.service: Succeeded.
[   12.388547] systemd[1]: Finished Load Kernel Module drm.
[   12.396378] systemd[1]: Finished Load Kernel Modules.
[   12.399054] systemd[1]: Condition check resulted in FUSE Control File System being skipped.
[   12.399449] systemd[1]: Condition check resulted in Kernel Configuration File System being skipped.
[   12.420448] EXT4-fs (vdiska2): re-mounted. Opts: errors=remount-ro
[   12.521733] systemd[1]: Starting Apply Kernel Variables...
[   12.539999] systemd[1]: Finished Remount Root and Kernel File Systems.
[   12.649871] systemd[1]: Starting Initial Check File System Quotas...
[   12.677755] systemd[1]: Condition check resulted in Rebuild Hardware Database being skipped.
[   12.678059] systemd[1]: Condition check resulted in Platform Persistent Storage Archival being skipped.
[   12.694763] systemd[1]: Starting Load/Save Random Seed...
[   12.714239] systemd[1]: Starting Create System Users...
[   12.716525] systemd[1]: Started Journal Service.
[   14.241800] sha1_sparc64: Using sparc64 sha1 opcode optimized SHA-1 implementation
[   14.529500] n2rng v0.3 (Jan 7, 2017)
[   14.529588] n2rng f029b104: Registered RNG HVAPI major 2 minor 0
[   14.529659] n2rng f029b104: Found multi-unit-capable RNG, units: 2
[   14.530757] n2rng f029b104: RNG ready
[   14.616529] pktcdvd: setup of pktcdvd device failed
[   14.680511] pktcdvd: setup of pktcdvd device failed
[   14.684329] pktcdvd: setup of pktcdvd device failed
[   14.688825] pktcdvd: setup of pktcdvd device failed
[   14.692838] pktcdvd: setup of pktcdvd device failed
[   14.697183] pktcdvd: setup of pktcdvd device failed
[   14.701224] pktcdvd: setup of pktcdvd device failed
[   14.706181] pktcdvd: setup of pktcdvd device failed
[   14.888308] sha256_sparc64: Using sparc64 sha256 opcode optimized SHA-256/SHA-224 implementation
[   14.922130] XFS (dm-0): Mounting V5 Filesystem
[   15.223625] Adding 787176k swap on /dev/vdiska4.  Priority:-2 extents:1 across:787176k FS
[   15.267919] sha512_sparc64: Using sparc64 sha512 opcode optimized SHA-512/SHA-384 implementation
[   15.309420] md5_sparc64: Using sparc64 md5 opcode optimized MD5 implementation
[   15.576207] XFS (dm-0): Ending clean mount
[   15.656486] xfs filesystem being mounted at /1 supports timestamps until 2038 (0x7fffffff)
[   16.209542] EXT4-fs (vdiska1): mounting ext3 file system using the ext4 subsystem
[   16.439957] EXT4-fs (vdiska1): mounted filesystem with ordered data mode. Opts: (null)
[   16.440168] ext3 filesystem being mounted at /boot supports timestamps until 2038 (0x7fffffff)
[   17.494083] random: crng init done
[   17.494217] random: 4 urandom warning(s) missed due to ratelimiting
[   17.543704] Kernel unaligned access at TPC[8d3bfc] aa_dfa_unpack+0x3c/0x640
[   17.543821] Kernel unaligned access at TPC[8d3c10] aa_dfa_unpack+0x50/0x640
[   17.543884] Kernel unaligned access at TPC[8d3cd4] aa_dfa_unpack+0x114/0x640
[   17.543950] Kernel unaligned access at TPC[8d3da4] aa_dfa_unpack+0x1e4/0x640
[   17.544012] Kernel unaligned access at TPC[8d3db8] aa_dfa_unpack+0x1f8/0x640
[   17.554531] audit: type=1400 audit(1599726214.990:2): apparmor="STATUS" operation="profile_load" profile="unconfined" name="nvidia_modprobe" pid=695 comm="apparmor_parser"
[   17.554675] audit: type=1400 audit(1599726214.990:3): apparmor="STATUS" operation="profile_load" profile="unconfined" name="nvidia_modprobe//kmod" pid=695 comm="apparmor_parser"
[   17.563966] audit: type=1400 audit(1599726215.000:4): apparmor="STATUS" operation="profile_load" profile="unconfined" name="/usr/sbin/haveged" pid=693 comm="apparmor_parser"
[   17.581173] audit: type=1400 audit(1599726215.010:5): apparmor="STATUS" operation="profile_load" profile="unconfined" name="lsb_release" pid=699 comm="apparmor_parser"
[   17.614318] audit: type=1400 audit(1599726215.050:6): apparmor="STATUS" operation="profile_load" profile="unconfined" name="/usr/bin/man" pid=696 comm="apparmor_parser"
[   17.614516] audit: type=1400 audit(1599726215.050:7): apparmor="STATUS" operation="profile_load" profile="unconfined" name="man_filter" pid=696 comm="apparmor_parser"
[   17.614691] audit: type=1400 audit(1599726215.050:8): apparmor="STATUS" operation="profile_load" profile="unconfined" name="man_groff" pid=696 comm="apparmor_parser"
[   17.615630] audit: type=1400 audit(1599726215.050:9): apparmor="STATUS" operation="profile_load" profile="unconfined" name="named" pid=698 comm="apparmor_parser"
[   17.618163] audit: type=1400 audit(1599726215.050:10): apparmor="STATUS" operation="profile_load" profile="unconfined" name="tcpdump" pid=697 comm="apparmor_parser"
