[    0.000017] PROMLIB: Sun IEEE Boot Prom 'OBP 4.38.12 2018/03/28 14:54'
[    0.000029] PROMLIB: Root node compatible: sun4v
[    0.000073] Linux version 4.19.0-07715-g345671ea0f92 (mator@ttip) (gcc version 8.2.0 (Debian 8.2.0-8)) #752 SMP Sat Oct 27 12:17:53 MSK 2018
[    0.000381] printk: bootconsole [earlyprom0] enabled
[    0.000433] ARCH: SUN4V
[    0.000482] Ethernet address: 00:14:4f:fa:06:f2
[    0.000535] MM: PAGE_OFFSET is 0xfff8000000000000 (max_phys_bits == 47)
[    0.000600] MM: VMALLOC [0x0000000100000000 --> 0x0006000000000000]
[    0.000662] MM: VMEMMAP [0x0006000000000000 --> 0x000c000000000000]
[    0.012877] Kernel: Using 5 locked TLB entries for main kernel image.
[    0.012945] Remapping the kernel... 
[    0.012969] done.
[    0.042226] OF stdout device is: /virtual-devices@100/console@1
[    0.042289] PROM: Built device tree with 74449 bytes of memory.
[    0.042351] MDESC: Size is 30480 bytes.
[    0.042457] PLATFORM: banner-name [SPARC T5-2]
[    0.042509] PLATFORM: name [ORCL,SPARC-T5-2]
[    0.042555] PLATFORM: hostid [84fa06f2]
[    0.042598] PLATFORM: serial# [0035260e]
[    0.042640] PLATFORM: stick-frequency [3b9aca00]
[    0.042688] PLATFORM: mac-address [144ffa06f2]
[    0.042735] PLATFORM: watchdog-resolution [1000 ms]
[    0.042787] PLATFORM: watchdog-max-timeout [31536000000 ms]
[    0.042844] PLATFORM: max-cpus [1024]
[    0.042933] Top of RAM: 0x24af948000, Total RAM: 0x87f384000
[    0.042995] Memory hole size: 115461MB
[    0.047193] Allocated 40960 bytes for kernel page tables.
[    0.047271] Zone ranges:
[    0.047310]   Normal   [mem 0x0000000030400000-0x00000024af947fff]
[    0.047373] Movable zone start for each node
[    0.047419] Early memory node ranges
[    0.047460]   node   0: [mem 0x0000000030400000-0x000000006febffff]
[    0.047522]   node   0: [mem 0x000000006ff40000-0x000000006ff47fff]
[    0.047584]   node   0: [mem 0x0000000070000000-0x000000042fffffff]
[    0.047646]   node   0: [mem 0x0000002030000000-0x00000024af8b3fff]
[    0.047707]   node   0: [mem 0x00000024af940000-0x00000024af947fff]
[    0.055074] Zeroed struct page in unavailable ranges: 230114 pages
[    0.055082] Initmem setup node 0 [mem 0x0000000030400000-0x00000024af947fff]
[    0.055241] On node 0 totalpages: 4454850
[    0.055250]   Normal zone: 39154 pages used for memmap
[    0.055255]   Normal zone: 0 pages reserved
[    0.055261]   Normal zone: 4454850 pages, LIFO batch:31
[    0.253032] Booting Linux...
[    0.253117] CPU CAPS: [flush,stbar,swap,muldiv,v9,blkinit,n2,mul32]
[    0.253201] CPU CAPS: [div32,v8plus,popc,vis,vis2,ASIBlkInit,fmaf,vis3]
[    0.254280] CPU CAPS: [hpc,ima,pause,cbcond,aes,des,kasumi,camellia]
[    0.254353] CPU CAPS: [md5,sha1,sha256,sha512,mpmul,montmul,montsqr,crc32c]
[    0.305440] percpu: Embedded 20 pages/cpu @(____ptrval____) s122888 r8192 d32760 u262144
[    0.305675] pcpu-alloc: s122888 r8192 d32760 u262144 alloc=1*4194304
[    0.305682] pcpu-alloc: [0] 000 001 002 003 004 005 006 007 008 009 010 011 012 013 014 015 
[    0.305709] pcpu-alloc: [0] 016 017 018 019 020 021 022 023 024 025 026 027 028 029 030 031 
[    0.305735] pcpu-alloc: [0] 032 033 034 035 036 037 038 039 040 041 042 043 044 045 046 047 
[    0.305762] pcpu-alloc: [0] 048 049 050 051 052 053 054 055 056 057 058 059 060 061 062 063 
[    0.305788] pcpu-alloc: [0] 064 065 066 067 068 069 070 071 072 073 074 075 076 077 078 079 
[    0.305815] pcpu-alloc: [0] 080 081 082 083 084 085 086 087 088 089 090 091 092 093 094 095 
[    0.305841] pcpu-alloc: [0] 096 097 098 099 100 101 102 103 104 105 106 107 108 109 110 111 
[    0.305868] pcpu-alloc: [0] 112 113 114 115 116 117 118 119 120 121 122 123 124 125 126 127 
[    0.305894] pcpu-alloc: [0] 128 129 130 131 132 133 134 135 136 137 138 139 140 141 142 143 
[    0.305921] pcpu-alloc: [0] 144 145 146 147 148 149 150 151 152 153 154 155 156 157 158 159 
[    0.305948] pcpu-alloc: [0] 160 161 162 163 164 165 166 167 168 169 170 171 172 173 174 175 
[    0.305974] pcpu-alloc: [0] 176 177 178 179 180 181 182 183 184 185 186 187 188 189 190 191 
[    0.306000] pcpu-alloc: [0] 192 193 194 195 196 197 198 199 200 201 202 203 204 205 206 207 
[    0.306026] pcpu-alloc: [0] 208 209 210 211 212 213 214 215 216 217 218 219 220 221 222 223 
[    0.306052] pcpu-alloc: [0] 224 225 226 227 228 229 230 231 232 233 234 235 236 237 238 239 
[    0.306079] pcpu-alloc: [0] 240 241 242 243 244 245 246 247 248 249 250 251 252 253 254 255 
[    0.306508] SUN4V: Mondo queue sizes [cpu(131072) dev(16384) r(8192) nr(256)]
[    0.306817] Built 1 zonelists, mobility grouping on.  Total pages: 4415696
[    0.306904] Kernel command line: BOOT_IMAGE=/vmlinuz-4.19.0-07715-g345671ea0f92 root=/dev/vdiska2 ro zswap.enabled=1 elevator=deadline
[    0.309258] printk: log_buf_len individual max cpu contribution: 4096 bytes
[    0.309329] printk: log_buf_len total cpu_extra contributions: 1044480 bytes
[    0.309397] printk: log_buf_len min size: 131072 bytes
[    0.309767] printk: log_buf_len: 2097152 bytes
[    0.309818] printk: early log buf free: 125928(96%)
[    0.316135] Dentry cache hash table entries: 8388608 (order: 13, 67108864 bytes)
[    0.319366] Inode-cache hash table entries: 4194304 (order: 12, 33554432 bytes)
[    0.319438] Sorting __ex_table...
[    0.401742] Memory: 35110384K/35638800K available (6161K kernel code, 832K rwdata, 1840K rodata, 888K init, 7652K bss, 528416K reserved, 0K cma-reserved)
[    0.402050] kmemleak: Kernel memory leak detector disabled
[    0.403543] ftrace: allocating 18770 entries in 37 pages
[    0.417061] Running RCU self tests
[    0.417107] rcu: Hierarchical RCU implementation.
[    0.417155] rcu: 	RCU event tracing is enabled.
[    0.417202] rcu: 	RCU lockdep checking is enabled.
[    0.417252] 	Tasks RCU enabled.
[    0.417289] rcu: RCU calculated value of scheduler-enlistment delay is 11 jiffies.
[    0.422441] NR_IRQS: 2048, nr_irqs: 2048, preallocated irqs: 1
[    0.422524] SUN4V: Using IRQ API major 3, cookie only virqs enabled
[    0.426621] clocksource: stick: mask: 0xffffffffffffffff max_cycles: 0x1cd42e4dffb, max_idle_ns: 881590591483 ns
[    0.426754] clocksource: mult[800000] shift[23]
[    0.426803] clockevent: mult[80000000] shift[31]
[    0.430973] Console: colour dummy device 80x25
[    0.431035] printk: console [tty0] enabled
[    0.431109] printk: bootconsole [earlyprom0] disabled
[    0.431191] Lock dependency validator: Copyright (c) 2006 Red Hat, Inc., Ingo Molnar
[    0.431237] ... MAX_LOCKDEP_SUBCLASSES:  8
[    0.431265] ... MAX_LOCK_DEPTH:          48
[    0.431293] ... MAX_LOCKDEP_KEYS:        8191
[    0.431322] ... CLASSHASH_SIZE:          4096
[    0.431351] ... MAX_LOCKDEP_ENTRIES:     16384
[    0.431380] ... MAX_LOCKDEP_CHAINS:      32768
[    0.431409] ... CHAINHASH_SIZE:          16384
[    0.431439]  memory used by lock dependency info: 4959 kB
[    0.431472]  per task-struct memory footprint: 1920 bytes
[    0.431668] kmemleak: Early log buffer exceeded (36609), please increase DEBUG_KMEMLEAK_EARLY_LOG_SIZE
[    0.577019] Calibrating delay using timer specific routine.. 2003.65 BogoMIPS (lpj=10018252)
[    0.577071] pid_max: default: 262144 minimum: 2048
[    0.578201] LSM: Security Framework initializing
[    0.578240] AppArmor: AppArmor disabled by boot time parameter
[    0.578835] Mount-cache hash table entries: 131072 (order: 7, 1048576 bytes)
[    0.578992] Mountpoint-cache hash table entries: 131072 (order: 7, 1048576 bytes)
[    0.583723] rcu: Hierarchical SRCU implementation.
[    0.606150] smp: Bringing up secondary CPUs ...
[    0.666611] smp: Brought up 1 node, 24 CPUs
[    0.670689] devtmpfs: initialized
[    0.676217] Performance events: 
[    0.676250] Testing NMI watchdog ... 
[    0.876346] OK.
[    0.876477] Supported PMU type is 'niagara5'
[    0.876778] random: get_random_u32 called from bucket_table_alloc.isra.4+0x140/0x1c0 with crng_init=0
[    0.877547] ldc.c:v1.1 (July 22, 2008)
[    0.880315] clocksource: jiffies: mask: 0xffffffff max_cycles: 0xffffffff, max_idle_ns: 19112604462750000 ns
[    0.880397] futex hash table entries: 65536 (order: 10, 8388608 bytes)
[    0.890331] NET: Registered protocol family 16
[    0.899464] VIO: Adding device channel-devices (tx_ino = ffffffffffffffff, rx_ino = ffffffffffffffff)
[    0.899687] VIO: Adding device vnet-port-0-0 (tx_ino = 0, rx_ino = 1)
[    0.899911] VIO: Adding device vnet-port-0-1 (tx_ino = 2, rx_ino = 3)
[    0.900097] VIO: Adding device vnet-port-0-2 (tx_ino = 4, rx_ino = 5)
[    0.900289] VIO: Adding device vnet-port-0-3 (tx_ino = 6, rx_ino = 7)
[    0.900482] VIO: Adding device vdc-port-3-0 (tx_ino = 8, rx_ino = 9)
[    0.900667] VIO: Adding device vdc-port-2-0 (tx_ino = a, rx_ino = b)
[    0.900850] VIO: Adding device vdc-port-1-0 (tx_ino = c, rx_ino = d)
[    0.901045] VIO: Adding device vdc-port-0-0 (tx_ino = e, rx_ino = f)
[    0.901233] VIO: Adding device vlds-port-0-0 (tx_ino = 10, rx_ino = 11)
[    0.901427] VIO: Adding device domain-services-port-0 (tx_ino = 10, rx_ino = 11)
[    0.901802] audit: initializing netlink subsys (disabled)
[    0.902123] audit: type=2000 audit(0.470:1): state=initialized audit_enabled=0 res=1
[    0.947414] HugeTLB registered 64.0 KiB page size, pre-allocated 0 pages
[    0.947460] HugeTLB registered 8.00 MiB page size, pre-allocated 0 pages
[    0.947504] HugeTLB registered 256 MiB page size, pre-allocated 0 pages
[    0.947546] HugeTLB registered 2.00 GiB page size, pre-allocated 0 pages
[    0.959783] SUN4V: Reboot data supported (maj=1,min=0).
[    0.960188] ds.c:v1.0 (Jul 11, 2007)
[    0.960594] ds-0: ds_conn_reset() from send_events.isra.3
[    0.962055] clocksource: Switched to clocksource stick
[    1.139517] VFS: Disk quotas dquot_6.6.0
[    1.140014] VFS: Dquot-cache hash table entries: 1024 (order 0, 8192 bytes)
[    1.159633] NET: Registered protocol family 2
[    1.164787] tcp_listen_portaddr_hash hash table entries: 32768 (order: 8, 2359296 bytes)
[    1.168068] TCP established hash table entries: 524288 (order: 9, 4194304 bytes)
[    1.170088] TCP bind hash table entries: 65536 (order: 9, 4194304 bytes)
[    1.176400] TCP: Hash tables configured (established 524288 bind 65536)
[    1.182925] UDP hash table entries: 32768 (order: 9, 5242880 bytes)
[    1.190377] UDP-Lite hash table entries: 32768 (order: 9, 5242880 bytes)
[    1.204561] NET: Registered protocol family 1
[    1.205286] Unpacking initramfs...
[    1.644289] Freeing initrd memory: 17000K
[    1.687833] workingset: timestamp_bits=45 max_order=23 bucket_order=0
[    1.689204] zbud: loaded
[    1.839263] Block layer SCSI generic (bsg) driver version 0.4 loaded (major 252)
[    1.840971] io scheduler noop registered
[    1.841005] io scheduler deadline registered (default)
[    1.841713] io scheduler cfq registered
[    1.841745] io scheduler mq-deadline registered (default)
[    1.841782] io scheduler kyber registered
[    1.845253] f029b788: ttyS0 at I/O 0x0 (irq = 1, base_baud = 115200) is a SUN4V HCONS
[    1.850701] printk: console [ttyHV0] enabled
[    1.854178] sunvdc.c:v1.2 (November 24, 2014)
[    1.859082] sunvdc: Virtual CDROM vdiskd
[    1.859135] sunvdc: vdiskd: 403160 sectors (196 MB) protocol 1.2
[    1.860261]  vdiskd: vdiskd1 vdiskd2 vdiskd3 vdiskd4 vdiskd5 vdiskd6 vdiskd7
[    1.870839] sunvdc: Virtual Hard disk vdiskc
[    1.870880] sunvdc: vdiskc: 104857600 sectors (51200 MB) protocol 1.2
[    1.877698] sunvdc: Virtual Hard disk vdiskb
[    1.877735] sunvdc: vdiskb: 62914560 sectors (30720 MB) protocol 1.2
[    1.879114]  vdiskb: vdiskb1
[    1.885790] sunvdc: Virtual Hard disk vdiska
[    1.885826] sunvdc: vdiska: 31457280 sectors (15360 MB) protocol 1.2
[    1.886515]  vdiska: vdiska1 vdiska2 vdiska3 vdiska4
[    1.889604] sunvnet: sunvnet 2.0 (February 3, 2017)
[    1.893113] vnet_port vnet-port-0-0 eth0: Sun LDOM vnet 00:14:4f:f8:12:a3
[    1.893662] sunvnet: eth0: PORT ( remote-mac 00:14:4f:fa:f3:f0 switch-port )
[    1.894965] sunvnet: eth0: PORT ( remote-mac 00:14:4f:f8:e5:f3 )
[    1.896239] sunvnet: eth0: PORT ( remote-mac 00:14:4f:f9:b4:97 )
[    1.897521] sunvnet: eth0: PORT ( remote-mac 00:14:4f:f9:8b:83 )
[    1.898495] mousedev: PS/2 mouse device common for all mice
[    1.899649] rtc-sun4v rtc-sun4v: rtc core: registered sun4v as rtc0
[    1.900781] device-mapper: uevent: version 1.0.3
[    1.901871] device-mapper: ioctl: 4.39.0-ioctl (2018-04-03) initialised: dm-devel@redhat.com
[    1.903458] NET: Registered protocol family 17
[    1.904654] registered taskstats version 1
[    1.907601] zswap: loaded using pool lzo/zbud
[    1.936344] Key type big_key registered
[    1.937235] rtc-sun4v rtc-sun4v: setting system clock to 2018-10-27 09:39:00 UTC (1540633140)
[    1.941690] This architecture does not have kernel memory protection.
[    1.941735] Run /init as init process
[    2.826209] crc32c_sparc64: Using sparc64 crc32c opcode optimized CRC32C implementation
[    3.282037] raid6: int64x1  gen()  2785 MB/s
[    3.452015] raid6: int64x1  xor()  1655 MB/s
[    3.622010] raid6: int64x2  gen()  2880 MB/s
[    3.792021] raid6: int64x2  xor()  1999 MB/s
[    3.962041] raid6: int64x4  gen()  3467 MB/s
[    4.132014] raid6: int64x4  xor()  1988 MB/s
[    4.302031] raid6: int64x8  gen()  2176 MB/s
[    4.472011] raid6: int64x8  xor()  1566 MB/s
[    4.472054] raid6: using algorithm int64x4 gen() 3467 MB/s
[    4.472099] raid6: .... xor() 1988 MB/s, rmw enabled
[    4.472135] raid6: using intx1 recovery algorithm
[    4.473372] async_tx: api initialized (async)
[    4.474195] xor: automatically using best checksumming function   Niagara   
[    4.682996] random: fast init done
[    4.692752] EXT4-fs (vdiska2): mounted filesystem with ordered data mode. Opts: (null)
[    4.984499] NET: Registered protocol family 10
[    4.996671] Segment Routing with IPv6
[    5.026513] systemd[1]: systemd 239 running in system mode. (+PAM +AUDIT +SELINUX +IMA +APPARMOR +SMACK +SYSVINIT +UTMP +LIBCRYPTSETUP +GCRYPT +GNUTLS +ACL +XZ +LZ4 -SECCOMP +BLKID +ELFUTILS +KMOD -IDN2 +IDN -PCRE2 default-hierarchy=hybrid)
[    5.027089] systemd[1]: Detected architecture sparc64.
[    5.047234] systemd[1]: Set hostname to <ttip>.
[    5.434992] random: systemd: uninitialized urandom read (16 bytes read)
[    5.437226] systemd[1]: Listening on LVM2 metadata daemon socket.
[    5.438118] random: systemd: uninitialized urandom read (16 bytes read)
[    5.449620] systemd[1]: Created slice system-postfix.slice.
[    5.450084] random: systemd: uninitialized urandom read (16 bytes read)
[    5.454293] systemd[1]: Created slice system-systemd\x2dfsck.slice.
[    5.458854] systemd[1]: Created slice system-openvpn\x2dclient.slice.
[    5.460498] systemd[1]: Listening on Journal Socket.
[    5.474009] systemd[1]: Starting Wait for network to be configured by ifupdown...
[    5.487188] systemd[1]: Starting Load Kernel Modules...
[    5.616986] EXT4-fs (vdiska2): re-mounted. Opts: errors=remount-ro
[    5.880696] systemd-journald[413]: Received request to flush runtime journal from PID 1
[    6.653582] sha1_sparc64: Using sparc64 sha1 opcode optimized SHA-1 implementation
[    6.656571] random: crng init done
[    6.656837] random: 7 urandom warning(s) missed due to ratelimiting
[    6.658852] n2rng v0.3 (Jan 7, 2017)
[    6.658951] n2rng f029b104: Registered RNG HVAPI major 2 minor 0
[    6.659046] n2rng f029b104: Found multi-unit-capable RNG, units: 2
[    6.660729] n2rng f029b104: RNG ready
[    6.686145] sha256_sparc64: Using sparc64 sha256 opcode optimized SHA-256/SHA-224 implementation
[    6.707522] sha512_sparc64: Using sparc64 sha512 opcode optimized SHA-512/SHA-384 implementation
[    6.710662] md5_sparc64: Using sparc64 md5 opcode optimized MD5 implementation
[    6.721152] aes_sparc64: Using sparc64 aes opcodes optimized AES implementation
[    6.787564] des_sparc64: Using sparc64 des opcodes optimized DES implementation
[    6.793755] Btrfs loaded, crc32c=crc32c-sparc64, debug=on, assert=on
[    6.796269] BTRFS: device fsid 03ee75b3-c6e9-457b-a97d-c1dd4acd7044 devid 1 transid 11186 /dev/vdiskb1
[    6.847013] camellia_sparc64: Using sparc64 camellia opcodes optimized CAMELLIA implementation
[    8.074984] SGI XFS with ACLs, security attributes, debug enabled
[    8.108948] XFS (dm-0): Mounting V5 Filesystem
[    8.169457] XFS (dm-0): Ending clean mount
[    9.830408] Adding 787176k swap on /dev/vdiska4.  Priority:-2 extents:1 across:787176k FS
[    9.918734] EXT4-fs (vdiska1): mounting ext3 file system using the ext4 subsystem
[    9.931335] EXT4-fs (vdiska1): mounted filesystem with ordered data mode. Opts: (null)
