[    0.000016] PROMLIB: Sun IEEE Boot Prom 'OBP 4.38.17 2019/01/25 08:22'
[    0.000038] PROMLIB: Root node compatible: sun4v
[    0.000097] Linux version 5.13.0-11788-g79160a603bdb-dirty (mator@ttip) (gcc (Debian 10.2.1-6) 10.2.1 20210110, GNU ld (GNU Binutils for Debian) 2.35.2) #258 SMP Tue Jul 6 13:59:21 MSK 2021
[    0.000575] printk: bootconsole [earlyprom0] enabled
[    0.000656] ARCH: SUN4V
[    0.000725] Ethernet address: 00:14:4f:fa:06:f2
[    0.000806] MM: PAGE_OFFSET is 0xfff8000000000000 (max_phys_bits == 47)
[    0.000906] MM: VMALLOC [0x0000000100000000 --> 0x0006000000000000]
[    0.001000] MM: VMEMMAP [0x0006000000000000 --> 0x000c000000000000]
[    0.022343] Kernel: Using 5 locked TLB entries for main kernel image.
[    0.022469] Remapping the kernel... 
[    0.022513] done.
[    0.179274] OF stdout device is: /virtual-devices@100/console@1
[    0.179712] PROM: Built device tree with 79473 bytes of memory.
[    0.180115] MDESC: Size is 29712 bytes.
[    0.180681] PLATFORM: banner-name [SPARC T5-2]
[    0.180938] PLATFORM: name [ORCL,SPARC-T5-2]
[    0.181165] PLATFORM: hostid [84fa06f2]
[    0.181375] PLATFORM: serial# [0035260e]
[    0.181575] PLATFORM: stick-frequency [3b9aca00]
[    0.181790] PLATFORM: mac-address [144ffa06f2]
[    0.181997] PLATFORM: watchdog-resolution [1000 ms]
[    0.182216] PLATFORM: watchdog-max-timeout [31536000000 ms]
[    0.182443] PLATFORM: max-cpus [1024]
[    0.182745] Top of RAM: 0x22f948000, Total RAM: 0x1ff382000
[    0.182968] Memory hole size: 773MB
[    0.191037] Allocated 24576 bytes for kernel page tables.
[    0.191482] Zone ranges:
[    0.191732]   Normal   [mem 0x0000000030400000-0x000000022f947fff]
[    0.192126] Movable zone start for each node
[    0.192382] Early memory node ranges
[    0.192594]   node   0: [mem 0x0000000030400000-0x000000006febffff]
[    0.192916]   node   0: [mem 0x000000006ff40000-0x000000006ff47fff]
[    0.193227]   node   0: [mem 0x0000000070000000-0x000000022f8b1fff]
[    0.193505]   node   0: [mem 0x000000022f940000-0x000000022f947fff]
[    0.193783] Initmem setup node 0 [mem 0x0000000030400000-0x000000022f947fff]
[    0.212489] On node 0, zone Normal: 98816 pages in unavailable ranges
[    0.212556] On node 0, zone Normal: 64 pages in unavailable ranges
[    0.216125] On node 0, zone Normal: 92 pages in unavailable ranges
[    0.216579] On node 0, zone Normal: 71 pages in unavailable ranges
[    0.219785] On node 0, zone Normal: 33628 pages in unavailable ranges
[    0.220219] Booting Linux...
[    0.220805] CPU CAPS: [flush,stbar,swap,muldiv,v9,blkinit,n2,mul32]
[    0.221311] CPU CAPS: [div32,v8plus,popc,vis,vis2,ASIBlkInit,fmaf,vis3]
[    0.221847] CPU CAPS: [hpc,ima,pause,cbcond,aes,des,kasumi,camellia]
[    0.222360] CPU CAPS: [md5,sha1,sha256,sha512,mpmul,montmul,montsqr,crc32c]
[    0.447446] percpu: Embedded 20 pages/cpu s120912 r8192 d34736 u262144
[    0.448989] pcpu-alloc: s120912 r8192 d34736 u262144 alloc=1*4194304
[    0.449052] pcpu-alloc: [0] 000 001 002 003 004 005 006 007 008 009 010 011 012 013 014 015 
[    0.449473] pcpu-alloc: [0] 016 017 018 019 020 021 022 023 024 025 026 027 028 029 030 031 
[    0.449893] pcpu-alloc: [0] 032 033 034 035 036 037 038 039 040 041 042 043 044 045 046 047 
[    0.450310] pcpu-alloc: [0] 048 049 050 051 052 053 054 055 056 057 058 059 060 061 062 063 
[    0.450727] pcpu-alloc: [0] 064 065 066 067 068 069 070 071 072 073 074 075 076 077 078 079 
[    0.451142] pcpu-alloc: [0] 080 081 082 083 084 085 086 087 088 089 090 091 092 093 094 095 
[    0.451557] pcpu-alloc: [0] 096 097 098 099 100 101 102 103 104 105 106 107 108 109 110 111 
[    0.451974] pcpu-alloc: [0] 112 113 114 115 116 117 118 119 120 121 122 123 124 125 126 127 
[    0.452389] pcpu-alloc: [0] 128 129 130 131 132 133 134 135 136 137 138 139 140 141 142 143 
[    0.452806] pcpu-alloc: [0] 144 145 146 147 148 149 150 151 152 153 154 155 156 157 158 159 
[    0.453222] pcpu-alloc: [0] 160 161 162 163 164 165 166 167 168 169 170 171 172 173 174 175 
[    0.453638] pcpu-alloc: [0] 176 177 178 179 180 181 182 183 184 185 186 187 188 189 190 191 
[    0.454053] pcpu-alloc: [0] 192 193 194 195 196 197 198 199 200 201 202 203 204 205 206 207 
[    0.454469] pcpu-alloc: [0] 208 209 210 211 212 213 214 215 216 217 218 219 220 221 222 223 
[    0.454884] pcpu-alloc: [0] 224 225 226 227 228 229 230 231 232 233 234 235 236 237 238 239 
[    0.455300] pcpu-alloc: [0] 240 241 242 243 244 245 246 247 248 249 250 251 252 253 254 255 
[    0.458708] SUN4V: Mondo queue sizes [cpu(131072) dev(16384) r(8192) nr(256)]
[    0.460703] Built 1 zonelists, mobility grouping on.  Total pages: 1037773
[    0.461181] Kernel command line: BOOT_IMAGE=/vmlinux-5.13.0-11788-g79160a603bdb-dirty root=/dev/vdiska2 ro
[    0.461958] Unknown command line parameters: BOOT_IMAGE=/vmlinux-5.13.0-11788-g79160a603bdb-dirty
[    0.463251] printk: log_buf_len individual max cpu contribution: 4096 bytes
[    0.463524] printk: log_buf_len total cpu_extra contributions: 1044480 bytes
[    0.463783] printk: log_buf_len min size: 131072 bytes
[    0.467599] printk: log_buf_len: 2097152 bytes
[    0.467720] printk: early log buf free: 126384(96%)
[    0.469170] Dentry cache hash table entries: 1048576 (order: 10, 8388608 bytes, linear)
[    0.470008] Inode-cache hash table entries: 524288 (order: 9, 4194304 bytes, linear)
[    0.470161] Sorting __ex_table...
[    0.470662] mem auto-init: stack:off, heap alloc:off, heap free:off
[    0.475339] Memory: 1260640K/8375816K available (8827K kernel code, 1708K rwdata, 2928K rodata, 632K init, 3135K bss, 205888K reserved, 0K cma-reserved)
[    0.475579] random: get_random_u64 called from kmem_cache_open+0x1c/0x340 with crng_init=0
[    0.477660] SLUB: HWalign=32, Order=0-3, MinObjects=0, CPUs=256, Nodes=1
[    0.478304] ftrace: allocating 27537 entries in 54 pages
[    0.493096] ftrace: allocated 54 pages with 4 groups
[    0.493435] trace event string verifier disabled
[    0.499123] rcu: Hierarchical RCU implementation.
[    0.499203] rcu: 	RCU debug extended QS entry/exit.
[    0.499279] 	Rude variant of Tasks RCU enabled.
[    0.499349] 	Tracing variant of Tasks RCU enabled.
[    0.499422] rcu: RCU calculated value of scheduler-enlistment delay is 26 jiffies.
[    0.514213] NR_IRQS: 2048, nr_irqs: 2048, preallocated irqs: 1
[    0.514714] SUN4V: Using IRQ API major 3, cookie only virqs enabled
[    0.538413] clocksource: stick: mask: 0xffffffffffffffff max_cycles: 0x1cd42e4dffb, max_idle_ns: 881590591483 ns
[    0.539138] clocksource: mult[800000] shift[23]
[    0.539435] clockevent: mult[80000000] shift[31]
[    0.542337] Console: colour dummy device 80x25
[    0.542696] printk: console [tty0] enabled
[    0.543117] printk: bootconsole [earlyprom0] disabled
[    0.543512] Lock dependency validator: Copyright (c) 2006 Red Hat, Inc., Ingo Molnar
[    0.543670] ... MAX_LOCKDEP_SUBCLASSES:  8
[    0.543768] ... MAX_LOCK_DEPTH:          48
[    0.543956] ... MAX_LOCKDEP_KEYS:        8192
[    0.544052] ... CLASSHASH_SIZE:          4096
[    0.544155] ... MAX_LOCKDEP_ENTRIES:     16384
[    0.544257] ... MAX_LOCKDEP_CHAINS:      32768
[    0.544359] ... CHAINHASH_SIZE:          16384
[    0.544461]  memory used by lock dependency info: 2603 kB
[    0.544579]  per task-struct memory footprint: 1920 bytes
[    0.624376] Calibrating delay using timer specific routine.. 2016.64 BogoMIPS (lpj=4033289)
[    0.624606] pid_max: default: 262144 minimum: 2048
[    0.626436] LSM: Security Framework initializing
[    0.627204] Mount-cache hash table entries: 16384 (order: 4, 131072 bytes, linear)
[    0.627406] Mountpoint-cache hash table entries: 16384 (order: 4, 131072 bytes, linear)
[    0.635371] rcu: Hierarchical SRCU implementation.
[    0.676649] smp: Bringing up secondary CPUs ...
[    0.778351] smp: Brought up 1 node, 24 CPUs
[    0.888922] node 0 deferred pages initialised in 104ms
[    0.891735] devtmpfs: initialized
[    0.906928] Performance events: 
[    0.907053] Testing NMI watchdog ... 
[    0.987441] OK.
[    0.987703] Supported PMU type is 'niagara5'
[    0.993676] ldc.c:v1.1 (July 22, 2008)
[    0.997998] clocksource: jiffies: mask: 0xffffffff max_cycles: 0xffffffff, max_idle_ns: 7645041785100000 ns
[    0.998290] futex hash table entries: 65536 (order: 10, 8388608 bytes, linear)
[    1.049996] NET: Registered PF_NETLINK/PF_ROUTE protocol family
[    1.068584] VIO: Adding device channel-devices (tx_ino = ffffffffffffffff, rx_ino = ffffffffffffffff)
[    1.069196] VIO: Adding device vnet-port-0-0 (tx_ino = 0, rx_ino = 1)
[    1.069706] VIO: Adding device vnet-port-0-1 (tx_ino = 2, rx_ino = 3)
[    1.070143] VIO: Adding device vnet-port-0-2 (tx_ino = 4, rx_ino = 5)
[    1.070571] VIO: Adding device vnet-port-0-3 (tx_ino = 6, rx_ino = 7)
[    1.071069] VIO: Adding device vnet-port-0-4 (tx_ino = 8, rx_ino = 9)
[    1.071500] VIO: Adding device vdc-port-2-0 (tx_ino = a, rx_ino = b)
[    1.071924] VIO: Adding device vdc-port-1-0 (tx_ino = c, rx_ino = d)
[    1.072344] VIO: Adding device vdc-port-0-0 (tx_ino = e, rx_ino = f)
[    1.072907] VIO: Adding device vlds-port-0-0 (tx_ino = 10, rx_ino = 11)
[    1.073359] VIO: Adding device domain-services-port-0 (tx_ino = 10, rx_ino = 11)
[    1.074489] audit: initializing netlink subsys (disabled)
[    1.075405] audit: type=2000 audit(0.448:1): state=initialized audit_enabled=0 res=1
[    1.157047] HugeTLB registered 64.0 KiB page size, pre-allocated 0 pages
[    1.157183] HugeTLB registered 8.00 MiB page size, pre-allocated 0 pages
[    1.157300] HugeTLB registered 256 MiB page size, pre-allocated 0 pages
[    1.157478] HugeTLB registered 2.00 GiB page size, pre-allocated 0 pages
[    3.353211] SUN4V: Reboot data supported (maj=1,min=0).
[    3.354578] ds.c:v1.0 (Jul 11, 2007)
[    3.355879] ds-0: ds_conn_reset() from send_events
[    3.358973] clocksource: Switched to clocksource stick
[    3.628380] VFS: Disk quotas dquot_6.6.0
[    3.628616] VFS: Dquot-cache hash table entries: 1024 (order 0, 8192 bytes)
[    3.638129] NET: Registered PF_INET protocol family
[    3.638481] IP idents hash table entries: 131072 (order: 7, 1048576 bytes, linear)
[    3.644967] tcp_listen_portaddr_hash hash table entries: 4096 (order: 5, 327680 bytes, linear)
[    3.646060] TCP established hash table entries: 65536 (order: 6, 524288 bytes, linear)
[    3.647378] TCP bind hash table entries: 65536 (order: 9, 4718592 bytes, linear)
[    3.663960] TCP: Hash tables configured (established 65536 bind 65536)
[    3.669849] UDP hash table entries: 4096 (order: 6, 655360 bytes, linear)
[    3.678483] UDP-Lite hash table entries: 4096 (order: 6, 655360 bytes, linear)
[    3.699894] NET: Registered PF_UNIX/PF_LOCAL protocol family
[    3.700218] NET: Registered PF_XDP protocol family
[    3.702284] Trying to unpack rootfs image as initramfs...
[    3.811564] Initialise system trusted keyrings
[    3.812684] workingset: timestamp_bits=46 max_order=20 bucket_order=0
[    3.878735] zbud: loaded
[    3.893006] SGI XFS with ACLs, security attributes, realtime, quota, no debug enabled
[    3.911296] Key type asymmetric registered
[    3.911483] Asymmetric key parser 'x509' registered
[    3.911776] Block layer SCSI generic (bsg) driver version 0.4 loaded (major 252)
[    3.915025] io scheduler mq-deadline registered
[    3.921195] f029b788: ttyHV0 at I/O 0x0 (irq = 1, base_baud = 115200) is a SUN4V HCONS
[    3.924015] printk: console [ttyHV0] enabled
[    3.926276] n2rng v0.3 (Jan 7, 2017)
[    3.926376] n2rng f029b104: Registered RNG HVAPI major 2 minor 0
[    3.926464] n2rng f029b104: Found multi-unit-capable RNG, units: 2
[    3.929558] n2rng f029b104: RNG ready
[    3.931082] sunvdc.c:v1.2 (November 24, 2014)
[    3.935714] sunvdc: Virtual Hard disk vdiskc
[    3.935791] sunvdc: vdiskc: 104857600 sectors (51200 MB) protocol 1.2
[    3.967925] sunvdc: Virtual Hard disk vdiskb
[    3.967972] sunvdc: vdiskb: 62914560 sectors (30720 MB) protocol 1.2
[    3.969187]  vdiskb: vdiskb1
[    3.997368] sunvdc: Virtual Hard disk vdiska
[    3.997419] sunvdc: vdiska: 31457280 sectors (15360 MB) protocol 1.2
[    3.998348]  vdiska: vdiska1 vdiska2 vdiska3 vdiska4
[    4.026452] rtc-sun4v rtc-sun4v: registered as rtc0
[    4.026557] rtc-sun4v rtc-sun4v: setting system clock to 2021-07-06T11:07:30 UTC (1625569650)
[    4.026987] rtc-test rtc-test.0: registered as rtc1
[    4.052657] rtc rtc2: invalid alarm value: 18446744073704833233-01-12T00:44:43
[    4.054060] rtc-test rtc-test.1: registered as rtc2
[    4.104592] rtc rtc3: invalid alarm value: 18446744073704833233-01-12T00:44:43
[    4.105562] rtc-test rtc-test.2: registered as rtc3
[    4.107320] softdog: initialized. soft_noboot=0 soft_margin=60 sec soft_panic=0 (nowayout=0)
[    4.107559] softdog:              soft_reboot_cmd=<not set> soft_active_on_boot=0
[    4.114131] NET: Registered PF_INET6 protocol family
[    4.263938] Freeing initrd memory: 27440K
[    4.285078] Segment Routing with IPv6
[    4.285192] mip6: Mobile IPv6
[    4.285222] NET: Registered PF_PACKET protocol family
[    4.292176] registered taskstats version 1
[    4.292238] Loading compiled-in X.509 certificates
[    4.297733] zswap: loaded using pool lzo/zbud
[    4.304224] This architecture does not have kernel memory protection.
[    4.304287] Run /init as init process
[    4.304319]   with arguments:
[    4.304327]     /init
[    4.304335]   with environment:
[    4.304342]     HOME=/
[    4.304349]     TERM=linux
[    4.304356]     BOOT_IMAGE=/vmlinux-5.13.0-11788-g79160a603bdb-dirty
[    5.459287] sunvnet_common: module verification failed: signature and/or required key missing - tainting kernel
[    5.464504] sunvnet: sunvnet 2.0 (February 3, 2017)
[    5.467648] vnet_port vnet-port-0-0 eth0: Sun LDOM vnet 00:14:4f:f8:12:a3
[    5.467965] sunvnet: eth0: PORT ( remote-mac 00:14:4f:fa:f3:f0 switch-port )
[    5.468502] sunvnet: eth0: PORT ( remote-mac 00:14:4f:f8:e5:f3 )
[    5.468876] sunvnet: eth0: PORT ( remote-mac 00:14:4f:f8:3f:1e )
[    5.469322] sunvnet: eth0: PORT ( remote-mac 00:14:4f:f9:b4:97 )
[    5.469710] sunvnet: eth0: PORT ( remote-mac 00:14:4f:f9:8b:83 )
[    5.485770] random: lvm: uninitialized urandom read (4 bytes read)
[    5.486141] crc32c_sparc64: Using sparc64 crc32c opcode optimized CRC32C implementation
[    5.514588] device-mapper: uevent: version 1.0.3
[    5.515001] device-mapper: ioctl: 4.45.0-ioctl (2021-03-22) initialised: dm-devel@redhat.com
[    5.519584] random: lvm: uninitialized urandom read (2 bytes read)
[    6.144389] xor: automatically using best checksumming function   Niagara   
[    6.214717] raid6: int64x8  gen()   512 MB/s
[    6.282759] raid6: int64x8  xor()  1058 MB/s
[    6.350705] raid6: int64x4  gen()   743 MB/s
[    6.418719] raid6: int64x4  xor()   321 MB/s
[    6.486720] raid6: int64x2  gen()  1155 MB/s
[    6.554675] raid6: int64x2  xor()   709 MB/s
[    6.622690] raid6: int64x1  gen()  1405 MB/s
[    6.690690] raid6: int64x1  xor()   539 MB/s
[    6.690730] raid6: using algorithm int64x1 gen() 1405 MB/s
[    6.690753] raid6: .... xor() 539 MB/s, rmw enabled
[    6.690774] raid6: using intx1 recovery algorithm
[    6.772097] random: fast init done
[    6.870166] EXT4-fs (vdiska2): mounted filesystem with ordered data mode. Opts: (null). Quota mode: none.
[    8.666327] systemd[1]: Inserted module 'autofs4'
[    8.851452] systemd[1]: systemd 247.3-5 running in system mode. (+PAM +AUDIT +SELINUX +IMA +APPARMOR +SMACK +SYSVINIT +UTMP +LIBCRYPTSETUP +GCRYPT +GNUTLS +ACL +XZ +LZ4 +ZSTD -SECCOMP +BLKID +ELFUTILS +KMOD +IDN2 -IDN +PCRE2 default-hierarchy=unified)
[    8.852045] systemd[1]: Detected architecture sparc64.
[    8.876321] systemd[1]: Set hostname to <ttip>.
[   10.056385] random: lvmconfig: uninitialized urandom read (4 bytes read)
[   11.935361] systemd[1]: Queued start job for default target Multi-User System.
[   11.936558] random: systemd: uninitialized urandom read (16 bytes read)
[   11.951957] systemd[1]: Created slice system-getty.slice.
[   11.952702] random: systemd: uninitialized urandom read (16 bytes read)
[   11.960203] systemd[1]: Created slice system-modprobe.slice.
[   11.960786] random: systemd: uninitialized urandom read (16 bytes read)
[   11.979803] systemd[1]: Created slice system-openvpn\x2dclient.slice.
[   11.988127] systemd[1]: Created slice system-postfix.slice.
[   11.994399] systemd[1]: Created slice system-systemd\x2dfsck.slice.
[   12.000576] systemd[1]: Created slice User and Session Slice.
[   12.001456] systemd[1]: Started Dispatch Password Requests to Console Directory Watch.
[   12.002180] systemd[1]: Started Forward Password Requests to Wall Directory Watch.
[   12.004614] systemd[1]: Set up automount Arbitrary Executable File Formats File System Automount Point.
[   12.005124] systemd[1]: Reached target Local Encrypted Volumes.
[   12.005589] systemd[1]: Reached target Paths.
[   12.005964] systemd[1]: Reached target Slices.
[   12.006812] systemd[1]: Listening on Device-mapper event daemon FIFOs.
[   12.007701] systemd[1]: Listening on LVM2 poll daemon socket.
[   12.036481] systemd[1]: Listening on RPCbind Server Activation Socket.
[   12.044300] systemd[1]: Listening on Syslog Socket.
[   12.046080] systemd[1]: Listening on fsck to fsckd communication Socket.
[   12.047527] systemd[1]: Listening on initctl Compatibility Named Pipe.
[   12.049129] systemd[1]: Listening on Journal Audit Socket.
[   12.050206] systemd[1]: Listening on Journal Socket (/dev/log).
[   12.051507] systemd[1]: Listening on Journal Socket.
[   12.052694] systemd[1]: Listening on udev Control Socket.
[   12.053519] systemd[1]: Listening on udev Kernel Socket.
[   12.063177] systemd[1]: Mounting Huge Pages File System...
[   12.074625] systemd[1]: Mounting POSIX Message Queue File System...
[   12.083998] systemd[1]: Mounting RPC Pipe File System...
[   12.093750] systemd[1]: Mounting Kernel Debug File System...
[   12.103752] systemd[1]: Mounting Kernel Trace File System...
[   12.104611] systemd[1]: Condition check resulted in Kernel Module supporting RPCSEC_GSS being skipped.
[   12.105383] systemd[1]: Finished Availability of block devices.
[   12.117128] systemd[1]: Starting Wait for network to be configured by ifupdown...
[   12.128400] systemd[1]: Starting Create list of static device nodes for the current kernel...
[   12.139920] systemd[1]: Starting Monitoring of LVM2 mirrors, snapshots etc. using dmeventd or progress polling...
[   12.150717] systemd[1]: Starting Load Kernel Module configfs...
[   12.162260] systemd[1]: Starting Load Kernel Module drm...
[   12.165505] RPC: Registered named UNIX socket transport module.
[   12.165547] RPC: Registered udp transport module.
[   12.165574] RPC: Registered tcp transport module.
[   12.165601] RPC: Registered tcp NFSv4.1 backchannel transport module.
[   12.177282] systemd[1]: Starting Load Kernel Module fuse...
[   12.187399] systemd[1]: Starting nftables...
[   12.203721] systemd[1]: Condition check resulted in Set Up Additional Binary Formats being skipped.
[   12.204082] systemd[1]: Condition check resulted in File System Check on Root Device being skipped.
[   12.207566] fuse: init (API version 7.33)
[   12.232321] systemd[1]: Starting Journal Service...
[   12.297872] systemd[1]: Starting Load Kernel Modules...
[   12.307549] systemd[1]: Starting Remount Root and Kernel File Systems...
[   12.317141] systemd[1]: Starting Coldplug All udev Devices...
[   12.330083] systemd[1]: Mounted Huge Pages File System.
[   12.331243] systemd[1]: Mounted POSIX Message Queue File System.
[   12.332207] systemd[1]: Mounted RPC Pipe File System.
[   12.333159] systemd[1]: Mounted Kernel Debug File System.
[   12.334139] systemd[1]: Mounted Kernel Trace File System.
[   12.338432] systemd[1]: Finished Wait for network to be configured by ifupdown.
[   12.342485] systemd[1]: Finished Create list of static device nodes for the current kernel.
[   12.346208] systemd[1]: Finished Monitoring of LVM2 mirrors, snapshots etc. using dmeventd or progress polling.
[   12.348424] systemd[1]: modprobe@configfs.service: Succeeded.
[   12.350803] systemd[1]: Finished Load Kernel Module configfs.
[   12.352944] systemd[1]: modprobe@drm.service: Succeeded.
[   12.355545] systemd[1]: Finished Load Kernel Module drm.
[   12.357554] systemd[1]: modprobe@fuse.service: Succeeded.
[   12.359902] systemd[1]: Finished Load Kernel Module fuse.
[   12.370374] systemd[1]: Mounting FUSE Control File System...
[   12.380481] systemd[1]: Mounting Kernel Configuration File System...
[   12.398259] systemd[1]: Finished Load Kernel Modules.
[   12.403078] systemd[1]: Mounted FUSE Control File System.
[   12.404181] systemd[1]: Mounted Kernel Configuration File System.
[   12.408828] EXT4-fs (vdiska2): re-mounted. Opts: errors=remount-ro. Quota mode: none.
[   12.415168] systemd[1]: Starting Apply Kernel Variables...
[   12.430530] systemd[1]: Finished Remount Root and Kernel File Systems.
[   12.507173] systemd[1]: Starting Initial Check File System Quotas...
[   12.582110] systemd[1]: Condition check resulted in Rebuild Hardware Database being skipped.
[   12.582499] systemd[1]: Condition check resulted in Platform Persistent Storage Archival being skipped.
[   12.594201] systemd[1]: Starting Load/Save Random Seed...
[   12.606987] systemd[1]: Starting Create System Users...
[   12.608704] systemd[1]: Started Journal Service.
[   12.694346] systemd-journald[392]: Received client request to flush runtime journal.
[   15.092032] sha1_sparc64: Using sparc64 sha1 opcode optimized SHA-1 implementation
[   15.107001] random: crng init done
[   15.107029] random: 4 urandom warning(s) missed due to ratelimiting
[   15.167103] sha256_sparc64: Using sparc64 sha256 opcode optimized SHA-256/SHA-224 implementation
[   15.206502] sha512_sparc64: Using sparc64 sha512 opcode optimized SHA-512/SHA-384 implementation
[   15.231063] md5_sparc64: Using sparc64 md5 opcode optimized MD5 implementation
[   15.241580] XFS (dm-0): Mounting V5 Filesystem
[   15.267295] aes_sparc64: Using sparc64 aes opcodes optimized AES implementation
[   15.304464] des_sparc64: Using sparc64 des opcodes optimized DES implementation
[   15.331477] camellia_sparc64: Using sparc64 camellia opcodes optimized CAMELLIA implementation
[   15.543922] Adding 787176k swap on /dev/vdiska4.  Priority:-2 extents:1 across:787176k FS
[   15.602314] XFS (dm-0): Ending clean mount
[   15.605458] xfs filesystem being mounted at /1 supports timestamps until 2038 (0x7fffffff)
[   16.086413] EXT4-fs (vdiska1): mounting ext3 file system using the ext4 subsystem
[   16.321092] EXT4-fs (vdiska1): mounted filesystem with ordered data mode. Opts: (null). Quota mode: none.
[   16.321313] ext3 filesystem being mounted at /boot supports timestamps until 2038 (0x7fffffff)
