[    0.000020] PROMLIB: Sun IEEE Boot Prom 'OBP 4.38.12 2018/03/28 14:54'
[    0.000032] PROMLIB: Root node compatible: sun4v
[    0.000083] Linux version 5.9.0-rc2-00050-g6d1823ccc480 (mator@ttip) (gcc (Debian 10.2.0-15) 10.2.0, GNU ld (GNU Binutils for Debian) 2.35.1) #109 SMP Wed Oct 21 17:16:08 MSK 2020
[    0.000431] printk: bootconsole [earlyprom0] enabled
[    0.000482] ARCH: SUN4V
[    0.000532] Ethernet address: 00:14:4f:fa:06:f2
[    0.000584] MM: PAGE_OFFSET is 0xfff8000000000000 (max_phys_bits == 47)
[    0.000649] MM: VMALLOC [0x0000000100000000 --> 0x0006000000000000]
[    0.000710] MM: VMEMMAP [0x0006000000000000 --> 0x000c000000000000]
[    0.013133] Kernel: Using 5 locked TLB entries for main kernel image.
[    0.013204] Remapping the kernel... 
[    0.013226] done.
[    0.046292] OF stdout device is: /virtual-devices@100/console@1
[    0.046369] PROM: Built device tree with 86758 bytes of memory.
[    0.046434] MDESC: Size is 36512 bytes.
[    0.046557] PLATFORM: banner-name [SPARC T5-2]
[    0.046605] PLATFORM: name [ORCL,SPARC-T5-2]
[    0.046652] PLATFORM: hostid [84fa06f2]
[    0.046693] PLATFORM: serial# [0035260e]
[    0.046737] PLATFORM: stick-frequency [3b9aca00]
[    0.046783] PLATFORM: mac-address [144ffa06f2]
[    0.046830] PLATFORM: watchdog-resolution [1000 ms]
[    0.046880] PLATFORM: watchdog-max-timeout [31536000000 ms]
[    0.046936] PLATFORM: max-cpus [1024]
[    0.051690] Allocated 40960 bytes for kernel page tables.
[    0.051781] Zone ranges:
[    0.051821]   Normal   [mem 0x0000000030400000-0x00000024af937fff]
[    0.051883] Movable zone start for each node
[    0.051929] Early memory node ranges
[    0.051969]   node   0: [mem 0x0000000030400000-0x000000006fe7ffff]
[    0.052030]   node   0: [mem 0x000000006ff00000-0x000000006ff25fff]
[    0.052091]   node   0: [mem 0x0000000070000000-0x000000042fffffff]
[    0.052152]   node   0: [mem 0x0000002030000000-0x00000024af87ffff]
[    0.052212]   node   0: [mem 0x00000024af900000-0x00000024af925fff]
[    0.052271]   node   0: [mem 0x00000024af930000-0x00000024af937fff]
[    0.065813] Zeroed struct page in unavailable ranges: 263766 pages
[    0.065821] Initmem setup node 0 [mem 0x0000000030400000-0x00000024af937fff]
[    0.065982] On node 0 totalpages: 4454826
[    0.065992]   Normal zone: 39154 pages used for memmap
[    0.065997]   Normal zone: 0 pages reserved
[    0.066002]   Normal zone: 4454826 pages, LIFO batch:31
[    0.224991] Booting Linux...
[    0.225076] CPU CAPS: [flush,stbar,swap,muldiv,v9,blkinit,n2,mul32]
[    0.225158] CPU CAPS: [div32,v8plus,popc,vis,vis2,ASIBlkInit,fmaf,vis3]
[    0.226235] CPU CAPS: [hpc,ima,pause,cbcond,aes,des,kasumi,camellia]
[    0.226306] CPU CAPS: [md5,sha1,sha256,sha512,mpmul,montmul,montsqr,crc32c]
[    0.256186] percpu: Embedded 28 pages/cpu s184784 r8192 d36400 u262144
[    0.256398] pcpu-alloc: s184784 r8192 d36400 u262144 alloc=1*4194304
[    0.256404] pcpu-alloc: [0] 000 001 002 003 004 005 006 007 008 009 010 011 012 013 014 015 
[    0.256430] pcpu-alloc: [0] 016 017 018 019 020 021 022 023 024 025 026 027 028 029 030 031 
[    0.256456] pcpu-alloc: [0] 032 033 034 035 036 037 038 039 040 041 042 043 044 045 046 047 
[    0.256481] pcpu-alloc: [0] 048 049 050 051 052 053 054 055 056 057 058 059 060 061 062 063 
[    0.256506] pcpu-alloc: [0] 064 065 066 067 068 069 070 071 072 073 074 075 076 077 078 079 
[    0.256531] pcpu-alloc: [0] 080 081 082 083 084 085 086 087 088 089 090 091 092 093 094 095 
[    0.256557] pcpu-alloc: [0] 096 097 098 099 100 101 102 103 104 105 106 107 108 109 110 111 
[    0.256582] pcpu-alloc: [0] 112 113 114 115 116 117 118 119 120 121 122 123 124 125 126 127 
[    0.257022] SUN4V: Mondo queue sizes [cpu(131072) dev(16384) r(8192) nr(256)]
[    0.257399] Built 1 zonelists, mobility grouping on.  Total pages: 4415672
[    0.257467] Policy zone: Normal
[    0.257524] Kernel command line: BOOT_IMAGE=/vmlinux-5.9.0-rc2-00050-g6d1823ccc480 root=/dev/vdiska2 ro zswap.enabled=1
[    0.260238] printk: log_buf_len individual max cpu contribution: 4096 bytes
[    0.260310] printk: log_buf_len total cpu_extra contributions: 520192 bytes
[    0.260380] printk: log_buf_len min size: 131072 bytes
[    0.260654] printk: log_buf_len: 1048576 bytes
[    0.260705] printk: early log buf free: 126688(96%)
[    0.267016] Dentry cache hash table entries: 8388608 (order: 13, 67108864 bytes, linear)
[    0.270250] Inode-cache hash table entries: 4194304 (order: 12, 33554432 bytes, linear)
[    0.270325] Sorting __ex_table...
[    0.270568] mem auto-init: stack:off, heap alloc:off, heap free:off
[    0.376511] Memory: 35127752K/35638608K available (8322K kernel code, 1102K rwdata, 2480K rodata, 680K init, 6856K bss, 510856K reserved, 0K cma-reserved)
[    0.377205] SLUB: HWalign=32, Order=0-3, MinObjects=0, CPUs=128, Nodes=32
[    0.377491] ftrace: allocating 23114 entries in 46 pages
[    0.386222] ftrace: allocated 46 pages with 4 groups
[    0.389019] Running RCU self tests
[    0.389384] rcu: Hierarchical RCU implementation.
[    0.389436] rcu: 	RCU event tracing is enabled.
[    0.389482] rcu: 	RCU lockdep checking is enabled.
[    0.389533] 	Trampoline variant of Tasks RCU enabled.
[    0.389582] 	Rude variant of Tasks RCU enabled.
[    0.389629] 	Tracing variant of Tasks RCU enabled.
[    0.389678] rcu: RCU calculated value of scheduler-enlistment delay is 10 jiffies.
[    0.394058] NR_IRQS: 2048, nr_irqs: 2048, preallocated irqs: 1
[    0.394135] SUN4V: Using IRQ API major 3, cookie only virqs enabled
[    0.396550] clocksource: stick: mask: 0xffffffffffffffff max_cycles: 0x1cd42e4dffb, max_idle_ns: 881590591483 ns
[    0.396685] clocksource: mult[800000] shift[23]
[    0.396733] clockevent: mult[80000000] shift[31]
[    0.397138] Console: colour dummy device 80x25
[    0.397201] printk: console [tty0] enabled
[    0.397282] printk: bootconsole [earlyprom0] disabled
[    0.397371] Lock dependency validator: Copyright (c) 2006 Red Hat, Inc., Ingo Molnar
[    0.397425] ... MAX_LOCKDEP_SUBCLASSES:  8
[    0.397457] ... MAX_LOCK_DEPTH:          48
[    0.397491] ... MAX_LOCKDEP_KEYS:        8192
[    0.397524] ... CLASSHASH_SIZE:          4096
[    0.397558] ... MAX_LOCKDEP_ENTRIES:     16384
[    0.397592] ... MAX_LOCKDEP_CHAINS:      32768
[    0.397626] ... CHAINHASH_SIZE:          16384
[    0.397661]  memory used by lock dependency info: 3919 kB
[    0.397700]  memory used for stack traces: 2112 kB
[    0.397736]  per task-struct memory footprint: 1920 bytes
[    0.546958] Calibrating delay using timer specific routine.. 2003.22 BogoMIPS (lpj=10016122)
[    0.547023] pid_max: default: 131072 minimum: 1024
[    0.547323] LSM: Security Framework initializing
[    0.547492] AppArmor: AppArmor initialized
[    0.547794] Mount-cache hash table entries: 131072 (order: 7, 1048576 bytes, linear)
[    0.547965] Mountpoint-cache hash table entries: 131072 (order: 7, 1048576 bytes, linear)
[    0.553655] rcu: Hierarchical SRCU implementation.
[    0.564429] smp: Bringing up secondary CPUs ...
[    0.565656] ------------[ cut here ]------------
[    0.565685] WARNING: CPU: 0 PID: 1 at kernel/locking/lockdep.c:5251 check_flags+0x9c/0x2c0
[    0.565711] DEBUG_LOCKS_WARN_ON(lockdep_hardirqs_enabled())
[    0.565712] Modules linked in:
[    0.565746] CPU: 0 PID: 1 Comm: swapper/0 Not tainted 5.9.0-rc2-00050-g6d1823ccc480 #109
[    0.565772] Call Trace:
[    0.565789] [<00000000004727c8>] __warn+0xa8/0x120
[    0.565808] [<0000000000472c30>] warn_slowpath_fmt+0x64/0x74
[    0.565829] [<00000000004e86bc>] check_flags+0x9c/0x2c0
[    0.565850] [<0000000000c18080>] lock_is_held_type+0x20/0x140
[    0.565878] [<00000000005099f4>] rcu_read_lock_sched_held+0x54/0xa0
[    0.565900] [<00000000004ed800>] lock_acquire+0x120/0x480
[    0.565920] [<0000000000c219f0>] _raw_spin_lock+0x30/0x60
[    0.565942] [<00000000009ba0fc>] p1275_cmd_direct+0x1c/0x60
[    0.565962] [<00000000009b9fd0>] prom_startcpu_cpuid+0x30/0x40
[    0.565984] [<00000000004427e4>] __cpu_up+0x184/0x3a0
[    0.566003] [<0000000000474620>] bringup_cpu+0x20/0x120
[    0.566022] [<00000000004737ac>] cpuhp_invoke_callback+0xec/0x340
[    0.566043] [<00000000004753f4>] cpu_up+0x154/0x220
[    0.566062] [<0000000000475c80>] bringup_nonboot_cpus+0x60/0xa0
[    0.566087] [<0000000000fbc338>] smp_init+0x28/0xa0
[    0.566107] [<0000000000fad3b4>] kernel_init_freeable+0x18c/0x300
[    0.566127] irq event stamp: 5135
[    0.566142] hardirqs last  enabled at (5135): [<0000000000c21e08>] _raw_spin_unlock_irqrestore+0x28/0x60
[    0.566172] hardirqs last disabled at (5134): [<0000000000c21bc0>] _raw_spin_lock_irqsave+0x20/0x80
[    0.566201] softirqs last  enabled at (1540): [<0000000000c24a20>] __do_softirq+0x4e0/0x560
[    0.566233] softirqs last disabled at (1533): [<000000000042d394>] do_softirq_own_stack+0x34/0x60
[    0.566263] random: get_random_bytes called from __warn+0xc8/0x120 with crng_init=0
[    0.566269] ---[ end trace 4241eba55a3c2b9e ]---
[    0.566306] possible reason: unannotated irqs-off.
[    0.566323] irq event stamp: 5135
[    0.566337] hardirqs last  enabled at (5135): [<0000000000c21e08>] _raw_spin_unlock_irqrestore+0x28/0x60
[    0.566367] hardirqs last disabled at (5134): [<0000000000c21bc0>] _raw_spin_lock_irqsave+0x20/0x80
[    0.566396] softirqs last  enabled at (1540): [<0000000000c24a20>] __do_softirq+0x4e0/0x560
[    0.566423] softirqs last disabled at (1533): [<000000000042d394>] do_softirq_own_stack+0x34/0x60
[    0.588122] smp: Brought up 1 node, 32 CPUs
[    0.591085] devtmpfs: initialized
[    0.593241] Performance events: 
[    0.593272] Testing NMI watchdog ... 
[    0.793336] OK.
[    0.793399] Supported PMU type is 'niagara5'
[    0.793926] ldc.c:v1.1 (July 22, 2008)
[    0.795274] clocksource: jiffies: mask: 0xffffffff max_cycles: 0xffffffff, max_idle_ns: 19112604462750000 ns
[    0.795325] futex hash table entries: 32768 (order: 9, 4194304 bytes, linear)
[    0.797930] NET: Registered protocol family 16
[    0.802853] VIO: Adding device channel-devices (tx_ino = ffffffffffffffff, rx_ino = ffffffffffffffff)
[    0.802957] VIO: Adding device vnet-port-0-0 (tx_ino = 0, rx_ino = 1)
[    0.803042] VIO: Adding device vnet-port-0-1 (tx_ino = 2, rx_ino = 3)
[    0.803126] VIO: Adding device vnet-port-0-2 (tx_ino = 4, rx_ino = 5)
[    0.803213] VIO: Adding device vnet-port-0-3 (tx_ino = 6, rx_ino = 7)
[    0.803301] VIO: Adding device vnet-port-0-4 (tx_ino = 8, rx_ino = 9)
[    0.803397] VIO: Adding device vnet-port-0-5 (tx_ino = a, rx_ino = b)
[    0.803498] VIO: Adding device vdc-port-2-0 (tx_ino = c, rx_ino = d)
[    0.803582] VIO: Adding device vdc-port-1-0 (tx_ino = e, rx_ino = f)
[    0.803665] VIO: Adding device vdc-port-0-0 (tx_ino = 10, rx_ino = 11)
[    0.803752] VIO: Adding device vdc-port-3-0 (tx_ino = 12, rx_ino = 13)
[    0.803835] VIO: Adding device vlds-port-0-0 (tx_ino = 14, rx_ino = 15)
[    0.803921] VIO: Adding device domain-services-port-0 (tx_ino = 14, rx_ino = 15)
[    0.804063] audit: initializing netlink subsys (disabled)
[    0.804232] audit: type=2000 audit(0.400:1): state=initialized audit_enabled=0 res=1
[    0.819446] HugeTLB registered 64.0 KiB page size, pre-allocated 0 pages
[    0.819471] HugeTLB registered 8.00 MiB page size, pre-allocated 0 pages
[    0.819494] HugeTLB registered 256 MiB page size, pre-allocated 0 pages
[    0.819517] HugeTLB registered 2.00 GiB page size, pre-allocated 0 pages
[    0.820593] alg: extra crypto tests enabled.  This is intended for developer use only.
[    0.840828] cryptd: max_cpu_qlen set to 1000
[    0.908795] vgaarb: loaded
[    0.909453] NetLabel: Initializing
[    0.909469] NetLabel:  domain hash size = 128
[    0.909486] NetLabel:  protocols = UNLABELED CIPSOv4 CALIPSO
[    0.909547] NetLabel:  unlabeled traffic allowed by default
[    0.910167] SUN4V: Reboot data supported (maj=1,min=0).
[    0.910367] ds.c:v1.0 (Jul 11, 2007)
[    0.910558] ds-0: ds_conn_reset() from send_events
[    0.910762] clocksource: Switched to clocksource stick
[    1.023559] VFS: Disk quotas dquot_6.6.0
[    1.023656] VFS: Dquot-cache hash table entries: 1024 (order 0, 8192 bytes)
[    1.024722] AppArmor: AppArmor Filesystem Enabled
[    1.031345] NET: Registered protocol family 2
[    1.032323] tcp_listen_portaddr_hash hash table entries: 32768 (order: 8, 2621440 bytes, linear)
[    1.033545] TCP established hash table entries: 524288 (order: 9, 4194304 bytes, linear)
[    1.035706] TCP bind hash table entries: 65536 (order: 9, 4718592 bytes, linear)
[    1.037890] TCP: Hash tables configured (established 524288 bind 65536)
[    1.039121] UDP hash table entries: 32768 (order: 9, 5242880 bytes, linear)
[    1.041870] UDP-Lite hash table entries: 32768 (order: 9, 5242880 bytes, linear)
[    1.045908] NET: Registered protocol family 1
[    1.045944] NET: Registered protocol family 44
[    1.045983] PCI: CLS 0 bytes, default 64
[    1.046237] Trying to unpack rootfs image as initramfs...
[    1.197232] Freeing initrd memory: 14624K
[    1.197934] aes_sparc64: Using sparc64 aes opcodes optimized AES implementation
[    1.441294] des_sparc64: Using sparc64 des opcodes optimized DES implementation
[    1.884607] camellia_sparc64: Using sparc64 camellia opcodes optimized CAMELLIA implementation
[    2.036903] workingset: timestamp_bits=41 max_order=23 bucket_order=0
[    2.045533] zbud: loaded
[    2.048045] SGI XFS with ACLs, security attributes, quota, fatal assert, debug enabled
[    2.073790] Block layer SCSI generic (bsg) driver version 0.4 loaded (major 252)
[    2.074338] io scheduler mq-deadline registered
[    2.076223] f029b788: ttyHV0 at I/O 0x0 (irq = 1, base_baud = 115200) is a SUN4V HCONS
[    2.076821] printk: console [ttyHV0] enabled
[    2.079150] sunvdc.c:v1.2 (November 24, 2014)
[    2.128314] sunvdc: Virtual Hard disk vdiskc
[    2.128340] sunvdc: vdiskc: 104857600 sectors (51200 MB) protocol 1.2
[    2.152245] sunvdc: Virtual Hard disk vdiskb
[    2.152267] sunvdc: vdiskb: 62914560 sectors (30720 MB) protocol 1.2
[    2.153266]  vdiskb: vdiskb1
[    2.165210] sunvdc: Virtual Hard disk vdiska
[    2.165232] sunvdc: vdiska: 31457280 sectors (15360 MB) protocol 1.2
[    2.166031]  vdiska: vdiska1 vdiska2 vdiska3 vdiska4
[    2.178885] sunvdc: Virtual CDROM vdiskd
[    2.178912] sunvdc: vdiskd: 453848 sectors (221 MB) protocol 1.2
[    2.179696]  vdiskd: vdiskd1 vdiskd2 vdiskd3 vdiskd4 vdiskd5 vdiskd6 vdiskd7
[    2.189983] sunvnet: sunvnet 2.0 (February 3, 2017)
[    2.191298] vnet_port vnet-port-0-0 eth0: Sun LDOM vnet 00:14:4f:f8:12:a3
[    2.191408] sunvnet: eth0: PORT ( remote-mac 00:14:4f:fa:f3:f0 switch-port )
[    2.191871] sunvnet: eth0: PORT ( remote-mac 00:14:4f:f8:e5:f3 )
[    2.192346] sunvnet: eth0: PORT ( remote-mac 00:14:4f:f9:b4:97 )
[    2.192802] sunvnet: eth0: PORT ( remote-mac 00:14:4f:f8:3f:1e )
[    2.193252] sunvnet: eth0: PORT ( remote-mac 00:14:4f:f8:fe:47 )
[    2.193699] sunvnet: eth0: PORT ( remote-mac 00:14:4f:fb:b5:00 )
[    2.194582] rtc-sun4v rtc-sun4v: registered as rtc0
[    2.194653] rtc-sun4v rtc-sun4v: setting system clock to 2020-10-21T14:22:12 UTC (1603290132)
[    2.194934] sun4v_wdt: initialized (timeout=60s, nowayout=0)
[    2.195180] device-mapper: uevent: version 1.0.3
[    2.195753] device-mapper: ioctl: 4.42.0-ioctl (2020-02-27) initialised: dm-devel@redhat.com
[    2.196404] NET: Registered protocol family 17
[    2.196610] registered taskstats version 1
[    2.197041] zswap: loaded using pool lzo/zbud
[    2.197895] AppArmor: AppArmor sha1 policy hashing enabled
[    2.200506] This architecture does not have kernel memory protection.
[    2.200540] Run /init as init process
[    2.200557]   with arguments:
[    2.200573]     /init
[    2.200586]   with environment:
[    2.200601]     HOME=/
[    2.200614]     TERM=linux
[    2.200629]     BOOT_IMAGE=/vmlinux-5.9.0-rc2-00050-g6d1823ccc480
[    2.482355] crc32c_sparc64: Using sparc64 crc32c opcode optimized CRC32C implementation
[    2.488882] random: lvm: uninitialized urandom read (4 bytes read)
[    2.525375] random: lvm: uninitialized urandom read (2 bytes read)
[    2.723536] random: fast init done
[    3.100751] raid6: int64x8  gen()  2159 MB/s
[    3.270754] raid6: int64x8  xor()  1522 MB/s
[    3.440745] raid6: int64x4  gen()  3393 MB/s
[    3.610756] raid6: int64x4  xor()  1461 MB/s
[    3.780757] raid6: int64x2  gen()  2903 MB/s
[    3.950741] raid6: int64x2  xor()  1133 MB/s
[    4.120740] raid6: int64x1  gen()  1410 MB/s
[    4.290756] raid6: int64x1  xor()   712 MB/s
[    4.290776] raid6: using algorithm int64x4 gen() 3393 MB/s
[    4.290797] raid6: .... xor() 1461 MB/s, rmw enabled
[    4.290816] raid6: using intx1 recovery algorithm
[    4.291342] async_tx: api initialized (async)
[    4.291611] xor: automatically using best checksumming function   Niagara   
[    4.514202] EXT4-fs (vdiska2): mounted filesystem with ordered data mode. Opts: (null)
[    6.689377] systemd[1]: Inserted module 'autofs4'
[    6.832500] NET: Registered protocol family 10
[    6.836842] Segment Routing with IPv6
[    6.938008] systemd[1]: systemd 246.6-2 running in system mode. (+PAM +AUDIT +SELINUX +IMA +APPARMOR +SMACK +SYSVINIT +UTMP +LIBCRYPTSETUP +GCRYPT +GNUTLS +ACL +XZ +LZ4 +ZSTD -SECCOMP +BLKID +ELFUTILS +KMOD +IDN2 -IDN +PCRE2 default-hierarchy=hybrid)
[    6.938440] systemd[1]: Detected architecture sparc64.
[    7.036519] systemd[1]: Set hostname to <ttip>.
[    8.741916] random: lvmconfig: uninitialized urandom read (4 bytes read)
[   11.574758] systemd[1]: Queued start job for default target Multi-User System.
[   11.575552] random: systemd: uninitialized urandom read (16 bytes read)
[   11.601885] systemd[1]: Created slice system-getty.slice.
[   11.602391] random: systemd: uninitialized urandom read (16 bytes read)
[   11.611297] systemd[1]: Created slice system-modprobe.slice.
[   11.611642] random: systemd: uninitialized urandom read (16 bytes read)
[   11.620237] systemd[1]: Created slice system-openvpn\x2dclient.slice.
[   11.642121] systemd[1]: Created slice system-postfix.slice.
[   11.651252] systemd[1]: Created slice system-systemd\x2dfsck.slice.
[   11.659718] systemd[1]: Created slice User and Session Slice.
[   11.660326] systemd[1]: Started Dispatch Password Requests to Console Directory Watch.
[   11.661337] systemd[1]: Started Forward Password Requests to Wall Directory Watch.
[   11.662985] systemd[1]: Set up automount Arbitrary Executable File Formats File System Automount Point.
[   11.663375] systemd[1]: Reached target Local Encrypted Volumes.
[   11.663720] systemd[1]: Reached target Paths.
[   11.664021] systemd[1]: Reached target Slices.
[   11.664613] systemd[1]: Listening on Device-mapper event daemon FIFOs.
[   11.665483] systemd[1]: Listening on LVM2 poll daemon socket.
[   11.693078] systemd[1]: Listening on RPCbind Server Activation Socket.
[   11.694013] systemd[1]: Listening on Syslog Socket.
[   11.694701] systemd[1]: Listening on fsck to fsckd communication Socket.
[   11.695187] systemd[1]: Listening on initctl Compatibility Named Pipe.
[   11.695979] systemd[1]: Listening on Journal Audit Socket.
[   11.696592] systemd[1]: Listening on Journal Socket (/dev/log).
[   11.697337] systemd[1]: Listening on Journal Socket.
[   11.698088] systemd[1]: Listening on udev Control Socket.
[   11.698664] systemd[1]: Listening on udev Kernel Socket.
[   11.710626] systemd[1]: Mounting Huge Pages File System...
[   11.722912] systemd[1]: Mounting POSIX Message Queue File System...
[   11.754435] systemd[1]: Mounting RPC Pipe File System...
[   11.766878] systemd[1]: Mounting Kernel Debug File System...
[   11.779958] systemd[1]: Mounting Kernel Trace File System...
[   11.780558] systemd[1]: Condition check resulted in Kernel Module supporting RPCSEC_GSS being skipped.
[   11.781399] systemd[1]: Finished Availability of block devices.
[   11.793538] systemd[1]: Starting Wait for network to be configured by ifupdown...
[   11.805941] systemd[1]: Starting Create list of static device nodes for the current kernel...
[   11.817754] systemd[1]: Starting Monitoring of LVM2 mirrors, snapshots etc. using dmeventd or progress polling...
[   11.830074] systemd[1]: Starting Load Kernel Module drm...
[   11.842775] systemd[1]: Starting nftables...
[   11.862987] systemd[1]: Condition check resulted in Set Up Additional Binary Formats being skipped.
[   11.863199] systemd[1]: Condition check resulted in File System Check on Root Device being skipped.
[   11.877317] systemd[1]: Starting Journal Service...
[   11.943202] systemd[1]: Starting Load Kernel Modules...
[   11.954063] RPC: Registered named UNIX socket transport module.
[   11.954099] RPC: Registered udp transport module.
[   11.954119] RPC: Registered tcp transport module.
[   11.954139] RPC: Registered tcp NFSv4.1 backchannel transport module.
[   11.955199] systemd[1]: Starting Remount Root and Kernel File Systems...
[   11.967180] systemd[1]: Starting Coldplug All udev Devices...
[   11.974417] systemd[1]: Mounted Huge Pages File System.
[   11.975382] systemd[1]: Mounted POSIX Message Queue File System.
[   11.976259] systemd[1]: Mounted RPC Pipe File System.
[   11.977134] systemd[1]: Mounted Kernel Debug File System.
[   11.978029] systemd[1]: Mounted Kernel Trace File System.
[   11.981366] systemd[1]: Finished Wait for network to be configured by ifupdown.
[   11.985635] systemd[1]: Finished Create list of static device nodes for the current kernel.
[   11.987663] systemd[1]: modprobe@drm.service: Succeeded.
[   11.990486] systemd[1]: Finished Load Kernel Module drm.
[   12.205973] EXT4-fs (vdiska2): re-mounted. Opts: errors=remount-ro
[   12.210924] systemd[1]: Finished Load Kernel Modules.
[   12.214106] systemd[1]: Finished Remount Root and Kernel File Systems.
[   12.215055] systemd[1]: Condition check resulted in FUSE Control File System being skipped.
[   12.215308] systemd[1]: Condition check resulted in Kernel Configuration File System being skipped.
[   12.344999] systemd[1]: Starting Initial Check File System Quotas...
[   12.376865] systemd[1]: Condition check resulted in Rebuild Hardware Database being skipped.
[   12.377078] systemd[1]: Condition check resulted in Platform Persistent Storage Archival being skipped.
[   12.389378] systemd[1]: Starting Load/Save Random Seed...
[   12.401254] systemd[1]: Starting Apply Kernel Variables...
[   12.413096] systemd[1]: Starting Create System Users...
[   12.414518] systemd[1]: Started Journal Service.
[   15.996513] sha1_sparc64: Using sparc64 sha1 opcode optimized SHA-1 implementation
[   16.082856] n2rng v0.3 (Jan 7, 2017)
[   16.082905] n2rng f029b104: Registered RNG HVAPI major 2 minor 0
[   16.082936] n2rng f029b104: Found multi-unit-capable RNG, units: 2
[   16.083320] n2rng f029b104: RNG ready
[   16.145340] pktcdvd: setup of pktcdvd device failed
[   16.175562] pktcdvd: setup of pktcdvd device failed
[   16.178909] pktcdvd: setup of pktcdvd device failed
[   16.181360] pktcdvd: setup of pktcdvd device failed
[   16.184034] pktcdvd: setup of pktcdvd device failed
[   16.186923] pktcdvd: setup of pktcdvd device failed
[   16.189846] pktcdvd: setup of pktcdvd device failed
[   16.192617] pktcdvd: setup of pktcdvd device failed
[   16.199414] sha256_sparc64: Using sparc64 sha256 opcode optimized SHA-256/SHA-224 implementation
[   16.367218] sha512_sparc64: Using sparc64 sha512 opcode optimized SHA-512/SHA-384 implementation
[   16.375742] XFS (dm-0): Mounting V5 Filesystem
[   16.600532] md5_sparc64: Using sparc64 md5 opcode optimized MD5 implementation
[   16.930952] random: crng init done
[   16.930987] random: 4 urandom warning(s) missed due to ratelimiting
[   17.277430] XFS (dm-0): Ending clean mount
[   17.290789] Adding 787176k swap on /dev/vdiska4.  Priority:-2 extents:1 across:787176k FS
[   17.333597] xfs filesystem being mounted at /1 supports timestamps until 2038 (0x7fffffff)
[   18.109932] EXT4-fs (vdiska1): mounting ext3 file system using the ext4 subsystem
[   18.718154] EXT4-fs (vdiska1): mounted filesystem with ordered data mode. Opts: (null)
[   18.718288] ext3 filesystem being mounted at /boot supports timestamps until 2038 (0x7fffffff)
[   20.644963] Kernel unaligned access at TPC[8d4d7c] aa_dfa_unpack+0x3c/0x640
[   20.645015] Kernel unaligned access at TPC[8d4d90] aa_dfa_unpack+0x50/0x640
[   20.645051] Kernel unaligned access at TPC[8d4e54] aa_dfa_unpack+0x114/0x640
[   20.645087] Kernel unaligned access at TPC[8d4f24] aa_dfa_unpack+0x1e4/0x640
[   20.645122] Kernel unaligned access at TPC[8d4f38] aa_dfa_unpack+0x1f8/0x640
[   20.653175] audit: type=1400 audit(1603290150.950:2): apparmor="STATUS" operation="profile_load" profile="unconfined" name="nvidia_modprobe" pid=677 comm="apparmor_parser"
[   20.653239] audit: type=1400 audit(1603290150.950:3): apparmor="STATUS" operation="profile_load" profile="unconfined" name="nvidia_modprobe//kmod" pid=677 comm="apparmor_parser"
[   20.656987] audit: type=1400 audit(1603290150.950:4): apparmor="STATUS" operation="profile_load" profile="unconfined" name="/usr/sbin/haveged" pid=675 comm="apparmor_parser"
[   20.680865] audit: type=1400 audit(1603290150.980:5): apparmor="STATUS" operation="profile_load" profile="unconfined" name="lsb_release" pid=681 comm="apparmor_parser"
[   20.697794] audit: type=1400 audit(1603290150.990:6): apparmor="STATUS" operation="profile_load" profile="unconfined" name="/usr/bin/man" pid=678 comm="apparmor_parser"
[   20.697856] audit: type=1400 audit(1603290150.990:7): apparmor="STATUS" operation="profile_load" profile="unconfined" name="man_filter" pid=678 comm="apparmor_parser"
[   20.697914] audit: type=1400 audit(1603290150.990:8): apparmor="STATUS" operation="profile_load" profile="unconfined" name="man_groff" pid=678 comm="apparmor_parser"
[   20.749973] audit: type=1400 audit(1603290151.040:9): apparmor="STATUS" operation="profile_load" profile="unconfined" name="named" pid=680 comm="apparmor_parser"
[   20.787436] audit: type=1400 audit(1603290151.080:10): apparmor="STATUS" operation="profile_load" profile="unconfined" name="tcpdump" pid=679 comm="apparmor_parser"
