[    0.000019] PROMLIB: Sun IEEE Boot Prom 'OBP 4.38.12 2018/03/28 14:54'
[    0.000031] PROMLIB: Root node compatible: sun4v
[    0.000078] Linux version 5.4.0-rc6-00026-g4dd58158254c-dirty (mator@ttip.nvglabs.local) (gcc version 9.2.1 20191030 (Debian 9.2.1-16)) #1293 SMP Thu Nov 7 20:37:50 MSK 2019
[    0.000409] printk: bootconsole [earlyprom0] enabled
[    0.000461] ARCH: SUN4V
[    0.000511] Ethernet address: 00:14:4f:fa:06:f2
[    0.000564] MM: PAGE_OFFSET is 0xfff8000000000000 (max_phys_bits == 47)
[    0.000628] MM: VMALLOC [0x0000000100000000 --> 0x0006000000000000]
[    0.000690] MM: VMEMMAP [0x0006000000000000 --> 0x000c000000000000]
[    0.013287] Kernel: Using 6 locked TLB entries for main kernel image.
[    0.013362] Remapping the kernel... 
[    0.013389] done.
[    0.049392] OF stdout device is: /virtual-devices@100/console@1
[    0.049457] PROM: Built device tree with 87467 bytes of memory.
[    0.049520] MDESC: Size is 36960 bytes.
[    0.049641] PLATFORM: banner-name [SPARC T5-2]
[    0.049693] PLATFORM: name [ORCL,SPARC-T5-2]
[    0.049740] PLATFORM: hostid [84fa06f2]
[    0.049784] PLATFORM: serial# [0035260e]
[    0.049827] PLATFORM: stick-frequency [3b9aca00]
[    0.049875] PLATFORM: mac-address [144ffa06f2]
[    0.049923] PLATFORM: watchdog-resolution [1000 ms]
[    0.049973] PLATFORM: watchdog-max-timeout [31536000000 ms]
[    0.050029] PLATFORM: max-cpus [1024]
[    0.050104] Top of RAM: 0x24af936000, Total RAM: 0x87f352000
[    0.050167] Memory hole size: 115461MB
[    0.613885] Allocated 35708928 bytes for kernel page tables.
[    0.613971] Zone ranges:
[    0.614011]   Normal   [mem 0x0000000030400000-0x00000024af935fff]
[    0.614076] Movable zone start for each node
[    0.614122] Early memory node ranges
[    0.614162]   node   0: [mem 0x0000000030400000-0x000000006fe7ffff]
[    0.614226]   node   0: [mem 0x000000006ff00000-0x000000006ff25fff]
[    0.614287]   node   0: [mem 0x0000000070000000-0x000000042fffffff]
[    0.614350]   node   0: [mem 0x0000002030000000-0x00000024af87ffff]
[    0.614413]   node   0: [mem 0x00000024af900000-0x00000024af925fff]
[    0.614473]   node   0: [mem 0x00000024af930000-0x00000024af935fff]
[    0.621869] Zeroed struct page in unavailable ranges: 230130 pages
[    0.621877] Initmem setup node 0 [mem 0x0000000030400000-0x00000024af935fff]
[    0.622034] On node 0 totalpages: 4454825
[    0.622044]   Normal zone: 39154 pages used for memmap
[    0.622049]   Normal zone: 0 pages reserved
[    0.622055]   Normal zone: 4454825 pages, LIFO batch:31
[    0.632849] Booting Linux...
[    0.632933] CPU CAPS: [flush,stbar,swap,muldiv,v9,blkinit,n2,mul32]
[    0.633016] CPU CAPS: [div32,v8plus,popc,vis,vis2,ASIBlkInit,fmaf,vis3]
[    0.633095] CPU CAPS: [hpc,ima,pause,cbcond,aes,des,kasumi,camellia]
[    0.633170] CPU CAPS: [md5,sha1,sha256,sha512,mpmul,montmul,montsqr,crc32c]
[    0.667196] percpu: Embedded 27 pages/cpu s181896 r8192 d31096 u262144
[    0.667441] pcpu-alloc: s181896 r8192 d31096 u262144 alloc=1*4194304
[    0.667449] pcpu-alloc: [0] 000 001 002 003 004 005 006 007 008 009 010 011 012 013 014 015 
[    0.667476] pcpu-alloc: [0] 016 017 018 019 020 021 022 023 024 025 026 027 028 029 030 031 
[    0.667504] pcpu-alloc: [0] 032 033 034 035 036 037 038 039 040 041 042 043 044 045 046 047 
[    0.667531] pcpu-alloc: [0] 048 049 050 051 052 053 054 055 056 057 058 059 060 061 062 063 
[    0.667559] pcpu-alloc: [0] 064 065 066 067 068 069 070 071 072 073 074 075 076 077 078 079 
[    0.667587] pcpu-alloc: [0] 080 081 082 083 084 085 086 087 088 089 090 091 092 093 094 095 
[    0.667614] pcpu-alloc: [0] 096 097 098 099 100 101 102 103 104 105 106 107 108 109 110 111 
[    0.667642] pcpu-alloc: [0] 112 113 114 115 116 117 118 119 120 121 122 123 124 125 126 127 
[    0.668173] SUN4V: Mondo queue sizes [cpu(131072) dev(16384) r(8192) nr(256)]
[    0.668617] Built 1 zonelists, mobility grouping on.  Total pages: 4415671
[    0.668706] Kernel command line: BOOT_IMAGE=/vmlinux-5.4.0-rc6-00026-g4dd58158254c-dirty root=/dev/vdiska2 ro zswap.enabled=1
[    0.671148] printk: log_buf_len individual max cpu contribution: 4096 bytes
[    0.671219] printk: log_buf_len total cpu_extra contributions: 520192 bytes
[    0.671287] printk: log_buf_len min size: 131072 bytes
[    0.671612] printk: log_buf_len: 1048576 bytes
[    0.671665] printk: early log buf free: 126608(96%)
[    0.681279] Dentry cache hash table entries: 8388608 (order: 13, 67108864 bytes, linear)
[    0.686179] Inode-cache hash table entries: 4194304 (order: 12, 33554432 bytes, linear)
[    0.686260] Sorting __ex_table...
[    0.686510] mem auto-init: stack:off, heap alloc:off, heap free:off
[    0.748641] Memory: 1305232K/35638600K available (7481K kernel code, 949K rwdata, 2192K rodata, 704K init, 12357K bss, 544648K reserved, 0K cma-reserved)
[    0.758086] SLUB: HWalign=32, Order=0-3, MinObjects=0, CPUs=128, Nodes=1
[    0.763106] ftrace: allocating 21278 entries in 42 pages
[    0.779556] Running RCU self tests
[    0.779604] rcu: Hierarchical RCU implementation.
[    0.779652] rcu: 	RCU event tracing is enabled.
[    0.779701] rcu: 	RCU lockdep checking is enabled.
[    0.779753] 	Tasks RCU enabled.
[    0.779791] rcu: RCU calculated value of scheduler-enlistment delay is 10 jiffies.
[    0.788830] NR_IRQS: 2048, nr_irqs: 2048, preallocated irqs: 1
[    0.789265] SUN4V: Using IRQ API major 3, cookie only virqs enabled
[    0.793113] clocksource: stick: mask: 0xffffffffffffffff max_cycles: 0x1cd42e4dffb, max_idle_ns: 881590591483 ns
[    0.793248] clocksource: mult[800000] shift[23]
[    0.793297] clockevent: mult[80000000] shift[31]
[    0.796997] Console: colour dummy device 80x25
[    0.797061] printk: console [tty0] enabled
[    0.797136] printk: bootconsole [earlyprom0] disabled
[    0.797221] Lock dependency validator: Copyright (c) 2006 Red Hat, Inc., Ingo Molnar
[    0.797269] ... MAX_LOCKDEP_SUBCLASSES:  8
[    0.797298] ... MAX_LOCK_DEPTH:          48
[    0.797328] ... MAX_LOCKDEP_KEYS:        8192
[    0.797358] ... CLASSHASH_SIZE:          4096
[    0.797389] ... MAX_LOCKDEP_ENTRIES:     16384
[    0.797420] ... MAX_LOCKDEP_CHAINS:      32768
[    0.797450] ... CHAINHASH_SIZE:          16384
[    0.797481]  memory used by lock dependency info: 3855 kB
[    0.797517]  memory used for stack traces: 2112 kB
[    0.797549]  per task-struct memory footprint: 1920 bytes
[    0.943521] Calibrating delay using timer specific routine.. 2003.82 BogoMIPS (lpj=10019143)
[    0.943577] pid_max: default: 131072 minimum: 1024
[    0.950791] LSM: Security Framework initializing
[    0.952821] AppArmor: AppArmor initialized
[    0.955878] Mount-cache hash table entries: 131072 (order: 7, 1048576 bytes, linear)
[    0.956117] Mountpoint-cache hash table entries: 131072 (order: 7, 1048576 bytes, linear)
[    0.957615] *** VALIDATE tmpfs ***
[    0.966470] *** VALIDATE proc ***
[    0.972157] *** VALIDATE cgroup1 ***
[    0.972189] *** VALIDATE cgroup2 ***
[    0.978157] rcu: Hierarchical SRCU implementation.
[    0.990692] smp: Bringing up secondary CPUs ...
[    1.063135] smp: Brought up 1 node, 32 CPUs
[    1.270350] node 0 initialised, 4223590 pages in 190ms
[    1.275612] devtmpfs: initialized
[    1.285927] Performance events: 
[    1.285998] Testing NMI watchdog ... 
[    1.486199] OK.
[    1.486350] Supported PMU type is 'niagara5'
[    1.487607] random: get_random_u32 called from bucket_table_alloc.isra.0+0x188/0x1c0 with crng_init=0
[    1.488931] ldc.c:v1.1 (July 22, 2008)
[    1.492307] clocksource: jiffies: mask: 0xffffffff max_cycles: 0xffffffff, max_idle_ns: 19112604462750000 ns
[    1.492405] futex hash table entries: 32768 (order: 9, 4194304 bytes, linear)
[    1.512099] NET: Registered protocol family 16
[    1.526302] VIO: Adding device channel-devices (tx_ino = ffffffffffffffff, rx_ino = ffffffffffffffff)
[    1.526646] VIO: Adding device vnet-port-0-0 (tx_ino = 0, rx_ino = 1)
[    1.526933] VIO: Adding device vnet-port-0-1 (tx_ino = 2, rx_ino = 3)
[    1.527198] VIO: Adding device vnet-port-0-2 (tx_ino = 4, rx_ino = 5)
[    1.527459] VIO: Adding device vnet-port-0-4 (tx_ino = 8, rx_ino = 9)
[    1.527709] VIO: Adding device vnet-port-0-5 (tx_ino = a, rx_ino = b)
[    1.527973] VIO: Adding device vnet-port-0-6 (tx_ino = c, rx_ino = d)
[    1.528224] VIO: Adding device vdc-port-3-0 (tx_ino = e, rx_ino = f)
[    1.528483] VIO: Adding device vdc-port-2-0 (tx_ino = 10, rx_ino = 11)
[    1.528739] VIO: Adding device vdc-port-1-0 (tx_ino = 12, rx_ino = 13)
[    1.528992] VIO: Adding device vdc-port-0-0 (tx_ino = 14, rx_ino = 15)
[    1.529241] VIO: Adding device vdc-port-4-0 (tx_ino = 16, rx_ino = 17)
[    1.529506] VIO: Adding device vlds-port-0-0 (tx_ino = 18, rx_ino = 19)
[    1.529756] VIO: Adding device domain-services-port-0 (tx_ino = 18, rx_ino = 19)
[    1.530784] audit: initializing netlink subsys (disabled)
[    1.531233] audit: type=2000 audit(0.730:1): state=initialized audit_enabled=0 res=1
[    1.587425] HugeTLB registered 64.0 KiB page size, pre-allocated 0 pages
[    1.587475] HugeTLB registered 8.00 MiB page size, pre-allocated 0 pages
[    1.587520] HugeTLB registered 256 MiB page size, pre-allocated 0 pages
[    1.587564] HugeTLB registered 2.00 GiB page size, pre-allocated 0 pages
[    1.592755] alg: extra crypto tests enabled.  This is intended for developer use only.
[    1.621819] cryptd: max_cpu_qlen set to 1000
[    1.763192] NetLabel: Initializing
[    1.763229] NetLabel:  domain hash size = 128
[    1.763262] NetLabel:  protocols = UNLABELED CIPSOv4 CALIPSO
[    1.763508] NetLabel:  unlabeled traffic allowed by default
[    1.764776] SUN4V: Reboot data supported (maj=1,min=0).
[    1.766455] ds.c:v1.0 (Jul 11, 2007)
[    1.767218] ds-0: ds_conn_reset() from send_events.isra.0
[    1.768735] clocksource: Switched to clocksource stick
[    2.061989] *** VALIDATE bpf ***
[    2.070313] VFS: Disk quotas dquot_6.6.0
[    2.074859] VFS: Dquot-cache hash table entries: 1024 (order 0, 8192 bytes)
[    2.075222] *** VALIDATE ramfs ***
[    2.075872] *** VALIDATE hugetlbfs ***
[    2.088855] AppArmor: AppArmor Filesystem Enabled
[    2.114828] NET: Registered protocol family 2
[    2.124323] tcp_listen_portaddr_hash hash table entries: 32768 (order: 8, 2359296 bytes, linear)
[    2.128038] TCP established hash table entries: 524288 (order: 9, 4194304 bytes, linear)
[    2.130345] TCP bind hash table entries: 65536 (order: 9, 4194304 bytes, linear)
[    2.136504] TCP: Hash tables configured (established 524288 bind 65536)
[    2.141370] UDP hash table entries: 32768 (order: 9, 5242880 bytes, linear)
[    2.148258] UDP-Lite hash table entries: 32768 (order: 9, 5242880 bytes, linear)
[    2.163932] NET: Registered protocol family 1
[    2.164027] NET: Registered protocol family 44
[    2.164756] Trying to unpack rootfs image as initramfs...
[    2.493484] Freeing initrd memory: 10368K
[    2.494457] aes_sparc64: Using sparc64 aes opcodes optimized AES implementation
[    2.801299] des_sparc64: Using sparc64 des opcodes optimized DES implementation
[    3.313581] camellia_sparc64: Using sparc64 camellia opcodes optimized CAMELLIA implementation
[    3.530844] workingset: timestamp_bits=46 max_order=23 bucket_order=0
[    3.577162] SGI XFS with ACLs, security attributes, debug enabled
[    3.621420] Block layer SCSI generic (bsg) driver version 0.4 loaded (major 252)
[    3.623154] io scheduler mq-deadline registered
[    3.630279] f029b788: ttyHV0 at I/O 0x0 (irq = 1, base_baud = 115200) is a SUN4V HCONS
[    3.637147] printk: console [ttyHV0] enabled
[    3.644697] sunvdc.c:v1.2 (November 24, 2014)
[    3.660352] sunvdc: Virtual CDROM vdiskd
[    3.660410] sunvdc: vdiskd: 403160 sectors (196 MB) protocol 1.2
[    3.664630]  vdiskd: vdiskd1 vdiskd2 vdiskd3 vdiskd4 vdiskd5 vdiskd6 vdiskd7
[    3.718036] sunvdc: Virtual Hard disk vdiskc
[    3.718084] sunvdc: vdiskc: 104857600 sectors (51200 MB) protocol 1.2
[    3.763346] sunvdc: Virtual Hard disk vdiskb
[    3.763393] sunvdc: vdiskb: 62914560 sectors (30720 MB) protocol 1.2
[    3.766473]  vdiskb: vdiskb1
[    3.809984] sunvdc: Virtual Hard disk vdiska
[    3.810030] sunvdc: vdiska: 31457280 sectors (15360 MB) protocol 1.2
[    3.813170]  vdiska: vdiska1 vdiska2 vdiska3 vdiska4
[    3.861579] sunvdc: Virtual Hard disk vdiske
[    3.861631] sunvdc: vdiske: 20971520 sectors (10240 MB) protocol 1.2
[    3.865852]  vdiske: vdiske1 vdiske2 vdiske3
[    3.896974] sunvnet: sunvnet 2.0 (February 3, 2017)
[    3.902740] vnet_port vnet-port-0-0 eth0: Sun LDOM vnet 00:14:4f:f8:12:a3
[    3.903058] sunvnet: eth0: PORT ( remote-mac 00:14:4f:fa:f3:f0 switch-port )
[    3.904809] sunvnet: eth0: PORT ( remote-mac 00:14:4f:f8:e5:f3 )
[    3.906610] sunvnet: eth0: PORT ( remote-mac 00:14:4f:f9:b4:97 )
[    3.908357] sunvnet: eth0: PORT ( remote-mac 00:14:4f:f8:3f:1e )
[    3.910132] sunvnet: eth0: PORT ( remote-mac 00:14:4f:f8:fe:47 )
[    3.911856] sunvnet: eth0: PORT ( remote-mac 00:14:4f:f9:8b:83 )
[    3.913563] rtc-sun4v rtc-sun4v: registered as rtc0
[    3.914375] sun4v_wdt: initialized (timeout=60s, nowayout=0)
[    3.915421] device-mapper: uevent: version 1.0.3
[    3.917854] device-mapper: ioctl: 4.41.0-ioctl (2019-09-16) initialised: dm-devel@redhat.com
[    3.919596] NET: Registered protocol family 17
[    3.920503] registered taskstats version 1
[    3.930440] zswap: default zpool zbud not available
[    3.930496] zswap: pool creation failed
[    3.931450] kmemleak: Kernel memory leak detector initialized (mem pool available: 6234)
[    3.931462] kmemleak: Automatic memory scanning thread started
[    4.232665] Key type big_key registered
[    4.232740] AppArmor: AppArmor sha1 policy hashing enabled
[    4.233711] rtc-sun4v rtc-sun4v: setting system clock to 2019-11-07T17:42:49 UTC (1573148569)
[    4.242927] This architecture does not have kernel memory protection.
[    4.242975] Run /init as init process
[    5.012352] crc32c_sparc64: Using sparc64 crc32c opcode optimized CRC32C implementation
[    5.102963] random: fast init done
[    5.698618] raid6: int64x8  gen()  2171 MB/s
[    5.868613] raid6: int64x8  xor()  1569 MB/s
[    6.038643] raid6: int64x4  gen()  3475 MB/s
[    6.208615] raid6: int64x4  xor()  2002 MB/s
[    6.378618] raid6: int64x2  gen()  2866 MB/s
[    6.548623] raid6: int64x2  xor()  1995 MB/s
[    6.718619] raid6: int64x1  gen()  2849 MB/s
[    6.888632] raid6: int64x1  xor()  1623 MB/s
[    6.888669] raid6: using algorithm int64x4 gen() 3475 MB/s
[    6.888709] raid6: .... xor() 2002 MB/s, rmw enabled
[    6.888747] raid6: using intx1 recovery algorithm
[    6.890141] async_tx: api initialized (async)
[    6.891127] xor: automatically using best checksumming function   Niagara   
[    7.161455] EXT4-fs (vdiska2): mounted filesystem with ordered data mode. Opts: (null)
[    9.282177] systemd[1]: Inserted module 'autofs4'
[    9.304153] NET: Registered protocol family 10
[    9.320311] Segment Routing with IPv6
[    9.394412] systemd[1]: systemd 242 running in system mode. (+PAM +AUDIT +SELINUX +IMA +APPARMOR +SMACK +SYSVINIT +UTMP +LIBCRYPTSETUP +GCRYPT +GNUTLS +ACL +XZ +LZ4 -SECCOMP +BLKID +ELFUTILS +KMOD +IDN2 -IDN +PCRE2 default-hierarchy=hybrid)
[    9.395100] systemd[1]: Detected architecture sparc64.
[    9.525533] systemd[1]: Set hostname to <ttip.nvglabs.local>.
[    9.534903] systemd[1]: Failed to bump fs.file-max, ignoring: Invalid argument
[   10.343591] random: lvmconfig: uninitialized urandom read (4 bytes read)
[   11.187303] systemd[1]: /lib/systemd/system/dbus.socket:4: ListenStream= references a path below legacy directory /var/run/, updating /var/run/dbus/system_bus_socket → /run/dbus/system_bus_socket; please update the unit file accordingly.
[   11.463929] systemd[1]: /lib/systemd/system/pcscd.socket:4: ListenStream= references a path below legacy directory /var/run/, updating /var/run/pcscd/pcscd.comm → /run/pcscd/pcscd.comm; please update the unit file accordingly.
[   11.503378] random: systemd: uninitialized urandom read (16 bytes read)
[   11.504833] systemd[1]: Listening on Journal Socket.
[   11.505989] random: systemd: uninitialized urandom read (16 bytes read)
[   11.506564] systemd[1]: Listening on initctl Compatibility Named Pipe.
[   11.507171] random: systemd: uninitialized urandom read (16 bytes read)
[   11.526641] systemd[1]: Created slice User and Session Slice.
[   11.527268] systemd[1]: Reached target Slices.
[   11.925374] EXT4-fs (vdiska2): re-mounted. Opts: errors=remount-ro
[   12.387648] systemd-journald[550]: Received request to flush runtime journal from PID 1
[   13.766711] sha1_sparc64: Using sparc64 sha1 opcode optimized SHA-1 implementation
[   14.012468] sha256_sparc64: Using sparc64 sha256 opcode optimized SHA-256/SHA-224 implementation
[   14.076024] n2rng v0.3 (Jan 7, 2017)
[   14.076282] n2rng f029b104: Registered RNG HVAPI major 2 minor 0
[   14.076516] n2rng f029b104: Found multi-unit-capable RNG, units: 2
[   14.079162] n2rng f029b104: RNG ready
[   14.327350] sha512_sparc64: Using sparc64 sha512 opcode optimized SHA-512/SHA-384 implementation
[   14.351702] md5_sparc64: Using sparc64 md5 opcode optimized MD5 implementation
[   14.497728] pktcdvd: setup of pktcdvd device failed
[   14.585706] pktcdvd: setup of pktcdvd device failed
[   14.605349] pktcdvd: setup of pktcdvd device failed
[   14.625882] pktcdvd: setup of pktcdvd device failed
[   14.645212] pktcdvd: setup of pktcdvd device failed
[   14.663590] pktcdvd: setup of pktcdvd device failed
[   14.682183] pktcdvd: setup of pktcdvd device failed
[   14.699218] pktcdvd: setup of pktcdvd device failed
[   16.540072] XFS (dm-0): Mounting V5 Filesystem
[   17.589059] Adding 787176k swap on /dev/vdiska4.  Priority:-2 extents:1 across:787176k FS
[   17.941950] EXT4-fs (vdiska1): mounting ext3 file system using the ext4 subsystem
[   17.970073] EXT4-fs (vdiska1): mounted filesystem with ordered data mode. Opts: (null)
[   17.971994] Mounted ext3 file system at /boot supports timestamps until 2038 (0x7fffffff)
[   18.197953] XFS (dm-0): Ending clean mount
[   18.203707] Mounted xfs file system at /1 supports timestamps until 2038 (0x7fffffff)
[   19.589263] Kernel unaligned access at TPC[878ef8] aa_dfa_unpack+0x38/0x5c0
[   19.589455] Kernel unaligned access at TPC[878f18] aa_dfa_unpack+0x58/0x5c0
[   19.589510] Kernel unaligned access at TPC[878fe0] aa_dfa_unpack+0x120/0x5c0
[   19.589582] Kernel unaligned access at TPC[8790c0] aa_dfa_unpack+0x200/0x5c0
[   19.589637] Kernel unaligned access at TPC[8790d4] aa_dfa_unpack+0x214/0x5c0
[   20.531803] random: crng init done
[   20.531864] random: 6 urandom warning(s) missed due to ratelimiting
[   22.843718] tun: Universal TUN/TAP device driver, 1.6

[   25.171951] ======================================================
[   25.171961] WARNING: possible circular locking dependency detected
[   25.171972] 5.4.0-rc6-00026-g4dd58158254c-dirty #1293 Not tainted
[   25.171982] ------------------------------------------------------
[   25.171992] iptables-restor/988 is trying to acquire lock:
[   25.172002] 0000000010594120 (&table[i].mutex){+.+.}, at: nfnl_lock+0x24/0x40 [nfnetlink]
[   25.172029] 
               but task is already holding lock:
[   25.172038] 0000000000e38020 (&net->nft.commit_mutex){+.+.}, at: nf_tables_valid_genid+0x10/0x60 [nf_tables]
[   25.172075] 
               which lock already depends on the new lock.

[   25.172086] 
               the existing dependency chain (in reverse order) is:
[   25.172096] 
               -> #1 (&net->nft.commit_mutex){+.+.}:
[   25.172116]        __mutex_lock+0xac/0x9a0
[   25.172125]        mutex_lock_nested+0x1c/0x40
[   25.172139]        nf_tables_valid_genid+0x10/0x60 [nf_tables]
[   25.172151]        nfnetlink_rcv_batch+0x228/0x620 [nfnetlink]
[   25.172161]        nfnetlink_rcv+0x110/0x140 [nfnetlink]
[   25.172172]        netlink_unicast+0x128/0x200
[   25.172180]        netlink_sendmsg+0x338/0x380
[   25.172198]        sock_sendmsg+0x34/0x80
[   25.172208]        ___sys_sendmsg+0x238/0x260
[   25.172217]        __sys_sendmsg+0x48/0x80
[   25.172226]        sys_sendmsg+0x18/0x40
[   25.172242]        linux_sparc_syscall+0x34/0x44
[   25.172250] 
               -> #0 (&table[i].mutex){+.+.}:
[   25.172264]        __lock_acquire+0x1b18/0x2520
[   25.172273]        lock_acquire+0x1ac/0x1e0
[   25.172281]        __mutex_lock+0xac/0x9a0
[   25.172289]        mutex_lock_nested+0x1c/0x40
[   25.172298]        nfnl_lock+0x24/0x40 [nfnetlink]
[   25.172315]        ip_set_nfnl_get_byindex+0x190/0x280 [ip_set]
[   25.172329]        set_match_v1_checkentry+0x14/0xc0 [xt_set]
[   25.172345]        xt_check_match+0x240/0x280 [x_tables]
[   25.172357]        __nft_match_init+0x174/0x1a0 [nft_compat]
[   25.172368]        nft_match_init+0x18/0x40 [nft_compat]
[   25.172383]        nf_tables_newrule+0x510/0x7a0 [nf_tables]
[   25.172394]        nfnetlink_rcv_batch+0x3d8/0x620 [nfnetlink]
[   25.172403]        nfnetlink_rcv+0x110/0x140 [nfnetlink]
[   25.172413]        netlink_unicast+0x128/0x200
[   25.172421]        netlink_sendmsg+0x338/0x380
[   25.172430]        sock_sendmsg+0x34/0x80
[   25.172439]        ___sys_sendmsg+0x238/0x260
[   25.172447]        __sys_sendmsg+0x48/0x80
[   25.172456]        sys_sendmsg+0x18/0x40
[   25.172464]        linux_sparc_syscall+0x34/0x44
[   25.172471] 
               other info that might help us debug this:

[   25.172482]  Possible unsafe locking scenario:

[   25.172490]        CPU0                    CPU1
[   25.172497]        ----                    ----
[   25.172503]   lock(&net->nft.commit_mutex);
[   25.172512]                                lock(&table[i].mutex);
[   25.172522]                                lock(&net->nft.commit_mutex);
[   25.172532]   lock(&table[i].mutex);
[   25.172540] 
                *** DEADLOCK ***

[   25.172550] 1 lock held by iptables-restor/988:
[   25.172557]  #0: 0000000000e38020 (&net->nft.commit_mutex){+.+.}, at: nf_tables_valid_genid+0x10/0x60 [nf_tables]
[   25.172580] 
               stack backtrace:
[   25.172590] CPU: 10 PID: 988 Comm: iptables-restor Not tainted 5.4.0-rc6-00026-g4dd58158254c-dirty #1293
[   25.172601] Call Trace:
[   25.172619]  [00000000004d47bc] print_circular_bug.isra.0+0x1bc/0x1e0
[   25.172630]  [00000000004d4a00] check_noncircular+0x220/0x240
[   25.172639]  [00000000004d8f78] __lock_acquire+0x1b18/0x2520
[   25.172648]  [00000000004da30c] lock_acquire+0x1ac/0x1e0
[   25.172657]  [0000000000b4b62c] __mutex_lock+0xac/0x9a0
[   25.172666]  [0000000000b4bf3c] mutex_lock_nested+0x1c/0x40
[   25.172677]  [0000000010592024] nfnl_lock+0x24/0x40 [nfnetlink]
[   25.172688]  [000000001059f310] ip_set_nfnl_get_byindex+0x190/0x280 [ip_set]
[   25.172700]  [0000000010618694] set_match_v1_checkentry+0x14/0xc0 [xt_set]
[   25.172712]  [000000001038e8a0] xt_check_match+0x240/0x280 [x_tables]
[   25.172723]  [0000000010606c54] __nft_match_init+0x174/0x1a0 [nft_compat]
[   25.172733]  [0000000010606d18] nft_match_init+0x18/0x40 [nft_compat]
[   25.172747]  [00000000105cfe70] nf_tables_newrule+0x510/0x7a0 [nf_tables]
[   25.172757]  [0000000010592898] nfnetlink_rcv_batch+0x3d8/0x620 [nfnetlink]
[   25.172766]  [0000000010592bf0] nfnetlink_rcv+0x110/0x140 [nfnetlink]
[   25.172775]  [0000000000a438c8] netlink_unicast+0x128/0x200
