[    0.000020] PROMLIB: Sun IEEE Boot Prom 'OBP 4.38.12 2018/03/28 14:54'
[    0.000031] PROMLIB: Root node compatible: sun4v
[    0.000079] Linux version 5.2.0-05705-g570332978ea7 (mator@ttip) (gcc version 8.3.0 (Debian 8.3.0-19)) #1097 SMP Wed Jul 17 19:43:06 MSK 2019
[    0.000386] printk: bootconsole [earlyprom0] enabled
[    0.000438] ARCH: SUN4V
[    0.000487] Ethernet address: 00:14:4f:fa:06:f2
[    0.000539] MM: PAGE_OFFSET is 0xfff8000000000000 (max_phys_bits == 47)
[    0.000603] MM: VMALLOC [0x0000000100000000 --> 0x0006000000000000]
[    0.000663] MM: VMEMMAP [0x0006000000000000 --> 0x000c000000000000]
[    0.011883] Kernel: Using 5 locked TLB entries for main kernel image.
[    0.011969] Remapping the kernel... 
[    0.011993] done.
[    0.046765] OF stdout device is: /virtual-devices@100/console@1
[    0.046845] PROM: Built device tree with 86230 bytes of memory.
[    0.046911] MDESC: Size is 36560 bytes.
[    0.047036] PLATFORM: banner-name [SPARC T5-2]
[    0.047088] PLATFORM: name [ORCL,SPARC-T5-2]
[    0.047133] PLATFORM: hostid [84fa06f2]
[    0.047176] PLATFORM: serial# [0035260e]
[    0.047218] PLATFORM: stick-frequency [3b9aca00]
[    0.047268] PLATFORM: mac-address [144ffa06f2]
[    0.047312] PLATFORM: watchdog-resolution [1000 ms]
[    0.047363] PLATFORM: watchdog-max-timeout [31536000000 ms]
[    0.047418] PLATFORM: max-cpus [1024]
[    0.047529] Top of RAM: 0x24af938000, Total RAM: 0x87f354000
[    0.047591] Memory hole size: 115461MB
[    0.052341] Allocated 40960 bytes for kernel page tables.
[    0.052445] Zone ranges:
[    0.052486]   Normal   [mem 0x0000000030400000-0x00000024af937fff]
[    0.052549] Movable zone start for each node
[    0.052593] Early memory node ranges
[    0.052634]   node   0: [mem 0x0000000030400000-0x000000006fe7ffff]
[    0.052692]   node   0: [mem 0x000000006ff00000-0x000000006ff25fff]
[    0.052753]   node   0: [mem 0x0000000070000000-0x000000042fffffff]
[    0.052812]   node   0: [mem 0x0000002030000000-0x00000024af87ffff]
[    0.052873]   node   0: [mem 0x00000024af900000-0x00000024af925fff]
[    0.052933]   node   0: [mem 0x00000024af930000-0x00000024af937fff]
[    0.060292] Zeroed struct page in unavailable ranges: 230130 pages
[    0.060300] Initmem setup node 0 [mem 0x0000000030400000-0x00000024af937fff]
[    0.060459] On node 0 totalpages: 4454826
[    0.060468]   Normal zone: 39154 pages used for memmap
[    0.060473]   Normal zone: 0 pages reserved
[    0.060479]   Normal zone: 4454826 pages, LIFO batch:31
[    0.257496] Booting Linux...
[    0.257583] CPU CAPS: [flush,stbar,swap,muldiv,v9,blkinit,n2,mul32]
[    0.257665] CPU CAPS: [div32,v8plus,popc,vis,vis2,ASIBlkInit,fmaf,vis3]
[    0.258744] CPU CAPS: [hpc,ima,pause,cbcond,aes,des,kasumi,camellia]
[    0.258817] CPU CAPS: [md5,sha1,sha256,sha512,mpmul,montmul,montsqr,crc32c]
[    0.319029] percpu: Embedded 27 pages/cpu s180680 r8192 d32312 u262144
[    0.319288] pcpu-alloc: s180680 r8192 d32312 u262144 alloc=1*4194304
[    0.319296] pcpu-alloc: [0] 000 001 002 003 004 005 006 007 008 009 010 011 012 013 014 015 
[    0.319322] pcpu-alloc: [0] 016 017 018 019 020 021 022 023 024 025 026 027 028 029 030 031 
[    0.319347] pcpu-alloc: [0] 032 033 034 035 036 037 038 039 040 041 042 043 044 045 046 047 
[    0.319373] pcpu-alloc: [0] 048 049 050 051 052 053 054 055 056 057 058 059 060 061 062 063 
[    0.319399] pcpu-alloc: [0] 064 065 066 067 068 069 070 071 072 073 074 075 076 077 078 079 
[    0.319425] pcpu-alloc: [0] 080 081 082 083 084 085 086 087 088 089 090 091 092 093 094 095 
[    0.319450] pcpu-alloc: [0] 096 097 098 099 100 101 102 103 104 105 106 107 108 109 110 111 
[    0.319476] pcpu-alloc: [0] 112 113 114 115 116 117 118 119 120 121 122 123 124 125 126 127 
[    0.319501] pcpu-alloc: [0] 128 129 130 131 132 133 134 135 136 137 138 139 140 141 142 143 
[    0.319527] pcpu-alloc: [0] 144 145 146 147 148 149 150 151 152 153 154 155 156 157 158 159 
[    0.319553] pcpu-alloc: [0] 160 161 162 163 164 165 166 167 168 169 170 171 172 173 174 175 
[    0.319579] pcpu-alloc: [0] 176 177 178 179 180 181 182 183 184 185 186 187 188 189 190 191 
[    0.319605] pcpu-alloc: [0] 192 193 194 195 196 197 198 199 200 201 202 203 204 205 206 207 
[    0.319630] pcpu-alloc: [0] 208 209 210 211 212 213 214 215 216 217 218 219 220 221 222 223 
[    0.319656] pcpu-alloc: [0] 224 225 226 227 228 229 230 231 232 233 234 235 236 237 238 239 
[    0.319682] pcpu-alloc: [0] 240 241 242 243 244 245 246 247 248 249 250 251 252 253 254 255 
[    0.320196] SUN4V: Mondo queue sizes [cpu(131072) dev(16384) r(8192) nr(256)]
[    0.320564] Built 1 zonelists, mobility grouping on.  Total pages: 4415672
[    0.320656] Kernel command line: BOOT_IMAGE=/vmlinux-5.2.0-05705-g570332978ea7 root=/dev/vdiska2 ro zswap.enabled=1
[    0.322964] printk: log_buf_len individual max cpu contribution: 4096 bytes
[    0.323041] printk: log_buf_len total cpu_extra contributions: 1044480 bytes
[    0.323105] printk: log_buf_len min size: 131072 bytes
[    0.323484] printk: log_buf_len: 2097152 bytes
[    0.323535] printk: early log buf free: 125888(96%)
[    0.329882] Dentry cache hash table entries: 8388608 (order: 13, 67108864 bytes)
[    0.333160] Inode-cache hash table entries: 4194304 (order: 12, 33554432 bytes)
[    0.333238] Sorting __ex_table...
[    0.411721] Memory: 35102232K/35638608K available (6841K kernel code, 962K rwdata, 2048K rodata, 992K init, 6716K bss, 536376K reserved, 0K cma-reserved)
[    0.412826] kmemleak: Kernel memory leak detector disabled
[    0.413481] ftrace: allocating 19812 entries in 39 pages
[    0.427527] Running RCU self tests
[    0.427599] rcu: Hierarchical RCU implementation.
[    0.427651] rcu: 	RCU event tracing is enabled.
[    0.427703] rcu: 	RCU lockdep checking is enabled.
[    0.427752] 	Tasks RCU enabled.
[    0.428795] rcu: RCU calculated value of scheduler-enlistment delay is 11 jiffies.
[    0.435485] NR_IRQS: 2048, nr_irqs: 2048, preallocated irqs: 1
[    0.435601] SUN4V: Using IRQ API major 3, cookie only virqs enabled
[    0.440084] clocksource: stick: mask: 0xffffffffffffffff max_cycles: 0x1cd42e4dffb, max_idle_ns: 881590591483 ns
[    0.440215] clocksource: mult[800000] shift[23]
[    0.440264] clockevent: mult[80000000] shift[31]
[    0.444568] Console: colour dummy device 80x25
[    0.444645] printk: console [tty0] enabled
[    0.444723] printk: bootconsole [earlyprom0] disabled
[    0.444808] Lock dependency validator: Copyright (c) 2006 Red Hat, Inc., Ingo Molnar
[    0.444857] ... MAX_LOCKDEP_SUBCLASSES:  8
[    0.444887] ... MAX_LOCK_DEPTH:          48
[    0.444917] ... MAX_LOCKDEP_KEYS:        8192
[    0.444948] ... CLASSHASH_SIZE:          4096
[    0.444979] ... MAX_LOCKDEP_ENTRIES:     16384
[    0.445010] ... MAX_LOCKDEP_CHAINS:      32768
[    0.445041] ... CHAINHASH_SIZE:          16384
[    0.445073]  memory used by lock dependency info: 3855 kB
[    0.445108]  per task-struct memory footprint: 1920 bytes
[    0.445320] kmemleak: Early log buffer exceeded (5008), please increase DEBUG_KMEMLEAK_EARLY_LOG_SIZE
[    0.590954] Calibrating delay using timer specific routine.. 2017.36 BogoMIPS (lpj=10086807)
[    0.591023] pid_max: default: 262144 minimum: 2048
[    0.592721] Mount-cache hash table entries: 131072 (order: 7, 1048576 bytes)
[    0.592881] Mountpoint-cache hash table entries: 131072 (order: 7, 1048576 bytes)
[    0.594373] *** VALIDATE proc ***
[    0.595166] *** VALIDATE cgroup1 ***
[    0.595198] *** VALIDATE cgroup2 ***
[    0.597997] rcu: Hierarchical SRCU implementation.
[    0.620688] smp: Bringing up secondary CPUs ...
[    0.702414] smp: Brought up 1 node, 32 CPUs
[    0.709622] devtmpfs: initialized
[    0.716021] Performance events: 
[    0.716074] Testing NMI watchdog ... 
[    0.916203] OK.
[    0.916380] Supported PMU type is 'niagara5'
[    0.916696] random: get_random_u32 called from bucket_table_alloc.isra.4+0x184/0x1c0 with crng_init=0
[    0.917568] ldc.c:v1.1 (July 22, 2008)
[    0.920727] clocksource: jiffies: mask: 0xffffffff max_cycles: 0xffffffff, max_idle_ns: 19112604462750000 ns
[    0.920838] futex hash table entries: 65536 (order: 10, 8388608 bytes)
[    0.930454] NET: Registered protocol family 16
[    0.940425] VIO: Adding device channel-devices (tx_ino = ffffffffffffffff, rx_ino = ffffffffffffffff)
[    0.940705] VIO: Adding device vnet-port-0-0 (tx_ino = 0, rx_ino = 1)
[    0.940927] VIO: Adding device vnet-port-0-1 (tx_ino = 2, rx_ino = 3)
[    0.941116] VIO: Adding device vnet-port-0-2 (tx_ino = 4, rx_ino = 5)
[    0.941308] VIO: Adding device vnet-port-0-3 (tx_ino = 6, rx_ino = 7)
[    0.941498] VIO: Adding device vnet-port-0-4 (tx_ino = 8, rx_ino = 9)
[    0.941688] VIO: Adding device vnet-port-0-5 (tx_ino = 16, rx_ino = 17)
[    0.941889] VIO: Adding device vdc-port-3-0 (tx_ino = a, rx_ino = b)
[    0.942096] VIO: Adding device vdc-port-2-0 (tx_ino = c, rx_ino = d)
[    0.942304] VIO: Adding device vdc-port-1-0 (tx_ino = e, rx_ino = f)
[    0.942495] VIO: Adding device vdc-port-0-0 (tx_ino = 10, rx_ino = 11)
[    0.942687] VIO: Adding device vlds-port-0-0 (tx_ino = 12, rx_ino = 13)
[    0.942952] VIO: Adding device domain-services-port-0 (tx_ino = 12, rx_ino = 13)
[    0.943382] audit: initializing netlink subsys (disabled)
[    0.943787] audit: type=2000 audit(0.500:1): state=initialized audit_enabled=0 res=1
[    0.989435] HugeTLB registered 64.0 KiB page size, pre-allocated 0 pages
[    0.989492] HugeTLB registered 8.00 MiB page size, pre-allocated 0 pages
[    0.989538] HugeTLB registered 256 MiB page size, pre-allocated 0 pages
[    0.989582] HugeTLB registered 2.00 GiB page size, pre-allocated 0 pages
[    1.037135] alg: No test for lzo-rle (lzo-rle-generic)
[    1.037707] alg: No test for lzo-rle (lzo-rle-scomp)
[    1.055903] SUN4V: Reboot data supported (maj=1,min=0).
[    1.056365] ds.c:v1.0 (Jul 11, 2007)
[    1.056814] ds-0: ds_conn_reset() from send_events.isra.3
[    1.058315] clocksource: Switched to clocksource stick
[    1.342246] VFS: Disk quotas dquot_6.6.0
[    1.342751] VFS: Dquot-cache hash table entries: 1024 (order 0, 8192 bytes)
[    1.343389] *** VALIDATE hugetlbfs ***
[    1.361815] NET: Registered protocol family 2
[    1.364241] tcp_listen_portaddr_hash hash table entries: 32768 (order: 8, 2359296 bytes)
[    1.367646] TCP established hash table entries: 524288 (order: 9, 4194304 bytes)
[    1.369748] TCP bind hash table entries: 65536 (order: 9, 4194304 bytes)
[    1.375409] TCP: Hash tables configured (established 524288 bind 65536)
[    1.381803] UDP hash table entries: 32768 (order: 9, 5242880 bytes)
[    1.389079] UDP-Lite hash table entries: 32768 (order: 9, 5242880 bytes)
[    1.402664] NET: Registered protocol family 1
[    1.403743] Trying to unpack rootfs image as initramfs...
[    1.723479] Freeing initrd memory: 10416K
[    1.760222] workingset: timestamp_bits=46 max_order=23 bucket_order=0
[    1.766816] SGI XFS with ACLs, security attributes, debug enabled
[    1.797484] Block layer SCSI generic (bsg) driver version 0.4 loaded (major 252)
[    1.799368] io scheduler mq-deadline registered
[    1.801407] f029b788: ttyS0 at I/O 0x0 (irq = 1, base_baud = 115200) is a SUN4V HCONS
[    1.807772] printk: console [ttyHV0] enabled
[    1.813191] sunvdc.c:v1.2 (November 24, 2014)
[    1.820805] sunvdc: Virtual CDROM vdiskd
[    1.820876] sunvdc: vdiskd: 403160 sectors (196 MB) protocol 1.2
[    1.822532]  vdiskd: vdiskd1 vdiskd2 vdiskd3 vdiskd4 vdiskd5 vdiskd6 vdiskd7
[    1.879672] sunvdc: Virtual Hard disk vdiskc
[    1.879727] sunvdc: vdiskc: 104857600 sectors (51200 MB) protocol 1.2
[    1.933812] sunvdc: Virtual Hard disk vdiskb
[    1.933869] sunvdc: vdiskb: 62914560 sectors (30720 MB) protocol 1.2
[    1.935918]  vdiskb: vdiskb1
[    1.991390] sunvdc: Virtual Hard disk vdiska
[    1.991446] sunvdc: vdiska: 31457280 sectors (15360 MB) protocol 1.2
[    1.992454]  vdiska: vdiska1 vdiska2 vdiska3 vdiska4
[    2.041643] sunvnet: sunvnet 2.0 (February 3, 2017)
[    2.045398] vnet_port vnet-port-0-0 eth0: Sun LDOM vnet 00:14:4f:f8:12:a3
[    2.046049] sunvnet: eth0: PORT ( remote-mac 00:14:4f:fa:f3:f0 switch-port )
[    2.047482] sunvnet: eth0: PORT ( remote-mac 00:14:4f:f8:e5:f3 )
[    2.048949] sunvnet: eth0: PORT ( remote-mac 00:14:4f:f9:b4:97 )
[    2.050393] sunvnet: eth0: PORT ( remote-mac 00:14:4f:f9:8b:83 )
[    2.051823] sunvnet: eth0: PORT ( remote-mac 00:14:4f:f8:3f:1e )
[    2.053245] sunvnet: eth0: PORT ( remote-mac 00:14:4f:f8:fe:47 )
[    2.055064] rtc-sun4v rtc-sun4v: registered as rtc0
[    2.055586] device-mapper: uevent: version 1.0.3
[    2.056887] device-mapper: ioctl: 4.40.0-ioctl (2019-01-18) initialised: dm-devel@redhat.com
[    2.058779] NET: Registered protocol family 17
[    2.069543] zswap: default zpool zbud not available
[    2.069628] zswap: pool creation failed
[    2.120762] Key type big_key registered
[    2.121729] rtc-sun4v rtc-sun4v: setting system clock to 2019-07-17T16:44:58 UTC (1563381898)
[    2.126150] This architecture does not have kernel memory protection.
[    2.126214] Run /init as init process
[    3.085799] random: fast init done
[    3.095941] crc32c_sparc64: Using sparc64 crc32c opcode optimized CRC32C implementation
[    3.748304] raid6: int64x8  gen()  1960 MB/s
[    3.918311] raid6: int64x8  xor()  1520 MB/s
[    4.088313] raid6: int64x4  gen()  3148 MB/s
[    4.258309] raid6: int64x4  xor()  1911 MB/s
[    4.428313] raid6: int64x2  gen()  2677 MB/s
[    4.598288] raid6: int64x2  xor()  1903 MB/s
[    4.768304] raid6: int64x1  gen()  2554 MB/s
[    4.938297] raid6: int64x1  xor()  1558 MB/s
[    4.938349] raid6: using algorithm int64x4 gen() 3148 MB/s
[    4.938389] raid6: .... xor() 1911 MB/s, rmw enabled
[    4.938426] raid6: using intx1 recovery algorithm
[    4.939429] async_tx: api initialized (async)
[    4.940098] xor: automatically using best checksumming function   Niagara   
[    5.161394] EXT4-fs (vdiska2): mounted filesystem with ordered data mode. Opts: (null)
[    5.429989] systemd[1]: Inserted module 'autofs4'
[    5.444441] NET: Registered protocol family 10
[    5.457461] Segment Routing with IPv6
[    5.490843] systemd[1]: systemd 241 running in system mode. (+PAM +AUDIT +SELINUX +IMA +APPARMOR +SMACK +SYSVINIT +UTMP +LIBCRYPTSETUP +GCRYPT +GNUTLS +ACL +XZ +LZ4 -SECCOMP +BLKID +ELFUTILS +KMOD -IDN2 +IDN +PCRE2 default-hierarchy=hybrid)
[    5.491523] systemd[1]: Detected architecture sparc64.
[    5.512687] systemd[1]: Set hostname to <ttip>.
[    5.518536] systemd[1]: Failed to bump fs.file-max, ignoring: Invalid argument
[    5.638040] random: lvmconfig: uninitialized urandom read (4 bytes read)
[    5.963294] systemd[1]: /lib/systemd/system/smbd.service:9: PIDFile= references path below legacy directory /var/run/, updating /var/run/samba/smbd.pid → /run/samba/smbd.pid; please update the unit file accordingly.
[    5.964027] systemd[1]: /lib/systemd/system/nmbd.service:9: PIDFile= references path below legacy directory /var/run/, updating /var/run/samba/nmbd.pid → /run/samba/nmbd.pid; please update the unit file accordingly.
[    6.003808] random: systemd: uninitialized urandom read (16 bytes read)
[    6.011702] random: systemd: uninitialized urandom read (16 bytes read)
[    6.012907] systemd[1]: Listening on LVM2 poll daemon socket.
[    6.016700] systemd[1]: Set up automount Arbitrary Executable File Formats File System Automount Point.
[    6.018178] systemd[1]: Started Dispatch Password Requests to Console Directory Watch.
[    6.021021] systemd[1]: Listening on Journal Audit Socket.
[    6.314079] EXT4-fs (vdiska2): re-mounted. Opts: errors=remount-ro
[    6.493928] systemd-journald[444]: Received request to flush runtime journal from PID 1
[    7.190648] sha1_sparc64: Using sparc64 sha1 opcode optimized SHA-1 implementation
[    7.198833] n2rng v0.3 (Jan 7, 2017)
[    7.198969] n2rng f029b104: Registered RNG HVAPI major 2 minor 0
[    7.199060] n2rng f029b104: Found multi-unit-capable RNG, units: 2
[    7.200216] n2rng f029b104: RNG ready
[    7.218998] sha256_sparc64: Using sparc64 sha256 opcode optimized SHA-256/SHA-224 implementation
[    7.245131] sha512_sparc64: Using sparc64 sha512 opcode optimized SHA-512/SHA-384 implementation
[    7.247195] md5_sparc64: Using sparc64 md5 opcode optimized MD5 implementation
[    7.261559] aes_sparc64: Using sparc64 aes opcodes optimized AES implementation
[    7.327499] des_sparc64: Using sparc64 des opcodes optimized DES implementation
[    7.394408] camellia_sparc64: Using sparc64 camellia opcodes optimized CAMELLIA implementation
[    8.561594] XFS (dm-0): Mounting V5 Filesystem
[    8.583923] XFS (dm-0): Ending clean mount
[   10.548515] Adding 787176k swap on /dev/vdiska4.  Priority:-2 extents:1 across:787176k FS
[   10.637675] EXT4-fs (vdiska1): mounting ext3 file system using the ext4 subsystem
[   10.655144] EXT4-fs (vdiska1): mounted filesystem with ordered data mode. Opts: (null)
[   11.341337] random: crng init done
[   11.341391] random: 7 urandom warning(s) missed due to ratelimiting
