[    0.000019] PROMLIB: Sun IEEE Boot Prom 'OBP 4.38.12 2018/03/28 14:54'
[    0.000031] PROMLIB: Root node compatible: sun4v
[    0.000079] Linux version 5.3.0-13258-g2d880b8709c0-dirty (mator@ttip.nvglabs.local) (gcc version 9.2.1 20190909 (Debian 9.2.1-8)) #1259 SMP Tue Oct 8 17:06:17 MSK 2019
[    0.000411] printk: bootconsole [earlyprom0] enabled
[    0.000464] ARCH: SUN4V
[    0.000513] Ethernet address: 00:14:4f:fa:06:f2
[    0.000568] MM: PAGE_OFFSET is 0xfff8000000000000 (max_phys_bits == 47)
[    0.000631] MM: VMALLOC [0x0000000100000000 --> 0x0006000000000000]
[    0.000692] MM: VMEMMAP [0x0006000000000000 --> 0x000c000000000000]
[    0.013309] Kernel: Using 6 locked TLB entries for main kernel image.
[    0.013378] Remapping the kernel... 
[    0.013404] done.
[    0.049464] OF stdout device is: /virtual-devices@100/console@1
[    0.049530] PROM: Built device tree with 87467 bytes of memory.
[    0.049588] MDESC: Size is 37248 bytes.
[    0.049712] PLATFORM: banner-name [SPARC T5-2]
[    0.049761] PLATFORM: name [ORCL,SPARC-T5-2]
[    0.049807] PLATFORM: hostid [84fa06f2]
[    0.049849] PLATFORM: serial# [0035260e]
[    0.049892] PLATFORM: stick-frequency [3b9aca00]
[    0.049940] PLATFORM: mac-address [144ffa06f2]
[    0.049986] PLATFORM: watchdog-resolution [1000 ms]
[    0.050036] PLATFORM: watchdog-max-timeout [31536000000 ms]
[    0.050090] PLATFORM: max-cpus [1024]
[    0.050162] Top of RAM: 0x24af936000, Total RAM: 0x87f352000
[    0.050224] Memory hole size: 115461MB
[    0.287690] Allocated 35708928 bytes for kernel page tables.
[    0.287770] Zone ranges:
[    0.287809]   Normal   [mem 0x0000000030400000-0x00000024af935fff]
[    0.287872] Movable zone start for each node
[    0.287915] Early memory node ranges
[    0.287957]   node   0: [mem 0x0000000030400000-0x000000006fe7ffff]
[    0.288019]   node   0: [mem 0x000000006ff00000-0x000000006ff25fff]
[    0.288080]   node   0: [mem 0x0000000070000000-0x000000042fffffff]
[    0.288142]   node   0: [mem 0x0000002030000000-0x00000024af87ffff]
[    0.288203]   node   0: [mem 0x00000024af900000-0x00000024af925fff]
[    0.288264]   node   0: [mem 0x00000024af930000-0x00000024af935fff]
[    0.295676] Zeroed struct page in unavailable ranges: 230130 pages
[    0.295684] Initmem setup node 0 [mem 0x0000000030400000-0x00000024af935fff]
[    0.295843] On node 0 totalpages: 4454825
[    0.295853]   Normal zone: 39154 pages used for memmap
[    0.295858]   Normal zone: 0 pages reserved
[    0.295864]   Normal zone: 4454825 pages, LIFO batch:31
[    0.306662] Booting Linux...
[    0.306748] CPU CAPS: [flush,stbar,swap,muldiv,v9,blkinit,n2,mul32]
[    0.306830] CPU CAPS: [div32,v8plus,popc,vis,vis2,ASIBlkInit,fmaf,vis3]
[    0.307910] CPU CAPS: [hpc,ima,pause,cbcond,aes,des,kasumi,camellia]
[    0.307984] CPU CAPS: [md5,sha1,sha256,sha512,mpmul,montmul,montsqr,crc32c]
[    0.342005] percpu: Embedded 27 pages/cpu s181896 r8192 d31096 u262144
[    0.342250] pcpu-alloc: s181896 r8192 d31096 u262144 alloc=1*4194304
[    0.342257] pcpu-alloc: [0] 000 001 002 003 004 005 006 007 008 009 010 011 012 013 014 015 
[    0.342284] pcpu-alloc: [0] 016 017 018 019 020 021 022 023 024 025 026 027 028 029 030 031 
[    0.342312] pcpu-alloc: [0] 032 033 034 035 036 037 038 039 040 041 042 043 044 045 046 047 
[    0.342338] pcpu-alloc: [0] 048 049 050 051 052 053 054 055 056 057 058 059 060 061 062 063 
[    0.342365] pcpu-alloc: [0] 064 065 066 067 068 069 070 071 072 073 074 075 076 077 078 079 
[    0.342392] pcpu-alloc: [0] 080 081 082 083 084 085 086 087 088 089 090 091 092 093 094 095 
[    0.342419] pcpu-alloc: [0] 096 097 098 099 100 101 102 103 104 105 106 107 108 109 110 111 
[    0.342445] pcpu-alloc: [0] 112 113 114 115 116 117 118 119 120 121 122 123 124 125 126 127 
[    0.342978] SUN4V: Mondo queue sizes [cpu(131072) dev(16384) r(8192) nr(256)]
[    0.343425] Built 1 zonelists, mobility grouping on.  Total pages: 4415671
[    0.343513] Kernel command line: BOOT_IMAGE=/vmlinux-5.3.0-13258-g2d880b8709c0-dirty root=/dev/vdiska2 ro zswap.enabled=1
[    0.345871] printk: log_buf_len individual max cpu contribution: 4096 bytes
[    0.345941] printk: log_buf_len total cpu_extra contributions: 520192 bytes
[    0.346008] printk: log_buf_len min size: 131072 bytes
[    0.346329] printk: log_buf_len: 1048576 bytes
[    0.346381] printk: early log buf free: 126624(96%)
[    0.355990] Dentry cache hash table entries: 8388608 (order: 13, 67108864 bytes, linear)
[    0.360889] Inode-cache hash table entries: 4194304 (order: 12, 33554432 bytes, linear)
[    0.360970] Sorting __ex_table...
[    0.361240] mem auto-init: stack:off, heap alloc:off, heap free:off
[    0.422227] Memory: 1305232K/35638600K available (7342K kernel code, 951K rwdata, 2168K rodata, 704K init, 12359K bss, 544472K reserved, 0K cma-reserved)
[    0.431852] SLUB: HWalign=32, Order=0-3, MinObjects=0, CPUs=128, Nodes=1
[    0.436606] ftrace: allocating 21124 entries in 42 pages
[    0.452835] Running RCU self tests
[    0.452883] rcu: Hierarchical RCU implementation.
[    0.452933] rcu: 	RCU event tracing is enabled.
[    0.452982] rcu: 	RCU lockdep checking is enabled.
[    0.453032] 	Tasks RCU enabled.
[    0.453070] rcu: RCU calculated value of scheduler-enlistment delay is 10 jiffies.
[    0.461928] NR_IRQS: 2048, nr_irqs: 2048, preallocated irqs: 1
[    0.462364] SUN4V: Using IRQ API major 3, cookie only virqs enabled
[    0.466164] clocksource: stick: mask: 0xffffffffffffffff max_cycles: 0x1cd42e4dffb, max_idle_ns: 881590591483 ns
[    0.466293] clocksource: mult[800000] shift[23]
[    0.466341] clockevent: mult[80000000] shift[31]
[    0.470042] Console: colour dummy device 80x25
[    0.470107] printk: console [tty0] enabled
[    0.470181] printk: bootconsole [earlyprom0] disabled
[    0.470263] Lock dependency validator: Copyright (c) 2006 Red Hat, Inc., Ingo Molnar
[    0.470311] ... MAX_LOCKDEP_SUBCLASSES:  8
[    0.470341] ... MAX_LOCK_DEPTH:          48
[    0.470370] ... MAX_LOCKDEP_KEYS:        8192
[    0.470401] ... CLASSHASH_SIZE:          4096
[    0.470431] ... MAX_LOCKDEP_ENTRIES:     16384
[    0.470462] ... MAX_LOCKDEP_CHAINS:      32768
[    0.470493] ... CHAINHASH_SIZE:          16384
[    0.470523]  memory used by lock dependency info: 3855 kB
[    0.470559]  memory used for stack traces: 2112 kB
[    0.470591]  per task-struct memory footprint: 1920 bytes
[    0.616568] Calibrating delay using timer specific routine.. 2003.94 BogoMIPS (lpj=10019710)
[    0.616626] pid_max: default: 131072 minimum: 1024
[    0.623835] LSM: Security Framework initializing
[    0.625863] AppArmor: AppArmor initialized
[    0.628917] Mount-cache hash table entries: 131072 (order: 7, 1048576 bytes, linear)
[    0.629158] Mountpoint-cache hash table entries: 131072 (order: 7, 1048576 bytes, linear)
[    0.630651] *** VALIDATE tmpfs ***
[    0.639512] *** VALIDATE proc ***
[    0.645138] *** VALIDATE cgroup1 ***
[    0.645170] *** VALIDATE cgroup2 ***
[    0.651125] rcu: Hierarchical SRCU implementation.
[    0.663446] smp: Bringing up secondary CPUs ...
[    0.735006] smp: Brought up 1 node, 32 CPUs
[    0.942849] node 0 initialised, 4223612 pages in 190ms
[    0.948025] devtmpfs: initialized
[    0.958243] Performance events: 
[    0.958302] Testing NMI watchdog ... 
[    1.158502] OK.
[    1.158653] Supported PMU type is 'niagara5'
[    1.159908] random: get_random_u32 called from bucket_table_alloc.isra.0+0x188/0x1c0 with crng_init=0
[    1.161210] ldc.c:v1.1 (July 22, 2008)
[    1.164591] clocksource: jiffies: mask: 0xffffffff max_cycles: 0xffffffff, max_idle_ns: 19112604462750000 ns
[    1.164688] futex hash table entries: 32768 (order: 9, 4194304 bytes, linear)
[    1.184400] NET: Registered protocol family 16
[    1.198515] VIO: Adding device channel-devices (tx_ino = ffffffffffffffff, rx_ino = ffffffffffffffff)
[    1.198850] VIO: Adding device vnet-port-0-0 (tx_ino = 0, rx_ino = 1)
[    1.199139] VIO: Adding device vnet-port-0-1 (tx_ino = 2, rx_ino = 3)
[    1.199401] VIO: Adding device vnet-port-0-2 (tx_ino = 4, rx_ino = 5)
[    1.199661] VIO: Adding device vnet-port-0-4 (tx_ino = 8, rx_ino = 9)
[    1.199909] VIO: Adding device vnet-port-0-5 (tx_ino = a, rx_ino = b)
[    1.200170] VIO: Adding device vnet-port-0-6 (tx_ino = c, rx_ino = d)
[    1.200420] VIO: Adding device vnet-port-0-3 (tx_ino = 6, rx_ino = 7)
[    1.200679] VIO: Adding device vdc-port-3-0 (tx_ino = e, rx_ino = f)
[    1.200931] VIO: Adding device vdc-port-2-0 (tx_ino = 10, rx_ino = 11)
[    1.201183] VIO: Adding device vdc-port-1-0 (tx_ino = 12, rx_ino = 13)
[    1.201429] VIO: Adding device vdc-port-0-0 (tx_ino = 14, rx_ino = 15)
[    1.201691] VIO: Adding device vdc-port-4-0 (tx_ino = 16, rx_ino = 17)
[    1.201940] VIO: Adding device vlds-port-0-0 (tx_ino = 18, rx_ino = 19)
[    1.202196] VIO: Adding device domain-services-port-0 (tx_ino = 18, rx_ino = 19)
[    1.203222] audit: initializing netlink subsys (disabled)
[    1.203675] audit: type=2000 audit(0.730:1): state=initialized audit_enabled=0 res=1
[    1.259673] HugeTLB registered 64.0 KiB page size, pre-allocated 0 pages
[    1.259725] HugeTLB registered 8.00 MiB page size, pre-allocated 0 pages
[    1.259770] HugeTLB registered 256 MiB page size, pre-allocated 0 pages
[    1.259814] HugeTLB registered 2.00 GiB page size, pre-allocated 0 pages
[    1.371160] NetLabel: Initializing
[    1.371197] NetLabel:  domain hash size = 128
[    1.371230] NetLabel:  protocols = UNLABELED CIPSOv4 CALIPSO
[    1.371473] NetLabel:  unlabeled traffic allowed by default
[    1.372739] SUN4V: Reboot data supported (maj=1,min=0).
[    1.374442] ds.c:v1.0 (Jul 11, 2007)
[    1.374963] ds-0: ds_conn_reset() from send_events.isra.0
[    1.376478] clocksource: Switched to clocksource stick
[    1.707052] *** VALIDATE bpf ***
[    1.715241] VFS: Disk quotas dquot_6.6.0
[    1.719871] VFS: Dquot-cache hash table entries: 1024 (order 0, 8192 bytes)
[    1.720233] *** VALIDATE ramfs ***
[    1.720874] *** VALIDATE hugetlbfs ***
[    1.733885] AppArmor: AppArmor Filesystem Enabled
[    1.760434] NET: Registered protocol family 2
[    1.770047] tcp_listen_portaddr_hash hash table entries: 32768 (order: 8, 2359296 bytes, linear)
[    1.773751] TCP established hash table entries: 524288 (order: 9, 4194304 bytes, linear)
[    1.775991] TCP bind hash table entries: 65536 (order: 9, 4194304 bytes, linear)
[    1.782362] TCP: Hash tables configured (established 524288 bind 65536)
[    1.787207] UDP hash table entries: 32768 (order: 9, 5242880 bytes, linear)
[    1.793804] UDP-Lite hash table entries: 32768 (order: 9, 5242880 bytes, linear)
[    1.809398] NET: Registered protocol family 1
[    1.809487] NET: Registered protocol family 44
[    1.810334] Trying to unpack rootfs image as initramfs...
[    2.138580] Freeing initrd memory: 10360K
[    2.169025] workingset: timestamp_bits=46 max_order=23 bucket_order=0
[    2.216424] SGI XFS with ACLs, security attributes, debug enabled
[    2.261233] Block layer SCSI generic (bsg) driver version 0.4 loaded (major 252)
[    2.262969] io scheduler mq-deadline registered
[    2.270153] f029b788: ttyHV0 at I/O 0x0 (irq = 1, base_baud = 115200) is a SUN4V HCONS
[    2.276775] printk: console [ttyHV0] enabled
[    2.284187] sunvdc.c:v1.2 (November 24, 2014)
[    2.299953] sunvdc: Virtual CDROM vdiskd
[    2.300008] sunvdc: vdiskd: 403160 sectors (196 MB) protocol 1.2
[    2.304220]  vdiskd: vdiskd1 vdiskd2 vdiskd3 vdiskd4 vdiskd5 vdiskd6 vdiskd7
[    2.356812] sunvdc: Virtual Hard disk vdiskc
[    2.356857] sunvdc: vdiskc: 104857600 sectors (51200 MB) protocol 1.2
[    2.401508] sunvdc: Virtual Hard disk vdiskb
[    2.401552] sunvdc: vdiskb: 62914560 sectors (30720 MB) protocol 1.2
[    2.404683]  vdiskb: vdiskb1
[    2.447794] sunvdc: Virtual Hard disk vdiska
[    2.447836] sunvdc: vdiska: 31457280 sectors (15360 MB) protocol 1.2
[    2.451004]  vdiska: vdiska1 vdiska2 vdiska3 vdiska4
[    2.498576] sunvdc: Virtual Hard disk vdiske
[    2.498619] sunvdc: vdiske: 20971520 sectors (10240 MB) protocol 1.2
[    2.502649]  vdiske: vdiske1 vdiske2 vdiske3
[    2.533488] sunvnet: sunvnet 2.0 (February 3, 2017)
[    2.539230] vnet_port vnet-port-0-0 eth0: Sun LDOM vnet 00:14:4f:f8:12:a3
[    2.539547] sunvnet: eth0: PORT ( remote-mac 00:14:4f:fa:f3:f0 switch-port )
[    2.541337] sunvnet: eth0: PORT ( remote-mac 00:14:4f:f8:e5:f3 )
[    2.543117] sunvnet: eth0: PORT ( remote-mac 00:14:4f:f9:b4:97 )
[    2.544917] sunvnet: eth0: PORT ( remote-mac 00:14:4f:f8:3f:1e )
[    2.546730] sunvnet: eth0: PORT ( remote-mac 00:14:4f:f8:fe:47 )
[    2.548504] sunvnet: eth0: PORT ( remote-mac 00:14:4f:f9:8b:83 )
[    2.550269] sunvnet: eth0: PORT ( remote-mac 00:14:4f:f9:6c:d1 )
[    2.551963] rtc-sun4v rtc-sun4v: registered as rtc0
[    2.552754] sun4v_wdt: initialized (timeout=60s, nowayout=0)
[    2.553786] device-mapper: uevent: version 1.0.3
[    2.556245] device-mapper: ioctl: 4.41.0-ioctl (2019-09-16) initialised: dm-devel@redhat.com
[    2.558053] NET: Registered protocol family 17
[    2.558935] registered taskstats version 1
[    2.568747] zswap: default zpool zbud not available
[    2.568800] zswap: pool creation failed
[    2.569752] kmemleak: Kernel memory leak detector initialized (mem pool available: 6234)
[    2.569763] kmemleak: Automatic memory scanning thread started
[    2.618360] Key type big_key registered
[    2.618427] AppArmor: AppArmor sha1 policy hashing enabled
[    2.619378] rtc-sun4v rtc-sun4v: setting system clock to 2019-10-08T14:08:56 UTC (1570543736)
[    2.628451] This architecture does not have kernel memory protection.
[    2.628499] Run /init as init process
[    3.420320] random: fast init done
[    3.436415] crc32c_sparc64: Using sparc64 crc32c opcode optimized CRC32C implementation
[    4.046375] raid6: int64x8  gen()  2167 MB/s
[    4.216352] raid6: int64x8  xor()  1569 MB/s
[    4.386375] raid6: int64x4  gen()  3474 MB/s
[    4.556366] raid6: int64x4  xor()  2005 MB/s
[    4.726377] raid6: int64x2  gen()  2867 MB/s
[    4.896359] raid6: int64x2  xor()  1998 MB/s
[    5.066375] raid6: int64x1  gen()  2854 MB/s
[    5.236377] raid6: int64x1  xor()  1624 MB/s
[    5.236419] raid6: using algorithm int64x4 gen() 3474 MB/s
[    5.236460] raid6: .... xor() 2005 MB/s, rmw enabled
[    5.236499] raid6: using intx1 recovery algorithm
[    5.237960] async_tx: api initialized (async)
[    5.239050] xor: automatically using best checksumming function   Niagara   
[    5.497813] EXT4-fs (vdiska2): mounted filesystem with ordered data mode. Opts: (null)
[    5.778793] systemd[1]: Inserted module 'autofs4'
[    5.800603] NET: Registered protocol family 10
[    5.816887] Segment Routing with IPv6
[    5.860054] systemd[1]: systemd 242 running in system mode. (+PAM +AUDIT +SELINUX +IMA +APPARMOR +SMACK +SYSVINIT +UTMP +LIBCRYPTSETUP +GCRYPT +GNUTLS +ACL +XZ +LZ4 -SECCOMP +BLKID +ELFUTILS +KMOD +IDN2 -IDN +PCRE2 default-hierarchy=hybrid)
[    5.860725] systemd[1]: Detected architecture sparc64.
[    5.972149] systemd[1]: Set hostname to <ttip.nvglabs.local>.
[    5.981566] systemd[1]: Failed to bump fs.file-max, ignoring: Invalid argument
[    6.131059] random: lvmconfig: uninitialized urandom read (4 bytes read)
[    6.613132] systemd[1]: /lib/systemd/system/dbus.socket:4: ListenStream= references a path below legacy directory /var/run/, updating /var/run/dbus/system_bus_socket → /run/dbus/system_bus_socket; please update the unit file accordingly.
[    6.656598] systemd[1]: /lib/systemd/system/pcscd.socket:4: ListenStream= references a path below legacy directory /var/run/, updating /var/run/pcscd/pcscd.comm → /run/pcscd/pcscd.comm; please update the unit file accordingly.
[    6.673193] random: systemd: uninitialized urandom read (16 bytes read)
[    6.674265] systemd[1]: Listening on udev Control Socket.
[    6.675462] random: systemd: uninitialized urandom read (16 bytes read)
[    6.676121] systemd[1]: Started Dispatch Password Requests to Console Directory Watch.
[    6.710977] systemd[1]: Created slice system-postfix.slice.
[    6.712885] systemd[1]: Listening on Journal Socket (/dev/log).
[    6.984826] EXT4-fs (vdiska2): re-mounted. Opts: errors=remount-ro
[    7.469034] systemd-journald[476]: Received request to flush runtime journal from PID 1
[    8.057494] sha1_sparc64: Using sparc64 sha1 opcode optimized SHA-1 implementation
[    8.098622] n2rng v0.3 (Jan 7, 2017)
[    8.098737] n2rng f029b104: Registered RNG HVAPI major 2 minor 0
[    8.098845] n2rng f029b104: Found multi-unit-capable RNG, units: 2
[    8.100663] n2rng f029b104: RNG ready
[    8.137008] sha256_sparc64: Using sparc64 sha256 opcode optimized SHA-256/SHA-224 implementation
[    8.212163] sha512_sparc64: Using sparc64 sha512 opcode optimized SHA-512/SHA-384 implementation
[    8.219905] md5_sparc64: Using sparc64 md5 opcode optimized MD5 implementation
[    8.240187] aes_sparc64: Using sparc64 aes opcodes optimized AES implementation
[    8.298524] pktcdvd: setup of pktcdvd device failed
[    8.315873] des_sparc64: Using sparc64 des opcodes optimized DES implementation
[    8.459023] camellia_sparc64: Using sparc64 camellia opcodes optimized CAMELLIA implementation
[    8.552785] pktcdvd: setup of pktcdvd device failed
[    8.715042] pktcdvd: setup of pktcdvd device failed
[    8.761180] pktcdvd: setup of pktcdvd device failed
[    8.785934] pktcdvd: setup of pktcdvd device failed
[    8.810220] pktcdvd: setup of pktcdvd device failed
[    8.833586] pktcdvd: setup of pktcdvd device failed
[    8.855932] pktcdvd: setup of pktcdvd device failed
[   10.746132] XFS (dm-0): Mounting V5 Filesystem
[   11.828300] Adding 787176k swap on /dev/vdiska4.  Priority:-2 extents:1 across:787176k FS
[   11.975948] EXT4-fs (vdiska1): mounting ext3 file system using the ext4 subsystem
[   12.014027] EXT4-fs (vdiska1): mounted filesystem with ordered data mode. Opts: (null)
[   12.016326] Mounted ext3 file system at /boot supports timestamps until 2038 (0x7fffffff)
[   13.195207] XFS (dm-0): Ending clean mount
[   13.200323] Mounted xfs file system at /1 supports timestamps until 2038 (0x7fffffff)
[   13.451663] Kernel unaligned access at TPC[864978] aa_dfa_unpack+0x38/0x5a0
[   13.451824] Kernel unaligned access at TPC[864998] aa_dfa_unpack+0x58/0x5a0
[   13.451906] Kernel unaligned access at TPC[864a50] aa_dfa_unpack+0x110/0x5a0
[   13.452008] Kernel unaligned access at TPC[864b30] aa_dfa_unpack+0x1f0/0x5a0
[   13.452091] Kernel unaligned access at TPC[864b44] aa_dfa_unpack+0x204/0x5a0
[   13.453915] audit: type=1400 audit(1570543747.320:2): apparmor="STATUS" operation="profile_load" profile="unconfined" name="/usr/sbin/haveged" pid=671 comm="apparmor_parser"
[   13.455819] audit: type=1400 audit(1570543747.320:3): apparmor="STATUS" operation="profile_load" profile="unconfined" name="lsb_release" pid=676 comm="apparmor_parser"
[   13.460786] audit: type=1400 audit(1570543747.330:4): apparmor="STATUS" operation="profile_load" profile="unconfined" name="nvidia_modprobe" pid=672 comm="apparmor_parser"
[   13.461062] audit: type=1400 audit(1570543747.330:5): apparmor="STATUS" operation="profile_load" profile="unconfined" name="nvidia_modprobe//kmod" pid=672 comm="apparmor_parser"
[   13.462889] audit: type=1400 audit(1570543747.330:6): apparmor="STATUS" operation="profile_load" profile="unconfined" name="/usr/sbin/named" pid=675 comm="apparmor_parser"
[   13.467100] audit: type=1400 audit(1570543747.340:7): apparmor="STATUS" operation="profile_load" profile="unconfined" name="/usr/sbin/tcpdump" pid=674 comm="apparmor_parser"
[   13.478695] audit: type=1400 audit(1570543747.350:8): apparmor="STATUS" operation="profile_load" profile="unconfined" name="/usr/bin/man" pid=673 comm="apparmor_parser"
[   13.478915] audit: type=1400 audit(1570543747.350:9): apparmor="STATUS" operation="profile_load" profile="unconfined" name="man_filter" pid=673 comm="apparmor_parser"
[   13.479127] audit: type=1400 audit(1570543747.350:10): apparmor="STATUS" operation="profile_load" profile="unconfined" name="man_groff" pid=673 comm="apparmor_parser"
[   14.257332] random: crng init done
[   14.257398] random: 7 urandom warning(s) missed due to ratelimiting
[   16.451751] tun: Universal TUN/TAP device driver, 1.6

[   16.615369] ======================================================
[   16.615379] WARNING: possible circular locking dependency detected
[   16.615392] 5.3.0-13258-g2d880b8709c0-dirty #1259 Not tainted
[   16.615403] ------------------------------------------------------
[   16.615414] iptables-restor/899 is trying to acquire lock:
[   16.615427] 00000000104d6120 (&table[i].mutex){+.+.}, at: nfnl_lock+0x24/0x40 [nfnetlink]
[   16.615459] 
               but task is already holding lock:
[   16.615471] 0000000000e0e4a0 (&net->nft.commit_mutex){+.+.}, at: nf_tables_valid_genid+0x10/0x60 [nf_tables]
[   16.615511] 
               which lock already depends on the new lock.

[   16.615525] 
               the existing dependency chain (in reverse order) is:
[   16.615537] 
               -> #1 (&net->nft.commit_mutex){+.+.}:
[   16.615561]        __mutex_lock+0xac/0x9a0
[   16.615572]        mutex_lock_nested+0x1c/0x40
[   16.615591]        nf_tables_valid_genid+0x10/0x60 [nf_tables]
[   16.615604]        nfnetlink_rcv_batch+0x228/0x620 [nfnetlink]
[   16.615617]        nfnetlink_rcv+0x110/0x140 [nfnetlink]
[   16.615632]        netlink_unicast+0x128/0x200
[   16.615641]        netlink_sendmsg+0x334/0x380
[   16.615660]        sock_sendmsg+0x34/0x80
[   16.615669]        ___sys_sendmsg+0x234/0x260
[   16.615678]        __sys_sendmsg+0x48/0x80
[   16.615686]        sys_sendmsg+0x18/0x40
[   16.615701]        linux_sparc_syscall+0x34/0x44
[   16.615709] 
               -> #0 (&table[i].mutex){+.+.}:
[   16.615729]        __lock_acquire+0x1af0/0x2500
[   16.615738]        lock_acquire+0x1a4/0x1c0
[   16.615746]        __mutex_lock+0xac/0x9a0
[   16.615754]        mutex_lock_nested+0x1c/0x40
[   16.615763]        nfnl_lock+0x24/0x40 [nfnetlink]
[   16.615777]        ip_set_nfnl_get_byindex+0x18c/0x280 [ip_set]
[   16.615791]        set_match_v1_checkentry+0x14/0xc0 [xt_set]
[   16.615808]        xt_check_match+0x23c/0x280 [x_tables]
[   16.615819]        __nft_match_init+0x160/0x180 [nft_compat]
[   16.615828]        nft_match_init+0x18/0x40 [nft_compat]
[   16.615842]        nf_tables_newrule+0x50c/0x780 [nf_tables]
[   16.615854]        nfnetlink_rcv_batch+0x3d0/0x620 [nfnetlink]
[   16.615866]        nfnetlink_rcv+0x110/0x140 [nfnetlink]
[   16.615877]        netlink_unicast+0x128/0x200
[   16.615888]        netlink_sendmsg+0x334/0x380
[   16.615898]        sock_sendmsg+0x34/0x80
[   16.615911]        ___sys_sendmsg+0x234/0x260
[   16.615921]        __sys_sendmsg+0x48/0x80
[   16.615930]        sys_sendmsg+0x18/0x40
[   16.615941]        linux_sparc_syscall+0x34/0x44
[   16.615950] 
               other info that might help us debug this:

[   16.615964]  Possible unsafe locking scenario:

[   16.615974]        CPU0                    CPU1
[   16.615983]        ----                    ----
[   16.615991]   lock(&net->nft.commit_mutex);
[   16.616001]                                lock(&table[i].mutex);
[   16.616013]                                lock(&net->nft.commit_mutex);
[   16.616024]   lock(&table[i].mutex);
[   16.616032] 
                *** DEADLOCK ***

[   16.616043] 1 lock held by iptables-restor/899:
[   16.616050]  #0: 0000000000e0e4a0 (&net->nft.commit_mutex){+.+.}, at: nf_tables_valid_genid+0x10/0x60 [nf_tables]
[   16.616073] 
               stack backtrace:
[   16.616084] CPU: 27 PID: 899 Comm: iptables-restor Not tainted 5.3.0-13258-g2d880b8709c0-dirty #1259
[   16.616094] Call Trace:
[   16.616104]  [00000000004cf03c] print_circular_bug.isra.0+0x1bc/0x1e0
[   16.616114]  [00000000004cf278] check_noncircular+0x218/0x240
[   16.616123]  [00000000004d3b90] __lock_acquire+0x1af0/0x2500
[   16.616133]  [00000000004d4f24] lock_acquire+0x1a4/0x1c0
[   16.616142]  [0000000000b28a4c] __mutex_lock+0xac/0x9a0
[   16.616151]  [0000000000b2935c] mutex_lock_nested+0x1c/0x40
[   16.616161]  [00000000104d4024] nfnl_lock+0x24/0x40 [nfnetlink]
[   16.616172]  [000000001050f2ac] ip_set_nfnl_get_byindex+0x18c/0x280 [ip_set]
[   16.616183]  [00000000105465b4] set_match_v1_checkentry+0x14/0xc0 [xt_set]
[   16.616195]  [000000001036489c] xt_check_match+0x23c/0x280 [x_tables]
[   16.616206]  [0000000010534c40] __nft_match_init+0x160/0x180 [nft_compat]
[   16.616216]  [0000000010534cf8] nft_match_init+0x18/0x40 [nft_compat]
[   16.616231]  [00000000104e9dcc] nf_tables_newrule+0x50c/0x780 [nf_tables]
[   16.616245]  [00000000104d4890] nfnetlink_rcv_batch+0x3d0/0x620 [nfnetlink]
[   16.616259]  [00000000104d4bf0] nfnetlink_rcv+0x110/0x140 [nfnetlink]
[   16.616275]  [0000000000a21f28] netlink_unicast+0x128/0x200
