[    0.000028] PROMLIB: Sun IEEE Boot Prom 'OBP 4.38.17 2019/01/25 08:22'
[    0.000063] PROMLIB: Root node compatible: sun4v
[    0.000157] Linux version 5.13.0-rc1-00115-gb8e00abe7d9f (mator@ttip) (gcc (Debian 10.2.1-6) 10.2.1 20210110, GNU ld (GNU Binutils for Debian) 2.35.2) #253 SMP Sat Jul 3 00:53:13 MSK 2021
[    0.001052] printk: bootconsole [earlyprom0] enabled
[    0.001205] ARCH: SUN4V
[    0.001336] Ethernet address: 00:14:4f:fa:06:f2
[    0.001476] MM: PAGE_OFFSET is 0xfff8000000000000 (max_phys_bits == 47)
[    0.001654] MM: VMALLOC [0x0000000100000000 --> 0x0006000000000000]
[    0.001822] MM: VMEMMAP [0x0006000000000000 --> 0x000c000000000000]
[    0.091918] Kernel: Using 5 locked TLB entries for main kernel image.
[    0.092385] Remapping the kernel... 
[    0.092546] done.
[    0.270893] OF stdout device is: /virtual-devices@100/console@1
[    0.271304] PROM: Built device tree with 79473 bytes of memory.
[    0.271703] MDESC: Size is 29712 bytes.
[    0.272260] PLATFORM: banner-name [SPARC T5-2]
[    0.272517] PLATFORM: name [ORCL,SPARC-T5-2]
[    0.272747] PLATFORM: hostid [84fa06f2]
[    0.272955] PLATFORM: serial# [0035260e]
[    0.273154] PLATFORM: stick-frequency [3b9aca00]
[    0.273366] PLATFORM: mac-address [144ffa06f2]
[    0.273574] PLATFORM: watchdog-resolution [1000 ms]
[    0.273789] PLATFORM: watchdog-max-timeout [31536000000 ms]
[    0.274014] PLATFORM: max-cpus [1024]
[    0.274313] Top of RAM: 0x22f948000, Total RAM: 0x1ff382000
[    0.274539] Memory hole size: 773MB
[    0.282720] Allocated 24576 bytes for kernel page tables.
[    0.283095] Zone ranges:
[    0.283305]   Normal   [mem 0x0000000030400000-0x000000022f947fff]
[    0.283646] Movable zone start for each node
[    0.283877] Early memory node ranges
[    0.284073]   node   0: [mem 0x0000000030400000-0x000000006febffff]
[    0.284358]   node   0: [mem 0x000000006ff40000-0x000000006ff47fff]
[    0.284635]   node   0: [mem 0x0000000070000000-0x000000022f8b1fff]
[    0.284901]   node   0: [mem 0x000000022f940000-0x000000022f947fff]
[    0.285143] Initmem setup node 0 [mem 0x0000000030400000-0x000000022f947fff]
[    0.285412] On node 0 totalpages: 1046977
[    0.285435]   Normal zone: 9204 pages used for memmap
[    0.285453]   Normal zone: 0 pages reserved
[    0.285469]   Normal zone: 1046977 pages, LIFO batch:31
[    0.314924]   Normal zone: 132671 pages in unavailable ranges
[    0.315380] Booting Linux...
[    0.315670] CPU CAPS: [flush,stbar,swap,muldiv,v9,blkinit,n2,mul32]
[    0.316218] CPU CAPS: [div32,v8plus,popc,vis,vis2,ASIBlkInit,fmaf,vis3]
[    0.316713] CPU CAPS: [hpc,ima,pause,cbcond,aes,des,kasumi,camellia]
[    0.317163] CPU CAPS: [md5,sha1,sha256,sha512,mpmul,montmul,montsqr,crc32c]
[    0.552155] percpu: Embedded 20 pages/cpu s119504 r8192 d36144 u262144
[    0.552629] pcpu-alloc: s119504 r8192 d36144 u262144 alloc=1*4194304
[    0.552649] pcpu-alloc: [0] 000 001 002 003 004 005 006 007 008 009 010 011 012 013 014 015 
[    0.552767] pcpu-alloc: [0] 016 017 018 019 020 021 022 023 024 025 026 027 028 029 030 031 
[    0.552885] pcpu-alloc: [0] 032 033 034 035 036 037 038 039 040 041 042 043 044 045 046 047 
[    0.553001] pcpu-alloc: [0] 048 049 050 051 052 053 054 055 056 057 058 059 060 061 062 063 
[    0.553112] pcpu-alloc: [0] 064 065 066 067 068 069 070 071 072 073 074 075 076 077 078 079 
[    0.553224] pcpu-alloc: [0] 080 081 082 083 084 085 086 087 088 089 090 091 092 093 094 095 
[    0.553335] pcpu-alloc: [0] 096 097 098 099 100 101 102 103 104 105 106 107 108 109 110 111 
[    0.553447] pcpu-alloc: [0] 112 113 114 115 116 117 118 119 120 121 122 123 124 125 126 127 
[    0.553559] pcpu-alloc: [0] 128 129 130 131 132 133 134 135 136 137 138 139 140 141 142 143 
[    0.553670] pcpu-alloc: [0] 144 145 146 147 148 149 150 151 152 153 154 155 156 157 158 159 
[    0.553777] pcpu-alloc: [0] 160 161 162 163 164 165 166 167 168 169 170 171 172 173 174 175 
[    0.553884] pcpu-alloc: [0] 176 177 178 179 180 181 182 183 184 185 186 187 188 189 190 191 
[    0.553991] pcpu-alloc: [0] 192 193 194 195 196 197 198 199 200 201 202 203 204 205 206 207 
[    0.554098] pcpu-alloc: [0] 208 209 210 211 212 213 214 215 216 217 218 219 220 221 222 223 
[    0.554205] pcpu-alloc: [0] 224 225 226 227 228 229 230 231 232 233 234 235 236 237 238 239 
[    0.554312] pcpu-alloc: [0] 240 241 242 243 244 245 246 247 248 249 250 251 252 253 254 255 
[    0.555170] SUN4V: Mondo queue sizes [cpu(131072) dev(16384) r(8192) nr(256)]
[    0.555643] Built 1 zonelists, mobility grouping on.  Total pages: 1037773
[    0.555768] Kernel command line: BOOT_IMAGE=/vmlinux-5.13.0-rc1-00115-gb8e00abe7d9f root=/dev/vdiska2 ro
[    0.556265] printk: log_buf_len individual max cpu contribution: 4096 bytes
[    0.556366] printk: log_buf_len total cpu_extra contributions: 1044480 bytes
[    0.556467] printk: log_buf_len min size: 131072 bytes
[    0.558670] printk: log_buf_len: 2097152 bytes
[    0.558752] printk: early log buf free: 126568(96%)
[    0.559854] Dentry cache hash table entries: 1048576 (order: 10, 8388608 bytes, linear)
[    0.560514] Inode-cache hash table entries: 524288 (order: 9, 4194304 bytes, linear)
[    0.560631] Sorting __ex_table...
[    0.561008] mem auto-init: stack:off, heap alloc:off, heap free:off
[    0.565312] Memory: 1260952K/8375816K available (8765K kernel code, 1696K rwdata, 2912K rodata, 632K init, 3134K bss, 205576K reserved, 0K cma-reserved)
[    0.565553] random: get_random_u64 called from kmem_cache_open+0xcc/0x3e0 with crng_init=0
[    0.567028] SLUB: HWalign=32, Order=0-3, MinObjects=0, CPUs=256, Nodes=1
[    0.567685] ftrace: allocating 27354 entries in 54 pages
[    0.582494] ftrace: allocated 54 pages with 4 groups
[    0.582822] trace event string verifier disabled
[    0.588494] rcu: Hierarchical RCU implementation.
[    0.588574] rcu: 	RCU debug extended QS entry/exit.
[    0.588650] 	Rude variant of Tasks RCU enabled.
[    0.588720] 	Tracing variant of Tasks RCU enabled.
[    0.588793] rcu: RCU calculated value of scheduler-enlistment delay is 26 jiffies.
[    0.602594] NR_IRQS: 2048, nr_irqs: 2048, preallocated irqs: 1
[    0.603025] SUN4V: Using IRQ API major 3, cookie only virqs enabled
[    0.615503] clocksource: stick: mask: 0xffffffffffffffff max_cycles: 0x1cd42e4dffb, max_idle_ns: 881590591483 ns
[    0.615779] clocksource: mult[800000] shift[23]
[    0.615886] clockevent: mult[80000000] shift[31]
[    0.617010] Console: colour dummy device 80x25
[    0.617116] printk: console [tty0] enabled
[    0.617239] printk: bootconsole [earlyprom0] disabled
[    0.617370] Lock dependency validator: Copyright (c) 2006 Red Hat, Inc., Ingo Molnar
[    0.617423] ... MAX_LOCKDEP_SUBCLASSES:  8
[    0.617456] ... MAX_LOCK_DEPTH:          48
[    0.617489] ... MAX_LOCKDEP_KEYS:        8192
[    0.617523] ... CLASSHASH_SIZE:          4096
[    0.617557] ... MAX_LOCKDEP_ENTRIES:     16384
[    0.617591] ... MAX_LOCKDEP_CHAINS:      32768
[    0.617626] ... CHAINHASH_SIZE:          16384
[    0.617661]  memory used by lock dependency info: 2603 kB
[    0.617701]  per task-struct memory footprint: 1920 bytes
[    0.696353] Calibrating delay using timer specific routine.. 2012.14 BogoMIPS (lpj=4024297)
[    0.696406] pid_max: default: 262144 minimum: 2048
[    0.696908] LSM: Security Framework initializing
[    0.697175] Mount-cache hash table entries: 16384 (order: 4, 131072 bytes, linear)
[    0.697238] Mountpoint-cache hash table entries: 16384 (order: 4, 131072 bytes, linear)
[    0.701398] rcu: Hierarchical SRCU implementation.
[    0.712031] smp: Bringing up secondary CPUs ...
[    0.736643] smp: Brought up 1 node, 24 CPUs
[    0.819260] node 0 deferred pages initialised in 80ms
[    0.822003] devtmpfs: initialized
[    0.836736] Performance events: 
[    0.836854] Testing NMI watchdog ... 
[    0.917236] OK.
[    0.917651] Supported PMU type is 'niagara5'
[    0.923486] ldc.c:v1.1 (July 22, 2008)
[    0.928138] clocksource: jiffies: mask: 0xffffffff max_cycles: 0xffffffff, max_idle_ns: 7645041785100000 ns
[    0.928457] futex hash table entries: 65536 (order: 10, 8388608 bytes, linear)
[    0.978644] NET: Registered protocol family 16
[    0.997122] VIO: Adding device channel-devices (tx_ino = ffffffffffffffff, rx_ino = ffffffffffffffff)
[    0.997722] VIO: Adding device vnet-port-0-0 (tx_ino = 0, rx_ino = 1)
[    0.998185] VIO: Adding device vnet-port-0-1 (tx_ino = 2, rx_ino = 3)
[    0.998708] VIO: Adding device vnet-port-0-2 (tx_ino = 4, rx_ino = 5)
[    0.999144] VIO: Adding device vnet-port-0-3 (tx_ino = 6, rx_ino = 7)
[    0.999566] VIO: Adding device vnet-port-0-4 (tx_ino = 8, rx_ino = 9)
[    0.999985] VIO: Adding device vdc-port-2-0 (tx_ino = a, rx_ino = b)
[    1.000403] VIO: Adding device vdc-port-1-0 (tx_ino = c, rx_ino = d)
[    1.000884] VIO: Adding device vdc-port-0-0 (tx_ino = e, rx_ino = f)
[    1.001326] VIO: Adding device vlds-port-0-0 (tx_ino = 10, rx_ino = 11)
[    1.001767] VIO: Adding device domain-services-port-0 (tx_ino = 10, rx_ino = 11)
[    1.002868] audit: initializing netlink subsys (disabled)
[    1.003782] audit: type=2000 audit(0.380:1): state=initialized audit_enabled=0 res=1
[    1.088766] HugeTLB registered 64.0 KiB page size, pre-allocated 0 pages
[    1.088958] HugeTLB registered 8.00 MiB page size, pre-allocated 0 pages
[    1.089135] HugeTLB registered 256 MiB page size, pre-allocated 0 pages
[    1.089308] HugeTLB registered 2.00 GiB page size, pre-allocated 0 pages
[    2.801222] SUN4V: Reboot data supported (maj=1,min=0).
[    2.802786] ds.c:v1.0 (Jul 11, 2007)
[    2.803892] ds-0: ds_conn_reset() from send_events
[    2.807422] clocksource: Switched to clocksource stick
[    3.452849] VFS: Disk quotas dquot_6.6.0
[    3.453792] VFS: Dquot-cache hash table entries: 1024 (order 0, 8192 bytes)
[    3.496325] NET: Registered protocol family 2
[    3.497526] IP idents hash table entries: 131072 (order: 7, 1048576 bytes, linear)
[    3.523142] tcp_listen_portaddr_hash hash table entries: 4096 (order: 5, 327680 bytes, linear)
[    3.526376] TCP established hash table entries: 65536 (order: 6, 524288 bytes, linear)
[    3.529480] TCP bind hash table entries: 65536 (order: 9, 4718592 bytes, linear)
[    3.576690] TCP: Hash tables configured (established 65536 bind 65536)
[    3.591570] UDP hash table entries: 4096 (order: 6, 655360 bytes, linear)
[    3.601111] UDP-Lite hash table entries: 4096 (order: 6, 655360 bytes, linear)
[    3.623635] NET: Registered protocol family 1
[    3.623959] NET: Registered protocol family 44
[    3.625961] Trying to unpack rootfs image as initramfs...
[    3.668883] Initialise system trusted keyrings
[    3.669853] workingset: timestamp_bits=46 max_order=20 bucket_order=0
[    3.708974] zbud: loaded
[    3.718417] SGI XFS with ACLs, security attributes, realtime, quota, no debug enabled
[    3.730904] Key type asymmetric registered
[    3.731023] Asymmetric key parser 'x509' registered
[    3.731212] Block layer SCSI generic (bsg) driver version 0.4 loaded (major 252)
[    3.733421] io scheduler mq-deadline registered
[    3.739771] f029b788: ttyHV0 at I/O 0x0 (irq = 1, base_baud = 115200) is a SUN4V HCONS
[    3.741535] printk: console [ttyHV0] enabled
[    3.743396] n2rng v0.3 (Jan 7, 2017)
[    3.743461] n2rng f029b104: Registered RNG HVAPI major 2 minor 0
[    3.743526] n2rng f029b104: Found multi-unit-capable RNG, units: 2
[    3.745807] n2rng f029b104: RNG ready
[    3.746709] sunvdc.c:v1.2 (November 24, 2014)
[    3.749350] sunvdc: Virtual Hard disk vdiskc
[    3.749379] sunvdc: vdiskc: 104857600 sectors (51200 MB) protocol 1.2
[    3.813340] sunvdc: Virtual Hard disk vdiskb
[    3.813445] sunvdc: vdiskb: 62914560 sectors (30720 MB) protocol 1.2
[    3.815401]  vdiskb: vdiskb1
[    3.890210] sunvdc: Virtual Hard disk vdiska
[    3.890300] sunvdc: vdiska: 31457280 sectors (15360 MB) protocol 1.2
[    3.894346]  vdiska: vdiska1 vdiska2 vdiska3 vdiska4
[    3.959022] rtc-sun4v rtc-sun4v: registered as rtc0
[    3.959238] rtc-sun4v rtc-sun4v: setting system clock to 2021-07-04T10:49:29 UTC (1625395769)
[    3.960353] rtc-test rtc-test.0: registered as rtc1
[    3.973916] rtc rtc2: invalid alarm value: 18446744073704833233-01-10T00:26:42
[    3.974158] rtc-test rtc-test.1: registered as rtc2
[    3.984071] rtc rtc3: invalid alarm value: 18446744073704833233-01-10T00:26:42
[    3.984403] rtc-test rtc-test.2: registered as rtc3
[    3.985001] softdog: initialized. soft_noboot=0 soft_margin=60 sec soft_panic=0 (nowayout=0)
[    3.985092] softdog:              soft_reboot_cmd=<not set> soft_active_on_boot=0
[    3.989109] NET: Registered protocol family 10
[    4.491014] Freeing initrd memory: 27216K
[    4.515781] Segment Routing with IPv6
[    4.515940] mip6: Mobile IPv6
[    4.515987] NET: Registered protocol family 17
[    4.523924] registered taskstats version 1
[    4.523967] Loading compiled-in X.509 certificates
[    4.532058] zswap: loaded using pool lzo/zbud
[    4.536458] This architecture does not have kernel memory protection.
[    4.536507] Run /init as init process
[    4.536536]   with arguments:
[    4.536543]     /init
[    4.536549]   with environment:
[    4.536555]     HOME=/
[    4.536561]     TERM=linux
[    4.536567]     BOOT_IMAGE=/vmlinux-5.13.0-rc1-00115-gb8e00abe7d9f
[    6.248501] sunvnet_common: module verification failed: signature and/or required key missing - tainting kernel
[    6.254590] sunvnet: sunvnet 2.0 (February 3, 2017)
[    6.257434] vnet_port vnet-port-0-0 eth0: Sun LDOM vnet 00:14:4f:f8:12:a3
[    6.257689] sunvnet: eth0: PORT ( remote-mac 00:14:4f:fa:f3:f0 switch-port )
[    6.258151] sunvnet: eth0: PORT ( remote-mac 00:14:4f:f8:e5:f3 )
[    6.258575] sunvnet: eth0: PORT ( remote-mac 00:14:4f:f8:3f:1e )
[    6.258977] sunvnet: eth0: PORT ( remote-mac 00:14:4f:f9:b4:97 )
[    6.259439] sunvnet: eth0: PORT ( remote-mac 00:14:4f:f9:8b:83 )
[    6.269891] random: lvm: uninitialized urandom read (4 bytes read)
[    6.273241] crc32c_sparc64: Using sparc64 crc32c opcode optimized CRC32C implementation
[    6.302027] device-mapper: uevent: version 1.0.3
[    6.302404] device-mapper: ioctl: 4.45.0-ioctl (2021-03-22) initialised: dm-devel@redhat.com
[    6.307089] random: lvm: uninitialized urandom read (2 bytes read)
[    6.850188] xor: automatically using best checksumming function   Niagara   
[    6.927520] raid6: int64x8  gen()   294 MB/s
[    6.995310] raid6: int64x8  xor()   212 MB/s
[    7.063345] raid6: int64x4  gen()   459 MB/s
[    7.131391] raid6: int64x4  xor()   199 MB/s
[    7.199394] raid6: int64x2  gen()   399 MB/s
[    7.267328] raid6: int64x2  xor()   155 MB/s
[    7.335277] raid6: int64x1  gen()   327 MB/s
[    7.403378] raid6: int64x1  xor()   151 MB/s
[    7.403520] raid6: using algorithm int64x4 gen() 459 MB/s
[    7.403678] raid6: .... xor() 199 MB/s, rmw enabled
[    7.403821] raid6: using intx1 recovery algorithm
[    7.636132] random: fast init done
[    8.107860] EXT4-fs (vdiska2): mounted filesystem with ordered data mode. Opts: (null). Quota mode: none.
[   10.572388] systemd[1]: Inserted module 'autofs4'
[   10.775698] systemd[1]: systemd 247.3-5 running in system mode. (+PAM +AUDIT +SELINUX +IMA +APPARMOR +SMACK +SYSVINIT +UTMP +LIBCRYPTSETUP +GCRYPT +GNUTLS +ACL +XZ +LZ4 +ZSTD -SECCOMP +BLKID +ELFUTILS +KMOD +IDN2 -IDN +PCRE2 default-hierarchy=unified)
[   10.777899] systemd[1]: Detected architecture sparc64.
[   10.814497] systemd[1]: Set hostname to <ttip>.
[   12.000258] random: lvmconfig: uninitialized urandom read (4 bytes read)
[   14.249009] systemd[1]: Queued start job for default target Multi-User System.
[   14.252741] random: systemd: uninitialized urandom read (16 bytes read)
[   14.307342] systemd[1]: Created slice system-getty.slice.
[   14.308448] random: systemd: uninitialized urandom read (16 bytes read)
[   14.316060] systemd[1]: Created slice system-modprobe.slice.
[   14.316383] random: systemd: uninitialized urandom read (16 bytes read)
[   14.322266] systemd[1]: Created slice system-openvpn\x2dclient.slice.
[   14.328335] systemd[1]: Created slice system-postfix.slice.
[   14.334231] systemd[1]: Created slice system-systemd\x2dfsck.slice.
[   14.340909] systemd[1]: Created slice User and Session Slice.
[   14.341670] systemd[1]: Started Dispatch Password Requests to Console Directory Watch.
[   14.342354] systemd[1]: Started Forward Password Requests to Wall Directory Watch.
[   14.344760] systemd[1]: Set up automount Arbitrary Executable File Formats File System Automount Point.
[   14.345224] systemd[1]: Reached target Local Encrypted Volumes.
[   14.345643] systemd[1]: Reached target Paths.
[   14.346008] systemd[1]: Reached target Slices.
[   14.346772] systemd[1]: Listening on Device-mapper event daemon FIFOs.
[   14.347654] systemd[1]: Listening on LVM2 poll daemon socket.
[   14.369745] systemd[1]: Listening on RPCbind Server Activation Socket.
[   14.371807] systemd[1]: Listening on Syslog Socket.
[   14.372818] systemd[1]: Listening on fsck to fsckd communication Socket.
[   14.373533] systemd[1]: Listening on initctl Compatibility Named Pipe.
[   14.374646] systemd[1]: Listening on Journal Audit Socket.
[   14.375489] systemd[1]: Listening on Journal Socket (/dev/log).
[   14.376526] systemd[1]: Listening on Journal Socket.
[   14.377562] systemd[1]: Listening on udev Control Socket.
[   14.378312] systemd[1]: Listening on udev Kernel Socket.
[   14.389577] systemd[1]: Mounting Huge Pages File System...
[   14.424709] systemd[1]: Mounting POSIX Message Queue File System...
[   14.457878] systemd[1]: Mounting RPC Pipe File System...
[   14.498543] systemd[1]: Mounting Kernel Debug File System...
[   14.512768] systemd[1]: Mounting Kernel Trace File System...
[   14.513811] systemd[1]: Condition check resulted in Kernel Module supporting RPCSEC_GSS being skipped.
[   14.514725] systemd[1]: Finished Availability of block devices.
[   14.525443] systemd[1]: Starting Wait for network to be configured by ifupdown...
[   14.535519] systemd[1]: Starting Create list of static device nodes for the current kernel...
[   14.543172] RPC: Registered named UNIX socket transport module.
[   14.543221] RPC: Registered udp transport module.
[   14.543289] RPC: Registered tcp transport module.
[   14.543327] RPC: Registered tcp NFSv4.1 backchannel transport module.
[   14.550709] systemd[1]: Starting Monitoring of LVM2 mirrors, snapshots etc. using dmeventd or progress polling...
[   14.596612] systemd[1]: Starting Load Kernel Module configfs...
[   14.633593] systemd[1]: Starting Load Kernel Module drm...
[   14.645053] systemd[1]: Starting Load Kernel Module fuse...
[   14.656528] systemd[1]: Starting nftables...
[   14.678717] systemd[1]: Condition check resulted in Set Up Additional Binary Formats being skipped.
[   14.679492] systemd[1]: Condition check resulted in File System Check on Root Device being skipped.
[   14.687384] fuse: init (API version 7.33)
[   14.700428] systemd[1]: Starting Journal Service...
[   14.740307] systemd[1]: Starting Load Kernel Modules...
[   14.750286] systemd[1]: Starting Remount Root and Kernel File Systems...
[   14.760035] systemd[1]: Starting Coldplug All udev Devices...
[   14.772056] systemd[1]: Mounted Huge Pages File System.
[   14.773042] systemd[1]: Mounted POSIX Message Queue File System.
[   14.774043] systemd[1]: Mounted RPC Pipe File System.
[   14.774964] systemd[1]: Mounted Kernel Debug File System.
[   14.775849] systemd[1]: Mounted Kernel Trace File System.
[   14.779047] systemd[1]: Finished Wait for network to be configured by ifupdown.
[   14.782218] systemd[1]: Finished Create list of static device nodes for the current kernel.
[   14.785229] systemd[1]: Finished Monitoring of LVM2 mirrors, snapshots etc. using dmeventd or progress polling.
[   14.787350] systemd[1]: modprobe@configfs.service: Succeeded.
[   14.789674] systemd[1]: Finished Load Kernel Module configfs.
[   14.791923] systemd[1]: modprobe@drm.service: Succeeded.
[   14.794742] systemd[1]: Finished Load Kernel Module drm.
[   14.796918] systemd[1]: modprobe@fuse.service: Succeeded.
[   14.799229] systemd[1]: Finished Load Kernel Module fuse.
[   14.810099] systemd[1]: Mounting FUSE Control File System...
[   14.822493] systemd[1]: Mounting Kernel Configuration File System...
[   14.827606] systemd[1]: Mounted FUSE Control File System.
[   14.831128] systemd[1]: Mounted Kernel Configuration File System.
[   14.853562] EXT4-fs (vdiska2): re-mounted. Opts: errors=remount-ro. Quota mode: none.
[   14.860788] systemd[1]: Finished Load Kernel Modules.
[   14.877000] systemd[1]: Starting Apply Kernel Variables...
[   14.881544] systemd[1]: Finished Remount Root and Kernel File Systems.
[   15.004661] systemd[1]: Starting Initial Check File System Quotas...
[   15.061864] systemd[1]: Condition check resulted in Rebuild Hardware Database being skipped.
[   15.062310] systemd[1]: Condition check resulted in Platform Persistent Storage Archival being skipped.
[   15.073376] systemd[1]: Starting Load/Save Random Seed...
[   15.084856] systemd[1]: Starting Create System Users...
[   15.086568] systemd[1]: Started Journal Service.
[   15.179836] systemd-journald[396]: Received client request to flush runtime journal.
[   16.616124] sha1_sparc64: Using sparc64 sha1 opcode optimized SHA-1 implementation
[   16.655498] sha256_sparc64: Using sparc64 sha256 opcode optimized SHA-256/SHA-224 implementation
[   16.699504] sha512_sparc64: Using sparc64 sha512 opcode optimized SHA-512/SHA-384 implementation
[   16.746955] md5_sparc64: Using sparc64 md5 opcode optimized MD5 implementation
[   16.794473] aes_sparc64: Using sparc64 aes opcodes optimized AES implementation
[   16.840688] des_sparc64: Using sparc64 des opcodes optimized DES implementation
[   16.871636] camellia_sparc64: Using sparc64 camellia opcodes optimized CAMELLIA implementation
[   16.930631] XFS (dm-0): Mounting V5 Filesystem
[   17.179395] Adding 787176k swap on /dev/vdiska4.  Priority:-2 extents:1 across:787176k FS
[   17.211590] XFS (dm-0): Ending clean mount
[   17.301380] xfs filesystem being mounted at /1 supports timestamps until 2038 (0x7fffffff)
[   17.415673] random: crng init done
[   17.415700] random: 4 urandom warning(s) missed due to ratelimiting
[   17.895626] EXT4-fs (vdiska1): mounting ext3 file system using the ext4 subsystem
[   18.262371] EXT4-fs (vdiska1): mounted filesystem with ordered data mode. Opts: (null). Quota mode: none.
[   18.262602] ext3 filesystem being mounted at /boot supports timestamps until 2038 (0x7fffffff)
