[    0.000018] PROMLIB: Sun IEEE Boot Prom 'OBP 4.38.17 2019/01/25 08:22'
[    0.000040] PROMLIB: Root node compatible: sun4v
[    0.000097] Linux version 5.13.0-rc3-00261-g97e5bf604b7a (mator@ttip) (gcc (Debian 10.2.1-6) 10.2.1 20210110, GNU ld (GNU Binutils for Debian) 2.35.2) #221 SMP Fri May 28 14:09:45 MSK 2021
[    0.000578] printk: bootconsole [earlyprom0] enabled
[    0.000658] ARCH: SUN4V
[    0.000726] Ethernet address: 00:14:4f:fa:06:f2
[    0.000804] MM: PAGE_OFFSET is 0xfff8000000000000 (max_phys_bits == 47)
[    0.000904] MM: VMALLOC [0x0000000100000000 --> 0x0006000000000000]
[    0.000997] MM: VMEMMAP [0x0006000000000000 --> 0x000c000000000000]
[    0.022389] Kernel: Using 5 locked TLB entries for main kernel image.
[    0.022492] Remapping the kernel... 
[    0.022530] done.
[    0.072631] OF stdout device is: /virtual-devices@100/console@1
[    0.072747] PROM: Built device tree with 67673 bytes of memory.
[    0.072856] MDESC: Size is 25552 bytes.
[    0.073017] PLATFORM: banner-name [SPARC T5-2]
[    0.073102] PLATFORM: name [ORCL,SPARC-T5-2]
[    0.073180] PLATFORM: hostid [84fa06f2]
[    0.073253] PLATFORM: serial# [0035260e]
[    0.073326] PLATFORM: stick-frequency [3b9aca00]
[    0.073410] PLATFORM: mac-address [144ffa06f2]
[    0.073491] PLATFORM: watchdog-resolution [1000 ms]
[    0.073575] PLATFORM: watchdog-max-timeout [31536000000 ms]
[    0.073669] PLATFORM: max-cpus [1024]
[    0.073799] Top of RAM: 0x622f948000, Total RAM: 0x87f3a2000
[    0.073901] Memory hole size: 367365MB
[    0.080149] Allocated 65536 bytes for kernel page tables.
[    0.080262] Zone ranges:
[    0.080318]   Normal   [mem 0x0000000030400000-0x000000622f947fff]
[    0.080417] Movable zone start for each node
[    0.080484] Early memory node ranges
[    0.080541]   node   0: [mem 0x0000000030400000-0x000000006febffff]
[    0.080636]   node   0: [mem 0x000000006ff40000-0x000000006ff67fff]
[    0.080729]   node   0: [mem 0x0000000070000000-0x00000002afffffff]
[    0.080822]   node   0: [mem 0x0000002030000000-0x00000021afffffff]
[    0.080915]   node   0: [mem 0x0000004030000000-0x00000042afffffff]
[    0.081006]   node   0: [mem 0x0000006030000000-0x000000622f8b1fff]
[    0.081099]   node   0: [mem 0x000000622f940000-0x000000622f947fff]
[    0.081189] Initmem setup node 0 [mem 0x0000000030400000-0x000000622f947fff]
[    0.081293] On node 0 totalpages: 4454865
[    0.081303]   Normal zone: 39155 pages used for memmap
[    0.081310]   Normal zone: 0 pages reserved
[    0.081316]   Normal zone: 4454865 pages, LIFO batch:31
[    0.119849]   Normal zone: 525871 pages in unavailable ranges
[    0.120306] Booting Linux...
[    0.120601] CPU CAPS: [flush,stbar,swap,muldiv,v9,blkinit,n2,mul32]
[    0.121180] CPU CAPS: [div32,v8plus,popc,vis,vis2,ASIBlkInit,fmaf,vis3]
[    0.121703] CPU CAPS: [hpc,ima,pause,cbcond,aes,des,kasumi,camellia]
[    0.122161] CPU CAPS: [md5,sha1,sha256,sha512,mpmul,montmul,montsqr,crc32c]
[    0.280469] percpu: Embedded 20 pages/cpu s120528 r8192 d35120 u262144
[    0.280905] pcpu-alloc: s120528 r8192 d35120 u262144 alloc=1*4194304
[    0.280923] pcpu-alloc: [0] 000 001 002 003 004 005 006 007 008 009 010 011 012 013 014 015 
[    0.281024] pcpu-alloc: [0] 016 017 018 019 020 021 022 023 024 025 026 027 028 029 030 031 
[    0.281121] pcpu-alloc: [0] 032 033 034 035 036 037 038 039 040 041 042 043 044 045 046 047 
[    0.281219] pcpu-alloc: [0] 048 049 050 051 052 053 054 055 056 057 058 059 060 061 062 063 
[    0.281317] pcpu-alloc: [0] 064 065 066 067 068 069 070 071 072 073 074 075 076 077 078 079 
[    0.281412] pcpu-alloc: [0] 080 081 082 083 084 085 086 087 088 089 090 091 092 093 094 095 
[    0.281509] pcpu-alloc: [0] 096 097 098 099 100 101 102 103 104 105 106 107 108 109 110 111 
[    0.281604] pcpu-alloc: [0] 112 113 114 115 116 117 118 119 120 121 122 123 124 125 126 127 
[    0.281699] pcpu-alloc: [0] 128 129 130 131 132 133 134 135 136 137 138 139 140 141 142 143 
[    0.281795] pcpu-alloc: [0] 144 145 146 147 148 149 150 151 152 153 154 155 156 157 158 159 
[    0.281890] pcpu-alloc: [0] 160 161 162 163 164 165 166 167 168 169 170 171 172 173 174 175 
[    0.281984] pcpu-alloc: [0] 176 177 178 179 180 181 182 183 184 185 186 187 188 189 190 191 
[    0.282079] pcpu-alloc: [0] 192 193 194 195 196 197 198 199 200 201 202 203 204 205 206 207 
[    0.282171] pcpu-alloc: [0] 208 209 210 211 212 213 214 215 216 217 218 219 220 221 222 223 
[    0.282264] pcpu-alloc: [0] 224 225 226 227 228 229 230 231 232 233 234 235 236 237 238 239 
[    0.282356] pcpu-alloc: [0] 240 241 242 243 244 245 246 247 248 249 250 251 252 253 254 255 
[    0.283118] SUN4V: Mondo queue sizes [cpu(131072) dev(16384) r(8192) nr(256)]
[    0.283463] Built 1 zonelists, mobility grouping on.  Total pages: 4415710
[    0.283582] Kernel command line: BOOT_IMAGE=/vmlinux-5.13.0-rc3-00261-g97e5bf604b7a root=/dev/vdiska2 ro zswap.enabled=1
[    0.284091] printk: log_buf_len individual max cpu contribution: 4096 bytes
[    0.284192] printk: log_buf_len total cpu_extra contributions: 1044480 bytes
[    0.284294] printk: log_buf_len min size: 131072 bytes
[    0.286392] printk: log_buf_len: 2097152 bytes
[    0.286463] printk: early log buf free: 126352(96%)
[    0.293595] Dentry cache hash table entries: 8388608 (order: 13, 67108864 bytes, linear)
[    0.298164] Inode-cache hash table entries: 4194304 (order: 12, 33554432 bytes, linear)
[    0.298361] Sorting __ex_table...
[    0.298981] mem auto-init: stack:off, heap alloc:off, heap free:off
[    0.308624] Memory: 1305496K/35638920K available (8790K kernel code, 1710K rwdata, 2920K rodata, 632K init, 3134K bss, 570136K reserved, 0K cma-reserved)
[    0.308923] random: get_random_u64 called from kmem_cache_open+0x1c/0x340 with crng_init=0
[    0.311494] SLUB: HWalign=32, Order=0-3, MinObjects=0, CPUs=256, Nodes=1
[    0.312487] ftrace: allocating 27428 entries in 54 pages
[    0.326902] ftrace: allocated 54 pages with 4 groups
[    0.327231] trace event string verifier disabled
[    0.332986] rcu: Hierarchical RCU implementation.
[    0.333066] rcu: 	RCU event tracing is enabled.
[    0.333139] rcu: 	RCU debug extended QS entry/exit.
[    0.333213] 	Rude variant of Tasks RCU enabled.
[    0.333283] 	Tracing variant of Tasks RCU enabled.
[    0.333356] rcu: RCU calculated value of scheduler-enlistment delay is 26 jiffies.
[    0.342727] NR_IRQS: 2048, nr_irqs: 2048, preallocated irqs: 1
[    0.342859] SUN4V: Using IRQ API major 3, cookie only virqs enabled
[    0.349699] clocksource: stick: mask: 0xffffffffffffffff max_cycles: 0x1cd42e4dffb, max_idle_ns: 881590591483 ns
[    0.350033] clocksource: mult[800000] shift[23]
[    0.350173] clockevent: mult[80000000] shift[31]
[    0.351645] Console: colour dummy device 80x25
[    0.351809] printk: console [tty0] enabled
[    0.352001] printk: bootconsole [earlyprom0] disabled
[    0.352215] Lock dependency validator: Copyright (c) 2006 Red Hat, Inc., Ingo Molnar
[    0.352302] ... MAX_LOCKDEP_SUBCLASSES:  8
[    0.352355] ... MAX_LOCK_DEPTH:          48
[    0.352410] ... MAX_LOCKDEP_KEYS:        8192
[    0.352465] ... CLASSHASH_SIZE:          4096
[    0.352520] ... MAX_LOCKDEP_ENTRIES:     16384
[    0.352576] ... MAX_LOCKDEP_CHAINS:      32768
[    0.352633] ... CHAINHASH_SIZE:          16384
[    0.352689]  memory used by lock dependency info: 2603 kB
[    0.352751]  per task-struct memory footprint: 1920 bytes
[    0.430719] Calibrating delay using timer specific routine.. 2012.90 BogoMIPS (lpj=4025808)
[    0.430800] pid_max: default: 262144 minimum: 2048
[    0.431900] LSM: Security Framework initializing
[    0.432551] Mount-cache hash table entries: 131072 (order: 7, 1048576 bytes, linear)
[    0.432762] Mountpoint-cache hash table entries: 131072 (order: 7, 1048576 bytes, linear)
[    0.437743] rcu: Hierarchical SRCU implementation.
[    0.448564] smp: Bringing up secondary CPUs ...
[    0.467407] smp: Brought up 1 node, 16 CPUs
[    0.840709] node 0 deferred pages initialised in 368ms
[    0.844013] devtmpfs: initialized
[    0.851611] Performance events: 
[    0.851666] Testing NMI watchdog ... 
[    0.931847] OK.
[    0.932269] Supported PMU type is 'niagara5'
[    0.938082] ldc.c:v1.1 (July 22, 2008)
[    0.942742] clocksource: jiffies: mask: 0xffffffff max_cycles: 0xffffffff, max_idle_ns: 7645041785100000 ns
[    0.943119] futex hash table entries: 65536 (order: 10, 8388608 bytes, linear)
[    0.993933] NET: Registered protocol family 16
[    1.009160] VIO: Adding device channel-devices (tx_ino = ffffffffffffffff, rx_ino = ffffffffffffffff)
[    1.009803] VIO: Adding device vnet-port-0-0 (tx_ino = 0, rx_ino = 1)
[    1.010251] VIO: Adding device vnet-port-0-1 (tx_ino = 2, rx_ino = 3)
[    1.010681] VIO: Adding device vnet-port-0-2 (tx_ino = 4, rx_ino = 5)
[    1.011107] VIO: Adding device vnet-port-0-3 (tx_ino = 6, rx_ino = 7)
[    1.011547] VIO: Adding device vnet-port-0-4 (tx_ino = 8, rx_ino = 9)
[    1.012009] VIO: Adding device vdc-port-2-0 (tx_ino = a, rx_ino = b)
[    1.012439] VIO: Adding device vdc-port-1-0 (tx_ino = c, rx_ino = d)
[    1.012859] VIO: Adding device vdc-port-0-0 (tx_ino = e, rx_ino = f)
[    1.013382] VIO: Adding device vlds-port-0-0 (tx_ino = 10, rx_ino = 11)
[    1.013830] VIO: Adding device domain-services-port-0 (tx_ino = 10, rx_ino = 11)
[    1.014913] audit: initializing netlink subsys (disabled)
[    1.015732] audit: type=2000 audit(0.656:1): state=initialized audit_enabled=0 res=1
[    1.089609] HugeTLB registered 64.0 KiB page size, pre-allocated 0 pages
[    1.089688] HugeTLB registered 8.00 MiB page size, pre-allocated 0 pages
[    1.089758] HugeTLB registered 256 MiB page size, pre-allocated 0 pages
[    1.089841] HugeTLB registered 2.00 GiB page size, pre-allocated 0 pages
[    3.839136] SUN4V: Reboot data supported (maj=1,min=0).
[    3.840731] ds.c:v1.0 (Jul 11, 2007)
[    3.841800] ds-0: ds_conn_reset() from send_events
[    3.844453] clocksource: Switched to clocksource stick
[    4.416145] VFS: Disk quotas dquot_6.6.0
[    4.417235] VFS: Dquot-cache hash table entries: 1024 (order 0, 8192 bytes)
[    4.462646] NET: Registered protocol family 2
[    4.463910] IP idents hash table entries: 262144 (order: 8, 2097152 bytes, linear)
[    4.508379] tcp_listen_portaddr_hash hash table entries: 32768 (order: 8, 2621440 bytes, linear)
[    4.531825] TCP established hash table entries: 524288 (order: 9, 4194304 bytes, linear)
[    4.541667] TCP bind hash table entries: 65536 (order: 9, 4718592 bytes, linear)
[    4.584724] TCP: Hash tables configured (established 524288 bind 65536)
[    4.599581] UDP hash table entries: 32768 (order: 9, 5242880 bytes, linear)
[    4.646911] UDP-Lite hash table entries: 32768 (order: 9, 5242880 bytes, linear)
[    4.697620] NET: Registered protocol family 1
[    4.697875] NET: Registered protocol family 44
[    4.699769] Trying to unpack rootfs image as initramfs...
[    4.753496] Initialise system trusted keyrings
[    4.754642] workingset: timestamp_bits=46 max_order=23 bucket_order=0
[    4.856690] zbud: loaded
[    4.882211] SGI XFS with ACLs, security attributes, realtime, quota, no debug enabled
[    4.938576] Key type asymmetric registered
[    4.938765] Asymmetric key parser 'x509' registered
[    4.939036] Block layer SCSI generic (bsg) driver version 0.4 loaded (major 252)
[    4.945073] io scheduler mq-deadline registered
[    4.953714] f029b788: ttyHV0 at I/O 0x0 (irq = 1, base_baud = 115200) is a SUN4V HCONS
[    4.956507] printk: console [ttyHV0] enabled
[    4.962640] sunvdc.c:v1.2 (November 24, 2014)
[    5.047436] sunvdc: Virtual Hard disk vdiskc
[    5.047588] sunvdc: vdiskc: 104857600 sectors (51200 MB) protocol 1.2
[    5.205545] sunvdc: Virtual Hard disk vdiskb
[    5.205713] sunvdc: vdiskb: 62914560 sectors (30720 MB) protocol 1.2
[    5.212572]  vdiskb: vdiskb1
[    5.341366] sunvdc: Virtual Hard disk vdiska
[    5.341532] sunvdc: vdiska: 31457280 sectors (15360 MB) protocol 1.2
[    5.349023]  vdiska: vdiska1 vdiska2 vdiska3 vdiska4
[    5.399364] rtc-sun4v rtc-sun4v: registered as rtc0
[    5.399634] rtc-sun4v rtc-sun4v: setting system clock to 2021-05-28T12:40:12 UTC (1622205612)
[    5.401305] softdog: initialized. soft_noboot=0 soft_margin=60 sec soft_panic=0 (nowayout=0)
[    5.401537] softdog:              soft_reboot_cmd=<not set> soft_active_on_boot=0
[    5.415096] NET: Registered protocol family 10
[    5.854216] Freeing initrd memory: 27056K
[    5.897752] Segment Routing with IPv6
[    5.897907] mip6: Mobile IPv6
[    5.897955] NET: Registered protocol family 17
[    5.905645] registered taskstats version 1
[    5.905703] Loading compiled-in X.509 certificates
[    5.914723] zswap: loaded using pool lzo/zbud
[    5.919818] This architecture does not have kernel memory protection.
[    5.919866] Run /init as init process
[    5.919894]   with arguments:
[    5.919901]     /init
[    5.919908]   with environment:
[    5.919914]     HOME=/
[    5.919920]     TERM=linux
[    5.919926]     BOOT_IMAGE=/vmlinux-5.13.0-rc3-00261-g97e5bf604b7a
[    7.130847] sunvnet_common: module verification failed: signature and/or required key missing - tainting kernel
[    7.139463] sunvnet: sunvnet 2.0 (February 3, 2017)
[    7.144339] vnet_port vnet-port-0-0 eth0: Sun LDOM vnet 00:14:4f:f8:12:a3
[    7.144629] sunvnet: eth0: PORT ( remote-mac 00:14:4f:fa:f3:f0 switch-port )
[    7.145161] sunvnet: eth0: PORT ( remote-mac 00:14:4f:f8:e5:f3 )
[    7.145645] sunvnet: eth0: PORT ( remote-mac 00:14:4f:f8:3f:1e )
[    7.146126] sunvnet: eth0: PORT ( remote-mac 00:14:4f:f9:b4:97 )
[    7.146616] sunvnet: eth0: PORT ( remote-mac 00:14:4f:f9:8b:83 )
[    7.161810] crc32c_sparc64: Using sparc64 crc32c opcode optimized CRC32C implementation
[    7.164280] random: lvm: uninitialized urandom read (4 bytes read)
[    7.215604] device-mapper: uevent: version 1.0.3
[    7.216874] device-mapper: ioctl: 4.45.0-ioctl (2021-03-22) initialised: dm-devel@redhat.com
[    7.231893] random: lvm: uninitialized urandom read (2 bytes read)
[    7.935129] xor: automatically using best checksumming function   Niagara   
[    8.012416] raid6: int64x8  gen()   308 MB/s
[    8.080405] raid6: int64x8  xor()   221 MB/s
[    8.148373] raid6: int64x4  gen()   488 MB/s
[    8.216306] raid6: int64x4  xor()   288 MB/s
[    8.284313] raid6: int64x2  gen()   420 MB/s
[    8.352352] raid6: int64x2  xor()   159 MB/s
[    8.420486] raid6: int64x1  gen()   387 MB/s
[    8.488358] raid6: int64x1  xor()   100 MB/s
[    8.488592] raid6: using algorithm int64x4 gen() 488 MB/s
[    8.488771] raid6: .... xor() 288 MB/s, rmw enabled
[    8.488914] raid6: using intx1 recovery algorithm
[    8.936334] random: fast init done
[    8.945048] EXT4-fs (vdiska2): mounted filesystem with ordered data mode. Opts: (null). Quota mode: none.
[   11.860301] systemd[1]: Inserted module 'autofs4'
[   12.079870] systemd[1]: systemd 247.3-5 running in system mode. (+PAM +AUDIT +SELINUX +IMA +APPARMOR +SMACK +SYSVINIT +UTMP +LIBCRYPTSETUP +GCRYPT +GNUTLS +ACL +XZ +LZ4 +ZSTD -SECCOMP +BLKID +ELFUTILS +KMOD +IDN2 -IDN +PCRE2 default-hierarchy=unified)
[   12.080404] systemd[1]: Detected architecture sparc64.
[   12.203493] systemd[1]: Set hostname to <ttip>.
[   13.909631] random: lvmconfig: uninitialized urandom read (4 bytes read)
[   16.402217] systemd[1]: Queued start job for default target Multi-User System.
[   16.403323] random: systemd: uninitialized urandom read (16 bytes read)
[   16.417527] systemd[1]: Created slice system-getty.slice.
[   16.418169] random: systemd: uninitialized urandom read (16 bytes read)
[   16.423852] systemd[1]: Created slice system-modprobe.slice.
[   16.424168] random: systemd: uninitialized urandom read (16 bytes read)
[   16.430182] systemd[1]: Created slice system-openvpn\x2dclient.slice.
[   16.436392] systemd[1]: Created slice system-postfix.slice.
[   16.442399] systemd[1]: Created slice system-systemd\x2dfsck.slice.
[   16.448338] systemd[1]: Created slice User and Session Slice.
[   16.449081] systemd[1]: Started Dispatch Password Requests to Console Directory Watch.
[   16.449758] systemd[1]: Started Forward Password Requests to Wall Directory Watch.
[   16.452113] systemd[1]: Set up automount Arbitrary Executable File Formats File System Automount Point.
[   16.452616] systemd[1]: Reached target Local Encrypted Volumes.
[   16.453035] systemd[1]: Reached target Paths.
[   16.453409] systemd[1]: Reached target Slices.
[   16.454205] systemd[1]: Listening on Device-mapper event daemon FIFOs.
[   16.455032] systemd[1]: Listening on LVM2 poll daemon socket.
[   16.482135] systemd[1]: Listening on RPCbind Server Activation Socket.
[   16.484034] systemd[1]: Listening on Syslog Socket.
[   16.485040] systemd[1]: Listening on fsck to fsckd communication Socket.
[   16.485673] systemd[1]: Listening on initctl Compatibility Named Pipe.
[   16.486854] systemd[1]: Listening on Journal Audit Socket.
[   16.487717] systemd[1]: Listening on Journal Socket (/dev/log).
[   16.488832] systemd[1]: Listening on Journal Socket.
[   16.489865] systemd[1]: Listening on udev Control Socket.
[   16.490613] systemd[1]: Listening on udev Kernel Socket.
[   16.500076] systemd[1]: Mounting Huge Pages File System...
[   16.510441] systemd[1]: Mounting POSIX Message Queue File System...
[   16.520912] systemd[1]: Mounting RPC Pipe File System...
[   16.530737] systemd[1]: Mounting Kernel Debug File System...
[   16.540483] systemd[1]: Mounting Kernel Trace File System...
[   16.541227] systemd[1]: Condition check resulted in Kernel Module supporting RPCSEC_GSS being skipped.
[   16.542020] systemd[1]: Finished Availability of block devices.
[   16.552342] systemd[1]: Starting Wait for network to be configured by ifupdown...
[   16.561990] systemd[1]: Starting Create list of static device nodes for the current kernel...
[   16.571688] systemd[1]: Starting Monitoring of LVM2 mirrors, snapshots etc. using dmeventd or progress polling...
[   16.583442] systemd[1]: Starting Load Kernel Module configfs...
[   16.594430] systemd[1]: Starting Load Kernel Module drm...
[   16.605389] systemd[1]: Starting Load Kernel Module fuse...
[   16.618397] systemd[1]: Starting nftables...
[   16.901673] systemd[1]: Condition check resulted in Set Up Additional Binary Formats being skipped.
[   16.901936] systemd[1]: Condition check resulted in File System Check on Root Device being skipped.
[   16.917065] systemd[1]: Starting Journal Service...
[   17.061504] systemd[1]: Starting Load Kernel Modules...
[   17.073798] systemd[1]: Starting Remount Root and Kernel File Systems...
[   17.084052] systemd[1]: Starting Coldplug All udev Devices...
[   17.095246] systemd[1]: Mounted Huge Pages File System.
[   17.096266] systemd[1]: Mounted POSIX Message Queue File System.
[   17.097116] systemd[1]: Mounted Kernel Debug File System.
[   17.097969] systemd[1]: Mounted Kernel Trace File System.
[   17.101379] systemd[1]: Finished Wait for network to be configured by ifupdown.
[   17.104677] systemd[1]: Finished Create list of static device nodes for the current kernel.
[   17.106698] systemd[1]: modprobe@drm.service: Succeeded.
[   17.109630] systemd[1]: Finished Load Kernel Module drm.
[   17.170683] systemd[1]: Finished Monitoring of LVM2 mirrors, snapshots etc. using dmeventd or progress polling.
[   17.242330] systemd[1]: modprobe@configfs.service: Succeeded.
[   17.245890] systemd[1]: Finished Load Kernel Module configfs.
[   17.259934] systemd[1]: Mounting Kernel Configuration File System...
[   17.281454] systemd[1]: Mounted Kernel Configuration File System.
[   17.297865] EXT4-fs (vdiska2): re-mounted. Opts: errors=remount-ro. Quota mode: none.
[   17.304942] systemd[1]: Finished Load Kernel Modules.
[   17.316695] systemd[1]: Starting Apply Kernel Variables...
[   17.321299] systemd[1]: Started Journal Service.
[   17.706296] fuse: init (API version 7.33)
[   17.926417] systemd-journald[342]: Received client request to flush runtime journal.
[   19.277224] RPC: Registered named UNIX socket transport module.
[   19.277284] RPC: Registered udp transport module.
[   19.277318] RPC: Registered tcp transport module.
[   19.277350] RPC: Registered tcp NFSv4.1 backchannel transport module.
[   20.484802] random: crng init done
[   20.484850] random: 4 urandom warning(s) missed due to ratelimiting
[   20.761008] sha1_sparc64: Using sparc64 sha1 opcode optimized SHA-1 implementation
[   20.796076] sha256_sparc64: Using sparc64 sha256 opcode optimized SHA-256/SHA-224 implementation
[   20.832534] sha512_sparc64: Using sparc64 sha512 opcode optimized SHA-512/SHA-384 implementation
[   20.847256] n2rng v0.3 (Jan 7, 2017)
[   20.847336] n2rng f029b104: Registered RNG HVAPI major 2 minor 0
[   20.847390] n2rng f029b104: Found multi-unit-capable RNG, units: 2
[   20.848090] n2rng f029b104: RNG ready
[   20.902354] md5_sparc64: Using sparc64 md5 opcode optimized MD5 implementation
[   20.945930] aes_sparc64: Using sparc64 aes opcodes optimized AES implementation
[   20.986595] des_sparc64: Using sparc64 des opcodes optimized DES implementation
[   21.026696] camellia_sparc64: Using sparc64 camellia opcodes optimized CAMELLIA implementation
[   21.140436] Adding 787176k swap on /dev/vdiska4.  Priority:-2 extents:1 across:787176k FS
[   21.186191] XFS (dm-0): Mounting V5 Filesystem
[   21.400737] XFS (dm-0): Ending clean mount
[   21.467818] xfs filesystem being mounted at /1 supports timestamps until 2038 (0x7fffffff)
[   21.550235] EXT4-fs (vdiska1): mounting ext3 file system using the ext4 subsystem
[   21.561326] EXT4-fs (vdiska1): mounted filesystem with ordered data mode. Opts: (null). Quota mode: none.
[   21.561638] ext3 filesystem being mounted at /boot supports timestamps until 2038 (0x7fffffff)
