[    0.000020] PROMLIB: Sun IEEE Boot Prom 'OBP 4.38.12 2018/03/28 14:54'
[    0.000032] PROMLIB: Root node compatible: sun4v
[    0.000079] Linux version 5.2.0-05753-gba5c5e4a5da4 (mator@ttip) (gcc version 8.3.0 (Debian 8.3.0-19)) #1094 SMP Wed Jul 17 19:16:43 MSK 2019
[    0.000387] printk: bootconsole [earlyprom0] enabled
[    0.000440] ARCH: SUN4V
[    0.000490] Ethernet address: 00:14:4f:fa:06:f2
[    0.000540] MM: PAGE_OFFSET is 0xfff8000000000000 (max_phys_bits == 47)
[    0.000607] MM: VMALLOC [0x0000000100000000 --> 0x0006000000000000]
[    0.000667] MM: VMEMMAP [0x0006000000000000 --> 0x000c000000000000]
[    0.012095] Kernel: Using 5 locked TLB entries for main kernel image.
[    0.012181] Remapping the kernel... 
[    0.012205] done.
[    0.047425] OF stdout device is: /virtual-devices@100/console@1
[    0.047506] PROM: Built device tree with 86230 bytes of memory.
[    0.047571] MDESC: Size is 36560 bytes.
[    0.047700] PLATFORM: banner-name [SPARC T5-2]
[    0.047752] PLATFORM: name [ORCL,SPARC-T5-2]
[    0.047796] PLATFORM: hostid [84fa06f2]
[    0.047840] PLATFORM: serial# [0035260e]
[    0.047882] PLATFORM: stick-frequency [3b9aca00]
[    0.047932] PLATFORM: mac-address [144ffa06f2]
[    0.047978] PLATFORM: watchdog-resolution [1000 ms]
[    0.048029] PLATFORM: watchdog-max-timeout [31536000000 ms]
[    0.048083] PLATFORM: max-cpus [1024]
[    0.048197] Top of RAM: 0x24af938000, Total RAM: 0x87f354000
[    0.048258] Memory hole size: 115461MB
[    0.053029] Allocated 40960 bytes for kernel page tables.
[    0.053142] Zone ranges:
[    0.053185]   Normal   [mem 0x0000000030400000-0x00000024af937fff]
[    0.053250] Movable zone start for each node
[    0.053294] Early memory node ranges
[    0.053335]   node   0: [mem 0x0000000030400000-0x000000006fe7ffff]
[    0.053395]   node   0: [mem 0x000000006ff00000-0x000000006ff25fff]
[    0.053455]   node   0: [mem 0x0000000070000000-0x000000042fffffff]
[    0.053516]   node   0: [mem 0x0000002030000000-0x00000024af87ffff]
[    0.053575]   node   0: [mem 0x00000024af900000-0x00000024af925fff]
[    0.053635]   node   0: [mem 0x00000024af930000-0x00000024af937fff]
[    0.061030] Zeroed struct page in unavailable ranges: 230130 pages
[    0.061038] Initmem setup node 0 [mem 0x0000000030400000-0x00000024af937fff]
[    0.061195] On node 0 totalpages: 4454826
[    0.061205]   Normal zone: 39154 pages used for memmap
[    0.061210]   Normal zone: 0 pages reserved
[    0.061216]   Normal zone: 4454826 pages, LIFO batch:31
[    0.258398] Booting Linux...
[    0.258483] CPU CAPS: [flush,stbar,swap,muldiv,v9,blkinit,n2,mul32]
[    0.258567] CPU CAPS: [div32,v8plus,popc,vis,vis2,ASIBlkInit,fmaf,vis3]
[    0.259646] CPU CAPS: [hpc,ima,pause,cbcond,aes,des,kasumi,camellia]
[    0.259719] CPU CAPS: [md5,sha1,sha256,sha512,mpmul,montmul,montsqr,crc32c]
[    0.320131] percpu: Embedded 27 pages/cpu s180680 r8192 d32312 u262144
[    0.320391] pcpu-alloc: s180680 r8192 d32312 u262144 alloc=1*4194304
[    0.320398] pcpu-alloc: [0] 000 001 002 003 004 005 006 007 008 009 010 011 012 013 014 015 
[    0.320425] pcpu-alloc: [0] 016 017 018 019 020 021 022 023 024 025 026 027 028 029 030 031 
[    0.320451] pcpu-alloc: [0] 032 033 034 035 036 037 038 039 040 041 042 043 044 045 046 047 
[    0.320477] pcpu-alloc: [0] 048 049 050 051 052 053 054 055 056 057 058 059 060 061 062 063 
[    0.320504] pcpu-alloc: [0] 064 065 066 067 068 069 070 071 072 073 074 075 076 077 078 079 
[    0.320530] pcpu-alloc: [0] 080 081 082 083 084 085 086 087 088 089 090 091 092 093 094 095 
[    0.320555] pcpu-alloc: [0] 096 097 098 099 100 101 102 103 104 105 106 107 108 109 110 111 
[    0.320582] pcpu-alloc: [0] 112 113 114 115 116 117 118 119 120 121 122 123 124 125 126 127 
[    0.320608] pcpu-alloc: [0] 128 129 130 131 132 133 134 135 136 137 138 139 140 141 142 143 
[    0.320634] pcpu-alloc: [0] 144 145 146 147 148 149 150 151 152 153 154 155 156 157 158 159 
[    0.320660] pcpu-alloc: [0] 160 161 162 163 164 165 166 167 168 169 170 171 172 173 174 175 
[    0.320686] pcpu-alloc: [0] 176 177 178 179 180 181 182 183 184 185 186 187 188 189 190 191 
[    0.320713] pcpu-alloc: [0] 192 193 194 195 196 197 198 199 200 201 202 203 204 205 206 207 
[    0.320739] pcpu-alloc: [0] 208 209 210 211 212 213 214 215 216 217 218 219 220 221 222 223 
[    0.320765] pcpu-alloc: [0] 224 225 226 227 228 229 230 231 232 233 234 235 236 237 238 239 
[    0.320791] pcpu-alloc: [0] 240 241 242 243 244 245 246 247 248 249 250 251 252 253 254 255 
[    0.321306] SUN4V: Mondo queue sizes [cpu(131072) dev(16384) r(8192) nr(256)]
[    0.321678] Built 1 zonelists, mobility grouping on.  Total pages: 4415672
[    0.321769] Kernel command line: BOOT_IMAGE=/vmlinux-5.2.0-05753-gba5c5e4a5da4 root=/dev/vdiska2 ro zswap.enabled=1
[    0.324057] printk: log_buf_len individual max cpu contribution: 4096 bytes
[    0.324139] printk: log_buf_len total cpu_extra contributions: 1044480 bytes
[    0.324206] printk: log_buf_len min size: 131072 bytes
[    0.324586] printk: log_buf_len: 2097152 bytes
[    0.324637] printk: early log buf free: 125888(96%)
[    0.331023] Dentry cache hash table entries: 8388608 (order: 13, 67108864 bytes, linear)
[    0.334345] Inode-cache hash table entries: 4194304 (order: 12, 33554432 bytes, linear)
[    0.334443] Sorting __ex_table...
[    0.413019] Memory: 35102232K/35638608K available (6845K kernel code, 962K rwdata, 2048K rodata, 992K init, 6716K bss, 536376K reserved, 0K cma-reserved)
[    0.414095] kmemleak: Kernel memory leak detector disabled
[    0.414742] ftrace: allocating 19814 entries in 39 pages
[    0.428564] Running RCU self tests
[    0.428639] rcu: Hierarchical RCU implementation.
[    0.428691] rcu: 	RCU event tracing is enabled.
[    0.428742] rcu: 	RCU lockdep checking is enabled.
[    0.428792] 	Tasks RCU enabled.
[    0.429836] rcu: RCU calculated value of scheduler-enlistment delay is 11 jiffies.
[    0.436580] NR_IRQS: 2048, nr_irqs: 2048, preallocated irqs: 1
[    0.436704] SUN4V: Using IRQ API major 3, cookie only virqs enabled
[    0.441180] clocksource: stick: mask: 0xffffffffffffffff max_cycles: 0x1cd42e4dffb, max_idle_ns: 881590591483 ns
[    0.441312] clocksource: mult[800000] shift[23]
[    0.441362] clockevent: mult[80000000] shift[31]
[    0.445554] Console: colour dummy device 80x25
[    0.445640] printk: console [tty0] enabled
[    0.445722] printk: bootconsole [earlyprom0] disabled
[    0.445808] Lock dependency validator: Copyright (c) 2006 Red Hat, Inc., Ingo Molnar
[    0.445857] ... MAX_LOCKDEP_SUBCLASSES:  8
[    0.445887] ... MAX_LOCK_DEPTH:          48
[    0.445917] ... MAX_LOCKDEP_KEYS:        8192
[    0.445948] ... CLASSHASH_SIZE:          4096
[    0.445979] ... MAX_LOCKDEP_ENTRIES:     16384
[    0.446010] ... MAX_LOCKDEP_CHAINS:      32768
[    0.446041] ... CHAINHASH_SIZE:          16384
[    0.446072]  memory used by lock dependency info: 3855 kB
[    0.446108]  per task-struct memory footprint: 1920 bytes
[    0.446312] kmemleak: Early log buffer exceeded (5008), please increase DEBUG_KMEMLEAK_EARLY_LOG_SIZE
[    0.592063] Calibrating delay using timer specific routine.. 2017.45 BogoMIPS (lpj=10087276)
[    0.592132] pid_max: default: 262144 minimum: 2048
[    0.593839] Mount-cache hash table entries: 131072 (order: 7, 1048576 bytes, linear)
[    0.594006] Mountpoint-cache hash table entries: 131072 (order: 7, 1048576 bytes, linear)
[    0.595492] *** VALIDATE proc ***
[    0.596293] *** VALIDATE cgroup1 ***
[    0.596326] *** VALIDATE cgroup2 ***
[    0.599147] rcu: Hierarchical SRCU implementation.
[    0.621995] smp: Bringing up secondary CPUs ...
[    0.705619] smp: Brought up 1 node, 32 CPUs
[    0.713109] devtmpfs: initialized
[    0.719574] Performance events: 
[    0.719632] Testing NMI watchdog ... 
[    0.919764] OK.
[    0.919931] Supported PMU type is 'niagara5'
[    0.920247] random: get_random_u32 called from bucket_table_alloc.isra.4+0x184/0x1c0 with crng_init=0
[    0.921147] ldc.c:v1.1 (July 22, 2008)
[    0.924335] clocksource: jiffies: mask: 0xffffffff max_cycles: 0xffffffff, max_idle_ns: 19112604462750000 ns
[    0.924444] futex hash table entries: 65536 (order: 10, 8388608 bytes, linear)
[    0.933969] NET: Registered protocol family 16
[    0.943990] VIO: Adding device channel-devices (tx_ino = ffffffffffffffff, rx_ino = ffffffffffffffff)
[    0.944272] VIO: Adding device vnet-port-0-0 (tx_ino = 0, rx_ino = 1)
[    0.944490] VIO: Adding device vnet-port-0-1 (tx_ino = 2, rx_ino = 3)
[    0.944679] VIO: Adding device vnet-port-0-2 (tx_ino = 4, rx_ino = 5)
[    0.944870] VIO: Adding device vnet-port-0-3 (tx_ino = 6, rx_ino = 7)
[    0.945060] VIO: Adding device vnet-port-0-4 (tx_ino = 8, rx_ino = 9)
[    0.945245] VIO: Adding device vnet-port-0-5 (tx_ino = 16, rx_ino = 17)
[    0.945437] VIO: Adding device vdc-port-3-0 (tx_ino = a, rx_ino = b)
[    0.945626] VIO: Adding device vdc-port-2-0 (tx_ino = c, rx_ino = d)
[    0.945820] VIO: Adding device vdc-port-1-0 (tx_ino = e, rx_ino = f)
[    0.946011] VIO: Adding device vdc-port-0-0 (tx_ino = 10, rx_ino = 11)
[    0.946207] VIO: Adding device vlds-port-0-0 (tx_ino = 12, rx_ino = 13)
[    0.946415] VIO: Adding device domain-services-port-0 (tx_ino = 12, rx_ino = 13)
[    0.946845] audit: initializing netlink subsys (disabled)
[    0.947255] audit: type=2000 audit(0.500:1): state=initialized audit_enabled=0 res=1
[    0.992934] HugeTLB registered 64.0 KiB page size, pre-allocated 0 pages
[    0.992990] HugeTLB registered 8.00 MiB page size, pre-allocated 0 pages
[    0.993036] HugeTLB registered 256 MiB page size, pre-allocated 0 pages
[    0.993081] HugeTLB registered 2.00 GiB page size, pre-allocated 0 pages
[    1.041674] alg: No test for lzo-rle (lzo-rle-generic)
[    1.042260] alg: No test for lzo-rle (lzo-rle-scomp)
[    1.060243] SUN4V: Reboot data supported (maj=1,min=0).
[    1.060764] ds.c:v1.0 (Jul 11, 2007)
[    1.061194] ds-0: ds_conn_reset() from send_events.isra.3
[    1.062654] clocksource: Switched to clocksource stick
[    1.347144] VFS: Disk quotas dquot_6.6.0
[    1.347639] VFS: Dquot-cache hash table entries: 1024 (order 0, 8192 bytes)
[    1.348274] *** VALIDATE hugetlbfs ***
[    1.366930] NET: Registered protocol family 2
[    1.369389] tcp_listen_portaddr_hash hash table entries: 32768 (order: 8, 2359296 bytes, linear)
[    1.372810] TCP established hash table entries: 524288 (order: 9, 4194304 bytes, linear)
[    1.374911] TCP bind hash table entries: 65536 (order: 9, 4194304 bytes, linear)
[    1.380608] TCP: Hash tables configured (established 524288 bind 65536)
[    1.387328] UDP hash table entries: 32768 (order: 9, 5242880 bytes, linear)
[    1.394832] UDP-Lite hash table entries: 32768 (order: 9, 5242880 bytes, linear)
[    1.408976] NET: Registered protocol family 1
[    1.410088] Trying to unpack rootfs image as initramfs...
[    1.739887] Freeing initrd memory: 10416K
[    1.776053] workingset: timestamp_bits=46 max_order=23 bucket_order=0
[    1.782774] SGI XFS with ACLs, security attributes, debug enabled
[    1.813283] Block layer SCSI generic (bsg) driver version 0.4 loaded (major 252)
[    1.815095] io scheduler mq-deadline registered
[    1.817110] f029b788: ttyS0 at I/O 0x0 (irq = 1, base_baud = 115200) is a SUN4V HCONS
[    1.823561] printk: console [ttyHV0] enabled
[    1.828871] sunvdc.c:v1.2 (November 24, 2014)
[    1.836412] sunvdc: Virtual CDROM vdiskd
[    1.836489] sunvdc: vdiskd: 403160 sectors (196 MB) protocol 1.2
[    1.838089]  vdiskd: vdiskd1 vdiskd2 vdiskd3 vdiskd4 vdiskd5 vdiskd6 vdiskd7
[    1.895229] sunvdc: Virtual Hard disk vdiskc
[    1.895284] sunvdc: vdiskc: 104857600 sectors (51200 MB) protocol 1.2
[    1.948874] sunvdc: Virtual Hard disk vdiskb
[    1.948930] sunvdc: vdiskb: 62914560 sectors (30720 MB) protocol 1.2
[    1.964642]  vdiskb: vdiskb1
[    2.019002] sunvdc: Virtual Hard disk vdiska
[    2.019059] sunvdc: vdiska: 31457280 sectors (15360 MB) protocol 1.2
[    2.020060]  vdiska: vdiska1 vdiska2 vdiska3 vdiska4
[    2.067939] sunvnet: sunvnet 2.0 (February 3, 2017)
[    2.071498] vnet_port vnet-port-0-0 eth0: Sun LDOM vnet 00:14:4f:f8:12:a3
[    2.072141] sunvnet: eth0: PORT ( remote-mac 00:14:4f:fa:f3:f0 switch-port )
[    2.073558] sunvnet: eth0: PORT ( remote-mac 00:14:4f:f8:e5:f3 )
[    2.074898] sunvnet: eth0: PORT ( remote-mac 00:14:4f:f9:b4:97 )
[    2.076244] sunvnet: eth0: PORT ( remote-mac 00:14:4f:f9:8b:83 )
[    2.077579] sunvnet: eth0: PORT ( remote-mac 00:14:4f:f8:3f:1e )
[    2.078877] sunvnet: eth0: PORT ( remote-mac 00:14:4f:f8:fe:47 )
[    2.080601] rtc-sun4v rtc-sun4v: registered as rtc0
[    2.081081] device-mapper: uevent: version 1.0.3
[    2.082299] device-mapper: ioctl: 4.40.0-ioctl (2019-01-18) initialised: dm-devel@redhat.com
[    2.084077] NET: Registered protocol family 17
[    2.094823] zswap: default zpool zbud not available
[    2.094912] zswap: pool creation failed
[    2.145993] Key type big_key registered
[    2.147166] rtc-sun4v rtc-sun4v: setting system clock to 2019-07-17T16:18:34 UTC (1563380314)
[    2.151569] This architecture does not have kernel memory protection.
[    2.151635] Run /init as init process
[    3.074562] crc32c_sparc64: Using sparc64 crc32c opcode optimized CRC32C implementation
[    3.732651] raid6: int64x8  gen()  2057 MB/s
[    3.902631] raid6: int64x8  xor()  1539 MB/s
[    4.072632] raid6: int64x4  gen()  3333 MB/s
[    4.242642] raid6: int64x4  xor()  1949 MB/s
[    4.412658] raid6: int64x2  gen()  2767 MB/s
[    4.582652] raid6: int64x2  xor()  1950 MB/s
[    4.752661] raid6: int64x1  gen()  2576 MB/s
[    4.922635] raid6: int64x1  xor()  1583 MB/s
[    4.922686] raid6: using algorithm int64x4 gen() 3333 MB/s
[    4.922726] raid6: .... xor() 1949 MB/s, rmw enabled
[    4.922764] raid6: using intx1 recovery algorithm
[    4.923744] async_tx: api initialized (async)
[    4.924614] xor: automatically using best checksumming function   Niagara   
[    5.063072] random: fast init done
[    5.170890] EXT4-fs (vdiska2): mounted filesystem with ordered data mode. Opts: (null)
[    7.763706] systemd[1]: Inserted module 'autofs4'
[    7.775812] NET: Registered protocol family 10
[    7.788272] Segment Routing with IPv6
[    7.880944] systemd[1]: systemd 241 running in system mode. (+PAM +AUDIT +SELINUX +IMA +APPARMOR +SMACK +SYSVINIT +UTMP +LIBCRYPTSETUP +GCRYPT +GNUTLS +ACL +XZ +LZ4 -SECCOMP +BLKID +ELFUTILS +KMOD -IDN2 +IDN +PCRE2 default-hierarchy=hybrid)
[    7.881567] systemd[1]: Detected architecture sparc64.
[    7.922846] systemd[1]: Set hostname to <ttip>.
[    7.928423] systemd[1]: Failed to bump fs.file-max, ignoring: Invalid argument
[    8.872882] random: lvmconfig: uninitialized urandom read (4 bytes read)
[   10.036796] systemd[1]: /lib/systemd/system/smbd.service:9: PIDFile= references path below legacy directory /var/run/, updating /var/run/samba/smbd.pid → /run/samba/smbd.pid; please update the unit file accordingly.
[   10.040695] systemd[1]: /lib/systemd/system/nmbd.service:9: PIDFile= references path below legacy directory /var/run/, updating /var/run/samba/nmbd.pid → /run/samba/nmbd.pid; please update the unit file accordingly.
[   10.290969] random: systemd: uninitialized urandom read (16 bytes read)
[   10.306995] random: systemd: uninitialized urandom read (16 bytes read)
[   10.319956] systemd[1]: Created slice User and Session Slice.
[   10.320985] random: systemd: uninitialized urandom read (16 bytes read)
[   10.321107] systemd[1]: Reached target Remote File Systems.
[   10.334130] systemd[1]: Created slice system-getty.slice.
[   10.335891] systemd[1]: Listening on fsck to fsckd communication Socket.
[   10.654167] EXT4-fs (vdiska2): re-mounted. Opts: errors=remount-ro
[   11.131202] systemd-journald[452]: Received request to flush runtime journal from PID 1
[   13.687367] sha1_sparc64: Using sparc64 sha1 opcode optimized SHA-1 implementation
[   13.719970] sha256_sparc64: Using sparc64 sha256 opcode optimized SHA-256/SHA-224 implementation
[   13.752026] sha512_sparc64: Using sparc64 sha512 opcode optimized SHA-512/SHA-384 implementation
[   13.763156] md5_sparc64: Using sparc64 md5 opcode optimized MD5 implementation
[   13.875640] aes_sparc64: Using sparc64 aes opcodes optimized AES implementation
[   14.067133] n2rng v0.3 (Jan 7, 2017)
[   14.067208] n2rng f029b104: Registered RNG HVAPI major 2 minor 0
[   14.067261] n2rng f029b104: Found multi-unit-capable RNG, units: 2
[   14.068689] n2rng f029b104: RNG ready
[   14.175379] des_sparc64: Using sparc64 des opcodes optimized DES implementation
[   14.245127] camellia_sparc64: Using sparc64 camellia opcodes optimized CAMELLIA implementation
[   15.637878] XFS (dm-0): Mounting V5 Filesystem
[   15.724793] XFS (dm-0): Ending clean mount
[   17.412760] Adding 787176k swap on /dev/vdiska4.  Priority:-2 extents:1 across:787176k FS
[   17.682967] EXT4-fs (vdiska1): mounting ext3 file system using the ext4 subsystem
[   17.702327] EXT4-fs (vdiska1): mounted filesystem with ordered data mode. Opts: (null)
[   19.586226] random: crng init done
[   19.586276] random: 6 urandom warning(s) missed due to ratelimiting
