[    0.000020] PROMLIB: Sun IEEE Boot Prom 'OBP 4.38.12 2018/03/28 14:54'
[    0.000033] PROMLIB: Root node compatible: sun4v
[    0.000081] Linux version 5.7.0-07810-g6929f71e46bd (mator@ttip) (gcc version 9.3.0 (Debian 9.3.0-12), GNU ld (GNU Binutils for Debian) 2.34) #130 SMP Thu Jun 4 14:20:24 MSK 2020
[    0.000424] printk: bootconsole [earlyprom0] enabled
[    0.000477] ARCH: SUN4V
[    0.000527] Ethernet address: 00:14:4f:fa:06:f2
[    0.000582] MM: PAGE_OFFSET is 0xfff8000000000000 (max_phys_bits == 47)
[    0.000647] MM: VMALLOC [0x0000000100000000 --> 0x0006000000000000]
[    0.000709] MM: VMEMMAP [0x0006000000000000 --> 0x000c000000000000]
[    0.012359] Kernel: Using 5 locked TLB entries for main kernel image.
[    0.012444] Remapping the kernel... 
[    0.012469] done.
[    0.045773] OF stdout device is: /virtual-devices@100/console@1
[    0.045855] PROM: Built device tree with 86758 bytes of memory.
[    0.045920] MDESC: Size is 36512 bytes.
[    0.046046] PLATFORM: banner-name [SPARC T5-2]
[    0.046097] PLATFORM: name [ORCL,SPARC-T5-2]
[    0.046144] PLATFORM: hostid [84fa06f2]
[    0.046188] PLATFORM: serial# [0035260e]
[    0.046231] PLATFORM: stick-frequency [3b9aca00]
[    0.046281] PLATFORM: mac-address [144ffa06f2]
[    0.046327] PLATFORM: watchdog-resolution [1000 ms]
[    0.046379] PLATFORM: watchdog-max-timeout [31536000000 ms]
[    0.046435] PLATFORM: max-cpus [1024]
[    0.051242] Allocated 40960 bytes for kernel page tables.
[    0.051337] Zone ranges:
[    0.051378]   Normal   [mem 0x0000000030400000-0x00000024af937fff]
[    0.051443] Movable zone start for each node
[    0.051489] Early memory node ranges
[    0.051531]   node   0: [mem 0x0000000030400000-0x000000006fe7ffff]
[    0.051595]   node   0: [mem 0x000000006ff00000-0x000000006ff25fff]
[    0.051655]   node   0: [mem 0x0000000070000000-0x000000042fffffff]
[    0.051719]   node   0: [mem 0x0000002030000000-0x00000024af87ffff]
[    0.051783]   node   0: [mem 0x00000024af900000-0x00000024af925fff]
[    0.051845]   node   0: [mem 0x00000024af930000-0x00000024af937fff]
[    0.065829] Zeroed struct page in unavailable ranges: 263766 pages
[    0.065839] Initmem setup node 0 [mem 0x0000000030400000-0x00000024af937fff]
[    0.066000] On node 0 totalpages: 4454826
[    0.066010]   Normal zone: 39154 pages used for memmap
[    0.066016]   Normal zone: 0 pages reserved
[    0.066022]   Normal zone: 4454826 pages, LIFO batch:31
[    0.224598] Booting Linux...
[    0.224685] CPU CAPS: [flush,stbar,swap,muldiv,v9,blkinit,n2,mul32]
[    0.224770] CPU CAPS: [div32,v8plus,popc,vis,vis2,ASIBlkInit,fmaf,vis3]
[    0.224848] CPU CAPS: [hpc,ima,pause,cbcond,aes,des,kasumi,camellia]
[    0.224921] CPU CAPS: [md5,sha1,sha256,sha512,mpmul,montmul,montsqr,crc32c]
[    0.254729] percpu: Embedded 27 pages/cpu s184016 r8192 d28976 u262144
[    0.254972] pcpu-alloc: s184016 r8192 d28976 u262144 alloc=1*4194304
[    0.254980] pcpu-alloc: [0] 000 001 002 003 004 005 006 007 008 009 010 011 012 013 014 015 
[    0.255008] pcpu-alloc: [0] 016 017 018 019 020 021 022 023 024 025 026 027 028 029 030 031 
[    0.255036] pcpu-alloc: [0] 032 033 034 035 036 037 038 039 040 041 042 043 044 045 046 047 
[    0.255064] pcpu-alloc: [0] 048 049 050 051 052 053 054 055 056 057 058 059 060 061 062 063 
[    0.255091] pcpu-alloc: [0] 064 065 066 067 068 069 070 071 072 073 074 075 076 077 078 079 
[    0.255119] pcpu-alloc: [0] 080 081 082 083 084 085 086 087 088 089 090 091 092 093 094 095 
[    0.255147] pcpu-alloc: [0] 096 097 098 099 100 101 102 103 104 105 106 107 108 109 110 111 
[    0.255175] pcpu-alloc: [0] 112 113 114 115 116 117 118 119 120 121 122 123 124 125 126 127 
[    0.255590] SUN4V: Mondo queue sizes [cpu(131072) dev(16384) r(8192) nr(256)]
[    0.255970] Built 1 zonelists, mobility grouping on.  Total pages: 4415672
[    0.256040] Policy zone: Normal
[    0.256097] Kernel command line: BOOT_IMAGE=/vmlinux-5.7.0-07810-g6929f71e46bd root=/dev/vdiska2 ro zswap.enabled=1
[    0.259018] printk: log_buf_len individual max cpu contribution: 4096 bytes
[    0.259090] printk: log_buf_len total cpu_extra contributions: 520192 bytes
[    0.259156] printk: log_buf_len min size: 131072 bytes
[    0.259427] printk: log_buf_len: 1048576 bytes
[    0.259479] printk: early log buf free: 126696(96%)
[    0.265892] Dentry cache hash table entries: 8388608 (order: 13, 67108864 bytes, linear)
[    0.269161] Inode-cache hash table entries: 4194304 (order: 12, 33554432 bytes, linear)
[    0.269246] Sorting __ex_table...
[    0.269475] mem auto-init: stack:off, heap alloc:off, heap free:off
[    0.376206] Memory: 35129272K/35638608K available (7905K kernel code, 1064K rwdata, 2344K rodata, 656K init, 6832K bss, 509336K reserved, 0K cma-reserved)
[    0.376888] SLUB: HWalign=32, Order=0-3, MinObjects=0, CPUs=128, Nodes=32
[    0.377189] ftrace: allocating 22136 entries in 44 pages
[    0.385509] ftrace: allocated 44 pages with 3 groups
[    0.388480] Running RCU self tests
[    0.388573] rcu: Hierarchical RCU implementation.
[    0.388627] rcu: 	RCU event tracing is enabled.
[    0.388677] rcu: 	RCU lockdep checking is enabled.
[    0.388727] 	Trampoline variant of Tasks RCU enabled.
[    0.388780] 	Rude variant of Tasks RCU enabled.
[    0.388828] 	Tracing variant of Tasks RCU enabled.
[    0.388880] rcu: RCU calculated value of scheduler-enlistment delay is 10 jiffies.
[    0.393498] NR_IRQS: 2048, nr_irqs: 2048, preallocated irqs: 1
[    0.393584] SUN4V: Using IRQ API major 3, cookie only virqs enabled
[    0.396217] clocksource: stick: mask: 0xffffffffffffffff max_cycles: 0x1cd42e4dffb, max_idle_ns: 881590591483 ns
[    0.396351] clocksource: mult[800000] shift[23]
[    0.396403] clockevent: mult[80000000] shift[31]
[    0.396803] Console: colour dummy device 80x25
[    0.396869] printk: console [tty0] enabled
[    0.396949] printk: bootconsole [earlyprom0] disabled
[    0.397038] Lock dependency validator: Copyright (c) 2006 Red Hat, Inc., Ingo Molnar
[    0.397091] ... MAX_LOCKDEP_SUBCLASSES:  8
[    0.397124] ... MAX_LOCK_DEPTH:          48
[    0.397156] ... MAX_LOCKDEP_KEYS:        8192
[    0.397190] ... CLASSHASH_SIZE:          4096
[    0.397224] ... MAX_LOCKDEP_ENTRIES:     16384
[    0.397257] ... MAX_LOCKDEP_CHAINS:      32768
[    0.397291] ... CHAINHASH_SIZE:          16384
[    0.397325]  memory used by lock dependency info: 3919 kB
[    0.397364]  memory used for stack traces: 2112 kB
[    0.397400]  per task-struct memory footprint: 1920 bytes
[    0.547007] Calibrating delay using timer specific routine.. 2015.80 BogoMIPS (lpj=10079011)
[    0.547083] pid_max: default: 131072 minimum: 1024
[    0.547382] LSM: Security Framework initializing
[    0.547559] AppArmor: AppArmor initialized
[    0.547835] Mount-cache hash table entries: 131072 (order: 7, 1048576 bytes, linear)
[    0.548005] Mountpoint-cache hash table entries: 131072 (order: 7, 1048576 bytes, linear)
[    0.553299] rcu: Hierarchical SRCU implementation.
[    0.562348] smp: Bringing up secondary CPUs ...
[    0.609205] smp: Brought up 1 node, 32 CPUs
[    0.614971] devtmpfs: initialized
[    0.620113] Performance events: 
[    0.620158] Testing NMI watchdog ... 
[    0.820244] OK.
[    0.820427] Supported PMU type is 'niagara5'
[    0.820657] random: get_random_u32 called from bucket_table_alloc.isra.0+0x198/0x1c0 with crng_init=0
[    0.821254] ldc.c:v1.1 (July 22, 2008)
[    0.823928] clocksource: jiffies: mask: 0xffffffff max_cycles: 0xffffffff, max_idle_ns: 19112604462750000 ns
[    0.824025] futex hash table entries: 32768 (order: 9, 4194304 bytes, linear)
[    0.830174] NET: Registered protocol family 16
[    0.839796] VIO: Adding device channel-devices (tx_ino = ffffffffffffffff, rx_ino = ffffffffffffffff)
[    0.840053] VIO: Adding device vnet-port-0-0 (tx_ino = 0, rx_ino = 1)
[    0.840284] VIO: Adding device vnet-port-0-1 (tx_ino = 2, rx_ino = 3)
[    0.840506] VIO: Adding device vnet-port-0-2 (tx_ino = 4, rx_ino = 5)
[    0.840691] VIO: Adding device vnet-port-0-3 (tx_ino = 6, rx_ino = 7)
[    0.840881] VIO: Adding device vnet-port-0-4 (tx_ino = 8, rx_ino = 9)
[    0.841072] VIO: Adding device vnet-port-0-5 (tx_ino = a, rx_ino = b)
[    0.841255] VIO: Adding device vdc-port-2-0 (tx_ino = c, rx_ino = d)
[    0.841441] VIO: Adding device vdc-port-1-0 (tx_ino = e, rx_ino = f)
[    0.841624] VIO: Adding device vdc-port-0-0 (tx_ino = 10, rx_ino = 11)
[    0.841806] VIO: Adding device vdc-port-3-0 (tx_ino = 12, rx_ino = 13)
[    0.841994] VIO: Adding device vlds-port-0-0 (tx_ino = 14, rx_ino = 15)
[    0.842183] VIO: Adding device domain-services-port-0 (tx_ino = 14, rx_ino = 15)
[    0.842514] audit: initializing netlink subsys (disabled)
[    0.842876] audit: type=2000 audit(0.440:1): state=initialized audit_enabled=0 res=1
[    0.875252] HugeTLB registered 64.0 KiB page size, pre-allocated 0 pages
[    0.875313] HugeTLB registered 8.00 MiB page size, pre-allocated 0 pages
[    0.875364] HugeTLB registered 256 MiB page size, pre-allocated 0 pages
[    0.875413] HugeTLB registered 2.00 GiB page size, pre-allocated 0 pages
[    0.878931] alg: extra crypto tests enabled.  This is intended for developer use only.
[    0.902401] cryptd: max_cpu_qlen set to 1000
[    1.009828] NetLabel: Initializing
[    1.009870] NetLabel:  domain hash size = 128
[    1.009907] NetLabel:  protocols = UNLABELED CIPSOv4 CALIPSO
[    1.010039] NetLabel:  unlabeled traffic allowed by default
[    1.011130] SUN4V: Reboot data supported (maj=1,min=0).
[    1.011782] ds.c:v1.0 (Jul 11, 2007)
[    1.012153] ds-0: ds_conn_reset() from send_events.isra.0
[    1.012684] clocksource: Switched to clocksource stick
[    1.228712] VFS: Disk quotas dquot_6.6.0
[    1.229448] VFS: Dquot-cache hash table entries: 1024 (order 0, 8192 bytes)
[    1.233185] AppArmor: AppArmor Filesystem Enabled
[    1.247416] NET: Registered protocol family 2
[    1.250381] tcp_listen_portaddr_hash hash table entries: 32768 (order: 8, 2621440 bytes, linear)
[    1.253528] TCP established hash table entries: 524288 (order: 9, 4194304 bytes, linear)
[    1.255991] TCP bind hash table entries: 65536 (order: 9, 4718592 bytes, linear)
[    1.261603] TCP: Hash tables configured (established 524288 bind 65536)
[    1.264360] UDP hash table entries: 32768 (order: 9, 5242880 bytes, linear)
[    1.270624] UDP-Lite hash table entries: 32768 (order: 9, 5242880 bytes, linear)
[    1.279471] NET: Registered protocol family 1
[    1.279545] NET: Registered protocol family 44
[    1.280243] Trying to unpack rootfs image as initramfs...
[    1.482531] Freeing initrd memory: 14768K
[    1.483639] aes_sparc64: Using sparc64 aes opcodes optimized AES implementation
[    1.748617] des_sparc64: Using sparc64 des opcodes optimized DES implementation
[    2.215833] camellia_sparc64: Using sparc64 camellia opcodes optimized CAMELLIA implementation
[    2.395108] workingset: timestamp_bits=41 max_order=23 bucket_order=0
[    2.416940] zbud: loaded
[    2.421445] SGI XFS with ACLs, security attributes, quota, fatal assert, debug enabled
[    2.451709] Block layer SCSI generic (bsg) driver version 0.4 loaded (major 252)
[    2.452892] io scheduler mq-deadline registered
[    2.456109] f029b788: ttyHV0 at I/O 0x0 (irq = 1, base_baud = 115200) is a SUN4V HCONS
[    2.457134] printk: console [ttyHV0] enabled
[    2.461829] sunvdc.c:v1.2 (November 24, 2014)
[    2.465405] sunvdc: Virtual Hard disk vdiskc
[    2.465455] sunvdc: vdiskc: 104857600 sectors (51200 MB) protocol 1.2
[    2.497690] sunvdc: Virtual Hard disk vdiskb
[    2.497749] sunvdc: vdiskb: 62914560 sectors (30720 MB) protocol 1.2
[    2.499724]  vdiskb: vdiskb1
[    2.522285] sunvdc: Virtual Hard disk vdiska
[    2.522343] sunvdc: vdiska: 31457280 sectors (15360 MB) protocol 1.2
[    2.524533]  vdiska: vdiska1 vdiska2 vdiska3 vdiska4
[    2.561422] sunvdc: Virtual CDROM vdiskd
[    2.561487] sunvdc: vdiskd: 453848 sectors (221 MB) protocol 1.2
[    2.562899]  vdiskd: vdiskd1 vdiskd2 vdiskd3 vdiskd4 vdiskd5 vdiskd6 vdiskd7
[    2.584225] sunvnet: sunvnet 2.0 (February 3, 2017)
[    2.586953] vnet_port vnet-port-0-0 eth0: Sun LDOM vnet 00:14:4f:f8:12:a3
[    2.587195] sunvnet: eth0: PORT ( remote-mac 00:14:4f:fa:f3:f0 switch-port )
[    2.587831] sunvnet: eth0: PORT ( remote-mac 00:14:4f:f8:e5:f3 )
[    2.588433] sunvnet: eth0: PORT ( remote-mac 00:14:4f:f9:b4:97 )
[    2.589036] sunvnet: eth0: PORT ( remote-mac 00:14:4f:f8:3f:1e )
[    2.589650] sunvnet: eth0: PORT ( remote-mac 00:14:4f:f8:fe:47 )
[    2.590285] sunvnet: eth0: PORT ( remote-mac 00:14:4f:f9:8b:83 )
[    2.591638] rtc-sun4v rtc-sun4v: registered as rtc0
[    2.591787] rtc-sun4v rtc-sun4v: setting system clock to 2020-06-04T16:08:32 UTC (1591286912)
[    2.592401] sun4v_wdt: initialized (timeout=60s, nowayout=0)
[    2.592888] device-mapper: uevent: version 1.0.3
[    2.593963] device-mapper: ioctl: 4.42.0-ioctl (2020-02-27) initialised: dm-devel@redhat.com
[    2.594997] NET: Registered protocol family 17
[    2.595407] registered taskstats version 1
[    2.596428] zswap: loaded using pool lzo/zbud
[    2.918825] Key type big_key registered
[    2.918901] AppArmor: AppArmor sha1 policy hashing enabled
[    2.924382] This architecture does not have kernel memory protection.
[    2.924446] Run /init as init process
[    2.924482]   with arguments:
[    2.924489]     /init
[    2.924496]   with environment:
[    2.924503]     HOME=/
[    2.924509]     TERM=linux
[    2.924516]     BOOT_IMAGE=/vmlinux-5.7.0-07810-g6929f71e46bd
[    3.423403] crc32c_sparc64: Using sparc64 crc32c opcode optimized CRC32C implementation
[    4.022669] raid6: int64x8  gen()  2147 MB/s
[    4.192652] raid6: int64x8  xor()  1499 MB/s
[    4.362678] raid6: int64x4  gen()  3382 MB/s
[    4.532645] raid6: int64x4  xor()  1475 MB/s
[    4.702649] raid6: int64x2  gen()  2771 MB/s
[    4.872668] raid6: int64x2  xor()  1157 MB/s
[    5.042677] raid6: int64x1  gen()  1357 MB/s
[    5.212662] raid6: int64x1  xor()   668 MB/s
[    5.212716] raid6: using algorithm int64x4 gen() 3382 MB/s
[    5.212761] raid6: .... xor() 1475 MB/s, rmw enabled
[    5.212803] raid6: using intx1 recovery algorithm
[    5.213711] async_tx: api initialized (async)
[    5.214263] xor: automatically using best checksumming function   Niagara   
[    5.305060] random: fast init done
[    5.438496] process '/usr/bin/fstype' started with executable stack
[    5.557554] EXT4-fs (vdiska2): mounted filesystem with ordered data mode. Opts: (null)
[    8.193921] systemd[1]: Inserted module 'autofs4'
[    8.316410] NET: Registered protocol family 10
[    8.322840] Segment Routing with IPv6
[    8.445562] systemd[1]: systemd 245.5-3 running in system mode. (+PAM +AUDIT +SELINUX +IMA +APPARMOR +SMACK +SYSVINIT +UTMP +LIBCRYPTSETUP +GCRYPT +GNUTLS +ACL +XZ +LZ4 -SECCOMP +BLKID +ELFUTILS +KMOD +IDN2 -IDN +PCRE2 default-hierarchy=hybrid)
[    8.446204] systemd[1]: Detected architecture sparc64.
[    8.585298] systemd[1]: Set hostname to <ttip>.
[   10.619035] random: lvmconfig: uninitialized urandom read (4 bytes read)
[   12.787071] random: systemd: uninitialized urandom read (16 bytes read)
[   12.831310] systemd[1]: Created slice system-getty.slice.
[   12.832170] random: systemd: uninitialized urandom read (16 bytes read)
[   12.842481] systemd[1]: Created slice system-modprobe.slice.
[   12.843030] random: systemd: uninitialized urandom read (16 bytes read)
[   12.852019] systemd[1]: Created slice system-openvpn\x2dclient.slice.
[   12.891789] systemd[1]: Created slice system-postfix.slice.
[   12.901657] systemd[1]: Created slice system-systemd\x2dfsck.slice.
[   12.912566] systemd[1]: Created slice User and Session Slice.
[   12.913865] systemd[1]: Started Dispatch Password Requests to Console Directory Watch.
[   12.914737] systemd[1]: Started Forward Password Requests to Wall Directory Watch.
[   12.917805] systemd[1]: Set up automount Arbitrary Executable File Formats File System Automount Point.
[   12.918483] systemd[1]: Reached target Local Encrypted Volumes.
[   12.919007] systemd[1]: Reached target Paths.
[   12.919467] systemd[1]: Reached target Remote File Systems.
[   12.919939] systemd[1]: Reached target Slices.
[   12.920956] systemd[1]: Listening on Device-mapper event daemon FIFOs.
[   12.922134] systemd[1]: Listening on LVM2 poll daemon socket.
[   12.966089] systemd[1]: Listening on Syslog Socket.
[   12.967321] systemd[1]: Listening on fsck to fsckd communication Socket.
[   12.968147] systemd[1]: Listening on initctl Compatibility Named Pipe.
[   12.969441] systemd[1]: Listening on Journal Audit Socket.
[   12.970461] systemd[1]: Listening on Journal Socket (/dev/log).
[   12.971662] systemd[1]: Listening on Journal Socket.
[   12.972845] systemd[1]: Listening on udev Control Socket.
[   12.973694] systemd[1]: Listening on udev Kernel Socket.
[   12.989810] systemd[1]: Mounting Huge Pages File System...
[   13.004790] systemd[1]: Mounting POSIX Message Queue File System...
[   13.021046] systemd[1]: Mounting Kernel Debug File System...
[   13.088757] systemd[1]: Mounting Kernel Trace File System...
[   13.103624] systemd[1]: Starting Availability of block devices...
[   13.120591] systemd[1]: Starting Wait for network to be configured by ifupdown...
[   13.135917] systemd[1]: Starting Create list of static device nodes for the current kernel...
[   13.152690] systemd[1]: Starting Monitoring of LVM2 mirrors, snapshots etc. using dmeventd or progress polling...
[   13.168305] systemd[1]: Starting Load Kernel Module drm...
[   13.183310] systemd[1]: Starting nftables...
[   13.214878] systemd[1]: Condition check resulted in Set Up Additional Binary Formats being skipped.
[   13.215129] systemd[1]: Condition check resulted in File System Check on Root Device being skipped.
[   13.234354] systemd[1]: Starting Journal Service...
[   13.251917] systemd[1]: Starting Load Kernel Modules...
[   13.270217] systemd[1]: Starting Remount Root and Kernel File Systems...
[   13.286392] systemd[1]: Starting udev Coldplug all Devices...
[   13.295881] systemd[1]: Mounted Huge Pages File System.
[   13.297532] systemd[1]: Mounted POSIX Message Queue File System.
[   13.299016] systemd[1]: Mounted Kernel Debug File System.
[   13.300519] systemd[1]: Mounted Kernel Trace File System.
[   13.308732] systemd[1]: Finished Availability of block devices.
[   13.315861] systemd[1]: Finished Wait for network to be configured by ifupdown.
[   13.322539] systemd[1]: Finished Create list of static device nodes for the current kernel.
[   13.325862] systemd[1]: modprobe@drm.service: Succeeded.
[   13.330485] systemd[1]: Finished Load Kernel Module drm.
[   13.337277] systemd[1]: Finished Load Kernel Modules.
[   13.339674] systemd[1]: Condition check resulted in FUSE Control File System being skipped.
[   13.340055] systemd[1]: Condition check resulted in Kernel Configuration File System being skipped.
[   13.356095] systemd[1]: Starting Apply Kernel Variables...
[   13.372358] EXT4-fs (vdiska2): re-mounted. Opts: errors=remount-ro
[   13.396158] systemd[1]: Finished Remount Root and Kernel File Systems.
[   13.511503] systemd[1]: Starting Initial Check File System Quotas...
[   13.543612] systemd[1]: Condition check resulted in Rebuild Hardware Database being skipped.
[   13.543923] systemd[1]: Condition check resulted in Platform Persistent Storage Archival being skipped.
[   13.558470] systemd[1]: Starting Load/Save Random Seed...
[   13.575058] systemd[1]: Starting Create System Users...
[   13.577209] systemd[1]: Started Journal Service.
[   13.668900] systemd-journald[504]: Received client request to flush runtime journal.
[   15.869557] sha1_sparc64: Using sparc64 sha1 opcode optimized SHA-1 implementation
[   15.996319] n2rng v0.3 (Jan 7, 2017)
[   15.996419] n2rng f029b104: Registered RNG HVAPI major 2 minor 0
[   15.996508] n2rng f029b104: Found multi-unit-capable RNG, units: 2
[   15.997756] n2rng f029b104: RNG ready
[   16.057679] sha256_sparc64: Using sparc64 sha256 opcode optimized SHA-256/SHA-224 implementation
[   16.099436] pktcdvd: setup of pktcdvd device failed
[   16.149209] pktcdvd: setup of pktcdvd device failed
[   16.152816] pktcdvd: setup of pktcdvd device failed
[   16.155875] pktcdvd: setup of pktcdvd device failed
[   16.159370] pktcdvd: setup of pktcdvd device failed
[   16.162377] pktcdvd: setup of pktcdvd device failed
[   16.166434] pktcdvd: setup of pktcdvd device failed
[   16.170163] pktcdvd: setup of pktcdvd device failed
[   16.218259] sha512_sparc64: Using sparc64 sha512 opcode optimized SHA-512/SHA-384 implementation
[   16.238242] md5_sparc64: Using sparc64 md5 opcode optimized MD5 implementation
[   16.392804] Adding 787176k swap on /dev/vdiska4.  Priority:-2 extents:1 across:787176k FS
[   16.739574] XFS (dm-0): Mounting V5 Filesystem
[   16.895091] EXT4-fs (vdiska1): mounting ext3 file system using the ext4 subsystem
[   16.929835] XFS (dm-0): Ending clean mount
[   17.022323] xfs filesystem being mounted at /1 supports timestamps until 2038 (0x7fffffff)
[   17.163918] EXT4-fs (vdiska1): mounted filesystem with ordered data mode. Opts: (null)
[   17.164117] ext3 filesystem being mounted at /boot supports timestamps until 2038 (0x7fffffff)
[   18.033335] random: crng init done
[   18.033481] random: 6 urandom warning(s) missed due to ratelimiting
[   18.360689] Kernel unaligned access at TPC[8b7538] aa_dfa_unpack+0x38/0x5a0
[   18.360799] Kernel unaligned access at TPC[8b7558] aa_dfa_unpack+0x58/0x5a0
[   18.360861] Kernel unaligned access at TPC[8b7614] aa_dfa_unpack+0x114/0x5a0
[   18.360924] Kernel unaligned access at TPC[8b76f4] aa_dfa_unpack+0x1f4/0x5a0
[   18.360986] Kernel unaligned access at TPC[8b7708] aa_dfa_unpack+0x208/0x5a0
[   18.369234] audit: type=1400 audit(1591286928.270:2): apparmor="STATUS" operation="profile_load" profile="unconfined" name="/usr/sbin/haveged" pid=690 comm="apparmor_parser"
[   18.370963] audit: type=1400 audit(1591286928.270:3): apparmor="STATUS" operation="profile_load" profile="unconfined" name="nvidia_modprobe" pid=691 comm="apparmor_parser"
[   18.371121] audit: type=1400 audit(1591286928.270:4): apparmor="STATUS" operation="profile_load" profile="unconfined" name="nvidia_modprobe//kmod" pid=691 comm="apparmor_parser"
[   18.400459] audit: type=1400 audit(1591286928.300:5): apparmor="STATUS" operation="profile_load" profile="unconfined" name="lsb_release" pid=695 comm="apparmor_parser"
[   18.432770] audit: type=1400 audit(1591286928.340:6): apparmor="STATUS" operation="profile_load" profile="unconfined" name="/usr/bin/man" pid=692 comm="apparmor_parser"
[   18.432929] audit: type=1400 audit(1591286928.340:7): apparmor="STATUS" operation="profile_load" profile="unconfined" name="man_filter" pid=692 comm="apparmor_parser"
[   18.433074] audit: type=1400 audit(1591286928.340:8): apparmor="STATUS" operation="profile_load" profile="unconfined" name="man_groff" pid=692 comm="apparmor_parser"
[   18.565619] audit: type=1400 audit(1591286928.470:9): apparmor="STATUS" operation="profile_load" profile="unconfined" name="/usr/sbin/named" pid=694 comm="apparmor_parser"
[   18.589966] audit: type=1400 audit(1591286928.490:10): apparmor="STATUS" operation="profile_load" profile="unconfined" name="tcpdump" pid=693 comm="apparmor_parser"
