[    0.000020] PROMLIB: Sun IEEE Boot Prom 'OBP 4.38.12 2018/03/28 14:54'
[    0.000032] PROMLIB: Root node compatible: sun4v
[    0.000083] Linux version 5.9.0-02690-g527f6750d92b (mator@ttip) (gcc (Debian 10.2.0-15) 10.2.0, GNU ld (GNU Binutils for Debian) 2.35.1) #95 SMP Mon Oct 19 19:33:25 MSK 2020
[    0.000423] printk: bootconsole [earlyprom0] enabled
[    0.000474] ARCH: SUN4V
[    0.000524] Ethernet address: 00:14:4f:fa:06:f2
[    0.000578] MM: PAGE_OFFSET is 0xfff8000000000000 (max_phys_bits == 47)
[    0.000641] MM: VMALLOC [0x0000000100000000 --> 0x0006000000000000]
[    0.000702] MM: VMEMMAP [0x0006000000000000 --> 0x000c000000000000]
[    0.012531] Kernel: Using 5 locked TLB entries for main kernel image.
[    0.012617] Remapping the kernel... 
[    0.012640] done.
[    0.046018] OF stdout device is: /virtual-devices@100/console@1
[    0.046098] PROM: Built device tree with 86758 bytes of memory.
[    0.046164] MDESC: Size is 36512 bytes.
[    0.046293] PLATFORM: banner-name [SPARC T5-2]
[    0.046341] PLATFORM: name [ORCL,SPARC-T5-2]
[    0.046389] PLATFORM: hostid [84fa06f2]
[    0.046430] PLATFORM: serial# [0035260e]
[    0.046474] PLATFORM: stick-frequency [3b9aca00]
[    0.046521] PLATFORM: mac-address [144ffa06f2]
[    0.046568] PLATFORM: watchdog-resolution [1000 ms]
[    0.046617] PLATFORM: watchdog-max-timeout [31536000000 ms]
[    0.046674] PLATFORM: max-cpus [1024]
[    0.051437] Allocated 40960 bytes for kernel page tables.
[    0.051537] Zone ranges:
[    0.051577]   Normal   [mem 0x0000000030400000-0x00000024af937fff]
[    0.051640] Movable zone start for each node
[    0.051685] Early memory node ranges
[    0.051725]   node   0: [mem 0x0000000030400000-0x000000006fe7ffff]
[    0.051788]   node   0: [mem 0x000000006ff00000-0x000000006ff25fff]
[    0.051847]   node   0: [mem 0x0000000070000000-0x000000042fffffff]
[    0.051909]   node   0: [mem 0x0000002030000000-0x00000024af87ffff]
[    0.051972]   node   0: [mem 0x00000024af900000-0x00000024af925fff]
[    0.052033]   node   0: [mem 0x00000024af930000-0x00000024af937fff]
[    0.065659] Zeroed struct page in unavailable ranges: 263766 pages
[    0.065669] Initmem setup node 0 [mem 0x0000000030400000-0x00000024af937fff]
[    0.065829] On node 0 totalpages: 4454826
[    0.065839]   Normal zone: 39154 pages used for memmap
[    0.065844]   Normal zone: 0 pages reserved
[    0.065850]   Normal zone: 4454826 pages, LIFO batch:31
[    0.224158] Booting Linux...
[    0.224244] CPU CAPS: [flush,stbar,swap,muldiv,v9,blkinit,n2,mul32]
[    0.224326] CPU CAPS: [div32,v8plus,popc,vis,vis2,ASIBlkInit,fmaf,vis3]
[    0.225404] CPU CAPS: [hpc,ima,pause,cbcond,aes,des,kasumi,camellia]
[    0.225476] CPU CAPS: [md5,sha1,sha256,sha512,mpmul,montmul,montsqr,crc32c]
[    0.255378] percpu: Embedded 28 pages/cpu s184784 r8192 d36400 u262144
[    0.255620] pcpu-alloc: s184784 r8192 d36400 u262144 alloc=1*4194304
[    0.255627] pcpu-alloc: [0] 000 001 002 003 004 005 006 007 008 009 010 011 012 013 014 015 
[    0.255653] pcpu-alloc: [0] 016 017 018 019 020 021 022 023 024 025 026 027 028 029 030 031 
[    0.255679] pcpu-alloc: [0] 032 033 034 035 036 037 038 039 040 041 042 043 044 045 046 047 
[    0.255704] pcpu-alloc: [0] 048 049 050 051 052 053 054 055 056 057 058 059 060 061 062 063 
[    0.255730] pcpu-alloc: [0] 064 065 066 067 068 069 070 071 072 073 074 075 076 077 078 079 
[    0.255756] pcpu-alloc: [0] 080 081 082 083 084 085 086 087 088 089 090 091 092 093 094 095 
[    0.255781] pcpu-alloc: [0] 096 097 098 099 100 101 102 103 104 105 106 107 108 109 110 111 
[    0.255807] pcpu-alloc: [0] 112 113 114 115 116 117 118 119 120 121 122 123 124 125 126 127 
[    0.256251] SUN4V: Mondo queue sizes [cpu(131072) dev(16384) r(8192) nr(256)]
[    0.256622] Built 1 zonelists, mobility grouping on.  Total pages: 4415672
[    0.256691] Policy zone: Normal
[    0.256748] Kernel command line: BOOT_IMAGE=/vmlinux-5.9.0-02690-g527f6750d92b root=/dev/vdiska2 ro zswap.enabled=1
[    0.259465] printk: log_buf_len individual max cpu contribution: 4096 bytes
[    0.259540] printk: log_buf_len total cpu_extra contributions: 520192 bytes
[    0.259604] printk: log_buf_len min size: 131072 bytes
[    0.259875] printk: log_buf_len: 1048576 bytes
[    0.259926] printk: early log buf free: 126696(96%)
[    0.266251] Dentry cache hash table entries: 8388608 (order: 13, 67108864 bytes, linear)
[    0.269505] Inode-cache hash table entries: 4194304 (order: 12, 33554432 bytes, linear)
[    0.269587] Sorting __ex_table...
[    0.269831] mem auto-init: stack:off, heap alloc:off, heap free:off
[    0.379168] Memory: 35127464K/35638608K available (8384K kernel code, 1122K rwdata, 2520K rodata, 688K init, 6922K bss, 511144K reserved, 0K cma-reserved)
[    0.379843] SLUB: HWalign=32, Order=0-3, MinObjects=0, CPUs=128, Nodes=32
[    0.380129] ftrace: allocating 24020 entries in 47 pages
[    0.389470] ftrace: allocated 47 pages with 5 groups
[    0.392333] Running RCU self tests
[    0.392721] rcu: Hierarchical RCU implementation.
[    0.392773] rcu: 	RCU event tracing is enabled.
[    0.392820] rcu: 	RCU lockdep checking is enabled.
[    0.392872] 	Trampoline variant of Tasks RCU enabled.
[    0.392921] 	Rude variant of Tasks RCU enabled.
[    0.392969] 	Tracing variant of Tasks RCU enabled.
[    0.393016] rcu: RCU calculated value of scheduler-enlistment delay is 10 jiffies.
[    0.397411] NR_IRQS: 2048, nr_irqs: 2048, preallocated irqs: 1
[    0.397492] SUN4V: Using IRQ API major 3, cookie only virqs enabled
[    0.400005] clocksource: stick: mask: 0xffffffffffffffff max_cycles: 0x1cd42e4dffb, max_idle_ns: 881590591483 ns
[    0.400137] clocksource: mult[800000] shift[23]
[    0.400186] clockevent: mult[80000000] shift[31]
[    0.400588] Console: colour dummy device 80x25
[    0.400652] printk: console [tty0] enabled
[    0.400731] printk: bootconsole [earlyprom0] disabled
[    0.400821] Lock dependency validator: Copyright (c) 2006 Red Hat, Inc., Ingo Molnar
[    0.400875] ... MAX_LOCKDEP_SUBCLASSES:  8
[    0.400908] ... MAX_LOCK_DEPTH:          48
[    0.400941] ... MAX_LOCKDEP_KEYS:        8192
[    0.400975] ... CLASSHASH_SIZE:          4096
[    0.401009] ... MAX_LOCKDEP_ENTRIES:     16384
[    0.401043] ... MAX_LOCKDEP_CHAINS:      32768
[    0.401078] ... CHAINHASH_SIZE:          16384
[    0.401112]  memory used by lock dependency info: 3983 kB
[    0.401152]  memory used for stack traces: 2112 kB
[    0.401188]  per task-struct memory footprint: 1920 bytes
[    0.550703] Calibrating delay using timer specific routine.. 2010.59 BogoMIPS (lpj=10052953)
[    0.550779] pid_max: default: 131072 minimum: 1024
[    0.551079] LSM: Security Framework initializing
[    0.551253] AppArmor: AppArmor initialized
[    0.551537] Mount-cache hash table entries: 131072 (order: 7, 1048576 bytes, linear)
[    0.551709] Mountpoint-cache hash table entries: 131072 (order: 7, 1048576 bytes, linear)
[    0.557472] rcu: Hierarchical SRCU implementation.
[    0.568569] smp: Bringing up secondary CPUs ...
[    0.569855] ------------[ cut here ]------------
[    0.569873] WARNING: CPU: 0 PID: 1 at kernel/locking/lockdep.c:5286 check_flags+0x9c/0x2c0
[    0.569882] DEBUG_LOCKS_WARN_ON(lockdep_hardirqs_enabled())
[    0.569883] Modules linked in:
[    0.569898] CPU: 0 PID: 1 Comm: swapper/0 Not tainted 5.9.0-02690-g527f6750d92b #95
[    0.569907] Call Trace:
[    0.569917] [<00000000004707a8>] __warn+0xa8/0x120
[    0.569928] [<0000000000c2190c>] warn_slowpath_fmt+0x64/0x74
[    0.569935] [<00000000004e743c>] check_flags+0x9c/0x2c0
[    0.569944] [<0000000000c277e8>] lock_is_held_type+0x128/0x180
[    0.569955] [<0000000000508034>] rcu_read_lock_sched_held+0x54/0xa0
[    0.569963] [<00000000004ec6e8>] lock_acquire+0x128/0x4e0
[    0.569973] [<0000000000c31170>] _raw_spin_lock+0x30/0x60
[    0.569983] [<00000000009c181c>] p1275_cmd_direct+0x1c/0x60
[    0.569991] [<00000000009c16f0>] prom_startcpu_cpuid+0x30/0x40
[    0.569999] [<00000000004414a4>] __cpu_up+0x184/0x3a0
[    0.570006] [<0000000000472320>] bringup_cpu+0x20/0x120
[    0.570013] [<0000000000471b2c>] cpuhp_invoke_callback+0xec/0x340
[    0.570021] [<00000000004731b4>] cpu_up+0x154/0x220
[    0.570028] [<0000000000473a40>] bringup_nonboot_cpus+0x60/0xa0
[    0.570037] [<0000000000fdc2f4>] smp_init+0x28/0xa0
[    0.570049] [<0000000000fcd3b4>] kernel_init_freeable+0x18c/0x300
[    0.570056] irq event stamp: 5135
[    0.570063] hardirqs last  enabled at (5135): [<0000000000c31588>] _raw_spin_unlock_irqrestore+0x28/0x60
[    0.570072] hardirqs last disabled at (5134): [<0000000000c31340>] _raw_spin_lock_irqsave+0x20/0x80
[    0.570084] softirqs last  enabled at (1470): [<0000000000c340b0>] __do_softirq+0x4f0/0x580
[    0.570095] softirqs last disabled at (1463): [<000000000042c1f4>] do_softirq_own_stack+0x34/0x60
[    0.570107] random: get_random_bytes called from __warn+0xc8/0x120 with crng_init=0
[    0.570113] ---[ end trace 1e3ca0b901bf6e61 ]---
[    0.570123] possible reason: unannotated irqs-off.
[    0.570129] irq event stamp: 5135
[    0.570135] hardirqs last  enabled at (5135): [<0000000000c31588>] _raw_spin_unlock_irqrestore+0x28/0x60
[    0.570145] hardirqs last disabled at (5134): [<0000000000c31340>] _raw_spin_lock_irqsave+0x20/0x80
[    0.570154] softirqs last  enabled at (1470): [<0000000000c340b0>] __do_softirq+0x4f0/0x580
[    0.570163] softirqs last disabled at (1463): [<000000000042c1f4>] do_softirq_own_stack+0x34/0x60
[    0.586300] smp: Brought up 1 node, 32 CPUs
[    0.588717] devtmpfs: initialized
[    0.590134] Performance events: 
[    0.590168] Testing NMI watchdog ... 
[    0.790227] OK.
[    0.790273] Supported PMU type is 'niagara5'
[    0.790760] ldc.c:v1.1 (July 22, 2008)
[    0.791860] clocksource: jiffies: mask: 0xffffffff max_cycles: 0xffffffff, max_idle_ns: 19112604462750000 ns
[    0.791892] futex hash table entries: 32768 (order: 9, 4194304 bytes, linear)
[    0.794363] NET: Registered protocol family 16
[    0.798083] VIO: Adding device channel-devices (tx_ino = ffffffffffffffff, rx_ino = ffffffffffffffff)
[    0.798151] VIO: Adding device vnet-port-0-0 (tx_ino = 0, rx_ino = 1)
[    0.798206] VIO: Adding device vnet-port-0-1 (tx_ino = 2, rx_ino = 3)
[    0.798258] VIO: Adding device vnet-port-0-2 (tx_ino = 4, rx_ino = 5)
[    0.798315] VIO: Adding device vnet-port-0-3 (tx_ino = 6, rx_ino = 7)
[    0.798371] VIO: Adding device vnet-port-0-4 (tx_ino = 8, rx_ino = 9)
[    0.798423] VIO: Adding device vnet-port-0-5 (tx_ino = a, rx_ino = b)
[    0.798478] VIO: Adding device vdc-port-2-0 (tx_ino = c, rx_ino = d)
[    0.798530] VIO: Adding device vdc-port-1-0 (tx_ino = e, rx_ino = f)
[    0.798581] VIO: Adding device vdc-port-0-0 (tx_ino = 10, rx_ino = 11)
[    0.798636] VIO: Adding device vdc-port-3-0 (tx_ino = 12, rx_ino = 13)
[    0.798688] VIO: Adding device vlds-port-0-0 (tx_ino = 14, rx_ino = 15)
[    0.798742] VIO: Adding device domain-services-port-0 (tx_ino = 14, rx_ino = 15)
[    0.798848] audit: initializing netlink subsys (disabled)
[    0.799029] audit: type=2000 audit(0.390:1): state=initialized audit_enabled=0 res=1
[    0.810172] HugeTLB registered 64.0 KiB page size, pre-allocated 0 pages
[    0.810187] HugeTLB registered 8.00 MiB page size, pre-allocated 0 pages
[    0.810195] HugeTLB registered 256 MiB page size, pre-allocated 0 pages
[    0.810204] HugeTLB registered 2.00 GiB page size, pre-allocated 0 pages
[    0.811120] alg: extra crypto tests enabled.  This is intended for developer use only.
[    0.831419] cryptd: max_cpu_qlen set to 1000
[    0.895082] vgaarb: loaded
[    0.895616] NetLabel: Initializing
[    0.895624] NetLabel:  domain hash size = 128
[    0.895631] NetLabel:  protocols = UNLABELED CIPSOv4 CALIPSO
[    0.895674] NetLabel:  unlabeled traffic allowed by default
[    0.896197] SUN4V: Reboot data supported (maj=1,min=0).
[    0.896352] ds.c:v1.0 (Jul 11, 2007)
[    0.896527] ds-0: ds_conn_reset() from send_events
[    0.896698] clocksource: Switched to clocksource stick
[    0.979212] VFS: Disk quotas dquot_6.6.0
[    0.979294] VFS: Dquot-cache hash table entries: 1024 (order 0, 8192 bytes)
[    0.980057] AppArmor: AppArmor Filesystem Enabled
[    0.984960] NET: Registered protocol family 2
[    0.985812] tcp_listen_portaddr_hash hash table entries: 32768 (order: 8, 2621440 bytes, linear)
[    0.987053] TCP established hash table entries: 524288 (order: 9, 4194304 bytes, linear)
[    0.989214] TCP bind hash table entries: 65536 (order: 9, 4718592 bytes, linear)
[    0.991383] TCP: Hash tables configured (established 524288 bind 65536)
[    0.992403] UDP hash table entries: 32768 (order: 9, 5242880 bytes, linear)
[    0.995073] UDP-Lite hash table entries: 32768 (order: 9, 5242880 bytes, linear)
[    0.998744] NET: Registered protocol family 1
[    0.998769] NET: Registered protocol family 44
[    0.998796] PCI: CLS 0 bytes, default 64
[    0.998980] Trying to unpack rootfs image as initramfs...
[    1.135733] Freeing initrd memory: 14712K
[    1.136139] aes_sparc64: Using sparc64 aes opcodes optimized AES implementation
[    1.374195] des_sparc64: Using sparc64 des opcodes optimized DES implementation
[    1.829570] camellia_sparc64: Using sparc64 camellia opcodes optimized CAMELLIA implementation
[    1.973419] workingset: timestamp_bits=41 max_order=23 bucket_order=0
[    1.978920] zbud: loaded
[    1.981246] SGI XFS with ACLs, security attributes, quota, fatal assert, debug enabled
[    2.006658] Block layer SCSI generic (bsg) driver version 0.4 loaded (major 252)
[    2.007236] io scheduler mq-deadline registered
[    2.008881] f029b788: ttyHV0 at I/O 0x0 (irq = 1, base_baud = 115200) is a SUN4V HCONS
[    2.009356] printk: console [ttyHV0] enabled
[    2.011169] sunvdc.c:v1.2 (November 24, 2014)
[    2.014412] sunvdc: Virtual Hard disk vdiskc
[    2.014424] sunvdc: vdiskc: 104857600 sectors (51200 MB) protocol 1.2
[    2.024455] sunvdc: Virtual Hard disk vdiskb
[    2.024476] sunvdc: vdiskb: 62914560 sectors (30720 MB) protocol 1.2
[    2.025452]  vdiskb: vdiskb1
[    2.034781] sunvdc: Virtual Hard disk vdiska
[    2.034796] sunvdc: vdiska: 31457280 sectors (15360 MB) protocol 1.2
[    2.035483]  vdiska: vdiska1 vdiska2 vdiska3 vdiska4
[    2.045505] sunvdc: Virtual CDROM vdiskd
[    2.045528] sunvdc: vdiskd: 453848 sectors (221 MB) protocol 1.2
[    2.046253]  vdiskd: vdiskd1 vdiskd2 vdiskd3 vdiskd4 vdiskd5 vdiskd6 vdiskd7
[    2.053632] sunvnet: sunvnet 2.0 (February 3, 2017)
[    2.054656] vnet_port vnet-port-0-0 eth0: Sun LDOM vnet 00:14:4f:f8:12:a3
[    2.054746] sunvnet: eth0: PORT ( remote-mac 00:14:4f:fa:f3:f0 switch-port )
[    2.055150] sunvnet: eth0: PORT ( remote-mac 00:14:4f:f8:e5:f3 )
[    2.055577] sunvnet: eth0: PORT ( remote-mac 00:14:4f:f9:b4:97 )
[    2.055994] sunvnet: eth0: PORT ( remote-mac 00:14:4f:f8:3f:1e )
[    2.056401] sunvnet: eth0: PORT ( remote-mac 00:14:4f:f8:fe:47 )
[    2.056830] sunvnet: eth0: PORT ( remote-mac 00:14:4f:fb:b5:00 )
[    2.057579] rtc-sun4v rtc-sun4v: registered as rtc0
[    2.057635] rtc-sun4v rtc-sun4v: setting system clock to 2020-10-19T16:37:33 UTC (1603125453)
[    2.057817] sun4v_wdt: initialized (timeout=60s, nowayout=0)
[    2.058025] device-mapper: uevent: version 1.0.3
[    2.058499] device-mapper: ioctl: 4.42.0-ioctl (2020-02-27) initialised: dm-devel@redhat.com
[    2.059052] NET: Registered protocol family 17
[    2.059209] registered taskstats version 1
[    2.059647] zswap: loaded using pool lzo/zbud
[    2.060327] AppArmor: AppArmor sha1 policy hashing enabled
[    2.062347] This architecture does not have kernel memory protection.
[    2.062365] Run /init as init process
[    2.062374]   with arguments:
[    2.062381]     /init
[    2.062388]   with environment:
[    2.062394]     HOME=/
[    2.062401]     TERM=linux
[    2.062408]     BOOT_IMAGE=/vmlinux-5.9.0-02690-g527f6750d92b
[    2.287239] crc32c_sparc64: Using sparc64 crc32c opcode optimized CRC32C implementation
[    2.289790] random: lvm: uninitialized urandom read (4 bytes read)
[    2.324229] random: lvm: uninitialized urandom read (2 bytes read)
[    2.956686] raid6: int64x8  gen()  2145 MB/s
[    3.126686] raid6: int64x8  xor()  1516 MB/s
[    3.296686] raid6: int64x4  gen()  3370 MB/s
[    3.466688] raid6: int64x4  xor()  1457 MB/s
[    3.636691] raid6: int64x2  gen()  2896 MB/s
[    3.806685] raid6: int64x2  xor()  1083 MB/s
[    3.976697] raid6: int64x1  gen()  1395 MB/s
[    4.146709] raid6: int64x1  xor()   711 MB/s
[    4.146730] raid6: using algorithm int64x4 gen() 3370 MB/s
[    4.146739] raid6: .... xor() 1457 MB/s, rmw enabled
[    4.146747] raid6: using intx1 recovery algorithm
[    4.147256] async_tx: api initialized (async)
[    4.147457] xor: automatically using best checksumming function   Niagara   
[    4.209692] random: fast init done
[    4.319912] EXT4-fs (vdiska2): mounted filesystem with ordered data mode. Opts: (null)
[    4.439017] systemd[1]: Inserted module 'autofs4'
[    4.446353] NET: Registered protocol family 10
[    4.450196] Segment Routing with IPv6
[    4.460953] systemd[1]: systemd 246.6-2 running in system mode. (+PAM +AUDIT +SELINUX +IMA +APPARMOR +SMACK +SYSVINIT +UTMP +LIBCRYPTSETUP +GCRYPT +GNUTLS +ACL +XZ +LZ4 +ZSTD -SECCOMP +BLKID +ELFUTILS +KMOD +IDN2 -IDN +PCRE2 default-hierarchy=hybrid)
[    4.461375] systemd[1]: Detected architecture sparc64.
[    4.511321] systemd[1]: Set hostname to <ttip>.
[    4.573570] random: lvmconfig: uninitialized urandom read (4 bytes read)
[    4.822121] systemd[1]: Queued start job for default target Multi-User System.
[    4.822858] random: systemd: uninitialized urandom read (16 bytes read)
[    4.844950] systemd[1]: Created slice system-getty.slice.
[    4.845395] random: systemd: uninitialized urandom read (16 bytes read)
[    4.854078] systemd[1]: Created slice system-modprobe.slice.
[    4.862373] systemd[1]: Created slice system-openvpn\x2dclient.slice.
[    4.877663] systemd[1]: Created slice system-postfix.slice.
[    4.886136] systemd[1]: Created slice system-systemd\x2dfsck.slice.
[    4.894680] systemd[1]: Created slice User and Session Slice.
[    4.895179] systemd[1]: Started Dispatch Password Requests to Console Directory Watch.
[    4.895553] systemd[1]: Started Forward Password Requests to Wall Directory Watch.
[    4.896882] systemd[1]: Set up automount Arbitrary Executable File Formats File System Automount Point.
[    4.897189] systemd[1]: Reached target Local Encrypted Volumes.
[    4.897474] systemd[1]: Reached target Paths.
[    4.897724] systemd[1]: Reached target Slices.
[    4.898209] systemd[1]: Listening on Device-mapper event daemon FIFOs.
[    4.898746] systemd[1]: Listening on LVM2 poll daemon socket.
[    4.921247] systemd[1]: Listening on RPCbind Server Activation Socket.
[    4.922067] systemd[1]: Listening on Syslog Socket.
[    4.922639] systemd[1]: Listening on fsck to fsckd communication Socket.
[    4.923014] systemd[1]: Listening on initctl Compatibility Named Pipe.
[    4.923716] systemd[1]: Listening on Journal Audit Socket.
[    4.924186] systemd[1]: Listening on Journal Socket (/dev/log).
[    4.924768] systemd[1]: Listening on Journal Socket.
[    4.925354] systemd[1]: Listening on udev Control Socket.
[    4.925807] systemd[1]: Listening on udev Kernel Socket.
[    4.939608] systemd[1]: Mounting Huge Pages File System...
[    4.950740] systemd[1]: Mounting POSIX Message Queue File System...
[    4.977237] systemd[1]: Mounting RPC Pipe File System...
[    4.988436] systemd[1]: Mounting Kernel Debug File System...
[    4.999786] systemd[1]: Mounting Kernel Trace File System...
[    5.000317] systemd[1]: Condition check resulted in Kernel Module supporting RPCSEC_GSS being skipped.
[    5.000877] systemd[1]: Finished Availability of block devices.
[    5.011740] systemd[1]: Starting Wait for network to be configured by ifupdown...
[    5.015411] RPC: Registered named UNIX socket transport module.
[    5.015433] RPC: Registered udp transport module.
[    5.015441] RPC: Registered tcp transport module.
[    5.015449] RPC: Registered tcp NFSv4.1 backchannel transport module.
[    5.023536] systemd[1]: Starting Create list of static device nodes for the current kernel...
[    5.034302] systemd[1]: Starting Monitoring of LVM2 mirrors, snapshots etc. using dmeventd or progress polling...
[    5.045291] systemd[1]: Starting Load Kernel Module drm...
[    5.056027] systemd[1]: Starting nftables...
[    5.057499] systemd[1]: Condition check resulted in Set Up Additional Binary Formats being skipped.
[    5.057667] systemd[1]: Condition check resulted in File System Check on Root Device being skipped.
[    5.070344] systemd[1]: Starting Journal Service...
[    5.082270] systemd[1]: Starting Load Kernel Modules...
[    5.094060] systemd[1]: Starting Remount Root and Kernel File Systems...
[    5.105839] systemd[1]: Starting Coldplug All udev Devices...
[    5.113393] systemd[1]: Mounted Huge Pages File System.
[    5.114466] systemd[1]: Mounted POSIX Message Queue File System.
[    5.114945] ------------[ cut here ]------------
[    5.114973] WARNING: CPU: 15 PID: 498 at net/netfilter/nf_tables_api.c:622 nft_chain_parse_hook+0x7c/0x360 [nf_tables]
[    5.114991] Modules linked in: nf_tables nfnetlink sunrpc ip_tables x_tables ipv6 crc_ccitt autofs4 ext4 crc16 mbcache jbd2 raid10 raid456 async_raid6_recov async_memcpy async_pq async_xor xor async_tx raid6_pq raid1 raid0 multipath linear md_mod crc32c_sparc64
[    5.115067] CPU: 15 PID: 498 Comm: nft Tainted: G        W         5.9.0-02690-g527f6750d92b #95
[    5.115082] Call Trace:
[    5.115101] [<00000000004707a8>] __warn+0xa8/0x120
[    5.115116] [<0000000000c218dc>] warn_slowpath_fmt+0x34/0x74
[    5.115136] [<00000000100c79fc>] nft_chain_parse_hook+0x7c/0x360 [nf_tables]
[    5.115154] [<00000000100caca8>] nf_tables_addchain.constprop.0+0x48/0x5a0 [nf_tables]
[    5.115175] [<00000000100cb908>] nf_tables_newchain+0x708/0x820 [nf_tables]
[    5.115193] [<00000000100b49c4>] nfnetlink_rcv_batch+0x4a4/0x780 [nfnetlink]
[    5.115207] [<00000000100b4db0>] nfnetlink_rcv+0x110/0x140 [nfnetlink]
[    5.115226] [<0000000000b30130>] netlink_unicast+0x150/0x2a0
[    5.115238] [<0000000000b3109c>] netlink_sendmsg+0x3dc/0x460
[    5.115261] [<0000000000a9c094>] sock_sendmsg+0x34/0x80
[    5.115273] [<0000000000a9d76c>] ____sys_sendmsg+0x1ac/0x220
[    5.115287] [<0000000000a9f808>] ___sys_sendmsg+0x48/0x80
[    5.115298] [<0000000000a9f8e8>] __sys_sendmsg+0x48/0x80
[    5.115310] [<0000000000a9f938>] sys_sendmsg+0x18/0x40
[    5.115311] systemd[1]: Mounted RPC Pipe File System.
[    5.115328] [<00000000004062b4>] linux_sparc_syscall+0x34/0x44
[    5.115332] irq event stamp: 0
[    5.115355] hardirqs last  enabled at (0): [<0000000000000000>] 0x0
[    5.115361] hardirqs last disabled at (0): [<000000000046e3d8>] copy_process+0x738/0x1860
[    5.115379] softirqs last  enabled at (0): [<000000000046e3d8>] copy_process+0x738/0x1860
[    5.115394] softirqs last disabled at (0): [<0000000000000000>] 0x0
[    5.115409] ---[ end trace 1e3ca0b901bf6e63 ]---
[    5.116155] systemd[1]: Mounted Kernel Debug File System.
[    5.117060] systemd[1]: Mounted Kernel Trace File System.
[    5.119896] systemd[1]: Finished Wait for network to be configured by ifupdown.
[    5.122976] systemd[1]: Finished Create list of static device nodes for the current kernel.
[    5.124478] systemd[1]: modprobe@drm.service: Succeeded.
[    5.126510] systemd[1]: Finished Load Kernel Module drm.
[    5.129964] systemd[1]: Finished Load Kernel Modules.
[    5.130546] EXT4-fs (vdiska2): re-mounted. Opts: errors=remount-ro
[    5.134325] systemd[1]: Started Journal Service.
[    5.440649] sha1_sparc64: Using sparc64 sha1 opcode optimized SHA-1 implementation
[    5.441264] n2rng v0.3 (Jan 7, 2017)
[    5.441300] n2rng f029b104: Registered RNG HVAPI major 2 minor 0
[    5.441322] n2rng f029b104: Found multi-unit-capable RNG, units: 2
[    5.441671] n2rng f029b104: RNG ready
[    5.456618] pktcdvd: setup of pktcdvd device failed
[    5.487851] pktcdvd: setup of pktcdvd device failed
[    5.490883] pktcdvd: setup of pktcdvd device failed
[    5.493612] pktcdvd: setup of pktcdvd device failed
[    5.495988] pktcdvd: setup of pktcdvd device failed
[    5.499048] pktcdvd: setup of pktcdvd device failed
[    5.501709] pktcdvd: setup of pktcdvd device failed
[    5.504703] pktcdvd: setup of pktcdvd device failed
[    5.652733] sha256_sparc64: Using sparc64 sha256 opcode optimized SHA-256/SHA-224 implementation
[    5.682194] XFS (dm-0): Mounting V5 Filesystem
[    5.696017] XFS (dm-0): Ending clean mount
[    5.697718] xfs filesystem being mounted at /1 supports timestamps until 2038 (0x7fffffff)
[    5.746813] Adding 787176k swap on /dev/vdiska4.  Priority:-2 extents:1 across:787176k FS
[    5.769817] sha512_sparc64: Using sparc64 sha512 opcode optimized SHA-512/SHA-384 implementation
[    5.770867] md5_sparc64: Using sparc64 md5 opcode optimized MD5 implementation
[    5.794410] EXT4-fs (vdiska1): mounting ext3 file system using the ext4 subsystem
[    5.802150] EXT4-fs (vdiska1): mounted filesystem with ordered data mode. Opts: (null)
[    5.802294] ext3 filesystem being mounted at /boot supports timestamps until 2038 (0x7fffffff)
[    5.873510] Kernel unaligned access at TPC[8dbc7c] aa_dfa_unpack+0x3c/0x640
[    5.873547] Kernel unaligned access at TPC[8dbc90] aa_dfa_unpack+0x50/0x640
[    5.873570] Kernel unaligned access at TPC[8dbd54] aa_dfa_unpack+0x114/0x640
[    5.873591] Kernel unaligned access at TPC[8dbe24] aa_dfa_unpack+0x1e4/0x640
[    5.873610] Kernel unaligned access at TPC[8dbe38] aa_dfa_unpack+0x1f8/0x640
[    5.875413] audit: type=1400 audit(1603125457.300:2): apparmor="STATUS" operation="profile_load" profile="unconfined" name="/usr/sbin/haveged" pid=659 comm="apparmor_parser"
[    5.877304] audit: type=1400 audit(1603125457.310:3): apparmor="STATUS" operation="profile_load" profile="unconfined" name="lsb_release" pid=665 comm="apparmor_parser"
[    5.879837] audit: type=1400 audit(1603125457.310:4): apparmor="STATUS" operation="profile_load" profile="unconfined" name="named" pid=664 comm="apparmor_parser"
[    5.883170] audit: type=1400 audit(1603125457.310:5): apparmor="STATUS" operation="profile_load" profile="unconfined" name="nvidia_modprobe" pid=661 comm="apparmor_parser"
[    5.883208] audit: type=1400 audit(1603125457.310:6): apparmor="STATUS" operation="profile_load" profile="unconfined" name="nvidia_modprobe//kmod" pid=661 comm="apparmor_parser"
[    5.884810] audit: type=1400 audit(1603125457.310:7): apparmor="STATUS" operation="profile_load" profile="unconfined" name="tcpdump" pid=663 comm="apparmor_parser"
[    5.894292] audit: type=1400 audit(1603125457.320:8): apparmor="STATUS" operation="profile_load" profile="unconfined" name="/usr/bin/man" pid=662 comm="apparmor_parser"
[    5.894340] audit: type=1400 audit(1603125457.320:9): apparmor="STATUS" operation="profile_load" profile="unconfined" name="man_filter" pid=662 comm="apparmor_parser"
[    5.894376] audit: type=1400 audit(1603125457.320:10): apparmor="STATUS" operation="profile_load" profile="unconfined" name="man_groff" pid=662 comm="apparmor_parser"
[    6.325483] random: crng init done
[    6.325509] random: 5 urandom warning(s) missed due to ratelimiting
