[    0.000023] PROMLIB: Sun IEEE Boot Prom 'OBP 4.38.12 2018/03/28 14:54'
[    0.000035] PROMLIB: Root node compatible: sun4v
[    0.000086] Linux version 5.10.0-rc1-00007-g4525c8781ec0-dirty (mator@ttip) (gcc (Debian 10.2.0-15) 10.2.0, GNU ld (GNU Binutils for Debian) 2.35.1) #116 SMP Tue Oct 27 12:32:29 MSK 2020
[    0.000439] printk: bootconsole [earlyprom0] enabled
[    0.000493] ARCH: SUN4V
[    0.000545] Ethernet address: 00:14:4f:fa:06:f2
[    0.000599] MM: PAGE_OFFSET is 0xfff8000000000000 (max_phys_bits == 47)
[    0.000664] MM: VMALLOC [0x0000000100000000 --> 0x0006000000000000]
[    0.000724] MM: VMEMMAP [0x0006000000000000 --> 0x000c000000000000]
[    0.012548] Kernel: Using 5 locked TLB entries for main kernel image.
[    0.012619] Remapping the kernel... 
[    0.012646] done.
[    0.047279] OF stdout device is: /virtual-devices@100/console@1
[    0.047344] PROM: Built device tree with 86758 bytes of memory.
[    0.047403] MDESC: Size is 36512 bytes.
[    0.047522] PLATFORM: banner-name [SPARC T5-2]
[    0.047574] PLATFORM: name [ORCL,SPARC-T5-2]
[    0.047620] PLATFORM: hostid [84fa06f2]
[    0.047665] PLATFORM: serial# [0035260e]
[    0.047708] PLATFORM: stick-frequency [3b9aca00]
[    0.047758] PLATFORM: mac-address [144ffa06f2]
[    0.047803] PLATFORM: watchdog-resolution [1000 ms]
[    0.047855] PLATFORM: watchdog-max-timeout [31536000000 ms]
[    0.047911] PLATFORM: max-cpus [1024]
[    0.053116] Allocated 40960 bytes for kernel page tables.
[    0.053206] Zone ranges:
[    0.053247]   Normal   [mem 0x0000000030400000-0x00000024af937fff]
[    0.053317] Movable zone start for each node
[    0.053362] Early memory node ranges
[    0.053403]   node   0: [mem 0x0000000030400000-0x000000006fe7ffff]
[    0.053465]   node   0: [mem 0x000000006ff00000-0x000000006ff25fff]
[    0.053527]   node   0: [mem 0x0000000070000000-0x000000042fffffff]
[    0.053590]   node   0: [mem 0x0000002030000000-0x00000024af87ffff]
[    0.053653]   node   0: [mem 0x00000024af900000-0x00000024af925fff]
[    0.053713]   node   0: [mem 0x00000024af930000-0x00000024af937fff]
[    0.067369] Zeroed struct page in unavailable ranges: 263766 pages
[    0.067385] Initmem setup node 0 [mem 0x0000000030400000-0x00000024af937fff]
[    0.067544] On node 0 totalpages: 4454826
[    0.067554]   Normal zone: 39154 pages used for memmap
[    0.067560]   Normal zone: 0 pages reserved
[    0.067566]   Normal zone: 4454826 pages, LIFO batch:31
[    0.225858] Booting Linux...
[    0.225945] CPU CAPS: [flush,stbar,swap,muldiv,v9,blkinit,n2,mul32]
[    0.226062] CPU CAPS: [div32,v8plus,popc,vis,vis2,ASIBlkInit,fmaf,vis3]
[    0.226172] CPU CAPS: [hpc,ima,pause,cbcond,aes,des,kasumi,camellia]
[    0.226277] CPU CAPS: [md5,sha1,sha256,sha512,mpmul,montmul,montsqr,crc32c]
[    0.256914] percpu: Embedded 28 pages/cpu s184976 r8192 d36208 u262144
[    0.257137] pcpu-alloc: s184976 r8192 d36208 u262144 alloc=1*4194304
[    0.257148] pcpu-alloc: [0] 000 001 002 003 004 005 006 007 008 009 010 011 012 013 014 015 
[    0.257242] pcpu-alloc: [0] 016 017 018 019 020 021 022 023 024 025 026 027 028 029 030 031 
[    0.257335] pcpu-alloc: [0] 032 033 034 035 036 037 038 039 040 041 042 043 044 045 046 047 
[    0.257428] pcpu-alloc: [0] 048 049 050 051 052 053 054 055 056 057 058 059 060 061 062 063 
[    0.257520] pcpu-alloc: [0] 064 065 066 067 068 069 070 071 072 073 074 075 076 077 078 079 
[    0.257613] pcpu-alloc: [0] 080 081 082 083 084 085 086 087 088 089 090 091 092 093 094 095 
[    0.257705] pcpu-alloc: [0] 096 097 098 099 100 101 102 103 104 105 106 107 108 109 110 111 
[    0.257798] pcpu-alloc: [0] 112 113 114 115 116 117 118 119 120 121 122 123 124 125 126 127 
[    0.258328] SUN4V: Mondo queue sizes [cpu(131072) dev(16384) r(8192) nr(256)]
[    0.258709] Built 1 zonelists, mobility grouping on.  Total pages: 4415672
[    0.258782] Policy zone: Normal
[    0.258839] Kernel command line: BOOT_IMAGE=/vmlinux-5.10.0-rc1-00007-g4525c8781ec0-dirty root=/dev/vdiska2 ro zswap.enabled=1
[    0.261601] printk: log_buf_len individual max cpu contribution: 4096 bytes
[    0.261672] printk: log_buf_len total cpu_extra contributions: 520192 bytes
[    0.261738] printk: log_buf_len min size: 131072 bytes
[    0.262788] printk: log_buf_len: 1048576 bytes
[    0.262839] printk: early log buf free: 127176(97%)
[    0.269158] Dentry cache hash table entries: 8388608 (order: 13, 67108864 bytes, linear)
[    0.272397] Inode-cache hash table entries: 4194304 (order: 12, 33554432 bytes, linear)
[    0.272473] Sorting __ex_table...
[    0.272717] mem auto-init: stack:off, heap alloc:off, heap free:off
[    0.378235] Memory: 35123280K/35638608K available (8451K kernel code, 1573K rwdata, 2536K rodata, 688K init, 6921K bss, 515328K reserved, 0K cma-reserved)
[    0.378931] SLUB: HWalign=32, Order=0-3, MinObjects=0, CPUs=128, Nodes=32
[    0.379223] ftrace: allocating 24134 entries in 48 pages
[    0.388627] ftrace: allocated 48 pages with 2 groups
[    0.391484] Running RCU self tests
[    0.391877] rcu: Hierarchical RCU implementation.
[    0.391930] rcu: 	RCU event tracing is enabled.
[    0.391977] rcu: 	RCU lockdep checking is enabled.
[    0.392029] 	Trampoline variant of Tasks RCU enabled.
[    0.392080] 	Rude variant of Tasks RCU enabled.
[    0.392128] 	Tracing variant of Tasks RCU enabled.
[    0.392177] rcu: RCU calculated value of scheduler-enlistment delay is 10 jiffies.
[    0.397399] NR_IRQS: 2048, nr_irqs: 2048, preallocated irqs: 1
[    0.397477] SUN4V: Using IRQ API major 3, cookie only virqs enabled
[    0.399975] clocksource: stick: mask: 0xffffffffffffffff max_cycles: 0x1cd42e4dffb, max_idle_ns: 881590591483 ns
[    0.400108] clocksource: mult[800000] shift[23]
[    0.400157] clockevent: mult[80000000] shift[31]
[    0.400535] Console: colour dummy device 80x25
[    0.400600] printk: console [tty0] enabled
[    0.400682] printk: bootconsole [earlyprom0] disabled
[    0.400774] Lock dependency validator: Copyright (c) 2006 Red Hat, Inc., Ingo Molnar
[    0.400830] ... MAX_LOCKDEP_SUBCLASSES:  8
[    0.400865] ... MAX_LOCK_DEPTH:          48
[    0.400899] ... MAX_LOCKDEP_KEYS:        8192
[    0.400935] ... CLASSHASH_SIZE:          4096
[    0.400970] ... MAX_LOCKDEP_ENTRIES:     16384
[    0.401006] ... MAX_LOCKDEP_CHAINS:      32768
[    0.401042] ... CHAINHASH_SIZE:          16384
[    0.401078]  memory used by lock dependency info: 3983 kB
[    0.401119]  memory used for stack traces: 2112 kB
[    0.401157]  per task-struct memory footprint: 1920 bytes
[    0.550388] Calibrating delay using timer specific routine.. 2003.44 BogoMIPS (lpj=10017244)
[    0.550459] pid_max: default: 131072 minimum: 1024
[    0.550722] LSM: Security Framework initializing
[    0.550881] AppArmor: AppArmor initialized
[    0.551167] Mount-cache hash table entries: 131072 (order: 7, 1048576 bytes, linear)
[    0.551340] Mountpoint-cache hash table entries: 131072 (order: 7, 1048576 bytes, linear)
[    0.557090] rcu: Hierarchical SRCU implementation.
[    0.568371] smp: Bringing up secondary CPUs ...
[    0.569641] ------------[ cut here ]------------
[    0.569658] WARNING: CPU: 0 PID: 1 at kernel/locking/lockdep.c:5286 check_flags+0x9c/0x2c0
[    0.569667] DEBUG_LOCKS_WARN_ON(lockdep_hardirqs_enabled())
[    0.569670] Modules linked in:
[    0.569687] CPU: 0 PID: 1 Comm: swapper/0 Not tainted 5.10.0-rc1-00007-g4525c8781ec0-dirty #116
[    0.569696] Call Trace:
[    0.569706] [<0000000000470724>] __warn+0xa4/0x100
[    0.569717] [<0000000000c322ec>] warn_slowpath_fmt+0x64/0x74
[    0.569725] [<00000000004e75fc>] check_flags+0x9c/0x2c0
[    0.569735] [<0000000000c385a8>] lock_is_held_type+0x148/0x1a0
[    0.569746] [<0000000000509af4>] rcu_read_lock_sched_held+0x54/0xa0
[    0.569754] [<00000000004ec968>] lock_acquire+0x128/0x4e0
[    0.569764] [<0000000000c41f90>] _raw_spin_lock+0x30/0x60
[    0.569775] [<00000000009ce73c>] p1275_cmd_direct+0x1c/0x60
[    0.569783] [<00000000009ce610>] prom_startcpu_cpuid+0x30/0x40
[    0.569791] [<00000000004413a4>] __cpu_up+0x184/0x3a0
[    0.569799] [<0000000000472280>] bringup_cpu+0x20/0x120
[    0.569807] [<0000000000471a8c>] cpuhp_invoke_callback+0xec/0x340
[    0.569815] [<0000000000473114>] cpu_up+0x154/0x220
[    0.569822] [<00000000004739a0>] bringup_nonboot_cpus+0x60/0xa0
[    0.569833] [<00000000010605e0>] smp_init+0x28/0xa0
[    0.569841] [<00000000010513b4>] kernel_init_freeable+0x18c/0x300
[    0.569848] irq event stamp: 5145
[    0.569856] hardirqs last  enabled at (5145): [<0000000000c423a8>] _raw_spin_unlock_irqrestore+0x28/0x60
[    0.569866] hardirqs last disabled at (5144): [<0000000000c42160>] _raw_spin_lock_irqsave+0x20/0x80
[    0.569876] softirqs last  enabled at (1410): [<0000000000c44eb0>] __do_softirq+0x4f0/0x580
[    0.569888] softirqs last disabled at (1403): [<000000000042c1f4>] do_softirq_own_stack+0x34/0x60
[    0.569900] random: get_random_bytes called from __warn+0xc0/0x100 with crng_init=0
[    0.569906] ---[ end trace 3a53d95616e23431 ]---
[    0.569918] possible reason: unannotated irqs-off.
[    0.569925] irq event stamp: 5145
[    0.569932] hardirqs last  enabled at (5145): [<0000000000c423a8>] _raw_spin_unlock_irqrestore+0x28/0x60
[    0.569942] hardirqs last disabled at (5144): [<0000000000c42160>] _raw_spin_lock_irqsave+0x20/0x80
[    0.569952] softirqs last  enabled at (1410): [<0000000000c44eb0>] __do_softirq+0x4f0/0x580
[    0.569962] softirqs last disabled at (1403): [<000000000042c1f4>] do_softirq_own_stack+0x34/0x60
[    0.585851] smp: Brought up 1 node, 32 CPUs
[    0.588186] devtmpfs: initialized
[    0.589605] Performance events: 
[    0.589633] Testing NMI watchdog ... 
[    0.789685] OK.
[    0.789726] Supported PMU type is 'niagara5'
[    0.790108] ldc.c:v1.1 (July 22, 2008)
[    0.791240] clocksource: jiffies: mask: 0xffffffff max_cycles: 0xffffffff, max_idle_ns: 19112604462750000 ns
[    0.791272] futex hash table entries: 32768 (order: 9, 4194304 bytes, linear)
[    0.793644] NET: Registered protocol family 16
[    0.797236] VIO: Adding device channel-devices (tx_ino = ffffffffffffffff, rx_ino = ffffffffffffffff)
[    0.797302] VIO: Adding device vnet-port-0-0 (tx_ino = 0, rx_ino = 1)
[    0.797355] VIO: Adding device vnet-port-0-1 (tx_ino = 2, rx_ino = 3)
[    0.797406] VIO: Adding device vnet-port-0-2 (tx_ino = 4, rx_ino = 5)
[    0.797460] VIO: Adding device vnet-port-0-3 (tx_ino = 6, rx_ino = 7)
[    0.797515] VIO: Adding device vnet-port-0-4 (tx_ino = 8, rx_ino = 9)
[    0.797565] VIO: Adding device vnet-port-0-5 (tx_ino = a, rx_ino = b)
[    0.797620] VIO: Adding device vdc-port-2-0 (tx_ino = c, rx_ino = d)
[    0.797670] VIO: Adding device vdc-port-1-0 (tx_ino = e, rx_ino = f)
[    0.797721] VIO: Adding device vdc-port-0-0 (tx_ino = 10, rx_ino = 11)
[    0.797775] VIO: Adding device vdc-port-3-0 (tx_ino = 12, rx_ino = 13)
[    0.797825] VIO: Adding device vlds-port-0-0 (tx_ino = 14, rx_ino = 15)
[    0.797878] VIO: Adding device domain-services-port-0 (tx_ino = 14, rx_ino = 15)
[    0.797974] audit: initializing netlink subsys (disabled)
[    0.798113] audit: type=2000 audit(0.390:1): state=initialized audit_enabled=0 res=1
[    0.808677] HugeTLB registered 64.0 KiB page size, pre-allocated 0 pages
[    0.808689] HugeTLB registered 8.00 MiB page size, pre-allocated 0 pages
[    0.808698] HugeTLB registered 256 MiB page size, pre-allocated 0 pages
[    0.808707] HugeTLB registered 2.00 GiB page size, pre-allocated 0 pages
[    0.809568] alg: extra crypto tests enabled.  This is intended for developer use only.
[    0.830003] cryptd: max_cpu_qlen set to 1000
[    0.892541] vgaarb: loaded
[    0.893025] NetLabel: Initializing
[    0.893034] NetLabel:  domain hash size = 128
[    0.893041] NetLabel:  protocols = UNLABELED CIPSOv4 CALIPSO
[    0.893086] NetLabel:  unlabeled traffic allowed by default
[    0.893556] SUN4V: Reboot data supported (maj=1,min=0).
[    0.893699] ds.c:v1.0 (Jul 11, 2007)
[    0.893866] ds-0: ds_conn_reset() from send_events
[    0.894031] clocksource: Switched to clocksource stick
[    0.974816] VFS: Disk quotas dquot_6.6.0
[    0.974897] VFS: Dquot-cache hash table entries: 1024 (order 0, 8192 bytes)
[    0.975644] AppArmor: AppArmor Filesystem Enabled
[    0.980368] NET: Registered protocol family 2
[    0.981286] tcp_listen_portaddr_hash hash table entries: 32768 (order: 8, 2621440 bytes, linear)
[    0.982498] TCP established hash table entries: 524288 (order: 9, 4194304 bytes, linear)
[    0.984675] TCP bind hash table entries: 65536 (order: 9, 4718592 bytes, linear)
[    0.986851] TCP: Hash tables configured (established 524288 bind 65536)
[    0.987837] UDP hash table entries: 32768 (order: 9, 5242880 bytes, linear)
[    0.990512] UDP-Lite hash table entries: 32768 (order: 9, 5242880 bytes, linear)
[    0.993938] NET: Registered protocol family 1
[    0.993962] NET: Registered protocol family 44
[    0.993984] PCI: CLS 0 bytes, default 64
[    0.994211] Trying to unpack rootfs image as initramfs...
[    1.129248] Freeing initrd memory: 14784K
[    1.129888] aes_sparc64: Using sparc64 aes opcodes optimized AES implementation
[    1.375086] des_sparc64: Using sparc64 des opcodes optimized DES implementation
[    1.828305] camellia_sparc64: Using sparc64 camellia opcodes optimized CAMELLIA implementation
[    1.987959] workingset: timestamp_bits=41 max_order=23 bucket_order=0
[    1.993032] zbud: loaded
[    1.993920] SGI XFS with ACLs, security attributes, quota, fatal assert, debug enabled
[    2.018841] Block layer SCSI generic (bsg) driver version 0.4 loaded (major 252)
[    2.019294] io scheduler mq-deadline registered
[    2.020940] f029b788: ttyHV0 at I/O 0x0 (irq = 1, base_baud = 115200) is a SUN4V HCONS
[    2.021396] printk: console [ttyHV0] enabled
[    2.023121] sunvdc.c:v1.2 (November 24, 2014)
[    2.026279] sunvdc: Virtual Hard disk vdiskc
[    2.026290] sunvdc: vdiskc: 104857600 sectors (51200 MB) protocol 1.2
[    2.036110] sunvdc: Virtual Hard disk vdiskb
[    2.036124] sunvdc: vdiskb: 62914560 sectors (30720 MB) protocol 1.2
[    2.036919]  vdiskb: vdiskb1
[    2.046048] sunvdc: Virtual Hard disk vdiska
[    2.046061] sunvdc: vdiska: 31457280 sectors (15360 MB) protocol 1.2
[    2.046663]  vdiska: vdiska1 vdiska2 vdiska3 vdiska4
[    2.056360] sunvdc: Virtual CDROM vdiskd
[    2.056376] sunvdc: vdiskd: 453848 sectors (221 MB) protocol 1.2
[    2.056967]  vdiskd: vdiskd1 vdiskd2 vdiskd3 vdiskd4 vdiskd5 vdiskd6 vdiskd7
[    2.064336] sunvnet: sunvnet 2.0 (February 3, 2017)
[    2.065317] vnet_port vnet-port-0-0 eth0: Sun LDOM vnet 00:14:4f:f8:12:a3
[    2.065400] sunvnet: eth0: PORT ( remote-mac 00:14:4f:fa:f3:f0 switch-port )
[    2.065803] sunvnet: eth0: PORT ( remote-mac 00:14:4f:f8:e5:f3 )
[    2.066199] sunvnet: eth0: PORT ( remote-mac 00:14:4f:f9:b4:97 )
[    2.066589] sunvnet: eth0: PORT ( remote-mac 00:14:4f:f8:3f:1e )
[    2.066986] sunvnet: eth0: PORT ( remote-mac 00:14:4f:f8:fe:47 )
[    2.067395] sunvnet: eth0: PORT ( remote-mac 00:14:4f:fb:b5:00 )
[    2.068135] rtc-sun4v rtc-sun4v: registered as rtc0
[    2.068191] rtc-sun4v rtc-sun4v: setting system clock to 2020-10-27T09:45:47 UTC (1603791947)
[    2.068369] sun4v_wdt: initialized (timeout=60s, nowayout=0)
[    2.068578] device-mapper: uevent: version 1.0.3
[    2.069059] device-mapper: ioctl: 4.43.0-ioctl (2020-10-01) initialised: dm-devel@redhat.com
[    2.069593] NET: Registered protocol family 17
[    2.069746] registered taskstats version 1
[    2.070063] zswap: loaded using pool lzo/zbud
[    2.070703] AppArmor: AppArmor sha1 policy hashing enabled
[    2.072931] This architecture does not have kernel memory protection.
[    2.072950] Run /init as init process
[    2.072959]   with arguments:
[    2.072967]     /init
[    2.072974]   with environment:
[    2.072982]     HOME=/
[    2.072989]     TERM=linux
[    2.072997]     BOOT_IMAGE=/vmlinux-5.10.0-rc1-00007-g4525c8781ec0-dirty
[    2.297142] random: lvm: uninitialized urandom read (4 bytes read)
[    2.297281] crc32c_sparc64: Using sparc64 crc32c opcode optimized CRC32C implementation
[    2.325389] random: lvm: uninitialized urandom read (2 bytes read)
[    2.615806] random: fast init done
[    2.994022] raid6: int64x8  gen()  2161 MB/s
[    3.164008] raid6: int64x8  xor()  1522 MB/s
[    3.334003] raid6: int64x4  gen()  3399 MB/s
[    3.504011] raid6: int64x4  xor()  1458 MB/s
[    3.674019] raid6: int64x2  gen()  2922 MB/s
[    3.844008] raid6: int64x2  xor()  1130 MB/s
[    4.014027] raid6: int64x1  gen()  1401 MB/s
[    4.184016] raid6: int64x1  xor()   724 MB/s
[    4.184027] raid6: using algorithm int64x4 gen() 3399 MB/s
[    4.184036] raid6: .... xor() 1458 MB/s, rmw enabled
[    4.184045] raid6: using intx1 recovery algorithm
[    4.184541] async_tx: api initialized (async)
[    4.184748] xor: automatically using best checksumming function   Niagara   
[    4.374655] EXT4-fs (vdiska2): mounted filesystem with ordered data mode. Opts: (null)
[    5.613452] systemd[1]: Inserted module 'autofs4'
[    5.632640] NET: Registered protocol family 10
[    5.636575] Segment Routing with IPv6
[    5.733254] systemd[1]: systemd 246.6-2 running in system mode. (+PAM +AUDIT +SELINUX +IMA +APPARMOR +SMACK +SYSVINIT +UTMP +LIBCRYPTSETUP +GCRYPT +GNUTLS +ACL +XZ +LZ4 +ZSTD -SECCOMP +BLKID +ELFUTILS +KMOD +IDN2 -IDN +PCRE2 default-hierarchy=hybrid)
[    5.733620] systemd[1]: Detected architecture sparc64.
[    5.824415] systemd[1]: Set hostname to <ttip>.
[    6.538986] random: lvmconfig: uninitialized urandom read (4 bytes read)
[    7.445320] systemd[1]: Queued start job for default target Multi-User System.
[    7.446200] random: systemd: uninitialized urandom read (16 bytes read)
[    7.467919] systemd[1]: Created slice system-getty.slice.
[    7.468290] random: systemd: uninitialized urandom read (16 bytes read)
[    7.476390] systemd[1]: Created slice system-modprobe.slice.
[    7.484527] systemd[1]: Created slice system-openvpn\x2dclient.slice.
[    7.499229] systemd[1]: Created slice system-postfix.slice.
[    7.510473] systemd[1]: Created slice system-systemd\x2dfsck.slice.
[    7.518516] systemd[1]: Created slice User and Session Slice.
[    7.518953] systemd[1]: Started Dispatch Password Requests to Console Directory Watch.
[    7.519332] systemd[1]: Started Forward Password Requests to Wall Directory Watch.
[    7.520599] systemd[1]: Set up automount Arbitrary Executable File Formats File System Automount Point.
[    7.520916] systemd[1]: Reached target Local Encrypted Volumes.
[    7.521186] systemd[1]: Reached target Paths.
[    7.521428] systemd[1]: Reached target Slices.
[    7.521894] systemd[1]: Listening on Device-mapper event daemon FIFOs.
[    7.522439] systemd[1]: Listening on LVM2 poll daemon socket.
[    7.545076] systemd[1]: Listening on RPCbind Server Activation Socket.
[    7.545988] systemd[1]: Listening on Syslog Socket.
[    7.546550] systemd[1]: Listening on fsck to fsckd communication Socket.
[    7.546922] systemd[1]: Listening on initctl Compatibility Named Pipe.
[    7.547580] systemd[1]: Listening on Journal Audit Socket.
[    7.548060] systemd[1]: Listening on Journal Socket (/dev/log).
[    7.548653] systemd[1]: Listening on Journal Socket.
[    7.549256] systemd[1]: Listening on udev Control Socket.
[    7.549706] systemd[1]: Listening on udev Kernel Socket.
[    7.559946] systemd[1]: Mounting Huge Pages File System...
[    7.570558] systemd[1]: Mounting POSIX Message Queue File System...
[    7.594676] systemd[1]: Mounting RPC Pipe File System...
[    7.605782] systemd[1]: Mounting Kernel Debug File System...
[    7.617097] systemd[1]: Mounting Kernel Trace File System...
[    7.617646] systemd[1]: Condition check resulted in Kernel Module supporting RPCSEC_GSS being skipped.
[    7.618257] systemd[1]: Finished Availability of block devices.
[    7.628911] systemd[1]: Starting Wait for network to be configured by ifupdown...
[    7.634651] RPC: Registered named UNIX socket transport module.
[    7.634665] RPC: Registered udp transport module.
[    7.634675] RPC: Registered tcp transport module.
[    7.634684] RPC: Registered tcp NFSv4.1 backchannel transport module.
[    7.639872] systemd[1]: Starting Create list of static device nodes for the current kernel...
[    7.650371] systemd[1]: Starting Monitoring of LVM2 mirrors, snapshots etc. using dmeventd or progress polling...
[    7.660912] systemd[1]: Starting Load Kernel Module drm...
[    7.671277] systemd[1]: Starting nftables...
[    7.672574] systemd[1]: Condition check resulted in Set Up Additional Binary Formats being skipped.
[    7.672730] systemd[1]: Condition check resulted in File System Check on Root Device being skipped.
[    7.684968] systemd[1]: Starting Journal Service...
[    7.696826] systemd[1]: Starting Load Kernel Modules...
[    7.707560] systemd[1]: Starting Remount Root and Kernel File Systems...
[    7.718305] systemd[1]: Starting Coldplug All udev Devices...
[    7.724435] systemd[1]: Mounted Huge Pages File System.
[    7.725205] systemd[1]: Mounted POSIX Message Queue File System.
[    7.725858] systemd[1]: Mounted RPC Pipe File System.
[    7.726512] systemd[1]: Mounted Kernel Debug File System.
[    7.727271] systemd[1]: Mounted Kernel Trace File System.
[    7.729613] systemd[1]: Finished Wait for network to be configured by ifupdown.
[    7.732025] systemd[1]: Finished Create list of static device nodes for the current kernel.
[    7.733185] systemd[1]: modprobe@drm.service: Succeeded.
[    7.734973] systemd[1]: Finished Load Kernel Module drm.
[    7.842276] EXT4-fs (vdiska2): re-mounted. Opts: errors=remount-ro
[    7.846248] systemd[1]: Finished Load Kernel Modules.
[    7.848599] systemd[1]: Finished Remount Root and Kernel File Systems.
[    7.849389] systemd[1]: Condition check resulted in FUSE Control File System being skipped.
[    7.849605] systemd[1]: Condition check resulted in Kernel Configuration File System being skipped.
[    7.894608] systemd[1]: Starting Initial Check File System Quotas...
[    7.912730] systemd[1]: Condition check resulted in Rebuild Hardware Database being skipped.
[    7.912965] systemd[1]: Condition check resulted in Platform Persistent Storage Archival being skipped.
[    7.924208] systemd[1]: Starting Load/Save Random Seed...
[    7.941500] systemd[1]: Starting Apply Kernel Variables...
[    7.953828] systemd[1]: Starting Create System Users...
[    7.955083] systemd[1]: Started Journal Service.
[    8.240098] ------------[ cut here ]------------
[    8.240141] WARNING: CPU: 17 PID: 513 at net/netfilter/nf_tables_api.c:622 nft_chain_parse_hook+0x7c/0x3a0 [nf_tables]
[    8.240155] Modules linked in: nf_tables nfnetlink sunrpc ip_tables x_tables ipv6 crc_ccitt autofs4 ext4 crc16 mbcache jbd2 raid10 raid456 async_raid6_recov async_memcpy async_pq async_xor xor async_tx raid6_pq raid1 raid0 multipath linear md_mod crc32c_sparc64
[    8.240275] CPU: 17 PID: 513 Comm: nft Tainted: G        W         5.10.0-rc1-00007-g4525c8781ec0-dirty #116
[    8.240288] Call Trace:
[    8.240302] [<0000000000470724>] __warn+0xa4/0x100
[    8.240315] [<0000000000c322bc>] warn_slowpath_fmt+0x34/0x74
[    8.240329] [<0000000010421c5c>] nft_chain_parse_hook+0x7c/0x3a0 [nf_tables]
[    8.240343] [<0000000010425048>] nf_tables_addchain.constprop.0+0x48/0x600 [nf_tables]
[    8.240359] [<0000000010425d88>] nf_tables_newchain+0x788/0x840 [nf_tables]
[    8.240371] [<00000000100c89c8>] nfnetlink_rcv_batch+0x4a8/0x780 [nfnetlink]
[    8.240381] [<00000000100c8db0>] nfnetlink_rcv+0x110/0x140 [nfnetlink]
[    8.240392] [<0000000000b3eed0>] netlink_unicast+0x150/0x2a0
[    8.240402] [<0000000000b3fe7c>] netlink_sendmsg+0x3dc/0x460
[    8.240415] [<0000000000aa8cd4>] sock_sendmsg+0x34/0x80
[    8.240424] [<0000000000aaa3ac>] ____sys_sendmsg+0x1ac/0x220
[    8.240434] [<0000000000aac448>] ___sys_sendmsg+0x48/0x80
[    8.240443] [<0000000000aac528>] __sys_sendmsg+0x48/0x80
[    8.240452] [<0000000000aac578>] sys_sendmsg+0x18/0x40
[    8.240465] [<00000000004062b4>] linux_sparc_syscall+0x34/0x44
[    8.240473] irq event stamp: 0
[    8.240482] hardirqs last  enabled at (0): [<0000000000000000>] 0x0
[    8.240494] hardirqs last disabled at (0): [<000000000046e2d8>] copy_process+0x738/0x18c0
[    8.240505] softirqs last  enabled at (0): [<000000000046e2d8>] copy_process+0x738/0x18c0
[    8.240517] softirqs last disabled at (0): [<0000000000000000>] 0x0
[    8.240526] ---[ end trace 3a53d95616e23433 ]---
[    9.217742] sha1_sparc64: Using sparc64 sha1 opcode optimized SHA-1 implementation
[    9.318174] n2rng v0.3 (Jan 7, 2017)
[    9.318230] n2rng f029b104: Registered RNG HVAPI major 2 minor 0
[    9.318256] n2rng f029b104: Found multi-unit-capable RNG, units: 2
[    9.318311] n2rng f029b104: RNG ready
[    9.380927] pktcdvd: setup of pktcdvd device failed
[    9.407811] pktcdvd: setup of pktcdvd device failed
[    9.410176] pktcdvd: setup of pktcdvd device failed
[    9.412842] pktcdvd: setup of pktcdvd device failed
[    9.415247] pktcdvd: setup of pktcdvd device failed
[    9.418460] pktcdvd: setup of pktcdvd device failed
[    9.421237] pktcdvd: setup of pktcdvd device failed
[    9.423369] pktcdvd: setup of pktcdvd device failed
[    9.438911] sha256_sparc64: Using sparc64 sha256 opcode optimized SHA-256/SHA-224 implementation
[    9.572639] XFS (dm-0): Mounting V5 Filesystem
[    9.588891] XFS (dm-0): Ending clean mount
[    9.590377] xfs filesystem being mounted at /1 supports timestamps until 2038 (0x7fffffff)
[    9.636699] sha512_sparc64: Using sparc64 sha512 opcode optimized SHA-512/SHA-384 implementation
[    9.648076] md5_sparc64: Using sparc64 md5 opcode optimized MD5 implementation
[    9.784057] Adding 787176k swap on /dev/vdiska4.  Priority:-2 extents:1 across:787176k FS
[   11.121720] EXT4-fs (vdiska1): mounting ext3 file system using the ext4 subsystem
[   11.403465] EXT4-fs (vdiska1): mounted filesystem with ordered data mode. Opts: (null)
[   11.403590] ext3 filesystem being mounted at /boot supports timestamps until 2038 (0x7fffffff)
[   12.256058] Kernel unaligned access at TPC[8e791c] aa_dfa_unpack+0x3c/0x640
[   12.256088] Kernel unaligned access at TPC[8e7930] aa_dfa_unpack+0x50/0x640
[   12.256103] Kernel unaligned access at TPC[8e79f4] aa_dfa_unpack+0x114/0x640
[   12.256118] Kernel unaligned access at TPC[8e7ac4] aa_dfa_unpack+0x1e4/0x640
[   12.256133] Kernel unaligned access at TPC[8e7ad8] aa_dfa_unpack+0x1f8/0x640
[   12.263058] audit: type=1400 audit(1603791957.680:2): apparmor="STATUS" operation="profile_load" profile="unconfined" name="nvidia_modprobe" pid=695 comm="apparmor_parser"
[   12.263100] audit: type=1400 audit(1603791957.680:3): apparmor="STATUS" operation="profile_load" profile="unconfined" name="nvidia_modprobe//kmod" pid=695 comm="apparmor_parser"
[   12.284487] audit: type=1400 audit(1603791957.710:4): apparmor="STATUS" operation="profile_load" profile="unconfined" name="/usr/sbin/haveged" pid=693 comm="apparmor_parser"
[   12.294816] audit: type=1400 audit(1603791957.720:5): apparmor="STATUS" operation="profile_load" profile="unconfined" name="lsb_release" pid=699 comm="apparmor_parser"
[   12.327239] audit: type=1400 audit(1603791957.750:6): apparmor="STATUS" operation="profile_load" profile="unconfined" name="/usr/bin/man" pid=696 comm="apparmor_parser"
[   12.327277] audit: type=1400 audit(1603791957.750:7): apparmor="STATUS" operation="profile_load" profile="unconfined" name="man_filter" pid=696 comm="apparmor_parser"
[   12.327310] audit: type=1400 audit(1603791957.750:8): apparmor="STATUS" operation="profile_load" profile="unconfined" name="man_groff" pid=696 comm="apparmor_parser"
[   12.344117] random: crng init done
[   12.344128] random: 5 urandom warning(s) missed due to ratelimiting
[   12.377907] audit: type=1400 audit(1603791957.800:9): apparmor="STATUS" operation="profile_load" profile="unconfined" name="named" pid=698 comm="apparmor_parser"
[   12.378673] audit: type=1400 audit(1603791957.800:10): apparmor="STATUS" operation="profile_load" profile="unconfined" name="tcpdump" pid=697 comm="apparmor_parser"
