[    0.000019] PROMLIB: Sun IEEE Boot Prom 'OBP 4.38.12 2018/03/28 14:54'
[    0.000030] PROMLIB: Root node compatible: sun4v
[    0.000077] Linux version 5.2.0-11995-g249be8511b26 (mator@ttip) (gcc version 8.3.0 (Debian 8.3.0-19)) #1161 SMP Wed Aug 14 02:07:07 MSK 2019
[    0.000391] printk: bootconsole [earlyprom0] enabled
[    0.000445] ARCH: SUN4V
[    0.000495] Ethernet address: 00:14:4f:fa:06:f2
[    0.000548] MM: PAGE_OFFSET is 0xfff8000000000000 (max_phys_bits == 47)
[    0.000613] MM: VMALLOC [0x0000000100000000 --> 0x0006000000000000]
[    0.000675] MM: VMEMMAP [0x0006000000000000 --> 0x000c000000000000]
[    0.012122] Kernel: Using 5 locked TLB entries for main kernel image.
[    0.012192] Remapping the kernel... 
[    0.012217] done.
[    0.047403] OF stdout device is: /virtual-devices@100/console@1
[    0.047478] PROM: Built device tree with 87467 bytes of memory.
[    0.047545] MDESC: Size is 37248 bytes.
[    0.047672] PLATFORM: banner-name [SPARC T5-2]
[    0.047720] PLATFORM: name [ORCL,SPARC-T5-2]
[    0.047769] PLATFORM: hostid [84fa06f2]
[    0.047810] PLATFORM: serial# [0035260e]
[    0.047854] PLATFORM: stick-frequency [3b9aca00]
[    0.047903] PLATFORM: mac-address [144ffa06f2]
[    0.047950] PLATFORM: watchdog-resolution [1000 ms]
[    0.048002] PLATFORM: watchdog-max-timeout [31536000000 ms]
[    0.048057] PLATFORM: max-cpus [1024]
[    0.048141] Top of RAM: 0x24af938000, Total RAM: 0x87f354000
[    0.048205] Memory hole size: 115461MB
[    0.100952] kmemleak: Kernel memory leak detector disabled
[    0.281410] Allocated 35708928 bytes for kernel page tables.
[    0.281516] Zone ranges:
[    0.281557]   Normal   [mem 0x0000000030400000-0x00000024af937fff]
[    0.281622] Movable zone start for each node
[    0.282670] Early memory node ranges
[    0.282711]   node   0: [mem 0x0000000030400000-0x000000006fe7ffff]
[    0.282777]   node   0: [mem 0x000000006ff00000-0x000000006ff25fff]
[    0.282839]   node   0: [mem 0x0000000070000000-0x000000042fffffff]
[    0.282902]   node   0: [mem 0x0000002030000000-0x00000024af87ffff]
[    0.282967]   node   0: [mem 0x00000024af900000-0x00000024af925fff]
[    0.283031]   node   0: [mem 0x00000024af930000-0x00000024af937fff]
[    0.290390] Zeroed struct page in unavailable ranges: 230130 pages
[    0.290398] Initmem setup node 0 [mem 0x0000000030400000-0x00000024af937fff]
[    0.290556] On node 0 totalpages: 4454826
[    0.290565]   Normal zone: 39154 pages used for memmap
[    0.290570]   Normal zone: 0 pages reserved
[    0.290576]   Normal zone: 4454826 pages, LIFO batch:31
[    0.487740] Booting Linux...
[    0.487826] CPU CAPS: [flush,stbar,swap,muldiv,v9,blkinit,n2,mul32]
[    0.487909] CPU CAPS: [div32,v8plus,popc,vis,vis2,ASIBlkInit,fmaf,vis3]
[    0.488991] CPU CAPS: [hpc,ima,pause,cbcond,aes,des,kasumi,camellia]
[    0.489065] CPU CAPS: [md5,sha1,sha256,sha512,mpmul,montmul,montsqr,crc32c]
[    0.555492] percpu: Embedded 27 pages/cpu s180680 r8192 d32312 u262144
[    0.555788] pcpu-alloc: s180680 r8192 d32312 u262144 alloc=1*4194304
[    0.555795] pcpu-alloc: [0] 000 001 002 003 004 005 006 007 008 009 010 011 012 013 014 015 
[    0.555822] pcpu-alloc: [0] 016 017 018 019 020 021 022 023 024 025 026 027 028 029 030 031 
[    0.555849] pcpu-alloc: [0] 032 033 034 035 036 037 038 039 040 041 042 043 044 045 046 047 
[    0.555876] pcpu-alloc: [0] 048 049 050 051 052 053 054 055 056 057 058 059 060 061 062 063 
[    0.555902] pcpu-alloc: [0] 064 065 066 067 068 069 070 071 072 073 074 075 076 077 078 079 
[    0.555929] pcpu-alloc: [0] 080 081 082 083 084 085 086 087 088 089 090 091 092 093 094 095 
[    0.555955] pcpu-alloc: [0] 096 097 098 099 100 101 102 103 104 105 106 107 108 109 110 111 
[    0.555982] pcpu-alloc: [0] 112 113 114 115 116 117 118 119 120 121 122 123 124 125 126 127 
[    0.556009] pcpu-alloc: [0] 128 129 130 131 132 133 134 135 136 137 138 139 140 141 142 143 
[    0.556037] pcpu-alloc: [0] 144 145 146 147 148 149 150 151 152 153 154 155 156 157 158 159 
[    0.556063] pcpu-alloc: [0] 160 161 162 163 164 165 166 167 168 169 170 171 172 173 174 175 
[    0.556090] pcpu-alloc: [0] 176 177 178 179 180 181 182 183 184 185 186 187 188 189 190 191 
[    0.556117] pcpu-alloc: [0] 192 193 194 195 196 197 198 199 200 201 202 203 204 205 206 207 
[    0.556144] pcpu-alloc: [0] 208 209 210 211 212 213 214 215 216 217 218 219 220 221 222 223 
[    0.556171] pcpu-alloc: [0] 224 225 226 227 228 229 230 231 232 233 234 235 236 237 238 239 
[    0.556198] pcpu-alloc: [0] 240 241 242 243 244 245 246 247 248 249 250 251 252 253 254 255 
[    0.556742] SUN4V: Mondo queue sizes [cpu(131072) dev(16384) r(8192) nr(256)]
[    0.557286] Built 1 zonelists, mobility grouping on.  Total pages: 4415672
[    0.557384] Kernel command line: BOOT_IMAGE=/vmlinux-5.2.0-11995-g249be8511b26 root=/dev/vdiska2 ro zswap.enabled=1
[    0.559807] printk: log_buf_len individual max cpu contribution: 4096 bytes
[    0.559879] printk: log_buf_len total cpu_extra contributions: 1044480 bytes
[    0.559946] printk: log_buf_len min size: 131072 bytes
[    0.560418] printk: log_buf_len: 2097152 bytes
[    0.560470] printk: early log buf free: 125824(95%)
[    0.570117] Dentry cache hash table entries: 8388608 (order: 13, 67108864 bytes, linear)
[    0.575043] Inode-cache hash table entries: 4194304 (order: 12, 33554432 bytes, linear)
[    0.575131] Sorting __ex_table...
[    0.575378] mem auto-init: stack:off, heap alloc:off, heap free:off
[    0.654013] Memory: 35067208K/35638608K available (6878K kernel code, 972K rwdata, 2056K rodata, 1000K init, 6717K bss, 571400K reserved, 0K cma-reserved)
[    0.670964] ftrace: allocating 19830 entries in 39 pages
[    0.689432] Running RCU self tests
[    0.689490] rcu: Hierarchical RCU implementation.
[    0.689541] rcu: 	RCU event tracing is enabled.
[    0.689590] rcu: 	RCU lockdep checking is enabled.
[    0.689641] 	Tasks RCU enabled.
[    0.689678] rcu: RCU calculated value of scheduler-enlistment delay is 11 jiffies.
[    0.697894] NR_IRQS: 2048, nr_irqs: 2048, preallocated irqs: 1
[    0.698253] SUN4V: Using IRQ API major 3, cookie only virqs enabled
[    0.704646] clocksource: stick: mask: 0xffffffffffffffff max_cycles: 0x1cd42e4dffb, max_idle_ns: 881590591483 ns
[    0.704783] clocksource: mult[800000] shift[23]
[    0.704832] clockevent: mult[80000000] shift[31]
[    0.727371] Console: colour dummy device 80x25
[    0.727457] printk: console [tty0] enabled
[    0.727537] printk: bootconsole [earlyprom0] disabled
[    0.727626] Lock dependency validator: Copyright (c) 2006 Red Hat, Inc., Ingo Molnar
[    0.727675] ... MAX_LOCKDEP_SUBCLASSES:  8
[    0.727705] ... MAX_LOCK_DEPTH:          48
[    0.727735] ... MAX_LOCKDEP_KEYS:        8192
[    0.727767] ... CLASSHASH_SIZE:          4096
[    0.727798] ... MAX_LOCKDEP_ENTRIES:     16384
[    0.727829] ... MAX_LOCKDEP_CHAINS:      32768
[    0.727861] ... CHAINHASH_SIZE:          16384
[    0.727892]  memory used by lock dependency info: 3855 kB
[    0.727928]  per task-struct memory footprint: 1920 bytes
[    0.728650] kmemleak: Early log buffer exceeded (9381), please increase DEBUG_KMEMLEAK_EARLY_LOG_SIZE
[    0.875298] Calibrating delay using timer specific routine.. 2009.81 BogoMIPS (lpj=10049076)
[    0.875368] pid_max: default: 262144 minimum: 2048
[    0.882716] Mount-cache hash table entries: 131072 (order: 7, 1048576 bytes, linear)
[    0.882953] Mountpoint-cache hash table entries: 131072 (order: 7, 1048576 bytes, linear)
[    0.887777] *** VALIDATE proc ***
[    0.890486] *** VALIDATE cgroup1 ***
[    0.890519] *** VALIDATE cgroup2 ***
[    0.894978] rcu: Hierarchical SRCU implementation.
[    0.918831] smp: Bringing up secondary CPUs ...
[    1.014972] smp: Brought up 1 node, 32 CPUs
[    1.025580] devtmpfs: initialized
[    1.031962] Performance events: 
[    1.032029] Testing NMI watchdog ... 
[    1.232382] OK.
[    1.232555] Supported PMU type is 'niagara5'
[    1.233334] random: get_random_u32 called from bucket_table_alloc.isra.4+0x184/0x1c0 with crng_init=0
[    1.234506] ldc.c:v1.1 (July 22, 2008)
[    1.238329] clocksource: jiffies: mask: 0xffffffff max_cycles: 0xffffffff, max_idle_ns: 19112604462750000 ns
[    1.238434] futex hash table entries: 65536 (order: 10, 8388608 bytes, linear)
[    1.253218] NET: Registered protocol family 16
[    1.263351] VIO: Adding device channel-devices (tx_ino = ffffffffffffffff, rx_ino = ffffffffffffffff)
[    1.263595] VIO: Adding device vnet-port-0-0 (tx_ino = 0, rx_ino = 1)
[    1.263820] VIO: Adding device vnet-port-0-1 (tx_ino = 2, rx_ino = 3)
[    1.264007] VIO: Adding device vnet-port-0-2 (tx_ino = 4, rx_ino = 5)
[    1.264195] VIO: Adding device vnet-port-0-4 (tx_ino = 8, rx_ino = 9)
[    1.264388] VIO: Adding device vnet-port-0-5 (tx_ino = a, rx_ino = b)
[    1.264583] VIO: Adding device vnet-port-0-6 (tx_ino = c, rx_ino = d)
[    1.264769] VIO: Adding device vnet-port-0-3 (tx_ino = 6, rx_ino = 7)
[    1.264954] VIO: Adding device vdc-port-3-0 (tx_ino = e, rx_ino = f)
[    1.265151] VIO: Adding device vdc-port-2-0 (tx_ino = 10, rx_ino = 11)
[    1.265337] VIO: Adding device vdc-port-1-0 (tx_ino = 12, rx_ino = 13)
[    1.265533] VIO: Adding device vdc-port-0-0 (tx_ino = 14, rx_ino = 15)
[    1.265719] VIO: Adding device vdc-port-4-0 (tx_ino = 16, rx_ino = 17)
[    1.265918] VIO: Adding device vlds-port-0-0 (tx_ino = 18, rx_ino = 19)
[    1.266106] VIO: Adding device domain-services-port-0 (tx_ino = 18, rx_ino = 19)
[    1.266796] audit: initializing netlink subsys (disabled)
[    1.267212] audit: type=2000 audit(0.560:1): state=initialized audit_enabled=0 res=1
[    1.316486] HugeTLB registered 64.0 KiB page size, pre-allocated 0 pages
[    1.316543] HugeTLB registered 8.00 MiB page size, pre-allocated 0 pages
[    1.316588] HugeTLB registered 256 MiB page size, pre-allocated 0 pages
[    1.316633] HugeTLB registered 2.00 GiB page size, pre-allocated 0 pages
[    1.366021] alg: No test for lzo-rle (lzo-rle-generic)
[    1.366620] alg: No test for lzo-rle (lzo-rle-scomp)
[    1.388047] SUN4V: Reboot data supported (maj=1,min=0).
[    1.389051] ds.c:v1.0 (Jul 11, 2007)
[    1.389651] ds-0: ds_conn_reset() from send_events.isra.3
[    1.391266] clocksource: Switched to clocksource stick
[    1.680804] VFS: Disk quotas dquot_6.6.0
[    1.682458] VFS: Dquot-cache hash table entries: 1024 (order 0, 8192 bytes)
[    1.683121] *** VALIDATE hugetlbfs ***
[    1.704221] NET: Registered protocol family 2
[    1.707529] tcp_listen_portaddr_hash hash table entries: 32768 (order: 8, 2359296 bytes, linear)
[    1.711016] TCP established hash table entries: 524288 (order: 9, 4194304 bytes, linear)
[    1.713337] TCP bind hash table entries: 65536 (order: 9, 4194304 bytes, linear)
[    1.719849] TCP: Hash tables configured (established 524288 bind 65536)
[    1.726760] UDP hash table entries: 32768 (order: 9, 5242880 bytes, linear)
[    1.734609] UDP-Lite hash table entries: 32768 (order: 9, 5242880 bytes, linear)
[    1.749274] NET: Registered protocol family 1
[    1.750434] Trying to unpack rootfs image as initramfs...
[    2.069612] Freeing initrd memory: 10424K
[    2.104989] workingset: timestamp_bits=46 max_order=23 bucket_order=0
[    2.111508] SGI XFS with ACLs, security attributes, debug enabled
[    2.142644] Block layer SCSI generic (bsg) driver version 0.4 loaded (major 252)
[    2.144749] io scheduler mq-deadline registered
[    2.146820] f029b788: ttyHV0 at I/O 0x0 (irq = 1, base_baud = 115200) is a SUN4V HCONS
[    2.153211] printk: console [ttyHV0] enabled
[    2.158938] sunvdc.c:v1.2 (November 24, 2014)
[    2.166612] sunvdc: Virtual CDROM vdiskd
[    2.166674] sunvdc: vdiskd: 403160 sectors (196 MB) protocol 1.2
[    2.168218]  vdiskd: vdiskd1 vdiskd2 vdiskd3 vdiskd4 vdiskd5 vdiskd6 vdiskd7
[    2.225984] sunvdc: Virtual Hard disk vdiskc
[    2.226038] sunvdc: vdiskc: 104857600 sectors (51200 MB) protocol 1.2
[    2.280323] sunvdc: Virtual Hard disk vdiskb
[    2.280376] sunvdc: vdiskb: 62914560 sectors (30720 MB) protocol 1.2
[    2.297256]  vdiskb: vdiskb1
[    2.351328] sunvdc: Virtual Hard disk vdiska
[    2.351381] sunvdc: vdiska: 31457280 sectors (15360 MB) protocol 1.2
[    2.352352]  vdiska: vdiska1 vdiska2 vdiska3 vdiska4
[    2.407787] sunvdc: Virtual Hard disk vdiske
[    2.407839] sunvdc: vdiske: 20971520 sectors (10240 MB) protocol 1.2
[    2.409607]  vdiske: vdiske1 vdiske2 vdiske3
[    2.456784] sunvnet: sunvnet 2.0 (February 3, 2017)
[    2.460326] vnet_port vnet-port-0-0 eth0: Sun LDOM vnet 00:14:4f:f8:12:a3
[    2.460932] sunvnet: eth0: PORT ( remote-mac 00:14:4f:fa:f3:f0 switch-port )
[    2.462358] sunvnet: eth0: PORT ( remote-mac 00:14:4f:f8:e5:f3 )
[    2.463703] sunvnet: eth0: PORT ( remote-mac 00:14:4f:f9:b4:97 )
[    2.465084] sunvnet: eth0: PORT ( remote-mac 00:14:4f:f8:3f:1e )
[    2.466386] sunvnet: eth0: PORT ( remote-mac 00:14:4f:f8:fe:47 )
[    2.467735] sunvnet: eth0: PORT ( remote-mac 00:14:4f:f9:8b:83 )
[    2.469045] sunvnet: eth0: PORT ( remote-mac 00:14:4f:f9:6c:d1 )
[    2.470808] rtc-sun4v rtc-sun4v: registered as rtc0
[    2.471518] sun4v_wdt: initialized (timeout=60s, nowayout=0)
[    2.471937] device-mapper: uevent: version 1.0.3
[    2.473068] device-mapper: ioctl: 4.40.0-ioctl (2019-01-18) initialised: dm-devel@redhat.com
[    2.475128] NET: Registered protocol family 17
[    2.485928] zswap: default zpool zbud not available
[    2.486001] zswap: pool creation failed
[    2.531166] Key type big_key registered
[    2.532318] rtc-sun4v rtc-sun4v: setting system clock to 2019-08-14T21:12:24 UTC (1565817144)
[    2.536802] This architecture does not have kernel memory protection.
[    2.536849] Run /init as init process
[    3.462791] crc32c_sparc64: Using sparc64 crc32c opcode optimized CRC32C implementation
[    3.536739] random: fast init done
[    3.951069] raid6: int64x8  gen()  2148 MB/s
[    4.121063] raid6: int64x8  xor()  1567 MB/s
[    4.291092] raid6: int64x4  gen()  3457 MB/s
[    4.461085] raid6: int64x4  xor()  1981 MB/s
[    4.631074] raid6: int64x2  gen()  2869 MB/s
[    4.801075] raid6: int64x2  xor()  1991 MB/s
[    4.971072] raid6: int64x1  gen()  2800 MB/s
[    5.141076] raid6: int64x1  xor()  1625 MB/s
[    5.141129] raid6: using algorithm int64x4 gen() 3457 MB/s
[    5.141170] raid6: .... xor() 1981 MB/s, rmw enabled
[    5.141208] raid6: using intx1 recovery algorithm
[    5.142272] async_tx: api initialized (async)
[    5.142943] xor: automatically using best checksumming function   Niagara   
[    5.391685] EXT4-fs (vdiska2): mounted filesystem with ordered data mode. Opts: (null)
[    7.183200] systemd[1]: Inserted module 'autofs4'
[    7.196801] NET: Registered protocol family 10
[    7.209442] Segment Routing with IPv6
[    7.308880] systemd[1]: systemd 241 running in system mode. (+PAM +AUDIT +SELINUX +IMA +APPARMOR +SMACK +SYSVINIT +UTMP +LIBCRYPTSETUP +GCRYPT +GNUTLS +ACL +XZ +LZ4 -SECCOMP +BLKID +ELFUTILS +KMOD -IDN2 +IDN +PCRE2 default-hierarchy=hybrid)
[    7.309498] systemd[1]: Detected architecture sparc64.
[    7.353657] systemd[1]: Set hostname to <ttip>.
[    7.359519] systemd[1]: Failed to bump fs.file-max, ignoring: Invalid argument
[    8.266925] random: lvmconfig: uninitialized urandom read (4 bytes read)
[    9.381920] systemd[1]: /lib/systemd/system/smbd.service:9: PIDFile= references path below legacy directory /var/run/, updating /var/run/samba/smbd.pid → /run/samba/smbd.pid; please update the unit file accordingly.
[    9.392196] systemd[1]: /lib/systemd/system/nmbd.service:9: PIDFile= references path below legacy directory /var/run/, updating /var/run/samba/nmbd.pid → /run/samba/nmbd.pid; please update the unit file accordingly.
[    9.623981] random: systemd: uninitialized urandom read (16 bytes read)
[    9.655527] random: systemd: uninitialized urandom read (16 bytes read)
[    9.656326] systemd[1]: Listening on Device-mapper event daemon FIFOs.
[    9.657255] random: systemd: uninitialized urandom read (16 bytes read)
[    9.672562] systemd[1]: Created slice system-openvpn\x2dclient.slice.
[    9.674456] systemd[1]: Listening on Journal Socket.
[    9.687310] systemd[1]: Mounting Huge Pages File System...
[   10.045108] EXT4-fs (vdiska2): re-mounted. Opts: errors=remount-ro
[   10.260287] systemd-journald[455]: Received request to flush runtime journal from PID 1
[   11.915101] sha1_sparc64: Using sparc64 sha1 opcode optimized SHA-1 implementation
[   11.955219] sha256_sparc64: Using sparc64 sha256 opcode optimized SHA-256/SHA-224 implementation
[   12.004022] sha512_sparc64: Using sparc64 sha512 opcode optimized SHA-512/SHA-384 implementation
[   12.041260] md5_sparc64: Using sparc64 md5 opcode optimized MD5 implementation
[   12.167285] aes_sparc64: Using sparc64 aes opcodes optimized AES implementation
[   12.324314] n2rng v0.3 (Jan 7, 2017)
[   12.324406] n2rng f029b104: Registered RNG HVAPI major 2 minor 0
[   12.324465] n2rng f029b104: Found multi-unit-capable RNG, units: 2
[   12.325434] n2rng f029b104: RNG ready
[   12.579396] des_sparc64: Using sparc64 des opcodes optimized DES implementation
[   12.657459] camellia_sparc64: Using sparc64 camellia opcodes optimized CAMELLIA implementation
[   14.065058] XFS (dm-0): Mounting V5 Filesystem
[   14.249268] XFS (dm-0): Ending clean mount
[   15.481208] Adding 787176k swap on /dev/vdiska4.  Priority:-2 extents:1 across:787176k FS
[   15.830116] EXT4-fs (vdiska1): mounting ext3 file system using the ext4 subsystem
[   15.846241] EXT4-fs (vdiska1): mounted filesystem with ordered data mode. Opts: (null)
