[    0.000012] PROMLIB: Sun IEEE Boot Prom 'OBP 4.38.17 2019/01/25 08:22'
[    0.000031] PROMLIB: Root node compatible: sun4v
[    0.000074] Linux version 5.11.0-11201-g2c87f7a38f93 (mator@ttip) (gcc (Debian 10.2.1-6) 10.2.1 20210110, GNU ld (GNU Binutils for Debian) 2.35.2) #191 SMP Fri Feb 26 12:21:59 MSK 2021
[    0.000385] printk: bootconsole [earlyprom0] enabled
[    0.000438] ARCH: SUN4V
[    0.000481] Ethernet address: 00:14:4f:fa:06:f2
[    0.000532] MM: PAGE_OFFSET is 0xfff8000000000000 (max_phys_bits == 47)
[    0.000597] MM: VMALLOC [0x0000000100000000 --> 0x0006000000000000]
[    0.000655] MM: VMEMMAP [0x0006000000000000 --> 0x000c000000000000]
[    0.013836] Kernel: Using 5 locked TLB entries for main kernel image.
[    0.013908] Remapping the kernel... 
[    0.013933] done.
[    0.038876] OF stdout device is: /virtual-devices@100/console@1
[    0.038948] PROM: Built device tree with 79505 bytes of memory.
[    0.039011] MDESC: Size is 30160 bytes.
[    0.039112] PLATFORM: banner-name [SPARC T5-2]
[    0.039160] PLATFORM: name [ORCL,SPARC-T5-2]
[    0.039203] PLATFORM: hostid [84fa06f2]
[    0.039243] PLATFORM: serial# [0035260e]
[    0.039284] PLATFORM: stick-frequency [3b9aca00]
[    0.039329] PLATFORM: mac-address [144ffa06f2]
[    0.039374] PLATFORM: watchdog-resolution [1000 ms]
[    0.039420] PLATFORM: watchdog-max-timeout [31536000000 ms]
[    0.039473] PLATFORM: max-cpus [1024]
[    0.039557] Top of RAM: 0x21af948000, Total RAM: 0x3ff382000
[    0.039617] Memory hole size: 121605MB
[    0.041952] Allocated 32768 bytes for kernel page tables.
[    0.042029] Zone ranges:
[    0.042065]   Normal   [mem 0x0000000030400000-0x00000021af947fff]
[    0.042131] Movable zone start for each node
[    0.042174] Early memory node ranges
[    0.042212]   node   0: [mem 0x0000000030400000-0x000000006febffff]
[    0.042271]   node   0: [mem 0x000000006ff40000-0x000000006ff47fff]
[    0.042330]   node   0: [mem 0x0000000070000000-0x00000002afffffff]
[    0.042391]   node   0: [mem 0x0000002030000000-0x00000021af8b1fff]
[    0.042450]   node   0: [mem 0x00000021af940000-0x00000021af947fff]
[    0.054011] Zeroed struct page in unavailable ranges: 263743 pages
[    0.054033] Initmem setup node 0 [mem 0x0000000030400000-0x00000021af947fff]
[    0.054185] On node 0 totalpages: 2095553
[    0.054194]   Normal zone: 18418 pages used for memmap
[    0.054200]   Normal zone: 0 pages reserved
[    0.054205]   Normal zone: 2095553 pages, LIFO batch:31
[    0.060203] Booting Linux...
[    0.060291] CPU CAPS: [flush,stbar,swap,muldiv,v9,blkinit,n2,mul32]
[    0.060393] CPU CAPS: [div32,v8plus,popc,vis,vis2,ASIBlkInit,fmaf,vis3]
[    0.060488] CPU CAPS: [hpc,ima,pause,cbcond,aes,des,kasumi,camellia]
[    0.060579] CPU CAPS: [md5,sha1,sha256,sha512,mpmul,montmul,montsqr,crc32c]
[    0.109250] percpu: Embedded 20 pages/cpu s119376 r8192 d36272 u262144
[    0.109506] pcpu-alloc: s119376 r8192 d36272 u262144 alloc=1*4194304
[    0.109519] pcpu-alloc: [0] 000 001 002 003 004 005 006 007 008 009 010 011 012 013 014 015 
[    0.109586] pcpu-alloc: [0] 016 017 018 019 020 021 022 023 024 025 026 027 028 029 030 031 
[    0.109653] pcpu-alloc: [0] 032 033 034 035 036 037 038 039 040 041 042 043 044 045 046 047 
[    0.109719] pcpu-alloc: [0] 048 049 050 051 052 053 054 055 056 057 058 059 060 061 062 063 
[    0.109786] pcpu-alloc: [0] 064 065 066 067 068 069 070 071 072 073 074 075 076 077 078 079 
[    0.109852] pcpu-alloc: [0] 080 081 082 083 084 085 086 087 088 089 090 091 092 093 094 095 
[    0.109918] pcpu-alloc: [0] 096 097 098 099 100 101 102 103 104 105 106 107 108 109 110 111 
[    0.109985] pcpu-alloc: [0] 112 113 114 115 116 117 118 119 120 121 122 123 124 125 126 127 
[    0.110051] pcpu-alloc: [0] 128 129 130 131 132 133 134 135 136 137 138 139 140 141 142 143 
[    0.110117] pcpu-alloc: [0] 144 145 146 147 148 149 150 151 152 153 154 155 156 157 158 159 
[    0.110184] pcpu-alloc: [0] 160 161 162 163 164 165 166 167 168 169 170 171 172 173 174 175 
[    0.110250] pcpu-alloc: [0] 176 177 178 179 180 181 182 183 184 185 186 187 188 189 190 191 
[    0.110316] pcpu-alloc: [0] 192 193 194 195 196 197 198 199 200 201 202 203 204 205 206 207 
[    0.110382] pcpu-alloc: [0] 208 209 210 211 212 213 214 215 216 217 218 219 220 221 222 223 
[    0.110449] pcpu-alloc: [0] 224 225 226 227 228 229 230 231 232 233 234 235 236 237 238 239 
[    0.110515] pcpu-alloc: [0] 240 241 242 243 244 245 246 247 248 249 250 251 252 253 254 255 
[    0.110987] SUN4V: Mondo queue sizes [cpu(131072) dev(16384) r(8192) nr(256)]
[    0.111291] Built 1 zonelists, mobility grouping on.  Total pages: 2077135
[    0.111371] Kernel command line: BOOT_IMAGE=/vmlinux-5.11.0-11201-g2c87f7a38f93 root=/dev/vdiska2 ro zswap.enabled=1
[    0.114296] printk: log_buf_len individual max cpu contribution: 4096 bytes
[    0.114366] printk: log_buf_len total cpu_extra contributions: 1044480 bytes
[    0.114428] printk: log_buf_len min size: 131072 bytes
[    0.116246] printk: log_buf_len: 2097152 bytes
[    0.116293] printk: early log buf free: 126488(96%)
[    0.117948] Dentry cache hash table entries: 2097152 (order: 11, 16777216 bytes, linear)
[    0.118856] Inode-cache hash table entries: 1048576 (order: 10, 8388608 bytes, linear)
[    0.118929] Sorting __ex_table...
[    0.119177] mem auto-init: stack:off, heap alloc:off, heap free:off
[    0.123678] Memory: 1305368K/16764424K available (8231K kernel code, 1671K rwdata, 2816K rodata, 600K init, 3082K bss, 296936K reserved, 0K cma-reserved)
[    0.123856] random: get_random_u64 called from kmem_cache_open+0x1c/0x340 with crng_init=0
[    0.125970] SLUB: HWalign=32, Order=0-3, MinObjects=0, CPUs=256, Nodes=1
[    0.126795] ftrace: allocating 25744 entries in 51 pages
[    0.136820] ftrace: allocated 51 pages with 4 groups
[    0.141196] rcu: Hierarchical RCU implementation.
[    0.141250] rcu: 	RCU event tracing is enabled.
[    0.141298] rcu: 	RCU debug extended QS entry/exit.
[    0.141345] 	Rude variant of Tasks RCU enabled.
[    0.141389] 	Tracing variant of Tasks RCU enabled.
[    0.141435] rcu: RCU calculated value of scheduler-enlistment delay is 26 jiffies.
[    0.147077] NR_IRQS: 2048, nr_irqs: 2048, preallocated irqs: 1
[    0.147174] SUN4V: Using IRQ API major 3, cookie only virqs enabled
[    0.151088] clocksource: stick: mask: 0xffffffffffffffff max_cycles: 0x1cd42e4dffb, max_idle_ns: 881590591483 ns
[    0.151227] clocksource: mult[800000] shift[23]
[    0.151274] clockevent: mult[80000000] shift[31]
[    0.151893] Console: colour dummy device 80x25
[    0.151945] printk: console [tty0] enabled
[    0.152005] printk: bootconsole [earlyprom0] disabled
[    0.152071] Lock dependency validator: Copyright (c) 2006 Red Hat, Inc., Ingo Molnar
[    0.152098] ... MAX_LOCKDEP_SUBCLASSES:  8
[    0.152115] ... MAX_LOCK_DEPTH:          48
[    0.152132] ... MAX_LOCKDEP_KEYS:        8192
[    0.152149] ... CLASSHASH_SIZE:          4096
[    0.152167] ... MAX_LOCKDEP_ENTRIES:     16384
[    0.152184] ... MAX_LOCKDEP_CHAINS:      32768
[    0.152202] ... CHAINHASH_SIZE:          16384
[    0.152219]  memory used by lock dependency info: 2603 kB
[    0.152239]  per task-struct memory footprint: 1920 bytes
[    0.231526] Calibrating delay using timer specific routine.. 2006.61 BogoMIPS (lpj=4013233)
[    0.231579] pid_max: default: 262144 minimum: 2048
[    0.232717] Mount-cache hash table entries: 32768 (order: 5, 262144 bytes, linear)
[    0.232777] Mountpoint-cache hash table entries: 32768 (order: 5, 262144 bytes, linear)
[    0.236202] rcu: Hierarchical SRCU implementation.
[    0.243488] smp: Bringing up secondary CPUs ...
[    0.262909] smp: Brought up 1 node, 24 CPUs
[    0.352675] node 0 deferred pages initialised in 88ms
[    0.353620] devtmpfs: initialized
[    0.355790] Performance events: 
[    0.355826] Testing NMI watchdog ... 
[    0.435917] OK.
[    0.436010] Supported PMU type is 'niagara5'
[    0.437183] ldc.c:v1.1 (July 22, 2008)
[    0.437974] clocksource: jiffies: mask: 0xffffffff max_cycles: 0xffffffff, max_idle_ns: 7645041785100000 ns
[    0.438036] futex hash table entries: 65536 (order: 10, 8388608 bytes, linear)
[    0.445881] NET: Registered protocol family 16
[    0.448693] VIO: Adding device channel-devices (tx_ino = ffffffffffffffff, rx_ino = ffffffffffffffff)
[    0.448785] VIO: Adding device vnet-port-0-0 (tx_ino = 0, rx_ino = 1)
[    0.448855] VIO: Adding device vnet-port-0-2 (tx_ino = 4, rx_ino = 5)
[    0.448919] VIO: Adding device vnet-port-0-3 (tx_ino = 6, rx_ino = 7)
[    0.448982] VIO: Adding device vnet-port-0-1 (tx_ino = 2, rx_ino = 3)
[    0.449044] VIO: Adding device vnet-port-0-4 (tx_ino = 8, rx_ino = 9)
[    0.449107] VIO: Adding device vdc-port-2-0 (tx_ino = a, rx_ino = b)
[    0.449172] VIO: Adding device vdc-port-1-0 (tx_ino = c, rx_ino = d)
[    0.449234] VIO: Adding device vdc-port-0-0 (tx_ino = e, rx_ino = f)
[    0.449300] VIO: Adding device vlds-port-0-0 (tx_ino = 10, rx_ino = 11)
[    0.449366] VIO: Adding device domain-services-port-0 (tx_ino = 10, rx_ino = 11)
[    0.449561] audit: initializing netlink subsys (disabled)
[    0.449756] audit: type=2000 audit(0.296:1): state=initialized audit_enabled=0 res=1
[    0.462458] HugeTLB registered 64.0 KiB page size, pre-allocated 0 pages
[    0.462494] HugeTLB registered 8.00 MiB page size, pre-allocated 0 pages
[    0.462519] HugeTLB registered 256 MiB page size, pre-allocated 0 pages
[    0.462543] HugeTLB registered 2.00 GiB page size, pre-allocated 0 pages
[    1.036058] SUN4V: Reboot data supported (maj=1,min=0).
[    1.036300] ds.c:v1.0 (Jul 11, 2007)
[    1.036509] ds-0: ds_conn_reset() from send_events
[    1.037941] clocksource: Switched to clocksource stick
[    1.144226] VFS: Disk quotas dquot_6.6.0
[    1.144446] VFS: Dquot-cache hash table entries: 1024 (order 0, 8192 bytes)
[    1.151725] NET: Registered protocol family 2
[    1.168847] tcp_listen_portaddr_hash hash table entries: 8192 (order: 6, 655360 bytes, linear)
[    1.169622] TCP established hash table entries: 131072 (order: 7, 1048576 bytes, linear)
[    1.170288] TCP bind hash table entries: 65536 (order: 9, 4718592 bytes, linear)
[    1.176558] TCP: Hash tables configured (established 131072 bind 65536)
[    1.178464] UDP hash table entries: 8192 (order: 7, 1310720 bytes, linear)
[    1.180364] UDP-Lite hash table entries: 8192 (order: 7, 1310720 bytes, linear)
[    1.184077] NET: Registered protocol family 1
[    1.184115] NET: Registered protocol family 44
[    1.184337] Trying to unpack rootfs image as initramfs...
[    1.385239] Freeing initrd memory: 24968K
[    1.396610] Initialise system trusted keyrings
[    1.396852] workingset: timestamp_bits=46 max_order=21 bucket_order=0
[    1.413181] zbud: loaded
[    1.417291] SGI XFS with ACLs, security attributes, realtime, quota, no debug enabled
[    1.423728] Key type asymmetric registered
[    1.423758] Asymmetric key parser 'x509' registered
[    1.423809] Block layer SCSI generic (bsg) driver version 0.4 loaded (major 252)
[    1.424728] io scheduler mq-deadline registered
[    1.426311] f029b788: ttyHV0 at I/O 0x0 (irq = 1, base_baud = 115200) is a SUN4V HCONS
[    1.426788] printk: console [ttyHV0] enabled
[    1.429207] sunvdc.c:v1.2 (November 24, 2014)
[    1.432859] sunvdc: Virtual Hard disk vdiskc
[    1.432888] sunvdc: vdiskc: 104857600 sectors (51200 MB) protocol 1.2
[    1.454221] sunvdc: Virtual Hard disk vdiskb
[    1.454255] sunvdc: vdiskb: 62914560 sectors (30720 MB) protocol 1.2
[    1.455271]  vdiskb: vdiskb1
[    1.475415] sunvdc: Virtual Hard disk vdiska
[    1.475443] sunvdc: vdiska: 31457280 sectors (15360 MB) protocol 1.2
[    1.476312]  vdiska: vdiska1 vdiska2 vdiska3 vdiska4
[    1.495453] rtc-sun4v rtc-sun4v: registered as rtc0
[    1.495526] rtc-sun4v rtc-sun4v: setting system clock to 2021-02-26T09:28:40 UTC (1614331720)
[    1.499540] NET: Registered protocol family 10
[    1.523041] Segment Routing with IPv6
[    1.523127] mip6: Mobile IPv6
[    1.523149] NET: Registered protocol family 17
[    1.523421] registered taskstats version 1
[    1.523449] Loading compiled-in X.509 certificates
[    1.528880] zswap: loaded using pool lzo/zbud
[    1.532315] This architecture does not have kernel memory protection.
[    1.532351] Run /init as init process
[    1.532369]   with arguments:
[    1.532375]     /init
[    1.532380]   with environment:
[    1.532385]     HOME=/
[    1.532389]     TERM=linux
[    1.532394]     BOOT_IMAGE=/vmlinux-5.11.0-11201-g2c87f7a38f93
[    1.868390] sunvnet_common: module verification failed: signature and/or required key missing - tainting kernel
[    1.870983] sunvnet: sunvnet 2.0 (February 3, 2017)
[    1.873459] vnet_port vnet-port-0-0 eth0: Sun LDOM vnet 00:14:4f:f8:12:a3
[    1.873634] sunvnet: eth0: PORT ( remote-mac 00:14:4f:fa:f3:f0 switch-port )
[    1.874076] sunvnet: eth0: PORT ( remote-mac 00:14:4f:f8:e5:f3 )
[    1.874405] sunvnet: eth0: PORT ( remote-mac 00:14:4f:f8:3f:1e )
[    1.874709] sunvnet: eth0: PORT ( remote-mac 00:14:4f:f9:b4:97 )
[    1.875026] sunvnet: eth0: PORT ( remote-mac 00:14:4f:f9:8b:83 )
[    1.881779] crc32c_sparc64: Using sparc64 crc32c opcode optimized CRC32C implementation
[    1.885539] random: lvm: uninitialized urandom read (4 bytes read)
[    1.917039] device-mapper: uevent: version 1.0.3
[    1.917773] device-mapper: ioctl: 4.44.0-ioctl (2021-02-01) initialised: dm-devel@redhat.com
[    1.923761] random: lvm: uninitialized urandom read (2 bytes read)
[    1.924350] dm-0: detected capacity change from 104849408 to 0
[    2.213495] xor: automatically using best checksumming function   Niagara   
[    2.281919] raid6: int64x8  gen()  2124 MB/s
[    2.349910] raid6: int64x8  xor()  1510 MB/s
[    2.417909] raid6: int64x4  gen()  3367 MB/s
[    2.485901] raid6: int64x4  xor()  1456 MB/s
[    2.553914] raid6: int64x2  gen()  2912 MB/s
[    2.621910] raid6: int64x2  xor()  1131 MB/s
[    2.689918] raid6: int64x1  gen()  1436 MB/s
[    2.757905] raid6: int64x1  xor()   715 MB/s
[    2.757927] raid6: using algorithm int64x4 gen() 3367 MB/s
[    2.757950] raid6: .... xor() 1456 MB/s, rmw enabled
[    2.757972] raid6: using intx1 recovery algorithm
[    2.828290] random: fast init done
[    2.917212] EXT4-fs (vdiska2): mounted filesystem with ordered data mode. Opts: (null). Quota mode: none.
[    4.583251] systemd[1]: Inserted module 'autofs4'
[    4.688641] systemd[1]: systemd 247.3-1 running in system mode. (+PAM +AUDIT +SELINUX +IMA +APPARMOR +SMACK +SYSVINIT +UTMP +LIBCRYPTSETUP +GCRYPT +GNUTLS +ACL +XZ +LZ4 +ZSTD -SECCOMP +BLKID +ELFUTILS +KMOD +IDN2 -IDN +PCRE2 default-hierarchy=unified)
[    4.689015] systemd[1]: Detected architecture sparc64.
[    4.710611] systemd[1]: Set hostname to <ttip>.
[    5.040731] systemd-sysv-generator[361]: SysV service '/etc/init.d/xinetd' lacks a native systemd unit file. Automatically generating a unit file for compatibility. Please update package to include a native systemd unit file, in order to make it more safe and robust.
[    5.287061] systemd-sysv-generator[361]: SysV service '/etc/init.d/rng-tools-debian' lacks a native systemd unit file. Automatically generating a unit file for compatibility. Please update package to include a native systemd unit file, in order to make it more safe and robust.
[    5.312143] systemd-sysv-generator[361]: SysV service '/etc/init.d/arpalert' lacks a native systemd unit file. Automatically generating a unit file for compatibility. Please update package to include a native systemd unit file, in order to make it more safe and robust.
[    5.316519] systemd-sysv-generator[361]: SysV service '/etc/init.d/vmtouch' lacks a native systemd unit file. Automatically generating a unit file for compatibility. Please update package to include a native systemd unit file, in order to make it more safe and robust.
[    5.432577] systemd-sysv-generator[361]: SysV service '/etc/init.d/mysql' lacks a native systemd unit file. Automatically generating a unit file for compatibility. Please update package to include a native systemd unit file, in order to make it more safe and robust.
[    5.628744] random: lvmconfig: uninitialized urandom read (4 bytes read)
[    6.743702] systemd[1]: Queued start job for default target Multi-User System.
[    6.744507] random: systemd: uninitialized urandom read (16 bytes read)
[    6.754652] systemd[1]: Created slice system-getty.slice.
[    6.755155] random: systemd: uninitialized urandom read (16 bytes read)
[    6.758923] systemd[1]: Created slice system-modprobe.slice.
[    6.759129] random: systemd: uninitialized urandom read (16 bytes read)
[    6.763068] systemd[1]: Created slice system-openvpn\x2dclient.slice.
[    6.767335] systemd[1]: Created slice system-postfix.slice.
[    6.771316] systemd[1]: Created slice system-systemd\x2dfsck.slice.
[    6.775575] systemd[1]: Created slice User and Session Slice.
[    6.776067] systemd[1]: Started Dispatch Password Requests to Console Directory Watch.
[    6.776530] systemd[1]: Started Forward Password Requests to Wall Directory Watch.
[    6.778094] systemd[1]: Set up automount Arbitrary Executable File Formats File System Automount Point.
[    6.778404] systemd[1]: Reached target Local Encrypted Volumes.
[    6.778681] systemd[1]: Reached target Paths.
[    6.778926] systemd[1]: Reached target Slices.
[    6.779429] systemd[1]: Listening on Device-mapper event daemon FIFOs.
[    6.779979] systemd[1]: Listening on LVM2 poll daemon socket.
[    6.797367] systemd[1]: Listening on RPCbind Server Activation Socket.
[    6.799766] systemd[1]: Listening on Syslog Socket.
[    6.800347] systemd[1]: Listening on fsck to fsckd communication Socket.
[    6.800759] systemd[1]: Listening on initctl Compatibility Named Pipe.
[    6.801463] systemd[1]: Listening on Journal Audit Socket.
[    6.802042] systemd[1]: Listening on Journal Socket (/dev/log).
[    6.802729] systemd[1]: Listening on Journal Socket.
[    6.803407] systemd[1]: Listening on udev Control Socket.
[    6.803933] systemd[1]: Listening on udev Kernel Socket.
[    6.810450] systemd[1]: Mounting Huge Pages File System...
[    6.816953] systemd[1]: Mounting POSIX Message Queue File System...
[    6.823132] systemd[1]: Mounting RPC Pipe File System...
[    6.829490] systemd[1]: Mounting Kernel Debug File System...
[    6.836533] systemd[1]: Mounting Kernel Trace File System...
[    6.837230] systemd[1]: Condition check resulted in Kernel Module supporting RPCSEC_GSS being skipped.
[    6.837938] systemd[1]: Finished Availability of block devices.
[    6.845438] systemd[1]: Starting Wait for network to be configured by ifupdown...
[    6.851835] systemd[1]: Starting Create list of static device nodes for the current kernel...
[    6.858238] systemd[1]: Starting Monitoring of LVM2 mirrors, snapshots etc. using dmeventd or progress polling...
[    6.866402] systemd[1]: Starting Load Kernel Module configfs...
[    6.873040] systemd[1]: Starting Load Kernel Module drm...
[    6.880085] systemd[1]: Starting Load Kernel Module fuse...
[    6.888272] systemd[1]: Starting nftables...
[    6.899789] systemd[1]: Condition check resulted in Set Up Additional Binary Formats being skipped.
[    6.900007] systemd[1]: Condition check resulted in File System Check on Root Device being skipped.
[    6.905189] fuse: init (API version 7.33)
[    6.912207] systemd[1]: Starting Journal Service...
[    6.921879] systemd[1]: Starting Load Kernel Modules...
[    6.929312] systemd[1]: Starting Remount Root and Kernel File Systems...
[    6.934193] RPC: Registered named UNIX socket transport module.
[    6.934229] RPC: Registered udp transport module.
[    6.934255] RPC: Registered tcp transport module.
[    6.934280] RPC: Registered tcp NFSv4.1 backchannel transport module.
[    6.936677] systemd[1]: Starting Coldplug All udev Devices...
[    6.944296] systemd[1]: Mounted Huge Pages File System.
[    6.944907] systemd[1]: Mounted POSIX Message Queue File System.
[    6.945450] systemd[1]: Mounted RPC Pipe File System.
[    6.946063] systemd[1]: Mounted Kernel Debug File System.
[    6.946597] systemd[1]: Mounted Kernel Trace File System.
[    6.948717] systemd[1]: Finished Wait for network to be configured by ifupdown.
[    6.950790] systemd[1]: Finished Create list of static device nodes for the current kernel.
[    6.952141] systemd[1]: modprobe@configfs.service: Succeeded.
[    6.953652] systemd[1]: Finished Load Kernel Module configfs.
[    6.955189] systemd[1]: modprobe@drm.service: Succeeded.
[    6.957036] systemd[1]: Finished Load Kernel Module drm.
[    6.958843] systemd[1]: modprobe@fuse.service: Succeeded.
[    6.960778] systemd[1]: Finished Load Kernel Module fuse.
[    6.969333] systemd[1]: Mounting FUSE Control File System...
[    6.977112] systemd[1]: Mounting Kernel Configuration File System...
[    6.983273] systemd[1]: Mounted FUSE Control File System.
[    6.985329] systemd[1]: Mounted Kernel Configuration File System.
[    7.017557] EXT4-fs (vdiska2): re-mounted. Opts: errors=remount-ro. Quota mode: none.
[    7.021528] systemd[1]: Finished Monitoring of LVM2 mirrors, snapshots etc. using dmeventd or progress polling.
[    7.023853] systemd[1]: Finished Load Kernel Modules.
[    7.025845] systemd[1]: Finished Remount Root and Kernel File Systems.
[    7.102281] systemd[1]: Starting Initial Check File System Quotas...
[    7.119062] systemd[1]: Condition check resulted in Rebuild Hardware Database being skipped.
[    7.119301] systemd[1]: Condition check resulted in Platform Persistent Storage Archival being skipped.
[    7.125582] systemd[1]: Starting Load/Save Random Seed...
[    7.132006] systemd[1]: Starting Apply Kernel Variables...
[    7.138780] systemd[1]: Starting Create System Users...
[    7.139888] systemd[1]: Started Journal Service.
[    7.226545] systemd-journald[394]: Received client request to flush runtime journal.
[    8.861075] sha1_sparc64: Using sparc64 sha1 opcode optimized SHA-1 implementation
[    8.899473] sha256_sparc64: Using sparc64 sha256 opcode optimized SHA-256/SHA-224 implementation
[    8.942242] n2rng v0.3 (Jan 7, 2017)
[    8.942278] sha512_sparc64: Using sparc64 sha512 opcode optimized SHA-512/SHA-384 implementation
[    8.942314] n2rng f029b104: Registered RNG HVAPI major 2 minor 0
[    8.942362] n2rng f029b104: Found multi-unit-capable RNG, units: 2
[    8.942691] n2rng f029b104: RNG ready
[    8.974365] md5_sparc64: Using sparc64 md5 opcode optimized MD5 implementation
[    9.011836] aes_sparc64: Using sparc64 aes opcodes optimized AES implementation
[    9.044082] des_sparc64: Using sparc64 des opcodes optimized DES implementation
[    9.072513] camellia_sparc64: Using sparc64 camellia opcodes optimized CAMELLIA implementation
[    9.120844] XFS (dm-0): Mounting V5 Filesystem
[    9.214148] XFS (dm-0): Ending clean mount
[    9.215541] xfs filesystem being mounted at /1 supports timestamps until 2038 (0x7fffffff)
[    9.322008] Adding 787176k swap on /dev/vdiska4.  Priority:-2 extents:1 across:787176k FS
[    9.746245] random: crng init done
[    9.746282] random: 4 urandom warning(s) missed due to ratelimiting
[    9.843740] EXT4-fs (vdiska1): mounting ext3 file system using the ext4 subsystem
[   10.085760] EXT4-fs (vdiska1): mounted filesystem with ordered data mode. Opts: (null). Quota mode: none.
[   10.086050] ext3 filesystem being mounted at /boot supports timestamps until 2038 (0x7fffffff)
