[    0.000019] PROMLIB: Sun IEEE Boot Prom 'OBP 4.38.12 2018/03/28 14:54'
[    0.000032] PROMLIB: Root node compatible: sun4v
[    0.000082] Linux version 5.8.0-rc3-00082-gcdd3bb54332f-dirty (mator@ttip) (gcc (Debian 9.3.0-14) 9.3.0, GNU ld (GNU Binutils for Debian) 2.34) #7 SMP Fri Jul 3 19:14:29 MSK 2020
[    0.000436] printk: bootconsole [earlyprom0] enabled
[    0.000490] ARCH: SUN4V
[    0.000540] Ethernet address: 00:14:4f:fa:06:f2
[    0.000593] MM: PAGE_OFFSET is 0xfff8000000000000 (max_phys_bits == 47)
[    0.000659] MM: VMALLOC [0x0000000100000000 --> 0x0006000000000000]
[    0.000721] MM: VMEMMAP [0x0006000000000000 --> 0x000c000000000000]
[    0.012719] Kernel: Using 5 locked TLB entries for main kernel image.
[    0.012788] Remapping the kernel... 
[    0.012812] done.
[    0.045749] OF stdout device is: /virtual-devices@100/console@1
[    0.045815] PROM: Built device tree with 86758 bytes of memory.
[    0.045878] MDESC: Size is 36224 bytes.
[    0.045994] PLATFORM: banner-name [SPARC T5-2]
[    0.046045] PLATFORM: name [ORCL,SPARC-T5-2]
[    0.046092] PLATFORM: hostid [84fa06f2]
[    0.046136] PLATFORM: serial# [0035260e]
[    0.046180] PLATFORM: stick-frequency [3b9aca00]
[    0.046229] PLATFORM: mac-address [144ffa06f2]
[    0.046277] PLATFORM: watchdog-resolution [1000 ms]
[    0.046329] PLATFORM: watchdog-max-timeout [31536000000 ms]
[    0.046386] PLATFORM: max-cpus [1024]
[    0.051169] Allocated 40960 bytes for kernel page tables.
[    0.051257] Zone ranges:
[    0.051298]   Normal   [mem 0x0000000030400000-0x00000024af937fff]
[    0.051364] Movable zone start for each node
[    0.051411] Early memory node ranges
[    0.051452]   node   0: [mem 0x0000000030400000-0x000000006fe7ffff]
[    0.051517]   node   0: [mem 0x000000006ff00000-0x000000006ff25fff]
[    0.051581]   node   0: [mem 0x0000000070000000-0x000000042fffffff]
[    0.051644]   node   0: [mem 0x0000002030000000-0x00000024af87ffff]
[    0.051707]   node   0: [mem 0x00000024af900000-0x00000024af925fff]
[    0.051769]   node   0: [mem 0x00000024af930000-0x00000024af937fff]
[    0.066608] Zeroed struct page in unavailable ranges: 263766 pages
[    0.066616] Initmem setup node 0 [mem 0x0000000030400000-0x00000024af937fff]
[    0.066777] On node 0 totalpages: 4454826
[    0.066787]   Normal zone: 39154 pages used for memmap
[    0.066793]   Normal zone: 0 pages reserved
[    0.066799]   Normal zone: 4454826 pages, LIFO batch:31
[    0.225088] Booting Linux...
[    0.225174] CPU CAPS: [flush,stbar,swap,muldiv,v9,blkinit,n2,mul32]
[    0.225258] CPU CAPS: [div32,v8plus,popc,vis,vis2,ASIBlkInit,fmaf,vis3]
[    0.226339] CPU CAPS: [hpc,ima,pause,cbcond,aes,des,kasumi,camellia]
[    0.226414] CPU CAPS: [md5,sha1,sha256,sha512,mpmul,montmul,montsqr,crc32c]
[    0.256204] percpu: Embedded 28 pages/cpu s184528 r8192 d36656 u262144
[    0.256416] pcpu-alloc: s184528 r8192 d36656 u262144 alloc=1*4194304
[    0.256423] pcpu-alloc: [0] 000 001 002 003 004 005 006 007 008 009 010 011 012 013 014 015 
[    0.256452] pcpu-alloc: [0] 016 017 018 019 020 021 022 023 024 025 026 027 028 029 030 031 
[    0.256480] pcpu-alloc: [0] 032 033 034 035 036 037 038 039 040 041 042 043 044 045 046 047 
[    0.256508] pcpu-alloc: [0] 048 049 050 051 052 053 054 055 056 057 058 059 060 061 062 063 
[    0.256536] pcpu-alloc: [0] 064 065 066 067 068 069 070 071 072 073 074 075 076 077 078 079 
[    0.256564] pcpu-alloc: [0] 080 081 082 083 084 085 086 087 088 089 090 091 092 093 094 095 
[    0.256592] pcpu-alloc: [0] 096 097 098 099 100 101 102 103 104 105 106 107 108 109 110 111 
[    0.256620] pcpu-alloc: [0] 112 113 114 115 116 117 118 119 120 121 122 123 124 125 126 127 
[    0.257058] SUN4V: Mondo queue sizes [cpu(131072) dev(16384) r(8192) nr(256)]
[    0.257437] Built 1 zonelists, mobility grouping on.  Total pages: 4415672
[    0.257506] Policy zone: Normal
[    0.257566] Kernel command line: BOOT_IMAGE=/vmlinux-5.8.0-rc3-00082-gcdd3bb54332f-dirty root=/dev/vdiska2 ro zswap.enabled=1
[    0.260475] printk: log_buf_len individual max cpu contribution: 4096 bytes
[    0.260546] printk: log_buf_len total cpu_extra contributions: 520192 bytes
[    0.260614] printk: log_buf_len min size: 131072 bytes
[    0.260887] printk: log_buf_len: 1048576 bytes
[    0.260937] printk: early log buf free: 126680(96%)
[    0.267254] Dentry cache hash table entries: 8388608 (order: 13, 67108864 bytes, linear)
[    0.270489] Inode-cache hash table entries: 4194304 (order: 12, 33554432 bytes, linear)
[    0.270566] Sorting __ex_table...
[    0.270812] mem auto-init: stack:off, heap alloc:off, heap free:off
[    0.373522] Memory: 35127352K/35638608K available (7972K kernel code, 1083K rwdata, 2368K rodata, 664K init, 6852K bss, 511256K reserved, 0K cma-reserved)
[    0.374208] SLUB: HWalign=32, Order=0-3, MinObjects=0, CPUs=128, Nodes=32
[    0.374512] ftrace: allocating 22359 entries in 44 pages
[    0.383043] ftrace: allocated 44 pages with 3 groups
[    0.385914] Running RCU self tests
[    0.386005] rcu: Hierarchical RCU implementation.
[    0.386058] rcu: 	RCU event tracing is enabled.
[    0.386107] rcu: 	RCU lockdep checking is enabled.
[    0.386158] 	Trampoline variant of Tasks RCU enabled.
[    0.386211] 	Rude variant of Tasks RCU enabled.
[    0.386258] 	Tracing variant of Tasks RCU enabled.
[    0.386309] rcu: RCU calculated value of scheduler-enlistment delay is 10 jiffies.
[    0.390717] NR_IRQS: 2048, nr_irqs: 2048, preallocated irqs: 1
[    0.390793] SUN4V: Using IRQ API major 3, cookie only virqs enabled
[    0.393345] clocksource: stick: mask: 0xffffffffffffffff max_cycles: 0x1cd42e4dffb, max_idle_ns: 881590591483 ns
[    0.393477] clocksource: mult[800000] shift[23]
[    0.393527] clockevent: mult[80000000] shift[31]
[    0.393924] Console: colour dummy device 80x25
[    0.393989] printk: console [tty0] enabled
[    0.394067] printk: bootconsole [earlyprom0] disabled
[    0.394154] Lock dependency validator: Copyright (c) 2006 Red Hat, Inc., Ingo Molnar
[    0.394206] ... MAX_LOCKDEP_SUBCLASSES:  8
[    0.394238] ... MAX_LOCK_DEPTH:          48
[    0.394271] ... MAX_LOCKDEP_KEYS:        8192
[    0.394304] ... CLASSHASH_SIZE:          4096
[    0.394337] ... MAX_LOCKDEP_ENTRIES:     16384
[    0.394370] ... MAX_LOCKDEP_CHAINS:      32768
[    0.394403] ... CHAINHASH_SIZE:          16384
[    0.394437]  memory used by lock dependency info: 3919 kB
[    0.394475]  memory used for stack traces: 2112 kB
[    0.394510]  per task-struct memory footprint: 1920 bytes
[    0.543755] Calibrating delay using timer specific routine.. 2004.00 BogoMIPS (lpj=10020048)
[    0.543815] pid_max: default: 131072 minimum: 1024
[    0.544128] LSM: Security Framework initializing
[    0.544292] AppArmor: AppArmor initialized
[    0.544592] Mount-cache hash table entries: 131072 (order: 7, 1048576 bytes, linear)
[    0.544761] Mountpoint-cache hash table entries: 131072 (order: 7, 1048576 bytes, linear)
[    0.550108] rcu: Hierarchical SRCU implementation.
[    0.558905] smp: Bringing up secondary CPUs ...
[    0.605206] smp: Brought up 1 node, 32 CPUs
[    0.610869] devtmpfs: initialized
[    0.615967] Performance events: 
[    0.616000] Testing NMI watchdog ... 
[    0.816077] OK.
[    0.816230] Supported PMU type is 'niagara5'
[    0.816440] random: get_random_u32 called from bucket_table_alloc.isra.0+0x198/0x1c0 with crng_init=0
[    0.816944] ldc.c:v1.1 (July 22, 2008)
[    0.819527] clocksource: jiffies: mask: 0xffffffff max_cycles: 0xffffffff, max_idle_ns: 19112604462750000 ns
[    0.819622] futex hash table entries: 32768 (order: 9, 4194304 bytes, linear)
[    0.825149] NET: Registered protocol family 16
[    0.834540] VIO: Adding device channel-devices (tx_ino = ffffffffffffffff, rx_ino = ffffffffffffffff)
[    0.834797] VIO: Adding device vnet-port-0-0 (tx_ino = 0, rx_ino = 1)
[    0.835012] VIO: Adding device vnet-port-0-1 (tx_ino = 2, rx_ino = 3)
[    0.835193] VIO: Adding device vnet-port-0-2 (tx_ino = 4, rx_ino = 5)
[    0.835379] VIO: Adding device vnet-port-0-3 (tx_ino = 6, rx_ino = 7)
[    0.835569] VIO: Adding device vnet-port-0-4 (tx_ino = 8, rx_ino = 9)
[    0.835749] VIO: Adding device vdc-port-2-0 (tx_ino = c, rx_ino = d)
[    0.835933] VIO: Adding device vdc-port-1-0 (tx_ino = e, rx_ino = f)
[    0.836111] VIO: Adding device vdc-port-0-0 (tx_ino = 10, rx_ino = 11)
[    0.836327] VIO: Adding device vdc-port-3-0 (tx_ino = 12, rx_ino = 13)
[    0.836514] VIO: Adding device vlds-port-0-0 (tx_ino = 14, rx_ino = 15)
[    0.836698] VIO: Adding device domain-services-port-0 (tx_ino = 14, rx_ino = 15)
[    0.837002] audit: initializing netlink subsys (disabled)
[    0.837292] audit: type=2000 audit(0.440:1): state=initialized audit_enabled=0 res=1
[    0.867287] HugeTLB registered 64.0 KiB page size, pre-allocated 0 pages
[    0.867339] HugeTLB registered 8.00 MiB page size, pre-allocated 0 pages
[    0.867388] HugeTLB registered 256 MiB page size, pre-allocated 0 pages
[    0.867437] HugeTLB registered 2.00 GiB page size, pre-allocated 0 pages
[    0.870405] alg: extra crypto tests enabled.  This is intended for developer use only.
[    0.893545] cryptd: max_cpu_qlen set to 1000
[    0.997852] NetLabel: Initializing
[    0.997885] NetLabel:  domain hash size = 128
[    0.997920] NetLabel:  protocols = UNLABELED CIPSOv4 CALIPSO
[    0.998051] NetLabel:  unlabeled traffic allowed by default
[    0.999018] SUN4V: Reboot data supported (maj=1,min=0).
[    0.999421] ds.c:v1.0 (Jul 11, 2007)
[    0.999780] ds-0: ds_conn_reset() from send_events.isra.0
[    1.001252] clocksource: Switched to clocksource stick
[    1.211054] VFS: Disk quotas dquot_6.6.0
[    1.211230] VFS: Dquot-cache hash table entries: 1024 (order 0, 8192 bytes)
[    1.213508] AppArmor: AppArmor Filesystem Enabled
[    1.226982] NET: Registered protocol family 2
[    1.228719] tcp_listen_portaddr_hash hash table entries: 32768 (order: 8, 2621440 bytes, linear)
[    1.231714] TCP established hash table entries: 524288 (order: 9, 4194304 bytes, linear)
[    1.234173] TCP bind hash table entries: 65536 (order: 9, 4718592 bytes, linear)
[    1.239796] TCP: Hash tables configured (established 524288 bind 65536)
[    1.242387] UDP hash table entries: 32768 (order: 9, 5242880 bytes, linear)
[    1.248709] UDP-Lite hash table entries: 32768 (order: 9, 5242880 bytes, linear)
[    1.256775] NET: Registered protocol family 1
[    1.256840] NET: Registered protocol family 44
[    1.257490] Trying to unpack rootfs image as initramfs...
[    1.465186] Freeing initrd memory: 15536K
[    1.466010] aes_sparc64: Using sparc64 aes opcodes optimized AES implementation
[    1.711427] des_sparc64: Using sparc64 des opcodes optimized DES implementation
[    2.175135] camellia_sparc64: Using sparc64 camellia opcodes optimized CAMELLIA implementation
[    2.344795] workingset: timestamp_bits=41 max_order=23 bucket_order=0
[    2.365851] zbud: loaded
[    2.368574] SGI XFS with ACLs, security attributes, quota, fatal assert, debug enabled
[    2.396409] Block layer SCSI generic (bsg) driver version 0.4 loaded (major 252)
[    2.397374] io scheduler mq-deadline registered
[    2.400150] f029b788: ttyHV0 at I/O 0x0 (irq = 1, base_baud = 115200) is a SUN4V HCONS
[    2.401137] printk: console [ttyHV0] enabled
[    2.405633] sunvdc.c:v1.2 (November 24, 2014)
[    2.408906] sunvdc: Virtual Hard disk vdiskc
[    2.408949] sunvdc: vdiskc: 104857600 sectors (51200 MB) protocol 1.2
[    2.432163] sunvdc: Virtual Hard disk vdiskb
[    2.432207] sunvdc: vdiskb: 62914560 sectors (30720 MB) protocol 1.2
[    2.433767]  vdiskb: vdiskb1
[    2.455206] sunvdc: Virtual Hard disk vdiska
[    2.455249] sunvdc: vdiska: 31457280 sectors (15360 MB) protocol 1.2
[    2.456968]  vdiska: vdiska1 vdiska2 vdiska3 vdiska4
[    2.479763] sunvdc: Virtual CDROM vdiskd
[    2.479809] sunvdc: vdiskd: 453848 sectors (221 MB) protocol 1.2
[    2.480933]  vdiskd: vdiskd1 vdiskd2 vdiskd3 vdiskd4 vdiskd5 vdiskd6 vdiskd7
[    2.501543] sunvnet: sunvnet 2.0 (February 3, 2017)
[    2.504201] vnet_port vnet-port-0-0 eth0: Sun LDOM vnet 00:14:4f:f8:12:a3
[    2.504424] sunvnet: eth0: PORT ( remote-mac 00:14:4f:fa:f3:f0 switch-port )
[    2.505073] sunvnet: eth0: PORT ( remote-mac 00:14:4f:f8:e5:f3 )
[    2.505716] sunvnet: eth0: PORT ( remote-mac 00:14:4f:f9:b4:97 )
[    2.506354] sunvnet: eth0: PORT ( remote-mac 00:14:4f:f8:3f:1e )
[    2.506977] sunvnet: eth0: PORT ( remote-mac 00:14:4f:f8:fe:47 )
[    2.508230] rtc-sun4v rtc-sun4v: registered as rtc0
[    2.508369] rtc-sun4v rtc-sun4v: setting system clock to 2020-07-03T16:25:15 UTC (1593793515)
[    2.508960] sun4v_wdt: initialized (timeout=60s, nowayout=0)
[    2.509358] device-mapper: uevent: version 1.0.3
[    2.510383] device-mapper: ioctl: 4.42.0-ioctl (2020-02-27) initialised: dm-devel@redhat.com
[    2.511458] NET: Registered protocol family 17
[    2.511901] registered taskstats version 1
[    2.512808] zswap: loaded using pool lzo/zbud
[    2.514206] AppArmor: AppArmor sha1 policy hashing enabled
[    2.519488] This architecture does not have kernel memory protection.
[    2.519548] Run /init as init process
[    2.519582]   with arguments:
[    2.519589]     /init
[    2.519596]   with environment:
[    2.519602]     HOME=/
[    2.519609]     TERM=linux
[    2.519616]     BOOT_IMAGE=/vmlinux-5.8.0-rc3-00082-gcdd3bb54332f-dirty
[    3.018699] crc32c_sparc64: Using sparc64 crc32c opcode optimized CRC32C implementation
[    3.621193] raid6: int64x8  gen()  2165 MB/s
[    3.791188] raid6: int64x8  xor()  1538 MB/s
[    3.961195] raid6: int64x4  gen()  3428 MB/s
[    4.131196] raid6: int64x4  xor()  1481 MB/s
[    4.301200] raid6: int64x2  gen()  2794 MB/s
[    4.471200] raid6: int64x2  xor()  1163 MB/s
[    4.641219] raid6: int64x1  gen()  1381 MB/s
[    4.811214] raid6: int64x1  xor()   669 MB/s
[    4.811265] raid6: using algorithm int64x4 gen() 3428 MB/s
[    4.811318] raid6: .... xor() 1481 MB/s, rmw enabled
[    4.811359] raid6: using intx1 recovery algorithm
[    4.812238] async_tx: api initialized (async)
[    4.812756] xor: automatically using best checksumming function   Niagara   
[    4.893286] random: fast init done
[    5.016224] process '/usr/bin/fstype' started with executable stack
[    5.138835] EXT4-fs (vdiska2): mounted filesystem with ordered data mode. Opts: (null)
[    7.464177] systemd[1]: Inserted module 'autofs4'
[    7.476654] NET: Registered protocol family 10
[    7.483041] Segment Routing with IPv6
[    7.532274] systemd[1]: systemd 245.6-1 running in system mode. (+PAM +AUDIT +SELINUX +IMA +APPARMOR +SMACK +SYSVINIT +UTMP +LIBCRYPTSETUP +GCRYPT +GNUTLS +ACL +XZ +LZ4 -SECCOMP +BLKID +ELFUTILS +KMOD +IDN2 -IDN +PCRE2 default-hierarchy=hybrid)
[    7.532918] systemd[1]: Detected architecture sparc64.
[    7.640568] systemd[1]: Set hostname to <ttip>.
[    9.111466] random: lvmconfig: uninitialized urandom read (4 bytes read)
[   11.619059] random: systemd: uninitialized urandom read (16 bytes read)
[   11.664008] systemd[1]: Created slice system-getty.slice.
[   11.664777] random: systemd: uninitialized urandom read (16 bytes read)
[   11.674936] systemd[1]: Created slice system-modprobe.slice.
[   11.675369] random: systemd: uninitialized urandom read (16 bytes read)
[   11.684399] systemd[1]: Created slice system-openvpn\x2dclient.slice.
[   11.724971] systemd[1]: Created slice system-postfix.slice.
[   11.734537] systemd[1]: Created slice system-systemd\x2dfsck.slice.
[   11.750839] systemd[1]: Created slice User and Session Slice.
[   11.751902] systemd[1]: Started Dispatch Password Requests to Console Directory Watch.
[   11.752768] systemd[1]: Started Forward Password Requests to Wall Directory Watch.
[   11.755735] systemd[1]: Set up automount Arbitrary Executable File Formats File System Automount Point.
[   11.756331] systemd[1]: Reached target Local Encrypted Volumes.
[   11.756843] systemd[1]: Reached target Paths.
[   11.757304] systemd[1]: Reached target Remote File Systems.
[   11.757770] systemd[1]: Reached target Slices.
[   11.758717] systemd[1]: Listening on Device-mapper event daemon FIFOs.
[   11.759872] systemd[1]: Listening on LVM2 poll daemon socket.
[   11.760987] systemd[1]: Listening on Syslog Socket.
[   11.762039] systemd[1]: Listening on fsck to fsckd communication Socket.
[   11.762886] systemd[1]: Listening on initctl Compatibility Named Pipe.
[   11.764148] systemd[1]: Listening on Journal Audit Socket.
[   11.765164] systemd[1]: Listening on Journal Socket (/dev/log).
[   11.766367] systemd[1]: Listening on Journal Socket.
[   11.767477] systemd[1]: Listening on udev Control Socket.
[   11.768328] systemd[1]: Listening on udev Kernel Socket.
[   11.784539] systemd[1]: Mounting Huge Pages File System...
[   11.799404] systemd[1]: Mounting POSIX Message Queue File System...
[   11.815713] systemd[1]: Mounting Kernel Debug File System...
[   11.886005] systemd[1]: Mounting Kernel Trace File System...
[   11.900761] systemd[1]: Starting Availability of block devices...
[   11.917290] systemd[1]: Starting Wait for network to be configured by ifupdown...
[   11.932096] systemd[1]: Starting Create list of static device nodes for the current kernel...
[   11.948373] systemd[1]: Starting Monitoring of LVM2 mirrors, snapshots etc. using dmeventd or progress polling...
[   11.963421] systemd[1]: Starting Load Kernel Module drm...
[   11.977942] systemd[1]: Starting nftables...
[   12.004941] systemd[1]: Condition check resulted in Set Up Additional Binary Formats being skipped.
[   12.005187] systemd[1]: Condition check resulted in File System Check on Root Device being skipped.
[   12.023384] systemd[1]: Starting Journal Service...
[   12.041601] systemd[1]: Starting Load Kernel Modules...
[   12.057431] systemd[1]: Starting Remount Root and Kernel File Systems...
[   12.072669] systemd[1]: Starting udev Coldplug all Devices...
[   12.081917] systemd[1]: Mounted Huge Pages File System.
[   12.083436] systemd[1]: Mounted POSIX Message Queue File System.
[   12.085146] systemd[1]: Mounted Kernel Debug File System.
[   12.087081] systemd[1]: Mounted Kernel Trace File System.
[   12.097810] systemd[1]: Finished Availability of block devices.
[   12.107960] systemd[1]: Finished Wait for network to be configured by ifupdown.
[   12.116816] systemd[1]: Finished Create list of static device nodes for the current kernel.
[   12.120286] systemd[1]: modprobe@drm.service: Succeeded.
[   12.126214] systemd[1]: Finished Load Kernel Module drm.
[   12.142122] systemd[1]: Finished Load Kernel Modules.
[   12.144889] systemd[1]: Condition check resulted in FUSE Control File System being skipped.
[   12.145266] systemd[1]: Condition check resulted in Kernel Configuration File System being skipped.
[   12.161031] systemd[1]: Starting Apply Kernel Variables...
[   12.162043] EXT4-fs (vdiska2): re-mounted. Opts: errors=remount-ro
[   12.191499] systemd[1]: Finished Remount Root and Kernel File Systems.
[   12.266141] systemd[1]: Starting Initial Check File System Quotas...
[   12.302899] systemd[1]: Condition check resulted in Rebuild Hardware Database being skipped.
[   12.303279] systemd[1]: Condition check resulted in Platform Persistent Storage Archival being skipped.
[   12.317953] systemd[1]: Starting Load/Save Random Seed...
[   12.340047] systemd[1]: Starting Create System Users...
[   12.342149] systemd[1]: Started Journal Service.
[   12.541999] systemd-journald[498]: Received client request to flush runtime journal.
[   14.697244] sha1_sparc64: Using sparc64 sha1 opcode optimized SHA-1 implementation
[   14.728257] n2rng v0.3 (Jan 7, 2017)
[   14.728354] n2rng f029b104: Registered RNG HVAPI major 2 minor 0
[   14.728433] n2rng f029b104: Found multi-unit-capable RNG, units: 2
[   14.729923] n2rng f029b104: RNG ready
[   14.813614] pktcdvd: setup of pktcdvd device failed
[   14.859712] pktcdvd: setup of pktcdvd device failed
[   14.863484] pktcdvd: setup of pktcdvd device failed
[   14.866572] pktcdvd: setup of pktcdvd device failed
[   14.870189] pktcdvd: setup of pktcdvd device failed
[   14.873332] pktcdvd: setup of pktcdvd device failed
[   14.876663] pktcdvd: setup of pktcdvd device failed
[   14.879562] pktcdvd: setup of pktcdvd device failed
[   14.887904] sha256_sparc64: Using sparc64 sha256 opcode optimized SHA-256/SHA-224 implementation
[   15.122690] sha512_sparc64: Using sparc64 sha512 opcode optimized SHA-512/SHA-384 implementation
[   15.151706] md5_sparc64: Using sparc64 md5 opcode optimized MD5 implementation
[   15.511338] Adding 787176k swap on /dev/vdiska4.  Priority:-2 extents:1 across:787176k FS
[   15.919803] XFS (dm-0): Mounting V5 Filesystem
[   15.975484] XFS (dm-0): Ending clean mount
[   15.977925] xfs filesystem being mounted at /1 supports timestamps until 2038 (0x7fffffff)
[   16.563422] EXT4-fs (vdiska1): mounting ext3 file system using the ext4 subsystem
[   16.981845] random: crng init done
[   16.981978] random: 6 urandom warning(s) missed due to ratelimiting
[   17.233861] EXT4-fs (vdiska1): mounted filesystem with ordered data mode. Opts: (null)
[   17.234057] ext3 filesystem being mounted at /boot supports timestamps until 2038 (0x7fffffff)
[   19.111455] Kernel unaligned access at TPC[8c0a38] aa_dfa_unpack+0x38/0x640
[   19.111562] Kernel unaligned access at TPC[8c0a58] aa_dfa_unpack+0x58/0x640
[   19.111623] Kernel unaligned access at TPC[8c0b1c] aa_dfa_unpack+0x11c/0x640
[   19.111685] Kernel unaligned access at TPC[8c0bec] aa_dfa_unpack+0x1ec/0x640
[   19.111745] Kernel unaligned access at TPC[8c0c00] aa_dfa_unpack+0x200/0x640
[   19.118131] audit: type=1400 audit(1593793532.100:2): apparmor="STATUS" operation="profile_load" profile="unconfined" name="/usr/sbin/haveged" pid=673 comm="apparmor_parser"
[   19.121252] audit: type=1400 audit(1593793532.100:3): apparmor="STATUS" operation="profile_load" profile="unconfined" name="nvidia_modprobe" pid=675 comm="apparmor_parser"
[   19.121377] audit: type=1400 audit(1593793532.110:4): apparmor="STATUS" operation="profile_load" profile="unconfined" name="nvidia_modprobe//kmod" pid=675 comm="apparmor_parser"
[   19.135021] audit: type=1400 audit(1593793532.120:5): apparmor="STATUS" operation="profile_load" profile="unconfined" name="lsb_release" pid=680 comm="apparmor_parser"
[   19.200426] audit: type=1400 audit(1593793532.180:6): apparmor="STATUS" operation="profile_load" profile="unconfined" name="/usr/bin/man" pid=676 comm="apparmor_parser"
[   19.200589] audit: type=1400 audit(1593793532.180:7): apparmor="STATUS" operation="profile_load" profile="unconfined" name="man_filter" pid=676 comm="apparmor_parser"
[   19.200739] audit: type=1400 audit(1593793532.180:8): apparmor="STATUS" operation="profile_load" profile="unconfined" name="man_groff" pid=676 comm="apparmor_parser"
[   19.280311] audit: type=1400 audit(1593793532.260:9): apparmor="STATUS" operation="profile_load" profile="unconfined" name="/usr/sbin/named" pid=678 comm="apparmor_parser"
[   19.283692] audit: type=1400 audit(1593793532.270:10): apparmor="STATUS" operation="profile_load" profile="unconfined" name="tcpdump" pid=677 comm="apparmor_parser"
