[    0.000019] PROMLIB: Sun IEEE Boot Prom 'OBP 4.38.12 2018/03/28 14:54'
[    0.000030] PROMLIB: Root node compatible: sun4v
[    0.000078] Linux version 5.1.0-rc3-00264-gfaac51ddac45 (mator@ttip) (gcc version 8.3.0 (Debian 8.3.0-5)) #947 SMP Sun Apr 7 16:43:55 MSK 2019
[    0.000386] printk: bootconsole [earlyprom0] enabled
[    0.000440] ARCH: SUN4V
[    0.000491] Ethernet address: 00:14:4f:fa:06:f2
[    0.000543] MM: PAGE_OFFSET is 0xfff8000000000000 (max_phys_bits == 47)
[    0.000609] MM: VMALLOC [0x0000000100000000 --> 0x0006000000000000]
[    0.000671] MM: VMEMMAP [0x0006000000000000 --> 0x000c000000000000]
[    0.011964] Kernel: Using 5 locked TLB entries for main kernel image.
[    0.012031] Remapping the kernel... 
[    0.012055] done.
[    0.038630] OF stdout device is: /virtual-devices@100/console@1
[    0.038693] PROM: Built device tree with 75126 bytes of memory.
[    0.038755] MDESC: Size is 31056 bytes.
[    0.038860] PLATFORM: banner-name [SPARC T5-2]
[    0.038910] PLATFORM: name [ORCL,SPARC-T5-2]
[    0.038956] PLATFORM: hostid [84fa06f2]
[    0.038999] PLATFORM: serial# [0035260e]
[    0.039042] PLATFORM: stick-frequency [3b9aca00]
[    0.039090] PLATFORM: mac-address [144ffa06f2]
[    0.039136] PLATFORM: watchdog-resolution [1000 ms]
[    0.039186] PLATFORM: watchdog-max-timeout [31536000000 ms]
[    0.039242] PLATFORM: max-cpus [1024]
[    0.039330] Top of RAM: 0x24af948000, Total RAM: 0x87f386000
[    0.039392] Memory hole size: 115461MB
[    0.043475] Allocated 40960 bytes for kernel page tables.
[    0.043555] Zone ranges:
[    0.043595]   Normal   [mem 0x0000000030400000-0x00000024af947fff]
[    0.043659] Movable zone start for each node
[    0.043705] Early memory node ranges
[    0.043746]   node   0: [mem 0x0000000030400000-0x000000006febffff]
[    0.043808]   node   0: [mem 0x000000006ff40000-0x000000006ff47fff]
[    0.043870]   node   0: [mem 0x0000000070000000-0x000000042fffffff]
[    0.043932]   node   0: [mem 0x0000002030000000-0x00000024af8b5fff]
[    0.043993]   node   0: [mem 0x00000024af940000-0x00000024af947fff]
[    0.051356] Zeroed struct page in unavailable ranges: 230113 pages
[    0.051364] Initmem setup node 0 [mem 0x0000000030400000-0x00000024af947fff]
[    0.051521] On node 0 totalpages: 4454851
[    0.051530]   Normal zone: 39154 pages used for memmap
[    0.051535]   Normal zone: 0 pages reserved
[    0.051541]   Normal zone: 4454851 pages, LIFO batch:31
[    0.249027] Booting Linux...
[    0.249113] CPU CAPS: [flush,stbar,swap,muldiv,v9,blkinit,n2,mul32]
[    0.249195] CPU CAPS: [div32,v8plus,popc,vis,vis2,ASIBlkInit,fmaf,vis3]
[    0.250274] CPU CAPS: [hpc,ima,pause,cbcond,aes,des,kasumi,camellia]
[    0.250347] CPU CAPS: [md5,sha1,sha256,sha512,mpmul,montmul,montsqr,crc32c]
[    0.300457] percpu: Embedded 20 pages/cpu @(____ptrval____) s122120 r8192 d33528 u262144
[    0.300684] pcpu-alloc: s122120 r8192 d33528 u262144 alloc=1*4194304
[    0.300691] pcpu-alloc: [0] 000 001 002 003 004 005 006 007 008 009 010 011 012 013 014 015 
[    0.300719] pcpu-alloc: [0] 016 017 018 019 020 021 022 023 024 025 026 027 028 029 030 031 
[    0.300746] pcpu-alloc: [0] 032 033 034 035 036 037 038 039 040 041 042 043 044 045 046 047 
[    0.300774] pcpu-alloc: [0] 048 049 050 051 052 053 054 055 056 057 058 059 060 061 062 063 
[    0.300801] pcpu-alloc: [0] 064 065 066 067 068 069 070 071 072 073 074 075 076 077 078 079 
[    0.300828] pcpu-alloc: [0] 080 081 082 083 084 085 086 087 088 089 090 091 092 093 094 095 
[    0.300856] pcpu-alloc: [0] 096 097 098 099 100 101 102 103 104 105 106 107 108 109 110 111 
[    0.300883] pcpu-alloc: [0] 112 113 114 115 116 117 118 119 120 121 122 123 124 125 126 127 
[    0.300911] pcpu-alloc: [0] 128 129 130 131 132 133 134 135 136 137 138 139 140 141 142 143 
[    0.300938] pcpu-alloc: [0] 144 145 146 147 148 149 150 151 152 153 154 155 156 157 158 159 
[    0.300966] pcpu-alloc: [0] 160 161 162 163 164 165 166 167 168 169 170 171 172 173 174 175 
[    0.300993] pcpu-alloc: [0] 176 177 178 179 180 181 182 183 184 185 186 187 188 189 190 191 
[    0.301021] pcpu-alloc: [0] 192 193 194 195 196 197 198 199 200 201 202 203 204 205 206 207 
[    0.301048] pcpu-alloc: [0] 208 209 210 211 212 213 214 215 216 217 218 219 220 221 222 223 
[    0.301076] pcpu-alloc: [0] 224 225 226 227 228 229 230 231 232 233 234 235 236 237 238 239 
[    0.301103] pcpu-alloc: [0] 240 241 242 243 244 245 246 247 248 249 250 251 252 253 254 255 
[    0.301534] SUN4V: Mondo queue sizes [cpu(131072) dev(16384) r(8192) nr(256)]
[    0.301842] Built 1 zonelists, mobility grouping on.  Total pages: 4415697
[    0.301931] Kernel command line: BOOT_IMAGE=/vmlinuz-5.1.0-rc3-00264-gfaac51ddac45 root=/dev/vdiska2 ro zswap.enabled=1
[    0.304392] printk: log_buf_len individual max cpu contribution: 4096 bytes
[    0.304462] printk: log_buf_len total cpu_extra contributions: 1044480 bytes
[    0.304530] printk: log_buf_len min size: 131072 bytes
[    0.304902] printk: log_buf_len: 2097152 bytes
[    0.304953] printk: early log buf free: 125936(96%)
[    0.311271] Dentry cache hash table entries: 8388608 (order: 13, 67108864 bytes)
[    0.314502] Inode-cache hash table entries: 4194304 (order: 12, 33554432 bytes)
[    0.314572] Sorting __ex_table...
[    0.392615] Memory: 35116704K/35638808K available (6133K kernel code, 845K rwdata, 1800K rodata, 880K init, 8175K bss, 522104K reserved, 0K cma-reserved)
[    0.394336] ftrace: allocating 18643 entries in 37 pages
[    0.403397] kmemleak: Kernel memory leak detector disabled
[    0.407944] Running RCU self tests
[    0.407988] rcu: Hierarchical RCU implementation.
[    0.408038] rcu: 	RCU event tracing is enabled.
[    0.408086] rcu: 	RCU lockdep checking is enabled.
[    0.408135] 	Tasks RCU enabled.
[    0.408172] rcu: RCU calculated value of scheduler-enlistment delay is 11 jiffies.
[    0.413592] NR_IRQS: 2048, nr_irqs: 2048, preallocated irqs: 1
[    0.413674] SUN4V: Using IRQ API major 3, cookie only virqs enabled
[    0.417823] clocksource: stick: mask: 0xffffffffffffffff max_cycles: 0x1cd42e4dffb, max_idle_ns: 881590591483 ns
[    0.417959] clocksource: mult[800000] shift[23]
[    0.418007] clockevent: mult[80000000] shift[31]
[    0.422244] Console: colour dummy device 80x25
[    0.422307] printk: console [tty0] enabled
[    0.422383] printk: bootconsole [earlyprom0] disabled
[    0.422466] Lock dependency validator: Copyright (c) 2006 Red Hat, Inc., Ingo Molnar
[    0.422512] ... MAX_LOCKDEP_SUBCLASSES:  8
[    0.422540] ... MAX_LOCK_DEPTH:          48
[    0.422569] ... MAX_LOCKDEP_KEYS:        8191
[    0.422598] ... CLASSHASH_SIZE:          4096
[    0.422628] ... MAX_LOCKDEP_ENTRIES:     16384
[    0.422657] ... MAX_LOCKDEP_CHAINS:      32768
[    0.422687] ... CHAINHASH_SIZE:          16384
[    0.422717]  memory used by lock dependency info: 5261 kB
[    0.422751]  per task-struct memory footprint: 1920 bytes
[    0.422954] kmemleak: Early log buffer exceeded (4309), please increase DEBUG_KMEMLEAK_EARLY_LOG_SIZE
[    0.568229] Calibrating delay using timer specific routine.. 2003.78 BogoMIPS (lpj=10018912)
[    0.568284] pid_max: default: 262144 minimum: 2048
[    0.569412] LSM: Security Framework initializing
[    0.569663] SELinux:  Initializing.
[    0.570327] *** VALIDATE SELinux ***
[    0.570917] Mount-cache hash table entries: 131072 (order: 7, 1048576 bytes)
[    0.571076] Mountpoint-cache hash table entries: 131072 (order: 7, 1048576 bytes)
[    0.572576] *** VALIDATE proc ***
[    0.573247] *** VALIDATE cgroup1 ***
[    0.573278] *** VALIDATE cgroup2 ***
[    0.576294] rcu: Hierarchical SRCU implementation.
[    0.599522] smp: Bringing up secondary CPUs ...
[    0.662266] smp: Brought up 1 node, 24 CPUs
[    0.669712] devtmpfs: initialized
[    0.675181] Performance events: 
[    0.675212] Testing NMI watchdog ... 
[    0.875308] OK.
[    0.875443] Supported PMU type is 'niagara5'
[    0.875747] random: get_random_u32 called from bucket_table_alloc.isra.4+0x13c/0x1c0 with crng_init=0
[    0.876512] ldc.c:v1.1 (July 22, 2008)
[    0.879388] clocksource: jiffies: mask: 0xffffffff max_cycles: 0xffffffff, max_idle_ns: 19112604462750000 ns
[    0.879484] futex hash table entries: 65536 (order: 10, 8388608 bytes)
[    0.889402] NET: Registered protocol family 16
[    0.898743] VIO: Adding device channel-devices (tx_ino = ffffffffffffffff, rx_ino = ffffffffffffffff)
[    0.898979] VIO: Adding device vnet-port-0-0 (tx_ino = 0, rx_ino = 1)
[    0.899241] VIO: Adding device vnet-port-0-1 (tx_ino = 2, rx_ino = 3)
[    0.899436] VIO: Adding device vnet-port-0-2 (tx_ino = 4, rx_ino = 5)
[    0.899635] VIO: Adding device vnet-port-0-3 (tx_ino = 6, rx_ino = 7)
[    0.899848] VIO: Adding device vnet-port-0-4 (tx_ino = 8, rx_ino = 9)
[    0.900041] VIO: Adding device vnet-port-0-5 (tx_ino = 16, rx_ino = 17)
[    0.900235] VIO: Adding device vdc-port-3-0 (tx_ino = a, rx_ino = b)
[    0.900437] VIO: Adding device vdc-port-2-0 (tx_ino = c, rx_ino = d)
[    0.900633] VIO: Adding device vdc-port-1-0 (tx_ino = e, rx_ino = f)
[    0.900831] VIO: Adding device vdc-port-0-0 (tx_ino = 10, rx_ino = 11)
[    0.901025] VIO: Adding device vlds-port-0-0 (tx_ino = 12, rx_ino = 13)
[    0.901227] VIO: Adding device domain-services-port-0 (tx_ino = 12, rx_ino = 13)
[    0.901610] audit: initializing netlink subsys (disabled)
[    0.901964] audit: type=2000 audit(0.480:1): state=initialized audit_enabled=0 res=1
[    0.947952] HugeTLB registered 64.0 KiB page size, pre-allocated 0 pages
[    0.947997] HugeTLB registered 8.00 MiB page size, pre-allocated 0 pages
[    0.948040] HugeTLB registered 256 MiB page size, pre-allocated 0 pages
[    0.948083] HugeTLB registered 2.00 GiB page size, pre-allocated 0 pages
[    0.962672] SUN4V: Reboot data supported (maj=1,min=0).
[    0.963096] ds.c:v1.0 (Jul 11, 2007)
[    0.963514] ds-0: ds_conn_reset() from send_events.isra.3
[    0.964972] clocksource: Switched to clocksource stick
[    1.184589] VFS: Disk quotas dquot_6.6.0
[    1.185148] VFS: Dquot-cache hash table entries: 1024 (order 0, 8192 bytes)
[    1.185770] *** VALIDATE hugetlbfs ***
[    1.206760] NET: Registered protocol family 2
[    1.209137] tcp_listen_portaddr_hash hash table entries: 32768 (order: 8, 2359296 bytes)
[    1.212399] TCP established hash table entries: 524288 (order: 9, 4194304 bytes)
[    1.214418] TCP bind hash table entries: 65536 (order: 9, 4194304 bytes)
[    1.220620] TCP: Hash tables configured (established 524288 bind 65536)
[    1.228330] UDP hash table entries: 32768 (order: 9, 5242880 bytes)
[    1.235486] UDP-Lite hash table entries: 32768 (order: 9, 5242880 bytes)
[    1.250285] NET: Registered protocol family 1
[    1.251245] Unpacking initramfs...
[    1.570503] Freeing initrd memory: 10240K
[    1.609031] workingset: timestamp_bits=46 max_order=23 bucket_order=0
[    1.610463] zbud: loaded
[    1.617805] alg: extra crypto tests enabled.  This is intended for developer use only.
[    1.746525] alg: No test for lzo-rle (lzo-rle-generic)
[    1.753051] alg: No test for lzo-rle (lzo-rle-scomp)
[    1.863893] Block layer SCSI generic (bsg) driver version 0.4 loaded (major 252)
[    1.865646] io scheduler mq-deadline registered
[    1.867286] f029b788: ttyS0 at I/O 0x0 (irq = 1, base_baud = 115200) is a SUN4V HCONS
[    1.873039] printk: console [ttyHV0] enabled
[    1.876842] sunvdc.c:v1.2 (November 24, 2014)
[    1.884002] sunvdc: Virtual CDROM vdiskd
[    1.884059] sunvdc: vdiskd: 403160 sectors (196 MB) protocol 1.2
[    1.885617]  vdiskd: vdiskd1 vdiskd2 vdiskd3 vdiskd4 vdiskd5 vdiskd6 vdiskd7
[    1.950130] sunvdc: Virtual Hard disk vdiskc
[    1.950174] sunvdc: vdiskc: 104857600 sectors (51200 MB) protocol 1.2
[    2.009579] sunvdc: Virtual Hard disk vdiskb
[    2.009617] sunvdc: vdiskb: 62914560 sectors (30720 MB) protocol 1.2
[    2.014500]  vdiskb: vdiskb1
[    2.073507] sunvdc: Virtual Hard disk vdiska
[    2.073550] sunvdc: vdiska: 31457280 sectors (15360 MB) protocol 1.2
[    2.074359]  vdiska: vdiska1 vdiska2 vdiska3 vdiska4
[    2.127571] sunvnet: sunvnet 2.0 (February 3, 2017)
[    2.131030] vnet_port vnet-port-0-0 eth0: Sun LDOM vnet 00:14:4f:f8:12:a3
[    2.131593] sunvnet: eth0: PORT ( remote-mac 00:14:4f:fa:f3:f0 switch-port )
[    2.132892] sunvnet: eth0: PORT ( remote-mac 00:14:4f:f8:e5:f3 )
[    2.134206] sunvnet: eth0: PORT ( remote-mac 00:14:4f:f9:b4:97 )
[    2.135572] sunvnet: eth0: PORT ( remote-mac 00:14:4f:f9:8b:83 )
[    2.136834] sunvnet: eth0: PORT ( remote-mac 00:14:4f:f8:3f:1e )
[    2.138124] sunvnet: eth0: PORT ( remote-mac 00:14:4f:f8:fe:47 )
[    2.139195] mousedev: PS/2 mouse device common for all mice
[    2.140364] rtc-sun4v rtc-sun4v: registered as rtc0
[    2.140797] device-mapper: uevent: version 1.0.3
[    2.141914] device-mapper: ioctl: 4.40.0-ioctl (2019-01-18) initialised: dm-devel@redhat.com
[    2.143486] NET: Registered protocol family 17
[    2.144825] registered taskstats version 1
[    2.147850] zswap: loaded using pool lzo/zbud
[    2.264069] Key type big_key registered
[    2.265042] rtc-sun4v rtc-sun4v: setting system clock to 2019-04-07T13:52:53 UTC (1554645173)
[    2.269537] This architecture does not have kernel memory protection.
[    2.269582] Run /init as init process
[    3.224246] crc32c_sparc64: Using sparc64 crc32c opcode optimized CRC32C implementation
[    3.289676] random: fast init done
[    3.804946] raid6: int64x8  gen()  2175 MB/s
[    3.974939] raid6: int64x8  xor()  1567 MB/s
[    4.144932] raid6: int64x4  gen()  3467 MB/s
[    4.314926] raid6: int64x4  xor()  1989 MB/s
[    4.484942] raid6: int64x2  gen()  2880 MB/s
[    4.654916] raid6: int64x2  xor()  1996 MB/s
[    4.824932] raid6: int64x1  gen()  2788 MB/s
[    4.994931] raid6: int64x1  xor()  1654 MB/s
[    4.994976] raid6: using algorithm int64x4 gen() 3467 MB/s
[    4.995016] raid6: .... xor() 1989 MB/s, rmw enabled
[    4.995052] raid6: using intx1 recovery algorithm
[    4.996059] async_tx: api initialized (async)
[    4.996729] xor: automatically using best checksumming function   Niagara   
[    5.249729] EXT4-fs (vdiska2): mounted filesystem with ordered data mode. Opts: (null)
[    7.248178] systemd[1]: Inserted module 'autofs4'
[    7.257567] NET: Registered protocol family 10
[    7.270804] Segment Routing with IPv6
[    7.349397] systemd[1]: systemd 241 running in system mode. (+PAM +AUDIT +SELINUX +IMA +APPARMOR +SMACK +SYSVINIT +UTMP +LIBCRYPTSETUP +GCRYPT +GNUTLS +ACL +XZ +LZ4 -SECCOMP +BLKID +ELFUTILS +KMOD -IDN2 +IDN -PCRE2 default-hierarchy=hybrid)
[    7.349947] systemd[1]: Detected architecture sparc64.
[    7.399146] systemd[1]: Set hostname to <ttip>.
[    8.355899] random: lvmconfig: uninitialized urandom read (4 bytes read)
[    8.795051] systemd[1]: File /lib/systemd/system/systemd-journald.service:12 configures an IP firewall (IPAddressDeny=any), but the local system does not support BPF/cgroup based firewalling.
[    8.795175] systemd[1]: Proceeding WITHOUT firewalling in effect! (This warning is only shown for the first loaded unit using IP firewalling.)
[    8.832061] systemd[1]: /lib/systemd/system/auditd.service:11: PIDFile= references path below legacy directory /var/run/, updating /var/run/auditd.pid → /run/auditd.pid; please update the unit file accordingly.
[    9.382730] systemd[1]: /lib/systemd/system/smbd.service:9: PIDFile= references path below legacy directory /var/run/, updating /var/run/samba/smbd.pid → /run/samba/smbd.pid; please update the unit file accordingly.
[    9.386647] systemd[1]: /lib/systemd/system/nmbd.service:9: PIDFile= references path below legacy directory /var/run/, updating /var/run/samba/nmbd.pid → /run/samba/nmbd.pid; please update the unit file accordingly.
[    9.662729] random: systemd: uninitialized urandom read (16 bytes read)
[    9.669456] random: systemd: uninitialized urandom read (16 bytes read)
[    9.670508] systemd[1]: Listening on LVM2 poll daemon socket.
[    9.671459] random: systemd: uninitialized urandom read (16 bytes read)
[    9.671548] systemd[1]: Reached target Remote File Systems.
[    9.975182] EXT4-fs (vdiska2): re-mounted. Opts: errors=remount-ro
[   10.226236] systemd-journald[405]: Received request to flush runtime journal from PID 1
[   11.326295] sha1_sparc64: Using sparc64 sha1 opcode optimized SHA-1 implementation
[   11.399912] sha256_sparc64: Using sparc64 sha256 opcode optimized SHA-256/SHA-224 implementation
[   11.428236] n2rng v0.3 (Jan 7, 2017)
[   11.428461] n2rng f029b104: Registered RNG HVAPI major 2 minor 0
[   11.428643] n2rng f029b104: Found multi-unit-capable RNG, units: 2
[   11.431024] n2rng f029b104: RNG ready
[   11.455638] sha512_sparc64: Using sparc64 sha512 opcode optimized SHA-512/SHA-384 implementation
[   11.487556] md5_sparc64: Using sparc64 md5 opcode optimized MD5 implementation
[   11.543873] aes_sparc64: Using sparc64 aes opcodes optimized AES implementation
[   11.656596] des_sparc64: Using sparc64 des opcodes optimized DES implementation
[   11.736082] camellia_sparc64: Using sparc64 camellia opcodes optimized CAMELLIA implementation
[   14.091232] SGI XFS with ACLs, security attributes, debug enabled
[   14.125579] XFS (dm-0): Mounting V5 Filesystem
[   14.216252] XFS (dm-0): Ending clean mount
[   14.637188] Adding 787176k swap on /dev/vdiska4.  Priority:-2 extents:1 across:787176k FS
[   15.017667] EXT4-fs (vdiska1): mounting ext3 file system using the ext4 subsystem
[   15.028374] EXT4-fs (vdiska1): mounted filesystem with ordered data mode. Opts: (null)
