[    0.000012] PROMLIB: Sun IEEE Boot Prom 'OBP 4.38.17 2019/01/25 08:22'
[    0.000027] PROMLIB: Root node compatible: sun4v
[    0.000071] Linux version 5.12.0-11146-g8ca5297e7e38 (mator@ttip) (gcc (Debian 10.2.1-6) 10.2.1 20210110, GNU ld (GNU Binutils for Debian) 2.35.2) #209 SMP Fri Apr 30 11:43:57 MSK 2021
[    0.000381] printk: bootconsole [earlyprom0] enabled
[    0.000433] ARCH: SUN4V
[    0.000476] Ethernet address: 00:14:4f:fa:06:f2
[    0.000525] MM: PAGE_OFFSET is 0xfff8000000000000 (max_phys_bits == 47)
[    0.000587] MM: VMALLOC [0x0000000100000000 --> 0x0006000000000000]
[    0.000646] MM: VMEMMAP [0x0006000000000000 --> 0x000c000000000000]
[    0.014519] Kernel: Using 5 locked TLB entries for main kernel image.
[    0.014586] Remapping the kernel... 
[    0.014611] done.
[    0.039467] OF stdout device is: /virtual-devices@100/console@1
[    0.039530] PROM: Built device tree with 79569 bytes of memory.
[    0.039590] MDESC: Size is 31056 bytes.
[    0.039687] PLATFORM: banner-name [SPARC T5-2]
[    0.039735] PLATFORM: name [ORCL,SPARC-T5-2]
[    0.039776] PLATFORM: hostid [84fa06f2]
[    0.039815] PLATFORM: serial# [0035260e]
[    0.039856] PLATFORM: stick-frequency [3b9aca00]
[    0.039900] PLATFORM: mac-address [144ffa06f2]
[    0.039943] PLATFORM: watchdog-resolution [1000 ms]
[    0.039990] PLATFORM: watchdog-max-timeout [31536000000 ms]
[    0.040044] PLATFORM: max-cpus [1024]
[    0.040128] Top of RAM: 0x622f948000, Total RAM: 0x87f382000
[    0.040187] Memory hole size: 367365MB
[    0.044690] Allocated 65536 bytes for kernel page tables.
[    0.044771] Zone ranges:
[    0.044806]   Normal   [mem 0x0000000030400000-0x000000622f947fff]
[    0.044869] Movable zone start for each node
[    0.044909] Early memory node ranges
[    0.044946]   node   0: [mem 0x0000000030400000-0x000000006febffff]
[    0.045006]   node   0: [mem 0x000000006ff40000-0x000000006ff47fff]
[    0.045065]   node   0: [mem 0x0000000070000000-0x00000002afffffff]
[    0.045124]   node   0: [mem 0x0000002030000000-0x00000021afffffff]
[    0.045181]   node   0: [mem 0x0000004030000000-0x00000042afffffff]
[    0.045240]   node   0: [mem 0x0000006030000000-0x000000622f8b1fff]
[    0.045298]   node   0: [mem 0x000000622f940000-0x000000622f947fff]
[    0.045357] Initmem setup node 0 [mem 0x0000000030400000-0x000000622f947fff]
[    0.045420] On node 0 totalpages: 4454849
[    0.045427]   Normal zone: 39154 pages used for memmap
[    0.045431]   Normal zone: 0 pages reserved
[    0.045436]   Normal zone: 4454849 pages, LIFO batch:31
[    0.074507]   Normal zone: 525887 pages in unavailable ranges
[    0.074608] Booting Linux...
[    0.074656] CPU CAPS: [flush,stbar,swap,muldiv,v9,blkinit,n2,mul32]
[    0.074746] CPU CAPS: [div32,v8plus,popc,vis,vis2,ASIBlkInit,fmaf,vis3]
[    0.074833] CPU CAPS: [hpc,ima,pause,cbcond,aes,des,kasumi,camellia]
[    0.074919] CPU CAPS: [md5,sha1,sha256,sha512,mpmul,montmul,montsqr,crc32c]
[    0.123502] percpu: Embedded 20 pages/cpu s119376 r8192 d36272 u262144
[    0.123724] pcpu-alloc: s119376 r8192 d36272 u262144 alloc=1*4194304
[    0.123733] pcpu-alloc: [0] 000 001 002 003 004 005 006 007 008 009 010 011 012 013 014 015 
[    0.123792] pcpu-alloc: [0] 016 017 018 019 020 021 022 023 024 025 026 027 028 029 030 031 
[    0.123851] pcpu-alloc: [0] 032 033 034 035 036 037 038 039 040 041 042 043 044 045 046 047 
[    0.123909] pcpu-alloc: [0] 048 049 050 051 052 053 054 055 056 057 058 059 060 061 062 063 
[    0.123968] pcpu-alloc: [0] 064 065 066 067 068 069 070 071 072 073 074 075 076 077 078 079 
[    0.124026] pcpu-alloc: [0] 080 081 082 083 084 085 086 087 088 089 090 091 092 093 094 095 
[    0.124084] pcpu-alloc: [0] 096 097 098 099 100 101 102 103 104 105 106 107 108 109 110 111 
[    0.124142] pcpu-alloc: [0] 112 113 114 115 116 117 118 119 120 121 122 123 124 125 126 127 
[    0.124200] pcpu-alloc: [0] 128 129 130 131 132 133 134 135 136 137 138 139 140 141 142 143 
[    0.124258] pcpu-alloc: [0] 144 145 146 147 148 149 150 151 152 153 154 155 156 157 158 159 
[    0.124316] pcpu-alloc: [0] 160 161 162 163 164 165 166 167 168 169 170 171 172 173 174 175 
[    0.124375] pcpu-alloc: [0] 176 177 178 179 180 181 182 183 184 185 186 187 188 189 190 191 
[    0.124433] pcpu-alloc: [0] 192 193 194 195 196 197 198 199 200 201 202 203 204 205 206 207 
[    0.124491] pcpu-alloc: [0] 208 209 210 211 212 213 214 215 216 217 218 219 220 221 222 223 
[    0.124549] pcpu-alloc: [0] 224 225 226 227 228 229 230 231 232 233 234 235 236 237 238 239 
[    0.124606] pcpu-alloc: [0] 240 241 242 243 244 245 246 247 248 249 250 251 252 253 254 255 
[    0.125084] SUN4V: Mondo queue sizes [cpu(131072) dev(16384) r(8192) nr(256)]
[    0.125398] Built 1 zonelists, mobility grouping on.  Total pages: 4415695
[    0.125477] Kernel command line: BOOT_IMAGE=/vmlinux-5.12.0-11146-g8ca5297e7e38 root=/dev/vdiska2 ro zswap.enabled=1
[    0.128446] printk: log_buf_len individual max cpu contribution: 4096 bytes
[    0.128514] printk: log_buf_len total cpu_extra contributions: 1044480 bytes
[    0.128577] printk: log_buf_len min size: 131072 bytes
[    0.130396] printk: log_buf_len: 2097152 bytes
[    0.130443] printk: early log buf free: 126360(96%)
[    0.136751] Dentry cache hash table entries: 8388608 (order: 13, 67108864 bytes, linear)
[    0.139984] Inode-cache hash table entries: 4194304 (order: 12, 33554432 bytes, linear)
[    0.140060] Sorting __ex_table...
[    0.140287] mem auto-init: stack:off, heap alloc:off, heap free:off
[    0.146454] Memory: 1305368K/35638792K available (8686K kernel code, 1714K rwdata, 2928K rodata, 624K init, 3136K bss, 568208K reserved, 0K cma-reserved)
[    0.146625] random: get_random_u64 called from kmem_cache_open+0x1c/0x320 with crng_init=0
[    0.148745] SLUB: HWalign=32, Order=0-3, MinObjects=0, CPUs=256, Nodes=1
[    0.149572] ftrace: allocating 27205 entries in 54 pages
[    0.160112] ftrace: allocated 54 pages with 4 groups
[    0.164442] rcu: Hierarchical RCU implementation.
[    0.164495] rcu: 	RCU event tracing is enabled.
[    0.164541] rcu: 	RCU debug extended QS entry/exit.
[    0.164587] 	Rude variant of Tasks RCU enabled.
[    0.164632] 	Tracing variant of Tasks RCU enabled.
[    0.164678] rcu: RCU calculated value of scheduler-enlistment delay is 26 jiffies.
[    0.170382] NR_IRQS: 2048, nr_irqs: 2048, preallocated irqs: 1
[    0.170464] SUN4V: Using IRQ API major 3, cookie only virqs enabled
[    0.174406] clocksource: stick: mask: 0xffffffffffffffff max_cycles: 0x1cd42e4dffb, max_idle_ns: 881590591483 ns
[    0.174539] clocksource: mult[800000] shift[23]
[    0.174585] clockevent: mult[80000000] shift[31]
[    0.175242] Console: colour dummy device 80x25
[    0.175296] printk: console [tty0] enabled
[    0.175358] printk: bootconsole [earlyprom0] disabled
[    0.175423] Lock dependency validator: Copyright (c) 2006 Red Hat, Inc., Ingo Molnar
[    0.175449] ... MAX_LOCKDEP_SUBCLASSES:  8
[    0.175466] ... MAX_LOCK_DEPTH:          48
[    0.175482] ... MAX_LOCKDEP_KEYS:        8192
[    0.175498] ... CLASSHASH_SIZE:          4096
[    0.175515] ... MAX_LOCKDEP_ENTRIES:     16384
[    0.175532] ... MAX_LOCKDEP_CHAINS:      32768
[    0.175549] ... CHAINHASH_SIZE:          16384
[    0.175565]  memory used by lock dependency info: 2603 kB
[    0.175585]  per task-struct memory footprint: 1920 bytes
[    0.254745] Calibrating delay using timer specific routine.. 2003.13 BogoMIPS (lpj=4006266)
[    0.254779] pid_max: default: 262144 minimum: 2048
[    0.255535] LSM: Security Framework initializing
[    0.255983] Mount-cache hash table entries: 131072 (order: 7, 1048576 bytes, linear)
[    0.256126] Mountpoint-cache hash table entries: 131072 (order: 7, 1048576 bytes, linear)
[    0.259522] rcu: Hierarchical SRCU implementation.
[    0.266743] smp: Bringing up secondary CPUs ...
[    0.284982] smp: Brought up 1 node, 24 CPUs
[    0.474975] node 0 deferred pages initialised in 188ms
[    0.475977] devtmpfs: initialized
[    0.478125] Performance events: 
[    0.478158] Testing NMI watchdog ... 
[    0.558245] OK.
[    0.558314] Supported PMU type is 'niagara5'
[    0.559404] ldc.c:v1.1 (July 22, 2008)
[    0.560160] clocksource: jiffies: mask: 0xffffffff max_cycles: 0xffffffff, max_idle_ns: 7645041785100000 ns
[    0.560220] futex hash table entries: 65536 (order: 10, 8388608 bytes, linear)
[    0.568177] NET: Registered protocol family 16
[    0.570932] VIO: Adding device channel-devices (tx_ino = ffffffffffffffff, rx_ino = ffffffffffffffff)
[    0.571022] VIO: Adding device vnet-port-0-0 (tx_ino = 0, rx_ino = 1)
[    0.571090] VIO: Adding device vnet-port-0-1 (tx_ino = 2, rx_ino = 3)
[    0.571153] VIO: Adding device vnet-port-0-2 (tx_ino = 4, rx_ino = 5)
[    0.571215] VIO: Adding device vnet-port-0-3 (tx_ino = 6, rx_ino = 7)
[    0.571276] VIO: Adding device vnet-port-0-4 (tx_ino = 8, rx_ino = 9)
[    0.571337] VIO: Adding device vdc-port-2-0 (tx_ino = a, rx_ino = b)
[    0.571398] VIO: Adding device vdc-port-1-0 (tx_ino = c, rx_ino = d)
[    0.571458] VIO: Adding device vdc-port-0-0 (tx_ino = e, rx_ino = f)
[    0.571522] VIO: Adding device vlds-port-0-0 (tx_ino = 10, rx_ino = 11)
[    0.571596] VIO: Adding device domain-services-port-0 (tx_ino = 10, rx_ino = 11)
[    0.571792] audit: initializing netlink subsys (disabled)
[    0.571982] audit: type=2000 audit(0.396:1): state=initialized audit_enabled=0 res=1
[    0.584918] HugeTLB registered 64.0 KiB page size, pre-allocated 0 pages
[    0.584945] HugeTLB registered 8.00 MiB page size, pre-allocated 0 pages
[    0.584969] HugeTLB registered 256 MiB page size, pre-allocated 0 pages
[    0.584993] HugeTLB registered 2.00 GiB page size, pre-allocated 0 pages
[    1.158734] SUN4V: Reboot data supported (maj=1,min=0).
[    1.159014] ds.c:v1.0 (Jul 11, 2007)
[    1.159224] ds-0: ds_conn_reset() from send_events
[    1.159784] clocksource: Switched to clocksource stick
[    1.266175] VFS: Disk quotas dquot_6.6.0
[    1.266396] VFS: Dquot-cache hash table entries: 1024 (order 0, 8192 bytes)
[    1.273702] NET: Registered protocol family 2
[    1.274119] IP idents hash table entries: 262144 (order: 8, 2097152 bytes, linear)
[    1.281012] tcp_listen_portaddr_hash hash table entries: 32768 (order: 8, 2621440 bytes, linear)
[    1.284444] TCP established hash table entries: 524288 (order: 9, 4194304 bytes, linear)
[    1.287351] TCP bind hash table entries: 65536 (order: 9, 4718592 bytes, linear)
[    1.294099] TCP: Hash tables configured (established 524288 bind 65536)
[    1.296370] UDP hash table entries: 32768 (order: 9, 5242880 bytes, linear)
[    1.302517] UDP-Lite hash table entries: 32768 (order: 9, 5242880 bytes, linear)
[    1.310487] NET: Registered protocol family 1
[    1.310528] NET: Registered protocol family 44
[    1.310745] Trying to unpack rootfs image as initramfs...
[    1.512752] Freeing initrd memory: 25176K
[    1.523445] Initialise system trusted keyrings
[    1.523651] workingset: timestamp_bits=46 max_order=23 bucket_order=0
[    1.539205] zbud: loaded
[    1.543185] SGI XFS with ACLs, security attributes, realtime, quota, no debug enabled
[    1.549792] Key type asymmetric registered
[    1.549819] Asymmetric key parser 'x509' registered
[    1.549866] Block layer SCSI generic (bsg) driver version 0.4 loaded (major 252)
[    1.550738] io scheduler mq-deadline registered
[    1.552189] f029b788: ttyHV0 at I/O 0x0 (irq = 1, base_baud = 115200) is a SUN4V HCONS
[    1.552641] printk: console [ttyHV0] enabled
[    1.554920] sunvdc.c:v1.2 (November 24, 2014)
[    1.558310] sunvdc: Virtual Hard disk vdiskc
[    1.558332] sunvdc: vdiskc: 104857600 sectors (51200 MB) protocol 1.2
[    1.579074] sunvdc: Virtual Hard disk vdiskb
[    1.579100] sunvdc: vdiskb: 62914560 sectors (30720 MB) protocol 1.2
[    1.579990]  vdiskb: vdiskb1
[    1.599968] sunvdc: Virtual Hard disk vdiska
[    1.599991] sunvdc: vdiska: 31457280 sectors (15360 MB) protocol 1.2
[    1.600855]  vdiska: vdiska1 vdiska2 vdiska3 vdiska4
[    1.620112] rtc-sun4v rtc-sun4v: registered as rtc0
[    1.620175] rtc-sun4v rtc-sun4v: setting system clock to 2021-04-30T09:04:16 UTC (1619773456)
[    1.624129] NET: Registered protocol family 10
[    1.647097] Segment Routing with IPv6
[    1.647154] mip6: Mobile IPv6
[    1.647173] NET: Registered protocol family 17
[    1.651415] registered taskstats version 1
[    1.651442] Loading compiled-in X.509 certificates
[    1.656754] zswap: loaded using pool lzo/zbud
[    1.660116] This architecture does not have kernel memory protection.
[    1.660150] Run /init as init process
[    1.660168]   with arguments:
[    1.660173]     /init
[    1.660177]   with environment:
[    1.660181]     HOME=/
[    1.660185]     TERM=linux
[    1.660189]     BOOT_IMAGE=/vmlinux-5.12.0-11146-g8ca5297e7e38
[    1.991145] sunvnet_common: module verification failed: signature and/or required key missing - tainting kernel
[    1.993575] sunvnet: sunvnet 2.0 (February 3, 2017)
[    1.995705] vnet_port vnet-port-0-0 eth0: Sun LDOM vnet 00:14:4f:f8:12:a3
[    1.995922] sunvnet: eth0: PORT ( remote-mac 00:14:4f:fa:f3:f0 switch-port )
[    1.996270] sunvnet: eth0: PORT ( remote-mac 00:14:4f:f8:e5:f3 )
[    1.996644] sunvnet: eth0: PORT ( remote-mac 00:14:4f:f8:3f:1e )
[    1.996959] sunvnet: eth0: PORT ( remote-mac 00:14:4f:f9:b4:97 )
[    1.997225] sunvnet: eth0: PORT ( remote-mac 00:14:4f:f9:8b:83 )
[    2.005762] crc32c_sparc64: Using sparc64 crc32c opcode optimized CRC32C implementation
[    2.008617] random: lvm: uninitialized urandom read (4 bytes read)
[    2.038355] device-mapper: uevent: version 1.0.3
[    2.039052] device-mapper: ioctl: 4.44.0-ioctl (2021-02-01) initialised: dm-devel@redhat.com
[    2.045008] random: lvm: uninitialized urandom read (2 bytes read)
[    2.424472] xor: automatically using best checksumming function   Niagara   
[    2.491747] raid6: int64x8  gen()  2157 MB/s
[    2.559740] raid6: int64x8  xor()  1520 MB/s
[    2.627754] raid6: int64x4  gen()  3383 MB/s
[    2.695745] raid6: int64x4  xor()  1458 MB/s
[    2.763743] raid6: int64x2  gen()  2920 MB/s
[    2.831758] raid6: int64x2  xor()  1131 MB/s
[    2.899763] raid6: int64x1  gen()  1417 MB/s
[    2.967769] raid6: int64x1  xor()   715 MB/s
[    2.967799] raid6: using algorithm int64x4 gen() 3383 MB/s
[    2.967822] raid6: .... xor() 1458 MB/s, rmw enabled
[    2.967843] raid6: using intx1 recovery algorithm
[    3.023010] random: fast init done
[    3.133142] EXT4-fs (vdiska2): mounted filesystem with ordered data mode. Opts: (null). Quota mode: none.
[    5.497084] systemd[1]: Inserted module 'autofs4'
[    5.825768] systemd[1]: systemd 247.3-5 running in system mode. (+PAM +AUDIT +SELINUX +IMA +APPARMOR +SMACK +SYSVINIT +UTMP +LIBCRYPTSETUP +GCRYPT +GNUTLS +ACL +XZ +LZ4 +ZSTD -SECCOMP +BLKID +ELFUTILS +KMOD +IDN2 -IDN +PCRE2 default-hierarchy=unified)
[    5.826140] systemd[1]: Detected architecture sparc64.
[    5.857025] systemd[1]: Set hostname to <ttip>.
[    6.945568] random: lvmconfig: uninitialized urandom read (4 bytes read)
[    8.225469] systemd[1]: Queued start job for default target Multi-User System.
[    8.226397] random: systemd: uninitialized urandom read (16 bytes read)
[    8.236474] systemd[1]: Created slice system-getty.slice.
[    8.236994] random: systemd: uninitialized urandom read (16 bytes read)
[    8.240878] systemd[1]: Created slice system-modprobe.slice.
[    8.241095] random: systemd: uninitialized urandom read (16 bytes read)
[    8.245104] systemd[1]: Created slice system-openvpn\x2dclient.slice.
[    8.249330] systemd[1]: Created slice system-postfix.slice.
[    8.253384] systemd[1]: Created slice system-systemd\x2dfsck.slice.
[    8.257269] systemd[1]: Created slice User and Session Slice.
[    8.257813] systemd[1]: Started Dispatch Password Requests to Console Directory Watch.
[    8.258260] systemd[1]: Started Forward Password Requests to Wall Directory Watch.
[    8.259888] systemd[1]: Set up automount Arbitrary Executable File Formats File System Automount Point.
[    8.260222] systemd[1]: Reached target Local Encrypted Volumes.
[    8.260515] systemd[1]: Reached target Paths.
[    8.260754] systemd[1]: Reached target Slices.
[    8.261294] systemd[1]: Listening on Device-mapper event daemon FIFOs.
[    8.261880] systemd[1]: Listening on LVM2 poll daemon socket.
[    8.280021] systemd[1]: Listening on RPCbind Server Activation Socket.
[    8.288741] systemd[1]: Listening on Syslog Socket.
[    8.289465] systemd[1]: Listening on fsck to fsckd communication Socket.
[    8.289899] systemd[1]: Listening on initctl Compatibility Named Pipe.
[    8.290653] systemd[1]: Listening on Journal Audit Socket.
[    8.291235] systemd[1]: Listening on Journal Socket (/dev/log).
[    8.291969] systemd[1]: Listening on Journal Socket.
[    8.292730] systemd[1]: Listening on udev Control Socket.
[    8.293235] systemd[1]: Listening on udev Kernel Socket.
[    8.299942] systemd[1]: Mounting Huge Pages File System...
[    8.306967] systemd[1]: Mounting POSIX Message Queue File System...
[    8.313211] systemd[1]: Mounting RPC Pipe File System...
[    8.319906] systemd[1]: Mounting Kernel Debug File System...
[    8.327658] systemd[1]: Mounting Kernel Trace File System...
[    8.328213] systemd[1]: Condition check resulted in Kernel Module supporting RPCSEC_GSS being skipped.
[    8.328691] systemd[1]: Finished Availability of block devices.
[    8.335231] systemd[1]: Starting Wait for network to be configured by ifupdown...
[    8.341860] systemd[1]: Starting Create list of static device nodes for the current kernel...
[    8.348055] systemd[1]: Starting Monitoring of LVM2 mirrors, snapshots etc. using dmeventd or progress polling...
[    8.354787] systemd[1]: Starting Load Kernel Module configfs...
[    8.361345] systemd[1]: Starting Load Kernel Module drm...
[    8.368626] systemd[1]: Starting Load Kernel Module fuse...
[    8.375928] systemd[1]: Starting nftables...
[    8.399500] systemd[1]: Condition check resulted in Set Up Additional Binary Formats being skipped.
[    8.399881] systemd[1]: Condition check resulted in File System Check on Root Device being skipped.
[    8.411211] systemd[1]: Starting Journal Service...
[    8.460696] systemd[1]: Starting Load Kernel Modules...
[    8.467991] systemd[1]: Starting Remount Root and Kernel File Systems...
[    8.474298] systemd[1]: Starting Coldplug All udev Devices...
[    8.481211] systemd[1]: Mounted Huge Pages File System.
[    8.481835] systemd[1]: Mounted POSIX Message Queue File System.
[    8.482376] systemd[1]: Mounted Kernel Debug File System.
[    8.482914] systemd[1]: Mounted Kernel Trace File System.
[    8.485126] systemd[1]: Finished Wait for network to be configured by ifupdown.
[    8.487169] systemd[1]: Finished Create list of static device nodes for the current kernel.
[    8.488490] systemd[1]: modprobe@drm.service: Succeeded.
[    8.490147] systemd[1]: Finished Load Kernel Module drm.
[    8.491780] systemd[1]: modprobe@configfs.service: Succeeded.
[    8.493293] systemd[1]: Finished Load Kernel Module configfs.
[    8.500024] systemd[1]: Mounting Kernel Configuration File System...
[    8.508872] systemd[1]: Mounted Kernel Configuration File System.
[    8.556521] systemd[1]: Finished Load Kernel Modules.
[    8.558342] EXT4-fs (vdiska2): re-mounted. Opts: errors=remount-ro. Quota mode: none.
[    8.564885] systemd[1]: Starting Apply Kernel Variables...
[    8.571517] systemd[1]: Finished Remount Root and Kernel File Systems.
[    8.622066] systemd[1]: Starting Initial Check File System Quotas...
[    8.653418] fuse: init (API version 7.33)
[    8.686692] systemd[1]: Condition check resulted in Rebuild Hardware Database being skipped.
[    8.686920] systemd[1]: Condition check resulted in Platform Persistent Storage Archival being skipped.
[    8.693360] systemd[1]: Starting Load/Save Random Seed...
[    8.700243] systemd[1]: Starting Create System Users...
[    8.702017] systemd[1]: Started Journal Service.
[    8.773995] systemd-journald[399]: Received client request to flush runtime journal.
[    9.248828] RPC: Registered named UNIX socket transport module.
[    9.248872] RPC: Registered udp transport module.
[    9.248893] RPC: Registered tcp transport module.
[    9.248914] RPC: Registered tcp NFSv4.1 backchannel transport module.
[   11.244852] sha1_sparc64: Using sparc64 sha1 opcode optimized SHA-1 implementation
[   11.278653] n2rng v0.3 (Jan 7, 2017)
[   11.278702] n2rng f029b104: Registered RNG HVAPI major 2 minor 0
[   11.278732] n2rng f029b104: Found multi-unit-capable RNG, units: 2
[   11.278913] n2rng f029b104: RNG ready
[   11.288861] sha256_sparc64: Using sparc64 sha256 opcode optimized SHA-256/SHA-224 implementation
[   11.333358] sha512_sparc64: Using sparc64 sha512 opcode optimized SHA-512/SHA-384 implementation
[   11.356170] random: crng init done
[   11.356207] random: 4 urandom warning(s) missed due to ratelimiting
[   11.374016] md5_sparc64: Using sparc64 md5 opcode optimized MD5 implementation
[   11.422852] aes_sparc64: Using sparc64 aes opcodes optimized AES implementation
[   11.489280] des_sparc64: Using sparc64 des opcodes optimized DES implementation
[   11.493188] XFS (dm-0): Mounting V5 Filesystem
[   11.532181] camellia_sparc64: Using sparc64 camellia opcodes optimized CAMELLIA implementation
[   11.747793] Adding 787176k swap on /dev/vdiska4.  Priority:-2 extents:1 across:787176k FS
[   11.767694] XFS (dm-0): Ending clean mount
[   11.885730] xfs filesystem being mounted at /1 supports timestamps until 2038 (0x7fffffff)
[   12.398132] EXT4-fs (vdiska1): mounting ext3 file system using the ext4 subsystem
[   12.714777] EXT4-fs (vdiska1): mounted filesystem with ordered data mode. Opts: (null). Quota mode: none.
[   12.714996] ext3 filesystem being mounted at /boot supports timestamps until 2038 (0x7fffffff)
