[    0.000019] PROMLIB: Sun IEEE Boot Prom 'OBP 4.38.12 2018/03/28 14:54'
[    0.000032] PROMLIB: Root node compatible: sun4v
[    0.000079] Linux version 5.2.0-rc2-00478-g33aae28285b7 (mator@ttip) (gcc version 9.3.0 (Debian 9.3.0-11)) #92 SMP Tue Apr 28 15:38:22 MSK 2020
[    0.000382] printk: bootconsole [earlyprom0] enabled
[    0.000434] ARCH: SUN4V
[    0.000484] Ethernet address: 00:14:4f:fa:06:f2
[    0.000535] MM: PAGE_OFFSET is 0xfff8000000000000 (max_phys_bits == 47)
[    0.000601] MM: VMALLOC [0x0000000100000000 --> 0x0006000000000000]
[    0.000662] MM: VMEMMAP [0x0006000000000000 --> 0x000c000000000000]
[    0.012924] Kernel: Using 5 locked TLB entries for main kernel image.
[    0.012993] Remapping the kernel... 
[    0.013020] done.
[    0.045971] OF stdout device is: /virtual-devices@100/console@1
[    0.046035] PROM: Built device tree with 86230 bytes of memory.
[    0.046094] MDESC: Size is 36512 bytes.
[    0.046206] PLATFORM: banner-name [SPARC T5-2]
[    0.046256] PLATFORM: name [ORCL,SPARC-T5-2]
[    0.046301] PLATFORM: hostid [84fa06f2]
[    0.046345] PLATFORM: serial# [0035260e]
[    0.046387] PLATFORM: stick-frequency [3b9aca00]
[    0.046436] PLATFORM: mac-address [144ffa06f2]
[    0.046482] PLATFORM: watchdog-resolution [1000 ms]
[    0.046532] PLATFORM: watchdog-max-timeout [31536000000 ms]
[    0.046588] PLATFORM: max-cpus [1024]
[    0.046675] Top of RAM: 0x24af938000, Total RAM: 0x87f354000
[    0.046735] Memory hole size: 115461MB
[    0.051336] Allocated 40960 bytes for kernel page tables.
[    0.051419] Zone ranges:
[    0.051459]   Normal   [mem 0x0000000030400000-0x00000024af937fff]
[    0.051523] Movable zone start for each node
[    0.051567] Early memory node ranges
[    0.051609]   node   0: [mem 0x0000000030400000-0x000000006fe7ffff]
[    0.051669]   node   0: [mem 0x000000006ff00000-0x000000006ff25fff]
[    0.051729]   node   0: [mem 0x0000000070000000-0x000000042fffffff]
[    0.051791]   node   0: [mem 0x0000002030000000-0x00000024af87ffff]
[    0.051850]   node   0: [mem 0x00000024af900000-0x00000024af925fff]
[    0.051911]   node   0: [mem 0x00000024af930000-0x00000024af937fff]
[    0.059270] Zeroed struct page in unavailable ranges: 230130 pages
[    0.059278] Initmem setup node 0 [mem 0x0000000030400000-0x00000024af937fff]
[    0.059436] On node 0 totalpages: 4454826
[    0.059445]   Normal zone: 39154 pages used for memmap
[    0.059451]   Normal zone: 0 pages reserved
[    0.059456]   Normal zone: 4454826 pages, LIFO batch:31
[    0.067108] Booting Linux...
[    0.067189] CPU CAPS: [flush,stbar,swap,muldiv,v9,blkinit,n2,mul32]
[    0.067271] CPU CAPS: [div32,v8plus,popc,vis,vis2,ASIBlkInit,fmaf,vis3]
[    0.068350] CPU CAPS: [hpc,ima,pause,cbcond,aes,des,kasumi,camellia]
[    0.068423] CPU CAPS: [md5,sha1,sha256,sha512,mpmul,montmul,montsqr,crc32c]
[    0.097942] percpu: Embedded 27 pages/cpu s179080 r8192 d33912 u262144
[    0.098155] pcpu-alloc: s179080 r8192 d33912 u262144 alloc=1*4194304
[    0.098162] pcpu-alloc: [0] 000 001 002 003 004 005 006 007 008 009 010 011 012 013 014 015 
[    0.098189] pcpu-alloc: [0] 016 017 018 019 020 021 022 023 024 025 026 027 028 029 030 031 
[    0.098216] pcpu-alloc: [0] 032 033 034 035 036 037 038 039 040 041 042 043 044 045 046 047 
[    0.098242] pcpu-alloc: [0] 048 049 050 051 052 053 054 055 056 057 058 059 060 061 062 063 
[    0.098269] pcpu-alloc: [0] 064 065 066 067 068 069 070 071 072 073 074 075 076 077 078 079 
[    0.098295] pcpu-alloc: [0] 080 081 082 083 084 085 086 087 088 089 090 091 092 093 094 095 
[    0.098322] pcpu-alloc: [0] 096 097 098 099 100 101 102 103 104 105 106 107 108 109 110 111 
[    0.098348] pcpu-alloc: [0] 112 113 114 115 116 117 118 119 120 121 122 123 124 125 126 127 
[    0.098780] SUN4V: Mondo queue sizes [cpu(131072) dev(16384) r(8192) nr(256)]
[    0.099149] Built 1 zonelists, mobility grouping on.  Total pages: 4415672
[    0.099234] Kernel command line: BOOT_IMAGE=/vmlinux-5.2.0-rc2-00478-g33aae28285b7 root=/dev/vdiska2 ro zswap.enabled=1
[    0.101434] printk: log_buf_len individual max cpu contribution: 4096 bytes
[    0.101504] printk: log_buf_len total cpu_extra contributions: 520192 bytes
[    0.101572] printk: log_buf_len min size: 131072 bytes
[    0.101840] printk: log_buf_len: 1048576 bytes
[    0.101890] printk: early log buf free: 126648(96%)
[    0.108204] Dentry cache hash table entries: 8388608 (order: 13, 67108864 bytes)
[    0.111432] Inode-cache hash table entries: 4194304 (order: 12, 33554432 bytes)
[    0.111503] Sorting __ex_table...
[    0.170526] Memory: 1305232K/35638608K available (7232K kernel code, 947K rwdata, 2136K rodata, 688K init, 6666K bss, 508120K reserved, 0K cma-reserved)
[    0.171214] SLUB: HWalign=32, Order=0-3, MinObjects=0, CPUs=128, Nodes=1
[    0.171510] ftrace: allocating 20969 entries in 41 pages
[    0.182214] Running RCU self tests
[    0.182262] rcu: Hierarchical RCU implementation.
[    0.182311] rcu: 	RCU event tracing is enabled.
[    0.182361] rcu: 	RCU lockdep checking is enabled.
[    0.182409] 	Tasks RCU enabled.
[    0.182447] rcu: RCU calculated value of scheduler-enlistment delay is 10 jiffies.
[    0.186721] NR_IRQS: 2048, nr_irqs: 2048, preallocated irqs: 1
[    0.186796] SUN4V: Using IRQ API major 3, cookie only virqs enabled
[    0.189190] clocksource: stick: mask: 0xffffffffffffffff max_cycles: 0x1cd42e4dffb, max_idle_ns: 881590591483 ns
[    0.189318] clocksource: mult[800000] shift[23]
[    0.189366] clockevent: mult[80000000] shift[31]
[    0.189900] Console: colour dummy device 80x25
[    0.189962] printk: console [tty0] enabled
[    0.190037] printk: bootconsole [earlyprom0] disabled
[    0.190121] Lock dependency validator: Copyright (c) 2006 Red Hat, Inc., Ingo Molnar
[    0.190168] ... MAX_LOCKDEP_SUBCLASSES:  8
[    0.190197] ... MAX_LOCK_DEPTH:          48
[    0.190226] ... MAX_LOCKDEP_KEYS:        8191
[    0.190256] ... CLASSHASH_SIZE:          4096
[    0.190285] ... MAX_LOCKDEP_ENTRIES:     16384
[    0.190315] ... MAX_LOCKDEP_CHAINS:      32768
[    0.190345] ... CHAINHASH_SIZE:          16384
[    0.190376]  memory used by lock dependency info: 3853 kB
[    0.190410]  per task-struct memory footprint: 1920 bytes
[    0.339580] Calibrating delay using timer specific routine.. 2003.73 BogoMIPS (lpj=10018657)
[    0.339635] pid_max: default: 131072 minimum: 1024
[    0.339885] LSM: Security Framework initializing
[    0.340114] AppArmor: AppArmor initialized
[    0.340386] Mount-cache hash table entries: 131072 (order: 7, 1048576 bytes)
[    0.340545] Mountpoint-cache hash table entries: 131072 (order: 7, 1048576 bytes)
[    0.341338] *** VALIDATE proc ***
[    0.341766] *** VALIDATE cgroup1 ***
[    0.341797] *** VALIDATE cgroup2 ***
[    0.343774] rcu: Hierarchical SRCU implementation.
[    0.351177] smp: Bringing up secondary CPUs ...
[    0.392686] smp: Brought up 1 node, 32 CPUs
[    0.582299] node 0 initialised, 4228157 pages in 190ms
[    0.583694] devtmpfs: initialized
[    0.588243] Performance events: 
[    0.588291] Testing NMI watchdog ... 
[    0.788359] OK.
[    0.788443] Supported PMU type is 'niagara5'
[    0.788622] random: get_random_u32 called from bucket_table_alloc.isra.0+0x188/0x1c0 with crng_init=0
[    0.789159] ldc.c:v1.1 (July 22, 2008)
[    0.791469] clocksource: jiffies: mask: 0xffffffff max_cycles: 0xffffffff, max_idle_ns: 19112604462750000 ns
[    0.791557] futex hash table entries: 32768 (order: 9, 4194304 bytes)
[    0.796531] NET: Registered protocol family 16
[    0.804116] VIO: Adding device channel-devices (tx_ino = ffffffffffffffff, rx_ino = ffffffffffffffff)
[    0.804312] VIO: Adding device vnet-port-0-0 (tx_ino = 0, rx_ino = 1)
[    0.804505] VIO: Adding device vnet-port-0-1 (tx_ino = 2, rx_ino = 3)
[    0.804666] VIO: Adding device vnet-port-0-2 (tx_ino = 4, rx_ino = 5)
[    0.804825] VIO: Adding device vnet-port-0-3 (tx_ino = 6, rx_ino = 7)
[    0.804988] VIO: Adding device vnet-port-0-4 (tx_ino = 8, rx_ino = 9)
[    0.805147] VIO: Adding device vnet-port-0-5 (tx_ino = a, rx_ino = b)
[    0.805304] VIO: Adding device vdc-port-2-0 (tx_ino = c, rx_ino = d)
[    0.805466] VIO: Adding device vdc-port-1-0 (tx_ino = e, rx_ino = f)
[    0.805624] VIO: Adding device vdc-port-0-0 (tx_ino = 10, rx_ino = 11)
[    0.805782] VIO: Adding device vdc-port-3-0 (tx_ino = 12, rx_ino = 13)
[    0.805944] VIO: Adding device vlds-port-0-0 (tx_ino = 14, rx_ino = 15)
[    0.806106] VIO: Adding device domain-services-port-0 (tx_ino = 14, rx_ino = 15)
[    0.806376] audit: initializing netlink subsys (disabled)
[    0.806622] audit: type=2000 audit(0.410:1): state=initialized audit_enabled=0 res=1
[    0.829668] HugeTLB registered 64.0 KiB page size, pre-allocated 0 pages
[    0.829714] HugeTLB registered 8.00 MiB page size, pre-allocated 0 pages
[    0.829758] HugeTLB registered 256 MiB page size, pre-allocated 0 pages
[    0.829802] HugeTLB registered 2.00 GiB page size, pre-allocated 0 pages
[    0.831995] alg: extra crypto tests enabled.  This is intended for developer use only.
[    0.849913] cryptd: max_cpu_qlen set to 1000
[    0.877521] alg: No test for lzo-rle (lzo-rle-generic)
[    0.877936] alg: No test for lzo-rle (lzo-rle-scomp)
[    0.920813] NetLabel: Initializing
[    0.920842] NetLabel:  domain hash size = 128
[    0.920874] NetLabel:  protocols = UNLABELED CIPSOv4 CALIPSO
[    0.921002] NetLabel:  unlabeled traffic allowed by default
[    0.921916] SUN4V: Reboot data supported (maj=1,min=0).
[    0.922257] ds.c:v1.0 (Jul 11, 2007)
[    0.922593] ds-0: ds_conn_reset() from send_events.isra.0
[    0.924022] clocksource: Switched to clocksource stick
[    1.113293] VFS: Disk quotas dquot_6.6.0
[    1.113421] VFS: Dquot-cache hash table entries: 1024 (order 0, 8192 bytes)
[    1.113639] *** VALIDATE hugetlbfs ***
[    1.115248] AppArmor: AppArmor Filesystem Enabled
[    1.128168] NET: Registered protocol family 2
[    1.129571] tcp_listen_portaddr_hash hash table entries: 32768 (order: 8, 2359296 bytes)
[    1.132464] TCP established hash table entries: 524288 (order: 9, 4194304 bytes)
[    1.134569] TCP bind hash table entries: 65536 (order: 9, 4194304 bytes)
[    1.140653] TCP: Hash tables configured (established 524288 bind 65536)
[    1.143045] UDP hash table entries: 32768 (order: 9, 5242880 bytes)
[    1.149581] UDP-Lite hash table entries: 32768 (order: 9, 5242880 bytes)
[    1.157739] NET: Registered protocol family 1
[    1.157800] NET: Registered protocol family 44
[    1.158302] Trying to unpack rootfs image as initramfs...
[    1.349855] Freeing initrd memory: 14696K
[    1.350652] aes_sparc64: Using sparc64 aes opcodes optimized AES implementation
[    1.619157] des_sparc64: Using sparc64 des opcodes optimized DES implementation
[    2.105901] camellia_sparc64: Using sparc64 camellia opcodes optimized CAMELLIA implementation
[    2.285000] workingset: timestamp_bits=46 max_order=23 bucket_order=0
[    2.302860] zbud: loaded
[    2.305061] SGI XFS with ACLs, security attributes, debug enabled
[    2.312079] Block layer SCSI generic (bsg) driver version 0.4 loaded (major 252)
[    2.312839] io scheduler mq-deadline registered
[    2.315386] f029b788: ttyS0 at I/O 0x0 (irq = 1, base_baud = 115200) is a SUN4V HCONS
[    2.321667] printk: console [ttyHV0] enabled
[    2.324125] sunvdc.c:v1.2 (November 24, 2014)
[    2.325744] sunvdc: Virtual Hard disk vdiskc
[    2.325781] sunvdc: vdiskc: 104857600 sectors (51200 MB) protocol 1.2
[    2.344454] sunvdc: Virtual Hard disk vdiskb
[    2.344493] sunvdc: vdiskb: 62914560 sectors (30720 MB) protocol 1.2
[    2.345098]  vdiskb: vdiskb1
[    2.362729] sunvdc: Virtual Hard disk vdiska
[    2.362767] sunvdc: vdiska: 31457280 sectors (15360 MB) protocol 1.2
[    2.363370]  vdiska: vdiska1 vdiska2 vdiska3 vdiska4
[    2.381801] sunvdc: Virtual CDROM vdiskd
[    2.381842] sunvdc: vdiskd: 453848 sectors (221 MB) protocol 1.2
[    2.382465]  vdiskd: vdiskd1 vdiskd2 vdiskd3 vdiskd4 vdiskd5 vdiskd6 vdiskd7
[    2.400242] sunvnet: sunvnet 2.0 (February 3, 2017)
[    2.402230] vnet_port vnet-port-0-0 eth0: Sun LDOM vnet 00:14:4f:f8:12:a3
[    2.402433] sunvnet: eth0: PORT ( remote-mac 00:14:4f:fa:f3:f0 switch-port )
[    2.402776] sunvnet: eth0: PORT ( remote-mac 00:14:4f:f8:e5:f3 )
[    2.403109] sunvnet: eth0: PORT ( remote-mac 00:14:4f:f9:b4:97 )
[    2.403435] sunvnet: eth0: PORT ( remote-mac 00:14:4f:f8:3f:1e )
[    2.403769] sunvnet: eth0: PORT ( remote-mac 00:14:4f:f8:fe:47 )
[    2.404156] sunvnet: eth0: PORT ( remote-mac 00:14:4f:f9:8b:83 )
[    2.405313] rtc-sun4v rtc-sun4v: registered as rtc0
[    2.405844] sun4v_wdt: initialized (timeout=60s, nowayout=0)
[    2.406070] device-mapper: uevent: version 1.0.3
[    2.406776] device-mapper: ioctl: 4.40.0-ioctl (2019-01-18) initialised: dm-devel@redhat.com
[    2.407580] NET: Registered protocol family 17
[    2.408652] registered taskstats version 1
[    2.409420] zswap: loaded using pool lzo/zbud
[    2.601258] Key type big_key registered
[    2.601326] AppArmor: AppArmor sha1 policy hashing enabled
[    2.602087] rtc-sun4v rtc-sun4v: setting system clock to 2020-04-28T12:59:46 UTC (1588078786)
[    2.605924] This architecture does not have kernel memory protection.
[    2.605970] Run /init as init process
[    3.088114] random: fast init done
[    3.095308] crc32c_sparc64: Using sparc64 crc32c opcode optimized CRC32C implementation
[    3.633976] raid6: int64x8  gen()  2175 MB/s
[    3.803994] raid6: int64x8  xor()  1575 MB/s
[    3.973985] raid6: int64x4  gen()  3481 MB/s
[    4.143996] raid6: int64x4  xor()  2013 MB/s
[    4.313984] raid6: int64x2  gen()  2874 MB/s
[    4.483989] raid6: int64x2  xor()  2003 MB/s
[    4.653996] raid6: int64x1  gen()  2798 MB/s
[    4.823992] raid6: int64x1  xor()  1657 MB/s
[    4.824028] raid6: using algorithm int64x4 gen() 3481 MB/s
[    4.824067] raid6: .... xor() 2013 MB/s, rmw enabled
[    4.824104] raid6: using intx1 recovery algorithm
[    4.824910] async_tx: api initialized (async)
[    4.825450] xor: automatically using best checksumming function   Niagara   
[    5.079941] EXT4-fs (vdiska2): mounted filesystem with ordered data mode. Opts: (null)
[    5.293023] systemd[1]: Inserted module 'autofs4'
[    5.303672] NET: Registered protocol family 10
[    5.308420] Segment Routing with IPv6
[    5.325120] systemd[1]: systemd 245.5-2 running in system mode. (+PAM +AUDIT +SELINUX +IMA +APPARMOR +SMACK +SYSVINIT +UTMP +LIBCRYPTSETUP +GCRYPT +GNUTLS +ACL +XZ +LZ4 -SECCOMP +BLKID +ELFUTILS +KMOD +IDN2 -IDN +PCRE2 default-hierarchy=hybrid)
[    5.325732] systemd[1]: Detected architecture sparc64.
[    5.333821] systemd[1]: Set hostname to <ttip>.
[    5.434738] random: lvmconfig: uninitialized urandom read (4 bytes read)
[    5.693303] systemd[1]: /lib/systemd/system/dbus.socket:5: ListenStream= references a path below legacy directory /var/run/, updating /var/run/dbus/system_bus_socket â†’ /run/dbus/system_bus_socket; please update the unit file accordingly.
[    5.758825] random: systemd: uninitialized urandom read (16 bytes read)
[    5.765773] systemd[1]: Created slice system-getty.slice.
[    5.766458] random: systemd: uninitialized urandom read (16 bytes read)
[    5.769292] systemd[1]: Created slice system-modprobe.slice.
[    5.772612] systemd[1]: Created slice system-openvpn\x2dclient.slice.
[    5.777215] systemd[1]: Created slice system-postfix.slice.
[    5.780533] systemd[1]: Created slice system-systemd\x2dfsck.slice.
[    5.783767] systemd[1]: Created slice User and Session Slice.
[    5.784685] systemd[1]: Started Dispatch Password Requests to Console Directory Watch.
[    5.785493] systemd[1]: Started Forward Password Requests to Wall Directory Watch.
[    5.787574] systemd[1]: Set up automount Arbitrary Executable File Formats File System Automount Point.
[    5.788127] systemd[1]: Reached target Local Encrypted Volumes.
[    5.788612] systemd[1]: Reached target Paths.
[    5.789046] systemd[1]: Reached target Remote File Systems.
[    5.789492] systemd[1]: Reached target Slices.
[    5.790378] systemd[1]: Listening on Device-mapper event daemon FIFOs.
[    5.791413] systemd[1]: Listening on LVM2 poll daemon socket.
[    5.793530] systemd[1]: Listening on Syslog Socket.
[    5.794787] systemd[1]: Listening on fsck to fsckd communication Socket.
[    5.795546] systemd[1]: Listening on initctl Compatibility Named Pipe.
[    5.796743] systemd[1]: Listening on Journal Audit Socket.
[    5.797719] systemd[1]: Listening on Journal Socket (/dev/log).
[    5.798914] systemd[1]: Listening on Journal Socket.
[    5.799976] systemd[1]: Listening on udev Control Socket.
[    5.800794] systemd[1]: Listening on udev Kernel Socket.
[    5.809134] systemd[1]: Mounting Huge Pages File System...
[    5.818559] systemd[1]: Mounting POSIX Message Queue File System...
[    5.826957] systemd[1]: Mounting Kernel Debug File System...
[    5.837118] systemd[1]: Mounting Kernel Trace File System...
[    5.845091] systemd[1]: Starting Availability of block devices...
[    5.853461] systemd[1]: Starting Wait for network to be configured by ifupdown...
[    5.862758] systemd[1]: Starting Create list of static device nodes for the current kernel...
[    5.872880] systemd[1]: Starting Monitoring of LVM2 mirrors, snapshots etc. using dmeventd or progress polling...
[    5.881807] systemd[1]: Starting Load Kernel Module drm...
[    5.889703] systemd[1]: Starting nftables...
[    5.891224] systemd[1]: Condition check resulted in Set Up Additional Binary Formats being skipped.
[    5.891454] systemd[1]: Condition check resulted in File System Check on Root Device being skipped.
[    5.902249] systemd[1]: Starting Journal Service...
[    5.911921] systemd[1]: Starting Load Kernel Modules...
[    5.922658] systemd[1]: Starting Remount Root and Kernel File Systems...
[    5.934909] systemd[1]: Starting udev Coldplug all Devices...
[    5.948372] systemd[1]: Mounted Huge Pages File System.
[    5.951088] systemd[1]: Mounted POSIX Message Queue File System.
[    5.953608] systemd[1]: Mounted Kernel Debug File System.
[    5.956845] systemd[1]: Mounted Kernel Trace File System.
[    5.968716] systemd[1]: Finished Availability of block devices.
[    5.978726] systemd[1]: Finished Wait for network to be configured by ifupdown.
[    5.987832] EXT4-fs (vdiska2): re-mounted. Opts: errors=remount-ro
[    5.988064] systemd[1]: Finished Create list of static device nodes for the current kernel.
[    6.002234] systemd[1]: modprobe@drm.service: Succeeded.
[    6.007720] systemd[1]: Finished Load Kernel Module drm.
[    6.008830] systemd[1]: Started Journal Service.
[    6.093398] systemd-journald[544]: Received client request to flush runtime journal.
[    6.477167] sha1_sparc64: Using sparc64 sha1 opcode optimized SHA-1 implementation
[    6.479797] n2rng v0.3 (Jan 7, 2017)
[    6.479866] n2rng f029b104: Registered RNG HVAPI major 2 minor 0
[    6.479926] n2rng f029b104: Found multi-unit-capable RNG, units: 2
[    6.480317] n2rng f029b104: RNG ready
[    6.538725] ------------[ cut here ]------------
[    6.538839] WARNING: CPU: 10 PID: 622 at drivers/block/pktcdvd.c:2597 pkt_setup_dev+0x2e4/0x5a0 [pktcdvd]
[    6.538963] Attempt to register a non-SCSI queue
[    6.539034] Modules linked in: pktcdvd cdrom n2_rng rng_core flash sha1_sparc64(+) nf_tables nfnetlink ip_tables x_tables ipv6 crc_ccitt nf_defrag_ipv6 autofs4 ext4 crc16 mbcache jbd2 raid10 raid456 async_raid6_recov async_memcpy async_pq async_xor xor async_tx raid6_pq raid1 raid0 multipath linear md_mod crc32c_sparc64
[    6.539543] CPU: 10 PID: 622 Comm: pktsetup Not tainted 5.2.0-rc2-00478-g33aae28285b7 #92
[    6.539686] Call Trace:
[    6.539754]  [0000000000468480] __warn+0xc0/0x100
[    6.539850]  [00000000004684f4] warn_slowpath_fmt+0x34/0x60
[    6.539963]  [00000000102fd264] pkt_setup_dev+0x2e4/0x5a0 [pktcdvd]
[    6.540084]  [00000000102fed14] pkt_ctl_ioctl+0x94/0x240 [pktcdvd]
[    6.540203]  [00000000006ac990] do_vfs_ioctl+0x630/0x6e0
[    6.540306]  [00000000006aca88] ksys_ioctl+0x48/0x80
[    6.540394]  [00000000006acad4] sys_ioctl+0x14/0x40
[    6.540490]  [0000000000406294] linux_sparc_syscall+0x34/0x44
[    6.540588] irq event stamp: 3329
[    6.540668] hardirqs last  enabled at (3337): [<00000000004e0f24>] console_unlock+0x644/0x6e0
[    6.540795] hardirqs last disabled at (3344): [<00000000004e09e4>] console_unlock+0x104/0x6e0
[    6.540902] softirqs last  enabled at (2672): [<0000000000b14248>] __do_softirq+0x4a8/0x520
[    6.540996] softirqs last disabled at (2653): [<000000000042d014>] do_softirq_own_stack+0x34/0x60
[    6.541084] ---[ end trace 6978990ef332dd1a ]---
[    6.542164] pktcdvd: setup of pktcdvd device failed
[    6.590230] pktcdvd: setup of pktcdvd device failed
[    6.593380] pktcdvd: setup of pktcdvd device failed
[    6.605645] pktcdvd: setup of pktcdvd device failed
[    6.606406] Adding 787176k swap on /dev/vdiska4.  Priority:-2 extents:1 across:787176k FS
[    6.609092] pktcdvd: setup of pktcdvd device failed
[    6.613019] pktcdvd: setup of pktcdvd device failed
[    6.616410] pktcdvd: setup of pktcdvd device failed
[    6.620641] pktcdvd: setup of pktcdvd device failed
[    6.735972] sha256_sparc64: Using sparc64 sha256 opcode optimized SHA-256/SHA-224 implementation
[    6.752885] EXT4-fs (vdiska1): mounting ext3 file system using the ext4 subsystem
[    6.767082] EXT4-fs (vdiska1): mounted filesystem with ordered data mode. Opts: (null)
[    6.871260] sha512_sparc64: Using sparc64 sha512 opcode optimized SHA-512/SHA-384 implementation
[    6.873142] md5_sparc64: Using sparc64 md5 opcode optimized MD5 implementation
[    6.899827] XFS (dm-0): Mounting V5 Filesystem
[    6.917425] XFS (dm-0): Ending clean mount
[    7.030525] Kernel unaligned access at TPC[84e0d8] aa_dfa_unpack+0x38/0x5c0
[    7.030702] Kernel unaligned access at TPC[84e0f8] aa_dfa_unpack+0x58/0x5c0
[    7.030812] Kernel unaligned access at TPC[84e1c0] aa_dfa_unpack+0x120/0x5c0
[    7.030914] Kernel unaligned access at TPC[84e2a0] aa_dfa_unpack+0x200/0x5c0
[    7.030995] Kernel unaligned access at TPC[84e2b4] aa_dfa_unpack+0x214/0x5c0
[    7.032955] audit: type=1400 audit(1588078790.920:2): apparmor="STATUS" operation="profile_load" profile="unconfined" name="/usr/sbin/haveged" pid=715 comm="apparmor_parser"
[    7.033614] audit: type=1400 audit(1588078790.920:3): apparmor="STATUS" operation="profile_load" profile="unconfined" name="lsb_release" pid=720 comm="apparmor_parser"
[    7.035615] audit: type=1400 audit(1588078790.930:4): apparmor="STATUS" operation="profile_load" profile="unconfined" name="/usr/sbin/named" pid=719 comm="apparmor_parser"
[    7.036292] audit: type=1400 audit(1588078790.930:5): apparmor="STATUS" operation="profile_load" profile="unconfined" name="/usr/sbin/tcpdump" pid=718 comm="apparmor_parser"
[    7.039301] audit: type=1400 audit(1588078790.930:6): apparmor="STATUS" operation="profile_load" profile="unconfined" name="nvidia_modprobe" pid=716 comm="apparmor_parser"
[    7.039441] audit: type=1400 audit(1588078790.930:7): apparmor="STATUS" operation="profile_load" profile="unconfined" name="nvidia_modprobe//kmod" pid=716 comm="apparmor_parser"
[    7.055756] audit: type=1400 audit(1588078790.950:8): apparmor="STATUS" operation="profile_load" profile="unconfined" name="/usr/bin/man" pid=717 comm="apparmor_parser"
[    7.055895] audit: type=1400 audit(1588078790.950:9): apparmor="STATUS" operation="profile_load" profile="unconfined" name="man_filter" pid=717 comm="apparmor_parser"
[    7.056031] audit: type=1400 audit(1588078790.950:10): apparmor="STATUS" operation="profile_load" profile="unconfined" name="man_groff" pid=717 comm="apparmor_parser"
[    7.521411] random: crng init done
[    7.521460] random: 7 urandom warning(s) missed due to ratelimiting
