[    0.000021] PROMLIB: Sun IEEE Boot Prom 'OBP 4.38.12 2018/03/28 14:54'
[    0.000033] PROMLIB: Root node compatible: sun4v
[    0.000082] Linux version 5.8.0-rc3-00082-gcdd3bb54332f (mator@ttip) (gcc (Debian 10.1.0-4) 10.1.0, GNU ld (GNU Binutils for Debian) 2.34) #6 SMP Fri Jul 3 10:48:33 MSK 2020
[    0.000420] printk: bootconsole [earlyprom0] enabled
[    0.000473] ARCH: SUN4V
[    0.000523] Ethernet address: 00:14:4f:fa:06:f2
[    0.000576] MM: PAGE_OFFSET is 0xfff8000000000000 (max_phys_bits == 47)
[    0.000641] MM: VMALLOC [0x0000000100000000 --> 0x0006000000000000]
[    0.000704] MM: VMEMMAP [0x0006000000000000 --> 0x000c000000000000]
[    0.012655] Kernel: Using 5 locked TLB entries for main kernel image.
[    0.012731] Remapping the kernel... 
[    0.012756] done.
[    0.046603] OF stdout device is: /virtual-devices@100/console@1
[    0.046675] PROM: Built device tree with 86758 bytes of memory.
[    0.046741] MDESC: Size is 36224 bytes.
[    0.046865] PLATFORM: banner-name [SPARC T5-2]
[    0.046919] PLATFORM: name [ORCL,SPARC-T5-2]
[    0.046966] PLATFORM: hostid [84fa06f2]
[    0.047010] PLATFORM: serial# [0035260e]
[    0.047054] PLATFORM: stick-frequency [3b9aca00]
[    0.047103] PLATFORM: mac-address [144ffa06f2]
[    0.047151] PLATFORM: watchdog-resolution [1000 ms]
[    0.047202] PLATFORM: watchdog-max-timeout [31536000000 ms]
[    0.047259] PLATFORM: max-cpus [1024]
[    0.052233] Allocated 40960 bytes for kernel page tables.
[    0.052323] Zone ranges:
[    0.052364]   Normal   [mem 0x0000000030400000-0x00000024af937fff]
[    0.052428] Movable zone start for each node
[    0.052475] Early memory node ranges
[    0.052517]   node   0: [mem 0x0000000030400000-0x000000006fe7ffff]
[    0.052581]   node   0: [mem 0x000000006ff00000-0x000000006ff25fff]
[    0.052644]   node   0: [mem 0x0000000070000000-0x000000042fffffff]
[    0.052707]   node   0: [mem 0x0000002030000000-0x00000024af87ffff]
[    0.052769]   node   0: [mem 0x00000024af900000-0x00000024af925fff]
[    0.052831]   node   0: [mem 0x00000024af930000-0x00000024af937fff]
[    0.067166] Zeroed struct page in unavailable ranges: 263766 pages
[    0.067175] Initmem setup node 0 [mem 0x0000000030400000-0x00000024af937fff]
[    0.067334] On node 0 totalpages: 4454826
[    0.067344]   Normal zone: 39154 pages used for memmap
[    0.067350]   Normal zone: 0 pages reserved
[    0.067356]   Normal zone: 4454826 pages, LIFO batch:31
[    0.225644] Booting Linux...
[    0.225731] CPU CAPS: [flush,stbar,swap,muldiv,v9,blkinit,n2,mul32]
[    0.225814] CPU CAPS: [div32,v8plus,popc,vis,vis2,ASIBlkInit,fmaf,vis3]
[    0.225892] CPU CAPS: [hpc,ima,pause,cbcond,aes,des,kasumi,camellia]
[    0.225966] CPU CAPS: [md5,sha1,sha256,sha512,mpmul,montmul,montsqr,crc32c]
[    0.256060] percpu: Embedded 28 pages/cpu s184528 r8192 d36656 u262144
[    0.256278] pcpu-alloc: s184528 r8192 d36656 u262144 alloc=1*4194304
[    0.256285] pcpu-alloc: [0] 000 001 002 003 004 005 006 007 008 009 010 011 012 013 014 015 
[    0.256313] pcpu-alloc: [0] 016 017 018 019 020 021 022 023 024 025 026 027 028 029 030 031 
[    0.256341] pcpu-alloc: [0] 032 033 034 035 036 037 038 039 040 041 042 043 044 045 046 047 
[    0.256369] pcpu-alloc: [0] 048 049 050 051 052 053 054 055 056 057 058 059 060 061 062 063 
[    0.256397] pcpu-alloc: [0] 064 065 066 067 068 069 070 071 072 073 074 075 076 077 078 079 
[    0.256425] pcpu-alloc: [0] 080 081 082 083 084 085 086 087 088 089 090 091 092 093 094 095 
[    0.256453] pcpu-alloc: [0] 096 097 098 099 100 101 102 103 104 105 106 107 108 109 110 111 
[    0.256481] pcpu-alloc: [0] 112 113 114 115 116 117 118 119 120 121 122 123 124 125 126 127 
[    0.256928] SUN4V: Mondo queue sizes [cpu(131072) dev(16384) r(8192) nr(256)]
[    0.257306] Built 1 zonelists, mobility grouping on.  Total pages: 4415672
[    0.257376] Policy zone: Normal
[    0.257433] Kernel command line: BOOT_IMAGE=/vmlinux-5.8.0-rc3-00082-gcdd3bb54332f root=/dev/vdiska2 ro zswap.enabled=1
[    0.259980] printk: log_buf_len individual max cpu contribution: 4096 bytes
[    0.260051] printk: log_buf_len total cpu_extra contributions: 520192 bytes
[    0.260119] printk: log_buf_len min size: 131072 bytes
[    0.260393] printk: log_buf_len: 1048576 bytes
[    0.260444] printk: early log buf free: 126688(96%)
[    0.266765] Dentry cache hash table entries: 8388608 (order: 13, 67108864 bytes, linear)
[    0.270027] Inode-cache hash table entries: 4194304 (order: 12, 33554432 bytes, linear)
[    0.270116] Sorting __ex_table...
[    0.270344] mem auto-init: stack:off, heap alloc:off, heap free:off
[    0.376112] Memory: 35127432K/35638608K available (7960K kernel code, 1075K rwdata, 2336K rodata, 656K init, 6852K bss, 511176K reserved, 0K cma-reserved)
[    0.376802] SLUB: HWalign=32, Order=0-3, MinObjects=0, CPUs=128, Nodes=32
[    0.377110] ftrace: allocating 21744 entries in 43 pages
[    0.385533] ftrace: allocated 43 pages with 4 groups
[    0.388390] Running RCU self tests
[    0.388480] rcu: Hierarchical RCU implementation.
[    0.388533] rcu: 	RCU event tracing is enabled.
[    0.388583] rcu: 	RCU lockdep checking is enabled.
[    0.388634] 	Trampoline variant of Tasks RCU enabled.
[    0.388686] 	Rude variant of Tasks RCU enabled.
[    0.388734] 	Tracing variant of Tasks RCU enabled.
[    0.388785] rcu: RCU calculated value of scheduler-enlistment delay is 10 jiffies.
[    0.393245] NR_IRQS: 2048, nr_irqs: 2048, preallocated irqs: 1
[    0.393328] SUN4V: Using IRQ API major 3, cookie only virqs enabled
[    0.395913] clocksource: stick: mask: 0xffffffffffffffff max_cycles: 0x1cd42e4dffb, max_idle_ns: 881590591483 ns
[    0.396046] clocksource: mult[800000] shift[23]
[    0.396095] clockevent: mult[80000000] shift[31]
[    0.396490] Console: colour dummy device 80x25
[    0.396554] printk: console [tty0] enabled
[    0.396634] printk: bootconsole [earlyprom0] disabled
[    0.396723] Lock dependency validator: Copyright (c) 2006 Red Hat, Inc., Ingo Molnar
[    0.396779] ... MAX_LOCKDEP_SUBCLASSES:  8
[    0.396812] ... MAX_LOCK_DEPTH:          48
[    0.396846] ... MAX_LOCKDEP_KEYS:        8192
[    0.396881] ... CLASSHASH_SIZE:          4096
[    0.396915] ... MAX_LOCKDEP_ENTRIES:     16384
[    0.396950] ... MAX_LOCKDEP_CHAINS:      32768
[    0.396985] ... CHAINHASH_SIZE:          16384
[    0.397020]  memory used by lock dependency info: 3919 kB
[    0.397060]  memory used for stack traces: 2112 kB
[    0.397097]  per task-struct memory footprint: 1920 bytes
[    0.546457] Calibrating delay using timer specific routine.. 2007.34 BogoMIPS (lpj=10036721)
[    0.546535] pid_max: default: 131072 minimum: 1024
[    0.546840] LSM: Security Framework initializing
[    0.547018] AppArmor: AppArmor initialized
[    0.547293] Mount-cache hash table entries: 131072 (order: 7, 1048576 bytes, linear)
[    0.547465] Mountpoint-cache hash table entries: 131072 (order: 7, 1048576 bytes, linear)
[    0.552723] rcu: Hierarchical SRCU implementation.
[    0.561517] smp: Bringing up secondary CPUs ...
[    0.608064] smp: Brought up 1 node, 32 CPUs
[    0.613768] devtmpfs: initialized
[    0.618812] Performance events: 
[    0.618854] Testing NMI watchdog ... 
[    0.818941] OK.
[    0.819118] Supported PMU type is 'niagara5'
[    0.819331] random: get_random_u32 called from bucket_table_alloc.isra.0+0x198/0x1c0 with crng_init=0
[    0.819936] ldc.c:v1.1 (July 22, 2008)
[    0.822606] clocksource: jiffies: mask: 0xffffffff max_cycles: 0xffffffff, max_idle_ns: 19112604462750000 ns
[    0.822704] futex hash table entries: 32768 (order: 9, 4194304 bytes, linear)
[    0.828033] NET: Registered protocol family 16
[    0.837277] VIO: Adding device channel-devices (tx_ino = ffffffffffffffff, rx_ino = ffffffffffffffff)
[    0.837503] VIO: Adding device vnet-port-0-0 (tx_ino = 0, rx_ino = 1)
[    0.837752] VIO: Adding device vnet-port-0-1 (tx_ino = 2, rx_ino = 3)
[    0.837934] VIO: Adding device vnet-port-0-2 (tx_ino = 4, rx_ino = 5)
[    0.838121] VIO: Adding device vnet-port-0-3 (tx_ino = 6, rx_ino = 7)
[    0.838310] VIO: Adding device vnet-port-0-4 (tx_ino = 8, rx_ino = 9)
[    0.838491] VIO: Adding device vdc-port-2-0 (tx_ino = c, rx_ino = d)
[    0.838676] VIO: Adding device vdc-port-1-0 (tx_ino = e, rx_ino = f)
[    0.838857] VIO: Adding device vdc-port-0-0 (tx_ino = 10, rx_ino = 11)
[    0.839038] VIO: Adding device vdc-port-3-0 (tx_ino = 12, rx_ino = 13)
[    0.839268] VIO: Adding device vlds-port-0-0 (tx_ino = 14, rx_ino = 15)
[    0.839452] VIO: Adding device domain-services-port-0 (tx_ino = 14, rx_ino = 15)
[    0.839756] audit: initializing netlink subsys (disabled)
[    0.840044] audit: type=2000 audit(0.440:1): state=initialized audit_enabled=0 res=1
[    0.869890] HugeTLB registered 64.0 KiB page size, pre-allocated 0 pages
[    0.869950] HugeTLB registered 8.00 MiB page size, pre-allocated 0 pages
[    0.870000] HugeTLB registered 256 MiB page size, pre-allocated 0 pages
[    0.870049] HugeTLB registered 2.00 GiB page size, pre-allocated 0 pages
[    0.873024] alg: extra crypto tests enabled.  This is intended for developer use only.
[    0.895315] cryptd: max_cpu_qlen set to 1000
[    0.999524] NetLabel: Initializing
[    0.999566] NetLabel:  domain hash size = 128
[    0.999602] NetLabel:  protocols = UNLABELED CIPSOv4 CALIPSO
[    0.999733] NetLabel:  unlabeled traffic allowed by default
[    1.000707] SUN4V: Reboot data supported (maj=1,min=0).
[    1.001110] ds.c:v1.0 (Jul 11, 2007)
[    1.001478] ds-0: ds_conn_reset() from send_events
[    1.002950] clocksource: Switched to clocksource stick
[    1.212631] VFS: Disk quotas dquot_6.6.0
[    1.212775] VFS: Dquot-cache hash table entries: 1024 (order 0, 8192 bytes)
[    1.215107] AppArmor: AppArmor Filesystem Enabled
[    1.228564] NET: Registered protocol family 2
[    1.230279] tcp_listen_portaddr_hash hash table entries: 32768 (order: 8, 2621440 bytes, linear)
[    1.233215] TCP established hash table entries: 524288 (order: 9, 4194304 bytes, linear)
[    1.235616] TCP bind hash table entries: 65536 (order: 9, 4718592 bytes, linear)
[    1.241561] TCP: Hash tables configured (established 524288 bind 65536)
[    1.244117] UDP hash table entries: 32768 (order: 9, 5242880 bytes, linear)
[    1.250622] UDP-Lite hash table entries: 32768 (order: 9, 5242880 bytes, linear)
[    1.258595] NET: Registered protocol family 1
[    1.258660] NET: Registered protocol family 44
[    1.259324] Trying to unpack rootfs image as initramfs...
[    1.468584] Freeing initrd memory: 15512K
[    1.469478] aes_sparc64: Using sparc64 aes opcodes optimized AES implementation
[    1.721054] des_sparc64: Using sparc64 des opcodes optimized DES implementation
[    2.185678] camellia_sparc64: Using sparc64 camellia opcodes optimized CAMELLIA implementation
[    2.353260] workingset: timestamp_bits=41 max_order=23 bucket_order=0
[    2.374536] zbud: loaded
[    2.377271] SGI XFS with ACLs, security attributes, quota, fatal assert, debug enabled
[    2.404208] Block layer SCSI generic (bsg) driver version 0.4 loaded (major 252)
[    2.405175] io scheduler mq-deadline registered
[    2.408031] f029b788: ttyHV0 at I/O 0x0 (irq = 1, base_baud = 115200) is a SUN4V HCONS
[    2.409025] printk: console [ttyHV0] enabled
[    2.413377] sunvdc.c:v1.2 (November 24, 2014)
[    2.416634] sunvdc: Virtual Hard disk vdiskc
[    2.416678] sunvdc: vdiskc: 104857600 sectors (51200 MB) protocol 1.2
[    2.439580] sunvdc: Virtual Hard disk vdiskb
[    2.439624] sunvdc: vdiskb: 62914560 sectors (30720 MB) protocol 1.2
[    2.441128]  vdiskb: vdiskb1
[    2.462463] sunvdc: Virtual Hard disk vdiska
[    2.462506] sunvdc: vdiska: 31457280 sectors (15360 MB) protocol 1.2
[    2.463628]  vdiska: vdiska1 vdiska2 vdiska3 vdiska4
[    2.486358] sunvdc: Virtual CDROM vdiskd
[    2.486406] sunvdc: vdiskd: 453848 sectors (221 MB) protocol 1.2
[    2.487512]  vdiskd: vdiskd1 vdiskd2 vdiskd3 vdiskd4 vdiskd5 vdiskd6 vdiskd7
[    2.508108] sunvnet: sunvnet 2.0 (February 3, 2017)
[    2.510710] vnet_port vnet-port-0-0 eth0: Sun LDOM vnet 00:14:4f:f8:12:a3
[    2.510934] sunvnet: eth0: PORT ( remote-mac 00:14:4f:fa:f3:f0 switch-port )
[    2.511564] sunvnet: eth0: PORT ( remote-mac 00:14:4f:f8:e5:f3 )
[    2.512152] sunvnet: eth0: PORT ( remote-mac 00:14:4f:f9:b4:97 )
[    2.512748] sunvnet: eth0: PORT ( remote-mac 00:14:4f:f8:3f:1e )
[    2.513363] sunvnet: eth0: PORT ( remote-mac 00:14:4f:f8:fe:47 )
[    2.514634] rtc-sun4v rtc-sun4v: registered as rtc0
[    2.514760] rtc-sun4v rtc-sun4v: setting system clock to 2020-07-03T08:24:32 UTC (1593764672)
[    2.515360] sun4v_wdt: initialized (timeout=60s, nowayout=0)
[    2.515745] device-mapper: uevent: version 1.0.3
[    2.516770] device-mapper: ioctl: 4.42.0-ioctl (2020-02-27) initialised: dm-devel@redhat.com
[    2.517793] NET: Registered protocol family 17
[    2.518220] registered taskstats version 1
[    2.519216] zswap: loaded using pool lzo/zbud
[    2.520711] AppArmor: AppArmor sha1 policy hashing enabled
[    2.525845] This architecture does not have kernel memory protection.
[    2.525907] Run /init as init process
[    2.525942]   with arguments:
[    2.525949]     /init
[    2.525956]   with environment:
[    2.525962]     HOME=/
[    2.525968]     TERM=linux
[    2.525975]     BOOT_IMAGE=/vmlinux-5.8.0-rc3-00082-gcdd3bb54332f
[    3.022319] crc32c_sparc64: Using sparc64 crc32c opcode optimized CRC32C implementation
[    3.562889] raid6: int64x8  gen()  2160 MB/s
[    3.732883] raid6: int64x8  xor()  1551 MB/s
[    3.902886] raid6: int64x4  gen()  3431 MB/s
[    4.072888] raid6: int64x4  xor()  1480 MB/s
[    4.242899] raid6: int64x2  gen()  2796 MB/s
[    4.412904] raid6: int64x2  xor()  1161 MB/s
[    4.582886] raid6: int64x1  gen()  1386 MB/s
[    4.752883] raid6: int64x1  xor()   665 MB/s
[    4.752924] raid6: using algorithm int64x4 gen() 3431 MB/s
[    4.752968] raid6: .... xor() 1480 MB/s, rmw enabled
[    4.753009] raid6: using intx1 recovery algorithm
[    4.753911] async_tx: api initialized (async)
[    4.754430] xor: automatically using best checksumming function   Niagara   
[    4.834804] random: fast init done
[    4.957895] process '/usr/bin/fstype' started with executable stack
[    5.091538] EXT4-fs (vdiska2): mounted filesystem with ordered data mode. Opts: (null)
[    7.398016] systemd[1]: Inserted module 'autofs4'
[    7.410075] NET: Registered protocol family 10
[    7.416392] Segment Routing with IPv6
[    7.471106] systemd[1]: systemd 245.6-1 running in system mode. (+PAM +AUDIT +SELINUX +IMA +APPARMOR +SMACK +SYSVINIT +UTMP +LIBCRYPTSETUP +GCRYPT +GNUTLS +ACL +XZ +LZ4 -SECCOMP +BLKID +ELFUTILS +KMOD +IDN2 -IDN +PCRE2 default-hierarchy=hybrid)
[    7.471731] systemd[1]: Detected architecture sparc64.
[    7.555826] systemd[1]: Set hostname to <ttip>.
[    8.677772] random: lvmconfig: uninitialized urandom read (4 bytes read)
[   10.480888] random: systemd: uninitialized urandom read (16 bytes read)
[   10.526308] systemd[1]: Created slice system-getty.slice.
[   10.527070] random: systemd: uninitialized urandom read (16 bytes read)
[   10.537308] systemd[1]: Created slice system-modprobe.slice.
[   10.537767] random: systemd: uninitialized urandom read (16 bytes read)
[   10.547535] systemd[1]: Created slice system-openvpn\x2dclient.slice.
[   10.587694] systemd[1]: Created slice system-postfix.slice.
[   10.598272] systemd[1]: Created slice system-systemd\x2dfsck.slice.
[   10.607735] systemd[1]: Created slice User and Session Slice.
[   10.608756] systemd[1]: Started Dispatch Password Requests to Console Directory Watch.
[   10.609612] systemd[1]: Started Forward Password Requests to Wall Directory Watch.
[   10.612580] systemd[1]: Set up automount Arbitrary Executable File Formats File System Automount Point.
[   10.613242] systemd[1]: Reached target Local Encrypted Volumes.
[   10.613762] systemd[1]: Reached target Paths.
[   10.614218] systemd[1]: Reached target Remote File Systems.
[   10.614678] systemd[1]: Reached target Slices.
[   10.615623] systemd[1]: Listening on Device-mapper event daemon FIFOs.
[   10.616778] systemd[1]: Listening on LVM2 poll daemon socket.
[   10.617886] systemd[1]: Listening on Syslog Socket.
[   10.618896] systemd[1]: Listening on fsck to fsckd communication Socket.
[   10.619689] systemd[1]: Listening on initctl Compatibility Named Pipe.
[   10.620971] systemd[1]: Listening on Journal Audit Socket.
[   10.622013] systemd[1]: Listening on Journal Socket (/dev/log).
[   10.623237] systemd[1]: Listening on Journal Socket.
[   10.624341] systemd[1]: Listening on udev Control Socket.
[   10.625181] systemd[1]: Listening on udev Kernel Socket.
[   10.641581] systemd[1]: Mounting Huge Pages File System...
[   10.662516] systemd[1]: Mounting POSIX Message Queue File System...
[   10.678590] systemd[1]: Mounting Kernel Debug File System...
[   10.748638] systemd[1]: Mounting Kernel Trace File System...
[   10.763354] systemd[1]: Starting Availability of block devices...
[   10.779686] systemd[1]: Starting Wait for network to be configured by ifupdown...
[   10.794291] systemd[1]: Starting Create list of static device nodes for the current kernel...
[   10.810113] systemd[1]: Starting Monitoring of LVM2 mirrors, snapshots etc. using dmeventd or progress polling...
[   10.825250] systemd[1]: Starting Load Kernel Module drm...
[   10.839629] systemd[1]: Starting nftables...
[   10.868839] systemd[1]: Condition check resulted in Set Up Additional Binary Formats being skipped.
[   10.869107] systemd[1]: Condition check resulted in File System Check on Root Device being skipped.
[   10.891064] systemd[1]: Starting Journal Service...
[   10.909612] systemd[1]: Starting Load Kernel Modules...
[   10.925258] systemd[1]: Starting Remount Root and Kernel File Systems...
[   10.939668] systemd[1]: Starting udev Coldplug all Devices...
[   10.948464] systemd[1]: Mounted Huge Pages File System.
[   10.949956] systemd[1]: Mounted POSIX Message Queue File System.
[   10.951433] systemd[1]: Mounted Kernel Debug File System.
[   10.953080] systemd[1]: Mounted Kernel Trace File System.
[   10.960993] systemd[1]: Finished Availability of block devices.
[   10.967884] systemd[1]: Finished Wait for network to be configured by ifupdown.
[   10.974562] systemd[1]: Finished Create list of static device nodes for the current kernel.
[   10.977463] systemd[1]: modprobe@drm.service: Succeeded.
[   10.982012] systemd[1]: Finished Load Kernel Module drm.
[   11.049519] systemd[1]: Finished Load Kernel Modules.
[   11.052046] systemd[1]: Condition check resulted in FUSE Control File System being skipped.
[   11.052540] systemd[1]: Condition check resulted in Kernel Configuration File System being skipped.
[   11.069539] systemd[1]: Starting Apply Kernel Variables...
[   11.071004] EXT4-fs (vdiska2): re-mounted. Opts: errors=remount-ro
[   11.102204] systemd[1]: Finished Remount Root and Kernel File Systems.
[   11.168267] systemd[1]: Starting Initial Check File System Quotas...
[   11.224234] systemd[1]: Condition check resulted in Rebuild Hardware Database being skipped.
[   11.224538] systemd[1]: Condition check resulted in Platform Persistent Storage Archival being skipped.
[   11.238919] systemd[1]: Starting Load/Save Random Seed...
[   11.255423] systemd[1]: Starting Create System Users...
[   11.257494] systemd[1]: Started Journal Service.
[   11.426694] systemd-journald[497]: Received client request to flush runtime journal.
[   13.313692] sha1_sparc64: Using sparc64 sha1 opcode optimized SHA-1 implementation
[   13.424480] n2rng v0.3 (Jan 7, 2017)
[   13.424604] n2rng f029b104: Registered RNG HVAPI major 2 minor 0
[   13.424717] n2rng f029b104: Found multi-unit-capable RNG, units: 2
[   13.426046] n2rng f029b104: RNG ready
[   13.465232] sha256_sparc64: Using sparc64 sha256 opcode optimized SHA-256/SHA-224 implementation
[   13.536318] pktcdvd: setup of pktcdvd device failed
[   13.579928] pktcdvd: setup of pktcdvd device failed
[   13.583557] pktcdvd: setup of pktcdvd device failed
[   13.587102] pktcdvd: setup of pktcdvd device failed
[   13.590543] pktcdvd: setup of pktcdvd device failed
[   13.593981] pktcdvd: setup of pktcdvd device failed
[   13.597220] pktcdvd: setup of pktcdvd device failed
[   13.600711] pktcdvd: setup of pktcdvd device failed
[   13.650548] sha512_sparc64: Using sparc64 sha512 opcode optimized SHA-512/SHA-384 implementation
[   13.666623] md5_sparc64: Using sparc64 md5 opcode optimized MD5 implementation
[   13.843001] Adding 787176k swap on /dev/vdiska4.  Priority:-2 extents:1 across:787176k FS
[   14.264642] XFS (dm-0): Mounting V5 Filesystem
[   14.463368] XFS (dm-0): Ending clean mount
[   14.466019] xfs filesystem being mounted at /1 supports timestamps until 2038 (0x7fffffff)
[   14.593268] EXT4-fs (vdiska1): mounting ext3 file system using the ext4 subsystem
[   15.095998] EXT4-fs (vdiska1): mounted filesystem with ordered data mode. Opts: (null)
[   15.096223] ext3 filesystem being mounted at /boot supports timestamps until 2038 (0x7fffffff)
[   16.013436] random: crng init done
[   16.013564] random: 6 urandom warning(s) missed due to ratelimiting
[   16.783561] Kernel unaligned access at TPC[8bc7fc] aa_dfa_unpack+0x3c/0x640
[   16.783687] Kernel unaligned access at TPC[8bc810] aa_dfa_unpack+0x50/0x640
[   16.783771] Kernel unaligned access at TPC[8bc8d4] aa_dfa_unpack+0x114/0x640
[   16.783859] Kernel unaligned access at TPC[8bc9a4] aa_dfa_unpack+0x1e4/0x640
[   16.783945] Kernel unaligned access at TPC[8bc9b8] aa_dfa_unpack+0x1f8/0x640
[   16.785668] audit: type=1400 audit(1593764686.760:2): apparmor="STATUS" operation="profile_load" profile="unconfined" name="/usr/sbin/haveged" pid=682 comm="apparmor_parser"
[   16.794441] audit: type=1400 audit(1593764686.770:3): apparmor="STATUS" operation="profile_load" profile="unconfined" name="nvidia_modprobe" pid=684 comm="apparmor_parser"
[   16.794626] audit: type=1400 audit(1593764686.770:4): apparmor="STATUS" operation="profile_load" profile="unconfined" name="nvidia_modprobe//kmod" pid=684 comm="apparmor_parser"
[   16.805711] audit: type=1400 audit(1593764686.780:5): apparmor="STATUS" operation="profile_load" profile="unconfined" name="lsb_release" pid=688 comm="apparmor_parser"
[   16.844442] audit: type=1400 audit(1593764686.820:6): apparmor="STATUS" operation="profile_load" profile="unconfined" name="/usr/bin/man" pid=685 comm="apparmor_parser"
[   16.844598] audit: type=1400 audit(1593764686.820:7): apparmor="STATUS" operation="profile_load" profile="unconfined" name="man_filter" pid=685 comm="apparmor_parser"
[   16.844753] audit: type=1400 audit(1593764686.820:8): apparmor="STATUS" operation="profile_load" profile="unconfined" name="man_groff" pid=685 comm="apparmor_parser"
[   16.929856] audit: type=1400 audit(1593764686.900:9): apparmor="STATUS" operation="profile_load" profile="unconfined" name="/usr/sbin/named" pid=687 comm="apparmor_parser"
[   16.938665] audit: type=1400 audit(1593764686.910:10): apparmor="STATUS" operation="profile_load" profile="unconfined" name="tcpdump" pid=686 comm="apparmor_parser"
