[    0.000018] PROMLIB: Sun IEEE Boot Prom 'OBP 4.38.12 2018/03/28 14:54'
[    0.000031] PROMLIB: Root node compatible: sun4v
[    0.000080] Linux version 5.5.0-09386-g33b40134e5cf (mator@ttip) (gcc version 9.2.1 20200123 (Debian 9.2.1-25)) #8 SMP Tue Feb 4 17:33:57 MSK 2020
[    0.000397] printk: bootconsole [earlyprom0] enabled
[    0.000450] ARCH: SUN4V
[    0.000500] Ethernet address: 00:14:4f:fa:06:f2
[    0.000553] MM: PAGE_OFFSET is 0xfff8000000000000 (max_phys_bits == 47)
[    0.000621] MM: VMALLOC [0x0000000100000000 --> 0x0006000000000000]
[    0.000683] MM: VMEMMAP [0x0006000000000000 --> 0x000c000000000000]
[    0.012401] Kernel: Using 5 locked TLB entries for main kernel image.
[    0.012479] Remapping the kernel... 
[    0.012506] done.
[    0.046239] OF stdout device is: /virtual-devices@100/console@1
[    0.046318] PROM: Built device tree with 88003 bytes of memory.
[    0.046384] MDESC: Size is 36960 bytes.
[    0.046508] PLATFORM: banner-name [SPARC T5-2]
[    0.046559] PLATFORM: name [ORCL,SPARC-T5-2]
[    0.046606] PLATFORM: hostid [84fa06f2]
[    0.046648] PLATFORM: serial# [0035260e]
[    0.046693] PLATFORM: stick-frequency [3b9aca00]
[    0.046741] PLATFORM: mac-address [144ffa06f2]
[    0.046788] PLATFORM: watchdog-resolution [1000 ms]
[    0.046838] PLATFORM: watchdog-max-timeout [31536000000 ms]
[    0.046894] PLATFORM: max-cpus [1024]
[    0.046995] Top of RAM: 0x24af938000, Total RAM: 0x87f354000
[    0.047059] Memory hole size: 115461MB
[    0.051706] Allocated 40960 bytes for kernel page tables.
[    0.051793] Zone ranges:
[    0.051833]   Normal   [mem 0x0000000030400000-0x00000024af937fff]
[    0.051898] Movable zone start for each node
[    0.051945] Early memory node ranges
[    0.051987]   node   0: [mem 0x0000000030400000-0x000000006fe7ffff]
[    0.052051]   node   0: [mem 0x000000006ff00000-0x000000006ff25fff]
[    0.052114]   node   0: [mem 0x0000000070000000-0x000000042fffffff]
[    0.052179]   node   0: [mem 0x0000002030000000-0x00000024af87ffff]
[    0.052241]   node   0: [mem 0x00000024af900000-0x00000024af925fff]
[    0.052303]   node   0: [mem 0x00000024af930000-0x00000024af937fff]
[    0.064019] Zeroed struct page in unavailable ranges: 263766 pages
[    0.064027] Initmem setup node 0 [mem 0x0000000030400000-0x00000024af937fff]
[    0.064186] On node 0 totalpages: 4454826
[    0.064196]   Normal zone: 39154 pages used for memmap
[    0.064201]   Normal zone: 0 pages reserved
[    0.064207]   Normal zone: 4454826 pages, LIFO batch:31
[    0.075396] Booting Linux...
[    0.075479] CPU CAPS: [flush,stbar,swap,muldiv,v9,blkinit,n2,mul32]
[    0.075562] CPU CAPS: [div32,v8plus,popc,vis,vis2,ASIBlkInit,fmaf,vis3]
[    0.075640] CPU CAPS: [hpc,ima,pause,cbcond,aes,des,kasumi,camellia]
[    0.075713] CPU CAPS: [md5,sha1,sha256,sha512,mpmul,montmul,montsqr,crc32c]
[    0.105725] percpu: Embedded 27 pages/cpu s182280 r8192 d30712 u262144
[    0.105988] pcpu-alloc: s182280 r8192 d30712 u262144 alloc=1*4194304
[    0.105995] pcpu-alloc: [0] 000 001 002 003 004 005 006 007 008 009 010 011 012 013 014 015 
[    0.106022] pcpu-alloc: [0] 016 017 018 019 020 021 022 023 024 025 026 027 028 029 030 031 
[    0.106049] pcpu-alloc: [0] 032 033 034 035 036 037 038 039 040 041 042 043 044 045 046 047 
[    0.106075] pcpu-alloc: [0] 048 049 050 051 052 053 054 055 056 057 058 059 060 061 062 063 
[    0.106102] pcpu-alloc: [0] 064 065 066 067 068 069 070 071 072 073 074 075 076 077 078 079 
[    0.106128] pcpu-alloc: [0] 080 081 082 083 084 085 086 087 088 089 090 091 092 093 094 095 
[    0.106154] pcpu-alloc: [0] 096 097 098 099 100 101 102 103 104 105 106 107 108 109 110 111 
[    0.106181] pcpu-alloc: [0] 112 113 114 115 116 117 118 119 120 121 122 123 124 125 126 127 
[    0.106705] SUN4V: Mondo queue sizes [cpu(131072) dev(16384) r(8192) nr(256)]
[    0.107082] Built 1 zonelists, mobility grouping on.  Total pages: 4415672
[    0.107172] Kernel command line: BOOT_IMAGE=/vmlinux-5.5.0-09386-g33b40134e5cf root=/dev/vdiska2 ro zswap.enabled=1
[    0.109605] printk: log_buf_len individual max cpu contribution: 4096 bytes
[    0.109676] printk: log_buf_len total cpu_extra contributions: 520192 bytes
[    0.109744] printk: log_buf_len min size: 131072 bytes
[    0.110018] printk: log_buf_len: 1048576 bytes
[    0.110069] printk: early log buf free: 126656(96%)
[    0.116404] Dentry cache hash table entries: 8388608 (order: 13, 67108864 bytes, linear)
[    0.119657] Inode-cache hash table entries: 4194304 (order: 12, 33554432 bytes, linear)
[    0.119741] Sorting __ex_table...
[    0.119975] mem auto-init: stack:off, heap alloc:off, heap free:off
[    0.178369] Memory: 1305232K/35638608K available (7609K kernel code, 1039K rwdata, 2264K rodata, 624K init, 6408K bss, 508448K reserved, 0K cma-reserved)
[    0.179036] SLUB: HWalign=32, Order=0-3, MinObjects=0, CPUs=128, Nodes=1
[    0.179334] ftrace: allocating 21287 entries in 42 pages
[    0.187530] ftrace: allocated 42 pages with 3 groups
[    0.190370] Running RCU self tests
[    0.190440] rcu: Hierarchical RCU implementation.
[    0.190492] rcu: 	RCU event tracing is enabled.
[    0.190541] rcu: 	RCU lockdep checking is enabled.
[    0.190592] 	Tasks RCU enabled.
[    0.190630] rcu: RCU calculated value of scheduler-enlistment delay is 10 jiffies.
[    0.194935] NR_IRQS: 2048, nr_irqs: 2048, preallocated irqs: 1
[    0.195027] SUN4V: Using IRQ API major 3, cookie only virqs enabled
[    0.197451] clocksource: stick: mask: 0xffffffffffffffff max_cycles: 0x1cd42e4dffb, max_idle_ns: 881590591483 ns
[    0.197587] clocksource: mult[800000] shift[23]
[    0.197637] clockevent: mult[80000000] shift[31]
[    0.198163] Console: colour dummy device 80x25
[    0.198226] printk: console [tty0] enabled
[    0.198302] printk: bootconsole [earlyprom0] disabled
[    0.198385] Lock dependency validator: Copyright (c) 2006 Red Hat, Inc., Ingo Molnar
[    0.198434] ... MAX_LOCKDEP_SUBCLASSES:  8
[    0.198463] ... MAX_LOCK_DEPTH:          48
[    0.198493] ... MAX_LOCKDEP_KEYS:        8192
[    0.198524] ... CLASSHASH_SIZE:          4096
[    0.198554] ... MAX_LOCKDEP_ENTRIES:     16384
[    0.198585] ... MAX_LOCKDEP_CHAINS:      32768
[    0.198616] ... CHAINHASH_SIZE:          16384
[    0.198647]  memory used by lock dependency info: 3855 kB
[    0.198683]  memory used for stack traces: 2112 kB
[    0.198716]  per task-struct memory footprint: 1920 bytes
[    0.348136] Calibrating delay using timer specific routine.. 2011.90 BogoMIPS (lpj=10059516)
[    0.348205] pid_max: default: 131072 minimum: 1024
[    0.348496] LSM: Security Framework initializing
[    0.348650] AppArmor: AppArmor initialized
[    0.348879] Mount-cache hash table entries: 131072 (order: 7, 1048576 bytes, linear)
[    0.349044] Mountpoint-cache hash table entries: 131072 (order: 7, 1048576 bytes, linear)
[    0.349173] *** VALIDATE tmpfs ***
[    0.350054] *** VALIDATE proc ***
[    0.350564] *** VALIDATE cgroup1 ***
[    0.350595] *** VALIDATE cgroup2 ***
[    0.352702] rcu: Hierarchical SRCU implementation.
[    0.360731] smp: Bringing up secondary CPUs ...
[    0.404424] smp: Brought up 1 node, 32 CPUs
[    0.596144] node 0 initialised, 4228116 pages in 190ms
[    0.597479] devtmpfs: initialized
[    0.602203] Performance events: 
[    0.602252] Testing NMI watchdog ... 
[    0.802337] OK.
[    0.802469] Supported PMU type is 'niagara5'
[    0.802669] random: get_random_u32 called from bucket_table_alloc.isra.0+0x188/0x1c0 with crng_init=0
[    0.803333] ldc.c:v1.1 (July 22, 2008)
[    0.805787] clocksource: jiffies: mask: 0xffffffff max_cycles: 0xffffffff, max_idle_ns: 19112604462750000 ns
[    0.805876] futex hash table entries: 32768 (order: 9, 4194304 bytes, linear)
[    0.811032] NET: Registered protocol family 16
[    0.819494] VIO: Adding device channel-devices (tx_ino = ffffffffffffffff, rx_ino = ffffffffffffffff)
[    0.819707] VIO: Adding device vnet-port-0-0 (tx_ino = 0, rx_ino = 1)
[    0.819908] VIO: Adding device vnet-port-0-1 (tx_ino = 2, rx_ino = 3)
[    0.820075] VIO: Adding device vnet-port-0-2 (tx_ino = 4, rx_ino = 5)
[    0.820246] VIO: Adding device vnet-port-0-4 (tx_ino = 8, rx_ino = 9)
[    0.820411] VIO: Adding device vnet-port-0-5 (tx_ino = a, rx_ino = b)
[    0.820576] VIO: Adding device vnet-port-0-6 (tx_ino = c, rx_ino = d)
[    0.820740] VIO: Adding device vdc-port-3-0 (tx_ino = e, rx_ino = f)
[    0.820911] VIO: Adding device vdc-port-2-0 (tx_ino = 10, rx_ino = 11)
[    0.821076] VIO: Adding device vdc-port-1-0 (tx_ino = 12, rx_ino = 13)
[    0.821241] VIO: Adding device vdc-port-0-0 (tx_ino = 14, rx_ino = 15)
[    0.821410] VIO: Adding device vdc-port-4-0 (tx_ino = 16, rx_ino = 17)
[    0.821577] VIO: Adding device vlds-port-0-0 (tx_ino = 18, rx_ino = 19)
[    0.821745] VIO: Adding device domain-services-port-0 (tx_ino = 18, rx_ino = 19)
[    0.822023] audit: initializing netlink subsys (disabled)
[    0.822320] audit: type=2000 audit(0.420:1): state=initialized audit_enabled=0 res=1
[    0.847453] HugeTLB registered 64.0 KiB page size, pre-allocated 0 pages
[    0.847510] HugeTLB registered 8.00 MiB page size, pre-allocated 0 pages
[    0.847555] HugeTLB registered 256 MiB page size, pre-allocated 0 pages
[    0.847599] HugeTLB registered 2.00 GiB page size, pre-allocated 0 pages
[    0.849205] alg: extra crypto tests enabled.  This is intended for developer use only.
[    0.874983] cryptd: max_cpu_qlen set to 1000
[    0.983794] NetLabel: Initializing
[    0.983834] NetLabel:  domain hash size = 128
[    0.983866] NetLabel:  protocols = UNLABELED CIPSOv4 CALIPSO
[    0.983992] NetLabel:  unlabeled traffic allowed by default
[    0.984962] SUN4V: Reboot data supported (maj=1,min=0).
[    0.985327] ds.c:v1.0 (Jul 11, 2007)
[    0.985679] ds-0: ds_conn_reset() from send_events.isra.0
[    0.987141] clocksource: Switched to clocksource stick
[    1.185225] *** VALIDATE bpf ***
[    1.186438] VFS: Disk quotas dquot_6.6.0
[    1.186563] VFS: Dquot-cache hash table entries: 1024 (order 0, 8192 bytes)
[    1.186766] *** VALIDATE ramfs ***
[    1.186817] *** VALIDATE hugetlbfs ***
[    1.188477] AppArmor: AppArmor Filesystem Enabled
[    1.201075] NET: Registered protocol family 2
[    1.202991] tcp_listen_portaddr_hash hash table entries: 32768 (order: 8, 2359296 bytes, linear)
[    1.205903] TCP established hash table entries: 524288 (order: 9, 4194304 bytes, linear)
[    1.208020] TCP bind hash table entries: 65536 (order: 9, 4194304 bytes, linear)
[    1.214129] TCP: Hash tables configured (established 524288 bind 65536)
[    1.216564] UDP hash table entries: 32768 (order: 9, 5242880 bytes, linear)
[    1.222944] UDP-Lite hash table entries: 32768 (order: 9, 5242880 bytes, linear)
[    1.230904] NET: Registered protocol family 1
[    1.230970] NET: Registered protocol family 44
[    1.231641] Trying to unpack rootfs image as initramfs...
[    1.425263] Freeing initrd memory: 14736K
[    1.426249] aes_sparc64: Using sparc64 aes opcodes optimized AES implementation
[    1.724684] des_sparc64: Using sparc64 des opcodes optimized DES implementation
[    2.253425] camellia_sparc64: Using sparc64 camellia opcodes optimized CAMELLIA implementation
[    2.454620] workingset: timestamp_bits=46 max_order=23 bucket_order=0
[    2.475224] SGI XFS with ACLs, security attributes, quota, fatal assert, debug enabled
[    2.481270] *** VALIDATE xfs ***
[    2.495938] Block layer SCSI generic (bsg) driver version 0.4 loaded (major 252)
[    2.496901] io scheduler mq-deadline registered
[    2.499624] f029b788: ttyHV0 at I/O 0x0 (irq = 1, base_baud = 115200) is a SUN4V HCONS
[    2.500625] printk: console [ttyHV0] enabled
[    2.504270] sunvdc.c:v1.2 (November 24, 2014)
[    2.505865] sunvdc: Virtual CDROM vdiskd
[    2.505910] sunvdc: vdiskd: 403160 sectors (196 MB) protocol 1.2
[    2.507775]  vdiskd: vdiskd1 vdiskd2 vdiskd3 vdiskd4 vdiskd5 vdiskd6 vdiskd7
[    2.528086] sunvdc: Virtual Hard disk vdiskc
[    2.528137] sunvdc: vdiskc: 104857600 sectors (51200 MB) protocol 1.2
[    2.547665] sunvdc: Virtual Hard disk vdiskb
[    2.547715] sunvdc: vdiskb: 62914560 sectors (30720 MB) protocol 1.2
[    2.549106]  vdiskb: vdiskb1
[    2.567436] sunvdc: Virtual Hard disk vdiska
[    2.567485] sunvdc: vdiska: 31457280 sectors (15360 MB) protocol 1.2
[    2.569000]  vdiska: vdiska1 vdiska2 vdiska3 vdiska4
[    2.588260] sunvdc: Virtual Hard disk vdiske
[    2.588311] sunvdc: vdiske: 20971520 sectors (10240 MB) protocol 1.2
[    2.589840]  vdiske: vdiske1 vdiske2
[    2.607133] sunvnet: sunvnet 2.0 (February 3, 2017)
[    2.609315] vnet_port vnet-port-0-0 eth0: Sun LDOM vnet 00:14:4f:f8:12:a3
[    2.609545] sunvnet: eth0: PORT ( remote-mac 00:14:4f:fa:f3:f0 switch-port )
[    2.609907] sunvnet: eth0: PORT ( remote-mac 00:14:4f:f8:e5:f3 )
[    2.610246] sunvnet: eth0: PORT ( remote-mac 00:14:4f:f9:b4:97 )
[    2.610579] sunvnet: eth0: PORT ( remote-mac 00:14:4f:f8:3f:1e )
[    2.610927] sunvnet: eth0: PORT ( remote-mac 00:14:4f:f8:fe:47 )
[    2.611265] sunvnet: eth0: PORT ( remote-mac 00:14:4f:f9:8b:83 )
[    2.612517] rtc-sun4v rtc-sun4v: registered as rtc0
[    2.613062] sun4v_wdt: initialized (timeout=60s, nowayout=0)
[    2.613317] device-mapper: uevent: version 1.0.3
[    2.614325] device-mapper: ioctl: 4.41.0-ioctl (2019-09-16) initialised: dm-devel@redhat.com
[    2.615344] NET: Registered protocol family 17
[    2.615923] registered taskstats version 1
[    2.623487] zswap: default zpool zbud not available
[    2.623555] zswap: pool creation failed
[    2.957455] Key type big_key registered
[    2.957527] AppArmor: AppArmor sha1 policy hashing enabled
[    2.958326] rtc-sun4v rtc-sun4v: setting system clock to 2020-02-04T17:36:40 UTC (1580837800)
[    2.962636] This architecture does not have kernel memory protection.
[    2.962684] Run /init as init process
[    2.962716]   with arguments:
[    2.962723]     /init
[    2.962729]   with environment:
[    2.962736]     HOME=/
[    2.962742]     TERM=linux
[    2.962748]     BOOT_IMAGE=/vmlinux-5.5.0-09386-g33b40134e5cf
[    3.448655] crc32c_sparc64: Using sparc64 crc32c opcode optimized CRC32C implementation
[    3.628853] random: fast init done
[    3.643734] md127: WARNING: vdiske1 appears to be on the same physical disk as vdiske2.
[    3.643821] True protection against single-disk failure might be compromised.
[    3.644544] md/raid1:md127: active with 2 out of 2 mirrors
[    3.644826] md127: detected capacity change from 0 to 26148864
[    4.097151] raid6: int64x8  gen()  2141 MB/s
[    4.267125] raid6: int64x8  xor()  1497 MB/s
[    4.437121] raid6: int64x4  gen()  3404 MB/s
[    4.607115] raid6: int64x4  xor()  1477 MB/s
[    4.777114] raid6: int64x2  gen()  2774 MB/s
[    4.947105] raid6: int64x2  xor()  1161 MB/s
[    5.117123] raid6: int64x1  gen()  1375 MB/s
[    5.287117] raid6: int64x1  xor()   665 MB/s
[    5.287169] raid6: using algorithm int64x4 gen() 3404 MB/s
[    5.287209] raid6: .... xor() 1477 MB/s, rmw enabled
[    5.287246] raid6: using intx1 recovery algorithm
[    5.288244] async_tx: api initialized (async)
[    5.288825] xor: automatically using best checksumming function   Niagara   
[    5.382502] process '/usr/bin/fstype' started with executable stack
[    5.509189] EXT4-fs (vdiska2): mounted filesystem with ordered data mode. Opts: (null)
[    7.674191] systemd[1]: Inserted module 'autofs4'
[    7.686946] NET: Registered protocol family 10
[    7.693330] Segment Routing with IPv6
[    7.841729] systemd[1]: systemd 244.1-2 running in system mode. (+PAM +AUDIT +SELINUX +IMA +APPARMOR +SMACK +SYSVINIT +UTMP +LIBCRYPTSETUP +GCRYPT +GNUTLS +ACL +XZ +LZ4 -SECCOMP +BLKID +ELFUTILS +KMOD +IDN2 -IDN +PCRE2 default-hierarchy=hybrid)
[    7.842361] systemd[1]: Detected architecture sparc64.
[    7.967629] systemd[1]: Set hostname to <ttip>.
[    7.994126] systemd[1]: Couldn't move remaining userspace processes, ignoring: Input/output error
[    8.866790] random: lvmconfig: uninitialized urandom read (4 bytes read)
[    9.747344] systemd[1]: /lib/systemd/system/dbus.socket:5: ListenStream= references a path below legacy directory /var/run/, updating /var/run/dbus/system_bus_socket → /run/dbus/system_bus_socket; please update the unit file accordingly.
[   10.110042] systemd[1]: systemd-tmpfiles-setup.service: Found ordering cycle on systemd-journald.service/start
[   10.110138] systemd[1]: systemd-tmpfiles-setup.service: Found dependency on haveged.service/start
[   10.110208] systemd[1]: systemd-tmpfiles-setup.service: Found dependency on systemd-tmpfiles-setup.service/start
[   10.110287] systemd[1]: systemd-tmpfiles-setup.service: Job systemd-journald.service/start deleted to break ordering cycle starting with systemd-tmpfiles-setup.service/start
[   10.112772] random: systemd: uninitialized urandom read (16 bytes read)
[   10.123880] systemd[1]: Created slice system-getty.slice.
[   10.124432] random: systemd: uninitialized urandom read (16 bytes read)
[   10.128021] systemd[1]: Created slice system-openvpn\x2dclient.slice.
[   10.128457] random: systemd: uninitialized urandom read (16 bytes read)
[   10.131966] systemd[1]: Created slice system-postfix.slice.
[   10.137325] systemd[1]: Created slice system-systemd\x2dfsck.slice.
[   10.141090] systemd[1]: Created slice User and Session Slice.
[   10.142086] systemd[1]: Started Dispatch Password Requests to Console Directory Watch.
[   10.142908] systemd[1]: Started Forward Password Requests to Wall Directory Watch.
[   10.145118] systemd[1]: Set up automount Arbitrary Executable File Formats File System Automount Point.
[   10.145705] systemd[1]: Reached target Local Encrypted Volumes.
[   10.146199] systemd[1]: Reached target Paths.
[   10.146637] systemd[1]: Reached target Remote File Systems.
[   10.147150] systemd[1]: Reached target Slices.
[   10.148080] systemd[1]: Listening on Device-mapper event daemon FIFOs.
[   10.149184] systemd[1]: Listening on LVM2 poll daemon socket.
[   10.151391] systemd[1]: Listening on Syslog Socket.
[   10.152384] systemd[1]: Listening on fsck to fsckd communication Socket.
[   10.153132] systemd[1]: Listening on initctl Compatibility Named Pipe.
[   10.154373] systemd[1]: Listening on Journal Audit Socket.
[   10.155348] systemd[1]: Listening on Journal Socket (/dev/log).
[   10.156497] systemd[1]: Listening on Journal Socket.
[   10.157693] systemd[1]: Listening on udev Control Socket.
[   10.158515] systemd[1]: Listening on udev Kernel Socket.
[   10.167716] systemd[1]: Mounting Huge Pages File System...
[   10.176657] systemd[1]: Mounting POSIX Message Queue File System...
[   10.185892] systemd[1]: Mounting Kernel Debug File System...
[   10.194776] systemd[1]: Starting Availability of block devices...
[   10.208804] systemd[1]: Starting Wait for network to be configured by ifupdown...
[   10.217846] systemd[1]: Starting Create list of static device nodes for the current kernel...
[   10.226174] systemd[1]: Starting Monitoring of LVM2 mirrors, snapshots etc. using dmeventd or progress polling...
[   10.234518] systemd[1]: Starting nftables...
[   10.265805] systemd[1]: Condition check resulted in Set Up Additional Binary Formats being skipped.
[   10.266090] systemd[1]: Condition check resulted in File System Check on Root Device being skipped.
[   10.277981] systemd[1]: Starting Load Kernel Modules...
[   10.286667] systemd[1]: Starting Remount Root and Kernel File Systems...
[   10.295464] systemd[1]: Starting udev Coldplug all Devices...
[   10.302640] systemd[1]: Mounted Huge Pages File System.
[   10.304209] systemd[1]: Mounted POSIX Message Queue File System.
[   10.305618] systemd[1]: Mounted Kernel Debug File System.
[   10.313339] systemd[1]: Started Availability of block devices.
[   10.320002] systemd[1]: Started Wait for network to be configured by ifupdown.
[   10.325924] systemd[1]: Started Create list of static device nodes for the current kernel.
[   10.327708] systemd[1]: systemd-journald.service: Found ordering cycle on haveged.service/start
[   10.327780] systemd[1]: systemd-journald.service: Found dependency on systemd-tmpfiles-setup.service/start
[   10.327853] systemd[1]: systemd-journald.service: Found dependency on systemd-journald.service/start
[   10.327922] systemd[1]: systemd-journald.service: Unable to break cycle starting with systemd-journald.service/start
[   10.328007] systemd[1]: Requested transaction contains an unfixable cyclic ordering dependency: Transaction order is cyclic. See system logs for details.
[   10.328113] systemd[1]: systemd-journald.socket: Failed to queue service startup job (Maybe the service file is missing or not a non-template unit?): Transaction order is cyclic. See system logs for details.
[   10.328578] systemd[1]: systemd-journald.socket: Failed with result 'resources'.
[   10.403943] EXT4-fs (vdiska2): re-mounted. Opts: errors=remount-ro
[   10.412063] systemd[1]: Started Load Kernel Modules.
[   10.413584] systemd[1]: Condition check resulted in FUSE Control File System being skipped.
[   10.413937] systemd[1]: Condition check resulted in Kernel Configuration File System being skipped.
[   10.423668] systemd[1]: Starting Apply Kernel Variables...
[   10.428757] systemd[574]: systemd-sysctl.service: Failed to connect stdout to the journal socket, ignoring: Connection refused
[   10.432945] systemd[1]: Started Remount Root and Kernel File Systems.
[   10.532058] systemd[1]: Starting Initial Check File System Quotas...
[   10.536846] systemd[576]: quota.service: Failed to connect stdout to the journal socket, ignoring: Connection refused
[   10.570254] systemd[1]: Condition check resulted in Rebuild Hardware Database being skipped.
[   10.578909] systemd[1]: Starting Load/Save Random Seed...
[   10.584711] systemd[577]: systemd-random-seed.service: Failed to connect stdout to the journal socket, ignoring: Connection refused
[   10.589489] systemd[1]: Starting Create System Users...
[   10.594002] systemd[578]: systemd-sysusers.service: Failed to connect stdout to the journal socket, ignoring: Connection refused
[   10.626538] systemd[579]: systemd-udev-trigger.service: Failed to connect stdout to the journal socket, ignoring: Connection refused
[   10.697130] systemd[1]: Started Monitoring of LVM2 mirrors, snapshots etc. using dmeventd or progress polling.
[   10.707271] systemd[1]: Started Apply Kernel Variables.
[   10.774197] systemd-random-seed[577]: Kernel entropy pool is not initialized yet, waiting until it is.
[   10.814789] systemd[1]: Started Create System Users.
[   10.827169] systemd[1]: Starting Create Static Device Nodes in /dev...
[   10.831856] systemd[587]: systemd-tmpfiles-setup-dev.service: Failed to connect stdout to the journal socket, ignoring: Connection refused
[   11.068739] systemd[1]: Started udev Coldplug all Devices.
[   11.082105] systemd[1]: Starting Helper to synchronize boot up for ifupdown...
[   11.086777] systemd[591]: ifupdown-pre.service: Failed to connect stdout to the journal socket, ignoring: Connection refused
[   11.305269] systemd-tmpfiles[587]: /usr/lib/tmpfiles.d/vsftpd.conf:1: Line references path below legacy directory /var/run/, updating /var/run/vsftpd/empty → /run/vsftpd/empty; please update the tmpfiles.d/ drop-in file accordingly.
[   11.319367] systemd[1]: Started Create Static Device Nodes in /dev.
[   11.320957] systemd[1]: Reached target Local File Systems (Pre).
[   11.331571] systemd[1]: Starting udev Kernel Device Manager...
[   11.335251] systemd[599]: systemd-udevd.service: Failed to connect stdout to the journal socket, ignoring: Connection refused
[   11.344334] systemd[1]: Started nftables.
[   11.345401] systemd[1]: Reached target Network (Pre).
[   11.685460] systemd[1]: Started Initial Check File System Quotas.
[   11.962077] systemd[1]: Started udev Kernel Device Manager.
[   12.163174] sha1_sparc64: Using sparc64 sha1 opcode optimized SHA-1 implementation
[   12.180312] n2rng v0.3 (Jan 7, 2017)
[   12.180365] systemd-udevd[653]: Using default interface naming scheme 'v243'.
[   12.180455] n2rng f029b104: Registered RNG HVAPI major 2 minor 0
[   12.180678] n2rng f029b104: Found multi-unit-capable RNG, units: 2
[   12.182272] n2rng f029b104: RNG ready
[   12.198389] systemd-udevd[659]: ethtool: autonegotiation is unset or enabled, the speed and duplex are not writable.
[   12.324267] systemd[1]: Created slice system-lvm2\x2dpvscan.slice.
[   12.328525] systemd-udevd[653]: ethtool: autonegotiation is unset or enabled, the speed and duplex are not writable.
[   12.333907] systemd[1]: Starting LVM event activation on device 254:16...
[   12.339512] systemd[688]: lvm2-pvscan@254:16.service: Failed to connect stdout to the journal socket, ignoring: Connection refused
[   12.370671] sha256_sparc64: Using sparc64 sha256 opcode optimized SHA-256/SHA-224 implementation
[   12.379797] pktcdvd: setup of pktcdvd device failed
[   12.380745] systemd-udevd[606]: vdiskd: Process '/usr/sbin/pktsetup 254:24' failed with exit code 1.
[   12.389728] systemd[1]: Found device /dev/disk/by-label/swapvol1.
[   12.394035] systemd[1]: Found device /dev/vdiska1.
[   12.427357] pktcdvd: setup of pktcdvd device failed
[   12.428298] systemd-udevd[611]: vdiskd1: Process '/usr/sbin/pktsetup 254:25' failed with exit code 1.
[   12.430595] systemd[1]: Activating swap /dev/disk/by-label/swapvol1...
[   12.430848] pktcdvd: setup of pktcdvd device failed
[   12.431767] systemd-udevd[606]: vdiskd4: Process '/usr/sbin/pktsetup 254:28' failed with exit code 1.
[   12.434328] pktcdvd: setup of pktcdvd device failed
[   12.435117] systemd-udevd[657]: vdiskd3: Process '/usr/sbin/pktsetup 254:27' failed with exit code 1.
[   12.437455] systemd[710]: dev-disk-by\x2dlabel-swapvol1.swap: Failed to connect stdout to the journal socket, ignoring: Connection refused
[   12.437760] pktcdvd: setup of pktcdvd device failed
[   12.438549] systemd-udevd[604]: vdiskd2: Process '/usr/sbin/pktsetup 254:26' failed with exit code 1.
[   12.441215] systemd[1]: Started MD array monitor.
[   12.441540] pktcdvd: setup of pktcdvd device failed
[   12.442606] systemd-udevd[653]: vdiskd6: Process '/usr/sbin/pktsetup 254:30' failed with exit code 1.
[   12.445447] pktcdvd: setup of pktcdvd device failed
[   12.446327] systemd-udevd[608]: vdiskd5: Process '/usr/sbin/pktsetup 254:29' failed with exit code 1.
[   12.446647] systemd[711]: mdmonitor.service: Failed to connect stdout to the journal socket, ignoring: Connection refused
[   12.449086] pktcdvd: setup of pktcdvd device failed
[   12.449923] systemd-udevd[614]: vdiskd7: Process '/usr/sbin/pktsetup 254:31' failed with exit code 1.
[   12.450208] systemd[1]: Starting File System Check on /dev/vdiska1...
[   12.456508] systemd[712]: systemd-fsck@dev-vdiska1.service: Failed to connect stdout to the journal socket, ignoring: Connection refused
[   12.514518] systemd[1]: Started File System Check Daemon to report status.
[   12.519341] systemd[718]: systemd-fsckd.service: Failed to connect stdout to the journal socket, ignoring: Connection refused
[   12.540760] sha512_sparc64: Using sparc64 sha512 opcode optimized SHA-512/SHA-384 implementation
[   12.564738] md5_sparc64: Using sparc64 md5 opcode optimized MD5 implementation
[   12.747246] Adding 787176k swap on /dev/vdiska4.  Priority:-2 extents:1 across:787176k FS
[   12.754299] systemd[1]: Activated swap /dev/disk/by-label/swapvol1.
[   12.758077] systemd[1]: Reached target Swap.
[   12.811831] systemd[1]: Mounting /tmp...
[   12.817800] systemd[724]: tmp.mount: Failed to connect stdout to the journal socket, ignoring: Connection refused
[   12.831353] systemd[1]: Mounted /tmp.
[   12.964419] systemd[1]: Found device /dev/ttipvg1/vol1.
[   12.972921] systemd[1]: Starting File System Check on /dev/ttipvg1/vol1...
[   12.977965] systemd[726]: systemd-fsck@dev-ttipvg1-vol1.service: Failed to connect stdout to the journal socket, ignoring: Connection refused
[   12.984520] systemd[1]: Started Helper to synchronize boot up for ifupdown.
[   13.068436] systemd[1]: Started File System Check on /dev/ttipvg1/vol1.
[   13.090696] systemd[1]: Mounting /1...
[   13.096508] systemd[729]: 1.mount: Failed to connect stdout to the journal socket, ignoring: Connection refused
[   13.116969] XFS (dm-0): Mounting V5 Filesystem
[   13.146394] systemd[1]: Started File System Check on /dev/vdiska1.
[   13.156533] systemd[1]: Mounting /boot...
[   13.162428] systemd[738]: boot.mount: Failed to connect stdout to the journal socket, ignoring: Connection refused
[   13.174049] EXT4-fs (vdiska1): mounting ext3 file system using the ext4 subsystem
[   13.188673] EXT4-fs (vdiska1): mounted filesystem with ordered data mode. Opts: (null)
[   13.188865] ext3 filesystem being mounted at /boot supports timestamps until 2038 (0x7fffffff)
[   13.193589] systemd[1]: Mounted /boot.
[   13.216963] systemd[1]: Started LVM event activation on device 254:16.
[   13.416863] XFS (dm-0): Ending clean mount
[   13.467455] xfs filesystem being mounted at /1 supports timestamps until 2038 (0x7fffffff)
[   13.472805] systemd[1]: Mounted /1.
[   13.474089] systemd[1]: Reached target Local File Systems.
[   13.482701] systemd[1]: Starting Load AppArmor profiles...
[   13.488063] systemd[743]: apparmor.service: Failed to connect stdout to the journal socket, ignoring: Connection refused
[   13.496649] systemd[1]: Starting Enable support for additional executable binary formats...
[   13.497417] systemd[1]: Condition check resulted in Mark the need to relabel after reboot being skipped.
[   13.497780] systemd[1]: Condition check resulted in Commit a transient machine-id on disk being skipped.
[   13.502406] systemd[744]: binfmt-support.service: Failed to connect stdout to the journal socket, ignoring: Connection refused
[   13.505926] systemd[1]: Starting Create Volatile Files and Directories...
[   13.511557] systemd[745]: systemd-tmpfiles-setup.service: Failed to connect stdout to the journal socket, ignoring: Connection refused
[   13.544673] systemd-tmpfiles[745]: /usr/lib/tmpfiles.d/vsftpd.conf:1: Line references path below legacy directory /var/run/, updating /var/run/vsftpd/empty → /run/vsftpd/empty; please update the tmpfiles.d/ drop-in file accordingly.
[   13.606809] systemd[1]: proc-sys-fs-binfmt_misc.automount: Got automount request for /proc/sys/fs/binfmt_misc, triggered by 744 (update-binfmts)
[   13.615665] systemd[1]: Mounting Arbitrary Executable File Formats File System...
[   13.621517] systemd[747]: proc-sys-fs-binfmt_misc.mount: Failed to connect stdout to the journal socket, ignoring: Connection refused
[   13.647932] systemd[1]: Mounted Arbitrary Executable File Formats File System.
[   13.816169] systemd[1]: Started Create Volatile Files and Directories.
[   13.829477] systemd[1]: Starting Security Auditing Service...
[   13.835503] systemd[753]: auditd.service: Failed to connect stdout to the journal socket, ignoring: Connection refused
[   13.891867] systemd[1]: Starting Network Time Synchronization...
[   14.060511] systemd[1]: Listening on Journal Socket.
[   14.174999] systemd[1]: Started Network Time Synchronization.
[   14.176656] systemd[1]: Reached target System Time Set.
[   14.177223] systemd[1]: Reached target System Time Synchronized.
[   14.333861] systemd[1]: Started Enable support for additional executable binary formats.
[   14.581768] Kernel unaligned access at TPC[8823d8] aa_dfa_unpack+0x38/0x5a0
[   14.581913] Kernel unaligned access at TPC[8823f8] aa_dfa_unpack+0x58/0x5a0
[   14.581995] Kernel unaligned access at TPC[8824b4] aa_dfa_unpack+0x114/0x5a0
[   14.582075] Kernel unaligned access at TPC[882594] aa_dfa_unpack+0x1f4/0x5a0
[   14.582152] Kernel unaligned access at TPC[8825a8] aa_dfa_unpack+0x208/0x5a0
[   14.621618] systemd[1]: Started Security Auditing Service.
[   14.632618] systemd[1]: Starting Update UTMP about System Boot/Shutdown...
[   14.720627] systemd[1]: Started Update UTMP about System Boot/Shutdown.
[   14.727038] systemd[1]: Started Load AppArmor profiles.
[   14.774182] systemd[1]: Started Entropy Daemon based on the HAVEGE algorithm.
[   14.784074] systemd[1]: Starting Raise network interfaces...
[   14.796549] systemd[1]: Starting Journal Service...
[   14.958748] systemd[1]: Started Journal Service.
[   15.257667] random: crng init done
[   15.257795] random: 6 urandom warning(s) missed due to ratelimiting
