[    0.000020] PROMLIB: Sun IEEE Boot Prom 'OBP 4.38.17 2019/01/25 08:22'
[    0.000024] PROMLIB: Root node compatible: sun4v
[    0.000061] Linux version 5.10.0-08503-g706451d47b37 (mator@ttip) (gcc (Debian 10.2.1-1) 10.2.1 20201207, GNU ld (GNU Binutils for Debian) 2.35.1) #159 SMP Wed Dec 16 11:58:22 MSK 2020
[    0.000351] printk: bootconsole [earlyprom0] enabled
[    0.000398] ARCH: SUN4V
[    0.000439] Ethernet address: 00:14:4f:fa:06:f2
[    0.000487] MM: PAGE_OFFSET is 0xfff8000000000000 (max_phys_bits == 47)
[    0.000546] MM: VMALLOC [0x0000000100000000 --> 0x0006000000000000]
[    0.000603] MM: VMEMMAP [0x0006000000000000 --> 0x000c000000000000]
[    0.012716] Kernel: Using 4 locked TLB entries for main kernel image.
[    0.012779] Remapping the kernel... 
[    0.012800] done.
[    0.036618] OF stdout device is: /virtual-devices@100/console@1
[    0.036676] PROM: Built device tree with 67953 bytes of memory.
[    0.036730] MDESC: Size is 29712 bytes.
[    0.036821] PLATFORM: banner-name [SPARC T5-2]
[    0.036865] PLATFORM: name [ORCL,SPARC-T5-2]
[    0.036905] PLATFORM: hostid [84fa06f2]
[    0.036942] PLATFORM: serial# [0035260e]
[    0.036980] PLATFORM: stick-frequency [3b9aca00]
[    0.037022] PLATFORM: mac-address [144ffa06f2]
[    0.037062] PLATFORM: watchdog-resolution [1000 ms]
[    0.037107] PLATFORM: watchdog-max-timeout [31536000000 ms]
[    0.037155] PLATFORM: max-cpus [1024]
[    0.037234] Top of RAM: 0x2af948000, Total RAM: 0x27f384000
[    0.037290] Memory hole size: 773MB
[    0.038899] Allocated 24576 bytes for kernel page tables.
[    0.038967] Zone ranges:
[    0.038999]   Normal   [mem 0x0000000030400000-0x00000002af947fff]
[    0.039058] Movable zone start for each node
[    0.039098] Early memory node ranges
[    0.039132]   node   0: [mem 0x0000000030400000-0x000000006febffff]
[    0.039188]   node   0: [mem 0x000000006ff40000-0x000000006ff47fff]
[    0.039242]   node   0: [mem 0x0000000070000000-0x00000002af8b3fff]
[    0.039297]   node   0: [mem 0x00000002af940000-0x00000002af947fff]
[    0.045147] Zeroed struct page in unavailable ranges: 132670 pages
[    0.045153] Initmem setup node 0 [mem 0x0000000030400000-0x00000002af947fff]
[    0.045292] On node 0 totalpages: 1309122
[    0.045296]   Normal zone: 11508 pages used for memmap
[    0.045299]   Normal zone: 0 pages reserved
[    0.045302]   Normal zone: 1309122 pages, LIFO batch:31
[    0.089795] Booting Linux...
[    0.089867] CPU CAPS: [flush,stbar,swap,muldiv,v9,blkinit,n2,mul32]
[    0.089947] CPU CAPS: [div32,v8plus,popc,vis,vis2,ASIBlkInit,fmaf,vis3]
[    0.090023] CPU CAPS: [hpc,ima,pause,cbcond,aes,des,kasumi,camellia]
[    0.090097] CPU CAPS: [md5,sha1,sha256,sha512,mpmul,montmul,montsqr,crc32c]
[    0.138542] percpu: Embedded 19 pages/cpu s114584 r8192 d32872 u262144
[    0.138760] pcpu-alloc: s114584 r8192 d32872 u262144 alloc=1*4194304
[    0.138764] pcpu-alloc: [0] 000 001 002 003 004 005 006 007 008 009 010 011 012 013 014 015 
[    0.138800] pcpu-alloc: [0] 016 017 018 019 020 021 022 023 024 025 026 027 028 029 030 031 
[    0.138834] pcpu-alloc: [0] 032 033 034 035 036 037 038 039 040 041 042 043 044 045 046 047 
[    0.138869] pcpu-alloc: [0] 048 049 050 051 052 053 054 055 056 057 058 059 060 061 062 063 
[    0.138903] pcpu-alloc: [0] 064 065 066 067 068 069 070 071 072 073 074 075 076 077 078 079 
[    0.138938] pcpu-alloc: [0] 080 081 082 083 084 085 086 087 088 089 090 091 092 093 094 095 
[    0.138972] pcpu-alloc: [0] 096 097 098 099 100 101 102 103 104 105 106 107 108 109 110 111 
[    0.139007] pcpu-alloc: [0] 112 113 114 115 116 117 118 119 120 121 122 123 124 125 126 127 
[    0.139041] pcpu-alloc: [0] 128 129 130 131 132 133 134 135 136 137 138 139 140 141 142 143 
[    0.139076] pcpu-alloc: [0] 144 145 146 147 148 149 150 151 152 153 154 155 156 157 158 159 
[    0.139110] pcpu-alloc: [0] 160 161 162 163 164 165 166 167 168 169 170 171 172 173 174 175 
[    0.139145] pcpu-alloc: [0] 176 177 178 179 180 181 182 183 184 185 186 187 188 189 190 191 
[    0.139179] pcpu-alloc: [0] 192 193 194 195 196 197 198 199 200 201 202 203 204 205 206 207 
[    0.139214] pcpu-alloc: [0] 208 209 210 211 212 213 214 215 216 217 218 219 220 221 222 223 
[    0.139248] pcpu-alloc: [0] 224 225 226 227 228 229 230 231 232 233 234 235 236 237 238 239 
[    0.139283] pcpu-alloc: [0] 240 241 242 243 244 245 246 247 248 249 250 251 252 253 254 255 
[    0.139719] SUN4V: Mondo queue sizes [cpu(131072) dev(16384) r(8192) nr(256)]
[    0.140014] Built 1 zonelists, mobility grouping on.  Total pages: 1297614
[    0.140080] Kernel command line: BOOT_IMAGE=/vmlinux-5.10.0-08503-g706451d47b37 root=/dev/vdiska2 ro zswap.enabled=1
[    0.141782] printk: log_buf_len individual max cpu contribution: 4096 bytes
[    0.141845] printk: log_buf_len total cpu_extra contributions: 1044480 bytes
[    0.141907] printk: log_buf_len min size: 131072 bytes
[    0.143720] printk: log_buf_len: 2097152 bytes
[    0.143763] printk: early log buf free: 126560(96%)
[    0.145416] Dentry cache hash table entries: 2097152 (order: 11, 16777216 bytes, linear)
[    0.146318] Inode-cache hash table entries: 1048576 (order: 10, 8388608 bytes, linear)
[    0.146387] Sorting __ex_table...
[    0.146620] mem auto-init: stack:off, heap alloc:off, heap free:off
[    0.166661] Memory: 10247576K/10472976K available (7982K kernel code, 1530K rwdata, 1968K rodata, 592K init, 408K bss, 225400K reserved, 0K cma-reserved)
[    0.166819] random: get_random_u64 called from __kmem_cache_create+0x20/0x520 with crng_init=0
[    0.167821] SLUB: HWalign=32, Order=0-3, MinObjects=0, CPUs=256, Nodes=1
[    0.168257] ftrace: allocating 24238 entries in 48 pages
[    0.177508] ftrace: allocated 48 pages with 2 groups
[    0.179776] rcu: Hierarchical RCU implementation.
[    0.179825] 	Trampoline variant of Tasks RCU enabled.
[    0.179871] 	Rude variant of Tasks RCU enabled.
[    0.179912] 	Tracing variant of Tasks RCU enabled.
[    0.179956] rcu: RCU calculated value of scheduler-enlistment delay is 26 jiffies.
[    0.184069] NR_IRQS: 2048, nr_irqs: 2048, preallocated irqs: 1
[    0.184141] SUN4V: Using IRQ API major 3, cookie only virqs enabled
[    0.186789] clocksource: stick: mask: 0xffffffffffffffff max_cycles: 0x1cd42e4dffb, max_idle_ns: 881590591483 ns
[    0.186907] clocksource: mult[800000] shift[23]
[    0.186948] clockevent: mult[80000000] shift[31]
[    0.187354] Console: colour dummy device 80x25
[    0.187401] printk: console [tty0] enabled
[    0.187442] printk: bootconsole [earlyprom0] disabled
[    0.267030] Calibrating delay using timer specific routine.. 2000.98 BogoMIPS (lpj=4001968)
[    0.267040] pid_max: default: 262144 minimum: 2048
[    0.267387] LSM: Security Framework initializing
[    0.267580] Mount-cache hash table entries: 32768 (order: 5, 262144 bytes, linear)
[    0.267616] Mountpoint-cache hash table entries: 32768 (order: 5, 262144 bytes, linear)
[    0.269212] rcu: Hierarchical SRCU implementation.
[    0.272356] smp: Bringing up secondary CPUs ...
[    0.280273] smp: Brought up 1 node, 24 CPUs
[    0.282071] devtmpfs: initialized
[    0.282861] Performance events: 
[    0.282881] Testing NMI watchdog ... 
[    0.362956] OK.
[    0.362976] Supported PMU type is 'niagara5'
[    0.363511] ldc.c:v1.1 (July 22, 2008)
[    0.363753] clocksource: jiffies: mask: 0xffffffff max_cycles: 0xffffffff, max_idle_ns: 7645041785100000 ns
[    0.363772] futex hash table entries: 65536 (order: 9, 4194304 bytes, linear)
[    0.365874] NET: Registered protocol family 16
[    0.367097] VIO: Adding device channel-devices (tx_ino = ffffffffffffffff, rx_ino = ffffffffffffffff)
[    0.367129] VIO: Adding device vnet-port-0-0 (tx_ino = 0, rx_ino = 1)
[    0.367161] VIO: Adding device vnet-port-0-1 (tx_ino = 2, rx_ino = 3)
[    0.367183] VIO: Adding device vnet-port-0-2 (tx_ino = 4, rx_ino = 5)
[    0.367204] VIO: Adding device vnet-port-0-3 (tx_ino = 6, rx_ino = 7)
[    0.367224] VIO: Adding device vnet-port-0-4 (tx_ino = 8, rx_ino = 9)
[    0.367245] VIO: Adding device vdc-port-2-0 (tx_ino = a, rx_ino = b)
[    0.367265] VIO: Adding device vdc-port-1-0 (tx_ino = c, rx_ino = d)
[    0.367286] VIO: Adding device vdc-port-0-0 (tx_ino = e, rx_ino = f)
[    0.367309] VIO: Adding device vlds-port-0-0 (tx_ino = 10, rx_ino = 11)
[    0.367333] VIO: Adding device domain-services-port-0 (tx_ino = 10, rx_ino = 11)
[    0.367430] audit: initializing netlink subsys (disabled)
[    0.367510] audit: type=2000 audit(0.180:1): state=initialized audit_enabled=0 res=1
[    0.372506] HugeTLB registered 64.0 KiB page size, pre-allocated 0 pages
[    0.372513] HugeTLB registered 8.00 MiB page size, pre-allocated 0 pages
[    0.372519] HugeTLB registered 256 MiB page size, pre-allocated 0 pages
[    0.372524] HugeTLB registered 2.00 GiB page size, pre-allocated 0 pages
[    0.938082] NetLabel: Initializing
[    0.938092] NetLabel:  domain hash size = 128
[    0.938097] NetLabel:  protocols = UNLABELED CIPSOv4 CALIPSO
[    0.938126] NetLabel:  unlabeled traffic allowed by default
[    0.938370] SUN4V: Reboot data supported (maj=1,min=0).
[    0.938473] ds.c:v1.0 (Jul 11, 2007)
[    0.938606] ds-0: ds_conn_reset() from send_events
[    0.938874] clocksource: Switched to clocksource stick
[    0.991115] VFS: Disk quotas dquot_6.6.0
[    0.991214] VFS: Dquot-cache hash table entries: 1024 (order 0, 8192 bytes)
[    0.993791] NET: Registered protocol family 2
[    0.994866] tcp_listen_portaddr_hash hash table entries: 8192 (order: 4, 131072 bytes, linear)
[    0.994962] TCP established hash table entries: 131072 (order: 7, 1048576 bytes, linear)
[    0.995422] TCP bind hash table entries: 65536 (order: 7, 1048576 bytes, linear)
[    0.995872] TCP: Hash tables configured (established 131072 bind 65536)
[    0.996393] UDP hash table entries: 8192 (order: 5, 262144 bytes, linear)
[    0.996516] UDP-Lite hash table entries: 8192 (order: 5, 262144 bytes, linear)
[    0.997441] NET: Registered protocol family 1
[    0.997455] NET: Registered protocol family 44
[    0.997554] Trying to unpack rootfs image as initramfs...
[    1.171805] Freeing initrd memory: 24944K
[    1.175778] Initialise system trusted keyrings
[    1.175801] Key type blacklist registered
[    1.175862] workingset: timestamp_bits=46 max_order=21 bucket_order=0
[    1.178487] zbud: loaded
[    1.179530] SGI XFS with ACLs, security attributes, realtime, quota, no debug enabled
[    1.181163] Key type asymmetric registered
[    1.181170] Asymmetric key parser 'x509' registered
[    1.181188] Block layer SCSI generic (bsg) driver version 0.4 loaded (major 252)
[    1.181443] io scheduler mq-deadline registered
[    1.182030] f029b788: ttyHV0 at I/O 0x0 (irq = 1, base_baud = 115200) is a SUN4V HCONS
[    1.182290] printk: console [ttyHV0] enabled
[    1.183099] sunvdc.c:v1.2 (November 24, 2014)
[    1.246762] sunvdc: Virtual Hard disk vdiskc
[    1.246774] sunvdc: vdiskc: 104857600 sectors (51200 MB) protocol 1.2
[    1.259727] sunvdc: Virtual Hard disk vdiskb
[    1.259736] sunvdc: vdiskb: 62914560 sectors (30720 MB) protocol 1.2
[    1.260137]  vdiskb: vdiskb1
[    1.266255] sunvdc: Virtual Hard disk vdiska
[    1.266263] sunvdc: vdiska: 31457280 sectors (15360 MB) protocol 1.2
[    1.266687]  vdiska: vdiska1 vdiska2 vdiska3 vdiska4
[    1.272186] rtc-sun4v rtc-sun4v: registered as rtc0
[    1.272228] rtc-sun4v rtc-sun4v: setting system clock to 2020-12-16T09:03:23 UTC (1608109403)
[    1.272926] NET: Registered protocol family 10
[    1.286849] Segment Routing with IPv6
[    1.286893] mip6: Mobile IPv6
[    1.286902] NET: Registered protocol family 17
[    1.287017] registered taskstats version 1
[    1.287027] Loading compiled-in X.509 certificates
[    1.289226] zswap: loaded using pool lzo/zbud
[    1.290789] This architecture does not have kernel memory protection.
[    1.290801] Run /init as init process
[    1.290808]   with arguments:
[    1.290811]     /init
[    1.290813]   with environment:
[    1.290816]     HOME=/
[    1.290819]     TERM=linux
[    1.290822]     BOOT_IMAGE=/vmlinux-5.10.0-08503-g706451d47b37
[    1.455056] sunvnet_common: module verification failed: signature and/or required key missing - tainting kernel
[    1.456572] sunvnet: sunvnet 2.0 (February 3, 2017)
[    1.457509] vnet_port vnet-port-0-0 eth0: Sun LDOM vnet 00:14:4f:f8:12:a3
[    1.457594] sunvnet: eth0: PORT ( remote-mac 00:14:4f:fa:f3:f0 switch-port )
[    1.457758] sunvnet: eth0: PORT ( remote-mac 00:14:4f:f9:b4:97 )
[    1.457931] sunvnet: eth0: PORT ( remote-mac 00:14:4f:f8:e5:f3 )
[    1.458080] sunvnet: eth0: PORT ( remote-mac 00:14:4f:f8:3f:1e )
[    1.458228] sunvnet: eth0: PORT ( remote-mac 00:14:4f:f9:8b:83 )
[    1.463183] crc32c_sparc64: Using sparc64 crc32c opcode optimized CRC32C implementation
[    1.468156] random: lvm: uninitialized urandom read (4 bytes read)
[    1.489276] device-mapper: uevent: version 1.0.3
[    1.489437] device-mapper: ioctl: 4.43.0-ioctl (2020-10-01) initialised: dm-devel@redhat.com
[    1.491786] random: lvm: uninitialized urandom read (2 bytes read)
[    1.772594] xor: automatically using best checksumming function   Niagara   
[    1.838840] raid6: int64x8  gen()  2164 MB/s
[    1.906846] raid6: int64x8  xor()  1516 MB/s
[    1.974852] raid6: int64x4  gen()  3388 MB/s
[    2.042845] raid6: int64x4  xor()  1460 MB/s
[    2.110843] raid6: int64x2  gen()  3359 MB/s
[    2.178844] raid6: int64x2  xor()  1130 MB/s
[    2.246838] raid6: int64x1  gen()  1380 MB/s
[    2.314844] raid6: int64x1  xor()   713 MB/s
[    2.314852] raid6: using algorithm int64x4 gen() 3388 MB/s
[    2.314858] raid6: .... xor() 1460 MB/s, rmw enabled
[    2.314863] raid6: using intx1 recovery algorithm
[    2.347500] random: fast init done
[    2.435964] EXT4-fs (vdiska2): mounted filesystem with ordered data mode. Opts: (null)
[    4.600541] systemd[1]: Inserted module 'autofs4'
[    4.832876] systemd[1]: systemd 247.1-4 running in system mode. (+PAM +AUDIT +SELINUX +IMA +APPARMOR +SMACK +SYSVINIT +UTMP +LIBCRYPTSETUP +GCRYPT +GNUTLS +ACL +XZ +LZ4 +ZSTD -SECCOMP +BLKID +ELFUTILS +KMOD +IDN2 -IDN +PCRE2 default-hierarchy=hybrid)
[    4.833146] systemd[1]: Detected architecture sparc64.
[    4.936876] systemd[1]: Set hostname to <ttip>.
[    5.249425] systemd-sysv-generator[347]: SysV service '/etc/init.d/xinetd' lacks a native systemd unit file. Automatically generating a unit file for compatibility. Please update package to include a native systemd unit file, in order to make it more safe and robust.
[    5.509404] systemd-sysv-generator[347]: SysV service '/etc/init.d/rng-tools-debian' lacks a native systemd unit file. Automatically generating a unit file for compatibility. Please update package to include a native systemd unit file, in order to make it more safe and robust.
[    5.511606] systemd-sysv-generator[347]: SysV service '/etc/init.d/arpalert' lacks a native systemd unit file. Automatically generating a unit file for compatibility. Please update package to include a native systemd unit file, in order to make it more safe and robust.
[    5.576545] systemd-sysv-generator[347]: SysV service '/etc/init.d/vmtouch' lacks a native systemd unit file. Automatically generating a unit file for compatibility. Please update package to include a native systemd unit file, in order to make it more safe and robust.
[    5.675039] systemd-sysv-generator[347]: SysV service '/etc/init.d/mysql' lacks a native systemd unit file. Automatically generating a unit file for compatibility. Please update package to include a native systemd unit file, in order to make it more safe and robust.
[    6.001768] random: lvmconfig: uninitialized urandom read (4 bytes read)
[    7.144756] systemd[1]: Queued start job for default target Multi-User System.
[    7.145452] random: systemd: uninitialized urandom read (16 bytes read)
[    7.192380] systemd[1]: Created slice system-getty.slice.
[    7.192651] random: systemd: uninitialized urandom read (16 bytes read)
[    7.197941] systemd[1]: Created slice system-modprobe.slice.
[    7.198068] random: systemd: uninitialized urandom read (16 bytes read)
[    7.203425] systemd[1]: Created slice system-openvpn\x2dclient.slice.
[    7.209370] systemd[1]: Created slice system-postfix.slice.
[    7.215212] systemd[1]: Created slice system-systemd\x2dfsck.slice.
[    7.220581] systemd[1]: Created slice User and Session Slice.
[    7.220832] systemd[1]: Started Dispatch Password Requests to Console Directory Watch.
[    7.221056] systemd[1]: Started Forward Password Requests to Wall Directory Watch.
[    7.222128] systemd[1]: Set up automount Arbitrary Executable File Formats File System Automount Point.
[    7.222344] systemd[1]: Reached target Local Encrypted Volumes.
[    7.222541] systemd[1]: Reached target Paths.
[    7.222695] systemd[1]: Reached target Slices.
[    7.223026] systemd[1]: Listening on Device-mapper event daemon FIFOs.
[    7.223336] systemd[1]: Listening on LVM2 poll daemon socket.
[    7.236200] systemd[1]: Listening on RPCbind Server Activation Socket.
[    7.236693] systemd[1]: Listening on Syslog Socket.
[    7.237042] systemd[1]: Listening on fsck to fsckd communication Socket.
[    7.237281] systemd[1]: Listening on initctl Compatibility Named Pipe.
[    7.237725] systemd[1]: Listening on Journal Audit Socket.
[    7.238020] systemd[1]: Listening on Journal Socket (/dev/log).
[    7.238381] systemd[1]: Listening on Journal Socket.
[    7.238756] systemd[1]: Listening on udev Control Socket.
[    7.239045] systemd[1]: Listening on udev Kernel Socket.
[    7.245700] systemd[1]: Mounting Huge Pages File System...
[    7.252441] systemd[1]: Mounting POSIX Message Queue File System...
[    7.259389] systemd[1]: Mounting RPC Pipe File System...
[    7.266099] systemd[1]: Mounting Kernel Debug File System...
[    7.272686] systemd[1]: Mounting Kernel Trace File System...
[    7.273016] systemd[1]: Condition check resulted in Kernel Module supporting RPCSEC_GSS being skipped.
[    7.273367] systemd[1]: Finished Availability of block devices.
[    7.280035] systemd[1]: Starting Wait for network to be configured by ifupdown...
[    7.287050] systemd[1]: Starting Create list of static device nodes for the current kernel...
[    7.293689] systemd[1]: Starting Monitoring of LVM2 mirrors, snapshots etc. using dmeventd or progress polling...
[    7.300137] systemd[1]: Starting Load Kernel Module configfs...
[    7.306245] systemd[1]: Starting Load Kernel Module drm...
[    7.313249] systemd[1]: Starting Load Kernel Module fuse...
[    7.322121] systemd[1]: Starting nftables...
[    7.344927] systemd[1]: Condition check resulted in Set Up Additional Binary Formats being skipped.
[    7.345113] systemd[1]: Condition check resulted in File System Check on Root Device being skipped.
[    7.355037] systemd[1]: Starting Journal Service...
[    7.408524] systemd[1]: Starting Load Kernel Modules...
[    7.415816] systemd[1]: Starting Remount Root and Kernel File Systems...
[    7.423083] systemd[1]: Starting Coldplug All udev Devices...
[    7.427482] systemd[1]: Mounted Huge Pages File System.
[    7.427799] systemd[1]: Mounted POSIX Message Queue File System.
[    7.428066] systemd[1]: Mounted Kernel Debug File System.
[    7.428327] systemd[1]: Mounted Kernel Trace File System.
[    7.429444] systemd[1]: Finished Wait for network to be configured by ifupdown.
[    7.430621] systemd[1]: Finished Create list of static device nodes for the current kernel.
[    7.431199] systemd[1]: modprobe@configfs.service: Succeeded.
[    7.432001] systemd[1]: Finished Load Kernel Module configfs.
[    7.432589] systemd[1]: modprobe@drm.service: Succeeded.
[    7.433394] systemd[1]: Finished Load Kernel Module drm.
[    7.440641] systemd[1]: Mounting Kernel Configuration File System...
[    7.446598] systemd[1]: Mounted Kernel Configuration File System.
[    7.487825] systemd[1]: Finished Load Kernel Modules.
[    7.496864] systemd[1]: Starting Apply Kernel Variables...
[    7.503134] EXT4-fs (vdiska2): re-mounted. Opts: errors=remount-ro
[    7.506442] systemd[1]: Finished Remount Root and Kernel File Systems.
[    7.564512] fuse: init (API version 7.32)
[    7.581966] systemd[1]: Starting Initial Check File System Quotas...
[    7.613530] systemd[1]: Condition check resulted in Rebuild Hardware Database being skipped.
[    7.613734] systemd[1]: Condition check resulted in Platform Persistent Storage Archival being skipped.
[    7.620584] systemd[1]: Starting Load/Save Random Seed...
[    7.627336] systemd[1]: Starting Create System Users...
[    7.628292] systemd[1]: Started Journal Service.
[    8.080938] RPC: Registered named UNIX socket transport module.
[    8.080959] RPC: Registered udp transport module.
[    8.080965] RPC: Registered tcp transport module.
[    8.080971] RPC: Registered tcp NFSv4.1 backchannel transport module.
[    9.866220] sha1_sparc64: Using sparc64 sha1 opcode optimized SHA-1 implementation
[    9.883799] sha256_sparc64: Using sparc64 sha256 opcode optimized SHA-256/SHA-224 implementation
[    9.939341] sha512_sparc64: Using sparc64 sha512 opcode optimized SHA-512/SHA-384 implementation
[    9.975686] md5_sparc64: Using sparc64 md5 opcode optimized MD5 implementation
[    9.983559] n2rng v0.3 (Jan 7, 2017)
[    9.983580] n2rng f029b104: Registered RNG HVAPI major 2 minor 0
[    9.983593] n2rng f029b104: Found multi-unit-capable RNG, units: 2
[    9.983623] n2rng f029b104: RNG ready
[   10.002244] aes_sparc64: Using sparc64 aes opcodes optimized AES implementation
[   10.081813] des_sparc64: Using sparc64 des opcodes optimized DES implementation
[   10.113013] XFS (dm-0): Mounting V5 Filesystem
[   10.113394] camellia_sparc64: Using sparc64 camellia opcodes optimized CAMELLIA implementation
[   10.246979] random: crng init done
[   10.246999] random: 4 urandom warning(s) missed due to ratelimiting
[   10.335576] XFS (dm-0): Ending clean mount
[   10.338854] Adding 787176k swap on /dev/vdiska4.  Priority:-2 extents:1 across:787176k FS
[   10.401302] xfs filesystem being mounted at /1 supports timestamps until 2038 (0x7fffffff)
[   10.773808] EXT4-fs (vdiska1): mounting ext3 file system using the ext4 subsystem
[   11.150447] EXT4-fs (vdiska1): mounted filesystem with ordered data mode. Opts: (null)
[   11.150629] ext3 filesystem being mounted at /boot supports timestamps until 2038 (0x7fffffff)
