[    0.000021] PROMLIB: Sun IEEE Boot Prom 'OBP 4.38.12 2018/03/28 14:54'
[    0.000033] PROMLIB: Root node compatible: sun4v
[    0.000084] Linux version 5.9.0-00675-g3bff6112c80c (mator@ttip) (gcc (Debian 10.2.0-15) 10.2.0, GNU ld (GNU Binutils for Debian) 2.35.1) #99 SMP Tue Oct 20 20:28:03 MSK 2020
[    0.000430] printk: bootconsole [earlyprom0] enabled
[    0.000481] ARCH: SUN4V
[    0.000531] Ethernet address: 00:14:4f:fa:06:f2
[    0.000583] MM: PAGE_OFFSET is 0xfff8000000000000 (max_phys_bits == 47)
[    0.000648] MM: VMALLOC [0x0000000100000000 --> 0x0006000000000000]
[    0.000709] MM: VMEMMAP [0x0006000000000000 --> 0x000c000000000000]
[    0.012513] Kernel: Using 5 locked TLB entries for main kernel image.
[    0.012583] Remapping the kernel... 
[    0.012606] done.
[    0.045560] OF stdout device is: /virtual-devices@100/console@1
[    0.045625] PROM: Built device tree with 86758 bytes of memory.
[    0.045684] MDESC: Size is 36512 bytes.
[    0.045798] PLATFORM: banner-name [SPARC T5-2]
[    0.045848] PLATFORM: name [ORCL,SPARC-T5-2]
[    0.045895] PLATFORM: hostid [84fa06f2]
[    0.045939] PLATFORM: serial# [0035260e]
[    0.045981] PLATFORM: stick-frequency [3b9aca00]
[    0.046030] PLATFORM: mac-address [144ffa06f2]
[    0.046076] PLATFORM: watchdog-resolution [1000 ms]
[    0.046128] PLATFORM: watchdog-max-timeout [31536000000 ms]
[    0.046183] PLATFORM: max-cpus [1024]
[    0.050916] Allocated 40960 bytes for kernel page tables.
[    0.051004] Zone ranges:
[    0.051044]   Normal   [mem 0x0000000030400000-0x00000024af937fff]
[    0.051107] Movable zone start for each node
[    0.051151] Early memory node ranges
[    0.051193]   node   0: [mem 0x0000000030400000-0x000000006fe7ffff]
[    0.051256]   node   0: [mem 0x000000006ff00000-0x000000006ff25fff]
[    0.051316]   node   0: [mem 0x0000000070000000-0x000000042fffffff]
[    0.051379]   node   0: [mem 0x0000002030000000-0x00000024af87ffff]
[    0.051439]   node   0: [mem 0x00000024af900000-0x00000024af925fff]
[    0.051499]   node   0: [mem 0x00000024af930000-0x00000024af937fff]
[    0.065061] Zeroed struct page in unavailable ranges: 263766 pages
[    0.065070] Initmem setup node 0 [mem 0x0000000030400000-0x00000024af937fff]
[    0.065231] On node 0 totalpages: 4454826
[    0.065241]   Normal zone: 39154 pages used for memmap
[    0.065246]   Normal zone: 0 pages reserved
[    0.065252]   Normal zone: 4454826 pages, LIFO batch:31
[    0.223596] Booting Linux...
[    0.223682] CPU CAPS: [flush,stbar,swap,muldiv,v9,blkinit,n2,mul32]
[    0.223764] CPU CAPS: [div32,v8plus,popc,vis,vis2,ASIBlkInit,fmaf,vis3]
[    0.224843] CPU CAPS: [hpc,ima,pause,cbcond,aes,des,kasumi,camellia]
[    0.224914] CPU CAPS: [md5,sha1,sha256,sha512,mpmul,montmul,montsqr,crc32c]
[    0.254815] percpu: Embedded 28 pages/cpu s184784 r8192 d36400 u262144
[    0.255029] pcpu-alloc: s184784 r8192 d36400 u262144 alloc=1*4194304
[    0.255035] pcpu-alloc: [0] 000 001 002 003 004 005 006 007 008 009 010 011 012 013 014 015 
[    0.255062] pcpu-alloc: [0] 016 017 018 019 020 021 022 023 024 025 026 027 028 029 030 031 
[    0.255089] pcpu-alloc: [0] 032 033 034 035 036 037 038 039 040 041 042 043 044 045 046 047 
[    0.255115] pcpu-alloc: [0] 048 049 050 051 052 053 054 055 056 057 058 059 060 061 062 063 
[    0.255142] pcpu-alloc: [0] 064 065 066 067 068 069 070 071 072 073 074 075 076 077 078 079 
[    0.255168] pcpu-alloc: [0] 080 081 082 083 084 085 086 087 088 089 090 091 092 093 094 095 
[    0.255195] pcpu-alloc: [0] 096 097 098 099 100 101 102 103 104 105 106 107 108 109 110 111 
[    0.255221] pcpu-alloc: [0] 112 113 114 115 116 117 118 119 120 121 122 123 124 125 126 127 
[    0.255661] SUN4V: Mondo queue sizes [cpu(131072) dev(16384) r(8192) nr(256)]
[    0.256034] Built 1 zonelists, mobility grouping on.  Total pages: 4415672
[    0.256102] Policy zone: Normal
[    0.256159] Kernel command line: BOOT_IMAGE=/vmlinux-5.9.0-00675-g3bff6112c80c root=/dev/vdiska2 ro zswap.enabled=1
[    0.258845] printk: log_buf_len individual max cpu contribution: 4096 bytes
[    0.258917] printk: log_buf_len total cpu_extra contributions: 520192 bytes
[    0.258984] printk: log_buf_len min size: 131072 bytes
[    0.259256] printk: log_buf_len: 1048576 bytes
[    0.259308] printk: early log buf free: 126696(96%)
[    0.265631] Dentry cache hash table entries: 8388608 (order: 13, 67108864 bytes, linear)
[    0.268871] Inode-cache hash table entries: 4194304 (order: 12, 33554432 bytes, linear)
[    0.268947] Sorting __ex_table...
[    0.269191] mem auto-init: stack:off, heap alloc:off, heap free:off
[    0.375650] Memory: 35127536K/35638608K available (8380K kernel code, 1131K rwdata, 2520K rodata, 688K init, 6920K bss, 511072K reserved, 0K cma-reserved)
[    0.376343] SLUB: HWalign=32, Order=0-3, MinObjects=0, CPUs=128, Nodes=32
[    0.376631] ftrace: allocating 24034 entries in 47 pages
[    0.385829] ftrace: allocated 47 pages with 5 groups
[    0.388677] Running RCU self tests
[    0.389049] rcu: Hierarchical RCU implementation.
[    0.389102] rcu: 	RCU event tracing is enabled.
[    0.389148] rcu: 	RCU lockdep checking is enabled.
[    0.389200] 	Trampoline variant of Tasks RCU enabled.
[    0.389250] 	Rude variant of Tasks RCU enabled.
[    0.389297] 	Tracing variant of Tasks RCU enabled.
[    0.389346] rcu: RCU calculated value of scheduler-enlistment delay is 10 jiffies.
[    0.393705] NR_IRQS: 2048, nr_irqs: 2048, preallocated irqs: 1
[    0.393783] SUN4V: Using IRQ API major 3, cookie only virqs enabled
[    0.396292] clocksource: stick: mask: 0xffffffffffffffff max_cycles: 0x1cd42e4dffb, max_idle_ns: 881590591483 ns
[    0.396421] clocksource: mult[800000] shift[23]
[    0.396470] clockevent: mult[80000000] shift[31]
[    0.396871] Console: colour dummy device 80x25
[    0.396936] printk: console [tty0] enabled
[    0.397016] printk: bootconsole [earlyprom0] disabled
[    0.397106] Lock dependency validator: Copyright (c) 2006 Red Hat, Inc., Ingo Molnar
[    0.397160] ... MAX_LOCKDEP_SUBCLASSES:  8
[    0.397194] ... MAX_LOCK_DEPTH:          48
[    0.397227] ... MAX_LOCKDEP_KEYS:        8192
[    0.397262] ... CLASSHASH_SIZE:          4096
[    0.397296] ... MAX_LOCKDEP_ENTRIES:     16384
[    0.397331] ... MAX_LOCKDEP_CHAINS:      32768
[    0.397366] ... CHAINHASH_SIZE:          16384
[    0.397401]  memory used by lock dependency info: 3983 kB
[    0.397442]  memory used for stack traces: 2112 kB
[    0.397479]  per task-struct memory footprint: 1920 bytes
[    0.546804] Calibrating delay using timer specific routine.. 2007.44 BogoMIPS (lpj=10037235)
[    0.546882] pid_max: default: 131072 minimum: 1024
[    0.547179] LSM: Security Framework initializing
[    0.547353] AppArmor: AppArmor initialized
[    0.547637] Mount-cache hash table entries: 131072 (order: 7, 1048576 bytes, linear)
[    0.547808] Mountpoint-cache hash table entries: 131072 (order: 7, 1048576 bytes, linear)
[    0.553561] rcu: Hierarchical SRCU implementation.
[    0.564561] smp: Bringing up secondary CPUs ...
[    0.565817] ------------[ cut here ]------------
[    0.565835] WARNING: CPU: 0 PID: 1 at kernel/locking/lockdep.c:5286 check_flags+0x9c/0x2c0
[    0.565844] DEBUG_LOCKS_WARN_ON(lockdep_hardirqs_enabled())
[    0.565846] Modules linked in:
[    0.565860] CPU: 0 PID: 1 Comm: swapper/0 Not tainted 5.9.0-00675-g3bff6112c80c #99
[    0.565869] Call Trace:
[    0.565879] [<00000000004707a8>] __warn+0xa8/0x120
[    0.565889] [<0000000000c2066c>] warn_slowpath_fmt+0x64/0x74
[    0.565897] [<00000000004e743c>] check_flags+0x9c/0x2c0
[    0.565907] [<0000000000c26588>] lock_is_held_type+0x128/0x180
[    0.565921] [<0000000000508034>] rcu_read_lock_sched_held+0x54/0xa0
[    0.565929] [<00000000004ec6e8>] lock_acquire+0x128/0x4e0
[    0.565940] [<0000000000c2ff10>] _raw_spin_lock+0x30/0x60
[    0.565955] [<00000000009c045c>] p1275_cmd_direct+0x1c/0x60
[    0.565962] [<00000000009c0330>] prom_startcpu_cpuid+0x30/0x40
[    0.565971] [<00000000004414a4>] __cpu_up+0x184/0x3a0
[    0.565978] [<0000000000472320>] bringup_cpu+0x20/0x120
[    0.565986] [<0000000000471b2c>] cpuhp_invoke_callback+0xec/0x340
[    0.565993] [<00000000004731b4>] cpu_up+0x154/0x220
[    0.566000] [<0000000000473a40>] bringup_nonboot_cpus+0x60/0xa0
[    0.566010] [<0000000000fdc2f4>] smp_init+0x28/0xa0
[    0.566018] [<0000000000fcd3b4>] kernel_init_freeable+0x18c/0x300
[    0.566025] irq event stamp: 5135
[    0.566032] hardirqs last  enabled at (5135): [<0000000000c30328>] _raw_spin_unlock_irqrestore+0x28/0x60
[    0.566041] hardirqs last disabled at (5134): [<0000000000c300e0>] _raw_spin_lock_irqsave+0x20/0x80
[    0.566052] softirqs last  enabled at (1488): [<0000000000c32f70>] __do_softirq+0x4f0/0x580
[    0.566063] softirqs last disabled at (1481): [<000000000042c1f4>] do_softirq_own_stack+0x34/0x60
[    0.566075] random: get_random_bytes called from __warn+0xc8/0x120 with crng_init=0
[    0.566081] ---[ end trace 153878805f3cf50c ]---
[    0.566092] possible reason: unannotated irqs-off.
[    0.566097] irq event stamp: 5135
[    0.566104] hardirqs last  enabled at (5135): [<0000000000c30328>] _raw_spin_unlock_irqrestore+0x28/0x60
[    0.566113] hardirqs last disabled at (5134): [<0000000000c300e0>] _raw_spin_lock_irqsave+0x20/0x80
[    0.566123] softirqs last  enabled at (1488): [<0000000000c32f70>] __do_softirq+0x4f0/0x580
[    0.566132] softirqs last disabled at (1481): [<000000000042c1f4>] do_softirq_own_stack+0x34/0x60
[    0.582198] smp: Brought up 1 node, 32 CPUs
[    0.584592] devtmpfs: initialized
[    0.586007] Performance events: 
[    0.586034] Testing NMI watchdog ... 
[    0.786084] OK.
[    0.786121] Supported PMU type is 'niagara5'
[    0.786487] ldc.c:v1.1 (July 22, 2008)
[    0.787514] clocksource: jiffies: mask: 0xffffffff max_cycles: 0xffffffff, max_idle_ns: 19112604462750000 ns
[    0.787545] futex hash table entries: 32768 (order: 9, 4194304 bytes, linear)
[    0.789941] NET: Registered protocol family 16
[    0.793599] VIO: Adding device channel-devices (tx_ino = ffffffffffffffff, rx_ino = ffffffffffffffff)
[    0.793666] VIO: Adding device vnet-port-0-0 (tx_ino = 0, rx_ino = 1)
[    0.793719] VIO: Adding device vnet-port-0-1 (tx_ino = 2, rx_ino = 3)
[    0.793772] VIO: Adding device vnet-port-0-2 (tx_ino = 4, rx_ino = 5)
[    0.793827] VIO: Adding device vnet-port-0-3 (tx_ino = 6, rx_ino = 7)
[    0.793884] VIO: Adding device vnet-port-0-4 (tx_ino = 8, rx_ino = 9)
[    0.793935] VIO: Adding device vnet-port-0-5 (tx_ino = a, rx_ino = b)
[    0.793990] VIO: Adding device vdc-port-2-0 (tx_ino = c, rx_ino = d)
[    0.794041] VIO: Adding device vdc-port-1-0 (tx_ino = e, rx_ino = f)
[    0.794092] VIO: Adding device vdc-port-0-0 (tx_ino = 10, rx_ino = 11)
[    0.794147] VIO: Adding device vdc-port-3-0 (tx_ino = 12, rx_ino = 13)
[    0.794198] VIO: Adding device vlds-port-0-0 (tx_ino = 14, rx_ino = 15)
[    0.794252] VIO: Adding device domain-services-port-0 (tx_ino = 14, rx_ino = 15)
[    0.794351] audit: initializing netlink subsys (disabled)
[    0.794495] audit: type=2000 audit(0.390:1): state=initialized audit_enabled=0 res=1
[    0.805390] HugeTLB registered 64.0 KiB page size, pre-allocated 0 pages
[    0.805400] HugeTLB registered 8.00 MiB page size, pre-allocated 0 pages
[    0.805409] HugeTLB registered 256 MiB page size, pre-allocated 0 pages
[    0.805417] HugeTLB registered 2.00 GiB page size, pre-allocated 0 pages
[    0.806336] alg: extra crypto tests enabled.  This is intended for developer use only.
[    0.826454] cryptd: max_cpu_qlen set to 1000
[    0.889278] vgaarb: loaded
[    0.889789] NetLabel: Initializing
[    0.889797] NetLabel:  domain hash size = 128
[    0.889803] NetLabel:  protocols = UNLABELED CIPSOv4 CALIPSO
[    0.889845] NetLabel:  unlabeled traffic allowed by default
[    0.890341] SUN4V: Reboot data supported (maj=1,min=0).
[    0.890487] ds.c:v1.0 (Jul 11, 2007)
[    0.890653] ds-0: ds_conn_reset() from send_events
[    0.890823] clocksource: Switched to clocksource stick
[    0.973610] VFS: Disk quotas dquot_6.6.0
[    0.973695] VFS: Dquot-cache hash table entries: 1024 (order 0, 8192 bytes)
[    0.974450] AppArmor: AppArmor Filesystem Enabled
[    0.979112] NET: Registered protocol family 2
[    0.979802] tcp_listen_portaddr_hash hash table entries: 32768 (order: 8, 2621440 bytes, linear)
[    0.981082] TCP established hash table entries: 524288 (order: 9, 4194304 bytes, linear)
[    0.983231] TCP bind hash table entries: 65536 (order: 9, 4718592 bytes, linear)
[    0.985391] TCP: Hash tables configured (established 524288 bind 65536)
[    0.986371] UDP hash table entries: 32768 (order: 9, 5242880 bytes, linear)
[    0.989037] UDP-Lite hash table entries: 32768 (order: 9, 5242880 bytes, linear)
[    0.992749] NET: Registered protocol family 1
[    0.992772] NET: Registered protocol family 44
[    0.992799] PCI: CLS 0 bytes, default 64
[    0.992961] Trying to unpack rootfs image as initramfs...
[    1.129459] Freeing initrd memory: 14640K
[    1.129808] aes_sparc64: Using sparc64 aes opcodes optimized AES implementation
[    1.369938] des_sparc64: Using sparc64 des opcodes optimized DES implementation
[    1.816171] camellia_sparc64: Using sparc64 camellia opcodes optimized CAMELLIA implementation
[    1.972059] workingset: timestamp_bits=41 max_order=23 bucket_order=0
[    1.977344] zbud: loaded
[    1.979613] SGI XFS with ACLs, security attributes, quota, fatal assert, debug enabled
[    2.004130] Block layer SCSI generic (bsg) driver version 0.4 loaded (major 252)
[    2.004579] io scheduler mq-deadline registered
[    2.006108] f029b788: ttyHV0 at I/O 0x0 (irq = 1, base_baud = 115200) is a SUN4V HCONS
[    2.006527] printk: console [ttyHV0] enabled
[    2.008252] sunvdc.c:v1.2 (November 24, 2014)
[    2.011511] sunvdc: Virtual Hard disk vdiskc
[    2.011522] sunvdc: vdiskc: 104857600 sectors (51200 MB) protocol 1.2
[    2.021353] sunvdc: Virtual Hard disk vdiskb
[    2.021365] sunvdc: vdiskb: 62914560 sectors (30720 MB) protocol 1.2
[    2.022242]  vdiskb: vdiskb1
[    2.031479] sunvdc: Virtual Hard disk vdiska
[    2.031491] sunvdc: vdiska: 31457280 sectors (15360 MB) protocol 1.2
[    2.032435]  vdiska: vdiska1 vdiska2 vdiska3 vdiska4
[    2.042333] sunvdc: Virtual CDROM vdiskd
[    2.042347] sunvdc: vdiskd: 453848 sectors (221 MB) protocol 1.2
[    2.043277]  vdiskd: vdiskd1 vdiskd2 vdiskd3 vdiskd4 vdiskd5 vdiskd6 vdiskd7
[    2.050635] sunvnet: sunvnet 2.0 (February 3, 2017)
[    2.051674] vnet_port vnet-port-0-0 eth0: Sun LDOM vnet 00:14:4f:f8:12:a3
[    2.051762] sunvnet: eth0: PORT ( remote-mac 00:14:4f:fa:f3:f0 switch-port )
[    2.052176] sunvnet: eth0: PORT ( remote-mac 00:14:4f:f8:e5:f3 )
[    2.052596] sunvnet: eth0: PORT ( remote-mac 00:14:4f:f9:b4:97 )
[    2.052988] sunvnet: eth0: PORT ( remote-mac 00:14:4f:f8:3f:1e )
[    2.053387] sunvnet: eth0: PORT ( remote-mac 00:14:4f:f8:fe:47 )
[    2.053786] sunvnet: eth0: PORT ( remote-mac 00:14:4f:fb:b5:00 )
[    2.054504] rtc-sun4v rtc-sun4v: registered as rtc0
[    2.054560] rtc-sun4v rtc-sun4v: setting system clock to 2020-10-21T09:50:08 UTC (1603273808)
[    2.054744] sun4v_wdt: initialized (timeout=60s, nowayout=0)
[    2.054947] device-mapper: uevent: version 1.0.3
[    2.055431] device-mapper: ioctl: 4.42.0-ioctl (2020-02-27) initialised: dm-devel@redhat.com
[    2.055988] NET: Registered protocol family 17
[    2.056141] registered taskstats version 1
[    2.056647] zswap: loaded using pool lzo/zbud
[    2.057326] AppArmor: AppArmor sha1 policy hashing enabled
[    2.059326] This architecture does not have kernel memory protection.
[    2.059344] Run /init as init process
[    2.059352]   with arguments:
[    2.059360]     /init
[    2.059367]   with environment:
[    2.059374]     HOME=/
[    2.059380]     TERM=linux
[    2.059387]     BOOT_IMAGE=/vmlinux-5.9.0-00675-g3bff6112c80c
[    2.276123] crc32c_sparc64: Using sparc64 crc32c opcode optimized CRC32C implementation
[    2.279374] random: lvm: uninitialized urandom read (4 bytes read)
[    2.305500] random: lvm: uninitialized urandom read (2 bytes read)
[    2.542125] random: fast init done
[    2.890824] raid6: int64x8  gen()  2154 MB/s
[    3.060808] raid6: int64x8  xor()  1522 MB/s
[    3.230809] raid6: int64x4  gen()  3399 MB/s
[    3.400794] raid6: int64x4  xor()  1463 MB/s
[    3.570798] raid6: int64x2  gen()  2913 MB/s
[    3.740795] raid6: int64x2  xor()  1049 MB/s
[    3.910809] raid6: int64x1  gen()  1405 MB/s
[    4.080823] raid6: int64x1  xor()   713 MB/s
[    4.080833] raid6: using algorithm int64x4 gen() 3399 MB/s
[    4.080841] raid6: .... xor() 1463 MB/s, rmw enabled
[    4.080849] raid6: using intx1 recovery algorithm
[    4.081344] async_tx: api initialized (async)
[    4.081549] xor: automatically using best checksumming function   Niagara   
[    4.279625] EXT4-fs (vdiska2): mounted filesystem with ordered data mode. Opts: (null)
[    6.085547] systemd[1]: Inserted module 'autofs4'
[    6.092283] NET: Registered protocol family 10
[    6.096048] Segment Routing with IPv6
[    6.193990] systemd[1]: systemd 246.6-2 running in system mode. (+PAM +AUDIT +SELINUX +IMA +APPARMOR +SMACK +SYSVINIT +UTMP +LIBCRYPTSETUP +GCRYPT +GNUTLS +ACL +XZ +LZ4 +ZSTD -SECCOMP +BLKID +ELFUTILS +KMOD +IDN2 -IDN +PCRE2 default-hierarchy=hybrid)
[    6.194370] systemd[1]: Detected architecture sparc64.
[    6.270513] systemd[1]: Set hostname to <ttip>.
[    7.241185] random: lvmconfig: uninitialized urandom read (4 bytes read)
[    8.518778] systemd[1]: Queued start job for default target Multi-User System.
[    8.519722] random: systemd: uninitialized urandom read (16 bytes read)
[    8.541646] systemd[1]: Created slice system-getty.slice.
[    8.542009] random: systemd: uninitialized urandom read (16 bytes read)
[    8.550181] systemd[1]: Created slice system-modprobe.slice.
[    8.550394] random: systemd: uninitialized urandom read (16 bytes read)
[    8.558370] systemd[1]: Created slice system-openvpn\x2dclient.slice.
[    8.573628] systemd[1]: Created slice system-postfix.slice.
[    8.582025] systemd[1]: Created slice system-systemd\x2dfsck.slice.
[    8.590307] systemd[1]: Created slice User and Session Slice.
[    8.590746] systemd[1]: Started Dispatch Password Requests to Console Directory Watch.
[    8.591123] systemd[1]: Started Forward Password Requests to Wall Directory Watch.
[    8.592412] systemd[1]: Set up automount Arbitrary Executable File Formats File System Automount Point.
[    8.592717] systemd[1]: Reached target Local Encrypted Volumes.
[    8.593001] systemd[1]: Reached target Paths.
[    8.593238] systemd[1]: Reached target Slices.
[    8.593715] systemd[1]: Listening on Device-mapper event daemon FIFOs.
[    8.594251] systemd[1]: Listening on LVM2 poll daemon socket.
[    8.619339] systemd[1]: Listening on RPCbind Server Activation Socket.
[    8.620008] systemd[1]: Listening on Syslog Socket.
[    8.620545] systemd[1]: Listening on fsck to fsckd communication Socket.
[    8.620915] systemd[1]: Listening on initctl Compatibility Named Pipe.
[    8.621565] systemd[1]: Listening on Journal Audit Socket.
[    8.622034] systemd[1]: Listening on Journal Socket (/dev/log).
[    8.622623] systemd[1]: Listening on Journal Socket.
[    8.623211] systemd[1]: Listening on udev Control Socket.
[    8.623660] systemd[1]: Listening on udev Kernel Socket.
[    8.633860] systemd[1]: Mounting Huge Pages File System...
[    8.644356] systemd[1]: Mounting POSIX Message Queue File System...
[    8.665675] systemd[1]: Mounting RPC Pipe File System...
[    8.677119] systemd[1]: Mounting Kernel Debug File System...
[    8.687830] systemd[1]: Mounting Kernel Trace File System...
[    8.688285] systemd[1]: Condition check resulted in Kernel Module supporting RPCSEC_GSS being skipped.
[    8.688813] systemd[1]: Finished Availability of block devices.
[    8.699239] systemd[1]: Starting Wait for network to be configured by ifupdown...
[    8.709951] systemd[1]: Starting Create list of static device nodes for the current kernel...
[    8.721574] systemd[1]: Starting Monitoring of LVM2 mirrors, snapshots etc. using dmeventd or progress polling...
[    8.732042] systemd[1]: Starting Load Kernel Module drm...
[    8.742820] systemd[1]: Starting nftables...
[    8.756168] RPC: Registered named UNIX socket transport module.
[    8.756188] RPC: Registered udp transport module.
[    8.756196] RPC: Registered tcp transport module.
[    8.756205] RPC: Registered tcp NFSv4.1 backchannel transport module.
[    8.775278] systemd[1]: Condition check resulted in Set Up Additional Binary Formats being skipped.
[    8.775485] systemd[1]: Condition check resulted in File System Check on Root Device being skipped.
[    8.787793] systemd[1]: Starting Journal Service...
[    8.851115] systemd[1]: Starting Load Kernel Modules...
[    8.861481] systemd[1]: Starting Remount Root and Kernel File Systems...
[    8.872021] systemd[1]: Starting Coldplug All udev Devices...
[    8.877643] systemd[1]: Mounted Huge Pages File System.
[    8.878360] systemd[1]: Mounted POSIX Message Queue File System.
[    8.879021] systemd[1]: Mounted RPC Pipe File System.
[    8.879677] systemd[1]: Mounted Kernel Debug File System.
[    8.880327] systemd[1]: Mounted Kernel Trace File System.
[    8.882608] systemd[1]: Finished Wait for network to be configured by ifupdown.
[    8.884976] systemd[1]: Finished Create list of static device nodes for the current kernel.
[    8.886119] systemd[1]: modprobe@drm.service: Succeeded.
[    8.887652] systemd[1]: Finished Load Kernel Module drm.
[    8.967876] EXT4-fs (vdiska2): re-mounted. Opts: errors=remount-ro
[    8.971857] systemd[1]: Finished Load Kernel Modules.
[    8.974214] systemd[1]: Finished Remount Root and Kernel File Systems.
[    8.975017] systemd[1]: Condition check resulted in FUSE Control File System being skipped.
[    8.975237] systemd[1]: Condition check resulted in Kernel Configuration File System being skipped.
[    9.068886] systemd[1]: Starting Initial Check File System Quotas...
[    9.081226] systemd[1]: Condition check resulted in Rebuild Hardware Database being skipped.
[    9.081451] systemd[1]: Condition check resulted in Platform Persistent Storage Archival being skipped.
[    9.091798] systemd[1]: Starting Load/Save Random Seed...
[    9.102287] systemd[1]: Starting Apply Kernel Variables...
[    9.112822] systemd[1]: Starting Create System Users...
[    9.114044] systemd[1]: Started Journal Service.
[    9.491385] ------------[ cut here ]------------
[    9.491421] WARNING: CPU: 11 PID: 508 at net/netfilter/nf_tables_api.c:622 nft_chain_parse_hook+0x7c/0x360 [nf_tables]
[    9.491434] Modules linked in: nf_tables nfnetlink sunrpc ip_tables x_tables ipv6 crc_ccitt autofs4 ext4 crc16 mbcache jbd2 raid10 raid456 async_raid6_recov async_memcpy async_pq async_xor xor async_tx raid6_pq raid1 raid0 multipath linear md_mod crc32c_sparc64
[    9.491489] CPU: 11 PID: 508 Comm: nft Tainted: G        W         5.9.0-00675-g3bff6112c80c #99
[    9.491500] Call Trace:
[    9.491512] [<00000000004707a8>] __warn+0xa8/0x120
[    9.491524] [<0000000000c2063c>] warn_slowpath_fmt+0x34/0x74
[    9.491537] [<00000000100c79fc>] nft_chain_parse_hook+0x7c/0x360 [nf_tables]
[    9.491551] [<00000000100caca8>] nf_tables_addchain.constprop.0+0x48/0x5a0 [nf_tables]
[    9.491565] [<00000000100cb908>] nf_tables_newchain+0x708/0x820 [nf_tables]
[    9.491576] [<00000000100b49c4>] nfnetlink_rcv_batch+0x4a4/0x780 [nfnetlink]
[    9.491585] [<00000000100b4db0>] nfnetlink_rcv+0x110/0x140 [nfnetlink]
[    9.491596] [<0000000000b2ee70>] netlink_unicast+0x150/0x2a0
[    9.491605] [<0000000000b2fddc>] netlink_sendmsg+0x3dc/0x460
[    9.491614] [<0000000000a9adb4>] sock_sendmsg+0x34/0x80
[    9.491623] [<0000000000a9c48c>] ____sys_sendmsg+0x1ac/0x220
[    9.491633] [<0000000000a9e528>] ___sys_sendmsg+0x48/0x80
[    9.491641] [<0000000000a9e608>] __sys_sendmsg+0x48/0x80
[    9.491649] [<0000000000a9e658>] sys_sendmsg+0x18/0x40
[    9.491662] [<00000000004062b4>] linux_sparc_syscall+0x34/0x44
[    9.491670] irq event stamp: 0
[    9.491679] hardirqs last  enabled at (0): [<0000000000000000>] 0x0
[    9.491689] hardirqs last disabled at (0): [<000000000046e3d4>] copy_process+0x734/0x1860
[    9.491700] softirqs last  enabled at (0): [<000000000046e3d4>] copy_process+0x734/0x1860
[    9.491711] softirqs last disabled at (0): [<0000000000000000>] 0x0
[    9.491720] ---[ end trace 153878805f3cf50e ]---
[   11.014118] sha1_sparc64: Using sparc64 sha1 opcode optimized SHA-1 implementation
[   11.115917] n2rng v0.3 (Jan 7, 2017)
[   11.115957] n2rng f029b104: Registered RNG HVAPI major 2 minor 0
[   11.115973] n2rng f029b104: Found multi-unit-capable RNG, units: 2
[   11.116287] n2rng f029b104: RNG ready
[   11.167550] pktcdvd: setup of pktcdvd device failed
[   11.179184] sha256_sparc64: Using sparc64 sha256 opcode optimized SHA-256/SHA-224 implementation
[   11.191803] pktcdvd: setup of pktcdvd device failed
[   11.194328] pktcdvd: setup of pktcdvd device failed
[   11.196580] pktcdvd: setup of pktcdvd device failed
[   11.198951] pktcdvd: setup of pktcdvd device failed
[   11.201292] pktcdvd: setup of pktcdvd device failed
[   11.203659] pktcdvd: setup of pktcdvd device failed
[   11.206631] pktcdvd: setup of pktcdvd device failed
[   11.350558] sha512_sparc64: Using sparc64 sha512 opcode optimized SHA-512/SHA-384 implementation
[   11.367975] md5_sparc64: Using sparc64 md5 opcode optimized MD5 implementation
[   11.413014] XFS (dm-0): Mounting V5 Filesystem
[   11.684265] XFS (dm-0): Ending clean mount
[   11.690826] Adding 787176k swap on /dev/vdiska4.  Priority:-2 extents:1 across:787176k FS
[   11.706582] xfs filesystem being mounted at /1 supports timestamps until 2038 (0x7fffffff)
[   12.176255] EXT4-fs (vdiska1): mounting ext3 file system using the ext4 subsystem
[   12.595572] EXT4-fs (vdiska1): mounted filesystem with ordered data mode. Opts: (null)
[   12.595690] ext3 filesystem being mounted at /boot supports timestamps until 2038 (0x7fffffff)
[   13.590927] random: crng init done
[   13.590951] random: 4 urandom warning(s) missed due to ratelimiting
[   14.576136] Kernel unaligned access at TPC[8db11c] aa_dfa_unpack+0x3c/0x640
[   14.576173] Kernel unaligned access at TPC[8db130] aa_dfa_unpack+0x50/0x640
[   14.576196] Kernel unaligned access at TPC[8db1f4] aa_dfa_unpack+0x114/0x640
[   14.576219] Kernel unaligned access at TPC[8db2c4] aa_dfa_unpack+0x1e4/0x640
[   14.576241] Kernel unaligned access at TPC[8db2d8] aa_dfa_unpack+0x1f8/0x640
[   14.584273] audit: type=1400 audit(1603273821.020:2): apparmor="STATUS" operation="profile_load" profile="unconfined" name="nvidia_modprobe" pid=701 comm="apparmor_parser"
[   14.584317] audit: type=1400 audit(1603273821.020:3): apparmor="STATUS" operation="profile_load" profile="unconfined" name="nvidia_modprobe//kmod" pid=701 comm="apparmor_parser"
[   14.593495] audit: type=1400 audit(1603273821.030:4): apparmor="STATUS" operation="profile_load" profile="unconfined" name="/usr/sbin/haveged" pid=699 comm="apparmor_parser"
[   14.625560] audit: type=1400 audit(1603273821.060:5): apparmor="STATUS" operation="profile_load" profile="unconfined" name="lsb_release" pid=705 comm="apparmor_parser"
[   14.646568] audit: type=1400 audit(1603273821.080:6): apparmor="STATUS" operation="profile_load" profile="unconfined" name="/usr/bin/man" pid=702 comm="apparmor_parser"
[   14.646603] audit: type=1400 audit(1603273821.080:7): apparmor="STATUS" operation="profile_load" profile="unconfined" name="man_filter" pid=702 comm="apparmor_parser"
[   14.646634] audit: type=1400 audit(1603273821.080:8): apparmor="STATUS" operation="profile_load" profile="unconfined" name="man_groff" pid=702 comm="apparmor_parser"
[   14.736080] audit: type=1400 audit(1603273821.170:9): apparmor="STATUS" operation="profile_load" profile="unconfined" name="named" pid=704 comm="apparmor_parser"
[   14.740976] audit: type=1400 audit(1603273821.180:10): apparmor="STATUS" operation="profile_load" profile="unconfined" name="tcpdump" pid=703 comm="apparmor_parser"
