[    0.000013] PROMLIB: Sun IEEE Boot Prom 'OBP 4.38.17 2019/01/25 08:22'
[    0.000029] PROMLIB: Root node compatible: sun4v
[    0.000073] Linux version 5.11.0-03615-g55f62bc87347 (mator@ttip) (gcc (Debian 10.2.1-6) 10.2.1 20210110, GNU ld (GNU Binutils for Debian) 2.35.2) #183 SMP Sun Feb 21 13:29:02 MSK 2021
[    0.000381] printk: bootconsole [earlyprom0] enabled
[    0.000433] ARCH: SUN4V
[    0.000478] Ethernet address: 00:14:4f:fa:06:f2
[    0.000531] MM: PAGE_OFFSET is 0xfff8000000000000 (max_phys_bits == 47)
[    0.000598] MM: VMALLOC [0x0000000100000000 --> 0x0006000000000000]
[    0.000659] MM: VMEMMAP [0x0006000000000000 --> 0x000c000000000000]
[    0.014447] Kernel: Using 5 locked TLB entries for main kernel image.
[    0.014517] Remapping the kernel... 
[    0.014542] done.
[    0.039561] OF stdout device is: /virtual-devices@100/console@1
[    0.039623] PROM: Built device tree with 76625 bytes of memory.
[    0.039683] MDESC: Size is 30160 bytes.
[    0.039788] PLATFORM: banner-name [SPARC T5-2]
[    0.039836] PLATFORM: name [ORCL,SPARC-T5-2]
[    0.039879] PLATFORM: hostid [84fa06f2]
[    0.039919] PLATFORM: serial# [0035260e]
[    0.039960] PLATFORM: stick-frequency [3b9aca00]
[    0.040008] PLATFORM: mac-address [144ffa06f2]
[    0.040052] PLATFORM: watchdog-resolution [1000 ms]
[    0.040100] PLATFORM: watchdog-max-timeout [31536000000 ms]
[    0.040155] PLATFORM: max-cpus [1024]
[    0.040244] Top of RAM: 0x21af948000, Total RAM: 0x3ff382000
[    0.040305] Memory hole size: 121605MB
[    0.042666] Allocated 32768 bytes for kernel page tables.
[    0.042740] Zone ranges:
[    0.042778]   Normal   [mem 0x0000000030400000-0x00000021af947fff]
[    0.042844] Movable zone start for each node
[    0.042888] Early memory node ranges
[    0.042926]   node   0: [mem 0x0000000030400000-0x000000006febffff]
[    0.042988]   node   0: [mem 0x000000006ff40000-0x000000006ff47fff]
[    0.043048]   node   0: [mem 0x0000000070000000-0x00000002afffffff]
[    0.043109]   node   0: [mem 0x0000002030000000-0x00000021af8b1fff]
[    0.043172]   node   0: [mem 0x00000021af940000-0x00000021af947fff]
[    0.054623] Zeroed struct page in unavailable ranges: 263743 pages
[    0.054645] Initmem setup node 0 [mem 0x0000000030400000-0x00000021af947fff]
[    0.054796] On node 0 totalpages: 2095553
[    0.054804]   Normal zone: 18418 pages used for memmap
[    0.054810]   Normal zone: 0 pages reserved
[    0.054815]   Normal zone: 2095553 pages, LIFO batch:31
[    0.060806] Booting Linux...
[    0.060891] CPU CAPS: [flush,stbar,swap,muldiv,v9,blkinit,n2,mul32]
[    0.060995] CPU CAPS: [div32,v8plus,popc,vis,vis2,ASIBlkInit,fmaf,vis3]
[    0.061090] CPU CAPS: [hpc,ima,pause,cbcond,aes,des,kasumi,camellia]
[    0.061180] CPU CAPS: [md5,sha1,sha256,sha512,mpmul,montmul,montsqr,crc32c]
[    0.110461] percpu: Embedded 20 pages/cpu s119184 r8192 d36464 u262144
[    0.110687] pcpu-alloc: s119184 r8192 d36464 u262144 alloc=1*4194304
[    0.110698] pcpu-alloc: [0] 000 001 002 003 004 005 006 007 008 009 010 011 012 013 014 015 
[    0.110766] pcpu-alloc: [0] 016 017 018 019 020 021 022 023 024 025 026 027 028 029 030 031 
[    0.110834] pcpu-alloc: [0] 032 033 034 035 036 037 038 039 040 041 042 043 044 045 046 047 
[    0.110901] pcpu-alloc: [0] 048 049 050 051 052 053 054 055 056 057 058 059 060 061 062 063 
[    0.110969] pcpu-alloc: [0] 064 065 066 067 068 069 070 071 072 073 074 075 076 077 078 079 
[    0.111036] pcpu-alloc: [0] 080 081 082 083 084 085 086 087 088 089 090 091 092 093 094 095 
[    0.111103] pcpu-alloc: [0] 096 097 098 099 100 101 102 103 104 105 106 107 108 109 110 111 
[    0.111170] pcpu-alloc: [0] 112 113 114 115 116 117 118 119 120 121 122 123 124 125 126 127 
[    0.111238] pcpu-alloc: [0] 128 129 130 131 132 133 134 135 136 137 138 139 140 141 142 143 
[    0.111305] pcpu-alloc: [0] 144 145 146 147 148 149 150 151 152 153 154 155 156 157 158 159 
[    0.111372] pcpu-alloc: [0] 160 161 162 163 164 165 166 167 168 169 170 171 172 173 174 175 
[    0.111440] pcpu-alloc: [0] 176 177 178 179 180 181 182 183 184 185 186 187 188 189 190 191 
[    0.111507] pcpu-alloc: [0] 192 193 194 195 196 197 198 199 200 201 202 203 204 205 206 207 
[    0.111574] pcpu-alloc: [0] 208 209 210 211 212 213 214 215 216 217 218 219 220 221 222 223 
[    0.111641] pcpu-alloc: [0] 224 225 226 227 228 229 230 231 232 233 234 235 236 237 238 239 
[    0.111708] pcpu-alloc: [0] 240 241 242 243 244 245 246 247 248 249 250 251 252 253 254 255 
[    0.112179] SUN4V: Mondo queue sizes [cpu(131072) dev(16384) r(8192) nr(256)]
[    0.112496] Built 1 zonelists, mobility grouping on.  Total pages: 2077135
[    0.112576] Kernel command line: BOOT_IMAGE=/vmlinux-5.11.0-03615-g55f62bc87347 root=/dev/vdiska2 ro zswap.enabled=1
[    0.115532] printk: log_buf_len individual max cpu contribution: 4096 bytes
[    0.115601] printk: log_buf_len total cpu_extra contributions: 1044480 bytes
[    0.115666] printk: log_buf_len min size: 131072 bytes
[    0.117493] printk: log_buf_len: 2097152 bytes
[    0.117541] printk: early log buf free: 126488(96%)
[    0.119199] Dentry cache hash table entries: 2097152 (order: 11, 16777216 bytes, linear)
[    0.120108] Inode-cache hash table entries: 1048576 (order: 10, 8388608 bytes, linear)
[    0.120183] Sorting __ex_table...
[    0.120419] mem auto-init: stack:off, heap alloc:off, heap free:off
[    0.124920] Memory: 1305368K/16764424K available (8234K kernel code, 1669K rwdata, 2824K rodata, 600K init, 3082K bss, 296880K reserved, 0K cma-reserved)
[    0.125100] random: get_random_u64 called from kmem_cache_open+0x20/0x300 with crng_init=0
[    0.127210] SLUB: HWalign=32, Order=0-3, MinObjects=0, CPUs=256, Nodes=1
[    0.128051] ftrace: allocating 25715 entries in 51 pages
[    0.138165] ftrace: allocated 51 pages with 4 groups
[    0.142469] rcu: Hierarchical RCU implementation.
[    0.142521] rcu: 	RCU event tracing is enabled.
[    0.142567] rcu: 	RCU debug extended QS entry/exit.
[    0.142614] 	Rude variant of Tasks RCU enabled.
[    0.142659] 	Tracing variant of Tasks RCU enabled.
[    0.142706] rcu: RCU calculated value of scheduler-enlistment delay is 26 jiffies.
[    0.148328] NR_IRQS: 2048, nr_irqs: 2048, preallocated irqs: 1
[    0.148410] SUN4V: Using IRQ API major 3, cookie only virqs enabled
[    0.152295] clocksource: stick: mask: 0xffffffffffffffff max_cycles: 0x1cd42e4dffb, max_idle_ns: 881590591483 ns
[    0.152432] clocksource: mult[800000] shift[23]
[    0.152479] clockevent: mult[80000000] shift[31]
[    0.153052] Console: colour dummy device 80x25
[    0.153106] printk: console [tty0] enabled
[    0.153168] printk: bootconsole [earlyprom0] disabled
[    0.153237] Lock dependency validator: Copyright (c) 2006 Red Hat, Inc., Ingo Molnar
[    0.153265] ... MAX_LOCKDEP_SUBCLASSES:  8
[    0.153282] ... MAX_LOCK_DEPTH:          48
[    0.153300] ... MAX_LOCKDEP_KEYS:        8192
[    0.153318] ... CLASSHASH_SIZE:          4096
[    0.153336] ... MAX_LOCKDEP_ENTRIES:     16384
[    0.153353] ... MAX_LOCKDEP_CHAINS:      32768
[    0.153371] ... CHAINHASH_SIZE:          16384
[    0.153389]  memory used by lock dependency info: 2603 kB
[    0.153410]  per task-struct memory footprint: 1920 bytes
[    0.232655] Calibrating delay using timer specific routine.. 2003.46 BogoMIPS (lpj=4006925)
[    0.232697] pid_max: default: 262144 minimum: 2048
[    0.233841] Mount-cache hash table entries: 32768 (order: 5, 262144 bytes, linear)
[    0.233902] Mountpoint-cache hash table entries: 32768 (order: 5, 262144 bytes, linear)
[    0.237347] rcu: Hierarchical SRCU implementation.
[    0.244645] smp: Bringing up secondary CPUs ...
[    0.263928] smp: Brought up 1 node, 24 CPUs
[    0.353357] node 0 deferred pages initialised in 88ms
[    0.354322] devtmpfs: initialized
[    0.356456] Performance events: 
[    0.356490] Testing NMI watchdog ... 
[    0.436577] OK.
[    0.436641] Supported PMU type is 'niagara5'
[    0.437705] ldc.c:v1.1 (July 22, 2008)
[    0.438473] clocksource: jiffies: mask: 0xffffffff max_cycles: 0xffffffff, max_idle_ns: 7645041785100000 ns
[    0.438534] futex hash table entries: 65536 (order: 10, 8388608 bytes, linear)
[    0.446235] NET: Registered protocol family 16
[    0.449017] VIO: Adding device channel-devices (tx_ino = ffffffffffffffff, rx_ino = ffffffffffffffff)
[    0.449107] VIO: Adding device vnet-port-0-0 (tx_ino = 0, rx_ino = 1)
[    0.449177] VIO: Adding device vnet-port-0-1 (tx_ino = 2, rx_ino = 3)
[    0.449240] VIO: Adding device vnet-port-0-2 (tx_ino = 4, rx_ino = 5)
[    0.449315] VIO: Adding device vnet-port-0-3 (tx_ino = 6, rx_ino = 7)
[    0.449378] VIO: Adding device vnet-port-0-4 (tx_ino = 8, rx_ino = 9)
[    0.449439] VIO: Adding device vdc-port-2-0 (tx_ino = a, rx_ino = b)
[    0.449503] VIO: Adding device vdc-port-1-0 (tx_ino = c, rx_ino = d)
[    0.449565] VIO: Adding device vdc-port-0-0 (tx_ino = e, rx_ino = f)
[    0.449629] VIO: Adding device vlds-port-0-0 (tx_ino = 10, rx_ino = 11)
[    0.449694] VIO: Adding device domain-services-port-0 (tx_ino = 10, rx_ino = 11)
[    0.449888] audit: initializing netlink subsys (disabled)
[    0.450070] audit: type=2000 audit(0.296:1): state=initialized audit_enabled=0 res=1
[    0.462567] HugeTLB registered 64.0 KiB page size, pre-allocated 0 pages
[    0.462595] HugeTLB registered 8.00 MiB page size, pre-allocated 0 pages
[    0.462619] HugeTLB registered 256 MiB page size, pre-allocated 0 pages
[    0.462644] HugeTLB registered 2.00 GiB page size, pre-allocated 0 pages
[    1.035727] SUN4V: Reboot data supported (maj=1,min=0).
[    1.035970] ds.c:v1.0 (Jul 11, 2007)
[    1.036180] ds-0: ds_conn_reset() from send_events
[    1.036646] clocksource: Switched to clocksource stick
[    1.142496] VFS: Disk quotas dquot_6.6.0
[    1.142714] VFS: Dquot-cache hash table entries: 1024 (order 0, 8192 bytes)
[    1.149926] NET: Registered protocol family 2
[    1.166974] tcp_listen_portaddr_hash hash table entries: 8192 (order: 6, 655360 bytes, linear)
[    1.167720] TCP established hash table entries: 131072 (order: 7, 1048576 bytes, linear)
[    1.168357] TCP bind hash table entries: 65536 (order: 9, 4718592 bytes, linear)
[    1.173945] TCP: Hash tables configured (established 131072 bind 65536)
[    1.175783] UDP hash table entries: 8192 (order: 7, 1310720 bytes, linear)
[    1.177628] UDP-Lite hash table entries: 8192 (order: 7, 1310720 bytes, linear)
[    1.181219] NET: Registered protocol family 1
[    1.181258] NET: Registered protocol family 44
[    1.181467] Trying to unpack rootfs image as initramfs...
[    1.380763] Freeing initrd memory: 24904K
[    1.391273] Initialise system trusted keyrings
[    1.391473] workingset: timestamp_bits=46 max_order=21 bucket_order=0
[    1.407114] zbud: loaded
[    1.411041] SGI XFS with ACLs, security attributes, realtime, quota, no debug enabled
[    1.417074] Key type asymmetric registered
[    1.417102] Asymmetric key parser 'x509' registered
[    1.417150] Block layer SCSI generic (bsg) driver version 0.4 loaded (major 252)
[    1.418016] io scheduler mq-deadline registered
[    1.419466] f029b788: ttyHV0 at I/O 0x0 (irq = 1, base_baud = 115200) is a SUN4V HCONS
[    1.419967] printk: console [ttyHV0] enabled
[    1.422236] sunvdc.c:v1.2 (November 24, 2014)
[    1.459384] sunvdc: Virtual Hard disk vdiskc
[    1.459409] sunvdc: vdiskc: 104857600 sectors (51200 MB) protocol 1.2
[    1.484253] sunvdc: Virtual Hard disk vdiskb
[    1.484276] sunvdc: vdiskb: 62914560 sectors (30720 MB) protocol 1.2
[    1.484767]  vdiskb: vdiskb1
[    1.504815] sunvdc: Virtual Hard disk vdiska
[    1.504845] sunvdc: vdiska: 31457280 sectors (15360 MB) protocol 1.2
[    1.505375]  vdiska: vdiska1 vdiska2 vdiska3 vdiska4
[    1.524099] rtc-sun4v rtc-sun4v: registered as rtc0
[    1.524170] rtc-sun4v rtc-sun4v: setting system clock to 2021-02-21T13:09:10 UTC (1613912950)
[    1.528337] NET: Registered protocol family 10
[    1.550819] Segment Routing with IPv6
[    1.550895] mip6: Mobile IPv6
[    1.550915] NET: Registered protocol family 17
[    1.551200] registered taskstats version 1
[    1.551229] Loading compiled-in X.509 certificates
[    1.556529] zswap: loaded using pool lzo/zbud
[    1.559931] This architecture does not have kernel memory protection.
[    1.559965] Run /init as init process
[    1.559985]   with arguments:
[    1.559991]     /init
[    1.559997]   with environment:
[    1.560001]     HOME=/
[    1.560006]     TERM=linux
[    1.560010]     BOOT_IMAGE=/vmlinux-5.11.0-03615-g55f62bc87347
[    1.888364] sunvnet_common: module verification failed: signature and/or required key missing - tainting kernel
[    1.890489] sunvnet: sunvnet 2.0 (February 3, 2017)
[    1.892656] vnet_port vnet-port-0-0 eth0: Sun LDOM vnet 00:14:4f:f8:12:a3
[    1.892822] sunvnet: eth0: PORT ( remote-mac 00:14:4f:fa:f3:f0 switch-port )
[    1.893283] sunvnet: eth0: PORT ( remote-mac 00:14:4f:f9:b4:97 )
[    1.893606] sunvnet: eth0: PORT ( remote-mac 00:14:4f:f8:e5:f3 )
[    1.893902] sunvnet: eth0: PORT ( remote-mac 00:14:4f:f8:3f:1e )
[    1.894208] sunvnet: eth0: PORT ( remote-mac 00:14:4f:f9:8b:83 )
[    1.903054] random: lvm: uninitialized urandom read (4 bytes read)
[    1.903697] crc32c_sparc64: Using sparc64 crc32c opcode optimized CRC32C implementation
[    1.930574] device-mapper: uevent: version 1.0.3
[    1.931323] device-mapper: ioctl: 4.43.0-ioctl (2020-10-01) initialised: dm-devel@redhat.com
[    1.937013] random: lvm: uninitialized urandom read (2 bytes read)
[    1.937477] dm-0: detected capacity change from 104849408 to 0
[    2.301203] xor: automatically using best checksumming function   Niagara   
[    2.368625] raid6: int64x8  gen()  2156 MB/s
[    2.436617] raid6: int64x8  xor()  1513 MB/s
[    2.504608] raid6: int64x4  gen()  3375 MB/s
[    2.572618] raid6: int64x4  xor()  1455 MB/s
[    2.640621] raid6: int64x2  gen()  2912 MB/s
[    2.708606] raid6: int64x2  xor()  1135 MB/s
[    2.776605] raid6: int64x1  gen()  1426 MB/s
[    2.844636] raid6: int64x1  xor()   710 MB/s
[    2.844662] raid6: using algorithm int64x4 gen() 3375 MB/s
[    2.844686] raid6: .... xor() 1455 MB/s, rmw enabled
[    2.844708] raid6: using intx1 recovery algorithm
[    2.899470] random: fast init done
[    3.001449] EXT4-fs (vdiska2): mounted filesystem with ordered data mode. Opts: (null). Quota mode: none.
[    5.497990] systemd[1]: Inserted module 'autofs4'
[    5.822358] systemd[1]: systemd 247.3-1 running in system mode. (+PAM +AUDIT +SELINUX +IMA +APPARMOR +SMACK +SYSVINIT +UTMP +LIBCRYPTSETUP +GCRYPT +GNUTLS +ACL +XZ +LZ4 +ZSTD -SECCOMP +BLKID +ELFUTILS +KMOD +IDN2 -IDN +PCRE2 default-hierarchy=unified)
[    5.822735] systemd[1]: Detected architecture sparc64.
[    5.888668] systemd[1]: Set hostname to <ttip>.
[    6.223887] systemd-sysv-generator[355]: SysV service '/etc/init.d/xinetd' lacks a native systemd unit file. Automatically generating a unit file for compatibility. Please update package to include a native systemd unit file, in order to make it more safe and robust.
[    6.574797] systemd-sysv-generator[355]: SysV service '/etc/init.d/rng-tools-debian' lacks a native systemd unit file. Automatically generating a unit file for compatibility. Please update package to include a native systemd unit file, in order to make it more safe and robust.
[    6.645791] systemd-sysv-generator[355]: SysV service '/etc/init.d/arpalert' lacks a native systemd unit file. Automatically generating a unit file for compatibility. Please update package to include a native systemd unit file, in order to make it more safe and robust.
[    6.686756] systemd-sysv-generator[355]: SysV service '/etc/init.d/vmtouch' lacks a native systemd unit file. Automatically generating a unit file for compatibility. Please update package to include a native systemd unit file, in order to make it more safe and robust.
[    6.817332] systemd-sysv-generator[355]: SysV service '/etc/init.d/mysql' lacks a native systemd unit file. Automatically generating a unit file for compatibility. Please update package to include a native systemd unit file, in order to make it more safe and robust.
[    7.219127] random: lvmconfig: uninitialized urandom read (4 bytes read)
[    8.516196] systemd[1]: Queued start job for default target Multi-User System.
[    8.517041] random: systemd: uninitialized urandom read (16 bytes read)
[    8.527210] systemd[1]: Created slice system-getty.slice.
[    8.527691] random: systemd: uninitialized urandom read (16 bytes read)
[    8.531479] systemd[1]: Created slice system-modprobe.slice.
[    8.531686] random: systemd: uninitialized urandom read (16 bytes read)
[    8.535664] systemd[1]: Created slice system-openvpn\x2dclient.slice.
[    8.539910] systemd[1]: Created slice system-postfix.slice.
[    8.543866] systemd[1]: Created slice system-systemd\x2dfsck.slice.
[    8.547703] systemd[1]: Created slice User and Session Slice.
[    8.548189] systemd[1]: Started Dispatch Password Requests to Console Directory Watch.
[    8.548721] systemd[1]: Started Forward Password Requests to Wall Directory Watch.
[    8.550260] systemd[1]: Set up automount Arbitrary Executable File Formats File System Automount Point.
[    8.550577] systemd[1]: Reached target Local Encrypted Volumes.
[    8.550849] systemd[1]: Reached target Paths.
[    8.551084] systemd[1]: Reached target Slices.
[    8.551584] systemd[1]: Listening on Device-mapper event daemon FIFOs.
[    8.552130] systemd[1]: Listening on LVM2 poll daemon socket.
[    8.569847] systemd[1]: Listening on RPCbind Server Activation Socket.
[    8.571448] systemd[1]: Listening on Syslog Socket.
[    8.572027] systemd[1]: Listening on fsck to fsckd communication Socket.
[    8.572430] systemd[1]: Listening on initctl Compatibility Named Pipe.
[    8.573147] systemd[1]: Listening on Journal Audit Socket.
[    8.573693] systemd[1]: Listening on Journal Socket (/dev/log).
[    8.574357] systemd[1]: Listening on Journal Socket.
[    8.575062] systemd[1]: Listening on udev Control Socket.
[    8.575553] systemd[1]: Listening on udev Kernel Socket.
[    8.582218] systemd[1]: Mounting Huge Pages File System...
[    8.588908] systemd[1]: Mounting POSIX Message Queue File System...
[    8.595419] systemd[1]: Mounting RPC Pipe File System...
[    8.601709] systemd[1]: Mounting Kernel Debug File System...
[    8.609466] systemd[1]: Mounting Kernel Trace File System...
[    8.610002] systemd[1]: Condition check resulted in Kernel Module supporting RPCSEC_GSS being skipped.
[    8.610545] systemd[1]: Finished Availability of block devices.
[    8.617360] systemd[1]: Starting Wait for network to be configured by ifupdown...
[    8.623694] systemd[1]: Starting Create list of static device nodes for the current kernel...
[    8.629768] systemd[1]: Starting Monitoring of LVM2 mirrors, snapshots etc. using dmeventd or progress polling...
[    8.636664] systemd[1]: Starting Load Kernel Module configfs...
[    8.643129] systemd[1]: Starting Load Kernel Module drm...
[    8.650635] systemd[1]: Starting Load Kernel Module fuse...
[    8.657775] systemd[1]: Starting nftables...
[    8.754669] systemd[1]: Condition check resulted in Set Up Additional Binary Formats being skipped.
[    8.754872] systemd[1]: Condition check resulted in File System Check on Root Device being skipped.
[    8.764692] systemd[1]: Starting Journal Service...
[    8.834901] systemd[1]: Starting Load Kernel Modules...
[    8.841744] systemd[1]: Starting Remount Root and Kernel File Systems...
[    8.848645] systemd[1]: Starting Coldplug All udev Devices...
[    8.855782] systemd[1]: Mounted Huge Pages File System.
[    8.856436] systemd[1]: Mounted POSIX Message Queue File System.
[    8.857028] systemd[1]: Mounted Kernel Debug File System.
[    8.857557] systemd[1]: Mounted Kernel Trace File System.
[    8.859670] systemd[1]: Finished Wait for network to be configured by ifupdown.
[    8.861734] systemd[1]: Finished Create list of static device nodes for the current kernel.
[    8.863647] systemd[1]: Finished Monitoring of LVM2 mirrors, snapshots etc. using dmeventd or progress polling.
[    8.865022] systemd[1]: modprobe@configfs.service: Succeeded.
[    8.866541] systemd[1]: Finished Load Kernel Module configfs.
[    8.867909] systemd[1]: modprobe@drm.service: Succeeded.
[    8.869435] systemd[1]: Finished Load Kernel Module drm.
[    8.876310] systemd[1]: Mounting Kernel Configuration File System...
[    8.884909] systemd[1]: Mounted Kernel Configuration File System.
[    8.952140] systemd[1]: Finished Load Kernel Modules.
[    8.957453] EXT4-fs (vdiska2): re-mounted. Opts: errors=remount-ro. Quota mode: none.
[    8.959717] systemd[1]: Starting Apply Kernel Variables...
[    8.965498] systemd[1]: Finished Remount Root and Kernel File Systems.
[    9.019922] fuse: init (API version 7.33)
[    9.042721] systemd[1]: Starting Initial Check File System Quotas...
[    9.099957] systemd[1]: Condition check resulted in Rebuild Hardware Database being skipped.
[    9.100189] systemd[1]: Condition check resulted in Platform Persistent Storage Archival being skipped.
[    9.106957] systemd[1]: Starting Load/Save Random Seed...
[    9.113467] systemd[1]: Starting Create System Users...
[    9.114852] systemd[1]: Started Journal Service.
[    9.242384] systemd-journald[387]: Received client request to flush runtime journal.
[    9.663230] RPC: Registered named UNIX socket transport module.
[    9.663276] RPC: Registered udp transport module.
[    9.663298] RPC: Registered tcp transport module.
[    9.663319] RPC: Registered tcp NFSv4.1 backchannel transport module.
[   11.884993] random: crng init done
[   11.885032] random: 4 urandom warning(s) missed due to ratelimiting
[   11.914017] sha1_sparc64: Using sparc64 sha1 opcode optimized SHA-1 implementation
[   11.959275] sha256_sparc64: Using sparc64 sha256 opcode optimized SHA-256/SHA-224 implementation
[   11.974376] n2rng v0.3 (Jan 7, 2017)
[   11.974421] n2rng f029b104: Registered RNG HVAPI major 2 minor 0
[   11.974450] n2rng f029b104: Found multi-unit-capable RNG, units: 2
[   11.974642] n2rng f029b104: RNG ready
[   11.993036] sha512_sparc64: Using sparc64 sha512 opcode optimized SHA-512/SHA-384 implementation
[   12.092848] md5_sparc64: Using sparc64 md5 opcode optimized MD5 implementation
[   12.167778] aes_sparc64: Using sparc64 aes opcodes optimized AES implementation
[   12.209147] des_sparc64: Using sparc64 des opcodes optimized DES implementation
[   12.253279] XFS (dm-0): Mounting V5 Filesystem
[   12.256314] camellia_sparc64: Using sparc64 camellia opcodes optimized CAMELLIA implementation
[   12.512131] XFS (dm-0): Ending clean mount
[   12.548658] Adding 787176k swap on /dev/vdiska4.  Priority:-2 extents:1 across:787176k FS
[   12.581040] xfs filesystem being mounted at /1 supports timestamps until 2038 (0x7fffffff)
[   13.066862] EXT4-fs (vdiska1): mounting ext3 file system using the ext4 subsystem
[   13.431664] EXT4-fs (vdiska1): mounted filesystem with ordered data mode. Opts: (null). Quota mode: none.
[   13.431884] ext3 filesystem being mounted at /boot supports timestamps until 2038 (0x7fffffff)
