[    0.000000] PROMLIB: Sun IEEE Boot Prom 'OBP 4.38.5 2016/06/22 19:36'
[    0.000000] PROMLIB: Root node compatible: sun4v
[    0.000000] Linux version 4.11.0-rc1-00315-g106e4da60209 (mator@ttip) (gcc version 6.3.0 20170221 (Debian 6.3.0-8) ) #83 SMP Sun Mar 12 11:31:08 MSK 2017
[    0.000000] bootconsole [earlyprom0] enabled
[    0.000000] ARCH: SUN4V
[    0.000000] Ethernet address: 00:14:4f:fa:06:f2
[    0.000000] MM: PAGE_OFFSET is 0xfff8000000000000 (max_phys_bits == 47)
[    0.000000] MM: VMALLOC [0x0000000100000000 --> 0x0006000000000000]
[    0.000000] MM: VMEMMAP [0x0006000000000000 --> 0x000c000000000000]
[    0.000000] Kernel: Using 5 locked TLB entries for main kernel image.
[    0.000000] Remapping the kernel... 
[    0.000000] done.
[    0.000000] kmemleak: Kernel memory leak detector disabled
[    0.000000] OF stdout device is: /virtual-devices@100/console@1
[    0.000000] PROM: Built device tree with 85335 bytes of memory.
[    0.000000] MDESC: Size is 35552 bytes.
[    0.000000] PLATFORM: banner-name [SPARC T5-2]
[    0.000000] PLATFORM: name [ORCL,SPARC-T5-2]
[    0.000000] PLATFORM: hostid [84fa06f2]
[    0.000000] PLATFORM: serial# [0035260e]
[    0.000000] PLATFORM: stick-frequency [3b9aca00]
[    0.000000] PLATFORM: mac-address [144ffa06f2]
[    0.000000] PLATFORM: watchdog-resolution [1000 ms]
[    0.000000] PLATFORM: watchdog-max-timeout [31536000000 ms]
[    0.000000] PLATFORM: max-cpus [1024]
[    0.000000] Top of RAM: 0x82f928000, Total RAM: 0x7ff34e000
[    0.000000] Memory hole size: 773MB
[    0.000000] Allocated 24576 bytes for kernel page tables.
[    0.000000] Zone ranges:
[    0.000000]   Normal   [mem 0x0000000030400000-0x000000082f927fff]
[    0.000000] Movable zone start for each node
[    0.000000] Early memory node ranges
[    0.000000]   node   0: [mem 0x0000000030400000-0x000000006fe7ffff]
[    0.000000]   node   0: [mem 0x000000006ff00000-0x000000006ff25fff]
[    0.000000]   node   0: [mem 0x0000000070000000-0x000000082f87ffff]
[    0.000000]   node   0: [mem 0x000000082f900000-0x000000082f927fff]
[    0.000000] Initmem setup node 0 [mem 0x0000000030400000-0x000000082f927fff]
[    0.000000] On node 0 totalpages: 4192679
[    0.000000]   Normal zone: 36852 pages used for memmap
[    0.000000]   Normal zone: 0 pages reserved
[    0.000000]   Normal zone: 4192679 pages, LIFO batch:15
[    0.000000] Booting Linux...
[    0.000000] CPU CAPS: [flush,stbar,swap,muldiv,v9,blkinit,n2,mul32]
[    0.000000] CPU CAPS: [div32,v8plus,popc,vis,vis2,ASIBlkInit,fmaf,vis3]
[    0.000000] CPU CAPS: [hpc,ima,pause,cbcond,aes,des,kasumi,camellia]
[    0.000000] CPU CAPS: [md5,sha1,sha256,sha512,mpmul,montmul,montsqr,crc32c]
[    0.000000] percpu: Embedded 12 pages/cpu @fff800082d000000 s54088 r8192 d36024 u131072
[    0.000000] pcpu-alloc: s54088 r8192 d36024 u131072 alloc=1*4194304
[    0.000000] pcpu-alloc: [0] 000 001 002 003 004 005 006 007 008 009 010 011 012 013 014 015 016 017 018 019 020 021 022 023 024 025 026 027 028 029 030 031 
[    0.000000] pcpu-alloc: [0] 032 033 034 035 036 037 038 039 040 041 042 043 044 045 046 047 048 049 050 051 052 053 054 055 056 057 058 059 060 061 062 063 
[    0.000000] pcpu-alloc: [0] 064 065 066 067 068 069 070 071 072 073 074 075 076 077 078 079 080 081 082 083 084 085 086 087 088 089 090 091 092 093 094 095 
[    0.000000] pcpu-alloc: [0] 096 097 098 099 100 101 102 103 104 105 106 107 108 109 110 111 112 113 114 115 116 117 118 119 120 121 122 123 124 125 126 127 
[    0.000000] pcpu-alloc: [0] 128 129 130 131 132 133 134 135 136 137 138 139 140 141 142 143 144 145 146 147 148 149 150 151 152 153 154 155 156 157 158 159 
[    0.000000] pcpu-alloc: [0] 160 161 162 163 164 165 166 167 168 169 170 171 172 173 174 175 176 177 178 179 180 181 182 183 184 185 186 187 188 189 190 191 
[    0.000000] pcpu-alloc: [0] 192 193 194 195 196 197 198 199 200 201 202 203 204 205 206 207 208 209 210 211 212 213 214 215 216 217 218 219 220 221 222 223 
[    0.000000] pcpu-alloc: [0] 224 225 226 227 228 229 230 231 232 233 234 235 236 237 238 239 240 241 242 243 244 245 246 247 248 249 250 251 252 253 254 255 
[    0.000000] SUN4V: Mondo queue sizes [cpu(131072) dev(16384) r(8192) nr(256)]
[    0.000000] Built 1 zonelists in Zone order, mobility grouping on.  Total pages: 4155827
[    0.000000] Kernel command line: BOOT_IMAGE=/vmlinuz-4.11.0-rc1-00315-g106e4da60209 root=/dev/vdiska2 ro ro zswap.enabled=1 noresume
[    0.000000] log_buf_len individual max cpu contribution: 4096 bytes
[    0.000000] log_buf_len total cpu_extra contributions: 1044480 bytes
[    0.000000] log_buf_len min size: 131072 bytes
[    0.000000] log_buf_len: 2097152 bytes
[    0.000000] early log buf free: 126280(96%)
[    0.000000] PID hash table entries: 4096 (order: 2, 32768 bytes)
[    0.000000] Dentry cache hash table entries: 4194304 (order: 12, 33554432 bytes)
[    0.000000] Inode-cache hash table entries: 2097152 (order: 11, 16777216 bytes)
[    0.000000] Sorting __ex_table...
[    0.000000] Memory: 33120544K/33541432K available (6751K kernel code, 923K rwdata, 1864K rodata, 584K init, 8979K bss, 420888K reserved, 0K cma-reserved)
[    0.000000] Running RCU self tests
[    0.000000] Hierarchical RCU implementation.
[    0.000000] 	RCU lockdep checking is enabled.
[    0.000000] 	Build-time adjustment of leaf fanout to 64.
[    0.000000] NR_IRQS:2048 nr_irqs:2048 1
[    0.000000] SUN4V: Using IRQ API major 3, cookie only virqs enabled
[4400013.085245] clocksource: stick: mask: 0xffffffffffffffff max_cycles: 0x1cd42e4dffb, max_idle_ns: 881590591483 ns
[4400013.085382] clocksource: mult[800000] shift[23]
[4400013.085436] clockevent: mult[80000000] shift[31]
[4400013.088074] Console: colour dummy device 80x25
[4400013.088139] console [tty0] enabled
[4400013.088203] bootconsole [earlyprom0] disabled
[4400013.088277] Lock dependency validator: Copyright (c) 2006 Red Hat, Inc., Ingo Molnar
[4400013.088315] ... MAX_LOCKDEP_SUBCLASSES:  8
[4400013.088338] ... MAX_LOCK_DEPTH:          48
[4400013.088361] ... MAX_LOCKDEP_KEYS:        8191
[4400013.088385] ... CLASSHASH_SIZE:          4096
[4400013.088409] ... MAX_LOCKDEP_ENTRIES:     16384
[4400013.088433] ... MAX_LOCKDEP_CHAINS:      32768
[4400013.088457] ... CHAINHASH_SIZE:          16384
[4400013.088481]  memory used by lock dependency info: 5855 kB
[4400013.088509]  per task-struct memory footprint: 1920 bytes
[4400013.088686] kmemleak: Early log buffer exceeded (24498), please increase DEBUG_KMEMLEAK_EARLY_LOG_SIZE
[4400013.878067] Calibrating delay using timer specific routine.. 2005.60 BogoMIPS (lpj=4011217)
[4400013.878116] pid_max: default: 262144 minimum: 2048
[4400013.878948] Security Framework initialized
[4400013.878978] Yama: becoming mindful.
[4400013.879020] AppArmor: AppArmor disabled by boot time parameter
[4400013.879382] Mount-cache hash table entries: 65536 (order: 6, 524288 bytes)
[4400013.879419] Mountpoint-cache hash table entries: 65536 (order: 6, 524288 bytes)
[4400013.881289] ftrace: allocating 19549 entries in 39 pages
[4400013.902361] smp: Bringing up secondary CPUs ...
[4400013.951407] smp: Brought up 1 node, 32 CPUs
[4400013.956766] devtmpfs: initialized
[4400013.961374] Performance events: 
[4400013.961415] Testing NMI watchdog ... 
[4400014.041520] OK.
[4400014.041597] Supported PMU type is 'niagara5'
[4400014.043322] ldc.c:v1.1 (July 22, 2008)
[4400014.046364] clocksource: jiffies: mask: 0xffffffff max_cycles: 0xffffffff, max_idle_ns: 7645041785100000 ns
[4400014.046442] futex hash table entries: 65536 (order: 10, 8388608 bytes)
[4400014.060564] NET: Registered protocol family 16
[4400014.067225] VIO: Adding device channel-devices
[4400014.067408] VIO: Adding device vnet-port-0-0
[4400014.067584] VIO: Adding device vnet-port-0-1
[4400014.067736] VIO: Adding device vnet-port-0-3
[4400014.067889] VIO: Adding device vnet-port-0-4
[4400014.068039] VIO: Adding device vnet-port-0-2
[4400014.068190] VIO: Adding device vdc-port-0-0
[4400014.068618] VIO: Adding device vdc-port-1-0
[4400014.069325] VIO: Adding device vdc-port-2-0
[4400014.070051] VIO: Adding device vdc-port-3-0
[4400014.070752] VIO: Adding device vlds-port-0-0
[4400014.071454] VIO: Adding device ds-0
[4400014.112048] HugeTLB registered 8 MB page size, pre-allocated 0 pages
[4400014.121281] vgaarb: loaded
[4400014.124380] SUN4V: Reboot data supported (maj=1,min=0).
[4400014.124541] ds.c:v1.0 (Jul 11, 2007)
[4400014.124792] ds-0: ds_conn_reset() from send_events
[4400014.124909] ds-0: Registered md-update service.
[4400014.124942] ds-0: Registered domain-shutdown service.
[4400014.124980] ds-0: Registered domain-panic service.
[4400014.125013] ds-0: Registered dr-cpu service.
[4400014.125046] ds-0: Registered pri service.
[4400014.125075] ds-0: Registered var-config service.
[4400014.125217] clocksource: Switched to clocksource stick
[4400014.218190] VFS: Disk quotas dquot_6.6.0
[4400014.219784] VFS: Dquot-cache hash table entries: 1024 (order 0, 8192 bytes)
[4400014.234186] NET: Registered protocol family 2
[4400014.237589] TCP established hash table entries: 262144 (order: 8, 2097152 bytes)
[4400014.238610] TCP bind hash table entries: 65536 (order: 9, 4194304 bytes)
[4400014.248874] TCP: Hash tables configured (established 262144 bind 65536)
[4400014.252587] UDP hash table entries: 16384 (order: 8, 2621440 bytes)
[4400014.258209] UDP-Lite hash table entries: 16384 (order: 8, 2621440 bytes)
[4400014.268740] NET: Registered protocol family 1
[4400014.268788] PCI: CLS 0 bytes, default 64
[4400014.269209] Unpacking initramfs...
[4400014.413485] Freeing initrd memory: 6112K
[4400014.438386] audit: initializing netlink subsys (disabled)
[4400014.438621] audit: type=2000 audit(0.632:1): state=initialized audit_enabled=0 res=1
[4400014.441086] workingset: timestamp_bits=46 max_order=22 bucket_order=0
[4400014.442166] zbud: loaded
[4400014.459928] Block layer SCSI generic (bsg) driver version 0.4 loaded (major 252)
[4400014.461204] io scheduler noop registered
[4400014.461229] io scheduler deadline registered
[4400014.461586] io scheduler cfq registered (default)
[4400014.461613] io scheduler mq-deadline registered
[4400014.463397] f029b7a8: ttyS0 at I/O 0x0 (irq = 1, base_baud = 115200) is a SUN4V HCONS
[4400014.463857] console [ttyHV0] enabled
[4400014.466341] mousedev: PS/2 mouse device common for all mice
[4400014.467353] rtc-sun4v rtc-sun4v: rtc core: registered sun4v as rtc0
[4400014.477159] ledtrig-cpu: registered to indicate activity on CPUs
[4400014.479785] NET: Registered protocol family 10
[4400014.488430] Segment Routing with IPv6
[4400014.488492] mip6: Mobile IPv6
[4400014.488525] NET: Registered protocol family 17
[4400014.488560] mpls_gso: MPLS GSO support
[4400014.489371] registered taskstats version 1
[4400014.489903] zswap: loaded using pool lzo/zbud
[4400014.490705] rtc-sun4v rtc-sun4v: setting system clock to 2017-03-12 08:33:40 UTC (1489307620)
[4400014.556006] This architecture does not have kernel memory protection.
[4400014.613993] random: systemd-udevd: uninitialized urandom read (16 bytes read)
[4400014.614535] random: systemd-udevd: uninitialized urandom read (16 bytes read)
[4400014.614628] random: systemd-udevd: uninitialized urandom read (16 bytes read)
[4400014.614705] random: systemd-udevd: uninitialized urandom read (16 bytes read)
[4400014.617303] random: udevadm: uninitialized urandom read (16 bytes read)
[4400014.617517] random: udevadm: uninitialized urandom read (16 bytes read)
[4400014.723721] random: udevadm: uninitialized urandom read (16 bytes read)
[4400014.724176] random: udevadm: uninitialized urandom read (16 bytes read)
[4400014.724619] random: udevadm: uninitialized urandom read (16 bytes read)
[4400014.724689] random: udevadm: uninitialized urandom read (16 bytes read)
[4400014.916127] sunvdc.c:v1.2 (November 24, 2014)
[4400014.918059] sunvnet: sunvnet 2.0 (February 3, 2017)
[4400014.927215] sunvdc: Virtual Hard disk vdiska
[4400014.927254] sunvdc: vdiska: 20971520 sectors (10240 MB) protocol 1.2
[4400014.928401]  vdiska: vdiska1 vdiska2 vdiska3 vdiska4
[4400014.934881] vnet_port vnet-port-0-0 eth0: Sun LDOM vnet 00:14:4f:f8:12:a3
[4400014.935090] sunvnet: eth0: PORT ( remote-mac 00:14:4f:fa:f3:f0 switch-port )
[4400014.938141] crc32c_sparc64: Using sparc64 crc32c opcode optimized CRC32C implementation
[4400014.946104] sunvdc: Virtual Hard disk vdiskb
[4400014.946139] sunvdc: vdiskb: 104857600 sectors (51200 MB) protocol 1.2
[4400014.952321]  vdiskb: vdiskb1
[4400014.953823] sunvnet: eth0: PORT ( remote-mac 00:14:4f:f8:e5:f3 )
[4400014.964921] sunvdc: Virtual Hard disk vdiskc
[4400014.964956] sunvdc: vdiskc: 41943040 sectors (20480 MB) protocol 1.2
[4400014.971212]  vdiskc: vdiskc1
[4400014.972515] sunvnet: eth0: PORT ( remote-mac 00:14:4f:f9:6c:d1 )
[4400014.983720] sunvdc: Virtual CDROM vdiskd
[4400014.983758] sunvdc: vdiskd: 345572 sectors (168 MB) protocol 1.2
[4400014.984468]  vdiskd: vdiskd1 vdiskd2 vdiskd3 vdiskd4 vdiskd5 vdiskd6 vdiskd7
[4400014.989789] sunvnet: eth0: PORT ( remote-mac 00:14:4f:f8:38:39 )
[4400014.990023] sunvnet: eth0: PORT ( remote-mac 00:14:4f:fa:e6:35 )
[4400015.128389] random: fast init done
[4400015.209762] xor: automatically using best checksumming function   Niagara   
[4400015.277175] raid6: int64x1  gen()  2543 MB/s
[4400015.345185] raid6: int64x1  xor()  1658 MB/s
[4400015.413180] raid6: int64x2  gen()  2663 MB/s
[4400015.481159] raid6: int64x2  xor()  1977 MB/s
[4400015.549153] raid6: int64x4  gen()  3352 MB/s
[4400015.617146] raid6: int64x4  xor()  1905 MB/s
[4400015.685161] raid6: int64x8  gen()  2024 MB/s
[4400015.753156] raid6: int64x8  xor()  1420 MB/s
[4400015.753183] raid6: using algorithm int64x4 gen() 3352 MB/s
[4400015.753213] raid6: .... xor() 1905 MB/s, rmw enabled
[4400015.753241] raid6: using intx1 recovery algorithm
[4400015.899448] EXT4-fs (vdiska2): mounted filesystem with ordered data mode. Opts: (null)
[4400017.162197] ip_tables: (C) 2000-2006 Netfilter Core Team
[4400017.214386] systemd[1]: systemd 232 running in system mode. (+PAM +AUDIT +SELINUX +IMA +APPARMOR +SMACK +SYSVINIT +UTMP +LIBCRYPTSETUP +GCRYPT +GNUTLS +ACL +XZ +LZ4 -SECCOMP +BLKID +ELFUTILS +KMOD +IDN)
[4400017.214636] systemd[1]: Detected architecture sparc64.
[4400017.230871] systemd[1]: Set hostname to <ttip>.
[4400017.581455] random: crng init done
[4400018.499440] systemd[1]: Listening on /dev/initctl Compatibility Named Pipe.
[4400018.500198] systemd[1]: Listening on Device-mapper event daemon FIFOs.
[4400018.500663] systemd[1]: Listening on Journal Socket (/dev/log).
[4400018.501080] systemd[1]: Listening on LVM2 metadata daemon socket.
[4400018.501483] systemd[1]: Listening on udev Kernel Socket.
[4400018.501926] systemd[1]: Listening on Journal Socket.
[4400018.502284] systemd[1]: Listening on fsck to fsckd communication Socket.
[4400018.860704] nf_conntrack version 0.5.0 (65536 buckets, 262144 max)
[4400019.047674] EXT4-fs (vdiska2): re-mounted. Opts: errors=remount-ro
[4400019.278694] systemd-journald[427]: Received request to flush runtime journal from PID 1
[4400020.237980] sha1_sparc64: Using sparc64 sha1 opcode optimized SHA-1 implementation
[4400020.239768] sha256_sparc64: Using sparc64 sha256 opcode optimized SHA-256/SHA-224 implementation
[4400020.241233] sha512_sparc64: Using sparc64 sha512 opcode optimized SHA-512/SHA-384 implementation
[4400020.242134] md5_sparc64: Using sparc64 md5 opcode optimized MD5 implementation
[4400020.243194] aes_sparc64: Using sparc64 aes opcodes optimized AES implementation
[4400020.246774] des_sparc64: Using sparc64 des opcodes optimized DES implementation
[4400020.249468] camellia_sparc64: Using sparc64 camellia opcodes optimized CAMELLIA implementation
[4400021.340990] n2rng v0.3 (Jan 7, 2017)
[4400021.341048] n2rng f029b124: Registered RNG HVAPI major 2 minor 0
[4400021.341085] n2rng f029b124: Found multi-unit-capable RNG, units: 2
[4400021.341283] n2rng f029b124: RNG ready
[4400021.408110] Btrfs loaded, crc32c=crc32c-sparc64, debug=on, assert=on
[4400021.411284] BTRFS: device fsid aedb837a-669f-45b5-ade3-f08014650aca devid 1 transid 20 /dev/vdiska4
[4400023.448325] EXT4-fs (vdiska1): mounting ext3 file system using the ext4 subsystem
[4400023.479073] EXT4-fs (vdiska1): mounted filesystem with ordered data mode. Opts: (null)
[4400027.660309] systemd[1]: apt-daily.timer: Adding 7h 59min 20.100258s random time.
[4400028.051876] systemd[1]: apt-daily.timer: Adding 7h 31min 25.337235s random time.
[4400234.268621] SGI XFS with ACLs, security attributes, realtime, debug enabled
[4400234.290333] XFS (vdiskb1): Mounting V5 Filesystem
[4400234.355072] XFS (vdiskb1): Ending clean mount
