[    0.000020] PROMLIB: Sun IEEE Boot Prom 'OBP 4.38.12 2018/03/28 14:54'
[    0.000034] PROMLIB: Root node compatible: sun4v
[    0.000083] Linux version 5.2.0-08441-gfec88ab0af97 (mator@ttip) (gcc version 8.3.0 (Debian 8.3.0-7)) #1072 SMP Mon Jul 15 10:46:33 MSK 2019
[    0.000394] printk: bootconsole [earlyprom0] enabled
[    0.000448] ARCH: SUN4V
[    0.000501] Ethernet address: 00:14:4f:fa:06:f2
[    0.000553] MM: PAGE_OFFSET is 0xfff8000000000000 (max_phys_bits == 47)
[    0.000621] MM: VMALLOC [0x0000000100000000 --> 0x0006000000000000]
[    0.000686] MM: VMEMMAP [0x0006000000000000 --> 0x000c000000000000]
[    0.016023] Kernel: Using 5 locked TLB entries for main kernel image.
[    0.016112] Remapping the kernel... 
[    0.016136] done.
[    0.052484] OF stdout device is: /virtual-devices@100/console@1
[    0.052567] PROM: Built device tree with 86230 bytes of memory.
[    0.052635] MDESC: Size is 36560 bytes.
[    0.052766] PLATFORM: banner-name [SPARC T5-2]
[    0.052820] PLATFORM: name [ORCL,SPARC-T5-2]
[    0.052864] PLATFORM: hostid [84fa06f2]
[    0.052909] PLATFORM: serial# [0035260e]
[    0.052952] PLATFORM: stick-frequency [3b9aca00]
[    0.052999] PLATFORM: mac-address [144ffa06f2]
[    0.053047] PLATFORM: watchdog-resolution [1000 ms]
[    0.053096] PLATFORM: watchdog-max-timeout [31536000000 ms]
[    0.053150] PLATFORM: max-cpus [1024]
[    0.054297] Top of RAM: 0x24af938000, Total RAM: 0x87f34e000
[    0.054374] Memory hole size: 115461MB
[    0.059158] Allocated 40960 bytes for kernel page tables.
[    0.059276] Zone ranges:
[    0.059321]   Normal   [mem 0x0000000030400000-0x00000024af937fff]
[    0.059386] Movable zone start for each node
[    0.060433] Early memory node ranges
[    0.060474]   node   0: [mem 0x0000000030400000-0x000000006fe7ffff]
[    0.060534]   node   0: [mem 0x000000006ff00000-0x000000006ff25fff]
[    0.060595]   node   0: [mem 0x0000000070000000-0x000000042fffffff]
[    0.060658]   node   0: [mem 0x0000002030000000-0x00000024af87ffff]
[    0.060720]   node   0: [mem 0x00000024af900000-0x00000024af91ffff]
[    0.060783]   node   0: [mem 0x00000024af930000-0x00000024af937fff]
[    0.068187] Zeroed struct page in unavailable ranges: 230133 pages
[    0.068195] Initmem setup node 0 [mem 0x0000000030400000-0x00000024af937fff]
[    0.068353] On node 0 totalpages: 4454823
[    0.068363]   Normal zone: 39154 pages used for memmap
[    0.068368]   Normal zone: 0 pages reserved
[    0.068374]   Normal zone: 4454823 pages, LIFO batch:31
[    0.267012] Booting Linux...
[    0.267098] CPU CAPS: [flush,stbar,swap,muldiv,v9,blkinit,n2,mul32]
[    0.267181] CPU CAPS: [div32,v8plus,popc,vis,vis2,ASIBlkInit,fmaf,vis3]
[    0.268285] CPU CAPS: [hpc,ima,pause,cbcond,aes,des,kasumi,camellia]
[    0.268382] CPU CAPS: [md5,sha1,sha256,sha512,mpmul,montmul,montsqr,crc32c]
[    0.329811] percpu: Embedded 27 pages/cpu s180680 r8192 d32312 u262144
[    0.330074] pcpu-alloc: s180680 r8192 d32312 u262144 alloc=1*4194304
[    0.330081] pcpu-alloc: [0] 000 001 002 003 004 005 006 007 008 009 010 011 012 013 014 015 
[    0.330107] pcpu-alloc: [0] 016 017 018 019 020 021 022 023 024 025 026 027 028 029 030 031 
[    0.330134] pcpu-alloc: [0] 032 033 034 035 036 037 038 039 040 041 042 043 044 045 046 047 
[    0.330161] pcpu-alloc: [0] 048 049 050 051 052 053 054 055 056 057 058 059 060 061 062 063 
[    0.330187] pcpu-alloc: [0] 064 065 066 067 068 069 070 071 072 073 074 075 076 077 078 079 
[    0.330214] pcpu-alloc: [0] 080 081 082 083 084 085 086 087 088 089 090 091 092 093 094 095 
[    0.330240] pcpu-alloc: [0] 096 097 098 099 100 101 102 103 104 105 106 107 108 109 110 111 
[    0.330267] pcpu-alloc: [0] 112 113 114 115 116 117 118 119 120 121 122 123 124 125 126 127 
[    0.330294] pcpu-alloc: [0] 128 129 130 131 132 133 134 135 136 137 138 139 140 141 142 143 
[    0.330321] pcpu-alloc: [0] 144 145 146 147 148 149 150 151 152 153 154 155 156 157 158 159 
[    0.330348] pcpu-alloc: [0] 160 161 162 163 164 165 166 167 168 169 170 171 172 173 174 175 
[    0.330375] pcpu-alloc: [0] 176 177 178 179 180 181 182 183 184 185 186 187 188 189 190 191 
[    0.330404] pcpu-alloc: [0] 192 193 194 195 196 197 198 199 200 201 202 203 204 205 206 207 
[    0.330431] pcpu-alloc: [0] 208 209 210 211 212 213 214 215 216 217 218 219 220 221 222 223 
[    0.330460] pcpu-alloc: [0] 224 225 226 227 228 229 230 231 232 233 234 235 236 237 238 239 
[    0.330490] pcpu-alloc: [0] 240 241 242 243 244 245 246 247 248 249 250 251 252 253 254 255 
[    0.330983] SUN4V: Mondo queue sizes [cpu(131072) dev(16384) r(8192) nr(256)]
[    0.331395] Built 1 zonelists, mobility grouping on.  Total pages: 4415669
[    0.331492] Kernel command line: root=/dev/vdiska2
[    0.333837] printk: log_buf_len individual max cpu contribution: 4096 bytes
[    0.333938] printk: log_buf_len total cpu_extra contributions: 1044480 bytes
[    0.334008] printk: log_buf_len min size: 131072 bytes
[    0.334410] printk: log_buf_len: 2097152 bytes
[    0.334461] printk: early log buf free: 125960(96%)
[    0.341496] Dentry cache hash table entries: 8388608 (order: 13, 67108864 bytes, linear)
[    0.345112] Inode-cache hash table entries: 4194304 (order: 12, 33554432 bytes, linear)
[    0.345226] Sorting __ex_table...
[    0.345452] mem auto-init: stack:off, heap alloc:off, heap free:off
[    0.425096] Memory: 35102176K/35638584K available (6869K kernel code, 972K rwdata, 2048K rodata, 1000K init, 6717K bss, 536408K reserved, 0K cma-reserved)
[    0.426187] kmemleak: Kernel memory leak detector disabled
[    0.426840] ftrace: allocating 19798 entries in 39 pages
[    0.441234] Running RCU self tests
[    0.441312] rcu: Hierarchical RCU implementation.
[    0.441367] rcu: 	RCU event tracing is enabled.
[    0.441419] rcu: 	RCU lockdep checking is enabled.
[    0.442494] 	Tasks RCU enabled.
[    0.442547] rcu: RCU calculated value of scheduler-enlistment delay is 11 jiffies.
[    0.449783] NR_IRQS: 2048, nr_irqs: 2048, preallocated irqs: 1
[    0.449915] SUN4V: Using IRQ API major 3, cookie only virqs enabled
[    0.454426] clocksource: stick: mask: 0xffffffffffffffff max_cycles: 0x1cd42e4dffb, max_idle_ns: 881590591483 ns
[    0.454560] clocksource: mult[800000] shift[23]
[    0.454610] clockevent: mult[80000000] shift[31]
[    0.458672] Console: colour dummy device 80x25
[    0.458762] printk: console [tty0] enabled
[    0.458845] printk: bootconsole [earlyprom0] disabled
[    0.458934] Lock dependency validator: Copyright (c) 2006 Red Hat, Inc., Ingo Molnar
[    0.458984] ... MAX_LOCKDEP_SUBCLASSES:  8
[    0.459014] ... MAX_LOCK_DEPTH:          48
[    0.459044] ... MAX_LOCKDEP_KEYS:        8192
[    0.459076] ... CLASSHASH_SIZE:          4096
[    0.459107] ... MAX_LOCKDEP_ENTRIES:     16384
[    0.459139] ... MAX_LOCKDEP_CHAINS:      32768
[    0.459171] ... CHAINHASH_SIZE:          16384
[    0.459204]  memory used by lock dependency info: 3855 kB
[    0.459240]  per task-struct memory footprint: 1920 bytes
[    0.459457] kmemleak: Early log buffer exceeded (5012), please increase DEBUG_KMEMLEAK_EARLY_LOG_SIZE
[    0.605326] Calibrating delay using timer specific routine.. 2017.91 BogoMIPS (lpj=10089558)
[    0.605396] pid_max: default: 262144 minimum: 2048
[    0.607153] Mount-cache hash table entries: 131072 (order: 7, 1048576 bytes, linear)
[    0.607327] Mountpoint-cache hash table entries: 131072 (order: 7, 1048576 bytes, linear)
[    0.608890] *** VALIDATE proc ***
[    0.609699] *** VALIDATE cgroup1 ***
[    0.609732] *** VALIDATE cgroup2 ***
[    0.612653] rcu: Hierarchical SRCU implementation.
[    0.636325] smp: Bringing up secondary CPUs ...
[    0.719535] smp: Brought up 1 node, 32 CPUs
[    0.726803] devtmpfs: initialized
[    0.733102] Performance events: 
[    0.733156] Testing NMI watchdog ... 
[    0.933279] OK.
[    0.933454] Supported PMU type is 'niagara5'
[    0.933781] random: get_random_u32 called from bucket_table_alloc.isra.4+0x184/0x1c0 with crng_init=0
[    0.934657] ldc.c:v1.1 (July 22, 2008)
[    0.937746] clocksource: jiffies: mask: 0xffffffff max_cycles: 0xffffffff, max_idle_ns: 19112604462750000 ns
[    0.937852] futex hash table entries: 65536 (order: 10, 8388608 bytes, linear)
[    0.947379] NET: Registered protocol family 16
[    0.957200] VIO: Adding device channel-devices (tx_ino = ffffffffffffffff, rx_ino = ffffffffffffffff)
[    0.957474] VIO: Adding device vnet-port-0-0 (tx_ino = 0, rx_ino = 1)
[    0.957690] VIO: Adding device vnet-port-0-1 (tx_ino = 2, rx_ino = 3)
[    0.957878] VIO: Adding device vnet-port-0-2 (tx_ino = 4, rx_ino = 5)
[    0.958071] VIO: Adding device vnet-port-0-3 (tx_ino = 6, rx_ino = 7)
[    0.958262] VIO: Adding device vnet-port-0-4 (tx_ino = 8, rx_ino = 9)
[    0.958446] VIO: Adding device vnet-port-0-5 (tx_ino = 16, rx_ino = 17)
[    0.958637] VIO: Adding device vdc-port-3-0 (tx_ino = a, rx_ino = b)
[    0.958822] VIO: Adding device vdc-port-2-0 (tx_ino = c, rx_ino = d)
[    0.959012] VIO: Adding device vdc-port-1-0 (tx_ino = e, rx_ino = f)
[    0.959196] VIO: Adding device vdc-port-0-0 (tx_ino = 10, rx_ino = 11)
[    0.959386] VIO: Adding device vlds-port-0-0 (tx_ino = 12, rx_ino = 13)
[    0.959581] VIO: Adding device domain-services-port-0 (tx_ino = 12, rx_ino = 13)
[    0.959992] audit: initializing netlink subsys (disabled)
[    0.960417] audit: type=2000 audit(0.500:1): state=initialized audit_enabled=0 res=1
[    1.005389] HugeTLB registered 64.0 KiB page size, pre-allocated 0 pages
[    1.005446] HugeTLB registered 8.00 MiB page size, pre-allocated 0 pages
[    1.005492] HugeTLB registered 256 MiB page size, pre-allocated 0 pages
[    1.005538] HugeTLB registered 2.00 GiB page size, pre-allocated 0 pages
[    1.053140] alg: No test for lzo-rle (lzo-rle-generic)
[    1.053745] alg: No test for lzo-rle (lzo-rle-scomp)
[    1.071644] SUN4V: Reboot data supported (maj=1,min=0).
[    1.072101] ds.c:v1.0 (Jul 11, 2007)
[    1.072525] ds-0: ds_conn_reset() from send_events.isra.3
[    1.074034] clocksource: Switched to clocksource stick
[    1.356280] VFS: Disk quotas dquot_6.6.0
[    1.356782] VFS: Dquot-cache hash table entries: 1024 (order 0, 8192 bytes)
[    1.357432] *** VALIDATE hugetlbfs ***
[    1.376102] NET: Registered protocol family 2
[    1.378566] tcp_listen_portaddr_hash hash table entries: 32768 (order: 8, 2359296 bytes, linear)
[    1.381972] TCP established hash table entries: 524288 (order: 9, 4194304 bytes, linear)
[    1.384086] TCP bind hash table entries: 65536 (order: 9, 4194304 bytes, linear)
[    1.390283] TCP: Hash tables configured (established 524288 bind 65536)
[    1.396787] UDP hash table entries: 32768 (order: 9, 5242880 bytes, linear)
[    1.404234] UDP-Lite hash table entries: 32768 (order: 9, 5242880 bytes, linear)
[    1.418047] NET: Registered protocol family 1
[    1.419161] Trying to unpack rootfs image as initramfs...
[    1.739021] Freeing initrd memory: 10416K
[    1.774398] workingset: timestamp_bits=46 max_order=23 bucket_order=0
[    1.779947] SGI XFS with ACLs, security attributes, debug enabled
[    1.809937] Block layer SCSI generic (bsg) driver version 0.4 loaded (major 252)
[    1.811750] io scheduler mq-deadline registered
[    1.813726] f029b788: ttyHV0 at I/O 0x0 (irq = 1, base_baud = 115200) is a SUN4V HCONS
[    1.820099] printk: console [ttyHV0] enabled
[    1.825374] sunvdc.c:v1.2 (November 24, 2014)
[    1.857764] sunvdc: Virtual CDROM vdiskd
[    1.857840] sunvdc: vdiskd: 403160 sectors (196 MB) protocol 1.2
[    1.859429]  vdiskd: vdiskd1 vdiskd2 vdiskd3 vdiskd4 vdiskd5 vdiskd6 vdiskd7
[    1.949894] sunvdc: Virtual Hard disk vdiskc
[    1.949951] sunvdc: vdiskc: 104857600 sectors (51200 MB) protocol 1.2
[    2.056755] sunvdc: Virtual Hard disk vdiskb
[    2.056812] sunvdc: vdiskb: 62914560 sectors (30720 MB) protocol 1.2
[    2.102664]  vdiskb: vdiskb1
[    2.156609] sunvdc: Virtual Hard disk vdiska
[    2.156665] sunvdc: vdiska: 31457280 sectors (15360 MB) protocol 1.2
[    2.157668]  vdiska: vdiska1 vdiska2 vdiska3 vdiska4
[    2.205030] sunvnet: sunvnet 2.0 (February 3, 2017)
[    2.208541] vnet_port vnet-port-0-0 eth0: Sun LDOM vnet 00:14:4f:f8:12:a3
[    2.209149] sunvnet: eth0: PORT ( remote-mac 00:14:4f:fa:f3:f0 switch-port )
[    2.210480] sunvnet: eth0: PORT ( remote-mac 00:14:4f:f8:e5:f3 )
[    2.211780] sunvnet: eth0: PORT ( remote-mac 00:14:4f:f9:b4:97 )
[    2.213115] sunvnet: eth0: PORT ( remote-mac 00:14:4f:f9:8b:83 )
[    2.214491] sunvnet: eth0: PORT ( remote-mac 00:14:4f:f8:3f:1e )
[    2.215779] sunvnet: eth0: PORT ( remote-mac 00:14:4f:f8:fe:47 )
[    2.217442] rtc-sun4v rtc-sun4v: registered as rtc0
[    2.217895] device-mapper: uevent: version 1.0.3
[    2.219060] device-mapper: ioctl: 4.40.0-ioctl (2019-01-18) initialised: dm-devel@redhat.com
[    2.220795] NET: Registered protocol family 17
[    2.231493] zswap: default zpool zbud not available
[    2.231579] zswap: pool creation failed
[    2.281163] Key type big_key registered
[    2.282313] rtc-sun4v rtc-sun4v: setting system clock to 2019-07-15T12:48:03 UTC (1563194883)
[    2.286729] This architecture does not have kernel memory protection.
[    2.286789] Run /init as init process
[    3.201851] crc32c_sparc64: Using sparc64 crc32c opcode optimized CRC32C implementation
[    3.326174] random: fast init done
[    3.744029] raid6: int64x8  gen()  2068 MB/s
[    3.913996] raid6: int64x8  xor()  1522 MB/s
[    4.083996] raid6: int64x4  gen()  3369 MB/s
[    4.254000] raid6: int64x4  xor()  1947 MB/s
[    4.424005] raid6: int64x2  gen()  2676 MB/s
[    4.594000] raid6: int64x2  xor()  1965 MB/s
[    4.764000] raid6: int64x1  gen()  2718 MB/s
[    4.933999] raid6: int64x1  xor()  1605 MB/s
[    4.934049] raid6: using algorithm int64x4 gen() 3369 MB/s
[    4.934090] raid6: .... xor() 1947 MB/s, rmw enabled
[    4.934127] raid6: using intx1 recovery algorithm
[    4.935100] async_tx: api initialized (async)
[    4.935774] xor: automatically using best checksumming function   Niagara   
[    5.648964] EXT4-fs (vdiska2): mounted filesystem with ordered data mode. Opts: (null)
[    8.032933] systemd[1]: Inserted module 'autofs4'
[    8.158295] NET: Registered protocol family 10
[    8.171408] Segment Routing with IPv6
[    8.275434] systemd[1]: systemd 241 running in system mode. (+PAM +AUDIT +SELINUX +IMA +APPARMOR +SMACK +SYSVINIT +UTMP +LIBCRYPTSETUP +GCRYPT +GNUTLS +ACL +XZ +LZ4 -SECCOMP +BLKID +ELFUTILS +KMOD -IDN2 +IDN +PCRE2 default-hierarchy=hybrid)
[    8.276096] systemd[1]: Detected architecture sparc64.
[    8.321336] systemd[1]: Set hostname to <ttip>.
[    8.338562] systemd[1]: Failed to bump fs.file-max, ignoring: Invalid argument
[    9.506708] random: lvmconfig: uninitialized urandom read (4 bytes read)
[   10.829065] systemd[1]: /lib/systemd/system/smbd.service:9: PIDFile= references path below legacy directory /var/run/, updating /var/run/samba/smbd.pid → /run/samba/smbd.pid; please update the unit file accordingly.
[   10.832987] systemd[1]: /lib/systemd/system/nmbd.service:9: PIDFile= references path below legacy directory /var/run/, updating /var/run/samba/nmbd.pid → /run/samba/nmbd.pid; please update the unit file accordingly.
[   11.102891] random: systemd: uninitialized urandom read (16 bytes read)
[   11.116233] random: systemd: uninitialized urandom read (16 bytes read)
[   11.135059] systemd[1]: Created slice system-serial\x2dgetty.slice.
[   11.136121] random: systemd: uninitialized urandom read (16 bytes read)
[   11.137283] systemd[1]: Listening on udev Control Socket.
[   11.144234] systemd[1]: Created slice system-postfix.slice.
[   11.145826] systemd[1]: Listening on fsck to fsckd communication Socket.
[   11.378645] EXT4-fs (vdiska2): re-mounted. Opts: errors=remount-ro
[   11.730552] systemd-journald[458]: Received request to flush runtime journal from PID 1
[   13.509891] sha1_sparc64: Using sparc64 sha1 opcode optimized SHA-1 implementation
[   13.605513] sha256_sparc64: Using sparc64 sha256 opcode optimized SHA-256/SHA-224 implementation
[   13.674753] sha512_sparc64: Using sparc64 sha512 opcode optimized SHA-512/SHA-384 implementation
[   13.695387] md5_sparc64: Using sparc64 md5 opcode optimized MD5 implementation
[   13.695674] n2rng v0.3 (Jan 7, 2017)
[   13.695785] n2rng f029b104: Registered RNG HVAPI major 2 minor 0
[   13.695881] n2rng f029b104: Found multi-unit-capable RNG, units: 2
[   13.697478] n2rng f029b104: RNG ready
[   13.814015] aes_sparc64: Using sparc64 aes opcodes optimized AES implementation
[   13.947073] des_sparc64: Using sparc64 des opcodes optimized DES implementation
[   14.028631] camellia_sparc64: Using sparc64 camellia opcodes optimized CAMELLIA implementation
[   15.497483] XFS (dm-0): Mounting V5 Filesystem
[   15.791806] XFS (dm-0): Ending clean mount
[   17.144128] Adding 787176k swap on /dev/vdiska4.  Priority:-2 extents:1 across:787176k FS
[   17.463068] EXT4-fs (vdiska1): mounting ext3 file system using the ext4 subsystem
[   17.481715] EXT4-fs (vdiska1): mounted filesystem with ordered data mode. Opts: (null)
[   19.245511] random: crng init done
[   19.245564] random: 6 urandom warning(s) missed due to ratelimiting
