[    0.000018] PROMLIB: Sun IEEE Boot Prom 'OBP 4.38.17 2019/01/25 08:22'
[    0.000041] PROMLIB: Root node compatible: sun4v
[    0.000100] Linux version 5.13.0-rc1-00111-g8e6a4b3afe64 (mator@ttip) (gcc (Debian 10.2.1-6) 10.2.1 20210110, GNU ld (GNU Binutils for Debian) 2.35.2) #257 SMP Mon Jul 5 18:00:23 MSK 2021
[    0.000597] printk: bootconsole [earlyprom0] enabled
[    0.000681] ARCH: SUN4V
[    0.000755] Ethernet address: 00:14:4f:fa:06:f2
[    0.000837] MM: PAGE_OFFSET is 0xfff8000000000000 (max_phys_bits == 47)
[    0.000941] MM: VMALLOC [0x0000000100000000 --> 0x0006000000000000]
[    0.001041] MM: VMEMMAP [0x0006000000000000 --> 0x000c000000000000]
[    0.023137] Kernel: Using 5 locked TLB entries for main kernel image.
[    0.023267] Remapping the kernel... 
[    0.023307] done.
[    0.065575] OF stdout device is: /virtual-devices@100/console@1
[    0.065690] PROM: Built device tree with 79473 bytes of memory.
[    0.065794] MDESC: Size is 29712 bytes.
[    0.065954] PLATFORM: banner-name [SPARC T5-2]
[    0.066030] PLATFORM: name [ORCL,SPARC-T5-2]
[    0.066101] PLATFORM: hostid [84fa06f2]
[    0.066167] PLATFORM: serial# [0035260e]
[    0.066232] PLATFORM: stick-frequency [3b9aca00]
[    0.066307] PLATFORM: mac-address [144ffa06f2]
[    0.066380] PLATFORM: watchdog-resolution [1000 ms]
[    0.066456] PLATFORM: watchdog-max-timeout [31536000000 ms]
[    0.066543] PLATFORM: max-cpus [1024]
[    0.066684] Top of RAM: 0x22f948000, Total RAM: 0x1ff382000
[    0.066779] Memory hole size: 773MB
[    0.069180] Allocated 24576 bytes for kernel page tables.
[    0.069333] Zone ranges:
[    0.069394]   Normal   [mem 0x0000000030400000-0x000000022f947fff]
[    0.069499] Movable zone start for each node
[    0.069565] Early memory node ranges
[    0.069625]   node   0: [mem 0x0000000030400000-0x000000006febffff]
[    0.069723]   node   0: [mem 0x000000006ff40000-0x000000006ff47fff]
[    0.069819]   node   0: [mem 0x0000000070000000-0x000000022f8b1fff]
[    0.069918]   node   0: [mem 0x000000022f940000-0x000000022f947fff]
[    0.070018] Initmem setup node 0 [mem 0x0000000030400000-0x000000022f947fff]
[    0.070125] On node 0 totalpages: 1046977
[    0.070137]   Normal zone: 9204 pages used for memmap
[    0.070144]   Normal zone: 0 pages reserved
[    0.070151]   Normal zone: 1046977 pages, LIFO batch:31
[    0.082932]   Normal zone: 132671 pages in unavailable ranges
[    0.083070] Booting Linux...
[    0.083143] CPU CAPS: [flush,stbar,swap,muldiv,v9,blkinit,n2,mul32]
[    0.083289] CPU CAPS: [div32,v8plus,popc,vis,vis2,ASIBlkInit,fmaf,vis3]
[    0.083434] CPU CAPS: [hpc,ima,pause,cbcond,aes,des,kasumi,camellia]
[    0.083573] CPU CAPS: [md5,sha1,sha256,sha512,mpmul,montmul,montsqr,crc32c]
[    0.154346] percpu: Embedded 20 pages/cpu s119504 r8192 d36144 u262144
[    0.154744] pcpu-alloc: s119504 r8192 d36144 u262144 alloc=1*4194304
[    0.154762] pcpu-alloc: [0] 000 001 002 003 004 005 006 007 008 009 010 011 012 013 014 015 
[    0.154855] pcpu-alloc: [0] 016 017 018 019 020 021 022 023 024 025 026 027 028 029 030 031 
[    0.154948] pcpu-alloc: [0] 032 033 034 035 036 037 038 039 040 041 042 043 044 045 046 047 
[    0.155042] pcpu-alloc: [0] 048 049 050 051 052 053 054 055 056 057 058 059 060 061 062 063 
[    0.155135] pcpu-alloc: [0] 064 065 066 067 068 069 070 071 072 073 074 075 076 077 078 079 
[    0.155227] pcpu-alloc: [0] 080 081 082 083 084 085 086 087 088 089 090 091 092 093 094 095 
[    0.155320] pcpu-alloc: [0] 096 097 098 099 100 101 102 103 104 105 106 107 108 109 110 111 
[    0.155413] pcpu-alloc: [0] 112 113 114 115 116 117 118 119 120 121 122 123 124 125 126 127 
[    0.155506] pcpu-alloc: [0] 128 129 130 131 132 133 134 135 136 137 138 139 140 141 142 143 
[    0.155598] pcpu-alloc: [0] 144 145 146 147 148 149 150 151 152 153 154 155 156 157 158 159 
[    0.155689] pcpu-alloc: [0] 160 161 162 163 164 165 166 167 168 169 170 171 172 173 174 175 
[    0.155782] pcpu-alloc: [0] 176 177 178 179 180 181 182 183 184 185 186 187 188 189 190 191 
[    0.155875] pcpu-alloc: [0] 192 193 194 195 196 197 198 199 200 201 202 203 204 205 206 207 
[    0.155966] pcpu-alloc: [0] 208 209 210 211 212 213 214 215 216 217 218 219 220 221 222 223 
[    0.156058] pcpu-alloc: [0] 224 225 226 227 228 229 230 231 232 233 234 235 236 237 238 239 
[    0.156151] pcpu-alloc: [0] 240 241 242 243 244 245 246 247 248 249 250 251 252 253 254 255 
[    0.156934] SUN4V: Mondo queue sizes [cpu(131072) dev(16384) r(8192) nr(256)]
[    0.157402] Built 1 zonelists, mobility grouping on.  Total pages: 1037773
[    0.157533] Kernel command line: BOOT_IMAGE=/vmlinux-5.13.0-rc1-00111-g8e6a4b3afe64 root=/dev/vdiska2 ro
[    0.158012] printk: log_buf_len individual max cpu contribution: 4096 bytes
[    0.158120] printk: log_buf_len total cpu_extra contributions: 1044480 bytes
[    0.158222] printk: log_buf_len min size: 131072 bytes
[    0.160394] printk: log_buf_len: 2097152 bytes
[    0.160498] printk: early log buf free: 126568(96%)
[    0.161555] Dentry cache hash table entries: 1048576 (order: 10, 8388608 bytes, linear)
[    0.162225] Inode-cache hash table entries: 524288 (order: 9, 4194304 bytes, linear)
[    0.162354] Sorting __ex_table...
[    0.162725] mem auto-init: stack:off, heap alloc:off, heap free:off
[    0.167171] Memory: 1260952K/8375816K available (8765K kernel code, 1696K rwdata, 2912K rodata, 632K init, 3134K bss, 205576K reserved, 0K cma-reserved)
[    0.167416] random: get_random_u64 called from kmem_cache_open+0xcc/0x3e0 with crng_init=0
[    0.168772] SLUB: HWalign=32, Order=0-3, MinObjects=0, CPUs=256, Nodes=1
[    0.169413] ftrace: allocating 27354 entries in 54 pages
[    0.184789] ftrace: allocated 54 pages with 4 groups
[    0.185182] trace event string verifier disabled
[    0.191175] rcu: Hierarchical RCU implementation.
[    0.191291] rcu: 	RCU debug extended QS entry/exit.
[    0.191373] 	Rude variant of Tasks RCU enabled.
[    0.191445] 	Tracing variant of Tasks RCU enabled.
[    0.191520] rcu: RCU calculated value of scheduler-enlistment delay is 26 jiffies.
[    0.201288] NR_IRQS: 2048, nr_irqs: 2048, preallocated irqs: 1
[    0.201451] SUN4V: Using IRQ API major 3, cookie only virqs enabled
[    0.206699] clocksource: stick: mask: 0xffffffffffffffff max_cycles: 0x1cd42e4dffb, max_idle_ns: 881590591483 ns
[    0.206891] clocksource: mult[800000] shift[23]
[    0.206963] clockevent: mult[80000000] shift[31]
[    0.207826] Console: colour dummy device 80x25
[    0.207926] printk: console [tty0] enabled
[    0.208024] printk: bootconsole [earlyprom0] disabled
[    0.208129] Lock dependency validator: Copyright (c) 2006 Red Hat, Inc., Ingo Molnar
[    0.208171] ... MAX_LOCKDEP_SUBCLASSES:  8
[    0.208197] ... MAX_LOCK_DEPTH:          48
[    0.208223] ... MAX_LOCKDEP_KEYS:        8192
[    0.208249] ... CLASSHASH_SIZE:          4096
[    0.208276] ... MAX_LOCKDEP_ENTRIES:     16384
[    0.208303] ... MAX_LOCKDEP_CHAINS:      32768
[    0.208330] ... CHAINHASH_SIZE:          16384
[    0.208357]  memory used by lock dependency info: 2603 kB
[    0.208389]  per task-struct memory footprint: 1920 bytes
[    0.287654] Calibrating delay using timer specific routine.. 2021.76 BogoMIPS (lpj=4043534)
[    0.287723] pid_max: default: 262144 minimum: 2048
[    0.288197] LSM: Security Framework initializing
[    0.288442] Mount-cache hash table entries: 16384 (order: 4, 131072 bytes, linear)
[    0.288509] Mountpoint-cache hash table entries: 16384 (order: 4, 131072 bytes, linear)
[    0.292837] rcu: Hierarchical SRCU implementation.
[    0.303996] smp: Bringing up secondary CPUs ...
[    0.332858] smp: Brought up 1 node, 24 CPUs
[    0.374674] node 0 deferred pages initialised in 40ms
[    0.375550] devtmpfs: initialized
[    0.379000] Performance events: 
[    0.379051] Testing NMI watchdog ... 
[    0.459175] OK.
[    0.459299] Supported PMU type is 'niagara5'
[    0.460897] ldc.c:v1.1 (July 22, 2008)
[    0.462090] clocksource: jiffies: mask: 0xffffffff max_cycles: 0xffffffff, max_idle_ns: 7645041785100000 ns
[    0.462184] futex hash table entries: 65536 (order: 10, 8388608 bytes, linear)
[    0.474135] NET: Registered protocol family 16
[    0.478568] VIO: Adding device channel-devices (tx_ino = ffffffffffffffff, rx_ino = ffffffffffffffff)
[    0.478736] VIO: Adding device vnet-port-0-0 (tx_ino = 0, rx_ino = 1)
[    0.478847] VIO: Adding device vnet-port-0-1 (tx_ino = 2, rx_ino = 3)
[    0.478945] VIO: Adding device vnet-port-0-2 (tx_ino = 4, rx_ino = 5)
[    0.479045] VIO: Adding device vnet-port-0-3 (tx_ino = 6, rx_ino = 7)
[    0.479143] VIO: Adding device vnet-port-0-4 (tx_ino = 8, rx_ino = 9)
[    0.479242] VIO: Adding device vdc-port-2-0 (tx_ino = a, rx_ino = b)
[    0.479354] VIO: Adding device vdc-port-1-0 (tx_ino = c, rx_ino = d)
[    0.479453] VIO: Adding device vdc-port-0-0 (tx_ino = e, rx_ino = f)
[    0.479555] VIO: Adding device vlds-port-0-0 (tx_ino = 10, rx_ino = 11)
[    0.479659] VIO: Adding device domain-services-port-0 (tx_ino = 10, rx_ino = 11)
[    0.479929] audit: initializing netlink subsys (disabled)
[    0.480225] audit: type=2000 audit(0.268:1): state=initialized audit_enabled=0 res=1
[    0.501100] HugeTLB registered 64.0 KiB page size, pre-allocated 0 pages
[    0.501154] HugeTLB registered 8.00 MiB page size, pre-allocated 0 pages
[    0.501192] HugeTLB registered 256 MiB page size, pre-allocated 0 pages
[    0.501231] HugeTLB registered 2.00 GiB page size, pre-allocated 0 pages
[    1.087726] SUN4V: Reboot data supported (maj=1,min=0).
[    1.088085] ds.c:v1.0 (Jul 11, 2007)
[    1.088378] ds-0: ds_conn_reset() from send_events
[    1.089406] clocksource: Switched to clocksource stick
[    1.201206] VFS: Disk quotas dquot_6.6.0
[    1.201332] VFS: Dquot-cache hash table entries: 1024 (order 0, 8192 bytes)
[    1.207566] NET: Registered protocol family 2
[    1.207813] IP idents hash table entries: 131072 (order: 7, 1048576 bytes, linear)
[    1.210650] tcp_listen_portaddr_hash hash table entries: 4096 (order: 5, 327680 bytes, linear)
[    1.211040] TCP established hash table entries: 65536 (order: 6, 524288 bytes, linear)
[    1.211471] TCP bind hash table entries: 65536 (order: 9, 4718592 bytes, linear)
[    1.217751] TCP: Hash tables configured (established 65536 bind 65536)
[    1.219773] UDP hash table entries: 4096 (order: 6, 655360 bytes, linear)
[    1.220895] UDP-Lite hash table entries: 4096 (order: 6, 655360 bytes, linear)
[    1.223997] NET: Registered protocol family 1
[    1.224051] NET: Registered protocol family 44
[    1.224704] Trying to unpack rootfs image as initramfs...
[    1.239594] Initialise system trusted keyrings
[    1.239907] workingset: timestamp_bits=46 max_order=20 bucket_order=0
[    1.251267] zbud: loaded
[    1.254172] SGI XFS with ACLs, security attributes, realtime, quota, no debug enabled
[    1.258048] Key type asymmetric registered
[    1.258093] Asymmetric key parser 'x509' registered
[    1.258149] Block layer SCSI generic (bsg) driver version 0.4 loaded (major 252)
[    1.258884] io scheduler mq-deadline registered
[    1.260586] f029b788: ttyHV0 at I/O 0x0 (irq = 1, base_baud = 115200) is a SUN4V HCONS
[    1.261194] printk: console [ttyHV0] enabled
[    1.262245] n2rng v0.3 (Jan 7, 2017)
[    1.262295] n2rng f029b104: Registered RNG HVAPI major 2 minor 0
[    1.262333] n2rng f029b104: Found multi-unit-capable RNG, units: 2
[    1.263972] n2rng f029b104: RNG ready
[    1.264458] sunvdc.c:v1.2 (November 24, 2014)
[    1.266894] sunvdc: Virtual Hard disk vdiskc
[    1.266940] sunvdc: vdiskc: 104857600 sectors (51200 MB) protocol 1.2
[    1.291892] sunvdc: Virtual Hard disk vdiskb
[    1.291939] sunvdc: vdiskb: 62914560 sectors (30720 MB) protocol 1.2
[    1.293501]  vdiskb: vdiskb1
[    1.316823] sunvdc: Virtual Hard disk vdiska
[    1.316873] sunvdc: vdiska: 31457280 sectors (15360 MB) protocol 1.2
[    1.318129]  vdiska: vdiska1 vdiska2 vdiska3 vdiska4
[    1.340934] rtc-sun4v rtc-sun4v: registered as rtc0
[    1.341032] rtc-sun4v rtc-sun4v: setting system clock to 2021-07-05T15:07:39 UTC (1625497659)
[    1.341424] rtc-test rtc-test.0: registered as rtc1
[    1.351365] rtc rtc2: invalid alarm value: 18446744073704833233-01-11T04:44:55
[    1.351807] rtc-test rtc-test.1: registered as rtc2
[    1.361842] rtc rtc3: invalid alarm value: 18446744073704833233-01-11T04:44:55
[    1.362109] rtc-test rtc-test.2: registered as rtc3
[    1.362446] softdog: initialized. soft_noboot=0 soft_margin=60 sec soft_panic=0 (nowayout=0)
[    1.362487] softdog:              soft_reboot_cmd=<not set> soft_active_on_boot=0
[    1.364409] NET: Registered protocol family 10
[    1.535832] Freeing initrd memory: 27216K
[    1.560182] Segment Routing with IPv6
[    1.560285] mip6: Mobile IPv6
[    1.560306] NET: Registered protocol family 17
[    1.564988] registered taskstats version 1
[    1.565034] Loading compiled-in X.509 certificates
[    1.570374] zswap: loaded using pool lzo/zbud
[    1.573733] This architecture does not have kernel memory protection.
[    1.573786] Run /init as init process
[    1.573805]   with arguments:
[    1.573810]     /init
[    1.573814]   with environment:
[    1.573818]     HOME=/
[    1.573822]     TERM=linux
[    1.573826]     BOOT_IMAGE=/vmlinux-5.13.0-rc1-00111-g8e6a4b3afe64
[    2.131061] sunvnet_common: module verification failed: signature and/or required key missing - tainting kernel
[    2.133821] sunvnet: sunvnet 2.0 (February 3, 2017)
[    2.135850] vnet_port vnet-port-0-0 eth0: Sun LDOM vnet 00:14:4f:f8:12:a3
[    2.136071] sunvnet: eth0: PORT ( remote-mac 00:14:4f:fa:f3:f0 switch-port )
[    2.136476] sunvnet: eth0: PORT ( remote-mac 00:14:4f:f8:e5:f3 )
[    2.136832] sunvnet: eth0: PORT ( remote-mac 00:14:4f:f8:3f:1e )
[    2.137154] sunvnet: eth0: PORT ( remote-mac 00:14:4f:f9:b4:97 )
[    2.137482] sunvnet: eth0: PORT ( remote-mac 00:14:4f:f9:8b:83 )
[    2.144523] crc32c_sparc64: Using sparc64 crc32c opcode optimized CRC32C implementation
[    2.150984] random: lvm: uninitialized urandom read (4 bytes read)
[    2.184954] device-mapper: uevent: version 1.0.3
[    2.185383] device-mapper: ioctl: 4.45.0-ioctl (2021-03-22) initialised: dm-devel@redhat.com
[    2.190317] random: lvm: uninitialized urandom read (2 bytes read)
[    2.449617] xor: automatically using best checksumming function   Niagara   
[    2.517390] raid6: int64x8  gen()  1198 MB/s
[    2.585376] raid6: int64x8  xor()   895 MB/s
[    2.653396] raid6: int64x4  gen()  1875 MB/s
[    2.721375] raid6: int64x4  xor()   865 MB/s
[    2.789387] raid6: int64x2  gen()  1609 MB/s
[    2.857405] raid6: int64x2  xor()   675 MB/s
[    2.925432] raid6: int64x1  gen()   788 MB/s
[    2.993394] raid6: int64x1  xor()   436 MB/s
[    2.993455] raid6: using algorithm int64x4 gen() 1875 MB/s
[    2.993495] raid6: .... xor() 865 MB/s, rmw enabled
[    2.993527] raid6: using intx1 recovery algorithm
[    3.236954] random: fast init done
[    3.242874] EXT4-fs (vdiska2): mounted filesystem with ordered data mode. Opts: (null). Quota mode: none.
[    4.766514] systemd[1]: Inserted module 'autofs4'
[    4.900037] systemd[1]: systemd 247.3-5 running in system mode. (+PAM +AUDIT +SELINUX +IMA +APPARMOR +SMACK +SYSVINIT +UTMP +LIBCRYPTSETUP +GCRYPT +GNUTLS +ACL +XZ +LZ4 +ZSTD -SECCOMP +BLKID +ELFUTILS +KMOD +IDN2 -IDN +PCRE2 default-hierarchy=unified)
[    4.900741] systemd[1]: Detected architecture sparc64.
[    4.940517] systemd[1]: Set hostname to <ttip>.
[    6.073519] random: lvmconfig: uninitialized urandom read (4 bytes read)
[    8.370039] systemd[1]: Queued start job for default target Multi-User System.
[    8.371472] random: systemd: uninitialized urandom read (16 bytes read)
[    8.383296] systemd[1]: Created slice system-getty.slice.
[    8.384119] random: systemd: uninitialized urandom read (16 bytes read)
[    8.390560] systemd[1]: Created slice system-modprobe.slice.
[    8.391078] random: systemd: uninitialized urandom read (16 bytes read)
[    8.397969] systemd[1]: Created slice system-openvpn\x2dclient.slice.
[    8.404963] systemd[1]: Created slice system-postfix.slice.
[    8.411927] systemd[1]: Created slice system-systemd\x2dfsck.slice.
[    8.418591] systemd[1]: Created slice User and Session Slice.
[    8.419564] systemd[1]: Started Dispatch Password Requests to Console Directory Watch.
[    8.420325] systemd[1]: Started Forward Password Requests to Wall Directory Watch.
[    8.424094] systemd[1]: Set up automount Arbitrary Executable File Formats File System Automount Point.
[    8.424802] systemd[1]: Reached target Local Encrypted Volumes.
[    8.425296] systemd[1]: Reached target Paths.
[    8.425819] systemd[1]: Reached target Slices.
[    8.426743] systemd[1]: Listening on Device-mapper event daemon FIFOs.
[    8.427814] systemd[1]: Listening on LVM2 poll daemon socket.
[    8.454707] systemd[1]: Listening on RPCbind Server Activation Socket.
[    8.457975] systemd[1]: Listening on Syslog Socket.
[    8.459273] systemd[1]: Listening on fsck to fsckd communication Socket.
[    8.460083] systemd[1]: Listening on initctl Compatibility Named Pipe.
[    8.461549] systemd[1]: Listening on Journal Audit Socket.
[    8.462647] systemd[1]: Listening on Journal Socket (/dev/log).
[    8.463930] systemd[1]: Listening on Journal Socket.
[    8.465309] systemd[1]: Listening on udev Control Socket.
[    8.466332] systemd[1]: Listening on udev Kernel Socket.
[    8.477369] systemd[1]: Mounting Huge Pages File System...
[    8.489089] systemd[1]: Mounting POSIX Message Queue File System...
[    8.500151] systemd[1]: Mounting RPC Pipe File System...
[    8.511200] systemd[1]: Mounting Kernel Debug File System...
[    8.523371] systemd[1]: Mounting Kernel Trace File System...
[    8.524552] systemd[1]: Condition check resulted in Kernel Module supporting RPCSEC_GSS being skipped.
[    8.525697] systemd[1]: Finished Availability of block devices.
[    8.538832] systemd[1]: Starting Wait for network to be configured by ifupdown...
[    8.550333] systemd[1]: Starting Create list of static device nodes for the current kernel...
[    8.558252] RPC: Registered named UNIX socket transport module.
[    8.558297] RPC: Registered udp transport module.
[    8.558318] RPC: Registered tcp transport module.
[    8.558339] RPC: Registered tcp NFSv4.1 backchannel transport module.
[    8.561097] systemd[1]: Starting Monitoring of LVM2 mirrors, snapshots etc. using dmeventd or progress polling...
[    8.572206] systemd[1]: Starting Load Kernel Module configfs...
[    8.583821] systemd[1]: Starting Load Kernel Module drm...
[    8.595729] systemd[1]: Starting Load Kernel Module fuse...
[    8.606446] systemd[1]: Starting nftables...
[    8.623975] systemd[1]: Condition check resulted in Set Up Additional Binary Formats being skipped.
[    8.624189] systemd[1]: Condition check resulted in File System Check on Root Device being skipped.
[    8.631608] fuse: init (API version 7.33)
[    8.634938] systemd[1]: Starting Journal Service...
[    8.645098] systemd[1]: Starting Load Kernel Modules...
[    8.652925] systemd[1]: Starting Remount Root and Kernel File Systems...
[    8.660532] systemd[1]: Starting Coldplug All udev Devices...
[    8.669565] systemd[1]: Mounted Huge Pages File System.
[    8.670373] systemd[1]: Mounted POSIX Message Queue File System.
[    8.671045] systemd[1]: Mounted RPC Pipe File System.
[    8.671731] systemd[1]: Mounted Kernel Debug File System.
[    8.672380] systemd[1]: Mounted Kernel Trace File System.
[    8.674961] systemd[1]: Finished Wait for network to be configured by ifupdown.
[    8.677740] systemd[1]: Finished Create list of static device nodes for the current kernel.
[    8.679455] systemd[1]: modprobe@configfs.service: Succeeded.
[    8.681596] systemd[1]: Finished Load Kernel Module configfs.
[    8.683660] systemd[1]: modprobe@drm.service: Succeeded.
[    8.685926] systemd[1]: Finished Load Kernel Module drm.
[    8.688089] systemd[1]: modprobe@fuse.service: Succeeded.
[    8.690504] systemd[1]: Finished Load Kernel Module fuse.
[    8.699848] systemd[1]: Mounting FUSE Control File System...
[    8.708312] systemd[1]: Mounting Kernel Configuration File System...
[    8.714444] systemd[1]: Mounted FUSE Control File System.
[    8.718504] systemd[1]: Mounted Kernel Configuration File System.
[    8.735307] systemd[1]: Finished Monitoring of LVM2 mirrors, snapshots etc. using dmeventd or progress polling.
[    8.748997] EXT4-fs (vdiska2): re-mounted. Opts: errors=remount-ro. Quota mode: none.
[    8.754771] systemd[1]: Finished Load Kernel Modules.
[    8.757453] systemd[1]: Finished Remount Root and Kernel File Systems.
[    8.828075] systemd[1]: Starting Initial Check File System Quotas...
[    8.865999] systemd[1]: Condition check resulted in Rebuild Hardware Database being skipped.
[    8.866444] systemd[1]: Condition check resulted in Platform Persistent Storage Archival being skipped.
[    8.878808] systemd[1]: Starting Load/Save Random Seed...
[    8.891735] systemd[1]: Starting Apply Kernel Variables...
[    8.906412] systemd[1]: Starting Create System Users...
[    8.908935] systemd[1]: Started Journal Service.
[    9.026370] systemd-journald[396]: Received client request to flush runtime journal.
[   10.838502] sha1_sparc64: Using sparc64 sha1 opcode optimized SHA-1 implementation
[   10.882099] sha256_sparc64: Using sparc64 sha256 opcode optimized SHA-256/SHA-224 implementation
[   10.913714] sha512_sparc64: Using sparc64 sha512 opcode optimized SHA-512/SHA-384 implementation
[   10.941251] md5_sparc64: Using sparc64 md5 opcode optimized MD5 implementation
[   10.957985] aes_sparc64: Using sparc64 aes opcodes optimized AES implementation
[   10.991176] des_sparc64: Using sparc64 des opcodes optimized DES implementation
[   11.051116] camellia_sparc64: Using sparc64 camellia opcodes optimized CAMELLIA implementation
[   11.303692] XFS (dm-0): Mounting V5 Filesystem
[   11.413903] random: crng init done
[   11.413954] random: 4 urandom warning(s) missed due to ratelimiting
[   11.437507] Adding 787176k swap on /dev/vdiska4.  Priority:-2 extents:1 across:787176k FS
[   11.501326] XFS (dm-0): Ending clean mount
[   11.503503] xfs filesystem being mounted at /1 supports timestamps until 2038 (0x7fffffff)
[   11.843427] EXT4-fs (vdiska1): mounting ext3 file system using the ext4 subsystem
[   12.115033] EXT4-fs (vdiska1): mounted filesystem with ordered data mode. Opts: (null). Quota mode: none.
[   12.115274] ext3 filesystem being mounted at /boot supports timestamps until 2038 (0x7fffffff)
