[    0.000019] PROMLIB: Sun IEEE Boot Prom 'OBP 4.38.12 2018/03/28 14:54'
[    0.000031] PROMLIB: Root node compatible: sun4v
[    0.000083] Linux version 5.9.0-rc8-00250-ge705d3979658 (mator@ttip) (gcc (Debian 10.2.0-15) 10.2.0, GNU ld (GNU Binutils for Debian) 2.35.1) #105 SMP Wed Oct 21 13:57:35 MSK 2020
[    0.000431] printk: bootconsole [earlyprom0] enabled
[    0.000482] ARCH: SUN4V
[    0.000532] Ethernet address: 00:14:4f:fa:06:f2
[    0.000584] MM: PAGE_OFFSET is 0xfff8000000000000 (max_phys_bits == 47)
[    0.000649] MM: VMALLOC [0x0000000100000000 --> 0x0006000000000000]
[    0.000709] MM: VMEMMAP [0x0006000000000000 --> 0x000c000000000000]
[    0.012864] Kernel: Using 5 locked TLB entries for main kernel image.
[    0.012934] Remapping the kernel... 
[    0.012956] done.
[    0.046034] OF stdout device is: /virtual-devices@100/console@1
[    0.046114] PROM: Built device tree with 86758 bytes of memory.
[    0.046178] MDESC: Size is 36512 bytes.
[    0.046304] PLATFORM: banner-name [SPARC T5-2]
[    0.046354] PLATFORM: name [ORCL,SPARC-T5-2]
[    0.046401] PLATFORM: hostid [84fa06f2]
[    0.046445] PLATFORM: serial# [0035260e]
[    0.046486] PLATFORM: stick-frequency [3b9aca00]
[    0.046536] PLATFORM: mac-address [144ffa06f2]
[    0.046583] PLATFORM: watchdog-resolution [1000 ms]
[    0.046632] PLATFORM: watchdog-max-timeout [31536000000 ms]
[    0.046689] PLATFORM: max-cpus [1024]
[    0.051460] Allocated 40960 bytes for kernel page tables.
[    0.051551] Zone ranges:
[    0.051591]   Normal   [mem 0x0000000030400000-0x00000024af937fff]
[    0.051652] Movable zone start for each node
[    0.051699] Early memory node ranges
[    0.051739]   node   0: [mem 0x0000000030400000-0x000000006fe7ffff]
[    0.051802]   node   0: [mem 0x000000006ff00000-0x000000006ff25fff]
[    0.051862]   node   0: [mem 0x0000000070000000-0x000000042fffffff]
[    0.051922]   node   0: [mem 0x0000002030000000-0x00000024af87ffff]
[    0.051985]   node   0: [mem 0x00000024af900000-0x00000024af925fff]
[    0.052044]   node   0: [mem 0x00000024af930000-0x00000024af937fff]
[    0.065800] Zeroed struct page in unavailable ranges: 263766 pages
[    0.065809] Initmem setup node 0 [mem 0x0000000030400000-0x00000024af937fff]
[    0.065966] On node 0 totalpages: 4454826
[    0.065976]   Normal zone: 39154 pages used for memmap
[    0.065981]   Normal zone: 0 pages reserved
[    0.065987]   Normal zone: 4454826 pages, LIFO batch:31
[    0.224906] Booting Linux...
[    0.224991] CPU CAPS: [flush,stbar,swap,muldiv,v9,blkinit,n2,mul32]
[    0.225071] CPU CAPS: [div32,v8plus,popc,vis,vis2,ASIBlkInit,fmaf,vis3]
[    0.226150] CPU CAPS: [hpc,ima,pause,cbcond,aes,des,kasumi,camellia]
[    0.226221] CPU CAPS: [md5,sha1,sha256,sha512,mpmul,montmul,montsqr,crc32c]
[    0.256050] percpu: Embedded 28 pages/cpu s184784 r8192 d36400 u262144
[    0.256293] pcpu-alloc: s184784 r8192 d36400 u262144 alloc=1*4194304
[    0.256300] pcpu-alloc: [0] 000 001 002 003 004 005 006 007 008 009 010 011 012 013 014 015 
[    0.256325] pcpu-alloc: [0] 016 017 018 019 020 021 022 023 024 025 026 027 028 029 030 031 
[    0.256349] pcpu-alloc: [0] 032 033 034 035 036 037 038 039 040 041 042 043 044 045 046 047 
[    0.256374] pcpu-alloc: [0] 048 049 050 051 052 053 054 055 056 057 058 059 060 061 062 063 
[    0.256399] pcpu-alloc: [0] 064 065 066 067 068 069 070 071 072 073 074 075 076 077 078 079 
[    0.256423] pcpu-alloc: [0] 080 081 082 083 084 085 086 087 088 089 090 091 092 093 094 095 
[    0.256448] pcpu-alloc: [0] 096 097 098 099 100 101 102 103 104 105 106 107 108 109 110 111 
[    0.256473] pcpu-alloc: [0] 112 113 114 115 116 117 118 119 120 121 122 123 124 125 126 127 
[    0.256921] SUN4V: Mondo queue sizes [cpu(131072) dev(16384) r(8192) nr(256)]
[    0.257309] Built 1 zonelists, mobility grouping on.  Total pages: 4415672
[    0.258400] Policy zone: Normal
[    0.258471] Kernel command line: BOOT_IMAGE=/vmlinux-5.9.0-rc8-00250-ge705d3979658 root=/dev/vdiska2 ro zswap.enabled=1
[    0.261266] printk: log_buf_len individual max cpu contribution: 4096 bytes
[    0.261350] printk: log_buf_len total cpu_extra contributions: 520192 bytes
[    0.261417] printk: log_buf_len min size: 131072 bytes
[    0.261694] printk: log_buf_len: 1048576 bytes
[    0.261745] printk: early log buf free: 126688(96%)
[    0.268062] Dentry cache hash table entries: 8388608 (order: 13, 67108864 bytes, linear)
[    0.271299] Inode-cache hash table entries: 4194304 (order: 12, 33554432 bytes, linear)
[    0.271375] Sorting __ex_table...
[    0.271618] mem auto-init: stack:off, heap alloc:off, heap free:off
[    0.378371] Memory: 35127688K/35638608K available (8332K kernel code, 1094K rwdata, 2480K rodata, 680K init, 6920K bss, 510920K reserved, 0K cma-reserved)
[    0.379068] SLUB: HWalign=32, Order=0-3, MinObjects=0, CPUs=128, Nodes=32
[    0.379357] ftrace: allocating 23124 entries in 46 pages
[    0.388446] ftrace: allocated 46 pages with 4 groups
[    0.391266] Running RCU self tests
[    0.391648] rcu: Hierarchical RCU implementation.
[    0.391700] rcu: 	RCU event tracing is enabled.
[    0.391746] rcu: 	RCU lockdep checking is enabled.
[    0.391797] 	Trampoline variant of Tasks RCU enabled.
[    0.391847] 	Rude variant of Tasks RCU enabled.
[    0.391892] 	Tracing variant of Tasks RCU enabled.
[    0.391940] rcu: RCU calculated value of scheduler-enlistment delay is 10 jiffies.
[    0.396380] NR_IRQS: 2048, nr_irqs: 2048, preallocated irqs: 1
[    0.396458] SUN4V: Using IRQ API major 3, cookie only virqs enabled
[    0.398916] clocksource: stick: mask: 0xffffffffffffffff max_cycles: 0x1cd42e4dffb, max_idle_ns: 881590591483 ns
[    0.399047] clocksource: mult[800000] shift[23]
[    0.399096] clockevent: mult[80000000] shift[31]
[    0.399499] Console: colour dummy device 80x25
[    0.399564] printk: console [tty0] enabled
[    0.399645] printk: bootconsole [earlyprom0] disabled
[    0.399734] Lock dependency validator: Copyright (c) 2006 Red Hat, Inc., Ingo Molnar
[    0.399787] ... MAX_LOCKDEP_SUBCLASSES:  8
[    0.399820] ... MAX_LOCK_DEPTH:          48
[    0.399852] ... MAX_LOCKDEP_KEYS:        8192
[    0.399886] ... CLASSHASH_SIZE:          4096
[    0.399920] ... MAX_LOCKDEP_ENTRIES:     16384
[    0.399954] ... MAX_LOCKDEP_CHAINS:      32768
[    0.399988] ... CHAINHASH_SIZE:          16384
[    0.400022]  memory used by lock dependency info: 3983 kB
[    0.400061]  memory used for stack traces: 2112 kB
[    0.400097]  per task-struct memory footprint: 1920 bytes
[    0.549318] Calibrating delay using timer specific routine.. 2003.27 BogoMIPS (lpj=10016365)
[    0.549380] pid_max: default: 131072 minimum: 1024
[    0.549682] LSM: Security Framework initializing
[    0.549847] AppArmor: AppArmor initialized
[    0.550150] Mount-cache hash table entries: 131072 (order: 7, 1048576 bytes, linear)
[    0.550321] Mountpoint-cache hash table entries: 131072 (order: 7, 1048576 bytes, linear)
[    0.556112] rcu: Hierarchical SRCU implementation.
[    0.567027] smp: Bringing up secondary CPUs ...
[    0.568271] ------------[ cut here ]------------
[    0.568290] WARNING: CPU: 0 PID: 1 at kernel/locking/lockdep.c:5286 check_flags+0x9c/0x2c0
[    0.568299] DEBUG_LOCKS_WARN_ON(lockdep_hardirqs_enabled())
[    0.568301] Modules linked in:
[    0.568315] CPU: 0 PID: 1 Comm: swapper/0 Not tainted 5.9.0-rc8-00250-ge705d3979658 #105
[    0.568324] Call Trace:
[    0.568334] [<0000000000472808>] __warn+0xa8/0x120
[    0.568342] [<0000000000472c70>] warn_slowpath_fmt+0x64/0x74
[    0.568350] [<00000000004e8a5c>] check_flags+0x9c/0x2c0
[    0.568359] [<0000000000c1a8c8>] lock_is_held_type+0x128/0x180
[    0.568369] [<0000000000509f54>] rcu_read_lock_sched_held+0x54/0xa0
[    0.568377] [<00000000004edd00>] lock_acquire+0x120/0x4c0
[    0.568386] [<0000000000c24270>] _raw_spin_lock+0x30/0x60
[    0.568396] [<00000000009bc21c>] p1275_cmd_direct+0x1c/0x60
[    0.568404] [<00000000009bc0f0>] prom_startcpu_cpuid+0x30/0x40
[    0.568413] [<00000000004427e4>] __cpu_up+0x184/0x3a0
[    0.568420] [<0000000000474660>] bringup_cpu+0x20/0x120
[    0.568428] [<00000000004737ec>] cpuhp_invoke_callback+0xec/0x340
[    0.568436] [<00000000004754f4>] cpu_up+0x154/0x220
[    0.568443] [<0000000000475d80>] bringup_nonboot_cpus+0x60/0xa0
[    0.568455] [<0000000000fbc338>] smp_init+0x28/0xa0
[    0.568464] [<0000000000fad3b4>] kernel_init_freeable+0x18c/0x300
[    0.568470] irq event stamp: 5135
[    0.568477] hardirqs last  enabled at (5135): [<0000000000c24688>] _raw_spin_unlock_irqrestore+0x28/0x60
[    0.568488] hardirqs last disabled at (5134): [<0000000000c24440>] _raw_spin_lock_irqsave+0x20/0x80
[    0.568498] softirqs last  enabled at (1470): [<0000000000c272a0>] __do_softirq+0x4e0/0x560
[    0.568510] softirqs last disabled at (1463): [<000000000042d394>] do_softirq_own_stack+0x34/0x60
[    0.568522] random: get_random_bytes called from __warn+0xc8/0x120 with crng_init=0
[    0.568527] ---[ end trace b69103d0cbfe7550 ]---
[    0.568539] possible reason: unannotated irqs-off.
[    0.568544] irq event stamp: 5135
[    0.568551] hardirqs last  enabled at (5135): [<0000000000c24688>] _raw_spin_unlock_irqrestore+0x28/0x60
[    0.568561] hardirqs last disabled at (5134): [<0000000000c24440>] _raw_spin_lock_irqsave+0x20/0x80
[    0.568571] softirqs last  enabled at (1470): [<0000000000c272a0>] __do_softirq+0x4e0/0x560
[    0.568580] softirqs last disabled at (1463): [<000000000042d394>] do_softirq_own_stack+0x34/0x60
[    0.584536] smp: Brought up 1 node, 32 CPUs
[    0.586913] devtmpfs: initialized
[    0.588326] Performance events: 
[    0.588352] Testing NMI watchdog ... 
[    0.788409] OK.
[    0.788458] Supported PMU type is 'niagara5'
[    0.788946] ldc.c:v1.1 (July 22, 2008)
[    0.790082] clocksource: jiffies: mask: 0xffffffff max_cycles: 0xffffffff, max_idle_ns: 19112604462750000 ns
[    0.790114] futex hash table entries: 32768 (order: 9, 4194304 bytes, linear)
[    0.792560] NET: Registered protocol family 16
[    0.796219] VIO: Adding device channel-devices (tx_ino = ffffffffffffffff, rx_ino = ffffffffffffffff)
[    0.796285] VIO: Adding device vnet-port-0-0 (tx_ino = 0, rx_ino = 1)
[    0.796338] VIO: Adding device vnet-port-0-1 (tx_ino = 2, rx_ino = 3)
[    0.796389] VIO: Adding device vnet-port-0-2 (tx_ino = 4, rx_ino = 5)
[    0.796444] VIO: Adding device vnet-port-0-3 (tx_ino = 6, rx_ino = 7)
[    0.796500] VIO: Adding device vnet-port-0-4 (tx_ino = 8, rx_ino = 9)
[    0.796551] VIO: Adding device vnet-port-0-5 (tx_ino = a, rx_ino = b)
[    0.796605] VIO: Adding device vdc-port-2-0 (tx_ino = c, rx_ino = d)
[    0.796656] VIO: Adding device vdc-port-1-0 (tx_ino = e, rx_ino = f)
[    0.796706] VIO: Adding device vdc-port-0-0 (tx_ino = 10, rx_ino = 11)
[    0.796760] VIO: Adding device vdc-port-3-0 (tx_ino = 12, rx_ino = 13)
[    0.796811] VIO: Adding device vlds-port-0-0 (tx_ino = 14, rx_ino = 15)
[    0.796864] VIO: Adding device domain-services-port-0 (tx_ino = 14, rx_ino = 15)
[    0.796959] audit: initializing netlink subsys (disabled)
[    0.797128] audit: type=2000 audit(0.390:1): state=initialized audit_enabled=0 res=1
[    0.808224] HugeTLB registered 64.0 KiB page size, pre-allocated 0 pages
[    0.808239] HugeTLB registered 8.00 MiB page size, pre-allocated 0 pages
[    0.808248] HugeTLB registered 256 MiB page size, pre-allocated 0 pages
[    0.808257] HugeTLB registered 2.00 GiB page size, pre-allocated 0 pages
[    0.809147] alg: extra crypto tests enabled.  This is intended for developer use only.
[    0.829224] cryptd: max_cpu_qlen set to 1000
[    0.891676] vgaarb: loaded
[    0.892189] NetLabel: Initializing
[    0.892198] NetLabel:  domain hash size = 128
[    0.892205] NetLabel:  protocols = UNLABELED CIPSOv4 CALIPSO
[    0.892247] NetLabel:  unlabeled traffic allowed by default
[    0.892765] SUN4V: Reboot data supported (maj=1,min=0).
[    0.892915] ds.c:v1.0 (Jul 11, 2007)
[    0.893077] ds-0: ds_conn_reset() from send_events
[    0.893255] clocksource: Switched to clocksource stick
[    0.975314] VFS: Disk quotas dquot_6.6.0
[    0.975398] VFS: Dquot-cache hash table entries: 1024 (order 0, 8192 bytes)
[    0.976161] AppArmor: AppArmor Filesystem Enabled
[    0.980931] NET: Registered protocol family 2
[    0.981636] tcp_listen_portaddr_hash hash table entries: 32768 (order: 8, 2621440 bytes, linear)
[    0.982854] TCP established hash table entries: 524288 (order: 9, 4194304 bytes, linear)
[    0.985074] TCP bind hash table entries: 65536 (order: 9, 4718592 bytes, linear)
[    0.987255] TCP: Hash tables configured (established 524288 bind 65536)
[    0.988246] UDP hash table entries: 32768 (order: 9, 5242880 bytes, linear)
[    0.990928] UDP-Lite hash table entries: 32768 (order: 9, 5242880 bytes, linear)
[    0.994696] NET: Registered protocol family 1
[    0.994718] NET: Registered protocol family 44
[    0.994744] PCI: CLS 0 bytes, default 64
[    0.994905] Trying to unpack rootfs image as initramfs...
[    1.129937] Freeing initrd memory: 14624K
[    1.130740] aes_sparc64: Using sparc64 aes opcodes optimized AES implementation
[    1.368273] des_sparc64: Using sparc64 des opcodes optimized DES implementation
[    1.813143] camellia_sparc64: Using sparc64 camellia opcodes optimized CAMELLIA implementation
[    1.965004] workingset: timestamp_bits=41 max_order=23 bucket_order=0
[    1.970260] zbud: loaded
[    1.972556] SGI XFS with ACLs, security attributes, quota, fatal assert, debug enabled
[    1.997147] Block layer SCSI generic (bsg) driver version 0.4 loaded (major 252)
[    1.997713] io scheduler mq-deadline registered
[    1.999218] f029b788: ttyHV0 at I/O 0x0 (irq = 1, base_baud = 115200) is a SUN4V HCONS
[    1.999673] printk: console [ttyHV0] enabled
[    2.001374] sunvdc.c:v1.2 (November 24, 2014)
[    2.027267] sunvdc: Virtual Hard disk vdiskc
[    2.027291] sunvdc: vdiskc: 104857600 sectors (51200 MB) protocol 1.2
[    2.037924] sunvdc: Virtual Hard disk vdiskb
[    2.037946] sunvdc: vdiskb: 62914560 sectors (30720 MB) protocol 1.2
[    2.039056]  vdiskb: vdiskb1
[    2.048903] sunvdc: Virtual Hard disk vdiska
[    2.048923] sunvdc: vdiska: 31457280 sectors (15360 MB) protocol 1.2
[    2.050009]  vdiska: vdiska1 vdiska2 vdiska3 vdiska4
[    2.060327] sunvdc: Virtual CDROM vdiskd
[    2.060350] sunvdc: vdiskd: 453848 sectors (221 MB) protocol 1.2
[    2.061418]  vdiskd: vdiskd1 vdiskd2 vdiskd3 vdiskd4 vdiskd5 vdiskd6 vdiskd7
[    2.068897] sunvnet: sunvnet 2.0 (February 3, 2017)
[    2.069948] vnet_port vnet-port-0-0 eth0: Sun LDOM vnet 00:14:4f:f8:12:a3
[    2.070045] sunvnet: eth0: PORT ( remote-mac 00:14:4f:fa:f3:f0 switch-port )
[    2.070480] sunvnet: eth0: PORT ( remote-mac 00:14:4f:f8:e5:f3 )
[    2.070878] sunvnet: eth0: PORT ( remote-mac 00:14:4f:f9:b4:97 )
[    2.071289] sunvnet: eth0: PORT ( remote-mac 00:14:4f:f8:3f:1e )
[    2.071689] sunvnet: eth0: PORT ( remote-mac 00:14:4f:f8:fe:47 )
[    2.072092] sunvnet: eth0: PORT ( remote-mac 00:14:4f:fb:b5:00 )
[    2.072864] rtc-sun4v rtc-sun4v: registered as rtc0
[    2.072928] rtc-sun4v rtc-sun4v: setting system clock to 2020-10-21T11:12:49 UTC (1603278769)
[    2.073103] sun4v_wdt: initialized (timeout=60s, nowayout=0)
[    2.073330] device-mapper: uevent: version 1.0.3
[    2.073817] device-mapper: ioctl: 4.42.0-ioctl (2020-02-27) initialised: dm-devel@redhat.com
[    2.074377] NET: Registered protocol family 17
[    2.074531] registered taskstats version 1
[    2.074917] zswap: loaded using pool lzo/zbud
[    2.075546] AppArmor: AppArmor sha1 policy hashing enabled
[    2.077580] This architecture does not have kernel memory protection.
[    2.077607] Run /init as init process
[    2.077616]   with arguments:
[    2.077624]     /init
[    2.077631]   with environment:
[    2.077638]     HOME=/
[    2.077645]     TERM=linux
[    2.077652]     BOOT_IMAGE=/vmlinux-5.9.0-rc8-00250-ge705d3979658
[    2.301409] crc32c_sparc64: Using sparc64 crc32c opcode optimized CRC32C implementation
[    2.303649] random: lvm: uninitialized urandom read (4 bytes read)
[    2.329562] random: lvm: uninitialized urandom read (2 bytes read)
[    2.416236] random: fast init done
[    2.903275] raid6: int64x8  gen()  2142 MB/s
[    3.073264] raid6: int64x8  xor()  1518 MB/s
[    3.243279] raid6: int64x4  gen()  3377 MB/s
[    3.413243] raid6: int64x4  xor()  1458 MB/s
[    3.583252] raid6: int64x2  gen()  2892 MB/s
[    3.753254] raid6: int64x2  xor()  1038 MB/s
[    3.923246] raid6: int64x1  gen()  1415 MB/s
[    4.093261] raid6: int64x1  xor()   707 MB/s
[    4.093287] raid6: using algorithm int64x4 gen() 3377 MB/s
[    4.093296] raid6: .... xor() 1458 MB/s, rmw enabled
[    4.093305] raid6: using intx1 recovery algorithm
[    4.093815] async_tx: api initialized (async)
[    4.094057] xor: automatically using best checksumming function   Niagara   
[    4.286715] EXT4-fs (vdiska2): mounted filesystem with ordered data mode. Opts: (null)
[    6.230506] systemd[1]: Inserted module 'autofs4'
[    6.320420] NET: Registered protocol family 10
[    6.324294] Segment Routing with IPv6
[    6.404131] systemd[1]: systemd 246.6-2 running in system mode. (+PAM +AUDIT +SELINUX +IMA +APPARMOR +SMACK +SYSVINIT +UTMP +LIBCRYPTSETUP +GCRYPT +GNUTLS +ACL +XZ +LZ4 +ZSTD -SECCOMP +BLKID +ELFUTILS +KMOD +IDN2 -IDN +PCRE2 default-hierarchy=hybrid)
[    6.404580] systemd[1]: Detected architecture sparc64.
[    6.508810] systemd[1]: Set hostname to <ttip>.
[    7.536901] random: lvmconfig: uninitialized urandom read (4 bytes read)
[    8.845724] systemd[1]: Queued start job for default target Multi-User System.
[    8.846515] random: systemd: uninitialized urandom read (16 bytes read)
[    8.868376] systemd[1]: Created slice system-getty.slice.
[    8.868859] random: systemd: uninitialized urandom read (16 bytes read)
[    8.877180] systemd[1]: Created slice system-modprobe.slice.
[    8.877401] random: systemd: uninitialized urandom read (16 bytes read)
[    8.885261] systemd[1]: Created slice system-openvpn\x2dclient.slice.
[    8.900233] systemd[1]: Created slice system-postfix.slice.
[    8.911597] systemd[1]: Created slice system-systemd\x2dfsck.slice.
[    8.920021] systemd[1]: Created slice User and Session Slice.
[    8.920468] systemd[1]: Started Dispatch Password Requests to Console Directory Watch.
[    8.920840] systemd[1]: Started Forward Password Requests to Wall Directory Watch.
[    8.922125] systemd[1]: Set up automount Arbitrary Executable File Formats File System Automount Point.
[    8.922434] systemd[1]: Reached target Local Encrypted Volumes.
[    8.922726] systemd[1]: Reached target Paths.
[    8.922975] systemd[1]: Reached target Slices.
[    8.923450] systemd[1]: Listening on Device-mapper event daemon FIFOs.
[    8.923981] systemd[1]: Listening on LVM2 poll daemon socket.
[    8.946459] systemd[1]: Listening on RPCbind Server Activation Socket.
[    8.947257] systemd[1]: Listening on Syslog Socket.
[    8.947819] systemd[1]: Listening on fsck to fsckd communication Socket.
[    8.948208] systemd[1]: Listening on initctl Compatibility Named Pipe.
[    8.948906] systemd[1]: Listening on Journal Audit Socket.
[    8.949388] systemd[1]: Listening on Journal Socket (/dev/log).
[    8.949989] systemd[1]: Listening on Journal Socket.
[    8.950607] systemd[1]: Listening on udev Control Socket.
[    8.951067] systemd[1]: Listening on udev Kernel Socket.
[    8.961774] systemd[1]: Mounting Huge Pages File System...
[    8.972340] systemd[1]: Mounting POSIX Message Queue File System...
[    8.995830] systemd[1]: Mounting RPC Pipe File System...
[    9.006686] systemd[1]: Mounting Kernel Debug File System...
[    9.017338] systemd[1]: Mounting Kernel Trace File System...
[    9.017795] systemd[1]: Condition check resulted in Kernel Module supporting RPCSEC_GSS being skipped.
[    9.018352] systemd[1]: Finished Availability of block devices.
[    9.028696] systemd[1]: Starting Wait for network to be configured by ifupdown...
[    9.039752] systemd[1]: Starting Create list of static device nodes for the current kernel...
[    9.049828] systemd[1]: Starting Monitoring of LVM2 mirrors, snapshots etc. using dmeventd or progress polling...
[    9.060117] systemd[1]: Starting Load Kernel Module drm...
[    9.070508] systemd[1]: Starting nftables...
[    9.110060] systemd[1]: Condition check resulted in Set Up Additional Binary Formats being skipped.
[    9.110231] systemd[1]: Condition check resulted in File System Check on Root Device being skipped.
[    9.122172] systemd[1]: Starting Journal Service...
[    9.174461] systemd[1]: Starting Load Kernel Modules...
[    9.184759] systemd[1]: Starting Remount Root and Kernel File Systems...
[    9.195684] systemd[1]: Starting Coldplug All udev Devices...
[    9.201551] systemd[1]: Mounted Huge Pages File System.
[    9.202287] systemd[1]: Mounted POSIX Message Queue File System.
[    9.202946] systemd[1]: Mounted Kernel Debug File System.
[    9.203637] systemd[1]: Mounted Kernel Trace File System.
[    9.205955] systemd[1]: Finished Wait for network to be configured by ifupdown.
[    9.208360] systemd[1]: Finished Create list of static device nodes for the current kernel.
[    9.209553] systemd[1]: modprobe@drm.service: Succeeded.
[    9.211134] systemd[1]: Finished Load Kernel Module drm.
[    9.246300] RPC: Registered named UNIX socket transport module.
[    9.246328] RPC: Registered udp transport module.
[    9.246339] RPC: Registered tcp transport module.
[    9.246351] RPC: Registered tcp NFSv4.1 backchannel transport module.
[    9.250426] systemd[1]: Mounted RPC Pipe File System.
[    9.270357] systemd[1]: Finished Load Kernel Modules.
[    9.273260] systemd[1]: Condition check resulted in FUSE Control File System being skipped.
[    9.273510] systemd[1]: Condition check resulted in Kernel Configuration File System being skipped.
[    9.284032] EXT4-fs (vdiska2): re-mounted. Opts: errors=remount-ro
[    9.310358] systemd[1]: Starting Apply Kernel Variables...
[    9.315790] systemd[1]: Finished Remount Root and Kernel File Systems.
[    9.419332] systemd[1]: Starting Initial Check File System Quotas...
[    9.421692] systemd[1]: Condition check resulted in Rebuild Hardware Database being skipped.
[    9.421889] systemd[1]: Condition check resulted in Platform Persistent Storage Archival being skipped.
[    9.432199] systemd[1]: Starting Load/Save Random Seed...
[    9.442822] systemd[1]: Starting Create System Users...
[    9.444546] systemd[1]: Started Journal Service.
[    9.771593] ------------[ cut here ]------------
[    9.771632] WARNING: CPU: 11 PID: 506 at net/netfilter/nf_tables_api.c:622 nft_chain_parse_hook+0x7c/0x360 [nf_tables]
[    9.771645] Modules linked in: nf_tables nfnetlink sunrpc ip_tables x_tables ipv6 crc_ccitt autofs4 ext4 crc16 mbcache jbd2 raid10 raid456 async_raid6_recov async_memcpy async_pq async_xor xor async_tx raid6_pq raid1 raid0 multipath linear md_mod crc32c_sparc64
[    9.771712] CPU: 11 PID: 506 Comm: nft Tainted: G        W         5.9.0-rc8-00250-ge705d3979658 #105
[    9.771723] Call Trace:
[    9.771736] [<0000000000472808>] __warn+0xa8/0x120
[    9.771746] [<0000000000472c40>] warn_slowpath_fmt+0x34/0x74
[    9.771759] [<00000000100c19fc>] nft_chain_parse_hook+0x7c/0x360 [nf_tables]
[    9.771773] [<00000000100c4ca8>] nf_tables_addchain.constprop.0+0x48/0x5a0 [nf_tables]
[    9.771788] [<00000000100c5908>] nf_tables_newchain+0x708/0x820 [nf_tables]
[    9.771799] [<00000000100ae9c4>] nfnetlink_rcv_batch+0x4a4/0x780 [nfnetlink]
[    9.771809] [<00000000100aedb0>] nfnetlink_rcv+0x110/0x140 [nfnetlink]
[    9.771822] [<0000000000b2b0d0>] netlink_unicast+0x150/0x2a0
[    9.771831] [<0000000000b2c03c>] netlink_sendmsg+0x3dc/0x460
[    9.771843] [<0000000000a97354>] sock_sendmsg+0x34/0x80
[    9.771851] [<0000000000a98a2c>] ____sys_sendmsg+0x1ac/0x220
[    9.771861] [<0000000000a9aac8>] ___sys_sendmsg+0x48/0x80
[    9.771869] [<0000000000a9aba8>] __sys_sendmsg+0x48/0x80
[    9.771877] [<0000000000a9abf8>] sys_sendmsg+0x18/0x40
[    9.771888] [<00000000004062b4>] linux_sparc_syscall+0x34/0x44
[    9.771896] irq event stamp: 0
[    9.771905] hardirqs last  enabled at (0): [<0000000000000000>] 0x0
[    9.771920] hardirqs last disabled at (0): [<00000000004703f4>] copy_process+0x734/0x1860
[    9.771935] softirqs last  enabled at (0): [<00000000004703f4>] copy_process+0x734/0x1860
[    9.771950] softirqs last disabled at (0): [<0000000000000000>] 0x0
[    9.771961] ---[ end trace b69103d0cbfe7552 ]---
[   11.079218] sha1_sparc64: Using sparc64 sha1 opcode optimized SHA-1 implementation
[   11.253910] sha256_sparc64: Using sparc64 sha256 opcode optimized SHA-256/SHA-224 implementation
[   11.453566] n2rng v0.3 (Jan 7, 2017)
[   11.453610] n2rng f029b104: Registered RNG HVAPI major 2 minor 0
[   11.453627] n2rng f029b104: Found multi-unit-capable RNG, units: 2
[   11.454158] n2rng f029b104: RNG ready
[   11.502413] sha512_sparc64: Using sparc64 sha512 opcode optimized SHA-512/SHA-384 implementation
[   11.543304] md5_sparc64: Using sparc64 md5 opcode optimized MD5 implementation
[   11.547740] pktcdvd: setup of pktcdvd device failed
[   11.575989] pktcdvd: setup of pktcdvd device failed
[   11.578206] pktcdvd: setup of pktcdvd device failed
[   11.580567] pktcdvd: setup of pktcdvd device failed
[   11.583678] pktcdvd: setup of pktcdvd device failed
[   11.585951] pktcdvd: setup of pktcdvd device failed
[   11.588247] pktcdvd: setup of pktcdvd device failed
[   11.590519] pktcdvd: setup of pktcdvd device failed
[   11.638118] XFS (dm-0): Mounting V5 Filesystem
[   11.973278] Adding 787176k swap on /dev/vdiska4.  Priority:-2 extents:1 across:787176k FS
[   12.550288] EXT4-fs (vdiska1): mounting ext3 file system using the ext4 subsystem
[   12.848610] EXT4-fs (vdiska1): mounted filesystem with ordered data mode. Opts: (null)
[   12.848734] ext3 filesystem being mounted at /boot supports timestamps until 2038 (0x7fffffff)
[   13.664661] random: crng init done
[   13.664686] random: 4 urandom warning(s) missed due to ratelimiting
[   13.827682] XFS (dm-0): Ending clean mount
[   13.847892] xfs filesystem being mounted at /1 supports timestamps until 2038 (0x7fffffff)
[   14.838036] Kernel unaligned access at TPC[8d6b9c] aa_dfa_unpack+0x3c/0x640
[   14.838067] Kernel unaligned access at TPC[8d6bb0] aa_dfa_unpack+0x50/0x640
[   14.838081] Kernel unaligned access at TPC[8d6c74] aa_dfa_unpack+0x114/0x640
[   14.838096] Kernel unaligned access at TPC[8d6d44] aa_dfa_unpack+0x1e4/0x640
[   14.838109] Kernel unaligned access at TPC[8d6d58] aa_dfa_unpack+0x1f8/0x640
[   14.845185] audit: type=1400 audit(1603278782.270:2): apparmor="STATUS" operation="profile_load" profile="unconfined" name="nvidia_modprobe" pid=698 comm="apparmor_parser"
[   14.845225] audit: type=1400 audit(1603278782.270:3): apparmor="STATUS" operation="profile_load" profile="unconfined" name="nvidia_modprobe//kmod" pid=698 comm="apparmor_parser"
[   14.850120] audit: type=1400 audit(1603278782.270:4): apparmor="STATUS" operation="profile_load" profile="unconfined" name="/usr/sbin/haveged" pid=695 comm="apparmor_parser"
[   14.871077] audit: type=1400 audit(1603278782.290:5): apparmor="STATUS" operation="profile_load" profile="unconfined" name="lsb_release" pid=702 comm="apparmor_parser"
[   14.889941] audit: type=1400 audit(1603278782.310:6): apparmor="STATUS" operation="profile_load" profile="unconfined" name="/usr/bin/man" pid=699 comm="apparmor_parser"
[   14.889970] audit: type=1400 audit(1603278782.310:7): apparmor="STATUS" operation="profile_load" profile="unconfined" name="man_filter" pid=699 comm="apparmor_parser"
[   14.889994] audit: type=1400 audit(1603278782.310:8): apparmor="STATUS" operation="profile_load" profile="unconfined" name="man_groff" pid=699 comm="apparmor_parser"
[   14.914897] audit: type=1400 audit(1603278782.340:9): apparmor="STATUS" operation="profile_load" profile="unconfined" name="named" pid=701 comm="apparmor_parser"
[   14.918501] audit: type=1400 audit(1603278782.340:10): apparmor="STATUS" operation="profile_load" profile="unconfined" name="tcpdump" pid=700 comm="apparmor_parser"
