[    0.000018] PROMLIB: Sun IEEE Boot Prom 'OBP 4.38.12 2018/03/28 14:54'
[    0.000031] PROMLIB: Root node compatible: sun4v
[    0.000077] Linux version 5.2.0-rc1-00170-g980066e6d964 (mator@ttip) (gcc version 9.3.0 (Debian 9.3.0-11)) #100 SMP Tue Apr 28 16:59:44 MSK 2020
[    0.000378] printk: bootconsole [earlyprom0] enabled
[    0.000430] ARCH: SUN4V
[    0.000478] Ethernet address: 00:14:4f:fa:06:f2
[    0.000529] MM: PAGE_OFFSET is 0xfff8000000000000 (max_phys_bits == 47)
[    0.000595] MM: VMALLOC [0x0000000100000000 --> 0x0006000000000000]
[    0.000654] MM: VMEMMAP [0x0006000000000000 --> 0x000c000000000000]
[    0.012242] Kernel: Using 5 locked TLB entries for main kernel image.
[    0.012313] Remapping the kernel... 
[    0.012339] done.
[    0.045249] OF stdout device is: /virtual-devices@100/console@1
[    0.045314] PROM: Built device tree with 86230 bytes of memory.
[    0.045373] MDESC: Size is 36512 bytes.
[    0.045486] PLATFORM: banner-name [SPARC T5-2]
[    0.045537] PLATFORM: name [ORCL,SPARC-T5-2]
[    0.045582] PLATFORM: hostid [84fa06f2]
[    0.045625] PLATFORM: serial# [0035260e]
[    0.045667] PLATFORM: stick-frequency [3b9aca00]
[    0.045716] PLATFORM: mac-address [144ffa06f2]
[    0.045761] PLATFORM: watchdog-resolution [1000 ms]
[    0.045812] PLATFORM: watchdog-max-timeout [31536000000 ms]
[    0.045867] PLATFORM: max-cpus [1024]
[    0.045956] Top of RAM: 0x24af938000, Total RAM: 0x87f354000
[    0.046017] Memory hole size: 115461MB
[    0.050601] Allocated 40960 bytes for kernel page tables.
[    0.050684] Zone ranges:
[    0.050723]   Normal   [mem 0x0000000030400000-0x00000024af937fff]
[    0.050785] Movable zone start for each node
[    0.050830] Early memory node ranges
[    0.050871]   node   0: [mem 0x0000000030400000-0x000000006fe7ffff]
[    0.050930]   node   0: [mem 0x000000006ff00000-0x000000006ff25fff]
[    0.050991]   node   0: [mem 0x0000000070000000-0x000000042fffffff]
[    0.051052]   node   0: [mem 0x0000002030000000-0x00000024af87ffff]
[    0.051111]   node   0: [mem 0x00000024af900000-0x00000024af925fff]
[    0.051171]   node   0: [mem 0x00000024af930000-0x00000024af937fff]
[    0.058531] Zeroed struct page in unavailable ranges: 230130 pages
[    0.058539] Initmem setup node 0 [mem 0x0000000030400000-0x00000024af937fff]
[    0.058697] On node 0 totalpages: 4454826
[    0.058706]   Normal zone: 39154 pages used for memmap
[    0.058711]   Normal zone: 0 pages reserved
[    0.058717]   Normal zone: 4454826 pages, LIFO batch:31
[    0.066362] Booting Linux...
[    0.066443] CPU CAPS: [flush,stbar,swap,muldiv,v9,blkinit,n2,mul32]
[    0.066525] CPU CAPS: [div32,v8plus,popc,vis,vis2,ASIBlkInit,fmaf,vis3]
[    0.066602] CPU CAPS: [hpc,ima,pause,cbcond,aes,des,kasumi,camellia]
[    0.066672] CPU CAPS: [md5,sha1,sha256,sha512,mpmul,montmul,montsqr,crc32c]
[    0.096194] percpu: Embedded 27 pages/cpu s179080 r8192 d33912 u262144
[    0.096405] pcpu-alloc: s179080 r8192 d33912 u262144 alloc=1*4194304
[    0.096412] pcpu-alloc: [0] 000 001 002 003 004 005 006 007 008 009 010 011 012 013 014 015 
[    0.096438] pcpu-alloc: [0] 016 017 018 019 020 021 022 023 024 025 026 027 028 029 030 031 
[    0.096464] pcpu-alloc: [0] 032 033 034 035 036 037 038 039 040 041 042 043 044 045 046 047 
[    0.096490] pcpu-alloc: [0] 048 049 050 051 052 053 054 055 056 057 058 059 060 061 062 063 
[    0.096516] pcpu-alloc: [0] 064 065 066 067 068 069 070 071 072 073 074 075 076 077 078 079 
[    0.096542] pcpu-alloc: [0] 080 081 082 083 084 085 086 087 088 089 090 091 092 093 094 095 
[    0.096568] pcpu-alloc: [0] 096 097 098 099 100 101 102 103 104 105 106 107 108 109 110 111 
[    0.096594] pcpu-alloc: [0] 112 113 114 115 116 117 118 119 120 121 122 123 124 125 126 127 
[    0.097024] SUN4V: Mondo queue sizes [cpu(131072) dev(16384) r(8192) nr(256)]
[    0.097393] Built 1 zonelists, mobility grouping on.  Total pages: 4415672
[    0.097479] Kernel command line: BOOT_IMAGE=/vmlinux-5.2.0-rc1-00170-g980066e6d964 root=/dev/vdiska2 ro zswap.enabled=1
[    0.099660] printk: log_buf_len individual max cpu contribution: 4096 bytes
[    0.099730] printk: log_buf_len total cpu_extra contributions: 520192 bytes
[    0.099797] printk: log_buf_len min size: 131072 bytes
[    0.100067] printk: log_buf_len: 1048576 bytes
[    0.100118] printk: early log buf free: 126648(96%)
[    0.106431] Dentry cache hash table entries: 8388608 (order: 13, 67108864 bytes)
[    0.109659] Inode-cache hash table entries: 4194304 (order: 12, 33554432 bytes)
[    0.109730] Sorting __ex_table...
[    0.168623] Memory: 1305232K/35638608K available (7220K kernel code, 956K rwdata, 2128K rodata, 688K init, 6666K bss, 508096K reserved, 0K cma-reserved)
[    0.169321] SLUB: HWalign=32, Order=0-3, MinObjects=0, CPUs=128, Nodes=1
[    0.169615] ftrace: allocating 20935 entries in 41 pages
[    0.180343] Running RCU self tests
[    0.180388] rcu: Hierarchical RCU implementation.
[    0.180436] rcu: 	RCU event tracing is enabled.
[    0.180485] rcu: 	RCU lockdep checking is enabled.
[    0.180535] 	Tasks RCU enabled.
[    0.180573] rcu: RCU calculated value of scheduler-enlistment delay is 10 jiffies.
[    0.184752] NR_IRQS: 2048, nr_irqs: 2048, preallocated irqs: 1
[    0.184828] SUN4V: Using IRQ API major 3, cookie only virqs enabled
[    0.187227] clocksource: stick: mask: 0xffffffffffffffff max_cycles: 0x1cd42e4dffb, max_idle_ns: 881590591483 ns
[    0.187358] clocksource: mult[800000] shift[23]
[    0.187406] clockevent: mult[80000000] shift[31]
[    0.187938] Console: colour dummy device 80x25
[    0.187999] printk: console [tty0] enabled
[    0.188071] printk: bootconsole [earlyprom0] disabled
[    0.188153] Lock dependency validator: Copyright (c) 2006 Red Hat, Inc., Ingo Molnar
[    0.188200] ... MAX_LOCKDEP_SUBCLASSES:  8
[    0.188229] ... MAX_LOCK_DEPTH:          48
[    0.188258] ... MAX_LOCKDEP_KEYS:        8191
[    0.188288] ... CLASSHASH_SIZE:          4096
[    0.188318] ... MAX_LOCKDEP_ENTRIES:     16384
[    0.188348] ... MAX_LOCKDEP_CHAINS:      32768
[    0.188378] ... CHAINHASH_SIZE:          16384
[    0.188408]  memory used by lock dependency info: 3853 kB
[    0.188443]  per task-struct memory footprint: 1920 bytes
[    0.337623] Calibrating delay using timer specific routine.. 2003.81 BogoMIPS (lpj=10019062)
[    0.337678] pid_max: default: 131072 minimum: 1024
[    0.337931] LSM: Security Framework initializing
[    0.338164] AppArmor: AppArmor initialized
[    0.338435] Mount-cache hash table entries: 131072 (order: 7, 1048576 bytes)
[    0.338594] Mountpoint-cache hash table entries: 131072 (order: 7, 1048576 bytes)
[    0.339386] *** VALIDATE proc ***
[    0.339816] *** VALIDATE cgroup1 ***
[    0.339847] *** VALIDATE cgroup2 ***
[    0.341818] rcu: Hierarchical SRCU implementation.
[    0.349195] smp: Bringing up secondary CPUs ...
[    0.390458] smp: Brought up 1 node, 32 CPUs
[    0.580699] node 0 initialised, 4228160 pages in 190ms
[    0.582177] devtmpfs: initialized
[    0.586647] Performance events: 
[    0.586688] Testing NMI watchdog ... 
[    0.786756] OK.
[    0.786838] Supported PMU type is 'niagara5'
[    0.787018] random: get_random_u32 called from bucket_table_alloc.isra.0+0x188/0x1c0 with crng_init=0
[    0.787586] ldc.c:v1.1 (July 22, 2008)
[    0.789900] clocksource: jiffies: mask: 0xffffffff max_cycles: 0xffffffff, max_idle_ns: 19112604462750000 ns
[    0.789988] futex hash table entries: 32768 (order: 9, 4194304 bytes)
[    0.794943] NET: Registered protocol family 16
[    0.802509] VIO: Adding device channel-devices (tx_ino = ffffffffffffffff, rx_ino = ffffffffffffffff)
[    0.802703] VIO: Adding device vnet-port-0-0 (tx_ino = 0, rx_ino = 1)
[    0.802895] VIO: Adding device vnet-port-0-1 (tx_ino = 2, rx_ino = 3)
[    0.803054] VIO: Adding device vnet-port-0-2 (tx_ino = 4, rx_ino = 5)
[    0.803213] VIO: Adding device vnet-port-0-3 (tx_ino = 6, rx_ino = 7)
[    0.803375] VIO: Adding device vnet-port-0-4 (tx_ino = 8, rx_ino = 9)
[    0.803532] VIO: Adding device vnet-port-0-5 (tx_ino = a, rx_ino = b)
[    0.803688] VIO: Adding device vdc-port-2-0 (tx_ino = c, rx_ino = d)
[    0.803848] VIO: Adding device vdc-port-1-0 (tx_ino = e, rx_ino = f)
[    0.804005] VIO: Adding device vdc-port-0-0 (tx_ino = 10, rx_ino = 11)
[    0.804162] VIO: Adding device vdc-port-3-0 (tx_ino = 12, rx_ino = 13)
[    0.804324] VIO: Adding device vlds-port-0-0 (tx_ino = 14, rx_ino = 15)
[    0.804484] VIO: Adding device domain-services-port-0 (tx_ino = 14, rx_ino = 15)
[    0.804754] audit: initializing netlink subsys (disabled)
[    0.805008] audit: type=2000 audit(0.410:1): state=initialized audit_enabled=0 res=1
[    0.828065] HugeTLB registered 64.0 KiB page size, pre-allocated 0 pages
[    0.828112] HugeTLB registered 8.00 MiB page size, pre-allocated 0 pages
[    0.828155] HugeTLB registered 256 MiB page size, pre-allocated 0 pages
[    0.828198] HugeTLB registered 2.00 GiB page size, pre-allocated 0 pages
[    0.830379] alg: extra crypto tests enabled.  This is intended for developer use only.
[    0.848556] cryptd: max_cpu_qlen set to 1000
[    0.876135] alg: No test for lzo-rle (lzo-rle-generic)
[    0.876545] alg: No test for lzo-rle (lzo-rle-scomp)
[    0.919364] NetLabel: Initializing
[    0.919393] NetLabel:  domain hash size = 128
[    0.919424] NetLabel:  protocols = UNLABELED CIPSOv4 CALIPSO
[    0.919552] NetLabel:  unlabeled traffic allowed by default
[    0.920469] SUN4V: Reboot data supported (maj=1,min=0).
[    0.920833] ds.c:v1.0 (Jul 11, 2007)
[    0.921163] ds-0: ds_conn_reset() from send_events.isra.0
[    0.922586] clocksource: Switched to clocksource stick
[    1.111982] VFS: Disk quotas dquot_6.6.0
[    1.112110] VFS: Dquot-cache hash table entries: 1024 (order 0, 8192 bytes)
[    1.112331] *** VALIDATE hugetlbfs ***
[    1.113954] AppArmor: AppArmor Filesystem Enabled
[    1.126420] NET: Registered protocol family 2
[    1.127820] tcp_listen_portaddr_hash hash table entries: 32768 (order: 8, 2359296 bytes)
[    1.130714] TCP established hash table entries: 524288 (order: 9, 4194304 bytes)
[    1.132810] TCP bind hash table entries: 65536 (order: 9, 4194304 bytes)
[    1.138344] TCP: Hash tables configured (established 524288 bind 65536)
[    1.140717] UDP hash table entries: 32768 (order: 9, 5242880 bytes)
[    1.147018] UDP-Lite hash table entries: 32768 (order: 9, 5242880 bytes)
[    1.154899] NET: Registered protocol family 1
[    1.154959] NET: Registered protocol family 44
[    1.155448] Trying to unpack rootfs image as initramfs...
[    1.348558] Freeing initrd memory: 14688K
[    1.349371] aes_sparc64: Using sparc64 aes opcodes optimized AES implementation
[    1.614373] des_sparc64: Using sparc64 des opcodes optimized DES implementation
[    2.074543] camellia_sparc64: Using sparc64 camellia opcodes optimized CAMELLIA implementation
[    2.249385] workingset: timestamp_bits=46 max_order=23 bucket_order=0
[    2.267001] zbud: loaded
[    2.269119] SGI XFS with ACLs, security attributes, debug enabled
[    2.276146] Block layer SCSI generic (bsg) driver version 0.4 loaded (major 252)
[    2.276903] io scheduler mq-deadline registered
[    2.279369] f029b788: ttyS0 at I/O 0x0 (irq = 1, base_baud = 115200) is a SUN4V HCONS
[    2.285671] printk: console [ttyHV0] enabled
[    2.288078] sunvdc.c:v1.2 (November 24, 2014)
[    2.289704] sunvdc: Virtual Hard disk vdiskc
[    2.289742] sunvdc: vdiskc: 104857600 sectors (51200 MB) protocol 1.2
[    2.308537] sunvdc: Virtual Hard disk vdiskb
[    2.308576] sunvdc: vdiskb: 62914560 sectors (30720 MB) protocol 1.2
[    2.309183]  vdiskb: vdiskb1
[    2.327000] sunvdc: Virtual Hard disk vdiska
[    2.327042] sunvdc: vdiska: 31457280 sectors (15360 MB) protocol 1.2
[    2.327710]  vdiska: vdiska1 vdiska2 vdiska3 vdiska4
[    2.346075] sunvdc: Virtual CDROM vdiskd
[    2.346115] sunvdc: vdiskd: 453848 sectors (221 MB) protocol 1.2
[    2.346719]  vdiskd: vdiskd1 vdiskd2 vdiskd3 vdiskd4 vdiskd5 vdiskd6 vdiskd7
[    2.364563] sunvnet: sunvnet 2.0 (February 3, 2017)
[    2.366560] vnet_port vnet-port-0-0 eth0: Sun LDOM vnet 00:14:4f:f8:12:a3
[    2.366768] sunvnet: eth0: PORT ( remote-mac 00:14:4f:fa:f3:f0 switch-port )
[    2.367097] sunvnet: eth0: PORT ( remote-mac 00:14:4f:f8:e5:f3 )
[    2.367420] sunvnet: eth0: PORT ( remote-mac 00:14:4f:f9:b4:97 )
[    2.367746] sunvnet: eth0: PORT ( remote-mac 00:14:4f:f8:3f:1e )
[    2.368068] sunvnet: eth0: PORT ( remote-mac 00:14:4f:f8:fe:47 )
[    2.368391] sunvnet: eth0: PORT ( remote-mac 00:14:4f:f9:8b:83 )
[    2.369527] rtc-sun4v rtc-sun4v: registered as rtc0
[    2.370040] sun4v_wdt: initialized (timeout=60s, nowayout=0)
[    2.370286] device-mapper: uevent: version 1.0.3
[    2.370971] device-mapper: ioctl: 4.40.0-ioctl (2019-01-18) initialised: dm-devel@redhat.com
[    2.371831] NET: Registered protocol family 17
[    2.372948] registered taskstats version 1
[    2.373714] zswap: loaded using pool lzo/zbud
[    2.550828] Key type big_key registered
[    2.550889] AppArmor: AppArmor sha1 policy hashing enabled
[    2.551624] rtc-sun4v rtc-sun4v: setting system clock to 2020-04-28T14:11:04 UTC (1588083064)
[    2.555522] This architecture does not have kernel memory protection.
[    2.555568] Run /init as init process
[    3.033901] crc32c_sparc64: Using sparc64 crc32c opcode optimized CRC32C implementation
[    3.602568] raid6: int64x8  gen()  2175 MB/s
[    3.772573] raid6: int64x8  xor()  1572 MB/s
[    3.942574] raid6: int64x4  gen()  3454 MB/s
[    4.112566] raid6: int64x4  xor()  1979 MB/s
[    4.282563] raid6: int64x2  gen()  2871 MB/s
[    4.452568] raid6: int64x2  xor()  2000 MB/s
[    4.622581] raid6: int64x1  gen()  2795 MB/s
[    4.792568] raid6: int64x1  xor()  1655 MB/s
[    4.792604] raid6: using algorithm int64x4 gen() 3454 MB/s
[    4.792643] raid6: .... xor() 1979 MB/s, rmw enabled
[    4.792680] raid6: using intx1 recovery algorithm
[    4.793493] async_tx: api initialized (async)
[    4.794054] xor: automatically using best checksumming function   Niagara   
[    4.868710] random: fast init done
[    5.048939] EXT4-fs (vdiska2): mounted filesystem with ordered data mode. Opts: (null)
[    5.259226] systemd[1]: Inserted module 'autofs4'
[    5.269130] NET: Registered protocol family 10
[    5.273882] Segment Routing with IPv6
[    5.292336] systemd[1]: systemd 245.5-2 running in system mode. (+PAM +AUDIT +SELINUX +IMA +APPARMOR +SMACK +SYSVINIT +UTMP +LIBCRYPTSETUP +GCRYPT +GNUTLS +ACL +XZ +LZ4 -SECCOMP +BLKID +ELFUTILS +KMOD +IDN2 -IDN +PCRE2 default-hierarchy=hybrid)
[    5.293007] systemd[1]: Detected architecture sparc64.
[    5.299970] systemd[1]: Set hostname to <ttip>.
[    5.400325] random: lvmconfig: uninitialized urandom read (4 bytes read)
[    5.646081] systemd[1]: /lib/systemd/system/dbus.socket:5: ListenStream= references a path below legacy directory /var/run/, updating /var/run/dbus/system_bus_socket â†’ /run/dbus/system_bus_socket; please update the unit file accordingly.
[    5.709708] random: systemd: uninitialized urandom read (16 bytes read)
[    5.716649] systemd[1]: Created slice system-getty.slice.
[    5.717326] random: systemd: uninitialized urandom read (16 bytes read)
[    5.719774] systemd[1]: Created slice system-modprobe.slice.
[    5.723109] systemd[1]: Created slice system-openvpn\x2dclient.slice.
[    5.727651] systemd[1]: Created slice system-postfix.slice.
[    5.730978] systemd[1]: Created slice system-systemd\x2dfsck.slice.
[    5.734837] systemd[1]: Created slice User and Session Slice.
[    5.735713] systemd[1]: Started Dispatch Password Requests to Console Directory Watch.
[    5.736515] systemd[1]: Started Forward Password Requests to Wall Directory Watch.
[    5.738580] systemd[1]: Set up automount Arbitrary Executable File Formats File System Automount Point.
[    5.739121] systemd[1]: Reached target Local Encrypted Volumes.
[    5.739587] systemd[1]: Reached target Paths.
[    5.740018] systemd[1]: Reached target Remote File Systems.
[    5.740460] systemd[1]: Reached target Slices.
[    5.741330] systemd[1]: Listening on Device-mapper event daemon FIFOs.
[    5.742359] systemd[1]: Listening on LVM2 poll daemon socket.
[    5.744442] systemd[1]: Listening on Syslog Socket.
[    5.745404] systemd[1]: Listening on fsck to fsckd communication Socket.
[    5.746159] systemd[1]: Listening on initctl Compatibility Named Pipe.
[    5.747358] systemd[1]: Listening on Journal Audit Socket.
[    5.748324] systemd[1]: Listening on Journal Socket (/dev/log).
[    5.749459] systemd[1]: Listening on Journal Socket.
[    5.750516] systemd[1]: Listening on udev Control Socket.
[    5.751321] systemd[1]: Listening on udev Kernel Socket.
[    5.760049] systemd[1]: Mounting Huge Pages File System...
[    5.769198] systemd[1]: Mounting POSIX Message Queue File System...
[    5.777583] systemd[1]: Mounting Kernel Debug File System...
[    5.787753] systemd[1]: Mounting Kernel Trace File System...
[    5.795706] systemd[1]: Starting Availability of block devices...
[    5.803648] systemd[1]: Starting Wait for network to be configured by ifupdown...
[    5.812030] systemd[1]: Starting Create list of static device nodes for the current kernel...
[    5.821155] systemd[1]: Starting Monitoring of LVM2 mirrors, snapshots etc. using dmeventd or progress polling...
[    5.830395] systemd[1]: Starting Load Kernel Module drm...
[    5.838267] systemd[1]: Starting nftables...
[    5.839805] systemd[1]: Condition check resulted in Set Up Additional Binary Formats being skipped.
[    5.840018] systemd[1]: Condition check resulted in File System Check on Root Device being skipped.
[    5.850788] systemd[1]: Starting Journal Service...
[    5.861353] systemd[1]: Starting Load Kernel Modules...
[    5.869395] systemd[1]: Starting Remount Root and Kernel File Systems...
[    5.878816] systemd[1]: Starting udev Coldplug all Devices...
[    5.888565] systemd[1]: Mounted Huge Pages File System.
[    5.890081] systemd[1]: Mounted POSIX Message Queue File System.
[    5.891493] systemd[1]: Mounted Kernel Debug File System.
[    5.892958] systemd[1]: Mounted Kernel Trace File System.
[    5.900662] systemd[1]: Finished Availability of block devices.
[    5.907622] systemd[1]: Finished Wait for network to be configured by ifupdown.
[    5.916589] systemd[1]: Finished Create list of static device nodes for the current kernel.
[    5.926272] EXT4-fs (vdiska2): re-mounted. Opts: errors=remount-ro
[    5.938690] systemd[1]: modprobe@drm.service: Succeeded.
[    5.943803] systemd[1]: Finished Load Kernel Module drm.
[    5.950231] systemd[1]: Finished Load Kernel Modules.
[    5.952091] systemd[1]: Condition check resulted in FUSE Control File System being skipped.
[    5.952507] systemd[1]: Condition check resulted in Kernel Configuration File System being skipped.
[    5.962905] systemd[1]: Starting Apply Kernel Variables...
[    5.967785] systemd[1]: Started Journal Service.
[    6.040917] systemd-journald[547]: Received client request to flush runtime journal.
[    6.442458] sha1_sparc64: Using sparc64 sha1 opcode optimized SHA-1 implementation
[    6.446132] n2rng v0.3 (Jan 7, 2017)
[    6.446218] n2rng f029b104: Registered RNG HVAPI major 2 minor 0
[    6.446289] n2rng f029b104: Found multi-unit-capable RNG, units: 2
[    6.447127] n2rng f029b104: RNG ready
[    6.482970] ------------[ cut here ]------------
[    6.483072] WARNING: CPU: 4 PID: 619 at drivers/block/pktcdvd.c:2597 pkt_setup_dev+0x2e4/0x5a0 [pktcdvd]
[    6.483165] Attempt to register a non-SCSI queue
[    6.483216] Modules linked in: pktcdvd cdrom n2_rng rng_core flash sha1_sparc64(+) nf_tables nfnetlink ip_tables x_tables ipv6 crc_ccitt autofs4 ext4 crc16 mbcache jbd2 raid10 raid456 async_raid6_recov async_memcpy async_pq async_xor xor async_tx raid6_pq raid1 raid0 multipath linear md_mod crc32c_sparc64
[    6.483527] CPU: 4 PID: 619 Comm: pktsetup Not tainted 5.2.0-rc1-00170-g980066e6d964 #100
[    6.483607] Call Trace:
[    6.483648]  [0000000000468480] __warn+0xc0/0x100
[    6.483709]  [00000000004684f4] warn_slowpath_fmt+0x34/0x60
[    6.483782]  [0000000010217264] pkt_setup_dev+0x2e4/0x5a0 [pktcdvd]
[    6.483843]  [0000000010218d14] pkt_ctl_ioctl+0x94/0x240 [pktcdvd]
[    6.483900]  [00000000006aca10] do_vfs_ioctl+0x630/0x6e0
[    6.483947]  [00000000006acb08] ksys_ioctl+0x48/0x80
[    6.483992]  [00000000006acb54] sys_ioctl+0x14/0x40
[    6.484044]  [0000000000406294] linux_sparc_syscall+0x34/0x44
[    6.484094] irq event stamp: 3313
[    6.484137] hardirqs last  enabled at (3321): [<00000000004e0f24>] console_unlock+0x644/0x6e0
[    6.484210] hardirqs last disabled at (3328): [<00000000004e09e4>] console_unlock+0x104/0x6e0
[    6.484296] softirqs last  enabled at (3200): [<0000000000b11108>] __do_softirq+0x4a8/0x520
[    6.484375] softirqs last disabled at (3191): [<000000000042d014>] do_softirq_own_stack+0x34/0x60
[    6.484450] ---[ end trace 3f4c202abc6b9fdc ]---
[    6.485422] pktcdvd: setup of pktcdvd device failed
[    6.536276] pktcdvd: setup of pktcdvd device failed
[    6.541098] pktcdvd: setup of pktcdvd device failed
[    6.545527] pktcdvd: setup of pktcdvd device failed
[    6.547435] Adding 787176k swap on /dev/vdiska4.  Priority:-2 extents:1 across:787176k FS
[    6.549349] pktcdvd: setup of pktcdvd device failed
[    6.553269] pktcdvd: setup of pktcdvd device failed
[    6.557106] pktcdvd: setup of pktcdvd device failed
[    6.560809] pktcdvd: setup of pktcdvd device failed
[    6.656693] sha256_sparc64: Using sparc64 sha256 opcode optimized SHA-256/SHA-224 implementation
[    6.678371] EXT4-fs (vdiska1): mounting ext3 file system using the ext4 subsystem
[    6.692360] EXT4-fs (vdiska1): mounted filesystem with ordered data mode. Opts: (null)
[    6.793802] sha512_sparc64: Using sparc64 sha512 opcode optimized SHA-512/SHA-384 implementation
[    6.795178] md5_sparc64: Using sparc64 md5 opcode optimized MD5 implementation
[    6.842205] XFS (dm-0): Mounting V5 Filesystem
[    6.861050] XFS (dm-0): Ending clean mount
[    6.969326] Kernel unaligned access at TPC[84e298] aa_dfa_unpack+0x38/0x5c0
[    6.969484] Kernel unaligned access at TPC[84e2b8] aa_dfa_unpack+0x58/0x5c0
[    6.969572] Kernel unaligned access at TPC[84e380] aa_dfa_unpack+0x120/0x5c0
[    6.969655] Kernel unaligned access at TPC[84e460] aa_dfa_unpack+0x200/0x5c0
[    6.969727] Kernel unaligned access at TPC[84e474] aa_dfa_unpack+0x214/0x5c0
[    6.969960] audit: type=1400 audit(1588083068.910:2): apparmor="STATUS" operation="profile_load" profile="unconfined" name="/usr/sbin/haveged" pid=709 comm="apparmor_parser"
[    6.971059] audit: type=1400 audit(1588083068.910:3): apparmor="STATUS" operation="profile_load" profile="unconfined" name="lsb_release" pid=714 comm="apparmor_parser"
[    6.973838] audit: type=1400 audit(1588083068.920:4): apparmor="STATUS" operation="profile_load" profile="unconfined" name="/usr/sbin/named" pid=713 comm="apparmor_parser"
[    6.976513] audit: type=1400 audit(1588083068.920:5): apparmor="STATUS" operation="profile_load" profile="unconfined" name="/usr/sbin/tcpdump" pid=712 comm="apparmor_parser"
[    6.978070] audit: type=1400 audit(1588083068.920:6): apparmor="STATUS" operation="profile_load" profile="unconfined" name="nvidia_modprobe" pid=710 comm="apparmor_parser"
[    6.978182] audit: type=1400 audit(1588083068.920:7): apparmor="STATUS" operation="profile_load" profile="unconfined" name="nvidia_modprobe//kmod" pid=710 comm="apparmor_parser"
[    6.993801] audit: type=1400 audit(1588083068.940:8): apparmor="STATUS" operation="profile_load" profile="unconfined" name="/usr/bin/man" pid=711 comm="apparmor_parser"
[    6.993916] audit: type=1400 audit(1588083068.940:9): apparmor="STATUS" operation="profile_load" profile="unconfined" name="man_filter" pid=711 comm="apparmor_parser"
[    6.994023] audit: type=1400 audit(1588083068.940:10): apparmor="STATUS" operation="profile_load" profile="unconfined" name="man_groff" pid=711 comm="apparmor_parser"
[    7.469266] random: crng init done
[    7.469408] random: 7 urandom warning(s) missed due to ratelimiting
