[    0.000019] PROMLIB: Sun IEEE Boot Prom 'OBP 4.38.12 2018/03/28 14:54'
[    0.000032] PROMLIB: Root node compatible: sun4v
[    0.000079] Linux version 5.5.0-rc1-00042-g587065dcac64 (mator@ttip) (gcc version 9.2.1 20200123 (Debian 9.2.1-25)) #1355 SMP Fri Jan 31 13:54:33 MSK 2020
[    0.000399] printk: bootconsole [earlyprom0] enabled
[    0.000450] ARCH: SUN4V
[    0.000499] Ethernet address: 00:14:4f:fa:06:f2
[    0.000551] MM: PAGE_OFFSET is 0xfff8000000000000 (max_phys_bits == 47)
[    0.000617] MM: VMALLOC [0x0000000100000000 --> 0x0006000000000000]
[    0.000677] MM: VMEMMAP [0x0006000000000000 --> 0x000c000000000000]
[    0.012484] Kernel: Using 5 locked TLB entries for main kernel image.
[    0.012554] Remapping the kernel... 
[    0.012581] done.
[    0.046105] OF stdout device is: /virtual-devices@100/console@1
[    0.046176] PROM: Built device tree with 88003 bytes of memory.
[    0.046239] MDESC: Size is 36960 bytes.
[    0.046360] PLATFORM: banner-name [SPARC T5-2]
[    0.046412] PLATFORM: name [ORCL,SPARC-T5-2]
[    0.046457] PLATFORM: hostid [84fa06f2]
[    0.046501] PLATFORM: serial# [0035260e]
[    0.046543] PLATFORM: stick-frequency [3b9aca00]
[    0.046592] PLATFORM: mac-address [144ffa06f2]
[    0.046638] PLATFORM: watchdog-resolution [1000 ms]
[    0.046688] PLATFORM: watchdog-max-timeout [31536000000 ms]
[    0.046743] PLATFORM: max-cpus [1024]
[    0.046841] Top of RAM: 0x24af938000, Total RAM: 0x87f354000
[    0.046902] Memory hole size: 115461MB
[    0.051554] Allocated 40960 bytes for kernel page tables.
[    0.051641] Zone ranges:
[    0.051680]   Normal   [mem 0x0000000030400000-0x00000024af937fff]
[    0.051745] Movable zone start for each node
[    0.051789] Early memory node ranges
[    0.051831]   node   0: [mem 0x0000000030400000-0x000000006fe7ffff]
[    0.051893]   node   0: [mem 0x000000006ff00000-0x000000006ff25fff]
[    0.051953]   node   0: [mem 0x0000000070000000-0x000000042fffffff]
[    0.052015]   node   0: [mem 0x0000002030000000-0x00000024af87ffff]
[    0.052077]   node   0: [mem 0x00000024af900000-0x00000024af925fff]
[    0.052137]   node   0: [mem 0x00000024af930000-0x00000024af937fff]
[    0.059526] Zeroed struct page in unavailable ranges: 230130 pages
[    0.059535] Initmem setup node 0 [mem 0x0000000030400000-0x00000024af937fff]
[    0.059695] On node 0 totalpages: 4454826
[    0.059704]   Normal zone: 39154 pages used for memmap
[    0.059710]   Normal zone: 0 pages reserved
[    0.059715]   Normal zone: 4454826 pages, LIFO batch:31
[    0.070521] Booting Linux...
[    0.070604] CPU CAPS: [flush,stbar,swap,muldiv,v9,blkinit,n2,mul32]
[    0.070687] CPU CAPS: [div32,v8plus,popc,vis,vis2,ASIBlkInit,fmaf,vis3]
[    0.072770] CPU CAPS: [hpc,ima,pause,cbcond,aes,des,kasumi,camellia]
[    0.072844] CPU CAPS: [md5,sha1,sha256,sha512,mpmul,montmul,montsqr,crc32c]
[    0.102746] percpu: Embedded 27 pages/cpu s182024 r8192 d30968 u262144
[    0.102974] pcpu-alloc: s182024 r8192 d30968 u262144 alloc=1*4194304
[    0.102982] pcpu-alloc: [0] 000 001 002 003 004 005 006 007 008 009 010 011 012 013 014 015 
[    0.103009] pcpu-alloc: [0] 016 017 018 019 020 021 022 023 024 025 026 027 028 029 030 031 
[    0.103036] pcpu-alloc: [0] 032 033 034 035 036 037 038 039 040 041 042 043 044 045 046 047 
[    0.103063] pcpu-alloc: [0] 048 049 050 051 052 053 054 055 056 057 058 059 060 061 062 063 
[    0.103090] pcpu-alloc: [0] 064 065 066 067 068 069 070 071 072 073 074 075 076 077 078 079 
[    0.103116] pcpu-alloc: [0] 080 081 082 083 084 085 086 087 088 089 090 091 092 093 094 095 
[    0.103143] pcpu-alloc: [0] 096 097 098 099 100 101 102 103 104 105 106 107 108 109 110 111 
[    0.103170] pcpu-alloc: [0] 112 113 114 115 116 117 118 119 120 121 122 123 124 125 126 127 
[    0.103692] SUN4V: Mondo queue sizes [cpu(131072) dev(16384) r(8192) nr(256)]
[    0.104066] Built 1 zonelists, mobility grouping on.  Total pages: 4415672
[    0.104155] Kernel command line: BOOT_IMAGE=/vmlinux-5.5.0-rc1-00042-g587065dcac64 root=/dev/vdiska2 ro zswap.enabled=1
[    0.106564] printk: log_buf_len individual max cpu contribution: 4096 bytes
[    0.106634] printk: log_buf_len total cpu_extra contributions: 520192 bytes
[    0.106701] printk: log_buf_len min size: 131072 bytes
[    0.106970] printk: log_buf_len: 1048576 bytes
[    0.107021] printk: early log buf free: 126640(96%)
[    0.113338] Dentry cache hash table entries: 8388608 (order: 13, 67108864 bytes, linear)
[    0.116572] Inode-cache hash table entries: 4194304 (order: 12, 33554432 bytes, linear)
[    0.116649] Sorting __ex_table...
[    0.116886] mem auto-init: stack:off, heap alloc:off, heap free:off
[    0.176369] Memory: 1305232K/35638608K available (7600K kernel code, 973K rwdata, 2272K rodata, 704K init, 6742K bss, 508824K reserved, 0K cma-reserved)
[    0.177044] SLUB: HWalign=32, Order=0-3, MinObjects=0, CPUs=128, Nodes=1
[    0.177348] ftrace: allocating 21320 entries in 42 pages
[    0.185494] ftrace: allocated 42 pages with 3 groups
[    0.188325] Running RCU self tests
[    0.188371] rcu: Hierarchical RCU implementation.
[    0.188420] rcu: 	RCU event tracing is enabled.
[    0.188469] rcu: 	RCU lockdep checking is enabled.
[    0.188518] 	Tasks RCU enabled.
[    0.188556] rcu: RCU calculated value of scheduler-enlistment delay is 10 jiffies.
[    0.192814] NR_IRQS: 2048, nr_irqs: 2048, preallocated irqs: 1
[    0.192890] SUN4V: Using IRQ API major 3, cookie only virqs enabled
[    0.195301] clocksource: stick: mask: 0xffffffffffffffff max_cycles: 0x1cd42e4dffb, max_idle_ns: 881590591483 ns
[    0.195430] clocksource: mult[800000] shift[23]
[    0.195479] clockevent: mult[80000000] shift[31]
[    0.196004] Console: colour dummy device 80x25
[    0.196064] printk: console [tty0] enabled
[    0.196139] printk: bootconsole [earlyprom0] disabled
[    0.196223] Lock dependency validator: Copyright (c) 2006 Red Hat, Inc., Ingo Molnar
[    0.196271] ... MAX_LOCKDEP_SUBCLASSES:  8
[    0.196301] ... MAX_LOCK_DEPTH:          48
[    0.196331] ... MAX_LOCKDEP_KEYS:        8192
[    0.196361] ... CLASSHASH_SIZE:          4096
[    0.196392] ... MAX_LOCKDEP_ENTRIES:     16384
[    0.196423] ... MAX_LOCKDEP_CHAINS:      32768
[    0.196454] ... CHAINHASH_SIZE:          16384
[    0.196485]  memory used by lock dependency info: 3855 kB
[    0.196521]  memory used for stack traces: 2112 kB
[    0.196553]  per task-struct memory footprint: 1920 bytes
[    0.345698] Calibrating delay using timer specific routine.. 2003.78 BogoMIPS (lpj=10018948)
[    0.345755] pid_max: default: 131072 minimum: 1024
[    0.346019] LSM: Security Framework initializing
[    0.346158] AppArmor: AppArmor initialized
[    0.346425] Mount-cache hash table entries: 131072 (order: 7, 1048576 bytes, linear)
[    0.346590] Mountpoint-cache hash table entries: 131072 (order: 7, 1048576 bytes, linear)
[    0.346719] *** VALIDATE tmpfs ***
[    0.347578] *** VALIDATE proc ***
[    0.348077] *** VALIDATE cgroup1 ***
[    0.348109] *** VALIDATE cgroup2 ***
[    0.350171] rcu: Hierarchical SRCU implementation.
[    0.358080] smp: Bringing up secondary CPUs ...
[    0.401133] smp: Brought up 1 node, 32 CPUs
[    0.592402] node 0 initialised, 4228069 pages in 190ms
[    0.593734] devtmpfs: initialized
[    0.598368] Performance events: 
[    0.598411] Testing NMI watchdog ... 
[    0.798480] OK.
[    0.798582] Supported PMU type is 'niagara5'
[    0.798764] random: get_random_u32 called from bucket_table_alloc.isra.0+0x188/0x1c0 with crng_init=0
[    0.799370] ldc.c:v1.1 (July 22, 2008)
[    0.801664] clocksource: jiffies: mask: 0xffffffff max_cycles: 0xffffffff, max_idle_ns: 19112604462750000 ns
[    0.801751] futex hash table entries: 32768 (order: 9, 4194304 bytes, linear)
[    0.806779] NET: Registered protocol family 16
[    0.815159] VIO: Adding device channel-devices (tx_ino = ffffffffffffffff, rx_ino = ffffffffffffffff)
[    0.815369] VIO: Adding device vnet-port-0-0 (tx_ino = 0, rx_ino = 1)
[    0.815569] VIO: Adding device vnet-port-0-1 (tx_ino = 2, rx_ino = 3)
[    0.815737] VIO: Adding device vnet-port-0-2 (tx_ino = 4, rx_ino = 5)
[    0.815909] VIO: Adding device vnet-port-0-4 (tx_ino = 8, rx_ino = 9)
[    0.816075] VIO: Adding device vnet-port-0-5 (tx_ino = a, rx_ino = b)
[    0.816241] VIO: Adding device vnet-port-0-6 (tx_ino = c, rx_ino = d)
[    0.816406] VIO: Adding device vdc-port-3-0 (tx_ino = e, rx_ino = f)
[    0.816576] VIO: Adding device vdc-port-2-0 (tx_ino = 10, rx_ino = 11)
[    0.816742] VIO: Adding device vdc-port-1-0 (tx_ino = 12, rx_ino = 13)
[    0.816906] VIO: Adding device vdc-port-0-0 (tx_ino = 14, rx_ino = 15)
[    0.817076] VIO: Adding device vdc-port-4-0 (tx_ino = 16, rx_ino = 17)
[    0.817243] VIO: Adding device vlds-port-0-0 (tx_ino = 18, rx_ino = 19)
[    0.817412] VIO: Adding device domain-services-port-0 (tx_ino = 18, rx_ino = 19)
[    0.817698] audit: initializing netlink subsys (disabled)
[    0.817960] audit: type=2000 audit(0.420:1): state=initialized audit_enabled=0 res=1
[    0.842727] HugeTLB registered 64.0 KiB page size, pre-allocated 0 pages
[    0.842774] HugeTLB registered 8.00 MiB page size, pre-allocated 0 pages
[    0.842819] HugeTLB registered 256 MiB page size, pre-allocated 0 pages
[    0.842864] HugeTLB registered 2.00 GiB page size, pre-allocated 0 pages
[    0.844474] alg: extra crypto tests enabled.  This is intended for developer use only.
[    0.869610] cryptd: max_cpu_qlen set to 1000
[    0.967452] NetLabel: Initializing
[    0.967483] NetLabel:  domain hash size = 128
[    0.967515] NetLabel:  protocols = UNLABELED CIPSOv4 CALIPSO
[    0.967647] NetLabel:  unlabeled traffic allowed by default
[    0.968579] SUN4V: Reboot data supported (maj=1,min=0).
[    0.968970] ds.c:v1.0 (Jul 11, 2007)
[    0.969292] ds-0: ds_conn_reset() from send_events.isra.0
[    0.970745] clocksource: Switched to clocksource stick
[    1.167559] *** VALIDATE bpf ***
[    1.168807] VFS: Disk quotas dquot_6.6.0
[    1.168935] VFS: Dquot-cache hash table entries: 1024 (order 0, 8192 bytes)
[    1.169148] *** VALIDATE ramfs ***
[    1.169197] *** VALIDATE hugetlbfs ***
[    1.170693] AppArmor: AppArmor Filesystem Enabled
[    1.184211] NET: Registered protocol family 2
[    1.185859] tcp_listen_portaddr_hash hash table entries: 32768 (order: 8, 2359296 bytes, linear)
[    1.188747] TCP established hash table entries: 524288 (order: 9, 4194304 bytes, linear)
[    1.190763] TCP bind hash table entries: 65536 (order: 9, 4194304 bytes, linear)
[    1.196850] TCP: Hash tables configured (established 524288 bind 65536)
[    1.199229] UDP hash table entries: 32768 (order: 9, 5242880 bytes, linear)
[    1.205511] UDP-Lite hash table entries: 32768 (order: 9, 5242880 bytes, linear)
[    1.213313] NET: Registered protocol family 1
[    1.213374] NET: Registered protocol family 44
[    1.213900] Trying to unpack rootfs image as initramfs...
[    1.407991] Freeing initrd memory: 14776K
[    1.408853] aes_sparc64: Using sparc64 aes opcodes optimized AES implementation
[    1.674763] des_sparc64: Using sparc64 des opcodes optimized DES implementation
[    2.139195] camellia_sparc64: Using sparc64 camellia opcodes optimized CAMELLIA implementation
[    2.318182] workingset: timestamp_bits=46 max_order=23 bucket_order=0
[    2.338922] SGI XFS with ACLs, security attributes, quota, fatal assert, debug enabled
[    2.344871] *** VALIDATE xfs ***
[    2.358796] Block layer SCSI generic (bsg) driver version 0.4 loaded (major 252)
[    2.359564] io scheduler mq-deadline registered
[    2.362193] f029b788: ttyHV0 at I/O 0x0 (irq = 1, base_baud = 115200) is a SUN4V HCONS
[    2.369002] printk: console [ttyHV0] enabled
[    2.372521] sunvdc.c:v1.2 (November 24, 2014)
[    2.374172] sunvdc: Virtual CDROM vdiskd
[    2.374214] sunvdc: vdiskd: 403160 sectors (196 MB) protocol 1.2
[    2.375873]  vdiskd: vdiskd1 vdiskd2 vdiskd3 vdiskd4 vdiskd5 vdiskd6 vdiskd7
[    2.396069] sunvdc: Virtual Hard disk vdiskc
[    2.396109] sunvdc: vdiskc: 104857600 sectors (51200 MB) protocol 1.2
[    2.415081] sunvdc: Virtual Hard disk vdiskb
[    2.415121] sunvdc: vdiskb: 62914560 sectors (30720 MB) protocol 1.2
[    2.416279]  vdiskb: vdiskb1
[    2.434270] sunvdc: Virtual Hard disk vdiska
[    2.434309] sunvdc: vdiska: 31457280 sectors (15360 MB) protocol 1.2
[    2.435609]  vdiska: vdiska1 vdiska2 vdiska3 vdiska4
[    2.454760] sunvdc: Virtual Hard disk vdiske
[    2.454800] sunvdc: vdiske: 20971520 sectors (10240 MB) protocol 1.2
[    2.456107]  vdiske: vdiske1 vdiske2
[    2.473343] sunvnet: sunvnet 2.0 (February 3, 2017)
[    2.475529] vnet_port vnet-port-0-0 eth0: Sun LDOM vnet 00:14:4f:f8:12:a3
[    2.475743] sunvnet: eth0: PORT ( remote-mac 00:14:4f:fa:f3:f0 switch-port )
[    2.476328] sunvnet: eth0: PORT ( remote-mac 00:14:4f:f8:e5:f3 )
[    2.476898] sunvnet: eth0: PORT ( remote-mac 00:14:4f:f9:b4:97 )
[    2.477468] sunvnet: eth0: PORT ( remote-mac 00:14:4f:f8:3f:1e )
[    2.478051] sunvnet: eth0: PORT ( remote-mac 00:14:4f:f8:fe:47 )
[    2.478628] sunvnet: eth0: PORT ( remote-mac 00:14:4f:f9:8b:83 )
[    2.479868] rtc-sun4v rtc-sun4v: registered as rtc0
[    2.480394] sun4v_wdt: initialized (timeout=60s, nowayout=0)
[    2.480820] device-mapper: uevent: version 1.0.3
[    2.481783] device-mapper: ioctl: 4.41.0-ioctl (2019-09-16) initialised: dm-devel@redhat.com
[    2.482755] NET: Registered protocol family 17
[    2.483325] registered taskstats version 1
[    2.490833] zswap: default zpool zbud not available
[    2.490887] zswap: pool creation failed
[    2.694561] Key type big_key registered
[    2.694617] AppArmor: AppArmor sha1 policy hashing enabled
[    2.695346] rtc-sun4v rtc-sun4v: setting system clock to 2020-01-31T11:07:13 UTC (1580468833)
[    2.699620] This architecture does not have kernel memory protection.
[    2.699667] Run /init as init process
[    3.205779] random: fast init done
[    3.207652] crc32c_sparc64: Using sparc64 crc32c opcode optimized CRC32C implementation
[    3.247279] md127: WARNING: vdiske1 appears to be on the same physical disk as vdiske2.
[    3.247394] True protection against single-disk failure might be compromised.
[    3.248227] md/raid1:md127: active with 2 out of 2 mirrors
[    3.248535] md127: detected capacity change from 0 to 26148864
[    3.790721] raid6: int64x8  gen()  2174 MB/s
[    3.960689] raid6: int64x8  xor()  1570 MB/s
[    4.130699] raid6: int64x4  gen()  3475 MB/s
[    4.300692] raid6: int64x4  xor()  2004 MB/s
[    4.470700] raid6: int64x2  gen()  2866 MB/s
[    4.640705] raid6: int64x2  xor()  1996 MB/s
[    4.810717] raid6: int64x1  gen()  2853 MB/s
[    4.980691] raid6: int64x1  xor()  1624 MB/s
[    4.980727] raid6: using algorithm int64x4 gen() 3475 MB/s
[    4.980767] raid6: .... xor() 2004 MB/s, rmw enabled
[    4.980804] raid6: using intx1 recovery algorithm
[    4.981709] async_tx: api initialized (async)
[    4.982292] xor: automatically using best checksumming function   Niagara   
[    5.147310] EXT4-fs (vdiska2): mounted filesystem with ordered data mode. Opts: (null)
[    5.361597] systemd[1]: Inserted module 'autofs4'
[    5.374068] NET: Registered protocol family 10
[    5.380051] Segment Routing with IPv6
[    5.399243] systemd[1]: systemd 244.1-1 running in system mode. (+PAM +AUDIT +SELINUX +IMA +APPARMOR +SMACK +SYSVINIT +UTMP +LIBCRYPTSETUP +GCRYPT +GNUTLS +ACL +XZ +LZ4 -SECCOMP +BLKID +ELFUTILS +KMOD +IDN2 -IDN +PCRE2 default-hierarchy=hybrid)
[    5.399839] systemd[1]: Detected architecture sparc64.
[    5.465126] systemd[1]: Set hostname to <ttip>.
[    5.475205] systemd[1]: Couldn't move remaining userspace processes, ignoring: Input/output error
[    5.541202] random: lvmconfig: uninitialized urandom read (4 bytes read)
[    5.783579] systemd[1]: /lib/systemd/system/dbus.socket:5: ListenStream= references a path below legacy directory /var/run/, updating /var/run/dbus/system_bus_socket â†’ /run/dbus/system_bus_socket; please update the unit file accordingly.
[    5.845613] systemd[1]: haveged.service: Found ordering cycle on systemd-tmpfiles-setup.service/start
[    5.845688] systemd[1]: haveged.service: Found dependency on systemd-journald.service/start
[    5.845755] systemd[1]: haveged.service: Found dependency on haveged.service/start
[    5.845819] systemd[1]: haveged.service: Job systemd-tmpfiles-setup.service/start deleted to break ordering cycle starting with haveged.service/start
[    5.848022] random: systemd: uninitialized urandom read (16 bytes read)
[    5.858574] systemd[1]: Created slice system-getty.slice.
[    5.858999] random: systemd: uninitialized urandom read (16 bytes read)
[    5.862548] systemd[1]: Created slice system-openvpn\x2dclient.slice.
[    5.866382] systemd[1]: Created slice system-postfix.slice.
[    5.872081] systemd[1]: Created slice system-systemd\x2dfsck.slice.
[    5.875818] systemd[1]: Created slice User and Session Slice.
[    5.876698] systemd[1]: Started Dispatch Password Requests to Console Directory Watch.
[    5.877497] systemd[1]: Started Forward Password Requests to Wall Directory Watch.
[    5.879579] systemd[1]: Set up automount Arbitrary Executable File Formats File System Automount Point.
[    5.880125] systemd[1]: Reached target Local Encrypted Volumes.
[    5.880593] systemd[1]: Reached target Paths.
[    5.881056] systemd[1]: Reached target Remote File Systems.
[    5.881488] systemd[1]: Reached target Slices.
[    5.882380] systemd[1]: Listening on Device-mapper event daemon FIFOs.
[    5.883415] systemd[1]: Listening on LVM2 poll daemon socket.
[    5.885463] systemd[1]: Listening on Syslog Socket.
[    5.886427] systemd[1]: Listening on fsck to fsckd communication Socket.
[    5.887172] systemd[1]: Listening on initctl Compatibility Named Pipe.
[    5.888358] systemd[1]: Listening on Journal Audit Socket.
[    5.889327] systemd[1]: Listening on Journal Socket (/dev/log).
[    5.890478] systemd[1]: Listening on Journal Socket.
[    5.891572] systemd[1]: Listening on udev Control Socket.
[    5.892380] systemd[1]: Listening on udev Kernel Socket.
[    5.900973] systemd[1]: Mounting Huge Pages File System...
[    5.909422] systemd[1]: Mounting POSIX Message Queue File System...
[    5.918689] systemd[1]: Mounting Kernel Debug File System...
[    5.926914] systemd[1]: Starting Availability of block devices...
[    5.939042] systemd[1]: Starting Wait for network to be configured by ifupdown...
[    5.947392] systemd[1]: Starting Create list of static device nodes for the current kernel...
[    5.956659] systemd[1]: Starting Monitoring of LVM2 mirrors, snapshots etc. using dmeventd or progress polling...
[    5.964930] systemd[1]: Starting nftables...
[    5.966510] systemd[1]: Condition check resulted in Set Up Additional Binary Formats being skipped.
[    5.966725] systemd[1]: Condition check resulted in File System Check on Root Device being skipped.
[    5.975542] systemd[1]: Starting Load Kernel Modules...
[    5.984748] systemd[1]: Starting Remount Root and Kernel File Systems...
[    5.996644] systemd[1]: Starting udev Coldplug all Devices...
[    6.006397] systemd[1]: Mounted Huge Pages File System.
[    6.008532] systemd[1]: Mounted POSIX Message Queue File System.
[    6.010643] systemd[1]: Mounted Kernel Debug File System.
[    6.021395] systemd[1]: Started Availability of block devices.
[    6.030087] systemd[1]: Started Wait for network to be configured by ifupdown.
[    6.038597] systemd[1]: Started Create list of static device nodes for the current kernel.
[    6.040391] EXT4-fs (vdiska2): re-mounted. Opts: errors=remount-ro
[    6.050893] systemd[1]: Started Load Kernel Modules.
[    6.052799] systemd[1]: Condition check resulted in FUSE Control File System being skipped.
[    6.053182] systemd[1]: Condition check resulted in Kernel Configuration File System being skipped.
[    6.062270] systemd[1]: Starting Apply Kernel Variables...
[    6.078736] systemd[1]: Started Remount Root and Kernel File Systems.
[    6.090046] systemd[1]: Starting Initial Check File System Quotas...
[    6.091552] systemd[1]: Condition check resulted in Rebuild Hardware Database being skipped.
[    6.099782] systemd[1]: Starting Load/Save Random Seed...
[    6.109394] systemd[1]: Starting Create System Users...
[    6.116653] systemd[1]: Started Apply Kernel Variables.
[    6.159575] systemd[1]: Started Create System Users.
[    6.169181] systemd[1]: Starting Create Static Device Nodes in /dev...
[    6.179321] systemd[1]: Started Initial Check File System Quotas.
[    6.222280] systemd[1]: Started Create Static Device Nodes in /dev.
[    6.232103] systemd[1]: Starting udev Kernel Device Manager...
[    6.296975] systemd[1]: Started udev Kernel Device Manager.
[    6.352380] systemd[1]: Started Monitoring of LVM2 mirrors, snapshots etc. using dmeventd or progress polling.
[    6.353368] systemd[1]: Reached target Local File Systems (Pre).
[    6.494071] sha1_sparc64: Using sparc64 sha1 opcode optimized SHA-1 implementation
[    6.494802] n2rng v0.3 (Jan 7, 2017)
[    6.494981] n2rng f029b104: Registered RNG HVAPI major 2 minor 0
[    6.495136] n2rng f029b104: Found multi-unit-capable RNG, units: 2
[    6.496980] n2rng f029b104: RNG ready
[    6.535914] systemd[1]: Found device /dev/vdiska1.
[    6.542418] systemd[1]: Found device /dev/disk/by-label/swapvol1.
[    6.542850] pktcdvd: setup of pktcdvd device failed
[    6.555276] systemd[1]: Started udev Coldplug all Devices.
[    6.586415] systemd[1]: Created slice system-lvm2\x2dpvscan.slice.
[    6.594662] pktcdvd: setup of pktcdvd device failed
[    6.598570] pktcdvd: setup of pktcdvd device failed
[    6.601421] systemd[1]: Activating swap /dev/disk/by-label/swapvol1...
[    6.602546] pktcdvd: setup of pktcdvd device failed
[    6.605736] pktcdvd: setup of pktcdvd device failed
[    6.609641] pktcdvd: setup of pktcdvd device failed
[    6.613201] pktcdvd: setup of pktcdvd device failed
[    6.615011] systemd[1]: Starting Helper to synchronize boot up for ifupdown...
[    6.617392] pktcdvd: setup of pktcdvd device failed
[    6.626629] systemd[1]: Starting LVM event activation on device 254:16...
[    6.637580] systemd[1]: Starting File System Check on /dev/vdiska1...
[    6.682400] systemd[1]: Started File System Check Daemon to report status.
[    6.704034] systemd[1]: Started MD array monitor.
[    6.722529] sha256_sparc64: Using sparc64 sha256 opcode optimized SHA-256/SHA-224 implementation
[    6.760947] Adding 787176k swap on /dev/vdiska4.  Priority:-2 extents:1 across:787176k FS
[    6.768229] systemd[1]: Activated swap /dev/disk/by-label/swapvol1.
[    6.772373] systemd[1]: Reached target Swap.
[    6.781466] systemd[1]: Mounting /tmp...
[    6.787426] systemd[1]: Started File System Check on /dev/vdiska1.
[    6.796516] systemd[1]: Found device /dev/ttipvg1/vol1.
[    6.805352] systemd[1]: Mounting /boot...
[    6.813332] systemd[1]: Starting File System Check on /dev/ttipvg1/vol1...
[    6.818095] systemd[1]: Mounted /tmp.
[    6.826362] EXT4-fs (vdiska1): mounting ext3 file system using the ext4 subsystem
[    6.837531] systemd[1]: Starting Network Time Synchronization...
[    6.843360] EXT4-fs (vdiska1): mounted filesystem with ordered data mode. Opts: (null)
[    6.843596] ext3 filesystem being mounted at /boot supports timestamps until 2038 (0x7fffffff)
[    6.848835] systemd[1]: Mounted /boot.
[    6.870495] sha512_sparc64: Using sparc64 sha512 opcode optimized SHA-512/SHA-384 implementation
[    6.872629] md5_sparc64: Using sparc64 md5 opcode optimized MD5 implementation
[    6.885582] systemd[1]: Started File System Check on /dev/ttipvg1/vol1.
[    6.896849] systemd[1]: Mounting /1...
[    6.919110] XFS (dm-0): Mounting V5 Filesystem
[    6.938095] XFS (dm-0): Ending clean mount
[    6.940413] xfs filesystem being mounted at /1 supports timestamps until 2038 (0x7fffffff)
[    6.947582] systemd[1]: Mounted /1.
[    6.949222] systemd[1]: Reached target Local File Systems.
[    6.960041] systemd[1]: Starting Load AppArmor profiles...
[    6.970814] systemd[1]: Starting Security Auditing Service...
[    6.981715] systemd[1]: Starting Enable support for additional executable binary formats...
[    6.982844] systemd[1]: Condition check resulted in Mark the need to relabel after reboot being skipped.
[    6.983298] systemd[1]: Condition check resulted in Commit a transient machine-id on disk being skipped.
[    6.996204] systemd[1]: proc-sys-fs-binfmt_misc.automount: Got automount request for /proc/sys/fs/binfmt_misc, triggered by 721 (update-binfmts)
[    7.007652] systemd[1]: Mounting Arbitrary Executable File Formats File System...
[    7.021708] systemd[1]: Started Network Time Synchronization.
[    7.023593] systemd[1]: Reached target System Time Set.
[    7.024091] systemd[1]: Reached target System Time Synchronized.
[    7.038789] systemd[1]: Mounted Arbitrary Executable File Formats File System.
[    7.051442] Kernel unaligned access at TPC[8839b8] aa_dfa_unpack+0x38/0x5c0
[    7.051579] Kernel unaligned access at TPC[8839d8] aa_dfa_unpack+0x58/0x5c0
[    7.051663] Kernel unaligned access at TPC[883aa0] aa_dfa_unpack+0x120/0x5c0
[    7.051748] Kernel unaligned access at TPC[883b80] aa_dfa_unpack+0x200/0x5c0
[    7.051827] Kernel unaligned access at TPC[883b94] aa_dfa_unpack+0x214/0x5c0
[    7.073130] systemd[1]: Started Security Auditing Service.
[    7.080869] systemd[1]: Started Helper to synchronize boot up for ifupdown.
[    7.092229] systemd[1]: Starting Update UTMP about System Boot/Shutdown...
[    7.098109] systemd[1]: Started Load AppArmor profiles.
[    7.112524] systemd[1]: Started Entropy Daemon based on the HAVEGE algorithm.
[    7.126984] systemd[1]: Starting Journal Service...
[    7.132909] systemd[1]: Started LVM event activation on device 254:16.
[    7.139240] systemd[1]: Started Enable support for additional executable binary formats.
[    7.161086] systemd[1]: Started Update UTMP about System Boot/Shutdown.
[    7.210531] systemd[1]: Started nftables.
[    7.211527] systemd[1]: Reached target Network (Pre).
[    7.220012] systemd[1]: Starting Raise network interfaces...
[    7.227943] systemd[1]: Started Journal Service.
[    7.397279] systemd-journald[759]: Received client request to flush runtime journal.
[    7.745765] random: crng init done
[    7.745819] random: 7 urandom warning(s) missed due to ratelimiting
