[    0.000021] PROMLIB: Sun IEEE Boot Prom 'OBP 4.38.12 2018/03/28 14:54'
[    0.000033] PROMLIB: Root node compatible: sun4v
[    0.000082] Linux version 5.9.0-00304-gf5f59336a9ae (mator@ttip) (gcc (Debian 10.2.0-15) 10.2.0, GNU ld (GNU Binutils for Debian) 2.35.1) #101 SMP Wed Oct 21 13:00:16 MSK 2020
[    0.000421] printk: bootconsole [earlyprom0] enabled
[    0.000471] ARCH: SUN4V
[    0.000522] Ethernet address: 00:14:4f:fa:06:f2
[    0.000574] MM: PAGE_OFFSET is 0xfff8000000000000 (max_phys_bits == 47)
[    0.000638] MM: VMALLOC [0x0000000100000000 --> 0x0006000000000000]
[    0.000699] MM: VMEMMAP [0x0006000000000000 --> 0x000c000000000000]
[    0.013041] Kernel: Using 5 locked TLB entries for main kernel image.
[    0.013109] Remapping the kernel... 
[    0.013131] done.
[    0.046035] OF stdout device is: /virtual-devices@100/console@1
[    0.046099] PROM: Built device tree with 86758 bytes of memory.
[    0.046158] MDESC: Size is 36512 bytes.
[    0.046271] PLATFORM: banner-name [SPARC T5-2]
[    0.046321] PLATFORM: name [ORCL,SPARC-T5-2]
[    0.046365] PLATFORM: hostid [84fa06f2]
[    0.046407] PLATFORM: serial# [0035260e]
[    0.046448] PLATFORM: stick-frequency [3b9aca00]
[    0.046497] PLATFORM: mac-address [144ffa06f2]
[    0.046542] PLATFORM: watchdog-resolution [1000 ms]
[    0.046594] PLATFORM: watchdog-max-timeout [31536000000 ms]
[    0.046646] PLATFORM: max-cpus [1024]
[    0.051390] Allocated 40960 bytes for kernel page tables.
[    0.051479] Zone ranges:
[    0.051518]   Normal   [mem 0x0000000030400000-0x00000024af937fff]
[    0.051581] Movable zone start for each node
[    0.051625] Early memory node ranges
[    0.051666]   node   0: [mem 0x0000000030400000-0x000000006fe7ffff]
[    0.051727]   node   0: [mem 0x000000006ff00000-0x000000006ff25fff]
[    0.051788]   node   0: [mem 0x0000000070000000-0x000000042fffffff]
[    0.051852]   node   0: [mem 0x0000002030000000-0x00000024af87ffff]
[    0.051912]   node   0: [mem 0x00000024af900000-0x00000024af925fff]
[    0.051971]   node   0: [mem 0x00000024af930000-0x00000024af937fff]
[    0.065910] Zeroed struct page in unavailable ranges: 263766 pages
[    0.065920] Initmem setup node 0 [mem 0x0000000030400000-0x00000024af937fff]
[    0.066079] On node 0 totalpages: 4454826
[    0.066089]   Normal zone: 39154 pages used for memmap
[    0.066093]   Normal zone: 0 pages reserved
[    0.066099]   Normal zone: 4454826 pages, LIFO batch:31
[    0.225089] Booting Linux...
[    0.225176] CPU CAPS: [flush,stbar,swap,muldiv,v9,blkinit,n2,mul32]
[    0.225259] CPU CAPS: [div32,v8plus,popc,vis,vis2,ASIBlkInit,fmaf,vis3]
[    0.226338] CPU CAPS: [hpc,ima,pause,cbcond,aes,des,kasumi,camellia]
[    0.226409] CPU CAPS: [md5,sha1,sha256,sha512,mpmul,montmul,montsqr,crc32c]
[    0.256220] percpu: Embedded 28 pages/cpu s184784 r8192 d36400 u262144
[    0.256433] pcpu-alloc: s184784 r8192 d36400 u262144 alloc=1*4194304
[    0.256439] pcpu-alloc: [0] 000 001 002 003 004 005 006 007 008 009 010 011 012 013 014 015 
[    0.256465] pcpu-alloc: [0] 016 017 018 019 020 021 022 023 024 025 026 027 028 029 030 031 
[    0.256490] pcpu-alloc: [0] 032 033 034 035 036 037 038 039 040 041 042 043 044 045 046 047 
[    0.256516] pcpu-alloc: [0] 048 049 050 051 052 053 054 055 056 057 058 059 060 061 062 063 
[    0.256541] pcpu-alloc: [0] 064 065 066 067 068 069 070 071 072 073 074 075 076 077 078 079 
[    0.256566] pcpu-alloc: [0] 080 081 082 083 084 085 086 087 088 089 090 091 092 093 094 095 
[    0.256591] pcpu-alloc: [0] 096 097 098 099 100 101 102 103 104 105 106 107 108 109 110 111 
[    0.256617] pcpu-alloc: [0] 112 113 114 115 116 117 118 119 120 121 122 123 124 125 126 127 
[    0.257056] SUN4V: Mondo queue sizes [cpu(131072) dev(16384) r(8192) nr(256)]
[    0.257430] Built 1 zonelists, mobility grouping on.  Total pages: 4415672
[    0.257499] Policy zone: Normal
[    0.257555] Kernel command line: BOOT_IMAGE=/vmlinux-5.9.0-00304-gf5f59336a9ae root=/dev/vdiska2 ro zswap.enabled=1
[    0.260218] printk: log_buf_len individual max cpu contribution: 4096 bytes
[    0.260288] printk: log_buf_len total cpu_extra contributions: 520192 bytes
[    0.260355] printk: log_buf_len min size: 131072 bytes
[    0.260625] printk: log_buf_len: 1048576 bytes
[    0.260677] printk: early log buf free: 126696(96%)
[    0.266988] Dentry cache hash table entries: 8388608 (order: 13, 67108864 bytes, linear)
[    0.270220] Inode-cache hash table entries: 4194304 (order: 12, 33554432 bytes, linear)
[    0.270296] Sorting __ex_table...
[    0.270523] mem auto-init: stack:off, heap alloc:off, heap free:off
[    0.376151] Memory: 35127728K/35638608K available (8329K kernel code, 1094K rwdata, 2480K rodata, 680K init, 6856K bss, 510880K reserved, 0K cma-reserved)
[    0.376845] SLUB: HWalign=32, Order=0-3, MinObjects=0, CPUs=128, Nodes=32
[    0.377130] ftrace: allocating 23123 entries in 46 pages
[    0.385883] ftrace: allocated 46 pages with 4 groups
[    0.388763] Running RCU self tests
[    0.389152] rcu: Hierarchical RCU implementation.
[    0.389204] rcu: 	RCU event tracing is enabled.
[    0.389250] rcu: 	RCU lockdep checking is enabled.
[    0.389301] 	Trampoline variant of Tasks RCU enabled.
[    0.389352] 	Rude variant of Tasks RCU enabled.
[    0.389398] 	Tracing variant of Tasks RCU enabled.
[    0.389448] rcu: RCU calculated value of scheduler-enlistment delay is 10 jiffies.
[    0.393906] NR_IRQS: 2048, nr_irqs: 2048, preallocated irqs: 1
[    0.393983] SUN4V: Using IRQ API major 3, cookie only virqs enabled
[    0.396454] clocksource: stick: mask: 0xffffffffffffffff max_cycles: 0x1cd42e4dffb, max_idle_ns: 881590591483 ns
[    0.396586] clocksource: mult[800000] shift[23]
[    0.396636] clockevent: mult[80000000] shift[31]
[    0.397035] Console: colour dummy device 80x25
[    0.397099] printk: console [tty0] enabled
[    0.397178] printk: bootconsole [earlyprom0] disabled
[    0.397267] Lock dependency validator: Copyright (c) 2006 Red Hat, Inc., Ingo Molnar
[    0.397320] ... MAX_LOCKDEP_SUBCLASSES:  8
[    0.397353] ... MAX_LOCK_DEPTH:          48
[    0.397386] ... MAX_LOCKDEP_KEYS:        8192
[    0.397419] ... CLASSHASH_SIZE:          4096
[    0.397453] ... MAX_LOCKDEP_ENTRIES:     16384
[    0.397487] ... MAX_LOCKDEP_CHAINS:      32768
[    0.397521] ... CHAINHASH_SIZE:          16384
[    0.397555]  memory used by lock dependency info: 3919 kB
[    0.397594]  memory used for stack traces: 2112 kB
[    0.397630]  per task-struct memory footprint: 1920 bytes
[    0.546852] Calibrating delay using timer specific routine.. 2003.16 BogoMIPS (lpj=10015822)
[    0.546915] pid_max: default: 131072 minimum: 1024
[    0.547219] LSM: Security Framework initializing
[    0.547380] AppArmor: AppArmor initialized
[    0.547684] Mount-cache hash table entries: 131072 (order: 7, 1048576 bytes, linear)
[    0.547855] Mountpoint-cache hash table entries: 131072 (order: 7, 1048576 bytes, linear)
[    0.553592] rcu: Hierarchical SRCU implementation.
[    0.564424] smp: Bringing up secondary CPUs ...
[    0.565652] ------------[ cut here ]------------
[    0.565680] WARNING: CPU: 0 PID: 1 at kernel/locking/lockdep.c:4890 check_flags+0x9c/0x2c0
[    0.565707] DEBUG_LOCKS_WARN_ON(lockdep_hardirqs_enabled())
[    0.565709] Modules linked in:
[    0.565744] CPU: 0 PID: 1 Comm: swapper/0 Not tainted 5.9.0-00304-gf5f59336a9ae #101
[    0.565770] Call Trace:
[    0.565788] [<00000000004727a8>] __warn+0xa8/0x120
[    0.565807] [<0000000000472c10>] warn_slowpath_fmt+0x64/0x74
[    0.565827] [<00000000004e881c>] check_flags+0x9c/0x2c0
[    0.565850] [<0000000000c19b40>] lock_is_held_type+0x20/0x140
[    0.565874] [<0000000000509894>] rcu_read_lock_sched_held+0x54/0xa0
[    0.565896] [<00000000004ed740>] lock_acquire+0x120/0x4a0
[    0.565917] [<0000000000c234b0>] _raw_spin_lock+0x30/0x60
[    0.565939] [<00000000009bb53c>] p1275_cmd_direct+0x1c/0x60
[    0.565959] [<00000000009bb410>] prom_startcpu_cpuid+0x30/0x40
[    0.565980] [<00000000004427e4>] __cpu_up+0x184/0x3a0
[    0.565999] [<0000000000474600>] bringup_cpu+0x20/0x120
[    0.566018] [<000000000047378c>] cpuhp_invoke_callback+0xec/0x340
[    0.566040] [<0000000000475494>] cpu_up+0x154/0x220
[    0.566058] [<0000000000475d20>] bringup_nonboot_cpus+0x60/0xa0
[    0.566085] [<0000000000fbc338>] smp_init+0x28/0xa0
[    0.566106] [<0000000000fad3b4>] kernel_init_freeable+0x18c/0x300
[    0.566127] irq event stamp: 5135
[    0.566142] hardirqs last  enabled at (5135): [<0000000000c238c8>] _raw_spin_unlock_irqrestore+0x28/0x60
[    0.566172] hardirqs last disabled at (5134): [<0000000000c23680>] _raw_spin_lock_irqsave+0x20/0x80
[    0.566203] softirqs last  enabled at (1506): [<0000000000c26460>] __do_softirq+0x4e0/0x560
[    0.566234] softirqs last disabled at (1499): [<000000000042d394>] do_softirq_own_stack+0x34/0x60
[    0.566265] random: get_random_bytes called from __warn+0xc8/0x120 with crng_init=0
[    0.566271] ---[ end trace fd2d08c9724f7c1c ]---
[    0.566308] possible reason: unannotated irqs-off.
[    0.566325] irq event stamp: 5135
[    0.566340] hardirqs last  enabled at (5135): [<0000000000c238c8>] _raw_spin_unlock_irqrestore+0x28/0x60
[    0.566369] hardirqs last disabled at (5134): [<0000000000c23680>] _raw_spin_lock_irqsave+0x20/0x80
[    0.566398] softirqs last  enabled at (1506): [<0000000000c26460>] __do_softirq+0x4e0/0x560
[    0.566425] softirqs last disabled at (1499): [<000000000042d394>] do_softirq_own_stack+0x34/0x60
[    0.588158] smp: Brought up 1 node, 32 CPUs
[    0.591110] devtmpfs: initialized
[    0.593256] Performance events: 
[    0.593285] Testing NMI watchdog ... 
[    0.793347] OK.
[    0.793403] Supported PMU type is 'niagara5'
[    0.793895] ldc.c:v1.1 (July 22, 2008)
[    0.795239] clocksource: jiffies: mask: 0xffffffff max_cycles: 0xffffffff, max_idle_ns: 19112604462750000 ns
[    0.795289] futex hash table entries: 32768 (order: 9, 4194304 bytes, linear)
[    0.797884] NET: Registered protocol family 16
[    0.802775] VIO: Adding device channel-devices (tx_ino = ffffffffffffffff, rx_ino = ffffffffffffffff)
[    0.802879] VIO: Adding device vnet-port-0-0 (tx_ino = 0, rx_ino = 1)
[    0.802964] VIO: Adding device vnet-port-0-1 (tx_ino = 2, rx_ino = 3)
[    0.803047] VIO: Adding device vnet-port-0-2 (tx_ino = 4, rx_ino = 5)
[    0.803134] VIO: Adding device vnet-port-0-3 (tx_ino = 6, rx_ino = 7)
[    0.803221] VIO: Adding device vnet-port-0-4 (tx_ino = 8, rx_ino = 9)
[    0.803304] VIO: Adding device vnet-port-0-5 (tx_ino = a, rx_ino = b)
[    0.803402] VIO: Adding device vdc-port-2-0 (tx_ino = c, rx_ino = d)
[    0.803500] VIO: Adding device vdc-port-1-0 (tx_ino = e, rx_ino = f)
[    0.803585] VIO: Adding device vdc-port-0-0 (tx_ino = 10, rx_ino = 11)
[    0.803672] VIO: Adding device vdc-port-3-0 (tx_ino = 12, rx_ino = 13)
[    0.803755] VIO: Adding device vlds-port-0-0 (tx_ino = 14, rx_ino = 15)
[    0.803840] VIO: Adding device domain-services-port-0 (tx_ino = 14, rx_ino = 15)
[    0.803982] audit: initializing netlink subsys (disabled)
[    0.804145] audit: type=2000 audit(0.400:1): state=initialized audit_enabled=0 res=1
[    0.819223] HugeTLB registered 64.0 KiB page size, pre-allocated 0 pages
[    0.819249] HugeTLB registered 8.00 MiB page size, pre-allocated 0 pages
[    0.819273] HugeTLB registered 256 MiB page size, pre-allocated 0 pages
[    0.819296] HugeTLB registered 2.00 GiB page size, pre-allocated 0 pages
[    0.820381] alg: extra crypto tests enabled.  This is intended for developer use only.
[    0.840914] cryptd: max_cpu_qlen set to 1000
[    0.909108] vgaarb: loaded
[    0.909744] NetLabel: Initializing
[    0.909760] NetLabel:  domain hash size = 128
[    0.909777] NetLabel:  protocols = UNLABELED CIPSOv4 CALIPSO
[    0.909837] NetLabel:  unlabeled traffic allowed by default
[    0.910436] SUN4V: Reboot data supported (maj=1,min=0).
[    0.910631] ds.c:v1.0 (Jul 11, 2007)
[    0.910830] ds-0: ds_conn_reset() from send_events
[    0.911026] clocksource: Switched to clocksource stick
[    1.022580] VFS: Disk quotas dquot_6.6.0
[    1.022681] VFS: Dquot-cache hash table entries: 1024 (order 0, 8192 bytes)
[    1.023741] AppArmor: AppArmor Filesystem Enabled
[    1.030349] NET: Registered protocol family 2
[    1.031382] tcp_listen_portaddr_hash hash table entries: 32768 (order: 8, 2621440 bytes, linear)
[    1.032629] TCP established hash table entries: 524288 (order: 9, 4194304 bytes, linear)
[    1.034811] TCP bind hash table entries: 65536 (order: 9, 4718592 bytes, linear)
[    1.037000] TCP: Hash tables configured (established 524288 bind 65536)
[    1.038230] UDP hash table entries: 32768 (order: 9, 5242880 bytes, linear)
[    1.040928] UDP-Lite hash table entries: 32768 (order: 9, 5242880 bytes, linear)
[    1.045005] NET: Registered protocol family 1
[    1.045041] NET: Registered protocol family 44
[    1.045079] PCI: CLS 0 bytes, default 64
[    1.045306] Trying to unpack rootfs image as initramfs...
[    1.191445] Freeing initrd memory: 14648K
[    1.192438] aes_sparc64: Using sparc64 aes opcodes optimized AES implementation
[    1.431771] des_sparc64: Using sparc64 des opcodes optimized DES implementation
[    1.875572] camellia_sparc64: Using sparc64 camellia opcodes optimized CAMELLIA implementation
[    2.030737] workingset: timestamp_bits=41 max_order=23 bucket_order=0
[    2.039376] zbud: loaded
[    2.042060] SGI XFS with ACLs, security attributes, quota, fatal assert, debug enabled
[    2.068020] Block layer SCSI generic (bsg) driver version 0.4 loaded (major 252)
[    2.068573] io scheduler mq-deadline registered
[    2.070411] f029b788: ttyHV0 at I/O 0x0 (irq = 1, base_baud = 115200) is a SUN4V HCONS
[    2.071017] printk: console [ttyHV0] enabled
[    2.073358] sunvdc.c:v1.2 (November 24, 2014)
[    2.076633] sunvdc: Virtual Hard disk vdiskc
[    2.076654] sunvdc: vdiskc: 104857600 sectors (51200 MB) protocol 1.2
[    2.089333] sunvdc: Virtual Hard disk vdiskb
[    2.089355] sunvdc: vdiskb: 62914560 sectors (30720 MB) protocol 1.2
[    2.090358]  vdiskb: vdiskb1
[    2.102386] sunvdc: Virtual Hard disk vdiska
[    2.102407] sunvdc: vdiska: 31457280 sectors (15360 MB) protocol 1.2
[    2.103198]  vdiska: vdiska1 vdiska2 vdiska3 vdiska4
[    2.115865] sunvdc: Virtual CDROM vdiskd
[    2.115889] sunvdc: vdiskd: 453848 sectors (221 MB) protocol 1.2
[    2.116622]  vdiskd: vdiskd1 vdiskd2 vdiskd3 vdiskd4 vdiskd5 vdiskd6 vdiskd7
[    2.126919] sunvnet: sunvnet 2.0 (February 3, 2017)
[    2.128206] vnet_port vnet-port-0-0 eth0: Sun LDOM vnet 00:14:4f:f8:12:a3
[    2.128316] sunvnet: eth0: PORT ( remote-mac 00:14:4f:fa:f3:f0 switch-port )
[    2.128785] sunvnet: eth0: PORT ( remote-mac 00:14:4f:f8:e5:f3 )
[    2.129264] sunvnet: eth0: PORT ( remote-mac 00:14:4f:f9:b4:97 )
[    2.129730] sunvnet: eth0: PORT ( remote-mac 00:14:4f:f8:3f:1e )
[    2.130182] sunvnet: eth0: PORT ( remote-mac 00:14:4f:f8:fe:47 )
[    2.130634] sunvnet: eth0: PORT ( remote-mac 00:14:4f:fb:b5:00 )
[    2.131549] rtc-sun4v rtc-sun4v: registered as rtc0
[    2.131621] rtc-sun4v rtc-sun4v: setting system clock to 2020-10-21T10:16:59 UTC (1603275419)
[    2.131907] sun4v_wdt: initialized (timeout=60s, nowayout=0)
[    2.132156] device-mapper: uevent: version 1.0.3
[    2.132733] device-mapper: ioctl: 4.42.0-ioctl (2020-02-27) initialised: dm-devel@redhat.com
[    2.133390] NET: Registered protocol family 17
[    2.133601] registered taskstats version 1
[    2.134018] zswap: loaded using pool lzo/zbud
[    2.134859] AppArmor: AppArmor sha1 policy hashing enabled
[    2.137478] This architecture does not have kernel memory protection.
[    2.137510] Run /init as init process
[    2.137528]   with arguments:
[    2.137543]     /init
[    2.137557]   with environment:
[    2.137572]     HOME=/
[    2.137585]     TERM=linux
[    2.137598]     BOOT_IMAGE=/vmlinux-5.9.0-00304-gf5f59336a9ae
[    2.426742] random: lvm: uninitialized urandom read (4 bytes read)
[    2.430522] crc32c_sparc64: Using sparc64 crc32c opcode optimized CRC32C implementation
[    2.463327] random: lvm: uninitialized urandom read (2 bytes read)
[    2.951010] raid6: int64x8  gen()  2158 MB/s
[    3.120997] raid6: int64x8  xor()  1521 MB/s
[    3.291011] raid6: int64x4  gen()  3397 MB/s
[    3.461001] raid6: int64x4  xor()  1463 MB/s
[    3.631016] raid6: int64x2  gen()  2910 MB/s
[    3.801008] raid6: int64x2  xor()  1102 MB/s
[    3.971024] raid6: int64x1  gen()  1404 MB/s
[    4.141022] raid6: int64x1  xor()   712 MB/s
[    4.141046] raid6: using algorithm int64x4 gen() 3397 MB/s
[    4.141067] raid6: .... xor() 1463 MB/s, rmw enabled
[    4.141088] raid6: using intx1 recovery algorithm
[    4.141665] async_tx: api initialized (async)
[    4.141974] xor: automatically using best checksumming function   Niagara   
[    4.209886] random: fast init done
[    4.331122] EXT4-fs (vdiska2): mounted filesystem with ordered data mode. Opts: (null)
[    4.468196] systemd[1]: Inserted module 'autofs4'
[    4.475756] NET: Registered protocol family 10
[    4.479958] Segment Routing with IPv6
[    4.491640] systemd[1]: systemd 246.6-2 running in system mode. (+PAM +AUDIT +SELINUX +IMA +APPARMOR +SMACK +SYSVINIT +UTMP +LIBCRYPTSETUP +GCRYPT +GNUTLS +ACL +XZ +LZ4 +ZSTD -SECCOMP +BLKID +ELFUTILS +KMOD +IDN2 -IDN +PCRE2 default-hierarchy=hybrid)
[    4.492067] systemd[1]: Detected architecture sparc64.
[    4.577240] systemd[1]: Set hostname to <ttip>.
[    4.642727] random: lvmconfig: uninitialized urandom read (4 bytes read)
[    4.889367] systemd[1]: Queued start job for default target Multi-User System.
[    4.889930] random: systemd: uninitialized urandom read (16 bytes read)
[    4.915351] systemd[1]: Created slice system-getty.slice.
[    4.915792] random: systemd: uninitialized urandom read (16 bytes read)
[    4.924456] systemd[1]: Created slice system-modprobe.slice.
[    4.933508] systemd[1]: Created slice system-openvpn\x2dclient.slice.
[    4.955704] systemd[1]: Created slice system-postfix.slice.
[    4.964349] systemd[1]: Created slice system-systemd\x2dfsck.slice.
[    4.972943] systemd[1]: Created slice User and Session Slice.
[    4.973497] systemd[1]: Started Dispatch Password Requests to Console Directory Watch.
[    4.973990] systemd[1]: Started Forward Password Requests to Wall Directory Watch.
[    4.975574] systemd[1]: Set up automount Arbitrary Executable File Formats File System Automount Point.
[    4.975948] systemd[1]: Reached target Local Encrypted Volumes.
[    4.976287] systemd[1]: Reached target Paths.
[    4.976583] systemd[1]: Reached target Slices.
[    4.977146] systemd[1]: Listening on Device-mapper event daemon FIFOs.
[    4.977792] systemd[1]: Listening on LVM2 poll daemon socket.
[    5.004832] systemd[1]: Listening on RPCbind Server Activation Socket.
[    5.005595] systemd[1]: Listening on Syslog Socket.
[    5.006311] systemd[1]: Listening on fsck to fsckd communication Socket.
[    5.006787] systemd[1]: Listening on initctl Compatibility Named Pipe.
[    5.007553] systemd[1]: Listening on Journal Audit Socket.
[    5.008158] systemd[1]: Listening on Journal Socket (/dev/log).
[    5.008898] systemd[1]: Listening on Journal Socket.
[    5.009636] systemd[1]: Listening on udev Control Socket.
[    5.010205] systemd[1]: Listening on udev Kernel Socket.
[    5.021489] systemd[1]: Mounting Huge Pages File System...
[    5.033126] systemd[1]: Mounting POSIX Message Queue File System...
[    5.063722] systemd[1]: Mounting RPC Pipe File System...
[    5.075835] systemd[1]: Mounting Kernel Debug File System...
[    5.088099] systemd[1]: Mounting Kernel Trace File System...
[    5.088711] systemd[1]: Condition check resulted in Kernel Module supporting RPCSEC_GSS being skipped.
[    5.089472] systemd[1]: Finished Availability of block devices.
[    5.101263] systemd[1]: Starting Wait for network to be configured by ifupdown...
[    5.105775] RPC: Registered named UNIX socket transport module.
[    5.105802] RPC: Registered udp transport module.
[    5.105822] RPC: Registered tcp transport module.
[    5.105842] RPC: Registered tcp NFSv4.1 backchannel transport module.
[    5.113196] systemd[1]: Starting Create list of static device nodes for the current kernel...
[    5.128519] systemd[1]: Starting Monitoring of LVM2 mirrors, snapshots etc. using dmeventd or progress polling...
[    5.139792] systemd[1]: Starting Load Kernel Module drm...
[    5.151118] systemd[1]: Starting nftables...
[    5.152427] systemd[1]: Condition check resulted in Set Up Additional Binary Formats being skipped.
[    5.152598] systemd[1]: Condition check resulted in File System Check on Root Device being skipped.
[    5.166499] systemd[1]: Starting Journal Service...
[    5.178806] systemd[1]: Starting Load Kernel Modules...
[    5.190373] systemd[1]: Starting Remount Root and Kernel File Systems...
[    5.203219] systemd[1]: Starting Coldplug All udev Devices...
[    5.212410] systemd[1]: Mounted Huge Pages File System.
[    5.213644] systemd[1]: Mounted POSIX Message Queue File System.
[    5.214685] systemd[1]: Mounted RPC Pipe File System.
[    5.215705] systemd[1]: Mounted Kernel Debug File System.
[    5.216720] systemd[1]: Mounted Kernel Trace File System.
[    5.220565] systemd[1]: Finished Wait for network to be configured by ifupdown.
[    5.224647] systemd[1]: Finished Create list of static device nodes for the current kernel.
[    5.226566] systemd[1]: modprobe@drm.service: Succeeded.
[    5.229249] systemd[1]: Finished Load Kernel Module drm.
[    5.233626] systemd[1]: Finished Load Kernel Modules.
[    5.233954] EXT4-fs (vdiska2): re-mounted. Opts: errors=remount-ro
[    5.238203] systemd[1]: Started Journal Service.
[    5.602954] sha1_sparc64: Using sparc64 sha1 opcode optimized SHA-1 implementation
[    5.604510] n2rng v0.3 (Jan 7, 2017)
[    5.604570] n2rng f029b104: Registered RNG HVAPI major 2 minor 0
[    5.604611] n2rng f029b104: Found multi-unit-capable RNG, units: 2
[    5.605134] n2rng f029b104: RNG ready
[    5.621372] pktcdvd: setup of pktcdvd device failed
[    5.656910] pktcdvd: setup of pktcdvd device failed
[    5.659720] pktcdvd: setup of pktcdvd device failed
[    5.662578] pktcdvd: setup of pktcdvd device failed
[    5.665582] pktcdvd: setup of pktcdvd device failed
[    5.668007] pktcdvd: setup of pktcdvd device failed
[    5.671253] pktcdvd: setup of pktcdvd device failed
[    5.674979] pktcdvd: setup of pktcdvd device failed
[    5.793466] sha256_sparc64: Using sparc64 sha256 opcode optimized SHA-256/SHA-224 implementation
[    5.885244] XFS (dm-0): Mounting V5 Filesystem
[    5.901863] Adding 787176k swap on /dev/vdiska4.  Priority:-2 extents:1 across:787176k FS
[    5.914434] sha512_sparc64: Using sparc64 sha512 opcode optimized SHA-512/SHA-384 implementation
[    5.915305] md5_sparc64: Using sparc64 md5 opcode optimized MD5 implementation
[    5.951704] EXT4-fs (vdiska1): mounting ext3 file system using the ext4 subsystem
[    5.960112] EXT4-fs (vdiska1): mounted filesystem with ordered data mode. Opts: (null)
[    5.960237] ext3 filesystem being mounted at /boot supports timestamps until 2038 (0x7fffffff)
[    6.001267] XFS (dm-0): Ending clean mount
[    6.003199] xfs filesystem being mounted at /1 supports timestamps until 2038 (0x7fffffff)
[    6.084881] Kernel unaligned access at TPC[8d5efc] aa_dfa_unpack+0x3c/0x640
[    6.084941] Kernel unaligned access at TPC[8d5f10] aa_dfa_unpack+0x50/0x640
[    6.084988] Kernel unaligned access at TPC[8d5fd4] aa_dfa_unpack+0x114/0x640
[    6.085037] Kernel unaligned access at TPC[8d60a4] aa_dfa_unpack+0x1e4/0x640
[    6.085082] Kernel unaligned access at TPC[8d60b8] aa_dfa_unpack+0x1f8/0x640
[    6.086064] audit: type=1400 audit(1603275423.440:2): apparmor="STATUS" operation="profile_load" profile="unconfined" name="/usr/sbin/haveged" pid=666 comm="apparmor_parser"
[    6.088207] audit: type=1400 audit(1603275423.440:3): apparmor="STATUS" operation="profile_load" profile="unconfined" name="lsb_release" pid=673 comm="apparmor_parser"
[    6.093011] audit: type=1400 audit(1603275423.450:4): apparmor="STATUS" operation="profile_load" profile="unconfined" name="named" pid=672 comm="apparmor_parser"
[    6.094540] audit: type=1400 audit(1603275423.450:5): apparmor="STATUS" operation="profile_load" profile="unconfined" name="tcpdump" pid=670 comm="apparmor_parser"
[    6.096493] audit: type=1400 audit(1603275423.450:6): apparmor="STATUS" operation="profile_load" profile="unconfined" name="nvidia_modprobe" pid=668 comm="apparmor_parser"
[    6.096555] audit: type=1400 audit(1603275423.450:7): apparmor="STATUS" operation="profile_load" profile="unconfined" name="nvidia_modprobe//kmod" pid=668 comm="apparmor_parser"
[    6.108601] audit: type=1400 audit(1603275423.460:8): apparmor="STATUS" operation="profile_load" profile="unconfined" name="/usr/bin/man" pid=669 comm="apparmor_parser"
[    6.108671] audit: type=1400 audit(1603275423.460:9): apparmor="STATUS" operation="profile_load" profile="unconfined" name="man_filter" pid=669 comm="apparmor_parser"
[    6.108729] audit: type=1400 audit(1603275423.460:10): apparmor="STATUS" operation="profile_load" profile="unconfined" name="man_groff" pid=669 comm="apparmor_parser"
[    6.584983] random: crng init done
[    6.585018] random: 5 urandom warning(s) missed due to ratelimiting
