[    0.000019] PROMLIB: Sun IEEE Boot Prom 'OBP 4.38.12 2018/03/28 14:54'
[    0.000033] PROMLIB: Root node compatible: sun4v
[    0.000084] Linux version 5.7.0-rc6-00074-g051143e1602d (mator@ttip) (gcc version 9.3.0 (Debian 9.3.0-12), GNU ld (GNU Binutils for Debian) 2.34) #122 SMP Fri May 22 12:54:11 MSK 2020
[    0.000429] printk: bootconsole [earlyprom0] enabled
[    0.000482] ARCH: SUN4V
[    0.000533] Ethernet address: 00:14:4f:fa:06:f2
[    0.000586] MM: PAGE_OFFSET is 0xfff8000000000000 (max_phys_bits == 47)
[    0.000652] MM: VMALLOC [0x0000000100000000 --> 0x0006000000000000]
[    0.000714] MM: VMEMMAP [0x0006000000000000 --> 0x000c000000000000]
[    0.013057] Kernel: Using 5 locked TLB entries for main kernel image.
[    0.013136] Remapping the kernel... 
[    0.013160] done.
[    0.046477] OF stdout device is: /virtual-devices@100/console@1
[    0.046559] PROM: Built device tree with 86758 bytes of memory.
[    0.046625] MDESC: Size is 36512 bytes.
[    0.046752] PLATFORM: banner-name [SPARC T5-2]
[    0.046803] PLATFORM: name [ORCL,SPARC-T5-2]
[    0.046849] PLATFORM: hostid [84fa06f2]
[    0.046892] PLATFORM: serial# [0035260e]
[    0.046937] PLATFORM: stick-frequency [3b9aca00]
[    0.046986] PLATFORM: mac-address [144ffa06f2]
[    0.047033] PLATFORM: watchdog-resolution [1000 ms]
[    0.047084] PLATFORM: watchdog-max-timeout [31536000000 ms]
[    0.047142] PLATFORM: max-cpus [1024]
[    0.051955] Allocated 40960 bytes for kernel page tables.
[    0.052054] Zone ranges:
[    0.052095]   Normal   [mem 0x0000000030400000-0x00000024af937fff]
[    0.052160] Movable zone start for each node
[    0.052207] Early memory node ranges
[    0.052249]   node   0: [mem 0x0000000030400000-0x000000006fe7ffff]
[    0.052314]   node   0: [mem 0x000000006ff00000-0x000000006ff25fff]
[    0.052376]   node   0: [mem 0x0000000070000000-0x000000042fffffff]
[    0.052440]   node   0: [mem 0x0000002030000000-0x00000024af87ffff]
[    0.052503]   node   0: [mem 0x00000024af900000-0x00000024af925fff]
[    0.052564]   node   0: [mem 0x00000024af930000-0x00000024af937fff]
[    0.066237] Zeroed struct page in unavailable ranges: 263766 pages
[    0.066247] Initmem setup node 0 [mem 0x0000000030400000-0x00000024af937fff]
[    0.066407] On node 0 totalpages: 4454826
[    0.066416]   Normal zone: 39154 pages used for memmap
[    0.066422]   Normal zone: 0 pages reserved
[    0.066428]   Normal zone: 4454826 pages, LIFO batch:31
[    0.077743] Booting Linux...
[    0.077829] CPU CAPS: [flush,stbar,swap,muldiv,v9,blkinit,n2,mul32]
[    0.077913] CPU CAPS: [div32,v8plus,popc,vis,vis2,ASIBlkInit,fmaf,vis3]
[    0.077991] CPU CAPS: [hpc,ima,pause,cbcond,aes,des,kasumi,camellia]
[    0.078065] CPU CAPS: [md5,sha1,sha256,sha512,mpmul,montmul,montsqr,crc32c]
[    0.107849] percpu: Embedded 27 pages/cpu s182992 r8192 d30000 u262144
[    0.108100] pcpu-alloc: s182992 r8192 d30000 u262144 alloc=1*4194304
[    0.108108] pcpu-alloc: [0] 000 001 002 003 004 005 006 007 008 009 010 011 012 013 014 015 
[    0.108136] pcpu-alloc: [0] 016 017 018 019 020 021 022 023 024 025 026 027 028 029 030 031 
[    0.108163] pcpu-alloc: [0] 032 033 034 035 036 037 038 039 040 041 042 043 044 045 046 047 
[    0.108190] pcpu-alloc: [0] 048 049 050 051 052 053 054 055 056 057 058 059 060 061 062 063 
[    0.108217] pcpu-alloc: [0] 064 065 066 067 068 069 070 071 072 073 074 075 076 077 078 079 
[    0.108244] pcpu-alloc: [0] 080 081 082 083 084 085 086 087 088 089 090 091 092 093 094 095 
[    0.108271] pcpu-alloc: [0] 096 097 098 099 100 101 102 103 104 105 106 107 108 109 110 111 
[    0.108298] pcpu-alloc: [0] 112 113 114 115 116 117 118 119 120 121 122 123 124 125 126 127 
[    0.108715] SUN4V: Mondo queue sizes [cpu(131072) dev(16384) r(8192) nr(256)]
[    0.109091] Built 1 zonelists, mobility grouping on.  Total pages: 4415672
[    0.109161] Policy zone: Normal
[    0.109220] Kernel command line: BOOT_IMAGE=/vmlinux-5.7.0-rc6-00074-g051143e1602d root=/dev/vdiska2 ro zswap.enabled=1
[    0.111955] printk: log_buf_len individual max cpu contribution: 4096 bytes
[    0.112028] printk: log_buf_len total cpu_extra contributions: 520192 bytes
[    0.112098] printk: log_buf_len min size: 131072 bytes
[    0.112372] printk: log_buf_len: 1048576 bytes
[    0.112423] printk: early log buf free: 126680(96%)
[    0.118752] Dentry cache hash table entries: 8388608 (order: 13, 67108864 bytes, linear)
[    0.122006] Inode-cache hash table entries: 4194304 (order: 12, 33554432 bytes, linear)
[    0.122087] Sorting __ex_table...
[    0.122322] mem auto-init: stack:off, heap alloc:off, heap free:off
[    0.182118] Memory: 1305232K/35638608K available (7855K kernel code, 1059K rwdata, 2320K rodata, 656K init, 6831K bss, 509280K reserved, 0K cma-reserved)
[    0.182784] SLUB: HWalign=32, Order=0-3, MinObjects=0, CPUs=128, Nodes=32
[    0.183085] ftrace: allocating 21887 entries in 43 pages
[    0.191702] ftrace: allocated 43 pages with 4 groups
[    0.194667] Running RCU self tests
[    0.194742] rcu: Hierarchical RCU implementation.
[    0.194794] rcu: 	RCU event tracing is enabled.
[    0.194842] rcu: 	RCU lockdep checking is enabled.
[    0.194893] 	Tasks RCU enabled.
[    0.194931] rcu: RCU calculated value of scheduler-enlistment delay is 10 jiffies.
[    0.199397] NR_IRQS: 2048, nr_irqs: 2048, preallocated irqs: 1
[    0.199489] SUN4V: Using IRQ API major 3, cookie only virqs enabled
[    0.202048] clocksource: stick: mask: 0xffffffffffffffff max_cycles: 0x1cd42e4dffb, max_idle_ns: 881590591483 ns
[    0.202181] clocksource: mult[800000] shift[23]
[    0.202230] clockevent: mult[80000000] shift[31]
[    0.202614] Console: colour dummy device 80x25
[    0.202678] printk: console [tty0] enabled
[    0.202756] printk: bootconsole [earlyprom0] disabled
[    0.202844] Lock dependency validator: Copyright (c) 2006 Red Hat, Inc., Ingo Molnar
[    0.202896] ... MAX_LOCKDEP_SUBCLASSES:  8
[    0.202928] ... MAX_LOCK_DEPTH:          48
[    0.202961] ... MAX_LOCKDEP_KEYS:        8192
[    0.202994] ... CLASSHASH_SIZE:          4096
[    0.203027] ... MAX_LOCKDEP_ENTRIES:     16384
[    0.203061] ... MAX_LOCKDEP_CHAINS:      32768
[    0.203095] ... CHAINHASH_SIZE:          16384
[    0.203129]  memory used by lock dependency info: 3919 kB
[    0.203167]  memory used for stack traces: 2112 kB
[    0.203203]  per task-struct memory footprint: 1920 bytes
[    0.352875] Calibrating delay using timer specific routine.. 2016.73 BogoMIPS (lpj=10083676)
[    0.352950] pid_max: default: 131072 minimum: 1024
[    0.353250] LSM: Security Framework initializing
[    0.353409] AppArmor: AppArmor initialized
[    0.353683] Mount-cache hash table entries: 131072 (order: 7, 1048576 bytes, linear)
[    0.353851] Mountpoint-cache hash table entries: 131072 (order: 7, 1048576 bytes, linear)
[    0.359100] rcu: Hierarchical SRCU implementation.
[    0.367918] smp: Bringing up secondary CPUs ...
[    0.413991] smp: Brought up 1 node, 32 CPUs
[    0.615641] node 0 initialised, 4228012 pages in 200ms
[    0.617753] devtmpfs: initialized
[    0.622508] Performance events: 
[    0.622555] Testing NMI watchdog ... 
[    0.822646] OK.
[    0.822784] Supported PMU type is 'niagara5'
[    0.823006] random: get_random_u32 called from bucket_table_alloc.isra.0+0x198/0x1c0 with crng_init=0
[    0.823715] ldc.c:v1.1 (July 22, 2008)
[    0.826240] clocksource: jiffies: mask: 0xffffffff max_cycles: 0xffffffff, max_idle_ns: 19112604462750000 ns
[    0.826335] futex hash table entries: 32768 (order: 9, 4194304 bytes, linear)
[    0.831869] NET: Registered protocol family 16
[    0.840509] VIO: Adding device channel-devices (tx_ino = ffffffffffffffff, rx_ino = ffffffffffffffff)
[    0.840724] VIO: Adding device vnet-port-0-0 (tx_ino = 0, rx_ino = 1)
[    0.840935] VIO: Adding device vnet-port-0-1 (tx_ino = 2, rx_ino = 3)
[    0.841108] VIO: Adding device vnet-port-0-2 (tx_ino = 4, rx_ino = 5)
[    0.841278] VIO: Adding device vnet-port-0-3 (tx_ino = 6, rx_ino = 7)
[    0.841456] VIO: Adding device vnet-port-0-4 (tx_ino = 8, rx_ino = 9)
[    0.841627] VIO: Adding device vnet-port-0-5 (tx_ino = a, rx_ino = b)
[    0.841796] VIO: Adding device vdc-port-2-0 (tx_ino = c, rx_ino = d)
[    0.841971] VIO: Adding device vdc-port-1-0 (tx_ino = e, rx_ino = f)
[    0.842141] VIO: Adding device vdc-port-0-0 (tx_ino = 10, rx_ino = 11)
[    0.842311] VIO: Adding device vdc-port-3-0 (tx_ino = 12, rx_ino = 13)
[    0.842487] VIO: Adding device vlds-port-0-0 (tx_ino = 14, rx_ino = 15)
[    0.842661] VIO: Adding device domain-services-port-0 (tx_ino = 14, rx_ino = 15)
[    0.842993] audit: initializing netlink subsys (disabled)
[    0.843311] audit: type=2000 audit(0.440:1): state=initialized audit_enabled=0 res=1
[    0.871551] HugeTLB registered 64.0 KiB page size, pre-allocated 0 pages
[    0.871607] HugeTLB registered 8.00 MiB page size, pre-allocated 0 pages
[    0.871657] HugeTLB registered 256 MiB page size, pre-allocated 0 pages
[    0.871705] HugeTLB registered 2.00 GiB page size, pre-allocated 0 pages
[    0.874754] alg: extra crypto tests enabled.  This is intended for developer use only.
[    0.900528] cryptd: max_cpu_qlen set to 1000
[    1.011121] NetLabel: Initializing
[    1.011163] NetLabel:  domain hash size = 128
[    1.011198] NetLabel:  protocols = UNLABELED CIPSOv4 CALIPSO
[    1.011328] NetLabel:  unlabeled traffic allowed by default
[    1.012297] SUN4V: Reboot data supported (maj=1,min=0).
[    1.012942] ds.c:v1.0 (Jul 11, 2007)
[    1.013369] ds-0: ds_conn_reset() from send_events.isra.0
[    1.014852] clocksource: Switched to clocksource stick
[    1.227494] VFS: Disk quotas dquot_6.6.0
[    1.228230] VFS: Dquot-cache hash table entries: 1024 (order 0, 8192 bytes)
[    1.232019] AppArmor: AppArmor Filesystem Enabled
[    1.245411] NET: Registered protocol family 2
[    1.248496] tcp_listen_portaddr_hash hash table entries: 32768 (order: 8, 2621440 bytes, linear)
[    1.251576] TCP established hash table entries: 524288 (order: 9, 4194304 bytes, linear)
[    1.254037] TCP bind hash table entries: 65536 (order: 9, 4718592 bytes, linear)
[    1.260274] TCP: Hash tables configured (established 524288 bind 65536)
[    1.262959] UDP hash table entries: 32768 (order: 9, 5242880 bytes, linear)
[    1.269281] UDP-Lite hash table entries: 32768 (order: 9, 5242880 bytes, linear)
[    1.278162] NET: Registered protocol family 1
[    1.278233] NET: Registered protocol family 44
[    1.278873] Trying to unpack rootfs image as initramfs...
[    1.479053] Freeing initrd memory: 14808K
[    1.479893] aes_sparc64: Using sparc64 aes opcodes optimized AES implementation
[    1.782278] des_sparc64: Using sparc64 des opcodes optimized DES implementation
[    2.315415] camellia_sparc64: Using sparc64 camellia opcodes optimized CAMELLIA implementation
[    2.522692] workingset: timestamp_bits=41 max_order=23 bucket_order=0
[    2.542644] zbud: loaded
[    2.547023] SGI XFS with ACLs, security attributes, quota, fatal assert, debug enabled
[    2.571502] Block layer SCSI generic (bsg) driver version 0.4 loaded (major 252)
[    2.572640] io scheduler mq-deadline registered
[    2.575929] f029b788: ttyHV0 at I/O 0x0 (irq = 1, base_baud = 115200) is a SUN4V HCONS
[    2.576943] printk: console [ttyHV0] enabled
[    2.581144] sunvdc.c:v1.2 (November 24, 2014)
[    2.584739] sunvdc: Virtual Hard disk vdiskc
[    2.584830] sunvdc: vdiskc: 104857600 sectors (51200 MB) protocol 1.2
[    2.608552] sunvdc: Virtual Hard disk vdiskb
[    2.608606] sunvdc: vdiskb: 62914560 sectors (30720 MB) protocol 1.2
[    2.610392]  vdiskb: vdiskb1
[    2.632428] sunvdc: Virtual Hard disk vdiska
[    2.632483] sunvdc: vdiska: 31457280 sectors (15360 MB) protocol 1.2
[    2.633749]  vdiska: vdiska1 vdiska2 vdiska3 vdiska4
[    2.656859] sunvdc: Virtual CDROM vdiskd
[    2.656918] sunvdc: vdiskd: 453848 sectors (221 MB) protocol 1.2
[    2.658223]  vdiskd: vdiskd1 vdiskd2 vdiskd3 vdiskd4 vdiskd5 vdiskd6 vdiskd7
[    2.679183] sunvnet: sunvnet 2.0 (February 3, 2017)
[    2.681784] vnet_port vnet-port-0-0 eth0: Sun LDOM vnet 00:14:4f:f8:12:a3
[    2.682026] sunvnet: eth0: PORT ( remote-mac 00:14:4f:fa:f3:f0 switch-port )
[    2.682662] sunvnet: eth0: PORT ( remote-mac 00:14:4f:f8:e5:f3 )
[    2.683270] sunvnet: eth0: PORT ( remote-mac 00:14:4f:f9:b4:97 )
[    2.683866] sunvnet: eth0: PORT ( remote-mac 00:14:4f:f8:3f:1e )
[    2.684455] sunvnet: eth0: PORT ( remote-mac 00:14:4f:f8:fe:47 )
[    2.685132] sunvnet: eth0: PORT ( remote-mac 00:14:4f:f9:8b:83 )
[    2.686418] rtc-sun4v rtc-sun4v: registered as rtc0
[    2.686565] rtc-sun4v rtc-sun4v: setting system clock to 2020-05-22T09:56:52 UTC (1590141412)
[    2.687126] sun4v_wdt: initialized (timeout=60s, nowayout=0)
[    2.687520] device-mapper: uevent: version 1.0.3
[    2.688528] device-mapper: ioctl: 4.42.0-ioctl (2020-02-27) initialised: dm-devel@redhat.com
[    2.689557] NET: Registered protocol family 17
[    2.690006] registered taskstats version 1
[    2.690943] zswap: loaded using pool lzo/zbud
[    3.031564] Key type big_key registered
[    3.031639] AppArmor: AppArmor sha1 policy hashing enabled
[    3.036679] This architecture does not have kernel memory protection.
[    3.036736] Run /init as init process
[    3.036771]   with arguments:
[    3.036778]     /init
[    3.036785]   with environment:
[    3.036791]     HOME=/
[    3.036798]     TERM=linux
[    3.036804]     BOOT_IMAGE=/vmlinux-5.7.0-rc6-00074-g051143e1602d
[    3.530078] crc32c_sparc64: Using sparc64 crc32c opcode optimized CRC32C implementation
[    3.602878] random: fast init done
[    4.114817] raid6: int64x8  gen()  2136 MB/s
[    4.284847] raid6: int64x8  xor()  1520 MB/s
[    4.454853] raid6: int64x4  gen()  3378 MB/s
[    4.624807] raid6: int64x4  xor()  1473 MB/s
[    4.794853] raid6: int64x2  gen()  2750 MB/s
[    4.964831] raid6: int64x2  xor()  1166 MB/s
[    5.134811] raid6: int64x1  gen()  1365 MB/s
[    5.304815] raid6: int64x1  xor()   667 MB/s
[    5.304878] raid6: using algorithm int64x4 gen() 3378 MB/s
[    5.304932] raid6: .... xor() 1473 MB/s, rmw enabled
[    5.304976] raid6: using intx1 recovery algorithm
[    5.305823] async_tx: api initialized (async)
[    5.306351] xor: automatically using best checksumming function   Niagara   
[    5.520358] process '/usr/bin/fstype' started with executable stack
[    5.653238] EXT4-fs (vdiska2): mounted filesystem with ordered data mode. Opts: (null)
[    8.587387] systemd[1]: Inserted module 'autofs4'
[    8.620693] NET: Registered protocol family 10
[    8.627140] Segment Routing with IPv6
[    8.682449] systemd[1]: systemd 245.5-3 running in system mode. (+PAM +AUDIT +SELINUX +IMA +APPARMOR +SMACK +SYSVINIT +UTMP +LIBCRYPTSETUP +GCRYPT +GNUTLS +ACL +XZ +LZ4 -SECCOMP +BLKID +ELFUTILS +KMOD +IDN2 -IDN +PCRE2 default-hierarchy=hybrid)
[    8.683103] systemd[1]: Detected architecture sparc64.
[    8.803290] systemd[1]: Set hostname to <ttip>.
[    9.778997] random: lvmconfig: uninitialized urandom read (4 bytes read)
[   10.798594] systemd[1]: /lib/systemd/system/dbus.socket:5: ListenStream= references a path below legacy directory /var/run/, updating /var/run/dbus/system_bus_socket â†’ /run/dbus/system_bus_socket; please update the unit file accordingly.
[   11.175762] random: systemd: uninitialized urandom read (16 bytes read)
[   11.218715] systemd[1]: Created slice system-getty.slice.
[   11.219550] random: systemd: uninitialized urandom read (16 bytes read)
[   11.229643] systemd[1]: Created slice system-modprobe.slice.
[   11.230105] random: systemd: uninitialized urandom read (16 bytes read)
[   11.239999] systemd[1]: Created slice system-openvpn\x2dclient.slice.
[   11.277213] systemd[1]: Created slice system-postfix.slice.
[   11.288248] systemd[1]: Created slice system-systemd\x2dfsck.slice.
[   11.298873] systemd[1]: Created slice User and Session Slice.
[   11.300045] systemd[1]: Started Dispatch Password Requests to Console Directory Watch.
[   11.300898] systemd[1]: Started Forward Password Requests to Wall Directory Watch.
[   11.303875] systemd[1]: Set up automount Arbitrary Executable File Formats File System Automount Point.
[   11.304499] systemd[1]: Reached target Local Encrypted Volumes.
[   11.305119] systemd[1]: Reached target Paths.
[   11.305735] systemd[1]: Reached target Remote File Systems.
[   11.306273] systemd[1]: Reached target Slices.
[   11.307462] systemd[1]: Listening on Device-mapper event daemon FIFOs.
[   11.309119] systemd[1]: Listening on LVM2 poll daemon socket.
[   11.310396] systemd[1]: Listening on Syslog Socket.
[   11.311451] systemd[1]: Listening on fsck to fsckd communication Socket.
[   11.312259] systemd[1]: Listening on initctl Compatibility Named Pipe.
[   11.313561] systemd[1]: Listening on Journal Audit Socket.
[   11.314590] systemd[1]: Listening on Journal Socket (/dev/log).
[   11.315856] systemd[1]: Listening on Journal Socket.
[   11.317002] systemd[1]: Listening on udev Control Socket.
[   11.317845] systemd[1]: Listening on udev Kernel Socket.
[   11.333192] systemd[1]: Mounting Huge Pages File System...
[   11.355710] systemd[1]: Mounting POSIX Message Queue File System...
[   11.371202] systemd[1]: Mounting Kernel Debug File System...
[   11.436636] systemd[1]: Mounting Kernel Trace File System...
[   11.452516] systemd[1]: Starting Availability of block devices...
[   11.467911] systemd[1]: Starting Wait for network to be configured by ifupdown...
[   11.484613] systemd[1]: Starting Create list of static device nodes for the current kernel...
[   11.499213] systemd[1]: Starting Monitoring of LVM2 mirrors, snapshots etc. using dmeventd or progress polling...
[   11.515577] systemd[1]: Starting Load Kernel Module drm...
[   11.530564] systemd[1]: Starting nftables...
[   11.567607] systemd[1]: Condition check resulted in Set Up Additional Binary Formats being skipped.
[   11.567877] systemd[1]: Condition check resulted in File System Check on Root Device being skipped.
[   11.586047] systemd[1]: Starting Journal Service...
[   11.635181] systemd[1]: Starting Load Kernel Modules...
[   11.652427] systemd[1]: Starting Remount Root and Kernel File Systems...
[   11.668034] systemd[1]: Starting udev Coldplug all Devices...
[   11.677129] systemd[1]: Mounted Huge Pages File System.
[   11.678806] systemd[1]: Mounted POSIX Message Queue File System.
[   11.680254] systemd[1]: Mounted Kernel Debug File System.
[   11.681714] systemd[1]: Mounted Kernel Trace File System.
[   11.689433] systemd[1]: Finished Availability of block devices.
[   11.696410] systemd[1]: Finished Wait for network to be configured by ifupdown.
[   11.703094] systemd[1]: Finished Create list of static device nodes for the current kernel.
[   11.706248] systemd[1]: modprobe@drm.service: Succeeded.
[   11.710684] systemd[1]: Finished Load Kernel Module drm.
[   11.751620] systemd[1]: Finished Load Kernel Modules.
[   11.755217] systemd[1]: Condition check resulted in FUSE Control File System being skipped.
[   11.755680] systemd[1]: Condition check resulted in Kernel Configuration File System being skipped.
[   11.774188] EXT4-fs (vdiska2): re-mounted. Opts: errors=remount-ro
[   11.775258] systemd[1]: Starting Apply Kernel Variables...
[   11.797331] systemd[1]: Started Journal Service.
[   12.055287] systemd-journald[558]: Received client request to flush runtime journal.
[   13.903766] sha1_sparc64: Using sparc64 sha1 opcode optimized SHA-1 implementation
[   14.039497] n2rng v0.3 (Jan 7, 2017)
[   14.039580] n2rng f029b104: Registered RNG HVAPI major 2 minor 0
[   14.039646] n2rng f029b104: Found multi-unit-capable RNG, units: 2
[   14.040608] n2rng f029b104: RNG ready
[   14.124737] sha256_sparc64: Using sparc64 sha256 opcode optimized SHA-256/SHA-224 implementation
[   14.149480] pktcdvd: setup of pktcdvd device failed
[   14.197426] pktcdvd: setup of pktcdvd device failed
[   14.201291] pktcdvd: setup of pktcdvd device failed
[   14.205145] pktcdvd: setup of pktcdvd device failed
[   14.208519] pktcdvd: setup of pktcdvd device failed
[   14.211580] pktcdvd: setup of pktcdvd device failed
[   14.215462] pktcdvd: setup of pktcdvd device failed
[   14.219021] pktcdvd: setup of pktcdvd device failed
[   14.308448] sha512_sparc64: Using sparc64 sha512 opcode optimized SHA-512/SHA-384 implementation
[   14.324114] md5_sparc64: Using sparc64 md5 opcode optimized MD5 implementation
[   14.395278] Adding 787176k swap on /dev/vdiska4.  Priority:-2 extents:1 across:787176k FS
[   14.825738] XFS (dm-0): Mounting V5 Filesystem
[   14.863207] XFS (dm-0): Ending clean mount
[   14.867717] xfs filesystem being mounted at /1 supports timestamps until 2038 (0x7fffffff)
[   15.066510] EXT4-fs (vdiska1): mounting ext3 file system using the ext4 subsystem
[   15.480378] EXT4-fs (vdiska1): mounted filesystem with ordered data mode. Opts: (null)
[   15.480613] ext3 filesystem being mounted at /boot supports timestamps until 2038 (0x7fffffff)
[   16.415391] random: crng init done
[   16.415534] random: 6 urandom warning(s) missed due to ratelimiting
[   16.446208] Kernel unaligned access at TPC[8af238] aa_dfa_unpack+0x38/0x5a0
[   16.446320] Kernel unaligned access at TPC[8af258] aa_dfa_unpack+0x58/0x5a0
[   16.446380] Kernel unaligned access at TPC[8af314] aa_dfa_unpack+0x114/0x5a0
[   16.446443] Kernel unaligned access at TPC[8af3f4] aa_dfa_unpack+0x1f4/0x5a0
[   16.446502] Kernel unaligned access at TPC[8af408] aa_dfa_unpack+0x208/0x5a0
[   16.456524] audit: type=1400 audit(1590141426.260:2): apparmor="STATUS" operation="profile_load" profile="unconfined" name="nvidia_modprobe" pid=755 comm="apparmor_parser"
[   16.456696] audit: type=1400 audit(1590141426.260:3): apparmor="STATUS" operation="profile_load" profile="unconfined" name="nvidia_modprobe//kmod" pid=755 comm="apparmor_parser"
[   16.481233] audit: type=1400 audit(1590141426.280:4): apparmor="STATUS" operation="profile_load" profile="unconfined" name="/usr/sbin/haveged" pid=754 comm="apparmor_parser"
[   16.505800] audit: type=1400 audit(1590141426.310:5): apparmor="STATUS" operation="profile_load" profile="unconfined" name="lsb_release" pid=759 comm="apparmor_parser"
[   16.541358] audit: type=1400 audit(1590141426.340:6): apparmor="STATUS" operation="profile_load" profile="unconfined" name="/usr/bin/man" pid=756 comm="apparmor_parser"
[   16.541517] audit: type=1400 audit(1590141426.340:7): apparmor="STATUS" operation="profile_load" profile="unconfined" name="man_filter" pid=756 comm="apparmor_parser"
[   16.541660] audit: type=1400 audit(1590141426.340:8): apparmor="STATUS" operation="profile_load" profile="unconfined" name="man_groff" pid=756 comm="apparmor_parser"
[   16.562722] audit: type=1400 audit(1590141426.360:9): apparmor="STATUS" operation="profile_load" profile="unconfined" name="/usr/sbin/named" pid=758 comm="apparmor_parser"
[   16.587207] audit: type=1400 audit(1590141426.390:10): apparmor="STATUS" operation="profile_load" profile="unconfined" name="/usr/sbin/tcpdump" pid=757 comm="apparmor_parser"
