[    0.000017] PROMLIB: Sun IEEE Boot Prom 'OBP 4.38.12 2018/03/28 14:54'
[    0.000029] PROMLIB: Root node compatible: sun4v
[    0.000078] Linux version 5.6.0-10588-g5364abc57993-dirty (mator@ttip) (gcc version 9.3.0 (Debian 9.3.0-9)) #61 SMP Sat Apr 4 17:43:16 MSK 2020
[    0.000397] printk: bootconsole [earlyprom0] enabled
[    0.000449] ARCH: SUN4V
[    0.000499] Ethernet address: 00:14:4f:fa:06:f2
[    0.000552] MM: PAGE_OFFSET is 0xfff8000000000000 (max_phys_bits == 47)
[    0.000617] MM: VMALLOC [0x0000000100000000 --> 0x0006000000000000]
[    0.000678] MM: VMEMMAP [0x0006000000000000 --> 0x000c000000000000]
[    0.012836] Kernel: Using 5 locked TLB entries for main kernel image.
[    0.012905] Remapping the kernel... 
[    0.012931] done.
[    0.045961] OF stdout device is: /virtual-devices@100/console@1
[    0.046025] PROM: Built device tree with 86758 bytes of memory.
[    0.046087] MDESC: Size is 36512 bytes.
[    0.046202] PLATFORM: banner-name [SPARC T5-2]
[    0.046253] PLATFORM: name [ORCL,SPARC-T5-2]
[    0.046301] PLATFORM: hostid [84fa06f2]
[    0.046344] PLATFORM: serial# [0035260e]
[    0.046388] PLATFORM: stick-frequency [3b9aca00]
[    0.046437] PLATFORM: mac-address [144ffa06f2]
[    0.046485] PLATFORM: watchdog-resolution [1000 ms]
[    0.046537] PLATFORM: watchdog-max-timeout [31536000000 ms]
[    0.046594] PLATFORM: max-cpus [1024]
[    0.046680] Top of RAM: 0x24af938000, Total RAM: 0x87f354000
[    0.046742] Memory hole size: 115461MB
[    0.051325] Allocated 40960 bytes for kernel page tables.
[    0.051408] Zone ranges:
[    0.051449]   Normal   [mem 0x0000000030400000-0x00000024af937fff]
[    0.051513] Movable zone start for each node
[    0.051560] Early memory node ranges
[    0.051601]   node   0: [mem 0x0000000030400000-0x000000006fe7ffff]
[    0.051665]   node   0: [mem 0x000000006ff00000-0x000000006ff25fff]
[    0.051728]   node   0: [mem 0x0000000070000000-0x000000042fffffff]
[    0.051790]   node   0: [mem 0x0000002030000000-0x00000024af87ffff]
[    0.051853]   node   0: [mem 0x00000024af900000-0x00000024af925fff]
[    0.051913]   node   0: [mem 0x00000024af930000-0x00000024af937fff]
[    0.063699] Zeroed struct page in unavailable ranges: 263766 pages
[    0.063708] Initmem setup node 0 [mem 0x0000000030400000-0x00000024af937fff]
[    0.063867] On node 0 totalpages: 4454826
[    0.063877]   Normal zone: 39154 pages used for memmap
[    0.063883]   Normal zone: 0 pages reserved
[    0.063889]   Normal zone: 4454826 pages, LIFO batch:31
[    0.075054] Booting Linux...
[    0.075140] CPU CAPS: [flush,stbar,swap,muldiv,v9,blkinit,n2,mul32]
[    0.075224] CPU CAPS: [div32,v8plus,popc,vis,vis2,ASIBlkInit,fmaf,vis3]
[    0.075301] CPU CAPS: [hpc,ima,pause,cbcond,aes,des,kasumi,camellia]
[    0.075377] CPU CAPS: [md5,sha1,sha256,sha512,mpmul,montmul,montsqr,crc32c]
[    0.105070] percpu: Embedded 27 pages/cpu s182992 r8192 d30000 u262144
[    0.105282] pcpu-alloc: s182992 r8192 d30000 u262144 alloc=1*4194304
[    0.105289] pcpu-alloc: [0] 000 001 002 003 004 005 006 007 008 009 010 011 012 013 014 015 
[    0.105317] pcpu-alloc: [0] 016 017 018 019 020 021 022 023 024 025 026 027 028 029 030 031 
[    0.105345] pcpu-alloc: [0] 032 033 034 035 036 037 038 039 040 041 042 043 044 045 046 047 
[    0.105373] pcpu-alloc: [0] 048 049 050 051 052 053 054 055 056 057 058 059 060 061 062 063 
[    0.105401] pcpu-alloc: [0] 064 065 066 067 068 069 070 071 072 073 074 075 076 077 078 079 
[    0.105429] pcpu-alloc: [0] 080 081 082 083 084 085 086 087 088 089 090 091 092 093 094 095 
[    0.105457] pcpu-alloc: [0] 096 097 098 099 100 101 102 103 104 105 106 107 108 109 110 111 
[    0.105485] pcpu-alloc: [0] 112 113 114 115 116 117 118 119 120 121 122 123 124 125 126 127 
[    0.105960] SUN4V: Mondo queue sizes [cpu(131072) dev(16384) r(8192) nr(256)]
[    0.106344] Built 1 zonelists, mobility grouping on.  Total pages: 4415672
[    0.106434] Kernel command line: BOOT_IMAGE=/vmlinux-5.6.0-10588-g5364abc57993-dirty root=/dev/vdiska2 ro zswap.enabled=1
[    0.108995] printk: log_buf_len individual max cpu contribution: 4096 bytes
[    0.109068] printk: log_buf_len total cpu_extra contributions: 520192 bytes
[    0.109135] printk: log_buf_len min size: 131072 bytes
[    0.109409] printk: log_buf_len: 1048576 bytes
[    0.109460] printk: early log buf free: 126648(96%)
[    0.115778] Dentry cache hash table entries: 8388608 (order: 13, 67108864 bytes, linear)
[    0.119012] Inode-cache hash table entries: 4194304 (order: 12, 33554432 bytes, linear)
[    0.119087] Sorting __ex_table...
[    0.119325] mem auto-init: stack:off, heap alloc:off, heap free:off
[    0.180650] Memory: 1305232K/35638608K available (7766K kernel code, 1057K rwdata, 2296K rodata, 648K init, 6814K bss, 509128K reserved, 0K cma-reserved)
[    0.181333] SLUB: HWalign=32, Order=0-3, MinObjects=0, CPUs=128, Nodes=1
[    0.181632] ftrace: allocating 21698 entries in 43 pages
[    0.190142] ftrace: allocated 43 pages with 4 groups
[    0.193088] Running RCU self tests
[    0.193164] rcu: Hierarchical RCU implementation.
[    0.193217] rcu: 	RCU event tracing is enabled.
[    0.193265] rcu: 	RCU lockdep checking is enabled.
[    0.193317] 	Tasks RCU enabled.
[    0.193356] rcu: RCU calculated value of scheduler-enlistment delay is 10 jiffies.
[    0.197753] NR_IRQS: 2048, nr_irqs: 2048, preallocated irqs: 1
[    0.197828] SUN4V: Using IRQ API major 3, cookie only virqs enabled
[    0.200290] clocksource: stick: mask: 0xffffffffffffffff max_cycles: 0x1cd42e4dffb, max_idle_ns: 881590591483 ns
[    0.200421] clocksource: mult[800000] shift[23]
[    0.200471] clockevent: mult[80000000] shift[31]
[    0.201025] Console: colour dummy device 80x25
[    0.201088] printk: console [tty0] enabled
[    0.201167] printk: bootconsole [earlyprom0] disabled
[    0.201253] Lock dependency validator: Copyright (c) 2006 Red Hat, Inc., Ingo Molnar
[    0.201305] ... MAX_LOCKDEP_SUBCLASSES:  8
[    0.201337] ... MAX_LOCK_DEPTH:          48
[    0.201369] ... MAX_LOCKDEP_KEYS:        8192
[    0.201402] ... CLASSHASH_SIZE:          4096
[    0.201435] ... MAX_LOCKDEP_ENTRIES:     16384
[    0.201469] ... MAX_LOCKDEP_CHAINS:      32768
[    0.201502] ... CHAINHASH_SIZE:          16384
[    0.201535]  memory used by lock dependency info: 3919 kB
[    0.201574]  memory used for stack traces: 2112 kB
[    0.201609]  per task-struct memory footprint: 1920 bytes
[    0.350697] Calibrating delay using timer specific routine.. 2003.93 BogoMIPS (lpj=10019689)
[    0.350757] pid_max: default: 131072 minimum: 1024
[    0.351027] LSM: Security Framework initializing
[    0.351166] AppArmor: AppArmor initialized
[    0.351444] Mount-cache hash table entries: 131072 (order: 7, 1048576 bytes, linear)
[    0.351613] Mountpoint-cache hash table entries: 131072 (order: 7, 1048576 bytes, linear)
[    0.355052] rcu: Hierarchical SRCU implementation.
[    0.363510] smp: Bringing up secondary CPUs ...
[    0.408775] smp: Brought up 1 node, 32 CPUs
[    0.600409] node 0 initialised, 4228031 pages in 180ms
[    0.601801] devtmpfs: initialized
[    0.606706] Performance events: 
[    0.606751] Testing NMI watchdog ... 
[    0.806826] OK.
[    0.806934] Supported PMU type is 'niagara5'
[    0.807132] random: get_random_u32 called from bucket_table_alloc.isra.0+0x198/0x1c0 with crng_init=0
[    0.807705] ldc.c:v1.1 (July 22, 2008)
[    0.810197] clocksource: jiffies: mask: 0xffffffff max_cycles: 0xffffffff, max_idle_ns: 19112604462750000 ns
[    0.810289] futex hash table entries: 32768 (order: 9, 4194304 bytes, linear)
[    0.815488] NET: Registered protocol family 16
[    0.823960] VIO: Adding device channel-devices (tx_ino = ffffffffffffffff, rx_ino = ffffffffffffffff)
[    0.824173] VIO: Adding device vnet-port-0-0 (tx_ino = 0, rx_ino = 1)
[    0.824384] VIO: Adding device vnet-port-0-1 (tx_ino = 2, rx_ino = 3)
[    0.824558] VIO: Adding device vnet-port-0-2 (tx_ino = 4, rx_ino = 5)
[    0.824731] VIO: Adding device vnet-port-0-3 (tx_ino = 6, rx_ino = 7)
[    0.824909] VIO: Adding device vnet-port-0-4 (tx_ino = 8, rx_ino = 9)
[    0.825081] VIO: Adding device vnet-port-0-5 (tx_ino = a, rx_ino = b)
[    0.825253] VIO: Adding device vdc-port-2-0 (tx_ino = c, rx_ino = d)
[    0.825428] VIO: Adding device vdc-port-1-0 (tx_ino = e, rx_ino = f)
[    0.825600] VIO: Adding device vdc-port-0-0 (tx_ino = 10, rx_ino = 11)
[    0.825771] VIO: Adding device vdc-port-3-0 (tx_ino = 12, rx_ino = 13)
[    0.825948] VIO: Adding device vlds-port-0-0 (tx_ino = 14, rx_ino = 15)
[    0.826124] VIO: Adding device domain-services-port-0 (tx_ino = 14, rx_ino = 15)
[    0.826419] audit: initializing netlink subsys (disabled)
[    0.826693] audit: type=2000 audit(0.420:1): state=initialized audit_enabled=0 res=1
[    0.852640] HugeTLB registered 64.0 KiB page size, pre-allocated 0 pages
[    0.852692] HugeTLB registered 8.00 MiB page size, pre-allocated 0 pages
[    0.852741] HugeTLB registered 256 MiB page size, pre-allocated 0 pages
[    0.852789] HugeTLB registered 2.00 GiB page size, pre-allocated 0 pages
[    0.854433] alg: extra crypto tests enabled.  This is intended for developer use only.
[    0.881007] cryptd: max_cpu_qlen set to 1000
[    0.989975] NetLabel: Initializing
[    0.990011] NetLabel:  domain hash size = 128
[    0.990046] NetLabel:  protocols = UNLABELED CIPSOv4 CALIPSO
[    0.990177] NetLabel:  unlabeled traffic allowed by default
[    0.991149] SUN4V: Reboot data supported (maj=1,min=0).
[    0.991521] ds.c:v1.0 (Jul 11, 2007)
[    0.991870] ds-0: ds_conn_reset() from send_events.isra.0
[    0.993339] clocksource: Switched to clocksource stick
[    1.202597] VFS: Disk quotas dquot_6.6.0
[    1.202740] VFS: Dquot-cache hash table entries: 1024 (order 0, 8192 bytes)
[    1.204613] AppArmor: AppArmor Filesystem Enabled
[    1.217614] NET: Registered protocol family 2
[    1.219270] tcp_listen_portaddr_hash hash table entries: 32768 (order: 8, 2621440 bytes, linear)
[    1.222187] TCP established hash table entries: 524288 (order: 9, 4194304 bytes, linear)
[    1.224655] TCP bind hash table entries: 65536 (order: 9, 4718592 bytes, linear)
[    1.230221] TCP: Hash tables configured (established 524288 bind 65536)
[    1.232730] UDP hash table entries: 32768 (order: 9, 5242880 bytes, linear)
[    1.239125] UDP-Lite hash table entries: 32768 (order: 9, 5242880 bytes, linear)
[    1.247205] NET: Registered protocol family 1
[    1.247271] NET: Registered protocol family 44
[    1.247958] Trying to unpack rootfs image as initramfs...
[    1.467611] Freeing initrd memory: 14792K
[    1.468368] aes_sparc64: Using sparc64 aes opcodes optimized AES implementation
[    1.757801] des_sparc64: Using sparc64 des opcodes optimized DES implementation
[    2.268141] camellia_sparc64: Using sparc64 camellia opcodes optimized CAMELLIA implementation
[    2.471761] workingset: timestamp_bits=46 max_order=23 bucket_order=0
[    2.491274] zbud: loaded
[    2.493602] SGI XFS with ACLs, security attributes, quota, fatal assert, debug enabled
[    2.515115] Block layer SCSI generic (bsg) driver version 0.4 loaded (major 252)
[    2.515928] io scheduler mq-deadline registered
[    2.518712] f029b788: ttyHV0 at I/O 0x0 (irq = 1, base_baud = 115200) is a SUN4V HCONS
[    2.519706] printk: console [ttyHV0] enabled
[    2.523378] sunvdc.c:v1.2 (November 24, 2014)
[    2.524984] sunvdc: Virtual Hard disk vdiskc
[    2.525026] sunvdc: vdiskc: 104857600 sectors (51200 MB) protocol 1.2
[    2.545700] sunvdc: Virtual Hard disk vdiskb
[    2.545743] sunvdc: vdiskb: 62914560 sectors (30720 MB) protocol 1.2
[    2.547116]  vdiskb: vdiskb1
[    2.566208] sunvdc: Virtual Hard disk vdiska
[    2.566251] sunvdc: vdiska: 31457280 sectors (15360 MB) protocol 1.2
[    2.567628]  vdiska: vdiska1 vdiska2 vdiska3 vdiska4
[    2.587578] sunvdc: Virtual CDROM vdiskd
[    2.587624] sunvdc: vdiskd: 453848 sectors (221 MB) protocol 1.2
[    2.589021]  vdiskd: vdiskd1 vdiskd2 vdiskd3 vdiskd4 vdiskd5 vdiskd6 vdiskd7
[    2.608515] sunvnet: sunvnet 2.0 (February 3, 2017)
[    2.610753] vnet_port vnet-port-0-0 eth0: Sun LDOM vnet 00:14:4f:f8:12:a3
[    2.610979] sunvnet: eth0: PORT ( remote-mac 00:14:4f:fa:f3:f0 switch-port )
[    2.611352] sunvnet: eth0: PORT ( remote-mac 00:14:4f:f8:e5:f3 )
[    2.611704] sunvnet: eth0: PORT ( remote-mac 00:14:4f:f9:b4:97 )
[    2.612056] sunvnet: eth0: PORT ( remote-mac 00:14:4f:f8:3f:1e )
[    2.612423] sunvnet: eth0: PORT ( remote-mac 00:14:4f:f8:fe:47 )
[    2.612774] sunvnet: eth0: PORT ( remote-mac 00:14:4f:f9:8b:83 )
[    2.614048] rtc-sun4v rtc-sun4v: registered as rtc0
[    2.614612] sun4v_wdt: initialized (timeout=60s, nowayout=0)
[    2.614868] device-mapper: uevent: version 1.0.3
[    2.615626] device-mapper: ioctl: 4.42.0-ioctl (2020-02-27) initialised: dm-devel@redhat.com
[    2.616665] NET: Registered protocol family 17
[    2.617063] registered taskstats version 1
[    2.617904] zswap: loaded using pool lzo/zbud
[    2.952053] Key type big_key registered
[    2.952123] AppArmor: AppArmor sha1 policy hashing enabled
[    2.952899] rtc-sun4v rtc-sun4v: setting system clock to 2020-04-04T14:46:08 UTC (1586011568)
[    2.957486] This architecture does not have kernel memory protection.
[    2.957541] Run /init as init process
[    2.957575]   with arguments:
[    2.957582]     /init
[    2.957588]   with environment:
[    2.957595]     HOME=/
[    2.957601]     TERM=linux
[    2.957608]     BOOT_IMAGE=/vmlinux-5.6.0-10588-g5364abc57993-dirty
[    3.542730] crc32c_sparc64: Using sparc64 crc32c opcode optimized CRC32C implementation
[    3.545829] random: fast init done
[    4.133315] raid6: int64x8  gen()  2159 MB/s
[    4.303299] raid6: int64x8  xor()  1534 MB/s
[    4.473330] raid6: int64x4  gen()  3420 MB/s
[    4.643291] raid6: int64x4  xor()  1473 MB/s
[    4.813295] raid6: int64x2  gen()  2787 MB/s
[    4.983282] raid6: int64x2  xor()  1170 MB/s
[    5.153317] raid6: int64x1  gen()  1408 MB/s
[    5.323300] raid6: int64x1  xor()   669 MB/s
[    5.323348] raid6: using algorithm int64x4 gen() 3420 MB/s
[    5.323403] raid6: .... xor() 1473 MB/s, rmw enabled
[    5.323443] raid6: using intx1 recovery algorithm
[    5.324477] async_tx: api initialized (async)
[    5.325160] xor: automatically using best checksumming function   Niagara   
[    5.418286] process '/usr/bin/fstype' started with executable stack
[    5.512152] EXT4-fs (vdiska2): mounted filesystem with ordered data mode. Opts: (null)
[    5.751357] systemd[1]: Inserted module 'autofs4'
[    5.764060] NET: Registered protocol family 10
[    5.770371] Segment Routing with IPv6
[    5.792277] systemd[1]: systemd 245.4-1 running in system mode. (+PAM +AUDIT +SELINUX +IMA +APPARMOR +SMACK +SYSVINIT +UTMP +LIBCRYPTSETUP +GCRYPT +GNUTLS +ACL +XZ +LZ4 -SECCOMP +BLKID +ELFUTILS +KMOD +IDN2 -IDN +PCRE2 default-hierarchy=hybrid)
[    5.792941] systemd[1]: Detected architecture sparc64.
[    5.900795] systemd[1]: Set hostname to <ttip>.
[    6.015129] random: lvmconfig: uninitialized urandom read (4 bytes read)
[    6.319395] systemd[1]: /lib/systemd/system/dbus.socket:5: ListenStream= references a path below legacy directory /var/run/, updating /var/run/dbus/system_bus_socket â†’ /run/dbus/system_bus_socket; please update the unit file accordingly.
[    6.396436] random: systemd: uninitialized urandom read (16 bytes read)
[    6.408411] systemd[1]: Created slice system-getty.slice.
[    6.409230] random: systemd: uninitialized urandom read (16 bytes read)
[    6.412992] systemd[1]: Created slice system-modprobe.slice.
[    6.417235] systemd[1]: Created slice system-openvpn\x2dclient.slice.
[    6.422826] systemd[1]: Created slice system-postfix.slice.
[    6.427451] systemd[1]: Created slice system-systemd\x2dfsck.slice.
[    6.431532] systemd[1]: Created slice User and Session Slice.
[    6.432642] systemd[1]: Started Dispatch Password Requests to Console Directory Watch.
[    6.433695] systemd[1]: Started Forward Password Requests to Wall Directory Watch.
[    6.436097] systemd[1]: Set up automount Arbitrary Executable File Formats File System Automount Point.
[    6.436716] systemd[1]: Reached target Local Encrypted Volumes.
[    6.437257] systemd[1]: Reached target Paths.
[    6.437754] systemd[1]: Reached target Remote File Systems.
[    6.438254] systemd[1]: Reached target Slices.
[    6.439365] systemd[1]: Listening on Device-mapper event daemon FIFOs.
[    6.440605] systemd[1]: Listening on LVM2 poll daemon socket.
[    6.442967] systemd[1]: Listening on Syslog Socket.
[    6.444480] systemd[1]: Listening on fsck to fsckd communication Socket.
[    6.445396] systemd[1]: Listening on initctl Compatibility Named Pipe.
[    6.446753] systemd[1]: Listening on Journal Audit Socket.
[    6.447942] systemd[1]: Listening on Journal Socket (/dev/log).
[    6.449361] systemd[1]: Listening on Journal Socket.
[    6.450667] systemd[1]: Listening on udev Control Socket.
[    6.451628] systemd[1]: Listening on udev Kernel Socket.
[    6.461355] systemd[1]: Mounting Huge Pages File System...
[    6.471857] systemd[1]: Mounting POSIX Message Queue File System...
[    6.481400] systemd[1]: Mounting Kernel Debug File System...
[    6.493884] systemd[1]: Mounting Kernel Trace File System...
[    6.502833] systemd[1]: Starting Availability of block devices...
[    6.512508] systemd[1]: Starting Wait for network to be configured by ifupdown...
[    6.523764] systemd[1]: Starting Create list of static device nodes for the current kernel...
[    6.532958] systemd[1]: Starting Monitoring of LVM2 mirrors, snapshots etc. using dmeventd or progress polling...
[    6.544395] systemd[1]: Starting Load Kernel Module drm...
[    6.553435] systemd[1]: Starting nftables...
[    6.555413] systemd[1]: Condition check resulted in Set Up Additional Binary Formats being skipped.
[    6.555660] systemd[1]: Condition check resulted in File System Check on Root Device being skipped.
[    6.569997] systemd[1]: Starting Journal Service...
[    6.584785] systemd[1]: Starting Load Kernel Modules...
[    6.595798] systemd[1]: Starting Remount Root and Kernel File Systems...
[    6.607697] systemd[1]: Starting udev Coldplug all Devices...
[    6.619571] systemd[1]: Mounted Huge Pages File System.
[    6.621868] systemd[1]: Mounted POSIX Message Queue File System.
[    6.624362] systemd[1]: Mounted Kernel Debug File System.
[    6.626631] systemd[1]: Mounted Kernel Trace File System.
[    6.637299] systemd[1]: Finished Availability of block devices.
[    6.647001] systemd[1]: Finished Wait for network to be configured by ifupdown.
[    6.654536] EXT4-fs (vdiska2): re-mounted. Opts: errors=remount-ro
[    6.655994] systemd[1]: Finished Create list of static device nodes for the current kernel.
[    6.662729] systemd[1]: modprobe@drm.service: Succeeded.
[    6.668211] systemd[1]: Finished Load Kernel Module drm.
[    6.672031] systemd[1]: Started Journal Service.
[    6.767882] systemd-journald[548]: Received client request to flush runtime journal.
[    7.229048] n2rng v0.3 (Jan 7, 2017)
[    7.229143] n2rng f029b104: Registered RNG HVAPI major 2 minor 0
[    7.229212] n2rng f029b104: Found multi-unit-capable RNG, units: 2
[    7.230654] n2rng f029b104: RNG ready
[    7.232887] sha1_sparc64: Using sparc64 sha1 opcode optimized SHA-1 implementation
[    7.289711] pktcdvd: setup of pktcdvd device failed
[    7.347564] pktcdvd: setup of pktcdvd device failed
[    7.357240] pktcdvd: setup of pktcdvd device failed
[    7.361567] pktcdvd: setup of pktcdvd device failed
[    7.365227] pktcdvd: setup of pktcdvd device failed
[    7.369384] pktcdvd: setup of pktcdvd device failed
[    7.373837] pktcdvd: setup of pktcdvd device failed
[    7.378464] pktcdvd: setup of pktcdvd device failed
[    7.460684] sha256_sparc64: Using sparc64 sha256 opcode optimized SHA-256/SHA-224 implementation
[    7.593499] Adding 787176k swap on /dev/vdiska4.  Priority:-2 extents:1 across:787176k FS
[    7.624687] sha512_sparc64: Using sparc64 sha512 opcode optimized SHA-512/SHA-384 implementation
[    7.626402] md5_sparc64: Using sparc64 md5 opcode optimized MD5 implementation
[    7.663419] EXT4-fs (vdiska1): mounting ext3 file system using the ext4 subsystem
[    7.678794] EXT4-fs (vdiska1): mounted filesystem with ordered data mode. Opts: (null)
[    7.678977] ext3 filesystem being mounted at /boot supports timestamps until 2038 (0x7fffffff)
[    7.696578] XFS (dm-0): Mounting V5 Filesystem
[    7.734681] XFS (dm-0): Ending clean mount
[    7.737110] xfs filesystem being mounted at /1 supports timestamps until 2038 (0x7fffffff)
[    7.849663] Kernel unaligned access at TPC[89c9b8] aa_dfa_unpack+0x38/0x5a0
[    7.849803] Kernel unaligned access at TPC[89c9d8] aa_dfa_unpack+0x58/0x5a0
[    7.849888] Kernel unaligned access at TPC[89ca94] aa_dfa_unpack+0x114/0x5a0
[    7.849972] Kernel unaligned access at TPC[89cb74] aa_dfa_unpack+0x1f4/0x5a0
[    7.850065] Kernel unaligned access at TPC[89cb88] aa_dfa_unpack+0x208/0x5a0
[    7.851364] audit: type=1400 audit(1586011573.390:2): apparmor="STATUS" operation="profile_load" profile="unconfined" name="/usr/sbin/haveged" pid=728 comm="apparmor_parser"
[    7.853255] audit: type=1400 audit(1586011573.390:3): apparmor="STATUS" operation="profile_load" profile="unconfined" name="lsb_release" pid=734 comm="apparmor_parser"
[    7.858417] audit: type=1400 audit(1586011573.400:4): apparmor="STATUS" operation="profile_load" profile="unconfined" name="/usr/sbin/named" pid=733 comm="apparmor_parser"
[    7.861471] audit: type=1400 audit(1586011573.400:5): apparmor="STATUS" operation="profile_load" profile="unconfined" name="nvidia_modprobe" pid=729 comm="apparmor_parser"
[    7.861627] audit: type=1400 audit(1586011573.400:6): apparmor="STATUS" operation="profile_load" profile="unconfined" name="nvidia_modprobe//kmod" pid=729 comm="apparmor_parser"
[    7.864408] audit: type=1400 audit(1586011573.410:7): apparmor="STATUS" operation="profile_load" profile="unconfined" name="/usr/sbin/tcpdump" pid=732 comm="apparmor_parser"
[    7.881640] audit: type=1400 audit(1586011573.420:8): apparmor="STATUS" operation="profile_load" profile="unconfined" name="/usr/bin/man" pid=731 comm="apparmor_parser"
[    7.881794] audit: type=1400 audit(1586011573.420:9): apparmor="STATUS" operation="profile_load" profile="unconfined" name="man_filter" pid=731 comm="apparmor_parser"
[    7.881943] audit: type=1400 audit(1586011573.420:10): apparmor="STATUS" operation="profile_load" profile="unconfined" name="man_groff" pid=731 comm="apparmor_parser"
[    8.474264] random: crng init done
[    8.474327] random: 7 urandom warning(s) missed due to ratelimiting
