[    0.000018] PROMLIB: Sun IEEE Boot Prom 'OBP 4.38.12 2018/03/28 14:54'
[    0.000029] PROMLIB: Root node compatible: sun4v
[    0.000075] Linux version 5.4.0-03619-gbe2eca94d144 (mator@ttip.nvglabs.local) (gcc version 9.2.1 20191109 (Debian 9.2.1-19)) #1304 SMP Tue Nov 26 11:19:55 MSK 2019
[    0.000398] printk: bootconsole [earlyprom0] enabled
[    0.000450] ARCH: SUN4V
[    0.000501] Ethernet address: 00:14:4f:fa:06:f2
[    0.000553] MM: PAGE_OFFSET is 0xfff8000000000000 (max_phys_bits == 47)
[    0.000617] MM: VMALLOC [0x0000000100000000 --> 0x0006000000000000]
[    0.000678] MM: VMEMMAP [0x0006000000000000 --> 0x000c000000000000]
[    0.012437] Kernel: Using 5 locked TLB entries for main kernel image.
[    0.012508] Remapping the kernel... 
[    0.012535] done.
[    0.046033] OF stdout device is: /virtual-devices@100/console@1
[    0.046097] PROM: Built device tree with 87467 bytes of memory.
[    0.046159] MDESC: Size is 36960 bytes.
[    0.046274] PLATFORM: banner-name [SPARC T5-2]
[    0.046326] PLATFORM: name [ORCL,SPARC-T5-2]
[    0.046373] PLATFORM: hostid [84fa06f2]
[    0.046416] PLATFORM: serial# [0035260e]
[    0.046459] PLATFORM: stick-frequency [3b9aca00]
[    0.046507] PLATFORM: mac-address [144ffa06f2]
[    0.046553] PLATFORM: watchdog-resolution [1000 ms]
[    0.046604] PLATFORM: watchdog-max-timeout [31536000000 ms]
[    0.046660] PLATFORM: max-cpus [1024]
[    0.046753] Top of RAM: 0x24af938000, Total RAM: 0x87f354000
[    0.046815] Memory hole size: 115461MB
[    0.051471] Allocated 40960 bytes for kernel page tables.
[    0.051558] Zone ranges:
[    0.051598]   Normal   [mem 0x0000000030400000-0x00000024af937fff]
[    0.051662] Movable zone start for each node
[    0.051708] Early memory node ranges
[    0.051750]   node   0: [mem 0x0000000030400000-0x000000006fe7ffff]
[    0.051814]   node   0: [mem 0x000000006ff00000-0x000000006ff25fff]
[    0.051876]   node   0: [mem 0x0000000070000000-0x000000042fffffff]
[    0.051939]   node   0: [mem 0x0000002030000000-0x00000024af87ffff]
[    0.052001]   node   0: [mem 0x00000024af900000-0x00000024af925fff]
[    0.052062]   node   0: [mem 0x00000024af930000-0x00000024af937fff]
[    0.059457] Zeroed struct page in unavailable ranges: 230130 pages
[    0.059465] Initmem setup node 0 [mem 0x0000000030400000-0x00000024af937fff]
[    0.059623] On node 0 totalpages: 4454826
[    0.059633]   Normal zone: 39154 pages used for memmap
[    0.059638]   Normal zone: 0 pages reserved
[    0.059644]   Normal zone: 4454826 pages, LIFO batch:31
[    0.070477] Booting Linux...
[    0.070559] CPU CAPS: [flush,stbar,swap,muldiv,v9,blkinit,n2,mul32]
[    0.070640] CPU CAPS: [div32,v8plus,popc,vis,vis2,ASIBlkInit,fmaf,vis3]
[    0.070716] CPU CAPS: [hpc,ima,pause,cbcond,aes,des,kasumi,camellia]
[    0.070786] CPU CAPS: [md5,sha1,sha256,sha512,mpmul,montmul,montsqr,crc32c]
[    0.100713] percpu: Embedded 27 pages/cpu s181896 r8192 d31096 u262144
[    0.100941] pcpu-alloc: s181896 r8192 d31096 u262144 alloc=1*4194304
[    0.100948] pcpu-alloc: [0] 000 001 002 003 004 005 006 007 008 009 010 011 012 013 014 015 
[    0.100974] pcpu-alloc: [0] 016 017 018 019 020 021 022 023 024 025 026 027 028 029 030 031 
[    0.101000] pcpu-alloc: [0] 032 033 034 035 036 037 038 039 040 041 042 043 044 045 046 047 
[    0.101026] pcpu-alloc: [0] 048 049 050 051 052 053 054 055 056 057 058 059 060 061 062 063 
[    0.101052] pcpu-alloc: [0] 064 065 066 067 068 069 070 071 072 073 074 075 076 077 078 079 
[    0.101078] pcpu-alloc: [0] 080 081 082 083 084 085 086 087 088 089 090 091 092 093 094 095 
[    0.101104] pcpu-alloc: [0] 096 097 098 099 100 101 102 103 104 105 106 107 108 109 110 111 
[    0.101129] pcpu-alloc: [0] 112 113 114 115 116 117 118 119 120 121 122 123 124 125 126 127 
[    0.101651] SUN4V: Mondo queue sizes [cpu(131072) dev(16384) r(8192) nr(256)]
[    0.102022] Built 1 zonelists, mobility grouping on.  Total pages: 4415672
[    0.102111] Kernel command line: BOOT_IMAGE=/vmlinux-5.4.0-03619-gbe2eca94d144 root=/dev/vdiska2 ro zswap.enabled=1
[    0.104584] printk: log_buf_len individual max cpu contribution: 4096 bytes
[    0.104654] printk: log_buf_len total cpu_extra contributions: 520192 bytes
[    0.104720] printk: log_buf_len min size: 131072 bytes
[    0.104992] printk: log_buf_len: 1048576 bytes
[    0.105042] printk: early log buf free: 126640(96%)
[    0.111366] Dentry cache hash table entries: 8388608 (order: 13, 67108864 bytes, linear)
[    0.114605] Inode-cache hash table entries: 4194304 (order: 12, 33554432 bytes, linear)
[    0.114681] Sorting __ex_table...
[    0.114932] mem auto-init: stack:off, heap alloc:off, heap free:off
[    0.172532] Memory: 1305232K/35638608K available (7464K kernel code, 961K rwdata, 2208K rodata, 712K init, 6740K bss, 504344K reserved, 0K cma-reserved)
[    0.173228] SLUB: HWalign=32, Order=0-3, MinObjects=0, CPUs=128, Nodes=1
[    0.173532] ftrace: allocating 21290 entries in 42 pages
[    0.184701] Running RCU self tests
[    0.184746] rcu: Hierarchical RCU implementation.
[    0.184796] rcu: 	RCU event tracing is enabled.
[    0.184844] rcu: 	RCU lockdep checking is enabled.
[    0.184893] 	Tasks RCU enabled.
[    0.184930] rcu: RCU calculated value of scheduler-enlistment delay is 10 jiffies.
[    0.189131] NR_IRQS: 2048, nr_irqs: 2048, preallocated irqs: 1
[    0.189206] SUN4V: Using IRQ API major 3, cookie only virqs enabled
[    0.191643] clocksource: stick: mask: 0xffffffffffffffff max_cycles: 0x1cd42e4dffb, max_idle_ns: 881590591483 ns
[    0.191773] clocksource: mult[800000] shift[23]
[    0.191822] clockevent: mult[80000000] shift[31]
[    0.192350] Console: colour dummy device 80x25
[    0.192412] printk: console [tty0] enabled
[    0.192488] printk: bootconsole [earlyprom0] disabled
[    0.192571] Lock dependency validator: Copyright (c) 2006 Red Hat, Inc., Ingo Molnar
[    0.192620] ... MAX_LOCKDEP_SUBCLASSES:  8
[    0.192649] ... MAX_LOCK_DEPTH:          48
[    0.192679] ... MAX_LOCKDEP_KEYS:        8192
[    0.192710] ... CLASSHASH_SIZE:          4096
[    0.192740] ... MAX_LOCKDEP_ENTRIES:     16384
[    0.192771] ... MAX_LOCKDEP_CHAINS:      32768
[    0.192802] ... CHAINHASH_SIZE:          16384
[    0.192833]  memory used by lock dependency info: 3855 kB
[    0.192868]  memory used for stack traces: 2112 kB
[    0.192901]  per task-struct memory footprint: 1920 bytes
[    0.342086] Calibrating delay using timer specific routine.. 2005.38 BogoMIPS (lpj=10026906)
[    0.342148] pid_max: default: 131072 minimum: 1024
[    0.342431] LSM: Security Framework initializing
[    0.342671] AppArmor: AppArmor initialized
[    0.342945] Mount-cache hash table entries: 131072 (order: 7, 1048576 bytes, linear)
[    0.343110] Mountpoint-cache hash table entries: 131072 (order: 7, 1048576 bytes, linear)
[    0.343242] *** VALIDATE tmpfs ***
[    0.344111] *** VALIDATE proc ***
[    0.344612] *** VALIDATE cgroup1 ***
[    0.344644] *** VALIDATE cgroup2 ***
[    0.346720] rcu: Hierarchical SRCU implementation.
[    0.354581] smp: Bringing up secondary CPUs ...
[    0.397743] smp: Brought up 1 node, 32 CPUs
[    0.586310] node 0 initialised, 4228629 pages in 190ms
[    0.587625] devtmpfs: initialized
[    0.592315] Performance events: 
[    0.592362] Testing NMI watchdog ... 
[    0.792438] OK.
[    0.792545] Supported PMU type is 'niagara5'
[    0.792734] random: get_random_u32 called from bucket_table_alloc.isra.0+0x188/0x1c0 with crng_init=0
[    0.793369] ldc.c:v1.1 (July 22, 2008)
[    0.795838] clocksource: jiffies: mask: 0xffffffff max_cycles: 0xffffffff, max_idle_ns: 19112604462750000 ns
[    0.795928] futex hash table entries: 32768 (order: 9, 4194304 bytes, linear)
[    0.801183] NET: Registered protocol family 16
[    0.809028] VIO: Adding device channel-devices (tx_ino = ffffffffffffffff, rx_ino = ffffffffffffffff)
[    0.809236] VIO: Adding device vnet-port-0-0 (tx_ino = 0, rx_ino = 1)
[    0.809433] VIO: Adding device vnet-port-0-1 (tx_ino = 2, rx_ino = 3)
[    0.809599] VIO: Adding device vnet-port-0-2 (tx_ino = 4, rx_ino = 5)
[    0.809770] VIO: Adding device vnet-port-0-4 (tx_ino = 8, rx_ino = 9)
[    0.809935] VIO: Adding device vnet-port-0-5 (tx_ino = a, rx_ino = b)
[    0.810099] VIO: Adding device vnet-port-0-6 (tx_ino = c, rx_ino = d)
[    0.810262] VIO: Adding device vdc-port-3-0 (tx_ino = e, rx_ino = f)
[    0.810431] VIO: Adding device vdc-port-2-0 (tx_ino = 10, rx_ino = 11)
[    0.810595] VIO: Adding device vdc-port-1-0 (tx_ino = 12, rx_ino = 13)
[    0.810759] VIO: Adding device vdc-port-0-0 (tx_ino = 14, rx_ino = 15)
[    0.810927] VIO: Adding device vdc-port-4-0 (tx_ino = 16, rx_ino = 17)
[    0.811093] VIO: Adding device vlds-port-0-0 (tx_ino = 18, rx_ino = 19)
[    0.811260] VIO: Adding device domain-services-port-0 (tx_ino = 18, rx_ino = 19)
[    0.811536] audit: initializing netlink subsys (disabled)
[    0.811808] audit: type=2000 audit(0.410:1): state=initialized audit_enabled=0 res=1
[    0.836198] HugeTLB registered 64.0 KiB page size, pre-allocated 0 pages
[    0.836246] HugeTLB registered 8.00 MiB page size, pre-allocated 0 pages
[    0.836291] HugeTLB registered 256 MiB page size, pre-allocated 0 pages
[    0.836335] HugeTLB registered 2.00 GiB page size, pre-allocated 0 pages
[    0.837957] alg: extra crypto tests enabled.  This is intended for developer use only.
[    0.863530] cryptd: max_cpu_qlen set to 1000
[    0.962052] NetLabel: Initializing
[    0.962091] NetLabel:  domain hash size = 128
[    0.962124] NetLabel:  protocols = UNLABELED CIPSOv4 CALIPSO
[    0.962257] NetLabel:  unlabeled traffic allowed by default
[    0.963300] SUN4V: Reboot data supported (maj=1,min=0).
[    0.963657] ds.c:v1.0 (Jul 11, 2007)
[    0.963997] ds-0: ds_conn_reset() from send_events.isra.0
[    0.965452] clocksource: Switched to clocksource stick
[    1.163782] *** VALIDATE bpf ***
[    1.164844] VFS: Disk quotas dquot_6.6.0
[    1.164974] VFS: Dquot-cache hash table entries: 1024 (order 0, 8192 bytes)
[    1.165182] *** VALIDATE ramfs ***
[    1.165230] *** VALIDATE hugetlbfs ***
[    1.166838] AppArmor: AppArmor Filesystem Enabled
[    1.180146] NET: Registered protocol family 2
[    1.181557] tcp_listen_portaddr_hash hash table entries: 32768 (order: 8, 2359296 bytes, linear)
[    1.184445] TCP established hash table entries: 524288 (order: 9, 4194304 bytes, linear)
[    1.186514] TCP bind hash table entries: 65536 (order: 9, 4194304 bytes, linear)
[    1.192035] TCP: Hash tables configured (established 524288 bind 65536)
[    1.194465] UDP hash table entries: 32768 (order: 9, 5242880 bytes, linear)
[    1.200737] UDP-Lite hash table entries: 32768 (order: 9, 5242880 bytes, linear)
[    1.208545] NET: Registered protocol family 1
[    1.208605] NET: Registered protocol family 44
[    1.209067] Trying to unpack rootfs image as initramfs...
[    1.492402] Freeing initrd memory: 10496K
[    1.493108] aes_sparc64: Using sparc64 aes opcodes optimized AES implementation
[    1.770376] des_sparc64: Using sparc64 des opcodes optimized DES implementation
[    2.262797] camellia_sparc64: Using sparc64 camellia opcodes optimized CAMELLIA implementation
[    2.442624] workingset: timestamp_bits=46 max_order=23 bucket_order=0
[    2.463329] SGI XFS with ACLs, security attributes, debug enabled
[    2.484160] Block layer SCSI generic (bsg) driver version 0.4 loaded (major 252)
[    2.485120] io scheduler mq-deadline registered
[    2.487937] f029b788: ttyHV0 at I/O 0x0 (irq = 1, base_baud = 115200) is a SUN4V HCONS
[    2.494801] printk: console [ttyHV0] enabled
[    2.498533] sunvdc.c:v1.2 (November 24, 2014)
[    2.500388] sunvdc: Virtual CDROM vdiskd
[    2.500431] sunvdc: vdiskd: 403160 sectors (196 MB) protocol 1.2
[    2.502416]  vdiskd: vdiskd1 vdiskd2 vdiskd3 vdiskd4 vdiskd5 vdiskd6 vdiskd7
[    2.522811] sunvdc: Virtual Hard disk vdiskc
[    2.522856] sunvdc: vdiskc: 104857600 sectors (51200 MB) protocol 1.2
[    2.547249] sunvdc: Virtual Hard disk vdiskb
[    2.547296] sunvdc: vdiskb: 62914560 sectors (30720 MB) protocol 1.2
[    2.548617]  vdiskb: vdiskb1
[    2.567228] sunvdc: Virtual Hard disk vdiska
[    2.567276] sunvdc: vdiska: 31457280 sectors (15360 MB) protocol 1.2
[    2.568978]  vdiska: vdiska1 vdiska2 vdiska3 vdiska4
[    2.596834] sunvdc: Virtual Hard disk vdiske
[    2.596873] sunvdc: vdiske: 20971520 sectors (10240 MB) protocol 1.2
[    2.627875]  vdiske: vdiske1 vdiske2 vdiske3
[    2.646088] sunvnet: sunvnet 2.0 (February 3, 2017)
[    2.648261] vnet_port vnet-port-0-0 eth0: Sun LDOM vnet 00:14:4f:f8:12:a3
[    2.648490] sunvnet: eth0: PORT ( remote-mac 00:14:4f:fa:f3:f0 switch-port )
[    2.648840] sunvnet: eth0: PORT ( remote-mac 00:14:4f:f8:e5:f3 )
[    2.649188] sunvnet: eth0: PORT ( remote-mac 00:14:4f:f9:b4:97 )
[    2.649526] sunvnet: eth0: PORT ( remote-mac 00:14:4f:f8:3f:1e )
[    2.649861] sunvnet: eth0: PORT ( remote-mac 00:14:4f:f8:fe:47 )
[    2.650197] sunvnet: eth0: PORT ( remote-mac 00:14:4f:f9:8b:83 )
[    2.651413] rtc-sun4v rtc-sun4v: registered as rtc0
[    2.651971] sun4v_wdt: initialized (timeout=60s, nowayout=0)
[    2.652353] device-mapper: uevent: version 1.0.3
[    2.653330] device-mapper: ioctl: 4.41.0-ioctl (2019-09-16) initialised: dm-devel@redhat.com
[    2.654340] NET: Registered protocol family 17
[    2.654921] registered taskstats version 1
[    2.662343] zswap: default zpool zbud not available
[    2.662399] zswap: pool creation failed
[    2.862517] Key type big_key registered
[    2.862585] AppArmor: AppArmor sha1 policy hashing enabled
[    2.863696] rtc-sun4v rtc-sun4v: setting system clock to 2019-11-26T09:58:12 UTC (1574762292)
[    2.867773] This architecture does not have kernel memory protection.
[    2.867821] Run /init as init process
[    3.359420] crc32c_sparc64: Using sparc64 crc32c opcode optimized CRC32C implementation
[    3.641187] random: fast init done
[    3.995430] raid6: int64x8  gen()  2165 MB/s
[    4.165421] raid6: int64x8  xor()  1568 MB/s
[    4.335401] raid6: int64x4  gen()  3471 MB/s
[    4.505412] raid6: int64x4  xor()  2002 MB/s
[    4.675429] raid6: int64x2  gen()  2852 MB/s
[    4.845411] raid6: int64x2  xor()  1996 MB/s
[    5.015424] raid6: int64x1  gen()  2848 MB/s
[    5.185401] raid6: int64x1  xor()  1624 MB/s
[    5.185455] raid6: using algorithm int64x4 gen() 3471 MB/s
[    5.185497] raid6: .... xor() 2002 MB/s, rmw enabled
[    5.185534] raid6: using intx1 recovery algorithm
[    5.186377] async_tx: api initialized (async)
[    5.186889] xor: automatically using best checksumming function   Niagara   
[    5.412666] EXT4-fs (vdiska2): mounted filesystem with ordered data mode. Opts: (null)
[    8.067096] systemd[1]: Inserted module 'autofs4'
[    8.164250] NET: Registered protocol family 10
[    8.170538] Segment Routing with IPv6
[    8.233629] systemd[1]: systemd 243-8 running in system mode. (+PAM +AUDIT +SELINUX +IMA +APPARMOR +SMACK +SYSVINIT +UTMP +LIBCRYPTSETUP +GCRYPT +GNUTLS +ACL +XZ +LZ4 -SECCOMP +BLKID +ELFUTILS +KMOD +IDN2 -IDN +PCRE2 default-hierarchy=hybrid)
[    8.234222] systemd[1]: Detected architecture sparc64.
[    8.370183] systemd[1]: Set hostname to <ttip.nvglabs.local>.
[    8.403247] systemd[1]: Couldn't move remaining userspace processes, ignoring: Input/output error
[    9.401087] random: lvmconfig: uninitialized urandom read (4 bytes read)
[   10.401945] systemd[1]: /lib/systemd/system/dbus.socket:5: ListenStream= references a path below legacy directory /var/run/, updating /var/run/dbus/system_bus_socket → /run/dbus/system_bus_socket; please update the unit file accordingly.
[   10.674291] systemd[1]: /lib/systemd/system/pcscd.socket:5: ListenStream= references a path below legacy directory /var/run/, updating /var/run/pcscd/pcscd.comm → /run/pcscd/pcscd.comm; please update the unit file accordingly.
[   10.718158] random: systemd: uninitialized urandom read (16 bytes read)
[   10.728775] systemd[1]: Created slice system-getty.slice.
[   10.729451] random: systemd: uninitialized urandom read (16 bytes read)
[   10.732855] systemd[1]: Created slice system-openvpn\x2dclient.slice.
[   10.733283] random: systemd: uninitialized urandom read (16 bytes read)
[   10.736762] systemd[1]: Created slice system-postfix.slice.
[   10.741941] systemd[1]: Created slice system-systemd\x2dfsck.slice.
[   10.995969] EXT4-fs (vdiska2): re-mounted. Opts: errors=remount-ro
[   11.247932] systemd-journald[547]: Received client request to flush runtime journal.
[   13.118951] sha1_sparc64: Using sparc64 sha1 opcode optimized SHA-1 implementation
[   13.240469] n2rng v0.3 (Jan 7, 2017)
[   13.240562] n2rng f029b104: Registered RNG HVAPI major 2 minor 0
[   13.240643] n2rng f029b104: Found multi-unit-capable RNG, units: 2
[   13.241707] n2rng f029b104: RNG ready
[   13.325136] sha256_sparc64: Using sparc64 sha256 opcode optimized SHA-256/SHA-224 implementation
[   13.427566] pktcdvd: setup of pktcdvd device failed
[   13.472859] pktcdvd: setup of pktcdvd device failed
[   13.477613] pktcdvd: setup of pktcdvd device failed
[   13.481517] pktcdvd: setup of pktcdvd device failed
[   13.485235] pktcdvd: setup of pktcdvd device failed
[   13.489041] pktcdvd: setup of pktcdvd device failed
[   13.492419] pktcdvd: setup of pktcdvd device failed
[   13.495889] pktcdvd: setup of pktcdvd device failed
[   13.547206] sha512_sparc64: Using sparc64 sha512 opcode optimized SHA-512/SHA-384 implementation
[   13.553849] md5_sparc64: Using sparc64 md5 opcode optimized MD5 implementation
[   13.982542] XFS (dm-0): Mounting V5 Filesystem
[   14.239287] XFS (dm-0): Ending clean mount
[   14.298004] xfs filesystem being mounted at /1 supports timestamps until 2038 (0x7fffffff)
[   15.585989] random: crng init done
[   15.586118] random: 6 urandom warning(s) missed due to ratelimiting
[   16.475553] Adding 787176k swap on /dev/vdiska4.  Priority:-2 extents:1 across:787176k FS
[   16.864916] EXT4-fs (vdiska1): mounting ext3 file system using the ext4 subsystem
[   16.882557] EXT4-fs (vdiska1): mounted filesystem with ordered data mode. Opts: (null)
[   16.882736] ext3 filesystem being mounted at /boot supports timestamps until 2038 (0x7fffffff)
[   18.456982] Kernel unaligned access at TPC[875a18] aa_dfa_unpack+0x38/0x5c0
[   18.457132] Kernel unaligned access at TPC[875a38] aa_dfa_unpack+0x58/0x5c0
[   18.457200] Kernel unaligned access at TPC[875b00] aa_dfa_unpack+0x120/0x5c0
[   18.457271] Kernel unaligned access at TPC[875be0] aa_dfa_unpack+0x200/0x5c0
[   18.457338] Kernel unaligned access at TPC[875bf4] aa_dfa_unpack+0x214/0x5c0
[   21.629289] tun: Universal TUN/TAP device driver, 1.6

[   23.415799] ======================================================
[   23.415807] WARNING: possible circular locking dependency detected
[   23.415816] 5.4.0-03619-gbe2eca94d144 #1304 Not tainted
[   23.415823] ------------------------------------------------------
[   23.415830] iptables-restor/1010 is trying to acquire lock:
[   23.415838] 00000000104aa120 (&table[i].mutex){+.+.}, at: nfnl_lock+0x24/0x40 [nfnetlink]
[   23.415859] 
               but task is already holding lock:
[   23.415866] 0000000000e3ac20 (&net->nft.commit_mutex){+.+.}, at: nf_tables_valid_genid+0x10/0x60 [nf_tables]
[   23.415889] 
               which lock already depends on the new lock.

[   23.415898] 
               the existing dependency chain (in reverse order) is:
[   23.415905] 
               -> #1 (&net->nft.commit_mutex){+.+.}:
[   23.415923]        __mutex_lock+0xac/0x9a0
[   23.415930]        mutex_lock_nested+0x1c/0x40
[   23.415940]        nf_tables_valid_genid+0x10/0x60 [nf_tables]
[   23.415948]        nfnetlink_rcv_batch+0x228/0x620 [nfnetlink]
[   23.415956]        nfnetlink_rcv+0x110/0x140 [nfnetlink]
[   23.415966]        netlink_unicast+0x128/0x200
[   23.415973]        netlink_sendmsg+0x338/0x380
[   23.415984]        sock_sendmsg+0x34/0x80
[   23.415991]        ___sys_sendmsg+0x238/0x260
[   23.415998]        __sys_sendmsg+0x48/0x80
[   23.416004]        sys_sendmsg+0x18/0x40
[   23.416017]        linux_sparc_syscall+0x34/0x44
[   23.416023] 
               -> #0 (&table[i].mutex){+.+.}:
[   23.416035]        __lock_acquire+0x1b18/0x2520
[   23.416042]        lock_acquire+0x1ac/0x1e0
[   23.416048]        __mutex_lock+0xac/0x9a0
[   23.416054]        mutex_lock_nested+0x1c/0x40
[   23.416061]        nfnl_lock+0x24/0x40 [nfnetlink]
[   23.416073]        ip_set_nfnl_get_byindex+0x190/0x280 [ip_set]
[   23.416082]        set_match_v1_checkentry+0x14/0xc0 [xt_set]
[   23.416094]        xt_check_match+0x240/0x280 [x_tables]
[   23.416104]        __nft_match_init+0x174/0x1a0 [nft_compat]
[   23.416111]        nft_match_init+0x18/0x40 [nft_compat]
[   23.416121]        nf_tables_newrule+0x510/0x7a0 [nf_tables]
[   23.416129]        nfnetlink_rcv_batch+0x3d8/0x620 [nfnetlink]
[   23.416137]        nfnetlink_rcv+0x110/0x140 [nfnetlink]
[   23.416144]        netlink_unicast+0x128/0x200
[   23.416150]        netlink_sendmsg+0x338/0x380
[   23.416157]        sock_sendmsg+0x34/0x80
[   23.416164]        ___sys_sendmsg+0x238/0x260
[   23.416170]        __sys_sendmsg+0x48/0x80
[   23.416176]        sys_sendmsg+0x18/0x40
[   23.416183]        linux_sparc_syscall+0x34/0x44
[   23.416189] 
               other info that might help us debug this:

[   23.416197]  Possible unsafe locking scenario:

[   23.416204]        CPU0                    CPU1
[   23.416209]        ----                    ----
[   23.416214]   lock(&net->nft.commit_mutex);
[   23.416221]                                lock(&table[i].mutex);
[   23.416229]                                lock(&net->nft.commit_mutex);
[   23.416236]   lock(&table[i].mutex);
[   23.416243] 
                *** DEADLOCK ***

[   23.416251] 1 lock held by iptables-restor/1010:
[   23.416256]  #0: 0000000000e3ac20 (&net->nft.commit_mutex){+.+.}, at: nf_tables_valid_genid+0x10/0x60 [nf_tables]
[   23.416273] 
               stack backtrace:
[   23.416281] CPU: 7 PID: 1010 Comm: iptables-restor Not tainted 5.4.0-03619-gbe2eca94d144 #1304
[   23.416289] Call Trace:
[   23.416301]  [00000000004d47dc] print_circular_bug.isra.0+0x1bc/0x1e0
[   23.416309]  [00000000004d4a20] check_noncircular+0x220/0x240
[   23.416316]  [00000000004d8f98] __lock_acquire+0x1b18/0x2520
[   23.416323]  [00000000004da32c] lock_acquire+0x1ac/0x1e0
[   23.416330]  [0000000000b470cc] __mutex_lock+0xac/0x9a0
[   23.416337]  [0000000000b479dc] mutex_lock_nested+0x1c/0x40
[   23.416344]  [00000000104a8024] nfnl_lock+0x24/0x40 [nfnetlink]
[   23.416353]  [00000000104b51f0] ip_set_nfnl_get_byindex+0x190/0x280 [ip_set]
[   23.416362]  [000000001052e694] set_match_v1_checkentry+0x14/0xc0 [xt_set]
[   23.416371]  [00000000103de8a0] xt_check_match+0x240/0x280 [x_tables]
[   23.416379]  [000000001051cc54] __nft_match_init+0x174/0x1a0 [nft_compat]
[   23.416387]  [000000001051cd18] nft_match_init+0x18/0x40 [nft_compat]
[   23.416398]  [00000000104e61d0] nf_tables_newrule+0x510/0x7a0 [nf_tables]
[   23.416407]  [00000000104a8898] nfnetlink_rcv_batch+0x3d8/0x620 [nfnetlink]
[   23.416415]  [00000000104a8bf0] nfnetlink_rcv+0x110/0x140 [nfnetlink]
[   23.416422]  [0000000000a3ecc8] netlink_unicast+0x128/0x200
