[    0.000010] PROMLIB: Sun IEEE Boot Prom 'OBP 4.38.17 2019/01/25 08:22'
[    0.000026] PROMLIB: Root node compatible: sun4v
[    0.000069] Linux version 5.15.0-06700-gdcd68326d29b (mator@ttip) (gcc (Debian 11.2.0-10) 11.2.0, GNU ld (GNU Binutils for Debian) 2.37) #313 SMP Wed Nov 3 14:49:43 MSK 2021
[    0.000373] printk: bootconsole [earlyprom0] enabled
[    0.000423] ARCH: SUN4V
[    0.000466] Ethernet address: 00:14:4f:fa:06:f2
[    0.000518] MM: PAGE_OFFSET is 0xfff8000000000000 (max_phys_bits == 47)
[    0.000581] MM: VMALLOC [0x0000000100000000 --> 0x0006000000000000]
[    0.000640] MM: VMEMMAP [0x0006000000000000 --> 0x000c000000000000]
[    0.014138] Kernel: Using 5 locked TLB entries for main kernel image.
[    0.014200] Remapping the kernel... 
[    0.014228] done.
[    0.030625] OF stdout device is: /virtual-devices@100/console@1
[    0.030685] PROM: Built device tree with 55713 bytes of memory.
[    0.030742] MDESC: Size is 18864 bytes.
[    0.030824] PLATFORM: banner-name [SPARC T5-2]
[    0.030870] PLATFORM: name [ORCL,SPARC-T5-2]
[    0.030914] PLATFORM: hostid [84fa06f2]
[    0.030953] PLATFORM: serial# [0035260e]
[    0.030992] PLATFORM: stick-frequency [3b9aca00]
[    0.031037] PLATFORM: mac-address [144ffa06f2]
[    0.031081] PLATFORM: watchdog-resolution [1000 ms]
[    0.031129] PLATFORM: watchdog-max-timeout [31536000000 ms]
[    0.031182] PLATFORM: max-cpus [1024]
[    0.031259] Top of RAM: 0x42f948000, Total RAM: 0x3ff3c4000
[    0.031317] Memory hole size: 773MB
[    0.032860] Allocated 24576 bytes for kernel page tables.
[    0.032931] Zone ranges:
[    0.032967]   Normal   [mem 0x0000000030400000-0x000000042f947fff]
[    0.033031] Movable zone start for each node
[    0.033073] Early memory node ranges
[    0.033110]   node   0: [mem 0x0000000030400000-0x000000006fefffff]
[    0.033170]   node   0: [mem 0x000000006ff80000-0x000000006ff89fff]
[    0.033230]   node   0: [mem 0x0000000070000000-0x000000042f8b1fff]
[    0.033290]   node   0: [mem 0x000000042f940000-0x000000042f947fff]
[    0.033349] Initmem setup node 0 [mem 0x0000000030400000-0x000000042f947fff]
[    0.042484] On node 0, zone Normal: 98816 pages in unavailable ranges
[    0.042508] On node 0, zone Normal: 64 pages in unavailable ranges
[    0.043803] On node 0, zone Normal: 59 pages in unavailable ranges
[    0.043871] On node 0, zone Normal: 71 pages in unavailable ranges
[    0.045418] On node 0, zone Normal: 33628 pages in unavailable ranges
[    0.045480] Booting Linux...
[    0.045582] CPU CAPS: [flush,stbar,swap,muldiv,v9,blkinit,n2,mul32]
[    0.045666] CPU CAPS: [div32,v8plus,popc,vis,vis2,ASIBlkInit,fmaf,vis3]
[    0.045749] CPU CAPS: [hpc,ima,pause,cbcond,aes,des,kasumi,camellia]
[    0.045831] CPU CAPS: [md5,sha1,sha256,sha512,mpmul,montmul,montsqr,crc32c]
[    0.083308] percpu: Embedded 18 pages/cpu s105040 r8192 d34224 u262144
[    0.083492] pcpu-alloc: s105040 r8192 d34224 u262144 alloc=1*4194304
[    0.083500] pcpu-alloc: [0] 000 001 002 003 004 005 006 007 008 009 010 011 012 013 014 015 
[    0.083549] pcpu-alloc: [0] 016 017 018 019 020 021 022 023 024 025 026 027 028 029 030 031 
[    0.083598] pcpu-alloc: [0] 032 033 034 035 036 037 038 039 040 041 042 043 044 045 046 047 
[    0.083646] pcpu-alloc: [0] 048 049 050 051 052 053 054 055 056 057 058 059 060 061 062 063 
[    0.083695] pcpu-alloc: [0] 064 065 066 067 068 069 070 071 072 073 074 075 076 077 078 079 
[    0.083743] pcpu-alloc: [0] 080 081 082 083 084 085 086 087 088 089 090 091 092 093 094 095 
[    0.083791] pcpu-alloc: [0] 096 097 098 099 100 101 102 103 104 105 106 107 108 109 110 111 
[    0.083839] pcpu-alloc: [0] 112 113 114 115 116 117 118 119 120 121 122 123 124 125 126 127 
[    0.083888] pcpu-alloc: [0] 128 129 130 131 132 133 134 135 136 137 138 139 140 141 142 143 
[    0.083936] pcpu-alloc: [0] 144 145 146 147 148 149 150 151 152 153 154 155 156 157 158 159 
[    0.083984] pcpu-alloc: [0] 160 161 162 163 164 165 166 167 168 169 170 171 172 173 174 175 
[    0.084032] pcpu-alloc: [0] 176 177 178 179 180 181 182 183 184 185 186 187 188 189 190 191 
[    0.084081] pcpu-alloc: [0] 192 193 194 195 196 197 198 199 200 201 202 203 204 205 206 207 
[    0.084129] pcpu-alloc: [0] 208 209 210 211 212 213 214 215 216 217 218 219 220 221 222 223 
[    0.084177] pcpu-alloc: [0] 224 225 226 227 228 229 230 231 232 233 234 235 236 237 238 239 
[    0.084225] pcpu-alloc: [0] 240 241 242 243 244 245 246 247 248 249 250 251 252 253 254 255 
[    0.084575] SUN4V: Mondo queue sizes [cpu(131072) dev(16384) r(8192) nr(256)]
[    0.084784] Built 1 zonelists, mobility grouping on.  Total pages: 2077166
[    0.084861] Kernel command line: BOOT_IMAGE=/vmlinux-5.15.0-06700-gdcd68326d29b root=/dev/vdiska2 ro
[    0.084988] Unknown command line parameters: BOOT_IMAGE=/vmlinux-5.15.0-06700-gdcd68326d29b
[    0.085066] printk: log_buf_len individual max cpu contribution: 4096 bytes
[    0.085129] printk: log_buf_len total cpu_extra contributions: 1044480 bytes
[    0.085193] printk: log_buf_len min size: 131072 bytes
[    0.086969] printk: log_buf_len: 2097152 bytes
[    0.087015] printk: early log buf free: 126416(96%)
[    0.088656] Dentry cache hash table entries: 2097152 (order: 11, 16777216 bytes, linear)
[    0.089549] Inode-cache hash table entries: 1048576 (order: 10, 8388608 bytes, linear)
[    0.089621] Sorting __ex_table...
[    0.089869] mem auto-init: stack:off, heap alloc:off, heap free:off
[    0.093985] Memory: 1257968K/16764688K available (8821K kernel code, 1737K rwdata, 2944K rodata, 616K init, 3133K bss, 290672K reserved, 0K cma-reserved)
[    0.094151] random: get_random_u64 called from kmem_cache_open+0xc/0x1e0 with crng_init=0
[    0.097146] SLUB: HWalign=32, Order=0-3, MinObjects=0, CPUs=256, Nodes=1
[    0.097940] ftrace: allocating 27101 entries in 53 pages
[    0.108197] ftrace: allocated 53 pages with 4 groups
[    0.108479] trace event string verifier disabled
[    0.112599] rcu: Hierarchical RCU implementation.
[    0.112653] rcu: 	RCU debug extended QS entry/exit.
[    0.112700] 	Trampoline variant of Tasks RCU enabled.
[    0.112748] 	Rude variant of Tasks RCU enabled.
[    0.112791] 	Tracing variant of Tasks RCU enabled.
[    0.112837] rcu: RCU calculated value of scheduler-enlistment delay is 26 jiffies.
[    0.119241] NR_IRQS: 2048, nr_irqs: 2048, preallocated irqs: 1
[    0.119337] SUN4V: Using IRQ API major 3, cookie only virqs enabled
[    0.123257] clocksource: stick: mask: 0xffffffffffffffff max_cycles: 0x1cd42e4dffb, max_idle_ns: 881590591483 ns
[    0.123392] clocksource: mult[800000] shift[23]
[    0.123439] clockevent: mult[80000000] shift[31]
[    0.124077] Console: colour dummy device 80x25
[    0.124130] printk: console [tty0] enabled
[    0.124190] printk: bootconsole [earlyprom0] disabled
[    0.124255] Lock dependency validator: Copyright (c) 2006 Red Hat, Inc., Ingo Molnar
[    0.124281] ... MAX_LOCKDEP_SUBCLASSES:  8
[    0.124297] ... MAX_LOCK_DEPTH:          48
[    0.124312] ... MAX_LOCKDEP_KEYS:        8192
[    0.124328] ... CLASSHASH_SIZE:          4096
[    0.124345] ... MAX_LOCKDEP_ENTRIES:     16384
[    0.124361] ... MAX_LOCKDEP_CHAINS:      32768
[    0.124377] ... CHAINHASH_SIZE:          16384
[    0.124394]  memory used by lock dependency info: 2603 kB
[    0.124413]  per task-struct memory footprint: 1920 bytes
[    0.203599] Calibrating delay using timer specific routine.. 2003.09 BogoMIPS (lpj=4006190)
[    0.203632] pid_max: default: 262144 minimum: 2048
[    0.204423] LSM: Security Framework initializing
[    0.204870] Mount-cache hash table entries: 32768 (order: 5, 262144 bytes, linear)
[    0.204928] Mountpoint-cache hash table entries: 32768 (order: 5, 262144 bytes, linear)
[    0.208352] rcu: Hierarchical SRCU implementation.
[    0.215782] smp: Bringing up secondary CPUs ...
[    0.221493] smp: Brought up 1 node, 8 CPUs
[    0.307820] node 0 deferred pages initialised in 84ms
[    0.308844] devtmpfs: initialized
[    0.310377] Performance events: 
[    0.310396] Testing NMI watchdog ... 
[    0.390472] OK.
[    0.390536] Supported PMU type is 'niagara5'
[    0.391593] ldc.c:v1.1 (July 22, 2008)
[    0.392314] clocksource: jiffies: mask: 0xffffffff max_cycles: 0xffffffff, max_idle_ns: 7645041785100000 ns
[    0.392363] futex hash table entries: 65536 (order: 10, 8388608 bytes, linear)
[    0.399853] NET: Registered PF_NETLINK/PF_ROUTE protocol family
[    0.401862] VIO: Adding device channel-devices (tx_ino = ffffffffffffffff, rx_ino = ffffffffffffffff)
[    0.401948] VIO: Adding device vnet-port-0-0 (tx_ino = 0, rx_ino = 1)
[    0.402015] VIO: Adding device vnet-port-0-1 (tx_ino = 2, rx_ino = 3)
[    0.402076] VIO: Adding device vnet-port-0-2 (tx_ino = 4, rx_ino = 5)
[    0.402135] VIO: Adding device vnet-port-0-3 (tx_ino = 6, rx_ino = 7)
[    0.402194] VIO: Adding device vnet-port-0-4 (tx_ino = 12, rx_ino = 13)
[    0.402254] VIO: Adding device vdc-port-2-0 (tx_ino = 8, rx_ino = 9)
[    0.402312] VIO: Adding device vdc-port-1-0 (tx_ino = a, rx_ino = b)
[    0.402370] VIO: Adding device vdc-port-0-0 (tx_ino = c, rx_ino = d)
[    0.402434] VIO: Adding device vlds-port-0-0 (tx_ino = e, rx_ino = f)
[    0.402495] VIO: Adding device domain-services-port-0 (tx_ino = e, rx_ino = f)
[    0.402705] audit: initializing netlink subsys (disabled)
[    0.402895] audit: type=2000 audit(0.276:1): state=initialized audit_enabled=0 res=1
[    0.414461] HugeTLB registered 64.0 KiB page size, pre-allocated 0 pages
[    0.414487] HugeTLB registered 8.00 MiB page size, pre-allocated 0 pages
[    0.414511] HugeTLB registered 256 MiB page size, pre-allocated 0 pages
[    0.414534] HugeTLB registered 2.00 GiB page size, pre-allocated 0 pages
[    0.418909] SUN4V: Reboot data supported (maj=1,min=0).
[    0.419115] ds.c:v1.0 (Jul 11, 2007)
[    0.419329] ds-0: ds_conn_reset() from send_events
[    0.419757] clocksource: Switched to clocksource stick
[    0.528438] VFS: Disk quotas dquot_6.6.0
[    0.528650] VFS: Dquot-cache hash table entries: 1024 (order 0, 8192 bytes)
[    0.536194] NET: Registered PF_INET protocol family
[    0.536631] IP idents hash table entries: 262144 (order: 8, 2097152 bytes, linear)
[    0.543405] tcp_listen_portaddr_hash hash table entries: 8192 (order: 6, 655360 bytes, linear)
[    0.544347] TCP established hash table entries: 131072 (order: 7, 1048576 bytes, linear)
[    0.545308] TCP bind hash table entries: 65536 (order: 9, 4718592 bytes, linear)
[    0.552584] TCP: Hash tables configured (established 131072 bind 65536)
[    0.554986] UDP hash table entries: 8192 (order: 7, 1310720 bytes, linear)
[    0.557160] UDP-Lite hash table entries: 8192 (order: 7, 1310720 bytes, linear)
[    0.561609] NET: Registered PF_UNIX/PF_LOCAL protocol family
[    0.561656] NET: Registered PF_XDP protocol family
[    0.562331] Trying to unpack rootfs image as initramfs...
[    0.575536] Initialise system trusted keyrings
[    0.575774] workingset: timestamp_bits=46 max_order=21 bucket_order=0
[    0.584315] zbud: loaded
[    0.587111] SGI XFS with ACLs, security attributes, realtime, quota, no debug enabled
[    0.591116] Key type asymmetric registered
[    0.591146] Asymmetric key parser 'x509' registered
[    0.591379] Block layer SCSI generic (bsg) driver version 0.4 loaded (major 252)
[    0.591979] io scheduler mq-deadline registered
[    0.594845] f029b788: ttyHV0 at I/O 0x0 (irq = 1, base_baud = 115200) is a SUN4V HCONS
[    0.595436] printk: console [ttyHV0] enabled
[    0.596122] n2rng v0.3 (Jan 7, 2017)
[    0.596158] n2rng f029b104: Registered RNG HVAPI major 2 minor 0
[    0.596190] n2rng f029b104: Found multi-unit-capable RNG, units: 2
[    0.596805] n2rng f029b104: RNG ready
[    0.597421] sunvdc.c:v1.2 (November 24, 2014)
[    0.600432] sunvdc: Virtual Hard disk vdiskc
[    0.600458] sunvdc: vdiskc: 104857600 sectors (51200 MB) protocol 1.2
[    0.622531] sunvdc: Virtual Hard disk vdiskb
[    0.622568] sunvdc: vdiskb: 62914560 sectors (30720 MB) protocol 1.2
[    0.637112]  vdiskb: vdiskb1
[    0.644749] sunvdc: Virtual Hard disk vdiska
[    0.644776] sunvdc: vdiska: 31457280 sectors (15360 MB) protocol 1.2
[    0.659938]  vdiska: vdiska1 vdiska2 vdiska3 vdiska4
[    0.662306] rtc-sun4v rtc-sun4v: registered as rtc0
[    0.662353] rtc-sun4v rtc-sun4v: setting system clock to 2021-11-03T12:13:22 UTC (1635941602)
[    0.662669] softdog: initialized. soft_noboot=0 soft_margin=60 sec soft_panic=0 (nowayout=0)
[    0.662709] softdog:              soft_reboot_cmd=<not set> soft_active_on_boot=0
[    0.666241] NET: Registered PF_INET6 protocol family
[    0.882874] Freeing initrd memory: 30352K
[    0.904092] Segment Routing with IPv6
[    0.904143] In-situ OAM (IOAM) with IPv6
[    0.904219] mip6: Mobile IPv6
[    0.904240] NET: Registered PF_PACKET protocol family
[    0.905340] registered taskstats version 1
[    0.905367] Loading compiled-in X.509 certificates
[    0.915467] zswap: loaded using pool lzo/zbud
[    1.466927] This architecture does not have kernel memory protection.
[    1.466963] Run /init as init process
[    1.466981]   with arguments:
[    1.466985]     /init
[    1.466990]   with environment:
[    1.466993]     HOME=/
[    1.466997]     TERM=linux
[    1.467000]     BOOT_IMAGE=/vmlinux-5.15.0-06700-gdcd68326d29b
[    1.807220] sunvnet: sunvnet 2.0 (February 3, 2017)
[    1.811377] vnet_port vnet-port-0-0 eth0: Sun LDOM vnet 00:14:4f:f8:12:a3
[    1.811669] sunvnet: eth0: PORT ( remote-mac 00:14:4f:fa:f3:f0 switch-port )
[    1.812976] sunvnet: eth0: PORT ( remote-mac 00:14:4f:f8:e5:f3 )
[    1.814360] sunvnet: eth0: PORT ( remote-mac 00:14:4f:f9:b4:97 )
[    1.815655] sunvnet: eth0: PORT ( remote-mac 00:14:4f:f8:3f:1e )
[    1.817011] sunvnet: eth0: PORT ( remote-mac 00:14:4f:f9:8b:83 )
[    1.826937] crc32c_sparc64: Using sparc64 crc32c opcode optimized CRC32C implementation
[    1.838276] random: lvm: uninitialized urandom read (4 bytes read)
[    1.883522] device-mapper: uevent: version 1.0.3
[    1.884319] device-mapper: ioctl: 4.45.0-ioctl (2021-03-22) initialised: dm-devel@redhat.com
[    1.896603] random: lvm: uninitialized urandom read (2 bytes read)
[    2.279163] xor: automatically using best checksumming function   Niagara   
[    2.347716] raid6: int64x8  gen()  2151 MB/s
[    2.415709] raid6: int64x8  xor()  1504 MB/s
[    2.483704] raid6: int64x4  gen()  3372 MB/s
[    2.551717] raid6: int64x4  xor()  1468 MB/s
[    2.619721] raid6: int64x2  gen()  2893 MB/s
[    2.687721] raid6: int64x2  xor()  1134 MB/s
[    2.755734] raid6: int64x1  gen()  1432 MB/s
[    2.823709] raid6: int64x1  xor()   711 MB/s
[    2.823730] raid6: using algorithm int64x4 gen() 3372 MB/s
[    2.823753] raid6: .... xor() 1468 MB/s, rmw enabled
[    2.823773] raid6: using intx1 recovery algorithm
[    3.256346] random: fast init done
[    3.262516] EXT4-fs (vdiska2): mounted filesystem with ordered data mode. Opts: (null). Quota mode: none.
[    4.695804] systemd[1]: Inserted module 'autofs4'
[    5.020924] systemd[1]: systemd 249.5-1 running in system mode (+PAM +AUDIT +SELINUX +APPARMOR +IMA +SMACK -SECCOMP +GCRYPT +GNUTLS -OPENSSL +ACL +BLKID +CURL +ELFUTILS -FIDO2 +IDN2 -IDN +IPTC +KMOD +LIBCRYPTSETUP -LIBFDISK +PCRE2 -PWQUALITY -P11KIT -QRENCODE +BZIP2 +LZ4 +XZ +ZLIB +ZSTD -XKBCOMMON +UTMP +SYSVINIT default-hierarchy=unified)
[    5.021272] systemd[1]: Detected architecture sparc64.
[    5.044410] systemd[1]: Hostname set to <ttip>.
[    5.997427] random: lvmconfig: uninitialized urandom read (4 bytes read)
[    7.394082] systemd[1]: Queued start job for default target Multi-User System.
[    7.394923] random: systemd: uninitialized urandom read (16 bytes read)
[    7.403940] systemd[1]: Created slice Slice /system/getty.
[    7.404375] random: systemd: uninitialized urandom read (16 bytes read)
[    7.407970] systemd[1]: Created slice Slice /system/modprobe.
[    7.408173] random: systemd: uninitialized urandom read (16 bytes read)
[    7.412076] systemd[1]: Created slice Slice /system/openvpn-client.
[    7.415846] systemd[1]: Created slice Slice /system/postfix.
[    7.419592] systemd[1]: Created slice Slice /system/systemd-fsck.
[    7.423967] systemd[1]: Created slice User and Session Slice.
[    7.424480] systemd[1]: Started Dispatch Password Requests to Console Directory Watch.
[    7.424936] systemd[1]: Started Forward Password Requests to Wall Directory Watch.
[    7.426451] systemd[1]: Set up automount Arbitrary Executable File Formats File System Automount Point.
[    7.426751] systemd[1]: Reached target Local Encrypted Volumes.
[    7.427016] systemd[1]: Reached target Path Units.
[    7.427251] systemd[1]: Reached target Slice Units.
[    7.427498] systemd[1]: Reached target System Time Set.
[    7.427796] systemd[1]: Reached target Local Verity Integrity Protected Volumes.
[    7.428268] systemd[1]: Listening on Device-mapper event daemon FIFOs.
[    7.428833] systemd[1]: Listening on LVM2 poll daemon socket.
[    7.446089] systemd[1]: Listening on RPCbind Server Activation Socket.
[    7.447257] systemd[1]: Listening on Syslog Socket.
[    7.448396] systemd[1]: Listening on fsck to fsckd communication Socket.
[    7.448803] systemd[1]: Listening on initctl Compatibility Named Pipe.
[    7.449618] systemd[1]: Listening on Journal Audit Socket.
[    7.450184] systemd[1]: Listening on Journal Socket (/dev/log).
[    7.450889] systemd[1]: Listening on Journal Socket.
[    7.457014] systemd[1]: Listening on udev Control Socket.
[    7.457575] systemd[1]: Listening on udev Kernel Socket.
[    7.463533] systemd[1]: Mounting Huge Pages File System...
[    7.470171] systemd[1]: Mounting POSIX Message Queue File System...
[    7.477326] systemd[1]: Mounting RPC Pipe File System...
[    7.484951] systemd[1]: Mounting Kernel Debug File System...
[    7.492961] systemd[1]: Mounting Kernel Trace File System...
[    7.493690] systemd[1]: Condition check resulted in Kernel Module supporting RPCSEC_GSS being skipped.
[    7.494397] systemd[1]: Finished Availability of block devices.
[    7.503399] systemd[1]: Starting Wait for network to be configured by ifupdown...
[    7.513270] systemd[1]: Starting Create List of Static Device Nodes...
[    7.521340] systemd[1]: Starting Monitoring of LVM2 mirrors, snapshots etc. using dmeventd or progress polling...
[    7.530046] systemd[1]: Starting Load Kernel Module configfs...
[    7.539262] systemd[1]: Starting Load Kernel Module drm...
[    7.545057] RPC: Registered named UNIX socket transport module.
[    7.545104] RPC: Registered udp transport module.
[    7.545138] RPC: Registered tcp transport module.
[    7.545172] RPC: Registered tcp NFSv4.1 backchannel transport module.
[    7.549303] systemd[1]: Starting Load Kernel Module fuse...
[    7.558059] systemd[1]: Starting nftables...
[    7.571422] systemd[1]: Condition check resulted in Set Up Additional Binary Formats being skipped.
[    7.571759] systemd[1]: Condition check resulted in File System Check on Root Device being skipped.
[    7.580691] fuse: init (API version 7.34)
[    7.585030] systemd[1]: Starting Journal Service...
[    7.614571] systemd[1]: Starting Load Kernel Modules...
[    7.622939] systemd[1]: Starting Remount Root and Kernel File Systems...
[    7.630322] systemd[1]: Starting Coldplug All udev Devices...
[    7.638586] systemd[1]: Mounted Huge Pages File System.
[    7.639197] systemd[1]: Mounted POSIX Message Queue File System.
[    7.639771] systemd[1]: Mounted RPC Pipe File System.
[    7.640310] systemd[1]: Mounted Kernel Debug File System.
[    7.640842] systemd[1]: Mounted Kernel Trace File System.
[    7.642984] systemd[1]: Finished Wait for network to be configured by ifupdown.
[    7.645394] systemd[1]: Finished Create List of Static Device Nodes.
[    7.646940] systemd[1]: modprobe@configfs.service: Deactivated successfully.
[    7.649261] systemd[1]: Finished Load Kernel Module configfs.
[    7.652184] systemd[1]: Finished Monitoring of LVM2 mirrors, snapshots etc. using dmeventd or progress polling.
[    7.653891] systemd[1]: modprobe@drm.service: Deactivated successfully.
[    7.656035] systemd[1]: Finished Load Kernel Module drm.
[    7.657763] systemd[1]: modprobe@fuse.service: Deactivated successfully.
[    7.659647] systemd[1]: Finished Load Kernel Module fuse.
[    7.667657] systemd[1]: Mounting FUSE Control File System...
[    7.680170] systemd[1]: Mounting Kernel Configuration File System...
[    7.685131] systemd[1]: Mounted FUSE Control File System.
[    7.694539] EXT4-fs (vdiska2): re-mounted. Opts: errors=remount-ro. Quota mode: none.
[    7.697769] systemd[1]: Finished Load Kernel Modules.
[    7.700313] systemd[1]: Mounted Kernel Configuration File System.
[    7.707792] systemd[1]: Starting Apply Kernel Variables...
[    7.723362] systemd[1]: Finished Remount Root and Kernel File Systems.
[    7.781835] systemd[1]: Starting Initial Check File System Quotas...
[    7.782349] systemd[1]: Condition check resulted in Platform Persistent Storage Archival being skipped.
[    7.788704] systemd[1]: Starting Load/Save Random Seed...
[    7.795537] systemd[1]: Starting Create System Users...
[    7.796658] systemd[1]: Started Journal Service.
[    7.878290] systemd-journald[285]: Received client request to flush runtime journal.
[    9.032010] sha1_sparc64: Using sparc64 sha1 opcode optimized SHA-1 implementation
[    9.072128] sha256_sparc64: Using sparc64 sha256 opcode optimized SHA-256/SHA-224 implementation
[    9.078787] sha512_sparc64: Using sparc64 sha512 opcode optimized SHA-512/SHA-384 implementation
[    9.118662] md5_sparc64: Using sparc64 md5 opcode optimized MD5 implementation
[    9.149095] aes_sparc64: Using sparc64 aes opcodes optimized AES implementation
[    9.188436] des_sparc64: Using sparc64 des opcodes optimized DES implementation
[    9.245210] camellia_sparc64: Using sparc64 camellia opcodes optimized CAMELLIA implementation
[    9.509635] Adding 787176k swap on /dev/vdiska4.  Priority:-2 extents:1 across:787176k FS
[    9.513859] XFS (dm-0): Mounting V5 Filesystem
[    9.634042] XFS (dm-0): Ending clean mount
[    9.635954] xfs filesystem being mounted at /1 supports timestamps until 2038 (0x7fffffff)
[   10.087839] EXT4-fs (vdiska1): mounting ext3 file system using the ext4 subsystem
[   10.392086] random: crng init done
[   10.392125] random: 4 urandom warning(s) missed due to ratelimiting
[   10.420328] EXT4-fs (vdiska1): mounted filesystem with ordered data mode. Opts: (null). Quota mode: none.
[   10.420632] ext3 filesystem being mounted at /boot supports timestamps until 2038 (0x7fffffff)
