[    0.000018] PROMLIB: Sun IEEE Boot Prom 'OBP 4.38.17 2019/01/25 08:22'
[    0.000041] PROMLIB: Root node compatible: sun4v
[    0.000102] Linux version 5.13.0-00447-ga15286c63d11 (mator@ttip) (gcc (Debian 10.2.1-6) 10.2.1 20210110, GNU ld (GNU Binutils for Debian) 2.35.2) #251 SMP Fri Jul 2 20:07:19 MSK 2021
[    0.000592] printk: bootconsole [earlyprom0] enabled
[    0.000677] ARCH: SUN4V
[    0.000749] Ethernet address: 00:14:4f:fa:06:f2
[    0.000832] MM: PAGE_OFFSET is 0xfff8000000000000 (max_phys_bits == 47)
[    0.000937] MM: VMALLOC [0x0000000100000000 --> 0x0006000000000000]
[    0.001032] MM: VMEMMAP [0x0006000000000000 --> 0x000c000000000000]
[    0.066328] Kernel: Using 5 locked TLB entries for main kernel image.
[    0.066808] Remapping the kernel... 
[    0.066972] done.
[    0.114586] OF stdout device is: /virtual-devices@100/console@1
[    0.114750] PROM: Built device tree with 79473 bytes of memory.
[    0.114900] MDESC: Size is 29712 bytes.
[    0.115138] PLATFORM: banner-name [SPARC T5-2]
[    0.115255] PLATFORM: name [ORCL,SPARC-T5-2]
[    0.115362] PLATFORM: hostid [84fa06f2]
[    0.115460] PLATFORM: serial# [0035260e]
[    0.115557] PLATFORM: stick-frequency [3b9aca00]
[    0.115669] PLATFORM: mac-address [144ffa06f2]
[    0.115774] PLATFORM: watchdog-resolution [1000 ms]
[    0.115884] PLATFORM: watchdog-max-timeout [31536000000 ms]
[    0.116006] PLATFORM: max-cpus [1024]
[    0.116185] Top of RAM: 0x22f948000, Total RAM: 0x1ff382000
[    0.116316] Memory hole size: 773MB
[    0.119801] Allocated 24576 bytes for kernel page tables.
[    0.119981] Zone ranges:
[    0.120074]   Normal   [mem 0x0000000030400000-0x000000022f947fff]
[    0.120243] Movable zone start for each node
[    0.120354] Early memory node ranges
[    0.120450]   node   0: [mem 0x0000000030400000-0x000000006febffff]
[    0.120604]   node   0: [mem 0x000000006ff40000-0x000000006ff47fff]
[    0.120750]   node   0: [mem 0x0000000070000000-0x000000022f8b1fff]
[    0.120898]   node   0: [mem 0x000000022f940000-0x000000022f947fff]
[    0.121045] Initmem setup node 0 [mem 0x0000000030400000-0x000000022f947fff]
[    0.121207] On node 0 totalpages: 1046977
[    0.121222]   Normal zone: 9204 pages used for memmap
[    0.121233]   Normal zone: 0 pages reserved
[    0.121244]   Normal zone: 1046977 pages, LIFO batch:31
[    0.146840]   Normal zone: 132671 pages in unavailable ranges
[    0.147299] Booting Linux...
[    0.147588] CPU CAPS: [flush,stbar,swap,muldiv,v9,blkinit,n2,mul32]
[    0.148139] CPU CAPS: [div32,v8plus,popc,vis,vis2,ASIBlkInit,fmaf,vis3]
[    0.148645] CPU CAPS: [hpc,ima,pause,cbcond,aes,des,kasumi,camellia]
[    0.149099] CPU CAPS: [md5,sha1,sha256,sha512,mpmul,montmul,montsqr,crc32c]
[    0.434123] percpu: Embedded 20 pages/cpu s120528 r8192 d35120 u262144
[    0.435607] pcpu-alloc: s120528 r8192 d35120 u262144 alloc=1*4194304
[    0.435659] pcpu-alloc: [0] 000 001 002 003 004 005 006 007 008 009 010 011 012 013 014 015 
[    0.435991] pcpu-alloc: [0] 016 017 018 019 020 021 022 023 024 025 026 027 028 029 030 031 
[    0.436342] pcpu-alloc: [0] 032 033 034 035 036 037 038 039 040 041 042 043 044 045 046 047 
[    0.436723] pcpu-alloc: [0] 048 049 050 051 052 053 054 055 056 057 058 059 060 061 062 063 
[    0.437131] pcpu-alloc: [0] 064 065 066 067 068 069 070 071 072 073 074 075 076 077 078 079 
[    0.437538] pcpu-alloc: [0] 080 081 082 083 084 085 086 087 088 089 090 091 092 093 094 095 
[    0.437944] pcpu-alloc: [0] 096 097 098 099 100 101 102 103 104 105 106 107 108 109 110 111 
[    0.438353] pcpu-alloc: [0] 112 113 114 115 116 117 118 119 120 121 122 123 124 125 126 127 
[    0.438751] pcpu-alloc: [0] 128 129 130 131 132 133 134 135 136 137 138 139 140 141 142 143 
[    0.439138] pcpu-alloc: [0] 144 145 146 147 148 149 150 151 152 153 154 155 156 157 158 159 
[    0.439545] pcpu-alloc: [0] 160 161 162 163 164 165 166 167 168 169 170 171 172 173 174 175 
[    0.439952] pcpu-alloc: [0] 176 177 178 179 180 181 182 183 184 185 186 187 188 189 190 191 
[    0.440337] pcpu-alloc: [0] 192 193 194 195 196 197 198 199 200 201 202 203 204 205 206 207 
[    0.440686] pcpu-alloc: [0] 208 209 210 211 212 213 214 215 216 217 218 219 220 221 222 223 
[    0.441017] pcpu-alloc: [0] 224 225 226 227 228 229 230 231 232 233 234 235 236 237 238 239 
[    0.441323] pcpu-alloc: [0] 240 241 242 243 244 245 246 247 248 249 250 251 252 253 254 255 
[    0.443437] SUN4V: Mondo queue sizes [cpu(131072) dev(16384) r(8192) nr(256)]
[    0.444387] Built 1 zonelists, mobility grouping on.  Total pages: 1037773
[    0.444633] Kernel command line: BOOT_IMAGE=/vmlinux-5.13.0-00447-ga15286c63d11 root=/dev/vdiska2 ro
[    0.445550] printk: log_buf_len individual max cpu contribution: 4096 bytes
[    0.445742] printk: log_buf_len total cpu_extra contributions: 1044480 bytes
[    0.445922] printk: log_buf_len min size: 131072 bytes
[    0.449011] printk: log_buf_len: 2097152 bytes
[    0.449112] printk: early log buf free: 126576(96%)
[    0.450379] Dentry cache hash table entries: 1048576 (order: 10, 8388608 bytes, linear)
[    0.451128] Inode-cache hash table entries: 524288 (order: 9, 4194304 bytes, linear)
[    0.451265] Sorting __ex_table...
[    0.451711] mem auto-init: stack:off, heap alloc:off, heap free:off
[    0.456158] Memory: 1260912K/8375816K available (8770K kernel code, 1704K rwdata, 2912K rodata, 632K init, 3134K bss, 205616K reserved, 0K cma-reserved)
[    0.456401] random: get_random_u64 called from kmem_cache_open+0x1c/0x340 with crng_init=0
[    0.457885] SLUB: HWalign=32, Order=0-3, MinObjects=0, CPUs=256, Nodes=1
[    0.458544] ftrace: allocating 27364 entries in 54 pages
[    0.473466] ftrace: allocated 54 pages with 4 groups
[    0.473797] trace event string verifier disabled
[    0.479450] rcu: Hierarchical RCU implementation.
[    0.479530] rcu: 	RCU debug extended QS entry/exit.
[    0.479606] 	Rude variant of Tasks RCU enabled.
[    0.479676] 	Tracing variant of Tasks RCU enabled.
[    0.479750] rcu: RCU calculated value of scheduler-enlistment delay is 26 jiffies.
[    0.493620] NR_IRQS: 2048, nr_irqs: 2048, preallocated irqs: 1
[    0.494059] SUN4V: Using IRQ API major 3, cookie only virqs enabled
[    0.514546] clocksource: stick: mask: 0xffffffffffffffff max_cycles: 0x1cd42e4dffb, max_idle_ns: 881590591483 ns
[    0.515279] clocksource: mult[800000] shift[23]
[    0.515565] clockevent: mult[80000000] shift[31]
[    0.517995] Console: colour dummy device 80x25
[    0.518299] printk: console [tty0] enabled
[    0.518651] printk: bootconsole [earlyprom0] disabled
[    0.519021] Lock dependency validator: Copyright (c) 2006 Red Hat, Inc., Ingo Molnar
[    0.519160] ... MAX_LOCKDEP_SUBCLASSES:  8
[    0.519245] ... MAX_LOCK_DEPTH:          48
[    0.519332] ... MAX_LOCKDEP_KEYS:        8192
[    0.519420] ... CLASSHASH_SIZE:          4096
[    0.519508] ... MAX_LOCKDEP_ENTRIES:     16384
[    0.519591] ... MAX_LOCKDEP_CHAINS:      32768
[    0.519670] ... CHAINHASH_SIZE:          16384
[    0.519754]  memory used by lock dependency info: 2603 kB
[    0.519857]  per task-struct memory footprint: 1920 bytes
[    0.600616] Calibrating delay using timer specific routine.. 2022.43 BogoMIPS (lpj=4044872)
[    0.600849] pid_max: default: 262144 minimum: 2048
[    0.602427] LSM: Security Framework initializing
[    0.603071] Mount-cache hash table entries: 16384 (order: 4, 131072 bytes, linear)
[    0.603254] Mountpoint-cache hash table entries: 16384 (order: 4, 131072 bytes, linear)
[    0.611113] rcu: Hierarchical SRCU implementation.
[    0.623245] smp: Bringing up secondary CPUs ...
[    0.648012] smp: Brought up 1 node, 24 CPUs
[    0.689254] node 0 deferred pages initialised in 40ms
[    0.690220] devtmpfs: initialized
[    0.694511] Performance events: 
[    0.694561] Testing NMI watchdog ... 
[    0.774732] OK.
[    0.775194] Supported PMU type is 'niagara5'
[    0.781005] ldc.c:v1.1 (July 22, 2008)
[    0.785693] clocksource: jiffies: mask: 0xffffffff max_cycles: 0xffffffff, max_idle_ns: 7645041785100000 ns
[    0.786014] futex hash table entries: 65536 (order: 10, 8388608 bytes, linear)
[    0.834850] NET: Registered protocol family 16
[    0.853274] VIO: Adding device channel-devices (tx_ino = ffffffffffffffff, rx_ino = ffffffffffffffff)
[    0.853878] VIO: Adding device vnet-port-0-0 (tx_ino = 0, rx_ino = 1)
[    0.854352] VIO: Adding device vnet-port-0-1 (tx_ino = 2, rx_ino = 3)
[    0.854787] VIO: Adding device vnet-port-0-2 (tx_ino = 4, rx_ino = 5)
[    0.855216] VIO: Adding device vnet-port-0-3 (tx_ino = 6, rx_ino = 7)
[    0.855642] VIO: Adding device vnet-port-0-4 (tx_ino = 8, rx_ino = 9)
[    0.856173] VIO: Adding device vdc-port-2-0 (tx_ino = a, rx_ino = b)
[    0.856608] VIO: Adding device vdc-port-1-0 (tx_ino = c, rx_ino = d)
[    0.857029] VIO: Adding device vdc-port-0-0 (tx_ino = e, rx_ino = f)
[    0.857470] VIO: Adding device vlds-port-0-0 (tx_ino = 10, rx_ino = 11)
[    0.857915] VIO: Adding device domain-services-port-0 (tx_ino = 10, rx_ino = 11)
[    0.858992] audit: initializing netlink subsys (disabled)
[    0.859878] audit: type=2000 audit(0.336:1): state=initialized audit_enabled=0 res=1
[    0.893847] HugeTLB registered 64.0 KiB page size, pre-allocated 0 pages
[    0.893895] HugeTLB registered 8.00 MiB page size, pre-allocated 0 pages
[    0.893933] HugeTLB registered 256 MiB page size, pre-allocated 0 pages
[    0.893972] HugeTLB registered 2.00 GiB page size, pre-allocated 0 pages
[    2.182780] SUN4V: Reboot data supported (maj=1,min=0).
[    2.183112] ds.c:v1.0 (Jul 11, 2007)
[    2.183402] ds-0: ds_conn_reset() from send_events
[    2.184352] clocksource: Switched to clocksource stick
[    2.331157] VFS: Disk quotas dquot_6.6.0
[    2.331600] VFS: Dquot-cache hash table entries: 1024 (order 0, 8192 bytes)
[    2.364905] NET: Registered protocol family 2
[    2.365579] IP idents hash table entries: 131072 (order: 7, 1048576 bytes, linear)
[    2.374195] tcp_listen_portaddr_hash hash table entries: 4096 (order: 5, 327680 bytes, linear)
[    2.375824] TCP established hash table entries: 65536 (order: 6, 524288 bytes, linear)
[    2.377269] TCP bind hash table entries: 65536 (order: 9, 4718592 bytes, linear)
[    2.402233] TCP: Hash tables configured (established 65536 bind 65536)
[    2.409978] UDP hash table entries: 4096 (order: 6, 655360 bytes, linear)
[    2.413631] UDP-Lite hash table entries: 4096 (order: 6, 655360 bytes, linear)
[    2.425119] NET: Registered protocol family 1
[    2.425258] NET: Registered protocol family 44
[    2.427148] Trying to unpack rootfs image as initramfs...
[    2.471611] Initialise system trusted keyrings
[    2.472153] workingset: timestamp_bits=46 max_order=20 bucket_order=0
[    2.486177] zbud: loaded
[    2.489721] SGI XFS with ACLs, security attributes, realtime, quota, no debug enabled
[    2.494485] Key type asymmetric registered
[    2.494526] Asymmetric key parser 'x509' registered
[    2.494599] Block layer SCSI generic (bsg) driver version 0.4 loaded (major 252)
[    2.495383] io scheduler mq-deadline registered
[    2.498857] f029b788: ttyHV0 at I/O 0x0 (irq = 1, base_baud = 115200) is a SUN4V HCONS
[    2.499920] printk: console [ttyHV0] enabled
[    2.501354] n2rng v0.3 (Jan 7, 2017)
[    2.501401] n2rng f029b104: Registered RNG HVAPI major 2 minor 0
[    2.501451] n2rng f029b104: Found multi-unit-capable RNG, units: 2
[    2.503305] n2rng f029b104: RNG ready
[    2.504081] sunvdc.c:v1.2 (November 24, 2014)
[    2.514424] sunvdc: Virtual Hard disk vdiskc
[    2.514474] sunvdc: vdiskc: 104857600 sectors (51200 MB) protocol 1.2
[    2.594466] sunvdc: Virtual Hard disk vdiskb
[    2.594576] sunvdc: vdiskb: 62914560 sectors (30720 MB) protocol 1.2
[    2.597807]  vdiskb: vdiskb1
[    2.656275] sunvdc: Virtual Hard disk vdiska
[    2.656459] sunvdc: vdiska: 31457280 sectors (15360 MB) protocol 1.2
[    2.659773]  vdiska: vdiska1 vdiska2 vdiska3 vdiska4
[    2.680604] rtc-sun4v rtc-sun4v: registered as rtc0
[    2.680679] rtc-sun4v rtc-sun4v: setting system clock to 2021-07-02T20:59:54 UTC (1625259594)
[    2.680945] rtc-test rtc-test.0: registered as rtc1
[    2.690070] rtc rtc2: invalid alarm value: 18446744073704833233-01-08T10:37:09
[    2.690593] rtc-test rtc-test.1: registered as rtc2
[    2.700201] rtc rtc3: invalid alarm value: 18446744073704833233-01-08T10:37:09
[    2.700403] rtc-test rtc-test.2: registered as rtc3
[    2.700691] softdog: initialized. soft_noboot=0 soft_margin=60 sec soft_panic=0 (nowayout=0)
[    2.700725] softdog:              soft_reboot_cmd=<not set> soft_active_on_boot=0
[    2.702358] NET: Registered protocol family 10
[    3.142027] Freeing initrd memory: 27240K
[    3.200119] Segment Routing with IPv6
[    3.200442] mip6: Mobile IPv6
[    3.200526] NET: Registered protocol family 17
[    3.217485] registered taskstats version 1
[    3.217606] Loading compiled-in X.509 certificates
[    3.240743] zswap: loaded using pool lzo/zbud
[    3.253038] This architecture does not have kernel memory protection.
[    3.253175] Run /init as init process
[    3.253251]   with arguments:
[    3.253270]     /init
[    3.253289]   with environment:
[    3.253307]     HOME=/
[    3.253325]     TERM=linux
[    3.253342]     BOOT_IMAGE=/vmlinux-5.13.0-00447-ga15286c63d11
[    4.773092] sunvnet_common: module verification failed: signature and/or required key missing - tainting kernel
[    4.776536] sunvnet: sunvnet 2.0 (February 3, 2017)
[    4.778784] vnet_port vnet-port-0-0 eth0: Sun LDOM vnet 00:14:4f:f8:12:a3
[    4.778950] sunvnet: eth0: PORT ( remote-mac 00:14:4f:fa:f3:f0 switch-port )
[    4.779259] sunvnet: eth0: PORT ( remote-mac 00:14:4f:f8:e5:f3 )
[    4.779537] sunvnet: eth0: PORT ( remote-mac 00:14:4f:f8:3f:1e )
[    4.779815] sunvnet: eth0: PORT ( remote-mac 00:14:4f:f9:b4:97 )
[    4.780128] sunvnet: eth0: PORT ( remote-mac 00:14:4f:f9:8b:83 )
[    4.787657] crc32c_sparc64: Using sparc64 crc32c opcode optimized CRC32C implementation
[    4.793353] random: lvm: uninitialized urandom read (4 bytes read)
[    4.821453] device-mapper: uevent: version 1.0.3
[    4.821796] device-mapper: ioctl: 4.45.0-ioctl (2021-03-22) initialised: dm-devel@redhat.com
[    4.827818] random: lvm: uninitialized urandom read (2 bytes read)
[    5.427843] xor: automatically using best checksumming function   Niagara   
[    5.504542] raid6: int64x8  gen()   292 MB/s
[    5.572432] raid6: int64x8  xor()   207 MB/s
[    5.640343] raid6: int64x4  gen()  1164 MB/s
[    5.708423] raid6: int64x4  xor()   252 MB/s
[    5.776384] raid6: int64x2  gen()  1260 MB/s
[    5.844408] raid6: int64x2  xor()   155 MB/s
[    5.912375] raid6: int64x1  gen()   191 MB/s
[    5.980374] raid6: int64x1  xor()    99 MB/s
[    5.980538] raid6: using algorithm int64x2 gen() 1260 MB/s
[    5.980696] raid6: .... xor() 155 MB/s, rmw enabled
[    5.980840] raid6: using intx1 recovery algorithm
[    6.234731] random: fast init done
[    6.362084] EXT4-fs (vdiska2): mounted filesystem with ordered data mode. Opts: (null). Quota mode: none.
[    9.877459] systemd[1]: Inserted module 'autofs4'
[   10.256600] systemd[1]: systemd 247.3-5 running in system mode. (+PAM +AUDIT +SELINUX +IMA +APPARMOR +SMACK +SYSVINIT +UTMP +LIBCRYPTSETUP +GCRYPT +GNUTLS +ACL +XZ +LZ4 +ZSTD -SECCOMP +BLKID +ELFUTILS +KMOD +IDN2 -IDN +PCRE2 default-hierarchy=unified)
[   10.257186] systemd[1]: Detected architecture sparc64.
[   10.348822] systemd[1]: Set hostname to <ttip>.
[   11.719392] random: lvmconfig: uninitialized urandom read (4 bytes read)
[   14.350087] systemd[1]: Queued start job for default target Multi-User System.
[   14.351322] random: systemd: uninitialized urandom read (16 bytes read)
[   14.389857] systemd[1]: Created slice system-getty.slice.
[   14.391231] random: systemd: uninitialized urandom read (16 bytes read)
[   14.399126] systemd[1]: Created slice system-modprobe.slice.
[   14.399558] random: systemd: uninitialized urandom read (16 bytes read)
[   14.405941] systemd[1]: Created slice system-openvpn\x2dclient.slice.
[   14.412676] systemd[1]: Created slice system-postfix.slice.
[   14.418830] systemd[1]: Created slice system-systemd\x2dfsck.slice.
[   14.426143] systemd[1]: Created slice User and Session Slice.
[   14.427040] systemd[1]: Started Dispatch Password Requests to Console Directory Watch.
[   14.427767] systemd[1]: Started Forward Password Requests to Wall Directory Watch.
[   14.430289] systemd[1]: Set up automount Arbitrary Executable File Formats File System Automount Point.
[   14.430798] systemd[1]: Reached target Local Encrypted Volumes.
[   14.431247] systemd[1]: Reached target Paths.
[   14.431628] systemd[1]: Reached target Slices.
[   14.432504] systemd[1]: Listening on Device-mapper event daemon FIFOs.
[   14.433407] systemd[1]: Listening on LVM2 poll daemon socket.
[   14.457336] systemd[1]: Listening on RPCbind Server Activation Socket.
[   14.460664] systemd[1]: Listening on Syslog Socket.
[   14.461627] systemd[1]: Listening on fsck to fsckd communication Socket.
[   14.462284] systemd[1]: Listening on initctl Compatibility Named Pipe.
[   14.463418] systemd[1]: Listening on Journal Audit Socket.
[   14.464274] systemd[1]: Listening on Journal Socket (/dev/log).
[   14.465365] systemd[1]: Listening on Journal Socket.
[   14.466458] systemd[1]: Listening on udev Control Socket.
[   14.467229] systemd[1]: Listening on udev Kernel Socket.
[   14.477312] systemd[1]: Mounting Huge Pages File System...
[   14.488581] systemd[1]: Mounting POSIX Message Queue File System...
[   14.499303] systemd[1]: Mounting RPC Pipe File System...
[   14.510029] systemd[1]: Mounting Kernel Debug File System...
[   14.520576] systemd[1]: Mounting Kernel Trace File System...
[   14.521431] systemd[1]: Condition check resulted in Kernel Module supporting RPCSEC_GSS being skipped.
[   14.522146] systemd[1]: Finished Availability of block devices.
[   14.532978] systemd[1]: Starting Wait for network to be configured by ifupdown...
[   14.543803] systemd[1]: Starting Create list of static device nodes for the current kernel...
[   14.554259] systemd[1]: Starting Monitoring of LVM2 mirrors, snapshots etc. using dmeventd or progress polling...
[   14.565294] systemd[1]: Starting Load Kernel Module configfs...
[   14.576885] systemd[1]: Starting Load Kernel Module drm...
[   14.587158] systemd[1]: Starting Load Kernel Module fuse...
[   14.599036] systemd[1]: Starting nftables...
[   14.644347] systemd[1]: Condition check resulted in Set Up Additional Binary Formats being skipped.
[   14.644715] systemd[1]: Condition check resulted in File System Check on Root Device being skipped.
[   14.660666] systemd[1]: Starting Journal Service...
[   14.716992] systemd[1]: Starting Load Kernel Modules...
[   14.727375] systemd[1]: Starting Remount Root and Kernel File Systems...
[   14.738852] systemd[1]: Starting Coldplug All udev Devices...
[   14.751909] systemd[1]: Mounted Huge Pages File System.
[   14.752977] systemd[1]: Mounted POSIX Message Queue File System.
[   14.753839] systemd[1]: Mounted Kernel Debug File System.
[   14.754686] systemd[1]: Mounted Kernel Trace File System.
[   14.758298] systemd[1]: Finished Wait for network to be configured by ifupdown.
[   14.762035] systemd[1]: Finished Create list of static device nodes for the current kernel.
[   14.766227] systemd[1]: Finished Monitoring of LVM2 mirrors, snapshots etc. using dmeventd or progress polling.
[   14.769157] systemd[1]: modprobe@configfs.service: Succeeded.
[   14.772388] systemd[1]: Finished Load Kernel Module configfs.
[   14.775619] systemd[1]: modprobe@drm.service: Succeeded.
[   14.778897] systemd[1]: Finished Load Kernel Module drm.
[   14.791898] systemd[1]: Mounting Kernel Configuration File System...
[   14.805272] systemd[1]: Mounted Kernel Configuration File System.
[   14.810223] EXT4-fs (vdiska2): re-mounted. Opts: errors=remount-ro. Quota mode: none.
[   14.813226] systemd[1]: Finished Load Kernel Modules.
[   14.828909] systemd[1]: Starting Apply Kernel Variables...
[   14.851145] systemd[1]: Finished Remount Root and Kernel File Systems.
[   15.020669] systemd[1]: Starting Initial Check File System Quotas...
[   15.152082] systemd[1]: Condition check resulted in Rebuild Hardware Database being skipped.
[   15.152457] systemd[1]: Condition check resulted in Platform Persistent Storage Archival being skipped.
[   15.154572] fuse: init (API version 7.33)
[   15.162233] systemd[1]: Starting Load/Save Random Seed...
[   15.172916] systemd[1]: Starting Create System Users...
[   15.175084] systemd[1]: Started Journal Service.
[   15.627151] systemd-journald[391]: Received client request to flush runtime journal.
[   16.576919] RPC: Registered named UNIX socket transport module.
[   16.576981] RPC: Registered udp transport module.
[   16.577015] RPC: Registered tcp transport module.
[   16.577047] RPC: Registered tcp NFSv4.1 backchannel transport module.
[   18.164635] sha1_sparc64: Using sparc64 sha1 opcode optimized SHA-1 implementation
[   18.263359] sha256_sparc64: Using sparc64 sha256 opcode optimized SHA-256/SHA-224 implementation
[   18.276715] random: crng init done
[   18.276756] random: 4 urandom warning(s) missed due to ratelimiting
[   18.312993] sha512_sparc64: Using sparc64 sha512 opcode optimized SHA-512/SHA-384 implementation
[   18.623008] md5_sparc64: Using sparc64 md5 opcode optimized MD5 implementation
[   18.784443] aes_sparc64: Using sparc64 aes opcodes optimized AES implementation
[   18.955191] XFS (dm-0): Mounting V5 Filesystem
[   19.024778] des_sparc64: Using sparc64 des opcodes optimized DES implementation
[   19.183923] camellia_sparc64: Using sparc64 camellia opcodes optimized CAMELLIA implementation
[   19.360943] XFS (dm-0): Ending clean mount
[   19.444825] xfs filesystem being mounted at /1 supports timestamps until 2038 (0x7fffffff)
[   19.476384] Adding 787176k swap on /dev/vdiska4.  Priority:-2 extents:1 across:787176k FS
[   20.046527] EXT4-fs (vdiska1): mounting ext3 file system using the ext4 subsystem
[   20.777747] EXT4-fs (vdiska1): mounted filesystem with ordered data mode. Opts: (null). Quota mode: none.
[   20.777973] ext3 filesystem being mounted at /boot supports timestamps until 2038 (0x7fffffff)
