[    0.000017] PROMLIB: Sun IEEE Boot Prom 'OBP 4.38.12 2018/03/28 14:54'
[    0.000029] PROMLIB: Root node compatible: sun4v
[    0.000075] Linux version 5.0.0-rc1-00001-g3bd6e94bec12 (mator@ttip) (gcc version 8.2.0 (Debian 8.2.0-13)) #852 SMP Mon Jan 7 11:51:56 MSK 2019
[    0.000380] printk: bootconsole [earlyprom0] enabled
[    0.000433] ARCH: SUN4V
[    0.000484] Ethernet address: 00:14:4f:fa:06:f2
[    0.000537] MM: PAGE_OFFSET is 0xfff8000000000000 (max_phys_bits == 47)
[    0.000602] MM: VMALLOC [0x0000000100000000 --> 0x0006000000000000]
[    0.000662] MM: VMEMMAP [0x0006000000000000 --> 0x000c000000000000]
[    0.011229] Kernel: Using 5 locked TLB entries for main kernel image.
[    0.011312] Remapping the kernel... 
[    0.011334] done.
[    0.040239] OF stdout device is: /virtual-devices@100/console@1
[    0.040319] PROM: Built device tree with 72847 bytes of memory.
[    0.040383] MDESC: Size is 30768 bytes.
[    0.040495] PLATFORM: banner-name [SPARC T5-2]
[    0.040544] PLATFORM: name [ORCL,SPARC-T5-2]
[    0.040591] PLATFORM: hostid [84fa06f2]
[    0.040634] PLATFORM: serial# [0035260e]
[    0.040676] PLATFORM: stick-frequency [3b9aca00]
[    0.040724] PLATFORM: mac-address [144ffa06f2]
[    0.040772] PLATFORM: watchdog-resolution [1000 ms]
[    0.040823] PLATFORM: watchdog-max-timeout [31536000000 ms]
[    0.040879] PLATFORM: max-cpus [1024]
[    0.040979] Top of RAM: 0x24af948000, Total RAM: 0x87f388000
[    0.041041] Memory hole size: 115461MB
[    0.045267] Allocated 40960 bytes for kernel page tables.
[    0.045364] Zone ranges:
[    0.045403]   Normal   [mem 0x0000000030400000-0x00000024af947fff]
[    0.045467] Movable zone start for each node
[    0.045512] Early memory node ranges
[    0.045552]   node   0: [mem 0x0000000030400000-0x000000006febffff]
[    0.045612]   node   0: [mem 0x000000006ff40000-0x000000006ff47fff]
[    0.045673]   node   0: [mem 0x0000000070000000-0x000000042fffffff]
[    0.045733]   node   0: [mem 0x0000002030000000-0x00000024af8b7fff]
[    0.045794]   node   0: [mem 0x00000024af940000-0x00000024af947fff]
[    0.053154] Zeroed struct page in unavailable ranges: 230112 pages
[    0.053162] Initmem setup node 0 [mem 0x0000000030400000-0x00000024af947fff]
[    0.053321] On node 0 totalpages: 4454852
[    0.053329]   Normal zone: 39154 pages used for memmap
[    0.053334]   Normal zone: 0 pages reserved
[    0.053340]   Normal zone: 4454852 pages, LIFO batch:31
[    0.254662] Booting Linux...
[    0.254745] CPU CAPS: [flush,stbar,swap,muldiv,v9,blkinit,n2,mul32]
[    0.254826] CPU CAPS: [div32,v8plus,popc,vis,vis2,ASIBlkInit,fmaf,vis3]
[    0.255904] CPU CAPS: [hpc,ima,pause,cbcond,aes,des,kasumi,camellia]
[    0.255977] CPU CAPS: [md5,sha1,sha256,sha512,mpmul,montmul,montsqr,crc32c]
[    0.307189] percpu: Embedded 20 pages/cpu @(____ptrval____) s121928 r8192 d33720 u262144
[    0.307451] pcpu-alloc: s121928 r8192 d33720 u262144 alloc=1*4194304
[    0.307458] pcpu-alloc: [0] 000 001 002 003 004 005 006 007 008 009 010 011 012 013 014 015 
[    0.307484] pcpu-alloc: [0] 016 017 018 019 020 021 022 023 024 025 026 027 028 029 030 031 
[    0.307510] pcpu-alloc: [0] 032 033 034 035 036 037 038 039 040 041 042 043 044 045 046 047 
[    0.307535] pcpu-alloc: [0] 048 049 050 051 052 053 054 055 056 057 058 059 060 061 062 063 
[    0.307561] pcpu-alloc: [0] 064 065 066 067 068 069 070 071 072 073 074 075 076 077 078 079 
[    0.307586] pcpu-alloc: [0] 080 081 082 083 084 085 086 087 088 089 090 091 092 093 094 095 
[    0.307611] pcpu-alloc: [0] 096 097 098 099 100 101 102 103 104 105 106 107 108 109 110 111 
[    0.307637] pcpu-alloc: [0] 112 113 114 115 116 117 118 119 120 121 122 123 124 125 126 127 
[    0.307663] pcpu-alloc: [0] 128 129 130 131 132 133 134 135 136 137 138 139 140 141 142 143 
[    0.307688] pcpu-alloc: [0] 144 145 146 147 148 149 150 151 152 153 154 155 156 157 158 159 
[    0.307714] pcpu-alloc: [0] 160 161 162 163 164 165 166 167 168 169 170 171 172 173 174 175 
[    0.307739] pcpu-alloc: [0] 176 177 178 179 180 181 182 183 184 185 186 187 188 189 190 191 
[    0.307764] pcpu-alloc: [0] 192 193 194 195 196 197 198 199 200 201 202 203 204 205 206 207 
[    0.307790] pcpu-alloc: [0] 208 209 210 211 212 213 214 215 216 217 218 219 220 221 222 223 
[    0.307815] pcpu-alloc: [0] 224 225 226 227 228 229 230 231 232 233 234 235 236 237 238 239 
[    0.307841] pcpu-alloc: [0] 240 241 242 243 244 245 246 247 248 249 250 251 252 253 254 255 
[    0.308262] SUN4V: Mondo queue sizes [cpu(131072) dev(16384) r(8192) nr(256)]
[    0.308559] Built 1 zonelists, mobility grouping on.  Total pages: 4415698
[    0.308647] Kernel command line: BOOT_IMAGE=/vmlinuz-5.0.0-rc1-00001-g3bd6e94bec12 root=/dev/vdiska2 ro zswap.enabled=1 elevator=deadline
[    0.311008] printk: log_buf_len individual max cpu contribution: 4096 bytes
[    0.311078] printk: log_buf_len total cpu_extra contributions: 1044480 bytes
[    0.311146] printk: log_buf_len min size: 131072 bytes
[    0.311515] printk: log_buf_len: 2097152 bytes
[    0.311567] printk: early log buf free: 125920(96%)
[    0.317893] Dentry cache hash table entries: 8388608 (order: 13, 67108864 bytes)
[    0.321143] Inode-cache hash table entries: 4194304 (order: 12, 33554432 bytes)
[    0.321219] Sorting __ex_table...
[    0.404380] Memory: 35120048K/35638816K available (6085K kernel code, 827K rwdata, 1752K rodata, 880K init, 7992K bss, 518768K reserved, 0K cma-reserved)
[    0.404735] kmemleak: Kernel memory leak detector disabled
[    0.406101] ftrace: allocating 18530 entries in 37 pages
[    0.419832] Running RCU self tests
[    0.419904] rcu: Hierarchical RCU implementation.
[    0.419955] rcu: 	RCU event tracing is enabled.
[    0.420006] rcu: 	RCU lockdep checking is enabled.
[    0.420056] rcu: RCU calculated value of scheduler-enlistment delay is 11 jiffies.
[    0.425313] NR_IRQS: 2048, nr_irqs: 2048, preallocated irqs: 1
[    0.425431] SUN4V: Using IRQ API major 3, cookie only virqs enabled
[    0.429610] clocksource: stick: mask: 0xffffffffffffffff max_cycles: 0x1cd42e4dffb, max_idle_ns: 881590591483 ns
[    0.429744] clocksource: mult[800000] shift[23]
[    0.429792] clockevent: mult[80000000] shift[31]
[    0.433714] Console: colour dummy device 80x25
[    0.433798] printk: console [tty0] enabled
[    0.433876] printk: bootconsole [earlyprom0] disabled
[    0.433959] Lock dependency validator: Copyright (c) 2006 Red Hat, Inc., Ingo Molnar
[    0.434004] ... MAX_LOCKDEP_SUBCLASSES:  8
[    0.434032] ... MAX_LOCK_DEPTH:          48
[    0.434061] ... MAX_LOCKDEP_KEYS:        8191
[    0.434090] ... CLASSHASH_SIZE:          4096
[    0.434119] ... MAX_LOCKDEP_ENTRIES:     16384
[    0.434148] ... MAX_LOCKDEP_CHAINS:      32768
[    0.434177] ... CHAINHASH_SIZE:          16384
[    0.434206]  memory used by lock dependency info: 4959 kB
[    0.434240]  per task-struct memory footprint: 1920 bytes
[    0.434412] kmemleak: Early log buffer exceeded (36559), please increase DEBUG_KMEMLEAK_EARLY_LOG_SIZE
[    0.580470] Calibrating delay using timer specific routine.. 2016.93 BogoMIPS (lpj=10084654)
[    0.580536] pid_max: default: 262144 minimum: 2048
[    0.581640] LSM: Security Framework initializing
[    0.581680] AppArmor: AppArmor disabled by boot time parameter
[    0.582338] Mount-cache hash table entries: 131072 (order: 7, 1048576 bytes)
[    0.582498] Mountpoint-cache hash table entries: 131072 (order: 7, 1048576 bytes)
[    0.587381] rcu: Hierarchical SRCU implementation.
[    0.610033] smp: Bringing up secondary CPUs ...
[    0.670491] smp: Brought up 1 node, 24 CPUs
[    0.674720] devtmpfs: initialized
[    0.680252] Performance events: 
[    0.680295] Testing NMI watchdog ... 
[    0.880405] OK.
[    0.880579] Supported PMU type is 'niagara5'
[    0.880905] random: get_random_u32 called from bucket_table_alloc.isra.4+0x140/0x1c0 with crng_init=0
[    0.881768] ldc.c:v1.1 (July 22, 2008)
[    0.884532] clocksource: jiffies: mask: 0xffffffff max_cycles: 0xffffffff, max_idle_ns: 19112604462750000 ns
[    0.884630] futex hash table entries: 65536 (order: 10, 8388608 bytes)
[    0.894418] NET: Registered protocol family 16
[    0.903685] VIO: Adding device channel-devices (tx_ino = ffffffffffffffff, rx_ino = ffffffffffffffff)
[    0.903933] VIO: Adding device vnet-port-0-0 (tx_ino = 0, rx_ino = 1)
[    0.904163] VIO: Adding device vnet-port-0-1 (tx_ino = 2, rx_ino = 3)
[    0.904364] VIO: Adding device vnet-port-0-2 (tx_ino = 4, rx_ino = 5)
[    0.904557] VIO: Adding device vnet-port-0-3 (tx_ino = 6, rx_ino = 7)
[    0.904759] VIO: Adding device vnet-port-0-4 (tx_ino = 8, rx_ino = 9)
[    0.904952] VIO: Adding device vdc-port-3-0 (tx_ino = a, rx_ino = b)
[    0.905150] VIO: Adding device vdc-port-2-0 (tx_ino = c, rx_ino = d)
[    0.905346] VIO: Adding device vdc-port-1-0 (tx_ino = e, rx_ino = f)
[    0.905542] VIO: Adding device vdc-port-0-0 (tx_ino = 10, rx_ino = 11)
[    0.905742] VIO: Adding device vlds-port-0-0 (tx_ino = 12, rx_ino = 13)
[    0.905944] VIO: Adding device domain-services-port-0 (tx_ino = 12, rx_ino = 13)
[    0.906358] audit: initializing netlink subsys (disabled)
[    0.906727] audit: type=2000 audit(0.470:1): state=initialized audit_enabled=0 res=1
[    0.952782] HugeTLB registered 64.0 KiB page size, pre-allocated 0 pages
[    0.952836] HugeTLB registered 8.00 MiB page size, pre-allocated 0 pages
[    0.952878] HugeTLB registered 256 MiB page size, pre-allocated 0 pages
[    0.952920] HugeTLB registered 2.00 GiB page size, pre-allocated 0 pages
[    0.964708] SUN4V: Reboot data supported (maj=1,min=0).
[    0.965152] ds.c:v1.0 (Jul 11, 2007)
[    0.965570] ds-0: ds_conn_reset() from send_events.isra.3
[    0.967037] clocksource: Switched to clocksource stick
[    1.147802] VFS: Disk quotas dquot_6.6.0
[    1.148289] VFS: Dquot-cache hash table entries: 1024 (order 0, 8192 bytes)
[    1.168906] NET: Registered protocol family 2
[    1.171277] tcp_listen_portaddr_hash hash table entries: 32768 (order: 8, 2359296 bytes)
[    1.174384] TCP established hash table entries: 524288 (order: 9, 4194304 bytes)
[    1.176425] TCP bind hash table entries: 65536 (order: 9, 4194304 bytes)
[    1.181759] TCP: Hash tables configured (established 524288 bind 65536)
[    1.188489] UDP hash table entries: 32768 (order: 9, 5242880 bytes)
[    1.195502] UDP-Lite hash table entries: 32768 (order: 9, 5242880 bytes)
[    1.209520] NET: Registered protocol family 1
[    1.210430] Unpacking initramfs...
[    1.450529] Freeing initrd memory: 7192K
[    1.487359] Kprobe smoke test: started
[    1.496580] Kprobe smoke test: passed successfully
[    1.497869] workingset: timestamp_bits=46 max_order=23 bucket_order=0
[    1.499255] zbud: loaded
[    1.663281] Block layer SCSI generic (bsg) driver version 0.4 loaded (major 252)
[    1.665009] io scheduler mq-deadline registered
[    1.665046] io scheduler kyber registered
[    1.666565] f029b788: ttyS0 at I/O 0x0 (irq = 1, base_baud = 115200) is a SUN4V HCONS
[    1.672096] printk: console [ttyHV0] enabled
[    1.675546] sunvdc.c:v1.2 (November 24, 2014)
[    1.682197] sunvdc: Virtual CDROM vdiskd
[    1.682270] sunvdc: vdiskd: 403160 sectors (196 MB) protocol 1.2
[    1.683849]  vdiskd: vdiskd1 vdiskd2 vdiskd3 vdiskd4 vdiskd5 vdiskd6 vdiskd7
[    1.738874] sunvdc: Virtual Hard disk vdiskc
[    1.738925] sunvdc: vdiskc: 104857600 sectors (51200 MB) protocol 1.2
[    1.790240] sunvdc: Virtual Hard disk vdiskb
[    1.790292] sunvdc: vdiskb: 62914560 sectors (30720 MB) protocol 1.2
[    1.807315]  vdiskb: vdiskb1
[    1.859898] sunvdc: Virtual Hard disk vdiska
[    1.859950] sunvdc: vdiska: 31457280 sectors (15360 MB) protocol 1.2
[    1.861173]  vdiska: vdiska1 vdiska2 vdiska3 vdiska4
[    1.906166] sunvnet: sunvnet 2.0 (February 3, 2017)
[    1.909825] vnet_port vnet-port-0-0 eth0: Sun LDOM vnet 00:14:4f:f8:12:a3
[    1.910400] sunvnet: eth0: PORT ( remote-mac 00:14:4f:fa:f3:f0 switch-port )
[    1.911722] sunvnet: eth0: PORT ( remote-mac 00:14:4f:f8:e5:f3 )
[    1.913024] sunvnet: eth0: PORT ( remote-mac 00:14:4f:f9:b4:97 )
[    1.914328] sunvnet: eth0: PORT ( remote-mac 00:14:4f:f9:8b:83 )
[    1.915661] sunvnet: eth0: PORT ( remote-mac 00:14:4f:f8:fe:47 )
[    1.916740] mousedev: PS/2 mouse device common for all mice
[    1.918008] rtc-sun4v rtc-sun4v: registered as rtc0
[    1.919135] device-mapper: uevent: version 1.0.3
[    1.920234] device-mapper: ioctl: 4.39.0-ioctl (2018-04-03) initialised: dm-devel@redhat.com
[    1.921817] NET: Registered protocol family 17
[    1.923056] registered taskstats version 1
[    1.926078] zswap: loaded using pool lzo/zbud
[    1.956731] Key type big_key registered
[    1.957724] rtc-sun4v rtc-sun4v: setting system clock to 2019-01-07T09:01:15 UTC (1546851675)
[    1.962299] This architecture does not have kernel memory protection.
[    1.962349] Run /init as init process
[    2.827780] crc32c_sparc64: Using sparc64 crc32c opcode optimized CRC32C implementation
[    3.377037] raid6: int64x8  gen()  2089 MB/s
[    3.547022] raid6: int64x8  xor()  1550 MB/s
[    3.717027] raid6: int64x4  gen()  3400 MB/s
[    3.887014] raid6: int64x4  xor()  1979 MB/s
[    4.057022] raid6: int64x2  gen()  2861 MB/s
[    4.227009] raid6: int64x2  xor()  1992 MB/s
[    4.397019] raid6: int64x1  gen()  2726 MB/s
[    4.567015] raid6: int64x1  xor()  1648 MB/s
[    4.567069] raid6: using algorithm int64x4 gen() 3400 MB/s
[    4.567107] raid6: .... xor() 1979 MB/s, rmw enabled
[    4.567142] raid6: using intx1 recovery algorithm
[    4.568123] async_tx: api initialized (async)
[    4.568794] xor: automatically using best checksumming function   Niagara   
[    4.817678] EXT4-fs (vdiska2): mounted filesystem with ordered data mode. Opts: (null)
[    4.820827] random: fast init done
[    6.086760] systemd[1]: Inserted module 'autofs4'
[    6.110725] NET: Registered protocol family 10
[    6.122911] Segment Routing with IPv6
[    6.200927] systemd[1]: systemd 240 running in system mode. (+PAM +AUDIT +SELINUX +IMA +APPARMOR +SMACK +SYSVINIT +UTMP +LIBCRYPTSETUP +GCRYPT +GNUTLS +ACL +XZ +LZ4 -SECCOMP +BLKID +ELFUTILS +KMOD -IDN2 +IDN -PCRE2 default-hierarchy=hybrid)
[    6.201428] systemd[1]: Detected architecture sparc64.
[    6.257794] systemd[1]: Set hostname to <ttip>.
[    7.064557] random: lvmconfig: uninitialized urandom read (4 bytes read)
[    7.932620] systemd[1]: File /lib/systemd/system/systemd-journald.service:12 configures an IP firewall (IPAddressDeny=any), but the local system does not support BPF/cgroup based firewalling.
[    7.932743] systemd[1]: Proceeding WITHOUT firewalling in effect! (This warning is only shown for the first loaded unit using IP firewalling.)
[    7.977734] systemd[1]: /lib/systemd/system/auditd.service:11: PIDFile= references path below legacy directory /var/run/, updating /var/run/auditd.pid → /run/auditd.pid; please update the unit file accordingly.
[    8.347861] systemd[1]: /lib/systemd/system/smbd.service:9: PIDFile= references path below legacy directory /var/run/, updating /var/run/samba/smbd.pid → /run/samba/smbd.pid; please update the unit file accordingly.
[    8.351618] systemd[1]: /lib/systemd/system/nmbd.service:9: PIDFile= references path below legacy directory /var/run/, updating /var/run/samba/nmbd.pid → /run/samba/nmbd.pid; please update the unit file accordingly.
[    8.630789] random: systemd: uninitialized urandom read (16 bytes read)
[    8.635403] random: systemd: uninitialized urandom read (16 bytes read)
[    8.648305] systemd[1]: Created slice system-postfix.slice.
[    8.649185] random: systemd: uninitialized urandom read (16 bytes read)
[    8.653643] systemd[1]: Created slice system-getty.slice.
[    8.800835] EXT4-fs (vdiska2): re-mounted. Opts: errors=remount-ro
[    9.154394] systemd-journald[396]: Received request to flush runtime journal from PID 1
[   10.802767] sha1_sparc64: Using sparc64 sha1 opcode optimized SHA-1 implementation
[   10.835260] sha256_sparc64: Using sparc64 sha256 opcode optimized SHA-256/SHA-224 implementation
[   10.859289] sha512_sparc64: Using sparc64 sha512 opcode optimized SHA-512/SHA-384 implementation
[   10.872486] md5_sparc64: Using sparc64 md5 opcode optimized MD5 implementation
[   10.888741] aes_sparc64: Using sparc64 aes opcodes optimized AES implementation
[   10.939816] n2rng v0.3 (Jan 7, 2017)
[   10.939915] n2rng f029b104: Registered RNG HVAPI major 2 minor 0
[   10.939987] n2rng f029b104: Found multi-unit-capable RNG, units: 2
[   10.940993] n2rng f029b104: RNG ready
[   10.972965] des_sparc64: Using sparc64 des opcodes optimized DES implementation
[   11.059069] camellia_sparc64: Using sparc64 camellia opcodes optimized CAMELLIA implementation
[   12.906599] SGI XFS with ACLs, security attributes, debug enabled
[   12.940617] XFS (dm-0): Mounting V5 Filesystem
[   14.175870] Adding 787176k swap on /dev/vdiska4.  Priority:-2 extents:1 across:787176k FS
[   14.512476] EXT4-fs (vdiska1): mounting ext3 file system using the ext4 subsystem
[   14.524392] EXT4-fs (vdiska1): mounted filesystem with ordered data mode. Opts: (null)
[   16.086509] XFS (dm-0): Ending clean mount
