[    0.000016] PROMLIB: Sun IEEE Boot Prom 'OBP 4.38.17 2019/01/25 08:22'
[    0.000020] PROMLIB: Root node compatible: sun4v
[    0.000055] Linux version 5.9.0-rc1-00015-g1cd95ab85df7 (mator@ttip) (gcc (Debian 10.2.0-23) 10.2.0, GNU ld (GNU Binutils for Debian) 2.35.1) #139 SMP Tue Dec 8 01:48:02 MSK 2020
[    0.000335] printk: bootconsole [earlyprom0] enabled
[    0.000381] ARCH: SUN4V
[    0.000421] Ethernet address: 00:14:4f:fa:06:f2
[    0.000467] MM: PAGE_OFFSET is 0xfff8000000000000 (max_phys_bits == 47)
[    0.000525] MM: VMALLOC [0x0000000100000000 --> 0x0006000000000000]
[    0.000580] MM: VMEMMAP [0x0006000000000000 --> 0x000c000000000000]
[    0.011712] Kernel: Using 3 locked TLB entries for main kernel image.
[    0.011775] Remapping the kernel... 
[    0.011791] done.
[    0.034679] OF stdout device is: /virtual-devices@100/console@1
[    0.034735] PROM: Built device tree with 65673 bytes of memory.
[    0.034789] MDESC: Size is 29712 bytes.
[    0.034879] PLATFORM: banner-name [SPARC T5-2]
[    0.034921] PLATFORM: name [ORCL,SPARC-T5-2]
[    0.034960] PLATFORM: hostid [84fa06f2]
[    0.034996] PLATFORM: serial# [0035260e]
[    0.035033] PLATFORM: stick-frequency [3b9aca00]
[    0.035076] PLATFORM: mac-address [144ffa06f2]
[    0.035115] PLATFORM: watchdog-resolution [1000 ms]
[    0.035162] PLATFORM: watchdog-max-timeout [31536000000 ms]
[    0.035209] PLATFORM: max-cpus [1024]
[    0.035290] Top of RAM: 0x2af94a000, Total RAM: 0x27f388000
[    0.035340] Memory hole size: 773MB
[    0.036833] Allocated 24576 bytes for kernel page tables.
[    0.036902] Zone ranges:
[    0.036934]   Normal   [mem 0x0000000030400000-0x00000002af949fff]
[    0.036990] Movable zone start for each node
[    0.037028] Early memory node ranges
[    0.037063]   node   0: [mem 0x0000000030400000-0x000000006febffff]
[    0.037119]   node   0: [mem 0x000000006ff40000-0x000000006ff47fff]
[    0.037174]   node   0: [mem 0x0000000070000000-0x00000002af8b5fff]
[    0.037232]   node   0: [mem 0x00000002af940000-0x00000002af949fff]
[    0.042993] Zeroed struct page in unavailable ranges: 132668 pages
[    0.042998] Initmem setup node 0 [mem 0x0000000030400000-0x00000002af949fff]
[    0.043137] On node 0 totalpages: 1309124
[    0.043141]   Normal zone: 11508 pages used for memmap
[    0.043143]   Normal zone: 0 pages reserved
[    0.043145]   Normal zone: 1309124 pages, LIFO batch:31
[    0.084553] Booting Linux...
[    0.084623] CPU CAPS: [flush,stbar,swap,muldiv,v9,blkinit,n2,mul32]
[    0.084692] CPU CAPS: [div32,v8plus,popc,vis,vis2,ASIBlkInit,fmaf,vis3]
[    0.084755] CPU CAPS: [hpc,ima,pause,cbcond,aes,des,kasumi,camellia]
[    0.085822] CPU CAPS: [md5,sha1,sha256,sha512,mpmul,montmul,montsqr,crc32c]
[    0.133165] percpu: Embedded 19 pages/cpu s114904 r8192 d32552 u262144
[    0.133371] pcpu-alloc: s114904 r8192 d32552 u262144 alloc=1*4194304
[    0.133373] pcpu-alloc: [0] 000 001 002 003 004 005 006 007 008 009 010 011 012 013 014 015 
[    0.133387] pcpu-alloc: [0] 016 017 018 019 020 021 022 023 024 025 026 027 028 029 030 031 
[    0.133400] pcpu-alloc: [0] 032 033 034 035 036 037 038 039 040 041 042 043 044 045 046 047 
[    0.133413] pcpu-alloc: [0] 048 049 050 051 052 053 054 055 056 057 058 059 060 061 062 063 
[    0.133425] pcpu-alloc: [0] 064 065 066 067 068 069 070 071 072 073 074 075 076 077 078 079 
[    0.133438] pcpu-alloc: [0] 080 081 082 083 084 085 086 087 088 089 090 091 092 093 094 095 
[    0.133451] pcpu-alloc: [0] 096 097 098 099 100 101 102 103 104 105 106 107 108 109 110 111 
[    0.133464] pcpu-alloc: [0] 112 113 114 115 116 117 118 119 120 121 122 123 124 125 126 127 
[    0.133477] pcpu-alloc: [0] 128 129 130 131 132 133 134 135 136 137 138 139 140 141 142 143 
[    0.133489] pcpu-alloc: [0] 144 145 146 147 148 149 150 151 152 153 154 155 156 157 158 159 
[    0.133502] pcpu-alloc: [0] 160 161 162 163 164 165 166 167 168 169 170 171 172 173 174 175 
[    0.133515] pcpu-alloc: [0] 176 177 178 179 180 181 182 183 184 185 186 187 188 189 190 191 
[    0.133528] pcpu-alloc: [0] 192 193 194 195 196 197 198 199 200 201 202 203 204 205 206 207 
[    0.133540] pcpu-alloc: [0] 208 209 210 211 212 213 214 215 216 217 218 219 220 221 222 223 
[    0.133553] pcpu-alloc: [0] 224 225 226 227 228 229 230 231 232 233 234 235 236 237 238 239 
[    0.133566] pcpu-alloc: [0] 240 241 242 243 244 245 246 247 248 249 250 251 252 253 254 255 
[    0.133970] SUN4V: Mondo queue sizes [cpu(131072) dev(16384) r(8192) nr(256)]
[    0.134264] Built 1 zonelists, mobility grouping on.  Total pages: 1297616
[    0.134328] Kernel command line: BOOT_IMAGE=/vmlinux-5.9.0-rc1-00015-g1cd95ab85df7 root=/dev/vdiska2 ro zswap.enabled=1
[    0.135898] printk: log_buf_len individual max cpu contribution: 4096 bytes
[    0.135961] printk: log_buf_len total cpu_extra contributions: 1044480 bytes
[    0.136024] printk: log_buf_len min size: 131072 bytes
[    0.136384] printk: log_buf_len: 2097152 bytes
[    0.136429] printk: early log buf free: 126000(96%)
[    0.138078] Dentry cache hash table entries: 2097152 (order: 11, 16777216 bytes, linear)
[    0.138978] Inode-cache hash table entries: 1048576 (order: 10, 8388608 bytes, linear)
[    0.139047] Sorting __ex_table...
[    0.139285] mem auto-init: stack:off, heap alloc:off, heap free:off
[    0.159617] Memory: 10257080K/10472992K available (7730K kernel code, 1048K rwdata, 1904K rodata, 584K init, 413K bss, 215912K reserved, 0K cma-reserved)
[    0.159776] random: get_random_u64 called from __kmem_cache_create+0x20/0x520 with crng_init=0
[    0.160794] SLUB: HWalign=32, Order=0-3, MinObjects=0, CPUs=256, Nodes=1
[    0.161227] ftrace: allocating 22925 entries in 45 pages
[    0.170112] ftrace: allocated 45 pages with 4 groups
[    0.172616] rcu: Hierarchical RCU implementation.
[    0.172664] 	Trampoline variant of Tasks RCU enabled.
[    0.172708] 	Rude variant of Tasks RCU enabled.
[    0.172750] 	Tracing variant of Tasks RCU enabled.
[    0.172792] rcu: RCU calculated value of scheduler-enlistment delay is 26 jiffies.
[    0.176087] NR_IRQS: 2048, nr_irqs: 2048, preallocated irqs: 1
[    0.176159] SUN4V: Using IRQ API major 3, cookie only virqs enabled
[    0.178826] clocksource: stick: mask: 0xffffffffffffffff max_cycles: 0x1cd42e4dffb, max_idle_ns: 881590591483 ns
[    0.178944] clocksource: mult[800000] shift[23]
[    0.178985] clockevent: mult[80000000] shift[31]
[    0.179401] Console: colour dummy device 80x25
[    0.179448] printk: console [tty0] enabled
[    0.179487] printk: bootconsole [earlyprom0] disabled
[    0.259066] Calibrating delay using timer specific routine.. 2001.03 BogoMIPS (lpj=4002074)
[    0.259074] pid_max: default: 262144 minimum: 2048
[    0.259486] LSM: Security Framework initializing
[    0.259671] Mount-cache hash table entries: 32768 (order: 5, 262144 bytes, linear)
[    0.259705] Mountpoint-cache hash table entries: 32768 (order: 5, 262144 bytes, linear)
[    0.261359] rcu: Hierarchical SRCU implementation.
[    0.264284] smp: Bringing up secondary CPUs ...
[    0.272071] smp: Brought up 1 node, 24 CPUs
[    0.273865] devtmpfs: initialized
[    0.274623] Performance events: 
[    0.274642] Testing NMI watchdog ... 
[    0.354716] OK.
[    0.354732] Supported PMU type is 'niagara5'
[    0.354998] ldc.c:v1.1 (July 22, 2008)
[    0.355140] clocksource: jiffies: mask: 0xffffffff max_cycles: 0xffffffff, max_idle_ns: 7645041785100000 ns
[    0.355160] futex hash table entries: 65536 (order: 9, 4194304 bytes, linear)
[    0.357353] NET: Registered protocol family 16
[    0.358532] VIO: Adding device channel-devices (tx_ino = ffffffffffffffff, rx_ino = ffffffffffffffff)
[    0.358563] VIO: Adding device vnet-port-0-0 (tx_ino = 0, rx_ino = 1)
[    0.358584] VIO: Adding device vnet-port-0-1 (tx_ino = 2, rx_ino = 3)
[    0.358603] VIO: Adding device vnet-port-0-2 (tx_ino = 4, rx_ino = 5)
[    0.358623] VIO: Adding device vnet-port-0-3 (tx_ino = 6, rx_ino = 7)
[    0.358643] VIO: Adding device vnet-port-0-4 (tx_ino = 8, rx_ino = 9)
[    0.358662] VIO: Adding device vdc-port-2-0 (tx_ino = a, rx_ino = b)
[    0.358682] VIO: Adding device vdc-port-1-0 (tx_ino = c, rx_ino = d)
[    0.358700] VIO: Adding device vdc-port-0-0 (tx_ino = e, rx_ino = f)
[    0.358725] VIO: Adding device vlds-port-0-0 (tx_ino = 10, rx_ino = 11)
[    0.358752] VIO: Adding device domain-services-port-0 (tx_ino = 10, rx_ino = 11)
[    0.358850] audit: initializing netlink subsys (disabled)
[    0.358928] audit: type=2000 audit(0.176:1): state=initialized audit_enabled=0 res=1
[    0.364024] HugeTLB registered 64.0 KiB page size, pre-allocated 0 pages
[    0.364030] HugeTLB registered 8.00 MiB page size, pre-allocated 0 pages
[    0.364035] HugeTLB registered 256 MiB page size, pre-allocated 0 pages
[    0.364040] HugeTLB registered 2.00 GiB page size, pre-allocated 0 pages
[    0.929641] NetLabel: Initializing
[    0.929652] NetLabel:  domain hash size = 128
[    0.929656] NetLabel:  protocols = UNLABELED CIPSOv4 CALIPSO
[    0.929681] NetLabel:  unlabeled traffic allowed by default
[    0.929920] SUN4V: Reboot data supported (maj=1,min=0).
[    0.930019] ds.c:v1.0 (Jul 11, 2007)
[    0.930146] ds-0: ds_conn_reset() from send_events
[    0.930413] clocksource: Switched to clocksource stick
[    0.981706] VFS: Disk quotas dquot_6.6.0
[    0.981812] VFS: Dquot-cache hash table entries: 1024 (order 0, 8192 bytes)
[    0.984357] NET: Registered protocol family 2
[    0.985474] tcp_listen_portaddr_hash hash table entries: 8192 (order: 4, 131072 bytes, linear)
[    0.985569] TCP established hash table entries: 131072 (order: 7, 1048576 bytes, linear)
[    0.986030] TCP bind hash table entries: 65536 (order: 7, 1048576 bytes, linear)
[    0.986502] TCP: Hash tables configured (established 131072 bind 65536)
[    0.987023] UDP hash table entries: 8192 (order: 5, 262144 bytes, linear)
[    0.987145] UDP-Lite hash table entries: 8192 (order: 5, 262144 bytes, linear)
[    0.988085] NET: Registered protocol family 1
[    0.988098] NET: Registered protocol family 44
[    0.988222] Trying to unpack rootfs image as initramfs...
[    1.151015] Freeing initrd memory: 23432K
[    1.155028] Initialise system trusted keyrings
[    1.155050] Key type blacklist registered
[    1.155144] workingset: timestamp_bits=46 max_order=21 bucket_order=0
[    1.157766] zbud: loaded
[    1.158576] SGI XFS with ACLs, security attributes, realtime, quota, no debug enabled
[    1.160274] Key type asymmetric registered
[    1.160280] Asymmetric key parser 'x509' registered
[    1.160298] Block layer SCSI generic (bsg) driver version 0.4 loaded (major 252)
[    1.160549] io scheduler mq-deadline registered
[    1.161025] f029b788: ttyHV0 at I/O 0x0 (irq = 1, base_baud = 115200) is a SUN4V HCONS
[    1.161279] printk: console [ttyHV0] enabled
[    1.162078] sunvdc.c:v1.2 (November 24, 2014)
[    1.163691] sunvdc: Virtual Hard disk vdiskc
[    1.163698] sunvdc: vdiskc: 104857600 sectors (51200 MB) protocol 1.2
[    1.170039] sunvdc: Virtual Hard disk vdiskb
[    1.170048] sunvdc: vdiskb: 62914560 sectors (30720 MB) protocol 1.2
[    1.170512]  vdiskb: vdiskb1
[    1.176418] sunvdc: Virtual Hard disk vdiska
[    1.176426] sunvdc: vdiska: 31457280 sectors (15360 MB) protocol 1.2
[    1.176897]  vdiska: vdiska1 vdiska2 vdiska3 vdiska4
[    1.181854] Silicon Labs C2 port support v. 0.51.0 - (C) 2007 Rodolfo Giometti
[    1.182174] rtc-sun4v rtc-sun4v: registered as rtc0
[    1.182212] rtc-sun4v rtc-sun4v: setting system clock to 2020-12-07T22:52:56 UTC (1607381576)
[    1.182928] NET: Registered protocol family 10
[    1.196338] Segment Routing with IPv6
[    1.196370] mip6: Mobile IPv6
[    1.196377] NET: Registered protocol family 17
[    1.196474] registered taskstats version 1
[    1.196482] Loading compiled-in X.509 certificates
[    1.196552] zswap: loaded using pool lzo/zbud
[    1.197979] This architecture does not have kernel memory protection.
[    1.197990] Run /init as init process
[    1.197996]   with arguments:
[    1.197998]     /init
[    1.198000]   with environment:
[    1.198002]     HOME=/
[    1.198004]     TERM=linux
[    1.198007]     BOOT_IMAGE=/vmlinux-5.9.0-rc1-00015-g1cd95ab85df7
[    1.359459] sunvnet_common: module verification failed: signature and/or required key missing - tainting kernel
[    1.360701] sunvnet: sunvnet 2.0 (February 3, 2017)
[    1.361629] vnet_port vnet-port-0-0 eth0: Sun LDOM vnet 00:14:4f:f8:12:a3
[    1.361696] sunvnet: eth0: PORT ( remote-mac 00:14:4f:fa:f3:f0 switch-port )
[    1.361884] sunvnet: eth0: PORT ( remote-mac 00:14:4f:f9:b4:97 )
[    1.362014] sunvnet: eth0: PORT ( remote-mac 00:14:4f:f8:e5:f3 )
[    1.362139] sunvnet: eth0: PORT ( remote-mac 00:14:4f:f8:3f:1e )
[    1.362286] sunvnet: eth0: PORT ( remote-mac 00:14:4f:f9:8b:83 )
[    1.367613] crc32c_sparc64: Using sparc64 crc32c opcode optimized CRC32C implementation
[    1.370694] random: lvm: uninitialized urandom read (4 bytes read)
[    1.388061] device-mapper: uevent: version 1.0.3
[    1.388217] device-mapper: ioctl: 4.42.0-ioctl (2020-02-27) initialised: dm-devel@redhat.com
[    1.390199] random: lvm: uninitialized urandom read (2 bytes read)
[    1.710973] xor: automatically using best checksumming function   Niagara   
[    1.778400] raid6: int64x8  gen()  2160 MB/s
[    1.846387] raid6: int64x8  xor()  1515 MB/s
[    1.914388] raid6: int64x4  gen()  3383 MB/s
[    1.982378] raid6: int64x4  xor()  1456 MB/s
[    2.050389] raid6: int64x2  gen()  3357 MB/s
[    2.118398] raid6: int64x2  xor()  1131 MB/s
[    2.186396] raid6: int64x1  gen()  1377 MB/s
[    2.254393] raid6: int64x1  xor()   711 MB/s
[    2.254399] raid6: using algorithm int64x4 gen() 3383 MB/s
[    2.254404] raid6: .... xor() 1456 MB/s, rmw enabled
[    2.254409] raid6: using intx1 recovery algorithm
[    2.287148] random: fast init done
[    2.465372] EXT4-fs (vdiska2): mounted filesystem with ordered data mode. Opts: (null)
[    4.614059] systemd[1]: Inserted module 'autofs4'
[    4.678114] systemd[1]: systemd 247.1-3 running in system mode. (+PAM +AUDIT +SELINUX +IMA +APPARMOR +SMACK +SYSVINIT +UTMP +LIBCRYPTSETUP +GCRYPT +GNUTLS +ACL +XZ +LZ4 +ZSTD -SECCOMP +BLKID +ELFUTILS +KMOD +IDN2 -IDN +PCRE2 default-hierarchy=hybrid)
[    4.678446] systemd[1]: Detected architecture sparc64.
[    4.717655] systemd[1]: Set hostname to <ttip>.
[    5.009530] systemd-sysv-generator[334]: SysV service '/etc/init.d/xinetd' lacks a native systemd unit file. Automatically generating a unit file for compatibility. Please update package to include a native systemd unit file, in order to make it more safe and robust.
[    5.682091] systemd-sysv-generator[334]: SysV service '/etc/init.d/rng-tools-debian' lacks a native systemd unit file. Automatically generating a unit file for compatibility. Please update package to include a native systemd unit file, in order to make it more safe and robust.
[    5.684221] systemd-sysv-generator[334]: SysV service '/etc/init.d/arpalert' lacks a native systemd unit file. Automatically generating a unit file for compatibility. Please update package to include a native systemd unit file, in order to make it more safe and robust.
[    5.697768] systemd-sysv-generator[334]: SysV service '/etc/init.d/vmtouch' lacks a native systemd unit file. Automatically generating a unit file for compatibility. Please update package to include a native systemd unit file, in order to make it more safe and robust.
[    5.747203] systemd-sysv-generator[334]: SysV service '/etc/init.d/mysql' lacks a native systemd unit file. Automatically generating a unit file for compatibility. Please update package to include a native systemd unit file, in order to make it more safe and robust.
[    5.999556] random: lvmconfig: uninitialized urandom read (4 bytes read)
[    7.135978] systemd[1]: Queued start job for default target Multi-User System.
[    7.136620] random: systemd: uninitialized urandom read (16 bytes read)
[    7.186939] systemd[1]: Created slice system-getty.slice.
[    7.187249] random: systemd: uninitialized urandom read (16 bytes read)
[    7.192541] systemd[1]: Created slice system-modprobe.slice.
[    7.192663] random: systemd: uninitialized urandom read (16 bytes read)
[    7.197973] systemd[1]: Created slice system-openvpn\x2dclient.slice.
[    7.203682] systemd[1]: Created slice system-postfix.slice.
[    7.209251] systemd[1]: Created slice system-systemd\x2dfsck.slice.
[    7.214549] systemd[1]: Created slice User and Session Slice.
[    7.214796] systemd[1]: Started Dispatch Password Requests to Console Directory Watch.
[    7.215013] systemd[1]: Started Forward Password Requests to Wall Directory Watch.
[    7.216073] systemd[1]: Set up automount Arbitrary Executable File Formats File System Automount Point.
[    7.216263] systemd[1]: Reached target Local Encrypted Volumes.
[    7.216467] systemd[1]: Reached target Paths.
[    7.216614] systemd[1]: Reached target Slices.
[    7.216903] systemd[1]: Listening on Device-mapper event daemon FIFOs.
[    7.217206] systemd[1]: Listening on LVM2 poll daemon socket.
[    7.229569] systemd[1]: Listening on RPCbind Server Activation Socket.
[    7.230270] systemd[1]: Listening on Syslog Socket.
[    7.230604] systemd[1]: Listening on fsck to fsckd communication Socket.
[    7.230814] systemd[1]: Listening on initctl Compatibility Named Pipe.
[    7.231271] systemd[1]: Listening on Journal Audit Socket.
[    7.231548] systemd[1]: Listening on Journal Socket (/dev/log).
[    7.231908] systemd[1]: Listening on Journal Socket.
[    7.232253] systemd[1]: Listening on udev Control Socket.
[    7.232511] systemd[1]: Listening on udev Kernel Socket.
[    7.238866] systemd[1]: Mounting Huge Pages File System...
[    7.245405] systemd[1]: Mounting POSIX Message Queue File System...
[    7.252184] systemd[1]: Mounting RPC Pipe File System...
[    7.258708] systemd[1]: Mounting Kernel Debug File System...
[    7.265256] systemd[1]: Mounting Kernel Trace File System...
[    7.265557] systemd[1]: Condition check resulted in Kernel Module supporting RPCSEC_GSS being skipped.
[    7.265925] systemd[1]: Finished Availability of block devices.
[    7.272561] systemd[1]: Starting Wait for network to be configured by ifupdown...
[    7.279148] systemd[1]: Starting Create list of static device nodes for the current kernel...
[    7.286575] systemd[1]: Starting Monitoring of LVM2 mirrors, snapshots etc. using dmeventd or progress polling...
[    7.292451] systemd[1]: Starting Load Kernel Module configfs...
[    7.298284] systemd[1]: Starting Load Kernel Module drm...
[    7.304663] systemd[1]: Starting Load Kernel Module fuse...
[    7.311410] systemd[1]: Starting nftables...
[    7.327109] systemd[1]: Condition check resulted in Set Up Additional Binary Formats being skipped.
[    7.327241] systemd[1]: Condition check resulted in File System Check on Root Device being skipped.
[    7.335295] systemd[1]: Starting Journal Service...
[    7.356970] systemd[1]: Starting Load Kernel Modules...
[    7.363692] systemd[1]: Starting Remount Root and Kernel File Systems...
[    7.370272] systemd[1]: Starting Coldplug All udev Devices...
[    7.374654] systemd[1]: Mounted Huge Pages File System.
[    7.374968] systemd[1]: Mounted POSIX Message Queue File System.
[    7.375241] systemd[1]: run-rpc_pipefs.mount: Mount process exited, code=exited, status=32/n/a
[    7.375258] systemd[1]: run-rpc_pipefs.mount: Failed with result 'exit-code'.
[    7.376205] systemd[1]: Failed to mount RPC Pipe File System.
[    7.376361] systemd[1]: Dependency failed for RPC security service for NFS client and server.
[    7.376462] systemd[1]: rpc-gssd.service: Job rpc-gssd.service/start failed with result 'dependency'.
[    7.376482] systemd[1]: Dependency failed for RPC security service for NFS server.
[    7.376568] systemd[1]: rpc-svcgssd.service: Job rpc-svcgssd.service/start failed with result 'dependency'.
[    7.376786] systemd[1]: Mounted Kernel Debug File System.
[    7.377040] systemd[1]: Mounted Kernel Trace File System.
[    7.378100] systemd[1]: Finished Wait for network to be configured by ifupdown.
[    7.379331] systemd[1]: Finished Create list of static device nodes for the current kernel.
[    7.379891] systemd[1]: modprobe@configfs.service: Succeeded.
[    7.380679] systemd[1]: Finished Load Kernel Module configfs.
[    7.381243] systemd[1]: modprobe@drm.service: Succeeded.
[    7.382023] systemd[1]: Finished Load Kernel Module drm.
[    7.382418] systemd[1]: Reached target NFS client services.
[    7.388977] systemd[1]: Mounting Kernel Configuration File System...
[    7.394670] systemd[1]: Mounted Kernel Configuration File System.
[    7.402112] systemd[1]: Finished Monitoring of LVM2 mirrors, snapshots etc. using dmeventd or progress polling.
[    7.416598] fuse: init (API version 7.31)
[    7.422936] systemd[1]: modprobe@fuse.service: Succeeded.
[    7.423832] systemd[1]: Finished Load Kernel Module fuse.
[    7.432831] systemd[1]: Mounting FUSE Control File System...
[    7.434808] systemd[1]: Finished Load Kernel Modules.
[    7.443648] systemd[1]: Starting Apply Kernel Variables...
[    7.446292] systemd[1]: Mounted FUSE Control File System.
[    7.454064] systemd[1]: Started Journal Service.
[    7.457265] EXT4-fs (vdiska2): re-mounted. Opts: errors=remount-ro
[    9.650030] sha1_sparc64: Using sparc64 sha1 opcode optimized SHA-1 implementation
[    9.681095] sha256_sparc64: Using sparc64 sha256 opcode optimized SHA-256/SHA-224 implementation
[    9.705816] n2rng v0.3 (Jan 7, 2017)
[    9.705850] n2rng f029b104: Registered RNG HVAPI major 2 minor 0
[    9.705865] n2rng f029b104: Found multi-unit-capable RNG, units: 2
[    9.705897] n2rng f029b104: RNG ready
[    9.707219] sha512_sparc64: Using sparc64 sha512 opcode optimized SHA-512/SHA-384 implementation
[    9.734952] md5_sparc64: Using sparc64 md5 opcode optimized MD5 implementation
[    9.759889] aes_sparc64: Using sparc64 aes opcodes optimized AES implementation
[    9.816156] des_sparc64: Using sparc64 des opcodes optimized DES implementation
[    9.839421] camellia_sparc64: Using sparc64 camellia opcodes optimized CAMELLIA implementation
[    9.864871] XFS (dm-0): Mounting V5 Filesystem
[    9.958596] XFS (dm-0): Ending clean mount
[    9.959589] xfs filesystem being mounted at /1 supports timestamps until 2038 (0x7fffffff)
[   10.030386] Adding 787176k swap on /dev/vdiska4.  Priority:-2 extents:1 across:787176k FS
[   10.182510] random: crng init done
[   10.182525] random: 4 urandom warning(s) missed due to ratelimiting
[   10.489230] EXT4-fs (vdiska1): mounting ext3 file system using the ext4 subsystem
[   10.736152] EXT4-fs (vdiska1): mounted filesystem with ordered data mode. Opts: (null)
[   10.736325] ext3 filesystem being mounted at /boot supports timestamps until 2038 (0x7fffffff)
