[    0.000018] PROMLIB: Sun IEEE Boot Prom 'OBP 4.38.12 2018/03/28 14:54'
[    0.000031] PROMLIB: Root node compatible: sun4v
[    0.000079] Linux version 5.6.0-12706-gb032227c6293 (mator@ttip) (gcc version 9.3.0 (Debian 9.3.0-10), GNU ld (GNU Binutils for Debian) 2.34) #67 SMP Sun Apr 12 12:22:05 MSK 2020
[    0.000417] printk: bootconsole [earlyprom0] enabled
[    0.000469] ARCH: SUN4V
[    0.000519] Ethernet address: 00:14:4f:fa:06:f2
[    0.000572] MM: PAGE_OFFSET is 0xfff8000000000000 (max_phys_bits == 47)
[    0.000636] MM: VMALLOC [0x0000000100000000 --> 0x0006000000000000]
[    0.000700] MM: VMEMMAP [0x0006000000000000 --> 0x000c000000000000]
[    0.012351] Kernel: Using 5 locked TLB entries for main kernel image.
[    0.012421] Remapping the kernel... 
[    0.012448] done.
[    0.045432] OF stdout device is: /virtual-devices@100/console@1
[    0.045501] PROM: Built device tree with 86758 bytes of memory.
[    0.045563] MDESC: Size is 36512 bytes.
[    0.045679] PLATFORM: banner-name [SPARC T5-2]
[    0.045730] PLATFORM: name [ORCL,SPARC-T5-2]
[    0.045778] PLATFORM: hostid [84fa06f2]
[    0.045822] PLATFORM: serial# [0035260e]
[    0.045867] PLATFORM: stick-frequency [3b9aca00]
[    0.045916] PLATFORM: mac-address [144ffa06f2]
[    0.045965] PLATFORM: watchdog-resolution [1000 ms]
[    0.046017] PLATFORM: watchdog-max-timeout [31536000000 ms]
[    0.046074] PLATFORM: max-cpus [1024]
[    0.046164] Top of RAM: 0x24af938000, Total RAM: 0x87f354000
[    0.046226] Memory hole size: 115461MB
[    0.050819] Allocated 40960 bytes for kernel page tables.
[    0.050903] Zone ranges:
[    0.050944]   Normal   [mem 0x0000000030400000-0x00000024af937fff]
[    0.051009] Movable zone start for each node
[    0.051056] Early memory node ranges
[    0.051098]   node   0: [mem 0x0000000030400000-0x000000006fe7ffff]
[    0.051163]   node   0: [mem 0x000000006ff00000-0x000000006ff25fff]
[    0.051226]   node   0: [mem 0x0000000070000000-0x000000042fffffff]
[    0.051289]   node   0: [mem 0x0000002030000000-0x00000024af87ffff]
[    0.051352]   node   0: [mem 0x00000024af900000-0x00000024af925fff]
[    0.051415]   node   0: [mem 0x00000024af930000-0x00000024af937fff]
[    0.063021] Zeroed struct page in unavailable ranges: 263766 pages
[    0.063029] Initmem setup node 0 [mem 0x0000000030400000-0x00000024af937fff]
[    0.063190] On node 0 totalpages: 4454826
[    0.063200]   Normal zone: 39154 pages used for memmap
[    0.063205]   Normal zone: 0 pages reserved
[    0.063211]   Normal zone: 4454826 pages, LIFO batch:31
[    0.074379] Booting Linux...
[    0.074465] CPU CAPS: [flush,stbar,swap,muldiv,v9,blkinit,n2,mul32]
[    0.074549] CPU CAPS: [div32,v8plus,popc,vis,vis2,ASIBlkInit,fmaf,vis3]
[    0.074628] CPU CAPS: [hpc,ima,pause,cbcond,aes,des,kasumi,camellia]
[    0.074704] CPU CAPS: [md5,sha1,sha256,sha512,mpmul,montmul,montsqr,crc32c]
[    0.104402] percpu: Embedded 27 pages/cpu s182992 r8192 d30000 u262144
[    0.104616] pcpu-alloc: s182992 r8192 d30000 u262144 alloc=1*4194304
[    0.104623] pcpu-alloc: [0] 000 001 002 003 004 005 006 007 008 009 010 011 012 013 014 015 
[    0.104651] pcpu-alloc: [0] 016 017 018 019 020 021 022 023 024 025 026 027 028 029 030 031 
[    0.104680] pcpu-alloc: [0] 032 033 034 035 036 037 038 039 040 041 042 043 044 045 046 047 
[    0.104709] pcpu-alloc: [0] 048 049 050 051 052 053 054 055 056 057 058 059 060 061 062 063 
[    0.104738] pcpu-alloc: [0] 064 065 066 067 068 069 070 071 072 073 074 075 076 077 078 079 
[    0.104766] pcpu-alloc: [0] 080 081 082 083 084 085 086 087 088 089 090 091 092 093 094 095 
[    0.104795] pcpu-alloc: [0] 096 097 098 099 100 101 102 103 104 105 106 107 108 109 110 111 
[    0.104823] pcpu-alloc: [0] 112 113 114 115 116 117 118 119 120 121 122 123 124 125 126 127 
[    0.105300] SUN4V: Mondo queue sizes [cpu(131072) dev(16384) r(8192) nr(256)]
[    0.105685] Built 1 zonelists, mobility grouping on.  Total pages: 4415672
[    0.105774] Kernel command line: BOOT_IMAGE=/vmlinux-5.6.0-12706-gb032227c6293 root=/dev/vdiska2 ro zswap.enabled=1
[    0.108566] printk: log_buf_len individual max cpu contribution: 4096 bytes
[    0.108636] printk: log_buf_len total cpu_extra contributions: 520192 bytes
[    0.108703] printk: log_buf_len min size: 131072 bytes
[    0.108977] printk: log_buf_len: 1048576 bytes
[    0.109028] printk: early log buf free: 126624(96%)
[    0.115347] Dentry cache hash table entries: 8388608 (order: 13, 67108864 bytes, linear)
[    0.118582] Inode-cache hash table entries: 4194304 (order: 12, 33554432 bytes, linear)
[    0.118658] Sorting __ex_table...
[    0.118899] mem auto-init: stack:off, heap alloc:off, heap free:off
[    0.180160] Memory: 1305232K/35638608K available (7788K kernel code, 1065K rwdata, 2312K rodata, 648K init, 6814K bss, 509160K reserved, 0K cma-reserved)
[    0.180850] SLUB: HWalign=32, Order=0-3, MinObjects=0, CPUs=128, Nodes=1
[    0.181154] ftrace: allocating 21711 entries in 43 pages
[    0.189393] ftrace: allocated 43 pages with 4 groups
[    0.192338] Running RCU self tests
[    0.192413] rcu: Hierarchical RCU implementation.
[    0.192465] rcu: 	RCU event tracing is enabled.
[    0.192515] rcu: 	RCU lockdep checking is enabled.
[    0.192567] 	Tasks RCU enabled.
[    0.192605] rcu: RCU calculated value of scheduler-enlistment delay is 10 jiffies.
[    0.197007] NR_IRQS: 2048, nr_irqs: 2048, preallocated irqs: 1
[    0.197084] SUN4V: Using IRQ API major 3, cookie only virqs enabled
[    0.199532] clocksource: stick: mask: 0xffffffffffffffff max_cycles: 0x1cd42e4dffb, max_idle_ns: 881590591483 ns
[    0.199665] clocksource: mult[800000] shift[23]
[    0.199714] clockevent: mult[80000000] shift[31]
[    0.200092] Console: colour dummy device 80x25
[    0.200155] printk: console [tty0] enabled
[    0.200234] printk: bootconsole [earlyprom0] disabled
[    0.200321] Lock dependency validator: Copyright (c) 2006 Red Hat, Inc., Ingo Molnar
[    0.200374] ... MAX_LOCKDEP_SUBCLASSES:  8
[    0.200406] ... MAX_LOCK_DEPTH:          48
[    0.200439] ... MAX_LOCKDEP_KEYS:        8192
[    0.200472] ... CLASSHASH_SIZE:          4096
[    0.200505] ... MAX_LOCKDEP_ENTRIES:     16384
[    0.200538] ... MAX_LOCKDEP_CHAINS:      32768
[    0.200572] ... CHAINHASH_SIZE:          16384
[    0.200605]  memory used by lock dependency info: 3919 kB
[    0.200643]  memory used for stack traces: 2112 kB
[    0.200679]  per task-struct memory footprint: 1920 bytes
[    0.349977] Calibrating delay using timer specific routine.. 2004.25 BogoMIPS (lpj=10021288)
[    0.350050] pid_max: default: 131072 minimum: 1024
[    0.350346] LSM: Security Framework initializing
[    0.350501] AppArmor: AppArmor initialized
[    0.350780] Mount-cache hash table entries: 131072 (order: 7, 1048576 bytes, linear)
[    0.350949] Mountpoint-cache hash table entries: 131072 (order: 7, 1048576 bytes, linear)
[    0.354437] rcu: Hierarchical SRCU implementation.
[    0.362903] smp: Bringing up secondary CPUs ...
[    0.408404] smp: Brought up 1 node, 32 CPUs
[    0.598546] node 0 initialised, 4228027 pages in 180ms
[    0.599905] devtmpfs: initialized
[    0.604815] Performance events: 
[    0.604862] Testing NMI watchdog ... 
[    0.804939] OK.
[    0.805055] Supported PMU type is 'niagara5'
[    0.805260] random: get_random_u32 called from bucket_table_alloc.isra.0+0x198/0x1c0 with crng_init=0
[    0.805875] ldc.c:v1.1 (July 22, 2008)
[    0.808382] clocksource: jiffies: mask: 0xffffffff max_cycles: 0xffffffff, max_idle_ns: 19112604462750000 ns
[    0.808477] futex hash table entries: 32768 (order: 9, 4194304 bytes, linear)
[    0.813674] NET: Registered protocol family 16
[    0.822280] VIO: Adding device channel-devices (tx_ino = ffffffffffffffff, rx_ino = ffffffffffffffff)
[    0.822493] VIO: Adding device vnet-port-0-0 (tx_ino = 0, rx_ino = 1)
[    0.822706] VIO: Adding device vnet-port-0-1 (tx_ino = 2, rx_ino = 3)
[    0.822882] VIO: Adding device vnet-port-0-2 (tx_ino = 4, rx_ino = 5)
[    0.823056] VIO: Adding device vnet-port-0-3 (tx_ino = 6, rx_ino = 7)
[    0.823235] VIO: Adding device vnet-port-0-4 (tx_ino = 8, rx_ino = 9)
[    0.823408] VIO: Adding device vnet-port-0-5 (tx_ino = a, rx_ino = b)
[    0.823582] VIO: Adding device vdc-port-2-0 (tx_ino = c, rx_ino = d)
[    0.823759] VIO: Adding device vdc-port-1-0 (tx_ino = e, rx_ino = f)
[    0.823933] VIO: Adding device vdc-port-0-0 (tx_ino = 10, rx_ino = 11)
[    0.824106] VIO: Adding device vdc-port-3-0 (tx_ino = 12, rx_ino = 13)
[    0.824284] VIO: Adding device vlds-port-0-0 (tx_ino = 14, rx_ino = 15)
[    0.824461] VIO: Adding device domain-services-port-0 (tx_ino = 14, rx_ino = 15)
[    0.824751] audit: initializing netlink subsys (disabled)
[    0.825049] audit: type=2000 audit(0.430:1): state=initialized audit_enabled=0 res=1
[    0.851202] HugeTLB registered 64.0 KiB page size, pre-allocated 0 pages
[    0.851254] HugeTLB registered 8.00 MiB page size, pre-allocated 0 pages
[    0.851303] HugeTLB registered 256 MiB page size, pre-allocated 0 pages
[    0.851351] HugeTLB registered 2.00 GiB page size, pre-allocated 0 pages
[    0.852996] alg: extra crypto tests enabled.  This is intended for developer use only.
[    0.879710] cryptd: max_cpu_qlen set to 1000
[    0.989125] NetLabel: Initializing
[    0.989161] NetLabel:  domain hash size = 128
[    0.989196] NetLabel:  protocols = UNLABELED CIPSOv4 CALIPSO
[    0.989326] NetLabel:  unlabeled traffic allowed by default
[    0.990307] SUN4V: Reboot data supported (maj=1,min=0).
[    0.990681] ds.c:v1.0 (Jul 11, 2007)
[    0.991023] ds-0: ds_conn_reset() from send_events.isra.0
[    0.992487] clocksource: Switched to clocksource stick
[    1.203275] VFS: Disk quotas dquot_6.6.0
[    1.203420] VFS: Dquot-cache hash table entries: 1024 (order 0, 8192 bytes)
[    1.205279] AppArmor: AppArmor Filesystem Enabled
[    1.218024] NET: Registered protocol family 2
[    1.219703] tcp_listen_portaddr_hash hash table entries: 32768 (order: 8, 2621440 bytes, linear)
[    1.222684] TCP established hash table entries: 524288 (order: 9, 4194304 bytes, linear)
[    1.225123] TCP bind hash table entries: 65536 (order: 9, 4718592 bytes, linear)
[    1.230688] TCP: Hash tables configured (established 524288 bind 65536)
[    1.233253] UDP hash table entries: 32768 (order: 9, 5242880 bytes, linear)
[    1.239483] UDP-Lite hash table entries: 32768 (order: 9, 5242880 bytes, linear)
[    1.247476] NET: Registered protocol family 1
[    1.247545] NET: Registered protocol family 44
[    1.248193] Trying to unpack rootfs image as initramfs...
[    1.445245] Freeing initrd memory: 14776K
[    1.445972] aes_sparc64: Using sparc64 aes opcodes optimized AES implementation
[    1.739348] des_sparc64: Using sparc64 des opcodes optimized DES implementation
[    2.248974] camellia_sparc64: Using sparc64 camellia opcodes optimized CAMELLIA implementation
[    2.449500] workingset: timestamp_bits=46 max_order=23 bucket_order=0
[    2.469087] zbud: loaded
[    2.471568] SGI XFS with ACLs, security attributes, quota, fatal assert, debug enabled
[    2.491946] Block layer SCSI generic (bsg) driver version 0.4 loaded (major 252)
[    2.492793] io scheduler mq-deadline registered
[    2.495565] f029b788: ttyHV0 at I/O 0x0 (irq = 1, base_baud = 115200) is a SUN4V HCONS
[    2.495649] INFO: trying to register non-static key.
[    2.495656] the code is fine but needs lockdep annotation.
[    2.495662] turning off the locking correctness validator.
[    2.495670] CPU: 21 PID: 1 Comm: swapper/0 Not tainted 5.6.0-12706-gb032227c6293 #67
[    2.495678] Call Trace:
[    2.495691]  [00000000004de758] register_lock_class+0x278/0x8a0
[    2.495698]  [00000000004da02c] __lock_acquire+0x8c/0x3660
[    2.495706]  [00000000004de27c] lock_acquire+0x3dc/0x460
[    2.495716]  [0000000000b9c844] _raw_spin_lock_irqsave+0x44/0x60
[    2.495726]  [00000000009af080] uart_add_one_port+0x360/0x500
[    2.495733]  [00000000009b4a84] hv_probe+0x144/0x200
[    2.495741]  [00000000009c55f4] platform_drv_probe+0x34/0xa0
[    2.495748]  [00000000009c31d4] really_probe+0x214/0x460
[    2.495754]  [00000000009c38fc] driver_probe_device+0xfc/0x140
[    2.495761]  [00000000009c3bdc] device_driver_attach+0x3c/0x60
[    2.495767]  [00000000009c3d48] __driver_attach+0x148/0x160
[    2.495778]  [00000000009c1944] bus_for_each_dev+0x44/0xa0
[    2.495784]  [00000000009c3d7c] driver_attach+0x1c/0x40
[    2.495791]  [00000000009c1fc4] bus_add_driver+0x124/0x220
[    2.495797]  [00000000009c4524] driver_register+0xc4/0x120
[    2.495803]  [00000000009c5560] __platform_driver_register+0x40/0x60
[    2.496336] printk: console [ttyHV0] enabled
[    2.498067] sunvdc.c:v1.2 (November 24, 2014)
[    2.499495] sunvdc: Virtual Hard disk vdiskc
[    2.499517] sunvdc: vdiskc: 104857600 sectors (51200 MB) protocol 1.2
[    2.509671] sunvdc: Virtual Hard disk vdiskb
[    2.509694] sunvdc: vdiskb: 62914560 sectors (30720 MB) protocol 1.2
[    2.510470]  vdiskb: vdiskb1
[    2.519775] sunvdc: Virtual Hard disk vdiska
[    2.519797] sunvdc: vdiska: 31457280 sectors (15360 MB) protocol 1.2
[    2.520590]  vdiska: vdiska1 vdiska2 vdiska3 vdiska4
[    2.530408] sunvdc: Virtual CDROM vdiskd
[    2.530433] sunvdc: vdiskd: 453848 sectors (221 MB) protocol 1.2
[    2.531230]  vdiskd: vdiskd1 vdiskd2 vdiskd3 vdiskd4 vdiskd5 vdiskd6 vdiskd7
[    2.540258] sunvnet: sunvnet 2.0 (February 3, 2017)
[    2.541267] vnet_port vnet-port-0-0 eth0: Sun LDOM vnet 00:14:4f:f8:12:a3
[    2.541387] sunvnet: eth0: PORT ( remote-mac 00:14:4f:fa:f3:f0 switch-port )
[    2.541597] sunvnet: eth0: PORT ( remote-mac 00:14:4f:f8:e5:f3 )
[    2.541821] sunvnet: eth0: PORT ( remote-mac 00:14:4f:f9:b4:97 )
[    2.542018] sunvnet: eth0: PORT ( remote-mac 00:14:4f:f8:3f:1e )
[    2.542219] sunvnet: eth0: PORT ( remote-mac 00:14:4f:f8:fe:47 )
[    2.542443] sunvnet: eth0: PORT ( remote-mac 00:14:4f:f9:8b:83 )
[    2.543189] rtc-sun4v rtc-sun4v: registered as rtc0
[    2.543259] rtc-sun4v rtc-sun4v: setting system clock to 2020-04-12T09:29:33 UTC (1586683773)
[    2.543492] sun4v_wdt: initialized (timeout=60s, nowayout=0)
[    2.543615] device-mapper: uevent: version 1.0.3
[    2.543946] device-mapper: ioctl: 4.42.0-ioctl (2020-02-27) initialised: dm-devel@redhat.com
[    2.544617] NET: Registered protocol family 17
[    2.544840] registered taskstats version 1
[    2.545349] zswap: loaded using pool lzo/zbud
[    2.827931] Key type big_key registered
[    2.827966] AppArmor: AppArmor sha1 policy hashing enabled
[    2.830542] This architecture does not have kernel memory protection.
[    2.830568] Run /init as init process
[    2.830587]   with arguments:
[    2.830602]     /init
[    2.830616]   with environment:
[    2.830631]     HOME=/
[    2.830645]     TERM=linux
[    2.830659]     BOOT_IMAGE=/vmlinux-5.6.0-12706-gb032227c6293
[    3.103314] crc32c_sparc64: Using sparc64 crc32c opcode optimized CRC32C implementation
[    3.612450] raid6: int64x8  gen()  2155 MB/s
[    3.782441] raid6: int64x8  xor()  1530 MB/s
[    3.952435] raid6: int64x4  gen()  3399 MB/s
[    4.122459] raid6: int64x4  xor()  1474 MB/s
[    4.292440] raid6: int64x2  gen()  2764 MB/s
[    4.462454] raid6: int64x2  xor()  1162 MB/s
[    4.632497] raid6: int64x1  gen()  1365 MB/s
[    4.802465] raid6: int64x1  xor()   668 MB/s
[    4.802501] raid6: using algorithm int64x4 gen() 3399 MB/s
[    4.802525] raid6: .... xor() 1474 MB/s, rmw enabled
[    4.802545] raid6: using intx1 recovery algorithm
[    4.803210] async_tx: api initialized (async)
[    4.803528] xor: automatically using best checksumming function   Niagara   
[    4.856936] random: fast init done
[    4.945272] process '/usr/bin/fstype' started with executable stack
[    5.013757] EXT4-fs (vdiska2): mounted filesystem with ordered data mode. Opts: (null)
[    6.647722] systemd[1]: Inserted module 'autofs4'
[    6.701455] NET: Registered protocol family 10
[    6.705504] Segment Routing with IPv6
[    6.752946] systemd[1]: systemd 245.4-3 running in system mode. (+PAM +AUDIT +SELINUX +IMA +APPARMOR +SMACK +SYSVINIT +UTMP +LIBCRYPTSETUP +GCRYPT +GNUTLS +ACL +XZ +LZ4 -SECCOMP +BLKID +ELFUTILS +KMOD +IDN2 -IDN +PCRE2 default-hierarchy=hybrid)
[    6.753430] systemd[1]: Detected architecture sparc64.
[    6.840376] systemd[1]: Set hostname to <ttip>.
[    7.802685] random: lvmconfig: uninitialized urandom read (4 bytes read)
[    8.608996] systemd[1]: /lib/systemd/system/dbus.socket:5: ListenStream= references a path below legacy directory /var/run/, updating /var/run/dbus/system_bus_socket â†’ /run/dbus/system_bus_socket; please update the unit file accordingly.
[    8.945497] random: systemd: uninitialized urandom read (16 bytes read)
[    8.952136] systemd[1]: Created slice system-getty.slice.
[    8.952572] random: systemd: uninitialized urandom read (16 bytes read)
[    8.955074] systemd[1]: Created slice system-modprobe.slice.
[    8.955332] random: systemd: uninitialized urandom read (16 bytes read)
[    8.957793] systemd[1]: Created slice system-openvpn\x2dclient.slice.
[    8.961030] systemd[1]: Created slice system-postfix.slice.
[    8.963761] systemd[1]: Created slice system-systemd\x2dfsck.slice.
[    8.966399] systemd[1]: Created slice User and Session Slice.
[    8.966909] systemd[1]: Started Dispatch Password Requests to Console Directory Watch.
[    8.967387] systemd[1]: Started Forward Password Requests to Wall Directory Watch.
[    8.968650] systemd[1]: Set up automount Arbitrary Executable File Formats File System Automount Point.
[    8.969000] systemd[1]: Reached target Local Encrypted Volumes.
[    8.969305] systemd[1]: Reached target Paths.
[    8.969573] systemd[1]: Reached target Remote File Systems.
[    8.969849] systemd[1]: Reached target Slices.
[    8.970366] systemd[1]: Listening on Device-mapper event daemon FIFOs.
[    8.970992] systemd[1]: Listening on LVM2 poll daemon socket.
[    9.002785] systemd[1]: Listening on Syslog Socket.
[    9.003427] systemd[1]: Listening on fsck to fsckd communication Socket.
[    9.003893] systemd[1]: Listening on initctl Compatibility Named Pipe.
[    9.004700] systemd[1]: Listening on Journal Audit Socket.
[    9.005272] systemd[1]: Listening on Journal Socket (/dev/log).
[    9.005953] systemd[1]: Listening on Journal Socket.
[    9.006596] systemd[1]: Listening on udev Control Socket.
[    9.007082] systemd[1]: Listening on udev Kernel Socket.
[    9.012906] systemd[1]: Mounting Huge Pages File System...
[    9.018394] systemd[1]: Mounting POSIX Message Queue File System...
[    9.023821] systemd[1]: Mounting Kernel Debug File System...
[    9.030258] systemd[1]: Mounting Kernel Trace File System...
[    9.035578] systemd[1]: Starting Availability of block devices...
[    9.041353] systemd[1]: Starting Wait for network to be configured by ifupdown...
[    9.046938] systemd[1]: Starting Create list of static device nodes for the current kernel...
[    9.052031] systemd[1]: Starting Monitoring of LVM2 mirrors, snapshots etc. using dmeventd or progress polling...
[    9.057065] systemd[1]: Starting Load Kernel Module drm...
[    9.062506] systemd[1]: Starting nftables...
[    9.081382] systemd[1]: Condition check resulted in Set Up Additional Binary Formats being skipped.
[    9.081598] systemd[1]: Condition check resulted in File System Check on Root Device being skipped.
[    9.089373] systemd[1]: Starting Journal Service...
[    9.097648] systemd[1]: Starting Load Kernel Modules...
[    9.102889] systemd[1]: Starting Remount Root and Kernel File Systems...
[    9.108442] systemd[1]: Starting udev Coldplug all Devices...
[    9.114798] systemd[1]: Mounted Huge Pages File System.
[    9.115787] systemd[1]: Mounted POSIX Message Queue File System.
[    9.116646] systemd[1]: Mounted Kernel Debug File System.
[    9.117505] systemd[1]: Mounted Kernel Trace File System.
[    9.120583] systemd[1]: Finished Availability of block devices.
[    9.124135] systemd[1]: Finished Wait for network to be configured by ifupdown.
[    9.127193] systemd[1]: Finished Create list of static device nodes for the current kernel.
[    9.128742] systemd[1]: modprobe@drm.service: Succeeded.
[    9.130733] systemd[1]: Finished Load Kernel Module drm.
[    9.204524] EXT4-fs (vdiska2): re-mounted. Opts: errors=remount-ro
[    9.210452] systemd[1]: Finished Remount Root and Kernel File Systems.
[    9.255314] systemd[1]: Starting Initial Check File System Quotas...
[    9.286687] systemd[1]: Condition check resulted in Rebuild Hardware Database being skipped.
[    9.286889] systemd[1]: Condition check resulted in Platform Persistent Storage Archival being skipped.
[    9.292042] systemd[1]: Starting Load/Save Random Seed...
[    9.297586] systemd[1]: Starting Create System Users...
[    9.301485] systemd[1]: Finished Load Kernel Modules.
[    9.302690] systemd[1]: Condition check resulted in FUSE Control File System being skipped.
[    9.302989] systemd[1]: Condition check resulted in Kernel Configuration File System being skipped.
[    9.307854] systemd[1]: Starting Apply Kernel Variables...
[    9.311832] systemd[1]: Started Journal Service.
[    9.377187] systemd-journald[560]: Received client request to flush runtime journal.
[   10.743028] sha1_sparc64: Using sparc64 sha1 opcode optimized SHA-1 implementation
[   10.751199] n2rng v0.3 (Jan 7, 2017)
[   10.751249] n2rng f029b104: Registered RNG HVAPI major 2 minor 0
[   10.751281] n2rng f029b104: Found multi-unit-capable RNG, units: 2
[   10.751611] n2rng f029b104: RNG ready
[   10.918842] pktcdvd: setup of pktcdvd device failed
[   10.920131] sha256_sparc64: Using sparc64 sha256 opcode optimized SHA-256/SHA-224 implementation
[   10.946315] pktcdvd: setup of pktcdvd device failed
[   10.949057] pktcdvd: setup of pktcdvd device failed
[   10.951485] pktcdvd: setup of pktcdvd device failed
[   10.953809] pktcdvd: setup of pktcdvd device failed
[   10.956689] pktcdvd: setup of pktcdvd device failed
[   10.959500] pktcdvd: setup of pktcdvd device failed
[   10.961697] pktcdvd: setup of pktcdvd device failed
[   11.095850] sha512_sparc64: Using sparc64 sha512 opcode optimized SHA-512/SHA-384 implementation
[   11.119717] md5_sparc64: Using sparc64 md5 opcode optimized MD5 implementation
[   11.205793] XFS (dm-0): Mounting V5 Filesystem
[   11.232490] Adding 787176k swap on /dev/vdiska4.  Priority:-2 extents:1 across:787176k FS
[   11.273558] XFS (dm-0): Ending clean mount
[   11.275064] xfs filesystem being mounted at /1 supports timestamps until 2038 (0x7fffffff)
[   11.610480] EXT4-fs (vdiska1): mounting ext3 file system using the ext4 subsystem
[   11.786687] EXT4-fs (vdiska1): mounted filesystem with ordered data mode. Opts: (null)
[   11.786824] ext3 filesystem being mounted at /boot supports timestamps until 2038 (0x7fffffff)
[   12.858630] Kernel unaligned access at TPC[8a02b8] aa_dfa_unpack+0x38/0x5a0
[   12.858681] Kernel unaligned access at TPC[8a02d8] aa_dfa_unpack+0x58/0x5a0
[   12.858716] Kernel unaligned access at TPC[8a0394] aa_dfa_unpack+0x114/0x5a0
[   12.858752] Kernel unaligned access at TPC[8a0474] aa_dfa_unpack+0x1f4/0x5a0
[   12.858783] Kernel unaligned access at TPC[8a0488] aa_dfa_unpack+0x208/0x5a0
[   12.866634] audit: type=1400 audit(1586683783.810:2): apparmor="STATUS" operation="profile_load" profile="unconfined" name="/usr/sbin/haveged" pid=745 comm="apparmor_parser"
[   12.866925] audit: type=1400 audit(1586683783.810:3): apparmor="STATUS" operation="profile_load" profile="unconfined" name="nvidia_modprobe" pid=746 comm="apparmor_parser"
[   12.866986] audit: type=1400 audit(1586683783.810:4): apparmor="STATUS" operation="profile_load" profile="unconfined" name="nvidia_modprobe//kmod" pid=746 comm="apparmor_parser"
[   12.876850] audit: type=1400 audit(1586683783.820:5): apparmor="STATUS" operation="profile_load" profile="unconfined" name="lsb_release" pid=750 comm="apparmor_parser"
[   12.909345] audit: type=1400 audit(1586683783.850:6): apparmor="STATUS" operation="profile_load" profile="unconfined" name="/usr/bin/man" pid=747 comm="apparmor_parser"
[   12.909420] audit: type=1400 audit(1586683783.850:7): apparmor="STATUS" operation="profile_load" profile="unconfined" name="man_filter" pid=747 comm="apparmor_parser"
[   12.909477] audit: type=1400 audit(1586683783.850:8): apparmor="STATUS" operation="profile_load" profile="unconfined" name="man_groff" pid=747 comm="apparmor_parser"
[   12.960093] audit: type=1400 audit(1586683783.900:9): apparmor="STATUS" operation="profile_load" profile="unconfined" name="/usr/sbin/named" pid=749 comm="apparmor_parser"
[   12.992210] audit: type=1400 audit(1586683783.930:10): apparmor="STATUS" operation="profile_load" profile="unconfined" name="/usr/sbin/tcpdump" pid=748 comm="apparmor_parser"
[   13.942620] random: crng init done
[   13.942652] random: 6 urandom warning(s) missed due to ratelimiting
