[    0.000019] PROMLIB: Sun IEEE Boot Prom 'OBP 4.38.12 2018/03/28 14:54'
[    0.000029] PROMLIB: Root node compatible: sun4v
[    0.000075] Linux version 5.2.0-11040-ga18f8775419d (mator@ttip) (gcc version 8.3.0 (Debian 8.3.0-19)) #1169 SMP Thu Aug 15 10:22:59 MSK 2019
[    0.000379] printk: bootconsole [earlyprom0] enabled
[    0.000431] ARCH: SUN4V
[    0.000480] Ethernet address: 00:14:4f:fa:06:f2
[    0.000531] MM: PAGE_OFFSET is 0xfff8000000000000 (max_phys_bits == 47)
[    0.000597] MM: VMALLOC [0x0000000100000000 --> 0x0006000000000000]
[    0.000658] MM: VMEMMAP [0x0006000000000000 --> 0x000c000000000000]
[    0.012037] Kernel: Using 5 locked TLB entries for main kernel image.
[    0.012105] Remapping the kernel... 
[    0.012129] done.
[    0.047183] OF stdout device is: /virtual-devices@100/console@1
[    0.047248] PROM: Built device tree with 87467 bytes of memory.
[    0.047308] MDESC: Size is 37248 bytes.
[    0.047427] PLATFORM: banner-name [SPARC T5-2]
[    0.047478] PLATFORM: name [ORCL,SPARC-T5-2]
[    0.047524] PLATFORM: hostid [84fa06f2]
[    0.047568] PLATFORM: serial# [0035260e]
[    0.047610] PLATFORM: stick-frequency [3b9aca00]
[    0.047659] PLATFORM: mac-address [144ffa06f2]
[    0.047706] PLATFORM: watchdog-resolution [1000 ms]
[    0.047756] PLATFORM: watchdog-max-timeout [31536000000 ms]
[    0.047812] PLATFORM: max-cpus [1024]
[    0.047883] Top of RAM: 0x24af938000, Total RAM: 0x87f354000
[    0.047942] Memory hole size: 115461MB
[    0.100668] kmemleak: Kernel memory leak detector disabled
[    0.280916] Allocated 35708928 bytes for kernel page tables.
[    0.280989] Zone ranges:
[    0.281026]   Normal   [mem 0x0000000030400000-0x00000024af937fff]
[    0.281088] Movable zone start for each node
[    0.281133] Early memory node ranges
[    0.281173]   node   0: [mem 0x0000000030400000-0x000000006fe7ffff]
[    0.281234]   node   0: [mem 0x000000006ff00000-0x000000006ff25fff]
[    0.281294]   node   0: [mem 0x0000000070000000-0x000000042fffffff]
[    0.281355]   node   0: [mem 0x0000002030000000-0x00000024af87ffff]
[    0.281416]   node   0: [mem 0x00000024af900000-0x00000024af925fff]
[    0.281475]   node   0: [mem 0x00000024af930000-0x00000024af937fff]
[    0.288847] Zeroed struct page in unavailable ranges: 230130 pages
[    0.288854] Initmem setup node 0 [mem 0x0000000030400000-0x00000024af937fff]
[    0.289014] On node 0 totalpages: 4454826
[    0.289023]   Normal zone: 39154 pages used for memmap
[    0.289029]   Normal zone: 0 pages reserved
[    0.289035]   Normal zone: 4454826 pages, LIFO batch:31
[    0.487076] Booting Linux...
[    0.487163] CPU CAPS: [flush,stbar,swap,muldiv,v9,blkinit,n2,mul32]
[    0.487247] CPU CAPS: [div32,v8plus,popc,vis,vis2,ASIBlkInit,fmaf,vis3]
[    0.488326] CPU CAPS: [hpc,ima,pause,cbcond,aes,des,kasumi,camellia]
[    0.488399] CPU CAPS: [md5,sha1,sha256,sha512,mpmul,montmul,montsqr,crc32c]
[    0.554704] percpu: Embedded 27 pages/cpu s180680 r8192 d32312 u262144
[    0.554948] pcpu-alloc: s180680 r8192 d32312 u262144 alloc=1*4194304
[    0.554955] pcpu-alloc: [0] 000 001 002 003 004 005 006 007 008 009 010 011 012 013 014 015 
[    0.554982] pcpu-alloc: [0] 016 017 018 019 020 021 022 023 024 025 026 027 028 029 030 031 
[    0.555008] pcpu-alloc: [0] 032 033 034 035 036 037 038 039 040 041 042 043 044 045 046 047 
[    0.555035] pcpu-alloc: [0] 048 049 050 051 052 053 054 055 056 057 058 059 060 061 062 063 
[    0.555061] pcpu-alloc: [0] 064 065 066 067 068 069 070 071 072 073 074 075 076 077 078 079 
[    0.555087] pcpu-alloc: [0] 080 081 082 083 084 085 086 087 088 089 090 091 092 093 094 095 
[    0.555113] pcpu-alloc: [0] 096 097 098 099 100 101 102 103 104 105 106 107 108 109 110 111 
[    0.555140] pcpu-alloc: [0] 112 113 114 115 116 117 118 119 120 121 122 123 124 125 126 127 
[    0.555166] pcpu-alloc: [0] 128 129 130 131 132 133 134 135 136 137 138 139 140 141 142 143 
[    0.555192] pcpu-alloc: [0] 144 145 146 147 148 149 150 151 152 153 154 155 156 157 158 159 
[    0.555219] pcpu-alloc: [0] 160 161 162 163 164 165 166 167 168 169 170 171 172 173 174 175 
[    0.555245] pcpu-alloc: [0] 176 177 178 179 180 181 182 183 184 185 186 187 188 189 190 191 
[    0.555272] pcpu-alloc: [0] 192 193 194 195 196 197 198 199 200 201 202 203 204 205 206 207 
[    0.555298] pcpu-alloc: [0] 208 209 210 211 212 213 214 215 216 217 218 219 220 221 222 223 
[    0.555324] pcpu-alloc: [0] 224 225 226 227 228 229 230 231 232 233 234 235 236 237 238 239 
[    0.555351] pcpu-alloc: [0] 240 241 242 243 244 245 246 247 248 249 250 251 252 253 254 255 
[    0.555847] SUN4V: Mondo queue sizes [cpu(131072) dev(16384) r(8192) nr(256)]
[    0.556366] Built 1 zonelists, mobility grouping on.  Total pages: 4415672
[    0.556458] Kernel command line: BOOT_IMAGE=/vmlinux-5.2.0-11040-ga18f8775419d root=/dev/vdiska2 ro zswap.enabled=1
[    0.558800] printk: log_buf_len individual max cpu contribution: 4096 bytes
[    0.558870] printk: log_buf_len total cpu_extra contributions: 1044480 bytes
[    0.558938] printk: log_buf_len min size: 131072 bytes
[    0.559408] printk: log_buf_len: 2097152 bytes
[    0.559460] printk: early log buf free: 125824(95%)
[    0.569076] Dentry cache hash table entries: 8388608 (order: 13, 67108864 bytes, linear)
[    0.573978] Inode-cache hash table entries: 4194304 (order: 12, 33554432 bytes, linear)
[    0.574059] Sorting __ex_table...
[    0.574277] mem auto-init: stack:off, heap alloc:off, heap free:off
[    0.652682] Memory: 35067208K/35638608K available (6873K kernel code, 972K rwdata, 2056K rodata, 1000K init, 6717K bss, 571400K reserved, 0K cma-reserved)
[    0.669676] ftrace: allocating 19814 entries in 39 pages
[    0.688321] Running RCU self tests
[    0.688369] rcu: Hierarchical RCU implementation.
[    0.688418] rcu: 	RCU event tracing is enabled.
[    0.688467] rcu: 	RCU lockdep checking is enabled.
[    0.688516] 	Tasks RCU enabled.
[    0.688554] rcu: RCU calculated value of scheduler-enlistment delay is 11 jiffies.
[    0.696793] NR_IRQS: 2048, nr_irqs: 2048, preallocated irqs: 1
[    0.697151] SUN4V: Using IRQ API major 3, cookie only virqs enabled
[    0.703481] clocksource: stick: mask: 0xffffffffffffffff max_cycles: 0x1cd42e4dffb, max_idle_ns: 881590591483 ns
[    0.703614] clocksource: mult[800000] shift[23]
[    0.703663] clockevent: mult[80000000] shift[31]
[    0.726199] Console: colour dummy device 80x25
[    0.726265] printk: console [tty0] enabled
[    0.726342] printk: bootconsole [earlyprom0] disabled
[    0.726428] Lock dependency validator: Copyright (c) 2006 Red Hat, Inc., Ingo Molnar
[    0.726476] ... MAX_LOCKDEP_SUBCLASSES:  8
[    0.726506] ... MAX_LOCK_DEPTH:          48
[    0.726536] ... MAX_LOCKDEP_KEYS:        8192
[    0.726567] ... CLASSHASH_SIZE:          4096
[    0.726598] ... MAX_LOCKDEP_ENTRIES:     16384
[    0.726629] ... MAX_LOCKDEP_CHAINS:      32768
[    0.726660] ... CHAINHASH_SIZE:          16384
[    0.726691]  memory used by lock dependency info: 3855 kB
[    0.726727]  per task-struct memory footprint: 1920 bytes
[    0.727463] kmemleak: Early log buffer exceeded (9381), please increase DEBUG_KMEMLEAK_EARLY_LOG_SIZE
[    0.873909] Calibrating delay using timer specific routine.. 2003.72 BogoMIPS (lpj=10018627)
[    0.873964] pid_max: default: 262144 minimum: 2048
[    0.881068] Mount-cache hash table entries: 131072 (order: 7, 1048576 bytes, linear)
[    0.881304] Mountpoint-cache hash table entries: 131072 (order: 7, 1048576 bytes, linear)
[    0.886075] *** VALIDATE proc ***
[    0.888729] *** VALIDATE cgroup1 ***
[    0.888762] *** VALIDATE cgroup2 ***
[    0.893192] rcu: Hierarchical SRCU implementation.
[    0.916845] smp: Bringing up secondary CPUs ...
[    1.011768] smp: Brought up 1 node, 32 CPUs
[    1.022266] devtmpfs: initialized
[    1.028653] Performance events: 
[    1.028710] Testing NMI watchdog ... 
[    1.229033] OK.
[    1.229183] Supported PMU type is 'niagara5'
[    1.229898] random: get_random_u32 called from bucket_table_alloc.isra.4+0x184/0x1c0 with crng_init=0
[    1.230966] ldc.c:v1.1 (July 22, 2008)
[    1.234682] clocksource: jiffies: mask: 0xffffffff max_cycles: 0xffffffff, max_idle_ns: 19112604462750000 ns
[    1.234785] futex hash table entries: 65536 (order: 10, 8388608 bytes, linear)
[    1.249545] NET: Registered protocol family 16
[    1.259564] VIO: Adding device channel-devices (tx_ino = ffffffffffffffff, rx_ino = ffffffffffffffff)
[    1.259799] VIO: Adding device vnet-port-0-0 (tx_ino = 0, rx_ino = 1)
[    1.260019] VIO: Adding device vnet-port-0-1 (tx_ino = 2, rx_ino = 3)
[    1.260204] VIO: Adding device vnet-port-0-2 (tx_ino = 4, rx_ino = 5)
[    1.260390] VIO: Adding device vnet-port-0-4 (tx_ino = 8, rx_ino = 9)
[    1.260582] VIO: Adding device vnet-port-0-5 (tx_ino = a, rx_ino = b)
[    1.260775] VIO: Adding device vnet-port-0-6 (tx_ino = c, rx_ino = d)
[    1.260959] VIO: Adding device vnet-port-0-3 (tx_ino = 6, rx_ino = 7)
[    1.261143] VIO: Adding device vdc-port-3-0 (tx_ino = e, rx_ino = f)
[    1.261340] VIO: Adding device vdc-port-2-0 (tx_ino = 10, rx_ino = 11)
[    1.261523] VIO: Adding device vdc-port-1-0 (tx_ino = 12, rx_ino = 13)
[    1.261717] VIO: Adding device vdc-port-0-0 (tx_ino = 14, rx_ino = 15)
[    1.261901] VIO: Adding device vdc-port-4-0 (tx_ino = 16, rx_ino = 17)
[    1.262099] VIO: Adding device vlds-port-0-0 (tx_ino = 18, rx_ino = 19)
[    1.262286] VIO: Adding device domain-services-port-0 (tx_ino = 18, rx_ino = 19)
[    1.262898] audit: initializing netlink subsys (disabled)
[    1.263283] audit: type=2000 audit(0.550:1): state=initialized audit_enabled=0 res=1
[    1.310847] HugeTLB registered 64.0 KiB page size, pre-allocated 0 pages
[    1.310896] HugeTLB registered 8.00 MiB page size, pre-allocated 0 pages
[    1.310942] HugeTLB registered 256 MiB page size, pre-allocated 0 pages
[    1.310987] HugeTLB registered 2.00 GiB page size, pre-allocated 0 pages
[    1.359411] alg: No test for lzo-rle (lzo-rle-generic)
[    1.359955] alg: No test for lzo-rle (lzo-rle-scomp)
[    1.380770] SUN4V: Reboot data supported (maj=1,min=0).
[    1.381764] ds.c:v1.0 (Jul 11, 2007)
[    1.382357] ds-0: ds_conn_reset() from send_events.isra.3
[    1.383983] clocksource: Switched to clocksource stick
[    1.671645] VFS: Disk quotas dquot_6.6.0
[    1.673230] VFS: Dquot-cache hash table entries: 1024 (order 0, 8192 bytes)
[    1.673929] *** VALIDATE hugetlbfs ***
[    1.694742] NET: Registered protocol family 2
[    1.697962] tcp_listen_portaddr_hash hash table entries: 32768 (order: 8, 2359296 bytes, linear)
[    1.701423] TCP established hash table entries: 524288 (order: 9, 4194304 bytes, linear)
[    1.703708] TCP bind hash table entries: 65536 (order: 9, 4194304 bytes, linear)
[    1.709787] TCP: Hash tables configured (established 524288 bind 65536)
[    1.716629] UDP hash table entries: 32768 (order: 9, 5242880 bytes, linear)
[    1.724209] UDP-Lite hash table entries: 32768 (order: 9, 5242880 bytes, linear)
[    1.738421] NET: Registered protocol family 1
[    1.739505] Trying to unpack rootfs image as initramfs...
[    2.055347] Freeing initrd memory: 10424K
[    2.090352] workingset: timestamp_bits=46 max_order=23 bucket_order=0
[    2.096681] SGI XFS with ACLs, security attributes, debug enabled
[    2.127234] Block layer SCSI generic (bsg) driver version 0.4 loaded (major 252)
[    2.129038] io scheduler mq-deadline registered
[    2.130950] f029b788: ttyHV0 at I/O 0x0 (irq = 1, base_baud = 115200) is a SUN4V HCONS
[    2.137312] printk: console [ttyHV0] enabled
[    2.142927] sunvdc.c:v1.2 (November 24, 2014)
[    2.150522] sunvdc: Virtual CDROM vdiskd
[    2.150576] sunvdc: vdiskd: 403160 sectors (196 MB) protocol 1.2
[    2.151938]  vdiskd: vdiskd1 vdiskd2 vdiskd3 vdiskd4 vdiskd5 vdiskd6 vdiskd7
[    2.209099] sunvdc: Virtual Hard disk vdiskc
[    2.209143] sunvdc: vdiskc: 104857600 sectors (51200 MB) protocol 1.2
[    2.262301] sunvdc: Virtual Hard disk vdiskb
[    2.262343] sunvdc: vdiskb: 62914560 sectors (30720 MB) protocol 1.2
[    2.263990]  vdiskb: vdiskb1
[    2.317141] sunvdc: Virtual Hard disk vdiska
[    2.317183] sunvdc: vdiska: 31457280 sectors (15360 MB) protocol 1.2
[    2.317925]  vdiska: vdiska1 vdiska2 vdiska3 vdiska4
[    2.372815] sunvdc: Virtual Hard disk vdiske
[    2.372856] sunvdc: vdiske: 20971520 sectors (10240 MB) protocol 1.2
[    2.374862]  vdiske: vdiske1 vdiske2 vdiske3
[    2.421589] sunvnet: sunvnet 2.0 (February 3, 2017)
[    2.425083] vnet_port vnet-port-0-0 eth0: Sun LDOM vnet 00:14:4f:f8:12:a3
[    2.425690] sunvnet: eth0: PORT ( remote-mac 00:14:4f:fa:f3:f0 switch-port )
[    2.426997] sunvnet: eth0: PORT ( remote-mac 00:14:4f:f8:e5:f3 )
[    2.428366] sunvnet: eth0: PORT ( remote-mac 00:14:4f:f9:b4:97 )
[    2.429674] sunvnet: eth0: PORT ( remote-mac 00:14:4f:f8:3f:1e )
[    2.430992] sunvnet: eth0: PORT ( remote-mac 00:14:4f:f8:fe:47 )
[    2.432291] sunvnet: eth0: PORT ( remote-mac 00:14:4f:f9:8b:83 )
[    2.433597] sunvnet: eth0: PORT ( remote-mac 00:14:4f:f9:6c:d1 )
[    2.435288] rtc-sun4v rtc-sun4v: registered as rtc0
[    2.435939] sun4v_wdt: initialized (timeout=60s, nowayout=0)
[    2.436362] device-mapper: uevent: version 1.0.3
[    2.437468] device-mapper: ioctl: 4.40.0-ioctl (2019-01-18) initialised: dm-devel@redhat.com
[    2.439438] NET: Registered protocol family 17
[    2.450056] zswap: default zpool zbud not available
[    2.450110] zswap: pool creation failed
[    2.493527] Key type big_key registered
[    2.494601] rtc-sun4v rtc-sun4v: setting system clock to 2019-08-15T07:25:27 UTC (1565853927)
[    2.499031] This architecture does not have kernel memory protection.
[    2.499079] Run /init as init process
[    3.405730] crc32c_sparc64: Using sparc64 crc32c opcode optimized CRC32C implementation
[    3.426087] random: fast init done
[    3.873767] raid6: int64x8  gen()  2150 MB/s
[    4.043764] raid6: int64x8  xor()  1569 MB/s
[    4.213749] raid6: int64x4  gen()  3477 MB/s
[    4.383758] raid6: int64x4  xor()  1987 MB/s
[    4.553770] raid6: int64x2  gen()  2879 MB/s
[    4.723764] raid6: int64x2  xor()  1995 MB/s
[    4.893749] raid6: int64x1  gen()  2810 MB/s
[    5.063765] raid6: int64x1  xor()  1624 MB/s
[    5.063807] raid6: using algorithm int64x4 gen() 3477 MB/s
[    5.063847] raid6: .... xor() 1987 MB/s, rmw enabled
[    5.063886] raid6: using intx1 recovery algorithm
[    5.064856] async_tx: api initialized (async)
[    5.065499] xor: automatically using best checksumming function   Niagara   
[    5.263968] EXT4-fs (vdiska2): mounted filesystem with ordered data mode. Opts: (null)
[    5.500836] systemd[1]: Inserted module 'autofs4'
[    5.514030] NET: Registered protocol family 10
[    5.526467] Segment Routing with IPv6
[    5.555426] systemd[1]: systemd 241 running in system mode. (+PAM +AUDIT +SELINUX +IMA +APPARMOR +SMACK +SYSVINIT +UTMP +LIBCRYPTSETUP +GCRYPT +GNUTLS +ACL +XZ +LZ4 -SECCOMP +BLKID +ELFUTILS +KMOD -IDN2 +IDN +PCRE2 default-hierarchy=hybrid)
[    5.556029] systemd[1]: Detected architecture sparc64.
[    5.577417] systemd[1]: Set hostname to <ttip>.
[    5.582878] systemd[1]: Failed to bump fs.file-max, ignoring: Invalid argument
[    5.710719] random: lvmconfig: uninitialized urandom read (4 bytes read)
[    5.978853] systemd[1]: /lib/systemd/system/smbd.service:9: PIDFile= references path below legacy directory /var/run/, updating /var/run/samba/smbd.pid → /run/samba/smbd.pid; please update the unit file accordingly.
[    5.979486] systemd[1]: /lib/systemd/system/nmbd.service:9: PIDFile= references path below legacy directory /var/run/, updating /var/run/samba/nmbd.pid → /run/samba/nmbd.pid; please update the unit file accordingly.
[    6.014083] random: systemd: uninitialized urandom read (16 bytes read)
[    6.024428] random: systemd: uninitialized urandom read (16 bytes read)
[    6.025120] systemd[1]: Listening on Journal Audit Socket.
[    6.041726] systemd[1]: Created slice system-getty.slice.
[    6.043011] systemd[1]: Listening on fsck to fsckd communication Socket.
[    6.049154] systemd[1]: Created slice system-systemd\x2dfsck.slice.
[    6.199845] EXT4-fs (vdiska2): re-mounted. Opts: errors=remount-ro
[    6.468072] systemd-journald[440]: Received request to flush runtime journal from PID 1
[    7.201095] sha1_sparc64: Using sparc64 sha1 opcode optimized SHA-1 implementation
[    7.201111] n2rng v0.3 (Jan 7, 2017)
[    7.201315] n2rng f029b104: Registered RNG HVAPI major 2 minor 0
[    7.201434] n2rng f029b104: Found multi-unit-capable RNG, units: 2
[    7.202519] n2rng f029b104: RNG ready
[    7.236667] sha256_sparc64: Using sparc64 sha256 opcode optimized SHA-256/SHA-224 implementation
[    7.262943] sha512_sparc64: Using sparc64 sha512 opcode optimized SHA-512/SHA-384 implementation
[    7.265260] md5_sparc64: Using sparc64 md5 opcode optimized MD5 implementation
[    7.282444] aes_sparc64: Using sparc64 aes opcodes optimized AES implementation
[    7.361162] des_sparc64: Using sparc64 des opcodes optimized DES implementation
[    7.424665] camellia_sparc64: Using sparc64 camellia opcodes optimized CAMELLIA implementation
[    8.786049] XFS (dm-0): Mounting V5 Filesystem
[    9.133347] XFS (dm-0): Ending clean mount
[   10.713823] Adding 787176k swap on /dev/vdiska4.  Priority:-2 extents:1 across:787176k FS
[   10.799207] EXT4-fs (vdiska1): mounting ext3 file system using the ext4 subsystem
[   10.817933] EXT4-fs (vdiska1): mounted filesystem with ordered data mode. Opts: (null)
