[    0.000019] PROMLIB: Sun IEEE Boot Prom 'OBP 4.38.12 2018/03/28 14:54'
[    0.000032] PROMLIB: Root node compatible: sun4v
[    0.000080] Linux version 5.6.0-03179-g1f944f976d7e (mator@ttip) (gcc version 9.3.0 (Debian 9.3.0-8)) #41 SMP Wed Apr 1 21:10:27 MSK 2020
[    0.000398] printk: bootconsole [earlyprom0] enabled
[    0.000449] ARCH: SUN4V
[    0.000501] Ethernet address: 00:14:4f:fa:06:f2
[    0.000552] MM: PAGE_OFFSET is 0xfff8000000000000 (max_phys_bits == 47)
[    0.000618] MM: VMALLOC [0x0000000100000000 --> 0x0006000000000000]
[    0.000680] MM: VMEMMAP [0x0006000000000000 --> 0x000c000000000000]
[    0.012379] Kernel: Using 5 locked TLB entries for main kernel image.
[    0.012450] Remapping the kernel... 
[    0.012478] done.
[    0.045526] OF stdout device is: /virtual-devices@100/console@1
[    0.045606] PROM: Built device tree with 86758 bytes of memory.
[    0.045674] MDESC: Size is 36512 bytes.
[    0.045800] PLATFORM: banner-name [SPARC T5-2]
[    0.045849] PLATFORM: name [ORCL,SPARC-T5-2]
[    0.045897] PLATFORM: hostid [84fa06f2]
[    0.045939] PLATFORM: serial# [0035260e]
[    0.045984] PLATFORM: stick-frequency [3b9aca00]
[    0.046032] PLATFORM: mac-address [144ffa06f2]
[    0.046080] PLATFORM: watchdog-resolution [1000 ms]
[    0.046130] PLATFORM: watchdog-max-timeout [31536000000 ms]
[    0.046187] PLATFORM: max-cpus [1024]
[    0.046292] Top of RAM: 0x24af938000, Total RAM: 0x87f354000
[    0.046357] Memory hole size: 115461MB
[    0.050941] Allocated 40960 bytes for kernel page tables.
[    0.051030] Zone ranges:
[    0.051069]   Normal   [mem 0x0000000030400000-0x00000024af937fff]
[    0.051134] Movable zone start for each node
[    0.051178] Early memory node ranges
[    0.051219]   node   0: [mem 0x0000000030400000-0x000000006fe7ffff]
[    0.051283]   node   0: [mem 0x000000006ff00000-0x000000006ff25fff]
[    0.051343]   node   0: [mem 0x0000000070000000-0x000000042fffffff]
[    0.051407]   node   0: [mem 0x0000002030000000-0x00000024af87ffff]
[    0.051470]   node   0: [mem 0x00000024af900000-0x00000024af925fff]
[    0.051530]   node   0: [mem 0x00000024af930000-0x00000024af937fff]
[    0.063152] Zeroed struct page in unavailable ranges: 263766 pages
[    0.063161] Initmem setup node 0 [mem 0x0000000030400000-0x00000024af937fff]
[    0.063320] On node 0 totalpages: 4454826
[    0.063330]   Normal zone: 39154 pages used for memmap
[    0.063336]   Normal zone: 0 pages reserved
[    0.063342]   Normal zone: 4454826 pages, LIFO batch:31
[    0.074499] Booting Linux...
[    0.074586] CPU CAPS: [flush,stbar,swap,muldiv,v9,blkinit,n2,mul32]
[    0.074671] CPU CAPS: [div32,v8plus,popc,vis,vis2,ASIBlkInit,fmaf,vis3]
[    0.075752] CPU CAPS: [hpc,ima,pause,cbcond,aes,des,kasumi,camellia]
[    0.075826] CPU CAPS: [md5,sha1,sha256,sha512,mpmul,montmul,montsqr,crc32c]
[    0.105554] percpu: Embedded 27 pages/cpu s182992 r8192 d30000 u262144
[    0.105799] pcpu-alloc: s182992 r8192 d30000 u262144 alloc=1*4194304
[    0.105806] pcpu-alloc: [0] 000 001 002 003 004 005 006 007 008 009 010 011 012 013 014 015 
[    0.105835] pcpu-alloc: [0] 016 017 018 019 020 021 022 023 024 025 026 027 028 029 030 031 
[    0.105863] pcpu-alloc: [0] 032 033 034 035 036 037 038 039 040 041 042 043 044 045 046 047 
[    0.105892] pcpu-alloc: [0] 048 049 050 051 052 053 054 055 056 057 058 059 060 061 062 063 
[    0.105920] pcpu-alloc: [0] 064 065 066 067 068 069 070 071 072 073 074 075 076 077 078 079 
[    0.105948] pcpu-alloc: [0] 080 081 082 083 084 085 086 087 088 089 090 091 092 093 094 095 
[    0.105976] pcpu-alloc: [0] 096 097 098 099 100 101 102 103 104 105 106 107 108 109 110 111 
[    0.106004] pcpu-alloc: [0] 112 113 114 115 116 117 118 119 120 121 122 123 124 125 126 127 
[    0.106483] SUN4V: Mondo queue sizes [cpu(131072) dev(16384) r(8192) nr(256)]
[    0.106860] Built 1 zonelists, mobility grouping on.  Total pages: 4415672
[    0.106950] Kernel command line: BOOT_IMAGE=/vmlinux-5.6.0-03179-g1f944f976d7e root=/dev/vdiska2 ro zswap.enabled=1
[    0.109418] printk: log_buf_len individual max cpu contribution: 4096 bytes
[    0.109492] printk: log_buf_len total cpu_extra contributions: 520192 bytes
[    0.109560] printk: log_buf_len min size: 131072 bytes
[    0.109834] printk: log_buf_len: 1048576 bytes
[    0.109886] printk: early log buf free: 126664(96%)
[    0.116231] Dentry cache hash table entries: 8388608 (order: 13, 67108864 bytes, linear)
[    0.119512] Inode-cache hash table entries: 4194304 (order: 12, 33554432 bytes, linear)
[    0.119601] Sorting __ex_table...
[    0.119852] mem auto-init: stack:off, heap alloc:off, heap free:off
[    0.179142] Memory: 1305232K/35638608K available (7718K kernel code, 1051K rwdata, 2280K rodata, 640K init, 6814K bss, 509032K reserved, 0K cma-reserved)
[    0.179818] SLUB: HWalign=32, Order=0-3, MinObjects=0, CPUs=128, Nodes=1
[    0.180114] ftrace: allocating 21552 entries in 43 pages
[    0.188594] ftrace: allocated 43 pages with 4 groups
[    0.191552] Running RCU self tests
[    0.191629] rcu: Hierarchical RCU implementation.
[    0.191683] rcu: 	RCU event tracing is enabled.
[    0.191729] rcu: 	RCU lockdep checking is enabled.
[    0.191782] 	Tasks RCU enabled.
[    0.191819] rcu: RCU calculated value of scheduler-enlistment delay is 10 jiffies.
[    0.196173] NR_IRQS: 2048, nr_irqs: 2048, preallocated irqs: 1
[    0.196256] SUN4V: Using IRQ API major 3, cookie only virqs enabled
[    0.198725] clocksource: stick: mask: 0xffffffffffffffff max_cycles: 0x1cd42e4dffb, max_idle_ns: 881590591483 ns
[    0.198854] clocksource: mult[800000] shift[23]
[    0.198904] clockevent: mult[80000000] shift[31]
[    0.199470] Console: colour dummy device 80x25
[    0.199534] printk: console [tty0] enabled
[    0.199612] printk: bootconsole [earlyprom0] disabled
[    0.199699] Lock dependency validator: Copyright (c) 2006 Red Hat, Inc., Ingo Molnar
[    0.199751] ... MAX_LOCKDEP_SUBCLASSES:  8
[    0.199783] ... MAX_LOCK_DEPTH:          48
[    0.199816] ... MAX_LOCKDEP_KEYS:        8192
[    0.199849] ... CLASSHASH_SIZE:          4096
[    0.199882] ... MAX_LOCKDEP_ENTRIES:     16384
[    0.199915] ... MAX_LOCKDEP_CHAINS:      32768
[    0.199948] ... CHAINHASH_SIZE:          16384
[    0.199982]  memory used by lock dependency info: 3919 kB
[    0.200020]  memory used for stack traces: 2112 kB
[    0.200056]  per task-struct memory footprint: 1920 bytes
[    0.349333] Calibrating delay using timer specific routine.. 2010.40 BogoMIPS (lpj=10052002)
[    0.349409] pid_max: default: 131072 minimum: 1024
[    0.349713] LSM: Security Framework initializing
[    0.349870] AppArmor: AppArmor initialized
[    0.350149] Mount-cache hash table entries: 131072 (order: 7, 1048576 bytes, linear)
[    0.350317] Mountpoint-cache hash table entries: 131072 (order: 7, 1048576 bytes, linear)
[    0.350463] *** VALIDATE tmpfs ***
[    0.351341] *** VALIDATE proc ***
[    0.351876] *** VALIDATE cgroup ***
[    0.351910] *** VALIDATE cgroup2 ***
[    0.354079] rcu: Hierarchical SRCU implementation.
[    0.362369] smp: Bringing up secondary CPUs ...
[    0.407769] smp: Brought up 1 node, 32 CPUs
[    0.600879] node 0 initialised, 4228043 pages in 190ms
[    0.602135] devtmpfs: initialized
[    0.606986] Performance events: 
[    0.607036] Testing NMI watchdog ... 
[    0.807117] OK.
[    0.807293] Supported PMU type is 'niagara5'
[    0.807510] random: get_random_u32 called from bucket_table_alloc.isra.0+0x198/0x1c0 with crng_init=0
[    0.808189] ldc.c:v1.1 (July 22, 2008)
[    0.810527] clocksource: jiffies: mask: 0xffffffff max_cycles: 0xffffffff, max_idle_ns: 19112604462750000 ns
[    0.810623] futex hash table entries: 32768 (order: 9, 4194304 bytes, linear)
[    0.815823] NET: Registered protocol family 16
[    0.824318] VIO: Adding device channel-devices (tx_ino = ffffffffffffffff, rx_ino = ffffffffffffffff)
[    0.824531] VIO: Adding device vnet-port-0-0 (tx_ino = 0, rx_ino = 1)
[    0.824744] VIO: Adding device vnet-port-0-1 (tx_ino = 2, rx_ino = 3)
[    0.824919] VIO: Adding device vnet-port-0-2 (tx_ino = 4, rx_ino = 5)
[    0.825093] VIO: Adding device vnet-port-0-3 (tx_ino = 6, rx_ino = 7)
[    0.825273] VIO: Adding device vnet-port-0-4 (tx_ino = 8, rx_ino = 9)
[    0.825446] VIO: Adding device vnet-port-0-5 (tx_ino = a, rx_ino = b)
[    0.825618] VIO: Adding device vdc-port-2-0 (tx_ino = c, rx_ino = d)
[    0.825795] VIO: Adding device vdc-port-1-0 (tx_ino = e, rx_ino = f)
[    0.825968] VIO: Adding device vdc-port-0-0 (tx_ino = 10, rx_ino = 11)
[    0.826149] VIO: Adding device vdc-port-3-0 (tx_ino = 12, rx_ino = 13)
[    0.826327] VIO: Adding device vlds-port-0-0 (tx_ino = 14, rx_ino = 15)
[    0.826503] VIO: Adding device domain-services-port-0 (tx_ino = 14, rx_ino = 15)
[    0.826799] audit: initializing netlink subsys (disabled)
[    0.827101] audit: type=2000 audit(0.620:1): state=initialized audit_enabled=0 res=1
[    0.853234] HugeTLB registered 64.0 KiB page size, pre-allocated 0 pages
[    0.853290] HugeTLB registered 8.00 MiB page size, pre-allocated 0 pages
[    0.853338] HugeTLB registered 256 MiB page size, pre-allocated 0 pages
[    0.853387] HugeTLB registered 2.00 GiB page size, pre-allocated 0 pages
[    0.855023] alg: extra crypto tests enabled.  This is intended for developer use only.
[    0.881731] cryptd: max_cpu_qlen set to 1000
[    0.990835] NetLabel: Initializing
[    0.990876] NetLabel:  domain hash size = 128
[    0.990911] NetLabel:  protocols = UNLABELED CIPSOv4 CALIPSO
[    0.991041] NetLabel:  unlabeled traffic allowed by default
[    0.992038] SUN4V: Reboot data supported (maj=1,min=0).
[    0.992417] ds.c:v1.0 (Jul 11, 2007)
[    0.992781] ds-0: ds_conn_reset() from send_events.isra.0
[    0.994257] clocksource: Switched to clocksource stick
[    1.203516] *** VALIDATE bpf ***
[    1.204820] VFS: Disk quotas dquot_6.6.0
[    1.204965] VFS: Dquot-cache hash table entries: 1024 (order 0, 8192 bytes)
[    1.205187] *** VALIDATE ramfs ***
[    1.205241] *** VALIDATE hugetlbfs ***
[    1.206902] AppArmor: AppArmor Filesystem Enabled
[    1.220260] NET: Registered protocol family 2
[    1.222264] tcp_listen_portaddr_hash hash table entries: 32768 (order: 8, 2621440 bytes, linear)
[    1.225292] TCP established hash table entries: 524288 (order: 9, 4194304 bytes, linear)
[    1.227744] TCP bind hash table entries: 65536 (order: 9, 4718592 bytes, linear)
[    1.233880] TCP: Hash tables configured (established 524288 bind 65536)
[    1.236470] UDP hash table entries: 32768 (order: 9, 5242880 bytes, linear)
[    1.242727] UDP-Lite hash table entries: 32768 (order: 9, 5242880 bytes, linear)
[    1.250735] NET: Registered protocol family 1
[    1.250805] NET: Registered protocol family 44
[    1.251482] Trying to unpack rootfs image as initramfs...
[    1.446348] Freeing initrd memory: 14776K
[    1.447042] aes_sparc64: Using sparc64 aes opcodes optimized AES implementation
[    1.743798] des_sparc64: Using sparc64 des opcodes optimized DES implementation
[    2.261375] camellia_sparc64: Using sparc64 camellia opcodes optimized CAMELLIA implementation
[    2.468428] workingset: timestamp_bits=46 max_order=23 bucket_order=0
[    2.488024] zbud: loaded
[    2.490416] SGI XFS with ACLs, security attributes, quota, fatal assert, debug enabled
[    2.496706] *** VALIDATE xfs ***
[    2.511808] Block layer SCSI generic (bsg) driver version 0.4 loaded (major 252)
[    2.512758] io scheduler mq-deadline registered
[    2.515617] f029b788: ttyHV0 at I/O 0x0 (irq = 1, base_baud = 115200) is a SUN4V HCONS
[    2.515701] INFO: trying to register non-static key.
[    2.515708] the code is fine but needs lockdep annotation.
[    2.515714] turning off the locking correctness validator.
[    2.515724] CPU: 18 PID: 1 Comm: swapper/0 Not tainted 5.6.0-03179-g1f944f976d7e #41
[    2.515732] Call Trace:
[    2.515745]  [00000000004de8f8] register_lock_class+0x278/0x8a0
[    2.515752]  [00000000004da1cc] __lock_acquire+0x8c/0x3660
[    2.515759]  [00000000004de41c] lock_acquire+0x3dc/0x460
[    2.515770]  [0000000000b8b064] _raw_spin_lock_irqsave+0x44/0x60
[    2.515782]  [0000000000976aa0] uart_add_one_port+0x360/0x500
[    2.515790]  [000000000097c4a4] hv_probe+0x144/0x200
[    2.515800]  [000000000098ce34] platform_drv_probe+0x34/0xa0
[    2.515807]  [000000000098aa14] really_probe+0x214/0x460
[    2.515813]  [000000000098b13c] driver_probe_device+0xfc/0x140
[    2.515820]  [000000000098b41c] device_driver_attach+0x3c/0x60
[    2.515826]  [000000000098b588] __driver_attach+0x148/0x160
[    2.515833]  [0000000000989184] bus_for_each_dev+0x44/0xa0
[    2.515839]  [000000000098b5bc] driver_attach+0x1c/0x40
[    2.515845]  [0000000000989804] bus_add_driver+0x124/0x220
[    2.515852]  [000000000098bd64] driver_register+0xc4/0x120
[    2.515858]  [000000000098cda0] __platform_driver_register+0x40/0x60
[    2.516447] printk: console [ttyHV0] enabled
[    2.518163] sunvdc.c:v1.2 (November 24, 2014)
[    2.519667] sunvdc: Virtual Hard disk vdiskc
[    2.519689] sunvdc: vdiskc: 104857600 sectors (51200 MB) protocol 1.2
[    2.530070] sunvdc: Virtual Hard disk vdiskb
[    2.530095] sunvdc: vdiskb: 62914560 sectors (30720 MB) protocol 1.2
[    2.531018]  vdiskb: vdiskb1
[    2.540604] sunvdc: Virtual Hard disk vdiska
[    2.540628] sunvdc: vdiska: 31457280 sectors (15360 MB) protocol 1.2
[    2.541581]  vdiska: vdiska1 vdiska2 vdiska3 vdiska4
[    2.551517] sunvdc: Virtual CDROM vdiskd
[    2.551541] sunvdc: vdiskd: 453848 sectors (221 MB) protocol 1.2
[    2.552443]  vdiskd: vdiskd1 vdiskd2 vdiskd3 vdiskd4 vdiskd5 vdiskd6 vdiskd7
[    2.561608] sunvnet: sunvnet 2.0 (February 3, 2017)
[    2.562610] vnet_port vnet-port-0-0 eth0: Sun LDOM vnet 00:14:4f:f8:12:a3
[    2.562723] sunvnet: eth0: PORT ( remote-mac 00:14:4f:fa:f3:f0 switch-port )
[    2.562934] sunvnet: eth0: PORT ( remote-mac 00:14:4f:f8:e5:f3 )
[    2.563137] sunvnet: eth0: PORT ( remote-mac 00:14:4f:f9:b4:97 )
[    2.563333] sunvnet: eth0: PORT ( remote-mac 00:14:4f:f8:3f:1e )
[    2.563534] sunvnet: eth0: PORT ( remote-mac 00:14:4f:f8:fe:47 )
[    2.563731] sunvnet: eth0: PORT ( remote-mac 00:14:4f:f9:8b:83 )
[    2.564486] rtc-sun4v rtc-sun4v: registered as rtc0
[    2.564718] sun4v_wdt: initialized (timeout=60s, nowayout=0)
[    2.564838] device-mapper: uevent: version 1.0.3
[    2.565180] device-mapper: ioctl: 4.42.0-ioctl (2020-02-27) initialised: dm-devel@redhat.com
[    2.565834] NET: Registered protocol family 17
[    2.566077] registered taskstats version 1
[    2.566493] zswap: loaded using pool lzo/zbud
[    2.843476] Key type big_key registered
[    2.843516] AppArmor: AppArmor sha1 policy hashing enabled
[    2.843927] rtc-sun4v rtc-sun4v: setting system clock to 2020-04-01T18:38:33 UTC (1585766313)
[    2.846324] This architecture does not have kernel memory protection.
[    2.846350] Run /init as init process
[    2.846368]   with arguments:
[    2.846383]     /init
[    2.846397]   with environment:
[    2.846412]     HOME=/
[    2.846426]     TERM=linux
[    2.846440]     BOOT_IMAGE=/vmlinux-5.6.0-03179-g1f944f976d7e
[    3.128388] crc32c_sparc64: Using sparc64 crc32c opcode optimized CRC32C implementation
[    3.624204] raid6: int64x8  gen()  2167 MB/s
[    3.794194] raid6: int64x8  xor()  1539 MB/s
[    3.964200] raid6: int64x4  gen()  3422 MB/s
[    4.134193] raid6: int64x4  xor()  1480 MB/s
[    4.304188] raid6: int64x2  gen()  2797 MB/s
[    4.474197] raid6: int64x2  xor()  1170 MB/s
[    4.644221] raid6: int64x1  gen()  1368 MB/s
[    4.814193] raid6: int64x1  xor()   671 MB/s
[    4.814214] raid6: using algorithm int64x4 gen() 3422 MB/s
[    4.814235] raid6: .... xor() 1480 MB/s, rmw enabled
[    4.814255] raid6: using intx1 recovery algorithm
[    4.814880] async_tx: api initialized (async)
[    4.815191] xor: automatically using best checksumming function   Niagara   
[    4.876958] process '/usr/bin/fstype' started with executable stack
[    4.890884] random: fast init done
[    4.933104] EXT4-fs (vdiska2): mounted filesystem with ordered data mode. Opts: (null)
[    5.058932] systemd[1]: Inserted module 'autofs4'
[    5.066871] NET: Registered protocol family 10
[    5.070764] Segment Routing with IPv6
[    5.082784] systemd[1]: systemd 245.2-1 running in system mode. (+PAM +AUDIT +SELINUX +IMA +APPARMOR +SMACK +SYSVINIT +UTMP +LIBCRYPTSETUP +GCRYPT +GNUTLS +ACL +XZ +LZ4 -SECCOMP +BLKID +ELFUTILS +KMOD +IDN2 -IDN +PCRE2 default-hierarchy=hybrid)
[    5.083273] systemd[1]: Detected architecture sparc64.
[    5.167384] systemd[1]: Set hostname to <ttip>.
[    5.234170] random: lvmconfig: uninitialized urandom read (4 bytes read)
[    5.412619] systemd[1]: /lib/systemd/system/dbus.socket:5: ListenStream= references a path below legacy directory /var/run/, updating /var/run/dbus/system_bus_socket â†’ /run/dbus/system_bus_socket; please update the unit file accordingly.
[    5.468717] random: systemd: uninitialized urandom read (16 bytes read)
[    5.475351] systemd[1]: Created slice system-getty.slice.
[    5.475768] random: systemd: uninitialized urandom read (16 bytes read)
[    5.478264] systemd[1]: Created slice system-modprobe.slice.
[    5.480979] systemd[1]: Created slice system-openvpn\x2dclient.slice.
[    5.484311] systemd[1]: Created slice system-postfix.slice.
[    5.487071] systemd[1]: Created slice system-systemd\x2dfsck.slice.
[    5.489765] systemd[1]: Created slice User and Session Slice.
[    5.490284] systemd[1]: Started Dispatch Password Requests to Console Directory Watch.
[    5.490767] systemd[1]: Started Forward Password Requests to Wall Directory Watch.
[    5.492064] systemd[1]: Set up automount Arbitrary Executable File Formats File System Automount Point.
[    5.492411] systemd[1]: Reached target Local Encrypted Volumes.
[    5.492721] systemd[1]: Reached target Paths.
[    5.492989] systemd[1]: Reached target Remote File Systems.
[    5.493262] systemd[1]: Reached target Slices.
[    5.493784] systemd[1]: Listening on Device-mapper event daemon FIFOs.
[    5.494649] systemd[1]: Listening on LVM2 poll daemon socket.
[    5.495839] systemd[1]: Listening on Syslog Socket.
[    5.496430] systemd[1]: Listening on fsck to fsckd communication Socket.
[    5.496891] systemd[1]: Listening on initctl Compatibility Named Pipe.
[    5.497674] systemd[1]: Listening on Journal Audit Socket.
[    5.498248] systemd[1]: Listening on Journal Socket (/dev/log).
[    5.498923] systemd[1]: Listening on Journal Socket.
[    5.499567] systemd[1]: Listening on udev Control Socket.
[    5.500051] systemd[1]: Listening on udev Kernel Socket.
[    5.505533] systemd[1]: Mounting Huge Pages File System...
[    5.511068] systemd[1]: Mounting POSIX Message Queue File System...
[    5.516448] systemd[1]: Mounting Kernel Debug File System...
[    5.522956] systemd[1]: Mounting Kernel Trace File System...
[    5.528045] systemd[1]: Starting Availability of block devices...
[    5.533180] systemd[1]: Starting Wait for network to be configured by ifupdown...
[    5.539178] systemd[1]: Starting Create list of static device nodes for the current kernel...
[    5.544294] systemd[1]: Starting Monitoring of LVM2 mirrors, snapshots etc. using dmeventd or progress polling...
[    5.549950] systemd[1]: Starting Load Kernel Module drm...
[    5.555246] systemd[1]: Starting nftables...
[    5.556625] systemd[1]: Condition check resulted in Set Up Additional Binary Formats being skipped.
[    5.556797] systemd[1]: Condition check resulted in File System Check on Root Device being skipped.
[    5.564535] systemd[1]: Starting Journal Service...
[    5.572124] systemd[1]: Starting Load Kernel Modules...
[    5.577907] systemd[1]: Starting Remount Root and Kernel File Systems...
[    5.583273] systemd[1]: Starting udev Coldplug all Devices...
[    5.590097] systemd[1]: Mounted Huge Pages File System.
[    5.591428] systemd[1]: Mounted POSIX Message Queue File System.
[    5.592637] systemd[1]: Mounted Kernel Debug File System.
[    5.593860] systemd[1]: Mounted Kernel Trace File System.
[    5.597980] systemd[1]: Finished Availability of block devices.
[    5.602429] systemd[1]: Finished Wait for network to be configured by ifupdown.
[    5.607381] systemd[1]: Finished Create list of static device nodes for the current kernel.
[    5.609299] EXT4-fs (vdiska2): re-mounted. Opts: errors=remount-ro
[    5.615922] systemd[1]: modprobe@drm.service: Succeeded.
[    5.618754] systemd[1]: Finished Load Kernel Module drm.
[    5.622701] systemd[1]: Finished Load Kernel Modules.
[    5.625450] systemd[1]: Condition check resulted in FUSE Control File System being skipped.
[    5.625818] systemd[1]: Condition check resulted in Kernel Configuration File System being skipped.
[    5.632261] systemd[1]: Starting Apply Kernel Variables...
[    5.635564] systemd[1]: Started Journal Service.
[    5.677993] systemd-journald[545]: Received client request to flush runtime journal.
[    5.907384] sha1_sparc64: Using sparc64 sha1 opcode optimized SHA-1 implementation
[    5.908338] n2rng v0.3 (Jan 7, 2017)
[    5.908399] n2rng f029b104: Registered RNG HVAPI major 2 minor 0
[    5.908446] n2rng f029b104: Found multi-unit-capable RNG, units: 2
[    5.908901] n2rng f029b104: RNG ready
[    5.927204] pktcdvd: setup of pktcdvd device failed
[    5.961193] pktcdvd: setup of pktcdvd device failed
[    5.963915] pktcdvd: setup of pktcdvd device failed
[    5.966597] pktcdvd: setup of pktcdvd device failed
[    5.969198] pktcdvd: setup of pktcdvd device failed
[    5.971586] pktcdvd: setup of pktcdvd device failed
[    5.974000] pktcdvd: setup of pktcdvd device failed
[    5.976512] pktcdvd: setup of pktcdvd device failed
[    6.089920] sha256_sparc64: Using sparc64 sha256 opcode optimized SHA-256/SHA-224 implementation
[    6.144270] Adding 787176k swap on /dev/vdiska4.  Priority:-2 extents:1 across:787176k FS
[    6.191404] EXT4-fs (vdiska1): mounting ext3 file system using the ext4 subsystem
[    6.204307] EXT4-fs (vdiska1): mounted filesystem with ordered data mode. Opts: (null)
[    6.204492] ext3 filesystem being mounted at /boot supports timestamps until 2038 (0x7fffffff)
[    6.231003] sha512_sparc64: Using sparc64 sha512 opcode optimized SHA-512/SHA-384 implementation
[    6.232249] md5_sparc64: Using sparc64 md5 opcode optimized MD5 implementation
[    6.234451] XFS (dm-0): Mounting V5 Filesystem
[    6.410296] XFS (dm-0): Ending clean mount
[    6.411933] xfs filesystem being mounted at /1 supports timestamps until 2038 (0x7fffffff)
[    6.486270] Kernel unaligned access at TPC[896a78] aa_dfa_unpack+0x38/0x5a0
[    6.486319] Kernel unaligned access at TPC[896a98] aa_dfa_unpack+0x58/0x5a0
[    6.486355] Kernel unaligned access at TPC[896b54] aa_dfa_unpack+0x114/0x5a0
[    6.486391] Kernel unaligned access at TPC[896c34] aa_dfa_unpack+0x1f4/0x5a0
[    6.486426] Kernel unaligned access at TPC[896c48] aa_dfa_unpack+0x208/0x5a0
[    6.488611] audit: type=1400 audit(1585766317.140:2): apparmor="STATUS" operation="profile_load" profile="unconfined" name="lsb_release" pid=732 comm="apparmor_parser"
[    6.488851] audit: type=1400 audit(1585766317.140:3): apparmor="STATUS" operation="profile_load" profile="unconfined" name="/usr/sbin/haveged" pid=724 comm="apparmor_parser"
[    6.492856] audit: type=1400 audit(1585766317.140:4): apparmor="STATUS" operation="profile_load" profile="unconfined" name="/usr/sbin/named" pid=731 comm="apparmor_parser"
[    6.495452] audit: type=1400 audit(1585766317.150:5): apparmor="STATUS" operation="profile_load" profile="unconfined" name="nvidia_modprobe" pid=725 comm="apparmor_parser"
[    6.495523] audit: type=1400 audit(1585766317.150:6): apparmor="STATUS" operation="profile_load" profile="unconfined" name="nvidia_modprobe//kmod" pid=725 comm="apparmor_parser"
[    6.497057] audit: type=1400 audit(1585766317.150:7): apparmor="STATUS" operation="profile_load" profile="unconfined" name="/usr/sbin/tcpdump" pid=729 comm="apparmor_parser"
[    6.508826] audit: type=1400 audit(1585766317.160:8): apparmor="STATUS" operation="profile_load" profile="unconfined" name="/usr/bin/man" pid=727 comm="apparmor_parser"
[    6.508899] audit: type=1400 audit(1585766317.160:9): apparmor="STATUS" operation="profile_load" profile="unconfined" name="man_filter" pid=727 comm="apparmor_parser"
[    6.508965] audit: type=1400 audit(1585766317.160:10): apparmor="STATUS" operation="profile_load" profile="unconfined" name="man_groff" pid=727 comm="apparmor_parser"
