[    0.000016] PROMLIB: Sun IEEE Boot Prom 'OBP 4.38.17 2019/01/25 08:22'
[    0.000020] PROMLIB: Root node compatible: sun4v
[    0.000056] Linux version 5.9.0-rc1-00124-g0f5e8323777b (mator@ttip) (gcc (Debian 10.2.0-23) 10.2.0, GNU ld (GNU Binutils for Debian) 2.35.1) #136 SMP Tue Dec 8 01:06:26 MSK 2020
[    0.000336] printk: bootconsole [earlyprom0] enabled
[    0.000383] ARCH: SUN4V
[    0.000421] Ethernet address: 00:14:4f:fa:06:f2
[    0.000467] MM: PAGE_OFFSET is 0xfff8000000000000 (max_phys_bits == 47)
[    0.000524] MM: VMALLOC [0x0000000100000000 --> 0x0006000000000000]
[    0.000578] MM: VMEMMAP [0x0006000000000000 --> 0x000c000000000000]
[    0.011336] Kernel: Using 3 locked TLB entries for main kernel image.
[    0.011402] Remapping the kernel... 
[    0.011418] done.
[    0.034279] OF stdout device is: /virtual-devices@100/console@1
[    0.034339] PROM: Built device tree with 65673 bytes of memory.
[    0.034394] MDESC: Size is 29712 bytes.
[    0.034483] PLATFORM: banner-name [SPARC T5-2]
[    0.034525] PLATFORM: name [ORCL,SPARC-T5-2]
[    0.034564] PLATFORM: hostid [84fa06f2]
[    0.034598] PLATFORM: serial# [0035260e]
[    0.034635] PLATFORM: stick-frequency [3b9aca00]
[    0.034674] PLATFORM: mac-address [144ffa06f2]
[    0.034715] PLATFORM: watchdog-resolution [1000 ms]
[    0.034758] PLATFORM: watchdog-max-timeout [31536000000 ms]
[    0.034806] PLATFORM: max-cpus [1024]
[    0.034887] Top of RAM: 0x2af94a000, Total RAM: 0x27f388000
[    0.034938] Memory hole size: 773MB
[    0.036432] Allocated 24576 bytes for kernel page tables.
[    0.036509] Zone ranges:
[    0.036542]   Normal   [mem 0x0000000030400000-0x00000002af949fff]
[    0.036594] Movable zone start for each node
[    0.036633] Early memory node ranges
[    0.036667]   node   0: [mem 0x0000000030400000-0x000000006febffff]
[    0.036724]   node   0: [mem 0x000000006ff40000-0x000000006ff47fff]
[    0.036776]   node   0: [mem 0x0000000070000000-0x00000002af8b5fff]
[    0.036831]   node   0: [mem 0x00000002af940000-0x00000002af949fff]
[    0.042677] Zeroed struct page in unavailable ranges: 132668 pages
[    0.042683] Initmem setup node 0 [mem 0x0000000030400000-0x00000002af949fff]
[    0.042825] On node 0 totalpages: 1309124
[    0.042829]   Normal zone: 11508 pages used for memmap
[    0.042831]   Normal zone: 0 pages reserved
[    0.042833]   Normal zone: 1309124 pages, LIFO batch:31
[    0.084323] Booting Linux...
[    0.084393] CPU CAPS: [flush,stbar,swap,muldiv,v9,blkinit,n2,mul32]
[    0.084463] CPU CAPS: [div32,v8plus,popc,vis,vis2,ASIBlkInit,fmaf,vis3]
[    0.085530] CPU CAPS: [hpc,ima,pause,cbcond,aes,des,kasumi,camellia]
[    0.085589] CPU CAPS: [md5,sha1,sha256,sha512,mpmul,montmul,montsqr,crc32c]
[    0.132931] percpu: Embedded 19 pages/cpu s114904 r8192 d32552 u262144
[    0.133135] pcpu-alloc: s114904 r8192 d32552 u262144 alloc=1*4194304
[    0.133138] pcpu-alloc: [0] 000 001 002 003 004 005 006 007 008 009 010 011 012 013 014 015 
[    0.133151] pcpu-alloc: [0] 016 017 018 019 020 021 022 023 024 025 026 027 028 029 030 031 
[    0.133163] pcpu-alloc: [0] 032 033 034 035 036 037 038 039 040 041 042 043 044 045 046 047 
[    0.133176] pcpu-alloc: [0] 048 049 050 051 052 053 054 055 056 057 058 059 060 061 062 063 
[    0.133189] pcpu-alloc: [0] 064 065 066 067 068 069 070 071 072 073 074 075 076 077 078 079 
[    0.133202] pcpu-alloc: [0] 080 081 082 083 084 085 086 087 088 089 090 091 092 093 094 095 
[    0.133214] pcpu-alloc: [0] 096 097 098 099 100 101 102 103 104 105 106 107 108 109 110 111 
[    0.133227] pcpu-alloc: [0] 112 113 114 115 116 117 118 119 120 121 122 123 124 125 126 127 
[    0.133240] pcpu-alloc: [0] 128 129 130 131 132 133 134 135 136 137 138 139 140 141 142 143 
[    0.133253] pcpu-alloc: [0] 144 145 146 147 148 149 150 151 152 153 154 155 156 157 158 159 
[    0.133265] pcpu-alloc: [0] 160 161 162 163 164 165 166 167 168 169 170 171 172 173 174 175 
[    0.133278] pcpu-alloc: [0] 176 177 178 179 180 181 182 183 184 185 186 187 188 189 190 191 
[    0.133290] pcpu-alloc: [0] 192 193 194 195 196 197 198 199 200 201 202 203 204 205 206 207 
[    0.133303] pcpu-alloc: [0] 208 209 210 211 212 213 214 215 216 217 218 219 220 221 222 223 
[    0.133315] pcpu-alloc: [0] 224 225 226 227 228 229 230 231 232 233 234 235 236 237 238 239 
[    0.133328] pcpu-alloc: [0] 240 241 242 243 244 245 246 247 248 249 250 251 252 253 254 255 
[    0.133733] SUN4V: Mondo queue sizes [cpu(131072) dev(16384) r(8192) nr(256)]
[    0.134025] Built 1 zonelists, mobility grouping on.  Total pages: 1297616
[    0.134091] Kernel command line: BOOT_IMAGE=/vmlinux-5.9.0-rc1-00124-g0f5e8323777b root=/dev/vdiska2 ro zswap.enabled=1
[    0.135755] printk: log_buf_len individual max cpu contribution: 4096 bytes
[    0.135818] printk: log_buf_len total cpu_extra contributions: 1044480 bytes
[    0.135881] printk: log_buf_len min size: 131072 bytes
[    0.136239] printk: log_buf_len: 2097152 bytes
[    0.136283] printk: early log buf free: 126000(96%)
[    0.137932] Dentry cache hash table entries: 2097152 (order: 11, 16777216 bytes, linear)
[    0.138830] Inode-cache hash table entries: 1048576 (order: 10, 8388608 bytes, linear)
[    0.138898] Sorting __ex_table...
[    0.139141] mem auto-init: stack:off, heap alloc:off, heap free:off
[    0.159481] Memory: 10257088K/10472992K available (7730K kernel code, 1048K rwdata, 1904K rodata, 584K init, 413K bss, 215904K reserved, 0K cma-reserved)
[    0.159639] random: get_random_u64 called from __kmem_cache_create+0x20/0x520 with crng_init=0
[    0.160653] SLUB: HWalign=32, Order=0-3, MinObjects=0, CPUs=256, Nodes=1
[    0.161085] ftrace: allocating 22925 entries in 45 pages
[    0.169946] ftrace: allocated 45 pages with 4 groups
[    0.172419] rcu: Hierarchical RCU implementation.
[    0.172467] 	Trampoline variant of Tasks RCU enabled.
[    0.172511] 	Rude variant of Tasks RCU enabled.
[    0.172553] 	Tracing variant of Tasks RCU enabled.
[    0.172593] rcu: RCU calculated value of scheduler-enlistment delay is 26 jiffies.
[    0.175849] NR_IRQS: 2048, nr_irqs: 2048, preallocated irqs: 1
[    0.175919] SUN4V: Using IRQ API major 3, cookie only virqs enabled
[    0.178572] clocksource: stick: mask: 0xffffffffffffffff max_cycles: 0x1cd42e4dffb, max_idle_ns: 881590591483 ns
[    0.178687] clocksource: mult[800000] shift[23]
[    0.178728] clockevent: mult[80000000] shift[31]
[    0.179143] Console: colour dummy device 80x25
[    0.179189] printk: console [tty0] enabled
[    0.179228] printk: bootconsole [earlyprom0] disabled
[    0.258810] Calibrating delay using timer specific routine.. 2001.11 BogoMIPS (lpj=4002233)
[    0.258818] pid_max: default: 262144 minimum: 2048
[    0.259230] LSM: Security Framework initializing
[    0.259414] Mount-cache hash table entries: 32768 (order: 5, 262144 bytes, linear)
[    0.259448] Mountpoint-cache hash table entries: 32768 (order: 5, 262144 bytes, linear)
[    0.261080] rcu: Hierarchical SRCU implementation.
[    0.264042] smp: Bringing up secondary CPUs ...
[    0.271819] smp: Brought up 1 node, 24 CPUs
[    0.273588] devtmpfs: initialized
[    0.274340] Performance events: 
[    0.274359] Testing NMI watchdog ... 
[    0.354435] OK.
[    0.354454] Supported PMU type is 'niagara5'
[    0.354782] ldc.c:v1.1 (July 22, 2008)
[    0.354943] clocksource: jiffies: mask: 0xffffffff max_cycles: 0xffffffff, max_idle_ns: 7645041785100000 ns
[    0.354963] futex hash table entries: 65536 (order: 9, 4194304 bytes, linear)
[    0.357137] NET: Registered protocol family 16
[    0.358354] VIO: Adding device channel-devices (tx_ino = ffffffffffffffff, rx_ino = ffffffffffffffff)
[    0.358385] VIO: Adding device vnet-port-0-0 (tx_ino = 0, rx_ino = 1)
[    0.358406] VIO: Adding device vnet-port-0-1 (tx_ino = 2, rx_ino = 3)
[    0.358426] VIO: Adding device vnet-port-0-2 (tx_ino = 4, rx_ino = 5)
[    0.358450] VIO: Adding device vnet-port-0-3 (tx_ino = 6, rx_ino = 7)
[    0.358473] VIO: Adding device vnet-port-0-4 (tx_ino = 8, rx_ino = 9)
[    0.358493] VIO: Adding device vdc-port-2-0 (tx_ino = a, rx_ino = b)
[    0.358512] VIO: Adding device vdc-port-1-0 (tx_ino = c, rx_ino = d)
[    0.358532] VIO: Adding device vdc-port-0-0 (tx_ino = e, rx_ino = f)
[    0.358554] VIO: Adding device vlds-port-0-0 (tx_ino = 10, rx_ino = 11)
[    0.358576] VIO: Adding device domain-services-port-0 (tx_ino = 10, rx_ino = 11)
[    0.358665] audit: initializing netlink subsys (disabled)
[    0.358740] audit: type=2000 audit(0.176:1): state=initialized audit_enabled=0 res=1
[    0.363851] HugeTLB registered 64.0 KiB page size, pre-allocated 0 pages
[    0.363858] HugeTLB registered 8.00 MiB page size, pre-allocated 0 pages
[    0.363863] HugeTLB registered 256 MiB page size, pre-allocated 0 pages
[    0.363867] HugeTLB registered 2.00 GiB page size, pre-allocated 0 pages
[    0.930569] NetLabel: Initializing
[    0.930580] NetLabel:  domain hash size = 128
[    0.930584] NetLabel:  protocols = UNLABELED CIPSOv4 CALIPSO
[    0.930607] NetLabel:  unlabeled traffic allowed by default
[    0.930856] SUN4V: Reboot data supported (maj=1,min=0).
[    0.930958] ds.c:v1.0 (Jul 11, 2007)
[    0.931088] ds-0: ds_conn_reset() from send_events
[    0.931365] clocksource: Switched to clocksource stick
[    0.982825] VFS: Disk quotas dquot_6.6.0
[    0.982930] VFS: Dquot-cache hash table entries: 1024 (order 0, 8192 bytes)
[    0.985484] NET: Registered protocol family 2
[    0.986621] tcp_listen_portaddr_hash hash table entries: 8192 (order: 4, 131072 bytes, linear)
[    0.986716] TCP established hash table entries: 131072 (order: 7, 1048576 bytes, linear)
[    0.987179] TCP bind hash table entries: 65536 (order: 7, 1048576 bytes, linear)
[    0.987642] TCP: Hash tables configured (established 131072 bind 65536)
[    0.988156] UDP hash table entries: 8192 (order: 5, 262144 bytes, linear)
[    0.988278] UDP-Lite hash table entries: 8192 (order: 5, 262144 bytes, linear)
[    0.989212] NET: Registered protocol family 1
[    0.989224] NET: Registered protocol family 44
[    0.989347] Trying to unpack rootfs image as initramfs...
[    1.152471] Freeing initrd memory: 23424K
[    1.156555] Initialise system trusted keyrings
[    1.156579] Key type blacklist registered
[    1.156683] workingset: timestamp_bits=46 max_order=21 bucket_order=0
[    1.159247] zbud: loaded
[    1.160064] SGI XFS with ACLs, security attributes, realtime, quota, no debug enabled
[    1.161789] Key type asymmetric registered
[    1.161795] Asymmetric key parser 'x509' registered
[    1.161812] Block layer SCSI generic (bsg) driver version 0.4 loaded (major 252)
[    1.162071] io scheduler mq-deadline registered
[    1.162556] f029b788: ttyHV0 at I/O 0x0 (irq = 1, base_baud = 115200) is a SUN4V HCONS
[    1.162747] printk: console [ttyHV0] enabled
[    1.163603] sunvdc.c:v1.2 (November 24, 2014)
[    1.165662] sunvdc: Virtual Hard disk vdiskc
[    1.165670] sunvdc: vdiskc: 104857600 sectors (51200 MB) protocol 1.2
[    1.172341] sunvdc: Virtual Hard disk vdiskb
[    1.172350] sunvdc: vdiskb: 62914560 sectors (30720 MB) protocol 1.2
[    1.172708]  vdiskb: vdiskb1
[    1.178981] sunvdc: Virtual Hard disk vdiska
[    1.178991] sunvdc: vdiska: 31457280 sectors (15360 MB) protocol 1.2
[    1.179364]  vdiska: vdiska1 vdiska2 vdiska3 vdiska4
[    1.184289] Silicon Labs C2 port support v. 0.51.0 - (C) 2007 Rodolfo Giometti
[    1.184605] rtc-sun4v rtc-sun4v: registered as rtc0
[    1.184648] rtc-sun4v rtc-sun4v: setting system clock to 2020-12-07T22:10:10 UTC (1607379010)
[    1.185335] NET: Registered protocol family 10
[    1.199126] Segment Routing with IPv6
[    1.199162] mip6: Mobile IPv6
[    1.199169] NET: Registered protocol family 17
[    1.199271] registered taskstats version 1
[    1.199280] Loading compiled-in X.509 certificates
[    1.199361] zswap: loaded using pool lzo/zbud
[    1.200833] This architecture does not have kernel memory protection.
[    1.200844] Run /init as init process
[    1.200849]   with arguments:
[    1.200852]     /init
[    1.200854]   with environment:
[    1.200856]     HOME=/
[    1.200858]     TERM=linux
[    1.200861]     BOOT_IMAGE=/vmlinux-5.9.0-rc1-00124-g0f5e8323777b
[    1.361921] sunvnet_common: module verification failed: signature and/or required key missing - tainting kernel
[    1.363185] sunvnet: sunvnet 2.0 (February 3, 2017)
[    1.364132] vnet_port vnet-port-0-0 eth0: Sun LDOM vnet 00:14:4f:f8:12:a3
[    1.364216] sunvnet: eth0: PORT ( remote-mac 00:14:4f:fa:f3:f0 switch-port )
[    1.364417] sunvnet: eth0: PORT ( remote-mac 00:14:4f:f9:b4:97 )
[    1.364586] sunvnet: eth0: PORT ( remote-mac 00:14:4f:f8:e5:f3 )
[    1.364734] sunvnet: eth0: PORT ( remote-mac 00:14:4f:f8:3f:1e )
[    1.364870] sunvnet: eth0: PORT ( remote-mac 00:14:4f:f9:8b:83 )
[    1.370869] crc32c_sparc64: Using sparc64 crc32c opcode optimized CRC32C implementation
[    1.371885] random: lvm: uninitialized urandom read (4 bytes read)
[    1.389033] device-mapper: uevent: version 1.0.3
[    1.389210] device-mapper: ioctl: 4.42.0-ioctl (2020-02-27) initialised: dm-devel@redhat.com
[    1.391532] random: lvm: uninitialized urandom read (2 bytes read)
[    1.652647] xor: automatically using best checksumming function   Niagara   
[    1.719326] raid6: int64x8  gen()  2162 MB/s
[    1.787325] raid6: int64x8  xor()  1516 MB/s
[    1.855327] raid6: int64x4  gen()  3383 MB/s
[    1.923333] raid6: int64x4  xor()  1458 MB/s
[    1.991330] raid6: int64x2  gen()  3350 MB/s
[    2.059338] raid6: int64x2  xor()  1140 MB/s
[    2.127325] raid6: int64x1  gen()  1380 MB/s
[    2.195334] raid6: int64x1  xor()   711 MB/s
[    2.195341] raid6: using algorithm int64x4 gen() 3383 MB/s
[    2.195347] raid6: .... xor() 1458 MB/s, rmw enabled
[    2.195352] raid6: using intx1 recovery algorithm
[    2.225870] random: fast init done
[    2.292353] EXT4-fs (vdiska2): mounted filesystem with ordered data mode. Opts: (null)
[    3.955167] systemd[1]: Inserted module 'autofs4'
[    4.016216] systemd[1]: systemd 247.1-3 running in system mode. (+PAM +AUDIT +SELINUX +IMA +APPARMOR +SMACK +SYSVINIT +UTMP +LIBCRYPTSETUP +GCRYPT +GNUTLS +ACL +XZ +LZ4 +ZSTD -SECCOMP +BLKID +ELFUTILS +KMOD +IDN2 -IDN +PCRE2 default-hierarchy=hybrid)
[    4.016480] systemd[1]: Detected architecture sparc64.
[    4.058110] systemd[1]: Set hostname to <ttip>.
[    4.268045] systemd-sysv-generator[329]: SysV service '/etc/init.d/xinetd' lacks a native systemd unit file. Automatically generating a unit file for compatibility. Please update package to include a native systemd unit file, in order to make it more safe and robust.
[    4.495652] systemd-sysv-generator[329]: SysV service '/etc/init.d/rng-tools-debian' lacks a native systemd unit file. Automatically generating a unit file for compatibility. Please update package to include a native systemd unit file, in order to make it more safe and robust.
[    4.497844] systemd-sysv-generator[329]: SysV service '/etc/init.d/arpalert' lacks a native systemd unit file. Automatically generating a unit file for compatibility. Please update package to include a native systemd unit file, in order to make it more safe and robust.
[    4.515995] systemd-sysv-generator[329]: SysV service '/etc/init.d/vmtouch' lacks a native systemd unit file. Automatically generating a unit file for compatibility. Please update package to include a native systemd unit file, in order to make it more safe and robust.
[    4.585605] systemd-sysv-generator[329]: SysV service '/etc/init.d/mysql' lacks a native systemd unit file. Automatically generating a unit file for compatibility. Please update package to include a native systemd unit file, in order to make it more safe and robust.
[    4.748219] random: lvmconfig: uninitialized urandom read (4 bytes read)
[    5.963986] systemd[1]: Queued start job for default target Multi-User System.
[    5.964708] random: systemd: uninitialized urandom read (16 bytes read)
[    6.011144] systemd[1]: Created slice system-getty.slice.
[    6.011489] random: systemd: uninitialized urandom read (16 bytes read)
[    6.016922] systemd[1]: Created slice system-modprobe.slice.
[    6.017080] random: systemd: uninitialized urandom read (16 bytes read)
[    6.022421] systemd[1]: Created slice system-openvpn\x2dclient.slice.
[    6.028408] systemd[1]: Created slice system-postfix.slice.
[    6.034093] systemd[1]: Created slice system-systemd\x2dfsck.slice.
[    6.039669] systemd[1]: Created slice User and Session Slice.
[    6.039972] systemd[1]: Started Dispatch Password Requests to Console Directory Watch.
[    6.040199] systemd[1]: Started Forward Password Requests to Wall Directory Watch.
[    6.041295] systemd[1]: Set up automount Arbitrary Executable File Formats File System Automount Point.
[    6.041518] systemd[1]: Reached target Local Encrypted Volumes.
[    6.041712] systemd[1]: Reached target Paths.
[    6.041866] systemd[1]: Reached target Slices.
[    6.042172] systemd[1]: Listening on Device-mapper event daemon FIFOs.
[    6.042486] systemd[1]: Listening on LVM2 poll daemon socket.
[    6.055374] systemd[1]: Listening on RPCbind Server Activation Socket.
[    6.056337] systemd[1]: Listening on Syslog Socket.
[    6.056657] systemd[1]: Listening on fsck to fsckd communication Socket.
[    6.056877] systemd[1]: Listening on initctl Compatibility Named Pipe.
[    6.057324] systemd[1]: Listening on Journal Audit Socket.
[    6.057610] systemd[1]: Listening on Journal Socket (/dev/log).
[    6.057964] systemd[1]: Listening on Journal Socket.
[    6.058355] systemd[1]: Listening on udev Control Socket.
[    6.058628] systemd[1]: Listening on udev Kernel Socket.
[    6.065438] systemd[1]: Mounting Huge Pages File System...
[    6.072354] systemd[1]: Mounting POSIX Message Queue File System...
[    6.079591] systemd[1]: Mounting RPC Pipe File System...
[    6.086680] systemd[1]: Mounting Kernel Debug File System...
[    6.093668] systemd[1]: Mounting Kernel Trace File System...
[    6.094037] systemd[1]: Condition check resulted in Kernel Module supporting RPCSEC_GSS being skipped.
[    6.094404] systemd[1]: Finished Availability of block devices.
[    6.101651] systemd[1]: Starting Wait for network to be configured by ifupdown...
[    6.109080] systemd[1]: Starting Create list of static device nodes for the current kernel...
[    6.116324] systemd[1]: Starting Monitoring of LVM2 mirrors, snapshots etc. using dmeventd or progress polling...
[    6.122551] systemd[1]: Starting Load Kernel Module configfs...
[    6.128814] systemd[1]: Starting Load Kernel Module drm...
[    6.135396] systemd[1]: Starting Load Kernel Module fuse...
[    6.143096] systemd[1]: Starting nftables...
[    6.173503] systemd[1]: Condition check resulted in Set Up Additional Binary Formats being skipped.
[    6.173699] systemd[1]: Condition check resulted in File System Check on Root Device being skipped.
[    6.182125] systemd[1]: Starting Journal Service...
[    6.201300] systemd[1]: Starting Load Kernel Modules...
[    6.208176] systemd[1]: Starting Remount Root and Kernel File Systems...
[    6.214608] systemd[1]: Starting Coldplug All udev Devices...
[    6.218678] systemd[1]: Mounted Huge Pages File System.
[    6.218986] systemd[1]: Mounted POSIX Message Queue File System.
[    6.219242] systemd[1]: Mounted Kernel Debug File System.
[    6.219514] systemd[1]: Mounted Kernel Trace File System.
[    6.220635] systemd[1]: Finished Wait for network to be configured by ifupdown.
[    6.221813] systemd[1]: Finished Create list of static device nodes for the current kernel.
[    6.222360] systemd[1]: modprobe@configfs.service: Succeeded.
[    6.223147] systemd[1]: Finished Load Kernel Module configfs.
[    6.223788] systemd[1]: modprobe@drm.service: Succeeded.
[    6.224549] systemd[1]: Finished Load Kernel Module drm.
[    6.231666] systemd[1]: Mounting Kernel Configuration File System...
[    6.232310] systemd[1]: run-rpc_pipefs.mount: Mount process exited, code=exited, status=32/n/a
[    6.232327] systemd[1]: run-rpc_pipefs.mount: Failed with result 'exit-code'.
[    6.233310] systemd[1]: Failed to mount RPC Pipe File System.
[    6.233476] systemd[1]: Dependency failed for RPC security service for NFS server.
[    6.233572] systemd[1]: rpc-svcgssd.service: Job rpc-svcgssd.service/start failed with result 'dependency'.
[    6.233606] systemd[1]: Dependency failed for RPC security service for NFS client and server.
[    6.233694] systemd[1]: rpc-gssd.service: Job rpc-gssd.service/start failed with result 'dependency'.
[    6.233858] systemd[1]: Reached target NFS client services.
[    6.236893] systemd[1]: Mounted Kernel Configuration File System.
[    6.263133] systemd[1]: Finished Monitoring of LVM2 mirrors, snapshots etc. using dmeventd or progress polling.
[    6.287869] EXT4-fs (vdiska2): re-mounted. Opts: errors=remount-ro
[    6.288876] systemd[1]: Finished Load Kernel Modules.
[    6.293126] systemd[1]: Finished Remount Root and Kernel File Systems.
[    6.315658] fuse: init (API version 7.31)
[    6.334786] systemd[1]: Starting Initial Check File System Quotas...
[    6.357017] systemd[1]: Condition check resulted in Rebuild Hardware Database being skipped.
[    6.357141] systemd[1]: Condition check resulted in Platform Persistent Storage Archival being skipped.
[    6.363786] systemd[1]: Starting Load/Save Random Seed...
[    6.370387] systemd[1]: Starting Apply Kernel Variables...
[    6.376862] systemd[1]: Starting Create System Users...
[    6.377700] systemd[1]: Started Journal Service.
[    8.819538] sha1_sparc64: Using sparc64 sha1 opcode optimized SHA-1 implementation
[    8.851251] sha256_sparc64: Using sparc64 sha256 opcode optimized SHA-256/SHA-224 implementation
[    8.862398] n2rng v0.3 (Jan 7, 2017)
[    8.862432] n2rng f029b104: Registered RNG HVAPI major 2 minor 0
[    8.862448] n2rng f029b104: Found multi-unit-capable RNG, units: 2
[    8.862481] n2rng f029b104: RNG ready
[    8.864081] sha512_sparc64: Using sparc64 sha512 opcode optimized SHA-512/SHA-384 implementation
[    8.902879] md5_sparc64: Using sparc64 md5 opcode optimized MD5 implementation
[    8.955530] aes_sparc64: Using sparc64 aes opcodes optimized AES implementation
[    9.192988] XFS (dm-0): Mounting V5 Filesystem
[    9.201797] des_sparc64: Using sparc64 des opcodes optimized DES implementation
[    9.239209] camellia_sparc64: Using sparc64 camellia opcodes optimized CAMELLIA implementation
[    9.379477] random: crng init done
[    9.379497] random: 4 urandom warning(s) missed due to ratelimiting
[    9.405212] XFS (dm-0): Ending clean mount
[    9.406240] xfs filesystem being mounted at /1 supports timestamps until 2038 (0x7fffffff)
[    9.447338] Adding 787176k swap on /dev/vdiska4.  Priority:-2 extents:1 across:787176k FS
[    9.810208] EXT4-fs (vdiska1): mounting ext3 file system using the ext4 subsystem
[   10.035390] EXT4-fs (vdiska1): mounted filesystem with ordered data mode. Opts: (null)
[   10.035566] ext3 filesystem being mounted at /boot supports timestamps until 2038 (0x7fffffff)
