[    0.000018] PROMLIB: Sun IEEE Boot Prom 'OBP 4.38.12 2018/03/28 14:54'
[    0.000029] PROMLIB: Root node compatible: sun4v
[    0.000074] Linux version 4.20.0-rc6-00161-g6531e115b7ab (mator@ttip) (gcc version 8.2.0 (Debian 8.2.0-12)) #777 SMP Sun Dec 16 15:27:49 MSK 2018
[    0.000387] printk: bootconsole [earlyprom0] enabled
[    0.000441] ARCH: SUN4V
[    0.000491] Ethernet address: 00:14:4f:fa:06:f2
[    0.000544] MM: PAGE_OFFSET is 0xfff8000000000000 (max_phys_bits == 47)
[    0.000609] MM: VMALLOC [0x0000000100000000 --> 0x0006000000000000]
[    0.000670] MM: VMEMMAP [0x0006000000000000 --> 0x000c000000000000]
[    0.013254] Kernel: Using 5 locked TLB entries for main kernel image.
[    0.013323] Remapping the kernel... 
[    0.013347] done.
[    0.025002] OF stdout device is: /virtual-devices@100/console@1
[    0.025062] PROM: Built device tree with 43339 bytes of memory.
[    0.026122] MDESC: Size is 15664 bytes.
[    0.026205] PLATFORM: banner-name [SPARC T5-2]
[    0.026255] PLATFORM: name [ORCL,SPARC-T5-2]
[    0.026301] PLATFORM: hostid [84fa06f2]
[    0.026343] PLATFORM: serial# [0035260e]
[    0.026388] PLATFORM: stick-frequency [3b9aca00]
[    0.026436] PLATFORM: mac-address [144ffa06f2]
[    0.026482] PLATFORM: watchdog-resolution [1000 ms]
[    0.026534] PLATFORM: watchdog-max-timeout [31536000000 ms]
[    0.026590] PLATFORM: max-cpus [1024]
[    0.026670] Top of RAM: 0x24af948000, Total RAM: 0x87f3e0000
[    0.026731] Memory hole size: 115461MB
[    0.029147] Allocated 40960 bytes for kernel page tables.
[    0.029226] Zone ranges:
[    0.029264]   Normal   [mem 0x0000000030400000-0x00000024af947fff]
[    0.029329] Movable zone start for each node
[    0.029376] Early memory node ranges
[    0.029417]   node   0: [mem 0x0000000030400000-0x000000006fefffff]
[    0.029477]   node   0: [mem 0x000000006ff80000-0x000000006ffa3fff]
[    0.029537]   node   0: [mem 0x0000000070000000-0x000000042fffffff]
[    0.029600]   node   0: [mem 0x0000002030000000-0x00000024af8b3fff]
[    0.029660]   node   0: [mem 0x00000024af940000-0x00000024af947fff]
[    0.037050] Zeroed struct page in unavailable ranges: 230068 pages
[    0.037058] Initmem setup node 0 [mem 0x0000000030400000-0x00000024af947fff]
[    0.037215] On node 0 totalpages: 4454896
[    0.037224]   Normal zone: 39155 pages used for memmap
[    0.037229]   Normal zone: 0 pages reserved
[    0.037235]   Normal zone: 4454896 pages, LIFO batch:31
[    0.234643] Booting Linux...
[    0.234727] CPU CAPS: [flush,stbar,swap,muldiv,v9,blkinit,n2,mul32]
[    0.234812] CPU CAPS: [div32,v8plus,popc,vis,vis2,ASIBlkInit,fmaf,vis3]
[    0.235890] CPU CAPS: [hpc,ima,pause,cbcond,aes,des,kasumi,camellia]
[    0.235963] CPU CAPS: [md5,sha1,sha256,sha512,mpmul,montmul,montsqr,crc32c]
[    0.272379] percpu: Embedded 20 pages/cpu @(____ptrval____) s122824 r8192 d32824 u262144
[    0.272581] pcpu-alloc: s122824 r8192 d32824 u262144 alloc=1*4194304
[    0.272587] pcpu-alloc: [0] 000 001 002 003 004 005 006 007 008 009 010 011 012 013 014 015 
[    0.272614] pcpu-alloc: [0] 016 017 018 019 020 021 022 023 024 025 026 027 028 029 030 031 
[    0.272640] pcpu-alloc: [0] 032 033 034 035 036 037 038 039 040 041 042 043 044 045 046 047 
[    0.272666] pcpu-alloc: [0] 048 049 050 051 052 053 054 055 056 057 058 059 060 061 062 063 
[    0.272692] pcpu-alloc: [0] 064 065 066 067 068 069 070 071 072 073 074 075 076 077 078 079 
[    0.272718] pcpu-alloc: [0] 080 081 082 083 084 085 086 087 088 089 090 091 092 093 094 095 
[    0.272744] pcpu-alloc: [0] 096 097 098 099 100 101 102 103 104 105 106 107 108 109 110 111 
[    0.272770] pcpu-alloc: [0] 112 113 114 115 116 117 118 119 120 121 122 123 124 125 126 127 
[    0.272796] pcpu-alloc: [0] 128 129 130 131 132 133 134 135 136 137 138 139 140 141 142 143 
[    0.272822] pcpu-alloc: [0] 144 145 146 147 148 149 150 151 152 153 154 155 156 157 158 159 
[    0.272848] pcpu-alloc: [0] 160 161 162 163 164 165 166 167 168 169 170 171 172 173 174 175 
[    0.272875] pcpu-alloc: [0] 176 177 178 179 180 181 182 183 184 185 186 187 188 189 190 191 
[    0.272901] pcpu-alloc: [0] 192 193 194 195 196 197 198 199 200 201 202 203 204 205 206 207 
[    0.272927] pcpu-alloc: [0] 208 209 210 211 212 213 214 215 216 217 218 219 220 221 222 223 
[    0.272953] pcpu-alloc: [0] 224 225 226 227 228 229 230 231 232 233 234 235 236 237 238 239 
[    0.272979] pcpu-alloc: [0] 240 241 242 243 244 245 246 247 248 249 250 251 252 253 254 255 
[    0.273294] SUN4V: Mondo queue sizes [cpu(131072) dev(16384) r(8192) nr(256)]
[    0.273441] Built 1 zonelists, mobility grouping on.  Total pages: 4415741
[    0.273529] Kernel command line: BOOT_IMAGE=/vmlinuz-4.20.0-rc6-00161-g6531e115b7ab root=/dev/vdiska2 ro zswap.enabled=1 elevator=deadline
[    0.275908] printk: log_buf_len individual max cpu contribution: 4096 bytes
[    0.275977] printk: log_buf_len total cpu_extra contributions: 1044480 bytes
[    0.276044] printk: log_buf_len min size: 131072 bytes
[    0.276398] printk: log_buf_len: 2097152 bytes
[    0.276449] printk: early log buf free: 125920(96%)
[    0.282759] Dentry cache hash table entries: 8388608 (order: 13, 67108864 bytes)
[    0.285981] Inode-cache hash table entries: 4194304 (order: 12, 33554432 bytes)
[    0.286052] Sorting __ex_table...
[    0.369020] Memory: 35110312K/35639168K available (6226K kernel code, 837K rwdata, 1856K rodata, 888K init, 7995K bss, 528856K reserved, 0K cma-reserved)
[    0.369694] kmemleak: Kernel memory leak detector disabled
[    0.371103] ftrace: allocating 18971 entries in 38 pages
[    0.384801] Running RCU self tests
[    0.384868] rcu: Hierarchical RCU implementation.
[    0.384921] rcu: 	RCU event tracing is enabled.
[    0.384970] rcu: 	RCU lockdep checking is enabled.
[    0.385021] 	Tasks RCU enabled.
[    0.385057] rcu: RCU calculated value of scheduler-enlistment delay is 11 jiffies.
[    0.390230] NR_IRQS: 2048, nr_irqs: 2048, preallocated irqs: 1
[    0.390330] SUN4V: Using IRQ API major 3, cookie only virqs enabled
[    0.394140] clocksource: stick: mask: 0xffffffffffffffff max_cycles: 0x1cd42e4dffb, max_idle_ns: 881590591483 ns
[    0.394273] clocksource: mult[800000] shift[23]
[    0.394323] clockevent: mult[80000000] shift[31]
[    0.398695] Console: colour dummy device 80x25
[    0.398766] printk: console [tty0] enabled
[    0.398842] printk: bootconsole [earlyprom0] disabled
[    0.398924] Lock dependency validator: Copyright (c) 2006 Red Hat, Inc., Ingo Molnar
[    0.398969] ... MAX_LOCKDEP_SUBCLASSES:  8
[    0.398997] ... MAX_LOCK_DEPTH:          48
[    0.399026] ... MAX_LOCKDEP_KEYS:        8191
[    0.399055] ... CLASSHASH_SIZE:          4096
[    0.399084] ... MAX_LOCKDEP_ENTRIES:     16384
[    0.399113] ... MAX_LOCKDEP_CHAINS:      32768
[    0.399142] ... CHAINHASH_SIZE:          16384
[    0.399172]  memory used by lock dependency info: 4959 kB
[    0.399206]  per task-struct memory footprint: 1920 bytes
[    0.399435] kmemleak: Early log buffer exceeded (36171), please increase DEBUG_KMEMLEAK_EARLY_LOG_SIZE
[    0.544819] Calibrating delay using timer specific routine.. 2011.58 BogoMIPS (lpj=10057947)
[    0.544886] pid_max: default: 262144 minimum: 2048
[    0.546027] LSM: Security Framework initializing
[    0.546068] AppArmor: AppArmor disabled by boot time parameter
[    0.546724] Mount-cache hash table entries: 131072 (order: 7, 1048576 bytes)
[    0.546882] Mountpoint-cache hash table entries: 131072 (order: 7, 1048576 bytes)
[    0.551661] rcu: Hierarchical SRCU implementation.
[    0.574145] smp: Bringing up secondary CPUs ...
[    0.574191] smp: Brought up 1 node, 1 CPU
[    0.576045] devtmpfs: initialized
[    0.579461] Performance events: 
[    0.579477] Testing NMI watchdog ... 
[    0.779535] OK.
[    0.779626] Supported PMU type is 'niagara5'
[    0.779948] random: get_random_u32 called from bucket_table_alloc.isra.4+0x140/0x1c0 with crng_init=0
[    0.780529] ldc.c:v1.1 (July 22, 2008)
[    0.782011] clocksource: jiffies: mask: 0xffffffff max_cycles: 0xffffffff, max_idle_ns: 19112604462750000 ns
[    0.782093] futex hash table entries: 65536 (order: 10, 8388608 bytes)
[    0.791742] NET: Registered protocol family 16
[    0.797409] VIO: Adding device channel-devices (tx_ino = ffffffffffffffff, rx_ino = ffffffffffffffff)
[    0.797641] VIO: Adding device vnet-port-0-0 (tx_ino = 0, rx_ino = 1)
[    0.797856] VIO: Adding device vnet-port-0-1 (tx_ino = 2, rx_ino = 3)
[    0.798049] VIO: Adding device vnet-port-0-2 (tx_ino = 4, rx_ino = 5)
[    0.798253] VIO: Adding device vnet-port-0-3 (tx_ino = 6, rx_ino = 7)
[    0.798438] VIO: Adding device vdc-port-3-0 (tx_ino = 8, rx_ino = 9)
[    0.798627] VIO: Adding device vdc-port-2-0 (tx_ino = a, rx_ino = b)
[    0.798816] VIO: Adding device vdc-port-1-0 (tx_ino = c, rx_ino = d)
[    0.799003] VIO: Adding device vdc-port-0-0 (tx_ino = e, rx_ino = f)
[    0.799193] VIO: Adding device vlds-port-0-0 (tx_ino = 10, rx_ino = 11)
[    0.799379] VIO: Adding device domain-services-port-0 (tx_ino = 10, rx_ino = 11)
[    0.799781] audit: initializing netlink subsys (disabled)
[    0.832259] audit: type=2000 audit(0.400:1): state=initialized audit_enabled=0 res=1
[    0.842389] HugeTLB registered 64.0 KiB page size, pre-allocated 0 pages
[    0.842441] HugeTLB registered 8.00 MiB page size, pre-allocated 0 pages
[    0.842483] HugeTLB registered 256 MiB page size, pre-allocated 0 pages
[    0.842525] HugeTLB registered 2.00 GiB page size, pre-allocated 0 pages
[    0.854159] SUN4V: Reboot data supported (maj=1,min=0).
[    0.854620] ds.c:v1.0 (Jul 11, 2007)
[    0.855004] ds-0: ds_conn_reset() from send_events.isra.3
[    0.856758] clocksource: Switched to clocksource stick
[    1.035413] VFS: Disk quotas dquot_6.6.0
[    1.035918] VFS: Dquot-cache hash table entries: 1024 (order 0, 8192 bytes)
[    1.055338] NET: Registered protocol family 2
[    1.059681] tcp_listen_portaddr_hash hash table entries: 32768 (order: 8, 2359296 bytes)
[    1.062839] TCP established hash table entries: 524288 (order: 9, 4194304 bytes)
[    1.064876] TCP bind hash table entries: 65536 (order: 9, 4194304 bytes)
[    1.070252] TCP: Hash tables configured (established 524288 bind 65536)
[    1.076870] UDP hash table entries: 32768 (order: 9, 5242880 bytes)
[    1.083762] UDP-Lite hash table entries: 32768 (order: 9, 5242880 bytes)
[    1.097481] NET: Registered protocol family 1
[    1.098476] Unpacking initramfs...
[    1.560785] Freeing initrd memory: 17104K
[    1.602509] Kprobe smoke test: started
[    1.610731] Kprobe smoke test: passed successfully
[    1.611889] workingset: timestamp_bits=46 max_order=23 bucket_order=0
[    1.612216] zbud: loaded
[    1.766491] Block layer SCSI generic (bsg) driver version 0.4 loaded (major 252)
[    1.768468] io scheduler noop registered
[    1.768501] io scheduler deadline registered (default)
[    1.769244] io scheduler cfq registered
[    1.769276] io scheduler mq-deadline registered (default)
[    1.769313] io scheduler kyber registered
[    1.773204] f029b788: ttyS0 at I/O 0x0 (irq = 1, base_baud = 115200) is a SUN4V HCONS
[    1.779201] printk: console [ttyHV0] enabled
[    1.781329] sunvdc.c:v1.2 (November 24, 2014)
[    1.785450] sunvdc: Virtual CDROM vdiskd
[    1.785503] sunvdc: vdiskd: 403160 sectors (196 MB) protocol 1.2
[    1.786594]  vdiskd: vdiskd1 vdiskd2 vdiskd3 vdiskd4 vdiskd5 vdiskd6 vdiskd7
[    1.796932] sunvdc: Virtual Hard disk vdiskc
[    1.796970] sunvdc: vdiskc: 104857600 sectors (51200 MB) protocol 1.2
[    1.804227] sunvdc: Virtual Hard disk vdiskb
[    1.804265] sunvdc: vdiskb: 62914560 sectors (30720 MB) protocol 1.2
[    1.805761]  vdiskb: vdiskb1
[    1.812499] sunvdc: Virtual Hard disk vdiska
[    1.812536] sunvdc: vdiska: 31457280 sectors (15360 MB) protocol 1.2
[    1.813237]  vdiska: vdiska1 vdiska2 vdiska3 vdiska4
[    1.816323] KGDB: Registered I/O driver kgdbts
[    1.816374] kgdbts:RUN plant and detach test
[    1.816535] kgdbts:RUN sw breakpoint test
[    1.816711] kgdbts:RUN bad memory access test
[    1.816774] kgdbts:RUN singlestep test 1000 iterations
[    1.817016] kgdbts:RUN singlestep [0/1000]
[    1.836749] kgdbts:RUN singlestep [100/1000]
[    1.856420] kgdbts:RUN singlestep [200/1000]
[    1.876102] kgdbts:RUN singlestep [300/1000]
[    1.895799] kgdbts:RUN singlestep [400/1000]
[    1.915478] kgdbts:RUN singlestep [500/1000]
[    1.935166] kgdbts:RUN singlestep [600/1000]
[    1.954844] kgdbts:RUN singlestep [700/1000]
[    1.974542] kgdbts:RUN singlestep [800/1000]
[    1.994192] kgdbts:RUN singlestep [900/1000]
[    2.013658] kgdbts:RUN do_fork for 100 breakpoints
[    2.014010] sunvnet: sunvnet 2.0 (February 3, 2017)
[    2.017576] vnet_port vnet-port-0-0 eth0: Sun LDOM vnet 00:14:4f:f8:12:a3
[    2.018149] sunvnet: eth0: PORT ( remote-mac 00:14:4f:fa:f3:f0 switch-port )
[    2.019603] sunvnet: eth0: PORT ( remote-mac 00:14:4f:f8:e5:f3 )
[    2.020994] sunvnet: eth0: PORT ( remote-mac 00:14:4f:f9:b4:97 )
[    2.022317] sunvnet: eth0: PORT ( remote-mac 00:14:4f:f9:8b:83 )
[    2.022911] ldc_abort: id=0x2 flags=0x7 state=CONNECTED cstate=0x2 hsstate=0x10
               	rx_h=0xc0 rx_t=0xc0 rx_n=128
               	tx_h=0x100 tx_t=0x100 tx_n=128
               	rcv_nxt=0 snd_nxt=1
[    2.023810] mousedev: PS/2 mouse device common for all mice
[    2.024764] rtc-sun4v rtc-sun4v: rtc core: registered sun4v as rtc0
[    2.025912] device-mapper: uevent: version 1.0.3
[    2.027149] device-mapper: ioctl: 4.39.0-ioctl (2018-04-03) initialised: dm-devel@redhat.com
[    2.028528] NET: Registered protocol family 17
[    2.029749] registered taskstats version 1
[    2.030470] zswap: loaded using pool lzo/zbud
[    2.061639] Key type big_key registered
[    2.062453] rtc-sun4v rtc-sun4v: setting system clock to 2018-12-16 12:57:37 UTC (1544965057)
[    2.066985] This architecture does not have kernel memory protection.
[    2.067031] Run /init as init process
[    3.225689] random: fast init done
[    3.358306] crc32c_sparc64: Using sparc64 crc32c opcode optimized CRC32C implementation
[    4.206652] raid6: int64x1  gen()  2795 MB/s
[    4.376630] raid6: int64x1  xor()  1655 MB/s
[    4.546666] raid6: int64x2  gen()  2886 MB/s
[    4.716625] raid6: int64x2  xor()  2004 MB/s
[    4.886642] raid6: int64x4  gen()  3462 MB/s
[    5.056669] raid6: int64x4  xor()  1969 MB/s
[    5.226666] raid6: int64x8  gen()  2115 MB/s
[    5.396641] raid6: int64x8  xor()  1541 MB/s
[    5.396689] raid6: using algorithm int64x4 gen() 3462 MB/s
[    5.396728] raid6: .... xor() 1969 MB/s, rmw enabled
[    5.396763] raid6: using intx1 recovery algorithm
[    5.404651] async_tx: api initialized (async)
[    5.409657] xor: automatically using best checksumming function   Niagara   
[    5.699495] EXT4-fs (vdiska2): mounted filesystem with ordered data mode. Opts: (null)
[    6.003614] NET: Registered protocol family 10
[    6.015922] Segment Routing with IPv6
[    6.051420] systemd[1]: systemd 239 running in system mode. (+PAM +AUDIT +SELINUX +IMA +APPARMOR +SMACK +SYSVINIT +UTMP +LIBCRYPTSETUP +GCRYPT +GNUTLS +ACL +XZ +LZ4 -SECCOMP +BLKID +ELFUTILS +KMOD -IDN2 +IDN -PCRE2 default-hierarchy=hybrid)
[    6.051827] systemd[1]: Detected architecture sparc64.
[    6.071785] systemd[1]: Set hostname to <ttip>.
[    6.765831] random: systemd: uninitialized urandom read (16 bytes read)
[    6.769154] systemd[1]: Listening on Syslog Socket.
[    6.770074] random: systemd: uninitialized urandom read (16 bytes read)
[    6.770813] systemd[1]: Listening on fsck to fsckd communication Socket.
[    6.771274] random: systemd: uninitialized urandom read (16 bytes read)
[    6.785685] systemd[1]: Created slice system-getty.slice.
[    6.791308] systemd[1]: Created slice system-postfix.slice.
[    6.792433] systemd[1]: Listening on initctl Compatibility Named Pipe.
[    6.795311] systemd[1]: Set up automount Arbitrary Executable File Formats File System Automount Point.
[    6.797033] systemd[1]: Listening on Journal Socket (/dev/log).
[    7.313389] EXT4-fs (vdiska2): re-mounted. Opts: errors=remount-ro
[    7.996819] KGDB: Unregistered I/O driver kgdbts, debugger disabled
[    8.082962] random: crng init done
[    8.083063] random: 7 urandom warning(s) missed due to ratelimiting
[    8.379045] systemd-journald[237]: Received request to flush runtime journal from PID 1
[   10.080832] sha1_sparc64: Using sparc64 sha1 opcode optimized SHA-1 implementation
[   10.259715] sha256_sparc64: Using sparc64 sha256 opcode optimized SHA-256/SHA-224 implementation
[   10.308919] n2rng v0.3 (Jan 7, 2017)
[   10.308992] n2rng f029b104: Registered RNG HVAPI major 2 minor 0
[   10.309041] n2rng f029b104: Found multi-unit-capable RNG, units: 2
[   10.309776] n2rng f029b104: RNG ready
[   10.337039] sha512_sparc64: Using sparc64 sha512 opcode optimized SHA-512/SHA-384 implementation
[   10.339507] md5_sparc64: Using sparc64 md5 opcode optimized MD5 implementation
[   10.394718] aes_sparc64: Using sparc64 aes opcodes optimized AES implementation
[   10.657960] des_sparc64: Using sparc64 des opcodes optimized DES implementation
[   10.889550] camellia_sparc64: Using sparc64 camellia opcodes optimized CAMELLIA implementation
[   12.772359] SGI XFS with ACLs, security attributes, debug enabled
[   12.910322] XFS (dm-0): Mounting V5 Filesystem
[   12.952789] XFS (dm-0): Ending clean mount
[   13.243117] Adding 787176k swap on /dev/vdiska4.  Priority:-2 extents:1 across:787176k FS
[   13.453822] EXT4-fs (vdiska1): mounting ext3 file system using the ext4 subsystem
[   13.466448] EXT4-fs (vdiska1): mounted filesystem with ordered data mode. Opts: (null)
