[    0.000017] PROMLIB: Sun IEEE Boot Prom 'OBP 4.38.17 2019/01/25 08:22'
[    0.000021] PROMLIB: Root node compatible: sun4v
[    0.000056] Linux version 5.9.0-01064-g39a5101f989e (mator@ttip) (gcc (Debian 10.2.0-23) 10.2.0, GNU ld (GNU Binutils for Debian) 2.35.1) #133 SMP Tue Dec 8 00:02:51 MSK 2020
[    0.000327] printk: bootconsole [earlyprom0] enabled
[    0.000373] ARCH: SUN4V
[    0.000412] Ethernet address: 00:14:4f:fa:06:f2
[    0.000458] MM: PAGE_OFFSET is 0xfff8000000000000 (max_phys_bits == 47)
[    0.000513] MM: VMALLOC [0x0000000100000000 --> 0x0006000000000000]
[    0.001570] MM: VMEMMAP [0x0006000000000000 --> 0x000c000000000000]
[    0.012325] Kernel: Using 3 locked TLB entries for main kernel image.
[    0.012386] Remapping the kernel... 
[    0.012402] done.
[    0.035240] OF stdout device is: /virtual-devices@100/console@1
[    0.035295] PROM: Built device tree with 65673 bytes of memory.
[    0.035345] MDESC: Size is 29712 bytes.
[    0.035434] PLATFORM: banner-name [SPARC T5-2]
[    0.035476] PLATFORM: name [ORCL,SPARC-T5-2]
[    0.035513] PLATFORM: hostid [84fa06f2]
[    0.035550] PLATFORM: serial# [0035260e]
[    0.035586] PLATFORM: stick-frequency [3b9aca00]
[    0.035626] PLATFORM: mac-address [144ffa06f2]
[    0.035666] PLATFORM: watchdog-resolution [1000 ms]
[    0.035709] PLATFORM: watchdog-max-timeout [31536000000 ms]
[    0.035757] PLATFORM: max-cpus [1024]
[    0.035835] Top of RAM: 0x2af94a000, Total RAM: 0x27f388000
[    0.035884] Memory hole size: 773MB
[    0.037377] Allocated 24576 bytes for kernel page tables.
[    0.037448] Zone ranges:
[    0.037480]   Normal   [mem 0x0000000030400000-0x00000002af949fff]
[    0.037537] Movable zone start for each node
[    0.037574] Early memory node ranges
[    0.037609]   node   0: [mem 0x0000000030400000-0x000000006febffff]
[    0.037662]   node   0: [mem 0x000000006ff40000-0x000000006ff47fff]
[    0.037716]   node   0: [mem 0x0000000070000000-0x00000002af8b5fff]
[    0.037769]   node   0: [mem 0x00000002af940000-0x00000002af949fff]
[    0.043736] Zeroed struct page in unavailable ranges: 132668 pages
[    0.043740] Initmem setup node 0 [mem 0x0000000030400000-0x00000002af949fff]
[    0.043882] On node 0 totalpages: 1309124
[    0.043886]   Normal zone: 11508 pages used for memmap
[    0.043888]   Normal zone: 0 pages reserved
[    0.043891]   Normal zone: 1309124 pages, LIFO batch:31
[    0.085480] Booting Linux...
[    0.085547] CPU CAPS: [flush,stbar,swap,muldiv,v9,blkinit,n2,mul32]
[    0.085612] CPU CAPS: [div32,v8plus,popc,vis,vis2,ASIBlkInit,fmaf,vis3]
[    0.085674] CPU CAPS: [hpc,ima,pause,cbcond,aes,des,kasumi,camellia]
[    0.086735] CPU CAPS: [md5,sha1,sha256,sha512,mpmul,montmul,montsqr,crc32c]
[    0.134087] percpu: Embedded 19 pages/cpu s114904 r8192 d32552 u262144
[    0.134309] pcpu-alloc: s114904 r8192 d32552 u262144 alloc=1*4194304
[    0.134312] pcpu-alloc: [0] 000 001 002 003 004 005 006 007 008 009 010 011 012 013 014 015 
[    0.134325] pcpu-alloc: [0] 016 017 018 019 020 021 022 023 024 025 026 027 028 029 030 031 
[    0.134337] pcpu-alloc: [0] 032 033 034 035 036 037 038 039 040 041 042 043 044 045 046 047 
[    0.134350] pcpu-alloc: [0] 048 049 050 051 052 053 054 055 056 057 058 059 060 061 062 063 
[    0.134362] pcpu-alloc: [0] 064 065 066 067 068 069 070 071 072 073 074 075 076 077 078 079 
[    0.134375] pcpu-alloc: [0] 080 081 082 083 084 085 086 087 088 089 090 091 092 093 094 095 
[    0.134387] pcpu-alloc: [0] 096 097 098 099 100 101 102 103 104 105 106 107 108 109 110 111 
[    0.134400] pcpu-alloc: [0] 112 113 114 115 116 117 118 119 120 121 122 123 124 125 126 127 
[    0.134412] pcpu-alloc: [0] 128 129 130 131 132 133 134 135 136 137 138 139 140 141 142 143 
[    0.134424] pcpu-alloc: [0] 144 145 146 147 148 149 150 151 152 153 154 155 156 157 158 159 
[    0.134437] pcpu-alloc: [0] 160 161 162 163 164 165 166 167 168 169 170 171 172 173 174 175 
[    0.134449] pcpu-alloc: [0] 176 177 178 179 180 181 182 183 184 185 186 187 188 189 190 191 
[    0.134461] pcpu-alloc: [0] 192 193 194 195 196 197 198 199 200 201 202 203 204 205 206 207 
[    0.134474] pcpu-alloc: [0] 208 209 210 211 212 213 214 215 216 217 218 219 220 221 222 223 
[    0.134486] pcpu-alloc: [0] 224 225 226 227 228 229 230 231 232 233 234 235 236 237 238 239 
[    0.134498] pcpu-alloc: [0] 240 241 242 243 244 245 246 247 248 249 250 251 252 253 254 255 
[    0.134906] SUN4V: Mondo queue sizes [cpu(131072) dev(16384) r(8192) nr(256)]
[    0.135190] Built 1 zonelists, mobility grouping on.  Total pages: 1297616
[    0.135252] Kernel command line: BOOT_IMAGE=/vmlinux-5.9.0-01064-g39a5101f989e root=/dev/vdiska2 ro zswap.enabled=1
[    0.136746] printk: log_buf_len individual max cpu contribution: 4096 bytes
[    0.136812] printk: log_buf_len total cpu_extra contributions: 1044480 bytes
[    0.136872] printk: log_buf_len min size: 131072 bytes
[    0.137231] printk: log_buf_len: 2097152 bytes
[    0.137275] printk: early log buf free: 126008(96%)
[    0.138924] Dentry cache hash table entries: 2097152 (order: 11, 16777216 bytes, linear)
[    0.139822] Inode-cache hash table entries: 1048576 (order: 10, 8388608 bytes, linear)
[    0.139890] Sorting __ex_table...
[    0.140115] mem auto-init: stack:off, heap alloc:off, heap free:off
[    0.160967] Memory: 10256880K/10472992K available (7830K kernel code, 1074K rwdata, 1944K rodata, 600K init, 413K bss, 216112K reserved, 0K cma-reserved)
[    0.161122] random: get_random_u64 called from __kmem_cache_create+0x20/0x520 with crng_init=0
[    0.162136] SLUB: HWalign=32, Order=0-3, MinObjects=0, CPUs=256, Nodes=1
[    0.162572] ftrace: allocating 24022 entries in 47 pages
[    0.171766] ftrace: allocated 47 pages with 5 groups
[    0.174275] rcu: Hierarchical RCU implementation.
[    0.174325] 	Trampoline variant of Tasks RCU enabled.
[    0.174371] 	Rude variant of Tasks RCU enabled.
[    0.174413] 	Tracing variant of Tasks RCU enabled.
[    0.174455] rcu: RCU calculated value of scheduler-enlistment delay is 26 jiffies.
[    0.177708] NR_IRQS: 2048, nr_irqs: 2048, preallocated irqs: 1
[    0.177789] SUN4V: Using IRQ API major 3, cookie only virqs enabled
[    0.180444] clocksource: stick: mask: 0xffffffffffffffff max_cycles: 0x1cd42e4dffb, max_idle_ns: 881590591483 ns
[    0.180561] clocksource: mult[800000] shift[23]
[    0.180603] clockevent: mult[80000000] shift[31]
[    0.181020] Console: colour dummy device 80x25
[    0.181067] printk: console [tty0] enabled
[    0.181106] printk: bootconsole [earlyprom0] disabled
[    0.260768] Calibrating delay using timer specific routine.. 2004.64 BogoMIPS (lpj=4009286)
[    0.260785] pid_max: default: 262144 minimum: 2048
[    0.261099] LSM: Security Framework initializing
[    0.261262] Mount-cache hash table entries: 32768 (order: 5, 262144 bytes, linear)
[    0.261297] Mountpoint-cache hash table entries: 32768 (order: 5, 262144 bytes, linear)
[    0.262802] rcu: Hierarchical SRCU implementation.
[    0.265829] smp: Bringing up secondary CPUs ...
[    0.273786] smp: Brought up 1 node, 24 CPUs
[    0.275563] devtmpfs: initialized
[    0.276333] Performance events: 
[    0.276356] Testing NMI watchdog ... 
[    0.356435] OK.
[    0.356460] Supported PMU type is 'niagara5'
[    0.356829] ldc.c:v1.1 (July 22, 2008)
[    0.357001] clocksource: jiffies: mask: 0xffffffff max_cycles: 0xffffffff, max_idle_ns: 7645041785100000 ns
[    0.357023] futex hash table entries: 65536 (order: 9, 4194304 bytes, linear)
[    0.359242] NET: Registered protocol family 16
[    0.360495] VIO: Adding device channel-devices (tx_ino = ffffffffffffffff, rx_ino = ffffffffffffffff)
[    0.360527] VIO: Adding device vnet-port-0-0 (tx_ino = 0, rx_ino = 1)
[    0.360548] VIO: Adding device vnet-port-0-1 (tx_ino = 2, rx_ino = 3)
[    0.360569] VIO: Adding device vnet-port-0-2 (tx_ino = 4, rx_ino = 5)
[    0.360589] VIO: Adding device vnet-port-0-3 (tx_ino = 6, rx_ino = 7)
[    0.360609] VIO: Adding device vnet-port-0-4 (tx_ino = 8, rx_ino = 9)
[    0.360628] VIO: Adding device vdc-port-2-0 (tx_ino = a, rx_ino = b)
[    0.360647] VIO: Adding device vdc-port-1-0 (tx_ino = c, rx_ino = d)
[    0.360666] VIO: Adding device vdc-port-0-0 (tx_ino = e, rx_ino = f)
[    0.360687] VIO: Adding device vlds-port-0-0 (tx_ino = 10, rx_ino = 11)
[    0.360709] VIO: Adding device domain-services-port-0 (tx_ino = 10, rx_ino = 11)
[    0.360786] audit: initializing netlink subsys (disabled)
[    0.360872] audit: type=2000 audit(0.176:1): state=initialized audit_enabled=0 res=1
[    0.366053] HugeTLB registered 64.0 KiB page size, pre-allocated 0 pages
[    0.366059] HugeTLB registered 8.00 MiB page size, pre-allocated 0 pages
[    0.366064] HugeTLB registered 256 MiB page size, pre-allocated 0 pages
[    0.366069] HugeTLB registered 2.00 GiB page size, pre-allocated 0 pages
[    0.932235] NetLabel: Initializing
[    0.932247] NetLabel:  domain hash size = 128
[    0.932251] NetLabel:  protocols = UNLABELED CIPSOv4 CALIPSO
[    0.932275] NetLabel:  unlabeled traffic allowed by default
[    0.932517] SUN4V: Reboot data supported (maj=1,min=0).
[    0.932619] ds.c:v1.0 (Jul 11, 2007)
[    0.932754] ds-0: ds_conn_reset() from send_events
[    0.933042] clocksource: Switched to clocksource stick
[    0.985118] VFS: Disk quotas dquot_6.6.0
[    0.985213] VFS: Dquot-cache hash table entries: 1024 (order 0, 8192 bytes)
[    0.987740] NET: Registered protocol family 2
[    0.988774] tcp_listen_portaddr_hash hash table entries: 8192 (order: 4, 131072 bytes, linear)
[    0.988870] TCP established hash table entries: 131072 (order: 7, 1048576 bytes, linear)
[    0.989345] TCP bind hash table entries: 65536 (order: 7, 1048576 bytes, linear)
[    0.989798] TCP: Hash tables configured (established 131072 bind 65536)
[    0.990355] UDP hash table entries: 8192 (order: 5, 262144 bytes, linear)
[    0.990479] UDP-Lite hash table entries: 8192 (order: 5, 262144 bytes, linear)
[    0.991405] NET: Registered protocol family 1
[    0.991422] NET: Registered protocol family 44
[    0.991535] Trying to unpack rootfs image as initramfs...
[    1.153367] Freeing initrd memory: 23456K
[    1.157387] Initialise system trusted keyrings
[    1.157412] Key type blacklist registered
[    1.157519] workingset: timestamp_bits=46 max_order=21 bucket_order=0
[    1.160117] zbud: loaded
[    1.160941] SGI XFS with ACLs, security attributes, realtime, quota, no debug enabled
[    1.162742] Key type asymmetric registered
[    1.162749] Asymmetric key parser 'x509' registered
[    1.162769] Block layer SCSI generic (bsg) driver version 0.4 loaded (major 252)
[    1.163024] io scheduler mq-deadline registered
[    1.163508] f029b788: ttyHV0 at I/O 0x0 (irq = 1, base_baud = 115200) is a SUN4V HCONS
[    1.163738] printk: console [ttyHV0] enabled
[    1.164586] sunvdc.c:v1.2 (November 24, 2014)
[    1.166198] sunvdc: Virtual Hard disk vdiskc
[    1.166205] sunvdc: vdiskc: 104857600 sectors (51200 MB) protocol 1.2
[    1.172582] sunvdc: Virtual Hard disk vdiskb
[    1.172591] sunvdc: vdiskb: 62914560 sectors (30720 MB) protocol 1.2
[    1.173060]  vdiskb: vdiskb1
[    1.179131] sunvdc: Virtual Hard disk vdiska
[    1.179139] sunvdc: vdiska: 31457280 sectors (15360 MB) protocol 1.2
[    1.179610]  vdiska: vdiska1 vdiska2 vdiska3 vdiska4
[    1.184623] Silicon Labs C2 port support v. 0.51.0 - (C) 2007 Rodolfo Giometti
[    1.184983] rtc-sun4v rtc-sun4v: registered as rtc0
[    1.185037] rtc-sun4v rtc-sun4v: setting system clock to 2020-12-07T21:12:14 UTC (1607375534)
[    1.185773] NET: Registered protocol family 10
[    1.199447] Segment Routing with IPv6
[    1.199499] mip6: Mobile IPv6
[    1.199508] NET: Registered protocol family 17
[    1.199628] registered taskstats version 1
[    1.199637] Loading compiled-in X.509 certificates
[    1.199723] zswap: loaded using pool lzo/zbud
[    1.201281] This architecture does not have kernel memory protection.
[    1.201293] Run /init as init process
[    1.201299]   with arguments:
[    1.201301]     /init
[    1.201303]   with environment:
[    1.201305]     HOME=/
[    1.201307]     TERM=linux
[    1.201310]     BOOT_IMAGE=/vmlinux-5.9.0-01064-g39a5101f989e
[    1.365636] sunvnet_common: module verification failed: signature and/or required key missing - tainting kernel
[    1.367208] sunvnet: sunvnet 2.0 (February 3, 2017)
[    1.368129] vnet_port vnet-port-0-0 eth0: Sun LDOM vnet 00:14:4f:f8:12:a3
[    1.368217] sunvnet: eth0: PORT ( remote-mac 00:14:4f:fa:f3:f0 switch-port )
[    1.368450] sunvnet: eth0: PORT ( remote-mac 00:14:4f:f9:b4:97 )
[    1.368625] sunvnet: eth0: PORT ( remote-mac 00:14:4f:f8:e5:f3 )
[    1.368789] sunvnet: eth0: PORT ( remote-mac 00:14:4f:f8:3f:1e )
[    1.368928] sunvnet: eth0: PORT ( remote-mac 00:14:4f:f9:8b:83 )
[    1.375331] crc32c_sparc64: Using sparc64 crc32c opcode optimized CRC32C implementation
[    1.377247] random: lvm: uninitialized urandom read (4 bytes read)
[    1.397421] device-mapper: uevent: version 1.0.3
[    1.397574] device-mapper: ioctl: 4.42.0-ioctl (2020-02-27) initialised: dm-devel@redhat.com
[    1.399977] random: lvm: uninitialized urandom read (2 bytes read)
[    1.596885] xor: automatically using best checksumming function   Niagara   
[    1.665020] raid6: int64x8  gen()  2140 MB/s
[    1.733028] raid6: int64x8  xor()  1514 MB/s
[    1.801021] raid6: int64x4  gen()  3379 MB/s
[    1.869020] raid6: int64x4  xor()  1457 MB/s
[    1.937016] raid6: int64x2  gen()  3358 MB/s
[    2.005014] raid6: int64x2  xor()  1127 MB/s
[    2.073033] raid6: int64x1  gen()  1371 MB/s
[    2.141029] raid6: int64x1  xor()   711 MB/s
[    2.141045] raid6: using algorithm int64x4 gen() 3379 MB/s
[    2.141050] raid6: .... xor() 1457 MB/s, rmw enabled
[    2.141055] raid6: using intx1 recovery algorithm
[    2.269664] random: fast init done
[    2.272704] EXT4-fs (vdiska2): mounted filesystem with ordered data mode. Opts: (null)
[    2.669631] systemd[1]: Inserted module 'autofs4'
[    2.691814] systemd[1]: systemd 247.1-3 running in system mode. (+PAM +AUDIT +SELINUX +IMA +APPARMOR +SMACK +SYSVINIT +UTMP +LIBCRYPTSETUP +GCRYPT +GNUTLS +ACL +XZ +LZ4 +ZSTD -SECCOMP +BLKID +ELFUTILS +KMOD +IDN2 -IDN +PCRE2 default-hierarchy=hybrid)
[    2.692126] systemd[1]: Detected architecture sparc64.
[    2.731007] systemd[1]: Set hostname to <ttip>.
[    2.832904] systemd-sysv-generator[339]: SysV service '/etc/init.d/xinetd' lacks a native systemd unit file. Automatically generating a unit file for compatibility. Please update package to include a native systemd unit file, in order to make it more safe and robust.
[    2.833970] random: lvmconfig: uninitialized urandom read (4 bytes read)
[    2.843720] systemd-sysv-generator[339]: SysV service '/etc/init.d/rng-tools-debian' lacks a native systemd unit file. Automatically generating a unit file for compatibility. Please update package to include a native systemd unit file, in order to make it more safe and robust.
[    2.845855] systemd-sysv-generator[339]: SysV service '/etc/init.d/arpalert' lacks a native systemd unit file. Automatically generating a unit file for compatibility. Please update package to include a native systemd unit file, in order to make it more safe and robust.
[    2.846885] systemd-sysv-generator[339]: SysV service '/etc/init.d/vmtouch' lacks a native systemd unit file. Automatically generating a unit file for compatibility. Please update package to include a native systemd unit file, in order to make it more safe and robust.
[    2.850763] systemd-sysv-generator[339]: SysV service '/etc/init.d/mysql' lacks a native systemd unit file. Automatically generating a unit file for compatibility. Please update package to include a native systemd unit file, in order to make it more safe and robust.
[    3.024300] systemd[1]: Queued start job for default target Multi-User System.
[    3.025130] random: systemd: uninitialized urandom read (16 bytes read)
[    3.076209] systemd[1]: Created slice system-getty.slice.
[    3.076527] random: systemd: uninitialized urandom read (16 bytes read)
[    3.081994] systemd[1]: Created slice system-modprobe.slice.
[    3.087349] systemd[1]: Created slice system-openvpn\x2dclient.slice.
[    3.092989] systemd[1]: Created slice system-postfix.slice.
[    3.098597] systemd[1]: Created slice system-systemd\x2dfsck.slice.
[    3.103839] systemd[1]: Created slice User and Session Slice.
[    3.104101] systemd[1]: Started Dispatch Password Requests to Console Directory Watch.
[    3.104319] systemd[1]: Started Forward Password Requests to Wall Directory Watch.
[    3.105396] systemd[1]: Set up automount Arbitrary Executable File Formats File System Automount Point.
[    3.105594] systemd[1]: Reached target Local Encrypted Volumes.
[    3.105786] systemd[1]: Reached target Paths.
[    3.105940] systemd[1]: Reached target Slices.
[    3.106232] systemd[1]: Listening on Device-mapper event daemon FIFOs.
[    3.106542] systemd[1]: Listening on LVM2 poll daemon socket.
[    3.119007] systemd[1]: Listening on RPCbind Server Activation Socket.
[    3.119718] systemd[1]: Listening on Syslog Socket.
[    3.120036] systemd[1]: Listening on fsck to fsckd communication Socket.
[    3.120249] systemd[1]: Listening on initctl Compatibility Named Pipe.
[    3.120711] systemd[1]: Listening on Journal Audit Socket.
[    3.120976] systemd[1]: Listening on Journal Socket (/dev/log).
[    3.121317] systemd[1]: Listening on Journal Socket.
[    3.121665] systemd[1]: Listening on udev Control Socket.
[    3.121931] systemd[1]: Listening on udev Kernel Socket.
[    3.128404] systemd[1]: Mounting Huge Pages File System...
[    3.135052] systemd[1]: Mounting POSIX Message Queue File System...
[    3.142019] systemd[1]: Mounting RPC Pipe File System...
[    3.148707] systemd[1]: Mounting Kernel Debug File System...
[    3.155605] systemd[1]: Mounting Kernel Trace File System...
[    3.155951] systemd[1]: Condition check resulted in Kernel Module supporting RPCSEC_GSS being skipped.
[    3.156316] systemd[1]: Finished Availability of block devices.
[    3.162932] systemd[1]: Starting Wait for network to be configured by ifupdown...
[    3.169810] systemd[1]: Starting Create list of static device nodes for the current kernel...
[    3.176488] systemd[1]: Starting Monitoring of LVM2 mirrors, snapshots etc. using dmeventd or progress polling...
[    3.182440] systemd[1]: Starting Load Kernel Module configfs...
[    3.188511] systemd[1]: Starting Load Kernel Module drm...
[    3.195727] systemd[1]: Starting Load Kernel Module fuse...
[    3.203293] systemd[1]: Starting nftables...
[    3.204298] systemd[1]: Condition check resulted in Set Up Additional Binary Formats being skipped.
[    3.204425] systemd[1]: Condition check resulted in File System Check on Root Device being skipped.
[    3.209568] fuse: init (API version 7.31)
[    3.213352] systemd[1]: Starting Journal Service...
[    3.222508] systemd[1]: Starting Load Kernel Modules...
[    3.231286] systemd[1]: Starting Remount Root and Kernel File Systems...
[    3.239886] systemd[1]: Starting Coldplug All udev Devices...
[    3.244767] systemd[1]: Started Journal Service.
[    3.254130] EXT4-fs (vdiska2): re-mounted. Opts: errors=remount-ro
[    3.654906] sha1_sparc64: Using sparc64 sha1 opcode optimized SHA-1 implementation
[    3.655801] n2rng v0.3 (Jan 7, 2017)
[    3.655826] n2rng f029b104: Registered RNG HVAPI major 2 minor 0
[    3.655839] n2rng f029b104: Found multi-unit-capable RNG, units: 2
[    3.655872] n2rng f029b104: RNG ready
[    3.656762] sha256_sparc64: Using sparc64 sha256 opcode optimized SHA-256/SHA-224 implementation
[    3.658328] sha512_sparc64: Using sparc64 sha512 opcode optimized SHA-512/SHA-384 implementation
[    3.659387] md5_sparc64: Using sparc64 md5 opcode optimized MD5 implementation
[    3.660818] aes_sparc64: Using sparc64 aes opcodes optimized AES implementation
[    3.665381] des_sparc64: Using sparc64 des opcodes optimized DES implementation
[    3.668114] camellia_sparc64: Using sparc64 camellia opcodes optimized CAMELLIA implementation
[    3.797090] Adding 787176k swap on /dev/vdiska4.  Priority:-2 extents:1 across:787176k FS
[    3.807819] XFS (dm-0): Mounting V5 Filesystem
[    3.817280] EXT4-fs (vdiska1): mounting ext3 file system using the ext4 subsystem
[    3.823454] EXT4-fs (vdiska1): mounted filesystem with ordered data mode. Opts: (null)
[    3.823644] ext3 filesystem being mounted at /boot supports timestamps until 2038 (0x7fffffff)
[    4.479945] XFS (dm-0): Ending clean mount
[    4.485145] xfs filesystem being mounted at /1 supports timestamps until 2038 (0x7fffffff)
[    5.124193] random: crng init done
[    5.124211] random: 5 urandom warning(s) missed due to ratelimiting
