[    0.000018] PROMLIB: Sun IEEE Boot Prom 'OBP 4.38.12 2018/03/28 14:54'
[    0.000033] PROMLIB: Root node compatible: sun4v
[    0.000080] Linux version 5.7.0-10986-gaaa2faab4ed8 (mator@ttip) (gcc version 9.3.0 (Debian 9.3.0-12), GNU ld (GNU Binutils for Debian) 2.34) #141 SMP Sat Jun 6 11:17:54 MSK 2020
[    0.000420] printk: bootconsole [earlyprom0] enabled
[    0.000473] ARCH: SUN4V
[    0.000524] Ethernet address: 00:14:4f:fa:06:f2
[    0.000577] MM: PAGE_OFFSET is 0xfff8000000000000 (max_phys_bits == 47)
[    0.000644] MM: VMALLOC [0x0000000100000000 --> 0x0006000000000000]
[    0.000707] MM: VMEMMAP [0x0006000000000000 --> 0x000c000000000000]
[    0.012493] Kernel: Using 5 locked TLB entries for main kernel image.
[    0.012564] Remapping the kernel... 
[    0.012588] done.
[    0.045570] OF stdout device is: /virtual-devices@100/console@1
[    0.045635] PROM: Built device tree with 86758 bytes of memory.
[    0.045699] MDESC: Size is 36224 bytes.
[    0.045815] PLATFORM: banner-name [SPARC T5-2]
[    0.045867] PLATFORM: name [ORCL,SPARC-T5-2]
[    0.045915] PLATFORM: hostid [84fa06f2]
[    0.045959] PLATFORM: serial# [0035260e]
[    0.046004] PLATFORM: stick-frequency [3b9aca00]
[    0.046055] PLATFORM: mac-address [144ffa06f2]
[    0.046104] PLATFORM: watchdog-resolution [1000 ms]
[    0.046156] PLATFORM: watchdog-max-timeout [31536000000 ms]
[    0.046213] PLATFORM: max-cpus [1024]
[    0.051001] Allocated 40960 bytes for kernel page tables.
[    0.051091] Zone ranges:
[    0.051133]   Normal   [mem 0x0000000030400000-0x00000024af937fff]
[    0.051197] Movable zone start for each node
[    0.051243] Early memory node ranges
[    0.051284]   node   0: [mem 0x0000000030400000-0x000000006fe7ffff]
[    0.051348]   node   0: [mem 0x000000006ff00000-0x000000006ff25fff]
[    0.051410]   node   0: [mem 0x0000000070000000-0x000000042fffffff]
[    0.051474]   node   0: [mem 0x0000002030000000-0x00000024af87ffff]
[    0.051537]   node   0: [mem 0x00000024af900000-0x00000024af925fff]
[    0.051599]   node   0: [mem 0x00000024af930000-0x00000024af937fff]
[    0.066574] Zeroed struct page in unavailable ranges: 263766 pages
[    0.066583] Initmem setup node 0 [mem 0x0000000030400000-0x00000024af937fff]
[    0.066744] On node 0 totalpages: 4454826
[    0.066754]   Normal zone: 39154 pages used for memmap
[    0.066760]   Normal zone: 0 pages reserved
[    0.066766]   Normal zone: 4454826 pages, LIFO batch:31
[    0.225667] Booting Linux...
[    0.225753] CPU CAPS: [flush,stbar,swap,muldiv,v9,blkinit,n2,mul32]
[    0.225836] CPU CAPS: [div32,v8plus,popc,vis,vis2,ASIBlkInit,fmaf,vis3]
[    0.226921] CPU CAPS: [hpc,ima,pause,cbcond,aes,des,kasumi,camellia]
[    0.227000] CPU CAPS: [md5,sha1,sha256,sha512,mpmul,montmul,montsqr,crc32c]
[    0.256799] percpu: Embedded 27 pages/cpu s184016 r8192 d28976 u262144
[    0.257034] pcpu-alloc: s184016 r8192 d28976 u262144 alloc=1*4194304
[    0.257041] pcpu-alloc: [0] 000 001 002 003 004 005 006 007 008 009 010 011 012 013 014 015 
[    0.257069] pcpu-alloc: [0] 016 017 018 019 020 021 022 023 024 025 026 027 028 029 030 031 
[    0.257097] pcpu-alloc: [0] 032 033 034 035 036 037 038 039 040 041 042 043 044 045 046 047 
[    0.257125] pcpu-alloc: [0] 048 049 050 051 052 053 054 055 056 057 058 059 060 061 062 063 
[    0.257153] pcpu-alloc: [0] 064 065 066 067 068 069 070 071 072 073 074 075 076 077 078 079 
[    0.257181] pcpu-alloc: [0] 080 081 082 083 084 085 086 087 088 089 090 091 092 093 094 095 
[    0.257208] pcpu-alloc: [0] 096 097 098 099 100 101 102 103 104 105 106 107 108 109 110 111 
[    0.257236] pcpu-alloc: [0] 112 113 114 115 116 117 118 119 120 121 122 123 124 125 126 127 
[    0.257651] SUN4V: Mondo queue sizes [cpu(131072) dev(16384) r(8192) nr(256)]
[    0.258032] Built 1 zonelists, mobility grouping on.  Total pages: 4415672
[    0.258101] Policy zone: Normal
[    0.258160] Kernel command line: BOOT_IMAGE=/vmlinux-5.7.0-10986-gaaa2faab4ed8 root=/dev/vdiska2 ro zswap.enabled=1
[    0.261001] printk: log_buf_len individual max cpu contribution: 4096 bytes
[    0.261072] printk: log_buf_len total cpu_extra contributions: 520192 bytes
[    0.261140] printk: log_buf_len min size: 131072 bytes
[    0.261411] printk: log_buf_len: 1048576 bytes
[    0.261462] printk: early log buf free: 126696(96%)
[    0.267779] Dentry cache hash table entries: 8388608 (order: 13, 67108864 bytes, linear)
[    0.271014] Inode-cache hash table entries: 4194304 (order: 12, 33554432 bytes, linear)
[    0.271091] Sorting __ex_table...
[    0.271344] mem auto-init: stack:off, heap alloc:off, heap free:off
[    0.376927] Memory: 35129240K/35638608K available (7907K kernel code, 1065K rwdata, 2344K rodata, 656K init, 6832K bss, 509368K reserved, 0K cma-reserved)
[    0.377628] SLUB: HWalign=32, Order=0-3, MinObjects=0, CPUs=128, Nodes=32
[    0.377935] ftrace: allocating 22133 entries in 44 pages
[    0.386443] ftrace: allocated 44 pages with 3 groups
[    0.389373] Running RCU self tests
[    0.389463] rcu: Hierarchical RCU implementation.
[    0.389516] rcu: 	RCU event tracing is enabled.
[    0.389565] rcu: 	RCU lockdep checking is enabled.
[    0.389617] 	Trampoline variant of Tasks RCU enabled.
[    0.389670] 	Rude variant of Tasks RCU enabled.
[    0.389718] 	Tracing variant of Tasks RCU enabled.
[    0.389769] rcu: RCU calculated value of scheduler-enlistment delay is 10 jiffies.
[    0.394231] NR_IRQS: 2048, nr_irqs: 2048, preallocated irqs: 1
[    0.394309] SUN4V: Using IRQ API major 3, cookie only virqs enabled
[    0.396878] clocksource: stick: mask: 0xffffffffffffffff max_cycles: 0x1cd42e4dffb, max_idle_ns: 881590591483 ns
[    0.397010] clocksource: mult[800000] shift[23]
[    0.397059] clockevent: mult[80000000] shift[31]
[    0.397460] Console: colour dummy device 80x25
[    0.397524] printk: console [tty0] enabled
[    0.397604] printk: bootconsole [earlyprom0] disabled
[    0.397693] Lock dependency validator: Copyright (c) 2006 Red Hat, Inc., Ingo Molnar
[    0.397747] ... MAX_LOCKDEP_SUBCLASSES:  8
[    0.397779] ... MAX_LOCK_DEPTH:          48
[    0.397811] ... MAX_LOCKDEP_KEYS:        8192
[    0.397844] ... CLASSHASH_SIZE:          4096
[    0.397877] ... MAX_LOCKDEP_ENTRIES:     16384
[    0.397910] ... MAX_LOCKDEP_CHAINS:      32768
[    0.397943] ... CHAINHASH_SIZE:          16384
[    0.397977]  memory used by lock dependency info: 3919 kB
[    0.398015]  memory used for stack traces: 2112 kB
[    0.398050]  per task-struct memory footprint: 1920 bytes
[    0.547369] Calibrating delay using timer specific routine.. 2007.37 BogoMIPS (lpj=10036893)
[    0.547443] pid_max: default: 131072 minimum: 1024
[    0.547744] LSM: Security Framework initializing
[    0.547919] AppArmor: AppArmor initialized
[    0.548196] Mount-cache hash table entries: 131072 (order: 7, 1048576 bytes, linear)
[    0.548365] Mountpoint-cache hash table entries: 131072 (order: 7, 1048576 bytes, linear)
[    0.553602] rcu: Hierarchical SRCU implementation.
[    0.562424] smp: Bringing up secondary CPUs ...
[    0.608486] smp: Brought up 1 node, 32 CPUs
[    0.614145] devtmpfs: initialized
[    0.619244] Performance events: 
[    0.619277] Testing NMI watchdog ... 
[    0.819358] OK.
[    0.819538] Supported PMU type is 'niagara5'
[    0.819766] random: get_random_u32 called from bucket_table_alloc.isra.0+0x198/0x1c0 with crng_init=0
[    0.820348] ldc.c:v1.1 (July 22, 2008)
[    0.822999] clocksource: jiffies: mask: 0xffffffff max_cycles: 0xffffffff, max_idle_ns: 19112604462750000 ns
[    0.823095] futex hash table entries: 32768 (order: 9, 4194304 bytes, linear)
[    0.828982] NET: Registered protocol family 16
[    0.838342] VIO: Adding device channel-devices (tx_ino = ffffffffffffffff, rx_ino = ffffffffffffffff)
[    0.838592] VIO: Adding device vnet-port-0-0 (tx_ino = 0, rx_ino = 1)
[    0.838814] VIO: Adding device vnet-port-0-1 (tx_ino = 2, rx_ino = 3)
[    0.838996] VIO: Adding device vnet-port-0-2 (tx_ino = 4, rx_ino = 5)
[    0.839176] VIO: Adding device vnet-port-0-3 (tx_ino = 6, rx_ino = 7)
[    0.839362] VIO: Adding device vnet-port-0-4 (tx_ino = 8, rx_ino = 9)
[    0.839585] VIO: Adding device vdc-port-2-0 (tx_ino = c, rx_ino = d)
[    0.839767] VIO: Adding device vdc-port-1-0 (tx_ino = e, rx_ino = f)
[    0.839951] VIO: Adding device vdc-port-0-0 (tx_ino = 10, rx_ino = 11)
[    0.840132] VIO: Adding device vdc-port-3-0 (tx_ino = 12, rx_ino = 13)
[    0.840312] VIO: Adding device vlds-port-0-0 (tx_ino = 14, rx_ino = 15)
[    0.840500] VIO: Adding device domain-services-port-0 (tx_ino = 14, rx_ino = 15)
[    0.840802] audit: initializing netlink subsys (disabled)
[    0.841076] audit: type=2000 audit(0.440:1): state=initialized audit_enabled=0 res=1
[    0.872859] HugeTLB registered 64.0 KiB page size, pre-allocated 0 pages
[    0.872919] HugeTLB registered 8.00 MiB page size, pre-allocated 0 pages
[    0.872968] HugeTLB registered 256 MiB page size, pre-allocated 0 pages
[    0.873016] HugeTLB registered 2.00 GiB page size, pre-allocated 0 pages
[    0.876338] alg: extra crypto tests enabled.  This is intended for developer use only.
[    0.899569] cryptd: max_cpu_qlen set to 1000
[    1.005908] NetLabel: Initializing
[    1.005948] NetLabel:  domain hash size = 128
[    1.005983] NetLabel:  protocols = UNLABELED CIPSOv4 CALIPSO
[    1.006113] NetLabel:  unlabeled traffic allowed by default
[    1.007110] SUN4V: Reboot data supported (maj=1,min=0).
[    1.007748] ds.c:v1.0 (Jul 11, 2007)
[    1.008105] ds-0: ds_conn_reset() from send_events.isra.0
[    1.009577] clocksource: Switched to clocksource stick
[    1.221659] VFS: Disk quotas dquot_6.6.0
[    1.222388] VFS: Dquot-cache hash table entries: 1024 (order 0, 8192 bytes)
[    1.226086] AppArmor: AppArmor Filesystem Enabled
[    1.240217] NET: Registered protocol family 2
[    1.243226] tcp_listen_portaddr_hash hash table entries: 32768 (order: 8, 2621440 bytes, linear)
[    1.246290] TCP established hash table entries: 524288 (order: 9, 4194304 bytes, linear)
[    1.248745] TCP bind hash table entries: 65536 (order: 9, 4718592 bytes, linear)
[    1.254362] TCP: Hash tables configured (established 524288 bind 65536)
[    1.257032] UDP hash table entries: 32768 (order: 9, 5242880 bytes, linear)
[    1.263413] UDP-Lite hash table entries: 32768 (order: 9, 5242880 bytes, linear)
[    1.272251] NET: Registered protocol family 1
[    1.272325] NET: Registered protocol family 44
[    1.273025] Trying to unpack rootfs image as initramfs...
[    1.474160] Freeing initrd memory: 14800K
[    1.475038] aes_sparc64: Using sparc64 aes opcodes optimized AES implementation
[    1.715850] des_sparc64: Using sparc64 des opcodes optimized DES implementation
[    2.168716] camellia_sparc64: Using sparc64 camellia opcodes optimized CAMELLIA implementation
[    2.344039] workingset: timestamp_bits=41 max_order=23 bucket_order=0
[    2.365275] zbud: loaded
[    2.369563] SGI XFS with ACLs, security attributes, quota, fatal assert, debug enabled
[    2.400169] Block layer SCSI generic (bsg) driver version 0.4 loaded (major 252)
[    2.401117] io scheduler mq-deadline registered
[    2.404273] f029b788: ttyHV0 at I/O 0x0 (irq = 1, base_baud = 115200) is a SUN4V HCONS
[    2.405257] printk: console [ttyHV0] enabled
[    2.409867] sunvdc.c:v1.2 (November 24, 2014)
[    2.413229] sunvdc: Virtual Hard disk vdiskc
[    2.413272] sunvdc: vdiskc: 104857600 sectors (51200 MB) protocol 1.2
[    2.436443] sunvdc: Virtual Hard disk vdiskb
[    2.436491] sunvdc: vdiskb: 62914560 sectors (30720 MB) protocol 1.2
[    2.438184]  vdiskb: vdiskb1
[    2.459916] sunvdc: Virtual Hard disk vdiska
[    2.459962] sunvdc: vdiska: 31457280 sectors (15360 MB) protocol 1.2
[    2.461654]  vdiska: vdiska1 vdiska2 vdiska3 vdiska4
[    2.484986] sunvdc: Virtual CDROM vdiskd
[    2.485044] sunvdc: vdiskd: 453848 sectors (221 MB) protocol 1.2
[    2.486315]  vdiskd: vdiskd1 vdiskd2 vdiskd3 vdiskd4 vdiskd5 vdiskd6 vdiskd7
[    2.507429] sunvnet: sunvnet 2.0 (February 3, 2017)
[    2.510206] vnet_port vnet-port-0-0 eth0: Sun LDOM vnet 00:14:4f:f8:12:a3
[    2.510443] sunvnet: eth0: PORT ( remote-mac 00:14:4f:fa:f3:f0 switch-port )
[    2.511072] sunvnet: eth0: PORT ( remote-mac 00:14:4f:f8:e5:f3 )
[    2.511670] sunvnet: eth0: PORT ( remote-mac 00:14:4f:f9:b4:97 )
[    2.512269] sunvnet: eth0: PORT ( remote-mac 00:14:4f:f8:3f:1e )
[    2.512878] sunvnet: eth0: PORT ( remote-mac 00:14:4f:f8:fe:47 )
[    2.514163] rtc-sun4v rtc-sun4v: registered as rtc0
[    2.514308] rtc-sun4v rtc-sun4v: setting system clock to 2020-06-06T08:46:04 UTC (1591433164)
[    2.514910] sun4v_wdt: initialized (timeout=60s, nowayout=0)
[    2.515324] device-mapper: uevent: version 1.0.3
[    2.516390] device-mapper: ioctl: 4.42.0-ioctl (2020-02-27) initialised: dm-devel@redhat.com
[    2.517409] NET: Registered protocol family 17
[    2.517807] registered taskstats version 1
[    2.518885] zswap: loaded using pool lzo/zbud
[    2.520513] AppArmor: AppArmor sha1 policy hashing enabled
[    2.525830] This architecture does not have kernel memory protection.
[    2.525889] Run /init as init process
[    2.525923]   with arguments:
[    2.525930]     /init
[    2.525937]   with environment:
[    2.525943]     HOME=/
[    2.525950]     TERM=linux
[    2.525956]     BOOT_IMAGE=/vmlinux-5.7.0-10986-gaaa2faab4ed8
[    3.025859] crc32c_sparc64: Using sparc64 crc32c opcode optimized CRC32C implementation
[    3.679555] raid6: int64x8  gen()  2142 MB/s
[    3.849531] raid6: int64x8  xor()  1525 MB/s
[    4.019565] raid6: int64x4  gen()  3390 MB/s
[    4.189568] raid6: int64x4  xor()  1475 MB/s
[    4.359551] raid6: int64x2  gen()  2754 MB/s
[    4.529572] raid6: int64x2  xor()  1160 MB/s
[    4.699563] raid6: int64x1  gen()  1360 MB/s
[    4.869561] raid6: int64x1  xor()   668 MB/s
[    4.869614] raid6: using algorithm int64x4 gen() 3390 MB/s
[    4.869658] raid6: .... xor() 1475 MB/s, rmw enabled
[    4.869698] raid6: using intx1 recovery algorithm
[    4.870642] async_tx: api initialized (async)
[    4.871165] xor: automatically using best checksumming function   Niagara   
[    4.953731] random: fast init done
[    5.104589] process '/usr/bin/fstype' started with executable stack
[    5.234989] EXT4-fs (vdiska2): mounted filesystem with ordered data mode. Opts: (null)
[    8.399869] systemd[1]: Inserted module 'autofs4'
[    8.413102] NET: Registered protocol family 10
[    8.419465] Segment Routing with IPv6
[    8.473627] systemd[1]: systemd 245.5-3 running in system mode. (+PAM +AUDIT +SELINUX +IMA +APPARMOR +SMACK +SYSVINIT +UTMP +LIBCRYPTSETUP +GCRYPT +GNUTLS +ACL +XZ +LZ4 -SECCOMP +BLKID +ELFUTILS +KMOD +IDN2 -IDN +PCRE2 default-hierarchy=hybrid)
[    8.474276] systemd[1]: Detected architecture sparc64.
[    8.559250] systemd[1]: Set hostname to <ttip>.
[    9.481959] random: lvmconfig: uninitialized urandom read (4 bytes read)
[   11.518451] random: systemd: uninitialized urandom read (16 bytes read)
[   11.562516] systemd[1]: Created slice system-getty.slice.
[   11.563255] random: systemd: uninitialized urandom read (16 bytes read)
[   11.573556] systemd[1]: Created slice system-modprobe.slice.
[   11.574004] random: systemd: uninitialized urandom read (16 bytes read)
[   11.583271] systemd[1]: Created slice system-openvpn\x2dclient.slice.
[   11.622027] systemd[1]: Created slice system-postfix.slice.
[   11.637788] systemd[1]: Created slice system-systemd\x2dfsck.slice.
[   11.648053] systemd[1]: Created slice User and Session Slice.
[   11.649065] systemd[1]: Started Dispatch Password Requests to Console Directory Watch.
[   11.650037] systemd[1]: Started Forward Password Requests to Wall Directory Watch.
[   11.653463] systemd[1]: Set up automount Arbitrary Executable File Formats File System Automount Point.
[   11.654143] systemd[1]: Reached target Local Encrypted Volumes.
[   11.654728] systemd[1]: Reached target Paths.
[   11.655255] systemd[1]: Reached target Remote File Systems.
[   11.655731] systemd[1]: Reached target Slices.
[   11.656678] systemd[1]: Listening on Device-mapper event daemon FIFOs.
[   11.657823] systemd[1]: Listening on LVM2 poll daemon socket.
[   11.660022] systemd[1]: Listening on Syslog Socket.
[   11.661037] systemd[1]: Listening on fsck to fsckd communication Socket.
[   11.661843] systemd[1]: Listening on initctl Compatibility Named Pipe.
[   11.663095] systemd[1]: Listening on Journal Audit Socket.
[   11.664109] systemd[1]: Listening on Journal Socket (/dev/log).
[   11.665312] systemd[1]: Listening on Journal Socket.
[   11.666416] systemd[1]: Listening on udev Control Socket.
[   11.667267] systemd[1]: Listening on udev Kernel Socket.
[   11.684186] systemd[1]: Mounting Huge Pages File System...
[   11.699118] systemd[1]: Mounting POSIX Message Queue File System...
[   11.715745] systemd[1]: Mounting Kernel Debug File System...
[   11.782414] systemd[1]: Mounting Kernel Trace File System...
[   11.797138] systemd[1]: Starting Availability of block devices...
[   11.813526] systemd[1]: Starting Wait for network to be configured by ifupdown...
[   11.828044] systemd[1]: Starting Create list of static device nodes for the current kernel...
[   11.844061] systemd[1]: Starting Monitoring of LVM2 mirrors, snapshots etc. using dmeventd or progress polling...
[   11.859544] systemd[1]: Starting Load Kernel Module drm...
[   11.874036] systemd[1]: Starting nftables...
[   11.905866] systemd[1]: Condition check resulted in Set Up Additional Binary Formats being skipped.
[   11.906124] systemd[1]: Condition check resulted in File System Check on Root Device being skipped.
[   11.925445] systemd[1]: Starting Journal Service...
[   11.979394] systemd[1]: Starting Load Kernel Modules...
[   11.995371] systemd[1]: Starting Remount Root and Kernel File Systems...
[   12.011350] systemd[1]: Starting udev Coldplug all Devices...
[   12.020680] systemd[1]: Mounted Huge Pages File System.
[   12.022273] systemd[1]: Mounted POSIX Message Queue File System.
[   12.023801] systemd[1]: Mounted Kernel Debug File System.
[   12.025301] systemd[1]: Mounted Kernel Trace File System.
[   12.033478] systemd[1]: Finished Availability of block devices.
[   12.040478] systemd[1]: Finished Wait for network to be configured by ifupdown.
[   12.046908] systemd[1]: Finished Create list of static device nodes for the current kernel.
[   12.049859] systemd[1]: modprobe@drm.service: Succeeded.
[   12.054399] systemd[1]: Finished Load Kernel Module drm.
[   12.099558] systemd[1]: Finished Load Kernel Modules.
[   12.102908] systemd[1]: Condition check resulted in FUSE Control File System being skipped.
[   12.103280] systemd[1]: Condition check resulted in Kernel Configuration File System being skipped.
[   12.105837] EXT4-fs (vdiska2): re-mounted. Opts: errors=remount-ro
[   12.117728] systemd[1]: Starting Apply Kernel Variables...
[   12.129555] systemd[1]: Started Journal Service.
[   12.331392] systemd-journald[490]: Received client request to flush runtime journal.
[   15.284833] sha1_sparc64: Using sparc64 sha1 opcode optimized SHA-1 implementation
[   15.444339] sha256_sparc64: Using sparc64 sha256 opcode optimized SHA-256/SHA-224 implementation
[   15.904772] n2rng v0.3 (Jan 7, 2017)
[   15.904865] n2rng f029b104: Registered RNG HVAPI major 2 minor 0
[   15.904946] n2rng f029b104: Found multi-unit-capable RNG, units: 2
[   15.905950] n2rng f029b104: RNG ready
[   16.010540] sha512_sparc64: Using sparc64 sha512 opcode optimized SHA-512/SHA-384 implementation
[   16.089260] md5_sparc64: Using sparc64 md5 opcode optimized MD5 implementation
[   16.375269] pktcdvd: setup of pktcdvd device failed
[   16.418109] pktcdvd: setup of pktcdvd device failed
[   16.421357] pktcdvd: setup of pktcdvd device failed
[   16.424522] pktcdvd: setup of pktcdvd device failed
[   16.427713] pktcdvd: setup of pktcdvd device failed
[   16.431429] pktcdvd: setup of pktcdvd device failed
[   16.435124] pktcdvd: setup of pktcdvd device failed
[   16.438088] pktcdvd: setup of pktcdvd device failed
[   16.750138] random: crng init done
[   16.750274] random: 6 urandom warning(s) missed due to ratelimiting
[   17.060231] XFS (dm-0): Mounting V5 Filesystem
[   17.081980] Adding 787176k swap on /dev/vdiska4.  Priority:-2 extents:1 across:787176k FS
[   17.350860] XFS (dm-0): Ending clean mount
[   17.407246] xfs filesystem being mounted at /1 supports timestamps until 2038 (0x7fffffff)
[   17.525583] EXT4-fs (vdiska1): mounting ext3 file system using the ext4 subsystem
[   17.881617] EXT4-fs (vdiska1): mounted filesystem with ordered data mode. Opts: (null)
[   17.881815] ext3 filesystem being mounted at /boot supports timestamps until 2038 (0x7fffffff)
[   19.517917] Kernel unaligned access at TPC[8b7c98] aa_dfa_unpack+0x38/0x5a0
[   19.518024] Kernel unaligned access at TPC[8b7cb8] aa_dfa_unpack+0x58/0x5a0
[   19.518084] Kernel unaligned access at TPC[8b7d74] aa_dfa_unpack+0x114/0x5a0
[   19.518146] Kernel unaligned access at TPC[8b7e54] aa_dfa_unpack+0x1f4/0x5a0
[   19.518204] Kernel unaligned access at TPC[8b7e68] aa_dfa_unpack+0x208/0x5a0
[   19.528175] audit: type=1400 audit(1591433181.500:2): apparmor="STATUS" operation="profile_load" profile="unconfined" name="nvidia_modprobe" pid=676 comm="apparmor_parser"
[   19.528309] audit: type=1400 audit(1591433181.500:3): apparmor="STATUS" operation="profile_load" profile="unconfined" name="nvidia_modprobe//kmod" pid=676 comm="apparmor_parser"
[   19.565688] audit: type=1400 audit(1591433181.540:4): apparmor="STATUS" operation="profile_load" profile="unconfined" name="/usr/sbin/haveged" pid=675 comm="apparmor_parser"
[   19.566069] audit: type=1400 audit(1591433181.540:5): apparmor="STATUS" operation="profile_load" profile="unconfined" name="lsb_release" pid=680 comm="apparmor_parser"
[   19.617380] audit: type=1400 audit(1591433181.590:6): apparmor="STATUS" operation="profile_load" profile="unconfined" name="/usr/bin/man" pid=677 comm="apparmor_parser"
[   19.617545] audit: type=1400 audit(1591433181.590:7): apparmor="STATUS" operation="profile_load" profile="unconfined" name="man_filter" pid=677 comm="apparmor_parser"
[   19.617695] audit: type=1400 audit(1591433181.590:8): apparmor="STATUS" operation="profile_load" profile="unconfined" name="man_groff" pid=677 comm="apparmor_parser"
[   19.738047] audit: type=1400 audit(1591433181.710:9): apparmor="STATUS" operation="profile_load" profile="unconfined" name="/usr/sbin/named" pid=679 comm="apparmor_parser"
[   19.761971] audit: type=1400 audit(1591433181.740:10): apparmor="STATUS" operation="profile_load" profile="unconfined" name="tcpdump" pid=678 comm="apparmor_parser"
