[    0.000023] PROMLIB: Sun IEEE Boot Prom 'OBP 4.38.12 2018/03/28 14:54'
[    0.000035] PROMLIB: Root node compatible: sun4v
[    0.000086] Linux version 5.9.0-00570-ge6412f9833db (mator@ttip) (gcc (Debian 10.2.0-15) 10.2.0, GNU ld (GNU Binutils for Debian) 2.35.1) #104 SMP Wed Oct 21 13:44:57 MSK 2020
[    0.000428] printk: bootconsole [earlyprom0] enabled
[    0.001480] ARCH: SUN4V
[    0.001530] Ethernet address: 00:14:4f:fa:06:f2
[    0.001584] MM: PAGE_OFFSET is 0xfff8000000000000 (max_phys_bits == 47)
[    0.001647] MM: VMALLOC [0x0000000100000000 --> 0x0006000000000000]
[    0.001709] MM: VMEMMAP [0x0006000000000000 --> 0x000c000000000000]
[    0.013862] Kernel: Using 5 locked TLB entries for main kernel image.
[    0.013933] Remapping the kernel... 
[    0.013956] done.
[    0.046868] OF stdout device is: /virtual-devices@100/console@1
[    0.046932] PROM: Built device tree with 86758 bytes of memory.
[    0.046991] MDESC: Size is 36512 bytes.
[    0.047106] PLATFORM: banner-name [SPARC T5-2]
[    0.047156] PLATFORM: name [ORCL,SPARC-T5-2]
[    0.047202] PLATFORM: hostid [84fa06f2]
[    0.047244] PLATFORM: serial# [0035260e]
[    0.047286] PLATFORM: stick-frequency [3b9aca00]
[    0.047334] PLATFORM: mac-address [144ffa06f2]
[    0.047381] PLATFORM: watchdog-resolution [1000 ms]
[    0.047431] PLATFORM: watchdog-max-timeout [31536000000 ms]
[    0.047485] PLATFORM: max-cpus [1024]
[    0.052224] Allocated 40960 bytes for kernel page tables.
[    0.052313] Zone ranges:
[    0.052352]   Normal   [mem 0x0000000030400000-0x00000024af937fff]
[    0.052415] Movable zone start for each node
[    0.052460] Early memory node ranges
[    0.052500]   node   0: [mem 0x0000000030400000-0x000000006fe7ffff]
[    0.052562]   node   0: [mem 0x000000006ff00000-0x000000006ff25fff]
[    0.052624]   node   0: [mem 0x0000000070000000-0x000000042fffffff]
[    0.052686]   node   0: [mem 0x0000002030000000-0x00000024af87ffff]
[    0.052745]   node   0: [mem 0x00000024af900000-0x00000024af925fff]
[    0.052806]   node   0: [mem 0x00000024af930000-0x00000024af937fff]
[    0.067107] Zeroed struct page in unavailable ranges: 263766 pages
[    0.067116] Initmem setup node 0 [mem 0x0000000030400000-0x00000024af937fff]
[    0.067278] On node 0 totalpages: 4454826
[    0.067287]   Normal zone: 39154 pages used for memmap
[    0.067292]   Normal zone: 0 pages reserved
[    0.067297]   Normal zone: 4454826 pages, LIFO batch:31
[    0.226333] Booting Linux...
[    0.226419] CPU CAPS: [flush,stbar,swap,muldiv,v9,blkinit,n2,mul32]
[    0.226501] CPU CAPS: [div32,v8plus,popc,vis,vis2,ASIBlkInit,fmaf,vis3]
[    0.227580] CPU CAPS: [hpc,ima,pause,cbcond,aes,des,kasumi,camellia]
[    0.227652] CPU CAPS: [md5,sha1,sha256,sha512,mpmul,montmul,montsqr,crc32c]
[    0.257468] percpu: Embedded 28 pages/cpu s184784 r8192 d36400 u262144
[    0.257682] pcpu-alloc: s184784 r8192 d36400 u262144 alloc=1*4194304
[    0.257689] pcpu-alloc: [0] 000 001 002 003 004 005 006 007 008 009 010 011 012 013 014 015 
[    0.257716] pcpu-alloc: [0] 016 017 018 019 020 021 022 023 024 025 026 027 028 029 030 031 
[    0.257743] pcpu-alloc: [0] 032 033 034 035 036 037 038 039 040 041 042 043 044 045 046 047 
[    0.257770] pcpu-alloc: [0] 048 049 050 051 052 053 054 055 056 057 058 059 060 061 062 063 
[    0.257797] pcpu-alloc: [0] 064 065 066 067 068 069 070 071 072 073 074 075 076 077 078 079 
[    0.257824] pcpu-alloc: [0] 080 081 082 083 084 085 086 087 088 089 090 091 092 093 094 095 
[    0.257850] pcpu-alloc: [0] 096 097 098 099 100 101 102 103 104 105 106 107 108 109 110 111 
[    0.257877] pcpu-alloc: [0] 112 113 114 115 116 117 118 119 120 121 122 123 124 125 126 127 
[    0.258319] SUN4V: Mondo queue sizes [cpu(131072) dev(16384) r(8192) nr(256)]
[    0.258699] Built 1 zonelists, mobility grouping on.  Total pages: 4415672
[    0.258768] Policy zone: Normal
[    0.258824] Kernel command line: BOOT_IMAGE=/vmlinux-5.9.0-00570-ge6412f9833db root=/dev/vdiska2 ro zswap.enabled=1
[    0.261588] printk: log_buf_len individual max cpu contribution: 4096 bytes
[    0.261659] printk: log_buf_len total cpu_extra contributions: 520192 bytes
[    0.261728] printk: log_buf_len min size: 131072 bytes
[    0.261997] printk: log_buf_len: 1048576 bytes
[    0.262048] printk: early log buf free: 126696(96%)
[    0.268361] Dentry cache hash table entries: 8388608 (order: 13, 67108864 bytes, linear)
[    0.271596] Inode-cache hash table entries: 4194304 (order: 12, 33554432 bytes, linear)
[    0.271672] Sorting __ex_table...
[    0.271915] mem auto-init: stack:off, heap alloc:off, heap free:off
[    0.379274] Memory: 35127704K/35638608K available (8334K kernel code, 1094K rwdata, 2480K rodata, 680K init, 6920K bss, 510904K reserved, 0K cma-reserved)
[    0.379959] SLUB: HWalign=32, Order=0-3, MinObjects=0, CPUs=128, Nodes=32
[    0.380242] ftrace: allocating 23133 entries in 46 pages
[    0.389413] ftrace: allocated 46 pages with 4 groups
[    0.392309] Running RCU self tests
[    0.392697] rcu: Hierarchical RCU implementation.
[    0.392750] rcu: 	RCU event tracing is enabled.
[    0.392800] rcu: 	RCU lockdep checking is enabled.
[    0.392849] 	Trampoline variant of Tasks RCU enabled.
[    0.392899] 	Rude variant of Tasks RCU enabled.
[    0.392947] 	Tracing variant of Tasks RCU enabled.
[    0.392996] rcu: RCU calculated value of scheduler-enlistment delay is 10 jiffies.
[    0.397441] NR_IRQS: 2048, nr_irqs: 2048, preallocated irqs: 1
[    0.397524] SUN4V: Using IRQ API major 3, cookie only virqs enabled
[    0.399996] clocksource: stick: mask: 0xffffffffffffffff max_cycles: 0x1cd42e4dffb, max_idle_ns: 881590591483 ns
[    0.400126] clocksource: mult[800000] shift[23]
[    0.400174] clockevent: mult[80000000] shift[31]
[    0.400572] Console: colour dummy device 80x25
[    0.400633] printk: console [tty0] enabled
[    0.400711] printk: bootconsole [earlyprom0] disabled
[    0.400802] Lock dependency validator: Copyright (c) 2006 Red Hat, Inc., Ingo Molnar
[    0.400856] ... MAX_LOCKDEP_SUBCLASSES:  8
[    0.400889] ... MAX_LOCK_DEPTH:          48
[    0.400922] ... MAX_LOCKDEP_KEYS:        8192
[    0.400956] ... CLASSHASH_SIZE:          4096
[    0.400990] ... MAX_LOCKDEP_ENTRIES:     16384
[    0.401025] ... MAX_LOCKDEP_CHAINS:      32768
[    0.401059] ... CHAINHASH_SIZE:          16384
[    0.401094]  memory used by lock dependency info: 3983 kB
[    0.401134]  memory used for stack traces: 2112 kB
[    0.401170]  per task-struct memory footprint: 1920 bytes
[    0.550507] Calibrating delay using timer specific routine.. 2005.81 BogoMIPS (lpj=10029099)
[    0.550583] pid_max: default: 131072 minimum: 1024
[    0.550873] LSM: Security Framework initializing
[    0.551045] AppArmor: AppArmor initialized
[    0.551327] Mount-cache hash table entries: 131072 (order: 7, 1048576 bytes, linear)
[    0.551498] Mountpoint-cache hash table entries: 131072 (order: 7, 1048576 bytes, linear)
[    0.557214] rcu: Hierarchical SRCU implementation.
[    0.568135] smp: Bringing up secondary CPUs ...
[    0.569385] ------------[ cut here ]------------
[    0.569404] WARNING: CPU: 0 PID: 1 at kernel/locking/lockdep.c:5286 check_flags+0x9c/0x2c0
[    0.569413] DEBUG_LOCKS_WARN_ON(lockdep_hardirqs_enabled())
[    0.569414] Modules linked in:
[    0.569428] CPU: 0 PID: 1 Comm: swapper/0 Not tainted 5.9.0-00570-ge6412f9833db #104
[    0.569437] Call Trace:
[    0.569446] [<0000000000472808>] __warn+0xa8/0x120
[    0.569455] [<0000000000472c70>] warn_slowpath_fmt+0x64/0x74
[    0.569463] [<00000000004e8ebc>] check_flags+0x9c/0x2c0
[    0.569473] [<0000000000c1b168>] lock_is_held_type+0x128/0x180
[    0.569483] [<000000000050a674>] rcu_read_lock_sched_held+0x54/0xa0
[    0.569491] [<00000000004ee160>] lock_acquire+0x120/0x4c0
[    0.569501] [<0000000000c24af0>] _raw_spin_lock+0x30/0x60
[    0.569512] [<00000000009bcabc>] p1275_cmd_direct+0x1c/0x60
[    0.569519] [<00000000009bc990>] prom_startcpu_cpuid+0x30/0x40
[    0.569528] [<00000000004427e4>] __cpu_up+0x184/0x3a0
[    0.569535] [<0000000000474660>] bringup_cpu+0x20/0x120
[    0.569543] [<00000000004737ec>] cpuhp_invoke_callback+0xec/0x340
[    0.569551] [<00000000004754f4>] cpu_up+0x154/0x220
[    0.569558] [<0000000000475d80>] bringup_nonboot_cpus+0x60/0xa0
[    0.569573] [<0000000000fbc334>] smp_init+0x28/0xa0
[    0.569584] [<0000000000fad3b4>] kernel_init_freeable+0x18c/0x300
[    0.569591] irq event stamp: 5135
[    0.569599] hardirqs last  enabled at (5135): [<0000000000c24f08>] _raw_spin_unlock_irqrestore+0x28/0x60
[    0.569609] hardirqs last disabled at (5134): [<0000000000c24cc0>] _raw_spin_lock_irqsave+0x20/0x80
[    0.569619] softirqs last  enabled at (1510): [<0000000000c27b20>] __do_softirq+0x4e0/0x560
[    0.569631] softirqs last disabled at (1503): [<000000000042d394>] do_softirq_own_stack+0x34/0x60
[    0.569642] random: get_random_bytes called from __warn+0xc8/0x120 with crng_init=0
[    0.569648] ---[ end trace 0b4ec2d6a3987f08 ]---
[    0.569659] possible reason: unannotated irqs-off.
[    0.569665] irq event stamp: 5135
[    0.569672] hardirqs last  enabled at (5135): [<0000000000c24f08>] _raw_spin_unlock_irqrestore+0x28/0x60
[    0.569682] hardirqs last disabled at (5134): [<0000000000c24cc0>] _raw_spin_lock_irqsave+0x20/0x80
[    0.569692] softirqs last  enabled at (1510): [<0000000000c27b20>] __do_softirq+0x4e0/0x560
[    0.569701] softirqs last disabled at (1503): [<000000000042d394>] do_softirq_own_stack+0x34/0x60
[    0.585780] smp: Brought up 1 node, 32 CPUs
[    0.588220] devtmpfs: initialized
[    0.589645] Performance events: 
[    0.589681] Testing NMI watchdog ... 
[    0.789735] OK.
[    0.789775] Supported PMU type is 'niagara5'
[    0.790183] ldc.c:v1.1 (July 22, 2008)
[    0.791275] clocksource: jiffies: mask: 0xffffffff max_cycles: 0xffffffff, max_idle_ns: 19112604462750000 ns
[    0.791308] futex hash table entries: 32768 (order: 9, 4194304 bytes, linear)
[    0.793704] NET: Registered protocol family 16
[    0.797349] VIO: Adding device channel-devices (tx_ino = ffffffffffffffff, rx_ino = ffffffffffffffff)
[    0.797415] VIO: Adding device vnet-port-0-0 (tx_ino = 0, rx_ino = 1)
[    0.797468] VIO: Adding device vnet-port-0-1 (tx_ino = 2, rx_ino = 3)
[    0.797520] VIO: Adding device vnet-port-0-2 (tx_ino = 4, rx_ino = 5)
[    0.797575] VIO: Adding device vnet-port-0-3 (tx_ino = 6, rx_ino = 7)
[    0.797632] VIO: Adding device vnet-port-0-4 (tx_ino = 8, rx_ino = 9)
[    0.797684] VIO: Adding device vnet-port-0-5 (tx_ino = a, rx_ino = b)
[    0.797739] VIO: Adding device vdc-port-2-0 (tx_ino = c, rx_ino = d)
[    0.797790] VIO: Adding device vdc-port-1-0 (tx_ino = e, rx_ino = f)
[    0.797841] VIO: Adding device vdc-port-0-0 (tx_ino = 10, rx_ino = 11)
[    0.797896] VIO: Adding device vdc-port-3-0 (tx_ino = 12, rx_ino = 13)
[    0.797947] VIO: Adding device vlds-port-0-0 (tx_ino = 14, rx_ino = 15)
[    0.798000] VIO: Adding device domain-services-port-0 (tx_ino = 14, rx_ino = 15)
[    0.798094] audit: initializing netlink subsys (disabled)
[    0.798238] audit: type=2000 audit(0.390:1): state=initialized audit_enabled=0 res=1
[    0.809208] HugeTLB registered 64.0 KiB page size, pre-allocated 0 pages
[    0.809219] HugeTLB registered 8.00 MiB page size, pre-allocated 0 pages
[    0.809227] HugeTLB registered 256 MiB page size, pre-allocated 0 pages
[    0.809236] HugeTLB registered 2.00 GiB page size, pre-allocated 0 pages
[    0.810137] alg: extra crypto tests enabled.  This is intended for developer use only.
[    0.830322] cryptd: max_cpu_qlen set to 1000
[    0.893049] vgaarb: loaded
[    0.893541] NetLabel: Initializing
[    0.893549] NetLabel:  domain hash size = 128
[    0.893556] NetLabel:  protocols = UNLABELED CIPSOv4 CALIPSO
[    0.893598] NetLabel:  unlabeled traffic allowed by default
[    0.894083] SUN4V: Reboot data supported (maj=1,min=0).
[    0.894229] ds.c:v1.0 (Jul 11, 2007)
[    0.894395] ds-0: ds_conn_reset() from send_events
[    0.894565] clocksource: Switched to clocksource stick
[    0.977225] VFS: Disk quotas dquot_6.6.0
[    0.977312] VFS: Dquot-cache hash table entries: 1024 (order 0, 8192 bytes)
[    0.978068] AppArmor: AppArmor Filesystem Enabled
[    0.982782] NET: Registered protocol family 2
[    0.983494] tcp_listen_portaddr_hash hash table entries: 32768 (order: 8, 2621440 bytes, linear)
[    0.984782] TCP established hash table entries: 524288 (order: 9, 4194304 bytes, linear)
[    0.986940] TCP bind hash table entries: 65536 (order: 9, 4718592 bytes, linear)
[    0.989116] TCP: Hash tables configured (established 524288 bind 65536)
[    0.990103] UDP hash table entries: 32768 (order: 9, 5242880 bytes, linear)
[    0.992783] UDP-Lite hash table entries: 32768 (order: 9, 5242880 bytes, linear)
[    0.996588] NET: Registered protocol family 1
[    0.996611] NET: Registered protocol family 44
[    0.996638] PCI: CLS 0 bytes, default 64
[    0.996799] Trying to unpack rootfs image as initramfs...
[    1.133319] Freeing initrd memory: 14608K
[    1.133656] aes_sparc64: Using sparc64 aes opcodes optimized AES implementation
[    1.351200] des_sparc64: Using sparc64 des opcodes optimized DES implementation
[    1.781235] camellia_sparc64: Using sparc64 camellia opcodes optimized CAMELLIA implementation
[    1.929930] workingset: timestamp_bits=41 max_order=23 bucket_order=0
[    1.935289] zbud: loaded
[    1.937544] SGI XFS with ACLs, security attributes, quota, fatal assert, debug enabled
[    1.962462] Block layer SCSI generic (bsg) driver version 0.4 loaded (major 252)
[    1.962927] io scheduler mq-deadline registered
[    1.964484] f029b788: ttyHV0 at I/O 0x0 (irq = 1, base_baud = 115200) is a SUN4V HCONS
[    1.964902] printk: console [ttyHV0] enabled
[    1.966669] sunvdc.c:v1.2 (November 24, 2014)
[    1.969901] sunvdc: Virtual Hard disk vdiskc
[    1.969912] sunvdc: vdiskc: 104857600 sectors (51200 MB) protocol 1.2
[    1.980290] sunvdc: Virtual Hard disk vdiskb
[    1.980312] sunvdc: vdiskb: 62914560 sectors (30720 MB) protocol 1.2
[    1.981321]  vdiskb: vdiskb1
[    1.991026] sunvdc: Virtual Hard disk vdiska
[    1.991045] sunvdc: vdiska: 31457280 sectors (15360 MB) protocol 1.2
[    1.991829]  vdiska: vdiska1 vdiska2 vdiska3 vdiska4
[    2.001993] sunvdc: Virtual CDROM vdiskd
[    2.002016] sunvdc: vdiskd: 453848 sectors (221 MB) protocol 1.2
[    2.002743]  vdiskd: vdiskd1 vdiskd2 vdiskd3 vdiskd4 vdiskd5 vdiskd6 vdiskd7
[    2.010224] sunvnet: sunvnet 2.0 (February 3, 2017)
[    2.011258] vnet_port vnet-port-0-0 eth0: Sun LDOM vnet 00:14:4f:f8:12:a3
[    2.011349] sunvnet: eth0: PORT ( remote-mac 00:14:4f:fa:f3:f0 switch-port )
[    2.011771] sunvnet: eth0: PORT ( remote-mac 00:14:4f:f8:e5:f3 )
[    2.012174] sunvnet: eth0: PORT ( remote-mac 00:14:4f:f9:b4:97 )
[    2.012574] sunvnet: eth0: PORT ( remote-mac 00:14:4f:f8:3f:1e )
[    2.012964] sunvnet: eth0: PORT ( remote-mac 00:14:4f:f8:fe:47 )
[    2.013357] sunvnet: eth0: PORT ( remote-mac 00:14:4f:fb:b5:00 )
[    2.014107] rtc-sun4v rtc-sun4v: registered as rtc0
[    2.014168] rtc-sun4v rtc-sun4v: setting system clock to 2020-10-21T10:49:01 UTC (1603277341)
[    2.014345] sun4v_wdt: initialized (timeout=60s, nowayout=0)
[    2.014564] device-mapper: uevent: version 1.0.3
[    2.015034] device-mapper: ioctl: 4.42.0-ioctl (2020-02-27) initialised: dm-devel@redhat.com
[    2.015593] NET: Registered protocol family 17
[    2.015748] registered taskstats version 1
[    2.016087] zswap: loaded using pool lzo/zbud
[    2.016682] AppArmor: AppArmor sha1 policy hashing enabled
[    2.018724] This architecture does not have kernel memory protection.
[    2.018748] Run /init as init process
[    2.018758]   with arguments:
[    2.018765]     /init
[    2.018772]   with environment:
[    2.018779]     HOME=/
[    2.018785]     TERM=linux
[    2.018792]     BOOT_IMAGE=/vmlinux-5.9.0-00570-ge6412f9833db
[    2.241032] random: lvm: uninitialized urandom read (4 bytes read)
[    2.247423] crc32c_sparc64: Using sparc64 crc32c opcode optimized CRC32C implementation
[    2.274701] random: lvm: uninitialized urandom read (2 bytes read)
[    2.774572] raid6: int64x8  gen()  2145 MB/s
[    2.944544] raid6: int64x8  xor()  1519 MB/s
[    3.114561] raid6: int64x4  gen()  3380 MB/s
[    3.284546] raid6: int64x4  xor()  1458 MB/s
[    3.454554] raid6: int64x2  gen()  2909 MB/s
[    3.624546] raid6: int64x2  xor()  1071 MB/s
[    3.794595] raid6: int64x1  gen()  1403 MB/s
[    3.964561] raid6: int64x1  xor()   711 MB/s
[    3.964581] raid6: using algorithm int64x4 gen() 3380 MB/s
[    3.964590] raid6: .... xor() 1458 MB/s, rmw enabled
[    3.964598] raid6: using intx1 recovery algorithm
[    3.965123] async_tx: api initialized (async)
[    3.965328] xor: automatically using best checksumming function   Niagara   
[    4.029604] random: fast init done
[    4.141420] EXT4-fs (vdiska2): mounted filesystem with ordered data mode. Opts: (null)
[    4.270682] systemd[1]: Inserted module 'autofs4'
[    4.277748] NET: Registered protocol family 10
[    4.281497] Segment Routing with IPv6
[    4.294812] systemd[1]: systemd 246.6-2 running in system mode. (+PAM +AUDIT +SELINUX +IMA +APPARMOR +SMACK +SYSVINIT +UTMP +LIBCRYPTSETUP +GCRYPT +GNUTLS +ACL +XZ +LZ4 +ZSTD -SECCOMP +BLKID +ELFUTILS +KMOD +IDN2 -IDN +PCRE2 default-hierarchy=hybrid)
[    4.295198] systemd[1]: Detected architecture sparc64.
[    4.361156] systemd[1]: Set hostname to <ttip>.
[    4.422145] random: lvmconfig: uninitialized urandom read (4 bytes read)
[    4.638431] systemd[1]: Queued start job for default target Multi-User System.
[    4.639353] random: systemd: uninitialized urandom read (16 bytes read)
[    4.661401] systemd[1]: Created slice system-getty.slice.
[    4.661842] random: systemd: uninitialized urandom read (16 bytes read)
[    4.670711] systemd[1]: Created slice system-modprobe.slice.
[    4.678961] systemd[1]: Created slice system-openvpn\x2dclient.slice.
[    4.694182] systemd[1]: Created slice system-postfix.slice.
[    4.702715] systemd[1]: Created slice system-systemd\x2dfsck.slice.
[    4.711170] systemd[1]: Created slice User and Session Slice.
[    4.711630] systemd[1]: Started Dispatch Password Requests to Console Directory Watch.
[    4.712010] systemd[1]: Started Forward Password Requests to Wall Directory Watch.
[    4.713295] systemd[1]: Set up automount Arbitrary Executable File Formats File System Automount Point.
[    4.713618] systemd[1]: Reached target Local Encrypted Volumes.
[    4.713911] systemd[1]: Reached target Paths.
[    4.714159] systemd[1]: Reached target Slices.
[    4.714657] systemd[1]: Listening on Device-mapper event daemon FIFOs.
[    4.715184] systemd[1]: Listening on LVM2 poll daemon socket.
[    4.738092] systemd[1]: Listening on RPCbind Server Activation Socket.
[    4.738896] systemd[1]: Listening on Syslog Socket.
[    4.739442] systemd[1]: Listening on fsck to fsckd communication Socket.
[    4.739813] systemd[1]: Listening on initctl Compatibility Named Pipe.
[    4.740477] systemd[1]: Listening on Journal Audit Socket.
[    4.740955] systemd[1]: Listening on Journal Socket (/dev/log).
[    4.741534] systemd[1]: Listening on Journal Socket.
[    4.742138] systemd[1]: Listening on udev Control Socket.
[    4.742590] systemd[1]: Listening on udev Kernel Socket.
[    4.756364] systemd[1]: Mounting Huge Pages File System...
[    4.767064] systemd[1]: Mounting POSIX Message Queue File System...
[    4.794140] systemd[1]: Mounting RPC Pipe File System...
[    4.805571] systemd[1]: Mounting Kernel Debug File System...
[    4.816974] systemd[1]: Mounting Kernel Trace File System...
[    4.817497] systemd[1]: Condition check resulted in Kernel Module supporting RPCSEC_GSS being skipped.
[    4.818063] systemd[1]: Finished Availability of block devices.
[    4.829313] systemd[1]: Starting Wait for network to be configured by ifupdown...
[    4.832760] RPC: Registered named UNIX socket transport module.
[    4.832774] RPC: Registered udp transport module.
[    4.832783] RPC: Registered tcp transport module.
[    4.832791] RPC: Registered tcp NFSv4.1 backchannel transport module.
[    4.840469] systemd[1]: Starting Create list of static device nodes for the current kernel...
[    4.850956] systemd[1]: Starting Monitoring of LVM2 mirrors, snapshots etc. using dmeventd or progress polling...
[    4.861541] systemd[1]: Starting Load Kernel Module drm...
[    4.873925] systemd[1]: Starting nftables...
[    4.875411] systemd[1]: Condition check resulted in Set Up Additional Binary Formats being skipped.
[    4.875564] systemd[1]: Condition check resulted in File System Check on Root Device being skipped.
[    4.887674] systemd[1]: Starting Journal Service...
[    4.899402] systemd[1]: Starting Load Kernel Modules...
[    4.911231] systemd[1]: Starting Remount Root and Kernel File Systems...
[    4.925086] systemd[1]: Starting Coldplug All udev Devices...
[    4.929854] ------------[ cut here ]------------
[    4.929888] WARNING: CPU: 10 PID: 498 at net/netfilter/nf_tables_api.c:622 nft_chain_parse_hook+0x7c/0x360 [nf_tables]
[    4.929902] Modules linked in: nf_tables nfnetlink sunrpc ip_tables x_tables ipv6 crc_ccitt autofs4 ext4 crc16 mbcache jbd2 raid10 raid456 async_raid6_recov async_memcpy async_pq async_xor xor async_tx raid6_pq raid1 raid0 multipath linear md_mod crc32c_sparc64
[    4.929960] CPU: 10 PID: 498 Comm: nft Tainted: G        W         5.9.0-00570-ge6412f9833db #104
[    4.929971] Call Trace:
[    4.929982] [<0000000000472808>] __warn+0xa8/0x120
[    4.929992] [<0000000000472c40>] warn_slowpath_fmt+0x34/0x74
[    4.930005] [<00000000100c19fc>] nft_chain_parse_hook+0x7c/0x360 [nf_tables]
[    4.930019] [<00000000100c4ca8>] nf_tables_addchain.constprop.0+0x48/0x5a0 [nf_tables]
[    4.930034] [<00000000100c5908>] nf_tables_newchain+0x708/0x820 [nf_tables]
[    4.930045] [<00000000100ae9c4>] nfnetlink_rcv_batch+0x4a4/0x780 [nfnetlink]
[    4.930055] [<00000000100aedb0>] nfnetlink_rcv+0x110/0x140 [nfnetlink]
[    4.930067] [<0000000000b2b970>] netlink_unicast+0x150/0x2a0
[    4.930076] [<0000000000b2c8dc>] netlink_sendmsg+0x3dc/0x460
[    4.930087] [<0000000000a97bf4>] sock_sendmsg+0x34/0x80
[    4.930095] [<0000000000a992cc>] ____sys_sendmsg+0x1ac/0x220
[    4.930104] [<0000000000a9b368>] ___sys_sendmsg+0x48/0x80
[    4.930113] [<0000000000a9b448>] __sys_sendmsg+0x48/0x80
[    4.930121] [<0000000000a9b498>] sys_sendmsg+0x18/0x40
[    4.930132] [<00000000004062b4>] linux_sparc_syscall+0x34/0x44
[    4.930140] irq event stamp: 0
[    4.930149] hardirqs last  enabled at (0): [<0000000000000000>] 0x0
[    4.930159] hardirqs last disabled at (0): [<00000000004703f4>] copy_process+0x734/0x1860
[    4.930171] softirqs last  enabled at (0): [<00000000004703f4>] copy_process+0x734/0x1860
[    4.930182] softirqs last disabled at (0): [<0000000000000000>] 0x0
[    4.930190] ---[ end trace 0b4ec2d6a3987f0a ]---
[    4.931739] systemd[1]: Mounted Huge Pages File System.
[    4.932571] systemd[1]: Mounted POSIX Message Queue File System.
[    4.933232] systemd[1]: Mounted RPC Pipe File System.
[    4.933902] systemd[1]: Mounted Kernel Debug File System.
[    4.934610] systemd[1]: Mounted Kernel Trace File System.
[    4.936970] systemd[1]: Finished Wait for network to be configured by ifupdown.
[    4.939439] systemd[1]: Finished Create list of static device nodes for the current kernel.
[    4.940666] systemd[1]: modprobe@drm.service: Succeeded.
[    4.942275] systemd[1]: Finished Load Kernel Module drm.
[    4.945159] systemd[1]: Finished Load Kernel Modules.
[    4.946565] systemd[1]: Condition check resulted in FUSE Control File System being skipped.
[    4.946843] systemd[1]: Condition check resulted in Kernel Configuration File System being skipped.
[    4.950927] EXT4-fs (vdiska2): re-mounted. Opts: errors=remount-ro
[    4.977945] systemd[1]: Starting Apply Kernel Variables...
[    4.981480] systemd[1]: Started Journal Service.
[    5.289953] n2rng v0.3 (Jan 7, 2017)
[    5.290003] n2rng f029b104: Registered RNG HVAPI major 2 minor 0
[    5.290027] n2rng f029b104: Found multi-unit-capable RNG, units: 2
[    5.290367] n2rng f029b104: RNG ready
[    5.291961] sha1_sparc64: Using sparc64 sha1 opcode optimized SHA-1 implementation
[    5.313144] pktcdvd: setup of pktcdvd device failed
[    5.343406] pktcdvd: setup of pktcdvd device failed
[    5.346057] pktcdvd: setup of pktcdvd device failed
[    5.358001] pktcdvd: setup of pktcdvd device failed
[    5.363331] pktcdvd: setup of pktcdvd device failed
[    5.366131] pktcdvd: setup of pktcdvd device failed
[    5.368991] pktcdvd: setup of pktcdvd device failed
[    5.371728] pktcdvd: setup of pktcdvd device failed
[    5.473356] sha256_sparc64: Using sparc64 sha256 opcode optimized SHA-256/SHA-224 implementation
[    5.504208] XFS (dm-0): Mounting V5 Filesystem
[    5.525675] Adding 787176k swap on /dev/vdiska4.  Priority:-2 extents:1 across:787176k FS
[    5.572589] EXT4-fs (vdiska1): mounting ext3 file system using the ext4 subsystem
[    5.582221] EXT4-fs (vdiska1): mounted filesystem with ordered data mode. Opts: (null)
[    5.582338] ext3 filesystem being mounted at /boot supports timestamps until 2038 (0x7fffffff)
[    5.592070] sha512_sparc64: Using sparc64 sha512 opcode optimized SHA-512/SHA-384 implementation
[    5.595980] md5_sparc64: Using sparc64 md5 opcode optimized MD5 implementation
[    5.635733] XFS (dm-0): Ending clean mount
[    5.637556] xfs filesystem being mounted at /1 supports timestamps until 2038 (0x7fffffff)
[    5.715015] Kernel unaligned access at TPC[8d743c] aa_dfa_unpack+0x3c/0x640
[    5.715049] Kernel unaligned access at TPC[8d7450] aa_dfa_unpack+0x50/0x640
[    5.715067] Kernel unaligned access at TPC[8d7514] aa_dfa_unpack+0x114/0x640
[    5.715086] Kernel unaligned access at TPC[8d75e4] aa_dfa_unpack+0x1e4/0x640
[    5.715101] Kernel unaligned access at TPC[8d75f8] aa_dfa_unpack+0x1f8/0x640
[    5.716967] audit: type=1400 audit(1603277345.200:2): apparmor="STATUS" operation="profile_load" profile="unconfined" name="/usr/sbin/haveged" pid=657 comm="apparmor_parser"
[    5.717952] audit: type=1400 audit(1603277345.200:3): apparmor="STATUS" operation="profile_load" profile="unconfined" name="lsb_release" pid=664 comm="apparmor_parser"
[    5.722537] audit: type=1400 audit(1603277345.200:4): apparmor="STATUS" operation="profile_load" profile="unconfined" name="named" pid=662 comm="apparmor_parser"
[    5.722805] audit: type=1400 audit(1603277345.200:5): apparmor="STATUS" operation="profile_load" profile="unconfined" name="nvidia_modprobe" pid=659 comm="apparmor_parser"
[    5.722843] audit: type=1400 audit(1603277345.200:6): apparmor="STATUS" operation="profile_load" profile="unconfined" name="nvidia_modprobe//kmod" pid=659 comm="apparmor_parser"
[    5.727790] audit: type=1400 audit(1603277345.210:7): apparmor="STATUS" operation="profile_load" profile="unconfined" name="tcpdump" pid=661 comm="apparmor_parser"
[    5.733887] audit: type=1400 audit(1603277345.210:8): apparmor="STATUS" operation="profile_load" profile="unconfined" name="/usr/bin/man" pid=660 comm="apparmor_parser"
[    5.733930] audit: type=1400 audit(1603277345.210:9): apparmor="STATUS" operation="profile_load" profile="unconfined" name="man_filter" pid=660 comm="apparmor_parser"
[    5.733962] audit: type=1400 audit(1603277345.210:10): apparmor="STATUS" operation="profile_load" profile="unconfined" name="man_groff" pid=660 comm="apparmor_parser"
[    6.156324] random: crng init done
[    6.156352] random: 5 urandom warning(s) missed due to ratelimiting
