[    0.000020] PROMLIB: Sun IEEE Boot Prom 'OBP 4.38.12 2018/03/28 14:54'
[    0.000031] PROMLIB: Root node compatible: sun4v
[    0.000076] Linux version 5.3.0-rc2-00324-g4b6f23161b4e (mator@ttip) (gcc version 8.3.0 (Debian 8.3.0-19)) #1121 SMP Sun Aug 4 22:10:30 MSK 2019
[    0.000387] printk: bootconsole [earlyprom0] enabled
[    0.000440] ARCH: SUN4V
[    0.000489] Ethernet address: 00:14:4f:fa:06:f2
[    0.000542] MM: PAGE_OFFSET is 0xfff8000000000000 (max_phys_bits == 47)
[    0.000607] MM: VMALLOC [0x0000000100000000 --> 0x0006000000000000]
[    0.000669] MM: VMEMMAP [0x0006000000000000 --> 0x000c000000000000]
[    0.011865] Kernel: Using 5 locked TLB entries for main kernel image.
[    0.011939] Remapping the kernel... 
[    0.011963] done.
[    0.047290] OF stdout device is: /virtual-devices@100/console@1
[    0.047368] PROM: Built device tree with 87467 bytes of memory.
[    0.047434] MDESC: Size is 36960 bytes.
[    0.047562] PLATFORM: banner-name [SPARC T5-2]
[    0.047611] PLATFORM: name [ORCL,SPARC-T5-2]
[    0.047658] PLATFORM: hostid [84fa06f2]
[    0.047699] PLATFORM: serial# [0035260e]
[    0.047742] PLATFORM: stick-frequency [3b9aca00]
[    0.047790] PLATFORM: mac-address [144ffa06f2]
[    0.047836] PLATFORM: watchdog-resolution [1000 ms]
[    0.047886] PLATFORM: watchdog-max-timeout [31536000000 ms]
[    0.047941] PLATFORM: max-cpus [1024]
[    0.048022] Top of RAM: 0x24af938000, Total RAM: 0x87f354000
[    0.048084] Memory hole size: 115461MB
[    0.100876] kmemleak: Kernel memory leak detector disabled
[    0.281362] Allocated 35708928 bytes for kernel page tables.
[    0.281466] Zone ranges:
[    0.281506]   Normal   [mem 0x0000000030400000-0x00000024af937fff]
[    0.281573] Movable zone start for each node
[    0.281617] Early memory node ranges
[    0.281659]   node   0: [mem 0x0000000030400000-0x000000006fe7ffff]
[    0.281724]   node   0: [mem 0x000000006ff00000-0x000000006ff25fff]
[    0.281786]   node   0: [mem 0x0000000070000000-0x000000042fffffff]
[    0.281850]   node   0: [mem 0x0000002030000000-0x00000024af87ffff]
[    0.281913]   node   0: [mem 0x00000024af900000-0x00000024af925fff]
[    0.281975]   node   0: [mem 0x00000024af930000-0x00000024af937fff]
[    0.289312] Zeroed struct page in unavailable ranges: 230130 pages
[    0.289319] Initmem setup node 0 [mem 0x0000000030400000-0x00000024af937fff]
[    0.289478] On node 0 totalpages: 4454826
[    0.289487]   Normal zone: 39154 pages used for memmap
[    0.289492]   Normal zone: 0 pages reserved
[    0.289498]   Normal zone: 4454826 pages, LIFO batch:31
[    0.486673] Booting Linux...
[    0.486759] CPU CAPS: [flush,stbar,swap,muldiv,v9,blkinit,n2,mul32]
[    0.486844] CPU CAPS: [div32,v8plus,popc,vis,vis2,ASIBlkInit,fmaf,vis3]
[    0.487925] CPU CAPS: [hpc,ima,pause,cbcond,aes,des,kasumi,camellia]
[    0.487998] CPU CAPS: [md5,sha1,sha256,sha512,mpmul,montmul,montsqr,crc32c]
[    0.554494] percpu: Embedded 27 pages/cpu s180936 r8192 d32056 u262144
[    0.554788] pcpu-alloc: s180936 r8192 d32056 u262144 alloc=1*4194304
[    0.554796] pcpu-alloc: [0] 000 001 002 003 004 005 006 007 008 009 010 011 012 013 014 015 
[    0.554823] pcpu-alloc: [0] 016 017 018 019 020 021 022 023 024 025 026 027 028 029 030 031 
[    0.554849] pcpu-alloc: [0] 032 033 034 035 036 037 038 039 040 041 042 043 044 045 046 047 
[    0.554876] pcpu-alloc: [0] 048 049 050 051 052 053 054 055 056 057 058 059 060 061 062 063 
[    0.554902] pcpu-alloc: [0] 064 065 066 067 068 069 070 071 072 073 074 075 076 077 078 079 
[    0.554928] pcpu-alloc: [0] 080 081 082 083 084 085 086 087 088 089 090 091 092 093 094 095 
[    0.554954] pcpu-alloc: [0] 096 097 098 099 100 101 102 103 104 105 106 107 108 109 110 111 
[    0.554981] pcpu-alloc: [0] 112 113 114 115 116 117 118 119 120 121 122 123 124 125 126 127 
[    0.555007] pcpu-alloc: [0] 128 129 130 131 132 133 134 135 136 137 138 139 140 141 142 143 
[    0.555034] pcpu-alloc: [0] 144 145 146 147 148 149 150 151 152 153 154 155 156 157 158 159 
[    0.555061] pcpu-alloc: [0] 160 161 162 163 164 165 166 167 168 169 170 171 172 173 174 175 
[    0.555087] pcpu-alloc: [0] 176 177 178 179 180 181 182 183 184 185 186 187 188 189 190 191 
[    0.555113] pcpu-alloc: [0] 192 193 194 195 196 197 198 199 200 201 202 203 204 205 206 207 
[    0.555140] pcpu-alloc: [0] 208 209 210 211 212 213 214 215 216 217 218 219 220 221 222 223 
[    0.555166] pcpu-alloc: [0] 224 225 226 227 228 229 230 231 232 233 234 235 236 237 238 239 
[    0.555193] pcpu-alloc: [0] 240 241 242 243 244 245 246 247 248 249 250 251 252 253 254 255 
[    0.555735] SUN4V: Mondo queue sizes [cpu(131072) dev(16384) r(8192) nr(256)]
[    0.556257] Built 1 zonelists, mobility grouping on.  Total pages: 4415672
[    0.556351] Kernel command line: BOOT_IMAGE=/vmlinux-5.3.0-rc2-00324-g4b6f23161b4e root=/dev/vdiska2 ro zswap.enabled=1
[    0.558707] printk: log_buf_len individual max cpu contribution: 4096 bytes
[    0.558778] printk: log_buf_len total cpu_extra contributions: 1044480 bytes
[    0.558846] printk: log_buf_len min size: 131072 bytes
[    0.559320] printk: log_buf_len: 2097152 bytes
[    0.559371] printk: early log buf free: 125816(95%)
[    0.569012] Dentry cache hash table entries: 8388608 (order: 13, 67108864 bytes, linear)
[    0.573931] Inode-cache hash table entries: 4194304 (order: 12, 33554432 bytes, linear)
[    0.574015] Sorting __ex_table...
[    0.574249] mem auto-init: stack:off, heap alloc:off, heap free:off
[    0.652651] Memory: 35067328K/35638608K available (6881K kernel code, 965K rwdata, 2056K rodata, 1000K init, 6717K bss, 571280K reserved, 0K cma-reserved)
[    0.669698] ftrace: allocating 19837 entries in 39 pages
[    0.688395] Running RCU self tests
[    0.688466] rcu: Hierarchical RCU implementation.
[    0.688521] rcu: 	RCU event tracing is enabled.
[    0.688573] rcu: 	RCU lockdep checking is enabled.
[    0.688624] 	Tasks RCU enabled.
[    0.688662] rcu: RCU calculated value of scheduler-enlistment delay is 11 jiffies.
[    0.696896] NR_IRQS: 2048, nr_irqs: 2048, preallocated irqs: 1
[    0.697282] SUN4V: Using IRQ API major 3, cookie only virqs enabled
[    0.703713] clocksource: stick: mask: 0xffffffffffffffff max_cycles: 0x1cd42e4dffb, max_idle_ns: 881590591483 ns
[    0.703845] clocksource: mult[800000] shift[23]
[    0.703894] clockevent: mult[80000000] shift[31]
[    0.726527] Console: colour dummy device 80x25
[    0.726620] printk: console [tty0] enabled
[    0.726702] printk: bootconsole [earlyprom0] disabled
[    0.726790] Lock dependency validator: Copyright (c) 2006 Red Hat, Inc., Ingo Molnar
[    0.726839] ... MAX_LOCKDEP_SUBCLASSES:  8
[    0.726870] ... MAX_LOCK_DEPTH:          48
[    0.726900] ... MAX_LOCKDEP_KEYS:        8192
[    0.726932] ... CLASSHASH_SIZE:          4096
[    0.726963] ... MAX_LOCKDEP_ENTRIES:     16384
[    0.726995] ... MAX_LOCKDEP_CHAINS:      32768
[    0.727027] ... CHAINHASH_SIZE:          16384
[    0.727059]  memory used by lock dependency info: 3855 kB
[    0.727096]  per task-struct memory footprint: 1920 bytes
[    0.727820] kmemleak: Early log buffer exceeded (9381), please increase DEBUG_KMEMLEAK_EARLY_LOG_SIZE
[    0.874497] Calibrating delay using timer specific routine.. 2013.18 BogoMIPS (lpj=10065908)
[    0.874568] pid_max: default: 262144 minimum: 2048
[    0.881902] Mount-cache hash table entries: 131072 (order: 7, 1048576 bytes, linear)
[    0.882143] Mountpoint-cache hash table entries: 131072 (order: 7, 1048576 bytes, linear)
[    0.888176] *** VALIDATE proc ***
[    0.890848] *** VALIDATE cgroup1 ***
[    0.890881] *** VALIDATE cgroup2 ***
[    0.895426] rcu: Hierarchical SRCU implementation.
[    0.919368] smp: Bringing up secondary CPUs ...
[    1.015840] smp: Brought up 1 node, 32 CPUs
[    1.025406] devtmpfs: initialized
[    1.031812] Performance events: 
[    1.031886] Testing NMI watchdog ... 
[    1.232241] OK.
[    1.232412] Supported PMU type is 'niagara5'
[    1.233200] random: get_random_u32 called from bucket_table_alloc.isra.4+0x184/0x1c0 with crng_init=0
[    1.234274] ldc.c:v1.1 (July 22, 2008)
[    1.238148] clocksource: jiffies: mask: 0xffffffff max_cycles: 0xffffffff, max_idle_ns: 19112604462750000 ns
[    1.238253] futex hash table entries: 65536 (order: 10, 8388608 bytes, linear)
[    1.253011] NET: Registered protocol family 16
[    1.263179] VIO: Adding device channel-devices (tx_ino = ffffffffffffffff, rx_ino = ffffffffffffffff)
[    1.263418] VIO: Adding device vnet-port-0-0 (tx_ino = 0, rx_ino = 1)
[    1.263652] VIO: Adding device vnet-port-0-1 (tx_ino = 2, rx_ino = 3)
[    1.263839] VIO: Adding device vnet-port-0-2 (tx_ino = 4, rx_ino = 5)
[    1.264026] VIO: Adding device vnet-port-0-4 (tx_ino = 8, rx_ino = 9)
[    1.264212] VIO: Adding device vnet-port-0-5 (tx_ino = a, rx_ino = b)
[    1.264414] VIO: Adding device vnet-port-0-6 (tx_ino = c, rx_ino = d)
[    1.264600] VIO: Adding device vdc-port-3-0 (tx_ino = e, rx_ino = f)
[    1.264785] VIO: Adding device vdc-port-2-0 (tx_ino = 10, rx_ino = 11)
[    1.264977] VIO: Adding device vdc-port-1-0 (tx_ino = 12, rx_ino = 13)
[    1.265171] VIO: Adding device vdc-port-0-0 (tx_ino = 14, rx_ino = 15)
[    1.265369] VIO: Adding device vdc-port-4-0 (tx_ino = 16, rx_ino = 17)
[    1.265556] VIO: Adding device vlds-port-0-0 (tx_ino = 18, rx_ino = 19)
[    1.265750] VIO: Adding device domain-services-port-0 (tx_ino = 18, rx_ino = 19)
[    1.266454] audit: initializing netlink subsys (disabled)
[    1.266888] audit: type=2000 audit(0.560:1): state=initialized audit_enabled=0 res=1
[    1.316862] HugeTLB registered 64.0 KiB page size, pre-allocated 0 pages
[    1.316919] HugeTLB registered 8.00 MiB page size, pre-allocated 0 pages
[    1.316966] HugeTLB registered 256 MiB page size, pre-allocated 0 pages
[    1.317011] HugeTLB registered 2.00 GiB page size, pre-allocated 0 pages
[    1.366615] alg: No test for lzo-rle (lzo-rle-generic)
[    1.367192] alg: No test for lzo-rle (lzo-rle-scomp)
[    1.388645] SUN4V: Reboot data supported (maj=1,min=0).
[    1.389642] ds.c:v1.0 (Jul 11, 2007)
[    1.390249] ds-0: ds_conn_reset() from send_events.isra.3
[    1.391873] clocksource: Switched to clocksource stick
[    1.682833] VFS: Disk quotas dquot_6.6.0
[    1.684389] VFS: Dquot-cache hash table entries: 1024 (order 0, 8192 bytes)
[    1.685062] *** VALIDATE hugetlbfs ***
[    1.706106] NET: Registered protocol family 2
[    1.709428] tcp_listen_portaddr_hash hash table entries: 32768 (order: 8, 2359296 bytes, linear)
[    1.713014] TCP established hash table entries: 524288 (order: 9, 4194304 bytes, linear)
[    1.715289] TCP bind hash table entries: 65536 (order: 9, 4194304 bytes, linear)
[    1.721199] TCP: Hash tables configured (established 524288 bind 65536)
[    1.728182] UDP hash table entries: 32768 (order: 9, 5242880 bytes, linear)
[    1.735782] UDP-Lite hash table entries: 32768 (order: 9, 5242880 bytes, linear)
[    1.750100] NET: Registered protocol family 1
[    1.751089] Trying to unpack rootfs image as initramfs...
[    2.069482] Freeing initrd memory: 10424K
[    2.105486] workingset: timestamp_bits=46 max_order=23 bucket_order=0
[    2.112797] SGI XFS with ACLs, security attributes, debug enabled
[    2.143971] Block layer SCSI generic (bsg) driver version 0.4 loaded (major 252)
[    2.146031] io scheduler mq-deadline registered
[    2.148139] f029b788: ttyHV0 at I/O 0x0 (irq = 1, base_baud = 115200) is a SUN4V HCONS
[    2.154551] printk: console [ttyHV0] enabled
[    2.160472] sunvdc.c:v1.2 (November 24, 2014)
[    2.167986] sunvdc: Virtual CDROM vdiskd
[    2.168050] sunvdc: vdiskd: 403160 sectors (196 MB) protocol 1.2
[    2.169625]  vdiskd: vdiskd1 vdiskd2 vdiskd3 vdiskd4 vdiskd5 vdiskd6 vdiskd7
[    2.227511] sunvdc: Virtual Hard disk vdiskc
[    2.227565] sunvdc: vdiskc: 104857600 sectors (51200 MB) protocol 1.2
[    2.282030] sunvdc: Virtual Hard disk vdiskb
[    2.282085] sunvdc: vdiskb: 62914560 sectors (30720 MB) protocol 1.2
[    2.283965]  vdiskb: vdiskb1
[    2.338255] sunvdc: Virtual Hard disk vdiska
[    2.338309] sunvdc: vdiska: 31457280 sectors (15360 MB) protocol 1.2
[    2.339262]  vdiska: vdiska1 vdiska2 vdiska3 vdiska4
[    2.395214] sunvdc: Virtual Hard disk vdiske
[    2.395267] sunvdc: vdiske: 20971520 sectors (10240 MB) protocol 1.2
[    2.397062]  vdiske: vdiske1 vdiske2 vdiske3
[    2.444610] sunvnet: sunvnet 2.0 (February 3, 2017)
[    2.448168] vnet_port vnet-port-0-0 eth0: Sun LDOM vnet 00:14:4f:f8:12:a3
[    2.448767] sunvnet: eth0: PORT ( remote-mac 00:14:4f:fa:f3:f0 switch-port )
[    2.450107] sunvnet: eth0: PORT ( remote-mac 00:14:4f:f8:e5:f3 )
[    2.451428] sunvnet: eth0: PORT ( remote-mac 00:14:4f:f9:b4:97 )
[    2.452804] sunvnet: eth0: PORT ( remote-mac 00:14:4f:f8:3f:1e )
[    2.454107] sunvnet: eth0: PORT ( remote-mac 00:14:4f:f8:fe:47 )
[    2.455426] sunvnet: eth0: PORT ( remote-mac 00:14:4f:f9:8b:83 )
[    2.457188] rtc-sun4v rtc-sun4v: registered as rtc0
[    2.457862] sun4v_wdt: initialized (timeout=60s, nowayout=0)
[    2.458271] device-mapper: uevent: version 1.0.3
[    2.459457] device-mapper: ioctl: 4.40.0-ioctl (2019-01-18) initialised: dm-devel@redhat.com
[    2.461447] NET: Registered protocol family 17
[    2.472225] zswap: default zpool zbud not available
[    2.472300] zswap: pool creation failed
[    2.518929] Key type big_key registered
[    2.520072] rtc-sun4v rtc-sun4v: setting system clock to 2019-08-04T19:49:43 UTC (1564948183)
[    2.524631] This architecture does not have kernel memory protection.
[    2.524682] Run /init as init process
[    3.452678] random: fast init done
[    3.474061] crc32c_sparc64: Using sparc64 crc32c opcode optimized CRC32C implementation
[    4.121663] raid6: int64x8  gen()  2164 MB/s
[    4.291646] raid6: int64x8  xor()  1569 MB/s
[    4.461665] raid6: int64x4  gen()  3463 MB/s
[    4.631648] raid6: int64x4  xor()  1984 MB/s
[    4.801665] raid6: int64x2  gen()  3031 MB/s
[    4.971674] raid6: int64x2  xor()  1994 MB/s
[    5.141666] raid6: int64x1  gen()  2795 MB/s
[    5.311668] raid6: int64x1  xor()  1626 MB/s
[    5.311720] raid6: using algorithm int64x4 gen() 3463 MB/s
[    5.311761] raid6: .... xor() 1984 MB/s, rmw enabled
[    5.311798] raid6: using intx1 recovery algorithm
[    5.312821] async_tx: api initialized (async)
[    5.313560] xor: automatically using best checksumming function   Niagara   
[    5.522417] EXT4-fs (vdiska2): mounted filesystem with ordered data mode. Opts: (null)
[    5.763263] systemd[1]: Inserted module 'autofs4'
[    5.777493] NET: Registered protocol family 10
[    5.789959] Segment Routing with IPv6
[    5.819727] systemd[1]: systemd 241 running in system mode. (+PAM +AUDIT +SELINUX +IMA +APPARMOR +SMACK +SYSVINIT +UTMP +LIBCRYPTSETUP +GCRYPT +GNUTLS +ACL +XZ +LZ4 -SECCOMP +BLKID +ELFUTILS +KMOD -IDN2 +IDN +PCRE2 default-hierarchy=hybrid)
[    5.820325] systemd[1]: Detected architecture sparc64.
[    5.843912] systemd[1]: Set hostname to <ttip>.
[    5.849501] systemd[1]: Failed to bump fs.file-max, ignoring: Invalid argument
[    5.970239] random: lvmconfig: uninitialized urandom read (4 bytes read)
[    6.236495] systemd[1]: /lib/systemd/system/smbd.service:9: PIDFile= references path below legacy directory /var/run/, updating /var/run/samba/smbd.pid → /run/samba/smbd.pid; please update the unit file accordingly.
[    6.237126] systemd[1]: /lib/systemd/system/nmbd.service:9: PIDFile= references path below legacy directory /var/run/, updating /var/run/samba/nmbd.pid → /run/samba/nmbd.pid; please update the unit file accordingly.
[    6.271288] random: systemd: uninitialized urandom read (16 bytes read)
[    6.278157] random: systemd: uninitialized urandom read (16 bytes read)
[    6.279196] systemd[1]: Listening on LVM2 poll daemon socket.
[    6.281267] systemd[1]: Listening on Journal Socket.
[    6.305017] systemd[1]: Starting Load Kernel Modules...
[    6.319679] systemd[1]: Starting Create list of required static device nodes for the current kernel...
[    6.537886] EXT4-fs (vdiska2): re-mounted. Opts: errors=remount-ro
[    6.746236] systemd-journald[447]: Received request to flush runtime journal from PID 1
[    7.543138] sha1_sparc64: Using sparc64 sha1 opcode optimized SHA-1 implementation
[    7.546760] n2rng v0.3 (Jan 7, 2017)
[    7.546872] n2rng f029b104: Registered RNG HVAPI major 2 minor 0
[    7.546972] n2rng f029b104: Found multi-unit-capable RNG, units: 2
[    7.548102] n2rng f029b104: RNG ready
[    7.579843] sha256_sparc64: Using sparc64 sha256 opcode optimized SHA-256/SHA-224 implementation
[    7.604343] sha512_sparc64: Using sparc64 sha512 opcode optimized SHA-512/SHA-384 implementation
[    7.606392] md5_sparc64: Using sparc64 md5 opcode optimized MD5 implementation
[    7.619321] aes_sparc64: Using sparc64 aes opcodes optimized AES implementation
[    7.696703] des_sparc64: Using sparc64 des opcodes optimized DES implementation
[    7.763463] camellia_sparc64: Using sparc64 camellia opcodes optimized CAMELLIA implementation
[    9.155429] XFS (dm-0): Mounting V5 Filesystem
[    9.287910] XFS (dm-0): Ending clean mount
[   10.801823] Adding 787176k swap on /dev/vdiska4.  Priority:-2 extents:1 across:787176k FS
[   10.910069] EXT4-fs (vdiska1): mounting ext3 file system using the ext4 subsystem
[   10.926896] EXT4-fs (vdiska1): mounted filesystem with ordered data mode. Opts: (null)
[   11.665830] random: crng init done
[   11.665888] random: 7 urandom warning(s) missed due to ratelimiting
