[    0.000019] PROMLIB: Sun IEEE Boot Prom 'OBP 4.38.12 2018/03/28 14:54'
[    0.000033] PROMLIB: Root node compatible: sun4v
[    0.000081] Linux version 5.7.0-12703-gaf7b4801030c (mator@ttip) (gcc (Debian 9.3.0-12) 9.3.0, GNU ld (GNU Binutils for Debian) 2.34) #142 SMP Mon Jun 8 11:34:57 MSK 2020
[    0.000421] printk: bootconsole [earlyprom0] enabled
[    0.000473] ARCH: SUN4V
[    0.000526] Ethernet address: 00:14:4f:fa:06:f2
[    0.000580] MM: PAGE_OFFSET is 0xfff8000000000000 (max_phys_bits == 47)
[    0.000647] MM: VMALLOC [0x0000000100000000 --> 0x0006000000000000]
[    0.000710] MM: VMEMMAP [0x0006000000000000 --> 0x000c000000000000]
[    0.012869] Kernel: Using 5 locked TLB entries for main kernel image.
[    0.012938] Remapping the kernel... 
[    0.012962] done.
[    0.046033] OF stdout device is: /virtual-devices@100/console@1
[    0.046098] PROM: Built device tree with 86758 bytes of memory.
[    0.046160] MDESC: Size is 36224 bytes.
[    0.046275] PLATFORM: banner-name [SPARC T5-2]
[    0.046327] PLATFORM: name [ORCL,SPARC-T5-2]
[    0.046375] PLATFORM: hostid [84fa06f2]
[    0.046419] PLATFORM: serial# [0035260e]
[    0.046463] PLATFORM: stick-frequency [3b9aca00]
[    0.046512] PLATFORM: mac-address [144ffa06f2]
[    0.046561] PLATFORM: watchdog-resolution [1000 ms]
[    0.046612] PLATFORM: watchdog-max-timeout [31536000000 ms]
[    0.046669] PLATFORM: max-cpus [1024]
[    0.051461] Allocated 40960 bytes for kernel page tables.
[    0.051550] Zone ranges:
[    0.051590]   Normal   [mem 0x0000000030400000-0x00000024af937fff]
[    0.051654] Movable zone start for each node
[    0.051701] Early memory node ranges
[    0.051742]   node   0: [mem 0x0000000030400000-0x000000006fe7ffff]
[    0.051806]   node   0: [mem 0x000000006ff00000-0x000000006ff25fff]
[    0.051869]   node   0: [mem 0x0000000070000000-0x000000042fffffff]
[    0.051933]   node   0: [mem 0x0000002030000000-0x00000024af87ffff]
[    0.051996]   node   0: [mem 0x00000024af900000-0x00000024af925fff]
[    0.052059]   node   0: [mem 0x00000024af930000-0x00000024af937fff]
[    0.066558] Zeroed struct page in unavailable ranges: 263766 pages
[    0.066568] Initmem setup node 0 [mem 0x0000000030400000-0x00000024af937fff]
[    0.066727] On node 0 totalpages: 4454826
[    0.066738]   Normal zone: 39154 pages used for memmap
[    0.066743]   Normal zone: 0 pages reserved
[    0.066749]   Normal zone: 4454826 pages, LIFO batch:31
[    0.225733] Booting Linux...
[    0.225818] CPU CAPS: [flush,stbar,swap,muldiv,v9,blkinit,n2,mul32]
[    0.225903] CPU CAPS: [div32,v8plus,popc,vis,vis2,ASIBlkInit,fmaf,vis3]
[    0.226984] CPU CAPS: [hpc,ima,pause,cbcond,aes,des,kasumi,camellia]
[    0.227059] CPU CAPS: [md5,sha1,sha256,sha512,mpmul,montmul,montsqr,crc32c]
[    0.256864] percpu: Embedded 27 pages/cpu s184016 r8192 d28976 u262144
[    0.257076] pcpu-alloc: s184016 r8192 d28976 u262144 alloc=1*4194304
[    0.257083] pcpu-alloc: [0] 000 001 002 003 004 005 006 007 008 009 010 011 012 013 014 015 
[    0.257111] pcpu-alloc: [0] 016 017 018 019 020 021 022 023 024 025 026 027 028 029 030 031 
[    0.257140] pcpu-alloc: [0] 032 033 034 035 036 037 038 039 040 041 042 043 044 045 046 047 
[    0.257169] pcpu-alloc: [0] 048 049 050 051 052 053 054 055 056 057 058 059 060 061 062 063 
[    0.257197] pcpu-alloc: [0] 064 065 066 067 068 069 070 071 072 073 074 075 076 077 078 079 
[    0.257225] pcpu-alloc: [0] 080 081 082 083 084 085 086 087 088 089 090 091 092 093 094 095 
[    0.257253] pcpu-alloc: [0] 096 097 098 099 100 101 102 103 104 105 106 107 108 109 110 111 
[    0.257282] pcpu-alloc: [0] 112 113 114 115 116 117 118 119 120 121 122 123 124 125 126 127 
[    0.257695] SUN4V: Mondo queue sizes [cpu(131072) dev(16384) r(8192) nr(256)]
[    0.258085] Built 1 zonelists, mobility grouping on.  Total pages: 4415672
[    0.258154] Policy zone: Normal
[    0.258213] Kernel command line: BOOT_IMAGE=/vmlinux-5.7.0-12703-gaf7b4801030c root=/dev/vdiska2 ro zswap.enabled=1
[    0.260976] printk: log_buf_len individual max cpu contribution: 4096 bytes
[    0.261047] printk: log_buf_len total cpu_extra contributions: 520192 bytes
[    0.261115] printk: log_buf_len min size: 131072 bytes
[    0.261385] printk: log_buf_len: 1048576 bytes
[    0.261436] printk: early log buf free: 126704(96%)
[    0.267755] Dentry cache hash table entries: 8388608 (order: 13, 67108864 bytes, linear)
[    0.270991] Inode-cache hash table entries: 4194304 (order: 12, 33554432 bytes, linear)
[    0.271067] Sorting __ex_table...
[    0.271319] mem auto-init: stack:off, heap alloc:off, heap free:off
[    0.376748] Memory: 35129168K/35638608K available (7908K kernel code, 1065K rwdata, 2344K rodata, 656K init, 6832K bss, 509440K reserved, 0K cma-reserved)
[    0.377428] SLUB: HWalign=32, Order=0-3, MinObjects=0, CPUs=128, Nodes=32
[    0.377727] ftrace: allocating 22142 entries in 44 pages
[    0.386171] ftrace: allocated 44 pages with 3 groups
[    0.389072] Running RCU self tests
[    0.389164] rcu: Hierarchical RCU implementation.
[    0.389216] rcu: 	RCU event tracing is enabled.
[    0.389265] rcu: 	RCU lockdep checking is enabled.
[    0.389316] 	Trampoline variant of Tasks RCU enabled.
[    0.389368] 	Rude variant of Tasks RCU enabled.
[    0.389416] 	Tracing variant of Tasks RCU enabled.
[    0.389466] rcu: RCU calculated value of scheduler-enlistment delay is 10 jiffies.
[    0.393907] NR_IRQS: 2048, nr_irqs: 2048, preallocated irqs: 1
[    0.393984] SUN4V: Using IRQ API major 3, cookie only virqs enabled
[    0.396539] clocksource: stick: mask: 0xffffffffffffffff max_cycles: 0x1cd42e4dffb, max_idle_ns: 881590591483 ns
[    0.396670] clocksource: mult[800000] shift[23]
[    0.396720] clockevent: mult[80000000] shift[31]
[    0.397126] Console: colour dummy device 80x25
[    0.397191] printk: console [tty0] enabled
[    0.397270] printk: bootconsole [earlyprom0] disabled
[    0.397359] Lock dependency validator: Copyright (c) 2006 Red Hat, Inc., Ingo Molnar
[    0.397411] ... MAX_LOCKDEP_SUBCLASSES:  8
[    0.397443] ... MAX_LOCK_DEPTH:          48
[    0.397476] ... MAX_LOCKDEP_KEYS:        8192
[    0.397509] ... CLASSHASH_SIZE:          4096
[    0.397543] ... MAX_LOCKDEP_ENTRIES:     16384
[    0.397577] ... MAX_LOCKDEP_CHAINS:      32768
[    0.397611] ... CHAINHASH_SIZE:          16384
[    0.397645]  memory used by lock dependency info: 3919 kB
[    0.397684]  memory used for stack traces: 2112 kB
[    0.397720]  per task-struct memory footprint: 1920 bytes
[    0.546947] Calibrating delay using timer specific routine.. 2003.97 BogoMIPS (lpj=10019854)
[    0.547008] pid_max: default: 131072 minimum: 1024
[    0.547323] LSM: Security Framework initializing
[    0.547486] AppArmor: AppArmor initialized
[    0.547788] Mount-cache hash table entries: 131072 (order: 7, 1048576 bytes, linear)
[    0.547958] Mountpoint-cache hash table entries: 131072 (order: 7, 1048576 bytes, linear)
[    0.553294] rcu: Hierarchical SRCU implementation.
[    0.562082] smp: Bringing up secondary CPUs ...
[    0.608120] smp: Brought up 1 node, 32 CPUs
[    0.613814] devtmpfs: initialized
[    0.618983] Performance events: 
[    0.619015] Testing NMI watchdog ... 
[    0.819093] OK.
[    0.819253] Supported PMU type is 'niagara5'
[    0.819467] random: get_random_u32 called from bucket_table_alloc.isra.0+0x198/0x1c0 with crng_init=0
[    0.819975] ldc.c:v1.1 (July 22, 2008)
[    0.822563] clocksource: jiffies: mask: 0xffffffff max_cycles: 0xffffffff, max_idle_ns: 19112604462750000 ns
[    0.822659] futex hash table entries: 32768 (order: 9, 4194304 bytes, linear)
[    0.828516] NET: Registered protocol family 16
[    0.837725] VIO: Adding device channel-devices (tx_ino = ffffffffffffffff, rx_ino = ffffffffffffffff)
[    0.837972] VIO: Adding device vnet-port-0-0 (tx_ino = 0, rx_ino = 1)
[    0.838191] VIO: Adding device vnet-port-0-1 (tx_ino = 2, rx_ino = 3)
[    0.838372] VIO: Adding device vnet-port-0-2 (tx_ino = 4, rx_ino = 5)
[    0.838552] VIO: Adding device vnet-port-0-3 (tx_ino = 6, rx_ino = 7)
[    0.838737] VIO: Adding device vnet-port-0-4 (tx_ino = 8, rx_ino = 9)
[    0.838924] VIO: Adding device vdc-port-2-0 (tx_ino = c, rx_ino = d)
[    0.839102] VIO: Adding device vdc-port-1-0 (tx_ino = e, rx_ino = f)
[    0.839323] VIO: Adding device vdc-port-0-0 (tx_ino = 10, rx_ino = 11)
[    0.839505] VIO: Adding device vdc-port-3-0 (tx_ino = 12, rx_ino = 13)
[    0.839684] VIO: Adding device vlds-port-0-0 (tx_ino = 14, rx_ino = 15)
[    0.839871] VIO: Adding device domain-services-port-0 (tx_ino = 14, rx_ino = 15)
[    0.840176] audit: initializing netlink subsys (disabled)
[    0.840454] audit: type=2000 audit(0.440:1): state=initialized audit_enabled=0 res=1
[    0.871412] HugeTLB registered 64.0 KiB page size, pre-allocated 0 pages
[    0.871463] HugeTLB registered 8.00 MiB page size, pre-allocated 0 pages
[    0.871511] HugeTLB registered 256 MiB page size, pre-allocated 0 pages
[    0.871559] HugeTLB registered 2.00 GiB page size, pre-allocated 0 pages
[    0.874873] alg: extra crypto tests enabled.  This is intended for developer use only.
[    0.898015] cryptd: max_cpu_qlen set to 1000
[    1.003342] NetLabel: Initializing
[    1.003374] NetLabel:  domain hash size = 128
[    1.003410] NetLabel:  protocols = UNLABELED CIPSOv4 CALIPSO
[    1.003541] NetLabel:  unlabeled traffic allowed by default
[    1.004513] SUN4V: Reboot data supported (maj=1,min=0).
[    1.005153] ds.c:v1.0 (Jul 11, 2007)
[    1.005497] ds-0: ds_conn_reset() from send_events.isra.0
[    1.006964] clocksource: Switched to clocksource stick
[    1.220394] VFS: Disk quotas dquot_6.6.0
[    1.221127] VFS: Dquot-cache hash table entries: 1024 (order 0, 8192 bytes)
[    1.224885] AppArmor: AppArmor Filesystem Enabled
[    1.239358] NET: Registered protocol family 2
[    1.242247] tcp_listen_portaddr_hash hash table entries: 32768 (order: 8, 2621440 bytes, linear)
[    1.245289] TCP established hash table entries: 524288 (order: 9, 4194304 bytes, linear)
[    1.247821] TCP bind hash table entries: 65536 (order: 9, 4718592 bytes, linear)
[    1.253386] TCP: Hash tables configured (established 524288 bind 65536)
[    1.256051] UDP hash table entries: 32768 (order: 9, 5242880 bytes, linear)
[    1.262325] UDP-Lite hash table entries: 32768 (order: 9, 5242880 bytes, linear)
[    1.271128] NET: Registered protocol family 1
[    1.271194] NET: Registered protocol family 44
[    1.271843] Trying to unpack rootfs image as initramfs...
[    1.471888] Freeing initrd memory: 14872K
[    1.472723] aes_sparc64: Using sparc64 aes opcodes optimized AES implementation
[    1.716920] des_sparc64: Using sparc64 des opcodes optimized DES implementation
[    2.161128] camellia_sparc64: Using sparc64 camellia opcodes optimized CAMELLIA implementation
[    2.332468] workingset: timestamp_bits=41 max_order=23 bucket_order=0
[    2.354497] zbud: loaded
[    2.358944] SGI XFS with ACLs, security attributes, quota, fatal assert, debug enabled
[    2.388914] Block layer SCSI generic (bsg) driver version 0.4 loaded (major 252)
[    2.389857] io scheduler mq-deadline registered
[    2.392915] f029b788: ttyHV0 at I/O 0x0 (irq = 1, base_baud = 115200) is a SUN4V HCONS
[    2.393914] printk: console [ttyHV0] enabled
[    2.398525] sunvdc.c:v1.2 (November 24, 2014)
[    2.401977] sunvdc: Virtual Hard disk vdiskc
[    2.402018] sunvdc: vdiskc: 104857600 sectors (51200 MB) protocol 1.2
[    2.425260] sunvdc: Virtual Hard disk vdiskb
[    2.425303] sunvdc: vdiskb: 62914560 sectors (30720 MB) protocol 1.2
[    2.426813]  vdiskb: vdiskb1
[    2.448403] sunvdc: Virtual Hard disk vdiska
[    2.448445] sunvdc: vdiska: 31457280 sectors (15360 MB) protocol 1.2
[    2.449507]  vdiska: vdiska1 vdiska2 vdiska3 vdiska4
[    2.472222] sunvdc: Virtual CDROM vdiskd
[    2.472268] sunvdc: vdiskd: 453848 sectors (221 MB) protocol 1.2
[    2.473337]  vdiskd: vdiskd1 vdiskd2 vdiskd3 vdiskd4 vdiskd5 vdiskd6 vdiskd7
[    2.494100] sunvnet: sunvnet 2.0 (February 3, 2017)
[    2.496732] vnet_port vnet-port-0-0 eth0: Sun LDOM vnet 00:14:4f:f8:12:a3
[    2.496983] sunvnet: eth0: PORT ( remote-mac 00:14:4f:fa:f3:f0 switch-port )
[    2.497623] sunvnet: eth0: PORT ( remote-mac 00:14:4f:f8:e5:f3 )
[    2.498227] sunvnet: eth0: PORT ( remote-mac 00:14:4f:f9:b4:97 )
[    2.498841] sunvnet: eth0: PORT ( remote-mac 00:14:4f:f8:3f:1e )
[    2.499445] sunvnet: eth0: PORT ( remote-mac 00:14:4f:f8:fe:47 )
[    2.500702] rtc-sun4v rtc-sun4v: registered as rtc0
[    2.500849] rtc-sun4v rtc-sun4v: setting system clock to 2020-06-08T08:50:15 UTC (1591606215)
[    2.501491] sun4v_wdt: initialized (timeout=60s, nowayout=0)
[    2.501879] device-mapper: uevent: version 1.0.3
[    2.502918] device-mapper: ioctl: 4.42.0-ioctl (2020-02-27) initialised: dm-devel@redhat.com
[    2.503915] NET: Registered protocol family 17
[    2.504356] registered taskstats version 1
[    2.505411] zswap: loaded using pool lzo/zbud
[    2.506930] AppArmor: AppArmor sha1 policy hashing enabled
[    2.512123] This architecture does not have kernel memory protection.
[    2.512178] Run /init as init process
[    2.512213]   with arguments:
[    2.512220]     /init
[    2.512226]   with environment:
[    2.512233]     HOME=/
[    2.512240]     TERM=linux
[    2.512246]     BOOT_IMAGE=/vmlinux-5.7.0-12703-gaf7b4801030c
[    3.010490] crc32c_sparc64: Using sparc64 crc32c opcode optimized CRC32C implementation
[    3.090903] random: fast init done
[    3.556918] raid6: int64x8  gen()  2165 MB/s
[    3.726905] raid6: int64x8  xor()  1538 MB/s
[    3.896908] raid6: int64x4  gen()  3430 MB/s
[    4.066903] raid6: int64x4  xor()  1480 MB/s
[    4.236906] raid6: int64x2  gen()  2793 MB/s
[    4.406911] raid6: int64x2  xor()  1162 MB/s
[    4.576923] raid6: int64x1  gen()  1391 MB/s
[    4.746936] raid6: int64x1  xor()   666 MB/s
[    4.746988] raid6: using algorithm int64x4 gen() 3430 MB/s
[    4.747032] raid6: .... xor() 1480 MB/s, rmw enabled
[    4.747072] raid6: using intx1 recovery algorithm
[    4.748045] async_tx: api initialized (async)
[    4.748582] xor: automatically using best checksumming function   Niagara   
[    4.951947] process '/usr/bin/fstype' started with executable stack
[    5.057444] EXT4-fs (vdiska2): mounted filesystem with ordered data mode. Opts: (null)
[    6.529510] systemd[1]: Inserted module 'autofs4'
[    6.542723] NET: Registered protocol family 10
[    6.549152] Segment Routing with IPv6
[    6.598030] systemd[1]: systemd 245.5-3 running in system mode. (+PAM +AUDIT +SELINUX +IMA +APPARMOR +SMACK +SYSVINIT +UTMP +LIBCRYPTSETUP +GCRYPT +GNUTLS +ACL +XZ +LZ4 -SECCOMP +BLKID +ELFUTILS +KMOD +IDN2 -IDN +PCRE2 default-hierarchy=hybrid)
[    6.598645] systemd[1]: Detected architecture sparc64.
[    6.670345] systemd[1]: Set hostname to <ttip>.
[    7.458140] random: lvmconfig: uninitialized urandom read (4 bytes read)
[    8.788999] random: systemd: uninitialized urandom read (16 bytes read)
[    8.833298] systemd[1]: Created slice system-getty.slice.
[    8.834072] random: systemd: uninitialized urandom read (16 bytes read)
[    8.844303] systemd[1]: Created slice system-modprobe.slice.
[    8.844766] random: systemd: uninitialized urandom read (16 bytes read)
[    8.853748] systemd[1]: Created slice system-openvpn\x2dclient.slice.
[    8.892966] systemd[1]: Created slice system-postfix.slice.
[    8.902459] systemd[1]: Created slice system-systemd\x2dfsck.slice.
[    8.912903] systemd[1]: Created slice User and Session Slice.
[    8.913945] systemd[1]: Started Dispatch Password Requests to Console Directory Watch.
[    8.914814] systemd[1]: Started Forward Password Requests to Wall Directory Watch.
[    8.918000] systemd[1]: Set up automount Arbitrary Executable File Formats File System Automount Point.
[    8.918716] systemd[1]: Reached target Local Encrypted Volumes.
[    8.919315] systemd[1]: Reached target Paths.
[    8.919845] systemd[1]: Reached target Remote File Systems.
[    8.920384] systemd[1]: Reached target Slices.
[    8.921464] systemd[1]: Listening on Device-mapper event daemon FIFOs.
[    8.922759] systemd[1]: Listening on LVM2 poll daemon socket.
[    8.924992] systemd[1]: Listening on Syslog Socket.
[    8.926015] systemd[1]: Listening on fsck to fsckd communication Socket.
[    8.926823] systemd[1]: Listening on initctl Compatibility Named Pipe.
[    8.928107] systemd[1]: Listening on Journal Audit Socket.
[    8.929124] systemd[1]: Listening on Journal Socket (/dev/log).
[    8.930324] systemd[1]: Listening on Journal Socket.
[    8.931443] systemd[1]: Listening on udev Control Socket.
[    8.932295] systemd[1]: Listening on udev Kernel Socket.
[    8.948091] systemd[1]: Mounting Huge Pages File System...
[    8.963330] systemd[1]: Mounting POSIX Message Queue File System...
[    8.979133] systemd[1]: Mounting Kernel Debug File System...
[    9.048100] systemd[1]: Mounting Kernel Trace File System...
[    9.062493] systemd[1]: Starting Availability of block devices...
[    9.079089] systemd[1]: Starting Wait for network to be configured by ifupdown...
[    9.093780] systemd[1]: Starting Create list of static device nodes for the current kernel...
[    9.110218] systemd[1]: Starting Monitoring of LVM2 mirrors, snapshots etc. using dmeventd or progress polling...
[    9.125552] systemd[1]: Starting Load Kernel Module drm...
[    9.140310] systemd[1]: Starting nftables...
[    9.183535] systemd[1]: Condition check resulted in Set Up Additional Binary Formats being skipped.
[    9.183905] systemd[1]: Condition check resulted in File System Check on Root Device being skipped.
[    9.205234] systemd[1]: Starting Journal Service...
[    9.255756] systemd[1]: Starting Load Kernel Modules...
[    9.271773] systemd[1]: Starting Remount Root and Kernel File Systems...
[    9.287034] systemd[1]: Starting udev Coldplug all Devices...
[    9.295926] systemd[1]: Mounted Huge Pages File System.
[    9.297602] systemd[1]: Mounted POSIX Message Queue File System.
[    9.299162] systemd[1]: Mounted Kernel Debug File System.
[    9.300675] systemd[1]: Mounted Kernel Trace File System.
[    9.309653] systemd[1]: Finished Availability of block devices.
[    9.316551] systemd[1]: Finished Wait for network to be configured by ifupdown.
[    9.323090] systemd[1]: Finished Create list of static device nodes for the current kernel.
[    9.325918] systemd[1]: modprobe@drm.service: Succeeded.
[    9.330717] systemd[1]: Finished Load Kernel Module drm.
[    9.384532] EXT4-fs (vdiska2): re-mounted. Opts: errors=remount-ro
[    9.390048] systemd[1]: Finished Load Kernel Modules.
[    9.393647] systemd[1]: Condition check resulted in FUSE Control File System being skipped.
[    9.394007] systemd[1]: Condition check resulted in Kernel Configuration File System being skipped.
[    9.411195] systemd[1]: Starting Apply Kernel Variables...
[    9.438327] systemd[1]: Finished Remount Root and Kernel File Systems.
[    9.440077] systemd[1]: Started Journal Service.
[    9.583666] systemd-journald[496]: Received client request to flush runtime journal.
[   11.091092] sha1_sparc64: Using sparc64 sha1 opcode optimized SHA-1 implementation
[   11.168812] n2rng v0.3 (Jan 7, 2017)
[   11.168917] n2rng f029b104: Registered RNG HVAPI major 2 minor 0
[   11.169012] n2rng f029b104: Found multi-unit-capable RNG, units: 2
[   11.170075] n2rng f029b104: RNG ready
[   11.270592] sha256_sparc64: Using sparc64 sha256 opcode optimized SHA-256/SHA-224 implementation
[   11.407187] sha512_sparc64: Using sparc64 sha512 opcode optimized SHA-512/SHA-384 implementation
[   11.425786] md5_sparc64: Using sparc64 md5 opcode optimized MD5 implementation
[   11.438848] pktcdvd: setup of pktcdvd device failed
[   11.482347] pktcdvd: setup of pktcdvd device failed
[   11.502623] pktcdvd: setup of pktcdvd device failed
[   11.505857] pktcdvd: setup of pktcdvd device failed
[   11.509479] pktcdvd: setup of pktcdvd device failed
[   11.512518] pktcdvd: setup of pktcdvd device failed
[   11.515880] pktcdvd: setup of pktcdvd device failed
[   11.519107] pktcdvd: setup of pktcdvd device failed
[   11.837029] Adding 787176k swap on /dev/vdiska4.  Priority:-2 extents:1 across:787176k FS
[   11.846741] XFS (dm-0): Mounting V5 Filesystem
[   11.929785] XFS (dm-0): Ending clean mount
[   11.932238] xfs filesystem being mounted at /1 supports timestamps until 2038 (0x7fffffff)
[   12.243332] EXT4-fs (vdiska1): mounting ext3 file system using the ext4 subsystem
[   12.490587] EXT4-fs (vdiska1): mounted filesystem with ordered data mode. Opts: (null)
[   12.490778] ext3 filesystem being mounted at /boot supports timestamps until 2038 (0x7fffffff)
[   13.682044] Kernel unaligned access at TPC[8b7d98] aa_dfa_unpack+0x38/0x640
[   13.682214] Kernel unaligned access at TPC[8b7db8] aa_dfa_unpack+0x58/0x640
[   13.682325] Kernel unaligned access at TPC[8b7e7c] aa_dfa_unpack+0x11c/0x640
[   13.682439] Kernel unaligned access at TPC[8b7f4c] aa_dfa_unpack+0x1ec/0x640
[   13.682552] Kernel unaligned access at TPC[8b7f60] aa_dfa_unpack+0x200/0x640
[   13.695120] audit: type=1400 audit(1591606226.680:2): apparmor="STATUS" operation="profile_load" profile="unconfined" name="nvidia_modprobe" pid=680 comm="apparmor_parser"
[   13.695338] audit: type=1400 audit(1591606226.680:3): apparmor="STATUS" operation="profile_load" profile="unconfined" name="nvidia_modprobe//kmod" pid=680 comm="apparmor_parser"
[   13.717256] audit: type=1400 audit(1591606226.710:4): apparmor="STATUS" operation="profile_load" profile="unconfined" name="/usr/sbin/haveged" pid=679 comm="apparmor_parser"
[   13.729346] audit: type=1400 audit(1591606226.720:5): apparmor="STATUS" operation="profile_load" profile="unconfined" name="lsb_release" pid=685 comm="apparmor_parser"
[   13.767693] audit: type=1400 audit(1591606226.760:6): apparmor="STATUS" operation="profile_load" profile="unconfined" name="/usr/bin/man" pid=682 comm="apparmor_parser"
[   13.767889] audit: type=1400 audit(1591606226.760:7): apparmor="STATUS" operation="profile_load" profile="unconfined" name="man_filter" pid=682 comm="apparmor_parser"
[   13.768068] audit: type=1400 audit(1591606226.760:8): apparmor="STATUS" operation="profile_load" profile="unconfined" name="man_groff" pid=682 comm="apparmor_parser"
[   13.967527] random: crng init done
[   13.967675] random: 6 urandom warning(s) missed due to ratelimiting
