[    0.000020] PROMLIB: Sun IEEE Boot Prom 'OBP 4.38.12 2018/03/28 14:54'
[    0.000033] PROMLIB: Root node compatible: sun4v
[    0.000086] Linux version 5.9.0-rc2-00045-g5cdd25572a29 (mator@ttip) (gcc (Debian 10.2.0-15) 10.2.0, GNU ld (GNU Binutils for Debian) 2.35.1) #108 SMP Wed Oct 21 16:24:51 MSK 2020
[    0.000444] printk: bootconsole [earlyprom0] enabled
[    0.000496] ARCH: SUN4V
[    0.000546] Ethernet address: 00:14:4f:fa:06:f2
[    0.000599] MM: PAGE_OFFSET is 0xfff8000000000000 (max_phys_bits == 47)
[    0.000663] MM: VMALLOC [0x0000000100000000 --> 0x0006000000000000]
[    0.000725] MM: VMEMMAP [0x0006000000000000 --> 0x000c000000000000]
[    0.012911] Kernel: Using 5 locked TLB entries for main kernel image.
[    0.012981] Remapping the kernel... 
[    0.013004] done.
[    0.045859] OF stdout device is: /virtual-devices@100/console@1
[    0.045925] PROM: Built device tree with 86758 bytes of memory.
[    0.045983] MDESC: Size is 36512 bytes.
[    0.046100] PLATFORM: banner-name [SPARC T5-2]
[    0.046148] PLATFORM: name [ORCL,SPARC-T5-2]
[    0.046195] PLATFORM: hostid [84fa06f2]
[    0.046235] PLATFORM: serial# [0035260e]
[    0.046279] PLATFORM: stick-frequency [3b9aca00]
[    0.046325] PLATFORM: mac-address [144ffa06f2]
[    0.046371] PLATFORM: watchdog-resolution [1000 ms]
[    0.047423] PLATFORM: watchdog-max-timeout [31536000000 ms]
[    0.047477] PLATFORM: max-cpus [1024]
[    0.052232] Allocated 40960 bytes for kernel page tables.
[    0.052322] Zone ranges:
[    0.052362]   Normal   [mem 0x0000000030400000-0x00000024af937fff]
[    0.052424] Movable zone start for each node
[    0.052469] Early memory node ranges
[    0.052509]   node   0: [mem 0x0000000030400000-0x000000006fe7ffff]
[    0.052571]   node   0: [mem 0x000000006ff00000-0x000000006ff25fff]
[    0.052633]   node   0: [mem 0x0000000070000000-0x000000042fffffff]
[    0.052694]   node   0: [mem 0x0000002030000000-0x00000024af87ffff]
[    0.052754]   node   0: [mem 0x00000024af900000-0x00000024af925fff]
[    0.052815]   node   0: [mem 0x00000024af930000-0x00000024af937fff]
[    0.066074] Zeroed struct page in unavailable ranges: 263766 pages
[    0.066083] Initmem setup node 0 [mem 0x0000000030400000-0x00000024af937fff]
[    0.066241] On node 0 totalpages: 4454826
[    0.066251]   Normal zone: 39154 pages used for memmap
[    0.066256]   Normal zone: 0 pages reserved
[    0.066261]   Normal zone: 4454826 pages, LIFO batch:31
[    0.225190] Booting Linux...
[    0.225277] CPU CAPS: [flush,stbar,swap,muldiv,v9,blkinit,n2,mul32]
[    0.225359] CPU CAPS: [div32,v8plus,popc,vis,vis2,ASIBlkInit,fmaf,vis3]
[    0.226438] CPU CAPS: [hpc,ima,pause,cbcond,aes,des,kasumi,camellia]
[    0.226508] CPU CAPS: [md5,sha1,sha256,sha512,mpmul,montmul,montsqr,crc32c]
[    0.256401] percpu: Embedded 28 pages/cpu s184784 r8192 d36400 u262144
[    0.256617] pcpu-alloc: s184784 r8192 d36400 u262144 alloc=1*4194304
[    0.256624] pcpu-alloc: [0] 000 001 002 003 004 005 006 007 008 009 010 011 012 013 014 015 
[    0.256649] pcpu-alloc: [0] 016 017 018 019 020 021 022 023 024 025 026 027 028 029 030 031 
[    0.256674] pcpu-alloc: [0] 032 033 034 035 036 037 038 039 040 041 042 043 044 045 046 047 
[    0.256699] pcpu-alloc: [0] 048 049 050 051 052 053 054 055 056 057 058 059 060 061 062 063 
[    0.256724] pcpu-alloc: [0] 064 065 066 067 068 069 070 071 072 073 074 075 076 077 078 079 
[    0.256749] pcpu-alloc: [0] 080 081 082 083 084 085 086 087 088 089 090 091 092 093 094 095 
[    0.256774] pcpu-alloc: [0] 096 097 098 099 100 101 102 103 104 105 106 107 108 109 110 111 
[    0.256799] pcpu-alloc: [0] 112 113 114 115 116 117 118 119 120 121 122 123 124 125 126 127 
[    0.257242] SUN4V: Mondo queue sizes [cpu(131072) dev(16384) r(8192) nr(256)]
[    0.257618] Built 1 zonelists, mobility grouping on.  Total pages: 4415672
[    0.257687] Policy zone: Normal
[    0.257744] Kernel command line: BOOT_IMAGE=/vmlinux-5.9.0-rc2-00045-g5cdd25572a29 root=/dev/vdiska2 ro zswap.enabled=1
[    0.260463] printk: log_buf_len individual max cpu contribution: 4096 bytes
[    0.260534] printk: log_buf_len total cpu_extra contributions: 520192 bytes
[    0.260600] printk: log_buf_len min size: 131072 bytes
[    0.260871] printk: log_buf_len: 1048576 bytes
[    0.260922] printk: early log buf free: 126688(96%)
[    0.267235] Dentry cache hash table entries: 8388608 (order: 13, 67108864 bytes, linear)
[    0.270470] Inode-cache hash table entries: 4194304 (order: 12, 33554432 bytes, linear)
[    0.270545] Sorting __ex_table...
[    0.270770] mem auto-init: stack:off, heap alloc:off, heap free:off
[    0.376048] Memory: 35127760K/35638608K available (8322K kernel code, 1102K rwdata, 2480K rodata, 680K init, 6856K bss, 510848K reserved, 0K cma-reserved)
[    0.376744] SLUB: HWalign=32, Order=0-3, MinObjects=0, CPUs=128, Nodes=32
[    0.377030] ftrace: allocating 23113 entries in 46 pages
[    0.385912] ftrace: allocated 46 pages with 4 groups
[    0.388704] Running RCU self tests
[    0.389080] rcu: Hierarchical RCU implementation.
[    0.389132] rcu: 	RCU event tracing is enabled.
[    0.389178] rcu: 	RCU lockdep checking is enabled.
[    0.389229] 	Trampoline variant of Tasks RCU enabled.
[    0.389279] 	Rude variant of Tasks RCU enabled.
[    0.389325] 	Tracing variant of Tasks RCU enabled.
[    0.389375] rcu: RCU calculated value of scheduler-enlistment delay is 10 jiffies.
[    0.393785] NR_IRQS: 2048, nr_irqs: 2048, preallocated irqs: 1
[    0.393861] SUN4V: Using IRQ API major 3, cookie only virqs enabled
[    0.396309] clocksource: stick: mask: 0xffffffffffffffff max_cycles: 0x1cd42e4dffb, max_idle_ns: 881590591483 ns
[    0.396440] clocksource: mult[800000] shift[23]
[    0.396488] clockevent: mult[80000000] shift[31]
[    0.396890] Console: colour dummy device 80x25
[    0.396954] printk: console [tty0] enabled
[    0.397034] printk: bootconsole [earlyprom0] disabled
[    0.397123] Lock dependency validator: Copyright (c) 2006 Red Hat, Inc., Ingo Molnar
[    0.397176] ... MAX_LOCKDEP_SUBCLASSES:  8
[    0.397208] ... MAX_LOCK_DEPTH:          48
[    0.397241] ... MAX_LOCKDEP_KEYS:        8192
[    0.397275] ... CLASSHASH_SIZE:          4096
[    0.397308] ... MAX_LOCKDEP_ENTRIES:     16384
[    0.397343] ... MAX_LOCKDEP_CHAINS:      32768
[    0.397376] ... CHAINHASH_SIZE:          16384
[    0.397410]  memory used by lock dependency info: 3919 kB
[    0.397449]  memory used for stack traces: 2112 kB
[    0.397485]  per task-struct memory footprint: 1920 bytes
[    0.546788] Calibrating delay using timer specific routine.. 2005.58 BogoMIPS (lpj=10027939)
[    0.546865] pid_max: default: 131072 minimum: 1024
[    0.547151] LSM: Security Framework initializing
[    0.547324] AppArmor: AppArmor initialized
[    0.547606] Mount-cache hash table entries: 131072 (order: 7, 1048576 bytes, linear)
[    0.547776] Mountpoint-cache hash table entries: 131072 (order: 7, 1048576 bytes, linear)
[    0.553444] rcu: Hierarchical SRCU implementation.
[    0.564198] smp: Bringing up secondary CPUs ...
[    0.565430] ------------[ cut here ]------------
[    0.565461] WARNING: CPU: 0 PID: 1 at kernel/locking/lockdep.c:5230 check_flags+0x9c/0x2c0
[    0.565487] DEBUG_LOCKS_WARN_ON(lockdep_hardirqs_enabled())
[    0.565489] Modules linked in:
[    0.565523] CPU: 0 PID: 1 Comm: swapper/0 Not tainted 5.9.0-rc2-00045-g5cdd25572a29 #108
[    0.565549] Call Trace:
[    0.565565] [<00000000004727c8>] __warn+0xa8/0x120
[    0.565584] [<0000000000472c30>] warn_slowpath_fmt+0x64/0x74
[    0.565604] [<00000000004e86bc>] check_flags+0x9c/0x2c0
[    0.565626] [<0000000000c17fa0>] lock_is_held_type+0x20/0x140
[    0.565650] [<00000000005099f4>] rcu_read_lock_sched_held+0x54/0xa0
[    0.565671] [<00000000004ed800>] lock_acquire+0x120/0x480
[    0.565692] [<0000000000c21910>] _raw_spin_lock+0x30/0x60
[    0.565714] [<00000000009ba0dc>] p1275_cmd_direct+0x1c/0x60
[    0.565734] [<00000000009b9fb0>] prom_startcpu_cpuid+0x30/0x40
[    0.565756] [<00000000004427e4>] __cpu_up+0x184/0x3a0
[    0.565774] [<0000000000474620>] bringup_cpu+0x20/0x120
[    0.565793] [<00000000004737ac>] cpuhp_invoke_callback+0xec/0x340
[    0.565814] [<00000000004753f4>] cpu_up+0x154/0x220
[    0.565833] [<0000000000475c80>] bringup_nonboot_cpus+0x60/0xa0
[    0.565860] [<0000000000fbc338>] smp_init+0x28/0xa0
[    0.565880] [<0000000000fad3b4>] kernel_init_freeable+0x18c/0x300
[    0.565900] irq event stamp: 5135
[    0.565915] hardirqs last  enabled at (5135): [<0000000000c21d28>] _raw_spin_unlock_irqrestore+0x28/0x60
[    0.565945] hardirqs last disabled at (5134): [<0000000000c21ae0>] _raw_spin_lock_irqsave+0x20/0x80
[    0.565975] softirqs last  enabled at (1574): [<0000000000c24960>] __do_softirq+0x4e0/0x560
[    0.566005] softirqs last disabled at (1567): [<000000000042d394>] do_softirq_own_stack+0x34/0x60
[    0.566035] random: get_random_bytes called from __warn+0xc8/0x120 with crng_init=0
[    0.566041] ---[ end trace 220b08c4600ed4c2 ]---
[    0.566078] possible reason: unannotated irqs-off.
[    0.566095] irq event stamp: 5135
[    0.566109] hardirqs last  enabled at (5135): [<0000000000c21d28>] _raw_spin_unlock_irqrestore+0x28/0x60
[    0.566139] hardirqs last disabled at (5134): [<0000000000c21ae0>] _raw_spin_lock_irqsave+0x20/0x80
[    0.566168] softirqs last  enabled at (1574): [<0000000000c24960>] __do_softirq+0x4e0/0x560
[    0.566195] softirqs last disabled at (1567): [<000000000042d394>] do_softirq_own_stack+0x34/0x60
[    0.587879] smp: Brought up 1 node, 32 CPUs
[    0.590825] devtmpfs: initialized
[    0.592972] Performance events: 
[    0.593000] Testing NMI watchdog ... 
[    0.793061] OK.
[    0.793116] Supported PMU type is 'niagara5'
[    0.793586] ldc.c:v1.1 (July 22, 2008)
[    0.794901] clocksource: jiffies: mask: 0xffffffff max_cycles: 0xffffffff, max_idle_ns: 19112604462750000 ns
[    0.794953] futex hash table entries: 32768 (order: 9, 4194304 bytes, linear)
[    0.797577] NET: Registered protocol family 16
[    0.802511] VIO: Adding device channel-devices (tx_ino = ffffffffffffffff, rx_ino = ffffffffffffffff)
[    0.802616] VIO: Adding device vnet-port-0-0 (tx_ino = 0, rx_ino = 1)
[    0.802702] VIO: Adding device vnet-port-0-1 (tx_ino = 2, rx_ino = 3)
[    0.802787] VIO: Adding device vnet-port-0-2 (tx_ino = 4, rx_ino = 5)
[    0.802876] VIO: Adding device vnet-port-0-3 (tx_ino = 6, rx_ino = 7)
[    0.802966] VIO: Adding device vnet-port-0-4 (tx_ino = 8, rx_ino = 9)
[    0.803051] VIO: Adding device vnet-port-0-5 (tx_ino = a, rx_ino = b)
[    0.803161] VIO: Adding device vdc-port-2-0 (tx_ino = c, rx_ino = d)
[    0.803249] VIO: Adding device vdc-port-1-0 (tx_ino = e, rx_ino = f)
[    0.803333] VIO: Adding device vdc-port-0-0 (tx_ino = 10, rx_ino = 11)
[    0.803421] VIO: Adding device vdc-port-3-0 (tx_ino = 12, rx_ino = 13)
[    0.803505] VIO: Adding device vlds-port-0-0 (tx_ino = 14, rx_ino = 15)
[    0.803591] VIO: Adding device domain-services-port-0 (tx_ino = 14, rx_ino = 15)
[    0.803732] audit: initializing netlink subsys (disabled)
[    0.803907] audit: type=2000 audit(0.400:1): state=initialized audit_enabled=0 res=1
[    0.819031] HugeTLB registered 64.0 KiB page size, pre-allocated 0 pages
[    0.819056] HugeTLB registered 8.00 MiB page size, pre-allocated 0 pages
[    0.819079] HugeTLB registered 256 MiB page size, pre-allocated 0 pages
[    0.819101] HugeTLB registered 2.00 GiB page size, pre-allocated 0 pages
[    0.820173] alg: extra crypto tests enabled.  This is intended for developer use only.
[    0.840475] cryptd: max_cpu_qlen set to 1000
[    0.908261] vgaarb: loaded
[    0.908906] NetLabel: Initializing
[    0.908922] NetLabel:  domain hash size = 128
[    0.908939] NetLabel:  protocols = UNLABELED CIPSOv4 CALIPSO
[    0.908999] NetLabel:  unlabeled traffic allowed by default
[    0.909608] SUN4V: Reboot data supported (maj=1,min=0).
[    0.909800] ds.c:v1.0 (Jul 11, 2007)
[    0.909986] ds-0: ds_conn_reset() from send_events
[    0.910199] clocksource: Switched to clocksource stick
[    1.022337] VFS: Disk quotas dquot_6.6.0
[    1.022437] VFS: Dquot-cache hash table entries: 1024 (order 0, 8192 bytes)
[    1.023506] AppArmor: AppArmor Filesystem Enabled
[    1.030697] NET: Registered protocol family 2
[    1.031800] tcp_listen_portaddr_hash hash table entries: 32768 (order: 8, 2621440 bytes, linear)
[    1.033033] TCP established hash table entries: 524288 (order: 9, 4194304 bytes, linear)
[    1.035197] TCP bind hash table entries: 65536 (order: 9, 4718592 bytes, linear)
[    1.037394] TCP: Hash tables configured (established 524288 bind 65536)
[    1.038637] UDP hash table entries: 32768 (order: 9, 5242880 bytes, linear)
[    1.041407] UDP-Lite hash table entries: 32768 (order: 9, 5242880 bytes, linear)
[    1.045429] NET: Registered protocol family 1
[    1.045463] NET: Registered protocol family 44
[    1.045502] PCI: CLS 0 bytes, default 64
[    1.045753] Trying to unpack rootfs image as initramfs...
[    1.197008] Freeing initrd memory: 14616K
[    1.197747] aes_sparc64: Using sparc64 aes opcodes optimized AES implementation
[    1.427566] des_sparc64: Using sparc64 des opcodes optimized DES implementation
[    1.861407] camellia_sparc64: Using sparc64 camellia opcodes optimized CAMELLIA implementation
[    2.009361] workingset: timestamp_bits=41 max_order=23 bucket_order=0
[    2.018043] zbud: loaded
[    2.020590] SGI XFS with ACLs, security attributes, quota, fatal assert, debug enabled
[    2.046371] Block layer SCSI generic (bsg) driver version 0.4 loaded (major 252)
[    2.046924] io scheduler mq-deadline registered
[    2.048869] f029b788: ttyHV0 at I/O 0x0 (irq = 1, base_baud = 115200) is a SUN4V HCONS
[    2.049462] printk: console [ttyHV0] enabled
[    2.051752] sunvdc.c:v1.2 (November 24, 2014)
[    2.054966] sunvdc: Virtual Hard disk vdiskc
[    2.054988] sunvdc: vdiskc: 104857600 sectors (51200 MB) protocol 1.2
[    2.067749] sunvdc: Virtual Hard disk vdiskb
[    2.067772] sunvdc: vdiskb: 62914560 sectors (30720 MB) protocol 1.2
[    2.068740]  vdiskb: vdiskb1
[    2.080742] sunvdc: Virtual Hard disk vdiska
[    2.080765] sunvdc: vdiska: 31457280 sectors (15360 MB) protocol 1.2
[    2.081520]  vdiska: vdiska1 vdiska2 vdiska3 vdiska4
[    2.095629] sunvdc: Virtual CDROM vdiskd
[    2.095654] sunvdc: vdiskd: 453848 sectors (221 MB) protocol 1.2
[    2.096386]  vdiskd: vdiskd1 vdiskd2 vdiskd3 vdiskd4 vdiskd5 vdiskd6 vdiskd7
[    2.106628] sunvnet: sunvnet 2.0 (February 3, 2017)
[    2.107925] vnet_port vnet-port-0-0 eth0: Sun LDOM vnet 00:14:4f:f8:12:a3
[    2.108036] sunvnet: eth0: PORT ( remote-mac 00:14:4f:fa:f3:f0 switch-port )
[    2.108503] sunvnet: eth0: PORT ( remote-mac 00:14:4f:f8:e5:f3 )
[    2.108974] sunvnet: eth0: PORT ( remote-mac 00:14:4f:f9:b4:97 )
[    2.109424] sunvnet: eth0: PORT ( remote-mac 00:14:4f:f8:3f:1e )
[    2.109866] sunvnet: eth0: PORT ( remote-mac 00:14:4f:f8:fe:47 )
[    2.110336] sunvnet: eth0: PORT ( remote-mac 00:14:4f:fb:b5:00 )
[    2.111231] rtc-sun4v rtc-sun4v: registered as rtc0
[    2.111303] rtc-sun4v rtc-sun4v: setting system clock to 2020-10-21T13:29:52 UTC (1603286992)
[    2.111551] sun4v_wdt: initialized (timeout=60s, nowayout=0)
[    2.111808] device-mapper: uevent: version 1.0.3
[    2.112395] device-mapper: ioctl: 4.42.0-ioctl (2020-02-27) initialised: dm-devel@redhat.com
[    2.113079] NET: Registered protocol family 17
[    2.113296] registered taskstats version 1
[    2.113764] zswap: loaded using pool lzo/zbud
[    2.114532] AppArmor: AppArmor sha1 policy hashing enabled
[    2.117183] This architecture does not have kernel memory protection.
[    2.117216] Run /init as init process
[    2.117234]   with arguments:
[    2.117249]     /init
[    2.117262]   with environment:
[    2.117277]     HOME=/
[    2.117291]     TERM=linux
[    2.117305]     BOOT_IMAGE=/vmlinux-5.9.0-rc2-00045-g5cdd25572a29
[    2.401881] crc32c_sparc64: Using sparc64 crc32c opcode optimized CRC32C implementation
[    2.407048] random: lvm: uninitialized urandom read (4 bytes read)
[    2.442536] random: lvm: uninitialized urandom read (2 bytes read)
[    2.715575] random: fast init done
[    3.100187] raid6: int64x8  gen()  2158 MB/s
[    3.270177] raid6: int64x8  xor()  1522 MB/s
[    3.440170] raid6: int64x4  gen()  3398 MB/s
[    3.610170] raid6: int64x4  xor()  1462 MB/s
[    3.780170] raid6: int64x2  gen()  2912 MB/s
[    3.950189] raid6: int64x2  xor()  1036 MB/s
[    4.120177] raid6: int64x1  gen()  1388 MB/s
[    4.290172] raid6: int64x1  xor()   712 MB/s
[    4.290198] raid6: using algorithm int64x4 gen() 3398 MB/s
[    4.290219] raid6: .... xor() 1462 MB/s, rmw enabled
[    4.290240] raid6: using intx1 recovery algorithm
[    4.290820] async_tx: api initialized (async)
[    4.291094] xor: automatically using best checksumming function   Niagara   
[    4.517399] EXT4-fs (vdiska2): mounted filesystem with ordered data mode. Opts: (null)
[    8.745244] systemd[1]: Inserted module 'autofs4'
[    8.752653] NET: Registered protocol family 10
[    8.756934] Segment Routing with IPv6
[    8.902426] systemd[1]: systemd 246.6-2 running in system mode. (+PAM +AUDIT +SELINUX +IMA +APPARMOR +SMACK +SYSVINIT +UTMP +LIBCRYPTSETUP +GCRYPT +GNUTLS +ACL +XZ +LZ4 +ZSTD -SECCOMP +BLKID +ELFUTILS +KMOD +IDN2 -IDN +PCRE2 default-hierarchy=hybrid)
[    8.902931] systemd[1]: Detected architecture sparc64.
[    9.000305] systemd[1]: Set hostname to <ttip>.
[   10.767038] random: lvmconfig: uninitialized urandom read (4 bytes read)
[   13.612530] systemd[1]: Queued start job for default target Multi-User System.
[   13.613651] random: systemd: uninitialized urandom read (16 bytes read)
[   13.639882] systemd[1]: Created slice system-getty.slice.
[   13.640451] random: systemd: uninitialized urandom read (16 bytes read)
[   13.649153] systemd[1]: Created slice system-modprobe.slice.
[   13.649426] random: systemd: uninitialized urandom read (16 bytes read)
[   13.657863] systemd[1]: Created slice system-openvpn\x2dclient.slice.
[   13.677088] systemd[1]: Created slice system-postfix.slice.
[   13.685764] systemd[1]: Created slice system-systemd\x2dfsck.slice.
[   13.694535] systemd[1]: Created slice User and Session Slice.
[   13.695099] systemd[1]: Started Dispatch Password Requests to Console Directory Watch.
[   13.695587] systemd[1]: Started Forward Password Requests to Wall Directory Watch.
[   13.697193] systemd[1]: Set up automount Arbitrary Executable File Formats File System Automount Point.
[   13.697582] systemd[1]: Reached target Local Encrypted Volumes.
[   13.697921] systemd[1]: Reached target Paths.
[   13.698222] systemd[1]: Reached target Slices.
[   13.698802] systemd[1]: Listening on Device-mapper event daemon FIFOs.
[   13.699458] systemd[1]: Listening on LVM2 poll daemon socket.
[   13.729735] systemd[1]: Listening on RPCbind Server Activation Socket.
[   13.730630] systemd[1]: Listening on Syslog Socket.
[   13.731301] systemd[1]: Listening on fsck to fsckd communication Socket.
[   13.731790] systemd[1]: Listening on initctl Compatibility Named Pipe.
[   13.732610] systemd[1]: Listening on Journal Audit Socket.
[   13.733231] systemd[1]: Listening on Journal Socket (/dev/log).
[   13.733968] systemd[1]: Listening on Journal Socket.
[   13.734715] systemd[1]: Listening on udev Control Socket.
[   13.735290] systemd[1]: Listening on udev Kernel Socket.
[   13.746764] systemd[1]: Mounting Huge Pages File System...
[   13.758819] systemd[1]: Mounting POSIX Message Queue File System...
[   13.790054] systemd[1]: Mounting RPC Pipe File System...
[   13.802809] systemd[1]: Mounting Kernel Debug File System...
[   13.815231] systemd[1]: Mounting Kernel Trace File System...
[   13.815860] systemd[1]: Condition check resulted in Kernel Module supporting RPCSEC_GSS being skipped.
[   13.816632] systemd[1]: Finished Availability of block devices.
[   13.828654] systemd[1]: Starting Wait for network to be configured by ifupdown...
[   13.841201] systemd[1]: Starting Create list of static device nodes for the current kernel...
[   13.853729] systemd[1]: Starting Monitoring of LVM2 mirrors, snapshots etc. using dmeventd or progress polling...
[   13.865618] systemd[1]: Starting Load Kernel Module drm...
[   13.877584] systemd[1]: Starting nftables...
[   13.894408] systemd[1]: Condition check resulted in Set Up Additional Binary Formats being skipped.
[   13.894643] systemd[1]: Condition check resulted in File System Check on Root Device being skipped.
[   13.909194] systemd[1]: Starting Journal Service...
[   13.927794] RPC: Registered named UNIX socket transport module.
[   13.927828] RPC: Registered udp transport module.
[   13.927848] RPC: Registered tcp transport module.
[   13.927867] RPC: Registered tcp NFSv4.1 backchannel transport module.
[   13.942966] systemd[1]: Starting Load Kernel Modules...
[   13.954659] systemd[1]: Starting Remount Root and Kernel File Systems...
[   13.966627] systemd[1]: Starting Coldplug All udev Devices...
[   13.973844] systemd[1]: Mounted Huge Pages File System.
[   13.974814] systemd[1]: Mounted POSIX Message Queue File System.
[   13.975712] systemd[1]: Mounted RPC Pipe File System.
[   13.976588] systemd[1]: Mounted Kernel Debug File System.
[   13.977461] systemd[1]: Mounted Kernel Trace File System.
[   13.980760] systemd[1]: Finished Wait for network to be configured by ifupdown.
[   13.984136] systemd[1]: Finished Create list of static device nodes for the current kernel.
[   13.985702] systemd[1]: modprobe@drm.service: Succeeded.
[   13.987982] systemd[1]: Finished Load Kernel Module drm.
[   14.082233] EXT4-fs (vdiska2): re-mounted. Opts: errors=remount-ro
[   14.088959] systemd[1]: Finished Load Kernel Modules.
[   14.092173] systemd[1]: Finished Remount Root and Kernel File Systems.
[   14.093146] systemd[1]: Condition check resulted in FUSE Control File System being skipped.
[   14.093428] systemd[1]: Condition check resulted in Kernel Configuration File System being skipped.
[   14.162744] systemd[1]: Starting Initial Check File System Quotas...
[   14.195510] systemd[1]: Condition check resulted in Rebuild Hardware Database being skipped.
[   14.195705] systemd[1]: Condition check resulted in Platform Persistent Storage Archival being skipped.
[   14.207060] systemd[1]: Starting Load/Save Random Seed...
[   14.218415] systemd[1]: Starting Apply Kernel Variables...
[   14.236843] systemd[1]: Starting Create System Users...
[   14.238413] systemd[1]: Started Journal Service.
[   16.844518] sha1_sparc64: Using sparc64 sha1 opcode optimized SHA-1 implementation
[   16.944768] n2rng v0.3 (Jan 7, 2017)
[   16.944810] n2rng f029b104: Registered RNG HVAPI major 2 minor 0
[   16.944837] n2rng f029b104: Found multi-unit-capable RNG, units: 2
[   16.945145] n2rng f029b104: RNG ready
[   16.991758] pktcdvd: setup of pktcdvd device failed
[   17.021667] pktcdvd: setup of pktcdvd device failed
[   17.023894] sha256_sparc64: Using sparc64 sha256 opcode optimized SHA-256/SHA-224 implementation
[   17.024176] pktcdvd: setup of pktcdvd device failed
[   17.026686] pktcdvd: setup of pktcdvd device failed
[   17.029570] pktcdvd: setup of pktcdvd device failed
[   17.032341] pktcdvd: setup of pktcdvd device failed
[   17.034726] pktcdvd: setup of pktcdvd device failed
[   17.036982] pktcdvd: setup of pktcdvd device failed
[   17.401409] sha512_sparc64: Using sparc64 sha512 opcode optimized SHA-512/SHA-384 implementation
[   17.425852] md5_sparc64: Using sparc64 md5 opcode optimized MD5 implementation
[   17.457960] XFS (dm-0): Mounting V5 Filesystem
[   17.790187] Adding 787176k swap on /dev/vdiska4.  Priority:-2 extents:1 across:787176k FS
[   17.948764] XFS (dm-0): Ending clean mount
[   17.960448] xfs filesystem being mounted at /1 supports timestamps until 2038 (0x7fffffff)
[   18.402828] EXT4-fs (vdiska1): mounting ext3 file system using the ext4 subsystem
[   18.786471] EXT4-fs (vdiska1): mounted filesystem with ordered data mode. Opts: (null)
[   18.786607] ext3 filesystem being mounted at /boot supports timestamps until 2038 (0x7fffffff)
[   18.960358] random: crng init done
[   18.960396] random: 4 urandom warning(s) missed due to ratelimiting
[   20.242008] Kernel unaligned access at TPC[8d4d5c] aa_dfa_unpack+0x3c/0x640
[   20.242053] Kernel unaligned access at TPC[8d4d70] aa_dfa_unpack+0x50/0x640
[   20.242083] Kernel unaligned access at TPC[8d4e34] aa_dfa_unpack+0x114/0x640
[   20.242113] Kernel unaligned access at TPC[8d4f04] aa_dfa_unpack+0x1e4/0x640
[   20.242142] Kernel unaligned access at TPC[8d4f18] aa_dfa_unpack+0x1f8/0x640
[   20.243797] audit: type=1400 audit(1603287010.620:2): apparmor="STATUS" operation="profile_load" profile="unconfined" name="/usr/sbin/haveged" pid=679 comm="apparmor_parser"
[   20.249623] audit: type=1400 audit(1603287010.620:3): apparmor="STATUS" operation="profile_load" profile="unconfined" name="nvidia_modprobe" pid=681 comm="apparmor_parser"
[   20.249684] audit: type=1400 audit(1603287010.620:4): apparmor="STATUS" operation="profile_load" profile="unconfined" name="nvidia_modprobe//kmod" pid=681 comm="apparmor_parser"
[   20.265908] audit: type=1400 audit(1603287010.640:5): apparmor="STATUS" operation="profile_load" profile="unconfined" name="lsb_release" pid=686 comm="apparmor_parser"
[   20.296676] audit: type=1400 audit(1603287010.670:6): apparmor="STATUS" operation="profile_load" profile="unconfined" name="/usr/bin/man" pid=682 comm="apparmor_parser"
[   20.296739] audit: type=1400 audit(1603287010.670:7): apparmor="STATUS" operation="profile_load" profile="unconfined" name="man_filter" pid=682 comm="apparmor_parser"
[   20.296798] audit: type=1400 audit(1603287010.670:8): apparmor="STATUS" operation="profile_load" profile="unconfined" name="man_groff" pid=682 comm="apparmor_parser"
[   20.326293] audit: type=1400 audit(1603287010.700:9): apparmor="STATUS" operation="profile_load" profile="unconfined" name="named" pid=685 comm="apparmor_parser"
[   20.329268] audit: type=1400 audit(1603287010.700:10): apparmor="STATUS" operation="profile_load" profile="unconfined" name="tcpdump" pid=684 comm="apparmor_parser"
