[    0.000018] PROMLIB: Sun IEEE Boot Prom 'OBP 4.38.12 2018/03/28 14:54'
[    0.000030] PROMLIB: Root node compatible: sun4v
[    0.000082] Linux version 5.7.0-03827-gd6f9469a03d8 (mator@ttip) (gcc version 9.3.0 (Debian 9.3.0-12), GNU ld (GNU Binutils for Debian) 2.34) #128 SMP Wed Jun 3 14:06:29 MSK 2020
[    0.000424] printk: bootconsole [earlyprom0] enabled
[    0.000476] ARCH: SUN4V
[    0.000527] Ethernet address: 00:14:4f:fa:06:f2
[    0.000581] MM: PAGE_OFFSET is 0xfff8000000000000 (max_phys_bits == 47)
[    0.000647] MM: VMALLOC [0x0000000100000000 --> 0x0006000000000000]
[    0.000710] MM: VMEMMAP [0x0006000000000000 --> 0x000c000000000000]
[    0.012368] Kernel: Using 5 locked TLB entries for main kernel image.
[    0.012440] Remapping the kernel... 
[    0.012464] done.
[    0.045423] OF stdout device is: /virtual-devices@100/console@1
[    0.045488] PROM: Built device tree with 86758 bytes of memory.
[    0.045549] MDESC: Size is 36512 bytes.
[    0.045665] PLATFORM: banner-name [SPARC T5-2]
[    0.045717] PLATFORM: name [ORCL,SPARC-T5-2]
[    0.045763] PLATFORM: hostid [84fa06f2]
[    0.045807] PLATFORM: serial# [0035260e]
[    0.045850] PLATFORM: stick-frequency [3b9aca00]
[    0.045900] PLATFORM: mac-address [144ffa06f2]
[    0.045948] PLATFORM: watchdog-resolution [1000 ms]
[    0.045998] PLATFORM: watchdog-max-timeout [31536000000 ms]
[    0.046054] PLATFORM: max-cpus [1024]
[    0.050839] Allocated 40960 bytes for kernel page tables.
[    0.050932] Zone ranges:
[    0.050972]   Normal   [mem 0x0000000030400000-0x00000024af937fff]
[    0.051035] Movable zone start for each node
[    0.051081] Early memory node ranges
[    0.051123]   node   0: [mem 0x0000000030400000-0x000000006fe7ffff]
[    0.051187]   node   0: [mem 0x000000006ff00000-0x000000006ff25fff]
[    0.051249]   node   0: [mem 0x0000000070000000-0x000000042fffffff]
[    0.051313]   node   0: [mem 0x0000002030000000-0x00000024af87ffff]
[    0.051377]   node   0: [mem 0x00000024af900000-0x00000024af925fff]
[    0.051439]   node   0: [mem 0x00000024af930000-0x00000024af937fff]
[    0.066067] Zeroed struct page in unavailable ranges: 263766 pages
[    0.066078] Initmem setup node 0 [mem 0x0000000030400000-0x00000024af937fff]
[    0.066238] On node 0 totalpages: 4454826
[    0.066248]   Normal zone: 39154 pages used for memmap
[    0.066254]   Normal zone: 0 pages reserved
[    0.066259]   Normal zone: 4454826 pages, LIFO batch:31
[    0.077511] Booting Linux...
[    0.077596] CPU CAPS: [flush,stbar,swap,muldiv,v9,blkinit,n2,mul32]
[    0.077679] CPU CAPS: [div32,v8plus,popc,vis,vis2,ASIBlkInit,fmaf,vis3]
[    0.077758] CPU CAPS: [hpc,ima,pause,cbcond,aes,des,kasumi,camellia]
[    0.077833] CPU CAPS: [md5,sha1,sha256,sha512,mpmul,montmul,montsqr,crc32c]
[    0.107562] percpu: Embedded 27 pages/cpu s183120 r8192 d29872 u262144
[    0.107774] pcpu-alloc: s183120 r8192 d29872 u262144 alloc=1*4194304
[    0.107781] pcpu-alloc: [0] 000 001 002 003 004 005 006 007 008 009 010 011 012 013 014 015 
[    0.107809] pcpu-alloc: [0] 016 017 018 019 020 021 022 023 024 025 026 027 028 029 030 031 
[    0.107837] pcpu-alloc: [0] 032 033 034 035 036 037 038 039 040 041 042 043 044 045 046 047 
[    0.107864] pcpu-alloc: [0] 048 049 050 051 052 053 054 055 056 057 058 059 060 061 062 063 
[    0.107892] pcpu-alloc: [0] 064 065 066 067 068 069 070 071 072 073 074 075 076 077 078 079 
[    0.107920] pcpu-alloc: [0] 080 081 082 083 084 085 086 087 088 089 090 091 092 093 094 095 
[    0.107947] pcpu-alloc: [0] 096 097 098 099 100 101 102 103 104 105 106 107 108 109 110 111 
[    0.107975] pcpu-alloc: [0] 112 113 114 115 116 117 118 119 120 121 122 123 124 125 126 127 
[    0.108386] SUN4V: Mondo queue sizes [cpu(131072) dev(16384) r(8192) nr(256)]
[    0.108772] Built 1 zonelists, mobility grouping on.  Total pages: 4415672
[    0.108843] Policy zone: Normal
[    0.108901] Kernel command line: BOOT_IMAGE=/vmlinux-5.7.0-03827-gd6f9469a03d8 root=/dev/vdiska2 ro zswap.enabled=1
[    0.111632] printk: log_buf_len individual max cpu contribution: 4096 bytes
[    0.111704] printk: log_buf_len total cpu_extra contributions: 520192 bytes
[    0.111771] printk: log_buf_len min size: 131072 bytes
[    0.112040] printk: log_buf_len: 1048576 bytes
[    0.112091] printk: early log buf free: 126696(96%)
[    0.118407] Dentry cache hash table entries: 8388608 (order: 13, 67108864 bytes, linear)
[    0.121643] Inode-cache hash table entries: 4194304 (order: 12, 33554432 bytes, linear)
[    0.121719] Sorting __ex_table...
[    0.121971] mem auto-init: stack:off, heap alloc:off, heap free:off
[    0.183172] Memory: 1305232K/35638608K available (7863K kernel code, 1060K rwdata, 2328K rodata, 656K init, 6831K bss, 509312K reserved, 0K cma-reserved)
[    0.183865] SLUB: HWalign=32, Order=0-3, MinObjects=0, CPUs=128, Nodes=32
[    0.184172] ftrace: allocating 21951 entries in 43 pages
[    0.192564] ftrace: allocated 43 pages with 4 groups
[    0.195562] Running RCU self tests
[    0.195652] rcu: Hierarchical RCU implementation.
[    0.195706] rcu: 	RCU event tracing is enabled.
[    0.195755] rcu: 	RCU lockdep checking is enabled.
[    0.195806] 	Trampoline variant of Tasks RCU enabled.
[    0.195859] 	Rude variant of Tasks RCU enabled.
[    0.195907] 	Tracing variant of Tasks RCU enabled.
[    0.195958] rcu: RCU calculated value of scheduler-enlistment delay is 10 jiffies.
[    0.200403] NR_IRQS: 2048, nr_irqs: 2048, preallocated irqs: 1
[    0.200480] SUN4V: Using IRQ API major 3, cookie only virqs enabled
[    0.203035] clocksource: stick: mask: 0xffffffffffffffff max_cycles: 0x1cd42e4dffb, max_idle_ns: 881590591483 ns
[    0.203167] clocksource: mult[800000] shift[23]
[    0.203217] clockevent: mult[80000000] shift[31]
[    0.203597] Console: colour dummy device 80x25
[    0.203661] printk: console [tty0] enabled
[    0.203740] printk: bootconsole [earlyprom0] disabled
[    0.203829] Lock dependency validator: Copyright (c) 2006 Red Hat, Inc., Ingo Molnar
[    0.203882] ... MAX_LOCKDEP_SUBCLASSES:  8
[    0.203914] ... MAX_LOCK_DEPTH:          48
[    0.203947] ... MAX_LOCKDEP_KEYS:        8192
[    0.203981] ... CLASSHASH_SIZE:          4096
[    0.204015] ... MAX_LOCKDEP_ENTRIES:     16384
[    0.204049] ... MAX_LOCKDEP_CHAINS:      32768
[    0.204083] ... CHAINHASH_SIZE:          16384
[    0.204117]  memory used by lock dependency info: 3919 kB
[    0.204156]  memory used for stack traces: 2112 kB
[    0.204192]  per task-struct memory footprint: 1920 bytes
[    0.353446] Calibrating delay using timer specific routine.. 2003.94 BogoMIPS (lpj=10019730)
[    0.353508] pid_max: default: 131072 minimum: 1024
[    0.353771] LSM: Security Framework initializing
[    0.353927] AppArmor: AppArmor initialized
[    0.354204] Mount-cache hash table entries: 131072 (order: 7, 1048576 bytes, linear)
[    0.354374] Mountpoint-cache hash table entries: 131072 (order: 7, 1048576 bytes, linear)
[    0.359578] rcu: Hierarchical SRCU implementation.
[    0.368254] smp: Bringing up secondary CPUs ...
[    0.414362] smp: Brought up 1 node, 32 CPUs
[    0.613455] node 0 initialised, 4228008 pages in 190ms
[    0.615565] devtmpfs: initialized
[    0.620681] Performance events: 
[    0.620725] Testing NMI watchdog ... 
[    0.820800] OK.
[    0.820907] Supported PMU type is 'niagara5'
[    0.821098] random: get_random_u32 called from bucket_table_alloc.isra.0+0x198/0x1c0 with crng_init=0
[    0.821609] ldc.c:v1.1 (July 22, 2008)
[    0.824367] clocksource: jiffies: mask: 0xffffffff max_cycles: 0xffffffff, max_idle_ns: 19112604462750000 ns
[    0.824463] futex hash table entries: 32768 (order: 9, 4194304 bytes, linear)
[    0.829833] NET: Registered protocol family 16
[    0.839131] VIO: Adding device channel-devices (tx_ino = ffffffffffffffff, rx_ino = ffffffffffffffff)
[    0.839350] VIO: Adding device vnet-port-0-0 (tx_ino = 0, rx_ino = 1)
[    0.839572] VIO: Adding device vnet-port-0-1 (tx_ino = 2, rx_ino = 3)
[    0.839754] VIO: Adding device vnet-port-0-2 (tx_ino = 4, rx_ino = 5)
[    0.839935] VIO: Adding device vnet-port-0-3 (tx_ino = 6, rx_ino = 7)
[    0.840121] VIO: Adding device vnet-port-0-4 (tx_ino = 8, rx_ino = 9)
[    0.840300] VIO: Adding device vnet-port-0-5 (tx_ino = a, rx_ino = b)
[    0.840480] VIO: Adding device vdc-port-2-0 (tx_ino = c, rx_ino = d)
[    0.840664] VIO: Adding device vdc-port-1-0 (tx_ino = e, rx_ino = f)
[    0.840847] VIO: Adding device vdc-port-0-0 (tx_ino = 10, rx_ino = 11)
[    0.841071] VIO: Adding device vdc-port-3-0 (tx_ino = 12, rx_ino = 13)
[    0.841259] VIO: Adding device vlds-port-0-0 (tx_ino = 14, rx_ino = 15)
[    0.841443] VIO: Adding device domain-services-port-0 (tx_ino = 14, rx_ino = 15)
[    0.841749] audit: initializing netlink subsys (disabled)
[    0.842021] audit: type=2000 audit(0.440:1): state=initialized audit_enabled=0 res=1
[    0.871672] HugeTLB registered 64.0 KiB page size, pre-allocated 0 pages
[    0.871724] HugeTLB registered 8.00 MiB page size, pre-allocated 0 pages
[    0.871772] HugeTLB registered 256 MiB page size, pre-allocated 0 pages
[    0.871819] HugeTLB registered 2.00 GiB page size, pre-allocated 0 pages
[    0.874860] alg: extra crypto tests enabled.  This is intended for developer use only.
[    0.898110] cryptd: max_cpu_qlen set to 1000
[    1.002138] NetLabel: Initializing
[    1.002174] NetLabel:  domain hash size = 128
[    1.002209] NetLabel:  protocols = UNLABELED CIPSOv4 CALIPSO
[    1.002340] NetLabel:  unlabeled traffic allowed by default
[    1.003322] SUN4V: Reboot data supported (maj=1,min=0).
[    1.003972] ds.c:v1.0 (Jul 11, 2007)
[    1.004323] ds-0: ds_conn_reset() from send_events.isra.0
[    1.004821] clocksource: Switched to clocksource stick
[    1.215262] VFS: Disk quotas dquot_6.6.0
[    1.216029] VFS: Dquot-cache hash table entries: 1024 (order 0, 8192 bytes)
[    1.219815] AppArmor: AppArmor Filesystem Enabled
[    1.233792] NET: Registered protocol family 2
[    1.236999] tcp_listen_portaddr_hash hash table entries: 32768 (order: 8, 2621440 bytes, linear)
[    1.240045] TCP established hash table entries: 524288 (order: 9, 4194304 bytes, linear)
[    1.242479] TCP bind hash table entries: 65536 (order: 9, 4718592 bytes, linear)
[    1.248657] TCP: Hash tables configured (established 524288 bind 65536)
[    1.251318] UDP hash table entries: 32768 (order: 9, 5242880 bytes, linear)
[    1.257784] UDP-Lite hash table entries: 32768 (order: 9, 5242880 bytes, linear)
[    1.266649] NET: Registered protocol family 1
[    1.266714] NET: Registered protocol family 44
[    1.267358] Trying to unpack rootfs image as initramfs...
[    1.466201] Freeing initrd memory: 14824K
[    1.466948] aes_sparc64: Using sparc64 aes opcodes optimized AES implementation
[    1.720709] des_sparc64: Using sparc64 des opcodes optimized DES implementation
[    2.173755] camellia_sparc64: Using sparc64 camellia opcodes optimized CAMELLIA implementation
[    2.341689] workingset: timestamp_bits=41 max_order=23 bucket_order=0
[    2.363227] zbud: loaded
[    2.367804] SGI XFS with ACLs, security attributes, quota, fatal assert, debug enabled
[    2.398394] Block layer SCSI generic (bsg) driver version 0.4 loaded (major 252)
[    2.399350] io scheduler mq-deadline registered
[    2.402676] f029b788: ttyHV0 at I/O 0x0 (irq = 1, base_baud = 115200) is a SUN4V HCONS
[    2.403675] printk: console [ttyHV0] enabled
[    2.407987] sunvdc.c:v1.2 (November 24, 2014)
[    2.411620] sunvdc: Virtual Hard disk vdiskc
[    2.411661] sunvdc: vdiskc: 104857600 sectors (51200 MB) protocol 1.2
[    2.434977] sunvdc: Virtual Hard disk vdiskb
[    2.435022] sunvdc: vdiskb: 62914560 sectors (30720 MB) protocol 1.2
[    2.436617]  vdiskb: vdiskb1
[    2.458548] sunvdc: Virtual Hard disk vdiska
[    2.458603] sunvdc: vdiska: 31457280 sectors (15360 MB) protocol 1.2
[    2.459861]  vdiska: vdiska1 vdiska2 vdiska3 vdiska4
[    2.482627] sunvdc: Virtual CDROM vdiskd
[    2.482672] sunvdc: vdiskd: 453848 sectors (221 MB) protocol 1.2
[    2.483738]  vdiskd: vdiskd1 vdiskd2 vdiskd3 vdiskd4 vdiskd5 vdiskd6 vdiskd7
[    2.505255] sunvnet: sunvnet 2.0 (February 3, 2017)
[    2.507998] vnet_port vnet-port-0-0 eth0: Sun LDOM vnet 00:14:4f:f8:12:a3
[    2.508224] sunvnet: eth0: PORT ( remote-mac 00:14:4f:fa:f3:f0 switch-port )
[    2.508851] sunvnet: eth0: PORT ( remote-mac 00:14:4f:f8:e5:f3 )
[    2.509459] sunvnet: eth0: PORT ( remote-mac 00:14:4f:f9:b4:97 )
[    2.510069] sunvnet: eth0: PORT ( remote-mac 00:14:4f:f8:3f:1e )
[    2.510681] sunvnet: eth0: PORT ( remote-mac 00:14:4f:f8:fe:47 )
[    2.511306] sunvnet: eth0: PORT ( remote-mac 00:14:4f:f9:8b:83 )
[    2.512590] rtc-sun4v rtc-sun4v: registered as rtc0
[    2.512733] rtc-sun4v rtc-sun4v: setting system clock to 2020-06-03T11:50:11 UTC (1591185011)
[    2.513373] sun4v_wdt: initialized (timeout=60s, nowayout=0)
[    2.513778] device-mapper: uevent: version 1.0.3
[    2.514872] device-mapper: ioctl: 4.42.0-ioctl (2020-02-27) initialised: dm-devel@redhat.com
[    2.515892] NET: Registered protocol family 17
[    2.516291] registered taskstats version 1
[    2.517239] zswap: loaded using pool lzo/zbud
[    2.841436] Key type big_key registered
[    2.841509] AppArmor: AppArmor sha1 policy hashing enabled
[    2.846673] This architecture does not have kernel memory protection.
[    2.846729] Run /init as init process
[    2.846764]   with arguments:
[    2.846771]     /init
[    2.846777]   with environment:
[    2.846784]     HOME=/
[    2.846790]     TERM=linux
[    2.846797]     BOOT_IMAGE=/vmlinux-5.7.0-03827-gd6f9469a03d8
[    3.322682] crc32c_sparc64: Using sparc64 crc32c opcode optimized CRC32C implementation
[    3.884774] raid6: int64x8  gen()  2158 MB/s
[    4.054775] raid6: int64x8  xor()  1537 MB/s
[    4.224775] raid6: int64x4  gen()  3428 MB/s
[    4.394770] raid6: int64x4  xor()  1480 MB/s
[    4.564796] raid6: int64x2  gen()  2791 MB/s
[    4.734783] raid6: int64x2  xor()  1162 MB/s
[    4.904791] raid6: int64x1  gen()  1392 MB/s
[    5.074770] raid6: int64x1  xor()   676 MB/s
[    5.074814] raid6: using algorithm int64x4 gen() 3428 MB/s
[    5.074857] raid6: .... xor() 1480 MB/s, rmw enabled
[    5.074898] raid6: using intx1 recovery algorithm
[    5.075764] async_tx: api initialized (async)
[    5.076284] xor: automatically using best checksumming function   Niagara   
[    5.159914] random: fast init done
[    5.279728] process '/usr/bin/fstype' started with executable stack
[    5.390586] EXT4-fs (vdiska2): mounted filesystem with ordered data mode. Opts: (null)
[    7.877969] systemd[1]: Inserted module 'autofs4'
[    7.890267] NET: Registered protocol family 10
[    7.896717] Segment Routing with IPv6
[    7.959721] systemd[1]: systemd 245.5-3 running in system mode. (+PAM +AUDIT +SELINUX +IMA +APPARMOR +SMACK +SYSVINIT +UTMP +LIBCRYPTSETUP +GCRYPT +GNUTLS +ACL +XZ +LZ4 -SECCOMP +BLKID +ELFUTILS +KMOD +IDN2 -IDN +PCRE2 default-hierarchy=hybrid)
[    7.960333] systemd[1]: Detected architecture sparc64.
[    8.034977] systemd[1]: Set hostname to <ttip>.
[    9.202729] random: lvmconfig: uninitialized urandom read (4 bytes read)
[   10.731888] random: systemd: uninitialized urandom read (16 bytes read)
[   10.775381] systemd[1]: Created slice system-getty.slice.
[   10.776074] random: systemd: uninitialized urandom read (16 bytes read)
[   10.785061] systemd[1]: Created slice system-modprobe.slice.
[   10.785472] random: systemd: uninitialized urandom read (16 bytes read)
[   10.794547] systemd[1]: Created slice system-openvpn\x2dclient.slice.
[   10.834517] systemd[1]: Created slice system-postfix.slice.
[   10.844104] systemd[1]: Created slice system-systemd\x2dfsck.slice.
[   10.853513] systemd[1]: Created slice User and Session Slice.
[   10.854459] systemd[1]: Started Dispatch Password Requests to Console Directory Watch.
[   10.856527] systemd[1]: Started Forward Password Requests to Wall Directory Watch.
[   10.859538] systemd[1]: Set up automount Arbitrary Executable File Formats File System Automount Point.
[   10.860118] systemd[1]: Reached target Local Encrypted Volumes.
[   10.860632] systemd[1]: Reached target Paths.
[   10.861083] systemd[1]: Reached target Remote File Systems.
[   10.861542] systemd[1]: Reached target Slices.
[   10.862504] systemd[1]: Listening on Device-mapper event daemon FIFOs.
[   10.863896] systemd[1]: Listening on LVM2 poll daemon socket.
[   10.865031] systemd[1]: Listening on Syslog Socket.
[   10.866023] systemd[1]: Listening on fsck to fsckd communication Socket.
[   10.866813] systemd[1]: Listening on initctl Compatibility Named Pipe.
[   10.868042] systemd[1]: Listening on Journal Audit Socket.
[   10.869029] systemd[1]: Listening on Journal Socket (/dev/log).
[   10.870204] systemd[1]: Listening on Journal Socket.
[   10.871294] systemd[1]: Listening on udev Control Socket.
[   10.872128] systemd[1]: Listening on udev Kernel Socket.
[   10.887668] systemd[1]: Mounting Huge Pages File System...
[   10.902477] systemd[1]: Mounting POSIX Message Queue File System...
[   10.919168] systemd[1]: Mounting Kernel Debug File System...
[   10.988977] systemd[1]: Mounting Kernel Trace File System...
[   11.003165] systemd[1]: Starting Availability of block devices...
[   11.019071] systemd[1]: Starting Wait for network to be configured by ifupdown...
[   11.033884] systemd[1]: Starting Create list of static device nodes for the current kernel...
[   11.048852] systemd[1]: Starting Monitoring of LVM2 mirrors, snapshots etc. using dmeventd or progress polling...
[   11.064857] systemd[1]: Starting Load Kernel Module drm...
[   11.079290] systemd[1]: Starting nftables...
[   11.110535] systemd[1]: Condition check resulted in Set Up Additional Binary Formats being skipped.
[   11.110788] systemd[1]: Condition check resulted in File System Check on Root Device being skipped.
[   11.129587] systemd[1]: Starting Journal Service...
[   11.145457] systemd[1]: Starting Load Kernel Modules...
[   11.161083] systemd[1]: Starting Remount Root and Kernel File Systems...
[   11.179279] systemd[1]: Starting udev Coldplug all Devices...
[   11.188584] systemd[1]: Mounted Huge Pages File System.
[   11.190250] systemd[1]: Mounted POSIX Message Queue File System.
[   11.191709] systemd[1]: Mounted Kernel Debug File System.
[   11.193161] systemd[1]: Mounted Kernel Trace File System.
[   11.200859] systemd[1]: Finished Availability of block devices.
[   11.207682] systemd[1]: Finished Wait for network to be configured by ifupdown.
[   11.214085] systemd[1]: Finished Create list of static device nodes for the current kernel.
[   11.217521] systemd[1]: modprobe@drm.service: Succeeded.
[   11.222068] systemd[1]: Finished Load Kernel Module drm.
[   11.243145] systemd[1]: Finished Load Kernel Modules.
[   11.249006] systemd[1]: Condition check resulted in FUSE Control File System being skipped.
[   11.249390] systemd[1]: Condition check resulted in Kernel Configuration File System being skipped.
[   11.263772] systemd[1]: Starting Apply Kernel Variables...
[   11.265629] EXT4-fs (vdiska2): re-mounted. Opts: errors=remount-ro
[   11.286946] systemd[1]: Finished Remount Root and Kernel File Systems.
[   11.366021] systemd[1]: Starting Initial Check File System Quotas...
[   11.386008] systemd[1]: Condition check resulted in Rebuild Hardware Database being skipped.
[   11.386300] systemd[1]: Condition check resulted in Platform Persistent Storage Archival being skipped.
[   11.401137] systemd[1]: Starting Load/Save Random Seed...
[   11.417407] systemd[1]: Starting Create System Users...
[   11.419594] systemd[1]: Started Journal Service.
[   11.513922] systemd-journald[503]: Received client request to flush runtime journal.
[   13.712078] sha1_sparc64: Using sparc64 sha1 opcode optimized SHA-1 implementation
[   13.775803] n2rng v0.3 (Jan 7, 2017)
[   13.775894] n2rng f029b104: Registered RNG HVAPI major 2 minor 0
[   13.775966] n2rng f029b104: Found multi-unit-capable RNG, units: 2
[   13.776977] n2rng f029b104: RNG ready
[   13.877246] sha256_sparc64: Using sparc64 sha256 opcode optimized SHA-256/SHA-224 implementation
[   13.932672] pktcdvd: setup of pktcdvd device failed
[   13.974488] pktcdvd: setup of pktcdvd device failed
[   13.981976] pktcdvd: setup of pktcdvd device failed
[   13.985454] pktcdvd: setup of pktcdvd device failed
[   13.988862] pktcdvd: setup of pktcdvd device failed
[   13.991848] pktcdvd: setup of pktcdvd device failed
[   13.996052] pktcdvd: setup of pktcdvd device failed
[   13.999747] pktcdvd: setup of pktcdvd device failed
[   14.047954] sha512_sparc64: Using sparc64 sha512 opcode optimized SHA-512/SHA-384 implementation
[   14.057335] md5_sparc64: Using sparc64 md5 opcode optimized MD5 implementation
[   14.274952] Adding 787176k swap on /dev/vdiska4.  Priority:-2 extents:1 across:787176k FS
[   14.515323] XFS (dm-0): Mounting V5 Filesystem
[   14.596400] XFS (dm-0): Ending clean mount
[   14.599235] xfs filesystem being mounted at /1 supports timestamps until 2038 (0x7fffffff)
[   14.786731] EXT4-fs (vdiska1): mounting ext3 file system using the ext4 subsystem
[   15.070291] EXT4-fs (vdiska1): mounted filesystem with ordered data mode. Opts: (null)
[   15.070489] ext3 filesystem being mounted at /boot supports timestamps until 2038 (0x7fffffff)
[   16.005354] random: crng init done
[   16.005491] random: 6 urandom warning(s) missed due to ratelimiting
[   16.331245] Kernel unaligned access at TPC[8b0298] aa_dfa_unpack+0x38/0x5a0
[   16.331372] Kernel unaligned access at TPC[8b02b8] aa_dfa_unpack+0x58/0x5a0
[   16.331450] Kernel unaligned access at TPC[8b0374] aa_dfa_unpack+0x114/0x5a0
[   16.331529] Kernel unaligned access at TPC[8b0454] aa_dfa_unpack+0x1f4/0x5a0
[   16.331605] Kernel unaligned access at TPC[8b0468] aa_dfa_unpack+0x208/0x5a0
[   16.338283] audit: type=1400 audit(1591185025.320:2): apparmor="STATUS" operation="profile_load" profile="unconfined" name="/usr/sbin/haveged" pid=686 comm="apparmor_parser"
[   16.341455] audit: type=1400 audit(1591185025.320:3): apparmor="STATUS" operation="profile_load" profile="unconfined" name="nvidia_modprobe" pid=687 comm="apparmor_parser"
[   16.341577] audit: type=1400 audit(1591185025.320:4): apparmor="STATUS" operation="profile_load" profile="unconfined" name="nvidia_modprobe//kmod" pid=687 comm="apparmor_parser"
[   16.380355] audit: type=1400 audit(1591185025.360:5): apparmor="STATUS" operation="profile_load" profile="unconfined" name="lsb_release" pid=691 comm="apparmor_parser"
[   16.414767] audit: type=1400 audit(1591185025.390:6): apparmor="STATUS" operation="profile_load" profile="unconfined" name="/usr/bin/man" pid=688 comm="apparmor_parser"
[   16.414891] audit: type=1400 audit(1591185025.390:7): apparmor="STATUS" operation="profile_load" profile="unconfined" name="man_filter" pid=688 comm="apparmor_parser"
[   16.415009] audit: type=1400 audit(1591185025.400:8): apparmor="STATUS" operation="profile_load" profile="unconfined" name="man_groff" pid=688 comm="apparmor_parser"
[   16.450826] audit: type=1400 audit(1591185025.430:9): apparmor="STATUS" operation="profile_load" profile="unconfined" name="/usr/sbin/named" pid=690 comm="apparmor_parser"
[   16.469131] audit: type=1400 audit(1591185025.450:10): apparmor="STATUS" operation="profile_load" profile="unconfined" name="tcpdump" pid=689 comm="apparmor_parser"
