[    0.000021] PROMLIB: Sun IEEE Boot Prom 'OBP 4.38.12 2018/03/28 14:54'
[    0.000033] PROMLIB: Root node compatible: sun4v
[    0.000085] Linux version 5.9.0-rc8-00207-g2bb8945bcc1a (mator@ttip) (gcc (Debian 10.2.0-15) 10.2.0, GNU ld (GNU Binutils for Debian) 2.35.1) #114 SMP Wed Oct 21 18:07:18 MSK 2020
[    0.000430] printk: bootconsole [earlyprom0] enabled
[    0.000480] ARCH: SUN4V
[    0.000531] Ethernet address: 00:14:4f:fa:06:f2
[    0.000583] MM: PAGE_OFFSET is 0xfff8000000000000 (max_phys_bits == 47)
[    0.000647] MM: VMALLOC [0x0000000100000000 --> 0x0006000000000000]
[    0.000708] MM: VMEMMAP [0x0006000000000000 --> 0x000c000000000000]
[    0.012925] Kernel: Using 5 locked TLB entries for main kernel image.
[    0.012993] Remapping the kernel... 
[    0.013015] done.
[    0.045855] OF stdout device is: /virtual-devices@100/console@1
[    0.045918] PROM: Built device tree with 86758 bytes of memory.
[    0.045977] MDESC: Size is 36512 bytes.
[    0.046091] PLATFORM: banner-name [SPARC T5-2]
[    0.046140] PLATFORM: name [ORCL,SPARC-T5-2]
[    0.046186] PLATFORM: hostid [84fa06f2]
[    0.046230] PLATFORM: serial# [0035260e]
[    0.046271] PLATFORM: stick-frequency [3b9aca00]
[    0.046320] PLATFORM: mac-address [144ffa06f2]
[    0.046365] PLATFORM: watchdog-resolution [1000 ms]
[    0.046416] PLATFORM: watchdog-max-timeout [31536000000 ms]
[    0.046471] PLATFORM: max-cpus [1024]
[    0.051218] Allocated 40960 bytes for kernel page tables.
[    0.051307] Zone ranges:
[    0.051346]   Normal   [mem 0x0000000030400000-0x00000024af937fff]
[    0.051408] Movable zone start for each node
[    0.051454] Early memory node ranges
[    0.051494]   node   0: [mem 0x0000000030400000-0x000000006fe7ffff]
[    0.051555]   node   0: [mem 0x000000006ff00000-0x000000006ff25fff]
[    0.051617]   node   0: [mem 0x0000000070000000-0x000000042fffffff]
[    0.051678]   node   0: [mem 0x0000002030000000-0x00000024af87ffff]
[    0.051737]   node   0: [mem 0x00000024af900000-0x00000024af925fff]
[    0.051797]   node   0: [mem 0x00000024af930000-0x00000024af937fff]
[    0.065790] Zeroed struct page in unavailable ranges: 263766 pages
[    0.065799] Initmem setup node 0 [mem 0x0000000030400000-0x00000024af937fff]
[    0.065958] On node 0 totalpages: 4454826
[    0.065967]   Normal zone: 39154 pages used for memmap
[    0.065972]   Normal zone: 0 pages reserved
[    0.065977]   Normal zone: 4454826 pages, LIFO batch:31
[    0.225018] Booting Linux...
[    0.225104] CPU CAPS: [flush,stbar,swap,muldiv,v9,blkinit,n2,mul32]
[    0.225185] CPU CAPS: [div32,v8plus,popc,vis,vis2,ASIBlkInit,fmaf,vis3]
[    0.226263] CPU CAPS: [hpc,ima,pause,cbcond,aes,des,kasumi,camellia]
[    0.226335] CPU CAPS: [md5,sha1,sha256,sha512,mpmul,montmul,montsqr,crc32c]
[    0.256128] percpu: Embedded 28 pages/cpu s184784 r8192 d36400 u262144
[    0.256341] pcpu-alloc: s184784 r8192 d36400 u262144 alloc=1*4194304
[    0.256348] pcpu-alloc: [0] 000 001 002 003 004 005 006 007 008 009 010 011 012 013 014 015 
[    0.256374] pcpu-alloc: [0] 016 017 018 019 020 021 022 023 024 025 026 027 028 029 030 031 
[    0.256400] pcpu-alloc: [0] 032 033 034 035 036 037 038 039 040 041 042 043 044 045 046 047 
[    0.256426] pcpu-alloc: [0] 048 049 050 051 052 053 054 055 056 057 058 059 060 061 062 063 
[    0.256451] pcpu-alloc: [0] 064 065 066 067 068 069 070 071 072 073 074 075 076 077 078 079 
[    0.256477] pcpu-alloc: [0] 080 081 082 083 084 085 086 087 088 089 090 091 092 093 094 095 
[    0.256503] pcpu-alloc: [0] 096 097 098 099 100 101 102 103 104 105 106 107 108 109 110 111 
[    0.256529] pcpu-alloc: [0] 112 113 114 115 116 117 118 119 120 121 122 123 124 125 126 127 
[    0.256970] SUN4V: Mondo queue sizes [cpu(131072) dev(16384) r(8192) nr(256)]
[    0.257345] Built 1 zonelists, mobility grouping on.  Total pages: 4415672
[    0.257415] Policy zone: Normal
[    0.257472] Kernel command line: BOOT_IMAGE=/vmlinux-5.9.0-rc8-00207-g2bb8945bcc1a root=/dev/vdiska2 ro zswap.enabled=1
[    0.260175] printk: log_buf_len individual max cpu contribution: 4096 bytes
[    0.260245] printk: log_buf_len total cpu_extra contributions: 520192 bytes
[    0.260311] printk: log_buf_len min size: 131072 bytes
[    0.260581] printk: log_buf_len: 1048576 bytes
[    0.260632] printk: early log buf free: 126688(96%)
[    0.266945] Dentry cache hash table entries: 8388608 (order: 13, 67108864 bytes, linear)
[    0.270180] Inode-cache hash table entries: 4194304 (order: 12, 33554432 bytes, linear)
[    0.270255] Sorting __ex_table...
[    0.270498] mem auto-init: stack:off, heap alloc:off, heap free:off
[    0.377297] Memory: 35127688K/35638608K available (8328K kernel code, 1094K rwdata, 2480K rodata, 680K init, 6920K bss, 510920K reserved, 0K cma-reserved)
[    0.377992] SLUB: HWalign=32, Order=0-3, MinObjects=0, CPUs=128, Nodes=32
[    0.378277] ftrace: allocating 23120 entries in 46 pages
[    0.387378] ftrace: allocated 46 pages with 4 groups
[    0.390157] Running RCU self tests
[    0.390549] rcu: Hierarchical RCU implementation.
[    0.390602] rcu: 	RCU event tracing is enabled.
[    0.390647] rcu: 	RCU lockdep checking is enabled.
[    0.390699] 	Trampoline variant of Tasks RCU enabled.
[    0.390750] 	Rude variant of Tasks RCU enabled.
[    0.390794] 	Tracing variant of Tasks RCU enabled.
[    0.390844] rcu: RCU calculated value of scheduler-enlistment delay is 10 jiffies.
[    0.395203] NR_IRQS: 2048, nr_irqs: 2048, preallocated irqs: 1
[    0.395285] SUN4V: Using IRQ API major 3, cookie only virqs enabled
[    0.397763] clocksource: stick: mask: 0xffffffffffffffff max_cycles: 0x1cd42e4dffb, max_idle_ns: 881590591483 ns
[    0.397893] clocksource: mult[800000] shift[23]
[    0.397943] clockevent: mult[80000000] shift[31]
[    0.398342] Console: colour dummy device 80x25
[    0.398405] printk: console [tty0] enabled
[    0.398484] printk: bootconsole [earlyprom0] disabled
[    0.398574] Lock dependency validator: Copyright (c) 2006 Red Hat, Inc., Ingo Molnar
[    0.398627] ... MAX_LOCKDEP_SUBCLASSES:  8
[    0.398659] ... MAX_LOCK_DEPTH:          48
[    0.398692] ... MAX_LOCKDEP_KEYS:        8192
[    0.398725] ... CLASSHASH_SIZE:          4096
[    0.398759] ... MAX_LOCKDEP_ENTRIES:     16384
[    0.398793] ... MAX_LOCKDEP_CHAINS:      32768
[    0.398826] ... CHAINHASH_SIZE:          16384
[    0.398860]  memory used by lock dependency info: 3983 kB
[    0.398899]  memory used for stack traces: 2112 kB
[    0.398935]  per task-struct memory footprint: 1920 bytes
[    0.548161] Calibrating delay using timer specific routine.. 2003.24 BogoMIPS (lpj=10016211)
[    0.548223] pid_max: default: 131072 minimum: 1024
[    0.548527] LSM: Security Framework initializing
[    0.548693] AppArmor: AppArmor initialized
[    0.548996] Mount-cache hash table entries: 131072 (order: 7, 1048576 bytes, linear)
[    0.549166] Mountpoint-cache hash table entries: 131072 (order: 7, 1048576 bytes, linear)
[    0.554923] rcu: Hierarchical SRCU implementation.
[    0.565792] smp: Bringing up secondary CPUs ...
[    0.567025] ------------[ cut here ]------------
[    0.567055] WARNING: CPU: 0 PID: 1 at kernel/locking/lockdep.c:4888 check_flags+0x9c/0x2c0
[    0.567082] DEBUG_LOCKS_WARN_ON(lockdep_hardirqs_enabled())
[    0.567084] Modules linked in:
[    0.567118] CPU: 0 PID: 1 Comm: swapper/0 Not tainted 5.9.0-rc8-00207-g2bb8945bcc1a #114
[    0.567145] Call Trace:
[    0.567160] [<00000000004727a8>] __warn+0xa8/0x120
[    0.567180] [<0000000000472c10>] warn_slowpath_fmt+0x64/0x74
[    0.567201] [<00000000004e877c>] check_flags+0x9c/0x2c0
[    0.567223] [<0000000000c19800>] lock_is_held_type+0x20/0x140
[    0.567246] [<00000000005096f4>] rcu_read_lock_sched_held+0x54/0xa0
[    0.567269] [<00000000004ed5e0>] lock_acquire+0x120/0x480
[    0.567291] [<0000000000c23170>] _raw_spin_lock+0x30/0x60
[    0.567313] [<00000000009bb1fc>] p1275_cmd_direct+0x1c/0x60
[    0.567333] [<00000000009bb0d0>] prom_startcpu_cpuid+0x30/0x40
[    0.567356] [<00000000004427e4>] __cpu_up+0x184/0x3a0
[    0.567375] [<0000000000474600>] bringup_cpu+0x20/0x120
[    0.567395] [<000000000047378c>] cpuhp_invoke_callback+0xec/0x340
[    0.567416] [<0000000000475494>] cpu_up+0x154/0x220
[    0.567435] [<0000000000475d20>] bringup_nonboot_cpus+0x60/0xa0
[    0.567461] [<0000000000fbc338>] smp_init+0x28/0xa0
[    0.567482] [<0000000000fad3b4>] kernel_init_freeable+0x18c/0x300
[    0.567502] irq event stamp: 5135
[    0.567518] hardirqs last  enabled at (5135): [<0000000000c23588>] _raw_spin_unlock_irqrestore+0x28/0x60
[    0.567548] hardirqs last disabled at (5134): [<0000000000c23340>] _raw_spin_lock_irqsave+0x20/0x80
[    0.567579] softirqs last  enabled at (1500): [<0000000000c26120>] __do_softirq+0x4e0/0x560
[    0.567609] softirqs last disabled at (1493): [<000000000042d394>] do_softirq_own_stack+0x34/0x60
[    0.567641] random: get_random_bytes called from __warn+0xc8/0x120 with crng_init=0
[    0.567647] ---[ end trace e5a8dfc18376d866 ]---
[    0.567685] possible reason: unannotated irqs-off.
[    0.567702] irq event stamp: 5135
[    0.567717] hardirqs last  enabled at (5135): [<0000000000c23588>] _raw_spin_unlock_irqrestore+0x28/0x60
[    0.567748] hardirqs last disabled at (5134): [<0000000000c23340>] _raw_spin_lock_irqsave+0x20/0x80
[    0.567778] softirqs last  enabled at (1500): [<0000000000c26120>] __do_softirq+0x4e0/0x560
[    0.567806] softirqs last disabled at (1493): [<000000000042d394>] do_softirq_own_stack+0x34/0x60
[    0.589585] smp: Brought up 1 node, 32 CPUs
[    0.592540] devtmpfs: initialized
[    0.594661] Performance events: 
[    0.594688] Testing NMI watchdog ... 
[    0.794750] OK.
[    0.794808] Supported PMU type is 'niagara5'
[    0.795332] ldc.c:v1.1 (July 22, 2008)
[    0.796682] clocksource: jiffies: mask: 0xffffffff max_cycles: 0xffffffff, max_idle_ns: 19112604462750000 ns
[    0.796733] futex hash table entries: 32768 (order: 9, 4194304 bytes, linear)
[    0.799339] NET: Registered protocol family 16
[    0.804250] VIO: Adding device channel-devices (tx_ino = ffffffffffffffff, rx_ino = ffffffffffffffff)
[    0.804355] VIO: Adding device vnet-port-0-0 (tx_ino = 0, rx_ino = 1)
[    0.804440] VIO: Adding device vnet-port-0-1 (tx_ino = 2, rx_ino = 3)
[    0.804523] VIO: Adding device vnet-port-0-2 (tx_ino = 4, rx_ino = 5)
[    0.804610] VIO: Adding device vnet-port-0-3 (tx_ino = 6, rx_ino = 7)
[    0.804699] VIO: Adding device vnet-port-0-4 (tx_ino = 8, rx_ino = 9)
[    0.804782] VIO: Adding device vnet-port-0-5 (tx_ino = a, rx_ino = b)
[    0.804897] VIO: Adding device vdc-port-2-0 (tx_ino = c, rx_ino = d)
[    0.804983] VIO: Adding device vdc-port-1-0 (tx_ino = e, rx_ino = f)
[    0.805066] VIO: Adding device vdc-port-0-0 (tx_ino = 10, rx_ino = 11)
[    0.805153] VIO: Adding device vdc-port-3-0 (tx_ino = 12, rx_ino = 13)
[    0.805236] VIO: Adding device vlds-port-0-0 (tx_ino = 14, rx_ino = 15)
[    0.805322] VIO: Adding device domain-services-port-0 (tx_ino = 14, rx_ino = 15)
[    0.805465] audit: initializing netlink subsys (disabled)
[    0.805640] audit: type=2000 audit(0.400:1): state=initialized audit_enabled=0 res=1
[    0.820732] HugeTLB registered 64.0 KiB page size, pre-allocated 0 pages
[    0.820758] HugeTLB registered 8.00 MiB page size, pre-allocated 0 pages
[    0.820781] HugeTLB registered 256 MiB page size, pre-allocated 0 pages
[    0.820804] HugeTLB registered 2.00 GiB page size, pre-allocated 0 pages
[    0.821880] alg: extra crypto tests enabled.  This is intended for developer use only.
[    0.842437] cryptd: max_cpu_qlen set to 1000
[    0.910777] vgaarb: loaded
[    0.911411] NetLabel: Initializing
[    0.911427] NetLabel:  domain hash size = 128
[    0.911444] NetLabel:  protocols = UNLABELED CIPSOv4 CALIPSO
[    0.911504] NetLabel:  unlabeled traffic allowed by default
[    0.912098] SUN4V: Reboot data supported (maj=1,min=0).
[    0.912289] ds.c:v1.0 (Jul 11, 2007)
[    0.912474] ds-0: ds_conn_reset() from send_events
[    0.912682] clocksource: Switched to clocksource stick
[    1.022975] VFS: Disk quotas dquot_6.6.0
[    1.023077] VFS: Dquot-cache hash table entries: 1024 (order 0, 8192 bytes)
[    1.024146] AppArmor: AppArmor Filesystem Enabled
[    1.030915] NET: Registered protocol family 2
[    1.032030] tcp_listen_portaddr_hash hash table entries: 32768 (order: 8, 2621440 bytes, linear)
[    1.033289] TCP established hash table entries: 524288 (order: 9, 4194304 bytes, linear)
[    1.035461] TCP bind hash table entries: 65536 (order: 9, 4718592 bytes, linear)
[    1.037657] TCP: Hash tables configured (established 524288 bind 65536)
[    1.038898] UDP hash table entries: 32768 (order: 9, 5242880 bytes, linear)
[    1.041598] UDP-Lite hash table entries: 32768 (order: 9, 5242880 bytes, linear)
[    1.045671] NET: Registered protocol family 1
[    1.045708] NET: Registered protocol family 44
[    1.045746] PCI: CLS 0 bytes, default 64
[    1.045983] Trying to unpack rootfs image as initramfs...
[    1.191155] Freeing initrd memory: 14624K
[    1.191554] aes_sparc64: Using sparc64 aes opcodes optimized AES implementation
[    1.422272] des_sparc64: Using sparc64 des opcodes optimized DES implementation
[    1.847363] camellia_sparc64: Using sparc64 camellia opcodes optimized CAMELLIA implementation
[    1.997146] workingset: timestamp_bits=41 max_order=23 bucket_order=0
[    2.005780] zbud: loaded
[    2.008414] SGI XFS with ACLs, security attributes, quota, fatal assert, debug enabled
[    2.034966] Block layer SCSI generic (bsg) driver version 0.4 loaded (major 252)
[    2.035509] io scheduler mq-deadline registered
[    2.037331] f029b788: ttyHV0 at I/O 0x0 (irq = 1, base_baud = 115200) is a SUN4V HCONS
[    2.037934] printk: console [ttyHV0] enabled
[    2.040158] sunvdc.c:v1.2 (November 24, 2014)
[    2.043496] sunvdc: Virtual Hard disk vdiskc
[    2.043517] sunvdc: vdiskc: 104857600 sectors (51200 MB) protocol 1.2
[    2.056152] sunvdc: Virtual Hard disk vdiskb
[    2.056176] sunvdc: vdiskb: 62914560 sectors (30720 MB) protocol 1.2
[    2.057212]  vdiskb: vdiskb1
[    2.069055] sunvdc: Virtual Hard disk vdiska
[    2.069076] sunvdc: vdiska: 31457280 sectors (15360 MB) protocol 1.2
[    2.070150]  vdiska: vdiska1 vdiska2 vdiska3 vdiska4
[    2.082692] sunvdc: Virtual CDROM vdiskd
[    2.082716] sunvdc: vdiskd: 453848 sectors (221 MB) protocol 1.2
[    2.083831]  vdiskd: vdiskd1 vdiskd2 vdiskd3 vdiskd4 vdiskd5 vdiskd6 vdiskd7
[    2.094089] sunvnet: sunvnet 2.0 (February 3, 2017)
[    2.095386] vnet_port vnet-port-0-0 eth0: Sun LDOM vnet 00:14:4f:f8:12:a3
[    2.095501] sunvnet: eth0: PORT ( remote-mac 00:14:4f:fa:f3:f0 switch-port )
[    2.095959] sunvnet: eth0: PORT ( remote-mac 00:14:4f:f8:e5:f3 )
[    2.096434] sunvnet: eth0: PORT ( remote-mac 00:14:4f:f9:b4:97 )
[    2.096898] sunvnet: eth0: PORT ( remote-mac 00:14:4f:f8:3f:1e )
[    2.097370] sunvnet: eth0: PORT ( remote-mac 00:14:4f:f8:fe:47 )
[    2.097825] sunvnet: eth0: PORT ( remote-mac 00:14:4f:fb:b5:00 )
[    2.098720] rtc-sun4v rtc-sun4v: registered as rtc0
[    2.098791] rtc-sun4v rtc-sun4v: setting system clock to 2020-10-22T08:41:47 UTC (1603356107)
[    2.099048] sun4v_wdt: initialized (timeout=60s, nowayout=0)
[    2.099291] device-mapper: uevent: version 1.0.3
[    2.099883] device-mapper: ioctl: 4.42.0-ioctl (2020-02-27) initialised: dm-devel@redhat.com
[    2.100539] NET: Registered protocol family 17
[    2.100746] registered taskstats version 1
[    2.101245] zswap: loaded using pool lzo/zbud
[    2.102069] AppArmor: AppArmor sha1 policy hashing enabled
[    2.104724] This architecture does not have kernel memory protection.
[    2.104758] Run /init as init process
[    2.104776]   with arguments:
[    2.104791]     /init
[    2.104805]   with environment:
[    2.104820]     HOME=/
[    2.104833]     TERM=linux
[    2.104847]     BOOT_IMAGE=/vmlinux-5.9.0-rc8-00207-g2bb8945bcc1a
[    2.386089] crc32c_sparc64: Using sparc64 crc32c opcode optimized CRC32C implementation
[    2.388609] random: lvm: uninitialized urandom read (4 bytes read)
[    2.423146] random: lvm: uninitialized urandom read (2 bytes read)
[    3.132661] raid6: int64x8  gen()  2158 MB/s
[    3.302662] raid6: int64x8  xor()  1521 MB/s
[    3.472677] raid6: int64x4  gen()  3394 MB/s
[    3.642669] raid6: int64x4  xor()  1467 MB/s
[    3.812660] raid6: int64x2  gen()  2916 MB/s
[    3.982673] raid6: int64x2  xor()  1068 MB/s
[    4.152673] raid6: int64x1  gen()  1431 MB/s
[    4.322664] raid6: int64x1  xor()   712 MB/s
[    4.322684] raid6: using algorithm int64x4 gen() 3394 MB/s
[    4.322705] raid6: .... xor() 1467 MB/s, rmw enabled
[    4.322725] raid6: using intx1 recovery algorithm
[    4.323293] async_tx: api initialized (async)
[    4.323604] xor: automatically using best checksumming function   Niagara   
[    4.372837] random: fast init done
[    4.566078] EXT4-fs (vdiska2): mounted filesystem with ordered data mode. Opts: (null)
[    6.274083] systemd[1]: Inserted module 'autofs4'
[    6.281208] NET: Registered protocol family 10
[    6.285580] Segment Routing with IPv6
[    6.362907] systemd[1]: systemd 246.6-2 running in system mode. (+PAM +AUDIT +SELINUX +IMA +APPARMOR +SMACK +SYSVINIT +UTMP +LIBCRYPTSETUP +GCRYPT +GNUTLS +ACL +XZ +LZ4 +ZSTD -SECCOMP +BLKID +ELFUTILS +KMOD +IDN2 -IDN +PCRE2 default-hierarchy=hybrid)
[    6.363397] systemd[1]: Detected architecture sparc64.
[    6.513293] systemd[1]: Set hostname to <ttip>.
[    7.442692] random: lvmconfig: uninitialized urandom read (4 bytes read)
[    8.706236] systemd[1]: Queued start job for default target Multi-User System.
[    8.707281] random: systemd: uninitialized urandom read (16 bytes read)
[    8.732947] systemd[1]: Created slice system-getty.slice.
[    8.733396] random: systemd: uninitialized urandom read (16 bytes read)
[    8.742058] systemd[1]: Created slice system-modprobe.slice.
[    8.742316] random: systemd: uninitialized urandom read (16 bytes read)
[    8.750994] systemd[1]: Created slice system-openvpn\x2dclient.slice.
[    8.773112] systemd[1]: Created slice system-postfix.slice.
[    8.781950] systemd[1]: Created slice system-systemd\x2dfsck.slice.
[    8.791206] systemd[1]: Created slice User and Session Slice.
[    8.791812] systemd[1]: Started Dispatch Password Requests to Console Directory Watch.
[    8.792303] systemd[1]: Started Forward Password Requests to Wall Directory Watch.
[    8.793938] systemd[1]: Set up automount Arbitrary Executable File Formats File System Automount Point.
[    8.794325] systemd[1]: Reached target Local Encrypted Volumes.
[    8.794654] systemd[1]: Reached target Paths.
[    8.794953] systemd[1]: Reached target Slices.
[    8.795538] systemd[1]: Listening on Device-mapper event daemon FIFOs.
[    8.796193] systemd[1]: Listening on LVM2 poll daemon socket.
[    8.827328] systemd[1]: Listening on RPCbind Server Activation Socket.
[    8.828256] systemd[1]: Listening on Syslog Socket.
[    8.828949] systemd[1]: Listening on fsck to fsckd communication Socket.
[    8.829433] systemd[1]: Listening on initctl Compatibility Named Pipe.
[    8.830266] systemd[1]: Listening on Journal Audit Socket.
[    8.830907] systemd[1]: Listening on Journal Socket (/dev/log).
[    8.831634] systemd[1]: Listening on Journal Socket.
[    8.832376] systemd[1]: Listening on udev Control Socket.
[    8.832984] systemd[1]: Listening on udev Kernel Socket.
[    8.844986] systemd[1]: Mounting Huge Pages File System...
[    8.857272] systemd[1]: Mounting POSIX Message Queue File System...
[    8.888121] systemd[1]: Mounting RPC Pipe File System...
[    8.900609] systemd[1]: Mounting Kernel Debug File System...
[    8.912741] systemd[1]: Mounting Kernel Trace File System...
[    8.913344] systemd[1]: Condition check resulted in Kernel Module supporting RPCSEC_GSS being skipped.
[    8.914078] systemd[1]: Finished Availability of block devices.
[    8.926181] systemd[1]: Starting Wait for network to be configured by ifupdown...
[    8.938274] systemd[1]: Starting Create list of static device nodes for the current kernel...
[    8.949830] systemd[1]: Starting Monitoring of LVM2 mirrors, snapshots etc. using dmeventd or progress polling...
[    8.961758] systemd[1]: Starting Load Kernel Module drm...
[    8.977250] RPC: Registered named UNIX socket transport module.
[    8.977287] RPC: Registered udp transport module.
[    8.977307] RPC: Registered tcp transport module.
[    8.977326] RPC: Registered tcp NFSv4.1 backchannel transport module.
[    8.977332] systemd[1]: Starting nftables...
[    8.998470] systemd[1]: Condition check resulted in Set Up Additional Binary Formats being skipped.
[    8.998625] systemd[1]: Condition check resulted in File System Check on Root Device being skipped.
[    9.012633] systemd[1]: Starting Journal Service...
[    9.049288] systemd[1]: Starting Load Kernel Modules...
[    9.060864] systemd[1]: Starting Remount Root and Kernel File Systems...
[    9.072710] systemd[1]: Starting Coldplug All udev Devices...
[    9.079880] systemd[1]: Mounted Huge Pages File System.
[    9.080815] systemd[1]: Mounted POSIX Message Queue File System.
[    9.081700] systemd[1]: Mounted RPC Pipe File System.
[    9.082585] systemd[1]: Mounted Kernel Debug File System.
[    9.083607] systemd[1]: Mounted Kernel Trace File System.
[    9.086840] systemd[1]: Finished Wait for network to be configured by ifupdown.
[    9.090244] systemd[1]: Finished Create list of static device nodes for the current kernel.
[    9.091822] systemd[1]: modprobe@drm.service: Succeeded.
[    9.094110] systemd[1]: Finished Load Kernel Module drm.
[    9.139685] systemd[1]: Finished Load Kernel Modules.
[    9.142287] systemd[1]: Condition check resulted in FUSE Control File System being skipped.
[    9.142554] systemd[1]: Condition check resulted in Kernel Configuration File System being skipped.
[    9.151473] EXT4-fs (vdiska2): re-mounted. Opts: errors=remount-ro
[    9.184338] systemd[1]: Starting Apply Kernel Variables...
[    9.190805] systemd[1]: Finished Remount Root and Kernel File Systems.
[    9.233485] systemd[1]: Starting Initial Check File System Quotas...
[    9.257561] systemd[1]: Condition check resulted in Rebuild Hardware Database being skipped.
[    9.257805] systemd[1]: Condition check resulted in Platform Persistent Storage Archival being skipped.
[    9.269165] systemd[1]: Starting Load/Save Random Seed...
[    9.280980] systemd[1]: Starting Create System Users...
[    9.282283] systemd[1]: Started Journal Service.
[   11.105951] sha1_sparc64: Using sparc64 sha1 opcode optimized SHA-1 implementation
[   11.302478] n2rng v0.3 (Jan 7, 2017)
[   11.302536] n2rng f029b104: Registered RNG HVAPI major 2 minor 0
[   11.302570] n2rng f029b104: Found multi-unit-capable RNG, units: 2
[   11.303254] n2rng f029b104: RNG ready
[   11.305574] sha256_sparc64: Using sparc64 sha256 opcode optimized SHA-256/SHA-224 implementation
[   11.395120] pktcdvd: setup of pktcdvd device failed
[   11.425072] pktcdvd: setup of pktcdvd device failed
[   11.427416] pktcdvd: setup of pktcdvd device failed
[   11.430208] pktcdvd: setup of pktcdvd device failed
[   11.433193] pktcdvd: setup of pktcdvd device failed
[   11.436141] pktcdvd: setup of pktcdvd device failed
[   11.438878] pktcdvd: setup of pktcdvd device failed
[   11.441142] pktcdvd: setup of pktcdvd device failed
[   11.461544] sha512_sparc64: Using sparc64 sha512 opcode optimized SHA-512/SHA-384 implementation
[   11.478501] md5_sparc64: Using sparc64 md5 opcode optimized MD5 implementation
[   11.538544] XFS (dm-0): Mounting V5 Filesystem
[   11.847960] XFS (dm-0): Ending clean mount
[   11.854451] xfs filesystem being mounted at /1 supports timestamps until 2038 (0x7fffffff)
[   11.892685] Adding 787176k swap on /dev/vdiska4.  Priority:-2 extents:1 across:787176k FS
[   12.292140] EXT4-fs (vdiska1): mounting ext3 file system using the ext4 subsystem
[   12.572624] EXT4-fs (vdiska1): mounted filesystem with ordered data mode. Opts: (null)
[   12.572800] ext3 filesystem being mounted at /boot supports timestamps until 2038 (0x7fffffff)
[   13.752849] random: crng init done
[   13.752878] random: 4 urandom warning(s) missed due to ratelimiting
[   13.988636] Kernel unaligned access at TPC[8d5bbc] aa_dfa_unpack+0x3c/0x640
[   13.988680] Kernel unaligned access at TPC[8d5bd0] aa_dfa_unpack+0x50/0x640
[   13.988710] Kernel unaligned access at TPC[8d5c94] aa_dfa_unpack+0x114/0x640
[   13.988740] Kernel unaligned access at TPC[8d5d64] aa_dfa_unpack+0x1e4/0x640
[   13.988769] Kernel unaligned access at TPC[8d5d78] aa_dfa_unpack+0x1f8/0x640
[   13.994803] audit: type=1400 audit(1603356119.390:2): apparmor="STATUS" operation="profile_load" profile="unconfined" name="/usr/sbin/haveged" pid=689 comm="apparmor_parser"
[   13.996393] audit: type=1400 audit(1603356119.390:3): apparmor="STATUS" operation="profile_load" profile="unconfined" name="nvidia_modprobe" pid=691 comm="apparmor_parser"
[   13.996463] audit: type=1400 audit(1603356119.390:4): apparmor="STATUS" operation="profile_load" profile="unconfined" name="nvidia_modprobe//kmod" pid=691 comm="apparmor_parser"
[   14.033062] audit: type=1400 audit(1603356119.430:5): apparmor="STATUS" operation="profile_load" profile="unconfined" name="lsb_release" pid=696 comm="apparmor_parser"
[   14.049951] audit: type=1400 audit(1603356119.440:6): apparmor="STATUS" operation="profile_load" profile="unconfined" name="/usr/bin/man" pid=692 comm="apparmor_parser"
[   14.050023] audit: type=1400 audit(1603356119.440:7): apparmor="STATUS" operation="profile_load" profile="unconfined" name="man_filter" pid=692 comm="apparmor_parser"
[   14.050091] audit: type=1400 audit(1603356119.440:8): apparmor="STATUS" operation="profile_load" profile="unconfined" name="man_groff" pid=692 comm="apparmor_parser"
[   14.104907] audit: type=1400 audit(1603356119.500:9): apparmor="STATUS" operation="profile_load" profile="unconfined" name="named" pid=695 comm="apparmor_parser"
[   14.118131] audit: type=1400 audit(1603356119.510:10): apparmor="STATUS" operation="profile_load" profile="unconfined" name="tcpdump" pid=694 comm="apparmor_parser"
