[    0.000019] PROMLIB: Sun IEEE Boot Prom 'OBP 4.38.12 2018/03/28 14:54'
[    0.000031] PROMLIB: Root node compatible: sun4v
[    0.000076] Linux version 5.1.0-09811-g8148c17b179d (mator@ttip) (gcc version 8.3.0 (Debian 8.3.0-7)) #968 SMP Sun May 12 09:55:10 MSK 2019
[    0.000381] printk: bootconsole [earlyprom0] enabled
[    0.000433] ARCH: SUN4V
[    0.000483] Ethernet address: 00:14:4f:fa:06:f2
[    0.000534] MM: PAGE_OFFSET is 0xfff8000000000000 (max_phys_bits == 47)
[    0.000600] MM: VMALLOC [0x0000000100000000 --> 0x0006000000000000]
[    0.000661] MM: VMEMMAP [0x0006000000000000 --> 0x000c000000000000]
[    0.012127] Kernel: Using 5 locked TLB entries for main kernel image.
[    0.012195] Remapping the kernel... 
[    0.012219] done.
[    0.038970] OF stdout device is: /virtual-devices@100/console@1
[    0.039035] PROM: Built device tree with 75126 bytes of memory.
[    0.039096] MDESC: Size is 31056 bytes.
[    0.039201] PLATFORM: banner-name [SPARC T5-2]
[    0.039253] PLATFORM: name [ORCL,SPARC-T5-2]
[    0.039299] PLATFORM: hostid [84fa06f2]
[    0.039343] PLATFORM: serial# [0035260e]
[    0.039386] PLATFORM: stick-frequency [3b9aca00]
[    0.039434] PLATFORM: mac-address [144ffa06f2]
[    0.039480] PLATFORM: watchdog-resolution [1000 ms]
[    0.039529] PLATFORM: watchdog-max-timeout [31536000000 ms]
[    0.039585] PLATFORM: max-cpus [1024]
[    0.039674] Top of RAM: 0x24af948000, Total RAM: 0x87f386000
[    0.039735] Memory hole size: 115461MB
[    0.043824] Allocated 40960 bytes for kernel page tables.
[    0.043903] Zone ranges:
[    0.043943]   Normal   [mem 0x0000000030400000-0x00000024af947fff]
[    0.044007] Movable zone start for each node
[    0.044054] Early memory node ranges
[    0.044095]   node   0: [mem 0x0000000030400000-0x000000006febffff]
[    0.044157]   node   0: [mem 0x000000006ff40000-0x000000006ff47fff]
[    0.044219]   node   0: [mem 0x0000000070000000-0x000000042fffffff]
[    0.044281]   node   0: [mem 0x0000002030000000-0x00000024af8b5fff]
[    0.044343]   node   0: [mem 0x00000024af940000-0x00000024af947fff]
[    0.051709] Zeroed struct page in unavailable ranges: 230113 pages
[    0.051717] Initmem setup node 0 [mem 0x0000000030400000-0x00000024af947fff]
[    0.051876] On node 0 totalpages: 4454851
[    0.051886]   Normal zone: 39154 pages used for memmap
[    0.051891]   Normal zone: 0 pages reserved
[    0.051897]   Normal zone: 4454851 pages, LIFO batch:31
[    0.249125] Booting Linux...
[    0.249211] CPU CAPS: [flush,stbar,swap,muldiv,v9,blkinit,n2,mul32]
[    0.249294] CPU CAPS: [div32,v8plus,popc,vis,vis2,ASIBlkInit,fmaf,vis3]
[    0.250373] CPU CAPS: [hpc,ima,pause,cbcond,aes,des,kasumi,camellia]
[    0.250447] CPU CAPS: [md5,sha1,sha256,sha512,mpmul,montmul,montsqr,crc32c]
[    0.305418] percpu: Embedded 27 pages/cpu s179656 r8192 d33336 u262144
[    0.305633] pcpu-alloc: s179656 r8192 d33336 u262144 alloc=1*4194304
[    0.305641] pcpu-alloc: [0] 000 001 002 003 004 005 006 007 008 009 010 011 012 013 014 015 
[    0.305667] pcpu-alloc: [0] 016 017 018 019 020 021 022 023 024 025 026 027 028 029 030 031 
[    0.305692] pcpu-alloc: [0] 032 033 034 035 036 037 038 039 040 041 042 043 044 045 046 047 
[    0.305718] pcpu-alloc: [0] 048 049 050 051 052 053 054 055 056 057 058 059 060 061 062 063 
[    0.305743] pcpu-alloc: [0] 064 065 066 067 068 069 070 071 072 073 074 075 076 077 078 079 
[    0.305769] pcpu-alloc: [0] 080 081 082 083 084 085 086 087 088 089 090 091 092 093 094 095 
[    0.305794] pcpu-alloc: [0] 096 097 098 099 100 101 102 103 104 105 106 107 108 109 110 111 
[    0.305820] pcpu-alloc: [0] 112 113 114 115 116 117 118 119 120 121 122 123 124 125 126 127 
[    0.305845] pcpu-alloc: [0] 128 129 130 131 132 133 134 135 136 137 138 139 140 141 142 143 
[    0.305871] pcpu-alloc: [0] 144 145 146 147 148 149 150 151 152 153 154 155 156 157 158 159 
[    0.305896] pcpu-alloc: [0] 160 161 162 163 164 165 166 167 168 169 170 171 172 173 174 175 
[    0.305922] pcpu-alloc: [0] 176 177 178 179 180 181 182 183 184 185 186 187 188 189 190 191 
[    0.305948] pcpu-alloc: [0] 192 193 194 195 196 197 198 199 200 201 202 203 204 205 206 207 
[    0.305973] pcpu-alloc: [0] 208 209 210 211 212 213 214 215 216 217 218 219 220 221 222 223 
[    0.305999] pcpu-alloc: [0] 224 225 226 227 228 229 230 231 232 233 234 235 236 237 238 239 
[    0.306025] pcpu-alloc: [0] 240 241 242 243 244 245 246 247 248 249 250 251 252 253 254 255 
[    0.306455] SUN4V: Mondo queue sizes [cpu(131072) dev(16384) r(8192) nr(256)]
[    0.306767] Built 1 zonelists, mobility grouping on.  Total pages: 4415697
[    0.306858] Kernel command line: BOOT_IMAGE=/vmlinuz-5.1.0-09811-g8148c17b179d root=/dev/vdiska2 ro zswap.enabled=1
[    0.309406] printk: log_buf_len individual max cpu contribution: 4096 bytes
[    0.309476] printk: log_buf_len total cpu_extra contributions: 1044480 bytes
[    0.309543] printk: log_buf_len min size: 131072 bytes
[    0.309914] printk: log_buf_len: 2097152 bytes
[    0.309964] printk: early log buf free: 125968(96%)
[    0.316281] Dentry cache hash table entries: 8388608 (order: 13, 67108864 bytes)
[    0.319511] Inode-cache hash table entries: 4194304 (order: 12, 33554432 bytes)
[    0.319583] Sorting __ex_table...
[    0.398097] Memory: 35103616K/35638808K available (6186K kernel code, 839K rwdata, 1832K rodata, 944K init, 6772K bss, 535192K reserved, 0K cma-reserved)
[    0.399809] ftrace: allocating 18765 entries in 37 pages
[    0.409018] kmemleak: Kernel memory leak detector disabled
[    0.413640] Running RCU self tests
[    0.413685] rcu: Hierarchical RCU implementation.
[    0.413735] rcu: 	RCU event tracing is enabled.
[    0.413782] rcu: 	RCU lockdep checking is enabled.
[    0.413833] 	Tasks RCU enabled.
[    0.413870] rcu: RCU calculated value of scheduler-enlistment delay is 11 jiffies.
[    0.419432] NR_IRQS: 2048, nr_irqs: 2048, preallocated irqs: 1
[    0.419513] SUN4V: Using IRQ API major 3, cookie only virqs enabled
[    0.423824] clocksource: stick: mask: 0xffffffffffffffff max_cycles: 0x1cd42e4dffb, max_idle_ns: 881590591483 ns
[    0.423957] clocksource: mult[800000] shift[23]
[    0.424007] clockevent: mult[80000000] shift[31]
[    0.428341] Console: colour dummy device 80x25
[    0.428403] printk: console [tty0] enabled
[    0.428479] printk: bootconsole [earlyprom0] disabled
[    0.428563] Lock dependency validator: Copyright (c) 2006 Red Hat, Inc., Ingo Molnar
[    0.428610] ... MAX_LOCKDEP_SUBCLASSES:  8
[    0.428639] ... MAX_LOCK_DEPTH:          48
[    0.428669] ... MAX_LOCKDEP_KEYS:        8191
[    0.428699] ... CLASSHASH_SIZE:          4096
[    0.428729] ... MAX_LOCKDEP_ENTRIES:     16384
[    0.428759] ... MAX_LOCKDEP_CHAINS:      32768
[    0.428790] ... CHAINHASH_SIZE:          16384
[    0.428820]  memory used by lock dependency info: 3853 kB
[    0.428855]  per task-struct memory footprint: 1920 bytes
[    0.429050] kmemleak: Early log buffer exceeded (4327), please increase DEBUG_KMEMLEAK_EARLY_LOG_SIZE
[    0.574240] Calibrating delay using timer specific routine.. 2004.11 BogoMIPS (lpj=10020565)
[    0.574299] pid_max: default: 262144 minimum: 2048
[    0.575457] LSM: Security Framework initializing
[    0.575737] SELinux:  Initializing.
[    0.576413] *** VALIDATE SELinux ***
[    0.576999] Mount-cache hash table entries: 131072 (order: 7, 1048576 bytes)
[    0.577159] Mountpoint-cache hash table entries: 131072 (order: 7, 1048576 bytes)
[    0.578674] *** VALIDATE proc ***
[    0.579341] *** VALIDATE cgroup1 ***
[    0.579373] *** VALIDATE cgroup2 ***
[    0.582356] rcu: Hierarchical SRCU implementation.
[    0.605691] smp: Bringing up secondary CPUs ...
[    0.668382] smp: Brought up 1 node, 24 CPUs
[    0.675824] devtmpfs: initialized
[    0.681823] Performance events: 
[    0.681868] Testing NMI watchdog ... 
[    0.881968] OK.
[    0.882106] Supported PMU type is 'niagara5'
[    0.882417] random: get_random_u32 called from bucket_table_alloc.isra.4+0x184/0x1c0 with crng_init=0
[    0.883255] ldc.c:v1.1 (July 22, 2008)
[    0.886189] clocksource: jiffies: mask: 0xffffffff max_cycles: 0xffffffff, max_idle_ns: 19112604462750000 ns
[    0.886287] futex hash table entries: 65536 (order: 10, 8388608 bytes)
[    0.895772] NET: Registered protocol family 16
[    0.905994] VIO: Adding device channel-devices (tx_ino = ffffffffffffffff, rx_ino = ffffffffffffffff)
[    0.906248] VIO: Adding device vnet-port-0-0 (tx_ino = 0, rx_ino = 1)
[    0.906494] VIO: Adding device vnet-port-0-1 (tx_ino = 2, rx_ino = 3)
[    0.906704] VIO: Adding device vnet-port-0-2 (tx_ino = 4, rx_ino = 5)
[    0.906920] VIO: Adding device vnet-port-0-3 (tx_ino = 6, rx_ino = 7)
[    0.907135] VIO: Adding device vnet-port-0-4 (tx_ino = 8, rx_ino = 9)
[    0.907344] VIO: Adding device vnet-port-0-5 (tx_ino = 16, rx_ino = 17)
[    0.907553] VIO: Adding device vdc-port-3-0 (tx_ino = a, rx_ino = b)
[    0.907771] VIO: Adding device vdc-port-2-0 (tx_ino = c, rx_ino = d)
[    0.907981] VIO: Adding device vdc-port-1-0 (tx_ino = e, rx_ino = f)
[    0.908193] VIO: Adding device vdc-port-0-0 (tx_ino = 10, rx_ino = 11)
[    0.908401] VIO: Adding device vlds-port-0-0 (tx_ino = 12, rx_ino = 13)
[    0.908618] VIO: Adding device domain-services-port-0 (tx_ino = 12, rx_ino = 13)
[    0.909029] audit: initializing netlink subsys (disabled)
[    0.909380] audit: type=2000 audit(0.480:1): state=initialized audit_enabled=0 res=1
[    0.959535] HugeTLB registered 64.0 KiB page size, pre-allocated 0 pages
[    0.959585] HugeTLB registered 8.00 MiB page size, pre-allocated 0 pages
[    0.959628] HugeTLB registered 256 MiB page size, pre-allocated 0 pages
[    0.959670] HugeTLB registered 2.00 GiB page size, pre-allocated 0 pages
[    1.005982] alg: No test for lzo-rle (lzo-rle-generic)
[    1.006512] alg: No test for lzo-rle (lzo-rle-scomp)
[    1.024215] SUN4V: Reboot data supported (maj=1,min=0).
[    1.024664] ds.c:v1.0 (Jul 11, 2007)
[    1.025079] ds-0: ds_conn_reset() from send_events.isra.3
[    1.026530] clocksource: Switched to clocksource stick
[    1.249466] VFS: Disk quotas dquot_6.6.0
[    1.249951] VFS: Dquot-cache hash table entries: 1024 (order 0, 8192 bytes)
[    1.250574] *** VALIDATE hugetlbfs ***
[    1.271958] NET: Registered protocol family 2
[    1.274743] tcp_listen_portaddr_hash hash table entries: 32768 (order: 8, 2359296 bytes)
[    1.278073] TCP established hash table entries: 524288 (order: 9, 4194304 bytes)
[    1.280097] TCP bind hash table entries: 65536 (order: 9, 4194304 bytes)
[    1.286252] TCP: Hash tables configured (established 524288 bind 65536)
[    1.294302] UDP hash table entries: 32768 (order: 9, 5242880 bytes)
[    1.301493] UDP-Lite hash table entries: 32768 (order: 9, 5242880 bytes)
[    1.316651] NET: Registered protocol family 1
[    1.317603] Unpacking initramfs...
[    1.635797] Freeing initrd memory: 10240K
[    1.678491] workingset: timestamp_bits=46 max_order=23 bucket_order=0
[    1.679767] zbud: loaded
[    1.687735] Block layer SCSI generic (bsg) driver version 0.4 loaded (major 252)
[    1.689428] io scheduler mq-deadline registered
[    1.691001] f029b788: ttyS0 at I/O 0x0 (irq = 1, base_baud = 115200) is a SUN4V HCONS
[    1.696969] printk: console [ttyHV0] enabled
[    1.700834] sunvdc.c:v1.2 (November 24, 2014)
[    1.708085] sunvdc: Virtual CDROM vdiskd
[    1.708143] sunvdc: vdiskd: 403160 sectors (196 MB) protocol 1.2
[    1.709583]  vdiskd: vdiskd1 vdiskd2 vdiskd3 vdiskd4 vdiskd5 vdiskd6 vdiskd7
[    1.774566] sunvdc: Virtual Hard disk vdiskc
[    1.774609] sunvdc: vdiskc: 104857600 sectors (51200 MB) protocol 1.2
[    1.834368] sunvdc: Virtual Hard disk vdiskb
[    1.834408] sunvdc: vdiskb: 62914560 sectors (30720 MB) protocol 1.2
[    1.845024]  vdiskb: vdiskb1
[    1.904541] sunvdc: Virtual Hard disk vdiska
[    1.904581] sunvdc: vdiska: 31457280 sectors (15360 MB) protocol 1.2
[    1.905435]  vdiska: vdiska1 vdiska2 vdiska3 vdiska4
[    1.958944] sunvnet: sunvnet 2.0 (February 3, 2017)
[    1.962653] vnet_port vnet-port-0-0 eth0: Sun LDOM vnet 00:14:4f:f8:12:a3
[    1.963228] sunvnet: eth0: PORT ( remote-mac 00:14:4f:fa:f3:f0 switch-port )
[    1.964545] sunvnet: eth0: PORT ( remote-mac 00:14:4f:f8:e5:f3 )
[    1.965884] sunvnet: eth0: PORT ( remote-mac 00:14:4f:f9:b4:97 )
[    1.967233] sunvnet: eth0: PORT ( remote-mac 00:14:4f:f9:8b:83 )
[    1.968545] sunvnet: eth0: PORT ( remote-mac 00:14:4f:f8:3f:1e )
[    1.969840] sunvnet: eth0: PORT ( remote-mac 00:14:4f:f8:fe:47 )
[    1.970981] mousedev: PS/2 mouse device common for all mice
[    1.972186] rtc-sun4v rtc-sun4v: registered as rtc0
[    1.972642] device-mapper: uevent: version 1.0.3
[    1.973762] device-mapper: ioctl: 4.40.0-ioctl (2019-01-18) initialised: dm-devel@redhat.com
[    1.975348] NET: Registered protocol family 17
[    1.976824] registered taskstats version 1
[    1.979791] zswap: loaded using pool lzo/zbud
[    2.025264] Key type big_key registered
[    2.026155] rtc-sun4v rtc-sun4v: setting system clock to 2019-05-12T07:38:52 UTC (1557646732)
[    2.030699] This architecture does not have kernel memory protection.
[    2.030745] Run /init as init process
[    2.981435] crc32c_sparc64: Using sparc64 crc32c opcode optimized CRC32C implementation
[    3.426529] raid6: int64x8  gen()  2167 MB/s
[    3.596500] raid6: int64x8  xor()  1566 MB/s
[    3.766503] raid6: int64x4  gen()  3464 MB/s
[    3.936508] raid6: int64x4  xor()  1987 MB/s
[    4.106503] raid6: int64x2  gen()  3032 MB/s
[    4.276483] raid6: int64x2  xor()  1998 MB/s
[    4.446508] raid6: int64x1  gen()  2777 MB/s
[    4.616500] raid6: int64x1  xor()  1654 MB/s
[    4.616543] raid6: using algorithm int64x4 gen() 3464 MB/s
[    4.616582] raid6: .... xor() 1987 MB/s, rmw enabled
[    4.616619] raid6: using intx1 recovery algorithm
[    4.617795] async_tx: api initialized (async)
[    4.618588] xor: automatically using best checksumming function   Niagara   
[    4.763059] random: fast init done
[    4.892998] EXT4-fs (vdiska2): mounted filesystem with ordered data mode. Opts: (null)
[    7.749709] systemd[1]: Inserted module 'autofs4'
[    7.759206] NET: Registered protocol family 10
[    7.772403] Segment Routing with IPv6
[    7.856124] systemd[1]: systemd 241 running in system mode. (+PAM +AUDIT +SELINUX +IMA +APPARMOR +SMACK +SYSVINIT +UTMP +LIBCRYPTSETUP +GCRYPT +GNUTLS +ACL +XZ +LZ4 -SECCOMP +BLKID +ELFUTILS +KMOD -IDN2 +IDN -PCRE2 default-hierarchy=hybrid)
[    7.856757] systemd[1]: Detected architecture sparc64.
[    7.925405] systemd[1]: Set hostname to <ttip>.
[    8.915030] random: lvmconfig: uninitialized urandom read (4 bytes read)
[    9.635096] systemd[1]: File /lib/systemd/system/systemd-journald.service:12 configures an IP firewall (IPAddressDeny=any), but the local system does not support BPF/cgroup based firewalling.
[    9.635220] systemd[1]: Proceeding WITHOUT firewalling in effect! (This warning is only shown for the first loaded unit using IP firewalling.)
[    9.674740] systemd[1]: /lib/systemd/system/auditd.service:11: PIDFile= references path below legacy directory /var/run/, updating /var/run/auditd.pid → /run/auditd.pid; please update the unit file accordingly.
[   10.166394] systemd[1]: /lib/systemd/system/smbd.service:9: PIDFile= references path below legacy directory /var/run/, updating /var/run/samba/smbd.pid → /run/samba/smbd.pid; please update the unit file accordingly.
[   10.170197] systemd[1]: /lib/systemd/system/nmbd.service:9: PIDFile= references path below legacy directory /var/run/, updating /var/run/samba/nmbd.pid → /run/samba/nmbd.pid; please update the unit file accordingly.
[   10.414326] random: systemd: uninitialized urandom read (16 bytes read)
[   10.421601] random: systemd: uninitialized urandom read (16 bytes read)
[   10.422328] systemd[1]: Listening on Journal Audit Socket.
[   10.423223] random: systemd: uninitialized urandom read (16 bytes read)
[   10.425306] systemd[1]: Listening on Syslog Socket.
[   10.626043] EXT4-fs (vdiska2): re-mounted. Opts: errors=remount-ro
[   10.983026] systemd-journald[413]: Received request to flush runtime journal from PID 1
[   12.185048] sha1_sparc64: Using sparc64 sha1 opcode optimized SHA-1 implementation
[   12.218640] sha256_sparc64: Using sparc64 sha256 opcode optimized SHA-256/SHA-224 implementation
[   12.305883] sha512_sparc64: Using sparc64 sha512 opcode optimized SHA-512/SHA-384 implementation
[   12.350041] md5_sparc64: Using sparc64 md5 opcode optimized MD5 implementation
[   12.420543] aes_sparc64: Using sparc64 aes opcodes optimized AES implementation
[   12.535962] n2rng v0.3 (Jan 7, 2017)
[   12.536074] n2rng f029b104: Registered RNG HVAPI major 2 minor 0
[   12.536147] n2rng f029b104: Found multi-unit-capable RNG, units: 2
[   12.537201] n2rng f029b104: RNG ready
[   12.559728] des_sparc64: Using sparc64 des opcodes optimized DES implementation
[   12.662282] camellia_sparc64: Using sparc64 camellia opcodes optimized CAMELLIA implementation
[   15.926496] Adding 787176k swap on /dev/vdiska4.  Priority:-2 extents:1 across:787176k FS
[   16.274566] EXT4-fs (vdiska1): mounting ext3 file system using the ext4 subsystem
[   16.290275] EXT4-fs (vdiska1): mounted filesystem with ordered data mode. Opts: (null)
[   16.349523] SGI XFS with ACLs, security attributes, debug enabled
[   16.382982] XFS (dm-0): Mounting V5 Filesystem
[   19.118409] XFS (dm-0): Ending clean mount
[   22.885429] random: crng init done
[   22.885482] random: 6 urandom warning(s) missed due to ratelimiting

[   23.607254] ======================================================
[   23.607262] WARNING: possible circular locking dependency detected
[   23.607272] 5.1.0-09811-g8148c17b179d #968 Not tainted
[   23.607278] ------------------------------------------------------
[   23.607286] iptables-restor/761 is trying to acquire lock:
[   23.607295] 0000000050085603 (&table[i].mutex){+.+.}, at: nfnl_lock+0x24/0x40 [nfnetlink]
[   23.607316] 
               but task is already holding lock:
[   23.607323] 000000009f67a146 (&net->nft.commit_mutex){+.+.}, at: nf_tables_valid_genid+0x18/0x60 [nf_tables]
[   23.607345] 
               which lock already depends on the new lock.

[   23.607353] 
               the existing dependency chain (in reverse order) is:
[   23.607360] 
               -> #1 (&net->nft.commit_mutex){+.+.}:
[   23.607377]        __mutex_lock+0x48/0x920
[   23.607385]        mutex_lock_nested+0x1c/0x40
[   23.607395]        nf_tables_valid_genid+0x18/0x60 [nf_tables]
[   23.607403]        nfnetlink_rcv_batch+0x24c/0x620 [nfnetlink]
[   23.607411]        nfnetlink_rcv+0x110/0x140 [nfnetlink]
[   23.607421]        netlink_unicast+0x12c/0x1e0
[   23.607428]        netlink_sendmsg+0x324/0x360
[   23.607437]        sock_sendmsg+0x34/0x80
[   23.607444]        ___sys_sendmsg+0x228/0x240
[   23.607451]        __sys_sendmsg+0x4c/0x80
[   23.607458]        sys_sendmsg+0x18/0x40
[   23.607470]        linux_sparc_syscall+0x34/0x44
[   23.607476] 
               -> #0 (&table[i].mutex){+.+.}:
[   23.607492]        lock_acquire+0x1a4/0x1c0
[   23.607498]        __mutex_lock+0x48/0x920
[   23.607504]        mutex_lock_nested+0x1c/0x40
[   23.607511]        nfnl_lock+0x24/0x40 [nfnetlink]
[   23.607524]        ip_set_nfnl_get_byindex+0x19c/0x280 [ip_set]
[   23.607534]        set_match_v1_checkentry+0x14/0xc0 [xt_set]
[   23.607546]        xt_check_match+0x238/0x260 [x_tables]
[   23.607555]        __nft_match_init+0x160/0x180 [nft_compat]
[   23.607563]        nft_match_init+0x18/0x40 [nft_compat]
[   23.607573]        nf_tables_newrule+0x57c/0x7a0 [nf_tables]
[   23.607581]        nfnetlink_rcv_batch+0x3f8/0x620 [nfnetlink]
[   23.607588]        nfnetlink_rcv+0x110/0x140 [nfnetlink]
[   23.607595]        netlink_unicast+0x12c/0x1e0
[   23.607602]        netlink_sendmsg+0x324/0x360
[   23.607609]        sock_sendmsg+0x34/0x80
[   23.607615]        ___sys_sendmsg+0x228/0x240
[   23.607622]        __sys_sendmsg+0x4c/0x80
[   23.607628]        sys_sendmsg+0x18/0x40
[   23.607635]        linux_sparc_syscall+0x34/0x44
[   23.607641] 
               other info that might help us debug this:

[   23.607649]  Possible unsafe locking scenario:

[   23.607655]        CPU0                    CPU1
[   23.607660]        ----                    ----
[   23.607666]   lock(&net->nft.commit_mutex);
[   23.607672]                                lock(&table[i].mutex);
[   23.607680]                                lock(&net->nft.commit_mutex);
[   23.607687]   lock(&table[i].mutex);
[   23.607694] 
                *** DEADLOCK ***

[   23.607702] 1 lock held by iptables-restor/761:
[   23.607707]  #0: 000000009f67a146 (&net->nft.commit_mutex){+.+.}, at: nf_tables_valid_genid+0x18/0x60 [nf_tables]
[   23.607723] 
               stack backtrace:
[   23.607731] CPU: 13 PID: 761 Comm: iptables-restor Not tainted 5.1.0-09811-g8148c17b179d #968
[   23.607739] Call Trace:
[   23.607746]  [00000000004cfc60] print_circular_bug+0x2e0/0x320
[   23.607754]  [00000000004d4a58] __lock_acquire+0x1d38/0x2900
[   23.607761]  [00000000004d5f04] lock_acquire+0x1a4/0x1c0
[   23.607768]  [0000000000a06d88] __mutex_lock+0x48/0x920
[   23.607775]  [0000000000a0767c] mutex_lock_nested+0x1c/0x40
[   23.607783]  [000000001080a024] nfnl_lock+0x24/0x40 [nfnetlink]
[   23.607791]  [00000000108168dc] ip_set_nfnl_get_byindex+0x19c/0x280 [ip_set]
[   23.607800]  [00000000108785d4] set_match_v1_checkentry+0x14/0xc0 [xt_set]
[   23.607809]  [0000000010326ed8] xt_check_match+0x238/0x260 [x_tables]
[   23.607816]  [0000000010866c00] __nft_match_init+0x160/0x180 [nft_compat]
[   23.607824]  [0000000010866cb8] nft_match_init+0x18/0x40 [nft_compat]
[   23.607835]  [0000000010845bbc] nf_tables_newrule+0x57c/0x7a0 [nf_tables]
[   23.607843]  [000000001080b238] nfnetlink_rcv_batch+0x3f8/0x620 [nfnetlink]
[   23.607851]  [000000001080b570] nfnetlink_rcv+0x110/0x140 [nfnetlink]
[   23.607858]  [000000000093f2ec] netlink_unicast+0x12c/0x1e0
[   23.607865]  [000000000093ff44] netlink_sendmsg+0x324/0x360
[   24.135403] tun: Universal TUN/TAP device driver, 1.6
