[    0.000019] PROMLIB: Sun IEEE Boot Prom 'OBP 4.38.12 2018/03/28 14:54'
[    0.000032] PROMLIB: Root node compatible: sun4v
[    0.000084] Linux version 4.20.0-10911-g645ff1e8e704-dirty (mator@ttip) (gcc version 8.2.0 (Debian 8.2.0-13)) #821 SMP Thu Jan 3 14:52:02 MSK 2019
[    0.001449] printk: bootconsole [earlyprom0] enabled
[    0.001520] ARCH: SUN4V
[    0.001577] Ethernet address: 00:14:4f:fa:06:f2
[    0.001633] MM: PAGE_OFFSET is 0xfff8000000000000 (max_phys_bits == 47)
[    0.001700] MM: VMALLOC [0x0000000100000000 --> 0x0006000000000000]
[    0.001766] MM: VMEMMAP [0x0006000000000000 --> 0x000c000000000000]
[    0.013305] Kernel: Using 5 locked TLB entries for main kernel image.
[    0.013397] Remapping the kernel... 
[    0.013423] done.
[    0.045914] OF stdout device is: /virtual-devices@100/console@1
[    0.045998] PROM: Built device tree with 72847 bytes of memory.
[    0.046067] MDESC: Size is 30768 bytes.
[    0.046191] PLATFORM: banner-name [SPARC T5-2]
[    0.046251] PLATFORM: name [ORCL,SPARC-T5-2]
[    0.046298] PLATFORM: hostid [84fa06f2]
[    0.046345] PLATFORM: serial# [0035260e]
[    0.046389] PLATFORM: stick-frequency [3b9aca00]
[    0.046442] PLATFORM: mac-address [144ffa06f2]
[    0.046494] PLATFORM: watchdog-resolution [1000 ms]
[    0.046551] PLATFORM: watchdog-max-timeout [31536000000 ms]
[    0.046610] PLATFORM: max-cpus [1024]
[    0.046731] Top of RAM: 0x24af948000, Total RAM: 0x87f388000
[    0.046800] Memory hole size: 115461MB
[    0.051216] Allocated 40960 bytes for kernel page tables.
[    0.051337] Zone ranges:
[    0.051381]   Normal   [mem 0x0000000030400000-0x00000024af947fff]
[    0.051450] Movable zone start for each node
[    0.052528] Early memory node ranges
[    0.052589]   node   0: [mem 0x0000000030400000-0x000000006febffff]
[    0.052661]   node   0: [mem 0x000000006ff40000-0x000000006ff47fff]
[    0.052724]   node   0: [mem 0x0000000070000000-0x000000042fffffff]
[    0.052789]   node   0: [mem 0x0000002030000000-0x00000024af8b7fff]
[    0.052859]   node   0: [mem 0x00000024af940000-0x00000024af947fff]
[    0.060468] Zeroed struct page in unavailable ranges: 230112 pages
[    0.060476] Initmem setup node 0 [mem 0x0000000030400000-0x00000024af947fff]
[    0.060637] On node 0 totalpages: 4454852
[    0.060646]   Normal zone: 39154 pages used for memmap
[    0.060652]   Normal zone: 0 pages reserved
[    0.060658]   Normal zone: 4454852 pages, LIFO batch:31
[    0.265571] Booting Linux...
[    0.265657] CPU CAPS: [flush,stbar,swap,muldiv,v9,blkinit,n2,mul32]
[    0.265740] CPU CAPS: [div32,v8plus,popc,vis,vis2,ASIBlkInit,fmaf,vis3]
[    0.266850] CPU CAPS: [hpc,ima,pause,cbcond,aes,des,kasumi,camellia]
[    0.266945] CPU CAPS: [md5,sha1,sha256,sha512,mpmul,montmul,montsqr,crc32c]
[    0.319685] percpu: Embedded 20 pages/cpu @(____ptrval____) s122888 r8192 d32760 u262144
[    0.319960] pcpu-alloc: s122888 r8192 d32760 u262144 alloc=1*4194304
[    0.319969] pcpu-alloc: [0] 000 001 002 003 004 005 006 007 008 009 010 011 012 013 014 015 
[    0.319997] pcpu-alloc: [0] 016 017 018 019 020 021 022 023 024 025 026 027 028 029 030 031 
[    0.320025] pcpu-alloc: [0] 032 033 034 035 036 037 038 039 040 041 042 043 044 045 046 047 
[    0.320054] pcpu-alloc: [0] 048 049 050 051 052 053 054 055 056 057 058 059 060 061 062 063 
[    0.320083] pcpu-alloc: [0] 064 065 066 067 068 069 070 071 072 073 074 075 076 077 078 079 
[    0.320111] pcpu-alloc: [0] 080 081 082 083 084 085 086 087 088 089 090 091 092 093 094 095 
[    0.320139] pcpu-alloc: [0] 096 097 098 099 100 101 102 103 104 105 106 107 108 109 110 111 
[    0.320167] pcpu-alloc: [0] 112 113 114 115 116 117 118 119 120 121 122 123 124 125 126 127 
[    0.320196] pcpu-alloc: [0] 128 129 130 131 132 133 134 135 136 137 138 139 140 141 142 143 
[    0.320225] pcpu-alloc: [0] 144 145 146 147 148 149 150 151 152 153 154 155 156 157 158 159 
[    0.320252] pcpu-alloc: [0] 160 161 162 163 164 165 166 167 168 169 170 171 172 173 174 175 
[    0.320281] pcpu-alloc: [0] 176 177 178 179 180 181 182 183 184 185 186 187 188 189 190 191 
[    0.320311] pcpu-alloc: [0] 192 193 194 195 196 197 198 199 200 201 202 203 204 205 206 207 
[    0.320339] pcpu-alloc: [0] 208 209 210 211 212 213 214 215 216 217 218 219 220 221 222 223 
[    0.320368] pcpu-alloc: [0] 224 225 226 227 228 229 230 231 232 233 234 235 236 237 238 239 
[    0.320397] pcpu-alloc: [0] 240 241 242 243 244 245 246 247 248 249 250 251 252 253 254 255 
[    0.320852] SUN4V: Mondo queue sizes [cpu(131072) dev(16384) r(8192) nr(256)]
[    0.321183] Built 1 zonelists, mobility grouping on.  Total pages: 4415698
[    0.321283] Kernel command line: BOOT_IMAGE=/vmlinuz-4.20.0-10911-g645ff1e8e704-dirty root=/dev/vdiska2 ro zswap.enabled=1 elevator=deadline
[    0.323803] printk: log_buf_len individual max cpu contribution: 4096 bytes
[    0.323905] printk: log_buf_len total cpu_extra contributions: 1044480 bytes
[    0.323976] printk: log_buf_len min size: 131072 bytes
[    0.325393] printk: log_buf_len: 2097152 bytes
[    0.325462] printk: early log buf free: 125920(96%)
[    0.331948] Dentry cache hash table entries: 8388608 (order: 13, 67108864 bytes)
[    0.335298] Inode-cache hash table entries: 4194304 (order: 12, 33554432 bytes)
[    0.335404] Sorting __ex_table...
[    0.420856] Memory: 35119600K/35638816K available (6232K kernel code, 849K rwdata, 1864K rodata, 896K init, 7996K bss, 519216K reserved, 0K cma-reserved)
[    0.421205] kmemleak: Kernel memory leak detector disabled
[    0.422655] ftrace: allocating 18896 entries in 37 pages
[    0.437931] Running RCU self tests
[    0.438010] rcu: Hierarchical RCU implementation.
[    0.438064] rcu: 	RCU event tracing is enabled.
[    0.438115] rcu: 	RCU lockdep checking is enabled.
[    0.438166] 	Tasks RCU enabled.
[    0.438205] rcu: RCU calculated value of scheduler-enlistment delay is 11 jiffies.
[    0.445565] NR_IRQS: 2048, nr_irqs: 2048, preallocated irqs: 1
[    0.445695] SUN4V: Using IRQ API major 3, cookie only virqs enabled
[    0.449956] clocksource: stick: mask: 0xffffffffffffffff max_cycles: 0x1cd42e4dffb, max_idle_ns: 881590591483 ns
[    0.450095] clocksource: mult[800000] shift[23]
[    0.450145] clockevent: mult[80000000] shift[31]
[    0.454143] Console: colour dummy device 80x25
[    0.454235] printk: console [tty0] enabled
[    0.454318] printk: bootconsole [earlyprom0] disabled
[    0.455439] Lock dependency validator: Copyright (c) 2006 Red Hat, Inc., Ingo Molnar
[    0.455493] ... MAX_LOCKDEP_SUBCLASSES:  8
[    0.455522] ... MAX_LOCK_DEPTH:          48
[    0.455551] ... MAX_LOCKDEP_KEYS:        8191
[    0.455580] ... CLASSHASH_SIZE:          4096
[    0.455610] ... MAX_LOCKDEP_ENTRIES:     16384
[    0.455641] ... MAX_LOCKDEP_CHAINS:      32768
[    0.455673] ... CHAINHASH_SIZE:          16384
[    0.455705]  memory used by lock dependency info: 4959 kB
[    0.455740]  per task-struct memory footprint: 1920 bytes
[    0.455991] kmemleak: Early log buffer exceeded (36559), please increase DEBUG_KMEMLEAK_EARLY_LOG_SIZE
[    0.600846] Calibrating delay using timer specific routine.. 2017.31 BogoMIPS (lpj=10086577)
[    0.600912] pid_max: default: 262144 minimum: 2048
[    0.602077] LSM: Security Framework initializing
[    0.602128] AppArmor: AppArmor disabled by boot time parameter
[    0.602835] Mount-cache hash table entries: 131072 (order: 7, 1048576 bytes)
[    0.603000] Mountpoint-cache hash table entries: 131072 (order: 7, 1048576 bytes)
[    0.608358] rcu: Hierarchical SRCU implementation.
[    0.633413] smp: Bringing up secondary CPUs ...
[    0.703316] smp: Brought up 1 node, 24 CPUs
[    0.708087] devtmpfs: initialized
[    0.714318] Performance events: 
[    0.714371] Testing NMI watchdog ... 
[    0.914498] OK.
[    0.914660] Supported PMU type is 'niagara5'
[    0.915002] random: get_random_u32 called from bucket_table_alloc.isra.4+0x140/0x1c0 with crng_init=0
[    0.916003] ldc.c:v1.1 (July 22, 2008)
[    0.919703] clocksource: jiffies: mask: 0xffffffff max_cycles: 0xffffffff, max_idle_ns: 19112604462750000 ns
[    0.919815] futex hash table entries: 65536 (order: 10, 8388608 bytes)
[    0.930311] NET: Registered protocol family 16
[    0.941079] VIO: Adding device channel-devices (tx_ino = ffffffffffffffff, rx_ino = ffffffffffffffff)
[    0.941373] VIO: Adding device vnet-port-0-0 (tx_ino = 0, rx_ino = 1)
[    0.941636] VIO: Adding device vnet-port-0-1 (tx_ino = 2, rx_ino = 3)
[    0.941859] VIO: Adding device vnet-port-0-2 (tx_ino = 4, rx_ino = 5)
[    0.942079] VIO: Adding device vnet-port-0-3 (tx_ino = 6, rx_ino = 7)
[    0.942311] VIO: Adding device vnet-port-0-4 (tx_ino = 8, rx_ino = 9)
[    0.942538] VIO: Adding device vdc-port-3-0 (tx_ino = a, rx_ino = b)
[    0.942762] VIO: Adding device vdc-port-2-0 (tx_ino = c, rx_ino = d)
[    0.943056] VIO: Adding device vdc-port-1-0 (tx_ino = e, rx_ino = f)
[    0.943274] VIO: Adding device vdc-port-0-0 (tx_ino = 10, rx_ino = 11)
[    0.943509] VIO: Adding device vlds-port-0-0 (tx_ino = 12, rx_ino = 13)
[    0.943743] VIO: Adding device domain-services-port-0 (tx_ino = 12, rx_ino = 13)
[    0.944217] audit: initializing netlink subsys (disabled)
[    0.944652] audit: type=2000 audit(0.490:1): state=initialized audit_enabled=0 res=1
[    1.000136] HugeTLB registered 64.0 KiB page size, pre-allocated 0 pages
[    1.000193] HugeTLB registered 8.00 MiB page size, pre-allocated 0 pages
[    1.000237] HugeTLB registered 256 MiB page size, pre-allocated 0 pages
[    1.000281] HugeTLB registered 2.00 GiB page size, pre-allocated 0 pages
[    1.015420] SUN4V: Reboot data supported (maj=1,min=0).
[    1.015999] ds.c:v1.0 (Jul 11, 2007)
[    1.016474] ds-0: ds_conn_reset() from send_events.isra.3
[    1.018014] clocksource: Switched to clocksource stick
[    1.226520] VFS: Disk quotas dquot_6.6.0
[    1.227083] VFS: Dquot-cache hash table entries: 1024 (order 0, 8192 bytes)
[    1.250115] NET: Registered protocol family 2
[    1.255885] tcp_listen_portaddr_hash hash table entries: 32768 (order: 8, 2359296 bytes)
[    1.259391] TCP established hash table entries: 524288 (order: 9, 4194304 bytes)
[    1.261520] TCP bind hash table entries: 65536 (order: 9, 4194304 bytes)
[    1.267699] TCP: Hash tables configured (established 524288 bind 65536)
[    1.275175] UDP hash table entries: 32768 (order: 9, 5242880 bytes)
[    1.282465] UDP-Lite hash table entries: 32768 (order: 9, 5242880 bytes)
[    1.297337] NET: Registered protocol family 1
[    1.298213] Unpacking initramfs...
[    1.577486] Freeing initrd memory: 7336K
[    1.621583] Kprobe smoke test: started
[    1.631572] Kprobe smoke test: passed successfully
[    1.633041] workingset: timestamp_bits=46 max_order=23 bucket_order=0
[    1.634599] zbud: loaded
[    1.829577] Block layer SCSI generic (bsg) driver version 0.4 loaded (major 252)
[    1.831572] io scheduler mq-deadline registered
[    1.831619] io scheduler kyber registered
[    1.835640] f029b788: ttyS0 at I/O 0x0 (irq = 1, base_baud = 115200) is a SUN4V HCONS
[    1.841703] printk: console [ttyHV0] enabled
[    1.845751] sunvdc.c:v1.2 (November 24, 2014)
[    1.852548] sunvdc: Virtual CDROM vdiskd
[    1.852622] sunvdc: vdiskd: 403160 sectors (196 MB) protocol 1.2
[    1.854588]  vdiskd: vdiskd1 vdiskd2 vdiskd3 vdiskd4 vdiskd5 vdiskd6 vdiskd7
[    1.918832] sunvdc: Virtual Hard disk vdiskc
[    1.918887] sunvdc: vdiskc: 104857600 sectors (51200 MB) protocol 1.2
[    1.978245] sunvdc: Virtual Hard disk vdiskb
[    1.978300] sunvdc: vdiskb: 62914560 sectors (30720 MB) protocol 1.2
[    2.017233]  vdiskb: vdiskb1
[    2.076013] sunvdc: Virtual Hard disk vdiska
[    2.076068] sunvdc: vdiska: 31457280 sectors (15360 MB) protocol 1.2
[    2.077239]  vdiska: vdiska1 vdiska2 vdiska3 vdiska4
[    2.129570] sunvnet: sunvnet 2.0 (February 3, 2017)
[    2.133594] vnet_port vnet-port-0-0 eth0: Sun LDOM vnet 00:14:4f:f8:12:a3
[    2.134267] sunvnet: eth0: PORT ( remote-mac 00:14:4f:fa:f3:f0 switch-port )
[    2.135776] sunvnet: eth0: PORT ( remote-mac 00:14:4f:f8:e5:f3 )
[    2.137310] sunvnet: eth0: PORT ( remote-mac 00:14:4f:f9:b4:97 )
[    2.138871] sunvnet: eth0: PORT ( remote-mac 00:14:4f:f9:8b:83 )
[    2.140373] sunvnet: eth0: PORT ( remote-mac 00:14:4f:f8:fe:47 )
[    2.141723] mousedev: PS/2 mouse device common for all mice
[    2.143174] rtc-sun4v rtc-sun4v: registered as rtc0
[    2.144539] device-mapper: uevent: version 1.0.3
[    2.145961] device-mapper: ioctl: 4.39.0-ioctl (2018-04-03) initialised: dm-devel@redhat.com
[    2.147704] NET: Registered protocol family 17
[    2.149382] registered taskstats version 1
[    2.152867] zswap: loaded using pool lzo/zbud
[    2.190602] Key type big_key registered
[    2.191652] rtc-sun4v rtc-sun4v: setting system clock to 2019-01-03T13:49:41 UTC (1546523381)
[    2.196489] This architecture does not have kernel memory protection.
[    2.196556] Run /init as init process
[    3.240306] crc32c_sparc64: Using sparc64 crc32c opcode optimized CRC32C implementation
[    3.707991] raid6: int64x1  gen()  1986 MB/s
[    3.877984] raid6: int64x1  xor()  1496 MB/s
[    4.047981] raid6: int64x2  gen()  2218 MB/s
[    4.217986] raid6: int64x2  xor()  1778 MB/s
[    4.387990] raid6: int64x4  gen()  2620 MB/s
[    4.557980] raid6: int64x4  xor()  1755 MB/s
[    4.728015] raid6: int64x8  gen()  1556 MB/s
[    4.898001] raid6: int64x8  xor()  1388 MB/s
[    4.898050] raid6: using algorithm int64x4 gen() 2620 MB/s
[    4.898088] raid6: .... xor() 1755 MB/s, rmw enabled
[    4.898126] raid6: using intx1 recovery algorithm
[    4.899257] async_tx: api initialized (async)
[    4.900321] xor: automatically using best checksumming function   Niagara   
[    5.173737] EXT4-fs (vdiska2): mounted filesystem with ordered data mode. Opts: (null)
[    5.436749] random: fast init done
[    8.649499] systemd[1]: Inserted module 'autofs4'
[    9.105936] NET: Registered protocol family 10
[    9.120238] Segment Routing with IPv6
[    9.245531] systemd[1]: systemd 240 running in system mode. (+PAM +AUDIT +SELINUX +IMA +APPARMOR +SMACK +SYSVINIT +UTMP +LIBCRYPTSETUP +GCRYPT +GNUTLS +ACL +XZ +LZ4 -SECCOMP +BLKID +ELFUTILS +KMOD -IDN2 +IDN -PCRE2 default-hierarchy=hybrid)
[    9.246174] systemd[1]: Detected architecture sparc64.
[    9.327469] systemd[1]: Set hostname to <ttip>.
[   10.400042] random: lvmconfig: uninitialized urandom read (4 bytes read)
[   12.551892] systemd[1]: File /lib/systemd/system/systemd-journald.service:12 configures an IP firewall (IPAddressDeny=any), but the local system does not support BPF/cgroup based firewalling.
[   12.552023] systemd[1]: Proceeding WITHOUT firewalling in effect! (This warning is only shown for the first loaded unit using IP firewalling.)
[   12.595080] systemd[1]: /lib/systemd/system/auditd.service:11: PIDFile= references path below legacy directory /var/run/, updating /var/run/auditd.pid → /run/auditd.pid; please update the unit file accordingly.
[   13.097150] systemd[1]: /lib/systemd/system/smbd.service:9: PIDFile= references path below legacy directory /var/run/, updating /var/run/samba/smbd.pid → /run/samba/smbd.pid; please update the unit file accordingly.
[   13.100855] systemd[1]: /lib/systemd/system/nmbd.service:9: PIDFile= references path below legacy directory /var/run/, updating /var/run/samba/nmbd.pid → /run/samba/nmbd.pid; please update the unit file accordingly.
[   13.361090] random: systemd: uninitialized urandom read (16 bytes read)
[   13.367005] random: systemd: uninitialized urandom read (16 bytes read)
[   13.382767] systemd[1]: Created slice system-systemd\x2dfsck.slice.
[   13.383939] random: systemd: uninitialized urandom read (16 bytes read)
[   13.384837] systemd[1]: Started Dispatch Password Requests to Console Directory Watch.
[   13.713742] EXT4-fs (vdiska2): re-mounted. Opts: errors=remount-ro
[   13.932605] systemd-journald[399]: Received request to flush runtime journal from PID 1
[   15.916106] sha1_sparc64: Using sparc64 sha1 opcode optimized SHA-1 implementation
[   16.019372] sha256_sparc64: Using sparc64 sha256 opcode optimized SHA-256/SHA-224 implementation
[   16.472851] sha512_sparc64: Using sparc64 sha512 opcode optimized SHA-512/SHA-384 implementation
[   16.687476] md5_sparc64: Using sparc64 md5 opcode optimized MD5 implementation
[   16.730179] aes_sparc64: Using sparc64 aes opcodes optimized AES implementation
[   16.823614] n2rng v0.3 (Jan 7, 2017)
[   16.823716] n2rng f029b104: Registered RNG HVAPI major 2 minor 0
[   16.823780] n2rng f029b104: Found multi-unit-capable RNG, units: 2
[   16.825332] n2rng f029b104: RNG ready
[   17.056398] des_sparc64: Using sparc64 des opcodes optimized DES implementation
[   17.102000] camellia_sparc64: Using sparc64 camellia opcodes optimized CAMELLIA implementation
[   20.140531] Adding 787176k swap on /dev/vdiska4.  Priority:-2 extents:1 across:787176k FS
[   20.873239] EXT4-fs (vdiska1): mounting ext3 file system using the ext4 subsystem
[   20.892171] EXT4-fs (vdiska1): mounted filesystem with ordered data mode. Opts: (null)
[   21.114908] SGI XFS with ACLs, security attributes, debug enabled
[   21.156029] XFS (dm-0): Mounting V5 Filesystem
[   21.587850] XFS (dm-0): Ending clean mount
[   25.127831] random: crng init done
[   25.127882] random: 6 urandom warning(s) missed due to ratelimiting
