[    0.000016] PROMLIB: Sun IEEE Boot Prom 'OBP 4.38.17 2019/01/25 08:22'
[    0.000020] PROMLIB: Root node compatible: sun4v
[    0.000055] Linux version 5.9.0-rc1-00017-gfdf8bee96f9a (mator@ttip) (gcc (Debian 10.2.0-23) 10.2.0, GNU ld (GNU Binutils for Debian) 2.35.1) #145 SMP Tue Dec 8 02:39:28 MSK 2020
[    0.000335] printk: bootconsole [earlyprom0] enabled
[    0.000382] ARCH: SUN4V
[    0.000421] Ethernet address: 00:14:4f:fa:06:f2
[    0.000467] MM: PAGE_OFFSET is 0xfff8000000000000 (max_phys_bits == 47)
[    0.000525] MM: VMALLOC [0x0000000100000000 --> 0x0006000000000000]
[    0.000579] MM: VMEMMAP [0x0006000000000000 --> 0x000c000000000000]
[    0.011780] Kernel: Using 3 locked TLB entries for main kernel image.
[    0.011845] Remapping the kernel... 
[    0.011861] done.
[    0.034727] OF stdout device is: /virtual-devices@100/console@1
[    0.034783] PROM: Built device tree with 65673 bytes of memory.
[    0.034836] MDESC: Size is 29712 bytes.
[    0.034925] PLATFORM: banner-name [SPARC T5-2]
[    0.034967] PLATFORM: name [ORCL,SPARC-T5-2]
[    0.035007] PLATFORM: hostid [84fa06f2]
[    0.035041] PLATFORM: serial# [0035260e]
[    0.035077] PLATFORM: stick-frequency [3b9aca00]
[    0.035117] PLATFORM: mac-address [144ffa06f2]
[    0.035157] PLATFORM: watchdog-resolution [1000 ms]
[    0.035200] PLATFORM: watchdog-max-timeout [31536000000 ms]
[    0.035251] PLATFORM: max-cpus [1024]
[    0.035329] Top of RAM: 0x2af94a000, Total RAM: 0x27f388000
[    0.035380] Memory hole size: 773MB
[    0.036872] Allocated 24576 bytes for kernel page tables.
[    0.036942] Zone ranges:
[    0.036974]   Normal   [mem 0x0000000030400000-0x00000002af949fff]
[    0.037028] Movable zone start for each node
[    0.037065] Early memory node ranges
[    0.037100]   node   0: [mem 0x0000000030400000-0x000000006febffff]
[    0.037155]   node   0: [mem 0x000000006ff40000-0x000000006ff47fff]
[    0.037210]   node   0: [mem 0x0000000070000000-0x00000002af8b5fff]
[    0.037266]   node   0: [mem 0x00000002af940000-0x00000002af949fff]
[    0.043110] Zeroed struct page in unavailable ranges: 132668 pages
[    0.043115] Initmem setup node 0 [mem 0x0000000030400000-0x00000002af949fff]
[    0.043254] On node 0 totalpages: 1309124
[    0.043258]   Normal zone: 11508 pages used for memmap
[    0.043260]   Normal zone: 0 pages reserved
[    0.043262]   Normal zone: 1309124 pages, LIFO batch:31
[    0.084688] Booting Linux...
[    0.084756] CPU CAPS: [flush,stbar,swap,muldiv,v9,blkinit,n2,mul32]
[    0.084826] CPU CAPS: [div32,v8plus,popc,vis,vis2,ASIBlkInit,fmaf,vis3]
[    0.085893] CPU CAPS: [hpc,ima,pause,cbcond,aes,des,kasumi,camellia]
[    0.085955] CPU CAPS: [md5,sha1,sha256,sha512,mpmul,montmul,montsqr,crc32c]
[    0.133239] percpu: Embedded 19 pages/cpu s114904 r8192 d32552 u262144
[    0.133446] pcpu-alloc: s114904 r8192 d32552 u262144 alloc=1*4194304
[    0.133449] pcpu-alloc: [0] 000 001 002 003 004 005 006 007 008 009 010 011 012 013 014 015 
[    0.133462] pcpu-alloc: [0] 016 017 018 019 020 021 022 023 024 025 026 027 028 029 030 031 
[    0.133475] pcpu-alloc: [0] 032 033 034 035 036 037 038 039 040 041 042 043 044 045 046 047 
[    0.133488] pcpu-alloc: [0] 048 049 050 051 052 053 054 055 056 057 058 059 060 061 062 063 
[    0.133500] pcpu-alloc: [0] 064 065 066 067 068 069 070 071 072 073 074 075 076 077 078 079 
[    0.133513] pcpu-alloc: [0] 080 081 082 083 084 085 086 087 088 089 090 091 092 093 094 095 
[    0.133526] pcpu-alloc: [0] 096 097 098 099 100 101 102 103 104 105 106 107 108 109 110 111 
[    0.133539] pcpu-alloc: [0] 112 113 114 115 116 117 118 119 120 121 122 123 124 125 126 127 
[    0.133552] pcpu-alloc: [0] 128 129 130 131 132 133 134 135 136 137 138 139 140 141 142 143 
[    0.133564] pcpu-alloc: [0] 144 145 146 147 148 149 150 151 152 153 154 155 156 157 158 159 
[    0.133577] pcpu-alloc: [0] 160 161 162 163 164 165 166 167 168 169 170 171 172 173 174 175 
[    0.133590] pcpu-alloc: [0] 176 177 178 179 180 181 182 183 184 185 186 187 188 189 190 191 
[    0.133603] pcpu-alloc: [0] 192 193 194 195 196 197 198 199 200 201 202 203 204 205 206 207 
[    0.133615] pcpu-alloc: [0] 208 209 210 211 212 213 214 215 216 217 218 219 220 221 222 223 
[    0.133628] pcpu-alloc: [0] 224 225 226 227 228 229 230 231 232 233 234 235 236 237 238 239 
[    0.133641] pcpu-alloc: [0] 240 241 242 243 244 245 246 247 248 249 250 251 252 253 254 255 
[    0.134045] SUN4V: Mondo queue sizes [cpu(131072) dev(16384) r(8192) nr(256)]
[    0.134340] Built 1 zonelists, mobility grouping on.  Total pages: 1297616
[    0.134403] Kernel command line: BOOT_IMAGE=/vmlinux-5.9.0-rc1-00017-gfdf8bee96f9a root=/dev/vdiska2 ro zswap.enabled=1
[    0.135988] printk: log_buf_len individual max cpu contribution: 4096 bytes
[    0.136052] printk: log_buf_len total cpu_extra contributions: 1044480 bytes
[    0.136112] printk: log_buf_len min size: 131072 bytes
[    0.136470] printk: log_buf_len: 2097152 bytes
[    0.136514] printk: early log buf free: 126000(96%)
[    0.138169] Dentry cache hash table entries: 2097152 (order: 11, 16777216 bytes, linear)
[    0.139067] Inode-cache hash table entries: 1048576 (order: 10, 8388608 bytes, linear)
[    0.139135] Sorting __ex_table...
[    0.139356] mem auto-init: stack:off, heap alloc:off, heap free:off
[    0.159983] Memory: 10257080K/10472992K available (7715K kernel code, 1031K rwdata, 1896K rodata, 584K init, 413K bss, 215912K reserved, 0K cma-reserved)
[    0.160138] random: get_random_u64 called from __kmem_cache_create+0x20/0x520 with crng_init=0
[    0.161151] SLUB: HWalign=32, Order=0-3, MinObjects=0, CPUs=256, Nodes=1
[    0.161580] ftrace: allocating 22857 entries in 45 pages
[    0.170355] ftrace: allocated 45 pages with 4 groups
[    0.172893] rcu: Hierarchical RCU implementation.
[    0.172941] 	Trampoline variant of Tasks RCU enabled.
[    0.172983] 	Rude variant of Tasks RCU enabled.
[    0.173025] 	Tracing variant of Tasks RCU enabled.
[    0.173066] rcu: RCU calculated value of scheduler-enlistment delay is 26 jiffies.
[    0.176309] NR_IRQS: 2048, nr_irqs: 2048, preallocated irqs: 1
[    0.176378] SUN4V: Using IRQ API major 3, cookie only virqs enabled
[    0.179041] clocksource: stick: mask: 0xffffffffffffffff max_cycles: 0x1cd42e4dffb, max_idle_ns: 881590591483 ns
[    0.179152] clocksource: mult[800000] shift[23]
[    0.179193] clockevent: mult[80000000] shift[31]
[    0.179611] Console: colour dummy device 80x25
[    0.179657] printk: console [tty0] enabled
[    0.179696] printk: bootconsole [earlyprom0] disabled
[    0.259296] Calibrating delay using timer specific routine.. 2002.01 BogoMIPS (lpj=4004022)
[    0.259311] pid_max: default: 262144 minimum: 2048
[    0.259627] LSM: Security Framework initializing
[    0.259784] Mount-cache hash table entries: 32768 (order: 5, 262144 bytes, linear)
[    0.259819] Mountpoint-cache hash table entries: 32768 (order: 5, 262144 bytes, linear)
[    0.261325] rcu: Hierarchical SRCU implementation.
[    0.264267] smp: Bringing up secondary CPUs ...
[    0.272049] smp: Brought up 1 node, 24 CPUs
[    0.273832] devtmpfs: initialized
[    0.274599] Performance events: 
[    0.274618] Testing NMI watchdog ... 
[    0.354694] OK.
[    0.354712] Supported PMU type is 'niagara5'
[    0.355030] ldc.c:v1.1 (July 22, 2008)
[    0.355180] clocksource: jiffies: mask: 0xffffffff max_cycles: 0xffffffff, max_idle_ns: 7645041785100000 ns
[    0.355201] futex hash table entries: 65536 (order: 9, 4194304 bytes, linear)
[    0.357384] NET: Registered protocol family 16
[    0.358608] VIO: Adding device channel-devices (tx_ino = ffffffffffffffff, rx_ino = ffffffffffffffff)
[    0.358639] VIO: Adding device vnet-port-0-0 (tx_ino = 0, rx_ino = 1)
[    0.358660] VIO: Adding device vnet-port-0-1 (tx_ino = 2, rx_ino = 3)
[    0.358679] VIO: Adding device vnet-port-0-2 (tx_ino = 4, rx_ino = 5)
[    0.358699] VIO: Adding device vnet-port-0-3 (tx_ino = 6, rx_ino = 7)
[    0.358725] VIO: Adding device vnet-port-0-4 (tx_ino = 8, rx_ino = 9)
[    0.358745] VIO: Adding device vdc-port-2-0 (tx_ino = a, rx_ino = b)
[    0.358764] VIO: Adding device vdc-port-1-0 (tx_ino = c, rx_ino = d)
[    0.358783] VIO: Adding device vdc-port-0-0 (tx_ino = e, rx_ino = f)
[    0.358805] VIO: Adding device vlds-port-0-0 (tx_ino = 10, rx_ino = 11)
[    0.358826] VIO: Adding device domain-services-port-0 (tx_ino = 10, rx_ino = 11)
[    0.358917] audit: initializing netlink subsys (disabled)
[    0.358993] audit: type=2000 audit(0.176:1): state=initialized audit_enabled=0 res=1
[    0.364109] HugeTLB registered 64.0 KiB page size, pre-allocated 0 pages
[    0.364116] HugeTLB registered 8.00 MiB page size, pre-allocated 0 pages
[    0.364120] HugeTLB registered 256 MiB page size, pre-allocated 0 pages
[    0.364125] HugeTLB registered 2.00 GiB page size, pre-allocated 0 pages
[    0.930270] NetLabel: Initializing
[    0.930280] NetLabel:  domain hash size = 128
[    0.930284] NetLabel:  protocols = UNLABELED CIPSOv4 CALIPSO
[    0.930308] NetLabel:  unlabeled traffic allowed by default
[    0.930551] SUN4V: Reboot data supported (maj=1,min=0).
[    0.930653] ds.c:v1.0 (Jul 11, 2007)
[    0.930799] ds-0: ds_conn_reset() from send_events
[    0.931086] clocksource: Switched to clocksource stick
[    0.983663] VFS: Disk quotas dquot_6.6.0
[    0.983757] VFS: Dquot-cache hash table entries: 1024 (order 0, 8192 bytes)
[    0.986298] NET: Registered protocol family 2
[    0.987437] tcp_listen_portaddr_hash hash table entries: 8192 (order: 4, 131072 bytes, linear)
[    0.987536] TCP established hash table entries: 131072 (order: 7, 1048576 bytes, linear)
[    0.988002] TCP bind hash table entries: 65536 (order: 7, 1048576 bytes, linear)
[    0.988458] TCP: Hash tables configured (established 131072 bind 65536)
[    0.989033] UDP hash table entries: 8192 (order: 5, 262144 bytes, linear)
[    0.989158] UDP-Lite hash table entries: 8192 (order: 5, 262144 bytes, linear)
[    0.990119] NET: Registered protocol family 1
[    0.990133] NET: Registered protocol family 44
[    0.990273] Trying to unpack rootfs image as initramfs...
[    1.152999] Freeing initrd memory: 23472K
[    1.156998] Initialise system trusted keyrings
[    1.157021] Key type blacklist registered
[    1.157126] workingset: timestamp_bits=46 max_order=21 bucket_order=0
[    1.159792] zbud: loaded
[    1.160588] SGI XFS with ACLs, security attributes, realtime, quota, no debug enabled
[    1.162373] Key type asymmetric registered
[    1.162379] Asymmetric key parser 'x509' registered
[    1.162397] Block layer SCSI generic (bsg) driver version 0.4 loaded (major 252)
[    1.162649] io scheduler mq-deadline registered
[    1.163162] f029b788: ttyHV0 at I/O 0x0 (irq = 1, base_baud = 115200) is a SUN4V HCONS
[    1.163448] printk: console [ttyHV0] enabled
[    1.164255] sunvdc.c:v1.2 (November 24, 2014)
[    1.236042] sunvdc: Virtual Hard disk vdiskc
[    1.236051] sunvdc: vdiskc: 104857600 sectors (51200 MB) protocol 1.2
[    1.242584] sunvdc: Virtual Hard disk vdiskb
[    1.242593] sunvdc: vdiskb: 62914560 sectors (30720 MB) protocol 1.2
[    1.243070]  vdiskb: vdiskb1
[    1.249133] sunvdc: Virtual Hard disk vdiska
[    1.249146] sunvdc: vdiska: 31457280 sectors (15360 MB) protocol 1.2
[    1.249779]  vdiska: vdiska1 vdiska2 vdiska3 vdiska4
[    1.255209] Silicon Labs C2 port support v. 0.51.0 - (C) 2007 Rodolfo Giometti
[    1.255606] rtc-sun4v rtc-sun4v: registered as rtc0
[    1.255654] rtc-sun4v rtc-sun4v: setting system clock to 2020-12-07T23:43:40 UTC (1607384620)
[    1.256375] NET: Registered protocol family 10
[    1.269886] Segment Routing with IPv6
[    1.269926] mip6: Mobile IPv6
[    1.269933] NET: Registered protocol family 17
[    1.270040] registered taskstats version 1
[    1.270049] Loading compiled-in X.509 certificates
[    1.270121] zswap: loaded using pool lzo/zbud
[    1.271608] This architecture does not have kernel memory protection.
[    1.271619] Run /init as init process
[    1.271624]   with arguments:
[    1.271627]     /init
[    1.271629]   with environment:
[    1.271631]     HOME=/
[    1.271633]     TERM=linux
[    1.271636]     BOOT_IMAGE=/vmlinux-5.9.0-rc1-00017-gfdf8bee96f9a
[    1.435269] sunvnet_common: module verification failed: signature and/or required key missing - tainting kernel
[    1.436692] sunvnet: sunvnet 2.0 (February 3, 2017)
[    1.437641] vnet_port vnet-port-0-0 eth0: Sun LDOM vnet 00:14:4f:f8:12:a3
[    1.437725] sunvnet: eth0: PORT ( remote-mac 00:14:4f:fa:f3:f0 switch-port )
[    1.437974] sunvnet: eth0: PORT ( remote-mac 00:14:4f:f9:b4:97 )
[    1.438165] sunvnet: eth0: PORT ( remote-mac 00:14:4f:f8:e5:f3 )
[    1.438357] sunvnet: eth0: PORT ( remote-mac 00:14:4f:f8:3f:1e )
[    1.438532] sunvnet: eth0: PORT ( remote-mac 00:14:4f:f9:8b:83 )
[    1.443230] crc32c_sparc64: Using sparc64 crc32c opcode optimized CRC32C implementation
[    1.445785] random: lvm: uninitialized urandom read (4 bytes read)
[    1.463691] device-mapper: uevent: version 1.0.3
[    1.463843] device-mapper: ioctl: 4.42.0-ioctl (2020-02-27) initialised: dm-devel@redhat.com
[    1.465887] random: lvm: uninitialized urandom read (2 bytes read)
[    1.755290] xor: automatically using best checksumming function   Niagara   
[    1.823070] raid6: int64x8  gen()  2164 MB/s
[    1.891061] raid6: int64x8  xor()  1516 MB/s
[    1.959061] raid6: int64x4  gen()  3369 MB/s
[    2.027067] raid6: int64x4  xor()  1453 MB/s
[    2.095054] raid6: int64x2  gen()  3356 MB/s
[    2.163073] raid6: int64x2  xor()  1158 MB/s
[    2.231068] raid6: int64x1  gen()  1374 MB/s
[    2.299058] raid6: int64x1  xor()   712 MB/s
[    2.299064] raid6: using algorithm int64x4 gen() 3369 MB/s
[    2.299069] raid6: .... xor() 1453 MB/s, rmw enabled
[    2.299074] raid6: using intx1 recovery algorithm
[    2.332144] random: fast init done
[    2.410490] EXT4-fs (vdiska2): mounted filesystem with ordered data mode. Opts: (null)
[    4.977234] systemd[1]: Inserted module 'autofs4'
[    5.141018] systemd[1]: systemd 247.1-3 running in system mode. (+PAM +AUDIT +SELINUX +IMA +APPARMOR +SMACK +SYSVINIT +UTMP +LIBCRYPTSETUP +GCRYPT +GNUTLS +ACL +XZ +LZ4 +ZSTD -SECCOMP +BLKID +ELFUTILS +KMOD +IDN2 -IDN +PCRE2 default-hierarchy=hybrid)
[    5.141282] systemd[1]: Detected architecture sparc64.
[    5.240367] systemd[1]: Set hostname to <ttip>.
[    5.596704] systemd-sysv-generator[334]: SysV service '/etc/init.d/xinetd' lacks a native systemd unit file. Automatically generating a unit file for compatibility. Please update package to include a native systemd unit file, in order to make it more safe and robust.
[    5.887216] systemd-sysv-generator[334]: SysV service '/etc/init.d/rng-tools-debian' lacks a native systemd unit file. Automatically generating a unit file for compatibility. Please update package to include a native systemd unit file, in order to make it more safe and robust.
[    5.889339] systemd-sysv-generator[334]: SysV service '/etc/init.d/arpalert' lacks a native systemd unit file. Automatically generating a unit file for compatibility. Please update package to include a native systemd unit file, in order to make it more safe and robust.
[    5.911977] systemd-sysv-generator[334]: SysV service '/etc/init.d/vmtouch' lacks a native systemd unit file. Automatically generating a unit file for compatibility. Please update package to include a native systemd unit file, in order to make it more safe and robust.
[    5.982773] systemd-sysv-generator[334]: SysV service '/etc/init.d/mysql' lacks a native systemd unit file. Automatically generating a unit file for compatibility. Please update package to include a native systemd unit file, in order to make it more safe and robust.
[    6.228245] random: lvmconfig: uninitialized urandom read (4 bytes read)
[    7.721175] systemd[1]: Queued start job for default target Multi-User System.
[    7.721885] random: systemd: uninitialized urandom read (16 bytes read)
[    7.767555] systemd[1]: Created slice system-getty.slice.
[    7.767885] random: systemd: uninitialized urandom read (16 bytes read)
[    7.773217] systemd[1]: Created slice system-modprobe.slice.
[    7.773349] random: systemd: uninitialized urandom read (16 bytes read)
[    7.778669] systemd[1]: Created slice system-openvpn\x2dclient.slice.
[    7.784439] systemd[1]: Created slice system-postfix.slice.
[    7.790096] systemd[1]: Created slice system-systemd\x2dfsck.slice.
[    7.795389] systemd[1]: Created slice User and Session Slice.
[    7.795657] systemd[1]: Started Dispatch Password Requests to Console Directory Watch.
[    7.795885] systemd[1]: Started Forward Password Requests to Wall Directory Watch.
[    7.796954] systemd[1]: Set up automount Arbitrary Executable File Formats File System Automount Point.
[    7.797174] systemd[1]: Reached target Local Encrypted Volumes.
[    7.797374] systemd[1]: Reached target Paths.
[    7.797531] systemd[1]: Reached target Slices.
[    7.797840] systemd[1]: Listening on Device-mapper event daemon FIFOs.
[    7.798164] systemd[1]: Listening on LVM2 poll daemon socket.
[    7.810638] systemd[1]: Listening on RPCbind Server Activation Socket.
[    7.823292] systemd[1]: Listening on Syslog Socket.
[    7.823625] systemd[1]: Listening on fsck to fsckd communication Socket.
[    7.823848] systemd[1]: Listening on initctl Compatibility Named Pipe.
[    7.824297] systemd[1]: Listening on Journal Audit Socket.
[    7.824579] systemd[1]: Listening on Journal Socket (/dev/log).
[    7.824944] systemd[1]: Listening on Journal Socket.
[    7.825315] systemd[1]: Listening on udev Control Socket.
[    7.825586] systemd[1]: Listening on udev Kernel Socket.
[    7.832022] systemd[1]: Mounting Huge Pages File System...
[    7.838798] systemd[1]: Mounting POSIX Message Queue File System...
[    7.846208] systemd[1]: Mounting RPC Pipe File System...
[    7.853210] systemd[1]: Mounting Kernel Debug File System...
[    7.860456] systemd[1]: Mounting Kernel Trace File System...
[    7.860866] systemd[1]: Condition check resulted in Kernel Module supporting RPCSEC_GSS being skipped.
[    7.861260] systemd[1]: Finished Availability of block devices.
[    7.868353] systemd[1]: Starting Wait for network to be configured by ifupdown...
[    7.875563] systemd[1]: Starting Create list of static device nodes for the current kernel...
[    7.883365] systemd[1]: Starting Monitoring of LVM2 mirrors, snapshots etc. using dmeventd or progress polling...
[    7.889516] systemd[1]: Starting Load Kernel Module configfs...
[    7.896004] systemd[1]: Starting Load Kernel Module drm...
[    7.902515] systemd[1]: Starting Load Kernel Module fuse...
[    7.910534] systemd[1]: Starting nftables...
[    7.921623] systemd[1]: Condition check resulted in Set Up Additional Binary Formats being skipped.
[    7.921857] systemd[1]: Condition check resulted in File System Check on Root Device being skipped.
[    7.930145] systemd[1]: Starting Journal Service...
[    7.973230] systemd[1]: Starting Load Kernel Modules...
[    7.980843] systemd[1]: Starting Remount Root and Kernel File Systems...
[    7.988014] systemd[1]: Starting Coldplug All udev Devices...
[    7.992291] systemd[1]: Mounted Huge Pages File System.
[    7.992656] systemd[1]: Mounted POSIX Message Queue File System.
[    7.992909] systemd[1]: Mounted Kernel Debug File System.
[    7.993156] systemd[1]: Mounted Kernel Trace File System.
[    7.994273] systemd[1]: Finished Wait for network to be configured by ifupdown.
[    7.995471] systemd[1]: Finished Create list of static device nodes for the current kernel.
[    7.996023] systemd[1]: modprobe@drm.service: Succeeded.
[    7.996820] systemd[1]: Finished Load Kernel Module drm.
[    7.999025] systemd[1]: run-rpc_pipefs.mount: Mount process exited, code=exited, status=32/n/a
[    7.999066] systemd[1]: run-rpc_pipefs.mount: Failed with result 'exit-code'.
[    8.000027] systemd[1]: Failed to mount RPC Pipe File System.
[    8.000230] systemd[1]: Dependency failed for RPC security service for NFS client and server.
[    8.000321] systemd[1]: rpc-gssd.service: Job rpc-gssd.service/start failed with result 'dependency'.
[    8.000345] systemd[1]: Dependency failed for RPC security service for NFS server.
[    8.000432] systemd[1]: rpc-svcgssd.service: Job rpc-svcgssd.service/start failed with result 'dependency'.
[    8.000609] systemd[1]: Reached target NFS client services.
[    8.031344] systemd[1]: modprobe@configfs.service: Succeeded.
[    8.032564] systemd[1]: Finished Load Kernel Module configfs.
[    8.041261] systemd[1]: Mounting Kernel Configuration File System...
[    8.050134] systemd[1]: Mounted Kernel Configuration File System.
[    8.056988] EXT4-fs (vdiska2): re-mounted. Opts: errors=remount-ro
[    8.060583] systemd[1]: Finished Load Kernel Modules.
[    8.062247] systemd[1]: Finished Remount Root and Kernel File Systems.
[    8.063901] systemd[1]: Finished Monitoring of LVM2 mirrors, snapshots etc. using dmeventd or progress polling.
[    8.136617] fuse: init (API version 7.31)
[    8.185418] systemd[1]: Starting Initial Check File System Quotas...
[    8.444735] systemd[1]: Condition check resulted in Rebuild Hardware Database being skipped.
[    8.444910] systemd[1]: Condition check resulted in Platform Persistent Storage Archival being skipped.
[    8.452009] systemd[1]: Starting Load/Save Random Seed...
[    8.458722] systemd[1]: Starting Apply Kernel Variables...
[    8.465456] systemd[1]: Starting Create System Users...
[    8.466305] systemd[1]: Started Journal Service.
[   11.103194] random: crng init done
[   11.103215] random: 4 urandom warning(s) missed due to ratelimiting
[   11.503718] sha1_sparc64: Using sparc64 sha1 opcode optimized SHA-1 implementation
[   11.530983] n2rng v0.3 (Jan 7, 2017)
[   11.531015] n2rng f029b104: Registered RNG HVAPI major 2 minor 0
[   11.531027] n2rng f029b104: Found multi-unit-capable RNG, units: 2
[   11.531183] sha256_sparc64: Using sparc64 sha256 opcode optimized SHA-256/SHA-224 implementation
[   11.531487] n2rng f029b104: RNG ready
[   11.553997] sha512_sparc64: Using sparc64 sha512 opcode optimized SHA-512/SHA-384 implementation
[   11.583392] md5_sparc64: Using sparc64 md5 opcode optimized MD5 implementation
[   11.618498] aes_sparc64: Using sparc64 aes opcodes optimized AES implementation
[   11.759094] XFS (dm-0): Mounting V5 Filesystem
[   11.761143] des_sparc64: Using sparc64 des opcodes optimized DES implementation
[   11.785580] camellia_sparc64: Using sparc64 camellia opcodes optimized CAMELLIA implementation
[   11.939067] Adding 787176k swap on /dev/vdiska4.  Priority:-2 extents:1 across:787176k FS
[   11.962206] XFS (dm-0): Ending clean mount
[   11.973523] xfs filesystem being mounted at /1 supports timestamps until 2038 (0x7fffffff)
[   13.217883] EXT4-fs (vdiska1): mounting ext3 file system using the ext4 subsystem
[   13.626321] EXT4-fs (vdiska1): mounted filesystem with ordered data mode. Opts: (null)
[   13.626496] ext3 filesystem being mounted at /boot supports timestamps until 2038 (0x7fffffff)
