[    0.000018] PROMLIB: Sun IEEE Boot Prom 'OBP 4.38.17 2019/01/25 08:22'
[    0.000042] PROMLIB: Root node compatible: sun4v
[    0.000101] Linux version 5.13.0-rc1-00109-g8c6417551309 (mator@ttip) (gcc (Debian 10.2.1-6) 10.2.1 20210110, GNU ld (GNU Binutils for Debian) 2.35.2) #256 SMP Mon Jul 5 17:03:17 MSK 2021
[    0.000610] printk: bootconsole [earlyprom0] enabled
[    0.000698] ARCH: SUN4V
[    0.000775] Ethernet address: 00:14:4f:fa:06:f2
[    0.000862] MM: PAGE_OFFSET is 0xfff8000000000000 (max_phys_bits == 47)
[    0.000968] MM: VMALLOC [0x0000000100000000 --> 0x0006000000000000]
[    0.001068] MM: VMEMMAP [0x0006000000000000 --> 0x000c000000000000]
[    0.024275] Kernel: Using 5 locked TLB entries for main kernel image.
[    0.024403] Remapping the kernel... 
[    0.024441] done.
[    0.067187] OF stdout device is: /virtual-devices@100/console@1
[    0.067304] PROM: Built device tree with 79473 bytes of memory.
[    0.067403] MDESC: Size is 29712 bytes.
[    0.067562] PLATFORM: banner-name [SPARC T5-2]
[    0.067637] PLATFORM: name [ORCL,SPARC-T5-2]
[    0.067706] PLATFORM: hostid [84fa06f2]
[    0.067772] PLATFORM: serial# [0035260e]
[    0.067837] PLATFORM: stick-frequency [3b9aca00]
[    0.067911] PLATFORM: mac-address [144ffa06f2]
[    0.067982] PLATFORM: watchdog-resolution [1000 ms]
[    0.068058] PLATFORM: watchdog-max-timeout [31536000000 ms]
[    0.068143] PLATFORM: max-cpus [1024]
[    0.068288] Top of RAM: 0x22f948000, Total RAM: 0x1ff382000
[    0.068384] Memory hole size: 773MB
[    0.070765] Allocated 24576 bytes for kernel page tables.
[    0.070922] Zone ranges:
[    0.070982]   Normal   [mem 0x0000000030400000-0x000000022f947fff]
[    0.071088] Movable zone start for each node
[    0.071155] Early memory node ranges
[    0.071215]   node   0: [mem 0x0000000030400000-0x000000006febffff]
[    0.071317]   node   0: [mem 0x000000006ff40000-0x000000006ff47fff]
[    0.071413]   node   0: [mem 0x0000000070000000-0x000000022f8b1fff]
[    0.071516]   node   0: [mem 0x000000022f940000-0x000000022f947fff]
[    0.071621] Initmem setup node 0 [mem 0x0000000030400000-0x000000022f947fff]
[    0.071738] On node 0 totalpages: 1046977
[    0.071751]   Normal zone: 9204 pages used for memmap
[    0.071759]   Normal zone: 0 pages reserved
[    0.071767]   Normal zone: 1046977 pages, LIFO batch:31
[    0.084735]   Normal zone: 132671 pages in unavailable ranges
[    0.084870] Booting Linux...
[    0.084944] CPU CAPS: [flush,stbar,swap,muldiv,v9,blkinit,n2,mul32]
[    0.085096] CPU CAPS: [div32,v8plus,popc,vis,vis2,ASIBlkInit,fmaf,vis3]
[    0.085240] CPU CAPS: [hpc,ima,pause,cbcond,aes,des,kasumi,camellia]
[    0.085391] CPU CAPS: [md5,sha1,sha256,sha512,mpmul,montmul,montsqr,crc32c]
[    0.156362] percpu: Embedded 20 pages/cpu s119504 r8192 d36144 u262144
[    0.156754] pcpu-alloc: s119504 r8192 d36144 u262144 alloc=1*4194304
[    0.156771] pcpu-alloc: [0] 000 001 002 003 004 005 006 007 008 009 010 011 012 013 014 015 
[    0.156863] pcpu-alloc: [0] 016 017 018 019 020 021 022 023 024 025 026 027 028 029 030 031 
[    0.156959] pcpu-alloc: [0] 032 033 034 035 036 037 038 039 040 041 042 043 044 045 046 047 
[    0.157056] pcpu-alloc: [0] 048 049 050 051 052 053 054 055 056 057 058 059 060 061 062 063 
[    0.157152] pcpu-alloc: [0] 064 065 066 067 068 069 070 071 072 073 074 075 076 077 078 079 
[    0.157246] pcpu-alloc: [0] 080 081 082 083 084 085 086 087 088 089 090 091 092 093 094 095 
[    0.157340] pcpu-alloc: [0] 096 097 098 099 100 101 102 103 104 105 106 107 108 109 110 111 
[    0.157435] pcpu-alloc: [0] 112 113 114 115 116 117 118 119 120 121 122 123 124 125 126 127 
[    0.157531] pcpu-alloc: [0] 128 129 130 131 132 133 134 135 136 137 138 139 140 141 142 143 
[    0.157628] pcpu-alloc: [0] 144 145 146 147 148 149 150 151 152 153 154 155 156 157 158 159 
[    0.157723] pcpu-alloc: [0] 160 161 162 163 164 165 166 167 168 169 170 171 172 173 174 175 
[    0.157819] pcpu-alloc: [0] 176 177 178 179 180 181 182 183 184 185 186 187 188 189 190 191 
[    0.157915] pcpu-alloc: [0] 192 193 194 195 196 197 198 199 200 201 202 203 204 205 206 207 
[    0.158011] pcpu-alloc: [0] 208 209 210 211 212 213 214 215 216 217 218 219 220 221 222 223 
[    0.158106] pcpu-alloc: [0] 224 225 226 227 228 229 230 231 232 233 234 235 236 237 238 239 
[    0.158202] pcpu-alloc: [0] 240 241 242 243 244 245 246 247 248 249 250 251 252 253 254 255 
[    0.158990] SUN4V: Mondo queue sizes [cpu(131072) dev(16384) r(8192) nr(256)]
[    0.159464] Built 1 zonelists, mobility grouping on.  Total pages: 1037773
[    0.159596] Kernel command line: BOOT_IMAGE=/vmlinux-5.13.0-rc1-00109-g8c6417551309 root=/dev/vdiska2 ro
[    0.160071] printk: log_buf_len individual max cpu contribution: 4096 bytes
[    0.160191] printk: log_buf_len total cpu_extra contributions: 1044480 bytes
[    0.160299] printk: log_buf_len min size: 131072 bytes
[    0.162562] printk: log_buf_len: 2097152 bytes
[    0.162669] printk: early log buf free: 126568(96%)
[    0.163745] Dentry cache hash table entries: 1048576 (order: 10, 8388608 bytes, linear)
[    0.164439] Inode-cache hash table entries: 524288 (order: 9, 4194304 bytes, linear)
[    0.164577] Sorting __ex_table...
[    0.164965] mem auto-init: stack:off, heap alloc:off, heap free:off
[    0.169448] Memory: 1261112K/8375816K available (8765K kernel code, 1696K rwdata, 2912K rodata, 632K init, 3134K bss, 205416K reserved, 0K cma-reserved)
[    0.169688] random: get_random_u64 called from kmem_cache_open+0xcc/0x3e0 with crng_init=0
[    0.171016] SLUB: HWalign=32, Order=0-3, MinObjects=0, CPUs=256, Nodes=1
[    0.171676] ftrace: allocating 27354 entries in 54 pages
[    0.186535] ftrace: allocated 54 pages with 4 groups
[    0.186931] trace event string verifier disabled
[    0.192973] rcu: Hierarchical RCU implementation.
[    0.193085] rcu: 	RCU debug extended QS entry/exit.
[    0.193167] 	Rude variant of Tasks RCU enabled.
[    0.193237] 	Tracing variant of Tasks RCU enabled.
[    0.193311] rcu: RCU calculated value of scheduler-enlistment delay is 26 jiffies.
[    0.203355] NR_IRQS: 2048, nr_irqs: 2048, preallocated irqs: 1
[    0.203521] SUN4V: Using IRQ API major 3, cookie only virqs enabled
[    0.208730] clocksource: stick: mask: 0xffffffffffffffff max_cycles: 0x1cd42e4dffb, max_idle_ns: 881590591483 ns
[    0.208927] clocksource: mult[800000] shift[23]
[    0.208997] clockevent: mult[80000000] shift[31]
[    0.209812] Console: colour dummy device 80x25
[    0.209908] printk: console [tty0] enabled
[    0.210007] printk: bootconsole [earlyprom0] disabled
[    0.210112] Lock dependency validator: Copyright (c) 2006 Red Hat, Inc., Ingo Molnar
[    0.210153] ... MAX_LOCKDEP_SUBCLASSES:  8
[    0.210180] ... MAX_LOCK_DEPTH:          48
[    0.210206] ... MAX_LOCKDEP_KEYS:        8192
[    0.210232] ... CLASSHASH_SIZE:          4096
[    0.210259] ... MAX_LOCKDEP_ENTRIES:     16384
[    0.210285] ... MAX_LOCKDEP_CHAINS:      32768
[    0.210313] ... CHAINHASH_SIZE:          16384
[    0.210339]  memory used by lock dependency info: 2603 kB
[    0.210370]  per task-struct memory footprint: 1920 bytes
[    0.289672] Calibrating delay using timer specific routine.. 2021.27 BogoMIPS (lpj=4042549)
[    0.289742] pid_max: default: 262144 minimum: 2048
[    0.290229] LSM: Security Framework initializing
[    0.290481] Mount-cache hash table entries: 16384 (order: 4, 131072 bytes, linear)
[    0.290548] Mountpoint-cache hash table entries: 16384 (order: 4, 131072 bytes, linear)
[    0.294917] rcu: Hierarchical SRCU implementation.
[    0.306152] smp: Bringing up secondary CPUs ...
[    0.334619] smp: Brought up 1 node, 24 CPUs
[    0.376731] node 0 deferred pages initialised in 40ms
[    0.377632] devtmpfs: initialized
[    0.381153] Performance events: 
[    0.381205] Testing NMI watchdog ... 
[    0.461332] OK.
[    0.461457] Supported PMU type is 'niagara5'
[    0.463084] ldc.c:v1.1 (July 22, 2008)
[    0.464295] clocksource: jiffies: mask: 0xffffffff max_cycles: 0xffffffff, max_idle_ns: 7645041785100000 ns
[    0.464400] futex hash table entries: 65536 (order: 10, 8388608 bytes, linear)
[    0.476229] NET: Registered protocol family 16
[    0.480928] VIO: Adding device channel-devices (tx_ino = ffffffffffffffff, rx_ino = ffffffffffffffff)
[    0.481108] VIO: Adding device vnet-port-0-0 (tx_ino = 0, rx_ino = 1)
[    0.481224] VIO: Adding device vnet-port-0-1 (tx_ino = 2, rx_ino = 3)
[    0.481325] VIO: Adding device vnet-port-0-2 (tx_ino = 4, rx_ino = 5)
[    0.481426] VIO: Adding device vnet-port-0-3 (tx_ino = 6, rx_ino = 7)
[    0.481542] VIO: Adding device vnet-port-0-4 (tx_ino = 8, rx_ino = 9)
[    0.481646] VIO: Adding device vdc-port-2-0 (tx_ino = a, rx_ino = b)
[    0.481746] VIO: Adding device vdc-port-1-0 (tx_ino = c, rx_ino = d)
[    0.481846] VIO: Adding device vdc-port-0-0 (tx_ino = e, rx_ino = f)
[    0.481956] VIO: Adding device vlds-port-0-0 (tx_ino = 10, rx_ino = 11)
[    0.482074] VIO: Adding device domain-services-port-0 (tx_ino = 10, rx_ino = 11)
[    0.482363] audit: initializing netlink subsys (disabled)
[    0.482673] audit: type=2000 audit(0.268:1): state=initialized audit_enabled=0 res=1
[    0.504369] HugeTLB registered 64.0 KiB page size, pre-allocated 0 pages
[    0.504423] HugeTLB registered 8.00 MiB page size, pre-allocated 0 pages
[    0.504462] HugeTLB registered 256 MiB page size, pre-allocated 0 pages
[    0.504501] HugeTLB registered 2.00 GiB page size, pre-allocated 0 pages
[    1.094795] SUN4V: Reboot data supported (maj=1,min=0).
[    1.095159] ds.c:v1.0 (Jul 11, 2007)
[    1.095453] ds-0: ds_conn_reset() from send_events
[    1.096501] clocksource: Switched to clocksource stick
[    1.270648] VFS: Disk quotas dquot_6.6.0
[    1.270882] VFS: Dquot-cache hash table entries: 1024 (order 0, 8192 bytes)
[    1.281343] NET: Registered protocol family 2
[    1.281724] IP idents hash table entries: 131072 (order: 7, 1048576 bytes, linear)
[    1.288567] tcp_listen_portaddr_hash hash table entries: 4096 (order: 5, 327680 bytes, linear)
[    1.289311] TCP established hash table entries: 65536 (order: 6, 524288 bytes, linear)
[    1.290087] TCP bind hash table entries: 65536 (order: 9, 4718592 bytes, linear)
[    1.300240] TCP: Hash tables configured (established 65536 bind 65536)
[    1.303946] UDP hash table entries: 4096 (order: 6, 655360 bytes, linear)
[    1.306104] UDP-Lite hash table entries: 4096 (order: 6, 655360 bytes, linear)
[    1.311624] NET: Registered protocol family 1
[    1.311711] NET: Registered protocol family 44
[    1.312326] Trying to unpack rootfs image as initramfs...
[    1.325612] Initialise system trusted keyrings
[    1.325934] workingset: timestamp_bits=46 max_order=20 bucket_order=0
[    1.337331] zbud: loaded
[    1.340204] SGI XFS with ACLs, security attributes, realtime, quota, no debug enabled
[    1.344103] Key type asymmetric registered
[    1.344154] Asymmetric key parser 'x509' registered
[    1.344215] Block layer SCSI generic (bsg) driver version 0.4 loaded (major 252)
[    1.344995] io scheduler mq-deadline registered
[    1.346612] f029b788: ttyHV0 at I/O 0x0 (irq = 1, base_baud = 115200) is a SUN4V HCONS
[    1.347236] printk: console [ttyHV0] enabled
[    1.348303] n2rng v0.3 (Jan 7, 2017)
[    1.348353] n2rng f029b104: Registered RNG HVAPI major 2 minor 0
[    1.348391] n2rng f029b104: Found multi-unit-capable RNG, units: 2
[    1.350076] n2rng f029b104: RNG ready
[    1.350560] sunvdc.c:v1.2 (November 24, 2014)
[    1.353082] sunvdc: Virtual Hard disk vdiskc
[    1.353129] sunvdc: vdiskc: 104857600 sectors (51200 MB) protocol 1.2
[    1.377730] sunvdc: Virtual Hard disk vdiskb
[    1.377780] sunvdc: vdiskb: 62914560 sectors (30720 MB) protocol 1.2
[    1.378777]  vdiskb: vdiskb1
[    1.402283] sunvdc: Virtual Hard disk vdiska
[    1.402332] sunvdc: vdiska: 31457280 sectors (15360 MB) protocol 1.2
[    1.403470]  vdiska: vdiska1 vdiska2 vdiska3 vdiska4
[    1.425685] rtc-sun4v rtc-sun4v: registered as rtc0
[    1.425769] rtc-sun4v rtc-sun4v: setting system clock to 2021-07-05T14:08:09 UTC (1625494089)
[    1.426076] rtc-test rtc-test.0: registered as rtc1
[    1.433007] rtc rtc2: invalid alarm value: 18446744073704833233-01-11T03:45:25
[    1.433374] rtc-test rtc-test.1: registered as rtc2
[    1.440275] rtc rtc3: invalid alarm value: 18446744073704833233-01-11T03:45:25
[    1.440530] rtc-test rtc-test.2: registered as rtc3
[    1.440809] softdog: initialized. soft_noboot=0 soft_margin=60 sec soft_panic=0 (nowayout=0)
[    1.440845] softdog:              soft_reboot_cmd=<not set> soft_active_on_boot=0
[    1.442514] NET: Registered protocol family 10
[    1.722269] Freeing initrd memory: 27056K
[    1.747706] Segment Routing with IPv6
[    1.747828] mip6: Mobile IPv6
[    1.747850] NET: Registered protocol family 17
[    1.752693] registered taskstats version 1
[    1.752740] Loading compiled-in X.509 certificates
[    1.758119] zswap: loaded using pool lzo/zbud
[    1.761555] This architecture does not have kernel memory protection.
[    1.761623] Run /init as init process
[    1.761643]   with arguments:
[    1.761648]     /init
[    1.761652]   with environment:
[    1.761656]     HOME=/
[    1.761661]     TERM=linux
[    1.761664]     BOOT_IMAGE=/vmlinux-5.13.0-rc1-00109-g8c6417551309
[    2.158932] sunvnet_common: module verification failed: signature and/or required key missing - tainting kernel
[    2.161690] sunvnet: sunvnet 2.0 (February 3, 2017)
[    2.163888] vnet_port vnet-port-0-0 eth0: Sun LDOM vnet 00:14:4f:f8:12:a3
[    2.164114] sunvnet: eth0: PORT ( remote-mac 00:14:4f:fa:f3:f0 switch-port )
[    2.164511] sunvnet: eth0: PORT ( remote-mac 00:14:4f:f8:e5:f3 )
[    2.164863] sunvnet: eth0: PORT ( remote-mac 00:14:4f:f8:3f:1e )
[    2.165156] sunvnet: eth0: PORT ( remote-mac 00:14:4f:f9:b4:97 )
[    2.165438] sunvnet: eth0: PORT ( remote-mac 00:14:4f:f9:8b:83 )
[    2.176844] crc32c_sparc64: Using sparc64 crc32c opcode optimized CRC32C implementation
[    2.179772] random: lvm: uninitialized urandom read (4 bytes read)
[    2.219324] device-mapper: uevent: version 1.0.3
[    2.219809] device-mapper: ioctl: 4.45.0-ioctl (2021-03-22) initialised: dm-devel@redhat.com
[    2.225919] random: lvm: uninitialized urandom read (2 bytes read)
[    2.565416] xor: automatically using best checksumming function   Niagara   
[    2.632464] raid6: int64x8  gen()  1833 MB/s
[    2.700465] raid6: int64x8  xor()  1426 MB/s
[    2.768475] raid6: int64x4  gen()  2882 MB/s
[    2.836474] raid6: int64x4  xor()  1417 MB/s
[    2.904476] raid6: int64x2  gen()  2466 MB/s
[    2.972464] raid6: int64x2  xor()  1068 MB/s
[    3.040477] raid6: int64x1  gen()  1226 MB/s
[    3.108491] raid6: int64x1  xor()   695 MB/s
[    3.108532] raid6: using algorithm int64x4 gen() 2882 MB/s
[    3.108554] raid6: .... xor() 1417 MB/s, rmw enabled
[    3.108575] raid6: using intx1 recovery algorithm
[    3.224813] random: fast init done
[    3.331943] EXT4-fs (vdiska2): mounted filesystem with ordered data mode. Opts: (null). Quota mode: none.
[    5.295411] systemd[1]: Inserted module 'autofs4'
[    5.440169] systemd[1]: systemd 247.3-5 running in system mode. (+PAM +AUDIT +SELINUX +IMA +APPARMOR +SMACK +SYSVINIT +UTMP +LIBCRYPTSETUP +GCRYPT +GNUTLS +ACL +XZ +LZ4 +ZSTD -SECCOMP +BLKID +ELFUTILS +KMOD +IDN2 -IDN +PCRE2 default-hierarchy=unified)
[    5.440686] systemd[1]: Detected architecture sparc64.
[    5.476414] systemd[1]: Set hostname to <ttip>.
[    6.515501] random: lvmconfig: uninitialized urandom read (4 bytes read)
[    8.950326] systemd[1]: Queued start job for default target Multi-User System.
[    8.951739] random: systemd: uninitialized urandom read (16 bytes read)
[    8.963451] systemd[1]: Created slice system-getty.slice.
[    8.964294] random: systemd: uninitialized urandom read (16 bytes read)
[    8.970892] systemd[1]: Created slice system-modprobe.slice.
[    8.971413] random: systemd: uninitialized urandom read (16 bytes read)
[    8.978271] systemd[1]: Created slice system-openvpn\x2dclient.slice.
[    8.985420] systemd[1]: Created slice system-postfix.slice.
[    8.992497] systemd[1]: Created slice system-systemd\x2dfsck.slice.
[    9.000555] systemd[1]: Created slice User and Session Slice.
[    9.001598] systemd[1]: Started Dispatch Password Requests to Console Directory Watch.
[    9.002527] systemd[1]: Started Forward Password Requests to Wall Directory Watch.
[    9.005379] systemd[1]: Set up automount Arbitrary Executable File Formats File System Automount Point.
[    9.006087] systemd[1]: Reached target Local Encrypted Volumes.
[    9.006584] systemd[1]: Reached target Paths.
[    9.007012] systemd[1]: Reached target Slices.
[    9.007961] systemd[1]: Listening on Device-mapper event daemon FIFOs.
[    9.009141] systemd[1]: Listening on LVM2 poll daemon socket.
[    9.037637] systemd[1]: Listening on RPCbind Server Activation Socket.
[    9.040232] systemd[1]: Listening on Syslog Socket.
[    9.041619] systemd[1]: Listening on fsck to fsckd communication Socket.
[    9.042594] systemd[1]: Listening on initctl Compatibility Named Pipe.
[    9.044166] systemd[1]: Listening on Journal Audit Socket.
[    9.045583] systemd[1]: Listening on Journal Socket (/dev/log).
[    9.047084] systemd[1]: Listening on Journal Socket.
[    9.048690] systemd[1]: Listening on udev Control Socket.
[    9.049855] systemd[1]: Listening on udev Kernel Socket.
[    9.061395] systemd[1]: Mounting Huge Pages File System...
[    9.073392] systemd[1]: Mounting POSIX Message Queue File System...
[    9.085037] systemd[1]: Mounting RPC Pipe File System...
[    9.097086] systemd[1]: Mounting Kernel Debug File System...
[    9.108483] systemd[1]: Mounting Kernel Trace File System...
[    9.109473] systemd[1]: Condition check resulted in Kernel Module supporting RPCSEC_GSS being skipped.
[    9.110355] systemd[1]: Finished Availability of block devices.
[    9.122219] systemd[1]: Starting Wait for network to be configured by ifupdown...
[    9.133612] systemd[1]: Starting Create list of static device nodes for the current kernel...
[    9.144774] systemd[1]: Starting Monitoring of LVM2 mirrors, snapshots etc. using dmeventd or progress polling...
[    9.150768] RPC: Registered named UNIX socket transport module.
[    9.150816] RPC: Registered udp transport module.
[    9.150837] RPC: Registered tcp transport module.
[    9.150858] RPC: Registered tcp NFSv4.1 backchannel transport module.
[    9.156672] systemd[1]: Starting Load Kernel Module configfs...
[    9.167801] systemd[1]: Starting Load Kernel Module drm...
[    9.178948] systemd[1]: Starting Load Kernel Module fuse...
[    9.190277] systemd[1]: Starting nftables...
[    9.215652] systemd[1]: Condition check resulted in Set Up Additional Binary Formats being skipped.
[    9.215999] systemd[1]: Condition check resulted in File System Check on Root Device being skipped.
[    9.232860] systemd[1]: Starting Journal Service...
[    9.288547] systemd[1]: Starting Load Kernel Modules...
[    9.299855] systemd[1]: Starting Remount Root and Kernel File Systems...
[    9.311426] systemd[1]: Starting Coldplug All udev Devices...
[    9.325391] systemd[1]: Mounted Huge Pages File System.
[    9.326605] systemd[1]: Mounted POSIX Message Queue File System.
[    9.327757] systemd[1]: Mounted RPC Pipe File System.
[    9.328970] systemd[1]: Mounted Kernel Debug File System.
[    9.330115] systemd[1]: Mounted Kernel Trace File System.
[    9.334079] systemd[1]: Finished Wait for network to be configured by ifupdown.
[    9.338745] systemd[1]: Finished Create list of static device nodes for the current kernel.
[    9.343478] systemd[1]: Finished Monitoring of LVM2 mirrors, snapshots etc. using dmeventd or progress polling.
[    9.346765] systemd[1]: modprobe@configfs.service: Succeeded.
[    9.350409] systemd[1]: Finished Load Kernel Module configfs.
[    9.353574] systemd[1]: modprobe@drm.service: Succeeded.
[    9.357207] systemd[1]: Finished Load Kernel Module drm.
[    9.377395] systemd[1]: Mounting Kernel Configuration File System...
[    9.386284] EXT4-fs (vdiska2): re-mounted. Opts: errors=remount-ro. Quota mode: none.
[    9.396691] systemd[1]: Finished Load Kernel Modules.
[    9.398281] systemd[1]: Mounted Kernel Configuration File System.
[    9.410346] systemd[1]: Starting Apply Kernel Variables...
[    9.418513] systemd[1]: Finished Remount Root and Kernel File Systems.
[    9.501177] fuse: init (API version 7.33)
[    9.506568] systemd[1]: Starting Initial Check File System Quotas...
[    9.554099] systemd[1]: Condition check resulted in Rebuild Hardware Database being skipped.
[    9.554344] systemd[1]: Condition check resulted in Platform Persistent Storage Archival being skipped.
[    9.561582] systemd[1]: Starting Load/Save Random Seed...
[    9.569486] systemd[1]: Starting Create System Users...
[    9.571721] systemd[1]: Started Journal Service.
[    9.655141] systemd-journald[387]: Received client request to flush runtime journal.
[   11.309806] sha1_sparc64: Using sparc64 sha1 opcode optimized SHA-1 implementation
[   11.351231] sha256_sparc64: Using sparc64 sha256 opcode optimized SHA-256/SHA-224 implementation
[   11.371388] sha512_sparc64: Using sparc64 sha512 opcode optimized SHA-512/SHA-384 implementation
[   11.407120] md5_sparc64: Using sparc64 md5 opcode optimized MD5 implementation
[   11.474084] aes_sparc64: Using sparc64 aes opcodes optimized AES implementation
[   11.526403] des_sparc64: Using sparc64 des opcodes optimized DES implementation
[   11.584449] camellia_sparc64: Using sparc64 camellia opcodes optimized CAMELLIA implementation
[   11.626566] XFS (dm-0): Mounting V5 Filesystem
[   11.788096] XFS (dm-0): Ending clean mount
[   11.790303] xfs filesystem being mounted at /1 supports timestamps until 2038 (0x7fffffff)
[   11.860548] Adding 787176k swap on /dev/vdiska4.  Priority:-2 extents:1 across:787176k FS
[   12.176772] random: crng init done
[   12.176817] random: 4 urandom warning(s) missed due to ratelimiting
[   12.324326] EXT4-fs (vdiska1): mounting ext3 file system using the ext4 subsystem
[   12.650523] EXT4-fs (vdiska1): mounted filesystem with ordered data mode. Opts: (null). Quota mode: none.
[   12.650885] ext3 filesystem being mounted at /boot supports timestamps until 2038 (0x7fffffff)
