[    0.000018] PROMLIB: Sun IEEE Boot Prom 'OBP 4.38.17 2019/01/25 08:22'
[    0.000022] PROMLIB: Root node compatible: sun4v
[    0.000056] Linux version 5.10.0-rc7-00149-g33dc9614dc20 (mator@ttip) (gcc (Debian 10.2.1-1) 10.2.1 20201207, GNU ld (GNU Binutils for Debian) 2.35.1) #153 SMP Fri Dec 11 12:34:43 MSK 2020
[    0.000346] printk: bootconsole [earlyprom0] enabled
[    0.000393] ARCH: SUN4V
[    0.000433] Ethernet address: 00:14:4f:fa:06:f2
[    0.000480] MM: PAGE_OFFSET is 0xfff8000000000000 (max_phys_bits == 47)
[    0.000538] MM: VMALLOC [0x0000000100000000 --> 0x0006000000000000]
[    0.000593] MM: VMEMMAP [0x0006000000000000 --> 0x000c000000000000]
[    0.013055] Kernel: Using 4 locked TLB entries for main kernel image.
[    0.013124] Remapping the kernel... 
[    0.013146] done.
[    0.036987] OF stdout device is: /virtual-devices@100/console@1
[    0.037053] PROM: Built device tree with 65673 bytes of memory.
[    0.037108] MDESC: Size is 29712 bytes.
[    0.037201] PLATFORM: banner-name [SPARC T5-2]
[    0.037242] PLATFORM: name [ORCL,SPARC-T5-2]
[    0.037283] PLATFORM: hostid [84fa06f2]
[    0.037320] PLATFORM: serial# [0035260e]
[    0.037357] PLATFORM: stick-frequency [3b9aca00]
[    0.037401] PLATFORM: mac-address [144ffa06f2]
[    0.037441] PLATFORM: watchdog-resolution [1000 ms]
[    0.037486] PLATFORM: watchdog-max-timeout [31536000000 ms]
[    0.037535] PLATFORM: max-cpus [1024]
[    0.037625] Top of RAM: 0x2af948000, Total RAM: 0x27f384000
[    0.037678] Memory hole size: 773MB
[    0.039304] Allocated 24576 bytes for kernel page tables.
[    0.039384] Zone ranges:
[    0.039418]   Normal   [mem 0x0000000030400000-0x00000002af947fff]
[    0.039479] Movable zone start for each node
[    0.039516] Early memory node ranges
[    0.039551]   node   0: [mem 0x0000000030400000-0x000000006febffff]
[    0.039608]   node   0: [mem 0x000000006ff40000-0x000000006ff47fff]
[    0.039662]   node   0: [mem 0x0000000070000000-0x00000002af8b3fff]
[    0.039718]   node   0: [mem 0x00000002af940000-0x00000002af947fff]
[    0.045580] Zeroed struct page in unavailable ranges: 132670 pages
[    0.045587] Initmem setup node 0 [mem 0x0000000030400000-0x00000002af947fff]
[    0.045724] On node 0 totalpages: 1309122
[    0.045728]   Normal zone: 11508 pages used for memmap
[    0.045731]   Normal zone: 0 pages reserved
[    0.045734]   Normal zone: 1309122 pages, LIFO batch:31
[    0.090243] Booting Linux...
[    0.090314] CPU CAPS: [flush,stbar,swap,muldiv,v9,blkinit,n2,mul32]
[    0.090397] CPU CAPS: [div32,v8plus,popc,vis,vis2,ASIBlkInit,fmaf,vis3]
[    0.090474] CPU CAPS: [hpc,ima,pause,cbcond,aes,des,kasumi,camellia]
[    0.090546] CPU CAPS: [md5,sha1,sha256,sha512,mpmul,montmul,montsqr,crc32c]
[    0.138921] percpu: Embedded 19 pages/cpu s113880 r8192 d33576 u262144
[    0.139131] pcpu-alloc: s113880 r8192 d33576 u262144 alloc=1*4194304
[    0.139136] pcpu-alloc: [0] 000 001 002 003 004 005 006 007 008 009 010 011 012 013 014 015 
[    0.139171] pcpu-alloc: [0] 016 017 018 019 020 021 022 023 024 025 026 027 028 029 030 031 
[    0.139206] pcpu-alloc: [0] 032 033 034 035 036 037 038 039 040 041 042 043 044 045 046 047 
[    0.139241] pcpu-alloc: [0] 048 049 050 051 052 053 054 055 056 057 058 059 060 061 062 063 
[    0.139275] pcpu-alloc: [0] 064 065 066 067 068 069 070 071 072 073 074 075 076 077 078 079 
[    0.139310] pcpu-alloc: [0] 080 081 082 083 084 085 086 087 088 089 090 091 092 093 094 095 
[    0.139344] pcpu-alloc: [0] 096 097 098 099 100 101 102 103 104 105 106 107 108 109 110 111 
[    0.139379] pcpu-alloc: [0] 112 113 114 115 116 117 118 119 120 121 122 123 124 125 126 127 
[    0.139413] pcpu-alloc: [0] 128 129 130 131 132 133 134 135 136 137 138 139 140 141 142 143 
[    0.139448] pcpu-alloc: [0] 144 145 146 147 148 149 150 151 152 153 154 155 156 157 158 159 
[    0.139482] pcpu-alloc: [0] 160 161 162 163 164 165 166 167 168 169 170 171 172 173 174 175 
[    0.139517] pcpu-alloc: [0] 176 177 178 179 180 181 182 183 184 185 186 187 188 189 190 191 
[    0.139551] pcpu-alloc: [0] 192 193 194 195 196 197 198 199 200 201 202 203 204 205 206 207 
[    0.139586] pcpu-alloc: [0] 208 209 210 211 212 213 214 215 216 217 218 219 220 221 222 223 
[    0.139620] pcpu-alloc: [0] 224 225 226 227 228 229 230 231 232 233 234 235 236 237 238 239 
[    0.139655] pcpu-alloc: [0] 240 241 242 243 244 245 246 247 248 249 250 251 252 253 254 255 
[    0.140094] SUN4V: Mondo queue sizes [cpu(131072) dev(16384) r(8192) nr(256)]
[    0.140386] Built 1 zonelists, mobility grouping on.  Total pages: 1297614
[    0.140451] Kernel command line: BOOT_IMAGE=/vmlinux-5.10.0-rc7-00149-g33dc9614dc20 root=/dev/vdiska2 ro zswap.enabled=1
[    0.141991] printk: log_buf_len individual max cpu contribution: 4096 bytes
[    0.142056] printk: log_buf_len total cpu_extra contributions: 1044480 bytes
[    0.142118] printk: log_buf_len min size: 131072 bytes
[    0.143926] printk: log_buf_len: 2097152 bytes
[    0.143969] printk: early log buf free: 126552(96%)
[    0.145625] Dentry cache hash table entries: 2097152 (order: 11, 16777216 bytes, linear)
[    0.146525] Inode-cache hash table entries: 1048576 (order: 10, 8388608 bytes, linear)
[    0.146594] Sorting __ex_table...
[    0.146844] mem auto-init: stack:off, heap alloc:off, heap free:off
[    0.166803] Memory: 10245280K/10472976K available (7947K kernel code, 1526K rwdata, 1952K rodata, 592K init, 413K bss, 227696K reserved, 0K cma-reserved)
[    0.166968] random: get_random_u64 called from __kmem_cache_create+0x20/0x520 with crng_init=0
[    0.167989] SLUB: HWalign=32, Order=0-3, MinObjects=0, CPUs=256, Nodes=1
[    0.168429] ftrace: allocating 24187 entries in 48 pages
[    0.177647] ftrace: allocated 48 pages with 2 groups
[    0.180130] rcu: Hierarchical RCU implementation.
[    0.180180] 	Trampoline variant of Tasks RCU enabled.
[    0.180226] 	Rude variant of Tasks RCU enabled.
[    0.180267] 	Tracing variant of Tasks RCU enabled.
[    0.180310] rcu: RCU calculated value of scheduler-enlistment delay is 26 jiffies.
[    0.184503] NR_IRQS: 2048, nr_irqs: 2048, preallocated irqs: 1
[    0.184574] SUN4V: Using IRQ API major 3, cookie only virqs enabled
[    0.187232] clocksource: stick: mask: 0xffffffffffffffff max_cycles: 0x1cd42e4dffb, max_idle_ns: 881590591483 ns
[    0.187349] clocksource: mult[800000] shift[23]
[    0.187390] clockevent: mult[80000000] shift[31]
[    0.187806] Console: colour dummy device 80x25
[    0.187853] printk: console [tty0] enabled
[    0.187894] printk: bootconsole [earlyprom0] disabled
[    0.267471] Calibrating delay using timer specific routine.. 2001.00 BogoMIPS (lpj=4002013)
[    0.267481] pid_max: default: 262144 minimum: 2048
[    0.267860] LSM: Security Framework initializing
[    0.268056] Mount-cache hash table entries: 32768 (order: 5, 262144 bytes, linear)
[    0.268091] Mountpoint-cache hash table entries: 32768 (order: 5, 262144 bytes, linear)
[    0.269744] rcu: Hierarchical SRCU implementation.
[    0.272788] smp: Bringing up secondary CPUs ...
[    0.280642] smp: Brought up 1 node, 24 CPUs
[    0.282436] devtmpfs: initialized
[    0.283212] Performance events: 
[    0.283231] Testing NMI watchdog ... 
[    0.363306] OK.
[    0.363325] Supported PMU type is 'niagara5'
[    0.363601] ldc.c:v1.1 (July 22, 2008)
[    0.363846] clocksource: jiffies: mask: 0xffffffff max_cycles: 0xffffffff, max_idle_ns: 7645041785100000 ns
[    0.363867] futex hash table entries: 65536 (order: 9, 4194304 bytes, linear)
[    0.366046] NET: Registered protocol family 16
[    0.367256] VIO: Adding device channel-devices (tx_ino = ffffffffffffffff, rx_ino = ffffffffffffffff)
[    0.367287] VIO: Adding device vnet-port-0-0 (tx_ino = 0, rx_ino = 1)
[    0.367309] VIO: Adding device vnet-port-0-1 (tx_ino = 2, rx_ino = 3)
[    0.367341] VIO: Adding device vnet-port-0-2 (tx_ino = 4, rx_ino = 5)
[    0.367362] VIO: Adding device vnet-port-0-3 (tx_ino = 6, rx_ino = 7)
[    0.367383] VIO: Adding device vnet-port-0-4 (tx_ino = 8, rx_ino = 9)
[    0.367403] VIO: Adding device vdc-port-2-0 (tx_ino = a, rx_ino = b)
[    0.367423] VIO: Adding device vdc-port-1-0 (tx_ino = c, rx_ino = d)
[    0.367443] VIO: Adding device vdc-port-0-0 (tx_ino = e, rx_ino = f)
[    0.367466] VIO: Adding device vlds-port-0-0 (tx_ino = 10, rx_ino = 11)
[    0.367489] VIO: Adding device domain-services-port-0 (tx_ino = 10, rx_ino = 11)
[    0.367568] audit: initializing netlink subsys (disabled)
[    0.367652] audit: type=2000 audit(0.180:1): state=initialized audit_enabled=0 res=1
[    0.372745] HugeTLB registered 64.0 KiB page size, pre-allocated 0 pages
[    0.372752] HugeTLB registered 8.00 MiB page size, pre-allocated 0 pages
[    0.372758] HugeTLB registered 256 MiB page size, pre-allocated 0 pages
[    0.372764] HugeTLB registered 2.00 GiB page size, pre-allocated 0 pages
[    0.938057] NetLabel: Initializing
[    0.938070] NetLabel:  domain hash size = 128
[    0.938075] NetLabel:  protocols = UNLABELED CIPSOv4 CALIPSO
[    0.938102] NetLabel:  unlabeled traffic allowed by default
[    0.938345] SUN4V: Reboot data supported (maj=1,min=0).
[    0.938447] ds.c:v1.0 (Jul 11, 2007)
[    0.938577] ds-0: ds_conn_reset() from send_events
[    0.938842] clocksource: Switched to clocksource stick
[    0.990295] VFS: Disk quotas dquot_6.6.0
[    0.990399] VFS: Dquot-cache hash table entries: 1024 (order 0, 8192 bytes)
[    0.993001] NET: Registered protocol family 2
[    0.994127] tcp_listen_portaddr_hash hash table entries: 8192 (order: 4, 131072 bytes, linear)
[    0.994224] TCP established hash table entries: 131072 (order: 7, 1048576 bytes, linear)
[    0.994689] TCP bind hash table entries: 65536 (order: 7, 1048576 bytes, linear)
[    0.995160] TCP: Hash tables configured (established 131072 bind 65536)
[    0.995682] UDP hash table entries: 8192 (order: 5, 262144 bytes, linear)
[    0.995804] UDP-Lite hash table entries: 8192 (order: 5, 262144 bytes, linear)
[    0.996742] NET: Registered protocol family 1
[    0.996757] NET: Registered protocol family 44
[    0.996884] Trying to unpack rootfs image as initramfs...
[    1.183377] Freeing initrd memory: 27304K
[    1.187454] Initialise system trusted keyrings
[    1.187479] Key type blacklist registered
[    1.187569] workingset: timestamp_bits=46 max_order=21 bucket_order=0
[    1.190238] zbud: loaded
[    1.191231] SGI XFS with ACLs, security attributes, realtime, quota, no debug enabled
[    1.192907] Key type asymmetric registered
[    1.192914] Asymmetric key parser 'x509' registered
[    1.192933] Block layer SCSI generic (bsg) driver version 0.4 loaded (major 252)
[    1.193184] io scheduler mq-deadline registered
[    1.193667] f029b788: ttyHV0 at I/O 0x0 (irq = 1, base_baud = 115200) is a SUN4V HCONS
[    1.193905] printk: console [ttyHV0] enabled
[    1.194716] sunvdc.c:v1.2 (November 24, 2014)
[    1.217481] sunvdc: Virtual Hard disk vdiskc
[    1.217492] sunvdc: vdiskc: 104857600 sectors (51200 MB) protocol 1.2
[    1.262793] sunvdc: Virtual Hard disk vdiskb
[    1.262819] sunvdc: vdiskb: 62914560 sectors (30720 MB) protocol 1.2
[    1.263359]  vdiskb: vdiskb1
[    1.269401] sunvdc: Virtual Hard disk vdiska
[    1.269409] sunvdc: vdiska: 31457280 sectors (15360 MB) protocol 1.2
[    1.269860]  vdiska: vdiska1 vdiska2 vdiska3 vdiska4
[    1.274906] Silicon Labs C2 port support v. 0.51.0 - (C) 2007 Rodolfo Giometti
[    1.275239] rtc-sun4v rtc-sun4v: registered as rtc0
[    1.275280] rtc-sun4v rtc-sun4v: setting system clock to 2020-12-11T10:08:36 UTC (1607681316)
[    1.276007] NET: Registered protocol family 10
[    1.289630] Segment Routing with IPv6
[    1.289663] mip6: Mobile IPv6
[    1.289670] NET: Registered protocol family 17
[    1.289775] registered taskstats version 1
[    1.289784] Loading compiled-in X.509 certificates
[    1.289870] zswap: loaded using pool lzo/zbud
[    1.291426] This architecture does not have kernel memory protection.
[    1.291438] Run /init as init process
[    1.291444]   with arguments:
[    1.291447]     /init
[    1.291450]   with environment:
[    1.291453]     HOME=/
[    1.291455]     TERM=linux
[    1.291458]     BOOT_IMAGE=/vmlinux-5.10.0-rc7-00149-g33dc9614dc20
[    1.454726] sunvnet_common: module verification failed: signature and/or required key missing - tainting kernel
[    1.456042] sunvnet: sunvnet 2.0 (February 3, 2017)
[    1.457068] vnet_port vnet-port-0-0 eth0: Sun LDOM vnet 00:14:4f:f8:12:a3
[    1.457153] sunvnet: eth0: PORT ( remote-mac 00:14:4f:fa:f3:f0 switch-port )
[    1.457326] sunvnet: eth0: PORT ( remote-mac 00:14:4f:f9:b4:97 )
[    1.457481] sunvnet: eth0: PORT ( remote-mac 00:14:4f:f8:e5:f3 )
[    1.457661] sunvnet: eth0: PORT ( remote-mac 00:14:4f:f8:3f:1e )
[    1.457812] sunvnet: eth0: PORT ( remote-mac 00:14:4f:f9:8b:83 )
[    1.464197] crc32c_sparc64: Using sparc64 crc32c opcode optimized CRC32C implementation
[    1.464531] random: lvm: uninitialized urandom read (4 bytes read)
[    1.481659] device-mapper: uevent: version 1.0.3
[    1.481796] device-mapper: ioctl: 4.43.0-ioctl (2020-10-01) initialised: dm-devel@redhat.com
[    1.483889] random: lvm: uninitialized urandom read (2 bytes read)
[    1.892597] xor: automatically using best checksumming function   Niagara   
[    1.958833] raid6: int64x8  gen()  2159 MB/s
[    2.026833] raid6: int64x8  xor()  1514 MB/s
[    2.094818] raid6: int64x4  gen()  3372 MB/s
[    2.162818] raid6: int64x4  xor()  1458 MB/s
[    2.230818] raid6: int64x2  gen()  3353 MB/s
[    2.298812] raid6: int64x2  xor()  1131 MB/s
[    2.366828] raid6: int64x1  gen()  1381 MB/s
[    2.434812] raid6: int64x1  xor()   711 MB/s
[    2.434820] raid6: using algorithm int64x4 gen() 3372 MB/s
[    2.434826] raid6: .... xor() 1458 MB/s, rmw enabled
[    2.434832] raid6: using intx1 recovery algorithm
[    2.467813] random: fast init done
[    2.574114] EXT4-fs (vdiska2): mounted filesystem with ordered data mode. Opts: (null)
[    5.145074] systemd[1]: Inserted module 'autofs4'
[    5.443303] systemd[1]: systemd 247.1-3 running in system mode. (+PAM +AUDIT +SELINUX +IMA +APPARMOR +SMACK +SYSVINIT +UTMP +LIBCRYPTSETUP +GCRYPT +GNUTLS +ACL +XZ +LZ4 +ZSTD -SECCOMP +BLKID +ELFUTILS +KMOD +IDN2 -IDN +PCRE2 default-hierarchy=hybrid)
[    5.443569] systemd[1]: Detected architecture sparc64.
[    5.534332] systemd[1]: Set hostname to <ttip>.
[    5.875686] systemd-sysv-generator[334]: SysV service '/etc/init.d/xinetd' lacks a native systemd unit file. Automatically generating a unit file for compatibility. Please update package to include a native systemd unit file, in order to make it more safe and robust.
[    6.198191] systemd-sysv-generator[334]: SysV service '/etc/init.d/rng-tools-debian' lacks a native systemd unit file. Automatically generating a unit file for compatibility. Please update package to include a native systemd unit file, in order to make it more safe and robust.
[    6.200373] systemd-sysv-generator[334]: SysV service '/etc/init.d/arpalert' lacks a native systemd unit file. Automatically generating a unit file for compatibility. Please update package to include a native systemd unit file, in order to make it more safe and robust.
[    6.235062] systemd-sysv-generator[334]: SysV service '/etc/init.d/vmtouch' lacks a native systemd unit file. Automatically generating a unit file for compatibility. Please update package to include a native systemd unit file, in order to make it more safe and robust.
[    6.338406] systemd-sysv-generator[334]: SysV service '/etc/init.d/mysql' lacks a native systemd unit file. Automatically generating a unit file for compatibility. Please update package to include a native systemd unit file, in order to make it more safe and robust.
[    6.595849] random: lvmconfig: uninitialized urandom read (4 bytes read)
[    7.931512] systemd[1]: Queued start job for default target Multi-User System.
[    7.932241] random: systemd: uninitialized urandom read (16 bytes read)
[    7.978032] systemd[1]: Created slice system-getty.slice.
[    7.978304] random: systemd: uninitialized urandom read (16 bytes read)
[    7.983775] systemd[1]: Created slice system-modprobe.slice.
[    7.983899] random: systemd: uninitialized urandom read (16 bytes read)
[    7.989217] systemd[1]: Created slice system-openvpn\x2dclient.slice.
[    7.995140] systemd[1]: Created slice system-postfix.slice.
[    8.000596] systemd[1]: Created slice system-systemd\x2dfsck.slice.
[    8.006380] systemd[1]: Created slice User and Session Slice.
[    8.006644] systemd[1]: Started Dispatch Password Requests to Console Directory Watch.
[    8.006877] systemd[1]: Started Forward Password Requests to Wall Directory Watch.
[    8.007949] systemd[1]: Set up automount Arbitrary Executable File Formats File System Automount Point.
[    8.008143] systemd[1]: Reached target Local Encrypted Volumes.
[    8.008340] systemd[1]: Reached target Paths.
[    8.008496] systemd[1]: Reached target Slices.
[    8.008795] systemd[1]: Listening on Device-mapper event daemon FIFOs.
[    8.009130] systemd[1]: Listening on LVM2 poll daemon socket.
[    8.022021] systemd[1]: Listening on RPCbind Server Activation Socket.
[    8.022405] systemd[1]: Listening on Syslog Socket.
[    8.022726] systemd[1]: Listening on fsck to fsckd communication Socket.
[    8.022959] systemd[1]: Listening on initctl Compatibility Named Pipe.
[    8.023382] systemd[1]: Listening on Journal Audit Socket.
[    8.023653] systemd[1]: Listening on Journal Socket (/dev/log).
[    8.023997] systemd[1]: Listening on Journal Socket.
[    8.024358] systemd[1]: Listening on udev Control Socket.
[    8.024624] systemd[1]: Listening on udev Kernel Socket.
[    8.031211] systemd[1]: Mounting Huge Pages File System...
[    8.037958] systemd[1]: Mounting POSIX Message Queue File System...
[    8.044861] systemd[1]: Mounting RPC Pipe File System...
[    8.051466] systemd[1]: Mounting Kernel Debug File System...
[    8.058388] systemd[1]: Mounting Kernel Trace File System...
[    8.058737] systemd[1]: Condition check resulted in Kernel Module supporting RPCSEC_GSS being skipped.
[    8.059109] systemd[1]: Finished Availability of block devices.
[    8.065946] systemd[1]: Starting Wait for network to be configured by ifupdown...
[    8.072710] systemd[1]: Starting Create list of static device nodes for the current kernel...
[    8.079560] systemd[1]: Starting Monitoring of LVM2 mirrors, snapshots etc. using dmeventd or progress polling...
[    8.085600] systemd[1]: Starting Load Kernel Module configfs...
[    8.092547] systemd[1]: Starting Load Kernel Module drm...
[    8.099663] systemd[1]: Starting Load Kernel Module fuse...
[    8.107037] systemd[1]: Starting nftables...
[    8.162522] systemd[1]: Condition check resulted in Set Up Additional Binary Formats being skipped.
[    8.162712] systemd[1]: Condition check resulted in File System Check on Root Device being skipped.
[    8.171277] systemd[1]: Starting Journal Service...
[    8.204189] systemd[1]: Starting Load Kernel Modules...
[    8.211480] systemd[1]: Starting Remount Root and Kernel File Systems...
[    8.218224] systemd[1]: Starting Coldplug All udev Devices...
[    8.222925] systemd[1]: Mounted Huge Pages File System.
[    8.223274] systemd[1]: Mounted POSIX Message Queue File System.
[    8.223533] systemd[1]: Mounted Kernel Debug File System.
[    8.223789] systemd[1]: Mounted Kernel Trace File System.
[    8.224935] systemd[1]: Finished Wait for network to be configured by ifupdown.
[    8.226117] systemd[1]: Finished Create list of static device nodes for the current kernel.
[    8.226670] systemd[1]: modprobe@drm.service: Succeeded.
[    8.227506] systemd[1]: Finished Load Kernel Module drm.
[    8.258753] systemd[1]: modprobe@configfs.service: Succeeded.
[    8.261459] systemd[1]: Finished Load Kernel Module configfs.
[    8.268644] systemd[1]: Mounting Kernel Configuration File System...
[    8.277416] systemd[1]: Mounted Kernel Configuration File System.
[    8.295150] EXT4-fs (vdiska2): re-mounted. Opts: errors=remount-ro
[    8.297581] systemd[1]: Finished Load Kernel Modules.
[    8.298940] systemd[1]: Finished Remount Root and Kernel File Systems.
[    8.387445] systemd[1]: Starting Initial Check File System Quotas...
[    8.426986] fuse: init (API version 7.32)
[    8.432583] systemd[1]: Condition check resulted in Rebuild Hardware Database being skipped.
[    8.432743] systemd[1]: Condition check resulted in Platform Persistent Storage Archival being skipped.
[    8.439693] systemd[1]: Starting Load/Save Random Seed...
[    8.446271] systemd[1]: Starting Apply Kernel Variables...
[    8.453189] systemd[1]: Starting Create System Users...
[    8.454190] systemd[1]: Started Journal Service.
[    8.942596] RPC: Registered named UNIX socket transport module.
[    8.942617] RPC: Registered udp transport module.
[    8.942623] RPC: Registered tcp transport module.
[    8.942629] RPC: Registered tcp NFSv4.1 backchannel transport module.
[   10.882672] sha1_sparc64: Using sparc64 sha1 opcode optimized SHA-1 implementation
[   10.915681] sha256_sparc64: Using sparc64 sha256 opcode optimized SHA-256/SHA-224 implementation
[   10.943562] sha512_sparc64: Using sparc64 sha512 opcode optimized SHA-512/SHA-384 implementation
[   10.983312] md5_sparc64: Using sparc64 md5 opcode optimized MD5 implementation
[   10.983476] n2rng v0.3 (Jan 7, 2017)
[   10.983498] n2rng f029b104: Registered RNG HVAPI major 2 minor 0
[   10.983511] n2rng f029b104: Found multi-unit-capable RNG, units: 2
[   10.983542] n2rng f029b104: RNG ready
[   11.075316] aes_sparc64: Using sparc64 aes opcodes optimized AES implementation
[   11.094956] random: crng init done
[   11.094981] random: 4 urandom warning(s) missed due to ratelimiting
[   11.248570] des_sparc64: Using sparc64 des opcodes optimized DES implementation
[   11.264623] XFS (dm-0): Mounting V5 Filesystem
[   11.280791] camellia_sparc64: Using sparc64 camellia opcodes optimized CAMELLIA implementation
[   11.498836] Adding 787176k swap on /dev/vdiska4.  Priority:-2 extents:1 across:787176k FS
[   11.602011] XFS (dm-0): Ending clean mount
[   11.647871] xfs filesystem being mounted at /1 supports timestamps until 2038 (0x7fffffff)
[   11.797304] EXT4-fs (vdiska1): mounting ext3 file system using the ext4 subsystem
[   12.129800] EXT4-fs (vdiska1): mounted filesystem with ordered data mode. Opts: (null)
[   12.129984] ext3 filesystem being mounted at /boot supports timestamps until 2038 (0x7fffffff)
