[    0.000012] PROMLIB: Sun IEEE Boot Prom 'OBP 4.38.17 2019/01/25 08:22'
[    0.000028] PROMLIB: Root node compatible: sun4v
[    0.000069] Linux version 5.11.0-rc1-00073-g3516bd729358 (mator@ttip) (gcc (Debian 10.2.1-3) 10.2.1 20201224, GNU ld (GNU Binutils for Debian) 2.35.1) #172 SMP Sun Jan 3 14:05:39 MSK 2021
[    0.000382] printk: bootconsole [earlyprom0] enabled
[    0.000432] ARCH: SUN4V
[    0.000476] Ethernet address: 00:14:4f:fa:06:f2
[    0.000527] MM: PAGE_OFFSET is 0xfff8000000000000 (max_phys_bits == 47)
[    0.000592] MM: VMALLOC [0x0000000100000000 --> 0x0006000000000000]
[    0.000652] MM: VMEMMAP [0x0006000000000000 --> 0x000c000000000000]
[    0.013720] Kernel: Using 5 locked TLB entries for main kernel image.
[    0.013790] Remapping the kernel... 
[    0.013815] done.
[    0.038952] OF stdout device is: /virtual-devices@100/console@1
[    0.039017] PROM: Built device tree with 76625 bytes of memory.
[    0.039075] MDESC: Size is 30160 bytes.
[    0.039176] PLATFORM: banner-name [SPARC T5-2]
[    0.039225] PLATFORM: name [ORCL,SPARC-T5-2]
[    0.039269] PLATFORM: hostid [84fa06f2]
[    0.039310] PLATFORM: serial# [0035260e]
[    0.039350] PLATFORM: stick-frequency [3b9aca00]
[    0.039396] PLATFORM: mac-address [144ffa06f2]
[    0.039442] PLATFORM: watchdog-resolution [1000 ms]
[    0.039490] PLATFORM: watchdog-max-timeout [31536000000 ms]
[    0.039545] PLATFORM: max-cpus [1024]
[    0.039630] Top of RAM: 0x21af948000, Total RAM: 0x3ff382000
[    0.039693] Memory hole size: 121605MB
[    0.042068] Allocated 32768 bytes for kernel page tables.
[    0.042142] Zone ranges:
[    0.042180]   Normal   [mem 0x0000000030400000-0x00000021af947fff]
[    0.042248] Movable zone start for each node
[    0.042293] Early memory node ranges
[    0.042331]   node   0: [mem 0x0000000030400000-0x000000006febffff]
[    0.042393]   node   0: [mem 0x000000006ff40000-0x000000006ff47fff]
[    0.042454]   node   0: [mem 0x0000000070000000-0x00000002afffffff]
[    0.042514]   node   0: [mem 0x0000002030000000-0x00000021af8b1fff]
[    0.042575]   node   0: [mem 0x00000021af940000-0x00000021af947fff]
[    0.054270] Zeroed struct page in unavailable ranges: 263743 pages
[    0.054292] Initmem setup node 0 [mem 0x0000000030400000-0x00000021af947fff]
[    0.054447] On node 0 totalpages: 2095553
[    0.054456]   Normal zone: 18418 pages used for memmap
[    0.054462]   Normal zone: 0 pages reserved
[    0.054467]   Normal zone: 2095553 pages, LIFO batch:31
[    0.060462] Booting Linux...
[    0.060548] CPU CAPS: [flush,stbar,swap,muldiv,v9,blkinit,n2,mul32]
[    0.060651] CPU CAPS: [div32,v8plus,popc,vis,vis2,ASIBlkInit,fmaf,vis3]
[    0.060746] CPU CAPS: [hpc,ima,pause,cbcond,aes,des,kasumi,camellia]
[    0.060839] CPU CAPS: [md5,sha1,sha256,sha512,mpmul,montmul,montsqr,crc32c]
[    0.110262] percpu: Embedded 20 pages/cpu s119184 r8192 d36464 u262144
[    0.110488] pcpu-alloc: s119184 r8192 d36464 u262144 alloc=1*4194304
[    0.110499] pcpu-alloc: [0] 000 001 002 003 004 005 006 007 008 009 010 011 012 013 014 015 
[    0.110568] pcpu-alloc: [0] 016 017 018 019 020 021 022 023 024 025 026 027 028 029 030 031 
[    0.110636] pcpu-alloc: [0] 032 033 034 035 036 037 038 039 040 041 042 043 044 045 046 047 
[    0.110704] pcpu-alloc: [0] 048 049 050 051 052 053 054 055 056 057 058 059 060 061 062 063 
[    0.110772] pcpu-alloc: [0] 064 065 066 067 068 069 070 071 072 073 074 075 076 077 078 079 
[    0.110840] pcpu-alloc: [0] 080 081 082 083 084 085 086 087 088 089 090 091 092 093 094 095 
[    0.110908] pcpu-alloc: [0] 096 097 098 099 100 101 102 103 104 105 106 107 108 109 110 111 
[    0.110976] pcpu-alloc: [0] 112 113 114 115 116 117 118 119 120 121 122 123 124 125 126 127 
[    0.111044] pcpu-alloc: [0] 128 129 130 131 132 133 134 135 136 137 138 139 140 141 142 143 
[    0.111111] pcpu-alloc: [0] 144 145 146 147 148 149 150 151 152 153 154 155 156 157 158 159 
[    0.111179] pcpu-alloc: [0] 160 161 162 163 164 165 166 167 168 169 170 171 172 173 174 175 
[    0.111247] pcpu-alloc: [0] 176 177 178 179 180 181 182 183 184 185 186 187 188 189 190 191 
[    0.111315] pcpu-alloc: [0] 192 193 194 195 196 197 198 199 200 201 202 203 204 205 206 207 
[    0.111382] pcpu-alloc: [0] 208 209 210 211 212 213 214 215 216 217 218 219 220 221 222 223 
[    0.111450] pcpu-alloc: [0] 224 225 226 227 228 229 230 231 232 233 234 235 236 237 238 239 
[    0.111518] pcpu-alloc: [0] 240 241 242 243 244 245 246 247 248 249 250 251 252 253 254 255 
[    0.111993] SUN4V: Mondo queue sizes [cpu(131072) dev(16384) r(8192) nr(256)]
[    0.112308] Built 1 zonelists, mobility grouping on.  Total pages: 2077135
[    0.112387] Kernel command line: BOOT_IMAGE=/vmlinux-5.11.0-rc1-00073-g3516bd729358 root=/dev/vdiska2 ro zswap.enabled=1
[    0.115351] printk: log_buf_len individual max cpu contribution: 4096 bytes
[    0.115421] printk: log_buf_len total cpu_extra contributions: 1044480 bytes
[    0.115487] printk: log_buf_len min size: 131072 bytes
[    0.117308] printk: log_buf_len: 2097152 bytes
[    0.117356] printk: early log buf free: 126480(96%)
[    0.119014] Dentry cache hash table entries: 2097152 (order: 11, 16777216 bytes, linear)
[    0.119923] Inode-cache hash table entries: 1048576 (order: 10, 8388608 bytes, linear)
[    0.119999] Sorting __ex_table...
[    0.120225] mem auto-init: stack:off, heap alloc:off, heap free:off
[    0.124711] Memory: 1305368K/16764424K available (8186K kernel code, 1668K rwdata, 2808K rodata, 600K init, 3081K bss, 296752K reserved, 0K cma-reserved)
[    0.124887] random: get_random_u64 called from kmem_cache_open+0x20/0x300 with crng_init=0
[    0.126992] SLUB: HWalign=32, Order=0-3, MinObjects=0, CPUs=256, Nodes=1
[    0.127834] ftrace: allocating 25673 entries in 51 pages
[    0.137525] ftrace: allocated 51 pages with 4 groups
[    0.141854] rcu: Hierarchical RCU implementation.
[    0.141907] rcu: 	RCU event tracing is enabled.
[    0.141954] rcu: 	RCU debug extended QS entry/exit.
[    0.142002] 	Rude variant of Tasks RCU enabled.
[    0.142047] 	Tracing variant of Tasks RCU enabled.
[    0.142094] rcu: RCU calculated value of scheduler-enlistment delay is 26 jiffies.
[    0.147753] NR_IRQS: 2048, nr_irqs: 2048, preallocated irqs: 1
[    0.147837] SUN4V: Using IRQ API major 3, cookie only virqs enabled
[    0.151706] clocksource: stick: mask: 0xffffffffffffffff max_cycles: 0x1cd42e4dffb, max_idle_ns: 881590591483 ns
[    0.151842] clocksource: mult[800000] shift[23]
[    0.151888] clockevent: mult[80000000] shift[31]
[    0.152463] Console: colour dummy device 80x25
[    0.152517] printk: console [tty0] enabled
[    0.152580] printk: bootconsole [earlyprom0] disabled
[    0.152647] Lock dependency validator: Copyright (c) 2006 Red Hat, Inc., Ingo Molnar
[    0.152674] ... MAX_LOCKDEP_SUBCLASSES:  8
[    0.152691] ... MAX_LOCK_DEPTH:          48
[    0.152708] ... MAX_LOCKDEP_KEYS:        8192
[    0.152725] ... CLASSHASH_SIZE:          4096
[    0.152743] ... MAX_LOCKDEP_ENTRIES:     16384
[    0.152761] ... MAX_LOCKDEP_CHAINS:      32768
[    0.152779] ... CHAINHASH_SIZE:          16384
[    0.152796]  memory used by lock dependency info: 2603 kB
[    0.152816]  per task-struct memory footprint: 1920 bytes
[    0.232053] Calibrating delay using timer specific routine.. 2003.18 BogoMIPS (lpj=4006379)
[    0.232089] pid_max: default: 262144 minimum: 2048
[    0.233202] Mount-cache hash table entries: 32768 (order: 5, 262144 bytes, linear)
[    0.233262] Mountpoint-cache hash table entries: 32768 (order: 5, 262144 bytes, linear)
[    0.236449] rcu: Hierarchical SRCU implementation.
[    0.243701] smp: Bringing up secondary CPUs ...
[    0.262837] smp: Brought up 1 node, 24 CPUs
[    0.352181] node 0 deferred pages initialised in 84ms
[    0.353159] devtmpfs: initialized
[    0.355303] Performance events: 
[    0.355336] Testing NMI watchdog ... 
[    0.435423] OK.
[    0.435487] Supported PMU type is 'niagara5'
[    0.436560] ldc.c:v1.1 (July 22, 2008)
[    0.437494] clocksource: jiffies: mask: 0xffffffff max_cycles: 0xffffffff, max_idle_ns: 7645041785100000 ns
[    0.437555] futex hash table entries: 65536 (order: 10, 8388608 bytes, linear)
[    0.445278] NET: Registered protocol family 16
[    0.448028] VIO: Adding device channel-devices (tx_ino = ffffffffffffffff, rx_ino = ffffffffffffffff)
[    0.448118] VIO: Adding device vnet-port-0-0 (tx_ino = 0, rx_ino = 1)
[    0.448185] VIO: Adding device vnet-port-0-1 (tx_ino = 2, rx_ino = 3)
[    0.448248] VIO: Adding device vnet-port-0-2 (tx_ino = 4, rx_ino = 5)
[    0.448310] VIO: Adding device vnet-port-0-3 (tx_ino = 6, rx_ino = 7)
[    0.448371] VIO: Adding device vnet-port-0-4 (tx_ino = 8, rx_ino = 9)
[    0.448434] VIO: Adding device vdc-port-2-0 (tx_ino = a, rx_ino = b)
[    0.448497] VIO: Adding device vdc-port-1-0 (tx_ino = c, rx_ino = d)
[    0.448558] VIO: Adding device vdc-port-0-0 (tx_ino = e, rx_ino = f)
[    0.448621] VIO: Adding device vlds-port-0-0 (tx_ino = 10, rx_ino = 11)
[    0.448701] VIO: Adding device domain-services-port-0 (tx_ino = 10, rx_ino = 11)
[    0.448896] audit: initializing netlink subsys (disabled)
[    0.449079] audit: type=2000 audit(0.296:1): state=initialized audit_enabled=0 res=1
[    0.461460] HugeTLB registered 64.0 KiB page size, pre-allocated 0 pages
[    0.461487] HugeTLB registered 8.00 MiB page size, pre-allocated 0 pages
[    0.461512] HugeTLB registered 256 MiB page size, pre-allocated 0 pages
[    0.461537] HugeTLB registered 2.00 GiB page size, pre-allocated 0 pages
[    1.034298] SUN4V: Reboot data supported (maj=1,min=0).
[    1.034542] ds.c:v1.0 (Jul 11, 2007)
[    1.034745] ds-0: ds_conn_reset() from send_events
[    1.035332] clocksource: Switched to clocksource stick
[    1.142007] VFS: Disk quotas dquot_6.6.0
[    1.142229] VFS: Dquot-cache hash table entries: 1024 (order 0, 8192 bytes)
[    1.149436] NET: Registered protocol family 2
[    1.166411] tcp_listen_portaddr_hash hash table entries: 8192 (order: 6, 655360 bytes, linear)
[    1.167158] TCP established hash table entries: 131072 (order: 7, 1048576 bytes, linear)
[    1.167860] TCP bind hash table entries: 65536 (order: 9, 4718592 bytes, linear)
[    1.173405] TCP: Hash tables configured (established 131072 bind 65536)
[    1.175234] UDP hash table entries: 8192 (order: 7, 1310720 bytes, linear)
[    1.177191] UDP-Lite hash table entries: 8192 (order: 7, 1310720 bytes, linear)
[    1.180806] NET: Registered protocol family 1
[    1.180845] NET: Registered protocol family 44
[    1.181063] Trying to unpack rootfs image as initramfs...
[    1.380272] Freeing initrd memory: 24840K
[    1.390976] Initialise system trusted keyrings
[    1.391182] workingset: timestamp_bits=46 max_order=21 bucket_order=0
[    1.406760] zbud: loaded
[    1.410762] SGI XFS with ACLs, security attributes, realtime, quota, no debug enabled
[    1.416849] Key type asymmetric registered
[    1.416877] Asymmetric key parser 'x509' registered
[    1.416924] Block layer SCSI generic (bsg) driver version 0.4 loaded (major 252)
[    1.417787] io scheduler mq-deadline registered
[    1.419471] f029b788: ttyHV0 at I/O 0x0 (irq = 1, base_baud = 115200) is a SUN4V HCONS
[    1.419957] printk: console [ttyHV0] enabled
[    1.422173] sunvdc.c:v1.2 (November 24, 2014)
[    1.464749] sunvdc: Virtual Hard disk vdiskc
[    1.464772] sunvdc: vdiskc: 104857600 sectors (51200 MB) protocol 1.2
[    1.488934] sunvdc: Virtual Hard disk vdiskb
[    1.488959] sunvdc: vdiskb: 62914560 sectors (30720 MB) protocol 1.2
[    1.489841]  vdiskb: vdiskb1
[    1.510102] sunvdc: Virtual Hard disk vdiska
[    1.510125] sunvdc: vdiska: 31457280 sectors (15360 MB) protocol 1.2
[    1.511060]  vdiska: vdiska1 vdiska2 vdiska3 vdiska4
[    1.529976] rtc-sun4v rtc-sun4v: registered as rtc0
[    1.530037] rtc-sun4v rtc-sun4v: setting system clock to 2021-01-03T12:30:24 UTC (1609677024)
[    1.534472] NET: Registered protocol family 10
[    1.556714] Segment Routing with IPv6
[    1.556772] mip6: Mobile IPv6
[    1.556792] NET: Registered protocol family 17
[    1.557043] registered taskstats version 1
[    1.557070] Loading compiled-in X.509 certificates
[    1.562408] zswap: loaded using pool lzo/zbud
[    1.565786] This architecture does not have kernel memory protection.
[    1.565820] Run /init as init process
[    1.565839]   with arguments:
[    1.565844]     /init
[    1.565849]   with environment:
[    1.565854]     HOME=/
[    1.565858]     TERM=linux
[    1.565863]     BOOT_IMAGE=/vmlinux-5.11.0-rc1-00073-g3516bd729358
[    1.894090] sunvnet_common: module verification failed: signature and/or required key missing - tainting kernel
[    1.896693] sunvnet: sunvnet 2.0 (February 3, 2017)
[    1.898970] vnet_port vnet-port-0-0 eth0: Sun LDOM vnet 00:14:4f:f8:12:a3
[    1.899143] sunvnet: eth0: PORT ( remote-mac 00:14:4f:fa:f3:f0 switch-port )
[    1.899564] sunvnet: eth0: PORT ( remote-mac 00:14:4f:f9:b4:97 )
[    1.899888] sunvnet: eth0: PORT ( remote-mac 00:14:4f:f8:e5:f3 )
[    1.900196] sunvnet: eth0: PORT ( remote-mac 00:14:4f:f8:3f:1e )
[    1.900505] sunvnet: eth0: PORT ( remote-mac 00:14:4f:f9:8b:83 )
[    1.907549] crc32c_sparc64: Using sparc64 crc32c opcode optimized CRC32C implementation
[    1.911410] random: lvm: uninitialized urandom read (4 bytes read)
[    1.941712] device-mapper: uevent: version 1.0.3
[    1.942503] device-mapper: ioctl: 4.43.0-ioctl (2020-10-01) initialised: dm-devel@redhat.com
[    1.948059] random: lvm: uninitialized urandom read (2 bytes read)
[    1.948603] dm-0: detected capacity change from 104849408 to 0
[    2.251489] xor: automatically using best checksumming function   Niagara   
[    2.319296] raid6: int64x8  gen()  2161 MB/s
[    2.387291] raid6: int64x8  xor()  1517 MB/s
[    2.455299] raid6: int64x4  gen()  3385 MB/s
[    2.523314] raid6: int64x4  xor()  1457 MB/s
[    2.591294] raid6: int64x2  gen()  2918 MB/s
[    2.659308] raid6: int64x2  xor()  1134 MB/s
[    2.727302] raid6: int64x1  gen()  1434 MB/s
[    2.795316] raid6: int64x1  xor()   711 MB/s
[    2.795337] raid6: using algorithm int64x4 gen() 3385 MB/s
[    2.795360] raid6: .... xor() 1457 MB/s, rmw enabled
[    2.795382] raid6: using intx1 recovery algorithm
[    2.845250] random: fast init done
[    2.971057] EXT4-fs (vdiska2): mounted filesystem with ordered data mode. Opts: (null). Quota mode: none.
[    4.974970] systemd[1]: Inserted module 'autofs4'
[    5.510619] systemd[1]: systemd 247.2-3 running in system mode. (+PAM +AUDIT +SELINUX +IMA +APPARMOR +SMACK +SYSVINIT +UTMP +LIBCRYPTSETUP +GCRYPT +GNUTLS +ACL +XZ +LZ4 +ZSTD -SECCOMP +BLKID +ELFUTILS +KMOD +IDN2 -IDN +PCRE2 default-hierarchy=unified)
[    5.510993] systemd[1]: Detected architecture sparc64.
[    5.569917] systemd[1]: Set hostname to <ttip>.
[    5.873485] systemd-sysv-generator[360]: SysV service '/etc/init.d/xinetd' lacks a native systemd unit file. Automatically generating a unit file for compatibility. Please update package to include a native systemd unit file, in order to make it more safe and robust.
[    6.162070] systemd-sysv-generator[360]: SysV service '/etc/init.d/rng-tools-debian' lacks a native systemd unit file. Automatically generating a unit file for compatibility. Please update package to include a native systemd unit file, in order to make it more safe and robust.
[    6.165427] systemd-sysv-generator[360]: SysV service '/etc/init.d/arpalert' lacks a native systemd unit file. Automatically generating a unit file for compatibility. Please update package to include a native systemd unit file, in order to make it more safe and robust.
[    6.166944] systemd-sysv-generator[360]: SysV service '/etc/init.d/vmtouch' lacks a native systemd unit file. Automatically generating a unit file for compatibility. Please update package to include a native systemd unit file, in order to make it more safe and robust.
[    6.291647] systemd-sysv-generator[360]: SysV service '/etc/init.d/mysql' lacks a native systemd unit file. Automatically generating a unit file for compatibility. Please update package to include a native systemd unit file, in order to make it more safe and robust.
[    6.598475] random: lvmconfig: uninitialized urandom read (4 bytes read)
[    7.864239] systemd[1]: Queued start job for default target Multi-User System.
[    7.865067] random: systemd: uninitialized urandom read (16 bytes read)
[    7.875250] systemd[1]: Created slice system-getty.slice.
[    7.875767] random: systemd: uninitialized urandom read (16 bytes read)
[    7.879541] systemd[1]: Created slice system-modprobe.slice.
[    7.879769] random: systemd: uninitialized urandom read (16 bytes read)
[    7.883767] systemd[1]: Created slice system-openvpn\x2dclient.slice.
[    7.888063] systemd[1]: Created slice system-postfix.slice.
[    7.892086] systemd[1]: Created slice system-systemd\x2dfsck.slice.
[    7.895950] systemd[1]: Created slice User and Session Slice.
[    7.896452] systemd[1]: Started Dispatch Password Requests to Console Directory Watch.
[    7.896913] systemd[1]: Started Forward Password Requests to Wall Directory Watch.
[    7.898471] systemd[1]: Set up automount Arbitrary Executable File Formats File System Automount Point.
[    7.898808] systemd[1]: Reached target Local Encrypted Volumes.
[    7.899112] systemd[1]: Reached target Paths.
[    7.899388] systemd[1]: Reached target Slices.
[    7.899935] systemd[1]: Listening on Device-mapper event daemon FIFOs.
[    7.900508] systemd[1]: Listening on LVM2 poll daemon socket.
[    7.918116] systemd[1]: Listening on RPCbind Server Activation Socket.
[    7.918852] systemd[1]: Listening on Syslog Socket.
[    7.919470] systemd[1]: Listening on fsck to fsckd communication Socket.
[    7.919897] systemd[1]: Listening on initctl Compatibility Named Pipe.
[    7.920608] systemd[1]: Listening on Journal Audit Socket.
[    7.921160] systemd[1]: Listening on Journal Socket (/dev/log).
[    7.921839] systemd[1]: Listening on Journal Socket.
[    7.922539] systemd[1]: Listening on udev Control Socket.
[    7.923057] systemd[1]: Listening on udev Kernel Socket.
[    7.929602] systemd[1]: Mounting Huge Pages File System...
[    7.936247] systemd[1]: Mounting POSIX Message Queue File System...
[    7.942732] systemd[1]: Mounting RPC Pipe File System...
[    7.950001] systemd[1]: Mounting Kernel Debug File System...
[    7.957166] systemd[1]: Mounting Kernel Trace File System...
[    7.957660] systemd[1]: Condition check resulted in Kernel Module supporting RPCSEC_GSS being skipped.
[    7.958151] systemd[1]: Finished Availability of block devices.
[    7.964669] systemd[1]: Starting Wait for network to be configured by ifupdown...
[    7.971121] systemd[1]: Starting Create list of static device nodes for the current kernel...
[    7.977595] systemd[1]: Starting Monitoring of LVM2 mirrors, snapshots etc. using dmeventd or progress polling...
[    7.984777] systemd[1]: Starting Load Kernel Module configfs...
[    7.991349] systemd[1]: Starting Load Kernel Module drm...
[    7.998875] systemd[1]: Starting Load Kernel Module fuse...
[    8.006114] systemd[1]: Starting nftables...
[    8.048668] systemd[1]: Condition check resulted in Set Up Additional Binary Formats being skipped.
[    8.048901] systemd[1]: Condition check resulted in File System Check on Root Device being skipped.
[    8.058458] systemd[1]: Starting Journal Service...
[    8.091021] systemd[1]: Starting Load Kernel Modules...
[    8.098187] systemd[1]: Starting Remount Root and Kernel File Systems...
[    8.105306] systemd[1]: Starting Coldplug All udev Devices...
[    8.112558] systemd[1]: Mounted Huge Pages File System.
[    8.113179] systemd[1]: Mounted POSIX Message Queue File System.
[    8.113802] systemd[1]: Mounted Kernel Debug File System.
[    8.114376] systemd[1]: Mounted Kernel Trace File System.
[    8.116604] systemd[1]: Finished Wait for network to be configured by ifupdown.
[    8.118666] systemd[1]: Finished Create list of static device nodes for the current kernel.
[    8.120037] systemd[1]: modprobe@configfs.service: Succeeded.
[    8.121549] systemd[1]: Finished Load Kernel Module configfs.
[    8.122899] systemd[1]: modprobe@drm.service: Succeeded.
[    8.124843] systemd[1]: Finished Load Kernel Module drm.
[    8.131863] systemd[1]: Mounting Kernel Configuration File System...
[    8.140203] systemd[1]: Mounted Kernel Configuration File System.
[    8.197404] EXT4-fs (vdiska2): re-mounted. Opts: errors=remount-ro. Quota mode: none.
[    8.201522] systemd[1]: Finished Load Kernel Modules.
[    8.203836] systemd[1]: Finished Remount Root and Kernel File Systems.
[    8.243155] fuse: init (API version 7.33)
[    8.266209] systemd[1]: Starting Initial Check File System Quotas...
[    8.296349] systemd[1]: Condition check resulted in Rebuild Hardware Database being skipped.
[    8.296571] systemd[1]: Condition check resulted in Platform Persistent Storage Archival being skipped.
[    8.302937] systemd[1]: Starting Load/Save Random Seed...
[    8.309670] systemd[1]: Starting Apply Kernel Variables...
[    8.316111] systemd[1]: Starting Create System Users...
[    8.317765] systemd[1]: Started Journal Service.
[    8.660304] RPC: Registered named UNIX socket transport module.
[    8.660354] RPC: Registered udp transport module.
[    8.660377] RPC: Registered tcp transport module.
[    8.660397] RPC: Registered tcp NFSv4.1 backchannel transport module.
[   10.938517] sha1_sparc64: Using sparc64 sha1 opcode optimized SHA-1 implementation
[   10.995621] sha256_sparc64: Using sparc64 sha256 opcode optimized SHA-256/SHA-224 implementation
[   10.999769] random: crng init done
[   10.999796] random: 4 urandom warning(s) missed due to ratelimiting
[   11.041109] sha512_sparc64: Using sparc64 sha512 opcode optimized SHA-512/SHA-384 implementation
[   11.096854] md5_sparc64: Using sparc64 md5 opcode optimized MD5 implementation
[   11.114034] n2rng v0.3 (Jan 7, 2017)
[   11.114113] n2rng f029b104: Registered RNG HVAPI major 2 minor 0
[   11.114146] n2rng f029b104: Found multi-unit-capable RNG, units: 2
[   11.114359] n2rng f029b104: RNG ready
[   11.141199] aes_sparc64: Using sparc64 aes opcodes optimized AES implementation
[   11.175158] des_sparc64: Using sparc64 des opcodes optimized DES implementation
[   11.190841] camellia_sparc64: Using sparc64 camellia opcodes optimized CAMELLIA implementation
[   11.249750] XFS (dm-0): Mounting V5 Filesystem
[   11.403381] Adding 787176k swap on /dev/vdiska4.  Priority:-2 extents:1 across:787176k FS
[   11.444969] XFS (dm-0): Ending clean mount
[   11.466413] xfs filesystem being mounted at /1 supports timestamps until 2038 (0x7fffffff)
[   11.865609] EXT4-fs (vdiska1): mounting ext3 file system using the ext4 subsystem
[   12.057560] EXT4-fs (vdiska1): mounted filesystem with ordered data mode. Opts: (null). Quota mode: none.
[   12.057781] ext3 filesystem being mounted at /boot supports timestamps until 2038 (0x7fffffff)
