[    0.000024] PROMLIB: Sun IEEE Boot Prom 'OBP 4.38.12 2018/03/28 14:54'
[    0.000036] PROMLIB: Root node compatible: sun4v
[    0.000088] Linux version 5.9.0-05381-g726eb70e0d34 (mator@ttip) (gcc (Debian 10.2.0-15) 10.2.0, GNU ld (GNU Binutils for Debian) 2.35.1) #93 SMP Mon Oct 19 19:09:17 MSK 2020
[    0.000432] printk: bootconsole [earlyprom0] enabled
[    0.000484] ARCH: SUN4V
[    0.000536] Ethernet address: 00:14:4f:fa:06:f2
[    0.000589] MM: PAGE_OFFSET is 0xfff8000000000000 (max_phys_bits == 47)
[    0.000655] MM: VMALLOC [0x0000000100000000 --> 0x0006000000000000]
[    0.000718] MM: VMEMMAP [0x0006000000000000 --> 0x000c000000000000]
[    0.013015] Kernel: Using 5 locked TLB entries for main kernel image.
[    0.013102] Remapping the kernel... 
[    0.013130] done.
[    0.048194] OF stdout device is: /virtual-devices@100/console@1
[    0.048277] PROM: Built device tree with 86758 bytes of memory.
[    0.048343] MDESC: Size is 36512 bytes.
[    0.048475] PLATFORM: banner-name [SPARC T5-2]
[    0.048527] PLATFORM: name [ORCL,SPARC-T5-2]
[    0.048573] PLATFORM: hostid [84fa06f2]
[    0.048617] PLATFORM: serial# [0035260e]
[    0.048661] PLATFORM: stick-frequency [3b9aca00]
[    0.048710] PLATFORM: mac-address [144ffa06f2]
[    0.048757] PLATFORM: watchdog-resolution [1000 ms]
[    0.048809] PLATFORM: watchdog-max-timeout [31536000000 ms]
[    0.048866] PLATFORM: max-cpus [1024]
[    0.054139] Allocated 40960 bytes for kernel page tables.
[    0.054232] Zone ranges:
[    0.054274]   Normal   [mem 0x0000000030400000-0x00000024af937fff]
[    0.054343] Movable zone start for each node
[    0.054389] Early memory node ranges
[    0.054430]   node   0: [mem 0x0000000030400000-0x000000006fe7ffff]
[    0.054492]   node   0: [mem 0x000000006ff00000-0x000000006ff25fff]
[    0.054555]   node   0: [mem 0x0000000070000000-0x000000042fffffff]
[    0.054618]   node   0: [mem 0x0000002030000000-0x00000024af87ffff]
[    0.054679]   node   0: [mem 0x00000024af900000-0x00000024af925fff]
[    0.054740]   node   0: [mem 0x00000024af930000-0x00000024af937fff]
[    0.068570] Zeroed struct page in unavailable ranges: 263766 pages
[    0.068587] Initmem setup node 0 [mem 0x0000000030400000-0x00000024af937fff]
[    0.068746] On node 0 totalpages: 4454826
[    0.068756]   Normal zone: 39154 pages used for memmap
[    0.068762]   Normal zone: 0 pages reserved
[    0.068769]   Normal zone: 4454826 pages, LIFO batch:31
[    0.227208] Booting Linux...
[    0.227295] CPU CAPS: [flush,stbar,swap,muldiv,v9,blkinit,n2,mul32]
[    0.227413] CPU CAPS: [div32,v8plus,popc,vis,vis2,ASIBlkInit,fmaf,vis3]
[    0.227523] CPU CAPS: [hpc,ima,pause,cbcond,aes,des,kasumi,camellia]
[    0.227630] CPU CAPS: [md5,sha1,sha256,sha512,mpmul,montmul,montsqr,crc32c]
[    0.258360] percpu: Embedded 28 pages/cpu s184784 r8192 d36400 u262144
[    0.258599] pcpu-alloc: s184784 r8192 d36400 u262144 alloc=1*4194304
[    0.258611] pcpu-alloc: [0] 000 001 002 003 004 005 006 007 008 009 010 011 012 013 014 015 
[    0.258704] pcpu-alloc: [0] 016 017 018 019 020 021 022 023 024 025 026 027 028 029 030 031 
[    0.258796] pcpu-alloc: [0] 032 033 034 035 036 037 038 039 040 041 042 043 044 045 046 047 
[    0.258888] pcpu-alloc: [0] 048 049 050 051 052 053 054 055 056 057 058 059 060 061 062 063 
[    0.258979] pcpu-alloc: [0] 064 065 066 067 068 069 070 071 072 073 074 075 076 077 078 079 
[    0.259071] pcpu-alloc: [0] 080 081 082 083 084 085 086 087 088 089 090 091 092 093 094 095 
[    0.259162] pcpu-alloc: [0] 096 097 098 099 100 101 102 103 104 105 106 107 108 109 110 111 
[    0.259254] pcpu-alloc: [0] 112 113 114 115 116 117 118 119 120 121 122 123 124 125 126 127 
[    0.259789] SUN4V: Mondo queue sizes [cpu(131072) dev(16384) r(8192) nr(256)]
[    0.260161] Built 1 zonelists, mobility grouping on.  Total pages: 4415672
[    0.260232] Policy zone: Normal
[    0.260290] Kernel command line: BOOT_IMAGE=/vmlinux-5.9.0-05381-g726eb70e0d34 root=/dev/vdiska2 ro zswap.enabled=1
[    0.263181] printk: log_buf_len individual max cpu contribution: 4096 bytes
[    0.263254] printk: log_buf_len total cpu_extra contributions: 520192 bytes
[    0.263320] printk: log_buf_len min size: 131072 bytes
[    0.264375] printk: log_buf_len: 1048576 bytes
[    0.264426] printk: early log buf free: 127200(97%)
[    0.270755] Dentry cache hash table entries: 8388608 (order: 13, 67108864 bytes, linear)
[    0.274002] Inode-cache hash table entries: 4194304 (order: 12, 33554432 bytes, linear)
[    0.274080] Sorting __ex_table...
[    0.274331] mem auto-init: stack:off, heap alloc:off, heap free:off
[    0.379710] Memory: 35123440K/35638608K available (8392K kernel code, 1579K rwdata, 2520K rodata, 688K init, 6921K bss, 515168K reserved, 0K cma-reserved)
[    0.380411] SLUB: HWalign=32, Order=0-3, MinObjects=0, CPUs=128, Nodes=32
[    0.380702] ftrace: allocating 24040 entries in 47 pages
[    0.389995] ftrace: allocated 47 pages with 5 groups
[    0.392873] Running RCU self tests
[    0.393271] rcu: Hierarchical RCU implementation.
[    0.393325] rcu: 	RCU event tracing is enabled.
[    0.393372] rcu: 	RCU lockdep checking is enabled.
[    0.393424] 	Trampoline variant of Tasks RCU enabled.
[    0.393476] 	Rude variant of Tasks RCU enabled.
[    0.393522] 	Tracing variant of Tasks RCU enabled.
[    0.393573] rcu: RCU calculated value of scheduler-enlistment delay is 10 jiffies.
[    0.398012] NR_IRQS: 2048, nr_irqs: 2048, preallocated irqs: 1
[    0.398091] SUN4V: Using IRQ API major 3, cookie only virqs enabled
[    0.400572] clocksource: stick: mask: 0xffffffffffffffff max_cycles: 0x1cd42e4dffb, max_idle_ns: 881590591483 ns
[    0.400709] clocksource: mult[800000] shift[23]
[    0.400759] clockevent: mult[80000000] shift[31]
[    0.401161] Console: colour dummy device 80x25
[    0.401227] printk: console [tty0] enabled
[    0.401304] printk: bootconsole [earlyprom0] disabled
[    0.401391] Lock dependency validator: Copyright (c) 2006 Red Hat, Inc., Ingo Molnar
[    0.401446] ... MAX_LOCKDEP_SUBCLASSES:  8
[    0.401479] ... MAX_LOCK_DEPTH:          48
[    0.401513] ... MAX_LOCKDEP_KEYS:        8192
[    0.401547] ... CLASSHASH_SIZE:          4096
[    0.401582] ... MAX_LOCKDEP_ENTRIES:     16384
[    0.401617] ... MAX_LOCKDEP_CHAINS:      32768
[    0.401652] ... CHAINHASH_SIZE:          16384
[    0.401687]  memory used by lock dependency info: 3983 kB
[    0.401727]  memory used for stack traces: 2112 kB
[    0.401764]  per task-struct memory footprint: 1920 bytes
[    0.551168] Calibrating delay using timer specific routine.. 2008.55 BogoMIPS (lpj=10042771)
[    0.551252] pid_max: default: 131072 minimum: 1024
[    0.551550] LSM: Security Framework initializing
[    0.551727] AppArmor: AppArmor initialized
[    0.552015] Mount-cache hash table entries: 131072 (order: 7, 1048576 bytes, linear)
[    0.552185] Mountpoint-cache hash table entries: 131072 (order: 7, 1048576 bytes, linear)
[    0.557909] rcu: Hierarchical SRCU implementation.
[    0.568902] smp: Bringing up secondary CPUs ...
[    0.570169] ------------[ cut here ]------------
[    0.570190] WARNING: CPU: 0 PID: 1 at kernel/locking/lockdep.c:5286 check_flags+0x9c/0x2c0
[    0.570200] DEBUG_LOCKS_WARN_ON(lockdep_hardirqs_enabled())
[    0.570203] Modules linked in:
[    0.570220] CPU: 0 PID: 1 Comm: swapper/0 Not tainted 5.9.0-05381-g726eb70e0d34 #93
[    0.570230] Call Trace:
[    0.570240] [<0000000000470828>] __warn+0xa8/0x120
[    0.570251] [<0000000000c238ac>] warn_slowpath_fmt+0x64/0x74
[    0.570260] [<00000000004e73bc>] check_flags+0x9c/0x2c0
[    0.570273] [<0000000000c29708>] lock_is_held_type+0x128/0x180
[    0.570284] [<00000000005095d4>] rcu_read_lock_sched_held+0x54/0xa0
[    0.570293] [<00000000004ec668>] lock_acquire+0x128/0x4e0
[    0.570304] [<0000000000c330b0>] _raw_spin_lock+0x30/0x60
[    0.570315] [<00000000009c3cbc>] p1275_cmd_direct+0x1c/0x60
[    0.570323] [<00000000009c3b90>] prom_startcpu_cpuid+0x30/0x40
[    0.570333] [<00000000004414a4>] __cpu_up+0x184/0x3a0
[    0.570341] [<00000000004723a0>] bringup_cpu+0x20/0x120
[    0.570348] [<0000000000471bac>] cpuhp_invoke_callback+0xec/0x340
[    0.570356] [<0000000000473234>] cpu_up+0x154/0x220
[    0.570364] [<0000000000473ac0>] bringup_nonboot_cpus+0x60/0xa0
[    0.570376] [<0000000001050570>] smp_init+0x28/0xa0
[    0.570386] [<00000000010413b4>] kernel_init_freeable+0x18c/0x300
[    0.570394] irq event stamp: 5135
[    0.570401] hardirqs last  enabled at (5135): [<0000000000c334c8>] _raw_spin_unlock_irqrestore+0x28/0x60
[    0.570412] hardirqs last disabled at (5134): [<0000000000c33280>] _raw_spin_lock_irqsave+0x20/0x80
[    0.570423] softirqs last  enabled at (1498): [<0000000000c35ff0>] __do_softirq+0x4f0/0x580
[    0.570435] softirqs last disabled at (1491): [<000000000042c1f4>] do_softirq_own_stack+0x34/0x60
[    0.570447] random: get_random_bytes called from __warn+0xc8/0x120 with crng_init=0
[    0.570453] ---[ end trace 0b6fdcad38750547 ]---
[    0.570465] possible reason: unannotated irqs-off.
[    0.570472] irq event stamp: 5135
[    0.570479] hardirqs last  enabled at (5135): [<0000000000c334c8>] _raw_spin_unlock_irqrestore+0x28/0x60
[    0.570489] hardirqs last disabled at (5134): [<0000000000c33280>] _raw_spin_lock_irqsave+0x20/0x80
[    0.570499] softirqs last  enabled at (1498): [<0000000000c35ff0>] __do_softirq+0x4f0/0x580
[    0.570509] softirqs last disabled at (1491): [<000000000042c1f4>] do_softirq_own_stack+0x34/0x60
[    0.586549] smp: Brought up 1 node, 32 CPUs
[    0.588966] devtmpfs: initialized
[    0.590489] Performance events: 
[    0.590528] Testing NMI watchdog ... 
[    0.790587] OK.
[    0.790635] Supported PMU type is 'niagara5'
[    0.791114] ldc.c:v1.1 (July 22, 2008)
[    0.792231] clocksource: jiffies: mask: 0xffffffff max_cycles: 0xffffffff, max_idle_ns: 19112604462750000 ns
[    0.792264] futex hash table entries: 32768 (order: 9, 4194304 bytes, linear)
[    0.794687] NET: Registered protocol family 16
[    0.798349] VIO: Adding device channel-devices (tx_ino = ffffffffffffffff, rx_ino = ffffffffffffffff)
[    0.798418] VIO: Adding device vnet-port-0-0 (tx_ino = 0, rx_ino = 1)
[    0.798472] VIO: Adding device vnet-port-0-1 (tx_ino = 2, rx_ino = 3)
[    0.798525] VIO: Adding device vnet-port-0-2 (tx_ino = 4, rx_ino = 5)
[    0.798581] VIO: Adding device vnet-port-0-3 (tx_ino = 6, rx_ino = 7)
[    0.798638] VIO: Adding device vnet-port-0-4 (tx_ino = 8, rx_ino = 9)
[    0.798690] VIO: Adding device vnet-port-0-5 (tx_ino = a, rx_ino = b)
[    0.798746] VIO: Adding device vdc-port-2-0 (tx_ino = c, rx_ino = d)
[    0.798798] VIO: Adding device vdc-port-1-0 (tx_ino = e, rx_ino = f)
[    0.798849] VIO: Adding device vdc-port-0-0 (tx_ino = 10, rx_ino = 11)
[    0.798904] VIO: Adding device vdc-port-3-0 (tx_ino = 12, rx_ino = 13)
[    0.798956] VIO: Adding device vlds-port-0-0 (tx_ino = 14, rx_ino = 15)
[    0.799010] VIO: Adding device domain-services-port-0 (tx_ino = 14, rx_ino = 15)
[    0.799113] audit: initializing netlink subsys (disabled)
[    0.799279] audit: type=2000 audit(0.390:1): state=initialized audit_enabled=0 res=1
[    0.810393] HugeTLB registered 64.0 KiB page size, pre-allocated 0 pages
[    0.810408] HugeTLB registered 8.00 MiB page size, pre-allocated 0 pages
[    0.810418] HugeTLB registered 256 MiB page size, pre-allocated 0 pages
[    0.810427] HugeTLB registered 2.00 GiB page size, pre-allocated 0 pages
[    0.811325] alg: extra crypto tests enabled.  This is intended for developer use only.
[    0.831582] cryptd: max_cpu_qlen set to 1000
[    0.894701] vgaarb: loaded
[    0.895238] NetLabel: Initializing
[    0.895247] NetLabel:  domain hash size = 128
[    0.895254] NetLabel:  protocols = UNLABELED CIPSOv4 CALIPSO
[    0.895296] NetLabel:  unlabeled traffic allowed by default
[    0.895813] SUN4V: Reboot data supported (maj=1,min=0).
[    0.895966] ds.c:v1.0 (Jul 11, 2007)
[    0.896135] ds-0: ds_conn_reset() from send_events
[    0.896301] clocksource: Switched to clocksource stick
[    0.978436] VFS: Disk quotas dquot_6.6.0
[    0.978519] VFS: Dquot-cache hash table entries: 1024 (order 0, 8192 bytes)
[    0.979276] AppArmor: AppArmor Filesystem Enabled
[    0.984127] NET: Registered protocol family 2
[    0.984967] tcp_listen_portaddr_hash hash table entries: 32768 (order: 8, 2621440 bytes, linear)
[    0.986184] TCP established hash table entries: 524288 (order: 9, 4194304 bytes, linear)
[    0.988357] TCP bind hash table entries: 65536 (order: 9, 4718592 bytes, linear)
[    0.990529] TCP: Hash tables configured (established 524288 bind 65536)
[    0.991531] UDP hash table entries: 32768 (order: 9, 5242880 bytes, linear)
[    0.994201] UDP-Lite hash table entries: 32768 (order: 9, 5242880 bytes, linear)
[    0.997860] NET: Registered protocol family 1
[    0.997885] NET: Registered protocol family 44
[    0.997912] PCI: CLS 0 bytes, default 64
[    0.998097] Trying to unpack rootfs image as initramfs...
[    1.133681] Freeing initrd memory: 14688K
[    1.134554] aes_sparc64: Using sparc64 aes opcodes optimized AES implementation
[    1.374281] des_sparc64: Using sparc64 des opcodes optimized DES implementation
[    1.817077] camellia_sparc64: Using sparc64 camellia opcodes optimized CAMELLIA implementation
[    1.973474] workingset: timestamp_bits=41 max_order=23 bucket_order=0
[    1.979261] zbud: loaded
[    1.981537] SGI XFS with ACLs, security attributes, quota, fatal assert, debug enabled
[    2.006881] Block layer SCSI generic (bsg) driver version 0.4 loaded (major 252)
[    2.007378] io scheduler mq-deadline registered
[    2.008932] f029b788: ttyHV0 at I/O 0x0 (irq = 1, base_baud = 115200) is a SUN4V HCONS
[    2.009393] printk: console [ttyHV0] enabled
[    2.011232] sunvdc.c:v1.2 (November 24, 2014)
[    2.014561] sunvdc: Virtual Hard disk vdiskc
[    2.014574] sunvdc: vdiskc: 104857600 sectors (51200 MB) protocol 1.2
[    2.024555] sunvdc: Virtual Hard disk vdiskb
[    2.024576] sunvdc: vdiskb: 62914560 sectors (30720 MB) protocol 1.2
[    2.025551]  vdiskb: vdiskb1
[    2.034943] sunvdc: Virtual Hard disk vdiska
[    2.034961] sunvdc: vdiska: 31457280 sectors (15360 MB) protocol 1.2
[    2.035679]  vdiska: vdiska1 vdiska2 vdiska3 vdiska4
[    2.045658] sunvdc: Virtual CDROM vdiskd
[    2.045678] sunvdc: vdiskd: 453848 sectors (221 MB) protocol 1.2
[    2.046392]  vdiskd: vdiskd1 vdiskd2 vdiskd3 vdiskd4 vdiskd5 vdiskd6 vdiskd7
[    2.053803] sunvnet: sunvnet 2.0 (February 3, 2017)
[    2.054842] vnet_port vnet-port-0-0 eth0: Sun LDOM vnet 00:14:4f:f8:12:a3
[    2.054934] sunvnet: eth0: PORT ( remote-mac 00:14:4f:fa:f3:f0 switch-port )
[    2.055349] sunvnet: eth0: PORT ( remote-mac 00:14:4f:f8:e5:f3 )
[    2.055785] sunvnet: eth0: PORT ( remote-mac 00:14:4f:f9:b4:97 )
[    2.056202] sunvnet: eth0: PORT ( remote-mac 00:14:4f:f8:3f:1e )
[    2.056635] sunvnet: eth0: PORT ( remote-mac 00:14:4f:f8:fe:47 )
[    2.057034] sunvnet: eth0: PORT ( remote-mac 00:14:4f:fb:b5:00 )
[    2.057776] rtc-sun4v rtc-sun4v: registered as rtc0
[    2.057834] rtc-sun4v rtc-sun4v: setting system clock to 2020-10-19T16:15:50 UTC (1603124150)
[    2.058016] sun4v_wdt: initialized (timeout=60s, nowayout=0)
[    2.058224] device-mapper: uevent: version 1.0.3
[    2.058712] device-mapper: ioctl: 4.43.0-ioctl (2020-10-01) initialised: dm-devel@redhat.com
[    2.059281] NET: Registered protocol family 17
[    2.059441] registered taskstats version 1
[    2.059781] zswap: loaded using pool lzo/zbud
[    2.060373] AppArmor: AppArmor sha1 policy hashing enabled
[    2.062406] This architecture does not have kernel memory protection.
[    2.062426] Run /init as init process
[    2.062436]   with arguments:
[    2.062444]     /init
[    2.062452]   with environment:
[    2.062459]     HOME=/
[    2.062466]     TERM=linux
[    2.062474]     BOOT_IMAGE=/vmlinux-5.9.0-05381-g726eb70e0d34
[    2.282146] crc32c_sparc64: Using sparc64 crc32c opcode optimized CRC32C implementation
[    2.287078] random: lvm: uninitialized urandom read (4 bytes read)
[    2.315544] random: lvm: uninitialized urandom read (2 bytes read)
[    2.409407] random: fast init done
[    2.966288] raid6: int64x8  gen()  2158 MB/s
[    3.136285] raid6: int64x8  xor()  1520 MB/s
[    3.306294] raid6: int64x4  gen()  3392 MB/s
[    3.476306] raid6: int64x4  xor()  1453 MB/s
[    3.646301] raid6: int64x2  gen()  2886 MB/s
[    3.816316] raid6: int64x2  xor()  1115 MB/s
[    3.986334] raid6: int64x1  gen()  1381 MB/s
[    4.156314] raid6: int64x1  xor()   721 MB/s
[    4.156336] raid6: using algorithm int64x4 gen() 3392 MB/s
[    4.156345] raid6: .... xor() 1453 MB/s, rmw enabled
[    4.156354] raid6: using intx1 recovery algorithm
[    4.156870] async_tx: api initialized (async)
[    4.157079] xor: automatically using best checksumming function   Niagara   
[    4.377197] EXT4-fs (vdiska2): mounted filesystem with ordered data mode. Opts: (null)
[    7.454545] systemd[1]: Inserted module 'autofs4'
[    7.464231] NET: Registered protocol family 10
[    7.468108] Segment Routing with IPv6
[    7.576925] systemd[1]: systemd 246.6-2 running in system mode. (+PAM +AUDIT +SELINUX +IMA +APPARMOR +SMACK +SYSVINIT +UTMP +LIBCRYPTSETUP +GCRYPT +GNUTLS +ACL +XZ +LZ4 +ZSTD -SECCOMP +BLKID +ELFUTILS +KMOD +IDN2 -IDN +PCRE2 default-hierarchy=hybrid)
[    7.577364] systemd[1]: Detected architecture sparc64.
[    8.480877] systemd[1]: Set hostname to <ttip>.
[   10.296574] random: lvmconfig: uninitialized urandom read (4 bytes read)
[   11.941107] systemd[1]: Queued start job for default target Multi-User System.
[   11.942092] random: systemd: uninitialized urandom read (16 bytes read)
[   11.963547] systemd[1]: Created slice system-getty.slice.
[   11.963923] random: systemd: uninitialized urandom read (16 bytes read)
[   11.972111] systemd[1]: Created slice system-modprobe.slice.
[   11.972320] random: systemd: uninitialized urandom read (16 bytes read)
[   11.980192] systemd[1]: Created slice system-openvpn\x2dclient.slice.
[   11.994972] systemd[1]: Created slice system-postfix.slice.
[   12.006253] systemd[1]: Created slice system-systemd\x2dfsck.slice.
[   12.014339] systemd[1]: Created slice User and Session Slice.
[   12.014773] systemd[1]: Started Dispatch Password Requests to Console Directory Watch.
[   12.015150] systemd[1]: Started Forward Password Requests to Wall Directory Watch.
[   12.016479] systemd[1]: Set up automount Arbitrary Executable File Formats File System Automount Point.
[   12.016783] systemd[1]: Reached target Local Encrypted Volumes.
[   12.017070] systemd[1]: Reached target Paths.
[   12.017316] systemd[1]: Reached target Slices.
[   12.017771] systemd[1]: Listening on Device-mapper event daemon FIFOs.
[   12.018303] systemd[1]: Listening on LVM2 poll daemon socket.
[   12.042794] systemd[1]: Listening on RPCbind Server Activation Socket.
[   12.043437] systemd[1]: Listening on Syslog Socket.
[   12.043965] systemd[1]: Listening on fsck to fsckd communication Socket.
[   12.044339] systemd[1]: Listening on initctl Compatibility Named Pipe.
[   12.045015] systemd[1]: Listening on Journal Audit Socket.
[   12.045491] systemd[1]: Listening on Journal Socket (/dev/log).
[   12.046075] systemd[1]: Listening on Journal Socket.
[   12.046670] systemd[1]: Listening on udev Control Socket.
[   12.047122] systemd[1]: Listening on udev Kernel Socket.
[   12.057373] systemd[1]: Mounting Huge Pages File System...
[   12.067812] systemd[1]: Mounting POSIX Message Queue File System...
[   12.090516] systemd[1]: Mounting RPC Pipe File System...
[   12.101210] systemd[1]: Mounting Kernel Debug File System...
[   12.111816] systemd[1]: Mounting Kernel Trace File System...
[   12.112259] systemd[1]: Condition check resulted in Kernel Module supporting RPCSEC_GSS being skipped.
[   12.112759] systemd[1]: Finished Availability of block devices.
[   12.123394] systemd[1]: Starting Wait for network to be configured by ifupdown...
[   12.134121] systemd[1]: Starting Create list of static device nodes for the current kernel...
[   12.144135] systemd[1]: Starting Monitoring of LVM2 mirrors, snapshots etc. using dmeventd or progress polling...
[   12.154624] systemd[1]: Starting Load Kernel Module drm...
[   12.168712] systemd[1]: Starting nftables...
[   12.184752] RPC: Registered named UNIX socket transport module.
[   12.184772] RPC: Registered udp transport module.
[   12.184781] RPC: Registered tcp transport module.
[   12.184791] RPC: Registered tcp NFSv4.1 backchannel transport module.
[   12.194654] systemd[1]: Condition check resulted in Set Up Additional Binary Formats being skipped.
[   12.194832] systemd[1]: Condition check resulted in File System Check on Root Device being skipped.
[   12.207105] systemd[1]: Starting Journal Service...
[   12.245847] systemd[1]: Starting Load Kernel Modules...
[   12.256260] systemd[1]: Starting Remount Root and Kernel File Systems...
[   12.266769] systemd[1]: Starting Coldplug All udev Devices...
[   12.272556] systemd[1]: Mounted Huge Pages File System.
[   12.273279] systemd[1]: Mounted POSIX Message Queue File System.
[   12.273951] systemd[1]: Mounted RPC Pipe File System.
[   12.274615] systemd[1]: Mounted Kernel Debug File System.
[   12.275319] systemd[1]: Mounted Kernel Trace File System.
[   12.277627] systemd[1]: Finished Wait for network to be configured by ifupdown.
[   12.280003] systemd[1]: Finished Create list of static device nodes for the current kernel.
[   12.281159] systemd[1]: modprobe@drm.service: Succeeded.
[   12.282677] systemd[1]: Finished Load Kernel Module drm.
[   12.334440] EXT4-fs (vdiska2): re-mounted. Opts: errors=remount-ro
[   12.334710] systemd[1]: Finished Load Kernel Modules.
[   12.339741] systemd[1]: Finished Remount Root and Kernel File Systems.
[   12.340739] systemd[1]: Condition check resulted in FUSE Control File System being skipped.
[   12.341036] systemd[1]: Condition check resulted in Kernel Configuration File System being skipped.
[   12.403684] systemd[1]: Starting Initial Check File System Quotas...
[   12.458839] systemd[1]: Condition check resulted in Rebuild Hardware Database being skipped.
[   12.459071] systemd[1]: Condition check resulted in Platform Persistent Storage Archival being skipped.
[   12.469553] systemd[1]: Starting Load/Save Random Seed...
[   12.480135] systemd[1]: Starting Apply Kernel Variables...
[   12.490808] systemd[1]: Starting Create System Users...
[   12.491937] systemd[1]: Started Journal Service.
[   12.761879] ------------[ cut here ]------------
[   12.761940] WARNING: CPU: 27 PID: 508 at net/netfilter/nf_tables_api.c:622 nft_chain_parse_hook+0x7c/0x360 [nf_tables]
[   12.761964] Modules linked in: nf_tables nfnetlink sunrpc ip_tables x_tables ipv6 crc_ccitt autofs4 ext4 crc16 mbcache jbd2 raid10 raid456 async_raid6_recov async_memcpy async_pq async_xor xor async_tx raid6_pq raid1 raid0 multipath linear md_mod crc32c_sparc64
[   12.762139] CPU: 27 PID: 508 Comm: nft Tainted: G        W         5.9.0-05381-g726eb70e0d34 #93
[   12.762157] Call Trace:
[   12.762178] [<0000000000470828>] __warn+0xa8/0x120
[   12.762198] [<0000000000c2387c>] warn_slowpath_fmt+0x34/0x74
[   12.762221] [<00000000100c79fc>] nft_chain_parse_hook+0x7c/0x360 [nf_tables]
[   12.762248] [<00000000100caca8>] nf_tables_addchain.constprop.0+0x48/0x5a0 [nf_tables]
[   12.762276] [<00000000100cb908>] nf_tables_newchain+0x708/0x820 [nf_tables]
[   12.762298] [<00000000100b49c4>] nfnetlink_rcv_batch+0x4a4/0x780 [nfnetlink]
[   12.762316] [<00000000100b4db0>] nfnetlink_rcv+0x110/0x140 [nfnetlink]
[   12.762340] [<0000000000b320d0>] netlink_unicast+0x150/0x2a0
[   12.762356] [<0000000000b3303c>] netlink_sendmsg+0x3dc/0x460
[   12.762374] [<0000000000a9e034>] sock_sendmsg+0x34/0x80
[   12.762390] [<0000000000a9f70c>] ____sys_sendmsg+0x1ac/0x220
[   12.762407] [<0000000000aa17a8>] ___sys_sendmsg+0x48/0x80
[   12.762422] [<0000000000aa1888>] __sys_sendmsg+0x48/0x80
[   12.762438] [<0000000000aa18d8>] sys_sendmsg+0x18/0x40
[   12.762458] [<00000000004062b4>] linux_sparc_syscall+0x34/0x44
[   12.762473] irq event stamp: 0
[   12.762488] hardirqs last  enabled at (0): [<0000000000000000>] 0x0
[   12.762506] hardirqs last disabled at (0): [<000000000046e3d8>] copy_process+0x738/0x18c0
[   12.762526] softirqs last  enabled at (0): [<000000000046e3d8>] copy_process+0x738/0x18c0
[   12.762546] softirqs last disabled at (0): [<0000000000000000>] 0x0
[   12.762563] ---[ end trace 0b6fdcad38750549 ]---
[   14.235895] sha1_sparc64: Using sparc64 sha1 opcode optimized SHA-1 implementation
[   14.293920] n2rng v0.3 (Jan 7, 2017)
[   14.293959] n2rng f029b104: Registered RNG HVAPI major 2 minor 0
[   14.293973] n2rng f029b104: Found multi-unit-capable RNG, units: 2
[   14.294252] n2rng f029b104: RNG ready
[   14.383761] pktcdvd: setup of pktcdvd device failed
[   14.409644] pktcdvd: setup of pktcdvd device failed
[   14.409961] sha256_sparc64: Using sparc64 sha256 opcode optimized SHA-256/SHA-224 implementation
[   14.412085] pktcdvd: setup of pktcdvd device failed
[   14.414566] pktcdvd: setup of pktcdvd device failed
[   14.417058] pktcdvd: setup of pktcdvd device failed
[   14.420007] pktcdvd: setup of pktcdvd device failed
[   14.422234] pktcdvd: setup of pktcdvd device failed
[   14.424732] pktcdvd: setup of pktcdvd device failed
[   14.558678] XFS (dm-0): Mounting V5 Filesystem
[   14.581482] sha512_sparc64: Using sparc64 sha512 opcode optimized SHA-512/SHA-384 implementation
[   14.591972] md5_sparc64: Using sparc64 md5 opcode optimized MD5 implementation
[   14.715289] XFS (dm-0): Ending clean mount
[   14.729100] xfs filesystem being mounted at /1 supports timestamps until 2038 (0x7fffffff)
[   14.796308] Adding 787176k swap on /dev/vdiska4.  Priority:-2 extents:1 across:787176k FS
[   15.254016] EXT4-fs (vdiska1): mounting ext3 file system using the ext4 subsystem
[   15.484876] EXT4-fs (vdiska1): mounted filesystem with ordered data mode. Opts: (null)
[   15.484998] ext3 filesystem being mounted at /boot supports timestamps until 2038 (0x7fffffff)
[   16.836404] random: crng init done
[   16.836435] random: 4 urandom warning(s) missed due to ratelimiting
[   17.356183] Kernel unaligned access at TPC[8de19c] aa_dfa_unpack+0x3c/0x640
[   17.356214] Kernel unaligned access at TPC[8de1b0] aa_dfa_unpack+0x50/0x640
[   17.356229] Kernel unaligned access at TPC[8de274] aa_dfa_unpack+0x114/0x640
[   17.356243] Kernel unaligned access at TPC[8de344] aa_dfa_unpack+0x1e4/0x640
[   17.356257] Kernel unaligned access at TPC[8de358] aa_dfa_unpack+0x1f8/0x640
[   17.363158] audit: type=1400 audit(1603124165.790:2): apparmor="STATUS" operation="profile_load" profile="unconfined" name="nvidia_modprobe" pid=694 comm="apparmor_parser"
[   17.363198] audit: type=1400 audit(1603124165.790:3): apparmor="STATUS" operation="profile_load" profile="unconfined" name="nvidia_modprobe//kmod" pid=694 comm="apparmor_parser"
[   17.391973] audit: type=1400 audit(1603124165.820:4): apparmor="STATUS" operation="profile_load" profile="unconfined" name="/usr/sbin/haveged" pid=691 comm="apparmor_parser"
[   17.413015] audit: type=1400 audit(1603124165.840:5): apparmor="STATUS" operation="profile_load" profile="unconfined" name="lsb_release" pid=698 comm="apparmor_parser"
[   17.427389] audit: type=1400 audit(1603124165.860:6): apparmor="STATUS" operation="profile_load" profile="unconfined" name="/usr/bin/man" pid=695 comm="apparmor_parser"
[   17.427426] audit: type=1400 audit(1603124165.860:7): apparmor="STATUS" operation="profile_load" profile="unconfined" name="man_filter" pid=695 comm="apparmor_parser"
[   17.427450] audit: type=1400 audit(1603124165.860:8): apparmor="STATUS" operation="profile_load" profile="unconfined" name="man_groff" pid=695 comm="apparmor_parser"
[   17.483265] audit: type=1400 audit(1603124165.910:9): apparmor="STATUS" operation="profile_load" profile="unconfined" name="named" pid=697 comm="apparmor_parser"
[   17.498120] audit: type=1400 audit(1603124165.930:10): apparmor="STATUS" operation="profile_load" profile="unconfined" name="tcpdump" pid=696 comm="apparmor_parser"
