[    0.000017] PROMLIB: Sun IEEE Boot Prom 'OBP 4.38.17 2019/01/25 08:22'
[    0.000020] PROMLIB: Root node compatible: sun4v
[    0.000054] Linux version 5.9.0-rc1-00016-g2a5d2bd159f3 (mator@ttip) (gcc (Debian 10.2.0-23) 10.2.0, GNU ld (GNU Binutils for Debian) 2.35.1) #146 SMP Tue Dec 8 02:53:26 MSK 2020
[    0.000337] printk: bootconsole [earlyprom0] enabled
[    0.000385] ARCH: SUN4V
[    0.000425] Ethernet address: 00:14:4f:fa:06:f2
[    0.000470] MM: PAGE_OFFSET is 0xfff8000000000000 (max_phys_bits == 47)
[    0.000528] MM: VMALLOC [0x0000000100000000 --> 0x0006000000000000]
[    0.000584] MM: VMEMMAP [0x0006000000000000 --> 0x000c000000000000]
[    0.011251] Kernel: Using 3 locked TLB entries for main kernel image.
[    0.011313] Remapping the kernel... 
[    0.011330] done.
[    0.034230] OF stdout device is: /virtual-devices@100/console@1
[    0.034286] PROM: Built device tree with 65673 bytes of memory.
[    0.034341] MDESC: Size is 29712 bytes.
[    0.034431] PLATFORM: banner-name [SPARC T5-2]
[    0.034473] PLATFORM: name [ORCL,SPARC-T5-2]
[    0.034512] PLATFORM: hostid [84fa06f2]
[    0.034550] PLATFORM: serial# [0035260e]
[    0.034586] PLATFORM: stick-frequency [3b9aca00]
[    0.034629] PLATFORM: mac-address [144ffa06f2]
[    0.034668] PLATFORM: watchdog-resolution [1000 ms]
[    0.034713] PLATFORM: watchdog-max-timeout [31536000000 ms]
[    0.034762] PLATFORM: max-cpus [1024]
[    0.034841] Top of RAM: 0x2af94a000, Total RAM: 0x27f388000
[    0.034893] Memory hole size: 773MB
[    0.036384] Allocated 24576 bytes for kernel page tables.
[    0.036453] Zone ranges:
[    0.036486]   Normal   [mem 0x0000000030400000-0x00000002af949fff]
[    0.036540] Movable zone start for each node
[    0.036580] Early memory node ranges
[    0.036613]   node   0: [mem 0x0000000030400000-0x000000006febffff]
[    0.036671]   node   0: [mem 0x000000006ff40000-0x000000006ff47fff]
[    0.036723]   node   0: [mem 0x0000000070000000-0x00000002af8b5fff]
[    0.036780]   node   0: [mem 0x00000002af940000-0x00000002af949fff]
[    0.042560] Zeroed struct page in unavailable ranges: 132668 pages
[    0.042565] Initmem setup node 0 [mem 0x0000000030400000-0x00000002af949fff]
[    0.042712] On node 0 totalpages: 1309124
[    0.042716]   Normal zone: 11508 pages used for memmap
[    0.042718]   Normal zone: 0 pages reserved
[    0.042721]   Normal zone: 1309124 pages, LIFO batch:31
[    0.084267] Booting Linux...
[    0.084339] CPU CAPS: [flush,stbar,swap,muldiv,v9,blkinit,n2,mul32]
[    0.084407] CPU CAPS: [div32,v8plus,popc,vis,vis2,ASIBlkInit,fmaf,vis3]
[    0.084472] CPU CAPS: [hpc,ima,pause,cbcond,aes,des,kasumi,camellia]
[    0.085535] CPU CAPS: [md5,sha1,sha256,sha512,mpmul,montmul,montsqr,crc32c]
[    0.132816] percpu: Embedded 19 pages/cpu s114904 r8192 d32552 u262144
[    0.133026] pcpu-alloc: s114904 r8192 d32552 u262144 alloc=1*4194304
[    0.133029] pcpu-alloc: [0] 000 001 002 003 004 005 006 007 008 009 010 011 012 013 014 015 
[    0.133042] pcpu-alloc: [0] 016 017 018 019 020 021 022 023 024 025 026 027 028 029 030 031 
[    0.133055] pcpu-alloc: [0] 032 033 034 035 036 037 038 039 040 041 042 043 044 045 046 047 
[    0.133068] pcpu-alloc: [0] 048 049 050 051 052 053 054 055 056 057 058 059 060 061 062 063 
[    0.133081] pcpu-alloc: [0] 064 065 066 067 068 069 070 071 072 073 074 075 076 077 078 079 
[    0.133094] pcpu-alloc: [0] 080 081 082 083 084 085 086 087 088 089 090 091 092 093 094 095 
[    0.133107] pcpu-alloc: [0] 096 097 098 099 100 101 102 103 104 105 106 107 108 109 110 111 
[    0.133120] pcpu-alloc: [0] 112 113 114 115 116 117 118 119 120 121 122 123 124 125 126 127 
[    0.133133] pcpu-alloc: [0] 128 129 130 131 132 133 134 135 136 137 138 139 140 141 142 143 
[    0.133146] pcpu-alloc: [0] 144 145 146 147 148 149 150 151 152 153 154 155 156 157 158 159 
[    0.133159] pcpu-alloc: [0] 160 161 162 163 164 165 166 167 168 169 170 171 172 173 174 175 
[    0.133171] pcpu-alloc: [0] 176 177 178 179 180 181 182 183 184 185 186 187 188 189 190 191 
[    0.133184] pcpu-alloc: [0] 192 193 194 195 196 197 198 199 200 201 202 203 204 205 206 207 
[    0.133197] pcpu-alloc: [0] 208 209 210 211 212 213 214 215 216 217 218 219 220 221 222 223 
[    0.133209] pcpu-alloc: [0] 224 225 226 227 228 229 230 231 232 233 234 235 236 237 238 239 
[    0.133222] pcpu-alloc: [0] 240 241 242 243 244 245 246 247 248 249 250 251 252 253 254 255 
[    0.133628] SUN4V: Mondo queue sizes [cpu(131072) dev(16384) r(8192) nr(256)]
[    0.133921] Built 1 zonelists, mobility grouping on.  Total pages: 1297616
[    0.133986] Kernel command line: BOOT_IMAGE=/vmlinux-5.9.0-rc1-00016-g2a5d2bd159f3 root=/dev/vdiska2 ro zswap.enabled=1
[    0.135531] printk: log_buf_len individual max cpu contribution: 4096 bytes
[    0.135595] printk: log_buf_len total cpu_extra contributions: 1044480 bytes
[    0.135656] printk: log_buf_len min size: 131072 bytes
[    0.136017] printk: log_buf_len: 2097152 bytes
[    0.136061] printk: early log buf free: 126000(96%)
[    0.137712] Dentry cache hash table entries: 2097152 (order: 11, 16777216 bytes, linear)
[    0.138611] Inode-cache hash table entries: 1048576 (order: 10, 8388608 bytes, linear)
[    0.138680] Sorting __ex_table...
[    0.138925] mem auto-init: stack:off, heap alloc:off, heap free:off
[    0.159405] Memory: 10257112K/10472992K available (7716K kernel code, 1031K rwdata, 1896K rodata, 584K init, 413K bss, 215880K reserved, 0K cma-reserved)
[    0.159563] random: get_random_u64 called from __kmem_cache_create+0x20/0x520 with crng_init=0
[    0.160577] SLUB: HWalign=32, Order=0-3, MinObjects=0, CPUs=256, Nodes=1
[    0.161004] ftrace: allocating 22857 entries in 45 pages
[    0.169827] ftrace: allocated 45 pages with 4 groups
[    0.172307] rcu: Hierarchical RCU implementation.
[    0.172356] 	Trampoline variant of Tasks RCU enabled.
[    0.172401] 	Rude variant of Tasks RCU enabled.
[    0.172441] 	Tracing variant of Tasks RCU enabled.
[    0.172484] rcu: RCU calculated value of scheduler-enlistment delay is 26 jiffies.
[    0.175848] NR_IRQS: 2048, nr_irqs: 2048, preallocated irqs: 1
[    0.175947] SUN4V: Using IRQ API major 3, cookie only virqs enabled
[    0.178614] clocksource: stick: mask: 0xffffffffffffffff max_cycles: 0x1cd42e4dffb, max_idle_ns: 881590591483 ns
[    0.178729] clocksource: mult[800000] shift[23]
[    0.178769] clockevent: mult[80000000] shift[31]
[    0.179186] Console: colour dummy device 80x25
[    0.179232] printk: console [tty0] enabled
[    0.179272] printk: bootconsole [earlyprom0] disabled
[    0.258885] Calibrating delay using timer specific routine.. 2002.39 BogoMIPS (lpj=4004794)
[    0.258900] pid_max: default: 262144 minimum: 2048
[    0.259217] LSM: Security Framework initializing
[    0.259374] Mount-cache hash table entries: 32768 (order: 5, 262144 bytes, linear)
[    0.259409] Mountpoint-cache hash table entries: 32768 (order: 5, 262144 bytes, linear)
[    0.260910] rcu: Hierarchical SRCU implementation.
[    0.263866] smp: Bringing up secondary CPUs ...
[    0.271602] smp: Brought up 1 node, 24 CPUs
[    0.273387] devtmpfs: initialized
[    0.274146] Performance events: 
[    0.274165] Testing NMI watchdog ... 
[    0.354244] OK.
[    0.354268] Supported PMU type is 'niagara5'
[    0.354642] ldc.c:v1.1 (July 22, 2008)
[    0.354802] clocksource: jiffies: mask: 0xffffffff max_cycles: 0xffffffff, max_idle_ns: 7645041785100000 ns
[    0.354824] futex hash table entries: 65536 (order: 9, 4194304 bytes, linear)
[    0.357031] NET: Registered protocol family 16
[    0.358253] VIO: Adding device channel-devices (tx_ino = ffffffffffffffff, rx_ino = ffffffffffffffff)
[    0.358288] VIO: Adding device vnet-port-0-0 (tx_ino = 0, rx_ino = 1)
[    0.358310] VIO: Adding device vnet-port-0-1 (tx_ino = 2, rx_ino = 3)
[    0.358331] VIO: Adding device vnet-port-0-2 (tx_ino = 4, rx_ino = 5)
[    0.358351] VIO: Adding device vnet-port-0-3 (tx_ino = 6, rx_ino = 7)
[    0.358370] VIO: Adding device vnet-port-0-4 (tx_ino = 8, rx_ino = 9)
[    0.358390] VIO: Adding device vdc-port-2-0 (tx_ino = a, rx_ino = b)
[    0.358409] VIO: Adding device vdc-port-1-0 (tx_ino = c, rx_ino = d)
[    0.358428] VIO: Adding device vdc-port-0-0 (tx_ino = e, rx_ino = f)
[    0.358450] VIO: Adding device vlds-port-0-0 (tx_ino = 10, rx_ino = 11)
[    0.358471] VIO: Adding device domain-services-port-0 (tx_ino = 10, rx_ino = 11)
[    0.358567] audit: initializing netlink subsys (disabled)
[    0.358648] audit: type=2000 audit(0.176:1): state=initialized audit_enabled=0 res=1
[    0.363762] HugeTLB registered 64.0 KiB page size, pre-allocated 0 pages
[    0.363768] HugeTLB registered 8.00 MiB page size, pre-allocated 0 pages
[    0.363773] HugeTLB registered 256 MiB page size, pre-allocated 0 pages
[    0.363778] HugeTLB registered 2.00 GiB page size, pre-allocated 0 pages
[    0.930278] NetLabel: Initializing
[    0.930289] NetLabel:  domain hash size = 128
[    0.930293] NetLabel:  protocols = UNLABELED CIPSOv4 CALIPSO
[    0.930317] NetLabel:  unlabeled traffic allowed by default
[    0.930559] SUN4V: Reboot data supported (maj=1,min=0).
[    0.930661] ds.c:v1.0 (Jul 11, 2007)
[    0.930801] ds-0: ds_conn_reset() from send_events
[    0.931068] clocksource: Switched to clocksource stick
[    0.982062] VFS: Disk quotas dquot_6.6.0
[    0.982172] VFS: Dquot-cache hash table entries: 1024 (order 0, 8192 bytes)
[    0.984766] NET: Registered protocol family 2
[    0.985907] tcp_listen_portaddr_hash hash table entries: 8192 (order: 4, 131072 bytes, linear)
[    0.986001] TCP established hash table entries: 131072 (order: 7, 1048576 bytes, linear)
[    0.986462] TCP bind hash table entries: 65536 (order: 7, 1048576 bytes, linear)
[    0.986910] TCP: Hash tables configured (established 131072 bind 65536)
[    0.987439] UDP hash table entries: 8192 (order: 5, 262144 bytes, linear)
[    0.987561] UDP-Lite hash table entries: 8192 (order: 5, 262144 bytes, linear)
[    0.988500] NET: Registered protocol family 1
[    0.988513] NET: Registered protocol family 44
[    0.988636] Trying to unpack rootfs image as initramfs...
[    1.152352] Freeing initrd memory: 23440K
[    1.156395] Initialise system trusted keyrings
[    1.156418] Key type blacklist registered
[    1.156529] workingset: timestamp_bits=46 max_order=21 bucket_order=0
[    1.159254] zbud: loaded
[    1.160029] SGI XFS with ACLs, security attributes, realtime, quota, no debug enabled
[    1.161760] Key type asymmetric registered
[    1.161769] Asymmetric key parser 'x509' registered
[    1.161790] Block layer SCSI generic (bsg) driver version 0.4 loaded (major 252)
[    1.162055] io scheduler mq-deadline registered
[    1.162583] f029b788: ttyHV0 at I/O 0x0 (irq = 1, base_baud = 115200) is a SUN4V HCONS
[    1.162862] printk: console [ttyHV0] enabled
[    1.163748] sunvdc.c:v1.2 (November 24, 2014)
[    1.172910] sunvdc: Virtual Hard disk vdiskc
[    1.172922] sunvdc: vdiskc: 104857600 sectors (51200 MB) protocol 1.2
[    1.179700] sunvdc: Virtual Hard disk vdiskb
[    1.179712] sunvdc: vdiskb: 62914560 sectors (30720 MB) protocol 1.2
[    1.180154]  vdiskb: vdiskb1
[    1.186485] sunvdc: Virtual Hard disk vdiska
[    1.186495] sunvdc: vdiska: 31457280 sectors (15360 MB) protocol 1.2
[    1.186954]  vdiska: vdiska1 vdiska2 vdiska3 vdiska4
[    1.191970] Silicon Labs C2 port support v. 0.51.0 - (C) 2007 Rodolfo Giometti
[    1.192317] rtc-sun4v rtc-sun4v: registered as rtc0
[    1.192364] rtc-sun4v rtc-sun4v: setting system clock to 2020-12-07T23:58:02 UTC (1607385482)
[    1.193057] NET: Registered protocol family 10
[    1.207160] Segment Routing with IPv6
[    1.207216] mip6: Mobile IPv6
[    1.207224] NET: Registered protocol family 17
[    1.207347] registered taskstats version 1
[    1.207356] Loading compiled-in X.509 certificates
[    1.207433] zswap: loaded using pool lzo/zbud
[    1.208982] This architecture does not have kernel memory protection.
[    1.208992] Run /init as init process
[    1.208998]   with arguments:
[    1.209000]     /init
[    1.209003]   with environment:
[    1.209005]     HOME=/
[    1.209007]     TERM=linux
[    1.209009]     BOOT_IMAGE=/vmlinux-5.9.0-rc1-00016-g2a5d2bd159f3
[    1.374180] sunvnet_common: module verification failed: signature and/or required key missing - tainting kernel
[    1.375588] sunvnet: sunvnet 2.0 (February 3, 2017)
[    1.376613] vnet_port vnet-port-0-0 eth0: Sun LDOM vnet 00:14:4f:f8:12:a3
[    1.376684] sunvnet: eth0: PORT ( remote-mac 00:14:4f:fa:f3:f0 switch-port )
[    1.376837] sunvnet: eth0: PORT ( remote-mac 00:14:4f:f9:b4:97 )
[    1.376981] sunvnet: eth0: PORT ( remote-mac 00:14:4f:f8:e5:f3 )
[    1.377176] sunvnet: eth0: PORT ( remote-mac 00:14:4f:f8:3f:1e )
[    1.377356] sunvnet: eth0: PORT ( remote-mac 00:14:4f:f9:8b:83 )
[    1.382903] crc32c_sparc64: Using sparc64 crc32c opcode optimized CRC32C implementation
[    1.386218] random: lvm: uninitialized urandom read (4 bytes read)
[    1.405471] device-mapper: uevent: version 1.0.3
[    1.405630] device-mapper: ioctl: 4.42.0-ioctl (2020-02-27) initialised: dm-devel@redhat.com
[    1.407949] random: lvm: uninitialized urandom read (2 bytes read)
[    1.657899] xor: automatically using best checksumming function   Niagara   
[    1.723037] raid6: int64x8  gen()  2164 MB/s
[    1.791030] raid6: int64x8  xor()  1516 MB/s
[    1.859043] raid6: int64x4  gen()  3358 MB/s
[    1.927038] raid6: int64x4  xor()  1456 MB/s
[    1.995035] raid6: int64x2  gen()  3359 MB/s
[    2.063058] raid6: int64x2  xor()  1124 MB/s
[    2.131040] raid6: int64x1  gen()  1368 MB/s
[    2.199042] raid6: int64x1  xor()   713 MB/s
[    2.199055] raid6: using algorithm int64x2 gen() 3359 MB/s
[    2.199061] raid6: .... xor() 1124 MB/s, rmw enabled
[    2.199066] raid6: using intx1 recovery algorithm
[    2.238798] random: fast init done
[    2.330862] EXT4-fs (vdiska2): mounted filesystem with ordered data mode. Opts: (null)
[    4.107745] systemd[1]: Inserted module 'autofs4'
[    4.228001] systemd[1]: systemd 247.1-3 running in system mode. (+PAM +AUDIT +SELINUX +IMA +APPARMOR +SMACK +SYSVINIT +UTMP +LIBCRYPTSETUP +GCRYPT +GNUTLS +ACL +XZ +LZ4 +ZSTD -SECCOMP +BLKID +ELFUTILS +KMOD +IDN2 -IDN +PCRE2 default-hierarchy=hybrid)
[    4.228277] systemd[1]: Detected architecture sparc64.
[    4.318822] systemd[1]: Set hostname to <ttip>.
[    4.663408] systemd-sysv-generator[333]: SysV service '/etc/init.d/xinetd' lacks a native systemd unit file. Automatically generating a unit file for compatibility. Please update package to include a native systemd unit file, in order to make it more safe and robust.
[    4.955554] systemd-sysv-generator[333]: SysV service '/etc/init.d/rng-tools-debian' lacks a native systemd unit file. Automatically generating a unit file for compatibility. Please update package to include a native systemd unit file, in order to make it more safe and robust.
[    4.957668] systemd-sysv-generator[333]: SysV service '/etc/init.d/arpalert' lacks a native systemd unit file. Automatically generating a unit file for compatibility. Please update package to include a native systemd unit file, in order to make it more safe and robust.
[    4.974440] systemd-sysv-generator[333]: SysV service '/etc/init.d/vmtouch' lacks a native systemd unit file. Automatically generating a unit file for compatibility. Please update package to include a native systemd unit file, in order to make it more safe and robust.
[    5.074510] systemd-sysv-generator[333]: SysV service '/etc/init.d/mysql' lacks a native systemd unit file. Automatically generating a unit file for compatibility. Please update package to include a native systemd unit file, in order to make it more safe and robust.
[    5.216401] random: lvmconfig: uninitialized urandom read (4 bytes read)
[    6.740635] systemd[1]: Queued start job for default target Multi-User System.
[    6.741359] random: systemd: uninitialized urandom read (16 bytes read)
[    6.788335] systemd[1]: Created slice system-getty.slice.
[    6.788671] random: systemd: uninitialized urandom read (16 bytes read)
[    6.794185] systemd[1]: Created slice system-modprobe.slice.
[    6.794361] random: systemd: uninitialized urandom read (16 bytes read)
[    6.800082] systemd[1]: Created slice system-openvpn\x2dclient.slice.
[    6.806115] systemd[1]: Created slice system-postfix.slice.
[    6.812094] systemd[1]: Created slice system-systemd\x2dfsck.slice.
[    6.817578] systemd[1]: Created slice User and Session Slice.
[    6.817916] systemd[1]: Started Dispatch Password Requests to Console Directory Watch.
[    6.818146] systemd[1]: Started Forward Password Requests to Wall Directory Watch.
[    6.819254] systemd[1]: Set up automount Arbitrary Executable File Formats File System Automount Point.
[    6.819468] systemd[1]: Reached target Local Encrypted Volumes.
[    6.819692] systemd[1]: Reached target Paths.
[    6.819856] systemd[1]: Reached target Slices.
[    6.820178] systemd[1]: Listening on Device-mapper event daemon FIFOs.
[    6.820512] systemd[1]: Listening on LVM2 poll daemon socket.
[    6.833762] systemd[1]: Listening on RPCbind Server Activation Socket.
[    6.834706] systemd[1]: Listening on Syslog Socket.
[    6.835048] systemd[1]: Listening on fsck to fsckd communication Socket.
[    6.835280] systemd[1]: Listening on initctl Compatibility Named Pipe.
[    6.835724] systemd[1]: Listening on Journal Audit Socket.
[    6.836007] systemd[1]: Listening on Journal Socket (/dev/log).
[    6.836364] systemd[1]: Listening on Journal Socket.
[    6.836742] systemd[1]: Listening on udev Control Socket.
[    6.837009] systemd[1]: Listening on udev Kernel Socket.
[    6.843866] systemd[1]: Mounting Huge Pages File System...
[    6.850878] systemd[1]: Mounting POSIX Message Queue File System...
[    6.858171] systemd[1]: Mounting RPC Pipe File System...
[    6.865091] systemd[1]: Mounting Kernel Debug File System...
[    6.871830] systemd[1]: Mounting Kernel Trace File System...
[    6.872172] systemd[1]: Condition check resulted in Kernel Module supporting RPCSEC_GSS being skipped.
[    6.872558] systemd[1]: Finished Availability of block devices.
[    6.879245] systemd[1]: Starting Wait for network to be configured by ifupdown...
[    6.886231] systemd[1]: Starting Create list of static device nodes for the current kernel...
[    6.893907] systemd[1]: Starting Monitoring of LVM2 mirrors, snapshots etc. using dmeventd or progress polling...
[    6.900099] systemd[1]: Starting Load Kernel Module configfs...
[    6.906082] systemd[1]: Starting Load Kernel Module drm...
[    6.912644] systemd[1]: Starting Load Kernel Module fuse...
[    6.921047] systemd[1]: Starting nftables...
[    6.935272] systemd[1]: Condition check resulted in Set Up Additional Binary Formats being skipped.
[    6.935457] systemd[1]: Condition check resulted in File System Check on Root Device being skipped.
[    6.945310] systemd[1]: Starting Journal Service...
[    6.992341] systemd[1]: Starting Load Kernel Modules...
[    6.999555] systemd[1]: Starting Remount Root and Kernel File Systems...
[    7.006302] systemd[1]: Starting Coldplug All udev Devices...
[    7.010538] systemd[1]: Mounted Huge Pages File System.
[    7.010880] systemd[1]: Mounted POSIX Message Queue File System.
[    7.011150] systemd[1]: run-rpc_pipefs.mount: Mount process exited, code=exited, status=32/n/a
[    7.011168] systemd[1]: run-rpc_pipefs.mount: Failed with result 'exit-code'.
[    7.012133] systemd[1]: Failed to mount RPC Pipe File System.
[    7.012290] systemd[1]: Dependency failed for RPC security service for NFS client and server.
[    7.012381] systemd[1]: rpc-gssd.service: Job rpc-gssd.service/start failed with result 'dependency'.
[    7.012402] systemd[1]: Dependency failed for RPC security service for NFS server.
[    7.012502] systemd[1]: rpc-svcgssd.service: Job rpc-svcgssd.service/start failed with result 'dependency'.
[    7.012733] systemd[1]: Mounted Kernel Debug File System.
[    7.012985] systemd[1]: Mounted Kernel Trace File System.
[    7.014032] systemd[1]: Finished Wait for network to be configured by ifupdown.
[    7.015220] systemd[1]: Finished Create list of static device nodes for the current kernel.
[    7.015749] systemd[1]: modprobe@configfs.service: Succeeded.
[    7.016539] systemd[1]: Finished Load Kernel Module configfs.
[    7.017100] systemd[1]: modprobe@drm.service: Succeeded.
[    7.017882] systemd[1]: Finished Load Kernel Module drm.
[    7.018289] systemd[1]: Reached target NFS client services.
[    7.025109] systemd[1]: Mounting Kernel Configuration File System...
[    7.030968] systemd[1]: Mounted Kernel Configuration File System.
[    7.078089] EXT4-fs (vdiska2): re-mounted. Opts: errors=remount-ro
[    7.081379] systemd[1]: Finished Monitoring of LVM2 mirrors, snapshots etc. using dmeventd or progress polling.
[    7.082823] systemd[1]: Finished Load Kernel Modules.
[    7.083943] systemd[1]: Finished Remount Root and Kernel File Systems.
[    7.088678] fuse: init (API version 7.31)
[    7.151211] systemd[1]: Starting Initial Check File System Quotas...
[    7.179172] systemd[1]: Condition check resulted in Rebuild Hardware Database being skipped.
[    7.179317] systemd[1]: Condition check resulted in Platform Persistent Storage Archival being skipped.
[    7.186377] systemd[1]: Starting Load/Save Random Seed...
[    7.193313] systemd[1]: Starting Apply Kernel Variables...
[    7.200557] systemd[1]: Starting Create System Users...
[    7.201414] systemd[1]: Started Journal Service.
[    9.759283] random: crng init done
[    9.759297] sha1_sparc64: Using sparc64 sha1 opcode optimized SHA-1 implementation
[    9.759302] random: 4 urandom warning(s) missed due to ratelimiting
[    9.782357] sha256_sparc64: Using sparc64 sha256 opcode optimized SHA-256/SHA-224 implementation
[    9.819053] n2rng v0.3 (Jan 7, 2017)
[    9.819083] n2rng f029b104: Registered RNG HVAPI major 2 minor 0
[    9.819097] n2rng f029b104: Found multi-unit-capable RNG, units: 2
[    9.819128] n2rng f029b104: RNG ready
[    9.820285] sha512_sparc64: Using sparc64 sha512 opcode optimized SHA-512/SHA-384 implementation
[    9.854231] md5_sparc64: Using sparc64 md5 opcode optimized MD5 implementation
[    9.879514] aes_sparc64: Using sparc64 aes opcodes optimized AES implementation
[    9.925780] XFS (dm-0): Mounting V5 Filesystem
[    9.980425] des_sparc64: Using sparc64 des opcodes optimized DES implementation
[   10.009343] camellia_sparc64: Using sparc64 camellia opcodes optimized CAMELLIA implementation
[   10.151040] Adding 787176k swap on /dev/vdiska4.  Priority:-2 extents:1 across:787176k FS
[   11.035836] XFS (dm-0): Ending clean mount
[   11.036978] xfs filesystem being mounted at /1 supports timestamps until 2038 (0x7fffffff)
[   11.243382] EXT4-fs (vdiska1): mounting ext3 file system using the ext4 subsystem
[   11.506624] EXT4-fs (vdiska1): mounted filesystem with ordered data mode. Opts: (null)
[   11.506799] ext3 filesystem being mounted at /boot supports timestamps until 2038 (0x7fffffff)
