[    0.000018] PROMLIB: Sun IEEE Boot Prom 'OBP 4.38.12 2018/03/28 14:54'
[    0.000030] PROMLIB: Root node compatible: sun4v
[    0.000079] Linux version 5.5.0-rc6-00229-g7a176c107942 (mator@ttip) (gcc version 9.2.1 20200123 (Debian 9.2.1-25)) #1349 SMP Thu Jan 30 19:14:47 MSK 2020
[    0.000402] printk: bootconsole [earlyprom0] enabled
[    0.000454] ARCH: SUN4V
[    0.000502] Ethernet address: 00:14:4f:fa:06:f2
[    0.000554] MM: PAGE_OFFSET is 0xfff8000000000000 (max_phys_bits == 47)
[    0.000620] MM: VMALLOC [0x0000000100000000 --> 0x0006000000000000]
[    0.000680] MM: VMEMMAP [0x0006000000000000 --> 0x000c000000000000]
[    0.012476] Kernel: Using 5 locked TLB entries for main kernel image.
[    0.012548] Remapping the kernel... 
[    0.012574] done.
[    0.046378] OF stdout device is: /virtual-devices@100/console@1
[    0.046454] PROM: Built device tree with 88003 bytes of memory.
[    0.046520] MDESC: Size is 36960 bytes.
[    0.046644] PLATFORM: banner-name [SPARC T5-2]
[    0.046693] PLATFORM: name [ORCL,SPARC-T5-2]
[    0.046740] PLATFORM: hostid [84fa06f2]
[    0.046781] PLATFORM: serial# [0035260e]
[    0.046825] PLATFORM: stick-frequency [3b9aca00]
[    0.046872] PLATFORM: mac-address [144ffa06f2]
[    0.046920] PLATFORM: watchdog-resolution [1000 ms]
[    0.046971] PLATFORM: watchdog-max-timeout [31536000000 ms]
[    0.047026] PLATFORM: max-cpus [1024]
[    0.047130] Top of RAM: 0x24af938000, Total RAM: 0x87f354000
[    0.047191] Memory hole size: 115461MB
[    0.051859] Allocated 40960 bytes for kernel page tables.
[    0.051958] Zone ranges:
[    0.052000]   Normal   [mem 0x0000000030400000-0x00000024af937fff]
[    0.052065] Movable zone start for each node
[    0.052109] Early memory node ranges
[    0.052151]   node   0: [mem 0x0000000030400000-0x000000006fe7ffff]
[    0.052213]   node   0: [mem 0x000000006ff00000-0x000000006ff25fff]
[    0.052273]   node   0: [mem 0x0000000070000000-0x000000042fffffff]
[    0.052335]   node   0: [mem 0x0000002030000000-0x00000024af87ffff]
[    0.052399]   node   0: [mem 0x00000024af900000-0x00000024af925fff]
[    0.052457]   node   0: [mem 0x00000024af930000-0x00000024af937fff]
[    0.059868] Zeroed struct page in unavailable ranges: 230130 pages
[    0.059876] Initmem setup node 0 [mem 0x0000000030400000-0x00000024af937fff]
[    0.060035] On node 0 totalpages: 4454826
[    0.060044]   Normal zone: 39154 pages used for memmap
[    0.060049]   Normal zone: 0 pages reserved
[    0.060055]   Normal zone: 4454826 pages, LIFO batch:31
[    0.070866] Booting Linux...
[    0.070949] CPU CAPS: [flush,stbar,swap,muldiv,v9,blkinit,n2,mul32]
[    0.071033] CPU CAPS: [div32,v8plus,popc,vis,vis2,ASIBlkInit,fmaf,vis3]
[    0.071111] CPU CAPS: [hpc,ima,pause,cbcond,aes,des,kasumi,camellia]
[    0.071182] CPU CAPS: [md5,sha1,sha256,sha512,mpmul,montmul,montsqr,crc32c]
[    0.101123] percpu: Embedded 27 pages/cpu s182024 r8192 d30968 u262144
[    0.101385] pcpu-alloc: s182024 r8192 d30968 u262144 alloc=1*4194304
[    0.101393] pcpu-alloc: [0] 000 001 002 003 004 005 006 007 008 009 010 011 012 013 014 015 
[    0.101420] pcpu-alloc: [0] 016 017 018 019 020 021 022 023 024 025 026 027 028 029 030 031 
[    0.101448] pcpu-alloc: [0] 032 033 034 035 036 037 038 039 040 041 042 043 044 045 046 047 
[    0.101475] pcpu-alloc: [0] 048 049 050 051 052 053 054 055 056 057 058 059 060 061 062 063 
[    0.101502] pcpu-alloc: [0] 064 065 066 067 068 069 070 071 072 073 074 075 076 077 078 079 
[    0.101529] pcpu-alloc: [0] 080 081 082 083 084 085 086 087 088 089 090 091 092 093 094 095 
[    0.101556] pcpu-alloc: [0] 096 097 098 099 100 101 102 103 104 105 106 107 108 109 110 111 
[    0.101583] pcpu-alloc: [0] 112 113 114 115 116 117 118 119 120 121 122 123 124 125 126 127 
[    0.102111] SUN4V: Mondo queue sizes [cpu(131072) dev(16384) r(8192) nr(256)]
[    0.102475] Built 1 zonelists, mobility grouping on.  Total pages: 4415672
[    0.102565] Kernel command line: BOOT_IMAGE=/vmlinux-5.5.0-rc6-00229-g7a176c107942 root=/dev/vdiska2 ro zswap.enabled=1
[    0.104995] printk: log_buf_len individual max cpu contribution: 4096 bytes
[    0.105069] printk: log_buf_len total cpu_extra contributions: 520192 bytes
[    0.105137] printk: log_buf_len min size: 131072 bytes
[    0.105412] printk: log_buf_len: 1048576 bytes
[    0.105464] printk: early log buf free: 126640(96%)
[    0.111800] Dentry cache hash table entries: 8388608 (order: 13, 67108864 bytes, linear)
[    0.115045] Inode-cache hash table entries: 4194304 (order: 12, 33554432 bytes, linear)
[    0.115124] Sorting __ex_table...
[    0.115367] mem auto-init: stack:off, heap alloc:off, heap free:off
[    0.174406] Memory: 1305232K/35638608K available (7608K kernel code, 966K rwdata, 2272K rodata, 704K init, 6742K bss, 508760K reserved, 0K cma-reserved)
[    0.175066] SLUB: HWalign=32, Order=0-3, MinObjects=0, CPUs=128, Nodes=1
[    0.175363] ftrace: allocating 21339 entries in 42 pages
[    0.183489] ftrace: allocated 42 pages with 3 groups
[    0.186326] Running RCU self tests
[    0.186372] rcu: Hierarchical RCU implementation.
[    0.186421] rcu: 	RCU event tracing is enabled.
[    0.186470] rcu: 	RCU lockdep checking is enabled.
[    0.186518] 	Tasks RCU enabled.
[    0.186556] rcu: RCU calculated value of scheduler-enlistment delay is 10 jiffies.
[    0.190760] NR_IRQS: 2048, nr_irqs: 2048, preallocated irqs: 1
[    0.190844] SUN4V: Using IRQ API major 3, cookie only virqs enabled
[    0.193284] clocksource: stick: mask: 0xffffffffffffffff max_cycles: 0x1cd42e4dffb, max_idle_ns: 881590591483 ns
[    0.193413] clocksource: mult[800000] shift[23]
[    0.193463] clockevent: mult[80000000] shift[31]
[    0.193991] Console: colour dummy device 80x25
[    0.194054] printk: console [tty0] enabled
[    0.194131] printk: bootconsole [earlyprom0] disabled
[    0.194217] Lock dependency validator: Copyright (c) 2006 Red Hat, Inc., Ingo Molnar
[    0.194266] ... MAX_LOCKDEP_SUBCLASSES:  8
[    0.194296] ... MAX_LOCK_DEPTH:          48
[    0.194327] ... MAX_LOCKDEP_KEYS:        8192
[    0.194358] ... CLASSHASH_SIZE:          4096
[    0.194389] ... MAX_LOCKDEP_ENTRIES:     16384
[    0.194420] ... MAX_LOCKDEP_CHAINS:      32768
[    0.194452] ... CHAINHASH_SIZE:          16384
[    0.194483]  memory used by lock dependency info: 3855 kB
[    0.194519]  memory used for stack traces: 2112 kB
[    0.194553]  per task-struct memory footprint: 1920 bytes
[    0.343915] Calibrating delay using timer specific routine.. 2010.58 BogoMIPS (lpj=10052905)
[    0.343985] pid_max: default: 131072 minimum: 1024
[    0.344274] LSM: Security Framework initializing
[    0.344426] AppArmor: AppArmor initialized
[    0.344695] Mount-cache hash table entries: 131072 (order: 7, 1048576 bytes, linear)
[    0.344859] Mountpoint-cache hash table entries: 131072 (order: 7, 1048576 bytes, linear)
[    0.344989] *** VALIDATE tmpfs ***
[    0.345852] *** VALIDATE proc ***
[    0.346350] *** VALIDATE cgroup1 ***
[    0.346382] *** VALIDATE cgroup2 ***
[    0.348465] rcu: Hierarchical SRCU implementation.
[    0.356445] smp: Bringing up secondary CPUs ...
[    0.399816] smp: Brought up 1 node, 32 CPUs
[    0.590826] node 0 initialised, 4228077 pages in 190ms
[    0.592138] devtmpfs: initialized
[    0.596825] Performance events: 
[    0.596870] Testing NMI watchdog ... 
[    0.796955] OK.
[    0.797086] Supported PMU type is 'niagara5'
[    0.797284] random: get_random_u32 called from bucket_table_alloc.isra.0+0x188/0x1c0 with crng_init=0
[    0.798004] ldc.c:v1.1 (July 22, 2008)
[    0.800363] clocksource: jiffies: mask: 0xffffffff max_cycles: 0xffffffff, max_idle_ns: 19112604462750000 ns
[    0.800454] futex hash table entries: 32768 (order: 9, 4194304 bytes, linear)
[    0.805951] NET: Registered protocol family 16
[    0.814366] VIO: Adding device channel-devices (tx_ino = ffffffffffffffff, rx_ino = ffffffffffffffff)
[    0.814580] VIO: Adding device vnet-port-0-0 (tx_ino = 0, rx_ino = 1)
[    0.814781] VIO: Adding device vnet-port-0-1 (tx_ino = 2, rx_ino = 3)
[    0.814948] VIO: Adding device vnet-port-0-2 (tx_ino = 4, rx_ino = 5)
[    0.815120] VIO: Adding device vnet-port-0-4 (tx_ino = 8, rx_ino = 9)
[    0.815286] VIO: Adding device vnet-port-0-5 (tx_ino = a, rx_ino = b)
[    0.815451] VIO: Adding device vnet-port-0-6 (tx_ino = c, rx_ino = d)
[    0.815616] VIO: Adding device vdc-port-3-0 (tx_ino = e, rx_ino = f)
[    0.815786] VIO: Adding device vdc-port-2-0 (tx_ino = 10, rx_ino = 11)
[    0.815951] VIO: Adding device vdc-port-1-0 (tx_ino = 12, rx_ino = 13)
[    0.816115] VIO: Adding device vdc-port-0-0 (tx_ino = 14, rx_ino = 15)
[    0.816286] VIO: Adding device vdc-port-4-0 (tx_ino = 16, rx_ino = 17)
[    0.816452] VIO: Adding device vlds-port-0-0 (tx_ino = 18, rx_ino = 19)
[    0.816620] VIO: Adding device domain-services-port-0 (tx_ino = 18, rx_ino = 19)
[    0.816908] audit: initializing netlink subsys (disabled)
[    0.817231] audit: type=2000 audit(0.430:1): state=initialized audit_enabled=0 res=1
[    0.842225] HugeTLB registered 64.0 KiB page size, pre-allocated 0 pages
[    0.842278] HugeTLB registered 8.00 MiB page size, pre-allocated 0 pages
[    0.842323] HugeTLB registered 256 MiB page size, pre-allocated 0 pages
[    0.842367] HugeTLB registered 2.00 GiB page size, pre-allocated 0 pages
[    0.843967] alg: extra crypto tests enabled.  This is intended for developer use only.
[    0.869740] cryptd: max_cpu_qlen set to 1000
[    0.969876] NetLabel: Initializing
[    0.969916] NetLabel:  domain hash size = 128
[    0.969949] NetLabel:  protocols = UNLABELED CIPSOv4 CALIPSO
[    0.970085] NetLabel:  unlabeled traffic allowed by default
[    0.971062] SUN4V: Reboot data supported (maj=1,min=0).
[    0.971438] ds.c:v1.0 (Jul 11, 2007)
[    0.971775] ds-0: ds_conn_reset() from send_events.isra.0
[    0.973254] clocksource: Switched to clocksource stick
[    1.169169] *** VALIDATE bpf ***
[    1.170433] VFS: Disk quotas dquot_6.6.0
[    1.170560] VFS: Dquot-cache hash table entries: 1024 (order 0, 8192 bytes)
[    1.170773] *** VALIDATE ramfs ***
[    1.170822] *** VALIDATE hugetlbfs ***
[    1.172393] AppArmor: AppArmor Filesystem Enabled
[    1.185724] NET: Registered protocol family 2
[    1.187376] tcp_listen_portaddr_hash hash table entries: 32768 (order: 8, 2359296 bytes, linear)
[    1.190271] TCP established hash table entries: 524288 (order: 9, 4194304 bytes, linear)
[    1.192236] TCP bind hash table entries: 65536 (order: 9, 4194304 bytes, linear)
[    1.198077] TCP: Hash tables configured (established 524288 bind 65536)
[    1.200489] UDP hash table entries: 32768 (order: 9, 5242880 bytes, linear)
[    1.206805] UDP-Lite hash table entries: 32768 (order: 9, 5242880 bytes, linear)
[    1.214627] NET: Registered protocol family 1
[    1.214694] NET: Registered protocol family 44
[    1.215206] Trying to unpack rootfs image as initramfs...
[    1.411070] Freeing initrd memory: 14704K
[    1.411988] aes_sparc64: Using sparc64 aes opcodes optimized AES implementation
[    1.687690] des_sparc64: Using sparc64 des opcodes optimized DES implementation
[    2.192124] camellia_sparc64: Using sparc64 camellia opcodes optimized CAMELLIA implementation
[    2.391179] workingset: timestamp_bits=46 max_order=23 bucket_order=0
[    2.411731] SGI XFS with ACLs, security attributes, quota, fatal assert, debug enabled
[    2.417744] *** VALIDATE xfs ***
[    2.432610] Block layer SCSI generic (bsg) driver version 0.4 loaded (major 252)
[    2.433489] io scheduler mq-deadline registered
[    2.436218] f029b788: ttyHV0 at I/O 0x0 (irq = 1, base_baud = 115200) is a SUN4V HCONS
[    2.443045] printk: console [ttyHV0] enabled
[    2.446674] sunvdc.c:v1.2 (November 24, 2014)
[    2.448238] sunvdc: Virtual CDROM vdiskd
[    2.448279] sunvdc: vdiskd: 403160 sectors (196 MB) protocol 1.2
[    2.450023]  vdiskd: vdiskd1 vdiskd2 vdiskd3 vdiskd4 vdiskd5 vdiskd6 vdiskd7
[    2.469983] sunvdc: Virtual Hard disk vdiskc
[    2.470028] sunvdc: vdiskc: 104857600 sectors (51200 MB) protocol 1.2
[    2.489318] sunvdc: Virtual Hard disk vdiskb
[    2.489366] sunvdc: vdiskb: 62914560 sectors (30720 MB) protocol 1.2
[    2.490764]  vdiskb: vdiskb1
[    2.509120] sunvdc: Virtual Hard disk vdiska
[    2.509169] sunvdc: vdiska: 31457280 sectors (15360 MB) protocol 1.2
[    2.510732]  vdiska: vdiska1 vdiska2 vdiska3 vdiska4
[    2.530276] sunvdc: Virtual Hard disk vdiske
[    2.530323] sunvdc: vdiske: 20971520 sectors (10240 MB) protocol 1.2
[    2.532007]  vdiske: vdiske1 vdiske2
[    2.549430] sunvnet: sunvnet 2.0 (February 3, 2017)
[    2.551896] vnet_port vnet-port-0-0 eth0: Sun LDOM vnet 00:14:4f:f8:12:a3
[    2.552129] sunvnet: eth0: PORT ( remote-mac 00:14:4f:fa:f3:f0 switch-port )
[    2.552727] sunvnet: eth0: PORT ( remote-mac 00:14:4f:f8:e5:f3 )
[    2.553366] sunvnet: eth0: PORT ( remote-mac 00:14:4f:f9:b4:97 )
[    2.553957] sunvnet: eth0: PORT ( remote-mac 00:14:4f:f8:3f:1e )
[    2.554545] sunvnet: eth0: PORT ( remote-mac 00:14:4f:f8:fe:47 )
[    2.555122] sunvnet: eth0: PORT ( remote-mac 00:14:4f:f9:8b:83 )
[    2.556400] rtc-sun4v rtc-sun4v: registered as rtc0
[    2.556935] sun4v_wdt: initialized (timeout=60s, nowayout=0)
[    2.557309] device-mapper: uevent: version 1.0.3
[    2.558269] device-mapper: ioctl: 4.41.0-ioctl (2019-09-16) initialised: dm-devel@redhat.com
[    2.559279] NET: Registered protocol family 17
[    2.559856] registered taskstats version 1
[    2.567502] zswap: default zpool zbud not available
[    2.567560] zswap: pool creation failed
[    2.769400] Key type big_key registered
[    2.769473] AppArmor: AppArmor sha1 policy hashing enabled
[    2.770258] rtc-sun4v rtc-sun4v: setting system clock to 2020-01-30T16:16:43 UTC (1580401003)
[    2.774621] This architecture does not have kernel memory protection.
[    2.774671] Run /init as init process
[    3.291300] crc32c_sparc64: Using sparc64 crc32c opcode optimized CRC32C implementation
[    3.293975] random: fast init done
[    3.331733] md127: WARNING: vdiske2 appears to be on the same physical disk as vdiske1.
[    3.331818] True protection against single-disk failure might be compromised.
[    3.332478] md/raid1:md127: active with 2 out of 2 mirrors
[    3.332757] md127: detected capacity change from 0 to 26148864
[    3.833202] raid6: int64x8  gen()  2170 MB/s
[    4.003241] raid6: int64x8  xor()  1565 MB/s
[    4.173197] raid6: int64x4  gen()  3461 MB/s
[    4.343204] raid6: int64x4  xor()  2000 MB/s
[    4.513218] raid6: int64x2  gen()  2857 MB/s
[    4.683205] raid6: int64x2  xor()  1992 MB/s
[    4.853211] raid6: int64x1  gen()  2842 MB/s
[    5.023207] raid6: int64x1  xor()  1623 MB/s
[    5.023256] raid6: using algorithm int64x4 gen() 3461 MB/s
[    5.023296] raid6: .... xor() 2000 MB/s, rmw enabled
[    5.023334] raid6: using intx1 recovery algorithm
[    5.024257] async_tx: api initialized (async)
[    5.024832] xor: automatically using best checksumming function   Niagara   
[    5.216988] EXT4-fs (vdiska2): mounted filesystem with ordered data mode. Opts: (null)
[    5.436014] systemd[1]: Inserted module 'autofs4'
[    5.448780] NET: Registered protocol family 10
[    5.454919] Segment Routing with IPv6
[    5.474865] systemd[1]: systemd 244.1-1 running in system mode. (+PAM +AUDIT +SELINUX +IMA +APPARMOR +SMACK +SYSVINIT +UTMP +LIBCRYPTSETUP +GCRYPT +GNUTLS +ACL +XZ +LZ4 -SECCOMP +BLKID +ELFUTILS +KMOD +IDN2 -IDN +PCRE2 default-hierarchy=hybrid)
[    5.475513] systemd[1]: Detected architecture sparc64.
[    5.550124] systemd[1]: Set hostname to <ttip>.
[    5.560749] systemd[1]: Couldn't move remaining userspace processes, ignoring: Input/output error
[    5.633214] random: lvmconfig: uninitialized urandom read (4 bytes read)
[    5.872149] systemd[1]: /lib/systemd/system/dbus.socket:5: ListenStream= references a path below legacy directory /var/run/, updating /var/run/dbus/system_bus_socket â†’ /run/dbus/system_bus_socket; please update the unit file accordingly.
[    5.937474] random: systemd: uninitialized urandom read (16 bytes read)
[    5.948483] systemd[1]: Created slice system-getty.slice.
[    5.949282] random: systemd: uninitialized urandom read (16 bytes read)
[    5.952760] systemd[1]: Created slice system-openvpn\x2dclient.slice.
[    5.956753] systemd[1]: Created slice system-postfix.slice.
[    5.962257] systemd[1]: Created slice system-systemd\x2dfsck.slice.
[    5.966353] systemd[1]: Created slice User and Session Slice.
[    5.967565] systemd[1]: Started Dispatch Password Requests to Console Directory Watch.
[    5.968406] systemd[1]: Started Forward Password Requests to Wall Directory Watch.
[    5.970736] systemd[1]: Set up automount Arbitrary Executable File Formats File System Automount Point.
[    5.971344] systemd[1]: Reached target Local Encrypted Volumes.
[    5.971827] systemd[1]: Reached target Paths.
[    5.972266] systemd[1]: Reached target Remote File Systems.
[    5.972707] systemd[1]: Reached target Slices.
[    5.973780] systemd[1]: Listening on Device-mapper event daemon FIFOs.
[    5.974963] systemd[1]: Listening on LVM2 poll daemon socket.
[    5.977224] systemd[1]: Listening on Syslog Socket.
[    5.978250] systemd[1]: Listening on fsck to fsckd communication Socket.
[    5.979019] systemd[1]: Listening on initctl Compatibility Named Pipe.
[    5.980288] systemd[1]: Listening on Journal Audit Socket.
[    5.981272] systemd[1]: Listening on Journal Socket (/dev/log).
[    5.982443] systemd[1]: Listening on Journal Socket.
[    5.983628] systemd[1]: Listening on udev Control Socket.
[    5.984460] systemd[1]: Listening on udev Kernel Socket.
[    5.993769] systemd[1]: Mounting Huge Pages File System...
[    6.002958] systemd[1]: Mounting POSIX Message Queue File System...
[    6.012119] systemd[1]: Mounting Kernel Debug File System...
[    6.021156] systemd[1]: Starting Availability of block devices...
[    6.034247] systemd[1]: Starting Wait for network to be configured by ifupdown...
[    6.043026] systemd[1]: Starting Create list of static device nodes for the current kernel...
[    6.051663] systemd[1]: Starting Monitoring of LVM2 mirrors, snapshots etc. using dmeventd or progress polling...
[    6.062679] systemd[1]: Starting nftables...
[    6.064583] systemd[1]: Condition check resulted in Set Up Additional Binary Formats being skipped.
[    6.064788] systemd[1]: Condition check resulted in File System Check on Root Device being skipped.
[    6.076037] systemd[1]: Starting Journal Service...
[    6.086930] systemd[1]: Starting Load Kernel Modules...
[    6.099734] systemd[1]: Starting Remount Root and Kernel File Systems...
[    6.112361] systemd[1]: Starting udev Coldplug all Devices...
[    6.122080] systemd[1]: Mounted Huge Pages File System.
[    6.124277] systemd[1]: Mounted POSIX Message Queue File System.
[    6.126091] systemd[1]: Mounted Kernel Debug File System.
[    6.136703] systemd[1]: Started Availability of block devices.
[    6.144736] systemd[1]: Started Wait for network to be configured by ifupdown.
[    6.153646] systemd[1]: Started Create list of static device nodes for the current kernel.
[    6.154966] EXT4-fs (vdiska2): re-mounted. Opts: errors=remount-ro
[    6.168133] systemd[1]: Started Load Kernel Modules.
[    6.170339] systemd[1]: Condition check resulted in FUSE Control File System being skipped.
[    6.170832] systemd[1]: Condition check resulted in Kernel Configuration File System being skipped.
[    6.181974] systemd[1]: Starting Apply Kernel Variables...
[    6.183734] systemd[1]: Started Journal Service.
[    6.260734] systemd-journald[555]: Received client request to flush runtime journal.
[    6.618460] sha1_sparc64: Using sparc64 sha1 opcode optimized SHA-1 implementation
[    6.624427] n2rng v0.3 (Jan 7, 2017)
[    6.624518] n2rng f029b104: Registered RNG HVAPI major 2 minor 0
[    6.624594] n2rng f029b104: Found multi-unit-capable RNG, units: 2
[    6.625461] n2rng f029b104: RNG ready
[    6.674537] pktcdvd: setup of pktcdvd device failed
[    6.728706] pktcdvd: setup of pktcdvd device failed
[    6.732703] pktcdvd: setup of pktcdvd device failed
[    6.736708] pktcdvd: setup of pktcdvd device failed
[    6.740474] pktcdvd: setup of pktcdvd device failed
[    6.744408] pktcdvd: setup of pktcdvd device failed
[    6.748300] pktcdvd: setup of pktcdvd device failed
[    6.752541] pktcdvd: setup of pktcdvd device failed
[    6.885824] sha256_sparc64: Using sparc64 sha256 opcode optimized SHA-256/SHA-224 implementation
[    7.033146] sha512_sparc64: Using sparc64 sha512 opcode optimized SHA-512/SHA-384 implementation
[    7.034779] md5_sparc64: Using sparc64 md5 opcode optimized MD5 implementation
[    7.068683] XFS (dm-0): Mounting V5 Filesystem
[    7.074371] Adding 787176k swap on /dev/vdiska4.  Priority:-2 extents:1 across:787176k FS
[    7.091130] XFS (dm-0): Ending clean mount
[    7.093702] xfs filesystem being mounted at /1 supports timestamps until 2038 (0x7fffffff)
[    7.149484] EXT4-fs (vdiska1): mounting ext3 file system using the ext4 subsystem
[    7.162967] EXT4-fs (vdiska1): mounted filesystem with ordered data mode. Opts: (null)
[    7.163150] ext3 filesystem being mounted at /boot supports timestamps until 2038 (0x7fffffff)
[    7.267330] Kernel unaligned access at TPC[884db8] aa_dfa_unpack+0x38/0x5c0
[    7.267475] Kernel unaligned access at TPC[884dd8] aa_dfa_unpack+0x58/0x5c0
[    7.267544] Kernel unaligned access at TPC[884ea0] aa_dfa_unpack+0x120/0x5c0
[    7.267621] Kernel unaligned access at TPC[884f80] aa_dfa_unpack+0x200/0x5c0
[    7.267710] Kernel unaligned access at TPC[884f94] aa_dfa_unpack+0x214/0x5c0
[    7.270752] audit: type=1400 audit(1580401007.990:2): apparmor="STATUS" operation="profile_load" profile="unconfined" name="/usr/sbin/haveged" pid=728 comm="apparmor_parser"
[    7.272502] audit: type=1400 audit(1580401007.990:3): apparmor="STATUS" operation="profile_load" profile="unconfined" name="lsb_release" pid=733 comm="apparmor_parser"
[    7.277508] audit: type=1400 audit(1580401008.000:4): apparmor="STATUS" operation="profile_load" profile="unconfined" name="/usr/sbin/named" pid=732 comm="apparmor_parser"
[    7.279253] audit: type=1400 audit(1580401008.000:5): apparmor="STATUS" operation="profile_load" profile="unconfined" name="nvidia_modprobe" pid=729 comm="apparmor_parser"
[    7.279394] audit: type=1400 audit(1580401008.000:6): apparmor="STATUS" operation="profile_load" profile="unconfined" name="nvidia_modprobe//kmod" pid=729 comm="apparmor_parser"
[    7.280637] audit: type=1400 audit(1580401008.000:7): apparmor="STATUS" operation="profile_load" profile="unconfined" name="/usr/sbin/tcpdump" pid=731 comm="apparmor_parser"
[    7.292582] audit: type=1400 audit(1580401008.010:8): apparmor="STATUS" operation="profile_load" profile="unconfined" name="/usr/bin/man" pid=730 comm="apparmor_parser"
[    7.292706] audit: type=1400 audit(1580401008.010:9): apparmor="STATUS" operation="profile_load" profile="unconfined" name="man_filter" pid=730 comm="apparmor_parser"
[    7.292818] audit: type=1400 audit(1580401008.010:10): apparmor="STATUS" operation="profile_load" profile="unconfined" name="man_groff" pid=730 comm="apparmor_parser"
[    7.836606] random: crng init done
[    7.836661] random: 7 urandom warning(s) missed due to ratelimiting
