[    0.000017] PROMLIB: Sun IEEE Boot Prom 'OBP 4.38.12 2018/03/28 14:54'
[    0.000030] PROMLIB: Root node compatible: sun4v
[    0.000076] Linux version 5.2.0-rc1-00175-gf8bbf417e58b (mator@ttip) (gcc version 9.3.0 (Debian 9.3.0-11)) #99 SMP Tue Apr 28 16:50:36 MSK 2020
[    0.000381] printk: bootconsole [earlyprom0] enabled
[    0.000431] ARCH: SUN4V
[    0.000481] Ethernet address: 00:14:4f:fa:06:f2
[    0.000533] MM: PAGE_OFFSET is 0xfff8000000000000 (max_phys_bits == 47)
[    0.000595] MM: VMALLOC [0x0000000100000000 --> 0x0006000000000000]
[    0.000656] MM: VMEMMAP [0x0006000000000000 --> 0x000c000000000000]
[    0.012383] Kernel: Using 5 locked TLB entries for main kernel image.
[    0.012453] Remapping the kernel... 
[    0.012479] done.
[    0.045364] OF stdout device is: /virtual-devices@100/console@1
[    0.045430] PROM: Built device tree with 86230 bytes of memory.
[    0.045490] MDESC: Size is 36512 bytes.
[    0.045603] PLATFORM: banner-name [SPARC T5-2]
[    0.045654] PLATFORM: name [ORCL,SPARC-T5-2]
[    0.045699] PLATFORM: hostid [84fa06f2]
[    0.045743] PLATFORM: serial# [0035260e]
[    0.045785] PLATFORM: stick-frequency [3b9aca00]
[    0.045834] PLATFORM: mac-address [144ffa06f2]
[    0.045879] PLATFORM: watchdog-resolution [1000 ms]
[    0.045930] PLATFORM: watchdog-max-timeout [31536000000 ms]
[    0.045985] PLATFORM: max-cpus [1024]
[    0.046073] Top of RAM: 0x24af938000, Total RAM: 0x87f354000
[    0.046134] Memory hole size: 115461MB
[    0.050716] Allocated 40960 bytes for kernel page tables.
[    0.050800] Zone ranges:
[    0.050838]   Normal   [mem 0x0000000030400000-0x00000024af937fff]
[    0.050901] Movable zone start for each node
[    0.050944] Early memory node ranges
[    0.050986]   node   0: [mem 0x0000000030400000-0x000000006fe7ffff]
[    0.051044]   node   0: [mem 0x000000006ff00000-0x000000006ff25fff]
[    0.051106]   node   0: [mem 0x0000000070000000-0x000000042fffffff]
[    0.051167]   node   0: [mem 0x0000002030000000-0x00000024af87ffff]
[    0.051227]   node   0: [mem 0x00000024af900000-0x00000024af925fff]
[    0.051285]   node   0: [mem 0x00000024af930000-0x00000024af937fff]
[    0.058644] Zeroed struct page in unavailable ranges: 230130 pages
[    0.058652] Initmem setup node 0 [mem 0x0000000030400000-0x00000024af937fff]
[    0.058810] On node 0 totalpages: 4454826
[    0.058820]   Normal zone: 39154 pages used for memmap
[    0.058825]   Normal zone: 0 pages reserved
[    0.058830]   Normal zone: 4454826 pages, LIFO batch:31
[    0.066437] Booting Linux...
[    0.066518] CPU CAPS: [flush,stbar,swap,muldiv,v9,blkinit,n2,mul32]
[    0.066599] CPU CAPS: [div32,v8plus,popc,vis,vis2,ASIBlkInit,fmaf,vis3]
[    0.067677] CPU CAPS: [hpc,ima,pause,cbcond,aes,des,kasumi,camellia]
[    0.067750] CPU CAPS: [md5,sha1,sha256,sha512,mpmul,montmul,montsqr,crc32c]
[    0.097271] percpu: Embedded 27 pages/cpu s179080 r8192 d33912 u262144
[    0.097482] pcpu-alloc: s179080 r8192 d33912 u262144 alloc=1*4194304
[    0.097489] pcpu-alloc: [0] 000 001 002 003 004 005 006 007 008 009 010 011 012 013 014 015 
[    0.097515] pcpu-alloc: [0] 016 017 018 019 020 021 022 023 024 025 026 027 028 029 030 031 
[    0.097541] pcpu-alloc: [0] 032 033 034 035 036 037 038 039 040 041 042 043 044 045 046 047 
[    0.097567] pcpu-alloc: [0] 048 049 050 051 052 053 054 055 056 057 058 059 060 061 062 063 
[    0.097593] pcpu-alloc: [0] 064 065 066 067 068 069 070 071 072 073 074 075 076 077 078 079 
[    0.097618] pcpu-alloc: [0] 080 081 082 083 084 085 086 087 088 089 090 091 092 093 094 095 
[    0.097644] pcpu-alloc: [0] 096 097 098 099 100 101 102 103 104 105 106 107 108 109 110 111 
[    0.097670] pcpu-alloc: [0] 112 113 114 115 116 117 118 119 120 121 122 123 124 125 126 127 
[    0.098099] SUN4V: Mondo queue sizes [cpu(131072) dev(16384) r(8192) nr(256)]
[    0.098468] Built 1 zonelists, mobility grouping on.  Total pages: 4415672
[    0.098555] Kernel command line: BOOT_IMAGE=/vmlinux-5.2.0-rc1-00175-gf8bbf417e58b root=/dev/vdiska2 ro zswap.enabled=1
[    0.100703] printk: log_buf_len individual max cpu contribution: 4096 bytes
[    0.100773] printk: log_buf_len total cpu_extra contributions: 520192 bytes
[    0.100840] printk: log_buf_len min size: 131072 bytes
[    0.101112] printk: log_buf_len: 1048576 bytes
[    0.101163] printk: early log buf free: 126648(96%)
[    0.107476] Dentry cache hash table entries: 8388608 (order: 13, 67108864 bytes)
[    0.110706] Inode-cache hash table entries: 4194304 (order: 12, 33554432 bytes)
[    0.110776] Sorting __ex_table...
[    0.169573] Memory: 1305232K/35638608K available (7220K kernel code, 956K rwdata, 2128K rodata, 688K init, 6666K bss, 508096K reserved, 0K cma-reserved)
[    0.170269] SLUB: HWalign=32, Order=0-3, MinObjects=0, CPUs=128, Nodes=1
[    0.170566] ftrace: allocating 20935 entries in 41 pages
[    0.181354] Running RCU self tests
[    0.181400] rcu: Hierarchical RCU implementation.
[    0.181448] rcu: 	RCU event tracing is enabled.
[    0.181498] rcu: 	RCU lockdep checking is enabled.
[    0.181546] 	Tasks RCU enabled.
[    0.181584] rcu: RCU calculated value of scheduler-enlistment delay is 10 jiffies.
[    0.185710] NR_IRQS: 2048, nr_irqs: 2048, preallocated irqs: 1
[    0.185785] SUN4V: Using IRQ API major 3, cookie only virqs enabled
[    0.188195] clocksource: stick: mask: 0xffffffffffffffff max_cycles: 0x1cd42e4dffb, max_idle_ns: 881590591483 ns
[    0.188325] clocksource: mult[800000] shift[23]
[    0.188374] clockevent: mult[80000000] shift[31]
[    0.188902] Console: colour dummy device 80x25
[    0.188966] printk: console [tty0] enabled
[    0.189038] printk: bootconsole [earlyprom0] disabled
[    0.189121] Lock dependency validator: Copyright (c) 2006 Red Hat, Inc., Ingo Molnar
[    0.189168] ... MAX_LOCKDEP_SUBCLASSES:  8
[    0.189197] ... MAX_LOCK_DEPTH:          48
[    0.189226] ... MAX_LOCKDEP_KEYS:        8191
[    0.189256] ... CLASSHASH_SIZE:          4096
[    0.189285] ... MAX_LOCKDEP_ENTRIES:     16384
[    0.189315] ... MAX_LOCKDEP_CHAINS:      32768
[    0.189345] ... CHAINHASH_SIZE:          16384
[    0.189376]  memory used by lock dependency info: 3853 kB
[    0.189410]  per task-struct memory footprint: 1920 bytes
[    0.338589] Calibrating delay using timer specific routine.. 2003.71 BogoMIPS (lpj=10018572)
[    0.338643] pid_max: default: 131072 minimum: 1024
[    0.338897] LSM: Security Framework initializing
[    0.339128] AppArmor: AppArmor initialized
[    0.339397] Mount-cache hash table entries: 131072 (order: 7, 1048576 bytes)
[    0.339557] Mountpoint-cache hash table entries: 131072 (order: 7, 1048576 bytes)
[    0.340348] *** VALIDATE proc ***
[    0.340774] *** VALIDATE cgroup1 ***
[    0.340804] *** VALIDATE cgroup2 ***
[    0.342767] rcu: Hierarchical SRCU implementation.
[    0.350158] smp: Bringing up secondary CPUs ...
[    0.391399] smp: Brought up 1 node, 32 CPUs
[    0.581650] node 0 initialised, 4228160 pages in 190ms
[    0.583115] devtmpfs: initialized
[    0.587572] Performance events: 
[    0.587613] Testing NMI watchdog ... 
[    0.787685] OK.
[    0.787781] Supported PMU type is 'niagara5'
[    0.787973] random: get_random_u32 called from bucket_table_alloc.isra.0+0x188/0x1c0 with crng_init=0
[    0.788615] ldc.c:v1.1 (July 22, 2008)
[    0.790970] clocksource: jiffies: mask: 0xffffffff max_cycles: 0xffffffff, max_idle_ns: 19112604462750000 ns
[    0.791055] futex hash table entries: 32768 (order: 9, 4194304 bytes)
[    0.795987] NET: Registered protocol family 16
[    0.803546] VIO: Adding device channel-devices (tx_ino = ffffffffffffffff, rx_ino = ffffffffffffffff)
[    0.803741] VIO: Adding device vnet-port-0-0 (tx_ino = 0, rx_ino = 1)
[    0.803933] VIO: Adding device vnet-port-0-1 (tx_ino = 2, rx_ino = 3)
[    0.804092] VIO: Adding device vnet-port-0-2 (tx_ino = 4, rx_ino = 5)
[    0.804249] VIO: Adding device vnet-port-0-3 (tx_ino = 6, rx_ino = 7)
[    0.804411] VIO: Adding device vnet-port-0-4 (tx_ino = 8, rx_ino = 9)
[    0.804568] VIO: Adding device vnet-port-0-5 (tx_ino = a, rx_ino = b)
[    0.804724] VIO: Adding device vdc-port-2-0 (tx_ino = c, rx_ino = d)
[    0.804885] VIO: Adding device vdc-port-1-0 (tx_ino = e, rx_ino = f)
[    0.805041] VIO: Adding device vdc-port-0-0 (tx_ino = 10, rx_ino = 11)
[    0.805198] VIO: Adding device vdc-port-3-0 (tx_ino = 12, rx_ino = 13)
[    0.805359] VIO: Adding device vlds-port-0-0 (tx_ino = 14, rx_ino = 15)
[    0.805519] VIO: Adding device domain-services-port-0 (tx_ino = 14, rx_ino = 15)
[    0.805788] audit: initializing netlink subsys (disabled)
[    0.806031] audit: type=2000 audit(0.410:1): state=initialized audit_enabled=0 res=1
[    0.829024] HugeTLB registered 64.0 KiB page size, pre-allocated 0 pages
[    0.829071] HugeTLB registered 8.00 MiB page size, pre-allocated 0 pages
[    0.829114] HugeTLB registered 256 MiB page size, pre-allocated 0 pages
[    0.829157] HugeTLB registered 2.00 GiB page size, pre-allocated 0 pages
[    0.831336] alg: extra crypto tests enabled.  This is intended for developer use only.
[    0.849381] cryptd: max_cpu_qlen set to 1000
[    0.876981] alg: No test for lzo-rle (lzo-rle-generic)
[    0.877391] alg: No test for lzo-rle (lzo-rle-scomp)
[    0.920255] NetLabel: Initializing
[    0.920284] NetLabel:  domain hash size = 128
[    0.920316] NetLabel:  protocols = UNLABELED CIPSOv4 CALIPSO
[    0.920443] NetLabel:  unlabeled traffic allowed by default
[    0.921355] SUN4V: Reboot data supported (maj=1,min=0).
[    0.921697] ds.c:v1.0 (Jul 11, 2007)
[    0.922050] ds-0: ds_conn_reset() from send_events.isra.0
[    0.923472] clocksource: Switched to clocksource stick
[    1.112694] VFS: Disk quotas dquot_6.6.0
[    1.112823] VFS: Dquot-cache hash table entries: 1024 (order 0, 8192 bytes)
[    1.113042] *** VALIDATE hugetlbfs ***
[    1.114664] AppArmor: AppArmor Filesystem Enabled
[    1.127086] NET: Registered protocol family 2
[    1.128484] tcp_listen_portaddr_hash hash table entries: 32768 (order: 8, 2359296 bytes)
[    1.131377] TCP established hash table entries: 524288 (order: 9, 4194304 bytes)
[    1.133331] TCP bind hash table entries: 65536 (order: 9, 4194304 bytes)
[    1.138930] TCP: Hash tables configured (established 524288 bind 65536)
[    1.141318] UDP hash table entries: 32768 (order: 9, 5242880 bytes)
[    1.147602] UDP-Lite hash table entries: 32768 (order: 9, 5242880 bytes)
[    1.155490] NET: Registered protocol family 1
[    1.155550] NET: Registered protocol family 44
[    1.156040] Trying to unpack rootfs image as initramfs...
[    1.348867] Freeing initrd memory: 14688K
[    1.349642] aes_sparc64: Using sparc64 aes opcodes optimized AES implementation
[    1.609260] des_sparc64: Using sparc64 des opcodes optimized DES implementation
[    2.075680] camellia_sparc64: Using sparc64 camellia opcodes optimized CAMELLIA implementation
[    2.253972] workingset: timestamp_bits=46 max_order=23 bucket_order=0
[    2.271613] zbud: loaded
[    2.273796] SGI XFS with ACLs, security attributes, debug enabled
[    2.280798] Block layer SCSI generic (bsg) driver version 0.4 loaded (major 252)
[    2.281558] io scheduler mq-deadline registered
[    2.284185] f029b788: ttyS0 at I/O 0x0 (irq = 1, base_baud = 115200) is a SUN4V HCONS
[    2.290446] printk: console [ttyHV0] enabled
[    2.292847] sunvdc.c:v1.2 (November 24, 2014)
[    2.294443] sunvdc: Virtual Hard disk vdiskc
[    2.294480] sunvdc: vdiskc: 104857600 sectors (51200 MB) protocol 1.2
[    2.313318] sunvdc: Virtual Hard disk vdiskb
[    2.313358] sunvdc: vdiskb: 62914560 sectors (30720 MB) protocol 1.2
[    2.314007]  vdiskb: vdiskb1
[    2.331693] sunvdc: Virtual Hard disk vdiska
[    2.331731] sunvdc: vdiska: 31457280 sectors (15360 MB) protocol 1.2
[    2.332343]  vdiska: vdiska1 vdiska2 vdiska3 vdiska4
[    2.350811] sunvdc: Virtual CDROM vdiskd
[    2.350852] sunvdc: vdiskd: 453848 sectors (221 MB) protocol 1.2
[    2.351465]  vdiskd: vdiskd1 vdiskd2 vdiskd3 vdiskd4 vdiskd5 vdiskd6 vdiskd7
[    2.369398] sunvnet: sunvnet 2.0 (February 3, 2017)
[    2.371366] vnet_port vnet-port-0-0 eth0: Sun LDOM vnet 00:14:4f:f8:12:a3
[    2.371572] sunvnet: eth0: PORT ( remote-mac 00:14:4f:fa:f3:f0 switch-port )
[    2.371907] sunvnet: eth0: PORT ( remote-mac 00:14:4f:f8:e5:f3 )
[    2.372235] sunvnet: eth0: PORT ( remote-mac 00:14:4f:f9:b4:97 )
[    2.372565] sunvnet: eth0: PORT ( remote-mac 00:14:4f:f8:3f:1e )
[    2.372889] sunvnet: eth0: PORT ( remote-mac 00:14:4f:f8:fe:47 )
[    2.373213] sunvnet: eth0: PORT ( remote-mac 00:14:4f:f9:8b:83 )
[    2.374413] rtc-sun4v rtc-sun4v: registered as rtc0
[    2.374932] sun4v_wdt: initialized (timeout=60s, nowayout=0)
[    2.375177] device-mapper: uevent: version 1.0.3
[    2.375868] device-mapper: ioctl: 4.40.0-ioctl (2019-01-18) initialised: dm-devel@redhat.com
[    2.376720] NET: Registered protocol family 17
[    2.377791] registered taskstats version 1
[    2.378553] zswap: loaded using pool lzo/zbud
[    2.548938] Key type big_key registered
[    2.549001] AppArmor: AppArmor sha1 policy hashing enabled
[    2.549750] rtc-sun4v rtc-sun4v: setting system clock to 2020-04-28T13:52:53 UTC (1588081973)
[    2.553646] This architecture does not have kernel memory protection.
[    2.553692] Run /init as init process
[    3.039061] crc32c_sparc64: Using sparc64 crc32c opcode optimized CRC32C implementation
[    3.563449] raid6: int64x8  gen()  2175 MB/s
[    3.733450] raid6: int64x8  xor()  1573 MB/s
[    3.903447] raid6: int64x4  gen()  3479 MB/s
[    4.073443] raid6: int64x4  xor()  2013 MB/s
[    4.243450] raid6: int64x2  gen()  2872 MB/s
[    4.413427] raid6: int64x2  xor()  2002 MB/s
[    4.583484] raid6: int64x1  gen()  2800 MB/s
[    4.753438] raid6: int64x1  xor()  1656 MB/s
[    4.753487] raid6: using algorithm int64x4 gen() 3479 MB/s
[    4.753526] raid6: .... xor() 2013 MB/s, rmw enabled
[    4.753562] raid6: using intx1 recovery algorithm
[    4.754397] async_tx: api initialized (async)
[    4.754879] xor: automatically using best checksumming function   Niagara   
[    4.828658] random: fast init done
[    5.009557] EXT4-fs (vdiska2): mounted filesystem with ordered data mode. Opts: (null)
[    5.221760] systemd[1]: Inserted module 'autofs4'
[    5.230648] NET: Registered protocol family 10
[    5.235447] Segment Routing with IPv6
[    5.253316] systemd[1]: systemd 245.5-2 running in system mode. (+PAM +AUDIT +SELINUX +IMA +APPARMOR +SMACK +SYSVINIT +UTMP +LIBCRYPTSETUP +GCRYPT +GNUTLS +ACL +XZ +LZ4 -SECCOMP +BLKID +ELFUTILS +KMOD +IDN2 -IDN +PCRE2 default-hierarchy=hybrid)
[    5.253989] systemd[1]: Detected architecture sparc64.
[    5.260961] systemd[1]: Set hostname to <ttip>.
[    5.356334] random: lvmconfig: uninitialized urandom read (4 bytes read)
[    5.611279] systemd[1]: /lib/systemd/system/dbus.socket:5: ListenStream= references a path below legacy directory /var/run/, updating /var/run/dbus/system_bus_socket â†’ /run/dbus/system_bus_socket; please update the unit file accordingly.
[    5.675746] random: systemd: uninitialized urandom read (16 bytes read)
[    5.682655] systemd[1]: Created slice system-getty.slice.
[    5.683350] random: systemd: uninitialized urandom read (16 bytes read)
[    5.685873] systemd[1]: Created slice system-modprobe.slice.
[    5.689207] systemd[1]: Created slice system-openvpn\x2dclient.slice.
[    5.694364] systemd[1]: Created slice system-postfix.slice.
[    5.697699] systemd[1]: Created slice system-systemd\x2dfsck.slice.
[    5.700986] systemd[1]: Created slice User and Session Slice.
[    5.701886] systemd[1]: Started Dispatch Password Requests to Console Directory Watch.
[    5.702694] systemd[1]: Started Forward Password Requests to Wall Directory Watch.
[    5.704857] systemd[1]: Set up automount Arbitrary Executable File Formats File System Automount Point.
[    5.705411] systemd[1]: Reached target Local Encrypted Volumes.
[    5.705901] systemd[1]: Reached target Paths.
[    5.706338] systemd[1]: Reached target Remote File Systems.
[    5.706777] systemd[1]: Reached target Slices.
[    5.707661] systemd[1]: Listening on Device-mapper event daemon FIFOs.
[    5.708745] systemd[1]: Listening on LVM2 poll daemon socket.
[    5.710902] systemd[1]: Listening on Syslog Socket.
[    5.711870] systemd[1]: Listening on fsck to fsckd communication Socket.
[    5.712630] systemd[1]: Listening on initctl Compatibility Named Pipe.
[    5.713923] systemd[1]: Listening on Journal Audit Socket.
[    5.714894] systemd[1]: Listening on Journal Socket (/dev/log).
[    5.716045] systemd[1]: Listening on Journal Socket.
[    5.717106] systemd[1]: Listening on udev Control Socket.
[    5.717917] systemd[1]: Listening on udev Kernel Socket.
[    5.726311] systemd[1]: Mounting Huge Pages File System...
[    5.736714] systemd[1]: Mounting POSIX Message Queue File System...
[    5.744976] systemd[1]: Mounting Kernel Debug File System...
[    5.755035] systemd[1]: Mounting Kernel Trace File System...
[    5.762738] systemd[1]: Starting Availability of block devices...
[    5.770677] systemd[1]: Starting Wait for network to be configured by ifupdown...
[    5.779428] systemd[1]: Starting Create list of static device nodes for the current kernel...
[    5.787227] systemd[1]: Starting Monitoring of LVM2 mirrors, snapshots etc. using dmeventd or progress polling...
[    5.795234] systemd[1]: Starting Load Kernel Module drm...
[    5.802981] systemd[1]: Starting nftables...
[    5.805024] systemd[1]: Condition check resulted in Set Up Additional Binary Formats being skipped.
[    5.805227] systemd[1]: Condition check resulted in File System Check on Root Device being skipped.
[    5.816170] systemd[1]: Starting Journal Service...
[    5.826774] systemd[1]: Starting Load Kernel Modules...
[    5.836432] systemd[1]: Starting Remount Root and Kernel File Systems...
[    5.847693] systemd[1]: Starting udev Coldplug all Devices...
[    5.857961] systemd[1]: Mounted Huge Pages File System.
[    5.859767] systemd[1]: Mounted POSIX Message Queue File System.
[    5.861413] systemd[1]: Mounted Kernel Debug File System.
[    5.863008] systemd[1]: Mounted Kernel Trace File System.
[    5.870547] systemd[1]: Finished Availability of block devices.
[    5.878148] systemd[1]: Finished Wait for network to be configured by ifupdown.
[    5.887905] systemd[1]: Finished Create list of static device nodes for the current kernel.
[    5.889469] EXT4-fs (vdiska2): re-mounted. Opts: errors=remount-ro
[    5.902947] systemd[1]: modprobe@drm.service: Succeeded.
[    5.908448] systemd[1]: Finished Load Kernel Module drm.
[    5.909572] systemd[1]: Started Journal Service.
[    6.006631] systemd-journald[546]: Received client request to flush runtime journal.
[    6.420334] sha1_sparc64: Using sparc64 sha1 opcode optimized SHA-1 implementation
[    6.422235] n2rng v0.3 (Jan 7, 2017)
[    6.422347] n2rng f029b104: Registered RNG HVAPI major 2 minor 0
[    6.422446] n2rng f029b104: Found multi-unit-capable RNG, units: 2
[    6.423696] n2rng f029b104: RNG ready
[    6.477320] ------------[ cut here ]------------
[    6.477457] WARNING: CPU: 31 PID: 624 at drivers/block/pktcdvd.c:2597 pkt_setup_dev+0x2e4/0x5a0 [pktcdvd]
[    6.477582] Attempt to register a non-SCSI queue
[    6.477650] Modules linked in: pktcdvd cdrom n2_rng flash sha1_sparc64(+) rng_core nf_tables nfnetlink ip_tables x_tables ipv6 crc_ccitt autofs4 ext4 crc16 mbcache jbd2 raid10 raid456 async_raid6_recov async_memcpy async_pq async_xor xor async_tx raid6_pq raid1 raid0 multipath linear md_mod crc32c_sparc64
[    6.478035] CPU: 31 PID: 624 Comm: pktsetup Not tainted 5.2.0-rc1-00175-gf8bbf417e58b #99
[    6.478130] Call Trace:
[    6.478178]  [0000000000468480] __warn+0xc0/0x100
[    6.478244]  [00000000004684f4] warn_slowpath_fmt+0x34/0x60
[    6.478318]  [00000000102f5264] pkt_setup_dev+0x2e4/0x5a0 [pktcdvd]
[    6.478402]  [00000000102f6d14] pkt_ctl_ioctl+0x94/0x240 [pktcdvd]
[    6.478484]  [00000000006aca10] do_vfs_ioctl+0x630/0x6e0
[    6.478554]  [00000000006acb08] ksys_ioctl+0x48/0x80
[    6.478616]  [00000000006acb54] sys_ioctl+0x14/0x40
[    6.478684]  [0000000000406294] linux_sparc_syscall+0x34/0x44
[    6.478750] irq event stamp: 3321
[    6.478802] hardirqs last  enabled at (3329): [<00000000004e0f24>] console_unlock+0x644/0x6e0
[    6.478894] hardirqs last disabled at (3336): [<00000000004e09e4>] console_unlock+0x104/0x6e0
[    6.478989] softirqs last  enabled at (0): [<0000000000465d94>] copy_process.isra.0+0x4f4/0x1720
[    6.479079] softirqs last disabled at (0): [<0000000000000000>] 0x0
[    6.479144] ---[ end trace adfc2bb0c85083a2 ]---
[    6.480216] pktcdvd: setup of pktcdvd device failed
[    6.521949] Adding 787176k swap on /dev/vdiska4.  Priority:-2 extents:1 across:787176k FS
[    6.532981] pktcdvd: setup of pktcdvd device failed
[    6.537334] pktcdvd: setup of pktcdvd device failed
[    6.541350] pktcdvd: setup of pktcdvd device failed
[    6.545756] pktcdvd: setup of pktcdvd device failed
[    6.550389] pktcdvd: setup of pktcdvd device failed
[    6.555004] pktcdvd: setup of pktcdvd device failed
[    6.559320] pktcdvd: setup of pktcdvd device failed
[    6.637116] EXT4-fs (vdiska1): mounting ext3 file system using the ext4 subsystem
[    6.649925] EXT4-fs (vdiska1): mounted filesystem with ordered data mode. Opts: (null)
[    6.678935] sha256_sparc64: Using sparc64 sha256 opcode optimized SHA-256/SHA-224 implementation
[    6.800997] XFS (dm-0): Mounting V5 Filesystem
[    6.815470] sha512_sparc64: Using sparc64 sha512 opcode optimized SHA-512/SHA-384 implementation
[    6.816992] md5_sparc64: Using sparc64 md5 opcode optimized MD5 implementation
[    6.819818] XFS (dm-0): Ending clean mount
[    6.941790] Kernel unaligned access at TPC[84e298] aa_dfa_unpack+0x38/0x5c0
[    6.941929] Kernel unaligned access at TPC[84e2b8] aa_dfa_unpack+0x58/0x5c0
[    6.941984] Kernel unaligned access at TPC[84e380] aa_dfa_unpack+0x120/0x5c0
[    6.942050] Kernel unaligned access at TPC[84e460] aa_dfa_unpack+0x200/0x5c0
[    6.942131] Kernel unaligned access at TPC[84e474] aa_dfa_unpack+0x214/0x5c0
[    6.943514] audit: type=1400 audit(1588081977.880:2): apparmor="STATUS" operation="profile_load" profile="unconfined" name="/usr/sbin/haveged" pid=714 comm="apparmor_parser"
[    6.945187] audit: type=1400 audit(1588081977.890:3): apparmor="STATUS" operation="profile_load" profile="unconfined" name="lsb_release" pid=719 comm="apparmor_parser"
[    6.947650] audit: type=1400 audit(1588081977.890:4): apparmor="STATUS" operation="profile_load" profile="unconfined" name="/usr/sbin/named" pid=718 comm="apparmor_parser"
[    6.948530] audit: type=1400 audit(1588081977.890:5): apparmor="STATUS" operation="profile_load" profile="unconfined" name="/usr/sbin/tcpdump" pid=717 comm="apparmor_parser"
[    6.950456] audit: type=1400 audit(1588081977.890:6): apparmor="STATUS" operation="profile_load" profile="unconfined" name="nvidia_modprobe" pid=715 comm="apparmor_parser"
[    6.950586] audit: type=1400 audit(1588081977.890:7): apparmor="STATUS" operation="profile_load" profile="unconfined" name="nvidia_modprobe//kmod" pid=715 comm="apparmor_parser"
[    6.965717] audit: type=1400 audit(1588081977.910:8): apparmor="STATUS" operation="profile_load" profile="unconfined" name="/usr/bin/man" pid=716 comm="apparmor_parser"
[    6.965874] audit: type=1400 audit(1588081977.910:9): apparmor="STATUS" operation="profile_load" profile="unconfined" name="man_filter" pid=716 comm="apparmor_parser"
[    6.966032] audit: type=1400 audit(1588081977.910:10): apparmor="STATUS" operation="profile_load" profile="unconfined" name="man_groff" pid=716 comm="apparmor_parser"
[    7.415138] random: crng init done
[    7.415202] random: 7 urandom warning(s) missed due to ratelimiting
