[    0.000021] PROMLIB: Sun IEEE Boot Prom 'OBP 4.38.12 2018/03/28 14:54'
[    0.000032] PROMLIB: Root node compatible: sun4v
[    0.000083] Linux version 5.9.0-rc7-00006-gfb0155a09b02 (mator@ttip) (gcc (Debian 10.2.0-11) 10.2.0, GNU ld (GNU Binutils for Debian) 2.35.1) #72 SMP Tue Sep 29 12:23:40 MSK 2020
[    0.000420] printk: bootconsole [earlyprom0] enabled
[    0.000471] ARCH: SUN4V
[    0.000521] Ethernet address: 00:14:4f:fa:06:f2
[    0.000574] MM: PAGE_OFFSET is 0xfff8000000000000 (max_phys_bits == 47)
[    0.000637] MM: VMALLOC [0x0000000100000000 --> 0x0006000000000000]
[    0.000698] MM: VMEMMAP [0x0006000000000000 --> 0x000c000000000000]
[    0.012431] Kernel: Using 5 locked TLB entries for main kernel image.
[    0.012504] Remapping the kernel... 
[    0.012527] done.
[    0.045751] OF stdout device is: /virtual-devices@100/console@1
[    0.045833] PROM: Built device tree with 86758 bytes of memory.
[    0.045899] MDESC: Size is 36512 bytes.
[    0.046025] PLATFORM: banner-name [SPARC T5-2]
[    0.046076] PLATFORM: name [ORCL,SPARC-T5-2]
[    0.046122] PLATFORM: hostid [84fa06f2]
[    0.046164] PLATFORM: serial# [0035260e]
[    0.046207] PLATFORM: stick-frequency [3b9aca00]
[    0.046255] PLATFORM: mac-address [144ffa06f2]
[    0.046301] PLATFORM: watchdog-resolution [1000 ms]
[    0.046352] PLATFORM: watchdog-max-timeout [31536000000 ms]
[    0.046408] PLATFORM: max-cpus [1024]
[    0.051177] Allocated 40960 bytes for kernel page tables.
[    0.051272] Zone ranges:
[    0.051312]   Normal   [mem 0x0000000030400000-0x00000024af937fff]
[    0.051377] Movable zone start for each node
[    0.051422] Early memory node ranges
[    0.051463]   node   0: [mem 0x0000000030400000-0x000000006fe7ffff]
[    0.051526]   node   0: [mem 0x000000006ff00000-0x000000006ff25fff]
[    0.051587]   node   0: [mem 0x0000000070000000-0x000000042fffffff]
[    0.051650]   node   0: [mem 0x0000002030000000-0x00000024af87ffff]
[    0.051715]   node   0: [mem 0x00000024af900000-0x00000024af925fff]
[    0.051775]   node   0: [mem 0x00000024af930000-0x00000024af937fff]
[    0.065259] Zeroed struct page in unavailable ranges: 263766 pages
[    0.065268] Initmem setup node 0 [mem 0x0000000030400000-0x00000024af937fff]
[    0.065425] On node 0 totalpages: 4454826
[    0.065434]   Normal zone: 39154 pages used for memmap
[    0.065439]   Normal zone: 0 pages reserved
[    0.065445]   Normal zone: 4454826 pages, LIFO batch:31
[    0.224240] Booting Linux...
[    0.224325] CPU CAPS: [flush,stbar,swap,muldiv,v9,blkinit,n2,mul32]
[    0.224409] CPU CAPS: [div32,v8plus,popc,vis,vis2,ASIBlkInit,fmaf,vis3]
[    0.224486] CPU CAPS: [hpc,ima,pause,cbcond,aes,des,kasumi,camellia]
[    0.224557] CPU CAPS: [md5,sha1,sha256,sha512,mpmul,montmul,montsqr,crc32c]
[    0.254386] percpu: Embedded 28 pages/cpu s184784 r8192 d36400 u262144
[    0.254635] pcpu-alloc: s184784 r8192 d36400 u262144 alloc=1*4194304
[    0.254642] pcpu-alloc: [0] 000 001 002 003 004 005 006 007 008 009 010 011 012 013 014 015 
[    0.254668] pcpu-alloc: [0] 016 017 018 019 020 021 022 023 024 025 026 027 028 029 030 031 
[    0.254694] pcpu-alloc: [0] 032 033 034 035 036 037 038 039 040 041 042 043 044 045 046 047 
[    0.254720] pcpu-alloc: [0] 048 049 050 051 052 053 054 055 056 057 058 059 060 061 062 063 
[    0.254746] pcpu-alloc: [0] 064 065 066 067 068 069 070 071 072 073 074 075 076 077 078 079 
[    0.254771] pcpu-alloc: [0] 080 081 082 083 084 085 086 087 088 089 090 091 092 093 094 095 
[    0.254797] pcpu-alloc: [0] 096 097 098 099 100 101 102 103 104 105 106 107 108 109 110 111 
[    0.254823] pcpu-alloc: [0] 112 113 114 115 116 117 118 119 120 121 122 123 124 125 126 127 
[    0.255270] SUN4V: Mondo queue sizes [cpu(131072) dev(16384) r(8192) nr(256)]
[    0.255639] Built 1 zonelists, mobility grouping on.  Total pages: 4415672
[    0.255708] Policy zone: Normal
[    0.255767] Kernel command line: BOOT_IMAGE=/vmlinux-5.9.0-rc7-00006-gfb0155a09b02 root=/dev/vdiska2 ro zswap.enabled=1
[    0.258411] printk: log_buf_len individual max cpu contribution: 4096 bytes
[    0.258497] printk: log_buf_len total cpu_extra contributions: 520192 bytes
[    0.258565] printk: log_buf_len min size: 131072 bytes
[    0.258840] printk: log_buf_len: 1048576 bytes
[    0.258891] printk: early log buf free: 126688(96%)
[    0.265222] Dentry cache hash table entries: 8388608 (order: 13, 67108864 bytes, linear)
[    0.268486] Inode-cache hash table entries: 4194304 (order: 12, 33554432 bytes, linear)
[    0.268577] Sorting __ex_table...
[    0.268811] mem auto-init: stack:off, heap alloc:off, heap free:off
[    0.375273] Memory: 35127712K/35638608K available (8327K kernel code, 1102K rwdata, 2480K rodata, 680K init, 6856K bss, 510896K reserved, 0K cma-reserved)
[    0.375948] SLUB: HWalign=32, Order=0-3, MinObjects=0, CPUs=128, Nodes=32
[    0.376225] ftrace: allocating 23115 entries in 46 pages
[    0.385324] ftrace: allocated 46 pages with 4 groups
[    0.388249] Running RCU self tests
[    0.388647] rcu: Hierarchical RCU implementation.
[    0.388701] rcu: 	RCU event tracing is enabled.
[    0.388751] rcu: 	RCU lockdep checking is enabled.
[    0.388802] 	Trampoline variant of Tasks RCU enabled.
[    0.388854] 	Rude variant of Tasks RCU enabled.
[    0.388902] 	Tracing variant of Tasks RCU enabled.
[    0.388951] rcu: RCU calculated value of scheduler-enlistment delay is 10 jiffies.
[    0.393602] NR_IRQS: 2048, nr_irqs: 2048, preallocated irqs: 1
[    0.393715] SUN4V: Using IRQ API major 3, cookie only virqs enabled
[    0.396209] clocksource: stick: mask: 0xffffffffffffffff max_cycles: 0x1cd42e4dffb, max_idle_ns: 881590591483 ns
[    0.396343] clocksource: mult[800000] shift[23]
[    0.396391] clockevent: mult[80000000] shift[31]
[    0.396793] Console: colour dummy device 80x25
[    0.396858] printk: console [tty0] enabled
[    0.396938] printk: bootconsole [earlyprom0] disabled
[    0.397027] Lock dependency validator: Copyright (c) 2006 Red Hat, Inc., Ingo Molnar
[    0.397081] ... MAX_LOCKDEP_SUBCLASSES:  8
[    0.397114] ... MAX_LOCK_DEPTH:          48
[    0.397147] ... MAX_LOCKDEP_KEYS:        8192
[    0.397181] ... CLASSHASH_SIZE:          4096
[    0.397215] ... MAX_LOCKDEP_ENTRIES:     16384
[    0.397250] ... MAX_LOCKDEP_CHAINS:      32768
[    0.397284] ... CHAINHASH_SIZE:          16384
[    0.397319]  memory used by lock dependency info: 3919 kB
[    0.397358]  memory used for stack traces: 2112 kB
[    0.397395]  per task-struct memory footprint: 1920 bytes
[    0.546948] Calibrating delay using timer specific routine.. 2012.83 BogoMIPS (lpj=10064179)
[    0.547024] pid_max: default: 131072 minimum: 1024
[    0.547314] LSM: Security Framework initializing
[    0.547489] AppArmor: AppArmor initialized
[    0.547771] Mount-cache hash table entries: 131072 (order: 7, 1048576 bytes, linear)
[    0.547941] Mountpoint-cache hash table entries: 131072 (order: 7, 1048576 bytes, linear)
[    0.553610] rcu: Hierarchical SRCU implementation.
[    0.564499] smp: Bringing up secondary CPUs ...
[    0.565749] ------------[ cut here ]------------
[    0.565777] WARNING: CPU: 0 PID: 1 at kernel/locking/lockdep.c:4890 check_flags+0x9c/0x2c0
[    0.565804] DEBUG_LOCKS_WARN_ON(lockdep_hardirqs_enabled())
[    0.565806] Modules linked in:
[    0.565840] CPU: 0 PID: 1 Comm: swapper/0 Not tainted 5.9.0-rc7-00006-gfb0155a09b02 #72
[    0.565866] Call Trace:
[    0.565882] [<00000000004727a8>] __warn+0xa8/0x120
[    0.565901] [<0000000000472c10>] warn_slowpath_fmt+0x64/0x74
[    0.565921] [<00000000004e881c>] check_flags+0x9c/0x2c0
[    0.565942] [<0000000000c192a0>] lock_is_held_type+0x20/0x140
[    0.565965] [<0000000000509894>] rcu_read_lock_sched_held+0x54/0xa0
[    0.565986] [<00000000004ed740>] lock_acquire+0x120/0x4a0
[    0.566007] [<0000000000c22c10>] _raw_spin_lock+0x30/0x60
[    0.566030] [<00000000009bb11c>] p1275_cmd_direct+0x1c/0x60
[    0.566049] [<00000000009baff0>] prom_startcpu_cpuid+0x30/0x40
[    0.566071] [<00000000004427e4>] __cpu_up+0x184/0x3a0
[    0.566089] [<0000000000474600>] bringup_cpu+0x20/0x120
[    0.566108] [<000000000047378c>] cpuhp_invoke_callback+0xec/0x340
[    0.566129] [<0000000000475494>] cpu_up+0x154/0x220
[    0.566147] [<0000000000475d20>] bringup_nonboot_cpus+0x60/0xa0
[    0.566171] [<0000000000fbc338>] smp_init+0x28/0xa0
[    0.566192] [<0000000000fad3b4>] kernel_init_freeable+0x18c/0x300
[    0.566212] irq event stamp: 5135
[    0.566226] hardirqs last  enabled at (5135): [<0000000000c23028>] _raw_spin_unlock_irqrestore+0x28/0x60
[    0.566256] hardirqs last disabled at (5134): [<0000000000c22de0>] _raw_spin_lock_irqsave+0x20/0x80
[    0.566286] softirqs last  enabled at (1544): [<0000000000c25ba0>] __do_softirq+0x4e0/0x560
[    0.566316] softirqs last disabled at (1537): [<000000000042d394>] do_softirq_own_stack+0x34/0x60
[    0.566346] random: get_random_bytes called from __warn+0xc8/0x120 with crng_init=0
[    0.566352] ---[ end trace 468d901423f6dfa2 ]---
[    0.566389] possible reason: unannotated irqs-off.
[    0.566406] irq event stamp: 5135
[    0.566421] hardirqs last  enabled at (5135): [<0000000000c23028>] _raw_spin_unlock_irqrestore+0x28/0x60
[    0.566450] hardirqs last disabled at (5134): [<0000000000c22de0>] _raw_spin_lock_irqsave+0x20/0x80
[    0.566479] softirqs last  enabled at (1544): [<0000000000c25ba0>] __do_softirq+0x4e0/0x560
[    0.566506] softirqs last disabled at (1537): [<000000000042d394>] do_softirq_own_stack+0x34/0x60
[    0.588355] smp: Brought up 1 node, 32 CPUs
[    0.591323] devtmpfs: initialized
[    0.593429] Performance events: 
[    0.593465] Testing NMI watchdog ... 
[    0.793532] OK.
[    0.793595] Supported PMU type is 'niagara5'
[    0.794126] ldc.c:v1.1 (July 22, 2008)
[    0.795476] clocksource: jiffies: mask: 0xffffffff max_cycles: 0xffffffff, max_idle_ns: 19112604462750000 ns
[    0.795526] futex hash table entries: 32768 (order: 9, 4194304 bytes, linear)
[    0.798259] NET: Registered protocol family 16
[    0.803191] VIO: Adding device channel-devices (tx_ino = ffffffffffffffff, rx_ino = ffffffffffffffff)
[    0.803295] VIO: Adding device vnet-port-0-0 (tx_ino = 0, rx_ino = 1)
[    0.803379] VIO: Adding device vnet-port-0-1 (tx_ino = 2, rx_ino = 3)
[    0.803463] VIO: Adding device vnet-port-0-2 (tx_ino = 4, rx_ino = 5)
[    0.803550] VIO: Adding device vnet-port-0-3 (tx_ino = 6, rx_ino = 7)
[    0.803665] VIO: Adding device vnet-port-0-4 (tx_ino = 8, rx_ino = 9)
[    0.803750] VIO: Adding device vnet-port-0-5 (tx_ino = a, rx_ino = b)
[    0.803838] VIO: Adding device vdc-port-2-0 (tx_ino = c, rx_ino = d)
[    0.803921] VIO: Adding device vdc-port-1-0 (tx_ino = e, rx_ino = f)
[    0.804005] VIO: Adding device vdc-port-0-0 (tx_ino = 10, rx_ino = 11)
[    0.804093] VIO: Adding device vdc-port-3-0 (tx_ino = 12, rx_ino = 13)
[    0.804177] VIO: Adding device vlds-port-0-0 (tx_ino = 14, rx_ino = 15)
[    0.804263] VIO: Adding device domain-services-port-0 (tx_ino = 14, rx_ino = 15)
[    0.804404] audit: initializing netlink subsys (disabled)
[    0.804595] audit: type=2000 audit(0.400:1): state=initialized audit_enabled=0 res=1
[    0.819882] HugeTLB registered 64.0 KiB page size, pre-allocated 0 pages
[    0.819909] HugeTLB registered 8.00 MiB page size, pre-allocated 0 pages
[    0.819933] HugeTLB registered 256 MiB page size, pre-allocated 0 pages
[    0.819955] HugeTLB registered 2.00 GiB page size, pre-allocated 0 pages
[    0.821025] alg: extra crypto tests enabled.  This is intended for developer use only.
[    0.841584] cryptd: max_cpu_qlen set to 1000
[    0.910353] vgaarb: loaded
[    0.911023] NetLabel: Initializing
[    0.911039] NetLabel:  domain hash size = 128
[    0.911056] NetLabel:  protocols = UNLABELED CIPSOv4 CALIPSO
[    0.911116] NetLabel:  unlabeled traffic allowed by default
[    0.911761] SUN4V: Reboot data supported (maj=1,min=0).
[    0.911961] ds.c:v1.0 (Jul 11, 2007)
[    0.912163] ds-0: ds_conn_reset() from send_events
[    0.912358] clocksource: Switched to clocksource stick
[    1.024352] VFS: Disk quotas dquot_6.6.0
[    1.024449] VFS: Dquot-cache hash table entries: 1024 (order 0, 8192 bytes)
[    1.025488] AppArmor: AppArmor Filesystem Enabled
[    1.032202] NET: Registered protocol family 2
[    1.033081] tcp_listen_portaddr_hash hash table entries: 32768 (order: 8, 2621440 bytes, linear)
[    1.034314] TCP established hash table entries: 524288 (order: 9, 4194304 bytes, linear)
[    1.036485] TCP bind hash table entries: 65536 (order: 9, 4718592 bytes, linear)
[    1.038686] TCP: Hash tables configured (established 524288 bind 65536)
[    1.039935] UDP hash table entries: 32768 (order: 9, 5242880 bytes, linear)
[    1.042710] UDP-Lite hash table entries: 32768 (order: 9, 5242880 bytes, linear)
[    1.046732] NET: Registered protocol family 1
[    1.046771] NET: Registered protocol family 44
[    1.046808] PCI: CLS 0 bytes, default 64
[    1.047015] Trying to unpack rootfs image as initramfs...
[    1.194774] Freeing initrd memory: 14664K
[    1.195334] aes_sparc64: Using sparc64 aes opcodes optimized AES implementation
[    1.437603] des_sparc64: Using sparc64 des opcodes optimized DES implementation
[    1.875985] camellia_sparc64: Using sparc64 camellia opcodes optimized CAMELLIA implementation
[    2.027658] workingset: timestamp_bits=41 max_order=23 bucket_order=0
[    2.036283] zbud: loaded
[    2.038863] SGI XFS with ACLs, security attributes, quota, fatal assert, debug enabled
[    2.065186] Block layer SCSI generic (bsg) driver version 0.4 loaded (major 252)
[    2.065841] io scheduler mq-deadline registered
[    2.067780] f029b788: ttyHV0 at I/O 0x0 (irq = 1, base_baud = 115200) is a SUN4V HCONS
[    2.068380] printk: console [ttyHV0] enabled
[    2.070671] sunvdc.c:v1.2 (November 24, 2014)
[    2.073884] sunvdc: Virtual Hard disk vdiskc
[    2.073908] sunvdc: vdiskc: 104857600 sectors (51200 MB) protocol 1.2
[    2.087114] sunvdc: Virtual Hard disk vdiskb
[    2.087148] sunvdc: vdiskb: 62914560 sectors (30720 MB) protocol 1.2
[    2.088403]  vdiskb: vdiskb1
[    2.100742] sunvdc: Virtual Hard disk vdiska
[    2.100777] sunvdc: vdiska: 31457280 sectors (15360 MB) protocol 1.2
[    2.102078]  vdiska: vdiska1 vdiska2 vdiska3 vdiska4
[    2.115112] sunvdc: Virtual CDROM vdiskd
[    2.115149] sunvdc: vdiskd: 453848 sectors (221 MB) protocol 1.2
[    2.116411]  vdiskd: vdiskd1 vdiskd2 vdiskd3 vdiskd4 vdiskd5 vdiskd6 vdiskd7
[    2.126776] sunvnet: sunvnet 2.0 (February 3, 2017)
[    2.128068] vnet_port vnet-port-0-0 eth0: Sun LDOM vnet 00:14:4f:f8:12:a3
[    2.128191] sunvnet: eth0: PORT ( remote-mac 00:14:4f:fa:f3:f0 switch-port )
[    2.128664] sunvnet: eth0: PORT ( remote-mac 00:14:4f:f8:e5:f3 )
[    2.129129] sunvnet: eth0: PORT ( remote-mac 00:14:4f:f9:b4:97 )
[    2.129597] sunvnet: eth0: PORT ( remote-mac 00:14:4f:f8:3f:1e )
[    2.130057] sunvnet: eth0: PORT ( remote-mac 00:14:4f:f8:fe:47 )
[    2.130508] sunvnet: eth0: PORT ( remote-mac 00:14:4f:fb:b5:00 )
[    2.131481] rtc-sun4v rtc-sun4v: registered as rtc0
[    2.131562] rtc-sun4v rtc-sun4v: setting system clock to 2020-09-29T09:25:46 UTC (1601371546)
[    2.131812] sun4v_wdt: initialized (timeout=60s, nowayout=0)
[    2.132056] device-mapper: uevent: version 1.0.3
[    2.132672] device-mapper: ioctl: 4.42.0-ioctl (2020-02-27) initialised: dm-devel@redhat.com
[    2.133338] NET: Registered protocol family 17
[    2.133554] registered taskstats version 1
[    2.134153] zswap: loaded using pool lzo/zbud
[    2.134986] AppArmor: AppArmor sha1 policy hashing enabled
[    2.137634] This architecture does not have kernel memory protection.
[    2.137668] Run /init as init process
[    2.137686]   with arguments:
[    2.137701]     /init
[    2.137714]   with environment:
[    2.137730]     HOME=/
[    2.137743]     TERM=linux
[    2.137757]     BOOT_IMAGE=/vmlinux-5.9.0-rc7-00006-gfb0155a09b02
[    2.427602] random: lvm: uninitialized urandom read (4 bytes read)
[    2.437383] crc32c_sparc64: Using sparc64 crc32c opcode optimized CRC32C implementation
[    2.464477] random: lvm: uninitialized urandom read (2 bytes read)
[    3.032387] raid6: int64x8  gen()  2105 MB/s
[    3.202341] raid6: int64x8  xor()  1519 MB/s
[    3.372340] raid6: int64x4  gen()  3390 MB/s
[    3.542346] raid6: int64x4  xor()  1458 MB/s
[    3.712350] raid6: int64x2  gen()  2910 MB/s
[    3.882342] raid6: int64x2  xor()  1042 MB/s
[    4.052355] raid6: int64x1  gen()  1426 MB/s
[    4.222359] raid6: int64x1  xor()   711 MB/s
[    4.222394] raid6: using algorithm int64x4 gen() 3390 MB/s
[    4.222417] raid6: .... xor() 1458 MB/s, rmw enabled
[    4.222438] raid6: using intx1 recovery algorithm
[    4.223017] async_tx: api initialized (async)
[    4.223325] xor: automatically using best checksumming function   Niagara   
[    4.314717] random: fast init done
[    4.462571] EXT4-fs (vdiska2): mounted filesystem with ordered data mode. Opts: (null)
[    5.716846] systemd[1]: Inserted module 'autofs4'
[    5.730834] NET: Registered protocol family 10
[    5.735288] Segment Routing with IPv6
[    5.763086] systemd[1]: systemd 246.6-1 running in system mode. (+PAM +AUDIT +SELINUX +IMA +APPARMOR +SMACK +SYSVINIT +UTMP +LIBCRYPTSETUP +GCRYPT +GNUTLS +ACL +XZ +LZ4 +ZSTD -SECCOMP +BLKID +ELFUTILS +KMOD +IDN2 -IDN +PCRE2 default-hierarchy=hybrid)
[    5.763634] systemd[1]: Detected architecture sparc64.
[    5.818199] systemd[1]: Set hostname to <ttip>.
[    7.274330] random: lvmconfig: uninitialized urandom read (4 bytes read)
[    8.154291] systemd[1]: Queued start job for default target Multi-User System.
[    8.155079] random: systemd: uninitialized urandom read (16 bytes read)
[    8.181121] systemd[1]: Created slice system-getty.slice.
[    8.181662] random: systemd: uninitialized urandom read (16 bytes read)
[    8.190423] systemd[1]: Created slice system-modprobe.slice.
[    8.199154] systemd[1]: Created slice system-openvpn\x2dclient.slice.
[    8.221819] systemd[1]: Created slice system-postfix.slice.
[    8.230548] systemd[1]: Created slice system-systemd\x2dfsck.slice.
[    8.239374] systemd[1]: Created slice User and Session Slice.
[    8.239940] systemd[1]: Started Dispatch Password Requests to Console Directory Watch.
[    8.240435] systemd[1]: Started Forward Password Requests to Wall Directory Watch.
[    8.242049] systemd[1]: Set up automount Arbitrary Executable File Formats File System Automount Point.
[    8.242528] systemd[1]: Reached target Local Encrypted Volumes.
[    8.242875] systemd[1]: Reached target Paths.
[    8.243179] systemd[1]: Reached target Slices.
[    8.243764] systemd[1]: Listening on Device-mapper event daemon FIFOs.
[    8.244418] systemd[1]: Listening on LVM2 poll daemon socket.
[    8.274121] systemd[1]: Listening on RPCbind Server Activation Socket.
[    8.274920] systemd[1]: Listening on Syslog Socket.
[    8.275593] systemd[1]: Listening on fsck to fsckd communication Socket.
[    8.276054] systemd[1]: Listening on initctl Compatibility Named Pipe.
[    8.276851] systemd[1]: Listening on Journal Audit Socket.
[    8.277477] systemd[1]: Listening on Journal Socket (/dev/log).
[    8.278218] systemd[1]: Listening on Journal Socket.
[    8.278964] systemd[1]: Listening on udev Control Socket.
[    8.279536] systemd[1]: Listening on udev Kernel Socket.
[    8.291296] systemd[1]: Mounting Huge Pages File System...
[    8.303710] systemd[1]: Mounting POSIX Message Queue File System...
[    8.334640] systemd[1]: Mounting RPC Pipe File System...
[    8.346744] systemd[1]: Mounting Kernel Debug File System...
[    8.358544] systemd[1]: Mounting Kernel Trace File System...
[    8.359044] systemd[1]: Condition check resulted in Kernel Module supporting RPCSEC_GSS being skipped.
[    8.359830] systemd[1]: Finished Availability of block devices.
[    8.372003] systemd[1]: Starting Wait for network to be configured by ifupdown...
[    8.384327] systemd[1]: Starting Create list of static device nodes for the current kernel...
[    8.395912] systemd[1]: Starting Monitoring of LVM2 mirrors, snapshots etc. using dmeventd or progress polling...
[    8.402856] RPC: Registered named UNIX socket transport module.
[    8.402891] RPC: Registered udp transport module.
[    8.402911] RPC: Registered tcp transport module.
[    8.402931] RPC: Registered tcp NFSv4.1 backchannel transport module.
[    8.409315] systemd[1]: Starting Load Kernel Module drm...
[    8.421319] systemd[1]: Starting nftables...
[    8.430425] systemd[1]: Condition check resulted in Set Up Additional Binary Formats being skipped.
[    8.430618] systemd[1]: Condition check resulted in File System Check on Root Device being skipped.
[    8.444851] systemd[1]: Starting Journal Service...
[    8.457962] systemd[1]: Starting Load Kernel Modules...
[    8.469868] systemd[1]: Starting Remount Root and Kernel File Systems...
[    8.481812] systemd[1]: Starting Coldplug All udev Devices...
[    8.489158] systemd[1]: Mounted Huge Pages File System.
[    8.490142] systemd[1]: Mounted POSIX Message Queue File System.
[    8.491023] systemd[1]: Mounted RPC Pipe File System.
[    8.492003] systemd[1]: Mounted Kernel Debug File System.
[    8.492893] systemd[1]: Mounted Kernel Trace File System.
[    8.496226] systemd[1]: Finished Wait for network to be configured by ifupdown.
[    8.499778] systemd[1]: Finished Create list of static device nodes for the current kernel.
[    8.501419] systemd[1]: modprobe@drm.service: Succeeded.
[    8.503891] systemd[1]: Finished Load Kernel Module drm.
[    8.529810] systemd[1]: Finished Load Kernel Modules.
[    8.531835] EXT4-fs (vdiska2): re-mounted. Opts: errors=remount-ro
[    8.532382] systemd[1]: Condition check resulted in FUSE Control File System being skipped.
[    8.532676] systemd[1]: Condition check resulted in Kernel Configuration File System being skipped.
[    8.578502] systemd[1]: Starting Apply Kernel Variables...
[    8.585390] systemd[1]: Finished Remount Root and Kernel File Systems.
[    8.623503] systemd[1]: Starting Initial Check File System Quotas...
[    8.642810] systemd[1]: Condition check resulted in Rebuild Hardware Database being skipped.
[    8.643033] systemd[1]: Condition check resulted in Platform Persistent Storage Archival being skipped.
[    8.661029] systemd[1]: Starting Load/Save Random Seed...
[    8.673902] systemd[1]: Starting Create System Users...
[    8.675204] systemd[1]: Started Journal Service.
[    9.838715] sha1_sparc64: Using sparc64 sha1 opcode optimized SHA-1 implementation
[    9.897376] n2rng v0.3 (Jan 7, 2017)
[    9.897440] n2rng f029b104: Registered RNG HVAPI major 2 minor 0
[    9.897479] n2rng f029b104: Found multi-unit-capable RNG, units: 2
[    9.898283] n2rng f029b104: RNG ready
[    9.976599] pktcdvd: setup of pktcdvd device failed
[   10.010045] pktcdvd: setup of pktcdvd device failed
[   10.012812] pktcdvd: setup of pktcdvd device failed
[   10.015633] pktcdvd: setup of pktcdvd device failed
[   10.018407] pktcdvd: setup of pktcdvd device failed
[   10.020909] pktcdvd: setup of pktcdvd device failed
[   10.023799] pktcdvd: setup of pktcdvd device failed
[   10.026862] pktcdvd: setup of pktcdvd device failed
[   10.064880] sha256_sparc64: Using sparc64 sha256 opcode optimized SHA-256/SHA-224 implementation
[   10.183844] XFS (dm-0): Mounting V5 Filesystem
[   10.212892] sha512_sparc64: Using sparc64 sha512 opcode optimized SHA-512/SHA-384 implementation
[   10.284286] md5_sparc64: Using sparc64 md5 opcode optimized MD5 implementation
[   10.292570] Adding 787176k swap on /dev/vdiska4.  Priority:-2 extents:1 across:787176k FS
[   10.486682] XFS (dm-0): Ending clean mount
[   10.488509] xfs filesystem being mounted at /1 supports timestamps until 2038 (0x7fffffff)
[   10.893905] EXT4-fs (vdiska1): mounting ext3 file system using the ext4 subsystem
[   11.139375] EXT4-fs (vdiska1): mounted filesystem with ordered data mode. Opts: (null)
[   11.139518] ext3 filesystem being mounted at /boot supports timestamps until 2038 (0x7fffffff)
[   12.602521] random: crng init done
[   12.602550] random: 5 urandom warning(s) missed due to ratelimiting
[   12.847757] Kernel unaligned access at TPC[8d5b3c] aa_dfa_unpack+0x3c/0x640
[   12.847803] Kernel unaligned access at TPC[8d5b50] aa_dfa_unpack+0x50/0x640
[   12.847832] Kernel unaligned access at TPC[8d5c14] aa_dfa_unpack+0x114/0x640
[   12.847863] Kernel unaligned access at TPC[8d5ce4] aa_dfa_unpack+0x1e4/0x640
[   12.847892] Kernel unaligned access at TPC[8d5cf8] aa_dfa_unpack+0x1f8/0x640
[   12.850732] audit: type=1400 audit(1601371557.210:2): apparmor="STATUS" operation="profile_load" profile="unconfined" name="/usr/sbin/haveged" pid=675 comm="apparmor_parser"
[   12.855882] audit: type=1400 audit(1601371557.220:3): apparmor="STATUS" operation="profile_load" profile="unconfined" name="nvidia_modprobe" pid=678 comm="apparmor_parser"
[   12.855944] audit: type=1400 audit(1601371557.220:4): apparmor="STATUS" operation="profile_load" profile="unconfined" name="nvidia_modprobe//kmod" pid=678 comm="apparmor_parser"
[   12.978184] audit: type=1400 audit(1601371557.340:5): apparmor="STATUS" operation="profile_load" profile="unconfined" name="lsb_release" pid=682 comm="apparmor_parser"
[   13.018773] audit: type=1400 audit(1601371557.380:6): apparmor="STATUS" operation="profile_load" profile="unconfined" name="/usr/bin/man" pid=679 comm="apparmor_parser"
[   13.018843] audit: type=1400 audit(1601371557.380:7): apparmor="STATUS" operation="profile_load" profile="unconfined" name="man_filter" pid=679 comm="apparmor_parser"
[   13.018899] audit: type=1400 audit(1601371557.380:8): apparmor="STATUS" operation="profile_load" profile="unconfined" name="man_groff" pid=679 comm="apparmor_parser"
[   13.026447] audit: type=1400 audit(1601371557.390:9): apparmor="STATUS" operation="profile_load" profile="unconfined" name="named" pid=681 comm="apparmor_parser"
[   13.029845] audit: type=1400 audit(1601371557.390:10): apparmor="STATUS" operation="profile_load" profile="unconfined" name="tcpdump" pid=680 comm="apparmor_parser"
