[    0.000018] PROMLIB: Sun IEEE Boot Prom 'OBP 4.38.12 2018/03/28 14:54'
[    0.000031] PROMLIB: Root node compatible: sun4v
[    0.000079] Linux version 5.4.0-rc3-00038-gbc88f85c6c09-dirty (mator@ttip.nvglabs.local) (gcc version 9.2.1 20190909 (Debian 9.2.1-8)) #1279 SMP Thu Oct 17 14:43:18 MSK 2019
[    0.000415] printk: bootconsole [earlyprom0] enabled
[    0.000465] ARCH: SUN4V
[    0.000516] Ethernet address: 00:14:4f:fa:06:f2
[    0.000566] MM: PAGE_OFFSET is 0xfff8000000000000 (max_phys_bits == 47)
[    0.000632] MM: VMALLOC [0x0000000100000000 --> 0x0006000000000000]
[    0.000693] MM: VMEMMAP [0x0006000000000000 --> 0x000c000000000000]
[    0.013786] Kernel: Using 6 locked TLB entries for main kernel image.
[    0.013857] Remapping the kernel... 
[    0.013883] done.
[    0.049932] OF stdout device is: /virtual-devices@100/console@1
[    0.049996] PROM: Built device tree with 87467 bytes of memory.
[    0.050055] MDESC: Size is 36960 bytes.
[    0.050175] PLATFORM: banner-name [SPARC T5-2]
[    0.050226] PLATFORM: name [ORCL,SPARC-T5-2]
[    0.050271] PLATFORM: hostid [84fa06f2]
[    0.050314] PLATFORM: serial# [0035260e]
[    0.050356] PLATFORM: stick-frequency [3b9aca00]
[    0.050404] PLATFORM: mac-address [144ffa06f2]
[    0.050450] PLATFORM: watchdog-resolution [1000 ms]
[    0.050500] PLATFORM: watchdog-max-timeout [31536000000 ms]
[    0.050557] PLATFORM: max-cpus [1024]
[    0.050624] Top of RAM: 0x24af936000, Total RAM: 0x87f352000
[    0.050686] Memory hole size: 115461MB
[    0.288316] Allocated 35708928 bytes for kernel page tables.
[    0.288390] Zone ranges:
[    0.288427]   Normal   [mem 0x0000000030400000-0x00000024af935fff]
[    0.288491] Movable zone start for each node
[    0.288535] Early memory node ranges
[    0.288577]   node   0: [mem 0x0000000030400000-0x000000006fe7ffff]
[    0.288639]   node   0: [mem 0x000000006ff00000-0x000000006ff25fff]
[    0.288699]   node   0: [mem 0x0000000070000000-0x000000042fffffff]
[    0.288760]   node   0: [mem 0x0000002030000000-0x00000024af87ffff]
[    0.288824]   node   0: [mem 0x00000024af900000-0x00000024af925fff]
[    0.288883]   node   0: [mem 0x00000024af930000-0x00000024af935fff]
[    0.296303] Zeroed struct page in unavailable ranges: 230130 pages
[    0.296311] Initmem setup node 0 [mem 0x0000000030400000-0x00000024af935fff]
[    0.296470] On node 0 totalpages: 4454825
[    0.296479]   Normal zone: 39154 pages used for memmap
[    0.296485]   Normal zone: 0 pages reserved
[    0.296490]   Normal zone: 4454825 pages, LIFO batch:31
[    0.307281] Booting Linux...
[    0.307365] CPU CAPS: [flush,stbar,swap,muldiv,v9,blkinit,n2,mul32]
[    0.307446] CPU CAPS: [div32,v8plus,popc,vis,vis2,ASIBlkInit,fmaf,vis3]
[    0.307523] CPU CAPS: [hpc,ima,pause,cbcond,aes,des,kasumi,camellia]
[    0.307594] CPU CAPS: [md5,sha1,sha256,sha512,mpmul,montmul,montsqr,crc32c]
[    0.341626] percpu: Embedded 27 pages/cpu s181896 r8192 d31096 u262144
[    0.341872] pcpu-alloc: s181896 r8192 d31096 u262144 alloc=1*4194304
[    0.341879] pcpu-alloc: [0] 000 001 002 003 004 005 006 007 008 009 010 011 012 013 014 015 
[    0.341906] pcpu-alloc: [0] 016 017 018 019 020 021 022 023 024 025 026 027 028 029 030 031 
[    0.341932] pcpu-alloc: [0] 032 033 034 035 036 037 038 039 040 041 042 043 044 045 046 047 
[    0.341959] pcpu-alloc: [0] 048 049 050 051 052 053 054 055 056 057 058 059 060 061 062 063 
[    0.341985] pcpu-alloc: [0] 064 065 066 067 068 069 070 071 072 073 074 075 076 077 078 079 
[    0.342012] pcpu-alloc: [0] 080 081 082 083 084 085 086 087 088 089 090 091 092 093 094 095 
[    0.342038] pcpu-alloc: [0] 096 097 098 099 100 101 102 103 104 105 106 107 108 109 110 111 
[    0.342065] pcpu-alloc: [0] 112 113 114 115 116 117 118 119 120 121 122 123 124 125 126 127 
[    0.342597] SUN4V: Mondo queue sizes [cpu(131072) dev(16384) r(8192) nr(256)]
[    0.343045] Built 1 zonelists, mobility grouping on.  Total pages: 4415671
[    0.343133] Kernel command line: BOOT_IMAGE=/vmlinux-5.4.0-rc3-00038-gbc88f85c6c09-dirty root=/dev/vdiska2 ro zswap.enabled=1
[    0.345479] printk: log_buf_len individual max cpu contribution: 4096 bytes
[    0.345550] printk: log_buf_len total cpu_extra contributions: 520192 bytes
[    0.345618] printk: log_buf_len min size: 131072 bytes
[    0.345940] printk: log_buf_len: 1048576 bytes
[    0.345992] printk: early log buf free: 126608(96%)
[    0.355604] Dentry cache hash table entries: 8388608 (order: 13, 67108864 bytes, linear)
[    0.360501] Inode-cache hash table entries: 4194304 (order: 12, 33554432 bytes, linear)
[    0.360582] Sorting __ex_table...
[    0.360851] mem auto-init: stack:off, heap alloc:off, heap free:off
[    0.423053] Memory: 1305232K/35638600K available (7398K kernel code, 950K rwdata, 2184K rodata, 704K init, 12359K bss, 544536K reserved, 0K cma-reserved)
[    0.432638] SLUB: HWalign=32, Order=0-3, MinObjects=0, CPUs=128, Nodes=1
[    0.437683] ftrace: allocating 21195 entries in 42 pages
[    0.453979] Running RCU self tests
[    0.454033] rcu: Hierarchical RCU implementation.
[    0.454085] rcu: 	RCU event tracing is enabled.
[    0.454134] rcu: 	RCU lockdep checking is enabled.
[    0.454185] 	Tasks RCU enabled.
[    0.454222] rcu: RCU calculated value of scheduler-enlistment delay is 10 jiffies.
[    0.463151] NR_IRQS: 2048, nr_irqs: 2048, preallocated irqs: 1
[    0.463587] SUN4V: Using IRQ API major 3, cookie only virqs enabled
[    0.467377] clocksource: stick: mask: 0xffffffffffffffff max_cycles: 0x1cd42e4dffb, max_idle_ns: 881590591483 ns
[    0.467503] clocksource: mult[800000] shift[23]
[    0.467553] clockevent: mult[80000000] shift[31]
[    0.471299] Console: colour dummy device 80x25
[    0.471362] printk: console [tty0] enabled
[    0.471438] printk: bootconsole [earlyprom0] disabled
[    0.471522] Lock dependency validator: Copyright (c) 2006 Red Hat, Inc., Ingo Molnar
[    0.471570] ... MAX_LOCKDEP_SUBCLASSES:  8
[    0.471599] ... MAX_LOCK_DEPTH:          48
[    0.471628] ... MAX_LOCKDEP_KEYS:        8192
[    0.471659] ... CLASSHASH_SIZE:          4096
[    0.471689] ... MAX_LOCKDEP_ENTRIES:     16384
[    0.471720] ... MAX_LOCKDEP_CHAINS:      32768
[    0.471750] ... CHAINHASH_SIZE:          16384
[    0.471780]  memory used by lock dependency info: 3855 kB
[    0.471815]  memory used for stack traces: 2112 kB
[    0.471848]  per task-struct memory footprint: 1920 bytes
[    0.617789] Calibrating delay using timer specific routine.. 2004.24 BogoMIPS (lpj=10021225)
[    0.617848] pid_max: default: 131072 minimum: 1024
[    0.625183] LSM: Security Framework initializing
[    0.627235] AppArmor: AppArmor initialized
[    0.630309] Mount-cache hash table entries: 131072 (order: 7, 1048576 bytes, linear)
[    0.630549] Mountpoint-cache hash table entries: 131072 (order: 7, 1048576 bytes, linear)
[    0.632024] *** VALIDATE tmpfs ***
[    0.640903] *** VALIDATE proc ***
[    0.646552] *** VALIDATE cgroup1 ***
[    0.646583] *** VALIDATE cgroup2 ***
[    0.652530] rcu: Hierarchical SRCU implementation.
[    0.664909] smp: Bringing up secondary CPUs ...
[    0.736346] smp: Brought up 1 node, 32 CPUs
[    0.942351] node 0 initialised, 4223604 pages in 190ms
[    0.947491] devtmpfs: initialized
[    0.957790] Performance events: 
[    0.957845] Testing NMI watchdog ... 
[    1.158044] OK.
[    1.158193] Supported PMU type is 'niagara5'
[    1.159535] random: get_random_u32 called from bucket_table_alloc.isra.0+0x188/0x1c0 with crng_init=0
[    1.160854] ldc.c:v1.1 (July 22, 2008)
[    1.164231] clocksource: jiffies: mask: 0xffffffff max_cycles: 0xffffffff, max_idle_ns: 19112604462750000 ns
[    1.164327] futex hash table entries: 32768 (order: 9, 4194304 bytes, linear)
[    1.183586] NET: Registered protocol family 16
[    1.197655] VIO: Adding device channel-devices (tx_ino = ffffffffffffffff, rx_ino = ffffffffffffffff)
[    1.197950] VIO: Adding device vnet-port-0-0 (tx_ino = 0, rx_ino = 1)
[    1.198263] VIO: Adding device vnet-port-0-1 (tx_ino = 2, rx_ino = 3)
[    1.198538] VIO: Adding device vnet-port-0-2 (tx_ino = 4, rx_ino = 5)
[    1.198791] VIO: Adding device vnet-port-0-4 (tx_ino = 8, rx_ino = 9)
[    1.199043] VIO: Adding device vnet-port-0-5 (tx_ino = a, rx_ino = b)
[    1.199299] VIO: Adding device vnet-port-0-6 (tx_ino = c, rx_ino = d)
[    1.199567] VIO: Adding device vdc-port-3-0 (tx_ino = e, rx_ino = f)
[    1.199822] VIO: Adding device vdc-port-2-0 (tx_ino = 10, rx_ino = 11)
[    1.200072] VIO: Adding device vdc-port-1-0 (tx_ino = 12, rx_ino = 13)
[    1.200324] VIO: Adding device vdc-port-0-0 (tx_ino = 14, rx_ino = 15)
[    1.200568] VIO: Adding device vdc-port-4-0 (tx_ino = 16, rx_ino = 17)
[    1.200829] VIO: Adding device vlds-port-0-0 (tx_ino = 18, rx_ino = 19)
[    1.201078] VIO: Adding device domain-services-port-0 (tx_ino = 18, rx_ino = 19)
[    1.202092] audit: initializing netlink subsys (disabled)
[    1.202542] audit: type=2000 audit(0.730:1): state=initialized audit_enabled=0 res=1
[    1.258502] HugeTLB registered 64.0 KiB page size, pre-allocated 0 pages
[    1.258553] HugeTLB registered 8.00 MiB page size, pre-allocated 0 pages
[    1.258599] HugeTLB registered 256 MiB page size, pre-allocated 0 pages
[    1.258644] HugeTLB registered 2.00 GiB page size, pre-allocated 0 pages
[    1.263797] alg: extra crypto tests enabled.  This is intended for developer use only.
[    1.429336] NetLabel: Initializing
[    1.429371] NetLabel:  domain hash size = 128
[    1.429405] NetLabel:  protocols = UNLABELED CIPSOv4 CALIPSO
[    1.429654] NetLabel:  unlabeled traffic allowed by default
[    1.430917] SUN4V: Reboot data supported (maj=1,min=0).
[    1.432632] ds.c:v1.0 (Jul 11, 2007)
[    1.433144] ds-0: ds_conn_reset() from send_events.isra.0
[    1.434661] clocksource: Switched to clocksource stick
[    1.720417] *** VALIDATE bpf ***
[    1.728658] VFS: Disk quotas dquot_6.6.0
[    1.733169] VFS: Dquot-cache hash table entries: 1024 (order 0, 8192 bytes)
[    1.733533] *** VALIDATE ramfs ***
[    1.734173] *** VALIDATE hugetlbfs ***
[    1.747082] AppArmor: AppArmor Filesystem Enabled
[    1.772798] NET: Registered protocol family 2
[    1.782281] tcp_listen_portaddr_hash hash table entries: 32768 (order: 8, 2359296 bytes, linear)
[    1.786118] TCP established hash table entries: 524288 (order: 9, 4194304 bytes, linear)
[    1.788356] TCP bind hash table entries: 65536 (order: 9, 4194304 bytes, linear)
[    1.794160] TCP: Hash tables configured (established 524288 bind 65536)
[    1.799022] UDP hash table entries: 32768 (order: 9, 5242880 bytes, linear)
[    1.805963] UDP-Lite hash table entries: 32768 (order: 9, 5242880 bytes, linear)
[    1.821588] NET: Registered protocol family 1
[    1.821677] NET: Registered protocol family 44
[    1.822403] Trying to unpack rootfs image as initramfs...
[    2.148104] Freeing initrd memory: 10352K
[    2.149085] aes_sparc64: Using sparc64 aes opcodes optimized AES implementation
[    2.475721] des_sparc64: Using sparc64 des opcodes optimized DES implementation
[    3.011069] camellia_sparc64: Using sparc64 camellia opcodes optimized CAMELLIA implementation
[    3.232004] workingset: timestamp_bits=46 max_order=23 bucket_order=0
[    3.278164] SGI XFS with ACLs, security attributes, debug enabled
[    3.322667] Block layer SCSI generic (bsg) driver version 0.4 loaded (major 252)
[    3.324366] io scheduler mq-deadline registered
[    3.331277] f029b788: ttyHV0 at I/O 0x0 (irq = 1, base_baud = 115200) is a SUN4V HCONS
[    3.338951] printk: console [ttyHV0] enabled
[    3.346445] sunvdc.c:v1.2 (November 24, 2014)
[    3.361388] sunvdc: Virtual CDROM vdiskd
[    3.361443] sunvdc: vdiskd: 403160 sectors (196 MB) protocol 1.2
[    3.365813]  vdiskd: vdiskd1 vdiskd2 vdiskd3 vdiskd4 vdiskd5 vdiskd6 vdiskd7
[    3.418042] sunvdc: Virtual Hard disk vdiskc
[    3.418088] sunvdc: vdiskc: 104857600 sectors (51200 MB) protocol 1.2
[    3.463949] sunvdc: Virtual Hard disk vdiskb
[    3.464000] sunvdc: vdiskb: 62914560 sectors (30720 MB) protocol 1.2
[    3.467315]  vdiskb: vdiskb1
[    3.510459] sunvdc: Virtual Hard disk vdiska
[    3.510504] sunvdc: vdiska: 31457280 sectors (15360 MB) protocol 1.2
[    3.513657]  vdiska: vdiska1 vdiska2 vdiska3 vdiska4
[    3.561178] sunvdc: Virtual Hard disk vdiske
[    3.561223] sunvdc: vdiske: 20971520 sectors (10240 MB) protocol 1.2
[    3.565340]  vdiske: vdiske1 vdiske2 vdiske3
[    3.596160] sunvnet: sunvnet 2.0 (February 3, 2017)
[    3.601950] vnet_port vnet-port-0-0 eth0: Sun LDOM vnet 00:14:4f:f8:12:a3
[    3.602274] sunvnet: eth0: PORT ( remote-mac 00:14:4f:fa:f3:f0 switch-port )
[    3.604041] sunvnet: eth0: PORT ( remote-mac 00:14:4f:f8:e5:f3 )
[    3.605880] sunvnet: eth0: PORT ( remote-mac 00:14:4f:f9:b4:97 )
[    3.607641] sunvnet: eth0: PORT ( remote-mac 00:14:4f:f8:3f:1e )
[    3.609369] sunvnet: eth0: PORT ( remote-mac 00:14:4f:f8:fe:47 )
[    3.611112] sunvnet: eth0: PORT ( remote-mac 00:14:4f:f9:8b:83 )
[    3.612830] rtc-sun4v rtc-sun4v: registered as rtc0
[    3.613645] sun4v_wdt: initialized (timeout=60s, nowayout=0)
[    3.614730] device-mapper: uevent: version 1.0.3
[    3.617173] device-mapper: ioctl: 4.41.0-ioctl (2019-09-16) initialised: dm-devel@redhat.com
[    3.618949] NET: Registered protocol family 17
[    3.619837] registered taskstats version 1
[    3.629555] zswap: default zpool zbud not available
[    3.629612] zswap: pool creation failed
[    3.630568] kmemleak: Kernel memory leak detector initialized (mem pool available: 6234)
[    3.630579] kmemleak: Automatic memory scanning thread started
[    3.924854] Key type big_key registered
[    3.924927] AppArmor: AppArmor sha1 policy hashing enabled
[    3.925925] rtc-sun4v rtc-sun4v: setting system clock to 2019-10-17T11:46:47 UTC (1571312807)
[    3.935009] This architecture does not have kernel memory protection.
[    3.935056] Run /init as init process
[    4.744267] crc32c_sparc64: Using sparc64 crc32c opcode optimized CRC32C implementation
[    4.891859] random: fast init done
[    5.324572] raid6: int64x8  gen()  2169 MB/s
[    5.494554] raid6: int64x8  xor()  1566 MB/s
[    5.664564] raid6: int64x4  gen()  3461 MB/s
[    5.834541] raid6: int64x4  xor()  1999 MB/s
[    6.004549] raid6: int64x2  gen()  3103 MB/s
[    6.174554] raid6: int64x2  xor()  1992 MB/s
[    6.344562] raid6: int64x1  gen()  2819 MB/s
[    6.514552] raid6: int64x1  xor()  1620 MB/s
[    6.514597] raid6: using algorithm int64x4 gen() 3461 MB/s
[    6.514637] raid6: .... xor() 1999 MB/s, rmw enabled
[    6.514676] raid6: using intx1 recovery algorithm
[    6.516143] async_tx: api initialized (async)
[    6.517143] xor: automatically using best checksumming function   Niagara   
[    6.796245] EXT4-fs (vdiska2): mounted filesystem with ordered data mode. Opts: (null)
[    8.716634] systemd[1]: Inserted module 'autofs4'
[    8.746123] NET: Registered protocol family 10
[    8.761632] Segment Routing with IPv6
[    8.842167] systemd[1]: systemd 242 running in system mode. (+PAM +AUDIT +SELINUX +IMA +APPARMOR +SMACK +SYSVINIT +UTMP +LIBCRYPTSETUP +GCRYPT +GNUTLS +ACL +XZ +LZ4 -SECCOMP +BLKID +ELFUTILS +KMOD +IDN2 -IDN +PCRE2 default-hierarchy=hybrid)
[    8.842824] systemd[1]: Detected architecture sparc64.
[    9.078543] systemd[1]: Set hostname to <ttip.nvglabs.local>.
[    9.088233] systemd[1]: Failed to bump fs.file-max, ignoring: Invalid argument
[   10.371365] random: lvmconfig: uninitialized urandom read (4 bytes read)
[   11.243630] systemd[1]: /lib/systemd/system/dbus.socket:4: ListenStream= references a path below legacy directory /var/run/, updating /var/run/dbus/system_bus_socket → /run/dbus/system_bus_socket; please update the unit file accordingly.
[   11.569313] systemd[1]: /lib/systemd/system/pcscd.socket:4: ListenStream= references a path below legacy directory /var/run/, updating /var/run/pcscd/pcscd.comm → /run/pcscd/pcscd.comm; please update the unit file accordingly.
[   11.618105] random: systemd: uninitialized urandom read (16 bytes read)
[   11.618946] systemd[1]: Started Forward Password Requests to Wall Directory Watch.
[   11.620036] random: systemd: uninitialized urandom read (16 bytes read)
[   11.621404] systemd[1]: Listening on Journal Socket.
[   11.622817] random: systemd: uninitialized urandom read (16 bytes read)
[   11.662336] systemd[1]: Mounting Huge Pages File System...
[   11.686644] systemd[1]: Starting Availability of block devices...
[   11.975243] EXT4-fs (vdiska2): re-mounted. Opts: errors=remount-ro
[   12.520714] systemd-journald[559]: Received request to flush runtime journal from PID 1
[   14.547401] sha1_sparc64: Using sparc64 sha1 opcode optimized SHA-1 implementation
[   14.647801] n2rng v0.3 (Jan 7, 2017)
[   14.648021] n2rng f029b104: Registered RNG HVAPI major 2 minor 0
[   14.648198] n2rng f029b104: Found multi-unit-capable RNG, units: 2
[   14.652033] n2rng f029b104: RNG ready
[   14.871598] sha256_sparc64: Using sparc64 sha256 opcode optimized SHA-256/SHA-224 implementation
[   15.010326] pktcdvd: setup of pktcdvd device failed
[   15.080236] sha512_sparc64: Using sparc64 sha512 opcode optimized SHA-512/SHA-384 implementation
[   15.086913] md5_sparc64: Using sparc64 md5 opcode optimized MD5 implementation
[   15.111695] pktcdvd: setup of pktcdvd device failed
[   15.132120] pktcdvd: setup of pktcdvd device failed
[   15.150425] pktcdvd: setup of pktcdvd device failed
[   15.168604] pktcdvd: setup of pktcdvd device failed
[   15.187838] pktcdvd: setup of pktcdvd device failed
[   15.206818] pktcdvd: setup of pktcdvd device failed
[   15.225502] pktcdvd: setup of pktcdvd device failed
[   17.157713] XFS (dm-0): Mounting V5 Filesystem
[   18.365082] Adding 787176k swap on /dev/vdiska4.  Priority:-2 extents:1 across:787176k FS
[   18.633135] EXT4-fs (vdiska1): mounting ext3 file system using the ext4 subsystem
[   18.665849] EXT4-fs (vdiska1): mounted filesystem with ordered data mode. Opts: (null)
[   18.667772] Mounted ext3 file system at /boot supports timestamps until 2038 (0x7fffffff)
[   19.874822] XFS (dm-0): Ending clean mount
[   19.879707] Mounted xfs file system at /1 supports timestamps until 2038 (0x7fffffff)
[   21.024786] Kernel unaligned access at TPC[8699b8] aa_dfa_unpack+0x38/0x5a0
[   21.024929] Kernel unaligned access at TPC[8699d8] aa_dfa_unpack+0x58/0x5a0
[   21.024998] Kernel unaligned access at TPC[869a90] aa_dfa_unpack+0x110/0x5a0
[   21.025082] Kernel unaligned access at TPC[869b70] aa_dfa_unpack+0x1f0/0x5a0
[   21.025151] Kernel unaligned access at TPC[869b84] aa_dfa_unpack+0x204/0x5a0
[   21.919929] random: crng init done
[   21.919989] random: 6 urandom warning(s) missed due to ratelimiting
[   24.862316] tun: Universal TUN/TAP device driver, 1.6

[   26.317083] ======================================================
[   26.317090] WARNING: possible circular locking dependency detected
[   26.317101] 5.4.0-rc3-00038-gbc88f85c6c09-dirty #1279 Not tainted
[   26.317108] ------------------------------------------------------
[   26.317115] iptables-restor/999 is trying to acquire lock:
[   26.317123] 00000000105a0120 (&table[i].mutex){+.+.}, at: nfnl_lock+0x24/0x40 [nfnetlink]
[   26.317144] 
               but task is already holding lock:
[   26.317151] 0000000000e201a0 (&net->nft.commit_mutex){+.+.}, at: nf_tables_valid_genid+0x10/0x60 [nf_tables]
[   26.317180] 
               which lock already depends on the new lock.

[   26.317189] 
               the existing dependency chain (in reverse order) is:
[   26.317196] 
               -> #1 (&net->nft.commit_mutex){+.+.}:
[   26.317214]        __mutex_lock+0xac/0x9a0
[   26.317221]        mutex_lock_nested+0x1c/0x40
[   26.317231]        nf_tables_valid_genid+0x10/0x60 [nf_tables]
[   26.317240]        nfnetlink_rcv_batch+0x228/0x620 [nfnetlink]
[   26.317248]        nfnetlink_rcv+0x110/0x140 [nfnetlink]
[   26.317260]        netlink_unicast+0x128/0x200
[   26.317267]        netlink_sendmsg+0x334/0x380
[   26.317276]        sock_sendmsg+0x34/0x80
[   26.317283]        ___sys_sendmsg+0x234/0x260
[   26.317290]        __sys_sendmsg+0x48/0x80
[   26.317297]        sys_sendmsg+0x18/0x40
[   26.317307]        linux_sparc_syscall+0x34/0x44
[   26.317312] 
               -> #0 (&table[i].mutex){+.+.}:
[   26.317325]        __lock_acquire+0x1af0/0x2500
[   26.317331]        lock_acquire+0x1a4/0x1c0
[   26.317338]        __mutex_lock+0xac/0x9a0
[   26.317344]        mutex_lock_nested+0x1c/0x40
[   26.317351]        nfnl_lock+0x24/0x40 [nfnetlink]
[   26.317363]        ip_set_nfnl_get_byindex+0x18c/0x280 [ip_set]
[   26.317373]        set_match_v1_checkentry+0x14/0xc0 [xt_set]
[   26.317386]        xt_check_match+0x23c/0x280 [x_tables]
[   26.317396]        __nft_match_init+0x160/0x180 [nft_compat]
[   26.317404]        nft_match_init+0x18/0x40 [nft_compat]
[   26.317414]        nf_tables_newrule+0x50c/0x780 [nf_tables]
[   26.317422]        nfnetlink_rcv_batch+0x3d0/0x620 [nfnetlink]
[   26.317430]        nfnetlink_rcv+0x110/0x140 [nfnetlink]
[   26.317438]        netlink_unicast+0x128/0x200
[   26.317444]        netlink_sendmsg+0x334/0x380
[   26.317451]        sock_sendmsg+0x34/0x80
[   26.317457]        ___sys_sendmsg+0x234/0x260
[   26.317464]        __sys_sendmsg+0x48/0x80
[   26.317471]        sys_sendmsg+0x18/0x40
[   26.317477]        linux_sparc_syscall+0x34/0x44
[   26.317483] 
               other info that might help us debug this:

[   26.317491]  Possible unsafe locking scenario:

[   26.317498]        CPU0                    CPU1
[   26.317503]        ----                    ----
[   26.317509]   lock(&net->nft.commit_mutex);
[   26.317516]                                lock(&table[i].mutex);
[   26.317524]                                lock(&net->nft.commit_mutex);
[   26.317531]   lock(&table[i].mutex);
[   26.317538] 
                *** DEADLOCK ***

[   26.317546] 1 lock held by iptables-restor/999:
[   26.317551]  #0: 0000000000e201a0 (&net->nft.commit_mutex){+.+.}, at: nf_tables_valid_genid+0x10/0x60 [nf_tables]
[   26.317568] 
               stack backtrace:
[   26.317577] CPU: 26 PID: 999 Comm: iptables-restor Not tainted 5.4.0-rc3-00038-gbc88f85c6c09-dirty #1279
[   26.317585] Call Trace:
[   26.317594]  [00000000004d381c] print_circular_bug.isra.0+0x1bc/0x1e0
[   26.317602]  [00000000004d3a58] check_noncircular+0x218/0x240
[   26.317609]  [00000000004d8370] __lock_acquire+0x1af0/0x2500
[   26.317616]  [00000000004d9704] lock_acquire+0x1a4/0x1c0
[   26.317623]  [0000000000b3694c] __mutex_lock+0xac/0x9a0
[   26.317630]  [0000000000b3725c] mutex_lock_nested+0x1c/0x40
[   26.317638]  [000000001059e024] nfnl_lock+0x24/0x40 [nfnetlink]
[   26.317647]  [00000000105ab2ac] ip_set_nfnl_get_byindex+0x18c/0x280 [ip_set]
[   26.317656]  [00000000106245b4] set_match_v1_checkentry+0x14/0xc0 [xt_set]
[   26.317665]  [00000000103bc89c] xt_check_match+0x23c/0x280 [x_tables]
[   26.317673]  [0000000010612c40] __nft_match_init+0x160/0x180 [nft_compat]
[   26.317681]  [0000000010612cf8] nft_match_init+0x18/0x40 [nft_compat]
[   26.317693]  [00000000105dbdcc] nf_tables_newrule+0x50c/0x780 [nf_tables]
[   26.317701]  [000000001059e890] nfnetlink_rcv_batch+0x3d0/0x620 [nfnetlink]
[   26.317709]  [000000001059ebf0] nfnetlink_rcv+0x110/0x140 [nfnetlink]
[   26.317717]  [0000000000a2fe48] netlink_unicast+0x128/0x200
