[    0.000019] PROMLIB: Sun IEEE Boot Prom 'OBP 4.38.12 2018/03/28 14:54'
[    0.000032] PROMLIB: Root node compatible: sun4v
[    0.000082] Linux version 5.6.0-02795-g15c981d16d70 (mator@ttip) (gcc version 9.3.0 (Debian 9.3.0-8)) #43 SMP Thu Apr 2 02:54:44 MSK 2020
[    0.000401] printk: bootconsole [earlyprom0] enabled
[    0.000454] ARCH: SUN4V
[    0.000504] Ethernet address: 00:14:4f:fa:06:f2
[    0.000555] MM: PAGE_OFFSET is 0xfff8000000000000 (max_phys_bits == 47)
[    0.000622] MM: VMALLOC [0x0000000100000000 --> 0x0006000000000000]
[    0.000683] MM: VMEMMAP [0x0006000000000000 --> 0x000c000000000000]
[    0.013062] Kernel: Using 5 locked TLB entries for main kernel image.
[    0.013149] Remapping the kernel... 
[    0.013177] done.
[    0.047089] OF stdout device is: /virtual-devices@100/console@1
[    0.047172] PROM: Built device tree with 86758 bytes of memory.
[    0.047240] MDESC: Size is 36512 bytes.
[    0.047370] PLATFORM: banner-name [SPARC T5-2]
[    0.047419] PLATFORM: name [ORCL,SPARC-T5-2]
[    0.047467] PLATFORM: hostid [84fa06f2]
[    0.047510] PLATFORM: serial# [0035260e]
[    0.047555] PLATFORM: stick-frequency [3b9aca00]
[    0.047604] PLATFORM: mac-address [144ffa06f2]
[    0.047653] PLATFORM: watchdog-resolution [1000 ms]
[    0.047704] PLATFORM: watchdog-max-timeout [31536000000 ms]
[    0.047761] PLATFORM: max-cpus [1024]
[    0.047870] Top of RAM: 0x24af938000, Total RAM: 0x87f354000
[    0.047933] Memory hole size: 115461MB
[    0.052567] Allocated 40960 bytes for kernel page tables.
[    0.052687] Zone ranges:
[    0.052733]   Normal   [mem 0x0000000030400000-0x00000024af937fff]
[    0.052800] Movable zone start for each node
[    0.053852] Early memory node ranges
[    0.053894]   node   0: [mem 0x0000000030400000-0x000000006fe7ffff]
[    0.053962]   node   0: [mem 0x000000006ff00000-0x000000006ff25fff]
[    0.054028]   node   0: [mem 0x0000000070000000-0x000000042fffffff]
[    0.054093]   node   0: [mem 0x0000002030000000-0x00000024af87ffff]
[    0.054161]   node   0: [mem 0x00000024af900000-0x00000024af925fff]
[    0.054227]   node   0: [mem 0x00000024af930000-0x00000024af937fff]
[    0.065900] Zeroed struct page in unavailable ranges: 263766 pages
[    0.065908] Initmem setup node 0 [mem 0x0000000030400000-0x00000024af937fff]
[    0.066067] On node 0 totalpages: 4454826
[    0.066077]   Normal zone: 39154 pages used for memmap
[    0.066083]   Normal zone: 0 pages reserved
[    0.066088]   Normal zone: 4454826 pages, LIFO batch:31
[    0.077436] Booting Linux...
[    0.077522] CPU CAPS: [flush,stbar,swap,muldiv,v9,blkinit,n2,mul32]
[    0.077606] CPU CAPS: [div32,v8plus,popc,vis,vis2,ASIBlkInit,fmaf,vis3]
[    0.078692] CPU CAPS: [hpc,ima,pause,cbcond,aes,des,kasumi,camellia]
[    0.078774] CPU CAPS: [md5,sha1,sha256,sha512,mpmul,montmul,montsqr,crc32c]
[    0.108784] percpu: Embedded 27 pages/cpu s182992 r8192 d30000 u262144
[    0.109035] pcpu-alloc: s182992 r8192 d30000 u262144 alloc=1*4194304
[    0.109043] pcpu-alloc: [0] 000 001 002 003 004 005 006 007 008 009 010 011 012 013 014 015 
[    0.109070] pcpu-alloc: [0] 016 017 018 019 020 021 022 023 024 025 026 027 028 029 030 031 
[    0.109098] pcpu-alloc: [0] 032 033 034 035 036 037 038 039 040 041 042 043 044 045 046 047 
[    0.109126] pcpu-alloc: [0] 048 049 050 051 052 053 054 055 056 057 058 059 060 061 062 063 
[    0.109153] pcpu-alloc: [0] 064 065 066 067 068 069 070 071 072 073 074 075 076 077 078 079 
[    0.109181] pcpu-alloc: [0] 080 081 082 083 084 085 086 087 088 089 090 091 092 093 094 095 
[    0.109208] pcpu-alloc: [0] 096 097 098 099 100 101 102 103 104 105 106 107 108 109 110 111 
[    0.109236] pcpu-alloc: [0] 112 113 114 115 116 117 118 119 120 121 122 123 124 125 126 127 
[    0.109718] SUN4V: Mondo queue sizes [cpu(131072) dev(16384) r(8192) nr(256)]
[    0.110092] Built 1 zonelists, mobility grouping on.  Total pages: 4415672
[    0.110185] Kernel command line: BOOT_IMAGE=/vmlinux-5.6.0-02795-g15c981d16d70 root=/dev/vdiska2 ro zswap.enabled=1
[    0.112677] printk: log_buf_len individual max cpu contribution: 4096 bytes
[    0.112764] printk: log_buf_len total cpu_extra contributions: 520192 bytes
[    0.112832] printk: log_buf_len min size: 131072 bytes
[    0.113116] printk: log_buf_len: 1048576 bytes
[    0.113168] printk: early log buf free: 126664(96%)
[    0.119697] Dentry cache hash table entries: 8388608 (order: 13, 67108864 bytes, linear)
[    0.123007] Inode-cache hash table entries: 4194304 (order: 12, 33554432 bytes, linear)
[    0.123109] Sorting __ex_table...
[    0.123346] mem auto-init: stack:off, heap alloc:off, heap free:off
[    0.183800] Memory: 1305232K/35638608K available (7717K kernel code, 1051K rwdata, 2280K rodata, 640K init, 6814K bss, 509032K reserved, 0K cma-reserved)
[    0.184462] SLUB: HWalign=32, Order=0-3, MinObjects=0, CPUs=128, Nodes=1
[    0.184749] ftrace: allocating 21547 entries in 43 pages
[    0.193297] ftrace: allocated 43 pages with 4 groups
[    0.196295] Running RCU self tests
[    0.196379] rcu: Hierarchical RCU implementation.
[    0.196432] rcu: 	RCU event tracing is enabled.
[    0.196482] rcu: 	RCU lockdep checking is enabled.
[    0.196532] 	Tasks RCU enabled.
[    0.196571] rcu: RCU calculated value of scheduler-enlistment delay is 10 jiffies.
[    0.201009] NR_IRQS: 2048, nr_irqs: 2048, preallocated irqs: 1
[    0.201106] SUN4V: Using IRQ API major 3, cookie only virqs enabled
[    0.203575] clocksource: stick: mask: 0xffffffffffffffff max_cycles: 0x1cd42e4dffb, max_idle_ns: 881590591483 ns
[    0.203708] clocksource: mult[800000] shift[23]
[    0.203758] clockevent: mult[80000000] shift[31]
[    0.204322] Console: colour dummy device 80x25
[    0.204385] printk: console [tty0] enabled
[    0.204464] printk: bootconsole [earlyprom0] disabled
[    0.204551] Lock dependency validator: Copyright (c) 2006 Red Hat, Inc., Ingo Molnar
[    0.204603] ... MAX_LOCKDEP_SUBCLASSES:  8
[    0.204635] ... MAX_LOCK_DEPTH:          48
[    0.204668] ... MAX_LOCKDEP_KEYS:        8192
[    0.204701] ... CLASSHASH_SIZE:          4096
[    0.204735] ... MAX_LOCKDEP_ENTRIES:     16384
[    0.204768] ... MAX_LOCKDEP_CHAINS:      32768
[    0.204802] ... CHAINHASH_SIZE:          16384
[    0.204836]  memory used by lock dependency info: 3919 kB
[    0.204875]  memory used for stack traces: 2112 kB
[    0.204910]  per task-struct memory footprint: 1920 bytes
[    0.354460] Calibrating delay using timer specific routine.. 2017.32 BogoMIPS (lpj=10086643)
[    0.354534] pid_max: default: 131072 minimum: 1024
[    0.354841] LSM: Security Framework initializing
[    0.354998] AppArmor: AppArmor initialized
[    0.355274] Mount-cache hash table entries: 131072 (order: 7, 1048576 bytes, linear)
[    0.355443] Mountpoint-cache hash table entries: 131072 (order: 7, 1048576 bytes, linear)
[    0.355590] *** VALIDATE tmpfs ***
[    0.356466] *** VALIDATE proc ***
[    0.356989] *** VALIDATE cgroup ***
[    0.357023] *** VALIDATE cgroup2 ***
[    0.359227] rcu: Hierarchical SRCU implementation.
[    0.367688] smp: Bringing up secondary CPUs ...
[    0.413418] smp: Brought up 1 node, 32 CPUs
[    0.607255] node 0 initialised, 4228043 pages in 190ms
[    0.608460] devtmpfs: initialized
[    0.613304] Performance events: 
[    0.613358] Testing NMI watchdog ... 
[    0.813459] OK.
[    0.813645] Supported PMU type is 'niagara5'
[    0.813858] random: get_random_u32 called from bucket_table_alloc.isra.0+0x198/0x1c0 with crng_init=0
[    0.814543] ldc.c:v1.1 (July 22, 2008)
[    0.816949] clocksource: jiffies: mask: 0xffffffff max_cycles: 0xffffffff, max_idle_ns: 19112604462750000 ns
[    0.817047] futex hash table entries: 32768 (order: 9, 4194304 bytes, linear)
[    0.822340] NET: Registered protocol family 16
[    0.831023] VIO: Adding device channel-devices (tx_ino = ffffffffffffffff, rx_ino = ffffffffffffffff)
[    0.831279] VIO: Adding device vnet-port-0-0 (tx_ino = 0, rx_ino = 1)
[    0.831495] VIO: Adding device vnet-port-0-1 (tx_ino = 2, rx_ino = 3)
[    0.831670] VIO: Adding device vnet-port-0-2 (tx_ino = 4, rx_ino = 5)
[    0.831842] VIO: Adding device vnet-port-0-3 (tx_ino = 6, rx_ino = 7)
[    0.832022] VIO: Adding device vnet-port-0-4 (tx_ino = 8, rx_ino = 9)
[    0.832196] VIO: Adding device vnet-port-0-5 (tx_ino = a, rx_ino = b)
[    0.832368] VIO: Adding device vdc-port-2-0 (tx_ino = c, rx_ino = d)
[    0.832547] VIO: Adding device vdc-port-1-0 (tx_ino = e, rx_ino = f)
[    0.832721] VIO: Adding device vdc-port-0-0 (tx_ino = 10, rx_ino = 11)
[    0.832903] VIO: Adding device vdc-port-3-0 (tx_ino = 12, rx_ino = 13)
[    0.833084] VIO: Adding device vlds-port-0-0 (tx_ino = 14, rx_ino = 15)
[    0.833267] VIO: Adding device domain-services-port-0 (tx_ino = 14, rx_ino = 15)
[    0.833591] audit: initializing netlink subsys (disabled)
[    0.833979] audit: type=2000 audit(0.620:1): state=initialized audit_enabled=0 res=1
[    0.861075] HugeTLB registered 64.0 KiB page size, pre-allocated 0 pages
[    0.861134] HugeTLB registered 8.00 MiB page size, pre-allocated 0 pages
[    0.861182] HugeTLB registered 256 MiB page size, pre-allocated 0 pages
[    0.861230] HugeTLB registered 2.00 GiB page size, pre-allocated 0 pages
[    0.862869] alg: extra crypto tests enabled.  This is intended for developer use only.
[    0.890129] cryptd: max_cpu_qlen set to 1000
[    1.001838] NetLabel: Initializing
[    1.001879] NetLabel:  domain hash size = 128
[    1.001914] NetLabel:  protocols = UNLABELED CIPSOv4 CALIPSO
[    1.002045] NetLabel:  unlabeled traffic allowed by default
[    1.003051] SUN4V: Reboot data supported (maj=1,min=0).
[    1.003438] ds.c:v1.0 (Jul 11, 2007)
[    1.003812] ds-0: ds_conn_reset() from send_events.isra.0
[    1.005328] clocksource: Switched to clocksource stick
[    1.215871] *** VALIDATE bpf ***
[    1.217139] VFS: Disk quotas dquot_6.6.0
[    1.217274] VFS: Dquot-cache hash table entries: 1024 (order 0, 8192 bytes)
[    1.217502] *** VALIDATE ramfs ***
[    1.217556] *** VALIDATE hugetlbfs ***
[    1.219186] AppArmor: AppArmor Filesystem Enabled
[    1.232194] NET: Registered protocol family 2
[    1.234178] tcp_listen_portaddr_hash hash table entries: 32768 (order: 8, 2621440 bytes, linear)
[    1.237177] TCP established hash table entries: 524288 (order: 9, 4194304 bytes, linear)
[    1.239656] TCP bind hash table entries: 65536 (order: 9, 4718592 bytes, linear)
[    1.245236] TCP: Hash tables configured (established 524288 bind 65536)
[    1.247825] UDP hash table entries: 32768 (order: 9, 5242880 bytes, linear)
[    1.254089] UDP-Lite hash table entries: 32768 (order: 9, 5242880 bytes, linear)
[    1.262136] NET: Registered protocol family 1
[    1.262210] NET: Registered protocol family 44
[    1.262926] Trying to unpack rootfs image as initramfs...
[    1.461500] Freeing initrd memory: 14776K
[    1.462428] aes_sparc64: Using sparc64 aes opcodes optimized AES implementation
[    1.769193] des_sparc64: Using sparc64 des opcodes optimized DES implementation
[    2.324454] camellia_sparc64: Using sparc64 camellia opcodes optimized CAMELLIA implementation
[    2.537101] workingset: timestamp_bits=46 max_order=23 bucket_order=0
[    2.556675] zbud: loaded
[    2.559031] SGI XFS with ACLs, security attributes, quota, fatal assert, debug enabled
[    2.565446] *** VALIDATE xfs ***
[    2.580966] Block layer SCSI generic (bsg) driver version 0.4 loaded (major 252)
[    2.581989] io scheduler mq-deadline registered
[    2.584768] f029b788: ttyHV0 at I/O 0x0 (irq = 1, base_baud = 115200) is a SUN4V HCONS
[    2.585880] printk: console [ttyHV0] enabled
[    2.589715] sunvdc.c:v1.2 (November 24, 2014)
[    2.591663] sunvdc: Virtual Hard disk vdiskc
[    2.591711] sunvdc: vdiskc: 104857600 sectors (51200 MB) protocol 1.2
[    2.613407] sunvdc: Virtual Hard disk vdiskb
[    2.613462] sunvdc: vdiskb: 62914560 sectors (30720 MB) protocol 1.2
[    2.615136]  vdiskb: vdiskb1
[    2.634920] sunvdc: Virtual Hard disk vdiska
[    2.634977] sunvdc: vdiska: 31457280 sectors (15360 MB) protocol 1.2
[    2.636163]  vdiska: vdiska1 vdiska2 vdiska3 vdiska4
[    2.656483] sunvdc: Virtual CDROM vdiskd
[    2.656542] sunvdc: vdiskd: 453848 sectors (221 MB) protocol 1.2
[    2.657659]  vdiskd: vdiskd1 vdiskd2 vdiskd3 vdiskd4 vdiskd5 vdiskd6 vdiskd7
[    2.677421] sunvnet: sunvnet 2.0 (February 3, 2017)
[    2.679709] vnet_port vnet-port-0-0 eth0: Sun LDOM vnet 00:14:4f:f8:12:a3
[    2.679956] sunvnet: eth0: PORT ( remote-mac 00:14:4f:fa:f3:f0 switch-port )
[    2.680354] sunvnet: eth0: PORT ( remote-mac 00:14:4f:f8:e5:f3 )
[    2.680741] sunvnet: eth0: PORT ( remote-mac 00:14:4f:f9:b4:97 )
[    2.681097] sunvnet: eth0: PORT ( remote-mac 00:14:4f:f8:3f:1e )
[    2.681447] sunvnet: eth0: PORT ( remote-mac 00:14:4f:f8:fe:47 )
[    2.681812] sunvnet: eth0: PORT ( remote-mac 00:14:4f:f9:8b:83 )
[    2.683142] rtc-sun4v rtc-sun4v: registered as rtc0
[    2.683700] sun4v_wdt: initialized (timeout=60s, nowayout=0)
[    2.683970] device-mapper: uevent: version 1.0.3
[    2.684753] device-mapper: ioctl: 4.42.0-ioctl (2020-02-27) initialised: dm-devel@redhat.com
[    2.685909] NET: Registered protocol family 17
[    2.686369] registered taskstats version 1
[    2.687248] zswap: loaded using pool lzo/zbud
[    3.034755] Key type big_key registered
[    3.034828] AppArmor: AppArmor sha1 policy hashing enabled
[    3.035658] rtc-sun4v rtc-sun4v: setting system clock to 2020-04-02T08:29:07 UTC (1585816147)
[    3.040218] This architecture does not have kernel memory protection.
[    3.040282] Run /init as init process
[    3.040317]   with arguments:
[    3.040324]     /init
[    3.040331]   with environment:
[    3.040337]     HOME=/
[    3.040344]     TERM=linux
[    3.040350]     BOOT_IMAGE=/vmlinux-5.6.0-02795-g15c981d16d70
[    3.535911] crc32c_sparc64: Using sparc64 crc32c opcode optimized CRC32C implementation
[    4.225322] raid6: int64x8  gen()  2105 MB/s
[    4.395318] raid6: int64x8  xor()  1501 MB/s
[    4.565316] raid6: int64x4  gen()  3337 MB/s
[    4.735314] raid6: int64x4  xor()  1473 MB/s
[    4.905315] raid6: int64x2  gen()  2710 MB/s
[    5.075302] raid6: int64x2  xor()  1160 MB/s
[    5.245304] raid6: int64x1  gen()  1354 MB/s
[    5.415311] raid6: int64x1  xor()   668 MB/s
[    5.415364] raid6: using algorithm int64x4 gen() 3337 MB/s
[    5.415407] raid6: .... xor() 1473 MB/s, rmw enabled
[    5.415447] raid6: using intx1 recovery algorithm
[    5.416389] async_tx: api initialized (async)
[    5.417018] xor: automatically using best checksumming function   Niagara   
[    5.510840] process '/usr/bin/fstype' started with executable stack
[    5.547536] random: fast init done
[    5.626276] EXT4-fs (vdiska2): mounted filesystem with ordered data mode. Opts: (null)
[    7.974079] systemd[1]: Inserted module 'autofs4'
[    7.986567] NET: Registered protocol family 10
[    7.992962] Segment Routing with IPv6
[    8.065795] systemd[1]: systemd 245.2-1 running in system mode. (+PAM +AUDIT +SELINUX +IMA +APPARMOR +SMACK +SYSVINIT +UTMP +LIBCRYPTSETUP +GCRYPT +GNUTLS +ACL +XZ +LZ4 -SECCOMP +BLKID +ELFUTILS +KMOD +IDN2 -IDN +PCRE2 default-hierarchy=hybrid)
[    8.066498] systemd[1]: Detected architecture sparc64.
[    8.142078] systemd[1]: Set hostname to <ttip>.
[    9.243434] random: lvmconfig: uninitialized urandom read (4 bytes read)
[   10.188466] systemd[1]: /lib/systemd/system/dbus.socket:5: ListenStream= references a path below legacy directory /var/run/, updating /var/run/dbus/system_bus_socket â†’ /run/dbus/system_bus_socket; please update the unit file accordingly.
[   10.528720] random: systemd: uninitialized urandom read (16 bytes read)
[   10.539951] systemd[1]: Created slice system-getty.slice.
[   10.540797] random: systemd: uninitialized urandom read (16 bytes read)
[   10.544441] systemd[1]: Created slice system-modprobe.slice.
[   10.544905] random: systemd: uninitialized urandom read (16 bytes read)
[   10.548578] systemd[1]: Created slice system-openvpn\x2dclient.slice.
[   10.553988] systemd[1]: Created slice system-postfix.slice.
[   10.558158] systemd[1]: Created slice system-systemd\x2dfsck.slice.
[   10.562019] systemd[1]: Created slice User and Session Slice.
[   10.563049] systemd[1]: Started Dispatch Password Requests to Console Directory Watch.
[   10.563893] systemd[1]: Started Forward Password Requests to Wall Directory Watch.
[   10.566151] systemd[1]: Set up automount Arbitrary Executable File Formats File System Automount Point.
[   10.566739] systemd[1]: Reached target Local Encrypted Volumes.
[   10.567244] systemd[1]: Reached target Paths.
[   10.567703] systemd[1]: Reached target Remote File Systems.
[   10.568164] systemd[1]: Reached target Slices.
[   10.569113] systemd[1]: Listening on Device-mapper event daemon FIFOs.
[   10.570265] systemd[1]: Listening on LVM2 poll daemon socket.
[   10.602362] systemd[1]: Listening on Syslog Socket.
[   10.603620] systemd[1]: Listening on fsck to fsckd communication Socket.
[   10.604436] systemd[1]: Listening on initctl Compatibility Named Pipe.
[   10.605750] systemd[1]: Listening on Journal Audit Socket.
[   10.606755] systemd[1]: Listening on Journal Socket (/dev/log).
[   10.607952] systemd[1]: Listening on Journal Socket.
[   10.609064] systemd[1]: Listening on udev Control Socket.
[   10.609898] systemd[1]: Listening on udev Kernel Socket.
[   10.619547] systemd[1]: Mounting Huge Pages File System...
[   10.629239] systemd[1]: Mounting POSIX Message Queue File System...
[   10.638829] systemd[1]: Mounting Kernel Debug File System...
[   10.650379] systemd[1]: Mounting Kernel Trace File System...
[   10.659333] systemd[1]: Starting Availability of block devices...
[   10.668844] systemd[1]: Starting Wait for network to be configured by ifupdown...
[   10.679895] systemd[1]: Starting Create list of static device nodes for the current kernel...
[   10.688702] systemd[1]: Starting Monitoring of LVM2 mirrors, snapshots etc. using dmeventd or progress polling...
[   10.697922] systemd[1]: Starting Load Kernel Module drm...
[   10.707037] systemd[1]: Starting nftables...
[   10.739312] systemd[1]: Condition check resulted in Set Up Additional Binary Formats being skipped.
[   10.739572] systemd[1]: Condition check resulted in File System Check on Root Device being skipped.
[   10.752634] systemd[1]: Starting Journal Service...
[   10.782634] systemd[1]: Starting Load Kernel Modules...
[   10.793601] systemd[1]: Starting Remount Root and Kernel File Systems...
[   10.804490] systemd[1]: Starting udev Coldplug all Devices...
[   10.813486] systemd[1]: Mounted Huge Pages File System.
[   10.815526] systemd[1]: Mounted POSIX Message Queue File System.
[   10.817284] systemd[1]: Mounted Kernel Debug File System.
[   10.818802] systemd[1]: Mounted Kernel Trace File System.
[   10.826521] systemd[1]: Finished Availability of block devices.
[   10.834376] systemd[1]: Finished Wait for network to be configured by ifupdown.
[   10.842855] systemd[1]: Finished Create list of static device nodes for the current kernel.
[   10.846903] systemd[1]: modprobe@drm.service: Succeeded.
[   10.852100] systemd[1]: Finished Load Kernel Module drm.
[   10.872423] EXT4-fs (vdiska2): re-mounted. Opts: errors=remount-ro
[   10.883045] systemd[1]: Finished Load Kernel Modules.
[   10.884726] systemd[1]: Condition check resulted in FUSE Control File System being skipped.
[   10.885101] systemd[1]: Condition check resulted in Kernel Configuration File System being skipped.
[   10.893799] systemd[1]: Starting Apply Kernel Variables...
[   10.909942] systemd[1]: Finished Remount Root and Kernel File Systems.
[   10.986049] systemd[1]: Starting Initial Check File System Quotas...
[   11.023304] systemd[1]: Condition check resulted in Rebuild Hardware Database being skipped.
[   11.032190] systemd[1]: Starting Load/Save Random Seed...
[   11.041688] systemd[1]: Starting Create System Users...
[   11.043454] systemd[1]: Started Journal Service.
[   11.134849] systemd-journald[556]: Received client request to flush runtime journal.
[   12.837006] sha1_sparc64: Using sparc64 sha1 opcode optimized SHA-1 implementation
[   13.047420] sha256_sparc64: Using sparc64 sha256 opcode optimized SHA-256/SHA-224 implementation
[   13.111539] n2rng v0.3 (Jan 7, 2017)
[   13.111619] n2rng f029b104: Registered RNG HVAPI major 2 minor 0
[   13.111683] n2rng f029b104: Found multi-unit-capable RNG, units: 2
[   13.112676] n2rng f029b104: RNG ready
[   13.311899] sha512_sparc64: Using sparc64 sha512 opcode optimized SHA-512/SHA-384 implementation
[   13.385501] md5_sparc64: Using sparc64 md5 opcode optimized MD5 implementation
[   13.392694] pktcdvd: setup of pktcdvd device failed
[   13.440693] pktcdvd: setup of pktcdvd device failed
[   13.444391] pktcdvd: setup of pktcdvd device failed
[   13.447721] pktcdvd: setup of pktcdvd device failed
[   13.450937] pktcdvd: setup of pktcdvd device failed
[   13.454531] pktcdvd: setup of pktcdvd device failed
[   13.458077] pktcdvd: setup of pktcdvd device failed
[   13.460965] pktcdvd: setup of pktcdvd device failed
[   13.865453] Adding 787176k swap on /dev/vdiska4.  Priority:-2 extents:1 across:787176k FS
[   13.932659] XFS (dm-0): Mounting V5 Filesystem
[   14.510926] XFS (dm-0): Ending clean mount
[   14.606353] xfs filesystem being mounted at /1 supports timestamps until 2038 (0x7fffffff)
[   14.608193] EXT4-fs (vdiska1): mounting ext3 file system using the ext4 subsystem
[   14.803243] EXT4-fs (vdiska1): mounted filesystem with ordered data mode. Opts: (null)
[   14.803481] ext3 filesystem being mounted at /boot supports timestamps until 2038 (0x7fffffff)
[   15.665845] random: crng init done
[   15.665994] random: 6 urandom warning(s) missed due to ratelimiting
[   15.985987] Kernel unaligned access at TPC[896a98] aa_dfa_unpack+0x38/0x5a0
[   15.986126] Kernel unaligned access at TPC[896ab8] aa_dfa_unpack+0x58/0x5a0
[   15.986205] Kernel unaligned access at TPC[896b74] aa_dfa_unpack+0x114/0x5a0
[   15.986286] Kernel unaligned access at TPC[896c54] aa_dfa_unpack+0x1f4/0x5a0
[   15.986364] Kernel unaligned access at TPC[896c68] aa_dfa_unpack+0x208/0x5a0
[   15.988164] audit: type=1400 audit(1585816160.440:2): apparmor="STATUS" operation="profile_load" profile="unconfined" name="/usr/sbin/haveged" pid=751 comm="apparmor_parser"
[   15.996048] audit: type=1400 audit(1585816160.450:3): apparmor="STATUS" operation="profile_load" profile="unconfined" name="nvidia_modprobe" pid=752 comm="apparmor_parser"
[   15.996212] audit: type=1400 audit(1585816160.450:4): apparmor="STATUS" operation="profile_load" profile="unconfined" name="nvidia_modprobe//kmod" pid=752 comm="apparmor_parser"
[   16.047888] audit: type=1400 audit(1585816160.500:5): apparmor="STATUS" operation="profile_load" profile="unconfined" name="lsb_release" pid=756 comm="apparmor_parser"
[   16.091563] audit: type=1400 audit(1585816160.540:6): apparmor="STATUS" operation="profile_load" profile="unconfined" name="/usr/bin/man" pid=753 comm="apparmor_parser"
[   16.091705] audit: type=1400 audit(1585816160.540:7): apparmor="STATUS" operation="profile_load" profile="unconfined" name="man_filter" pid=753 comm="apparmor_parser"
[   16.091823] audit: type=1400 audit(1585816160.540:8): apparmor="STATUS" operation="profile_load" profile="unconfined" name="man_groff" pid=753 comm="apparmor_parser"
[   16.104296] audit: type=1400 audit(1585816160.550:9): apparmor="STATUS" operation="profile_load" profile="unconfined" name="/usr/sbin/named" pid=755 comm="apparmor_parser"
[   16.128324] audit: type=1400 audit(1585816160.580:10): apparmor="STATUS" operation="profile_load" profile="unconfined" name="/usr/sbin/tcpdump" pid=754 comm="apparmor_parser"
