[    0.000019] PROMLIB: Sun IEEE Boot Prom 'OBP 4.38.12 2018/03/28 14:54'
[    0.000030] PROMLIB: Root node compatible: sun4v
[    0.000078] Linux version 5.2.0-07109-gd7d170a8e357 (mator@ttip) (gcc version 8.3.0 (Debian 8.3.0-19)) #1086 SMP Wed Jul 17 16:48:52 MSK 2019
[    0.000387] printk: bootconsole [earlyprom0] enabled
[    0.000440] ARCH: SUN4V
[    0.000488] Ethernet address: 00:14:4f:fa:06:f2
[    0.000540] MM: PAGE_OFFSET is 0xfff8000000000000 (max_phys_bits == 47)
[    0.000603] MM: VMALLOC [0x0000000100000000 --> 0x0006000000000000]
[    0.000662] MM: VMEMMAP [0x0006000000000000 --> 0x000c000000000000]
[    0.012604] Kernel: Using 5 locked TLB entries for main kernel image.
[    0.012690] Remapping the kernel... 
[    0.012715] done.
[    0.047706] OF stdout device is: /virtual-devices@100/console@1
[    0.047787] PROM: Built device tree with 86230 bytes of memory.
[    0.047853] MDESC: Size is 36560 bytes.
[    0.047980] PLATFORM: banner-name [SPARC T5-2]
[    0.048030] PLATFORM: name [ORCL,SPARC-T5-2]
[    0.048075] PLATFORM: hostid [84fa06f2]
[    0.048119] PLATFORM: serial# [0035260e]
[    0.048161] PLATFORM: stick-frequency [3b9aca00]
[    0.048212] PLATFORM: mac-address [144ffa06f2]
[    0.048258] PLATFORM: watchdog-resolution [1000 ms]
[    0.048308] PLATFORM: watchdog-max-timeout [31536000000 ms]
[    0.048362] PLATFORM: max-cpus [1024]
[    0.048474] Top of RAM: 0x24af938000, Total RAM: 0x87f354000
[    0.048534] Memory hole size: 115461MB
[    0.053289] Allocated 40960 bytes for kernel page tables.
[    0.053391] Zone ranges:
[    0.053433]   Normal   [mem 0x0000000030400000-0x00000024af937fff]
[    0.053499] Movable zone start for each node
[    0.053544] Early memory node ranges
[    0.053585]   node   0: [mem 0x0000000030400000-0x000000006fe7ffff]
[    0.053645]   node   0: [mem 0x000000006ff00000-0x000000006ff25fff]
[    0.053707]   node   0: [mem 0x0000000070000000-0x000000042fffffff]
[    0.053767]   node   0: [mem 0x0000002030000000-0x00000024af87ffff]
[    0.053828]   node   0: [mem 0x00000024af900000-0x00000024af925fff]
[    0.053889]   node   0: [mem 0x00000024af930000-0x00000024af937fff]
[    0.061252] Zeroed struct page in unavailable ranges: 230130 pages
[    0.061260] Initmem setup node 0 [mem 0x0000000030400000-0x00000024af937fff]
[    0.061419] On node 0 totalpages: 4454826
[    0.061428]   Normal zone: 39154 pages used for memmap
[    0.061434]   Normal zone: 0 pages reserved
[    0.061440]   Normal zone: 4454826 pages, LIFO batch:31
[    0.258578] Booting Linux...
[    0.258663] CPU CAPS: [flush,stbar,swap,muldiv,v9,blkinit,n2,mul32]
[    0.258746] CPU CAPS: [div32,v8plus,popc,vis,vis2,ASIBlkInit,fmaf,vis3]
[    0.259825] CPU CAPS: [hpc,ima,pause,cbcond,aes,des,kasumi,camellia]
[    0.259897] CPU CAPS: [md5,sha1,sha256,sha512,mpmul,montmul,montsqr,crc32c]
[    0.320144] percpu: Embedded 27 pages/cpu s180680 r8192 d32312 u262144
[    0.320405] pcpu-alloc: s180680 r8192 d32312 u262144 alloc=1*4194304
[    0.320412] pcpu-alloc: [0] 000 001 002 003 004 005 006 007 008 009 010 011 012 013 014 015 
[    0.320438] pcpu-alloc: [0] 016 017 018 019 020 021 022 023 024 025 026 027 028 029 030 031 
[    0.320463] pcpu-alloc: [0] 032 033 034 035 036 037 038 039 040 041 042 043 044 045 046 047 
[    0.320488] pcpu-alloc: [0] 048 049 050 051 052 053 054 055 056 057 058 059 060 061 062 063 
[    0.320514] pcpu-alloc: [0] 064 065 066 067 068 069 070 071 072 073 074 075 076 077 078 079 
[    0.320539] pcpu-alloc: [0] 080 081 082 083 084 085 086 087 088 089 090 091 092 093 094 095 
[    0.320564] pcpu-alloc: [0] 096 097 098 099 100 101 102 103 104 105 106 107 108 109 110 111 
[    0.320590] pcpu-alloc: [0] 112 113 114 115 116 117 118 119 120 121 122 123 124 125 126 127 
[    0.320616] pcpu-alloc: [0] 128 129 130 131 132 133 134 135 136 137 138 139 140 141 142 143 
[    0.320641] pcpu-alloc: [0] 144 145 146 147 148 149 150 151 152 153 154 155 156 157 158 159 
[    0.320667] pcpu-alloc: [0] 160 161 162 163 164 165 166 167 168 169 170 171 172 173 174 175 
[    0.320693] pcpu-alloc: [0] 176 177 178 179 180 181 182 183 184 185 186 187 188 189 190 191 
[    0.320718] pcpu-alloc: [0] 192 193 194 195 196 197 198 199 200 201 202 203 204 205 206 207 
[    0.320744] pcpu-alloc: [0] 208 209 210 211 212 213 214 215 216 217 218 219 220 221 222 223 
[    0.320770] pcpu-alloc: [0] 224 225 226 227 228 229 230 231 232 233 234 235 236 237 238 239 
[    0.320795] pcpu-alloc: [0] 240 241 242 243 244 245 246 247 248 249 250 251 252 253 254 255 
[    0.321310] SUN4V: Mondo queue sizes [cpu(131072) dev(16384) r(8192) nr(256)]
[    0.321678] Built 1 zonelists, mobility grouping on.  Total pages: 4415672
[    0.321769] Kernel command line: BOOT_IMAGE=/vmlinux-5.2.0-07109-gd7d170a8e357 root=/dev/vdiska2 ro zswap.enabled=1
[    0.324074] printk: log_buf_len individual max cpu contribution: 4096 bytes
[    0.324151] printk: log_buf_len total cpu_extra contributions: 1044480 bytes
[    0.324216] printk: log_buf_len min size: 131072 bytes
[    0.324597] printk: log_buf_len: 2097152 bytes
[    0.324648] printk: early log buf free: 125888(96%)
[    0.331001] Dentry cache hash table entries: 8388608 (order: 13, 67108864 bytes)
[    0.334281] Inode-cache hash table entries: 4194304 (order: 12, 33554432 bytes)
[    0.334362] Sorting __ex_table...
[    0.413171] Memory: 35102232K/35638608K available (6839K kernel code, 970K rwdata, 2048K rodata, 992K init, 6716K bss, 536376K reserved, 0K cma-reserved)
[    0.414263] kmemleak: Kernel memory leak detector disabled
[    0.414917] ftrace: allocating 19802 entries in 39 pages
[    0.428963] Running RCU self tests
[    0.429036] rcu: Hierarchical RCU implementation.
[    0.429091] rcu: 	RCU event tracing is enabled.
[    0.429142] rcu: 	RCU lockdep checking is enabled.
[    0.430196] 	Tasks RCU enabled.
[    0.430234] rcu: RCU calculated value of scheduler-enlistment delay is 11 jiffies.
[    0.437001] NR_IRQS: 2048, nr_irqs: 2048, preallocated irqs: 1
[    0.437118] SUN4V: Using IRQ API major 3, cookie only virqs enabled
[    0.441585] clocksource: stick: mask: 0xffffffffffffffff max_cycles: 0x1cd42e4dffb, max_idle_ns: 881590591483 ns
[    0.441719] clocksource: mult[800000] shift[23]
[    0.441768] clockevent: mult[80000000] shift[31]
[    0.446040] Console: colour dummy device 80x25
[    0.446116] printk: console [tty0] enabled
[    0.446194] printk: bootconsole [earlyprom0] disabled
[    0.446280] Lock dependency validator: Copyright (c) 2006 Red Hat, Inc., Ingo Molnar
[    0.446329] ... MAX_LOCKDEP_SUBCLASSES:  8
[    0.446359] ... MAX_LOCK_DEPTH:          48
[    0.446389] ... MAX_LOCKDEP_KEYS:        8192
[    0.446420] ... CLASSHASH_SIZE:          4096
[    0.446451] ... MAX_LOCKDEP_ENTRIES:     16384
[    0.446482] ... MAX_LOCKDEP_CHAINS:      32768
[    0.446514] ... CHAINHASH_SIZE:          16384
[    0.446545]  memory used by lock dependency info: 3855 kB
[    0.446581]  per task-struct memory footprint: 1920 bytes
[    0.446793] kmemleak: Early log buffer exceeded (5008), please increase DEBUG_KMEMLEAK_EARLY_LOG_SIZE
[    0.592469] Calibrating delay using timer specific routine.. 2017.42 BogoMIPS (lpj=10087125)
[    0.592538] pid_max: default: 262144 minimum: 2048
[    0.594238] Mount-cache hash table entries: 131072 (order: 7, 1048576 bytes)
[    0.594398] Mountpoint-cache hash table entries: 131072 (order: 7, 1048576 bytes)
[    0.595866] *** VALIDATE proc ***
[    0.596652] *** VALIDATE cgroup1 ***
[    0.596684] *** VALIDATE cgroup2 ***
[    0.599468] rcu: Hierarchical SRCU implementation.
[    0.622075] smp: Bringing up secondary CPUs ...
[    0.703406] smp: Brought up 1 node, 32 CPUs
[    0.710562] devtmpfs: initialized
[    0.716837] Performance events: 
[    0.716892] Testing NMI watchdog ... 
[    0.917007] OK.
[    0.917199] Supported PMU type is 'niagara5'
[    0.917521] random: get_random_u32 called from bucket_table_alloc.isra.4+0x184/0x1c0 with crng_init=0
[    0.918404] ldc.c:v1.1 (July 22, 2008)
[    0.921460] clocksource: jiffies: mask: 0xffffffff max_cycles: 0xffffffff, max_idle_ns: 19112604462750000 ns
[    0.921570] futex hash table entries: 65536 (order: 10, 8388608 bytes)
[    0.931087] NET: Registered protocol family 16
[    0.940829] VIO: Adding device channel-devices (tx_ino = ffffffffffffffff, rx_ino = ffffffffffffffff)
[    0.941095] VIO: Adding device vnet-port-0-0 (tx_ino = 0, rx_ino = 1)
[    0.941311] VIO: Adding device vnet-port-0-1 (tx_ino = 2, rx_ino = 3)
[    0.941498] VIO: Adding device vnet-port-0-2 (tx_ino = 4, rx_ino = 5)
[    0.941689] VIO: Adding device vnet-port-0-3 (tx_ino = 6, rx_ino = 7)
[    0.941879] VIO: Adding device vnet-port-0-4 (tx_ino = 8, rx_ino = 9)
[    0.942062] VIO: Adding device vnet-port-0-5 (tx_ino = 16, rx_ino = 17)
[    0.942250] VIO: Adding device vdc-port-3-0 (tx_ino = a, rx_ino = b)
[    0.942436] VIO: Adding device vdc-port-2-0 (tx_ino = c, rx_ino = d)
[    0.942625] VIO: Adding device vdc-port-1-0 (tx_ino = e, rx_ino = f)
[    0.942808] VIO: Adding device vdc-port-0-0 (tx_ino = 10, rx_ino = 11)
[    0.942996] VIO: Adding device vlds-port-0-0 (tx_ino = 12, rx_ino = 13)
[    0.943192] VIO: Adding device domain-services-port-0 (tx_ino = 12, rx_ino = 13)
[    0.943601] audit: initializing netlink subsys (disabled)
[    0.944033] audit: type=2000 audit(0.490:1): state=initialized audit_enabled=0 res=1
[    0.988670] HugeTLB registered 64.0 KiB page size, pre-allocated 0 pages
[    0.988725] HugeTLB registered 8.00 MiB page size, pre-allocated 0 pages
[    0.988770] HugeTLB registered 256 MiB page size, pre-allocated 0 pages
[    0.988815] HugeTLB registered 2.00 GiB page size, pre-allocated 0 pages
[    1.036280] alg: No test for lzo-rle (lzo-rle-generic)
[    1.036848] alg: No test for lzo-rle (lzo-rle-scomp)
[    1.055026] SUN4V: Reboot data supported (maj=1,min=0).
[    1.055486] ds.c:v1.0 (Jul 11, 2007)
[    1.055909] ds-0: ds_conn_reset() from send_events.isra.3
[    1.057368] clocksource: Switched to clocksource stick
[    1.340912] VFS: Disk quotas dquot_6.6.0
[    1.341414] VFS: Dquot-cache hash table entries: 1024 (order 0, 8192 bytes)
[    1.342061] *** VALIDATE hugetlbfs ***
[    1.360869] NET: Registered protocol family 2
[    1.363370] tcp_listen_portaddr_hash hash table entries: 32768 (order: 8, 2359296 bytes)
[    1.366762] TCP established hash table entries: 524288 (order: 9, 4194304 bytes)
[    1.368898] TCP bind hash table entries: 65536 (order: 9, 4194304 bytes)
[    1.374563] TCP: Hash tables configured (established 524288 bind 65536)
[    1.381099] UDP hash table entries: 32768 (order: 9, 5242880 bytes)
[    1.388017] UDP-Lite hash table entries: 32768 (order: 9, 5242880 bytes)
[    1.401770] NET: Registered protocol family 1
[    1.402908] Trying to unpack rootfs image as initramfs...
[    1.729803] Freeing initrd memory: 10416K
[    1.767030] workingset: timestamp_bits=46 max_order=23 bucket_order=0
[    1.775389] SGI XFS with ACLs, security attributes, debug enabled
[    1.805497] Block layer SCSI generic (bsg) driver version 0.4 loaded (major 252)
[    1.807394] io scheduler mq-deadline registered
[    1.809587] f029b788: ttyS0 at I/O 0x0 (irq = 1, base_baud = 115200) is a SUN4V HCONS
[    1.815882] printk: console [ttyHV0] enabled
[    1.821185] sunvdc.c:v1.2 (November 24, 2014)
[    1.828808] sunvdc: Virtual CDROM vdiskd
[    1.828879] sunvdc: vdiskd: 403160 sectors (196 MB) protocol 1.2
[    1.830476]  vdiskd: vdiskd1 vdiskd2 vdiskd3 vdiskd4 vdiskd5 vdiskd6 vdiskd7
[    1.887468] sunvdc: Virtual Hard disk vdiskc
[    1.887527] sunvdc: vdiskc: 104857600 sectors (51200 MB) protocol 1.2
[    1.941091] sunvdc: Virtual Hard disk vdiskb
[    1.941147] sunvdc: vdiskb: 62914560 sectors (30720 MB) protocol 1.2
[    1.943045]  vdiskb: vdiskb1
[    1.996463] sunvdc: Virtual Hard disk vdiska
[    1.996519] sunvdc: vdiska: 31457280 sectors (15360 MB) protocol 1.2
[    1.997589]  vdiska: vdiska1 vdiska2 vdiska3 vdiska4
[    2.046087] sunvnet: sunvnet 2.0 (February 3, 2017)
[    2.049782] vnet_port vnet-port-0-0 eth0: Sun LDOM vnet 00:14:4f:f8:12:a3
[    2.050409] sunvnet: eth0: PORT ( remote-mac 00:14:4f:fa:f3:f0 switch-port )
[    2.051792] sunvnet: eth0: PORT ( remote-mac 00:14:4f:f8:e5:f3 )
[    2.053103] sunvnet: eth0: PORT ( remote-mac 00:14:4f:f9:b4:97 )
[    2.054446] sunvnet: eth0: PORT ( remote-mac 00:14:4f:f9:8b:83 )
[    2.055754] sunvnet: eth0: PORT ( remote-mac 00:14:4f:f8:3f:1e )
[    2.057058] sunvnet: eth0: PORT ( remote-mac 00:14:4f:f8:fe:47 )
[    2.058792] rtc-sun4v rtc-sun4v: registered as rtc0
[    2.059250] device-mapper: uevent: version 1.0.3
[    2.060438] device-mapper: ioctl: 4.40.0-ioctl (2019-01-18) initialised: dm-devel@redhat.com
[    2.062147] NET: Registered protocol family 17
[    2.072733] zswap: default zpool zbud not available
[    2.072820] zswap: pool creation failed
[    2.124280] Key type big_key registered
[    2.125301] rtc-sun4v rtc-sun4v: setting system clock to 2019-07-17T14:01:22 UTC (1563372082)
[    2.129972] This architecture does not have kernel memory protection.
[    2.130042] Run /init as init process
[    3.098261] random: fast init done
[    3.098281] crc32c_sparc64: Using sparc64 crc32c opcode optimized CRC32C implementation
[    3.687373] raid6: int64x8  gen()  1776 MB/s
[    3.857362] raid6: int64x8  xor()  1444 MB/s
[    4.027359] raid6: int64x4  gen()  2951 MB/s
[    4.197361] raid6: int64x4  xor()  1819 MB/s
[    4.367381] raid6: int64x2  gen()  2734 MB/s
[    4.537355] raid6: int64x2  xor()  1962 MB/s
[    4.707374] raid6: int64x1  gen()  2714 MB/s
[    4.877351] raid6: int64x1  xor()  1601 MB/s
[    4.877402] raid6: using algorithm int64x4 gen() 2951 MB/s
[    4.877442] raid6: .... xor() 1819 MB/s, rmw enabled
[    4.877480] raid6: using intx1 recovery algorithm
[    4.878506] async_tx: api initialized (async)
[    4.879193] xor: automatically using best checksumming function   Niagara   
[    5.114018] EXT4-fs (vdiska2): mounted filesystem with ordered data mode. Opts: (null)
[    6.717593] systemd[1]: Inserted module 'autofs4'
[    6.800863] NET: Registered protocol family 10
[    6.813175] Segment Routing with IPv6
[    6.882623] systemd[1]: systemd 241 running in system mode. (+PAM +AUDIT +SELINUX +IMA +APPARMOR +SMACK +SYSVINIT +UTMP +LIBCRYPTSETUP +GCRYPT +GNUTLS +ACL +XZ +LZ4 -SECCOMP +BLKID +ELFUTILS +KMOD -IDN2 +IDN +PCRE2 default-hierarchy=hybrid)
[    6.883272] systemd[1]: Detected architecture sparc64.
[    6.925073] systemd[1]: Set hostname to <ttip>.
[    6.938892] systemd[1]: Failed to bump fs.file-max, ignoring: Invalid argument
[    7.781441] random: lvmconfig: uninitialized urandom read (4 bytes read)
[    8.557409] systemd[1]: /lib/systemd/system/smbd.service:9: PIDFile= references path below legacy directory /var/run/, updating /var/run/samba/smbd.pid → /run/samba/smbd.pid; please update the unit file accordingly.
[    8.561089] systemd[1]: /lib/systemd/system/nmbd.service:9: PIDFile= references path below legacy directory /var/run/, updating /var/run/samba/nmbd.pid → /run/samba/nmbd.pid; please update the unit file accordingly.
[    8.719225] random: systemd: uninitialized urandom read (16 bytes read)
[    8.726988] random: systemd: uninitialized urandom read (16 bytes read)
[    8.728494] systemd[1]: Listening on Journal Socket.
[    8.753031] systemd[1]: Starting Wait for network to be configured by ifupdown...
[    8.767382] systemd[1]: Starting Availability of block devices...
[    8.769775] systemd[1]: Listening on udev Control Socket.
[    8.789053] urandom_read: 5 callbacks suppressed
[    8.789058] random: systemd: uninitialized urandom read (16 bytes read)
[    8.796552] random: systemd: uninitialized urandom read (16 bytes read)
[    8.926558] EXT4-fs (vdiska2): re-mounted. Opts: errors=remount-ro
[    9.291259] systemd-journald[453]: Received request to flush runtime journal from PID 1
[   11.057630] n2rng v0.3 (Jan 7, 2017)
[   11.057744] n2rng f029b104: Registered RNG HVAPI major 2 minor 0
[   11.057831] n2rng f029b104: Found multi-unit-capable RNG, units: 2
[   11.059037] n2rng f029b104: RNG ready
[   11.114854] sha1_sparc64: Using sparc64 sha1 opcode optimized SHA-1 implementation
[   11.175035] sha256_sparc64: Using sparc64 sha256 opcode optimized SHA-256/SHA-224 implementation
[   11.247590] sha512_sparc64: Using sparc64 sha512 opcode optimized SHA-512/SHA-384 implementation
[   11.268853] md5_sparc64: Using sparc64 md5 opcode optimized MD5 implementation
[   11.292957] aes_sparc64: Using sparc64 aes opcodes optimized AES implementation
[   11.400944] des_sparc64: Using sparc64 des opcodes optimized DES implementation
[   11.449065] camellia_sparc64: Using sparc64 camellia opcodes optimized CAMELLIA implementation
[   12.391449] XFS (dm-0): Mounting V5 Filesystem
[   12.745083] XFS (dm-0): Ending clean mount
[   14.179419] Adding 787176k swap on /dev/vdiska4.  Priority:-2 extents:1 across:787176k FS
[   14.337369] EXT4-fs (vdiska1): mounting ext3 file system using the ext4 subsystem
[   14.354127] EXT4-fs (vdiska1): mounted filesystem with ordered data mode. Opts: (null)
[   16.502702] random: crng init done
