[    0.000018] PROMLIB: Sun IEEE Boot Prom 'OBP 4.38.12 2018/03/28 14:54'
[    0.000030] PROMLIB: Root node compatible: sun4v
[    0.000078] Linux version 5.1.0-rc4-00002-gb3e583825266 (mator@ttip) (gcc version 8.3.0 (Debian 8.3.0-7)) #1061 SMP Sat Jul 13 15:10:44 MSK 2019
[    0.000395] printk: bootconsole [earlyprom0] enabled
[    0.000451] ARCH: SUN4V
[    0.000504] Ethernet address: 00:14:4f:fa:06:f2
[    0.000558] MM: PAGE_OFFSET is 0xfff8000000000000 (max_phys_bits == 47)
[    0.000623] MM: VMALLOC [0x0000000100000000 --> 0x0006000000000000]
[    0.000686] MM: VMEMMAP [0x0006000000000000 --> 0x000c000000000000]
[    0.012631] Kernel: Using 5 locked TLB entries for main kernel image.
[    0.012717] Remapping the kernel... 
[    0.012742] done.
[    0.048283] OF stdout device is: /virtual-devices@100/console@1
[    0.048364] PROM: Built device tree with 86230 bytes of memory.
[    0.048429] MDESC: Size is 36560 bytes.
[    0.048554] PLATFORM: banner-name [SPARC T5-2]
[    0.048605] PLATFORM: name [ORCL,SPARC-T5-2]
[    0.048650] PLATFORM: hostid [84fa06f2]
[    0.048693] PLATFORM: serial# [0035260e]
[    0.048736] PLATFORM: stick-frequency [3b9aca00]
[    0.048784] PLATFORM: mac-address [144ffa06f2]
[    0.048830] PLATFORM: watchdog-resolution [1000 ms]
[    0.048880] PLATFORM: watchdog-max-timeout [31536000000 ms]
[    0.048935] PLATFORM: max-cpus [1024]
[    0.049048] Top of RAM: 0x24af938000, Total RAM: 0x87f354000
[    0.049109] Memory hole size: 115461MB
[    0.053805] Allocated 40960 bytes for kernel page tables.
[    0.053922] Zone ranges:
[    0.053966]   Normal   [mem 0x0000000030400000-0x00000024af937fff]
[    0.054031] Movable zone start for each node
[    0.055079] Early memory node ranges
[    0.055121]   node   0: [mem 0x0000000030400000-0x000000006fe7ffff]
[    0.055183]   node   0: [mem 0x000000006ff00000-0x000000006ff25fff]
[    0.055243]   node   0: [mem 0x0000000070000000-0x000000042fffffff]
[    0.055304]   node   0: [mem 0x0000002030000000-0x00000024af87ffff]
[    0.055367]   node   0: [mem 0x00000024af900000-0x00000024af925fff]
[    0.055428]   node   0: [mem 0x00000024af930000-0x00000024af937fff]
[    0.062878] Zeroed struct page in unavailable ranges: 230130 pages
[    0.062885] Initmem setup node 0 [mem 0x0000000030400000-0x00000024af937fff]
[    0.063045] On node 0 totalpages: 4454826
[    0.063054]   Normal zone: 39154 pages used for memmap
[    0.063059]   Normal zone: 0 pages reserved
[    0.063065]   Normal zone: 4454826 pages, LIFO batch:31
[    0.262251] Booting Linux...
[    0.262335] CPU CAPS: [flush,stbar,swap,muldiv,v9,blkinit,n2,mul32]
[    0.262414] CPU CAPS: [div32,v8plus,popc,vis,vis2,ASIBlkInit,fmaf,vis3]
[    0.262489] CPU CAPS: [hpc,ima,pause,cbcond,aes,des,kasumi,camellia]
[    0.263579] CPU CAPS: [md5,sha1,sha256,sha512,mpmul,montmul,montsqr,crc32c]
[    0.319278] percpu: Embedded 20 pages/cpu @(____ptrval____) s122120 r8192 d33528 u262144
[    0.319551] pcpu-alloc: s122120 r8192 d33528 u262144 alloc=1*4194304
[    0.319558] pcpu-alloc: [0] 000 001 002 003 004 005 006 007 008 009 010 011 012 013 014 015 
[    0.319584] pcpu-alloc: [0] 016 017 018 019 020 021 022 023 024 025 026 027 028 029 030 031 
[    0.319610] pcpu-alloc: [0] 032 033 034 035 036 037 038 039 040 041 042 043 044 045 046 047 
[    0.319636] pcpu-alloc: [0] 048 049 050 051 052 053 054 055 056 057 058 059 060 061 062 063 
[    0.319661] pcpu-alloc: [0] 064 065 066 067 068 069 070 071 072 073 074 075 076 077 078 079 
[    0.319687] pcpu-alloc: [0] 080 081 082 083 084 085 086 087 088 089 090 091 092 093 094 095 
[    0.319713] pcpu-alloc: [0] 096 097 098 099 100 101 102 103 104 105 106 107 108 109 110 111 
[    0.319739] pcpu-alloc: [0] 112 113 114 115 116 117 118 119 120 121 122 123 124 125 126 127 
[    0.319765] pcpu-alloc: [0] 128 129 130 131 132 133 134 135 136 137 138 139 140 141 142 143 
[    0.319790] pcpu-alloc: [0] 144 145 146 147 148 149 150 151 152 153 154 155 156 157 158 159 
[    0.319816] pcpu-alloc: [0] 160 161 162 163 164 165 166 167 168 169 170 171 172 173 174 175 
[    0.319842] pcpu-alloc: [0] 176 177 178 179 180 181 182 183 184 185 186 187 188 189 190 191 
[    0.319868] pcpu-alloc: [0] 192 193 194 195 196 197 198 199 200 201 202 203 204 205 206 207 
[    0.319894] pcpu-alloc: [0] 208 209 210 211 212 213 214 215 216 217 218 219 220 221 222 223 
[    0.319921] pcpu-alloc: [0] 224 225 226 227 228 229 230 231 232 233 234 235 236 237 238 239 
[    0.319946] pcpu-alloc: [0] 240 241 242 243 244 245 246 247 248 249 250 251 252 253 254 255 
[    0.320445] SUN4V: Mondo queue sizes [cpu(131072) dev(16384) r(8192) nr(256)]
[    0.320845] Built 1 zonelists, mobility grouping on.  Total pages: 4415672
[    0.320942] Kernel command line: BOOT_IMAGE=/vmlinuz-5.1.0-rc4-00002-gb3e583825266 root=/dev/vdiska2 ro zswap.enabled=1
[    0.324440] printk: log_buf_len individual max cpu contribution: 4096 bytes
[    0.324542] printk: log_buf_len total cpu_extra contributions: 1044480 bytes
[    0.324612] printk: log_buf_len min size: 131072 bytes
[    0.325017] printk: log_buf_len: 2097152 bytes
[    0.325068] printk: early log buf free: 125864(96%)
[    0.331830] Dentry cache hash table entries: 8388608 (order: 13, 67108864 bytes)
[    0.335322] Inode-cache hash table entries: 4194304 (order: 12, 33554432 bytes)
[    0.335428] Sorting __ex_table...
[    0.414869] Memory: 35115448K/35638608K available (6803K kernel code, 968K rwdata, 1992K rodata, 920K init, 8129K bss, 523160K reserved, 0K cma-reserved)
[    0.415873] kmemleak: Kernel memory leak detector disabled
[    0.416478] ftrace: allocating 19800 entries in 39 pages
[    0.431353] Running RCU self tests
[    0.431431] rcu: Hierarchical RCU implementation.
[    0.431484] rcu: 	RCU event tracing is enabled.
[    0.431536] rcu: 	RCU lockdep checking is enabled.
[    0.431585] 	Tasks RCU enabled.
[    0.432648] rcu: RCU calculated value of scheduler-enlistment delay is 11 jiffies.
[    0.439520] NR_IRQS: 2048, nr_irqs: 2048, preallocated irqs: 1
[    0.439647] SUN4V: Using IRQ API major 3, cookie only virqs enabled
[    0.443940] clocksource: stick: mask: 0xffffffffffffffff max_cycles: 0x1cd42e4dffb, max_idle_ns: 881590591483 ns
[    0.444075] clocksource: mult[800000] shift[23]
[    0.444124] clockevent: mult[80000000] shift[31]
[    0.447983] Console: colour dummy device 80x25
[    0.448071] printk: console [tty0] enabled
[    0.448152] printk: bootconsole [earlyprom0] disabled
[    0.448238] Lock dependency validator: Copyright (c) 2006 Red Hat, Inc., Ingo Molnar
[    0.448284] ... MAX_LOCKDEP_SUBCLASSES:  8
[    0.448312] ... MAX_LOCK_DEPTH:          48
[    0.448341] ... MAX_LOCKDEP_KEYS:        8191
[    0.448371] ... CLASSHASH_SIZE:          4096
[    0.448401] ... MAX_LOCKDEP_ENTRIES:     16384
[    0.448431] ... MAX_LOCKDEP_CHAINS:      32768
[    0.448461] ... CHAINHASH_SIZE:          16384
[    0.448491]  memory used by lock dependency info: 5261 kB
[    0.448526]  per task-struct memory footprint: 1920 bytes
[    0.448741] kmemleak: Early log buffer exceeded (4941), please increase DEBUG_KMEMLEAK_EARLY_LOG_SIZE
[    0.594830] Calibrating delay using timer specific routine.. 2017.55 BogoMIPS (lpj=10087752)
[    0.594898] pid_max: default: 262144 minimum: 2048
[    0.596611] Mount-cache hash table entries: 131072 (order: 7, 1048576 bytes)
[    0.596776] Mountpoint-cache hash table entries: 131072 (order: 7, 1048576 bytes)
[    0.598288] *** VALIDATE proc ***
[    0.598983] *** VALIDATE cgroup1 ***
[    0.599013] *** VALIDATE cgroup2 ***
[    0.601909] rcu: Hierarchical SRCU implementation.
[    0.624865] smp: Bringing up secondary CPUs ...
[    0.714235] smp: Brought up 1 node, 32 CPUs
[    0.721950] devtmpfs: initialized
[    0.728533] Performance events: 
[    0.728592] Testing NMI watchdog ... 
[    0.928720] OK.
[    0.928884] Supported PMU type is 'niagara5'
[    0.929214] random: get_random_u32 called from bucket_table_alloc.isra.4+0x13c/0x1c0 with crng_init=0
[    0.930097] ldc.c:v1.1 (July 22, 2008)
[    0.933389] clocksource: jiffies: mask: 0xffffffff max_cycles: 0xffffffff, max_idle_ns: 19112604462750000 ns
[    0.933499] futex hash table entries: 65536 (order: 10, 8388608 bytes)
[    0.943457] NET: Registered protocol family 16
[    0.953610] VIO: Adding device channel-devices (tx_ino = ffffffffffffffff, rx_ino = ffffffffffffffff)
[    0.953882] VIO: Adding device vnet-port-0-0 (tx_ino = 0, rx_ino = 1)
[    0.954098] VIO: Adding device vnet-port-0-1 (tx_ino = 2, rx_ino = 3)
[    0.954285] VIO: Adding device vnet-port-0-2 (tx_ino = 4, rx_ino = 5)
[    0.954479] VIO: Adding device vnet-port-0-3 (tx_ino = 6, rx_ino = 7)
[    0.954665] VIO: Adding device vnet-port-0-4 (tx_ino = 8, rx_ino = 9)
[    0.954854] VIO: Adding device vnet-port-0-5 (tx_ino = 16, rx_ino = 17)
[    0.955051] VIO: Adding device vdc-port-3-0 (tx_ino = a, rx_ino = b)
[    0.955251] VIO: Adding device vdc-port-2-0 (tx_ino = c, rx_ino = d)
[    0.955439] VIO: Adding device vdc-port-1-0 (tx_ino = e, rx_ino = f)
[    0.955628] VIO: Adding device vdc-port-0-0 (tx_ino = 10, rx_ino = 11)
[    0.955823] VIO: Adding device vlds-port-0-0 (tx_ino = 12, rx_ino = 13)
[    0.956033] VIO: Adding device domain-services-port-0 (tx_ino = 12, rx_ino = 13)
[    0.956458] audit: initializing netlink subsys (disabled)
[    0.956903] audit: type=2000 audit(0.510:1): state=initialized audit_enabled=0 res=1
[    1.001856] HugeTLB registered 64.0 KiB page size, pre-allocated 0 pages
[    1.001909] HugeTLB registered 8.00 MiB page size, pre-allocated 0 pages
[    1.001952] HugeTLB registered 256 MiB page size, pre-allocated 0 pages
[    1.001994] HugeTLB registered 2.00 GiB page size, pre-allocated 0 pages
[    1.014192] SUN4V: Reboot data supported (maj=1,min=0).
[    1.014643] ds.c:v1.0 (Jul 11, 2007)
[    1.015067] ds-0: ds_conn_reset() from send_events.isra.3
[    1.016503] clocksource: Switched to clocksource stick
[    1.290516] VFS: Disk quotas dquot_6.6.0
[    1.291077] VFS: Dquot-cache hash table entries: 1024 (order 0, 8192 bytes)
[    1.291796] *** VALIDATE hugetlbfs ***
[    1.311060] NET: Registered protocol family 2
[    1.315981] tcp_listen_portaddr_hash hash table entries: 32768 (order: 8, 2359296 bytes)
[    1.319456] TCP established hash table entries: 524288 (order: 9, 4194304 bytes)
[    1.321534] TCP bind hash table entries: 65536 (order: 9, 4194304 bytes)
[    1.327875] TCP: Hash tables configured (established 524288 bind 65536)
[    1.334591] UDP hash table entries: 32768 (order: 9, 5242880 bytes)
[    1.341858] UDP-Lite hash table entries: 32768 (order: 9, 5242880 bytes)
[    1.355705] NET: Registered protocol family 1
[    1.356502] Unpacking initramfs...
[    1.680293] Freeing initrd memory: 10280K
[    1.717202] workingset: timestamp_bits=46 max_order=23 bucket_order=0
[    1.723332] SGI XFS with ACLs, security attributes, debug enabled
[    1.879652] alg: No test for lzo-rle (lzo-rle-generic)
[    1.887620] alg: No test for lzo-rle (lzo-rle-scomp)
[    1.997433] Block layer SCSI generic (bsg) driver version 0.4 loaded (major 252)
[    1.999207] io scheduler mq-deadline registered
[    2.001100] f029b788: ttyS0 at I/O 0x0 (irq = 1, base_baud = 115200) is a SUN4V HCONS
[    2.006872] printk: console [ttyHV0] enabled
[    2.011306] sunvdc.c:v1.2 (November 24, 2014)
[    2.018862] sunvdc: Virtual CDROM vdiskd
[    2.018929] sunvdc: vdiskd: 403160 sectors (196 MB) protocol 1.2
[    2.020531]  vdiskd: vdiskd1 vdiskd2 vdiskd3 vdiskd4 vdiskd5 vdiskd6 vdiskd7
[    2.076032] sunvdc: Virtual Hard disk vdiskc
[    2.076086] sunvdc: vdiskc: 104857600 sectors (51200 MB) protocol 1.2
[    2.128094] sunvdc: Virtual Hard disk vdiskb
[    2.128147] sunvdc: vdiskb: 62914560 sectors (30720 MB) protocol 1.2
[    2.138385]  vdiskb: vdiskb1
[    2.190372] sunvdc: Virtual Hard disk vdiska
[    2.190424] sunvdc: vdiska: 31457280 sectors (15360 MB) protocol 1.2
[    2.191377]  vdiska: vdiska1 vdiska2 vdiska3 vdiska4
[    2.237877] sunvnet: sunvnet 2.0 (February 3, 2017)
[    2.241585] vnet_port vnet-port-0-0 eth0: Sun LDOM vnet 00:14:4f:f8:12:a3
[    2.242222] sunvnet: eth0: PORT ( remote-mac 00:14:4f:fa:f3:f0 switch-port )
[    2.243625] sunvnet: eth0: PORT ( remote-mac 00:14:4f:f8:e5:f3 )
[    2.245015] sunvnet: eth0: PORT ( remote-mac 00:14:4f:f9:b4:97 )
[    2.246481] sunvnet: eth0: PORT ( remote-mac 00:14:4f:f9:8b:83 )
[    2.247855] sunvnet: eth0: PORT ( remote-mac 00:14:4f:f8:3f:1e )
[    2.249213] sunvnet: eth0: PORT ( remote-mac 00:14:4f:f8:fe:47 )
[    2.250976] rtc-sun4v rtc-sun4v: registered as rtc0
[    2.251469] device-mapper: uevent: version 1.0.3
[    2.252743] device-mapper: ioctl: 4.40.0-ioctl (2019-01-18) initialised: dm-devel@redhat.com
[    2.254531] NET: Registered protocol family 17
[    2.265536] zswap: default zpool zbud not available
[    2.265622] zswap: pool creation failed
[    2.314941] Key type big_key registered
[    2.315866] rtc-sun4v rtc-sun4v: setting system clock to 2019-07-13T18:10:56 UTC (1563041456)
[    2.320247] This architecture does not have kernel memory protection.
[    2.320303] Run /init as init process
[    3.233334] crc32c_sparc64: Using sparc64 crc32c opcode optimized CRC32C implementation
[    3.956481] raid6: int64x8  gen()  2083 MB/s
[    4.126474] raid6: int64x8  xor()  1538 MB/s
[    4.296480] raid6: int64x4  gen()  3298 MB/s
[    4.466483] raid6: int64x4  xor()  1955 MB/s
[    4.636492] raid6: int64x2  gen()  2786 MB/s
[    4.806481] raid6: int64x2  xor()  1942 MB/s
[    4.976473] raid6: int64x1  gen()  2723 MB/s
[    5.146481] raid6: int64x1  xor()  1638 MB/s
[    5.146530] raid6: using algorithm int64x4 gen() 3298 MB/s
[    5.146568] raid6: .... xor() 1955 MB/s, rmw enabled
[    5.146603] raid6: using intx1 recovery algorithm
[    5.147607] async_tx: api initialized (async)
[    5.148334] xor: automatically using best checksumming function   Niagara   
[    5.293049] random: fast init done
[    5.387153] EXT4-fs (vdiska2): mounted filesystem with ordered data mode. Opts: (null)
[    7.182010] systemd[1]: Inserted module 'autofs4'
[    7.192041] NET: Registered protocol family 10
[    7.204822] Segment Routing with IPv6
[    7.291121] systemd[1]: systemd 241 running in system mode. (+PAM +AUDIT +SELINUX +IMA +APPARMOR +SMACK +SYSVINIT +UTMP +LIBCRYPTSETUP +GCRYPT +GNUTLS +ACL +XZ +LZ4 -SECCOMP +BLKID +ELFUTILS +KMOD -IDN2 +IDN +PCRE2 default-hierarchy=hybrid)
[    7.291656] systemd[1]: Detected architecture sparc64.
[    7.331188] systemd[1]: Set hostname to <ttip>.
[    8.263173] random: lvmconfig: uninitialized urandom read (4 bytes read)
[    9.119106] systemd[1]: /lib/systemd/system/smbd.service:9: PIDFile= references path below legacy directory /var/run/, updating /var/run/samba/smbd.pid → /run/samba/smbd.pid; please update the unit file accordingly.
[    9.123014] systemd[1]: /lib/systemd/system/nmbd.service:9: PIDFile= references path below legacy directory /var/run/, updating /var/run/samba/nmbd.pid → /run/samba/nmbd.pid; please update the unit file accordingly.
[    9.316353] random: systemd: uninitialized urandom read (16 bytes read)
[    9.340322] random: systemd: uninitialized urandom read (16 bytes read)
[    9.355488] systemd[1]: Created slice system-postfix.slice.
[    9.357053] random: systemd: uninitialized urandom read (16 bytes read)
[    9.358017] systemd[1]: Listening on Journal Audit Socket.
[    9.360028] systemd[1]: Listening on Journal Socket.
[    9.374737] systemd[1]: Mounting Huge Pages File System...
[    9.388390] systemd[1]: Starting Wait for network to be configured by ifupdown...
[    9.744482] EXT4-fs (vdiska2): re-mounted. Opts: errors=remount-ro
[    9.933567] systemd-journald[467]: Received request to flush runtime journal from PID 1
[   11.394591] sha1_sparc64: Using sparc64 sha1 opcode optimized SHA-1 implementation
[   11.428576] sha256_sparc64: Using sparc64 sha256 opcode optimized SHA-256/SHA-224 implementation
[   11.455999] sha512_sparc64: Using sparc64 sha512 opcode optimized SHA-512/SHA-384 implementation
[   11.459141] md5_sparc64: Using sparc64 md5 opcode optimized MD5 implementation
[   11.480145] aes_sparc64: Using sparc64 aes opcodes optimized AES implementation
[   11.566635] n2rng v0.3 (Jan 7, 2017)
[   11.566708] n2rng f029b104: Registered RNG HVAPI major 2 minor 0
[   11.566758] n2rng f029b104: Found multi-unit-capable RNG, units: 2
[   11.567676] n2rng f029b104: RNG ready
[   11.586105] des_sparc64: Using sparc64 des opcodes optimized DES implementation
[   11.670519] camellia_sparc64: Using sparc64 camellia opcodes optimized CAMELLIA implementation
[   13.173887] XFS (dm-0): Mounting V5 Filesystem
[   13.291440] XFS (dm-0): Ending clean mount
[   15.074827] Adding 787176k swap on /dev/vdiska4.  Priority:-2 extents:1 across:787176k FS
[   15.422847] EXT4-fs (vdiska1): mounting ext3 file system using the ext4 subsystem
[   15.433739] EXT4-fs (vdiska1): mounted filesystem with ordered data mode. Opts: (null)
[   16.893653] random: crng init done
[   16.893701] random: 6 urandom warning(s) missed due to ratelimiting
