[    0.000019] PROMLIB: Sun IEEE Boot Prom 'OBP 4.38.12 2018/03/28 14:54'
[    0.000030] PROMLIB: Root node compatible: sun4v
[    0.000077] Linux version 5.0.0-11053-gebc551f2b8f9 (mator@ttip) (gcc version 8.3.0 (Debian 8.3.0-2)) #935 SMP Wed Mar 13 12:27:04 MSK 2019
[    0.000383] printk: bootconsole [earlyprom0] enabled
[    0.000436] ARCH: SUN4V
[    0.000486] Ethernet address: 00:14:4f:fa:06:f2
[    0.000537] MM: PAGE_OFFSET is 0xfff8000000000000 (max_phys_bits == 47)
[    0.000601] MM: VMALLOC [0x0000000100000000 --> 0x0006000000000000]
[    0.000663] MM: VMEMMAP [0x0006000000000000 --> 0x000c000000000000]
[    0.012558] Kernel: Using 5 locked TLB entries for main kernel image.
[    0.012628] Remapping the kernel... 
[    0.012651] done.
[    0.039262] OF stdout device is: /virtual-devices@100/console@1
[    0.039325] PROM: Built device tree with 75126 bytes of memory.
[    0.039386] MDESC: Size is 31056 bytes.
[    0.039492] PLATFORM: banner-name [SPARC T5-2]
[    0.039542] PLATFORM: name [ORCL,SPARC-T5-2]
[    0.039589] PLATFORM: hostid [84fa06f2]
[    0.039631] PLATFORM: serial# [0035260e]
[    0.039674] PLATFORM: stick-frequency [3b9aca00]
[    0.039722] PLATFORM: mac-address [144ffa06f2]
[    0.039769] PLATFORM: watchdog-resolution [1000 ms]
[    0.039820] PLATFORM: watchdog-max-timeout [31536000000 ms]
[    0.039875] PLATFORM: max-cpus [1024]
[    0.039965] Top of RAM: 0x24af948000, Total RAM: 0x87f386000
[    0.040027] Memory hole size: 115461MB
[    0.044112] Allocated 40960 bytes for kernel page tables.
[    0.044189] Zone ranges:
[    0.044230]   Normal   [mem 0x0000000030400000-0x00000024af947fff]
[    0.044292] Movable zone start for each node
[    0.044338] Early memory node ranges
[    0.044379]   node   0: [mem 0x0000000030400000-0x000000006febffff]
[    0.044441]   node   0: [mem 0x000000006ff40000-0x000000006ff47fff]
[    0.044504]   node   0: [mem 0x0000000070000000-0x000000042fffffff]
[    0.044565]   node   0: [mem 0x0000002030000000-0x00000024af8b5fff]
[    0.044628]   node   0: [mem 0x00000024af940000-0x00000024af947fff]
[    0.051984] Zeroed struct page in unavailable ranges: 230113 pages
[    0.051991] Initmem setup node 0 [mem 0x0000000030400000-0x00000024af947fff]
[    0.052149] On node 0 totalpages: 4454851
[    0.052157]   Normal zone: 39154 pages used for memmap
[    0.052162]   Normal zone: 0 pages reserved
[    0.052168]   Normal zone: 4454851 pages, LIFO batch:31
[    0.249075] Booting Linux...
[    0.249159] CPU CAPS: [flush,stbar,swap,muldiv,v9,blkinit,n2,mul32]
[    0.249242] CPU CAPS: [div32,v8plus,popc,vis,vis2,ASIBlkInit,fmaf,vis3]
[    0.249321] CPU CAPS: [hpc,ima,pause,cbcond,aes,des,kasumi,camellia]
[    0.249392] CPU CAPS: [md5,sha1,sha256,sha512,mpmul,montmul,montsqr,crc32c]
[    0.299467] percpu: Embedded 20 pages/cpu @(____ptrval____) s122120 r8192 d33528 u262144
[    0.299694] pcpu-alloc: s122120 r8192 d33528 u262144 alloc=1*4194304
[    0.299701] pcpu-alloc: [0] 000 001 002 003 004 005 006 007 008 009 010 011 012 013 014 015 
[    0.299728] pcpu-alloc: [0] 016 017 018 019 020 021 022 023 024 025 026 027 028 029 030 031 
[    0.299755] pcpu-alloc: [0] 032 033 034 035 036 037 038 039 040 041 042 043 044 045 046 047 
[    0.299782] pcpu-alloc: [0] 048 049 050 051 052 053 054 055 056 057 058 059 060 061 062 063 
[    0.299808] pcpu-alloc: [0] 064 065 066 067 068 069 070 071 072 073 074 075 076 077 078 079 
[    0.299835] pcpu-alloc: [0] 080 081 082 083 084 085 086 087 088 089 090 091 092 093 094 095 
[    0.299862] pcpu-alloc: [0] 096 097 098 099 100 101 102 103 104 105 106 107 108 109 110 111 
[    0.299889] pcpu-alloc: [0] 112 113 114 115 116 117 118 119 120 121 122 123 124 125 126 127 
[    0.299916] pcpu-alloc: [0] 128 129 130 131 132 133 134 135 136 137 138 139 140 141 142 143 
[    0.299943] pcpu-alloc: [0] 144 145 146 147 148 149 150 151 152 153 154 155 156 157 158 159 
[    0.299970] pcpu-alloc: [0] 160 161 162 163 164 165 166 167 168 169 170 171 172 173 174 175 
[    0.299997] pcpu-alloc: [0] 176 177 178 179 180 181 182 183 184 185 186 187 188 189 190 191 
[    0.300024] pcpu-alloc: [0] 192 193 194 195 196 197 198 199 200 201 202 203 204 205 206 207 
[    0.300051] pcpu-alloc: [0] 208 209 210 211 212 213 214 215 216 217 218 219 220 221 222 223 
[    0.300078] pcpu-alloc: [0] 224 225 226 227 228 229 230 231 232 233 234 235 236 237 238 239 
[    0.300105] pcpu-alloc: [0] 240 241 242 243 244 245 246 247 248 249 250 251 252 253 254 255 
[    0.300536] SUN4V: Mondo queue sizes [cpu(131072) dev(16384) r(8192) nr(256)]
[    0.300845] Built 1 zonelists, mobility grouping on.  Total pages: 4415697
[    0.300934] Kernel command line: BOOT_IMAGE=/vmlinuz-5.0.0-11053-gebc551f2b8f9 root=/dev/vdiska2 ro zswap.enabled=1
[    0.303412] printk: log_buf_len individual max cpu contribution: 4096 bytes
[    0.303484] printk: log_buf_len total cpu_extra contributions: 1044480 bytes
[    0.303551] printk: log_buf_len min size: 131072 bytes
[    0.303922] printk: log_buf_len: 2097152 bytes
[    0.303973] printk: early log buf free: 125952(96%)
[    0.310291] Dentry cache hash table entries: 8388608 (order: 13, 67108864 bytes)
[    0.313523] Inode-cache hash table entries: 4194304 (order: 12, 33554432 bytes)
[    0.313593] Sorting __ex_table...
[    0.391458] Memory: 35116712K/35638808K available (6173K kernel code, 855K rwdata, 1784K rodata, 888K init, 8175K bss, 522096K reserved, 0K cma-reserved)
[    0.393174] ftrace: allocating 18749 entries in 37 pages
[    0.402226] kmemleak: Kernel memory leak detector disabled
[    0.406790] Running RCU self tests
[    0.406835] rcu: Hierarchical RCU implementation.
[    0.406885] rcu: 	RCU event tracing is enabled.
[    0.406933] rcu: 	RCU lockdep checking is enabled.
[    0.406983] 	Tasks RCU enabled.
[    0.407020] rcu: RCU calculated value of scheduler-enlistment delay is 11 jiffies.
[    0.412467] NR_IRQS: 2048, nr_irqs: 2048, preallocated irqs: 1
[    0.412548] SUN4V: Using IRQ API major 3, cookie only virqs enabled
[    0.416700] clocksource: stick: mask: 0xffffffffffffffff max_cycles: 0x1cd42e4dffb, max_idle_ns: 881590591483 ns
[    0.416833] clocksource: mult[800000] shift[23]
[    0.416882] clockevent: mult[80000000] shift[31]
[    0.421131] Console: colour dummy device 80x25
[    0.421195] printk: console [tty0] enabled
[    0.421272] printk: bootconsole [earlyprom0] disabled
[    0.421356] Lock dependency validator: Copyright (c) 2006 Red Hat, Inc., Ingo Molnar
[    0.421402] ... MAX_LOCKDEP_SUBCLASSES:  8
[    0.421431] ... MAX_LOCK_DEPTH:          48
[    0.421460] ... MAX_LOCKDEP_KEYS:        8191
[    0.421490] ... CLASSHASH_SIZE:          4096
[    0.421519] ... MAX_LOCKDEP_ENTRIES:     16384
[    0.421549] ... MAX_LOCKDEP_CHAINS:      32768
[    0.421579] ... CHAINHASH_SIZE:          16384
[    0.421609]  memory used by lock dependency info: 5261 kB
[    0.421643]  per task-struct memory footprint: 1920 bytes
[    0.421847] kmemleak: Early log buffer exceeded (4312), please increase DEBUG_KMEMLEAK_EARLY_LOG_SIZE
[    0.567125] Calibrating delay using timer specific routine.. 2004.58 BogoMIPS (lpj=10022937)
[    0.567186] pid_max: default: 262144 minimum: 2048
[    0.568314] LSM: Security Framework initializing
[    0.568564] SELinux:  Initializing.
[    0.569220] *** VALIDATE SELinux ***
[    0.569806] Mount-cache hash table entries: 131072 (order: 7, 1048576 bytes)
[    0.569966] Mountpoint-cache hash table entries: 131072 (order: 7, 1048576 bytes)
[    0.571441] *** VALIDATE proc ***
[    0.572101] *** VALIDATE cgroup1 ***
[    0.572132] *** VALIDATE cgroup2 ***
[    0.575127] rcu: Hierarchical SRCU implementation.
[    0.598320] smp: Bringing up secondary CPUs ...
[    0.660584] smp: Brought up 1 node, 24 CPUs
[    0.668042] devtmpfs: initialized
[    0.673492] Performance events: 
[    0.673524] Testing NMI watchdog ... 
[    0.873619] OK.
[    0.873752] Supported PMU type is 'niagara5'
[    0.874052] random: get_random_u32 called from bucket_table_alloc.isra.4+0x13c/0x1c0 with crng_init=0
[    0.874792] ldc.c:v1.1 (July 22, 2008)
[    0.877606] clocksource: jiffies: mask: 0xffffffff max_cycles: 0xffffffff, max_idle_ns: 19112604462750000 ns
[    0.877703] futex hash table entries: 65536 (order: 10, 8388608 bytes)
[    0.887596] NET: Registered protocol family 16
[    0.896913] VIO: Adding device channel-devices (tx_ino = ffffffffffffffff, rx_ino = ffffffffffffffff)
[    0.897148] VIO: Adding device vnet-port-0-0 (tx_ino = 0, rx_ino = 1)
[    0.897380] VIO: Adding device vnet-port-0-1 (tx_ino = 2, rx_ino = 3)
[    0.897575] VIO: Adding device vnet-port-0-2 (tx_ino = 4, rx_ino = 5)
[    0.897773] VIO: Adding device vnet-port-0-3 (tx_ino = 6, rx_ino = 7)
[    0.898010] VIO: Adding device vnet-port-0-4 (tx_ino = 8, rx_ino = 9)
[    0.898205] VIO: Adding device vnet-port-0-5 (tx_ino = 16, rx_ino = 17)
[    0.898397] VIO: Adding device vdc-port-3-0 (tx_ino = a, rx_ino = b)
[    0.898599] VIO: Adding device vdc-port-2-0 (tx_ino = c, rx_ino = d)
[    0.898793] VIO: Adding device vdc-port-1-0 (tx_ino = e, rx_ino = f)
[    0.898990] VIO: Adding device vdc-port-0-0 (tx_ino = 10, rx_ino = 11)
[    0.899182] VIO: Adding device vlds-port-0-0 (tx_ino = 12, rx_ino = 13)
[    0.899382] VIO: Adding device domain-services-port-0 (tx_ino = 12, rx_ino = 13)
[    0.899763] audit: initializing netlink subsys (disabled)
[    0.900118] audit: type=2000 audit(0.480:1): state=initialized audit_enabled=0 res=1
[    0.945766] HugeTLB registered 64.0 KiB page size, pre-allocated 0 pages
[    0.945812] HugeTLB registered 8.00 MiB page size, pre-allocated 0 pages
[    0.945855] HugeTLB registered 256 MiB page size, pre-allocated 0 pages
[    0.945898] HugeTLB registered 2.00 GiB page size, pre-allocated 0 pages
[    0.960409] SUN4V: Reboot data supported (maj=1,min=0).
[    0.960825] ds.c:v1.0 (Jul 11, 2007)
[    0.961242] ds-0: ds_conn_reset() from send_events.isra.3
[    0.962708] clocksource: Switched to clocksource stick
[    1.181268] VFS: Disk quotas dquot_6.6.0
[    1.181766] VFS: Dquot-cache hash table entries: 1024 (order 0, 8192 bytes)
[    1.182383] *** VALIDATE hugetlbfs ***
[    1.203111] NET: Registered protocol family 2
[    1.205477] tcp_listen_portaddr_hash hash table entries: 32768 (order: 8, 2359296 bytes)
[    1.208737] TCP established hash table entries: 524288 (order: 9, 4194304 bytes)
[    1.210752] TCP bind hash table entries: 65536 (order: 9, 4194304 bytes)
[    1.216392] TCP: Hash tables configured (established 524288 bind 65536)
[    1.224101] UDP hash table entries: 32768 (order: 9, 5242880 bytes)
[    1.231630] UDP-Lite hash table entries: 32768 (order: 9, 5242880 bytes)
[    1.247282] NET: Registered protocol family 1
[    1.248222] Unpacking initramfs...
[    1.566217] Freeing initrd memory: 10184K
[    1.604105] workingset: timestamp_bits=46 max_order=23 bucket_order=0
[    1.605434] zbud: loaded
[    1.612741] alg: extra crypto tests enabled.  This is intended for developer use only.
[    1.740784] alg: No test for lzo-rle (lzo-rle-generic)
[    1.747120] alg: No test for lzo-rle (lzo-rle-scomp)
[    1.856673] Block layer SCSI generic (bsg) driver version 0.4 loaded (major 252)
[    1.858314] io scheduler mq-deadline registered
[    1.858350] io scheduler kyber registered
[    1.859957] f029b788: ttyS0 at I/O 0x0 (irq = 1, base_baud = 115200) is a SUN4V HCONS
[    1.865762] printk: console [ttyHV0] enabled
[    1.869478] sunvdc.c:v1.2 (November 24, 2014)
[    1.876735] sunvdc: Virtual CDROM vdiskd
[    1.876793] sunvdc: vdiskd: 403160 sectors (196 MB) protocol 1.2
[    1.878265]  vdiskd: vdiskd1 vdiskd2 vdiskd3 vdiskd4 vdiskd5 vdiskd6 vdiskd7
[    1.942374] sunvdc: Virtual Hard disk vdiskc
[    1.942413] sunvdc: vdiskc: 104857600 sectors (51200 MB) protocol 1.2
[    2.001210] sunvdc: Virtual Hard disk vdiskb
[    2.001250] sunvdc: vdiskb: 62914560 sectors (30720 MB) protocol 1.2
[    2.002957]  vdiskb: vdiskb1
[    2.061418] sunvdc: Virtual Hard disk vdiska
[    2.061458] sunvdc: vdiska: 31457280 sectors (15360 MB) protocol 1.2
[    2.062212]  vdiska: vdiska1 vdiska2 vdiska3 vdiska4
[    2.114844] sunvnet: sunvnet 2.0 (February 3, 2017)
[    2.118282] vnet_port vnet-port-0-0 eth0: Sun LDOM vnet 00:14:4f:f8:12:a3
[    2.118845] sunvnet: eth0: PORT ( remote-mac 00:14:4f:fa:f3:f0 switch-port )
[    2.120147] sunvnet: eth0: PORT ( remote-mac 00:14:4f:f8:e5:f3 )
[    2.121614] sunvnet: eth0: PORT ( remote-mac 00:14:4f:f9:b4:97 )
[    2.122972] sunvnet: eth0: PORT ( remote-mac 00:14:4f:f9:8b:83 )
[    2.124232] sunvnet: eth0: PORT ( remote-mac 00:14:4f:f8:3f:1e )
[    2.125508] sunvnet: eth0: PORT ( remote-mac 00:14:4f:f8:fe:47 )
[    2.126569] mousedev: PS/2 mouse device common for all mice
[    2.127717] rtc-sun4v rtc-sun4v: registered as rtc0
[    2.128167] device-mapper: uevent: version 1.0.3
[    2.129283] device-mapper: ioctl: 4.40.0-ioctl (2019-01-18) initialised: dm-devel@redhat.com
[    2.130850] NET: Registered protocol family 17
[    2.132187] registered taskstats version 1
[    2.135211] zswap: loaded using pool lzo/zbud
[    2.251311] Key type big_key registered
[    2.252228] rtc-sun4v rtc-sun4v: setting system clock to 2019-03-13T10:02:57 UTC (1552471377)
[    2.256726] This architecture does not have kernel memory protection.
[    2.256772] Run /init as init process
[    3.216090] random: fast init done
[    3.226002] crc32c_sparc64: Using sparc64 crc32c opcode optimized CRC32C implementation
[    3.772698] raid6: int64x8  gen()  2176 MB/s
[    3.942658] raid6: int64x8  xor()  1566 MB/s
[    4.112680] raid6: int64x4  gen()  3466 MB/s
[    4.282665] raid6: int64x4  xor()  1988 MB/s
[    4.452656] raid6: int64x2  gen()  2877 MB/s
[    4.622679] raid6: int64x2  xor()  1994 MB/s
[    4.792680] raid6: int64x1  gen()  2785 MB/s
[    4.962681] raid6: int64x1  xor()  1632 MB/s
[    4.962718] raid6: using algorithm int64x4 gen() 3466 MB/s
[    4.962757] raid6: .... xor() 1988 MB/s, rmw enabled
[    4.962793] raid6: using intx1 recovery algorithm
[    4.963815] async_tx: api initialized (async)
[    4.964452] xor: automatically using best checksumming function   Niagara   
[    5.185759] EXT4-fs (vdiska2): mounted filesystem with ordered data mode. Opts: (null)
[    5.429336] systemd[1]: Inserted module 'autofs4'
[    5.438535] NET: Registered protocol family 10
[    5.451755] Segment Routing with IPv6
[    5.480226] systemd[1]: systemd 241 running in system mode. (+PAM +AUDIT +SELINUX +IMA +APPARMOR +SMACK +SYSVINIT +UTMP +LIBCRYPTSETUP +GCRYPT +GNUTLS +ACL +XZ +LZ4 -SECCOMP +BLKID +ELFUTILS +KMOD -IDN2 +IDN -PCRE2 default-hierarchy=hybrid)
[    5.480816] systemd[1]: Detected architecture sparc64.
[    5.500054] systemd[1]: Set hostname to <ttip>.
[    5.504893] Kernel unaligned access at TPC[46f178] __do_proc_doulongvec_minmax+0x118/0x3e0
[    5.611285] random: lvmconfig: uninitialized urandom read (4 bytes read)
[    5.788787] systemd[1]: File /lib/systemd/system/systemd-journald.service:12 configures an IP firewall (IPAddressDeny=any), but the local system does not support BPF/cgroup based firewalling.
[    5.788910] systemd[1]: Proceeding WITHOUT firewalling in effect! (This warning is only shown for the first loaded unit using IP firewalling.)
[    5.801592] systemd[1]: /lib/systemd/system/auditd.service:11: PIDFile= references path below legacy directory /var/run/, updating /var/run/auditd.pid → /run/auditd.pid; please update the unit file accordingly.
[    5.897931] systemd[1]: /lib/systemd/system/smbd.service:9: PIDFile= references path below legacy directory /var/run/, updating /var/run/samba/smbd.pid → /run/samba/smbd.pid; please update the unit file accordingly.
[    5.898587] systemd[1]: /lib/systemd/system/nmbd.service:9: PIDFile= references path below legacy directory /var/run/, updating /var/run/samba/nmbd.pid → /run/samba/nmbd.pid; please update the unit file accordingly.
[    5.932277] random: systemd: uninitialized urandom read (16 bytes read)
[    5.938848] random: systemd: uninitialized urandom read (16 bytes read)
[    5.939568] systemd[1]: Listening on Journal Audit Socket.
[    5.941102] systemd[1]: Listening on udev Kernel Socket.
[    6.177759] EXT4-fs (vdiska2): re-mounted. Opts: errors=remount-ro
[    6.351946] systemd-journald[395]: Received request to flush runtime journal from PID 1
[    7.148326] sha1_sparc64: Using sparc64 sha1 opcode optimized SHA-1 implementation
[    7.153716] n2rng v0.3 (Jan 7, 2017)
[    7.153799] n2rng f029b104: Registered RNG HVAPI major 2 minor 0
[    7.153871] n2rng f029b104: Found multi-unit-capable RNG, units: 2
[    7.154733] n2rng f029b104: RNG ready
[    7.200197] sha256_sparc64: Using sparc64 sha256 opcode optimized SHA-256/SHA-224 implementation
[    7.240787] sha512_sparc64: Using sparc64 sha512 opcode optimized SHA-512/SHA-384 implementation
[    7.243831] md5_sparc64: Using sparc64 md5 opcode optimized MD5 implementation
[    7.262157] aes_sparc64: Using sparc64 aes opcodes optimized AES implementation
[    7.370387] des_sparc64: Using sparc64 des opcodes optimized DES implementation
[    7.471554] camellia_sparc64: Using sparc64 camellia opcodes optimized CAMELLIA implementation
[    8.732911] SGI XFS with ACLs, security attributes, debug enabled
[    8.766766] XFS (dm-0): Mounting V5 Filesystem
[    8.880277] XFS (dm-0): Ending clean mount
[   10.413359] Adding 787176k swap on /dev/vdiska4.  Priority:-2 extents:1 across:787176k FS
[   10.510994] EXT4-fs (vdiska1): mounting ext3 file system using the ext4 subsystem
[   10.520910] EXT4-fs (vdiska1): mounted filesystem with ordered data mode. Opts: (null)
[   11.211474] random: crng init done
[   11.211531] random: 7 urandom warning(s) missed due to ratelimiting
