[    0.000019] PROMLIB: Sun IEEE Boot Prom 'OBP 4.38.12 2018/03/28 14:54'
[    0.000031] PROMLIB: Root node compatible: sun4v
[    0.000079] Linux version 5.4.0-rc3-00018-g5bc52f64e884-dirty (mator@ttip.nvglabs.local) (gcc version 9.2.1 20190909 (Debian 9.2.1-8)) #1277 SMP Tue Oct 15 19:16:47 MSK 2019
[    0.000410] printk: bootconsole [earlyprom0] enabled
[    0.000461] ARCH: SUN4V
[    0.000511] Ethernet address: 00:14:4f:fa:06:f2
[    0.000563] MM: PAGE_OFFSET is 0xfff8000000000000 (max_phys_bits == 47)
[    0.000629] MM: VMALLOC [0x0000000100000000 --> 0x0006000000000000]
[    0.000690] MM: VMEMMAP [0x0006000000000000 --> 0x000c000000000000]
[    0.013186] Kernel: Using 6 locked TLB entries for main kernel image.
[    0.013255] Remapping the kernel... 
[    0.013281] done.
[    0.049307] OF stdout device is: /virtual-devices@100/console@1
[    0.049370] PROM: Built device tree with 87467 bytes of memory.
[    0.049429] MDESC: Size is 37248 bytes.
[    0.049550] PLATFORM: banner-name [SPARC T5-2]
[    0.049602] PLATFORM: name [ORCL,SPARC-T5-2]
[    0.049648] PLATFORM: hostid [84fa06f2]
[    0.049692] PLATFORM: serial# [0035260e]
[    0.049734] PLATFORM: stick-frequency [3b9aca00]
[    0.049783] PLATFORM: mac-address [144ffa06f2]
[    0.049828] PLATFORM: watchdog-resolution [1000 ms]
[    0.049879] PLATFORM: watchdog-max-timeout [31536000000 ms]
[    0.049934] PLATFORM: max-cpus [1024]
[    0.050004] Top of RAM: 0x24af936000, Total RAM: 0x87f352000
[    0.050066] Memory hole size: 115461MB
[    0.287449] Allocated 35708928 bytes for kernel page tables.
[    0.287544] Zone ranges:
[    0.287584]   Normal   [mem 0x0000000030400000-0x00000024af935fff]
[    0.287651] Movable zone start for each node
[    0.287695] Early memory node ranges
[    0.287736]   node   0: [mem 0x0000000030400000-0x000000006fe7ffff]
[    0.287797]   node   0: [mem 0x000000006ff00000-0x000000006ff25fff]
[    0.287860]   node   0: [mem 0x0000000070000000-0x000000042fffffff]
[    0.287922]   node   0: [mem 0x0000002030000000-0x00000024af87ffff]
[    0.287984]   node   0: [mem 0x00000024af900000-0x00000024af925fff]
[    0.288046]   node   0: [mem 0x00000024af930000-0x00000024af935fff]
[    0.295436] Zeroed struct page in unavailable ranges: 230130 pages
[    0.295444] Initmem setup node 0 [mem 0x0000000030400000-0x00000024af935fff]
[    0.295603] On node 0 totalpages: 4454825
[    0.295613]   Normal zone: 39154 pages used for memmap
[    0.295619]   Normal zone: 0 pages reserved
[    0.295625]   Normal zone: 4454825 pages, LIFO batch:31
[    0.306446] Booting Linux...
[    0.306533] CPU CAPS: [flush,stbar,swap,muldiv,v9,blkinit,n2,mul32]
[    0.306615] CPU CAPS: [div32,v8plus,popc,vis,vis2,ASIBlkInit,fmaf,vis3]
[    0.307694] CPU CAPS: [hpc,ima,pause,cbcond,aes,des,kasumi,camellia]
[    0.307767] CPU CAPS: [md5,sha1,sha256,sha512,mpmul,montmul,montsqr,crc32c]
[    0.341778] percpu: Embedded 27 pages/cpu s181896 r8192 d31096 u262144
[    0.342024] pcpu-alloc: s181896 r8192 d31096 u262144 alloc=1*4194304
[    0.342032] pcpu-alloc: [0] 000 001 002 003 004 005 006 007 008 009 010 011 012 013 014 015 
[    0.342058] pcpu-alloc: [0] 016 017 018 019 020 021 022 023 024 025 026 027 028 029 030 031 
[    0.342085] pcpu-alloc: [0] 032 033 034 035 036 037 038 039 040 041 042 043 044 045 046 047 
[    0.342111] pcpu-alloc: [0] 048 049 050 051 052 053 054 055 056 057 058 059 060 061 062 063 
[    0.342137] pcpu-alloc: [0] 064 065 066 067 068 069 070 071 072 073 074 075 076 077 078 079 
[    0.342164] pcpu-alloc: [0] 080 081 082 083 084 085 086 087 088 089 090 091 092 093 094 095 
[    0.342190] pcpu-alloc: [0] 096 097 098 099 100 101 102 103 104 105 106 107 108 109 110 111 
[    0.342217] pcpu-alloc: [0] 112 113 114 115 116 117 118 119 120 121 122 123 124 125 126 127 
[    0.342748] SUN4V: Mondo queue sizes [cpu(131072) dev(16384) r(8192) nr(256)]
[    0.343197] Built 1 zonelists, mobility grouping on.  Total pages: 4415671
[    0.343285] Kernel command line: BOOT_IMAGE=/vmlinux-5.4.0-rc3-00018-g5bc52f64e884-dirty root=/dev/vdiska2 ro zswap.enabled=1
[    0.345753] printk: log_buf_len individual max cpu contribution: 4096 bytes
[    0.345824] printk: log_buf_len total cpu_extra contributions: 520192 bytes
[    0.345891] printk: log_buf_len min size: 131072 bytes
[    0.346214] printk: log_buf_len: 1048576 bytes
[    0.346266] printk: early log buf free: 126608(96%)
[    0.355878] Dentry cache hash table entries: 8388608 (order: 13, 67108864 bytes, linear)
[    0.360780] Inode-cache hash table entries: 4194304 (order: 12, 33554432 bytes, linear)
[    0.360861] Sorting __ex_table...
[    0.361130] mem auto-init: stack:off, heap alloc:off, heap free:off
[    0.423058] Memory: 1305232K/35638600K available (7345K kernel code, 943K rwdata, 2168K rodata, 704K init, 12359K bss, 544464K reserved, 0K cma-reserved)
[    0.432963] SLUB: HWalign=32, Order=0-3, MinObjects=0, CPUs=128, Nodes=1
[    0.438111] ftrace: allocating 21121 entries in 42 pages
[    0.454257] Running RCU self tests
[    0.454305] rcu: Hierarchical RCU implementation.
[    0.454355] rcu: 	RCU event tracing is enabled.
[    0.454404] rcu: 	RCU lockdep checking is enabled.
[    0.454451] 	Tasks RCU enabled.
[    0.454488] rcu: RCU calculated value of scheduler-enlistment delay is 10 jiffies.
[    0.463449] NR_IRQS: 2048, nr_irqs: 2048, preallocated irqs: 1
[    0.463884] SUN4V: Using IRQ API major 3, cookie only virqs enabled
[    0.467683] clocksource: stick: mask: 0xffffffffffffffff max_cycles: 0x1cd42e4dffb, max_idle_ns: 881590591483 ns
[    0.467811] clocksource: mult[800000] shift[23]
[    0.467860] clockevent: mult[80000000] shift[31]
[    0.471543] Console: colour dummy device 80x25
[    0.471606] printk: console [tty0] enabled
[    0.471682] printk: bootconsole [earlyprom0] disabled
[    0.471766] Lock dependency validator: Copyright (c) 2006 Red Hat, Inc., Ingo Molnar
[    0.471814] ... MAX_LOCKDEP_SUBCLASSES:  8
[    0.471844] ... MAX_LOCK_DEPTH:          48
[    0.471874] ... MAX_LOCKDEP_KEYS:        8192
[    0.471905] ... CLASSHASH_SIZE:          4096
[    0.471936] ... MAX_LOCKDEP_ENTRIES:     16384
[    0.471967] ... MAX_LOCKDEP_CHAINS:      32768
[    0.471998] ... CHAINHASH_SIZE:          16384
[    0.472029]  memory used by lock dependency info: 3855 kB
[    0.472065]  memory used for stack traces: 2112 kB
[    0.472097]  per task-struct memory footprint: 1920 bytes
[    0.618082] Calibrating delay using timer specific routine.. 2003.84 BogoMIPS (lpj=10019214)
[    0.618140] pid_max: default: 131072 minimum: 1024
[    0.625348] LSM: Security Framework initializing
[    0.627384] AppArmor: AppArmor initialized
[    0.630438] Mount-cache hash table entries: 131072 (order: 7, 1048576 bytes, linear)
[    0.630678] Mountpoint-cache hash table entries: 131072 (order: 7, 1048576 bytes, linear)
[    0.632167] *** VALIDATE tmpfs ***
[    0.641021] *** VALIDATE proc ***
[    0.646658] *** VALIDATE cgroup1 ***
[    0.646691] *** VALIDATE cgroup2 ***
[    0.652647] rcu: Hierarchical SRCU implementation.
[    0.665023] smp: Bringing up secondary CPUs ...
[    0.736536] smp: Brought up 1 node, 32 CPUs
[    0.944186] node 0 initialised, 4223613 pages in 190ms
[    0.949347] devtmpfs: initialized
[    0.959572] Performance events: 
[    0.959630] Testing NMI watchdog ... 
[    1.159829] OK.
[    1.159986] Supported PMU type is 'niagara5'
[    1.161298] random: get_random_u32 called from bucket_table_alloc.isra.0+0x188/0x1c0 with crng_init=0
[    1.162629] ldc.c:v1.1 (July 22, 2008)
[    1.166024] clocksource: jiffies: mask: 0xffffffff max_cycles: 0xffffffff, max_idle_ns: 19112604462750000 ns
[    1.166121] futex hash table entries: 32768 (order: 9, 4194304 bytes, linear)
[    1.185740] NET: Registered protocol family 16
[    1.199778] VIO: Adding device channel-devices (tx_ino = ffffffffffffffff, rx_ino = ffffffffffffffff)
[    1.200108] VIO: Adding device vnet-port-0-0 (tx_ino = 0, rx_ino = 1)
[    1.200401] VIO: Adding device vnet-port-0-1 (tx_ino = 2, rx_ino = 3)
[    1.200663] VIO: Adding device vnet-port-0-2 (tx_ino = 4, rx_ino = 5)
[    1.200921] VIO: Adding device vnet-port-0-4 (tx_ino = 8, rx_ino = 9)
[    1.201168] VIO: Adding device vnet-port-0-5 (tx_ino = a, rx_ino = b)
[    1.201425] VIO: Adding device vnet-port-0-6 (tx_ino = c, rx_ino = d)
[    1.201671] VIO: Adding device vnet-port-0-3 (tx_ino = 6, rx_ino = 7)
[    1.201927] VIO: Adding device vdc-port-3-0 (tx_ino = e, rx_ino = f)
[    1.202179] VIO: Adding device vdc-port-2-0 (tx_ino = 10, rx_ino = 11)
[    1.202432] VIO: Adding device vdc-port-1-0 (tx_ino = 12, rx_ino = 13)
[    1.202677] VIO: Adding device vdc-port-0-0 (tx_ino = 14, rx_ino = 15)
[    1.202940] VIO: Adding device vdc-port-4-0 (tx_ino = 16, rx_ino = 17)
[    1.203187] VIO: Adding device vlds-port-0-0 (tx_ino = 18, rx_ino = 19)
[    1.203443] VIO: Adding device domain-services-port-0 (tx_ino = 18, rx_ino = 19)
[    1.204471] audit: initializing netlink subsys (disabled)
[    1.204923] audit: type=2000 audit(0.730:1): state=initialized audit_enabled=0 res=1
[    1.260675] HugeTLB registered 64.0 KiB page size, pre-allocated 0 pages
[    1.260726] HugeTLB registered 8.00 MiB page size, pre-allocated 0 pages
[    1.260771] HugeTLB registered 256 MiB page size, pre-allocated 0 pages
[    1.260815] HugeTLB registered 2.00 GiB page size, pre-allocated 0 pages
[    1.369865] NetLabel: Initializing
[    1.369904] NetLabel:  domain hash size = 128
[    1.369939] NetLabel:  protocols = UNLABELED CIPSOv4 CALIPSO
[    1.370187] NetLabel:  unlabeled traffic allowed by default
[    1.371549] SUN4V: Reboot data supported (maj=1,min=0).
[    1.373252] ds.c:v1.0 (Jul 11, 2007)
[    1.373785] ds-0: ds_conn_reset() from send_events.isra.0
[    1.375293] clocksource: Switched to clocksource stick
[    1.661720] *** VALIDATE bpf ***
[    1.670006] VFS: Disk quotas dquot_6.6.0
[    1.674611] VFS: Dquot-cache hash table entries: 1024 (order 0, 8192 bytes)
[    1.674971] *** VALIDATE ramfs ***
[    1.675697] *** VALIDATE hugetlbfs ***
[    1.688653] AppArmor: AppArmor Filesystem Enabled
[    1.715089] NET: Registered protocol family 2
[    1.724494] tcp_listen_portaddr_hash hash table entries: 32768 (order: 8, 2359296 bytes, linear)
[    1.728786] TCP established hash table entries: 524288 (order: 9, 4194304 bytes, linear)
[    1.731000] TCP bind hash table entries: 65536 (order: 9, 4194304 bytes, linear)
[    1.736927] TCP: Hash tables configured (established 524288 bind 65536)
[    1.741630] UDP hash table entries: 32768 (order: 9, 5242880 bytes, linear)
[    1.748542] UDP-Lite hash table entries: 32768 (order: 9, 5242880 bytes, linear)
[    1.764235] NET: Registered protocol family 1
[    1.764321] NET: Registered protocol family 44
[    1.765052] Trying to unpack rootfs image as initramfs...
[    2.087940] Freeing initrd memory: 10352K
[    2.118357] workingset: timestamp_bits=46 max_order=23 bucket_order=0
[    2.166309] SGI XFS with ACLs, security attributes, debug enabled
[    2.211536] Block layer SCSI generic (bsg) driver version 0.4 loaded (major 252)
[    2.213254] io scheduler mq-deadline registered
[    2.220356] f029b788: ttyHV0 at I/O 0x0 (irq = 1, base_baud = 115200) is a SUN4V HCONS
[    2.227112] printk: console [ttyHV0] enabled
[    2.234621] sunvdc.c:v1.2 (November 24, 2014)
[    2.250629] sunvdc: Virtual CDROM vdiskd
[    2.250684] sunvdc: vdiskd: 403160 sectors (196 MB) protocol 1.2
[    2.255034]  vdiskd: vdiskd1 vdiskd2 vdiskd3 vdiskd4 vdiskd5 vdiskd6 vdiskd7
[    2.308697] sunvdc: Virtual Hard disk vdiskc
[    2.308743] sunvdc: vdiskc: 104857600 sectors (51200 MB) protocol 1.2
[    2.353342] sunvdc: Virtual Hard disk vdiskb
[    2.353388] sunvdc: vdiskb: 62914560 sectors (30720 MB) protocol 1.2
[    2.356586]  vdiskb: vdiskb1
[    2.399455] sunvdc: Virtual Hard disk vdiska
[    2.399498] sunvdc: vdiska: 31457280 sectors (15360 MB) protocol 1.2
[    2.402658]  vdiska: vdiska1 vdiska2 vdiska3 vdiska4
[    2.450269] sunvdc: Virtual Hard disk vdiske
[    2.450313] sunvdc: vdiske: 20971520 sectors (10240 MB) protocol 1.2
[    2.454438]  vdiske: vdiske1 vdiske2 vdiske3
[    2.484958] sunvnet: sunvnet 2.0 (February 3, 2017)
[    2.490675] vnet_port vnet-port-0-0 eth0: Sun LDOM vnet 00:14:4f:f8:12:a3
[    2.490990] sunvnet: eth0: PORT ( remote-mac 00:14:4f:fa:f3:f0 switch-port )
[    2.492757] sunvnet: eth0: PORT ( remote-mac 00:14:4f:f8:e5:f3 )
[    2.494541] sunvnet: eth0: PORT ( remote-mac 00:14:4f:f9:b4:97 )
[    2.496385] sunvnet: eth0: PORT ( remote-mac 00:14:4f:f8:3f:1e )
[    2.498129] sunvnet: eth0: PORT ( remote-mac 00:14:4f:f8:fe:47 )
[    2.499885] sunvnet: eth0: PORT ( remote-mac 00:14:4f:f9:8b:83 )
[    2.501631] sunvnet: eth0: PORT ( remote-mac 00:14:4f:f9:6c:d1 )
[    2.503365] rtc-sun4v rtc-sun4v: registered as rtc0
[    2.504183] sun4v_wdt: initialized (timeout=60s, nowayout=0)
[    2.505284] device-mapper: uevent: version 1.0.3
[    2.507782] device-mapper: ioctl: 4.41.0-ioctl (2019-09-16) initialised: dm-devel@redhat.com
[    2.509541] NET: Registered protocol family 17
[    2.510433] registered taskstats version 1
[    2.520297] zswap: default zpool zbud not available
[    2.520350] zswap: pool creation failed
[    2.521283] kmemleak: Kernel memory leak detector initialized (mem pool available: 6234)
[    2.521294] kmemleak: Automatic memory scanning thread started
[    2.570430] Key type big_key registered
[    2.570500] AppArmor: AppArmor sha1 policy hashing enabled
[    2.571470] rtc-sun4v rtc-sun4v: setting system clock to 2019-10-15T16:19:53 UTC (1571156393)
[    2.580477] This architecture does not have kernel memory protection.
[    2.580525] Run /init as init process
[    3.353305] crc32c_sparc64: Using sparc64 crc32c opcode optimized CRC32C implementation
[    3.412512] random: fast init done
[    3.865199] raid6: int64x8  gen()  2169 MB/s
[    4.035180] raid6: int64x8  xor()  1569 MB/s
[    4.205189] raid6: int64x4  gen()  3475 MB/s
[    4.375189] raid6: int64x4  xor()  2004 MB/s
[    4.545167] raid6: int64x2  gen()  2864 MB/s
[    4.715200] raid6: int64x2  xor()  1997 MB/s
[    4.885182] raid6: int64x1  gen()  2849 MB/s
[    5.055185] raid6: int64x1  xor()  1625 MB/s
[    5.055222] raid6: using algorithm int64x4 gen() 3475 MB/s
[    5.055261] raid6: .... xor() 2004 MB/s, rmw enabled
[    5.055299] raid6: using intx1 recovery algorithm
[    5.056781] async_tx: api initialized (async)
[    5.057897] xor: automatically using best checksumming function   Niagara   
[    5.417200] EXT4-fs (vdiska2): mounted filesystem with ordered data mode. Opts: (null)
[    7.832698] systemd[1]: Inserted module 'autofs4'
[    7.877226] NET: Registered protocol family 10
[    7.892605] Segment Routing with IPv6
[    7.964093] systemd[1]: systemd 242 running in system mode. (+PAM +AUDIT +SELINUX +IMA +APPARMOR +SMACK +SYSVINIT +UTMP +LIBCRYPTSETUP +GCRYPT +GNUTLS +ACL +XZ +LZ4 -SECCOMP +BLKID +ELFUTILS +KMOD +IDN2 -IDN +PCRE2 default-hierarchy=hybrid)
[    7.964782] systemd[1]: Detected architecture sparc64.
[    8.080521] systemd[1]: Set hostname to <ttip.nvglabs.local>.
[    8.089994] systemd[1]: Failed to bump fs.file-max, ignoring: Invalid argument
[    9.101033] random: lvmconfig: uninitialized urandom read (4 bytes read)
[   10.051779] systemd[1]: /lib/systemd/system/dbus.socket:4: ListenStream= references a path below legacy directory /var/run/, updating /var/run/dbus/system_bus_socket → /run/dbus/system_bus_socket; please update the unit file accordingly.
[   10.330407] systemd[1]: /lib/systemd/system/pcscd.socket:4: ListenStream= references a path below legacy directory /var/run/, updating /var/run/pcscd/pcscd.comm → /run/pcscd/pcscd.comm; please update the unit file accordingly.
[   10.382811] random: systemd: uninitialized urandom read (16 bytes read)
[   10.383796] systemd[1]: Listening on fsck to fsckd communication Socket.
[   10.384954] random: systemd: uninitialized urandom read (16 bytes read)
[   10.418504] systemd[1]: Created slice system-getty.slice.
[   10.419111] random: systemd: uninitialized urandom read (16 bytes read)
[   10.419204] systemd[1]: Reached target Remote File Systems.
[   10.420931] systemd[1]: Listening on udev Control Socket.
[   10.820485] EXT4-fs (vdiska2): re-mounted. Opts: errors=remount-ro
[   11.275457] systemd-journald[487]: Received request to flush runtime journal from PID 1
[   12.701910] sha1_sparc64: Using sparc64 sha1 opcode optimized SHA-1 implementation
[   12.758874] sha256_sparc64: Using sparc64 sha256 opcode optimized SHA-256/SHA-224 implementation
[   12.781299] sha512_sparc64: Using sparc64 sha512 opcode optimized SHA-512/SHA-384 implementation
[   12.792365] md5_sparc64: Using sparc64 md5 opcode optimized MD5 implementation
[   12.845684] aes_sparc64: Using sparc64 aes opcodes optimized AES implementation
[   12.887753] n2rng v0.3 (Jan 7, 2017)
[   12.887932] n2rng f029b104: Registered RNG HVAPI major 2 minor 0
[   12.888114] n2rng f029b104: Found multi-unit-capable RNG, units: 2
[   12.892223] n2rng f029b104: RNG ready
[   13.027065] des_sparc64: Using sparc64 des opcodes optimized DES implementation
[   13.198085] camellia_sparc64: Using sparc64 camellia opcodes optimized CAMELLIA implementation
[   13.279503] pktcdvd: setup of pktcdvd device failed
[   13.371738] pktcdvd: setup of pktcdvd device failed
[   13.393046] pktcdvd: setup of pktcdvd device failed
[   13.415985] pktcdvd: setup of pktcdvd device failed
[   13.438003] pktcdvd: setup of pktcdvd device failed
[   13.456319] pktcdvd: setup of pktcdvd device failed
[   13.474149] pktcdvd: setup of pktcdvd device failed
[   13.494276] pktcdvd: setup of pktcdvd device failed
[   15.750335] XFS (dm-0): Mounting V5 Filesystem
[   15.849635] XFS (dm-0): Ending clean mount
[   15.854519] Mounted xfs file system at /1 supports timestamps until 2038 (0x7fffffff)
[   16.545432] Adding 787176k swap on /dev/vdiska4.  Priority:-2 extents:1 across:787176k FS
[   16.953947] EXT4-fs (vdiska1): mounting ext3 file system using the ext4 subsystem
[   16.984183] EXT4-fs (vdiska1): mounted filesystem with ordered data mode. Opts: (null)
[   16.986841] Mounted ext3 file system at /boot supports timestamps until 2038 (0x7fffffff)
[   18.193806] Kernel unaligned access at TPC[8650d8] aa_dfa_unpack+0x38/0x5a0
[   18.193930] Kernel unaligned access at TPC[8650f8] aa_dfa_unpack+0x58/0x5a0
[   18.193986] Kernel unaligned access at TPC[8651b0] aa_dfa_unpack+0x110/0x5a0
[   18.194054] Kernel unaligned access at TPC[865290] aa_dfa_unpack+0x1f0/0x5a0
[   18.194110] Kernel unaligned access at TPC[8652a4] aa_dfa_unpack+0x204/0x5a0
[   19.299152] random: crng init done
[   19.299204] random: 6 urandom warning(s) missed due to ratelimiting
[   22.272794] tun: Universal TUN/TAP device driver, 1.6

[   24.017836] ======================================================
[   24.017844] WARNING: possible circular locking dependency detected
[   24.017855] 5.4.0-rc3-00018-g5bc52f64e884-dirty #1277 Not tainted
[   24.017862] ------------------------------------------------------
[   24.017869] iptables-restor/928 is trying to acquire lock:
[   24.017878] 0000000010578120 (&table[i].mutex){+.+.}, at: nfnl_lock+0x24/0x40 [nfnetlink]
[   24.017902] 
               but task is already holding lock:
[   24.017910] 0000000000e0e4e0 (&net->nft.commit_mutex){+.+.}, at: nf_tables_valid_genid+0x10/0x60 [nf_tables]
[   24.017937] 
               which lock already depends on the new lock.

[   24.017945] 
               the existing dependency chain (in reverse order) is:
[   24.017952] 
               -> #1 (&net->nft.commit_mutex){+.+.}:
[   24.017970]        __mutex_lock+0xac/0x9a0
[   24.017977]        mutex_lock_nested+0x1c/0x40
[   24.017987]        nf_tables_valid_genid+0x10/0x60 [nf_tables]
[   24.017995]        nfnetlink_rcv_batch+0x228/0x620 [nfnetlink]
[   24.018003]        nfnetlink_rcv+0x110/0x140 [nfnetlink]
[   24.018014]        netlink_unicast+0x128/0x200
[   24.018021]        netlink_sendmsg+0x334/0x380
[   24.018031]        sock_sendmsg+0x34/0x80
[   24.018038]        ___sys_sendmsg+0x234/0x260
[   24.018045]        __sys_sendmsg+0x48/0x80
[   24.018051]        sys_sendmsg+0x18/0x40
[   24.018061]        linux_sparc_syscall+0x34/0x44
[   24.018067] 
               -> #0 (&table[i].mutex){+.+.}:
[   24.018080]        __lock_acquire+0x1af0/0x2500
[   24.018087]        lock_acquire+0x1a4/0x1c0
[   24.018093]        __mutex_lock+0xac/0x9a0
[   24.018099]        mutex_lock_nested+0x1c/0x40
[   24.018106]        nfnl_lock+0x24/0x40 [nfnetlink]
[   24.018118]        ip_set_nfnl_get_byindex+0x18c/0x280 [ip_set]
[   24.018130]        set_match_v1_checkentry+0x14/0xc0 [xt_set]
[   24.018143]        xt_check_match+0x23c/0x280 [x_tables]
[   24.018153]        __nft_match_init+0x160/0x180 [nft_compat]
[   24.018160]        nft_match_init+0x18/0x40 [nft_compat]
[   24.018171]        nf_tables_newrule+0x50c/0x780 [nf_tables]
[   24.018179]        nfnetlink_rcv_batch+0x3d0/0x620 [nfnetlink]
[   24.018186]        nfnetlink_rcv+0x110/0x140 [nfnetlink]
[   24.018193]        netlink_unicast+0x128/0x200
[   24.018200]        netlink_sendmsg+0x334/0x380
[   24.018207]        sock_sendmsg+0x34/0x80
[   24.018213]        ___sys_sendmsg+0x234/0x260
[   24.018219]        __sys_sendmsg+0x48/0x80
[   24.018226]        sys_sendmsg+0x18/0x40
[   24.018232]        linux_sparc_syscall+0x34/0x44
[   24.018238] 
               other info that might help us debug this:

[   24.018246]  Possible unsafe locking scenario:

[   24.018252]        CPU0                    CPU1
[   24.018258]        ----                    ----
[   24.018263]   lock(&net->nft.commit_mutex);
[   24.018270]                                lock(&table[i].mutex);
[   24.018277]                                lock(&net->nft.commit_mutex);
[   24.018285]   lock(&table[i].mutex);
[   24.018292] 
                *** DEADLOCK ***

[   24.018300] 1 lock held by iptables-restor/928:
[   24.018305]  #0: 0000000000e0e4e0 (&net->nft.commit_mutex){+.+.}, at: nf_tables_valid_genid+0x10/0x60 [nf_tables]
[   24.018322] 
               stack backtrace:
[   24.018330] CPU: 5 PID: 928 Comm: iptables-restor Not tainted 5.4.0-rc3-00018-g5bc52f64e884-dirty #1277
[   24.018339] Call Trace:
[   24.018346]  [00000000004cef3c] print_circular_bug.isra.0+0x1bc/0x1e0
[   24.018353]  [00000000004cf178] check_noncircular+0x218/0x240
[   24.018361]  [00000000004d3a90] __lock_acquire+0x1af0/0x2500
[   24.018368]  [00000000004d4e24] lock_acquire+0x1a4/0x1c0
[   24.018375]  [0000000000b2950c] __mutex_lock+0xac/0x9a0
[   24.018382]  [0000000000b29e1c] mutex_lock_nested+0x1c/0x40
[   24.018390]  [0000000010576024] nfnl_lock+0x24/0x40 [nfnetlink]
[   24.018399]  [00000000105832ac] ip_set_nfnl_get_byindex+0x18c/0x280 [ip_set]
[   24.018407]  [00000000105fc5b4] set_match_v1_checkentry+0x14/0xc0 [xt_set]
[   24.018417]  [000000001033c89c] xt_check_match+0x23c/0x280 [x_tables]
[   24.018425]  [00000000105d6c40] __nft_match_init+0x160/0x180 [nft_compat]
[   24.018433]  [00000000105d6cf8] nft_match_init+0x18/0x40 [nft_compat]
[   24.018444]  [00000000105b3dcc] nf_tables_newrule+0x50c/0x780 [nf_tables]
[   24.018452]  [0000000010576890] nfnetlink_rcv_batch+0x3d0/0x620 [nfnetlink]
[   24.018460]  [0000000010576bf0] nfnetlink_rcv+0x110/0x140 [nfnetlink]
[   24.018468]  [0000000000a229e8] netlink_unicast+0x128/0x200
