[    0.000020] PROMLIB: Sun IEEE Boot Prom 'OBP 4.38.17 2019/01/25 08:22'
[    0.000045] PROMLIB: Root node compatible: sun4v
[    0.000114] Linux version 5.13.0-00582-g8e4d7a78f08a (mator@ttip) (gcc (Debian 10.2.1-6) 10.2.1 20210110, GNU ld (GNU Binutils for Debian) 2.35.2) #242 SMP Thu Jul 1 20:16:06 MSK 2021
[    0.000668] printk: bootconsole [earlyprom0] enabled
[    0.000763] ARCH: SUN4V
[    0.000841] Ethernet address: 00:14:4f:fa:06:f2
[    0.000931] MM: PAGE_OFFSET is 0xfff8000000000000 (max_phys_bits == 47)
[    0.001041] MM: VMALLOC [0x0000000100000000 --> 0x0006000000000000]
[    0.001145] MM: VMEMMAP [0x0006000000000000 --> 0x000c000000000000]
[    0.023604] Kernel: Using 5 locked TLB entries for main kernel image.
[    0.023728] Remapping the kernel... 
[    0.023765] done.
[    0.056090] OF stdout device is: /virtual-devices@100/console@1
[    0.056200] PROM: Built device tree with 67601 bytes of memory.
[    0.056297] MDESC: Size is 24368 bytes.
[    0.056439] PLATFORM: banner-name [SPARC T5-2]
[    0.056513] PLATFORM: name [ORCL,SPARC-T5-2]
[    0.056578] PLATFORM: hostid [84fa06f2]
[    0.056640] PLATFORM: serial# [0035260e]
[    0.056702] PLATFORM: stick-frequency [3b9aca00]
[    0.056772] PLATFORM: mac-address [144ffa06f2]
[    0.056840] PLATFORM: watchdog-resolution [1000 ms]
[    0.056913] PLATFORM: watchdog-max-timeout [31536000000 ms]
[    0.056993] PLATFORM: max-cpus [1024]
[    0.057120] Top of RAM: 0x22f948000, Total RAM: 0x1ff3a0000
[    0.057207] Memory hole size: 773MB
[    0.059199] Allocated 24576 bytes for kernel page tables.
[    0.059314] Zone ranges:
[    0.059369]   Normal   [mem 0x0000000030400000-0x000000022f947fff]
[    0.059466] Movable zone start for each node
[    0.059532] Early memory node ranges
[    0.059589]   node   0: [mem 0x0000000030400000-0x000000006febffff]
[    0.059683]   node   0: [mem 0x000000006ff40000-0x000000006ff65fff]
[    0.059775]   node   0: [mem 0x0000000070000000-0x000000022f8b1fff]
[    0.059868]   node   0: [mem 0x000000022f940000-0x000000022f947fff]
[    0.059958] Initmem setup node 0 [mem 0x0000000030400000-0x000000022f947fff]
[    0.060063] On node 0 totalpages: 1046992
[    0.060073]   Normal zone: 9204 pages used for memmap
[    0.060080]   Normal zone: 0 pages reserved
[    0.060087]   Normal zone: 1046992 pages, LIFO batch:31
[    0.072958]   Normal zone: 132656 pages in unavailable ranges
[    0.073097] Booting Linux...
[    0.073172] CPU CAPS: [flush,stbar,swap,muldiv,v9,blkinit,n2,mul32]
[    0.073318] CPU CAPS: [div32,v8plus,popc,vis,vis2,ASIBlkInit,fmaf,vis3]
[    0.073461] CPU CAPS: [hpc,ima,pause,cbcond,aes,des,kasumi,camellia]
[    0.073599] CPU CAPS: [md5,sha1,sha256,sha512,mpmul,montmul,montsqr,crc32c]
[    0.139828] percpu: Embedded 20 pages/cpu s120592 r8192 d35056 u262144
[    0.140223] pcpu-alloc: s120592 r8192 d35056 u262144 alloc=1*4194304
[    0.140239] pcpu-alloc: [0] 000 001 002 003 004 005 006 007 008 009 010 011 012 013 014 015 
[    0.140332] pcpu-alloc: [0] 016 017 018 019 020 021 022 023 024 025 026 027 028 029 030 031 
[    0.140424] pcpu-alloc: [0] 032 033 034 035 036 037 038 039 040 041 042 043 044 045 046 047 
[    0.140516] pcpu-alloc: [0] 048 049 050 051 052 053 054 055 056 057 058 059 060 061 062 063 
[    0.140608] pcpu-alloc: [0] 064 065 066 067 068 069 070 071 072 073 074 075 076 077 078 079 
[    0.140699] pcpu-alloc: [0] 080 081 082 083 084 085 086 087 088 089 090 091 092 093 094 095 
[    0.140791] pcpu-alloc: [0] 096 097 098 099 100 101 102 103 104 105 106 107 108 109 110 111 
[    0.140882] pcpu-alloc: [0] 112 113 114 115 116 117 118 119 120 121 122 123 124 125 126 127 
[    0.140974] pcpu-alloc: [0] 128 129 130 131 132 133 134 135 136 137 138 139 140 141 142 143 
[    0.141065] pcpu-alloc: [0] 144 145 146 147 148 149 150 151 152 153 154 155 156 157 158 159 
[    0.141156] pcpu-alloc: [0] 160 161 162 163 164 165 166 167 168 169 170 171 172 173 174 175 
[    0.141247] pcpu-alloc: [0] 176 177 178 179 180 181 182 183 184 185 186 187 188 189 190 191 
[    0.141338] pcpu-alloc: [0] 192 193 194 195 196 197 198 199 200 201 202 203 204 205 206 207 
[    0.141430] pcpu-alloc: [0] 208 209 210 211 212 213 214 215 216 217 218 219 220 221 222 223 
[    0.141521] pcpu-alloc: [0] 224 225 226 227 228 229 230 231 232 233 234 235 236 237 238 239 
[    0.141612] pcpu-alloc: [0] 240 241 242 243 244 245 246 247 248 249 250 251 252 253 254 255 
[    0.142343] SUN4V: Mondo queue sizes [cpu(131072) dev(16384) r(8192) nr(256)]
[    0.142674] Built 1 zonelists, mobility grouping on.  Total pages: 1037788
[    0.142792] Kernel command line: BOOT_IMAGE=/vmlinux-5.13.0-00582-g8e4d7a78f08a root=/dev/vdiska2 ro
[    0.143257] printk: log_buf_len individual max cpu contribution: 4096 bytes
[    0.143357] printk: log_buf_len total cpu_extra contributions: 1044480 bytes
[    0.143457] printk: log_buf_len min size: 131072 bytes
[    0.145596] printk: log_buf_len: 2097152 bytes
[    0.145673] printk: early log buf free: 126576(96%)
[    0.146727] Dentry cache hash table entries: 1048576 (order: 10, 8388608 bytes, linear)
[    0.147357] Inode-cache hash table entries: 524288 (order: 9, 4194304 bytes, linear)
[    0.147469] Sorting __ex_table...
[    0.147833] mem auto-init: stack:off, heap alloc:off, heap free:off
[    0.152392] Memory: 1261064K/8375936K available (8794K kernel code, 1697K rwdata, 2912K rodata, 632K init, 3134K bss, 205528K reserved, 0K cma-reserved)
[    0.152632] random: get_random_u64 called from kmem_cache_open+0x1c/0x340 with crng_init=0
[    0.154116] SLUB: HWalign=32, Order=0-3, MinObjects=0, CPUs=256, Nodes=1
[    0.154811] ftrace: allocating 27396 entries in 54 pages
[    0.169457] ftrace: allocated 54 pages with 4 groups
[    0.169841] trace event string verifier disabled
[    0.175521] rcu: Hierarchical RCU implementation.
[    0.175614] rcu: 	RCU debug extended QS entry/exit.
[    0.175692] 	Rude variant of Tasks RCU enabled.
[    0.175763] 	Tracing variant of Tasks RCU enabled.
[    0.175834] rcu: RCU calculated value of scheduler-enlistment delay is 26 jiffies.
[    0.186078] NR_IRQS: 2048, nr_irqs: 2048, preallocated irqs: 1
[    0.186252] SUN4V: Using IRQ API major 3, cookie only virqs enabled
[    0.191667] clocksource: stick: mask: 0xffffffffffffffff max_cycles: 0x1cd42e4dffb, max_idle_ns: 881590591483 ns
[    0.191873] clocksource: mult[800000] shift[23]
[    0.191950] clockevent: mult[80000000] shift[31]
[    0.192832] Console: colour dummy device 80x25
[    0.192921] printk: console [tty0] enabled
[    0.193025] printk: bootconsole [earlyprom0] disabled
[    0.193140] Lock dependency validator: Copyright (c) 2006 Red Hat, Inc., Ingo Molnar
[    0.193188] ... MAX_LOCKDEP_SUBCLASSES:  8
[    0.193217] ... MAX_LOCK_DEPTH:          48
[    0.193246] ... MAX_LOCKDEP_KEYS:        8192
[    0.193276] ... CLASSHASH_SIZE:          4096
[    0.193305] ... MAX_LOCKDEP_ENTRIES:     16384
[    0.193336] ... MAX_LOCKDEP_CHAINS:      32768
[    0.193366] ... CHAINHASH_SIZE:          16384
[    0.193395]  memory used by lock dependency info: 2603 kB
[    0.193430]  per task-struct memory footprint: 1920 bytes
[    0.272375] Calibrating delay using timer specific routine.. 2011.29 BogoMIPS (lpj=4022583)
[    0.272446] pid_max: default: 262144 minimum: 2048
[    0.272892] LSM: Security Framework initializing
[    0.273112] Mount-cache hash table entries: 16384 (order: 4, 131072 bytes, linear)
[    0.273175] Mountpoint-cache hash table entries: 16384 (order: 4, 131072 bytes, linear)
[    0.277497] rcu: Hierarchical SRCU implementation.
[    0.288656] smp: Bringing up secondary CPUs ...
[    0.305420] smp: Brought up 1 node, 16 CPUs
[    0.347299] node 0 deferred pages initialised in 40ms
[    0.348266] devtmpfs: initialized
[    0.351263] Performance events: 
[    0.351296] Testing NMI watchdog ... 
[    0.431406] OK.
[    0.431522] Supported PMU type is 'niagara5'
[    0.433052] ldc.c:v1.1 (July 22, 2008)
[    0.434197] clocksource: jiffies: mask: 0xffffffff max_cycles: 0xffffffff, max_idle_ns: 7645041785100000 ns
[    0.434283] futex hash table entries: 65536 (order: 10, 8388608 bytes, linear)
[    0.446068] NET: Registered protocol family 16
[    0.449739] VIO: Adding device channel-devices (tx_ino = ffffffffffffffff, rx_ino = ffffffffffffffff)
[    0.449909] VIO: Adding device vnet-port-0-0 (tx_ino = 0, rx_ino = 1)
[    0.450010] VIO: Adding device vnet-port-0-1 (tx_ino = 2, rx_ino = 3)
[    0.450108] VIO: Adding device vnet-port-0-2 (tx_ino = 4, rx_ino = 5)
[    0.450204] VIO: Adding device vnet-port-0-3 (tx_ino = 6, rx_ino = 7)
[    0.450300] VIO: Adding device vnet-port-0-4 (tx_ino = 8, rx_ino = 9)
[    0.450400] VIO: Adding device vdc-port-2-0 (tx_ino = a, rx_ino = b)
[    0.450495] VIO: Adding device vdc-port-1-0 (tx_ino = c, rx_ino = d)
[    0.450590] VIO: Adding device vdc-port-0-0 (tx_ino = e, rx_ino = f)
[    0.450685] VIO: Adding device vlds-port-0-0 (tx_ino = 10, rx_ino = 11)
[    0.450785] VIO: Adding device domain-services-port-0 (tx_ino = 10, rx_ino = 11)
[    0.451043] audit: initializing netlink subsys (disabled)
[    0.451312] audit: type=2000 audit(0.256:1): state=initialized audit_enabled=0 res=1
[    0.470073] HugeTLB registered 64.0 KiB page size, pre-allocated 0 pages
[    0.470126] HugeTLB registered 8.00 MiB page size, pre-allocated 0 pages
[    0.470165] HugeTLB registered 256 MiB page size, pre-allocated 0 pages
[    0.470203] HugeTLB registered 2.00 GiB page size, pre-allocated 0 pages
[    2.364976] SUN4V: Reboot data supported (maj=1,min=0).
[    2.366354] ds.c:v1.0 (Jul 11, 2007)
[    2.367338] ds-0: ds_conn_reset() from send_events
[    2.370348] clocksource: Switched to clocksource stick
[    2.771693] VFS: Disk quotas dquot_6.6.0
[    2.772106] VFS: Dquot-cache hash table entries: 1024 (order 0, 8192 bytes)
[    2.797806] NET: Registered protocol family 2
[    2.798408] IP idents hash table entries: 131072 (order: 7, 1048576 bytes, linear)
[    2.814274] tcp_listen_portaddr_hash hash table entries: 4096 (order: 5, 327680 bytes, linear)
[    2.815582] TCP established hash table entries: 65536 (order: 6, 524288 bytes, linear)
[    2.816671] TCP bind hash table entries: 65536 (order: 9, 4718592 bytes, linear)
[    2.852971] TCP: Hash tables configured (established 65536 bind 65536)
[    2.867306] UDP hash table entries: 4096 (order: 6, 655360 bytes, linear)
[    2.872504] UDP-Lite hash table entries: 4096 (order: 6, 655360 bytes, linear)
[    2.889596] NET: Registered protocol family 1
[    2.889886] NET: Registered protocol family 44
[    2.891998] Trying to unpack rootfs image as initramfs...
[    2.952541] Initialise system trusted keyrings
[    2.953114] workingset: timestamp_bits=46 max_order=20 bucket_order=0
[    2.969263] zbud: loaded
[    2.972802] SGI XFS with ACLs, security attributes, realtime, quota, no debug enabled
[    2.978736] Key type asymmetric registered
[    2.978811] Asymmetric key parser 'x509' registered
[    2.978923] Block layer SCSI generic (bsg) driver version 0.4 loaded (major 252)
[    2.980276] io scheduler mq-deadline registered
[    2.985129] f029b788: ttyHV0 at I/O 0x0 (irq = 1, base_baud = 115200) is a SUN4V HCONS
[    2.987321] printk: console [ttyHV0] enabled
[    2.989358] n2rng v0.3 (Jan 7, 2017)
[    2.989444] n2rng f029b104: Registered RNG HVAPI major 2 minor 0
[    2.989531] n2rng f029b104: Found multi-unit-capable RNG, units: 2
[    2.991674] n2rng f029b104: RNG ready
[    2.992869] sunvdc.c:v1.2 (November 24, 2014)
[    2.995726] sunvdc: Virtual Hard disk vdiskc
[    2.995768] sunvdc: vdiskc: 104857600 sectors (51200 MB) protocol 1.2
[    3.025359] sunvdc: Virtual Hard disk vdiskb
[    3.025407] sunvdc: vdiskb: 62914560 sectors (30720 MB) protocol 1.2
[    3.027269]  vdiskb: vdiskb1
[    3.060889] sunvdc: Virtual Hard disk vdiska
[    3.060937] sunvdc: vdiska: 31457280 sectors (15360 MB) protocol 1.2
[    3.062208]  vdiska: vdiska1 vdiska2 vdiska3 vdiska4
[    3.090143] rtc-sun4v rtc-sun4v: registered as rtc0
[    3.090308] rtc-sun4v rtc-sun4v: setting system clock to 2021-07-01T17:22:02 UTC (1625160122)
[    3.090779] rtc-test rtc-test.0: registered as rtc1
[    3.102201] rtc rtc2: invalid alarm value: 18446744073704833233-01-07T06:59:16
[    3.102596] rtc-test rtc-test.1: registered as rtc2
[    3.113611] rtc rtc3: invalid alarm value: 18446744073704833233-01-07T06:59:16
[    3.113854] rtc-test rtc-test.2: registered as rtc3
[    3.114270] softdog: initialized. soft_noboot=0 soft_margin=60 sec soft_panic=0 (nowayout=0)
[    3.114323] softdog:              soft_reboot_cmd=<not set> soft_active_on_boot=0
[    3.116469] NET: Registered protocol family 10
[    3.416657] Freeing initrd memory: 27192K
[    3.533890] Segment Routing with IPv6
[    3.534388] mip6: Mobile IPv6
[    3.534526] NET: Registered protocol family 17
[    3.553736] registered taskstats version 1
[    3.553921] Loading compiled-in X.509 certificates
[    3.589164] zswap: loaded using pool lzo/zbud
[    3.607937] This architecture does not have kernel memory protection.
[    3.608157] Run /init as init process
[    3.608281]   with arguments:
[    3.608311]     /init
[    3.608341]   with environment:
[    3.608368]     HOME=/
[    3.608397]     TERM=linux
[    3.608425]     BOOT_IMAGE=/vmlinux-5.13.0-00582-g8e4d7a78f08a
[    5.115494] sunvnet_common: module verification failed: signature and/or required key missing - tainting kernel
[    5.118463] sunvnet: sunvnet 2.0 (February 3, 2017)
[    5.121161] vnet_port vnet-port-0-0 eth0: Sun LDOM vnet 00:14:4f:f8:12:a3
[    5.121488] sunvnet: eth0: PORT ( remote-mac 00:14:4f:fa:f3:f0 switch-port )
[    5.122203] sunvnet: eth0: PORT ( remote-mac 00:14:4f:f8:e5:f3 )
[    5.122645] sunvnet: eth0: PORT ( remote-mac 00:14:4f:f8:3f:1e )
[    5.123097] sunvnet: eth0: PORT ( remote-mac 00:14:4f:f9:b4:97 )
[    5.123457] sunvnet: eth0: PORT ( remote-mac 00:14:4f:f9:8b:83 )
[    5.139242] crc32c_sparc64: Using sparc64 crc32c opcode optimized CRC32C implementation
[    5.148040] random: lvm: uninitialized urandom read (4 bytes read)
[    5.226022] device-mapper: uevent: version 1.0.3
[    5.226763] device-mapper: ioctl: 4.45.0-ioctl (2021-03-22) initialised: dm-devel@redhat.com
[    5.232582] random: lvm: uninitialized urandom read (2 bytes read)
[    5.784026] xor: automatically using best checksumming function   Niagara   
[    5.858248] raid6: int64x8  gen()   678 MB/s
[    5.926230] raid6: int64x8  xor()   347 MB/s
[    5.994202] raid6: int64x4  gen()   787 MB/s
[    6.062206] raid6: int64x4  xor()   332 MB/s
[    6.130222] raid6: int64x2  gen()   660 MB/s
[    6.198240] raid6: int64x2  xor()   265 MB/s
[    6.266232] raid6: int64x1  gen()   325 MB/s
[    6.334206] raid6: int64x1  xor()   558 MB/s
[    6.334260] raid6: using algorithm int64x4 gen() 787 MB/s
[    6.334295] raid6: .... xor() 332 MB/s, rmw enabled
[    6.334327] raid6: using intx1 recovery algorithm
[    6.528601] random: fast init done
[    6.532114] EXT4-fs (vdiska2): mounted filesystem with ordered data mode. Opts: (null). Quota mode: none.
[    6.788395] systemd[1]: Inserted module 'autofs4'
[    6.811180] systemd[1]: systemd 247.3-5 running in system mode. (+PAM +AUDIT +SELINUX +IMA +APPARMOR +SMACK +SYSVINIT +UTMP +LIBCRYPTSETUP +GCRYPT +GNUTLS +ACL +XZ +LZ4 +ZSTD -SECCOMP +BLKID +ELFUTILS +KMOD +IDN2 -IDN +PCRE2 default-hierarchy=unified)
[    6.811760] systemd[1]: Detected architecture sparc64.
[    6.814040] systemd[1]: Set hostname to <ttip>.
[    6.905284] random: lvmconfig: uninitialized urandom read (4 bytes read)
[    7.186474] systemd[1]: Queued start job for default target Multi-User System.
[    7.187332] random: systemd: uninitialized urandom read (16 bytes read)
[    7.203476] systemd[1]: Created slice system-getty.slice.
[    7.205138] random: systemd: uninitialized urandom read (16 bytes read)
[    7.214369] systemd[1]: Created slice system-modprobe.slice.
[    7.219443] systemd[1]: Created slice system-openvpn\x2dclient.slice.
[    7.223445] systemd[1]: Created slice system-postfix.slice.
[    7.227218] systemd[1]: Created slice system-systemd\x2dfsck.slice.
[    7.231396] systemd[1]: Created slice User and Session Slice.
[    7.231999] systemd[1]: Started Dispatch Password Requests to Console Directory Watch.
[    7.232471] systemd[1]: Started Forward Password Requests to Wall Directory Watch.
[    7.234140] systemd[1]: Set up automount Arbitrary Executable File Formats File System Automount Point.
[    7.234490] systemd[1]: Reached target Local Encrypted Volumes.
[    7.234791] systemd[1]: Reached target Paths.
[    7.235034] systemd[1]: Reached target Slices.
[    7.235569] systemd[1]: Listening on Device-mapper event daemon FIFOs.
[    7.236135] systemd[1]: Listening on LVM2 poll daemon socket.
[    7.277167] systemd[1]: Listening on RPCbind Server Activation Socket.
[    7.283092] systemd[1]: Listening on Syslog Socket.
[    7.284830] systemd[1]: Listening on fsck to fsckd communication Socket.
[    7.285831] systemd[1]: Listening on initctl Compatibility Named Pipe.
[    7.287387] systemd[1]: Listening on Journal Audit Socket.
[    7.288360] systemd[1]: Listening on Journal Socket (/dev/log).
[    7.289450] systemd[1]: Listening on Journal Socket.
[    7.290509] systemd[1]: Listening on udev Control Socket.
[    7.291208] systemd[1]: Listening on udev Kernel Socket.
[    7.298407] systemd[1]: Mounting Huge Pages File System...
[    7.305368] systemd[1]: Mounting POSIX Message Queue File System...
[    7.313103] systemd[1]: Mounting RPC Pipe File System...
[    7.323512] systemd[1]: Mounting Kernel Debug File System...
[    7.335435] systemd[1]: Mounting Kernel Trace File System...
[    7.336084] systemd[1]: Condition check resulted in Kernel Module supporting RPCSEC_GSS being skipped.
[    7.336676] systemd[1]: Finished Availability of block devices.
[    7.345147] systemd[1]: Starting Wait for network to be configured by ifupdown...
[    7.354252] systemd[1]: Starting Create list of static device nodes for the current kernel...
[    7.361599] systemd[1]: Starting Monitoring of LVM2 mirrors, snapshots etc. using dmeventd or progress polling...
[    7.371554] systemd[1]: Starting Load Kernel Module configfs...
[    7.400202] systemd[1]: Starting Load Kernel Module drm...
[    7.420774] systemd[1]: Starting Load Kernel Module fuse...
[    7.430145] systemd[1]: Starting nftables...
[    7.431785] systemd[1]: Condition check resulted in Set Up Additional Binary Formats being skipped.
[    7.432009] systemd[1]: Condition check resulted in File System Check on Root Device being skipped.
[    7.442044] RPC: Registered named UNIX socket transport module.
[    7.442115] RPC: Registered udp transport module.
[    7.442214] RPC: Registered tcp transport module.
[    7.442257] RPC: Registered tcp NFSv4.1 backchannel transport module.
[    7.444593] systemd[1]: Starting Journal Service...
[    7.447708] fuse: init (API version 7.33)
[    7.454709] systemd[1]: Starting Load Kernel Modules...
[    7.463206] systemd[1]: Starting Remount Root and Kernel File Systems...
[    7.471599] systemd[1]: Starting Coldplug All udev Devices...
[    7.483238] systemd[1]: Mounted Huge Pages File System.
[    7.484129] systemd[1]: Mounted POSIX Message Queue File System.
[    7.484873] systemd[1]: Mounted RPC Pipe File System.
[    7.485585] systemd[1]: Mounted Kernel Debug File System.
[    7.486361] systemd[1]: Mounted Kernel Trace File System.
[    7.489679] systemd[1]: Finished Wait for network to be configured by ifupdown.
[    7.493175] systemd[1]: Finished Create list of static device nodes for the current kernel.
[    7.495339] systemd[1]: modprobe@configfs.service: Succeeded.
[    7.497735] systemd[1]: Finished Load Kernel Module configfs.
[    7.498954] EXT4-fs (vdiska2): re-mounted. Opts: errors=remount-ro. Quota mode: none.
[    7.499815] systemd[1]: modprobe@drm.service: Succeeded.
[    7.502032] systemd[1]: Finished Load Kernel Module drm.
[    7.508312] systemd[1]: modprobe@fuse.service: Succeeded.
[    7.510573] systemd[1]: Finished Load Kernel Module fuse.
[    7.513673] systemd[1]: Finished Load Kernel Modules.
[    7.523059] systemd[1]: Mounting FUSE Control File System...
[    7.531634] systemd[1]: Mounting Kernel Configuration File System...
[    7.541610] systemd[1]: Starting Apply Kernel Variables...
[    7.558198] systemd[1]: Started Journal Service.
[    7.660107] systemd-journald[343]: Received client request to flush runtime journal.
[    8.669969] sha1_sparc64: Using sparc64 sha1 opcode optimized SHA-1 implementation
[    8.674939] sha256_sparc64: Using sparc64 sha256 opcode optimized SHA-256/SHA-224 implementation
[    8.678956] sha512_sparc64: Using sparc64 sha512 opcode optimized SHA-512/SHA-384 implementation
[    8.681466] md5_sparc64: Using sparc64 md5 opcode optimized MD5 implementation
[    8.685126] aes_sparc64: Using sparc64 aes opcodes optimized AES implementation
[    8.690249] des_sparc64: Using sparc64 des opcodes optimized DES implementation
[    8.696919] camellia_sparc64: Using sparc64 camellia opcodes optimized CAMELLIA implementation
[    8.982345] Adding 787176k swap on /dev/vdiska4.  Priority:-2 extents:1 across:787176k FS
[    9.029331] EXT4-fs (vdiska1): mounting ext3 file system using the ext4 subsystem
[    9.037701] EXT4-fs (vdiska1): mounted filesystem with ordered data mode. Opts: (null). Quota mode: none.
[    9.037907] ext3 filesystem being mounted at /boot supports timestamps until 2038 (0x7fffffff)
[    9.189612] XFS (dm-0): Mounting V5 Filesystem
[    9.334704] XFS (dm-0): Ending clean mount
[    9.336747] xfs filesystem being mounted at /1 supports timestamps until 2038 (0x7fffffff)
[   10.062989] random: crng init done
[   10.063047] random: 5 urandom warning(s) missed due to ratelimiting
