[    0.000020] PROMLIB: Sun IEEE Boot Prom 'OBP 4.38.12 2018/03/28 14:54'
[    0.000031] PROMLIB: Root node compatible: sun4v
[    0.000080] Linux version 5.1.0-rc2-00208-g1a9df9e29c2a (mator@ttip) (gcc version 8.3.0 (Debian 8.3.0-4)) #941 SMP Thu Mar 28 11:37:01 MSK 2019
[    0.000393] printk: bootconsole [earlyprom0] enabled
[    0.000447] ARCH: SUN4V
[    0.000497] Ethernet address: 00:14:4f:fa:06:f2
[    0.000550] MM: PAGE_OFFSET is 0xfff8000000000000 (max_phys_bits == 47)
[    0.000617] MM: VMALLOC [0x0000000100000000 --> 0x0006000000000000]
[    0.000679] MM: VMEMMAP [0x0006000000000000 --> 0x000c000000000000]
[    0.012676] Kernel: Using 5 locked TLB entries for main kernel image.
[    0.012763] Remapping the kernel... 
[    0.012787] done.
[    0.040358] OF stdout device is: /virtual-devices@100/console@1
[    0.040438] PROM: Built device tree with 75126 bytes of memory.
[    0.040504] MDESC: Size is 31056 bytes.
[    0.040617] PLATFORM: banner-name [SPARC T5-2]
[    0.040668] PLATFORM: name [ORCL,SPARC-T5-2]
[    0.040714] PLATFORM: hostid [84fa06f2]
[    0.040757] PLATFORM: serial# [0035260e]
[    0.040801] PLATFORM: stick-frequency [3b9aca00]
[    0.040850] PLATFORM: mac-address [144ffa06f2]
[    0.040897] PLATFORM: watchdog-resolution [1000 ms]
[    0.040948] PLATFORM: watchdog-max-timeout [31536000000 ms]
[    0.041005] PLATFORM: max-cpus [1024]
[    0.041112] Top of RAM: 0x24af948000, Total RAM: 0x87f386000
[    0.041175] Memory hole size: 115461MB
[    0.045300] Allocated 40960 bytes for kernel page tables.
[    0.045408] Zone ranges:
[    0.045450]   Normal   [mem 0x0000000030400000-0x00000024af947fff]
[    0.045517] Movable zone start for each node
[    0.045561] Early memory node ranges
[    0.045603]   node   0: [mem 0x0000000030400000-0x000000006febffff]
[    0.045665]   node   0: [mem 0x000000006ff40000-0x000000006ff47fff]
[    0.045726]   node   0: [mem 0x0000000070000000-0x000000042fffffff]
[    0.045790]   node   0: [mem 0x0000002030000000-0x00000024af8b5fff]
[    0.045852]   node   0: [mem 0x00000024af940000-0x00000024af947fff]
[    0.053251] Zeroed struct page in unavailable ranges: 230113 pages
[    0.053259] Initmem setup node 0 [mem 0x0000000030400000-0x00000024af947fff]
[    0.053415] On node 0 totalpages: 4454851
[    0.053423]   Normal zone: 39154 pages used for memmap
[    0.053428]   Normal zone: 0 pages reserved
[    0.053434]   Normal zone: 4454851 pages, LIFO batch:31
[    0.251102] Booting Linux...
[    0.251187] CPU CAPS: [flush,stbar,swap,muldiv,v9,blkinit,n2,mul32]
[    0.251272] CPU CAPS: [div32,v8plus,popc,vis,vis2,ASIBlkInit,fmaf,vis3]
[    0.252353] CPU CAPS: [hpc,ima,pause,cbcond,aes,des,kasumi,camellia]
[    0.252430] CPU CAPS: [md5,sha1,sha256,sha512,mpmul,montmul,montsqr,crc32c]
[    0.302838] percpu: Embedded 20 pages/cpu @(____ptrval____) s122120 r8192 d33528 u262144
[    0.303104] pcpu-alloc: s122120 r8192 d33528 u262144 alloc=1*4194304
[    0.303111] pcpu-alloc: [0] 000 001 002 003 004 005 006 007 008 009 010 011 012 013 014 015 
[    0.303139] pcpu-alloc: [0] 016 017 018 019 020 021 022 023 024 025 026 027 028 029 030 031 
[    0.303167] pcpu-alloc: [0] 032 033 034 035 036 037 038 039 040 041 042 043 044 045 046 047 
[    0.303196] pcpu-alloc: [0] 048 049 050 051 052 053 054 055 056 057 058 059 060 061 062 063 
[    0.303224] pcpu-alloc: [0] 064 065 066 067 068 069 070 071 072 073 074 075 076 077 078 079 
[    0.303252] pcpu-alloc: [0] 080 081 082 083 084 085 086 087 088 089 090 091 092 093 094 095 
[    0.303280] pcpu-alloc: [0] 096 097 098 099 100 101 102 103 104 105 106 107 108 109 110 111 
[    0.303309] pcpu-alloc: [0] 112 113 114 115 116 117 118 119 120 121 122 123 124 125 126 127 
[    0.303337] pcpu-alloc: [0] 128 129 130 131 132 133 134 135 136 137 138 139 140 141 142 143 
[    0.303365] pcpu-alloc: [0] 144 145 146 147 148 149 150 151 152 153 154 155 156 157 158 159 
[    0.303393] pcpu-alloc: [0] 160 161 162 163 164 165 166 167 168 169 170 171 172 173 174 175 
[    0.303421] pcpu-alloc: [0] 176 177 178 179 180 181 182 183 184 185 186 187 188 189 190 191 
[    0.303448] pcpu-alloc: [0] 192 193 194 195 196 197 198 199 200 201 202 203 204 205 206 207 
[    0.303476] pcpu-alloc: [0] 208 209 210 211 212 213 214 215 216 217 218 219 220 221 222 223 
[    0.303504] pcpu-alloc: [0] 224 225 226 227 228 229 230 231 232 233 234 235 236 237 238 239 
[    0.303532] pcpu-alloc: [0] 240 241 242 243 244 245 246 247 248 249 250 251 252 253 254 255 
[    0.303975] SUN4V: Mondo queue sizes [cpu(131072) dev(16384) r(8192) nr(256)]
[    0.304273] Built 1 zonelists, mobility grouping on.  Total pages: 4415697
[    0.304364] Kernel command line: BOOT_IMAGE=/vmlinuz-5.1.0-rc2-00208-g1a9df9e29c2a root=/dev/vdiska2 ro zswap.enabled=1
[    0.306833] printk: log_buf_len individual max cpu contribution: 4096 bytes
[    0.306913] printk: log_buf_len total cpu_extra contributions: 1044480 bytes
[    0.306980] printk: log_buf_len min size: 131072 bytes
[    0.307361] printk: log_buf_len: 2097152 bytes
[    0.307414] printk: early log buf free: 125936(96%)
[    0.313803] Dentry cache hash table entries: 8388608 (order: 13, 67108864 bytes)
[    0.317104] Inode-cache hash table entries: 4194304 (order: 12, 33554432 bytes)
[    0.317200] Sorting __ex_table...
[    0.395846] Memory: 35116760K/35638808K available (6139K kernel code, 847K rwdata, 1776K rodata, 888K init, 8175K bss, 522048K reserved, 0K cma-reserved)
[    0.397466] ftrace: allocating 18683 entries in 37 pages
[    0.406664] kmemleak: Kernel memory leak detector disabled
[    0.411333] Running RCU self tests
[    0.411404] rcu: Hierarchical RCU implementation.
[    0.411455] rcu: 	RCU event tracing is enabled.
[    0.411505] rcu: 	RCU lockdep checking is enabled.
[    0.411554] 	Tasks RCU enabled.
[    0.411592] rcu: RCU calculated value of scheduler-enlistment delay is 11 jiffies.
[    0.417155] NR_IRQS: 2048, nr_irqs: 2048, preallocated irqs: 1
[    0.417275] SUN4V: Using IRQ API major 3, cookie only virqs enabled
[    0.421470] clocksource: stick: mask: 0xffffffffffffffff max_cycles: 0x1cd42e4dffb, max_idle_ns: 881590591483 ns
[    0.421603] clocksource: mult[800000] shift[23]
[    0.421652] clockevent: mult[80000000] shift[31]
[    0.425725] Console: colour dummy device 80x25
[    0.425809] printk: console [tty0] enabled
[    0.425889] printk: bootconsole [earlyprom0] disabled
[    0.425973] Lock dependency validator: Copyright (c) 2006 Red Hat, Inc., Ingo Molnar
[    0.426020] ... MAX_LOCKDEP_SUBCLASSES:  8
[    0.426048] ... MAX_LOCK_DEPTH:          48
[    0.426078] ... MAX_LOCKDEP_KEYS:        8191
[    0.426108] ... CLASSHASH_SIZE:          4096
[    0.426138] ... MAX_LOCKDEP_ENTRIES:     16384
[    0.426168] ... MAX_LOCKDEP_CHAINS:      32768
[    0.426198] ... CHAINHASH_SIZE:          16384
[    0.426229]  memory used by lock dependency info: 5261 kB
[    0.426263]  per task-struct memory footprint: 1920 bytes
[    0.426468] kmemleak: Early log buffer exceeded (4312), please increase DEBUG_KMEMLEAK_EARLY_LOG_SIZE
[    0.572345] Calibrating delay using timer specific routine.. 2017.23 BogoMIPS (lpj=10086189)
[    0.572412] pid_max: default: 262144 minimum: 2048
[    0.573527] LSM: Security Framework initializing
[    0.573771] SELinux:  Initializing.
[    0.574412] *** VALIDATE SELinux ***
[    0.574992] Mount-cache hash table entries: 131072 (order: 7, 1048576 bytes)
[    0.575151] Mountpoint-cache hash table entries: 131072 (order: 7, 1048576 bytes)
[    0.576676] *** VALIDATE proc ***
[    0.577372] *** VALIDATE cgroup1 ***
[    0.577403] *** VALIDATE cgroup2 ***
[    0.580463] rcu: Hierarchical SRCU implementation.
[    0.604201] smp: Bringing up secondary CPUs ...
[    0.668812] smp: Brought up 1 node, 24 CPUs
[    0.676698] devtmpfs: initialized
[    0.682365] Performance events: 
[    0.682416] Testing NMI watchdog ... 
[    0.882529] OK.
[    0.882695] Supported PMU type is 'niagara5'
[    0.883026] random: get_random_u32 called from bucket_table_alloc.isra.4+0x13c/0x1c0 with crng_init=0
[    0.883902] ldc.c:v1.1 (July 22, 2008)
[    0.886893] clocksource: jiffies: mask: 0xffffffff max_cycles: 0xffffffff, max_idle_ns: 19112604462750000 ns
[    0.887000] futex hash table entries: 65536 (order: 10, 8388608 bytes)
[    0.896934] NET: Registered protocol family 16
[    0.906249] VIO: Adding device channel-devices (tx_ino = ffffffffffffffff, rx_ino = ffffffffffffffff)
[    0.906492] VIO: Adding device vnet-port-0-0 (tx_ino = 0, rx_ino = 1)
[    0.906723] VIO: Adding device vnet-port-0-1 (tx_ino = 2, rx_ino = 3)
[    0.906915] VIO: Adding device vnet-port-0-2 (tx_ino = 4, rx_ino = 5)
[    0.907113] VIO: Adding device vnet-port-0-3 (tx_ino = 6, rx_ino = 7)
[    0.907325] VIO: Adding device vnet-port-0-4 (tx_ino = 8, rx_ino = 9)
[    0.907517] VIO: Adding device vnet-port-0-5 (tx_ino = 16, rx_ino = 17)
[    0.907709] VIO: Adding device vdc-port-3-0 (tx_ino = a, rx_ino = b)
[    0.907911] VIO: Adding device vdc-port-2-0 (tx_ino = c, rx_ino = d)
[    0.908106] VIO: Adding device vdc-port-1-0 (tx_ino = e, rx_ino = f)
[    0.908303] VIO: Adding device vdc-port-0-0 (tx_ino = 10, rx_ino = 11)
[    0.908495] VIO: Adding device vlds-port-0-0 (tx_ino = 12, rx_ino = 13)
[    0.908696] VIO: Adding device domain-services-port-0 (tx_ino = 12, rx_ino = 13)
[    0.909096] audit: initializing netlink subsys (disabled)
[    0.909497] audit: type=2000 audit(0.480:1): state=initialized audit_enabled=0 res=1
[    0.955604] HugeTLB registered 64.0 KiB page size, pre-allocated 0 pages
[    0.955657] HugeTLB registered 8.00 MiB page size, pre-allocated 0 pages
[    0.955700] HugeTLB registered 256 MiB page size, pre-allocated 0 pages
[    0.955743] HugeTLB registered 2.00 GiB page size, pre-allocated 0 pages
[    0.970512] SUN4V: Reboot data supported (maj=1,min=0).
[    0.970946] ds.c:v1.0 (Jul 11, 2007)
[    0.971379] ds-0: ds_conn_reset() from send_events.isra.3
[    0.972907] clocksource: Switched to clocksource stick
[    1.196014] VFS: Disk quotas dquot_6.6.0
[    1.196510] VFS: Dquot-cache hash table entries: 1024 (order 0, 8192 bytes)
[    1.197137] *** VALIDATE hugetlbfs ***
[    1.218019] NET: Registered protocol family 2
[    1.220398] tcp_listen_portaddr_hash hash table entries: 32768 (order: 8, 2359296 bytes)
[    1.223715] TCP established hash table entries: 524288 (order: 9, 4194304 bytes)
[    1.225730] TCP bind hash table entries: 65536 (order: 9, 4194304 bytes)
[    1.231318] TCP: Hash tables configured (established 524288 bind 65536)
[    1.239129] UDP hash table entries: 32768 (order: 9, 5242880 bytes)
[    1.246521] UDP-Lite hash table entries: 32768 (order: 9, 5242880 bytes)
[    1.261442] NET: Registered protocol family 1
[    1.262427] Unpacking initramfs...
[    1.580824] Freeing initrd memory: 10184K
[    1.619314] workingset: timestamp_bits=46 max_order=23 bucket_order=0
[    1.620707] zbud: loaded
[    1.628219] alg: extra crypto tests enabled.  This is intended for developer use only.
[    1.763697] alg: No test for lzo-rle (lzo-rle-generic)
[    1.770786] alg: No test for lzo-rle (lzo-rle-scomp)
[    1.888505] Block layer SCSI generic (bsg) driver version 0.4 loaded (major 252)
[    1.890300] io scheduler mq-deadline registered
[    1.890335] io scheduler kyber registered
[    1.891985] f029b788: ttyS0 at I/O 0x0 (irq = 1, base_baud = 115200) is a SUN4V HCONS
[    1.897775] printk: console [ttyHV0] enabled
[    1.901625] sunvdc.c:v1.2 (November 24, 2014)
[    1.908933] sunvdc: Virtual CDROM vdiskd
[    1.908990] sunvdc: vdiskd: 403160 sectors (196 MB) protocol 1.2
[    1.910618]  vdiskd: vdiskd1 vdiskd2 vdiskd3 vdiskd4 vdiskd5 vdiskd6 vdiskd7
[    1.975726] sunvdc: Virtual Hard disk vdiskc
[    1.975776] sunvdc: vdiskc: 104857600 sectors (51200 MB) protocol 1.2
[    2.036376] sunvdc: Virtual Hard disk vdiskb
[    2.036429] sunvdc: vdiskb: 62914560 sectors (30720 MB) protocol 1.2
[    2.046602]  vdiskb: vdiskb1
[    2.107554] sunvdc: Virtual Hard disk vdiska
[    2.107607] sunvdc: vdiska: 31457280 sectors (15360 MB) protocol 1.2
[    2.108652]  vdiska: vdiska1 vdiska2 vdiska3 vdiska4
[    2.162607] sunvnet: sunvnet 2.0 (February 3, 2017)
[    2.166199] vnet_port vnet-port-0-0 eth0: Sun LDOM vnet 00:14:4f:f8:12:a3
[    2.166807] sunvnet: eth0: PORT ( remote-mac 00:14:4f:fa:f3:f0 switch-port )
[    2.168140] sunvnet: eth0: PORT ( remote-mac 00:14:4f:f8:e5:f3 )
[    2.169642] sunvnet: eth0: PORT ( remote-mac 00:14:4f:f9:b4:97 )
[    2.170945] sunvnet: eth0: PORT ( remote-mac 00:14:4f:f9:8b:83 )
[    2.172237] sunvnet: eth0: PORT ( remote-mac 00:14:4f:f8:3f:1e )
[    2.173583] sunvnet: eth0: PORT ( remote-mac 00:14:4f:f8:fe:47 )
[    2.174769] mousedev: PS/2 mouse device common for all mice
[    2.175964] rtc-sun4v rtc-sun4v: registered as rtc0
[    2.176429] device-mapper: uevent: version 1.0.3
[    2.177563] device-mapper: ioctl: 4.40.0-ioctl (2019-01-18) initialised: dm-devel@redhat.com
[    2.179185] NET: Registered protocol family 17
[    2.180588] registered taskstats version 1
[    2.183707] zswap: loaded using pool lzo/zbud
[    2.307384] Key type big_key registered
[    2.308346] rtc-sun4v rtc-sun4v: setting system clock to 2019-03-28T08:48:06 UTC (1553762886)
[    2.312907] This architecture does not have kernel memory protection.
[    2.312962] Run /init as init process
[    3.287832] crc32c_sparc64: Using sparc64 crc32c opcode optimized CRC32C implementation
[    3.373749] random: fast init done
[    3.772842] raid6: int64x8  gen()  2055 MB/s
[    3.942840] raid6: int64x8  xor()  1546 MB/s
[    4.112835] raid6: int64x4  gen()  3373 MB/s
[    4.282856] raid6: int64x4  xor()  1960 MB/s
[    4.452832] raid6: int64x2  gen()  2806 MB/s
[    4.622861] raid6: int64x2  xor()  1967 MB/s
[    4.792855] raid6: int64x1  gen()  2644 MB/s
[    4.962866] raid6: int64x1  xor()  1606 MB/s
[    4.962921] raid6: using algorithm int64x4 gen() 3373 MB/s
[    4.962960] raid6: .... xor() 1960 MB/s, rmw enabled
[    4.962996] raid6: using intx1 recovery algorithm
[    4.964039] async_tx: api initialized (async)
[    4.964729] xor: automatically using best checksumming function   Niagara   
[    5.227064] EXT4-fs (vdiska2): mounted filesystem with ordered data mode. Opts: (null)
[    6.939939] systemd[1]: Inserted module 'autofs4'
[    6.990870] NET: Registered protocol family 10
[    7.004485] Segment Routing with IPv6
[    7.065951] systemd[1]: systemd 241 running in system mode. (+PAM +AUDIT +SELINUX +IMA +APPARMOR +SMACK +SYSVINIT +UTMP +LIBCRYPTSETUP +GCRYPT +GNUTLS +ACL +XZ +LZ4 -SECCOMP +BLKID +ELFUTILS +KMOD -IDN2 +IDN -PCRE2 default-hierarchy=hybrid)
[    7.066542] systemd[1]: Detected architecture sparc64.
[    7.109403] systemd[1]: Set hostname to <ttip>.
[    7.114601] Kernel unaligned access at TPC[46f1b0] __do_proc_doulongvec_minmax+0x110/0x3a0
[    8.100434] random: lvmconfig: uninitialized urandom read (4 bytes read)
[    8.504277] systemd[1]: File /lib/systemd/system/systemd-journald.service:12 configures an IP firewall (IPAddressDeny=any), but the local system does not support BPF/cgroup based firewalling.
[    8.504405] systemd[1]: Proceeding WITHOUT firewalling in effect! (This warning is only shown for the first loaded unit using IP firewalling.)
[    8.553135] systemd[1]: /lib/systemd/system/auditd.service:11: PIDFile= references path below legacy directory /var/run/, updating /var/run/auditd.pid → /run/auditd.pid; please update the unit file accordingly.
[    9.016651] systemd[1]: /lib/systemd/system/smbd.service:9: PIDFile= references path below legacy directory /var/run/, updating /var/run/samba/smbd.pid → /run/samba/smbd.pid; please update the unit file accordingly.
[    9.027239] systemd[1]: /lib/systemd/system/nmbd.service:9: PIDFile= references path below legacy directory /var/run/, updating /var/run/samba/nmbd.pid → /run/samba/nmbd.pid; please update the unit file accordingly.
[    9.232127] random: systemd: uninitialized urandom read (16 bytes read)
[    9.239901] random: systemd: uninitialized urandom read (16 bytes read)
[    9.241151] systemd[1]: Listening on LVM2 poll daemon socket.
[    9.242148] random: systemd: uninitialized urandom read (16 bytes read)
[    9.251868] systemd[1]: Listening on Syslog Socket.
[    9.434675] EXT4-fs (vdiska2): re-mounted. Opts: errors=remount-ro
[    9.703716] systemd-journald[398]: Received request to flush runtime journal from PID 1
[   11.374556] sha1_sparc64: Using sparc64 sha1 opcode optimized SHA-1 implementation
[   11.430696] sha256_sparc64: Using sparc64 sha256 opcode optimized SHA-256/SHA-224 implementation
[   11.476143] sha512_sparc64: Using sparc64 sha512 opcode optimized SHA-512/SHA-384 implementation
[   11.481370] md5_sparc64: Using sparc64 md5 opcode optimized MD5 implementation
[   11.510390] aes_sparc64: Using sparc64 aes opcodes optimized AES implementation
[   11.510509] n2rng v0.3 (Jan 7, 2017)
[   11.510630] n2rng f029b104: Registered RNG HVAPI major 2 minor 0
[   11.510735] n2rng f029b104: Found multi-unit-capable RNG, units: 2
[   11.512110] n2rng f029b104: RNG ready
[   11.677001] des_sparc64: Using sparc64 des opcodes optimized DES implementation
[   11.764266] camellia_sparc64: Using sparc64 camellia opcodes optimized CAMELLIA implementation
[   13.504180] SGI XFS with ACLs, security attributes, debug enabled
[   13.541544] XFS (dm-0): Mounting V5 Filesystem
[   13.668473] XFS (dm-0): Ending clean mount
[   14.537165] Adding 787176k swap on /dev/vdiska4.  Priority:-2 extents:1 across:787176k FS
[   14.888061] EXT4-fs (vdiska1): mounting ext3 file system using the ext4 subsystem
[   14.898512] EXT4-fs (vdiska1): mounted filesystem with ordered data mode. Opts: (null)
