[    0.000018] PROMLIB: Sun IEEE Boot Prom 'OBP 4.38.12 2018/03/28 14:54'
[    0.000031] PROMLIB: Root node compatible: sun4v
[    0.000078] Linux version 5.4.0-rc4-00104-g39a38bcba4ab-dirty (mator@ttip.nvglabs.local) (gcc version 9.2.1 20190909 (Debian 9.2.1-8)) #1285 SMP Fri Oct 25 10:39:01 MSK 2019
[    0.000412] printk: bootconsole [earlyprom0] enabled
[    0.000463] ARCH: SUN4V
[    0.000514] Ethernet address: 00:14:4f:fa:06:f2
[    0.000565] MM: PAGE_OFFSET is 0xfff8000000000000 (max_phys_bits == 47)
[    0.000630] MM: VMALLOC [0x0000000100000000 --> 0x0006000000000000]
[    0.000692] MM: VMEMMAP [0x0006000000000000 --> 0x000c000000000000]
[    0.013200] Kernel: Using 6 locked TLB entries for main kernel image.
[    0.013269] Remapping the kernel... 
[    0.013295] done.
[    0.049370] OF stdout device is: /virtual-devices@100/console@1
[    0.049436] PROM: Built device tree with 87467 bytes of memory.
[    0.049497] MDESC: Size is 36960 bytes.
[    0.049617] PLATFORM: banner-name [SPARC T5-2]
[    0.049668] PLATFORM: name [ORCL,SPARC-T5-2]
[    0.049713] PLATFORM: hostid [84fa06f2]
[    0.049756] PLATFORM: serial# [0035260e]
[    0.049799] PLATFORM: stick-frequency [3b9aca00]
[    0.049849] PLATFORM: mac-address [144ffa06f2]
[    0.049895] PLATFORM: watchdog-resolution [1000 ms]
[    0.049945] PLATFORM: watchdog-max-timeout [31536000000 ms]
[    0.050000] PLATFORM: max-cpus [1024]
[    0.050069] Top of RAM: 0x24af936000, Total RAM: 0x87f352000
[    0.050130] Memory hole size: 115461MB
[    0.287746] Allocated 35708928 bytes for kernel page tables.
[    0.287828] Zone ranges:
[    0.287866]   Normal   [mem 0x0000000030400000-0x00000024af935fff]
[    0.287930] Movable zone start for each node
[    0.287974] Early memory node ranges
[    0.288016]   node   0: [mem 0x0000000030400000-0x000000006fe7ffff]
[    0.288080]   node   0: [mem 0x000000006ff00000-0x000000006ff25fff]
[    0.288142]   node   0: [mem 0x0000000070000000-0x000000042fffffff]
[    0.288205]   node   0: [mem 0x0000002030000000-0x00000024af87ffff]
[    0.288266]   node   0: [mem 0x00000024af900000-0x00000024af925fff]
[    0.288326]   node   0: [mem 0x00000024af930000-0x00000024af935fff]
[    0.295742] Zeroed struct page in unavailable ranges: 230130 pages
[    0.295750] Initmem setup node 0 [mem 0x0000000030400000-0x00000024af935fff]
[    0.295909] On node 0 totalpages: 4454825
[    0.295918]   Normal zone: 39154 pages used for memmap
[    0.295924]   Normal zone: 0 pages reserved
[    0.295929]   Normal zone: 4454825 pages, LIFO batch:31
[    0.306775] Booting Linux...
[    0.306859] CPU CAPS: [flush,stbar,swap,muldiv,v9,blkinit,n2,mul32]
[    0.306943] CPU CAPS: [div32,v8plus,popc,vis,vis2,ASIBlkInit,fmaf,vis3]
[    0.308022] CPU CAPS: [hpc,ima,pause,cbcond,aes,des,kasumi,camellia]
[    0.308093] CPU CAPS: [md5,sha1,sha256,sha512,mpmul,montmul,montsqr,crc32c]
[    0.342108] percpu: Embedded 27 pages/cpu s181896 r8192 d31096 u262144
[    0.342354] pcpu-alloc: s181896 r8192 d31096 u262144 alloc=1*4194304
[    0.342361] pcpu-alloc: [0] 000 001 002 003 004 005 006 007 008 009 010 011 012 013 014 015 
[    0.342387] pcpu-alloc: [0] 016 017 018 019 020 021 022 023 024 025 026 027 028 029 030 031 
[    0.342413] pcpu-alloc: [0] 032 033 034 035 036 037 038 039 040 041 042 043 044 045 046 047 
[    0.342439] pcpu-alloc: [0] 048 049 050 051 052 053 054 055 056 057 058 059 060 061 062 063 
[    0.342465] pcpu-alloc: [0] 064 065 066 067 068 069 070 071 072 073 074 075 076 077 078 079 
[    0.342491] pcpu-alloc: [0] 080 081 082 083 084 085 086 087 088 089 090 091 092 093 094 095 
[    0.342516] pcpu-alloc: [0] 096 097 098 099 100 101 102 103 104 105 106 107 108 109 110 111 
[    0.342543] pcpu-alloc: [0] 112 113 114 115 116 117 118 119 120 121 122 123 124 125 126 127 
[    0.343075] SUN4V: Mondo queue sizes [cpu(131072) dev(16384) r(8192) nr(256)]
[    0.343526] Built 1 zonelists, mobility grouping on.  Total pages: 4415671
[    0.343614] Kernel command line: BOOT_IMAGE=/vmlinux-5.4.0-rc4-00104-g39a38bcba4ab-dirty root=/dev/vdiska2 ro zswap.enabled=1
[    0.346036] printk: log_buf_len individual max cpu contribution: 4096 bytes
[    0.346106] printk: log_buf_len total cpu_extra contributions: 520192 bytes
[    0.346173] printk: log_buf_len min size: 131072 bytes
[    0.346495] printk: log_buf_len: 1048576 bytes
[    0.346549] printk: early log buf free: 126608(96%)
[    0.356160] Dentry cache hash table entries: 8388608 (order: 13, 67108864 bytes, linear)
[    0.361059] Inode-cache hash table entries: 4194304 (order: 12, 33554432 bytes, linear)
[    0.361140] Sorting __ex_table...
[    0.361385] mem auto-init: stack:off, heap alloc:off, heap free:off
[    0.424632] Memory: 1305232K/35638600K available (7406K kernel code, 957K rwdata, 2184K rodata, 704K init, 12359K bss, 544664K reserved, 0K cma-reserved)
[    0.434304] SLUB: HWalign=32, Order=0-3, MinObjects=0, CPUs=128, Nodes=1
[    0.439461] ftrace: allocating 21252 entries in 42 pages
[    0.455606] Running RCU self tests
[    0.455656] rcu: Hierarchical RCU implementation.
[    0.455705] rcu: 	RCU event tracing is enabled.
[    0.455753] rcu: 	RCU lockdep checking is enabled.
[    0.455803] 	Tasks RCU enabled.
[    0.455841] rcu: RCU calculated value of scheduler-enlistment delay is 10 jiffies.
[    0.464691] NR_IRQS: 2048, nr_irqs: 2048, preallocated irqs: 1
[    0.465129] SUN4V: Using IRQ API major 3, cookie only virqs enabled
[    0.468964] clocksource: stick: mask: 0xffffffffffffffff max_cycles: 0x1cd42e4dffb, max_idle_ns: 881590591483 ns
[    0.469093] clocksource: mult[800000] shift[23]
[    0.469143] clockevent: mult[80000000] shift[31]
[    0.472833] Console: colour dummy device 80x25
[    0.472897] printk: console [tty0] enabled
[    0.472972] printk: bootconsole [earlyprom0] disabled
[    0.473057] Lock dependency validator: Copyright (c) 2006 Red Hat, Inc., Ingo Molnar
[    0.473104] ... MAX_LOCKDEP_SUBCLASSES:  8
[    0.473133] ... MAX_LOCK_DEPTH:          48
[    0.473163] ... MAX_LOCKDEP_KEYS:        8192
[    0.473193] ... CLASSHASH_SIZE:          4096
[    0.473223] ... MAX_LOCKDEP_ENTRIES:     16384
[    0.473254] ... MAX_LOCKDEP_CHAINS:      32768
[    0.473284] ... CHAINHASH_SIZE:          16384
[    0.473315]  memory used by lock dependency info: 3855 kB
[    0.473350]  memory used for stack traces: 2112 kB
[    0.473382]  per task-struct memory footprint: 1920 bytes
[    0.619387] Calibrating delay using timer specific routine.. 2004.30 BogoMIPS (lpj=10021508)
[    0.619449] pid_max: default: 131072 minimum: 1024
[    0.626947] LSM: Security Framework initializing
[    0.628990] AppArmor: AppArmor initialized
[    0.632074] Mount-cache hash table entries: 131072 (order: 7, 1048576 bytes, linear)
[    0.632313] Mountpoint-cache hash table entries: 131072 (order: 7, 1048576 bytes, linear)
[    0.633799] *** VALIDATE tmpfs ***
[    0.642664] *** VALIDATE proc ***
[    0.648310] *** VALIDATE cgroup1 ***
[    0.648342] *** VALIDATE cgroup2 ***
[    0.654315] rcu: Hierarchical SRCU implementation.
[    0.666750] smp: Bringing up secondary CPUs ...
[    0.738903] smp: Brought up 1 node, 32 CPUs
[    0.944839] node 0 initialised, 4223588 pages in 190ms
[    0.950033] devtmpfs: initialized
[    0.960405] Performance events: 
[    0.960465] Testing NMI watchdog ... 
[    1.160663] OK.
[    1.160833] Supported PMU type is 'niagara5'
[    1.162048] random: get_random_u32 called from bucket_table_alloc.isra.0+0x188/0x1c0 with crng_init=0
[    1.163343] ldc.c:v1.1 (July 22, 2008)
[    1.166740] clocksource: jiffies: mask: 0xffffffff max_cycles: 0xffffffff, max_idle_ns: 19112604462750000 ns
[    1.166836] futex hash table entries: 32768 (order: 9, 4194304 bytes, linear)
[    1.186442] NET: Registered protocol family 16
[    1.200599] VIO: Adding device channel-devices (tx_ino = ffffffffffffffff, rx_ino = ffffffffffffffff)
[    1.200956] VIO: Adding device vnet-port-0-0 (tx_ino = 0, rx_ino = 1)
[    1.201248] VIO: Adding device vnet-port-0-1 (tx_ino = 2, rx_ino = 3)
[    1.201516] VIO: Adding device vnet-port-0-2 (tx_ino = 4, rx_ino = 5)
[    1.201773] VIO: Adding device vnet-port-0-4 (tx_ino = 8, rx_ino = 9)
[    1.202027] VIO: Adding device vnet-port-0-5 (tx_ino = a, rx_ino = b)
[    1.202288] VIO: Adding device vnet-port-0-6 (tx_ino = c, rx_ino = d)
[    1.202538] VIO: Adding device vdc-port-3-0 (tx_ino = e, rx_ino = f)
[    1.202797] VIO: Adding device vdc-port-2-0 (tx_ino = 10, rx_ino = 11)
[    1.203055] VIO: Adding device vdc-port-1-0 (tx_ino = 12, rx_ino = 13)
[    1.203307] VIO: Adding device vdc-port-0-0 (tx_ino = 14, rx_ino = 15)
[    1.203555] VIO: Adding device vdc-port-4-0 (tx_ino = 16, rx_ino = 17)
[    1.203818] VIO: Adding device vlds-port-0-0 (tx_ino = 18, rx_ino = 19)
[    1.204069] VIO: Adding device domain-services-port-0 (tx_ino = 18, rx_ino = 19)
[    1.205096] audit: initializing netlink subsys (disabled)
[    1.205541] audit: type=2000 audit(0.730:1): state=initialized audit_enabled=0 res=1
[    1.261765] HugeTLB registered 64.0 KiB page size, pre-allocated 0 pages
[    1.261818] HugeTLB registered 8.00 MiB page size, pre-allocated 0 pages
[    1.261862] HugeTLB registered 256 MiB page size, pre-allocated 0 pages
[    1.261907] HugeTLB registered 2.00 GiB page size, pre-allocated 0 pages
[    1.267142] alg: extra crypto tests enabled.  This is intended for developer use only.
[    1.296900] cryptd: max_cpu_qlen set to 1000
[    1.438946] NetLabel: Initializing
[    1.438983] NetLabel:  domain hash size = 128
[    1.439016] NetLabel:  protocols = UNLABELED CIPSOv4 CALIPSO
[    1.439260] NetLabel:  unlabeled traffic allowed by default
[    1.440521] SUN4V: Reboot data supported (maj=1,min=0).
[    1.442581] ds.c:v1.0 (Jul 11, 2007)
[    1.443141] ds-0: ds_conn_reset() from send_events.isra.0
[    1.444657] clocksource: Switched to clocksource stick
[    1.735970] *** VALIDATE bpf ***
[    1.744194] VFS: Disk quotas dquot_6.6.0
[    1.748814] VFS: Dquot-cache hash table entries: 1024 (order 0, 8192 bytes)
[    1.749181] *** VALIDATE ramfs ***
[    1.749837] *** VALIDATE hugetlbfs ***
[    1.762945] AppArmor: AppArmor Filesystem Enabled
[    1.789852] NET: Registered protocol family 2
[    1.799683] tcp_listen_portaddr_hash hash table entries: 32768 (order: 8, 2359296 bytes, linear)
[    1.803402] TCP established hash table entries: 524288 (order: 9, 4194304 bytes, linear)
[    1.805723] TCP bind hash table entries: 65536 (order: 9, 4194304 bytes, linear)
[    1.811533] TCP: Hash tables configured (established 524288 bind 65536)
[    1.816477] UDP hash table entries: 32768 (order: 9, 5242880 bytes, linear)
[    1.823075] UDP-Lite hash table entries: 32768 (order: 9, 5242880 bytes, linear)
[    1.838803] NET: Registered protocol family 1
[    1.838900] NET: Registered protocol family 44
[    1.839638] Trying to unpack rootfs image as initramfs...
[    2.172877] Freeing initrd memory: 10464K
[    2.173912] aes_sparc64: Using sparc64 aes opcodes optimized AES implementation
[    2.485420] des_sparc64: Using sparc64 des opcodes optimized DES implementation
[    3.039967] camellia_sparc64: Using sparc64 camellia opcodes optimized CAMELLIA implementation
[    3.293132] workingset: timestamp_bits=46 max_order=23 bucket_order=0
[    3.345264] SGI XFS with ACLs, security attributes, debug enabled
[    3.391733] Block layer SCSI generic (bsg) driver version 0.4 loaded (major 252)
[    3.394031] io scheduler mq-deadline registered
[    3.401621] f029b788: ttyHV0 at I/O 0x0 (irq = 1, base_baud = 115200) is a SUN4V HCONS
[    3.408539] printk: console [ttyHV0] enabled
[    3.416837] sunvdc.c:v1.2 (November 24, 2014)
[    3.432149] sunvdc: Virtual CDROM vdiskd
[    3.432218] sunvdc: vdiskd: 403160 sectors (196 MB) protocol 1.2
[    3.437018]  vdiskd: vdiskd1 vdiskd2 vdiskd3 vdiskd4 vdiskd5 vdiskd6 vdiskd7
[    3.491226] sunvdc: Virtual Hard disk vdiskc
[    3.491281] sunvdc: vdiskc: 104857600 sectors (51200 MB) protocol 1.2
[    3.537579] sunvdc: Virtual Hard disk vdiskb
[    3.537633] sunvdc: vdiskb: 62914560 sectors (30720 MB) protocol 1.2
[    3.540980]  vdiskb: vdiskb1
[    3.585580] sunvdc: Virtual Hard disk vdiska
[    3.585635] sunvdc: vdiska: 31457280 sectors (15360 MB) protocol 1.2
[    3.589089]  vdiska: vdiska1 vdiska2 vdiska3 vdiska4
[    3.637985] sunvdc: Virtual Hard disk vdiske
[    3.638039] sunvdc: vdiske: 20971520 sectors (10240 MB) protocol 1.2
[    3.642374]  vdiske: vdiske1 vdiske2 vdiske3
[    3.673722] sunvnet: sunvnet 2.0 (February 3, 2017)
[    3.679550] vnet_port vnet-port-0-0 eth0: Sun LDOM vnet 00:14:4f:f8:12:a3
[    3.679870] sunvnet: eth0: PORT ( remote-mac 00:14:4f:fa:f3:f0 switch-port )
[    3.681662] sunvnet: eth0: PORT ( remote-mac 00:14:4f:f8:e5:f3 )
[    3.683502] sunvnet: eth0: PORT ( remote-mac 00:14:4f:f9:b4:97 )
[    3.685343] sunvnet: eth0: PORT ( remote-mac 00:14:4f:f8:3f:1e )
[    3.687104] sunvnet: eth0: PORT ( remote-mac 00:14:4f:f8:fe:47 )
[    3.688869] sunvnet: eth0: PORT ( remote-mac 00:14:4f:f9:8b:83 )
[    3.690645] rtc-sun4v rtc-sun4v: registered as rtc0
[    3.691466] sun4v_wdt: initialized (timeout=60s, nowayout=0)
[    3.692560] device-mapper: uevent: version 1.0.3
[    3.695073] device-mapper: ioctl: 4.41.0-ioctl (2019-09-16) initialised: dm-devel@redhat.com
[    3.696778] NET: Registered protocol family 17
[    3.697686] registered taskstats version 1
[    3.707585] zswap: default zpool zbud not available
[    3.707660] zswap: pool creation failed
[    3.708692] kmemleak: Kernel memory leak detector initialized (mem pool available: 6234)
[    3.708702] kmemleak: Automatic memory scanning thread started
[    4.025070] Key type big_key registered
[    4.025157] AppArmor: AppArmor sha1 policy hashing enabled
[    4.026361] rtc-sun4v rtc-sun4v: setting system clock to 2019-10-25T07:44:36 UTC (1571989476)
[    4.036364] This architecture does not have kernel memory protection.
[    4.036430] Run /init as init process
[    4.833212] crc32c_sparc64: Using sparc64 crc32c opcode optimized CRC32C implementation
[    4.903671] random: fast init done
[    5.634548] raid6: int64x8  gen()  2157 MB/s
[    5.804545] raid6: int64x8  xor()  1562 MB/s
[    5.974563] raid6: int64x4  gen()  3439 MB/s
[    6.144581] raid6: int64x4  xor()  1979 MB/s
[    6.314550] raid6: int64x2  gen()  2841 MB/s
[    6.484557] raid6: int64x2  xor()  1989 MB/s
[    6.654591] raid6: int64x1  gen()  2801 MB/s
[    6.824555] raid6: int64x1  xor()  1609 MB/s
[    6.824607] raid6: using algorithm int64x4 gen() 3439 MB/s
[    6.824647] raid6: .... xor() 1979 MB/s, rmw enabled
[    6.824684] raid6: using intx1 recovery algorithm
[    6.826134] async_tx: api initialized (async)
[    6.827153] xor: automatically using best checksumming function   Niagara   
[    7.108373] EXT4-fs (vdiska2): mounted filesystem with ordered data mode. Opts: (null)
[    9.238760] systemd[1]: Inserted module 'autofs4'
[    9.261637] NET: Registered protocol family 10
[    9.277649] Segment Routing with IPv6
[    9.355028] systemd[1]: systemd 242 running in system mode. (+PAM +AUDIT +SELINUX +IMA +APPARMOR +SMACK +SYSVINIT +UTMP +LIBCRYPTSETUP +GCRYPT +GNUTLS +ACL +XZ +LZ4 -SECCOMP +BLKID +ELFUTILS +KMOD +IDN2 -IDN +PCRE2 default-hierarchy=hybrid)
[    9.355725] systemd[1]: Detected architecture sparc64.
[    9.465214] systemd[1]: Set hostname to <ttip.nvglabs.local>.
[    9.522136] systemd[1]: Failed to bump fs.file-max, ignoring: Invalid argument
[   10.520067] random: lvmconfig: uninitialized urandom read (4 bytes read)
[   11.350593] systemd[1]: /lib/systemd/system/dbus.socket:4: ListenStream= references a path below legacy directory /var/run/, updating /var/run/dbus/system_bus_socket → /run/dbus/system_bus_socket; please update the unit file accordingly.
[   11.702955] systemd[1]: /lib/systemd/system/pcscd.socket:4: ListenStream= references a path below legacy directory /var/run/, updating /var/run/pcscd/pcscd.comm → /run/pcscd/pcscd.comm; please update the unit file accordingly.
[   11.752127] random: systemd: uninitialized urandom read (16 bytes read)
[   11.753000] systemd[1]: Started Forward Password Requests to Wall Directory Watch.
[   11.754080] random: systemd: uninitialized urandom read (16 bytes read)
[   11.754844] systemd[1]: Listening on Device-mapper event daemon FIFOs.
[   11.755482] random: systemd: uninitialized urandom read (16 bytes read)
[   11.756527] systemd[1]: Listening on udev Control Socket.
[   11.761492] systemd[1]: Set up automount Arbitrary Executable File Formats File System Automount Point.
[   12.131004] EXT4-fs (vdiska2): re-mounted. Opts: errors=remount-ro
[   12.685995] systemd-journald[552]: Received request to flush runtime journal from PID 1
[   14.472395] sha1_sparc64: Using sparc64 sha1 opcode optimized SHA-1 implementation
[   14.705282] n2rng v0.3 (Jan 7, 2017)
[   14.705396] n2rng f029b104: Registered RNG HVAPI major 2 minor 0
[   14.705477] n2rng f029b104: Found multi-unit-capable RNG, units: 2
[   14.707365] n2rng f029b104: RNG ready
[   14.771474] sha256_sparc64: Using sparc64 sha256 opcode optimized SHA-256/SHA-224 implementation
[   14.994655] pktcdvd: setup of pktcdvd device failed
[   15.010328] sha512_sparc64: Using sparc64 sha512 opcode optimized SHA-512/SHA-384 implementation
[   15.017356] md5_sparc64: Using sparc64 md5 opcode optimized MD5 implementation
[   15.099557] pktcdvd: setup of pktcdvd device failed
[   15.121180] pktcdvd: setup of pktcdvd device failed
[   15.142873] pktcdvd: setup of pktcdvd device failed
[   15.165848] pktcdvd: setup of pktcdvd device failed
[   15.186108] pktcdvd: setup of pktcdvd device failed
[   15.208292] pktcdvd: setup of pktcdvd device failed
[   15.226844] pktcdvd: setup of pktcdvd device failed
[   17.099959] XFS (dm-0): Mounting V5 Filesystem
[   17.203325] XFS (dm-0): Ending clean mount
[   17.208545] Mounted xfs file system at /1 supports timestamps until 2038 (0x7fffffff)
[   18.384761] Adding 787176k swap on /dev/vdiska4.  Priority:-2 extents:1 across:787176k FS
[   18.706122] EXT4-fs (vdiska1): mounting ext3 file system using the ext4 subsystem
[   18.731545] EXT4-fs (vdiska1): mounted filesystem with ordered data mode. Opts: (null)
[   18.733342] Mounted ext3 file system at /boot supports timestamps until 2038 (0x7fffffff)
[   20.076637] Kernel unaligned access at TPC[86a018] aa_dfa_unpack+0x38/0x5a0
[   20.076765] Kernel unaligned access at TPC[86a038] aa_dfa_unpack+0x58/0x5a0
[   20.076821] Kernel unaligned access at TPC[86a0f0] aa_dfa_unpack+0x110/0x5a0
[   20.076894] Kernel unaligned access at TPC[86a1d0] aa_dfa_unpack+0x1f0/0x5a0
[   20.076949] Kernel unaligned access at TPC[86a1e4] aa_dfa_unpack+0x204/0x5a0
[   20.911215] random: crng init done
[   20.911278] random: 6 urandom warning(s) missed due to ratelimiting
[   23.375357] tun: Universal TUN/TAP device driver, 1.6

[   25.306918] ======================================================
[   25.306926] WARNING: possible circular locking dependency detected
[   25.306936] 5.4.0-rc4-00104-g39a38bcba4ab-dirty #1285 Not tainted
[   25.306943] ------------------------------------------------------
[   25.306951] iptables-restor/997 is trying to acquire lock:
[   25.306959] 0000000010568120 (&table[i].mutex){+.+.}, at: nfnl_lock+0x24/0x40 [nfnetlink]
[   25.306979] 
               but task is already holding lock:
[   25.306987] 0000000000e24020 (&net->nft.commit_mutex){+.+.}, at: nf_tables_valid_genid+0x10/0x60 [nf_tables]
[   25.307016] 
               which lock already depends on the new lock.

[   25.307024] 
               the existing dependency chain (in reverse order) is:
[   25.307032] 
               -> #1 (&net->nft.commit_mutex){+.+.}:
[   25.307049]        __mutex_lock+0xac/0x9a0
[   25.307057]        mutex_lock_nested+0x1c/0x40
[   25.307068]        nf_tables_valid_genid+0x10/0x60 [nf_tables]
[   25.307076]        nfnetlink_rcv_batch+0x228/0x620 [nfnetlink]
[   25.307084]        nfnetlink_rcv+0x110/0x140 [nfnetlink]
[   25.307093]        netlink_unicast+0x128/0x200
[   25.307100]        netlink_sendmsg+0x334/0x380
[   25.307111]        sock_sendmsg+0x34/0x80
[   25.307118]        ___sys_sendmsg+0x234/0x260
[   25.307126]        __sys_sendmsg+0x48/0x80
[   25.307132]        sys_sendmsg+0x18/0x40
[   25.307142]        linux_sparc_syscall+0x34/0x44
[   25.307147] 
               -> #0 (&table[i].mutex){+.+.}:
[   25.307159]        __lock_acquire+0x1af0/0x2500
[   25.307166]        lock_acquire+0x1a4/0x1c0
[   25.307173]        __mutex_lock+0xac/0x9a0
[   25.307180]        mutex_lock_nested+0x1c/0x40
[   25.307187]        nfnl_lock+0x24/0x40 [nfnetlink]
[   25.307198]        ip_set_nfnl_get_byindex+0x18c/0x280 [ip_set]
[   25.307209]        set_match_v1_checkentry+0x14/0xc0 [xt_set]
[   25.307221]        xt_check_match+0x23c/0x280 [x_tables]
[   25.307232]        __nft_match_init+0x160/0x180 [nft_compat]
[   25.307239]        nft_match_init+0x18/0x40 [nft_compat]
[   25.307250]        nf_tables_newrule+0x50c/0x780 [nf_tables]
[   25.307258]        nfnetlink_rcv_batch+0x3d0/0x620 [nfnetlink]
[   25.307266]        nfnetlink_rcv+0x110/0x140 [nfnetlink]
[   25.307272]        netlink_unicast+0x128/0x200
[   25.307279]        netlink_sendmsg+0x334/0x380
[   25.307286]        sock_sendmsg+0x34/0x80
[   25.307292]        ___sys_sendmsg+0x234/0x260
[   25.307299]        __sys_sendmsg+0x48/0x80
[   25.307305]        sys_sendmsg+0x18/0x40
[   25.307312]        linux_sparc_syscall+0x34/0x44
[   25.307318] 
               other info that might help us debug this:

[   25.307326]  Possible unsafe locking scenario:

[   25.307333]        CPU0                    CPU1
[   25.307338]        ----                    ----
[   25.307343]   lock(&net->nft.commit_mutex);
[   25.307350]                                lock(&table[i].mutex);
[   25.307358]                                lock(&net->nft.commit_mutex);
[   25.307366]   lock(&table[i].mutex);
[   25.307372] 
                *** DEADLOCK ***

[   25.307380] 1 lock held by iptables-restor/997:
[   25.307386]  #0: 0000000000e24020 (&net->nft.commit_mutex){+.+.}, at: nf_tables_valid_genid+0x10/0x60 [nf_tables]
[   25.307403] 
               stack backtrace:
[   25.307411] CPU: 24 PID: 997 Comm: iptables-restor Not tainted 5.4.0-rc4-00104-g39a38bcba4ab-dirty #1285
[   25.307419] Call Trace:
[   25.307432]  [00000000004d38bc] print_circular_bug.isra.0+0x1bc/0x1e0
[   25.307440]  [00000000004d3af8] check_noncircular+0x218/0x240
[   25.307447]  [00000000004d8410] __lock_acquire+0x1af0/0x2500
[   25.307454]  [00000000004d97a4] lock_acquire+0x1a4/0x1c0
[   25.307461]  [0000000000b38c0c] __mutex_lock+0xac/0x9a0
[   25.307469]  [0000000000b3951c] mutex_lock_nested+0x1c/0x40
[   25.307477]  [0000000010566024] nfnl_lock+0x24/0x40 [nfnetlink]
[   25.307486]  [00000000105732ac] ip_set_nfnl_get_byindex+0x18c/0x280 [ip_set]
[   25.307494]  [00000000105ec5b4] set_match_v1_checkentry+0x14/0xc0 [xt_set]
[   25.307504]  [000000001038489c] xt_check_match+0x23c/0x280 [x_tables]
[   25.307512]  [00000000105dac40] __nft_match_init+0x160/0x180 [nft_compat]
[   25.307520]  [00000000105dacf8] nft_match_init+0x18/0x40 [nft_compat]
[   25.307531]  [00000000105a3dcc] nf_tables_newrule+0x50c/0x780 [nf_tables]
[   25.307539]  [0000000010566890] nfnetlink_rcv_batch+0x3d0/0x620 [nfnetlink]
[   25.307547]  [0000000010566bf0] nfnetlink_rcv+0x110/0x140 [nfnetlink]
[   25.307555]  [0000000000a31da8] netlink_unicast+0x128/0x200
