[    0.000018] PROMLIB: Sun IEEE Boot Prom 'OBP 4.38.17 2019/01/25 08:22'
[    0.000022] PROMLIB: Root node compatible: sun4v
[    0.000055] Linux version 5.10.0-rc7-00001-g6d65d3c57921 (mator@ttip) (gcc (Debian 10.2.0-23) 10.2.0, GNU ld (GNU Binutils for Debian) 2.35.1) #148 SMP Tue Dec 8 03:40:18 MSK 2020
[    0.000338] printk: bootconsole [earlyprom0] enabled
[    0.000385] ARCH: SUN4V
[    0.000425] Ethernet address: 00:14:4f:fa:06:f2
[    0.000471] MM: PAGE_OFFSET is 0xfff8000000000000 (max_phys_bits == 47)
[    0.000528] MM: VMALLOC [0x0000000100000000 --> 0x0006000000000000]
[    0.000583] MM: VMEMMAP [0x0006000000000000 --> 0x000c000000000000]
[    0.013010] Kernel: Using 4 locked TLB entries for main kernel image.
[    0.013074] Remapping the kernel... 
[    0.013095] done.
[    0.036840] OF stdout device is: /virtual-devices@100/console@1
[    0.036899] PROM: Built device tree with 65673 bytes of memory.
[    0.036952] MDESC: Size is 29712 bytes.
[    0.037045] PLATFORM: banner-name [SPARC T5-2]
[    0.037089] PLATFORM: name [ORCL,SPARC-T5-2]
[    0.037127] PLATFORM: hostid [84fa06f2]
[    0.037165] PLATFORM: serial# [0035260e]
[    0.037202] PLATFORM: stick-frequency [3b9aca00]
[    0.037243] PLATFORM: mac-address [144ffa06f2]
[    0.037284] PLATFORM: watchdog-resolution [1000 ms]
[    0.037327] PLATFORM: watchdog-max-timeout [31536000000 ms]
[    0.037375] PLATFORM: max-cpus [1024]
[    0.037454] Top of RAM: 0x2af948000, Total RAM: 0x27f384000
[    0.037506] Memory hole size: 773MB
[    0.039116] Allocated 24576 bytes for kernel page tables.
[    0.039191] Zone ranges:
[    0.039223]   Normal   [mem 0x0000000030400000-0x00000002af947fff]
[    0.039280] Movable zone start for each node
[    0.039321] Early memory node ranges
[    0.039354]   node   0: [mem 0x0000000030400000-0x000000006febffff]
[    0.039412]   node   0: [mem 0x000000006ff40000-0x000000006ff47fff]
[    0.039466]   node   0: [mem 0x0000000070000000-0x00000002af8b3fff]
[    0.039521]   node   0: [mem 0x00000002af940000-0x00000002af947fff]
[    0.045471] Zeroed struct page in unavailable ranges: 132670 pages
[    0.045478] Initmem setup node 0 [mem 0x0000000030400000-0x00000002af947fff]
[    0.045622] On node 0 totalpages: 1309122
[    0.045626]   Normal zone: 11508 pages used for memmap
[    0.045629]   Normal zone: 0 pages reserved
[    0.045632]   Normal zone: 1309122 pages, LIFO batch:31
[    0.090187] Booting Linux...
[    0.090258] CPU CAPS: [flush,stbar,swap,muldiv,v9,blkinit,n2,mul32]
[    0.090341] CPU CAPS: [div32,v8plus,popc,vis,vis2,ASIBlkInit,fmaf,vis3]
[    0.090417] CPU CAPS: [hpc,ima,pause,cbcond,aes,des,kasumi,camellia]
[    0.090487] CPU CAPS: [md5,sha1,sha256,sha512,mpmul,montmul,montsqr,crc32c]
[    0.138870] percpu: Embedded 19 pages/cpu s113880 r8192 d33576 u262144
[    0.139081] pcpu-alloc: s113880 r8192 d33576 u262144 alloc=1*4194304
[    0.139086] pcpu-alloc: [0] 000 001 002 003 004 005 006 007 008 009 010 011 012 013 014 015 
[    0.139121] pcpu-alloc: [0] 016 017 018 019 020 021 022 023 024 025 026 027 028 029 030 031 
[    0.139156] pcpu-alloc: [0] 032 033 034 035 036 037 038 039 040 041 042 043 044 045 046 047 
[    0.139190] pcpu-alloc: [0] 048 049 050 051 052 053 054 055 056 057 058 059 060 061 062 063 
[    0.139224] pcpu-alloc: [0] 064 065 066 067 068 069 070 071 072 073 074 075 076 077 078 079 
[    0.139259] pcpu-alloc: [0] 080 081 082 083 084 085 086 087 088 089 090 091 092 093 094 095 
[    0.139293] pcpu-alloc: [0] 096 097 098 099 100 101 102 103 104 105 106 107 108 109 110 111 
[    0.139327] pcpu-alloc: [0] 112 113 114 115 116 117 118 119 120 121 122 123 124 125 126 127 
[    0.139361] pcpu-alloc: [0] 128 129 130 131 132 133 134 135 136 137 138 139 140 141 142 143 
[    0.139395] pcpu-alloc: [0] 144 145 146 147 148 149 150 151 152 153 154 155 156 157 158 159 
[    0.139430] pcpu-alloc: [0] 160 161 162 163 164 165 166 167 168 169 170 171 172 173 174 175 
[    0.139464] pcpu-alloc: [0] 176 177 178 179 180 181 182 183 184 185 186 187 188 189 190 191 
[    0.139498] pcpu-alloc: [0] 192 193 194 195 196 197 198 199 200 201 202 203 204 205 206 207 
[    0.139532] pcpu-alloc: [0] 208 209 210 211 212 213 214 215 216 217 218 219 220 221 222 223 
[    0.139567] pcpu-alloc: [0] 224 225 226 227 228 229 230 231 232 233 234 235 236 237 238 239 
[    0.139601] pcpu-alloc: [0] 240 241 242 243 244 245 246 247 248 249 250 251 252 253 254 255 
[    0.140040] SUN4V: Mondo queue sizes [cpu(131072) dev(16384) r(8192) nr(256)]
[    0.140335] Built 1 zonelists, mobility grouping on.  Total pages: 1297614
[    0.140402] Kernel command line: BOOT_IMAGE=/vmlinux-5.10.0-rc7-00001-g6d65d3c57921 root=/dev/vdiska2 ro zswap.enabled=1
[    0.142034] printk: log_buf_len individual max cpu contribution: 4096 bytes
[    0.142097] printk: log_buf_len total cpu_extra contributions: 1044480 bytes
[    0.142157] printk: log_buf_len min size: 131072 bytes
[    0.143965] printk: log_buf_len: 2097152 bytes
[    0.144009] printk: early log buf free: 126560(96%)
[    0.145661] Dentry cache hash table entries: 2097152 (order: 11, 16777216 bytes, linear)
[    0.146565] Inode-cache hash table entries: 1048576 (order: 10, 8388608 bytes, linear)
[    0.146635] Sorting __ex_table...
[    0.146861] mem auto-init: stack:off, heap alloc:off, heap free:off
[    0.167266] Memory: 10247616K/10472976K available (7947K kernel code, 1526K rwdata, 1952K rodata, 592K init, 413K bss, 225360K reserved, 0K cma-reserved)
[    0.167425] random: get_random_u64 called from __kmem_cache_create+0x20/0x520 with crng_init=0
[    0.168434] SLUB: HWalign=32, Order=0-3, MinObjects=0, CPUs=256, Nodes=1
[    0.168868] ftrace: allocating 24188 entries in 48 pages
[    0.178109] ftrace: allocated 48 pages with 2 groups
[    0.180644] rcu: Hierarchical RCU implementation.
[    0.180693] 	Trampoline variant of Tasks RCU enabled.
[    0.180738] 	Rude variant of Tasks RCU enabled.
[    0.180780] 	Tracing variant of Tasks RCU enabled.
[    0.180823] rcu: RCU calculated value of scheduler-enlistment delay is 26 jiffies.
[    0.185041] NR_IRQS: 2048, nr_irqs: 2048, preallocated irqs: 1
[    0.185125] SUN4V: Using IRQ API major 3, cookie only virqs enabled
[    0.187778] clocksource: stick: mask: 0xffffffffffffffff max_cycles: 0x1cd42e4dffb, max_idle_ns: 881590591483 ns
[    0.187898] clocksource: mult[800000] shift[23]
[    0.187940] clockevent: mult[80000000] shift[31]
[    0.188359] Console: colour dummy device 80x25
[    0.188406] printk: console [tty0] enabled
[    0.188446] printk: bootconsole [earlyprom0] disabled
[    0.268039] Calibrating delay using timer specific routine.. 2001.51 BogoMIPS (lpj=4003029)
[    0.268056] pid_max: default: 262144 minimum: 2048
[    0.268402] LSM: Security Framework initializing
[    0.268565] Mount-cache hash table entries: 32768 (order: 5, 262144 bytes, linear)
[    0.268601] Mountpoint-cache hash table entries: 32768 (order: 5, 262144 bytes, linear)
[    0.270148] rcu: Hierarchical SRCU implementation.
[    0.273214] smp: Bringing up secondary CPUs ...
[    0.281188] smp: Brought up 1 node, 24 CPUs
[    0.282983] devtmpfs: initialized
[    0.283753] Performance events: 
[    0.283776] Testing NMI watchdog ... 
[    0.363852] OK.
[    0.363877] Supported PMU type is 'niagara5'
[    0.364228] ldc.c:v1.1 (July 22, 2008)
[    0.364489] clocksource: jiffies: mask: 0xffffffff max_cycles: 0xffffffff, max_idle_ns: 7645041785100000 ns
[    0.364510] futex hash table entries: 65536 (order: 9, 4194304 bytes, linear)
[    0.366724] NET: Registered protocol family 16
[    0.368003] VIO: Adding device channel-devices (tx_ino = ffffffffffffffff, rx_ino = ffffffffffffffff)
[    0.368035] VIO: Adding device vnet-port-0-0 (tx_ino = 0, rx_ino = 1)
[    0.368057] VIO: Adding device vnet-port-0-1 (tx_ino = 2, rx_ino = 3)
[    0.368079] VIO: Adding device vnet-port-0-2 (tx_ino = 4, rx_ino = 5)
[    0.368099] VIO: Adding device vnet-port-0-3 (tx_ino = 6, rx_ino = 7)
[    0.368120] VIO: Adding device vnet-port-0-4 (tx_ino = 8, rx_ino = 9)
[    0.368140] VIO: Adding device vdc-port-2-0 (tx_ino = a, rx_ino = b)
[    0.368160] VIO: Adding device vdc-port-1-0 (tx_ino = c, rx_ino = d)
[    0.368191] VIO: Adding device vdc-port-0-0 (tx_ino = e, rx_ino = f)
[    0.368215] VIO: Adding device vlds-port-0-0 (tx_ino = 10, rx_ino = 11)
[    0.368237] VIO: Adding device domain-services-port-0 (tx_ino = 10, rx_ino = 11)
[    0.368317] audit: initializing netlink subsys (disabled)
[    0.368408] audit: type=2000 audit(0.180:1): state=initialized audit_enabled=0 res=1
[    0.373585] HugeTLB registered 64.0 KiB page size, pre-allocated 0 pages
[    0.373593] HugeTLB registered 8.00 MiB page size, pre-allocated 0 pages
[    0.373599] HugeTLB registered 256 MiB page size, pre-allocated 0 pages
[    0.373605] HugeTLB registered 2.00 GiB page size, pre-allocated 0 pages
[    0.939286] NetLabel: Initializing
[    0.939300] NetLabel:  domain hash size = 128
[    0.939304] NetLabel:  protocols = UNLABELED CIPSOv4 CALIPSO
[    0.939332] NetLabel:  unlabeled traffic allowed by default
[    0.939575] SUN4V: Reboot data supported (maj=1,min=0).
[    0.939680] ds.c:v1.0 (Jul 11, 2007)
[    0.939813] ds-0: ds_conn_reset() from send_events
[    0.940086] clocksource: Switched to clocksource stick
[    0.991626] VFS: Disk quotas dquot_6.6.0
[    0.991733] VFS: Dquot-cache hash table entries: 1024 (order 0, 8192 bytes)
[    0.994293] NET: Registered protocol family 2
[    0.995427] tcp_listen_portaddr_hash hash table entries: 8192 (order: 4, 131072 bytes, linear)
[    0.995524] TCP established hash table entries: 131072 (order: 7, 1048576 bytes, linear)
[    0.995992] TCP bind hash table entries: 65536 (order: 7, 1048576 bytes, linear)
[    0.996453] TCP: Hash tables configured (established 131072 bind 65536)
[    0.996991] UDP hash table entries: 8192 (order: 5, 262144 bytes, linear)
[    0.997114] UDP-Lite hash table entries: 8192 (order: 5, 262144 bytes, linear)
[    0.998062] NET: Registered protocol family 1
[    0.998077] NET: Registered protocol family 44
[    0.998206] Trying to unpack rootfs image as initramfs...
[    1.171474] Freeing initrd memory: 24968K
[    1.175704] Initialise system trusted keyrings
[    1.175729] Key type blacklist registered
[    1.175829] workingset: timestamp_bits=46 max_order=21 bucket_order=0
[    1.178422] zbud: loaded
[    1.179381] SGI XFS with ACLs, security attributes, realtime, quota, no debug enabled
[    1.181077] Key type asymmetric registered
[    1.181084] Asymmetric key parser 'x509' registered
[    1.181104] Block layer SCSI generic (bsg) driver version 0.4 loaded (major 252)
[    1.181365] io scheduler mq-deadline registered
[    1.181852] f029b788: ttyHV0 at I/O 0x0 (irq = 1, base_baud = 115200) is a SUN4V HCONS
[    1.182074] printk: console [ttyHV0] enabled
[    1.182902] sunvdc.c:v1.2 (November 24, 2014)
[    1.184586] sunvdc: Virtual Hard disk vdiskc
[    1.184594] sunvdc: vdiskc: 104857600 sectors (51200 MB) protocol 1.2
[    1.191380] sunvdc: Virtual Hard disk vdiskb
[    1.191393] sunvdc: vdiskb: 62914560 sectors (30720 MB) protocol 1.2
[    1.191898]  vdiskb: vdiskb1
[    1.198053] sunvdc: Virtual Hard disk vdiska
[    1.198062] sunvdc: vdiska: 31457280 sectors (15360 MB) protocol 1.2
[    1.198608]  vdiska: vdiska1 vdiska2 vdiska3 vdiska4
[    1.203778] Silicon Labs C2 port support v. 0.51.0 - (C) 2007 Rodolfo Giometti
[    1.204158] rtc-sun4v rtc-sun4v: registered as rtc0
[    1.204203] rtc-sun4v rtc-sun4v: setting system clock to 2020-12-08T00:44:24 UTC (1607388264)
[    1.204931] NET: Registered protocol family 10
[    1.219047] Segment Routing with IPv6
[    1.219098] mip6: Mobile IPv6
[    1.219107] NET: Registered protocol family 17
[    1.219229] registered taskstats version 1
[    1.219239] Loading compiled-in X.509 certificates
[    1.219329] zswap: loaded using pool lzo/zbud
[    1.220961] This architecture does not have kernel memory protection.
[    1.220973] Run /init as init process
[    1.220979]   with arguments:
[    1.220982]     /init
[    1.220985]   with environment:
[    1.220988]     HOME=/
[    1.220991]     TERM=linux
[    1.220994]     BOOT_IMAGE=/vmlinux-5.10.0-rc7-00001-g6d65d3c57921
[    1.386220] sunvnet_common: module verification failed: signature and/or required key missing - tainting kernel
[    1.387363] sunvnet: sunvnet 2.0 (February 3, 2017)
[    1.388409] vnet_port vnet-port-0-0 eth0: Sun LDOM vnet 00:14:4f:f8:12:a3
[    1.388521] sunvnet: eth0: PORT ( remote-mac 00:14:4f:fa:f3:f0 switch-port )
[    1.388724] sunvnet: eth0: PORT ( remote-mac 00:14:4f:f9:b4:97 )
[    1.388911] sunvnet: eth0: PORT ( remote-mac 00:14:4f:f8:e5:f3 )
[    1.389117] sunvnet: eth0: PORT ( remote-mac 00:14:4f:f8:3f:1e )
[    1.389296] sunvnet: eth0: PORT ( remote-mac 00:14:4f:f9:8b:83 )
[    1.396083] crc32c_sparc64: Using sparc64 crc32c opcode optimized CRC32C implementation
[    1.397461] random: lvm: uninitialized urandom read (4 bytes read)
[    1.417249] device-mapper: uevent: version 1.0.3
[    1.417401] device-mapper: ioctl: 4.43.0-ioctl (2020-10-01) initialised: dm-devel@redhat.com
[    1.419489] random: lvm: uninitialized urandom read (2 bytes read)
[    1.723733] xor: automatically using best checksumming function   Niagara   
[    1.792054] raid6: int64x8  gen()  2150 MB/s
[    1.860067] raid6: int64x8  xor()  1514 MB/s
[    1.928055] raid6: int64x4  gen()  3380 MB/s
[    1.996063] raid6: int64x4  xor()  1455 MB/s
[    2.064066] raid6: int64x2  gen()  3353 MB/s
[    2.132056] raid6: int64x2  xor()  1137 MB/s
[    2.200072] raid6: int64x1  gen()  1380 MB/s
[    2.268081] raid6: int64x1  xor()   710 MB/s
[    2.268100] raid6: using algorithm int64x4 gen() 3380 MB/s
[    2.268106] raid6: .... xor() 1455 MB/s, rmw enabled
[    2.268111] raid6: using intx1 recovery algorithm
[    2.302990] random: fast init done
[    2.385827] EXT4-fs (vdiska2): mounted filesystem with ordered data mode. Opts: (null)
[    4.139054] systemd[1]: Inserted module 'autofs4'
[    4.260703] systemd[1]: systemd 247.1-3 running in system mode. (+PAM +AUDIT +SELINUX +IMA +APPARMOR +SMACK +SYSVINIT +UTMP +LIBCRYPTSETUP +GCRYPT +GNUTLS +ACL +XZ +LZ4 +ZSTD -SECCOMP +BLKID +ELFUTILS +KMOD +IDN2 -IDN +PCRE2 default-hierarchy=hybrid)
[    4.260979] systemd[1]: Detected architecture sparc64.
[    4.312445] systemd[1]: Set hostname to <ttip>.
[    4.640836] systemd-sysv-generator[337]: SysV service '/etc/init.d/xinetd' lacks a native systemd unit file. Automatically generating a unit file for compatibility. Please update package to include a native systemd unit file, in order to make it more safe and robust.
[    4.870647] systemd-sysv-generator[337]: SysV service '/etc/init.d/rng-tools-debian' lacks a native systemd unit file. Automatically generating a unit file for compatibility. Please update package to include a native systemd unit file, in order to make it more safe and robust.
[    4.872811] systemd-sysv-generator[337]: SysV service '/etc/init.d/arpalert' lacks a native systemd unit file. Automatically generating a unit file for compatibility. Please update package to include a native systemd unit file, in order to make it more safe and robust.
[    4.899453] systemd-sysv-generator[337]: SysV service '/etc/init.d/vmtouch' lacks a native systemd unit file. Automatically generating a unit file for compatibility. Please update package to include a native systemd unit file, in order to make it more safe and robust.
[    4.972703] systemd-sysv-generator[337]: SysV service '/etc/init.d/mysql' lacks a native systemd unit file. Automatically generating a unit file for compatibility. Please update package to include a native systemd unit file, in order to make it more safe and robust.
[    5.145747] random: lvmconfig: uninitialized urandom read (4 bytes read)
[    7.201387] systemd[1]: Queued start job for default target Multi-User System.
[    7.202116] random: systemd: uninitialized urandom read (16 bytes read)
[    7.248746] systemd[1]: Created slice system-getty.slice.
[    7.249098] random: systemd: uninitialized urandom read (16 bytes read)
[    7.254688] systemd[1]: Created slice system-modprobe.slice.
[    7.254844] random: systemd: uninitialized urandom read (16 bytes read)
[    7.260365] systemd[1]: Created slice system-openvpn\x2dclient.slice.
[    7.266245] systemd[1]: Created slice system-postfix.slice.
[    7.271852] systemd[1]: Created slice system-systemd\x2dfsck.slice.
[    7.277564] systemd[1]: Created slice User and Session Slice.
[    7.277842] systemd[1]: Started Dispatch Password Requests to Console Directory Watch.
[    7.278070] systemd[1]: Started Forward Password Requests to Wall Directory Watch.
[    7.279251] systemd[1]: Set up automount Arbitrary Executable File Formats File System Automount Point.
[    7.279585] systemd[1]: Reached target Local Encrypted Volumes.
[    7.279785] systemd[1]: Reached target Paths.
[    7.279946] systemd[1]: Reached target Slices.
[    7.280347] systemd[1]: Listening on Device-mapper event daemon FIFOs.
[    7.280705] systemd[1]: Listening on LVM2 poll daemon socket.
[    7.293757] systemd[1]: Listening on RPCbind Server Activation Socket.
[    7.294602] systemd[1]: Listening on Syslog Socket.
[    7.294933] systemd[1]: Listening on fsck to fsckd communication Socket.
[    7.295155] systemd[1]: Listening on initctl Compatibility Named Pipe.
[    7.295609] systemd[1]: Listening on Journal Audit Socket.
[    7.295890] systemd[1]: Listening on Journal Socket (/dev/log).
[    7.296251] systemd[1]: Listening on Journal Socket.
[    7.296647] systemd[1]: Listening on udev Control Socket.
[    7.296920] systemd[1]: Listening on udev Kernel Socket.
[    7.303668] systemd[1]: Mounting Huge Pages File System...
[    7.310666] systemd[1]: Mounting POSIX Message Queue File System...
[    7.317680] systemd[1]: Mounting RPC Pipe File System...
[    7.324477] systemd[1]: Mounting Kernel Debug File System...
[    7.331424] systemd[1]: Mounting Kernel Trace File System...
[    7.331788] systemd[1]: Condition check resulted in Kernel Module supporting RPCSEC_GSS being skipped.
[    7.332173] systemd[1]: Finished Availability of block devices.
[    7.339127] systemd[1]: Starting Wait for network to be configured by ifupdown...
[    7.346498] systemd[1]: Starting Create list of static device nodes for the current kernel...
[    7.354049] systemd[1]: Starting Monitoring of LVM2 mirrors, snapshots etc. using dmeventd or progress polling...
[    7.360713] systemd[1]: Starting Load Kernel Module configfs...
[    7.366934] systemd[1]: Starting Load Kernel Module drm...
[    7.373956] systemd[1]: Starting Load Kernel Module fuse...
[    7.381970] systemd[1]: Starting nftables...
[    7.388519] systemd[1]: Condition check resulted in Set Up Additional Binary Formats being skipped.
[    7.388694] systemd[1]: Condition check resulted in File System Check on Root Device being skipped.
[    7.393444] fuse: init (API version 7.32)
[    7.398672] systemd[1]: Starting Journal Service...
[    7.408304] systemd[1]: Starting Load Kernel Modules...
[    7.411645] RPC: Registered named UNIX socket transport module.
[    7.411656] RPC: Registered udp transport module.
[    7.411663] RPC: Registered tcp transport module.
[    7.411669] RPC: Registered tcp NFSv4.1 backchannel transport module.
[    7.416956] systemd[1]: Starting Remount Root and Kernel File Systems...
[    7.424128] systemd[1]: Starting Coldplug All udev Devices...
[    7.428741] systemd[1]: Mounted Huge Pages File System.
[    7.429053] systemd[1]: Mounted POSIX Message Queue File System.
[    7.429311] systemd[1]: Mounted RPC Pipe File System.
[    7.429567] systemd[1]: Mounted Kernel Debug File System.
[    7.429819] systemd[1]: Mounted Kernel Trace File System.
[    7.430930] systemd[1]: Finished Wait for network to be configured by ifupdown.
[    7.432136] systemd[1]: Finished Create list of static device nodes for the current kernel.
[    7.432682] systemd[1]: modprobe@configfs.service: Succeeded.
[    7.433486] systemd[1]: Finished Load Kernel Module configfs.
[    7.434055] systemd[1]: modprobe@drm.service: Succeeded.
[    7.434840] systemd[1]: Finished Load Kernel Module drm.
[    7.435418] systemd[1]: modprobe@fuse.service: Succeeded.
[    7.436211] systemd[1]: Finished Load Kernel Module fuse.
[    7.443377] systemd[1]: Mounting FUSE Control File System...
[    7.450430] systemd[1]: Mounting Kernel Configuration File System...
[    7.452578] systemd[1]: Mounted FUSE Control File System.
[    7.455450] systemd[1]: Mounted Kernel Configuration File System.
[    7.484210] systemd[1]: Finished Monitoring of LVM2 mirrors, snapshots etc. using dmeventd or progress polling.
[    7.488407] systemd[1]: Finished Load Kernel Modules.
[    7.495799] systemd[1]: Starting Apply Kernel Variables...
[    7.545756] EXT4-fs (vdiska2): re-mounted. Opts: errors=remount-ro
[    7.549183] systemd[1]: Finished Remount Root and Kernel File Systems.
[    7.592719] systemd[1]: Starting Initial Check File System Quotas...
[    7.659186] systemd[1]: Condition check resulted in Rebuild Hardware Database being skipped.
[    7.659345] systemd[1]: Condition check resulted in Platform Persistent Storage Archival being skipped.
[    7.666197] systemd[1]: Starting Load/Save Random Seed...
[    7.673168] systemd[1]: Starting Create System Users...
[    7.673842] systemd[1]: Started Journal Service.
[    9.934085] sha1_sparc64: Using sparc64 sha1 opcode optimized SHA-1 implementation
[    9.954068] sha256_sparc64: Using sparc64 sha256 opcode optimized SHA-256/SHA-224 implementation
[    9.972838] n2rng v0.3 (Jan 7, 2017)
[    9.972869] n2rng f029b104: Registered RNG HVAPI major 2 minor 0
[    9.972881] n2rng f029b104: Found multi-unit-capable RNG, units: 2
[    9.972910] n2rng f029b104: RNG ready
[    9.974913] sha512_sparc64: Using sparc64 sha512 opcode optimized SHA-512/SHA-384 implementation
[    9.994238] md5_sparc64: Using sparc64 md5 opcode optimized MD5 implementation
[   10.016183] aes_sparc64: Using sparc64 aes opcodes optimized AES implementation
[   10.103100] des_sparc64: Using sparc64 des opcodes optimized DES implementation
[   10.130196] camellia_sparc64: Using sparc64 camellia opcodes optimized CAMELLIA implementation
[   10.158416] XFS (dm-0): Mounting V5 Filesystem
[   10.268196] random: crng init done
[   10.268218] random: 4 urandom warning(s) missed due to ratelimiting
[   10.284068] Adding 787176k swap on /dev/vdiska4.  Priority:-2 extents:1 across:787176k FS
[   10.285929] XFS (dm-0): Ending clean mount
[   10.286896] xfs filesystem being mounted at /1 supports timestamps until 2038 (0x7fffffff)
[   11.160361] EXT4-fs (vdiska1): mounting ext3 file system using the ext4 subsystem
[   11.361981] EXT4-fs (vdiska1): mounted filesystem with ordered data mode. Opts: (null)
[   11.362158] ext3 filesystem being mounted at /boot supports timestamps until 2038 (0x7fffffff)
