[    0.000018] PROMLIB: Sun IEEE Boot Prom 'OBP 4.38.17 2019/01/25 08:22'
[    0.000023] PROMLIB: Root node compatible: sun4v
[    0.000056] Linux version 5.10.0-02450-g9e4b0d55d84a (mator@ttip) (gcc (Debian 10.2.1-1) 10.2.1 20201207, GNU ld (GNU Binutils for Debian) 2.35.1) #157 SMP Tue Dec 15 00:20:15 MSK 2020
[    0.000344] printk: bootconsole [earlyprom0] enabled
[    0.000392] ARCH: SUN4V
[    0.000432] Ethernet address: 00:14:4f:fa:06:f2
[    0.000478] MM: PAGE_OFFSET is 0xfff8000000000000 (max_phys_bits == 47)
[    0.000538] MM: VMALLOC [0x0000000100000000 --> 0x0006000000000000]
[    0.000593] MM: VMEMMAP [0x0006000000000000 --> 0x000c000000000000]
[    0.012678] Kernel: Using 4 locked TLB entries for main kernel image.
[    0.012741] Remapping the kernel... 
[    0.012761] done.
[    0.036535] OF stdout device is: /virtual-devices@100/console@1
[    0.036592] PROM: Built device tree with 65673 bytes of memory.
[    0.036647] MDESC: Size is 29712 bytes.
[    0.036739] PLATFORM: banner-name [SPARC T5-2]
[    0.036783] PLATFORM: name [ORCL,SPARC-T5-2]
[    0.036822] PLATFORM: hostid [84fa06f2]
[    0.036859] PLATFORM: serial# [0035260e]
[    0.036896] PLATFORM: stick-frequency [3b9aca00]
[    0.036937] PLATFORM: mac-address [144ffa06f2]
[    0.036979] PLATFORM: watchdog-resolution [1000 ms]
[    0.037024] PLATFORM: watchdog-max-timeout [31536000000 ms]
[    0.037072] PLATFORM: max-cpus [1024]
[    0.037151] Top of RAM: 0x2af948000, Total RAM: 0x27f384000
[    0.037205] Memory hole size: 773MB
[    0.038814] Allocated 24576 bytes for kernel page tables.
[    0.038882] Zone ranges:
[    0.038914]   Normal   [mem 0x0000000030400000-0x00000002af947fff]
[    0.038972] Movable zone start for each node
[    0.039011] Early memory node ranges
[    0.039044]   node   0: [mem 0x0000000030400000-0x000000006febffff]
[    0.039100]   node   0: [mem 0x000000006ff40000-0x000000006ff47fff]
[    0.039155]   node   0: [mem 0x0000000070000000-0x00000002af8b3fff]
[    0.039211]   node   0: [mem 0x00000002af940000-0x00000002af947fff]
[    0.045049] Zeroed struct page in unavailable ranges: 132670 pages
[    0.045056] Initmem setup node 0 [mem 0x0000000030400000-0x00000002af947fff]
[    0.045192] On node 0 totalpages: 1309122
[    0.045196]   Normal zone: 11508 pages used for memmap
[    0.045199]   Normal zone: 0 pages reserved
[    0.045202]   Normal zone: 1309122 pages, LIFO batch:31
[    0.089682] Booting Linux...
[    0.089753] CPU CAPS: [flush,stbar,swap,muldiv,v9,blkinit,n2,mul32]
[    0.089837] CPU CAPS: [div32,v8plus,popc,vis,vis2,ASIBlkInit,fmaf,vis3]
[    0.090913] CPU CAPS: [hpc,ima,pause,cbcond,aes,des,kasumi,camellia]
[    0.090986] CPU CAPS: [md5,sha1,sha256,sha512,mpmul,montmul,montsqr,crc32c]
[    0.139368] percpu: Embedded 19 pages/cpu s113880 r8192 d33576 u262144
[    0.139579] pcpu-alloc: s113880 r8192 d33576 u262144 alloc=1*4194304
[    0.139584] pcpu-alloc: [0] 000 001 002 003 004 005 006 007 008 009 010 011 012 013 014 015 
[    0.139618] pcpu-alloc: [0] 016 017 018 019 020 021 022 023 024 025 026 027 028 029 030 031 
[    0.139652] pcpu-alloc: [0] 032 033 034 035 036 037 038 039 040 041 042 043 044 045 046 047 
[    0.139685] pcpu-alloc: [0] 048 049 050 051 052 053 054 055 056 057 058 059 060 061 062 063 
[    0.139719] pcpu-alloc: [0] 064 065 066 067 068 069 070 071 072 073 074 075 076 077 078 079 
[    0.139752] pcpu-alloc: [0] 080 081 082 083 084 085 086 087 088 089 090 091 092 093 094 095 
[    0.139786] pcpu-alloc: [0] 096 097 098 099 100 101 102 103 104 105 106 107 108 109 110 111 
[    0.139820] pcpu-alloc: [0] 112 113 114 115 116 117 118 119 120 121 122 123 124 125 126 127 
[    0.139853] pcpu-alloc: [0] 128 129 130 131 132 133 134 135 136 137 138 139 140 141 142 143 
[    0.139887] pcpu-alloc: [0] 144 145 146 147 148 149 150 151 152 153 154 155 156 157 158 159 
[    0.139920] pcpu-alloc: [0] 160 161 162 163 164 165 166 167 168 169 170 171 172 173 174 175 
[    0.139953] pcpu-alloc: [0] 176 177 178 179 180 181 182 183 184 185 186 187 188 189 190 191 
[    0.139987] pcpu-alloc: [0] 192 193 194 195 196 197 198 199 200 201 202 203 204 205 206 207 
[    0.140020] pcpu-alloc: [0] 208 209 210 211 212 213 214 215 216 217 218 219 220 221 222 223 
[    0.140053] pcpu-alloc: [0] 224 225 226 227 228 229 230 231 232 233 234 235 236 237 238 239 
[    0.140087] pcpu-alloc: [0] 240 241 242 243 244 245 246 247 248 249 250 251 252 253 254 255 
[    0.140526] SUN4V: Mondo queue sizes [cpu(131072) dev(16384) r(8192) nr(256)]
[    0.140820] Built 1 zonelists, mobility grouping on.  Total pages: 1297614
[    0.140885] Kernel command line: BOOT_IMAGE=/vmlinux-5.10.0-02450-g9e4b0d55d84a root=/dev/vdiska2 ro zswap.enabled=1
[    0.142412] printk: log_buf_len individual max cpu contribution: 4096 bytes
[    0.142476] printk: log_buf_len total cpu_extra contributions: 1044480 bytes
[    0.142537] printk: log_buf_len min size: 131072 bytes
[    0.144349] printk: log_buf_len: 2097152 bytes
[    0.144392] printk: early log buf free: 126560(96%)
[    0.146043] Dentry cache hash table entries: 2097152 (order: 11, 16777216 bytes, linear)
[    0.146945] Inode-cache hash table entries: 1048576 (order: 10, 8388608 bytes, linear)
[    0.147014] Sorting __ex_table...
[    0.147262] mem auto-init: stack:off, heap alloc:off, heap free:off
[    0.167443] Memory: 10247584K/10472976K available (7940K kernel code, 1534K rwdata, 1952K rodata, 592K init, 413K bss, 225392K reserved, 0K cma-reserved)
[    0.167599] random: get_random_u64 called from __kmem_cache_create+0x20/0x520 with crng_init=0
[    0.168617] SLUB: HWalign=32, Order=0-3, MinObjects=0, CPUs=256, Nodes=1
[    0.169049] ftrace: allocating 24178 entries in 48 pages
[    0.178092] ftrace: allocated 48 pages with 2 groups
[    0.180628] rcu: Hierarchical RCU implementation.
[    0.180677] 	Trampoline variant of Tasks RCU enabled.
[    0.180723] 	Rude variant of Tasks RCU enabled.
[    0.180764] 	Tracing variant of Tasks RCU enabled.
[    0.180808] rcu: RCU calculated value of scheduler-enlistment delay is 26 jiffies.
[    0.185016] NR_IRQS: 2048, nr_irqs: 2048, preallocated irqs: 1
[    0.185087] SUN4V: Using IRQ API major 3, cookie only virqs enabled
[    0.187730] clocksource: stick: mask: 0xffffffffffffffff max_cycles: 0x1cd42e4dffb, max_idle_ns: 881590591483 ns
[    0.187849] clocksource: mult[800000] shift[23]
[    0.187891] clockevent: mult[80000000] shift[31]
[    0.188305] Console: colour dummy device 80x25
[    0.188352] printk: console [tty0] enabled
[    0.188392] printk: bootconsole [earlyprom0] disabled
[    0.267981] Calibrating delay using timer specific routine.. 2001.26 BogoMIPS (lpj=4002537)
[    0.267993] pid_max: default: 262144 minimum: 2048
[    0.268363] LSM: Security Framework initializing
[    0.268547] Mount-cache hash table entries: 32768 (order: 5, 262144 bytes, linear)
[    0.268583] Mountpoint-cache hash table entries: 32768 (order: 5, 262144 bytes, linear)
[    0.270184] rcu: Hierarchical SRCU implementation.
[    0.273244] smp: Bringing up secondary CPUs ...
[    0.281210] smp: Brought up 1 node, 24 CPUs
[    0.283008] devtmpfs: initialized
[    0.283788] Performance events: 
[    0.283808] Testing NMI watchdog ... 
[    0.363884] OK.
[    0.363904] Supported PMU type is 'niagara5'
[    0.364178] ldc.c:v1.1 (July 22, 2008)
[    0.364424] clocksource: jiffies: mask: 0xffffffff max_cycles: 0xffffffff, max_idle_ns: 7645041785100000 ns
[    0.364446] futex hash table entries: 65536 (order: 9, 4194304 bytes, linear)
[    0.366574] NET: Registered protocol family 16
[    0.367798] VIO: Adding device channel-devices (tx_ino = ffffffffffffffff, rx_ino = ffffffffffffffff)
[    0.367830] VIO: Adding device vnet-port-0-0 (tx_ino = 0, rx_ino = 1)
[    0.367854] VIO: Adding device vnet-port-0-1 (tx_ino = 2, rx_ino = 3)
[    0.367875] VIO: Adding device vnet-port-0-2 (tx_ino = 4, rx_ino = 5)
[    0.367902] VIO: Adding device vnet-port-0-3 (tx_ino = 6, rx_ino = 7)
[    0.367927] VIO: Adding device vnet-port-0-4 (tx_ino = 8, rx_ino = 9)
[    0.367949] VIO: Adding device vdc-port-2-0 (tx_ino = a, rx_ino = b)
[    0.367970] VIO: Adding device vdc-port-1-0 (tx_ino = c, rx_ino = d)
[    0.367990] VIO: Adding device vdc-port-0-0 (tx_ino = e, rx_ino = f)
[    0.368014] VIO: Adding device vlds-port-0-0 (tx_ino = 10, rx_ino = 11)
[    0.368037] VIO: Adding device domain-services-port-0 (tx_ino = 10, rx_ino = 11)
[    0.368123] audit: initializing netlink subsys (disabled)
[    0.368204] audit: type=2000 audit(0.180:1): state=initialized audit_enabled=0 res=1
[    0.373374] HugeTLB registered 64.0 KiB page size, pre-allocated 0 pages
[    0.373381] HugeTLB registered 8.00 MiB page size, pre-allocated 0 pages
[    0.373386] HugeTLB registered 256 MiB page size, pre-allocated 0 pages
[    0.373391] HugeTLB registered 2.00 GiB page size, pre-allocated 0 pages
[    0.938562] NetLabel: Initializing
[    0.938573] NetLabel:  domain hash size = 128
[    0.938578] NetLabel:  protocols = UNLABELED CIPSOv4 CALIPSO
[    0.938605] NetLabel:  unlabeled traffic allowed by default
[    0.938848] SUN4V: Reboot data supported (maj=1,min=0).
[    0.938951] ds.c:v1.0 (Jul 11, 2007)
[    0.939081] ds-0: ds_conn_reset() from send_events
[    0.939347] clocksource: Switched to clocksource stick
[    0.990630] VFS: Disk quotas dquot_6.6.0
[    0.990738] VFS: Dquot-cache hash table entries: 1024 (order 0, 8192 bytes)
[    0.993361] NET: Registered protocol family 2
[    0.994512] tcp_listen_portaddr_hash hash table entries: 8192 (order: 4, 131072 bytes, linear)
[    0.994608] TCP established hash table entries: 131072 (order: 7, 1048576 bytes, linear)
[    0.995069] TCP bind hash table entries: 65536 (order: 7, 1048576 bytes, linear)
[    0.995536] TCP: Hash tables configured (established 131072 bind 65536)
[    0.996054] UDP hash table entries: 8192 (order: 5, 262144 bytes, linear)
[    0.996177] UDP-Lite hash table entries: 8192 (order: 5, 262144 bytes, linear)
[    0.997120] NET: Registered protocol family 1
[    0.997133] NET: Registered protocol family 44
[    0.997254] Trying to unpack rootfs image as initramfs...
[    1.170625] Freeing initrd memory: 25000K
[    1.174853] Initialise system trusted keyrings
[    1.174877] Key type blacklist registered
[    1.174981] workingset: timestamp_bits=46 max_order=21 bucket_order=0
[    1.177624] zbud: loaded
[    1.178597] SGI XFS with ACLs, security attributes, realtime, quota, no debug enabled
[    1.180316] Key type asymmetric registered
[    1.180323] Asymmetric key parser 'x509' registered
[    1.180341] Block layer SCSI generic (bsg) driver version 0.4 loaded (major 252)
[    1.180606] io scheduler mq-deadline registered
[    1.181114] f029b788: ttyHV0 at I/O 0x0 (irq = 1, base_baud = 115200) is a SUN4V HCONS
[    1.181365] printk: console [ttyHV0] enabled
[    1.182196] sunvdc.c:v1.2 (November 24, 2014)
[    1.202487] sunvdc: Virtual Hard disk vdiskc
[    1.202495] sunvdc: vdiskc: 104857600 sectors (51200 MB) protocol 1.2
[    1.208887] sunvdc: Virtual Hard disk vdiskb
[    1.208896] sunvdc: vdiskb: 62914560 sectors (30720 MB) protocol 1.2
[    1.209304]  vdiskb: vdiskb1
[    1.215381] sunvdc: Virtual Hard disk vdiska
[    1.215390] sunvdc: vdiska: 31457280 sectors (15360 MB) protocol 1.2
[    1.215798]  vdiska: vdiska1 vdiska2 vdiska3 vdiska4
[    1.220850] Silicon Labs C2 port support v. 0.51.0 - (C) 2007 Rodolfo Giometti
[    1.221157] rtc-sun4v rtc-sun4v: registered as rtc0
[    1.221199] rtc-sun4v rtc-sun4v: setting system clock to 2020-12-14T21:23:55 UTC (1607981035)
[    1.221913] NET: Registered protocol family 10
[    1.235625] Segment Routing with IPv6
[    1.235659] mip6: Mobile IPv6
[    1.235667] NET: Registered protocol family 17
[    1.235775] registered taskstats version 1
[    1.235785] Loading compiled-in X.509 certificates
[    1.235872] zswap: loaded using pool lzo/zbud
[    1.237428] This architecture does not have kernel memory protection.
[    1.237439] Run /init as init process
[    1.237446]   with arguments:
[    1.237449]     /init
[    1.237451]   with environment:
[    1.237454]     HOME=/
[    1.237457]     TERM=linux
[    1.237460]     BOOT_IMAGE=/vmlinux-5.10.0-02450-g9e4b0d55d84a
[    1.400304] sunvnet_common: module verification failed: signature and/or required key missing - tainting kernel
[    1.401409] sunvnet: sunvnet 2.0 (February 3, 2017)
[    1.402401] vnet_port vnet-port-0-0 eth0: Sun LDOM vnet 00:14:4f:f8:12:a3
[    1.402479] sunvnet: eth0: PORT ( remote-mac 00:14:4f:fa:f3:f0 switch-port )
[    1.402629] sunvnet: eth0: PORT ( remote-mac 00:14:4f:f9:b4:97 )
[    1.402780] sunvnet: eth0: PORT ( remote-mac 00:14:4f:f8:e5:f3 )
[    1.402973] sunvnet: eth0: PORT ( remote-mac 00:14:4f:f8:3f:1e )
[    1.403129] sunvnet: eth0: PORT ( remote-mac 00:14:4f:f9:8b:83 )
[    1.408203] crc32c_sparc64: Using sparc64 crc32c opcode optimized CRC32C implementation
[    1.413068] random: lvm: uninitialized urandom read (4 bytes read)
[    1.433327] device-mapper: uevent: version 1.0.3
[    1.433515] device-mapper: ioctl: 4.43.0-ioctl (2020-10-01) initialised: dm-devel@redhat.com
[    1.436334] random: lvm: uninitialized urandom read (2 bytes read)
[    1.828902] xor: automatically using best checksumming function   Niagara   
[    1.895333] raid6: int64x8  gen()  2162 MB/s
[    1.963318] raid6: int64x8  xor()  1516 MB/s
[    2.031319] raid6: int64x4  gen()  3385 MB/s
[    2.099313] raid6: int64x4  xor()  1456 MB/s
[    2.167314] raid6: int64x2  gen()  3356 MB/s
[    2.235318] raid6: int64x2  xor()  1129 MB/s
[    2.303348] raid6: int64x1  gen()  1377 MB/s
[    2.371313] raid6: int64x1  xor()   711 MB/s
[    2.371319] raid6: using algorithm int64x4 gen() 3385 MB/s
[    2.371325] raid6: .... xor() 1456 MB/s, rmw enabled
[    2.371333] raid6: using intx1 recovery algorithm
[    2.413261] random: fast init done
[    2.483862] EXT4-fs (vdiska2): mounted filesystem with ordered data mode. Opts: (null)
[    4.570183] systemd[1]: Inserted module 'autofs4'
[    4.819615] systemd[1]: systemd 247.1-4 running in system mode. (+PAM +AUDIT +SELINUX +IMA +APPARMOR +SMACK +SYSVINIT +UTMP +LIBCRYPTSETUP +GCRYPT +GNUTLS +ACL +XZ +LZ4 +ZSTD -SECCOMP +BLKID +ELFUTILS +KMOD +IDN2 -IDN +PCRE2 default-hierarchy=hybrid)
[    4.819881] systemd[1]: Detected architecture sparc64.
[    4.902607] systemd[1]: Set hostname to <ttip>.
[    5.141711] systemd-sysv-generator[339]: SysV service '/etc/init.d/xinetd' lacks a native systemd unit file. Automatically generating a unit file for compatibility. Please update package to include a native systemd unit file, in order to make it more safe and robust.
[    5.863294] systemd-sysv-generator[339]: SysV service '/etc/init.d/rng-tools-debian' lacks a native systemd unit file. Automatically generating a unit file for compatibility. Please update package to include a native systemd unit file, in order to make it more safe and robust.
[    5.865482] systemd-sysv-generator[339]: SysV service '/etc/init.d/arpalert' lacks a native systemd unit file. Automatically generating a unit file for compatibility. Please update package to include a native systemd unit file, in order to make it more safe and robust.
[    5.875466] systemd-sysv-generator[339]: SysV service '/etc/init.d/vmtouch' lacks a native systemd unit file. Automatically generating a unit file for compatibility. Please update package to include a native systemd unit file, in order to make it more safe and robust.
[    5.980767] systemd-sysv-generator[339]: SysV service '/etc/init.d/mysql' lacks a native systemd unit file. Automatically generating a unit file for compatibility. Please update package to include a native systemd unit file, in order to make it more safe and robust.
[    6.237794] random: lvmconfig: uninitialized urandom read (4 bytes read)
[    7.517193] systemd[1]: Queued start job for default target Multi-User System.
[    7.517875] random: systemd: uninitialized urandom read (16 bytes read)
[    7.563890] systemd[1]: Created slice system-getty.slice.
[    7.564169] random: systemd: uninitialized urandom read (16 bytes read)
[    7.569471] systemd[1]: Created slice system-modprobe.slice.
[    7.569593] random: systemd: uninitialized urandom read (16 bytes read)
[    7.574863] systemd[1]: Created slice system-openvpn\x2dclient.slice.
[    7.580703] systemd[1]: Created slice system-postfix.slice.
[    7.586084] systemd[1]: Created slice system-systemd\x2dfsck.slice.
[    7.591903] systemd[1]: Created slice User and Session Slice.
[    7.592156] systemd[1]: Started Dispatch Password Requests to Console Directory Watch.
[    7.592372] systemd[1]: Started Forward Password Requests to Wall Directory Watch.
[    7.593460] systemd[1]: Set up automount Arbitrary Executable File Formats File System Automount Point.
[    7.593653] systemd[1]: Reached target Local Encrypted Volumes.
[    7.593847] systemd[1]: Reached target Paths.
[    7.593995] systemd[1]: Reached target Slices.
[    7.594293] systemd[1]: Listening on Device-mapper event daemon FIFOs.
[    7.594628] systemd[1]: Listening on LVM2 poll daemon socket.
[    7.607282] systemd[1]: Listening on RPCbind Server Activation Socket.
[    7.607665] systemd[1]: Listening on Syslog Socket.
[    7.607991] systemd[1]: Listening on fsck to fsckd communication Socket.
[    7.608203] systemd[1]: Listening on initctl Compatibility Named Pipe.
[    7.608631] systemd[1]: Listening on Journal Audit Socket.
[    7.608903] systemd[1]: Listening on Journal Socket (/dev/log).
[    7.609246] systemd[1]: Listening on Journal Socket.
[    7.609640] systemd[1]: Listening on udev Control Socket.
[    7.609912] systemd[1]: Listening on udev Kernel Socket.
[    7.616442] systemd[1]: Mounting Huge Pages File System...
[    7.623160] systemd[1]: Mounting POSIX Message Queue File System...
[    7.629973] systemd[1]: Mounting RPC Pipe File System...
[    7.636704] systemd[1]: Mounting Kernel Debug File System...
[    7.643391] systemd[1]: Mounting Kernel Trace File System...
[    7.643702] systemd[1]: Condition check resulted in Kernel Module supporting RPCSEC_GSS being skipped.
[    7.644045] systemd[1]: Finished Availability of block devices.
[    7.650858] systemd[1]: Starting Wait for network to be configured by ifupdown...
[    7.658738] systemd[1]: Starting Create list of static device nodes for the current kernel...
[    7.665697] systemd[1]: Starting Monitoring of LVM2 mirrors, snapshots etc. using dmeventd or progress polling...
[    7.671605] systemd[1]: Starting Load Kernel Module configfs...
[    7.677746] systemd[1]: Starting Load Kernel Module drm...
[    7.684752] systemd[1]: Starting Load Kernel Module fuse...
[    7.692035] systemd[1]: Starting nftables...
[    7.736195] systemd[1]: Condition check resulted in Set Up Additional Binary Formats being skipped.
[    7.736366] systemd[1]: Condition check resulted in File System Check on Root Device being skipped.
[    7.744743] systemd[1]: Starting Journal Service...
[    7.771011] systemd[1]: Starting Load Kernel Modules...
[    7.778230] systemd[1]: Starting Remount Root and Kernel File Systems...
[    7.784975] systemd[1]: Starting Coldplug All udev Devices...
[    7.789230] systemd[1]: Mounted Huge Pages File System.
[    7.789542] systemd[1]: Mounted POSIX Message Queue File System.
[    7.789802] systemd[1]: Mounted Kernel Debug File System.
[    7.790077] systemd[1]: Mounted Kernel Trace File System.
[    7.791187] systemd[1]: Finished Wait for network to be configured by ifupdown.
[    7.792487] systemd[1]: Finished Create list of static device nodes for the current kernel.
[    7.793050] systemd[1]: modprobe@drm.service: Succeeded.
[    7.793844] systemd[1]: Finished Load Kernel Module drm.
[    7.801179] systemd[1]: modprobe@configfs.service: Succeeded.
[    7.802040] systemd[1]: Finished Load Kernel Module configfs.
[    7.808923] systemd[1]: Mounting Kernel Configuration File System...
[    7.814385] systemd[1]: Mounted Kernel Configuration File System.
[    7.852038] systemd[1]: Finished Load Kernel Modules.
[    7.859903] systemd[1]: Starting Apply Kernel Variables...
[    7.861424] systemd[1]: Finished Monitoring of LVM2 mirrors, snapshots etc. using dmeventd or progress polling.
[    7.873140] EXT4-fs (vdiska2): re-mounted. Opts: errors=remount-ro
[    7.876596] systemd[1]: Finished Remount Root and Kernel File Systems.
[    8.225192] fuse: init (API version 7.32)
[    8.230793] systemd[1]: Starting Initial Check File System Quotas...
[    8.260407] systemd[1]: Condition check resulted in Rebuild Hardware Database being skipped.
[    8.260574] systemd[1]: Condition check resulted in Platform Persistent Storage Archival being skipped.
[    8.267175] systemd[1]: Starting Load/Save Random Seed...
[    8.273893] systemd[1]: Starting Create System Users...
[    8.274716] systemd[1]: Started Journal Service.
[    8.754973] RPC: Registered named UNIX socket transport module.
[    8.754993] RPC: Registered udp transport module.
[    8.755000] RPC: Registered tcp transport module.
[    8.755006] RPC: Registered tcp NFSv4.1 backchannel transport module.
[   10.931449] random: crng init done
[   10.931469] random: 4 urandom warning(s) missed due to ratelimiting
[   11.624220] sha1_sparc64: Using sparc64 sha1 opcode optimized SHA-1 implementation
[   11.648580] sha256_sparc64: Using sparc64 sha256 opcode optimized SHA-256/SHA-224 implementation
[   11.653863] n2rng v0.3 (Jan 7, 2017)
[   11.653886] n2rng f029b104: Registered RNG HVAPI major 2 minor 0
[   11.653899] n2rng f029b104: Found multi-unit-capable RNG, units: 2
[   11.653927] n2rng f029b104: RNG ready
[   11.667731] sha512_sparc64: Using sparc64 sha512 opcode optimized SHA-512/SHA-384 implementation
[   11.692536] md5_sparc64: Using sparc64 md5 opcode optimized MD5 implementation
[   11.725112] aes_sparc64: Using sparc64 aes opcodes optimized AES implementation
[   11.802256] XFS (dm-0): Mounting V5 Filesystem
[   11.814551] des_sparc64: Using sparc64 des opcodes optimized DES implementation
[   11.865670] camellia_sparc64: Using sparc64 camellia opcodes optimized CAMELLIA implementation
[   12.291327] Adding 787176k swap on /dev/vdiska4.  Priority:-2 extents:1 across:787176k FS
[   12.657249] XFS (dm-0): Ending clean mount
[   12.745372] xfs filesystem being mounted at /1 supports timestamps until 2038 (0x7fffffff)
[   13.611067] EXT4-fs (vdiska1): mounting ext3 file system using the ext4 subsystem
[   13.849697] EXT4-fs (vdiska1): mounted filesystem with ordered data mode. Opts: (null)
[   13.849876] ext3 filesystem being mounted at /boot supports timestamps until 2038 (0x7fffffff)
