[    0.000019] PROMLIB: Sun IEEE Boot Prom 'OBP 4.38.12 2018/03/28 14:54'
[    0.000032] PROMLIB: Root node compatible: sun4v
[    0.000080] Linux version 5.4.0-08747-ga6ed68d6468b (mator@ttip.nvglabs.local) (gcc version 9.2.1 20191109 (Debian 9.2.1-19)) #1307 SMP Thu Nov 28 10:45:50 MSK 2019
[    0.000412] printk: bootconsole [earlyprom0] enabled
[    0.000464] ARCH: SUN4V
[    0.000514] Ethernet address: 00:14:4f:fa:06:f2
[    0.000567] MM: PAGE_OFFSET is 0xfff8000000000000 (max_phys_bits == 47)
[    0.000632] MM: VMALLOC [0x0000000100000000 --> 0x0006000000000000]
[    0.000696] MM: VMEMMAP [0x0006000000000000 --> 0x000c000000000000]
[    0.011933] Kernel: Using 5 locked TLB entries for main kernel image.
[    0.012003] Remapping the kernel... 
[    0.012029] done.
[    0.045546] OF stdout device is: /virtual-devices@100/console@1
[    0.045611] PROM: Built device tree with 88003 bytes of memory.
[    0.045673] MDESC: Size is 36960 bytes.
[    0.045790] PLATFORM: banner-name [SPARC T5-2]
[    0.045841] PLATFORM: name [ORCL,SPARC-T5-2]
[    0.045889] PLATFORM: hostid [84fa06f2]
[    0.045932] PLATFORM: serial# [0035260e]
[    0.045975] PLATFORM: stick-frequency [3b9aca00]
[    0.046024] PLATFORM: mac-address [144ffa06f2]
[    0.046071] PLATFORM: watchdog-resolution [1000 ms]
[    0.046122] PLATFORM: watchdog-max-timeout [31536000000 ms]
[    0.046179] PLATFORM: max-cpus [1024]
[    0.046268] Top of RAM: 0x24af938000, Total RAM: 0x87f354000
[    0.046329] Memory hole size: 115461MB
[    0.050984] Allocated 40960 bytes for kernel page tables.
[    0.051071] Zone ranges:
[    0.051110]   Normal   [mem 0x0000000030400000-0x00000024af937fff]
[    0.051174] Movable zone start for each node
[    0.051219] Early memory node ranges
[    0.051260]   node   0: [mem 0x0000000030400000-0x000000006fe7ffff]
[    0.051324]   node   0: [mem 0x000000006ff00000-0x000000006ff25fff]
[    0.051386]   node   0: [mem 0x0000000070000000-0x000000042fffffff]
[    0.051449]   node   0: [mem 0x0000002030000000-0x00000024af87ffff]
[    0.051511]   node   0: [mem 0x00000024af900000-0x00000024af925fff]
[    0.051573]   node   0: [mem 0x00000024af930000-0x00000024af937fff]
[    0.058947] Zeroed struct page in unavailable ranges: 230130 pages
[    0.058956] Initmem setup node 0 [mem 0x0000000030400000-0x00000024af937fff]
[    0.059114] On node 0 totalpages: 4454826
[    0.059124]   Normal zone: 39154 pages used for memmap
[    0.059129]   Normal zone: 0 pages reserved
[    0.059135]   Normal zone: 4454826 pages, LIFO batch:31
[    0.069925] Booting Linux...
[    0.070008] CPU CAPS: [flush,stbar,swap,muldiv,v9,blkinit,n2,mul32]
[    0.070090] CPU CAPS: [div32,v8plus,popc,vis,vis2,ASIBlkInit,fmaf,vis3]
[    0.070169] CPU CAPS: [hpc,ima,pause,cbcond,aes,des,kasumi,camellia]
[    0.070243] CPU CAPS: [md5,sha1,sha256,sha512,mpmul,montmul,montsqr,crc32c]
[    0.100152] percpu: Embedded 27 pages/cpu s182024 r8192 d30968 u262144
[    0.100381] pcpu-alloc: s182024 r8192 d30968 u262144 alloc=1*4194304
[    0.100388] pcpu-alloc: [0] 000 001 002 003 004 005 006 007 008 009 010 011 012 013 014 015 
[    0.100415] pcpu-alloc: [0] 016 017 018 019 020 021 022 023 024 025 026 027 028 029 030 031 
[    0.100443] pcpu-alloc: [0] 032 033 034 035 036 037 038 039 040 041 042 043 044 045 046 047 
[    0.100470] pcpu-alloc: [0] 048 049 050 051 052 053 054 055 056 057 058 059 060 061 062 063 
[    0.100498] pcpu-alloc: [0] 064 065 066 067 068 069 070 071 072 073 074 075 076 077 078 079 
[    0.100525] pcpu-alloc: [0] 080 081 082 083 084 085 086 087 088 089 090 091 092 093 094 095 
[    0.100552] pcpu-alloc: [0] 096 097 098 099 100 101 102 103 104 105 106 107 108 109 110 111 
[    0.100579] pcpu-alloc: [0] 112 113 114 115 116 117 118 119 120 121 122 123 124 125 126 127 
[    0.101103] SUN4V: Mondo queue sizes [cpu(131072) dev(16384) r(8192) nr(256)]
[    0.101475] Built 1 zonelists, mobility grouping on.  Total pages: 4415672
[    0.101563] Kernel command line: BOOT_IMAGE=/vmlinux-5.4.0-08747-ga6ed68d6468b root=/dev/vdiska2 ro zswap.enabled=1
[    0.103930] printk: log_buf_len individual max cpu contribution: 4096 bytes
[    0.104000] printk: log_buf_len total cpu_extra contributions: 520192 bytes
[    0.104068] printk: log_buf_len min size: 131072 bytes
[    0.104341] printk: log_buf_len: 1048576 bytes
[    0.104392] printk: early log buf free: 126640(96%)
[    0.110734] Dentry cache hash table entries: 8388608 (order: 13, 67108864 bytes, linear)
[    0.113973] Inode-cache hash table entries: 4194304 (order: 12, 33554432 bytes, linear)
[    0.114049] Sorting __ex_table...
[    0.114294] mem auto-init: stack:off, heap alloc:off, heap free:off
[    0.171977] Memory: 1305232K/35638608K available (7537K kernel code, 970K rwdata, 2208K rodata, 704K init, 6740K bss, 504416K reserved, 0K cma-reserved)
[    0.172676] SLUB: HWalign=32, Order=0-3, MinObjects=0, CPUs=128, Nodes=1
[    0.172976] ftrace: allocating 21326 entries in 42 pages
[    0.181010] ftrace: allocated 42 pages with 3 groups
[    0.183845] Running RCU self tests
[    0.183890] rcu: Hierarchical RCU implementation.
[    0.183941] rcu: 	RCU event tracing is enabled.
[    0.183990] rcu: 	RCU lockdep checking is enabled.
[    0.184040] 	Tasks RCU enabled.
[    0.184078] rcu: RCU calculated value of scheduler-enlistment delay is 10 jiffies.
[    0.188307] NR_IRQS: 2048, nr_irqs: 2048, preallocated irqs: 1
[    0.188383] SUN4V: Using IRQ API major 3, cookie only virqs enabled
[    0.190818] clocksource: stick: mask: 0xffffffffffffffff max_cycles: 0x1cd42e4dffb, max_idle_ns: 881590591483 ns
[    0.190947] clocksource: mult[800000] shift[23]
[    0.190996] clockevent: mult[80000000] shift[31]
[    0.191518] Console: colour dummy device 80x25
[    0.191580] printk: console [tty0] enabled
[    0.191655] printk: bootconsole [earlyprom0] disabled
[    0.191740] Lock dependency validator: Copyright (c) 2006 Red Hat, Inc., Ingo Molnar
[    0.191788] ... MAX_LOCKDEP_SUBCLASSES:  8
[    0.191818] ... MAX_LOCK_DEPTH:          48
[    0.191848] ... MAX_LOCKDEP_KEYS:        8192
[    0.191878] ... CLASSHASH_SIZE:          4096
[    0.191909] ... MAX_LOCKDEP_ENTRIES:     16384
[    0.191940] ... MAX_LOCKDEP_CHAINS:      32768
[    0.191971] ... CHAINHASH_SIZE:          16384
[    0.192003]  memory used by lock dependency info: 3855 kB
[    0.192039]  memory used for stack traces: 2112 kB
[    0.192072]  per task-struct memory footprint: 1920 bytes
[    0.341370] Calibrating delay using timer specific routine.. 2008.63 BogoMIPS (lpj=10043199)
[    0.341439] pid_max: default: 131072 minimum: 1024
[    0.341728] LSM: Security Framework initializing
[    0.341976] AppArmor: AppArmor initialized
[    0.342248] Mount-cache hash table entries: 131072 (order: 7, 1048576 bytes, linear)
[    0.342413] Mountpoint-cache hash table entries: 131072 (order: 7, 1048576 bytes, linear)
[    0.342543] *** VALIDATE tmpfs ***
[    0.343401] *** VALIDATE proc ***
[    0.343902] *** VALIDATE cgroup1 ***
[    0.343933] *** VALIDATE cgroup2 ***
[    0.346000] rcu: Hierarchical SRCU implementation.
[    0.353867] smp: Bringing up secondary CPUs ...
[    0.397057] smp: Brought up 1 node, 32 CPUs
[    0.588846] node 0 initialised, 4228620 pages in 190ms
[    0.590186] devtmpfs: initialized
[    0.594790] Performance events: 
[    0.594833] Testing NMI watchdog ... 
[    0.794914] OK.
[    0.795041] Supported PMU type is 'niagara5'
[    0.795239] random: get_random_u32 called from bucket_table_alloc.isra.0+0x188/0x1c0 with crng_init=0
[    0.795955] ldc.c:v1.1 (July 22, 2008)
[    0.798280] clocksource: jiffies: mask: 0xffffffff max_cycles: 0xffffffff, max_idle_ns: 19112604462750000 ns
[    0.798368] futex hash table entries: 32768 (order: 9, 4194304 bytes, linear)
[    0.803444] NET: Registered protocol family 16
[    0.811777] VIO: Adding device channel-devices (tx_ino = ffffffffffffffff, rx_ino = ffffffffffffffff)
[    0.811987] VIO: Adding device vnet-port-0-0 (tx_ino = 0, rx_ino = 1)
[    0.812185] VIO: Adding device vnet-port-0-1 (tx_ino = 2, rx_ino = 3)
[    0.812349] VIO: Adding device vnet-port-0-2 (tx_ino = 4, rx_ino = 5)
[    0.812519] VIO: Adding device vnet-port-0-4 (tx_ino = 8, rx_ino = 9)
[    0.812682] VIO: Adding device vnet-port-0-5 (tx_ino = a, rx_ino = b)
[    0.812845] VIO: Adding device vnet-port-0-6 (tx_ino = c, rx_ino = d)
[    0.813009] VIO: Adding device vdc-port-3-0 (tx_ino = e, rx_ino = f)
[    0.813177] VIO: Adding device vdc-port-2-0 (tx_ino = 10, rx_ino = 11)
[    0.813340] VIO: Adding device vdc-port-1-0 (tx_ino = 12, rx_ino = 13)
[    0.813502] VIO: Adding device vdc-port-0-0 (tx_ino = 14, rx_ino = 15)
[    0.813669] VIO: Adding device vdc-port-4-0 (tx_ino = 16, rx_ino = 17)
[    0.813833] VIO: Adding device vlds-port-0-0 (tx_ino = 18, rx_ino = 19)
[    0.813999] VIO: Adding device domain-services-port-0 (tx_ino = 18, rx_ino = 19)
[    0.814275] audit: initializing netlink subsys (disabled)
[    0.814562] audit: type=2000 audit(0.420:1): state=initialized audit_enabled=0 res=1
[    0.839172] HugeTLB registered 64.0 KiB page size, pre-allocated 0 pages
[    0.839223] HugeTLB registered 8.00 MiB page size, pre-allocated 0 pages
[    0.839268] HugeTLB registered 256 MiB page size, pre-allocated 0 pages
[    0.839312] HugeTLB registered 2.00 GiB page size, pre-allocated 0 pages
[    0.840899] alg: extra crypto tests enabled.  This is intended for developer use only.
[    0.866377] cryptd: max_cpu_qlen set to 1000
[    0.965909] NetLabel: Initializing
[    0.965946] NetLabel:  domain hash size = 128
[    0.965978] NetLabel:  protocols = UNLABELED CIPSOv4 CALIPSO
[    0.966111] NetLabel:  unlabeled traffic allowed by default
[    0.967058] SUN4V: Reboot data supported (maj=1,min=0).
[    0.967419] ds.c:v1.0 (Jul 11, 2007)
[    0.967759] ds-0: ds_conn_reset() from send_events.isra.0
[    0.969230] clocksource: Switched to clocksource stick
[    1.164998] *** VALIDATE bpf ***
[    1.166109] VFS: Disk quotas dquot_6.6.0
[    1.166236] VFS: Dquot-cache hash table entries: 1024 (order 0, 8192 bytes)
[    1.166450] *** VALIDATE ramfs ***
[    1.166500] *** VALIDATE hugetlbfs ***
[    1.168029] AppArmor: AppArmor Filesystem Enabled
[    1.181492] NET: Registered protocol family 2
[    1.183224] tcp_listen_portaddr_hash hash table entries: 32768 (order: 8, 2359296 bytes, linear)
[    1.186155] TCP established hash table entries: 524288 (order: 9, 4194304 bytes, linear)
[    1.188118] TCP bind hash table entries: 65536 (order: 9, 4194304 bytes, linear)
[    1.193679] TCP: Hash tables configured (established 524288 bind 65536)
[    1.196108] UDP hash table entries: 32768 (order: 9, 5242880 bytes, linear)
[    1.202624] UDP-Lite hash table entries: 32768 (order: 9, 5242880 bytes, linear)
[    1.210727] NET: Registered protocol family 1
[    1.210794] NET: Registered protocol family 44
[    1.211334] Trying to unpack rootfs image as initramfs...
[    1.494222] Freeing initrd memory: 10496K
[    1.495281] aes_sparc64: Using sparc64 aes opcodes optimized AES implementation
[    1.772593] des_sparc64: Using sparc64 des opcodes optimized DES implementation
[    2.276036] camellia_sparc64: Using sparc64 camellia opcodes optimized CAMELLIA implementation
[    2.456272] workingset: timestamp_bits=46 max_order=23 bucket_order=0
[    2.476456] SGI XFS with ACLs, security attributes, debug enabled
[    2.496905] Block layer SCSI generic (bsg) driver version 0.4 loaded (major 252)
[    2.497692] io scheduler mq-deadline registered
[    2.500415] f029b788: ttyHV0 at I/O 0x0 (irq = 1, base_baud = 115200) is a SUN4V HCONS
[    2.507253] printk: console [ttyHV0] enabled
[    2.510795] sunvdc.c:v1.2 (November 24, 2014)
[    2.512347] sunvdc: Virtual CDROM vdiskd
[    2.512388] sunvdc: vdiskd: 403160 sectors (196 MB) protocol 1.2
[    2.514057]  vdiskd: vdiskd1 vdiskd2 vdiskd3 vdiskd4 vdiskd5 vdiskd6 vdiskd7
[    2.533889] sunvdc: Virtual Hard disk vdiskc
[    2.533927] sunvdc: vdiskc: 104857600 sectors (51200 MB) protocol 1.2
[    2.552757] sunvdc: Virtual Hard disk vdiskb
[    2.552796] sunvdc: vdiskb: 62914560 sectors (30720 MB) protocol 1.2
[    2.553945]  vdiskb: vdiskb1
[    2.571874] sunvdc: Virtual Hard disk vdiska
[    2.571912] sunvdc: vdiska: 31457280 sectors (15360 MB) protocol 1.2
[    2.573210]  vdiska: vdiska1 vdiska2 vdiska3 vdiska4
[    2.592410] sunvdc: Virtual Hard disk vdiske
[    2.592452] sunvdc: vdiske: 20971520 sectors (10240 MB) protocol 1.2
[    2.594578]  vdiske: vdiske1 vdiske2 vdiske3
[    2.612239] sunvnet: sunvnet 2.0 (February 3, 2017)
[    2.614361] vnet_port vnet-port-0-0 eth0: Sun LDOM vnet 00:14:4f:f8:12:a3
[    2.614575] sunvnet: eth0: PORT ( remote-mac 00:14:4f:fa:f3:f0 switch-port )
[    2.614933] sunvnet: eth0: PORT ( remote-mac 00:14:4f:f8:e5:f3 )
[    2.615270] sunvnet: eth0: PORT ( remote-mac 00:14:4f:f9:b4:97 )
[    2.615699] sunvnet: eth0: PORT ( remote-mac 00:14:4f:f8:3f:1e )
[    2.616039] sunvnet: eth0: PORT ( remote-mac 00:14:4f:f8:fe:47 )
[    2.616391] sunvnet: eth0: PORT ( remote-mac 00:14:4f:f9:8b:83 )
[    2.617581] rtc-sun4v rtc-sun4v: registered as rtc0
[    2.618124] sun4v_wdt: initialized (timeout=60s, nowayout=0)
[    2.618369] device-mapper: uevent: version 1.0.3
[    2.619395] device-mapper: ioctl: 4.41.0-ioctl (2019-09-16) initialised: dm-devel@redhat.com
[    2.620382] NET: Registered protocol family 17
[    2.620945] registered taskstats version 1
[    2.628301] zswap: default zpool zbud not available
[    2.628361] zswap: pool creation failed
[    2.825999] Key type big_key registered
[    2.826064] AppArmor: AppArmor sha1 policy hashing enabled
[    2.826836] rtc-sun4v rtc-sun4v: setting system clock to 2019-11-28T07:51:43 UTC (1574927503)
[    2.831155] This architecture does not have kernel memory protection.
[    2.831205] Run /init as init process
[    3.320228] crc32c_sparc64: Using sparc64 crc32c opcode optimized CRC32C implementation
[    3.400455] random: fast init done
[    3.849217] raid6: int64x8  gen()  2147 MB/s
[    4.019200] raid6: int64x8  xor()  1561 MB/s
[    4.189199] raid6: int64x4  gen()  3460 MB/s
[    4.359193] raid6: int64x4  xor()  1996 MB/s
[    4.529181] raid6: int64x2  gen()  2855 MB/s
[    4.699186] raid6: int64x2  xor()  1988 MB/s
[    4.869202] raid6: int64x1  gen()  2844 MB/s
[    5.039195] raid6: int64x1  xor()  1619 MB/s
[    5.039251] raid6: using algorithm int64x4 gen() 3460 MB/s
[    5.039292] raid6: .... xor() 1996 MB/s, rmw enabled
[    5.039329] raid6: using intx1 recovery algorithm
[    5.040189] async_tx: api initialized (async)
[    5.040742] xor: automatically using best checksumming function   Niagara   
[    5.400707] EXT4-fs (vdiska2): mounted filesystem with ordered data mode. Opts: (null)
[    7.570144] systemd[1]: Inserted module 'autofs4'
[    7.582522] NET: Registered protocol family 10
[    7.588584] Segment Routing with IPv6
[    7.650439] systemd[1]: systemd 243-8 running in system mode. (+PAM +AUDIT +SELINUX +IMA +APPARMOR +SMACK +SYSVINIT +UTMP +LIBCRYPTSETUP +GCRYPT +GNUTLS +ACL +XZ +LZ4 -SECCOMP +BLKID +ELFUTILS +KMOD +IDN2 -IDN +PCRE2 default-hierarchy=hybrid)
[    7.651094] systemd[1]: Detected architecture sparc64.
[    7.780267] systemd[1]: Set hostname to <ttip.nvglabs.local>.
[    7.797008] systemd[1]: Couldn't move remaining userspace processes, ignoring: Input/output error
[    9.932650] random: lvmconfig: uninitialized urandom read (4 bytes read)
[   11.589454] systemd[1]: /lib/systemd/system/dbus.socket:5: ListenStream= references a path below legacy directory /var/run/, updating /var/run/dbus/system_bus_socket → /run/dbus/system_bus_socket; please update the unit file accordingly.
[   12.500959] systemd[1]: /lib/systemd/system/pcscd.socket:5: ListenStream= references a path below legacy directory /var/run/, updating /var/run/pcscd/pcscd.comm → /run/pcscd/pcscd.comm; please update the unit file accordingly.
[   12.557026] random: systemd: uninitialized urandom read (16 bytes read)
[   12.567740] systemd[1]: Created slice system-getty.slice.
[   12.568437] random: systemd: uninitialized urandom read (16 bytes read)
[   12.571891] systemd[1]: Created slice system-openvpn\x2dclient.slice.
[   12.572318] random: systemd: uninitialized urandom read (16 bytes read)
[   12.575710] systemd[1]: Created slice system-postfix.slice.
[   12.580949] systemd[1]: Created slice system-systemd\x2dfsck.slice.
[   12.666421] systemd[1]: Starting Create list of static device nodes for the current kernel...
[   12.674263] systemd[1]: Starting Monitoring of LVM2 mirrors, snapshots etc. using dmeventd or progress polling...
[   12.696920] systemd[1]: Condition check resulted in Set Up Additional Binary Formats being skipped.
[   12.697118] systemd[1]: Condition check resulted in File System Check on Root Device being skipped.
[   12.709487] systemd[1]: Starting Journal Service...
[   12.718954] systemd[1]: Starting Load Kernel Modules...
[   12.727375] systemd[1]: Starting Remount Root and Kernel File Systems...
[   12.736585] systemd[1]: Starting udev Coldplug all Devices...
[   12.743429] systemd[1]: Mounted Huge Pages File System.
[   12.744854] systemd[1]: Mounted POSIX Message Queue File System.
[   12.809803] EXT4-fs (vdiska2): re-mounted. Opts: errors=remount-ro
[   13.069210] systemd-journald[556]: Received client request to flush runtime journal.
[   15.308985] sha1_sparc64: Using sparc64 sha1 opcode optimized SHA-1 implementation
[   15.486685] n2rng v0.3 (Jan 7, 2017)
[   15.486777] n2rng f029b104: Registered RNG HVAPI major 2 minor 0
[   15.486850] n2rng f029b104: Found multi-unit-capable RNG, units: 2
[   15.487908] n2rng f029b104: RNG ready
[   15.511425] sha256_sparc64: Using sparc64 sha256 opcode optimized SHA-256/SHA-224 implementation
[   15.588213] pktcdvd: setup of pktcdvd device failed
[   15.632726] pktcdvd: setup of pktcdvd device failed
[   15.636497] pktcdvd: setup of pktcdvd device failed
[   15.640600] pktcdvd: setup of pktcdvd device failed
[   15.643771] pktcdvd: setup of pktcdvd device failed
[   15.647293] pktcdvd: setup of pktcdvd device failed
[   15.651005] pktcdvd: setup of pktcdvd device failed
[   15.654386] pktcdvd: setup of pktcdvd device failed
[   15.696908] sha512_sparc64: Using sparc64 sha512 opcode optimized SHA-512/SHA-384 implementation
[   15.702761] md5_sparc64: Using sparc64 md5 opcode optimized MD5 implementation
[   16.237291] XFS (dm-0): Mounting V5 Filesystem
[   16.361866] XFS (dm-0): Ending clean mount
[   16.364581] xfs filesystem being mounted at /1 supports timestamps until 2038 (0x7fffffff)
[   17.499776] random: crng init done
[   17.499885] random: 6 urandom warning(s) missed due to ratelimiting
[   19.919241] Adding 787176k swap on /dev/vdiska4.  Priority:-2 extents:1 across:787176k FS
[   20.288108] EXT4-fs (vdiska1): mounting ext3 file system using the ext4 subsystem
[   20.301901] EXT4-fs (vdiska1): mounted filesystem with ordered data mode. Opts: (null)
[   20.302088] ext3 filesystem being mounted at /boot supports timestamps until 2038 (0x7fffffff)
[   21.544378] Kernel unaligned access at TPC[87d118] aa_dfa_unpack+0x38/0x5c0
[   21.544497] Kernel unaligned access at TPC[87d138] aa_dfa_unpack+0x58/0x5c0
[   21.544553] Kernel unaligned access at TPC[87d200] aa_dfa_unpack+0x120/0x5c0
[   21.544610] Kernel unaligned access at TPC[87d2e0] aa_dfa_unpack+0x200/0x5c0
[   21.544665] Kernel unaligned access at TPC[87d2f4] aa_dfa_unpack+0x214/0x5c0
[   26.503302] tun: Universal TUN/TAP device driver, 1.6

[   26.709693] ======================================================
[   26.709701] WARNING: possible circular locking dependency detected
[   26.709711] 5.4.0-08747-ga6ed68d6468b #1307 Not tainted
[   26.709719] ------------------------------------------------------
[   26.709728] iptables-restor/944 is trying to acquire lock:
[   26.709738] 000000001052a120 (&table[i].mutex){+.+.}, at: nfnl_lock+0x24/0x40 [nfnetlink]
[   26.709762] 
               but task is already holding lock:
[   26.709771] 0000000000e4efe0 (&net->nft.commit_mutex){+.+.}, at: nf_tables_valid_genid+0x10/0x60 [nf_tables]
[   26.709802] 
               which lock already depends on the new lock.

[   26.709813] 
               the existing dependency chain (in reverse order) is:
[   26.709823] 
               -> #1 (&net->nft.commit_mutex){+.+.}:
[   26.709847]        __mutex_lock+0xac/0x9a0
[   26.709857]        mutex_lock_nested+0x1c/0x40
[   26.709870]        nf_tables_valid_genid+0x10/0x60 [nf_tables]
[   26.709881]        nfnetlink_rcv_batch+0x228/0x620 [nfnetlink]
[   26.709892]        nfnetlink_rcv+0x110/0x140 [nfnetlink]
[   26.709909]        netlink_unicast+0x150/0x260
[   26.709916]        netlink_sendmsg+0x3b8/0x400
[   26.709925]        sock_sendmsg+0x34/0x80
[   26.709932]        ___sys_sendmsg+0x238/0x260
[   26.709939]        __sys_sendmsg+0x48/0x80
[   26.709945]        sys_sendmsg+0x18/0x40
[   26.709956]        linux_sparc_syscall+0x34/0x44
[   26.709962] 
               -> #0 (&table[i].mutex){+.+.}:
[   26.709975]        __lock_acquire+0x1b18/0x2520
[   26.709982]        lock_acquire+0x1ac/0x1e0
[   26.709989]        __mutex_lock+0xac/0x9a0
[   26.709995]        mutex_lock_nested+0x1c/0x40
[   26.710002]        nfnl_lock+0x24/0x40 [nfnetlink]
[   26.710013]        ip_set_nfnl_get_byindex+0x190/0x280 [ip_set]
[   26.710023]        set_match_v1_checkentry+0x14/0xc0 [xt_set]
[   26.710036]        xt_check_match+0x240/0x280 [x_tables]
[   26.710045]        __nft_match_init+0x174/0x1a0 [nft_compat]
[   26.710052]        nft_match_init+0x18/0x40 [nft_compat]
[   26.710063]        nf_tables_newrule+0x510/0x7a0 [nf_tables]
[   26.710071]        nfnetlink_rcv_batch+0x3d8/0x620 [nfnetlink]
[   26.710078]        nfnetlink_rcv+0x110/0x140 [nfnetlink]
[   26.710085]        netlink_unicast+0x150/0x260
[   26.710092]        netlink_sendmsg+0x3b8/0x400
[   26.710098]        sock_sendmsg+0x34/0x80
[   26.710105]        ___sys_sendmsg+0x238/0x260
[   26.710111]        __sys_sendmsg+0x48/0x80
[   26.710117]        sys_sendmsg+0x18/0x40
[   26.710124]        linux_sparc_syscall+0x34/0x44
[   26.710130] 
               other info that might help us debug this:

[   26.710138]  Possible unsafe locking scenario:

[   26.710144]        CPU0                    CPU1
[   26.710150]        ----                    ----
[   26.710155]   lock(&net->nft.commit_mutex);
[   26.710161]                                lock(&table[i].mutex);
[   26.710169]                                lock(&net->nft.commit_mutex);
[   26.710177]   lock(&table[i].mutex);
[   26.710183] 
                *** DEADLOCK ***

[   26.710192] 1 lock held by iptables-restor/944:
[   26.710197]  #0: 0000000000e4efe0 (&net->nft.commit_mutex){+.+.}, at: nf_tables_valid_genid+0x10/0x60 [nf_tables]
[   26.710214] 
               stack backtrace:
[   26.710222] CPU: 19 PID: 944 Comm: iptables-restor Not tainted 5.4.0-08747-ga6ed68d6468b #1307
[   26.710231] Call Trace:
[   26.710244]  [00000000004d52bc] print_circular_bug.isra.0+0x1bc/0x1e0
[   26.710251]  [00000000004d5500] check_noncircular+0x220/0x240
[   26.710258]  [00000000004d9a78] __lock_acquire+0x1b18/0x2520
[   26.710265]  [00000000004dae0c] lock_acquire+0x1ac/0x1e0
[   26.710272]  [0000000000b5956c] __mutex_lock+0xac/0x9a0
[   26.710280]  [0000000000b59e7c] mutex_lock_nested+0x1c/0x40
[   26.710287]  [0000000010528024] nfnl_lock+0x24/0x40 [nfnetlink]
[   26.710296]  [00000000105351d0] ip_set_nfnl_get_byindex+0x190/0x280 [ip_set]
[   26.710305]  [00000000105c8694] set_match_v1_checkentry+0x14/0xc0 [xt_set]
[   26.710314]  [00000000103de8a0] xt_check_match+0x240/0x280 [x_tables]
[   26.710322]  [00000000105b6c54] __nft_match_init+0x174/0x1a0 [nft_compat]
[   26.710330]  [00000000105b6d18] nft_match_init+0x18/0x40 [nft_compat]
[   26.710341]  [0000000010566190] nf_tables_newrule+0x510/0x7a0 [nf_tables]
[   26.710349]  [0000000010528898] nfnetlink_rcv_batch+0x3d8/0x620 [nfnetlink]
[   26.710357]  [0000000010528bf0] nfnetlink_rcv+0x110/0x140 [nfnetlink]
[   26.710365]  [0000000000a4e330] netlink_unicast+0x150/0x260
