[    0.000011] PROMLIB: Sun IEEE Boot Prom 'OBP 4.38.17 2019/01/25 08:22'
[    0.000024] PROMLIB: Root node compatible: sun4v
[    0.000058] Linux version 5.10.0-11825-ga409ed156a90 (mator@ttip) (gcc (Debian 10.2.1-1) 10.2.1 20201207, GNU ld (GNU Binutils for Debian) 2.35.1) #161 SMP Fri Dec 18 11:43:42 MSK 2020
[    0.000350] printk: bootconsole [earlyprom0] enabled
[    0.000399] ARCH: SUN4V
[    0.000438] Ethernet address: 00:14:4f:fa:06:f2
[    0.000484] MM: PAGE_OFFSET is 0xfff8000000000000 (max_phys_bits == 47)
[    0.000544] MM: VMALLOC [0x0000000100000000 --> 0x0006000000000000]
[    0.000602] MM: VMEMMAP [0x0006000000000000 --> 0x000c000000000000]
[    0.013494] Kernel: Using 4 locked TLB entries for main kernel image.
[    0.013558] Remapping the kernel... 
[    0.013579] done.
[    0.037350] OF stdout device is: /virtual-devices@100/console@1
[    0.037409] PROM: Built device tree with 67953 bytes of memory.
[    0.037464] MDESC: Size is 29712 bytes.
[    0.037556] PLATFORM: banner-name [SPARC T5-2]
[    0.037601] PLATFORM: name [ORCL,SPARC-T5-2]
[    0.037641] PLATFORM: hostid [84fa06f2]
[    0.037678] PLATFORM: serial# [0035260e]
[    0.037716] PLATFORM: stick-frequency [3b9aca00]
[    0.037756] PLATFORM: mac-address [144ffa06f2]
[    0.037797] PLATFORM: watchdog-resolution [1000 ms]
[    0.037842] PLATFORM: watchdog-max-timeout [31536000000 ms]
[    0.037890] PLATFORM: max-cpus [1024]
[    0.037969] Top of RAM: 0x2af948000, Total RAM: 0x27f384000
[    0.038024] Memory hole size: 773MB
[    0.039635] Allocated 24576 bytes for kernel page tables.
[    0.039703] Zone ranges:
[    0.039735]   Normal   [mem 0x0000000030400000-0x00000002af947fff]
[    0.039796] Movable zone start for each node
[    0.039835] Early memory node ranges
[    0.039868]   node   0: [mem 0x0000000030400000-0x000000006febffff]
[    0.039925]   node   0: [mem 0x000000006ff40000-0x000000006ff47fff]
[    0.039981]   node   0: [mem 0x0000000070000000-0x00000002af8b3fff]
[    0.040039]   node   0: [mem 0x00000002af940000-0x00000002af947fff]
[    0.045769] Zeroed struct page in unavailable ranges: 132670 pages
[    0.045780] Initmem setup node 0 [mem 0x0000000030400000-0x00000002af947fff]
[    0.045919] On node 0 totalpages: 1309122
[    0.045923]   Normal zone: 11508 pages used for memmap
[    0.045927]   Normal zone: 0 pages reserved
[    0.045930]   Normal zone: 1309122 pages, LIFO batch:31
[    0.090488] Booting Linux...
[    0.090563] CPU CAPS: [flush,stbar,swap,muldiv,v9,blkinit,n2,mul32]
[    0.090651] CPU CAPS: [div32,v8plus,popc,vis,vis2,ASIBlkInit,fmaf,vis3]
[    0.090729] CPU CAPS: [hpc,ima,pause,cbcond,aes,des,kasumi,camellia]
[    0.090804] CPU CAPS: [md5,sha1,sha256,sha512,mpmul,montmul,montsqr,crc32c]
[    0.139253] percpu: Embedded 19 pages/cpu s114584 r8192 d32872 u262144
[    0.139469] pcpu-alloc: s114584 r8192 d32872 u262144 alloc=1*4194304
[    0.139477] pcpu-alloc: [0] 000 001 002 003 004 005 006 007 008 009 010 011 012 013 014 015 
[    0.139516] pcpu-alloc: [0] 016 017 018 019 020 021 022 023 024 025 026 027 028 029 030 031 
[    0.139554] pcpu-alloc: [0] 032 033 034 035 036 037 038 039 040 041 042 043 044 045 046 047 
[    0.139591] pcpu-alloc: [0] 048 049 050 051 052 053 054 055 056 057 058 059 060 061 062 063 
[    0.139629] pcpu-alloc: [0] 064 065 066 067 068 069 070 071 072 073 074 075 076 077 078 079 
[    0.139666] pcpu-alloc: [0] 080 081 082 083 084 085 086 087 088 089 090 091 092 093 094 095 
[    0.139703] pcpu-alloc: [0] 096 097 098 099 100 101 102 103 104 105 106 107 108 109 110 111 
[    0.139741] pcpu-alloc: [0] 112 113 114 115 116 117 118 119 120 121 122 123 124 125 126 127 
[    0.139778] pcpu-alloc: [0] 128 129 130 131 132 133 134 135 136 137 138 139 140 141 142 143 
[    0.139816] pcpu-alloc: [0] 144 145 146 147 148 149 150 151 152 153 154 155 156 157 158 159 
[    0.139853] pcpu-alloc: [0] 160 161 162 163 164 165 166 167 168 169 170 171 172 173 174 175 
[    0.139891] pcpu-alloc: [0] 176 177 178 179 180 181 182 183 184 185 186 187 188 189 190 191 
[    0.139928] pcpu-alloc: [0] 192 193 194 195 196 197 198 199 200 201 202 203 204 205 206 207 
[    0.139965] pcpu-alloc: [0] 208 209 210 211 212 213 214 215 216 217 218 219 220 221 222 223 
[    0.140003] pcpu-alloc: [0] 224 225 226 227 228 229 230 231 232 233 234 235 236 237 238 239 
[    0.140040] pcpu-alloc: [0] 240 241 242 243 244 245 246 247 248 249 250 251 252 253 254 255 
[    0.140477] SUN4V: Mondo queue sizes [cpu(131072) dev(16384) r(8192) nr(256)]
[    0.140771] Built 1 zonelists, mobility grouping on.  Total pages: 1297614
[    0.140837] Kernel command line: BOOT_IMAGE=/vmlinux-5.10.0-11825-ga409ed156a90 root=/dev/vdiska2 ro zswap.enabled=1
[    0.142709] printk: log_buf_len individual max cpu contribution: 4096 bytes
[    0.142774] printk: log_buf_len total cpu_extra contributions: 1044480 bytes
[    0.142836] printk: log_buf_len min size: 131072 bytes
[    0.144646] printk: log_buf_len: 2097152 bytes
[    0.144690] printk: early log buf free: 126560(96%)
[    0.146343] Dentry cache hash table entries: 2097152 (order: 11, 16777216 bytes, linear)
[    0.147246] Inode-cache hash table entries: 1048576 (order: 10, 8388608 bytes, linear)
[    0.147317] Sorting __ex_table...
[    0.147560] mem auto-init: stack:off, heap alloc:off, heap free:off
[    0.167447] Memory: 10245248K/10472976K available (7975K kernel code, 1536K rwdata, 1968K rodata, 592K init, 408K bss, 227728K reserved, 0K cma-reserved)
[    0.167605] random: get_random_u64 called from __kmem_cache_create+0x20/0x520 with crng_init=0
[    0.168617] SLUB: HWalign=32, Order=0-3, MinObjects=0, CPUs=256, Nodes=1
[    0.169061] ftrace: allocating 24220 entries in 48 pages
[    0.178531] ftrace: allocated 48 pages with 2 groups
[    0.180802] rcu: Hierarchical RCU implementation.
[    0.180852] 	Trampoline variant of Tasks RCU enabled.
[    0.180899] 	Rude variant of Tasks RCU enabled.
[    0.180940] 	Tracing variant of Tasks RCU enabled.
[    0.180984] rcu: RCU calculated value of scheduler-enlistment delay is 26 jiffies.
[    0.185132] NR_IRQS: 2048, nr_irqs: 2048, preallocated irqs: 1
[    0.185205] SUN4V: Using IRQ API major 3, cookie only virqs enabled
[    0.187846] clocksource: stick: mask: 0xffffffffffffffff max_cycles: 0x1cd42e4dffb, max_idle_ns: 881590591483 ns
[    0.187971] clocksource: mult[800000] shift[23]
[    0.188014] clockevent: mult[80000000] shift[31]
[    0.188417] Console: colour dummy device 80x25
[    0.188465] printk: console [tty0] enabled
[    0.188507] printk: bootconsole [earlyprom0] disabled
[    0.268108] Calibrating delay using timer specific routine.. 2001.46 BogoMIPS (lpj=4002924)
[    0.268125] pid_max: default: 262144 minimum: 2048
[    0.268441] LSM: Security Framework initializing
[    0.268607] Mount-cache hash table entries: 32768 (order: 5, 262144 bytes, linear)
[    0.268645] Mountpoint-cache hash table entries: 32768 (order: 5, 262144 bytes, linear)
[    0.270159] rcu: Hierarchical SRCU implementation.
[    0.273325] smp: Bringing up secondary CPUs ...
[    0.281271] smp: Brought up 1 node, 24 CPUs
[    0.283073] devtmpfs: initialized
[    0.283856] Performance events: 
[    0.283877] Testing NMI watchdog ... 
[    0.363952] OK.
[    0.363972] Supported PMU type is 'niagara5'
[    0.364578] ldc.c:v1.1 (July 22, 2008)
[    0.364820] clocksource: jiffies: mask: 0xffffffff max_cycles: 0xffffffff, max_idle_ns: 7645041785100000 ns
[    0.364842] futex hash table entries: 65536 (order: 9, 4194304 bytes, linear)
[    0.366902] NET: Registered protocol family 16
[    0.368126] VIO: Adding device channel-devices (tx_ino = ffffffffffffffff, rx_ino = ffffffffffffffff)
[    0.368160] VIO: Adding device vnet-port-0-0 (tx_ino = 0, rx_ino = 1)
[    0.368183] VIO: Adding device vnet-port-0-1 (tx_ino = 2, rx_ino = 3)
[    0.368204] VIO: Adding device vnet-port-0-2 (tx_ino = 4, rx_ino = 5)
[    0.368235] VIO: Adding device vnet-port-0-3 (tx_ino = 6, rx_ino = 7)
[    0.368257] VIO: Adding device vnet-port-0-4 (tx_ino = 8, rx_ino = 9)
[    0.368278] VIO: Adding device vdc-port-2-0 (tx_ino = a, rx_ino = b)
[    0.368298] VIO: Adding device vdc-port-1-0 (tx_ino = c, rx_ino = d)
[    0.368320] VIO: Adding device vdc-port-0-0 (tx_ino = e, rx_ino = f)
[    0.368343] VIO: Adding device vlds-port-0-0 (tx_ino = 10, rx_ino = 11)
[    0.368368] VIO: Adding device domain-services-port-0 (tx_ino = 10, rx_ino = 11)
[    0.368461] audit: initializing netlink subsys (disabled)
[    0.368538] audit: type=2000 audit(0.180:1): state=initialized audit_enabled=0 res=1
[    0.373521] HugeTLB registered 64.0 KiB page size, pre-allocated 0 pages
[    0.373530] HugeTLB registered 8.00 MiB page size, pre-allocated 0 pages
[    0.373536] HugeTLB registered 256 MiB page size, pre-allocated 0 pages
[    0.373542] HugeTLB registered 2.00 GiB page size, pre-allocated 0 pages
[    0.939165] NetLabel: Initializing
[    0.939180] NetLabel:  domain hash size = 128
[    0.939185] NetLabel:  protocols = UNLABELED CIPSOv4 CALIPSO
[    0.939212] NetLabel:  unlabeled traffic allowed by default
[    0.939455] SUN4V: Reboot data supported (maj=1,min=0).
[    0.939558] ds.c:v1.0 (Jul 11, 2007)
[    0.939681] ds-0: ds_conn_reset() from send_events
[    0.939958] clocksource: Switched to clocksource stick
[    0.969896] VFS: Disk quotas dquot_6.6.0
[    0.970036] VFS: Dquot-cache hash table entries: 1024 (order 0, 8192 bytes)
[    0.973106] NET: Registered protocol family 2
[    0.992518] tcp_listen_portaddr_hash hash table entries: 8192 (order: 4, 131072 bytes, linear)
[    0.992617] TCP established hash table entries: 131072 (order: 7, 1048576 bytes, linear)
[    0.993079] TCP bind hash table entries: 65536 (order: 7, 1048576 bytes, linear)
[    0.993530] TCP: Hash tables configured (established 131072 bind 65536)
[    0.994049] UDP hash table entries: 8192 (order: 5, 262144 bytes, linear)
[    0.994172] UDP-Lite hash table entries: 8192 (order: 5, 262144 bytes, linear)
[    0.995107] NET: Registered protocol family 1
[    0.995121] NET: Registered protocol family 44
[    0.995222] Trying to unpack rootfs image as initramfs...
[    1.182306] Freeing initrd memory: 27272K
[    1.186388] Initialise system trusted keyrings
[    1.186411] Key type blacklist registered
[    1.186530] workingset: timestamp_bits=46 max_order=21 bucket_order=0
[    1.189185] zbud: loaded
[    1.190223] SGI XFS with ACLs, security attributes, realtime, quota, no debug enabled
[    1.191863] Key type asymmetric registered
[    1.191871] Asymmetric key parser 'x509' registered
[    1.191889] Block layer SCSI generic (bsg) driver version 0.4 loaded (major 252)
[    1.192161] io scheduler mq-deadline registered
[    1.192792] f029b788: ttyHV0 at I/O 0x0 (irq = 1, base_baud = 115200) is a SUN4V HCONS
[    1.193027] printk: console [ttyHV0] enabled
[    1.193815] sunvdc.c:v1.2 (November 24, 2014)
[    1.231046] sunvdc: Virtual Hard disk vdiskc
[    1.231056] sunvdc: vdiskc: 104857600 sectors (51200 MB) protocol 1.2
[    1.257090] sunvdc: Virtual Hard disk vdiskb
[    1.257100] sunvdc: vdiskb: 62914560 sectors (30720 MB) protocol 1.2
[    1.257489]  vdiskb: vdiskb1
[    1.263474] sunvdc: Virtual Hard disk vdiska
[    1.263482] sunvdc: vdiska: 31457280 sectors (15360 MB) protocol 1.2
[    1.263852]  vdiska: vdiska1 vdiska2 vdiska3 vdiska4
[    1.269209] rtc-sun4v rtc-sun4v: registered as rtc0
[    1.269250] rtc-sun4v rtc-sun4v: setting system clock to 2020-12-18T09:17:03 UTC (1608283023)
[    1.269954] NET: Registered protocol family 10
[    1.283770] Segment Routing with IPv6
[    1.283805] mip6: Mobile IPv6
[    1.283813] NET: Registered protocol family 17
[    1.283942] registered taskstats version 1
[    1.283953] Loading compiled-in X.509 certificates
[    1.285961] zswap: loaded using pool lzo/zbud
[    1.287578] This architecture does not have kernel memory protection.
[    1.287591] Run /init as init process
[    1.287598]   with arguments:
[    1.287601]     /init
[    1.287605]   with environment:
[    1.287608]     HOME=/
[    1.287611]     TERM=linux
[    1.287614]     BOOT_IMAGE=/vmlinux-5.10.0-11825-ga409ed156a90
[    1.450453] sunvnet_common: module verification failed: signature and/or required key missing - tainting kernel
[    1.451688] sunvnet: sunvnet 2.0 (February 3, 2017)
[    1.452693] vnet_port vnet-port-0-0 eth0: Sun LDOM vnet 00:14:4f:f8:12:a3
[    1.452780] sunvnet: eth0: PORT ( remote-mac 00:14:4f:fa:f3:f0 switch-port )
[    1.453000] sunvnet: eth0: PORT ( remote-mac 00:14:4f:f9:b4:97 )
[    1.453199] sunvnet: eth0: PORT ( remote-mac 00:14:4f:f8:e5:f3 )
[    1.453393] sunvnet: eth0: PORT ( remote-mac 00:14:4f:f8:3f:1e )
[    1.453572] sunvnet: eth0: PORT ( remote-mac 00:14:4f:f9:8b:83 )
[    1.458937] crc32c_sparc64: Using sparc64 crc32c opcode optimized CRC32C implementation
[    1.461337] random: lvm: uninitialized urandom read (4 bytes read)
[    1.480104] device-mapper: uevent: version 1.0.3
[    1.480269] device-mapper: ioctl: 4.43.0-ioctl (2020-10-01) initialised: dm-devel@redhat.com
[    1.482300] random: lvm: uninitialized urandom read (2 bytes read)
[    1.482389] dm-0: detected capacity change from 104849408 to 0
[    1.817865] xor: automatically using best checksumming function   Niagara   
[    1.883936] raid6: int64x8  gen()  2158 MB/s
[    1.951939] raid6: int64x8  xor()  1513 MB/s
[    2.019939] raid6: int64x4  gen()  3374 MB/s
[    2.087928] raid6: int64x4  xor()  1454 MB/s
[    2.155928] raid6: int64x2  gen()  3349 MB/s
[    2.223928] raid6: int64x2  xor()  1155 MB/s
[    2.291952] raid6: int64x1  gen()  1373 MB/s
[    2.359951] raid6: int64x1  xor()   713 MB/s
[    2.359960] raid6: using algorithm int64x4 gen() 3374 MB/s
[    2.359966] raid6: .... xor() 1454 MB/s, rmw enabled
[    2.359973] raid6: using intx1 recovery algorithm
[    2.392298] random: fast init done
[    2.471607] EXT4-fs (vdiska2): mounted filesystem with ordered data mode. Opts: (null)
[    5.621064] systemd[1]: Inserted module 'autofs4'
[    5.931742] systemd[1]: systemd 247.1-4 running in system mode. (+PAM +AUDIT +SELINUX +IMA +APPARMOR +SMACK +SYSVINIT +UTMP +LIBCRYPTSETUP +GCRYPT +GNUTLS +ACL +XZ +LZ4 +ZSTD -SECCOMP +BLKID +ELFUTILS +KMOD +IDN2 -IDN +PCRE2 default-hierarchy=hybrid)
[    5.932083] systemd[1]: Detected architecture sparc64.
[    6.022131] systemd[1]: Set hostname to <ttip>.
[    6.339071] systemd-sysv-generator[338]: SysV service '/etc/init.d/xinetd' lacks a native systemd unit file. Automatically generating a unit file for compatibility. Please update package to include a native systemd unit file, in order to make it more safe and robust.
[    6.636260] systemd-sysv-generator[338]: SysV service '/etc/init.d/rng-tools-debian' lacks a native systemd unit file. Automatically generating a unit file for compatibility. Please update package to include a native systemd unit file, in order to make it more safe and robust.
[    6.638453] systemd-sysv-generator[338]: SysV service '/etc/init.d/arpalert' lacks a native systemd unit file. Automatically generating a unit file for compatibility. Please update package to include a native systemd unit file, in order to make it more safe and robust.
[    6.647817] systemd-sysv-generator[338]: SysV service '/etc/init.d/vmtouch' lacks a native systemd unit file. Automatically generating a unit file for compatibility. Please update package to include a native systemd unit file, in order to make it more safe and robust.
[    6.731390] systemd-sysv-generator[338]: SysV service '/etc/init.d/mysql' lacks a native systemd unit file. Automatically generating a unit file for compatibility. Please update package to include a native systemd unit file, in order to make it more safe and robust.
[    7.117740] random: lvmconfig: uninitialized urandom read (4 bytes read)
[    8.307090] systemd[1]: Queued start job for default target Multi-User System.
[    8.307789] random: systemd: uninitialized urandom read (16 bytes read)
[    8.359684] systemd[1]: Created slice system-getty.slice.
[    8.359989] random: systemd: uninitialized urandom read (16 bytes read)
[    8.365277] systemd[1]: Created slice system-modprobe.slice.
[    8.365409] random: systemd: uninitialized urandom read (16 bytes read)
[    8.370809] systemd[1]: Created slice system-openvpn\x2dclient.slice.
[    8.376829] systemd[1]: Created slice system-postfix.slice.
[    8.382235] systemd[1]: Created slice system-systemd\x2dfsck.slice.
[    8.387496] systemd[1]: Created slice User and Session Slice.
[    8.387755] systemd[1]: Started Dispatch Password Requests to Console Directory Watch.
[    8.387984] systemd[1]: Started Forward Password Requests to Wall Directory Watch.
[    8.389050] systemd[1]: Set up automount Arbitrary Executable File Formats File System Automount Point.
[    8.389268] systemd[1]: Reached target Local Encrypted Volumes.
[    8.389460] systemd[1]: Reached target Paths.
[    8.389616] systemd[1]: Reached target Slices.
[    8.389912] systemd[1]: Listening on Device-mapper event daemon FIFOs.
[    8.390227] systemd[1]: Listening on LVM2 poll daemon socket.
[    8.402957] systemd[1]: Listening on RPCbind Server Activation Socket.
[    8.403323] systemd[1]: Listening on Syslog Socket.
[    8.403644] systemd[1]: Listening on fsck to fsckd communication Socket.
[    8.403866] systemd[1]: Listening on initctl Compatibility Named Pipe.
[    8.404329] systemd[1]: Listening on Journal Audit Socket.
[    8.404618] systemd[1]: Listening on Journal Socket (/dev/log).
[    8.404979] systemd[1]: Listening on Journal Socket.
[    8.405362] systemd[1]: Listening on udev Control Socket.
[    8.405657] systemd[1]: Listening on udev Kernel Socket.
[    8.412256] systemd[1]: Mounting Huge Pages File System...
[    8.418892] systemd[1]: Mounting POSIX Message Queue File System...
[    8.425821] systemd[1]: Mounting RPC Pipe File System...
[    8.432461] systemd[1]: Mounting Kernel Debug File System...
[    8.439027] systemd[1]: Mounting Kernel Trace File System...
[    8.439330] systemd[1]: Condition check resulted in Kernel Module supporting RPCSEC_GSS being skipped.
[    8.439679] systemd[1]: Finished Availability of block devices.
[    8.446368] systemd[1]: Starting Wait for network to be configured by ifupdown...
[    8.453190] systemd[1]: Starting Create list of static device nodes for the current kernel...
[    8.459857] systemd[1]: Starting Monitoring of LVM2 mirrors, snapshots etc. using dmeventd or progress polling...
[    8.466177] systemd[1]: Starting Load Kernel Module configfs...
[    8.473020] systemd[1]: Starting Load Kernel Module drm...
[    8.479731] systemd[1]: Starting Load Kernel Module fuse...
[    8.487572] systemd[1]: Starting nftables...
[    8.567393] systemd[1]: Condition check resulted in Set Up Additional Binary Formats being skipped.
[    8.567559] systemd[1]: Condition check resulted in File System Check on Root Device being skipped.
[    8.575725] systemd[1]: Starting Journal Service...
[    8.630594] systemd[1]: Starting Load Kernel Modules...
[    8.637982] systemd[1]: Starting Remount Root and Kernel File Systems...
[    8.645083] systemd[1]: Starting Coldplug All udev Devices...
[    8.649772] systemd[1]: Mounted Huge Pages File System.
[    8.650146] systemd[1]: Mounted POSIX Message Queue File System.
[    8.650415] systemd[1]: Mounted Kernel Debug File System.
[    8.650688] systemd[1]: Mounted Kernel Trace File System.
[    8.651846] systemd[1]: Finished Wait for network to be configured by ifupdown.
[    8.653076] systemd[1]: Finished Create list of static device nodes for the current kernel.
[    8.653651] systemd[1]: modprobe@configfs.service: Succeeded.
[    8.654452] systemd[1]: Finished Load Kernel Module configfs.
[    8.655052] systemd[1]: modprobe@drm.service: Succeeded.
[    8.655843] systemd[1]: Finished Load Kernel Module drm.
[    8.662845] systemd[1]: Mounting Kernel Configuration File System...
[    8.668697] systemd[1]: Mounted Kernel Configuration File System.
[    8.705291] systemd[1]: Finished Monitoring of LVM2 mirrors, snapshots etc. using dmeventd or progress polling.
[    8.726629] EXT4-fs (vdiska2): re-mounted. Opts: errors=remount-ro
[    8.726862] systemd[1]: Finished Load Kernel Modules.
[    8.729297] systemd[1]: Started Journal Service.
[    8.765323] fuse: init (API version 7.33)
[    9.300059] RPC: Registered named UNIX socket transport module.
[    9.300084] RPC: Registered udp transport module.
[    9.300091] RPC: Registered tcp transport module.
[    9.300097] RPC: Registered tcp NFSv4.1 backchannel transport module.
[   11.564060] random: crng init done
[   11.564083] random: 4 urandom warning(s) missed due to ratelimiting
[   12.273593] sha1_sparc64: Using sparc64 sha1 opcode optimized SHA-1 implementation
[   12.322608] sha256_sparc64: Using sparc64 sha256 opcode optimized SHA-256/SHA-224 implementation
[   12.374796] sha512_sparc64: Using sparc64 sha512 opcode optimized SHA-512/SHA-384 implementation
[   12.383328] n2rng v0.3 (Jan 7, 2017)
[   12.383355] n2rng f029b104: Registered RNG HVAPI major 2 minor 0
[   12.383368] n2rng f029b104: Found multi-unit-capable RNG, units: 2
[   12.383391] n2rng f029b104: RNG ready
[   12.398090] md5_sparc64: Using sparc64 md5 opcode optimized MD5 implementation
[   12.429316] aes_sparc64: Using sparc64 aes opcodes optimized AES implementation
[   12.540242] des_sparc64: Using sparc64 des opcodes optimized DES implementation
[   12.542108] XFS (dm-0): Mounting V5 Filesystem
[   12.567653] camellia_sparc64: Using sparc64 camellia opcodes optimized CAMELLIA implementation
[   12.784186] XFS (dm-0): Ending clean mount
[   12.803927] Adding 787176k swap on /dev/vdiska4.  Priority:-2 extents:1 across:787176k FS
[   12.833086] xfs filesystem being mounted at /1 supports timestamps until 2038 (0x7fffffff)
[   13.236065] EXT4-fs (vdiska1): mounting ext3 file system using the ext4 subsystem
[   13.539104] EXT4-fs (vdiska1): mounted filesystem with ordered data mode. Opts: (null)
[   13.539287] ext3 filesystem being mounted at /boot supports timestamps until 2038 (0x7fffffff)
