[    0.000017] PROMLIB: Sun IEEE Boot Prom 'OBP 4.38.12 2018/03/28 14:54'
[    0.000029] PROMLIB: Root node compatible: sun4v
[    0.000076] Linux version 5.0.0-rc7-01905-g1a2566085650 (mator@ttip) (gcc version 9.3.0 (Debian 9.3.0-11)) #113 SMP Wed Apr 29 12:05:50 MSK 2020
[    0.000388] printk: bootconsole [earlyprom0] enabled
[    0.000440] ARCH: SUN4V
[    0.000490] Ethernet address: 00:14:4f:fa:06:f2
[    0.000542] MM: PAGE_OFFSET is 0xfff8000000000000 (max_phys_bits == 47)
[    0.000607] MM: VMALLOC [0x0000000100000000 --> 0x0006000000000000]
[    0.000669] MM: VMEMMAP [0x0006000000000000 --> 0x000c000000000000]
[    0.012370] Kernel: Using 5 locked TLB entries for main kernel image.
[    0.012439] Remapping the kernel... 
[    0.012463] done.
[    0.045738] OF stdout device is: /virtual-devices@100/console@1
[    0.045802] PROM: Built device tree with 82854 bytes of memory.
[    0.045861] MDESC: Size is 36512 bytes.
[    0.045974] PLATFORM: banner-name [SPARC T5-2]
[    0.046024] PLATFORM: name [ORCL,SPARC-T5-2]
[    0.046070] PLATFORM: hostid [84fa06f2]
[    0.046113] PLATFORM: serial# [0035260e]
[    0.046155] PLATFORM: stick-frequency [3b9aca00]
[    0.046205] PLATFORM: mac-address [144ffa06f2]
[    0.046251] PLATFORM: watchdog-resolution [1000 ms]
[    0.046301] PLATFORM: watchdog-max-timeout [31536000000 ms]
[    0.046356] PLATFORM: max-cpus [1024]
[    0.046442] Top of RAM: 0x24af938000, Total RAM: 0x87f354000
[    0.046502] Memory hole size: 115461MB
[    0.051158] Allocated 40960 bytes for kernel page tables.
[    0.051241] Zone ranges:
[    0.051280]   Normal   [mem 0x0000000030400000-0x00000024af937fff]
[    0.051342] Movable zone start for each node
[    0.051387] Early memory node ranges
[    0.051428]   node   0: [mem 0x0000000030400000-0x000000006fe7ffff]
[    0.051487]   node   0: [mem 0x000000006ff00000-0x000000006ff25fff]
[    0.051548]   node   0: [mem 0x0000000070000000-0x000000042fffffff]
[    0.051608]   node   0: [mem 0x0000002030000000-0x00000024af87ffff]
[    0.051666]   node   0: [mem 0x00000024af900000-0x00000024af925fff]
[    0.051726]   node   0: [mem 0x00000024af930000-0x00000024af937fff]
[    0.059067] Zeroed struct page in unavailable ranges: 230130 pages
[    0.059076] Initmem setup node 0 [mem 0x0000000030400000-0x00000024af937fff]
[    0.059234] On node 0 totalpages: 4454826
[    0.059242]   Normal zone: 39154 pages used for memmap
[    0.059247]   Normal zone: 0 pages reserved
[    0.059253]   Normal zone: 4454826 pages, LIFO batch:31
[    0.066796] Booting Linux...
[    0.066878] CPU CAPS: [flush,stbar,swap,muldiv,v9,blkinit,n2,mul32]
[    0.066957] CPU CAPS: [div32,v8plus,popc,vis,vis2,ASIBlkInit,fmaf,vis3]
[    0.068035] CPU CAPS: [hpc,ima,pause,cbcond,aes,des,kasumi,camellia]
[    0.068107] CPU CAPS: [md5,sha1,sha256,sha512,mpmul,montmul,montsqr,crc32c]
[    0.095332] percpu: Embedded 20 pages/cpu @(____ptrval____) s121672 r8192 d33976 u262144
[    0.095554] pcpu-alloc: s121672 r8192 d33976 u262144 alloc=1*4194304
[    0.095562] pcpu-alloc: [0] 000 001 002 003 004 005 006 007 008 009 010 011 012 013 014 015 
[    0.095589] pcpu-alloc: [0] 016 017 018 019 020 021 022 023 024 025 026 027 028 029 030 031 
[    0.095616] pcpu-alloc: [0] 032 033 034 035 036 037 038 039 040 041 042 043 044 045 046 047 
[    0.095643] pcpu-alloc: [0] 048 049 050 051 052 053 054 055 056 057 058 059 060 061 062 063 
[    0.095670] pcpu-alloc: [0] 064 065 066 067 068 069 070 071 072 073 074 075 076 077 078 079 
[    0.095697] pcpu-alloc: [0] 080 081 082 083 084 085 086 087 088 089 090 091 092 093 094 095 
[    0.095724] pcpu-alloc: [0] 096 097 098 099 100 101 102 103 104 105 106 107 108 109 110 111 
[    0.095751] pcpu-alloc: [0] 112 113 114 115 116 117 118 119 120 121 122 123 124 125 126 127 
[    0.096181] SUN4V: Mondo queue sizes [cpu(131072) dev(16384) r(8192) nr(256)]
[    0.096541] Built 1 zonelists, mobility grouping on.  Total pages: 4415672
[    0.096627] Kernel command line: BOOT_IMAGE=/vmlinux-5.0.0-rc7-01905-g1a2566085650 root=/dev/vdiska2 ro zswap.enabled=1
[    0.099835] printk: log_buf_len individual max cpu contribution: 4096 bytes
[    0.099905] printk: log_buf_len total cpu_extra contributions: 520192 bytes
[    0.099972] printk: log_buf_len min size: 131072 bytes
[    0.100245] printk: log_buf_len: 1048576 bytes
[    0.100296] printk: early log buf free: 126632(96%)
[    0.106612] Dentry cache hash table entries: 8388608 (order: 13, 67108864 bytes)
[    0.109842] Inode-cache hash table entries: 4194304 (order: 12, 33554432 bytes)
[    0.109912] Sorting __ex_table...
[    0.166244] Memory: 1305232K/35638608K available (7066K kernel code, 937K rwdata, 2056K rodata, 608K init, 7892K bss, 501872K reserved, 0K cma-reserved)
[    0.166928] SLUB: HWalign=32, Order=0-3, MinObjects=0, CPUs=128, Nodes=1
[    0.167209] ftrace: allocating 20603 entries in 41 pages
[    0.178084] Running RCU self tests
[    0.178129] rcu: Hierarchical RCU implementation.
[    0.178177] rcu: 	RCU event tracing is enabled.
[    0.178226] rcu: 	RCU lockdep checking is enabled.
[    0.178275] 	Tasks RCU enabled.
[    0.178312] rcu: RCU calculated value of scheduler-enlistment delay is 10 jiffies.
[    0.182036] NR_IRQS: 2048, nr_irqs: 2048, preallocated irqs: 1
[    0.182112] SUN4V: Using IRQ API major 3, cookie only virqs enabled
[    0.184401] clocksource: stick: mask: 0xffffffffffffffff max_cycles: 0x1cd42e4dffb, max_idle_ns: 881590591483 ns
[    0.184529] clocksource: mult[800000] shift[23]
[    0.184578] clockevent: mult[80000000] shift[31]
[    0.185111] Console: colour dummy device 80x25
[    0.185173] printk: console [tty0] enabled
[    0.185244] printk: bootconsole [earlyprom0] disabled
[    0.185327] Lock dependency validator: Copyright (c) 2006 Red Hat, Inc., Ingo Molnar
[    0.185372] ... MAX_LOCKDEP_SUBCLASSES:  8
[    0.185401] ... MAX_LOCK_DEPTH:          48
[    0.185430] ... MAX_LOCKDEP_KEYS:        8191
[    0.185459] ... CLASSHASH_SIZE:          4096
[    0.185488] ... MAX_LOCKDEP_ENTRIES:     16384
[    0.185518] ... MAX_LOCKDEP_CHAINS:      32768
[    0.185548] ... CHAINHASH_SIZE:          16384
[    0.185577]  memory used by lock dependency info: 4959 kB
[    0.185612]  per task-struct memory footprint: 1920 bytes
[    0.334789] Calibrating delay using timer specific routine.. 2003.65 BogoMIPS (lpj=10018280)
[    0.334842] pid_max: default: 131072 minimum: 1024
[    0.335096] LSM: Security Framework initializing
[    0.335291] AppArmor: AppArmor initialized
[    0.335573] Mount-cache hash table entries: 131072 (order: 7, 1048576 bytes)
[    0.335732] Mountpoint-cache hash table entries: 131072 (order: 7, 1048576 bytes)
[    0.338759] rcu: Hierarchical SRCU implementation.
[    0.345868] smp: Bringing up secondary CPUs ...
[    0.386578] smp: Brought up 1 node, 32 CPUs
[    0.620820] node 0 initialised, 4228938 pages in 230ms
[    0.622214] devtmpfs: initialized
[    0.626802] Performance events: 
[    0.626845] Testing NMI watchdog ... 
[    0.826919] OK.
[    0.827076] Supported PMU type is 'niagara5'
[    0.827274] random: get_random_u32 called from bucket_table_alloc.isra.0+0x144/0x1c0 with crng_init=0
[    0.827922] ldc.c:v1.1 (July 22, 2008)
[    0.830141] clocksource: jiffies: mask: 0xffffffff max_cycles: 0xffffffff, max_idle_ns: 19112604462750000 ns
[    0.830226] futex hash table entries: 32768 (order: 9, 4194304 bytes)
[    0.835155] NET: Registered protocol family 16
[    0.842678] VIO: Adding device channel-devices (tx_ino = ffffffffffffffff, rx_ino = ffffffffffffffff)
[    0.842869] VIO: Adding device vnet-port-0-0 (tx_ino = 0, rx_ino = 1)
[    0.843059] VIO: Adding device vnet-port-0-1 (tx_ino = 2, rx_ino = 3)
[    0.843218] VIO: Adding device vnet-port-0-2 (tx_ino = 4, rx_ino = 5)
[    0.843376] VIO: Adding device vnet-port-0-3 (tx_ino = 6, rx_ino = 7)
[    0.843537] VIO: Adding device vnet-port-0-4 (tx_ino = 8, rx_ino = 9)
[    0.843694] VIO: Adding device vnet-port-0-5 (tx_ino = a, rx_ino = b)
[    0.843851] VIO: Adding device vdc-port-2-0 (tx_ino = c, rx_ino = d)
[    0.844012] VIO: Adding device vdc-port-1-0 (tx_ino = e, rx_ino = f)
[    0.844168] VIO: Adding device vdc-port-0-0 (tx_ino = 10, rx_ino = 11)
[    0.844326] VIO: Adding device vdc-port-3-0 (tx_ino = 12, rx_ino = 13)
[    0.844487] VIO: Adding device vlds-port-0-0 (tx_ino = 14, rx_ino = 15)
[    0.844647] VIO: Adding device domain-services-port-0 (tx_ino = 14, rx_ino = 15)
[    0.844913] audit: initializing netlink subsys (disabled)
[    0.845158] audit: type=2000 audit(0.650:1): state=initialized audit_enabled=0 res=1
[    0.868072] HugeTLB registered 64.0 KiB page size, pre-allocated 0 pages
[    0.868121] HugeTLB registered 8.00 MiB page size, pre-allocated 0 pages
[    0.868164] HugeTLB registered 256 MiB page size, pre-allocated 0 pages
[    0.868207] HugeTLB registered 2.00 GiB page size, pre-allocated 0 pages
[    0.870219] cryptd: max_cpu_qlen set to 1000
[    0.873029] NetLabel: Initializing
[    0.873057] NetLabel:  domain hash size = 128
[    0.873088] NetLabel:  protocols = UNLABELED CIPSOv4 CALIPSO
[    0.873213] NetLabel:  unlabeled traffic allowed by default
[    0.874105] SUN4V: Reboot data supported (maj=1,min=0).
[    0.874447] ds.c:v1.0 (Jul 11, 2007)
[    0.874771] ds-0: ds_conn_reset() from send_events.isra.0
[    0.876202] clocksource: Switched to clocksource stick
[    1.060244] VFS: Disk quotas dquot_6.6.0
[    1.060377] VFS: Dquot-cache hash table entries: 1024 (order 0, 8192 bytes)
[    1.062060] AppArmor: AppArmor Filesystem Enabled
[    1.074290] NET: Registered protocol family 2
[    1.075758] tcp_listen_portaddr_hash hash table entries: 32768 (order: 8, 2359296 bytes)
[    1.078691] TCP established hash table entries: 524288 (order: 9, 4194304 bytes)
[    1.080645] TCP bind hash table entries: 65536 (order: 9, 4194304 bytes)
[    1.086205] TCP: Hash tables configured (established 524288 bind 65536)
[    1.088600] UDP hash table entries: 32768 (order: 9, 5242880 bytes)
[    1.095097] UDP-Lite hash table entries: 32768 (order: 9, 5242880 bytes)
[    1.103170] NET: Registered protocol family 1
[    1.103228] NET: Registered protocol family 44
[    1.103736] Unpacking initramfs...
[    1.296237] Freeing initrd memory: 14728K
[    1.297136] aes_sparc64: Using sparc64 aes opcodes optimized AES implementation
[    1.323012] des_sparc64: Using sparc64 des opcodes optimized DES implementation
[    1.360815] camellia_sparc64: Using sparc64 camellia opcodes optimized CAMELLIA implementation
[    1.392416] workingset: timestamp_bits=46 max_order=23 bucket_order=0
[    1.410053] zbud: loaded
[    1.412068] SGI XFS with ACLs, security attributes, debug enabled
[    1.620447] Block layer SCSI generic (bsg) driver version 0.4 loaded (major 252)
[    1.621312] io scheduler mq-deadline registered
[    1.623891] f029b788: ttyS0 at I/O 0x0 (irq = 1, base_baud = 115200) is a SUN4V HCONS
[    1.629924] printk: console [ttyHV0] enabled
[    1.632394] sunvdc.c:v1.2 (November 24, 2014)
[    1.633971] sunvdc: Virtual Hard disk vdiskc
[    1.634007] sunvdc: vdiskc: 104857600 sectors (51200 MB) protocol 1.2
[    1.652903] sunvdc: Virtual Hard disk vdiskb
[    1.652949] sunvdc: vdiskb: 62914560 sectors (30720 MB) protocol 1.2
[    1.653690]  vdiskb: vdiskb1
[    1.671484] sunvdc: Virtual Hard disk vdiska
[    1.671521] sunvdc: vdiska: 31457280 sectors (15360 MB) protocol 1.2
[    1.672149]  vdiska: vdiska1 vdiska2 vdiska3 vdiska4
[    1.690401] sunvdc: Virtual CDROM vdiskd
[    1.690441] sunvdc: vdiskd: 453848 sectors (221 MB) protocol 1.2
[    1.691071]  vdiskd: vdiskd1 vdiskd2 vdiskd3 vdiskd4 vdiskd5 vdiskd6 vdiskd7
[    1.708823] sunvnet: sunvnet 2.0 (February 3, 2017)
[    1.710888] vnet_port vnet-port-0-0 eth0: Sun LDOM vnet 00:14:4f:f8:12:a3
[    1.711095] sunvnet: eth0: PORT ( remote-mac 00:14:4f:fa:f3:f0 switch-port )
[    1.711428] sunvnet: eth0: PORT ( remote-mac 00:14:4f:f8:e5:f3 )
[    1.711755] sunvnet: eth0: PORT ( remote-mac 00:14:4f:f9:b4:97 )
[    1.712085] sunvnet: eth0: PORT ( remote-mac 00:14:4f:f8:3f:1e )
[    1.712410] sunvnet: eth0: PORT ( remote-mac 00:14:4f:f8:fe:47 )
[    1.712732] sunvnet: eth0: PORT ( remote-mac 00:14:4f:f9:8b:83 )
[    1.713930] rtc-sun4v rtc-sun4v: registered as rtc0
[    1.714484] sun4v_wdt: initialized (timeout=60s, nowayout=0)
[    1.715071] device-mapper: uevent: version 1.0.3
[    1.715835] device-mapper: ioctl: 4.39.0-ioctl (2018-04-03) initialised: dm-devel@redhat.com
[    1.716786] NET: Registered protocol family 17
[    1.717839] registered taskstats version 1
[    1.718605] zswap: loaded using pool lzo/zbud
[    1.738417] Key type big_key registered
[    1.738480] AppArmor: AppArmor sha1 policy hashing enabled
[    1.739234] rtc-sun4v rtc-sun4v: setting system clock to 2020-04-29T09:11:20 UTC (1588151480)
[    1.743144] This architecture does not have kernel memory protection.
[    1.743190] Run /init as init process
[    2.223281] crc32c_sparc64: Using sparc64 crc32c opcode optimized CRC32C implementation
[    2.746174] raid6: int64x8  gen()  2167 MB/s
[    2.916199] raid6: int64x8  xor()  1571 MB/s
[    3.086181] raid6: int64x4  gen()  3473 MB/s
[    3.256183] raid6: int64x4  xor()  2002 MB/s
[    3.426170] raid6: int64x2  gen()  2867 MB/s
[    3.596176] raid6: int64x2  xor()  1993 MB/s
[    3.766191] raid6: int64x1  gen()  2848 MB/s
[    3.936175] raid6: int64x1  xor()  1625 MB/s
[    3.936209] raid6: using algorithm int64x4 gen() 3473 MB/s
[    3.936248] raid6: .... xor() 2002 MB/s, rmw enabled
[    3.936284] raid6: using intx1 recovery algorithm
[    3.937109] async_tx: api initialized (async)
[    3.937642] xor: automatically using best checksumming function   Niagara   
[    4.007950] random: fast init done
[    4.201671] EXT4-fs (vdiska2): mounted filesystem with ordered data mode. Opts: (null)
[    4.410076] systemd[1]: Inserted module 'autofs4'
[    4.419343] NET: Registered protocol family 10
[    4.424039] Segment Routing with IPv6
[    4.440531] systemd[1]: systemd 245.5-2 running in system mode. (+PAM +AUDIT +SELINUX +IMA +APPARMOR +SMACK +SYSVINIT +UTMP +LIBCRYPTSETUP +GCRYPT +GNUTLS +ACL +XZ +LZ4 -SECCOMP +BLKID +ELFUTILS +KMOD +IDN2 -IDN +PCRE2 default-hierarchy=hybrid)
[    4.441153] systemd[1]: Detected architecture sparc64.
[    4.449181] systemd[1]: Set hostname to <ttip>.
[    4.541794] random: lvmconfig: uninitialized urandom read (4 bytes read)
[    4.800186] systemd[1]: /lib/systemd/system/dbus.socket:5: ListenStream= references a path below legacy directory /var/run/, updating /var/run/dbus/system_bus_socket â†’ /run/dbus/system_bus_socket; please update the unit file accordingly.
[    4.863875] random: systemd: uninitialized urandom read (16 bytes read)
[    4.871456] systemd[1]: Created slice system-getty.slice.
[    4.872115] random: systemd: uninitialized urandom read (16 bytes read)
[    4.874324] systemd[1]: Created slice system-modprobe.slice.
[    4.877294] systemd[1]: Created slice system-openvpn\x2dclient.slice.
[    4.881794] systemd[1]: Created slice system-postfix.slice.
[    4.885076] systemd[1]: Created slice system-systemd\x2dfsck.slice.
[    4.888302] systemd[1]: Created slice User and Session Slice.
[    4.889210] systemd[1]: Started Dispatch Password Requests to Console Directory Watch.
[    4.889998] systemd[1]: Started Forward Password Requests to Wall Directory Watch.
[    4.892113] systemd[1]: Set up automount Arbitrary Executable File Formats File System Automount Point.
[    4.892642] systemd[1]: Reached target Local Encrypted Volumes.
[    4.893113] systemd[1]: Reached target Paths.
[    4.893535] systemd[1]: Reached target Remote File Systems.
[    4.893969] systemd[1]: Reached target Slices.
[    4.894905] systemd[1]: Listening on Device-mapper event daemon FIFOs.
[    4.895931] systemd[1]: Listening on LVM2 poll daemon socket.
[    4.898014] systemd[1]: Listening on Syslog Socket.
[    4.898977] systemd[1]: Listening on fsck to fsckd communication Socket.
[    4.899725] systemd[1]: Listening on initctl Compatibility Named Pipe.
[    4.900913] systemd[1]: Listening on Journal Audit Socket.
[    4.901872] systemd[1]: Listening on Journal Socket (/dev/log).
[    4.902998] systemd[1]: Listening on Journal Socket.
[    4.904099] systemd[1]: Listening on udev Control Socket.
[    4.904899] systemd[1]: Listening on udev Kernel Socket.
[    4.913630] systemd[1]: Mounting Huge Pages File System...
[    4.922768] systemd[1]: Mounting POSIX Message Queue File System...
[    4.931088] systemd[1]: Mounting Kernel Debug File System...
[    4.941539] systemd[1]: Mounting Kernel Trace File System...
[    4.950243] systemd[1]: Starting Availability of block devices...
[    4.958473] systemd[1]: Starting Wait for network to be configured by ifupdown...
[    4.967523] systemd[1]: Starting Create list of static device nodes for the current kernel...
[    4.975964] systemd[1]: Starting Monitoring of LVM2 mirrors, snapshots etc. using dmeventd or progress polling...
[    4.985122] systemd[1]: Starting Load Kernel Module drm...
[    4.994433] systemd[1]: Starting nftables...
[    4.996246] systemd[1]: Condition check resulted in Set Up Additional Binary Formats being skipped.
[    4.996514] systemd[1]: Condition check resulted in File System Check on Root Device being skipped.
[    5.008439] systemd[1]: Starting Journal Service...
[    5.019831] systemd[1]: Starting Load Kernel Modules...
[    5.032424] systemd[1]: Starting Remount Root and Kernel File Systems...
[    5.044361] systemd[1]: Starting udev Coldplug all Devices...
[    5.055359] systemd[1]: Mounted Huge Pages File System.
[    5.057471] systemd[1]: Mounted POSIX Message Queue File System.
[    5.059361] systemd[1]: Mounted Kernel Debug File System.
[    5.061244] systemd[1]: Mounted Kernel Trace File System.
[    5.072619] systemd[1]: Finished Availability of block devices.
[    5.081179] systemd[1]: Finished Wait for network to be configured by ifupdown.
[    5.084291] EXT4-fs (vdiska2): re-mounted. Opts: errors=remount-ro
[    5.102182] systemd[1]: Finished Create list of static device nodes for the current kernel.
[    5.103492] systemd[1]: Started Journal Service.
[    5.194604] systemd-journald[475]: Received client request to flush runtime journal.
[    5.584164] sha1_sparc64: Using sparc64 sha1 opcode optimized SHA-1 implementation
[    5.585847] n2rng v0.3 (Jan 7, 2017)
[    5.585924] n2rng f029b104: Registered RNG HVAPI major 2 minor 0
[    5.586000] n2rng f029b104: Found multi-unit-capable RNG, units: 2
[    5.587201] n2rng f029b104: RNG ready
[    5.611423] sha256_sparc64: Using sparc64 sha256 opcode optimized SHA-256/SHA-224 implementation
[    5.627998] sha512_sparc64: Using sparc64 sha512 opcode optimized SHA-512/SHA-384 implementation
[    5.629663] md5_sparc64: Using sparc64 md5 opcode optimized MD5 implementation
[    5.641545] ------------[ cut here ]------------
[    5.641632] WARNING: CPU: 24 PID: 556 at drivers/block/pktcdvd.c:2597 pkt_setup_dev+0x2e8/0x5c0 [pktcdvd]
[    5.641695] Attempt to register a non-SCSI queue
[    5.641730] Modules linked in: pktcdvd cdrom md5_sparc64 sha512_sparc64 sha256_sparc64 n2_rng sha1_sparc64 rng_core flash nf_tables nfnetlink ip_tables x_tables ipv6 crc_ccitt autofs4 ext4 crc16 mbcache jbd2 raid10 raid456 async_raid6_recov async_memcpy async_pq async_xor xor async_tx raid6_pq raid1 raid0 multipath linear md_mod crc32c_sparc64
[    5.641968] CPU: 24 PID: 556 Comm: pktsetup Not tainted 5.0.0-rc7-01905-g1a2566085650 #113
[    5.642022] Call Trace:
[    5.642051]  [0000000000467f20] __warn+0xc0/0x100
[    5.642087]  [0000000000467f94] warn_slowpath_fmt+0x34/0x60
[    5.642129]  [00000000104df268] pkt_setup_dev+0x2e8/0x5c0 [pktcdvd]
[    5.642175]  [00000000104e0d34] pkt_ctl_ioctl+0x94/0x240 [pktcdvd]
[    5.642223]  [00000000006a0590] do_vfs_ioctl+0x630/0x6e0
[    5.642262]  [00000000006a0688] ksys_ioctl+0x48/0x80
[    5.642299]  [00000000006a06d4] sys_ioctl+0x14/0x40
[    5.642338]  [0000000000406294] linux_sparc_syscall+0x34/0x44
[    5.642379] irq event stamp: 3337
[    5.642412] hardirqs last  enabled at (3345): [<00000000004dcb40>] console_unlock+0x680/0x700
[    5.642469] hardirqs last disabled at (3352): [<00000000004dc5c8>] console_unlock+0x108/0x700
[    5.642530] softirqs last  enabled at (290): [<0000000000aea908>] __do_softirq+0x4a8/0x520
[    5.642588] softirqs last disabled at (279): [<000000000042cd54>] do_softirq_own_stack+0x34/0x60
[    5.642646] ---[ end trace 9aac9e0f97c69fd5 ]---
[    5.643668] pktcdvd: setup of pktcdvd device failed
[    5.697071] pktcdvd: setup of pktcdvd device failed
[    5.699963] pktcdvd: setup of pktcdvd device failed
[    5.708202] pktcdvd: setup of pktcdvd device failed
[    5.716322] pktcdvd: setup of pktcdvd device failed
[    5.716583] Adding 787176k swap on /dev/vdiska4.  Priority:-2 extents:1 across:787176k FS
[    5.719432] pktcdvd: setup of pktcdvd device failed
[    5.723482] pktcdvd: setup of pktcdvd device failed
[    5.727112] pktcdvd: setup of pktcdvd device failed
[    5.860066] EXT4-fs (vdiska1): mounting ext3 file system using the ext4 subsystem
[    5.868035] EXT4-fs (vdiska1): mounted filesystem with ordered data mode. Opts: (null)
[    5.983316] XFS (dm-0): Mounting V5 Filesystem
[    6.000474] XFS (dm-0): Ending clean mount
[    6.113120] Kernel unaligned access at TPC[832bf8] aa_dfa_unpack+0x38/0x5c0
[    6.113239] Kernel unaligned access at TPC[832c18] aa_dfa_unpack+0x58/0x5c0
[    6.113293] Kernel unaligned access at TPC[832ce4] aa_dfa_unpack+0x124/0x5c0
[    6.113348] Kernel unaligned access at TPC[832dc4] aa_dfa_unpack+0x204/0x5c0
[    6.113400] Kernel unaligned access at TPC[832dd8] aa_dfa_unpack+0x218/0x5c0
[    6.115699] audit: type=1400 audit(1588151484.860:2): apparmor="STATUS" operation="profile_load" profile="unconfined" name="/usr/sbin/haveged" pid=632 comm="apparmor_parser"
[    6.116118] audit: type=1400 audit(1588151484.860:3): apparmor="STATUS" operation="profile_load" profile="unconfined" name="lsb_release" pid=637 comm="apparmor_parser"
[    6.118434] audit: type=1400 audit(1588151484.870:4): apparmor="STATUS" operation="profile_load" profile="unconfined" name="/usr/sbin/named" pid=636 comm="apparmor_parser"
[    6.120127] audit: type=1400 audit(1588151484.870:5): apparmor="STATUS" operation="profile_load" profile="unconfined" name="nvidia_modprobe" pid=633 comm="apparmor_parser"
[    6.120239] audit: type=1400 audit(1588151484.870:6): apparmor="STATUS" operation="profile_load" profile="unconfined" name="nvidia_modprobe//kmod" pid=633 comm="apparmor_parser"
[    6.120500] audit: type=1400 audit(1588151484.870:7): apparmor="STATUS" operation="profile_load" profile="unconfined" name="/usr/sbin/tcpdump" pid=635 comm="apparmor_parser"
[    6.144626] audit: type=1400 audit(1588151484.890:8): apparmor="STATUS" operation="profile_load" profile="unconfined" name="/usr/bin/man" pid=634 comm="apparmor_parser"
[    6.144741] audit: type=1400 audit(1588151484.890:9): apparmor="STATUS" operation="profile_load" profile="unconfined" name="man_filter" pid=634 comm="apparmor_parser"
[    6.144847] audit: type=1400 audit(1588151484.890:10): apparmor="STATUS" operation="profile_load" profile="unconfined" name="man_groff" pid=634 comm="apparmor_parser"
[    6.633758] random: crng init done
[    6.633812] random: 7 urandom warning(s) missed due to ratelimiting
