[    0.000020] PROMLIB: Sun IEEE Boot Prom 'OBP 4.38.12 2018/03/28 14:54'
[    0.000032] PROMLIB: Root node compatible: sun4v
[    0.000088] Linux version 5.9.0-rc2-00191-g24148d8648e3 (mator@ttip) (gcc (Debian 10.2.0-6) 10.2.0, GNU ld (GNU Binutils for Debian) 2.35) #50 SMP Wed Sep 9 14:52:07 MSK 2020
[    0.000432] printk: bootconsole [earlyprom0] enabled
[    0.000486] ARCH: SUN4V
[    0.000535] Ethernet address: 00:14:4f:fa:06:f2
[    0.000590] MM: PAGE_OFFSET is 0xfff8000000000000 (max_phys_bits == 47)
[    0.000654] MM: VMALLOC [0x0000000100000000 --> 0x0006000000000000]
[    0.000716] MM: VMEMMAP [0x0006000000000000 --> 0x000c000000000000]
[    0.012605] Kernel: Using 5 locked TLB entries for main kernel image.
[    0.012677] Remapping the kernel... 
[    0.012699] done.
[    0.045999] OF stdout device is: /virtual-devices@100/console@1
[    0.046076] PROM: Built device tree with 86758 bytes of memory.
[    0.046144] MDESC: Size is 36512 bytes.
[    0.046268] PLATFORM: banner-name [SPARC T5-2]
[    0.046319] PLATFORM: name [ORCL,SPARC-T5-2]
[    0.046365] PLATFORM: hostid [84fa06f2]
[    0.046408] PLATFORM: serial# [0035260e]
[    0.046453] PLATFORM: stick-frequency [3b9aca00]
[    0.046500] PLATFORM: mac-address [144ffa06f2]
[    0.046548] PLATFORM: watchdog-resolution [1000 ms]
[    0.046598] PLATFORM: watchdog-max-timeout [31536000000 ms]
[    0.046657] PLATFORM: max-cpus [1024]
[    0.051421] Allocated 40960 bytes for kernel page tables.
[    0.051513] Zone ranges:
[    0.051554]   Normal   [mem 0x0000000030400000-0x00000024af937fff]
[    0.051616] Movable zone start for each node
[    0.051663] Early memory node ranges
[    0.051703]   node   0: [mem 0x0000000030400000-0x000000006fe7ffff]
[    0.051768]   node   0: [mem 0x000000006ff00000-0x000000006ff25fff]
[    0.051832]   node   0: [mem 0x0000000070000000-0x000000042fffffff]
[    0.051895]   node   0: [mem 0x0000002030000000-0x00000024af87ffff]
[    0.051959]   node   0: [mem 0x00000024af900000-0x00000024af925fff]
[    0.052020]   node   0: [mem 0x00000024af930000-0x00000024af937fff]
[    0.066125] Zeroed struct page in unavailable ranges: 263766 pages
[    0.066133] Initmem setup node 0 [mem 0x0000000030400000-0x00000024af937fff]
[    0.066293] On node 0 totalpages: 4454826
[    0.066303]   Normal zone: 39154 pages used for memmap
[    0.066309]   Normal zone: 0 pages reserved
[    0.066315]   Normal zone: 4454826 pages, LIFO batch:31
[    0.224644] Booting Linux...
[    0.224732] CPU CAPS: [flush,stbar,swap,muldiv,v9,blkinit,n2,mul32]
[    0.224815] CPU CAPS: [div32,v8plus,popc,vis,vis2,ASIBlkInit,fmaf,vis3]
[    0.225895] CPU CAPS: [hpc,ima,pause,cbcond,aes,des,kasumi,camellia]
[    0.225968] CPU CAPS: [md5,sha1,sha256,sha512,mpmul,montmul,montsqr,crc32c]
[    0.255844] percpu: Embedded 28 pages/cpu s184784 r8192 d36400 u262144
[    0.256084] pcpu-alloc: s184784 r8192 d36400 u262144 alloc=1*4194304
[    0.256092] pcpu-alloc: [0] 000 001 002 003 004 005 006 007 008 009 010 011 012 013 014 015 
[    0.256121] pcpu-alloc: [0] 016 017 018 019 020 021 022 023 024 025 026 027 028 029 030 031 
[    0.256150] pcpu-alloc: [0] 032 033 034 035 036 037 038 039 040 041 042 043 044 045 046 047 
[    0.256179] pcpu-alloc: [0] 048 049 050 051 052 053 054 055 056 057 058 059 060 061 062 063 
[    0.256207] pcpu-alloc: [0] 064 065 066 067 068 069 070 071 072 073 074 075 076 077 078 079 
[    0.256236] pcpu-alloc: [0] 080 081 082 083 084 085 086 087 088 089 090 091 092 093 094 095 
[    0.256265] pcpu-alloc: [0] 096 097 098 099 100 101 102 103 104 105 106 107 108 109 110 111 
[    0.256294] pcpu-alloc: [0] 112 113 114 115 116 117 118 119 120 121 122 123 124 125 126 127 
[    0.256743] SUN4V: Mondo queue sizes [cpu(131072) dev(16384) r(8192) nr(256)]
[    0.257118] Built 1 zonelists, mobility grouping on.  Total pages: 4415672
[    0.257189] Policy zone: Normal
[    0.257247] Kernel command line: BOOT_IMAGE=/vmlinux-5.9.0-rc2-00191-g24148d8648e3 root=/dev/vdiska2 ro zswap.enabled=1
[    0.259999] printk: log_buf_len individual max cpu contribution: 4096 bytes
[    0.260079] printk: log_buf_len total cpu_extra contributions: 520192 bytes
[    0.260144] printk: log_buf_len min size: 131072 bytes
[    0.261426] printk: log_buf_len: 1048576 bytes
[    0.261479] printk: early log buf free: 126688(96%)
[    0.267859] Dentry cache hash table entries: 8388608 (order: 13, 67108864 bytes, linear)
[    0.271168] Inode-cache hash table entries: 4194304 (order: 12, 33554432 bytes, linear)
[    0.271263] Sorting __ex_table...
[    0.271507] mem auto-init: stack:off, heap alloc:off, heap free:off
[    0.378137] Memory: 35127728K/35638608K available (8317K kernel code, 1094K rwdata, 2480K rodata, 680K init, 6856K bss, 510880K reserved, 0K cma-reserved)
[    0.378834] SLUB: HWalign=32, Order=0-3, MinObjects=0, CPUs=128, Nodes=32
[    0.379124] ftrace: allocating 23108 entries in 46 pages
[    0.387828] ftrace: allocated 46 pages with 4 groups
[    0.390813] Running RCU self tests
[    0.391229] rcu: Hierarchical RCU implementation.
[    0.391282] rcu: 	RCU event tracing is enabled.
[    0.391329] rcu: 	RCU lockdep checking is enabled.
[    0.391381] 	Trampoline variant of Tasks RCU enabled.
[    0.391432] 	Rude variant of Tasks RCU enabled.
[    0.391479] 	Tracing variant of Tasks RCU enabled.
[    0.391530] rcu: RCU calculated value of scheduler-enlistment delay is 10 jiffies.
[    0.396012] NR_IRQS: 2048, nr_irqs: 2048, preallocated irqs: 1
[    0.396092] SUN4V: Using IRQ API major 3, cookie only virqs enabled
[    0.398716] clocksource: stick: mask: 0xffffffffffffffff max_cycles: 0x1cd42e4dffb, max_idle_ns: 881590591483 ns
[    0.398850] clocksource: mult[800000] shift[23]
[    0.398900] clockevent: mult[80000000] shift[31]
[    0.399306] Console: colour dummy device 80x25
[    0.399371] printk: console [tty0] enabled
[    0.399452] printk: bootconsole [earlyprom0] disabled
[    0.399540] Lock dependency validator: Copyright (c) 2006 Red Hat, Inc., Ingo Molnar
[    0.399596] ... MAX_LOCKDEP_SUBCLASSES:  8
[    0.399630] ... MAX_LOCK_DEPTH:          48
[    0.399664] ... MAX_LOCKDEP_KEYS:        8192
[    0.399699] ... CLASSHASH_SIZE:          4096
[    0.399734] ... MAX_LOCKDEP_ENTRIES:     16384
[    0.399770] ... MAX_LOCKDEP_CHAINS:      32768
[    0.399806] ... CHAINHASH_SIZE:          16384
[    0.399843]  memory used by lock dependency info: 3919 kB
[    0.399884]  memory used for stack traces: 2112 kB
[    0.399923]  per task-struct memory footprint: 1920 bytes
[    0.549410] Calibrating delay using timer specific routine.. 2010.93 BogoMIPS (lpj=10054693)
[    0.549488] pid_max: default: 131072 minimum: 1024
[    0.549782] LSM: Security Framework initializing
[    0.549962] AppArmor: AppArmor initialized
[    0.550248] Mount-cache hash table entries: 131072 (order: 7, 1048576 bytes, linear)
[    0.550420] Mountpoint-cache hash table entries: 131072 (order: 7, 1048576 bytes, linear)
[    0.556008] rcu: Hierarchical SRCU implementation.
[    0.565677] smp: Bringing up secondary CPUs ...
[    0.615582] smp: Brought up 1 node, 32 CPUs
[    0.621823] devtmpfs: initialized
[    0.627243] Performance events: 
[    0.627284] Testing NMI watchdog ... 
[    0.827370] OK.
[    0.827494] Supported PMU type is 'niagara5'
[    0.827700] random: get_random_u32 called from bucket_table_alloc.isra.0+0x198/0x1c0 with crng_init=0
[    0.828362] ldc.c:v1.1 (July 22, 2008)
[    0.831582] clocksource: jiffies: mask: 0xffffffff max_cycles: 0xffffffff, max_idle_ns: 19112604462750000 ns
[    0.831684] futex hash table entries: 32768 (order: 9, 4194304 bytes, linear)
[    0.837530] NET: Registered protocol family 16
[    0.847373] VIO: Adding device channel-devices (tx_ino = ffffffffffffffff, rx_ino = ffffffffffffffff)
[    0.847635] VIO: Adding device vnet-port-0-0 (tx_ino = 0, rx_ino = 1)
[    0.847867] VIO: Adding device vnet-port-0-1 (tx_ino = 2, rx_ino = 3)
[    0.848061] VIO: Adding device vnet-port-0-2 (tx_ino = 4, rx_ino = 5)
[    0.848251] VIO: Adding device vnet-port-0-3 (tx_ino = 6, rx_ino = 7)
[    0.848448] VIO: Adding device vnet-port-0-4 (tx_ino = 8, rx_ino = 9)
[    0.848639] VIO: Adding device vnet-port-0-5 (tx_ino = a, rx_ino = b)
[    0.848828] VIO: Adding device vdc-port-2-0 (tx_ino = c, rx_ino = d)
[    0.849024] VIO: Adding device vdc-port-1-0 (tx_ino = e, rx_ino = f)
[    0.849214] VIO: Adding device vdc-port-0-0 (tx_ino = 10, rx_ino = 11)
[    0.849404] VIO: Adding device vdc-port-3-0 (tx_ino = 12, rx_ino = 13)
[    0.849599] VIO: Adding device vlds-port-0-0 (tx_ino = 14, rx_ino = 15)
[    0.849793] VIO: Adding device domain-services-port-0 (tx_ino = 14, rx_ino = 15)
[    0.850115] audit: initializing netlink subsys (disabled)
[    0.850447] audit: type=2000 audit(0.250:1): state=initialized audit_enabled=0 res=1
[    0.883489] HugeTLB registered 64.0 KiB page size, pre-allocated 0 pages
[    0.883550] HugeTLB registered 8.00 MiB page size, pre-allocated 0 pages
[    0.883601] HugeTLB registered 256 MiB page size, pre-allocated 0 pages
[    0.883651] HugeTLB registered 2.00 GiB page size, pre-allocated 0 pages
[    0.886185] alg: extra crypto tests enabled.  This is intended for developer use only.
[    0.915265] cryptd: max_cpu_qlen set to 1000
[    1.037365] vgaarb: loaded
[    1.038991] NetLabel: Initializing
[    1.039025] NetLabel:  domain hash size = 128
[    1.039062] NetLabel:  protocols = UNLABELED CIPSOv4 CALIPSO
[    1.039191] NetLabel:  unlabeled traffic allowed by default
[    1.040279] SUN4V: Reboot data supported (maj=1,min=0).
[    1.040700] ds.c:v1.0 (Jul 11, 2007)
[    1.041085] ds-0: ds_conn_reset() from send_events
[    1.041549] clocksource: Switched to clocksource stick
[    1.269984] VFS: Disk quotas dquot_6.6.0
[    1.270129] VFS: Dquot-cache hash table entries: 1024 (order 0, 8192 bytes)
[    1.272586] AppArmor: AppArmor Filesystem Enabled
[    1.287853] NET: Registered protocol family 2
[    1.289865] tcp_listen_portaddr_hash hash table entries: 32768 (order: 8, 2621440 bytes, linear)
[    1.292811] TCP established hash table entries: 524288 (order: 9, 4194304 bytes, linear)
[    1.295284] TCP bind hash table entries: 65536 (order: 9, 4718592 bytes, linear)
[    1.300852] TCP: Hash tables configured (established 524288 bind 65536)
[    1.303599] UDP hash table entries: 32768 (order: 9, 5242880 bytes, linear)
[    1.309877] UDP-Lite hash table entries: 32768 (order: 9, 5242880 bytes, linear)
[    1.318442] NET: Registered protocol family 1
[    1.318511] NET: Registered protocol family 44
[    1.318574] PCI: CLS 0 bytes, default 64
[    1.319307] Trying to unpack rootfs image as initramfs...
[    1.531582] Freeing initrd memory: 14664K
[    1.532617] aes_sparc64: Using sparc64 aes opcodes optimized AES implementation
[    2.214185] des_sparc64: Using sparc64 des opcodes optimized DES implementation
[    3.242212] camellia_sparc64: Using sparc64 camellia opcodes optimized CAMELLIA implementation
[    3.707705] workingset: timestamp_bits=41 max_order=23 bucket_order=0
[    3.730312] zbud: loaded
[    3.734578] SGI XFS with ACLs, security attributes, quota, fatal assert, debug enabled
[    3.765155] Block layer SCSI generic (bsg) driver version 0.4 loaded (major 252)
[    3.766166] io scheduler mq-deadline registered
[    3.769623] f029b788: ttyHV0 at I/O 0x0 (irq = 1, base_baud = 115200) is a SUN4V HCONS
[    3.770694] printk: console [ttyHV0] enabled
[    3.775677] sunvdc.c:v1.2 (November 24, 2014)
[    3.779599] sunvdc: Virtual Hard disk vdiskc
[    3.779643] sunvdc: vdiskc: 104857600 sectors (51200 MB) protocol 1.2
[    3.804739] sunvdc: Virtual Hard disk vdiskb
[    3.804791] sunvdc: vdiskb: 62914560 sectors (30720 MB) protocol 1.2
[    3.806791]  vdiskb: vdiskb1
[    3.830056] sunvdc: Virtual Hard disk vdiska
[    3.830101] sunvdc: vdiska: 31457280 sectors (15360 MB) protocol 1.2
[    3.832125]  vdiska: vdiska1 vdiska2 vdiska3 vdiska4
[    3.857616] sunvdc: Virtual CDROM vdiskd
[    3.857666] sunvdc: vdiskd: 453848 sectors (221 MB) protocol 1.2
[    3.859546]  vdiskd: vdiskd1 vdiskd2 vdiskd3 vdiskd4 vdiskd5 vdiskd6 vdiskd7
[    3.881697] sunvnet: sunvnet 2.0 (February 3, 2017)
[    3.884497] vnet_port vnet-port-0-0 eth0: Sun LDOM vnet 00:14:4f:f8:12:a3
[    3.884738] sunvnet: eth0: PORT ( remote-mac 00:14:4f:fa:f3:f0 switch-port )
[    3.885416] sunvnet: eth0: PORT ( remote-mac 00:14:4f:f8:e5:f3 )
[    3.886076] sunvnet: eth0: PORT ( remote-mac 00:14:4f:f9:b4:97 )
[    3.886741] sunvnet: eth0: PORT ( remote-mac 00:14:4f:f8:3f:1e )
[    3.887412] sunvnet: eth0: PORT ( remote-mac 00:14:4f:f8:fe:47 )
[    3.888071] sunvnet: eth0: PORT ( remote-mac 00:14:4f:fb:b5:00 )
[    3.889716] rtc-sun4v rtc-sun4v: registered as rtc0
[    3.889857] rtc-sun4v rtc-sun4v: setting system clock to 2020-09-09T12:55:56 UTC (1599656156)
[    3.890470] sun4v_wdt: initialized (timeout=60s, nowayout=0)
[    3.890860] device-mapper: uevent: version 1.0.3
[    3.891955] device-mapper: ioctl: 4.42.0-ioctl (2020-02-27) initialised: dm-devel@redhat.com
[    3.893019] NET: Registered protocol family 17
[    3.893432] registered taskstats version 1
[    3.894419] zswap: loaded using pool lzo/zbud
[    3.895990] AppArmor: AppArmor sha1 policy hashing enabled
[    3.901745] This architecture does not have kernel memory protection.
[    3.901808] Run /init as init process
[    3.901844]   with arguments:
[    3.901851]     /init
[    3.901858]   with environment:
[    3.901866]     HOME=/
[    3.901873]     TERM=linux
[    3.901880]     BOOT_IMAGE=/vmlinux-5.9.0-rc2-00191-g24148d8648e3
[    4.441594] random: fast init done
[    4.444140] random: lvm: uninitialized urandom read (4 bytes read)
[    4.458210] crc32c_sparc64: Using sparc64 crc32c opcode optimized CRC32C implementation
[    4.513263] random: lvm: uninitialized urandom read (2 bytes read)
[    5.301499] raid6: int64x8  gen()  2152 MB/s
[    5.471500] raid6: int64x8  xor()  1518 MB/s
[    5.641491] raid6: int64x4  gen()  3383 MB/s
[    5.811499] raid6: int64x4  xor()  1458 MB/s
[    5.981500] raid6: int64x2  gen()  2907 MB/s
[    6.151498] raid6: int64x2  xor()  1057 MB/s
[    6.321506] raid6: int64x1  gen()  1417 MB/s
[    6.491518] raid6: int64x1  xor()   710 MB/s
[    6.491569] raid6: using algorithm int64x4 gen() 3383 MB/s
[    6.491620] raid6: .... xor() 1458 MB/s, rmw enabled
[    6.491663] raid6: using intx1 recovery algorithm
[    6.492649] async_tx: api initialized (async)
[    6.493193] xor: automatically using best checksumming function   Niagara   
[    6.815541] EXT4-fs (vdiska2): mounted filesystem with ordered data mode. Opts: (null)
[    7.064757] systemd[1]: Inserted module 'autofs4'
[    7.076877] NET: Registered protocol family 10
[    7.084497] Segment Routing with IPv6
[    7.105702] systemd[1]: systemd 246.4-1 running in system mode. (+PAM +AUDIT +SELINUX +IMA +APPARMOR +SMACK +SYSVINIT +UTMP +LIBCRYPTSETUP +GCRYPT +GNUTLS +ACL +XZ +LZ4 +ZSTD -SECCOMP +BLKID +ELFUTILS +KMOD +IDN2 -IDN +PCRE2 default-hierarchy=hybrid)
[    7.106338] systemd[1]: Detected architecture sparc64.
[    7.221948] systemd[1]: Set hostname to <ttip>.
[    7.346652] random: lvmconfig: uninitialized urandom read (4 bytes read)
[    7.690276] systemd[1]: Queued start job for default target Multi-User System.
[    7.691052] random: systemd: uninitialized urandom read (16 bytes read)
[    7.739575] systemd[1]: Created slice system-getty.slice.
[    7.740376] random: systemd: uninitialized urandom read (16 bytes read)
[    7.751981] systemd[1]: Created slice system-modprobe.slice.
[    7.763119] systemd[1]: Created slice system-openvpn\x2dclient.slice.
[    7.807562] systemd[1]: Created slice system-postfix.slice.
[    7.819610] systemd[1]: Created slice system-systemd\x2dfsck.slice.
[    7.831263] systemd[1]: Created slice User and Session Slice.
[    7.832400] systemd[1]: Started Dispatch Password Requests to Console Directory Watch.
[    7.833319] systemd[1]: Started Forward Password Requests to Wall Directory Watch.
[    7.836486] systemd[1]: Set up automount Arbitrary Executable File Formats File System Automount Point.
[    7.837138] systemd[1]: Reached target Local Encrypted Volumes.
[    7.837702] systemd[1]: Reached target Paths.
[    7.838215] systemd[1]: Reached target Slices.
[    7.839275] systemd[1]: Listening on Device-mapper event daemon FIFOs.
[    7.840434] systemd[1]: Listening on LVM2 poll daemon socket.
[    7.889448] systemd[1]: Listening on RPCbind Server Activation Socket.
[    7.892087] systemd[1]: Listening on Syslog Socket.
[    7.893271] systemd[1]: Listening on fsck to fsckd communication Socket.
[    7.894133] systemd[1]: Listening on initctl Compatibility Named Pipe.
[    7.895420] systemd[1]: Listening on Journal Audit Socket.
[    7.896518] systemd[1]: Listening on Journal Socket (/dev/log).
[    7.897877] systemd[1]: Listening on Journal Socket.
[    7.899201] systemd[1]: Listening on udev Control Socket.
[    7.900219] systemd[1]: Listening on udev Kernel Socket.
[    7.916835] systemd[1]: Mounting Huge Pages File System...
[    7.934746] systemd[1]: Mounting POSIX Message Queue File System...
[    8.011340] systemd[1]: Mounting RPC Pipe File System...
[    8.029104] systemd[1]: Mounting Kernel Debug File System...
[    8.046985] systemd[1]: Mounting Kernel Trace File System...
[    8.047959] systemd[1]: Condition check resulted in Kernel Module supporting RPCSEC_GSS being skipped.
[    8.049417] systemd[1]: Finished Availability of block devices.
[    8.067338] systemd[1]: Starting Wait for network to be configured by ifupdown...
[    8.075784] RPC: Registered named UNIX socket transport module.
[    8.075859] RPC: Registered udp transport module.
[    8.075903] RPC: Registered tcp transport module.
[    8.075947] RPC: Registered tcp NFSv4.1 backchannel transport module.
[    8.084882] systemd[1]: Starting Create list of static device nodes for the current kernel...
[    8.101292] systemd[1]: Starting Monitoring of LVM2 mirrors, snapshots etc. using dmeventd or progress polling...
[    8.118469] systemd[1]: Starting Load Kernel Module drm...
[    8.135149] systemd[1]: Starting nftables...
[    8.137197] systemd[1]: Condition check resulted in Set Up Additional Binary Formats being skipped.
[    8.137471] systemd[1]: Condition check resulted in File System Check on Root Device being skipped.
[    8.159445] systemd[1]: Starting Journal Service...
[    8.178234] systemd[1]: Starting Load Kernel Modules...
[    8.197380] systemd[1]: Starting Remount Root and Kernel File Systems...
[    8.220679] systemd[1]: Starting Coldplug All udev Devices...
[    8.237262] systemd[1]: Mounted Huge Pages File System.
[    8.239452] systemd[1]: Mounted POSIX Message Queue File System.
[    8.241610] systemd[1]: Mounted RPC Pipe File System.
[    8.243729] systemd[1]: Mounted Kernel Debug File System.
[    8.245752] systemd[1]: Mounted Kernel Trace File System.
[    8.256251] systemd[1]: Finished Wait for network to be configured by ifupdown.
[    8.265177] systemd[1]: Finished Create list of static device nodes for the current kernel.
[    8.265495] EXT4-fs (vdiska2): re-mounted. Opts: errors=remount-ro
[    8.273945] systemd[1]: modprobe@drm.service: Succeeded.
[    8.280414] systemd[1]: Finished Load Kernel Module drm.
[    8.284066] systemd[1]: Started Journal Service.
[    9.051760] sha1_sparc64: Using sparc64 sha1 opcode optimized SHA-1 implementation
[    9.059110] n2rng v0.3 (Jan 7, 2017)
[    9.059218] n2rng f029b104: Registered RNG HVAPI major 2 minor 0
[    9.059317] n2rng f029b104: Found multi-unit-capable RNG, units: 2
[    9.060658] n2rng f029b104: RNG ready
[    9.097841] pktcdvd: setup of pktcdvd device failed
[    9.156595] pktcdvd: setup of pktcdvd device failed
[    9.161189] pktcdvd: setup of pktcdvd device failed
[    9.165403] pktcdvd: setup of pktcdvd device failed
[    9.170150] pktcdvd: setup of pktcdvd device failed
[    9.174896] pktcdvd: setup of pktcdvd device failed
[    9.179262] pktcdvd: setup of pktcdvd device failed
[    9.183376] pktcdvd: setup of pktcdvd device failed
[    9.421982] Adding 787176k swap on /dev/vdiska4.  Priority:-2 extents:1 across:787176k FS
[    9.448937] XFS (dm-0): Mounting V5 Filesystem
[    9.473807] XFS (dm-0): Ending clean mount
[    9.478408] xfs filesystem being mounted at /1 supports timestamps until 2038 (0x7fffffff)
[    9.501796] EXT4-fs (vdiska1): mounting ext3 file system using the ext4 subsystem
[    9.516083] EXT4-fs (vdiska1): mounted filesystem with ordered data mode. Opts: (null)
[    9.516269] ext3 filesystem being mounted at /boot supports timestamps until 2038 (0x7fffffff)
[    9.615565] sha256_sparc64: Using sparc64 sha256 opcode optimized SHA-256/SHA-224 implementation
[    9.650804] Kernel unaligned access at TPC[8d3bfc] aa_dfa_unpack+0x3c/0x640
[    9.650945] Kernel unaligned access at TPC[8d3c10] aa_dfa_unpack+0x50/0x640
[    9.651024] Kernel unaligned access at TPC[8d3cd4] aa_dfa_unpack+0x114/0x640
[    9.651105] Kernel unaligned access at TPC[8d3da4] aa_dfa_unpack+0x1e4/0x640
[    9.651183] Kernel unaligned access at TPC[8d3db8] aa_dfa_unpack+0x1f8/0x640
[    9.654440] audit: type=1400 audit(1599656162.260:2): apparmor="STATUS" operation="profile_load" profile="unconfined" name="/usr/sbin/haveged" pid=659 comm="apparmor_parser"
[    9.660599] audit: type=1400 audit(1599656162.260:3): apparmor="STATUS" operation="profile_load" profile="unconfined" name="named" pid=669 comm="apparmor_parser"
[    9.662143] audit: type=1400 audit(1599656162.270:4): apparmor="STATUS" operation="profile_load" profile="unconfined" name="lsb_release" pid=670 comm="apparmor_parser"
[    9.663422] audit: type=1400 audit(1599656162.270:5): apparmor="STATUS" operation="profile_load" profile="unconfined" name="nvidia_modprobe" pid=665 comm="apparmor_parser"
[    9.663574] audit: type=1400 audit(1599656162.270:6): apparmor="STATUS" operation="profile_load" profile="unconfined" name="nvidia_modprobe//kmod" pid=665 comm="apparmor_parser"
[    9.665269] audit: type=1400 audit(1599656162.270:7): apparmor="STATUS" operation="profile_load" profile="unconfined" name="tcpdump" pid=668 comm="apparmor_parser"
[    9.682890] audit: type=1400 audit(1599656162.290:8): apparmor="STATUS" operation="profile_load" profile="unconfined" name="/usr/bin/man" pid=666 comm="apparmor_parser"
[    9.683050] audit: type=1400 audit(1599656162.290:9): apparmor="STATUS" operation="profile_load" profile="unconfined" name="man_filter" pid=666 comm="apparmor_parser"
[    9.683204] audit: type=1400 audit(1599656162.290:10): apparmor="STATUS" operation="profile_load" profile="unconfined" name="man_groff" pid=666 comm="apparmor_parser"
[   10.010563] sha512_sparc64: Using sparc64 sha512 opcode optimized SHA-512/SHA-384 implementation
[   10.012622] md5_sparc64: Using sparc64 md5 opcode optimized MD5 implementation
[   10.307548] random: crng init done
[   10.307604] random: 5 urandom warning(s) missed due to ratelimiting
