[    0.000017] PROMLIB: Sun IEEE Boot Prom 'OBP 4.38.12 2018/03/28 14:54'
[    0.000029] PROMLIB: Root node compatible: sun4v
[    0.000074] Linux version 5.2.0-08396-gfa6e951a2a44 (mator@ttip) (gcc version 9.3.0 (Debian 9.3.0-11)) #84 SMP Tue Apr 28 12:16:26 MSK 2020
[    0.000379] printk: bootconsole [earlyprom0] enabled
[    0.000431] ARCH: SUN4V
[    0.000481] Ethernet address: 00:14:4f:fa:06:f2
[    0.000532] MM: PAGE_OFFSET is 0xfff8000000000000 (max_phys_bits == 47)
[    0.000598] MM: VMALLOC [0x0000000100000000 --> 0x0006000000000000]
[    0.000659] MM: VMEMMAP [0x0006000000000000 --> 0x000c000000000000]
[    0.012949] Kernel: Using 5 locked TLB entries for main kernel image.
[    0.013018] Remapping the kernel... 
[    0.013044] done.
[    0.045975] OF stdout device is: /virtual-devices@100/console@1
[    0.046040] PROM: Built device tree with 86230 bytes of memory.
[    0.046101] MDESC: Size is 36512 bytes.
[    0.046215] PLATFORM: banner-name [SPARC T5-2]
[    0.046266] PLATFORM: name [ORCL,SPARC-T5-2]
[    0.046311] PLATFORM: hostid [84fa06f2]
[    0.046355] PLATFORM: serial# [0035260e]
[    0.046396] PLATFORM: stick-frequency [3b9aca00]
[    0.046445] PLATFORM: mac-address [144ffa06f2]
[    0.046491] PLATFORM: watchdog-resolution [1000 ms]
[    0.046541] PLATFORM: watchdog-max-timeout [31536000000 ms]
[    0.046597] PLATFORM: max-cpus [1024]
[    0.046683] Top of RAM: 0x24af938000, Total RAM: 0x87f354000
[    0.046743] Memory hole size: 115461MB
[    0.051337] Allocated 40960 bytes for kernel page tables.
[    0.051420] Zone ranges:
[    0.051459]   Normal   [mem 0x0000000030400000-0x00000024af937fff]
[    0.051523] Movable zone start for each node
[    0.051568] Early memory node ranges
[    0.051609]   node   0: [mem 0x0000000030400000-0x000000006fe7ffff]
[    0.051669]   node   0: [mem 0x000000006ff00000-0x000000006ff25fff]
[    0.051730]   node   0: [mem 0x0000000070000000-0x000000042fffffff]
[    0.051791]   node   0: [mem 0x0000002030000000-0x00000024af87ffff]
[    0.051850]   node   0: [mem 0x00000024af900000-0x00000024af925fff]
[    0.051910]   node   0: [mem 0x00000024af930000-0x00000024af937fff]
[    0.059270] Zeroed struct page in unavailable ranges: 230130 pages
[    0.059278] Initmem setup node 0 [mem 0x0000000030400000-0x00000024af937fff]
[    0.059436] On node 0 totalpages: 4454826
[    0.059445]   Normal zone: 39154 pages used for memmap
[    0.059451]   Normal zone: 0 pages reserved
[    0.059456]   Normal zone: 4454826 pages, LIFO batch:31
[    0.067107] Booting Linux...
[    0.067189] CPU CAPS: [flush,stbar,swap,muldiv,v9,blkinit,n2,mul32]
[    0.067274] CPU CAPS: [div32,v8plus,popc,vis,vis2,ASIBlkInit,fmaf,vis3]
[    0.067354] CPU CAPS: [hpc,ima,pause,cbcond,aes,des,kasumi,camellia]
[    0.067425] CPU CAPS: [md5,sha1,sha256,sha512,mpmul,montmul,montsqr,crc32c]
[    0.096998] percpu: Embedded 27 pages/cpu s180168 r8192 d32824 u262144
[    0.097211] pcpu-alloc: s180168 r8192 d32824 u262144 alloc=1*4194304
[    0.097218] pcpu-alloc: [0] 000 001 002 003 004 005 006 007 008 009 010 011 012 013 014 015 
[    0.097245] pcpu-alloc: [0] 016 017 018 019 020 021 022 023 024 025 026 027 028 029 030 031 
[    0.097272] pcpu-alloc: [0] 032 033 034 035 036 037 038 039 040 041 042 043 044 045 046 047 
[    0.097299] pcpu-alloc: [0] 048 049 050 051 052 053 054 055 056 057 058 059 060 061 062 063 
[    0.097326] pcpu-alloc: [0] 064 065 066 067 068 069 070 071 072 073 074 075 076 077 078 079 
[    0.097353] pcpu-alloc: [0] 080 081 082 083 084 085 086 087 088 089 090 091 092 093 094 095 
[    0.097379] pcpu-alloc: [0] 096 097 098 099 100 101 102 103 104 105 106 107 108 109 110 111 
[    0.097406] pcpu-alloc: [0] 112 113 114 115 116 117 118 119 120 121 122 123 124 125 126 127 
[    0.097838] SUN4V: Mondo queue sizes [cpu(131072) dev(16384) r(8192) nr(256)]
[    0.098205] Built 1 zonelists, mobility grouping on.  Total pages: 4415672
[    0.098292] Kernel command line: BOOT_IMAGE=/vmlinux-5.2.0-08396-gfa6e951a2a44 root=/dev/vdiska2 ro zswap.enabled=1
[    0.100598] printk: log_buf_len individual max cpu contribution: 4096 bytes
[    0.100668] printk: log_buf_len total cpu_extra contributions: 520192 bytes
[    0.100735] printk: log_buf_len min size: 131072 bytes
[    0.101005] printk: log_buf_len: 1048576 bytes
[    0.101056] printk: early log buf free: 126664(96%)
[    0.107373] Dentry cache hash table entries: 8388608 (order: 13, 67108864 bytes, linear)
[    0.110608] Inode-cache hash table entries: 4194304 (order: 12, 33554432 bytes, linear)
[    0.110684] Sorting __ex_table...
[    0.110909] mem auto-init: stack:off, heap alloc:off, heap free:off
[    0.168761] Memory: 1305232K/35638608K available (7339K kernel code, 959K rwdata, 2152K rodata, 688K init, 6667K bss, 508320K reserved, 0K cma-reserved)
[    0.169458] SLUB: HWalign=32, Order=0-3, MinObjects=0, CPUs=128, Nodes=1
[    0.169755] ftrace: allocating 21074 entries in 42 pages
[    0.180477] Running RCU self tests
[    0.180522] rcu: Hierarchical RCU implementation.
[    0.180570] rcu: 	RCU event tracing is enabled.
[    0.180620] rcu: 	RCU lockdep checking is enabled.
[    0.180669] 	Tasks RCU enabled.
[    0.180707] rcu: RCU calculated value of scheduler-enlistment delay is 10 jiffies.
[    0.184848] NR_IRQS: 2048, nr_irqs: 2048, preallocated irqs: 1
[    0.184925] SUN4V: Using IRQ API major 3, cookie only virqs enabled
[    0.187370] clocksource: stick: mask: 0xffffffffffffffff max_cycles: 0x1cd42e4dffb, max_idle_ns: 881590591483 ns
[    0.187500] clocksource: mult[800000] shift[23]
[    0.187549] clockevent: mult[80000000] shift[31]
[    0.188069] Console: colour dummy device 80x25
[    0.188132] printk: console [tty0] enabled
[    0.188207] printk: bootconsole [earlyprom0] disabled
[    0.188294] Lock dependency validator: Copyright (c) 2006 Red Hat, Inc., Ingo Molnar
[    0.188342] ... MAX_LOCKDEP_SUBCLASSES:  8
[    0.188372] ... MAX_LOCK_DEPTH:          48
[    0.188402] ... MAX_LOCKDEP_KEYS:        8192
[    0.188433] ... CLASSHASH_SIZE:          4096
[    0.188463] ... MAX_LOCKDEP_ENTRIES:     16384
[    0.188494] ... MAX_LOCKDEP_CHAINS:      32768
[    0.188525] ... CHAINHASH_SIZE:          16384
[    0.188557]  memory used by lock dependency info: 3855 kB
[    0.188592]  per task-struct memory footprint: 1920 bytes
[    0.337766] Calibrating delay using timer specific routine.. 2003.83 BogoMIPS (lpj=10019191)
[    0.337823] pid_max: default: 131072 minimum: 1024
[    0.338078] LSM: Security Framework initializing
[    0.338312] AppArmor: AppArmor initialized
[    0.338585] Mount-cache hash table entries: 131072 (order: 7, 1048576 bytes, linear)
[    0.338751] Mountpoint-cache hash table entries: 131072 (order: 7, 1048576 bytes, linear)
[    0.339554] *** VALIDATE proc ***
[    0.340032] *** VALIDATE cgroup1 ***
[    0.340064] *** VALIDATE cgroup2 ***
[    0.342064] rcu: Hierarchical SRCU implementation.
[    0.349542] smp: Bringing up secondary CPUs ...
[    0.391523] smp: Brought up 1 node, 32 CPUs
[    0.582538] node 0 initialised, 4228132 pages in 190ms
[    0.584026] devtmpfs: initialized
[    0.588519] Performance events: 
[    0.588562] Testing NMI watchdog ... 
[    0.788632] OK.
[    0.788733] Supported PMU type is 'niagara5'
[    0.788917] random: get_random_u32 called from bucket_table_alloc.isra.0+0x188/0x1c0 with crng_init=0
[    0.789523] ldc.c:v1.1 (July 22, 2008)
[    0.791856] clocksource: jiffies: mask: 0xffffffff max_cycles: 0xffffffff, max_idle_ns: 19112604462750000 ns
[    0.791945] futex hash table entries: 32768 (order: 9, 4194304 bytes, linear)
[    0.796901] NET: Registered protocol family 16
[    0.804584] VIO: Adding device channel-devices (tx_ino = ffffffffffffffff, rx_ino = ffffffffffffffff)
[    0.804781] VIO: Adding device vnet-port-0-0 (tx_ino = 0, rx_ino = 1)
[    0.804974] VIO: Adding device vnet-port-0-1 (tx_ino = 2, rx_ino = 3)
[    0.805134] VIO: Adding device vnet-port-0-2 (tx_ino = 4, rx_ino = 5)
[    0.805293] VIO: Adding device vnet-port-0-3 (tx_ino = 6, rx_ino = 7)
[    0.805457] VIO: Adding device vnet-port-0-4 (tx_ino = 8, rx_ino = 9)
[    0.805616] VIO: Adding device vnet-port-0-5 (tx_ino = a, rx_ino = b)
[    0.805775] VIO: Adding device vdc-port-2-0 (tx_ino = c, rx_ino = d)
[    0.805937] VIO: Adding device vdc-port-1-0 (tx_ino = e, rx_ino = f)
[    0.806096] VIO: Adding device vdc-port-0-0 (tx_ino = 10, rx_ino = 11)
[    0.806255] VIO: Adding device vdc-port-3-0 (tx_ino = 12, rx_ino = 13)
[    0.806419] VIO: Adding device vlds-port-0-0 (tx_ino = 14, rx_ino = 15)
[    0.806581] VIO: Adding device domain-services-port-0 (tx_ino = 14, rx_ino = 15)
[    0.806847] audit: initializing netlink subsys (disabled)
[    0.807093] audit: type=2000 audit(0.420:1): state=initialized audit_enabled=0 res=1
[    0.830601] HugeTLB registered 64.0 KiB page size, pre-allocated 0 pages
[    0.830650] HugeTLB registered 8.00 MiB page size, pre-allocated 0 pages
[    0.830695] HugeTLB registered 256 MiB page size, pre-allocated 0 pages
[    0.830740] HugeTLB registered 2.00 GiB page size, pre-allocated 0 pages
[    0.832315] alg: extra crypto tests enabled.  This is intended for developer use only.
[    0.857692] cryptd: max_cpu_qlen set to 1000
[    0.888350] alg: No test for lzo-rle (lzo-rle-generic)
[    0.888783] alg: No test for lzo-rle (lzo-rle-scomp)
[    0.940094] NetLabel: Initializing
[    0.940124] NetLabel:  domain hash size = 128
[    0.940156] NetLabel:  protocols = UNLABELED CIPSOv4 CALIPSO
[    0.940286] NetLabel:  unlabeled traffic allowed by default
[    0.941232] SUN4V: Reboot data supported (maj=1,min=0).
[    0.941585] ds.c:v1.0 (Jul 11, 2007)
[    0.941915] ds-0: ds_conn_reset() from send_events.isra.0
[    0.943363] clocksource: Switched to clocksource stick
[    1.136100] VFS: Disk quotas dquot_6.6.0
[    1.136235] VFS: Dquot-cache hash table entries: 1024 (order 0, 8192 bytes)
[    1.136453] *** VALIDATE hugetlbfs ***
[    1.138018] AppArmor: AppArmor Filesystem Enabled
[    1.150333] NET: Registered protocol family 2
[    1.152096] tcp_listen_portaddr_hash hash table entries: 32768 (order: 8, 2359296 bytes, linear)
[    1.155135] TCP established hash table entries: 524288 (order: 9, 4194304 bytes, linear)
[    1.157091] TCP bind hash table entries: 65536 (order: 9, 4194304 bytes, linear)
[    1.163180] TCP: Hash tables configured (established 524288 bind 65536)
[    1.165623] UDP hash table entries: 32768 (order: 9, 5242880 bytes, linear)
[    1.171819] UDP-Lite hash table entries: 32768 (order: 9, 5242880 bytes, linear)
[    1.179689] NET: Registered protocol family 1
[    1.179750] NET: Registered protocol family 44
[    1.181123] Trying to unpack rootfs image as initramfs...
[    1.374985] Freeing initrd memory: 14760K
[    1.375674] aes_sparc64: Using sparc64 aes opcodes optimized AES implementation
[    1.644308] des_sparc64: Using sparc64 des opcodes optimized DES implementation
[    2.113955] camellia_sparc64: Using sparc64 camellia opcodes optimized CAMELLIA implementation
[    2.293797] workingset: timestamp_bits=46 max_order=23 bucket_order=0
[    2.311494] zbud: loaded
[    2.313698] SGI XFS with ACLs, security attributes, debug enabled
[    2.333733] Block layer SCSI generic (bsg) driver version 0.4 loaded (major 252)
[    2.334520] io scheduler mq-deadline registered
[    2.337155] f029b788: ttyHV0 at I/O 0x0 (irq = 1, base_baud = 115200) is a SUN4V HCONS
[    2.343905] printk: console [ttyHV0] enabled
[    2.347278] sunvdc.c:v1.2 (November 24, 2014)
[    2.348900] sunvdc: Virtual Hard disk vdiskc
[    2.348938] sunvdc: vdiskc: 104857600 sectors (51200 MB) protocol 1.2
[    2.367836] sunvdc: Virtual Hard disk vdiskb
[    2.367876] sunvdc: vdiskb: 62914560 sectors (30720 MB) protocol 1.2
[    2.368490]  vdiskb: vdiskb1
[    2.386356] sunvdc: Virtual Hard disk vdiska
[    2.386396] sunvdc: vdiska: 31457280 sectors (15360 MB) protocol 1.2
[    2.387025]  vdiska: vdiska1 vdiska2 vdiska3 vdiska4
[    2.405831] sunvdc: Virtual CDROM vdiskd
[    2.405882] sunvdc: vdiskd: 453848 sectors (221 MB) protocol 1.2
[    2.406674]  vdiskd: vdiskd1 vdiskd2 vdiskd3 vdiskd4 vdiskd5 vdiskd6 vdiskd7
[    2.424800] sunvnet: sunvnet 2.0 (February 3, 2017)
[    2.426817] vnet_port vnet-port-0-0 eth0: Sun LDOM vnet 00:14:4f:f8:12:a3
[    2.427023] sunvnet: eth0: PORT ( remote-mac 00:14:4f:fa:f3:f0 switch-port )
[    2.427357] sunvnet: eth0: PORT ( remote-mac 00:14:4f:f8:e5:f3 )
[    2.427691] sunvnet: eth0: PORT ( remote-mac 00:14:4f:f9:b4:97 )
[    2.428021] sunvnet: eth0: PORT ( remote-mac 00:14:4f:f8:3f:1e )
[    2.428343] sunvnet: eth0: PORT ( remote-mac 00:14:4f:f8:fe:47 )
[    2.428666] sunvnet: eth0: PORT ( remote-mac 00:14:4f:f9:8b:83 )
[    2.429827] rtc-sun4v rtc-sun4v: registered as rtc0
[    2.430347] sun4v_wdt: initialized (timeout=60s, nowayout=0)
[    2.430587] device-mapper: uevent: version 1.0.3
[    2.431280] device-mapper: ioctl: 4.40.0-ioctl (2019-01-18) initialised: dm-devel@redhat.com
[    2.432161] NET: Registered protocol family 17
[    2.433209] registered taskstats version 1
[    2.434072] zswap: loaded using pool lzo/zbud
[    2.613628] Key type big_key registered
[    2.613693] AppArmor: AppArmor sha1 policy hashing enabled
[    2.614431] rtc-sun4v rtc-sun4v: setting system clock to 2020-04-28T09:34:03 UTC (1588066443)
[    2.618301] This architecture does not have kernel memory protection.
[    2.618349] Run /init as init process
[    3.108910] crc32c_sparc64: Using sparc64 crc32c opcode optimized CRC32C implementation
[    3.693337] raid6: int64x8  gen()  2194 MB/s
[    3.863310] raid6: int64x8  xor()  1575 MB/s
[    4.033331] raid6: int64x4  gen()  3469 MB/s
[    4.203314] raid6: int64x4  xor()  2013 MB/s
[    4.373322] raid6: int64x2  gen()  2896 MB/s
[    4.543327] raid6: int64x2  xor()  2001 MB/s
[    4.713331] raid6: int64x1  gen()  2795 MB/s
[    4.883320] raid6: int64x1  xor()  1657 MB/s
[    4.883357] raid6: using algorithm int64x4 gen() 3469 MB/s
[    4.883398] raid6: .... xor() 2013 MB/s, rmw enabled
[    4.883435] raid6: using intx1 recovery algorithm
[    4.884235] async_tx: api initialized (async)
[    4.884720] xor: automatically using best checksumming function   Niagara   
[    4.956223] random: fast init done
[    5.175090] EXT4-fs (vdiska2): mounted filesystem with ordered data mode. Opts: (null)
[    6.519953] systemd[1]: Inserted module 'autofs4'
[    6.531761] NET: Registered protocol family 10
[    6.536578] Segment Routing with IPv6
[    6.565176] systemd[1]: systemd 245.5-2 running in system mode. (+PAM +AUDIT +SELINUX +IMA +APPARMOR +SMACK +SYSVINIT +UTMP +LIBCRYPTSETUP +GCRYPT +GNUTLS +ACL +XZ +LZ4 -SECCOMP +BLKID +ELFUTILS +KMOD +IDN2 -IDN +PCRE2 default-hierarchy=hybrid)
[    6.565792] systemd[1]: Detected architecture sparc64.
[    6.591006] systemd[1]: Set hostname to <ttip>.
[    7.235487] random: lvmconfig: uninitialized urandom read (4 bytes read)
[    7.851472] systemd[1]: /lib/systemd/system/dbus.socket:5: ListenStream= references a path below legacy directory /var/run/, updating /var/run/dbus/system_bus_socket â†’ /run/dbus/system_bus_socket; please update the unit file accordingly.
[    8.050430] random: systemd: uninitialized urandom read (16 bytes read)
[    8.059079] systemd[1]: Created slice system-getty.slice.
[    8.059762] random: systemd: uninitialized urandom read (16 bytes read)
[    8.063217] systemd[1]: Created slice system-modprobe.slice.
[    8.068058] systemd[1]: Created slice system-openvpn\x2dclient.slice.
[    8.073094] systemd[1]: Created slice system-postfix.slice.
[    8.077031] systemd[1]: Created slice system-systemd\x2dfsck.slice.
[    8.080858] systemd[1]: Created slice User and Session Slice.
[    8.081739] systemd[1]: Started Dispatch Password Requests to Console Directory Watch.
[    8.082544] systemd[1]: Started Forward Password Requests to Wall Directory Watch.
[    8.084639] systemd[1]: Set up automount Arbitrary Executable File Formats File System Automount Point.
[    8.085187] systemd[1]: Reached target Local Encrypted Volumes.
[    8.085657] systemd[1]: Reached target Paths.
[    8.086086] systemd[1]: Reached target Remote File Systems.
[    8.086526] systemd[1]: Reached target Slices.
[    8.087408] systemd[1]: Listening on Device-mapper event daemon FIFOs.
[    8.088454] systemd[1]: Listening on LVM2 poll daemon socket.
[    8.106634] systemd[1]: Listening on Syslog Socket.
[    8.107607] systemd[1]: Listening on fsck to fsckd communication Socket.
[    8.108363] systemd[1]: Listening on initctl Compatibility Named Pipe.
[    8.109556] systemd[1]: Listening on Journal Audit Socket.
[    8.110594] systemd[1]: Listening on Journal Socket (/dev/log).
[    8.111738] systemd[1]: Listening on Journal Socket.
[    8.112789] systemd[1]: Listening on udev Control Socket.
[    8.114426] systemd[1]: Listening on udev Kernel Socket.
[    8.123247] systemd[1]: Mounting Huge Pages File System...
[    8.131950] systemd[1]: Mounting POSIX Message Queue File System...
[    8.140906] systemd[1]: Mounting Kernel Debug File System...
[    8.151746] systemd[1]: Mounting Kernel Trace File System...
[    8.161755] systemd[1]: Starting Availability of block devices...
[    8.171289] systemd[1]: Starting Wait for network to be configured by ifupdown...
[    8.180126] systemd[1]: Starting Create list of static device nodes for the current kernel...
[    8.188445] systemd[1]: Starting Monitoring of LVM2 mirrors, snapshots etc. using dmeventd or progress polling...
[    8.197296] systemd[1]: Starting Load Kernel Module drm...
[    8.205830] systemd[1]: Starting nftables...
[    8.215999] systemd[1]: Condition check resulted in Set Up Additional Binary Formats being skipped.
[    8.216333] systemd[1]: Condition check resulted in File System Check on Root Device being skipped.
[    8.231660] systemd[1]: Starting Journal Service...
[    8.243964] systemd[1]: Starting Load Kernel Modules...
[    8.254538] systemd[1]: Starting Remount Root and Kernel File Systems...
[    8.266436] systemd[1]: Starting udev Coldplug all Devices...
[    8.275311] systemd[1]: Mounted Huge Pages File System.
[    8.277125] systemd[1]: Mounted POSIX Message Queue File System.
[    8.278686] systemd[1]: Mounted Kernel Debug File System.
[    8.280110] systemd[1]: Mounted Kernel Trace File System.
[    8.288012] systemd[1]: Finished Availability of block devices.
[    8.294752] systemd[1]: Finished Wait for network to be configured by ifupdown.
[    8.300877] systemd[1]: Finished Create list of static device nodes for the current kernel.
[    8.303843] systemd[1]: modprobe@drm.service: Succeeded.
[    8.307925] systemd[1]: Finished Load Kernel Module drm.
[    8.314223] systemd[1]: Finished Load Kernel Modules.
[    8.316454] systemd[1]: Condition check resulted in FUSE Control File System being skipped.
[    8.316818] systemd[1]: Condition check resulted in Kernel Configuration File System being skipped.
[    8.325058] systemd[1]: Starting Apply Kernel Variables...
[    8.333616] EXT4-fs (vdiska2): re-mounted. Opts: errors=remount-ro
[    8.364053] systemd[1]: Finished Remount Root and Kernel File Systems.
[    8.409209] systemd[1]: Starting Initial Check File System Quotas...
[    8.428399] systemd[1]: Condition check resulted in Rebuild Hardware Database being skipped.
[    8.428699] systemd[1]: Condition check resulted in Platform Persistent Storage Archival being skipped.
[    8.436801] systemd[1]: Starting Load/Save Random Seed...
[    8.445746] systemd[1]: Starting Create System Users...
[    8.447538] systemd[1]: Started Journal Service.
[    8.514876] systemd-journald[545]: Received client request to flush runtime journal.
[    9.552701] sha1_sparc64: Using sparc64 sha1 opcode optimized SHA-1 implementation
[    9.637036] n2rng v0.3 (Jan 7, 2017)
[    9.637140] n2rng f029b104: Registered RNG HVAPI major 2 minor 0
[    9.637235] n2rng f029b104: Found multi-unit-capable RNG, units: 2
[    9.638367] n2rng f029b104: RNG ready
[    9.732278] sha256_sparc64: Using sparc64 sha256 opcode optimized SHA-256/SHA-224 implementation
[    9.887526] sha512_sparc64: Using sparc64 sha512 opcode optimized SHA-512/SHA-384 implementation
[    9.898870] md5_sparc64: Using sparc64 md5 opcode optimized MD5 implementation
[   10.032554] XFS (dm-0): Mounting V5 Filesystem
[   12.319621] XFS (dm-0): Ending clean mount
[   99.023001] Kernel unaligned access at TPC[85d538] aa_dfa_unpack+0x38/0x5c0
[   99.023124] Kernel unaligned access at TPC[85d558] aa_dfa_unpack+0x58/0x5c0
[   99.023191] Kernel unaligned access at TPC[85d620] aa_dfa_unpack+0x120/0x5c0
[   99.023262] Kernel unaligned access at TPC[85d700] aa_dfa_unpack+0x200/0x5c0
[   99.023426] Kernel unaligned access at TPC[85d714] aa_dfa_unpack+0x214/0x5c0
[   99.517449] random: crng init done
[   99.517499] random: 7 urandom warning(s) missed due to ratelimiting
