[    0.000020] PROMLIB: Sun IEEE Boot Prom 'OBP 4.38.12 2018/03/28 14:54'
[    0.000033] PROMLIB: Root node compatible: sun4v
[    0.000081] Linux version 5.9.0-rc2-00010-g99dc56feb793 (mator@ttip) (gcc (Debian 10.2.0-6) 10.2.0, GNU ld (GNU Binutils for Debian) 2.35) #61 SMP Thu Sep 10 14:24:06 MSK 2020
[    0.000423] printk: bootconsole [earlyprom0] enabled
[    0.000474] ARCH: SUN4V
[    0.000524] Ethernet address: 00:14:4f:fa:06:f2
[    0.000577] MM: PAGE_OFFSET is 0xfff8000000000000 (max_phys_bits == 47)
[    0.000641] MM: VMALLOC [0x0000000100000000 --> 0x0006000000000000]
[    0.000705] MM: VMEMMAP [0x0006000000000000 --> 0x000c000000000000]
[    0.012730] Kernel: Using 5 locked TLB entries for main kernel image.
[    0.012801] Remapping the kernel... 
[    0.012824] done.
[    0.045997] OF stdout device is: /virtual-devices@100/console@1
[    0.046066] PROM: Built device tree with 86758 bytes of memory.
[    0.046126] MDESC: Size is 36512 bytes.
[    0.046246] PLATFORM: banner-name [SPARC T5-2]
[    0.046295] PLATFORM: name [ORCL,SPARC-T5-2]
[    0.046344] PLATFORM: hostid [84fa06f2]
[    0.046386] PLATFORM: serial# [0035260e]
[    0.046431] PLATFORM: stick-frequency [3b9aca00]
[    0.046478] PLATFORM: mac-address [144ffa06f2]
[    0.046527] PLATFORM: watchdog-resolution [1000 ms]
[    0.046576] PLATFORM: watchdog-max-timeout [31536000000 ms]
[    0.046632] PLATFORM: max-cpus [1024]
[    0.051387] Allocated 40960 bytes for kernel page tables.
[    0.051480] Zone ranges:
[    0.051520]   Normal   [mem 0x0000000030400000-0x00000024af937fff]
[    0.051586] Movable zone start for each node
[    0.051631] Early memory node ranges
[    0.051672]   node   0: [mem 0x0000000030400000-0x000000006fe7ffff]
[    0.051736]   node   0: [mem 0x000000006ff00000-0x000000006ff25fff]
[    0.051796]   node   0: [mem 0x0000000070000000-0x000000042fffffff]
[    0.051858]   node   0: [mem 0x0000002030000000-0x00000024af87ffff]
[    0.051921]   node   0: [mem 0x00000024af900000-0x00000024af925fff]
[    0.051982]   node   0: [mem 0x00000024af930000-0x00000024af937fff]
[    0.066116] Zeroed struct page in unavailable ranges: 263766 pages
[    0.066125] Initmem setup node 0 [mem 0x0000000030400000-0x00000024af937fff]
[    0.066285] On node 0 totalpages: 4454826
[    0.066296]   Normal zone: 39154 pages used for memmap
[    0.066301]   Normal zone: 0 pages reserved
[    0.066308]   Normal zone: 4454826 pages, LIFO batch:31
[    0.225118] Booting Linux...
[    0.225206] CPU CAPS: [flush,stbar,swap,muldiv,v9,blkinit,n2,mul32]
[    0.225288] CPU CAPS: [div32,v8plus,popc,vis,vis2,ASIBlkInit,fmaf,vis3]
[    0.226369] CPU CAPS: [hpc,ima,pause,cbcond,aes,des,kasumi,camellia]
[    0.226443] CPU CAPS: [md5,sha1,sha256,sha512,mpmul,montmul,montsqr,crc32c]
[    0.256312] percpu: Embedded 28 pages/cpu s184784 r8192 d36400 u262144
[    0.256540] pcpu-alloc: s184784 r8192 d36400 u262144 alloc=1*4194304
[    0.256547] pcpu-alloc: [0] 000 001 002 003 004 005 006 007 008 009 010 011 012 013 014 015 
[    0.256576] pcpu-alloc: [0] 016 017 018 019 020 021 022 023 024 025 026 027 028 029 030 031 
[    0.256604] pcpu-alloc: [0] 032 033 034 035 036 037 038 039 040 041 042 043 044 045 046 047 
[    0.256632] pcpu-alloc: [0] 048 049 050 051 052 053 054 055 056 057 058 059 060 061 062 063 
[    0.256660] pcpu-alloc: [0] 064 065 066 067 068 069 070 071 072 073 074 075 076 077 078 079 
[    0.256687] pcpu-alloc: [0] 080 081 082 083 084 085 086 087 088 089 090 091 092 093 094 095 
[    0.256715] pcpu-alloc: [0] 096 097 098 099 100 101 102 103 104 105 106 107 108 109 110 111 
[    0.256743] pcpu-alloc: [0] 112 113 114 115 116 117 118 119 120 121 122 123 124 125 126 127 
[    0.257191] SUN4V: Mondo queue sizes [cpu(131072) dev(16384) r(8192) nr(256)]
[    0.257565] Built 1 zonelists, mobility grouping on.  Total pages: 4415672
[    0.257634] Policy zone: Normal
[    0.257692] Kernel command line: BOOT_IMAGE=/vmlinux-5.9.0-rc2-00010-g99dc56feb793 root=/dev/vdiska2 ro zswap.enabled=1
[    0.260493] printk: log_buf_len individual max cpu contribution: 4096 bytes
[    0.260565] printk: log_buf_len total cpu_extra contributions: 520192 bytes
[    0.260634] printk: log_buf_len min size: 131072 bytes
[    0.260907] printk: log_buf_len: 1048576 bytes
[    0.260959] printk: early log buf free: 126688(96%)
[    0.267272] Dentry cache hash table entries: 8388608 (order: 13, 67108864 bytes, linear)
[    0.270508] Inode-cache hash table entries: 4194304 (order: 12, 33554432 bytes, linear)
[    0.270584] Sorting __ex_table...
[    0.270811] mem auto-init: stack:off, heap alloc:off, heap free:off
[    0.377324] Memory: 35127744K/35638608K available (8316K kernel code, 1094K rwdata, 2480K rodata, 680K init, 6856K bss, 510864K reserved, 0K cma-reserved)
[    0.377999] SLUB: HWalign=32, Order=0-3, MinObjects=0, CPUs=128, Nodes=32
[    0.378279] ftrace: allocating 23110 entries in 46 pages
[    0.387044] ftrace: allocated 46 pages with 4 groups
[    0.390070] Running RCU self tests
[    0.390488] rcu: Hierarchical RCU implementation.
[    0.390542] rcu: 	RCU event tracing is enabled.
[    0.390592] rcu: 	RCU lockdep checking is enabled.
[    0.390642] 	Trampoline variant of Tasks RCU enabled.
[    0.390693] 	Rude variant of Tasks RCU enabled.
[    0.390741] 	Tracing variant of Tasks RCU enabled.
[    0.390792] rcu: RCU calculated value of scheduler-enlistment delay is 10 jiffies.
[    0.395238] NR_IRQS: 2048, nr_irqs: 2048, preallocated irqs: 1
[    0.395319] SUN4V: Using IRQ API major 3, cookie only virqs enabled
[    0.397953] clocksource: stick: mask: 0xffffffffffffffff max_cycles: 0x1cd42e4dffb, max_idle_ns: 881590591483 ns
[    0.398086] clocksource: mult[800000] shift[23]
[    0.398136] clockevent: mult[80000000] shift[31]
[    0.398538] Console: colour dummy device 80x25
[    0.398602] printk: console [tty0] enabled
[    0.398682] printk: bootconsole [earlyprom0] disabled
[    0.398774] Lock dependency validator: Copyright (c) 2006 Red Hat, Inc., Ingo Molnar
[    0.398828] ... MAX_LOCKDEP_SUBCLASSES:  8
[    0.398861] ... MAX_LOCK_DEPTH:          48
[    0.398894] ... MAX_LOCKDEP_KEYS:        8192
[    0.398928] ... CLASSHASH_SIZE:          4096
[    0.398962] ... MAX_LOCKDEP_ENTRIES:     16384
[    0.398996] ... MAX_LOCKDEP_CHAINS:      32768
[    0.399031] ... CHAINHASH_SIZE:          16384
[    0.399065]  memory used by lock dependency info: 3919 kB
[    0.399104]  memory used for stack traces: 2112 kB
[    0.399140]  per task-struct memory footprint: 1920 bytes
[    0.548514] Calibrating delay using timer specific routine.. 2007.62 BogoMIPS (lpj=10038138)
[    0.548591] pid_max: default: 131072 minimum: 1024
[    0.548879] LSM: Security Framework initializing
[    0.549053] AppArmor: AppArmor initialized
[    0.549334] Mount-cache hash table entries: 131072 (order: 7, 1048576 bytes, linear)
[    0.549504] Mountpoint-cache hash table entries: 131072 (order: 7, 1048576 bytes, linear)
[    0.554901] rcu: Hierarchical SRCU implementation.
[    0.564154] smp: Bringing up secondary CPUs ...
[    0.612575] smp: Brought up 1 node, 32 CPUs
[    0.618496] devtmpfs: initialized
[    0.623841] Performance events: 
[    0.623887] Testing NMI watchdog ... 
[    0.823972] OK.
[    0.824152] Supported PMU type is 'niagara5'
[    0.824363] random: get_random_u32 called from bucket_table_alloc.isra.0+0x198/0x1c0 with crng_init=0
[    0.824977] ldc.c:v1.1 (July 22, 2008)
[    0.827761] clocksource: jiffies: mask: 0xffffffff max_cycles: 0xffffffff, max_idle_ns: 19112604462750000 ns
[    0.827858] futex hash table entries: 32768 (order: 9, 4194304 bytes, linear)
[    0.833621] NET: Registered protocol family 16
[    0.843402] VIO: Adding device channel-devices (tx_ino = ffffffffffffffff, rx_ino = ffffffffffffffff)
[    0.843635] VIO: Adding device vnet-port-0-0 (tx_ino = 0, rx_ino = 1)
[    0.843856] VIO: Adding device vnet-port-0-1 (tx_ino = 2, rx_ino = 3)
[    0.844046] VIO: Adding device vnet-port-0-2 (tx_ino = 4, rx_ino = 5)
[    0.844288] VIO: Adding device vnet-port-0-3 (tx_ino = 6, rx_ino = 7)
[    0.844488] VIO: Adding device vnet-port-0-4 (tx_ino = 8, rx_ino = 9)
[    0.844677] VIO: Adding device vnet-port-0-5 (tx_ino = a, rx_ino = b)
[    0.844870] VIO: Adding device vdc-port-2-0 (tx_ino = c, rx_ino = d)
[    0.845058] VIO: Adding device vdc-port-1-0 (tx_ino = e, rx_ino = f)
[    0.845246] VIO: Adding device vdc-port-0-0 (tx_ino = 10, rx_ino = 11)
[    0.845438] VIO: Adding device vdc-port-3-0 (tx_ino = 12, rx_ino = 13)
[    0.845626] VIO: Adding device vlds-port-0-0 (tx_ino = 14, rx_ino = 15)
[    0.845816] VIO: Adding device domain-services-port-0 (tx_ino = 14, rx_ino = 15)
[    0.846129] audit: initializing netlink subsys (disabled)
[    0.846421] audit: type=2000 audit(0.440:1): state=initialized audit_enabled=0 res=1
[    0.879294] HugeTLB registered 64.0 KiB page size, pre-allocated 0 pages
[    0.879352] HugeTLB registered 8.00 MiB page size, pre-allocated 0 pages
[    0.879403] HugeTLB registered 256 MiB page size, pre-allocated 0 pages
[    0.879452] HugeTLB registered 2.00 GiB page size, pre-allocated 0 pages
[    0.881962] alg: extra crypto tests enabled.  This is intended for developer use only.
[    0.910783] cryptd: max_cpu_qlen set to 1000
[    1.026733] vgaarb: loaded
[    1.028267] NetLabel: Initializing
[    1.028300] NetLabel:  domain hash size = 128
[    1.028336] NetLabel:  protocols = UNLABELED CIPSOv4 CALIPSO
[    1.028464] NetLabel:  unlabeled traffic allowed by default
[    1.029482] SUN4V: Reboot data supported (maj=1,min=0).
[    1.029897] ds.c:v1.0 (Jul 11, 2007)
[    1.030277] ds-0: ds_conn_reset() from send_events
[    1.031754] clocksource: Switched to clocksource stick
[    1.252216] VFS: Disk quotas dquot_6.6.0
[    1.252362] VFS: Dquot-cache hash table entries: 1024 (order 0, 8192 bytes)
[    1.254742] AppArmor: AppArmor Filesystem Enabled
[    1.269238] NET: Registered protocol family 2
[    1.271211] tcp_listen_portaddr_hash hash table entries: 32768 (order: 8, 2621440 bytes, linear)
[    1.274181] TCP established hash table entries: 524288 (order: 9, 4194304 bytes, linear)
[    1.276594] TCP bind hash table entries: 65536 (order: 9, 4718592 bytes, linear)
[    1.282210] TCP: Hash tables configured (established 524288 bind 65536)
[    1.284774] UDP hash table entries: 32768 (order: 9, 5242880 bytes, linear)
[    1.291186] UDP-Lite hash table entries: 32768 (order: 9, 5242880 bytes, linear)
[    1.299747] NET: Registered protocol family 1
[    1.299824] NET: Registered protocol family 44
[    1.299885] PCI: CLS 0 bytes, default 64
[    1.300537] Trying to unpack rootfs image as initramfs...
[    1.508472] Freeing initrd memory: 14648K
[    1.509302] aes_sparc64: Using sparc64 aes opcodes optimized AES implementation
[    2.169031] des_sparc64: Using sparc64 des opcodes optimized DES implementation
[    3.199352] camellia_sparc64: Using sparc64 camellia opcodes optimized CAMELLIA implementation
[    3.666142] workingset: timestamp_bits=41 max_order=23 bucket_order=0
[    3.688809] zbud: loaded
[    3.693015] SGI XFS with ACLs, security attributes, quota, fatal assert, debug enabled
[    3.723329] Block layer SCSI generic (bsg) driver version 0.4 loaded (major 252)
[    3.724460] io scheduler mq-deadline registered
[    3.728046] f029b788: ttyHV0 at I/O 0x0 (irq = 1, base_baud = 115200) is a SUN4V HCONS
[    3.729092] printk: console [ttyHV0] enabled
[    3.734722] sunvdc.c:v1.2 (November 24, 2014)
[    3.738256] sunvdc: Virtual Hard disk vdiskc
[    3.738300] sunvdc: vdiskc: 104857600 sectors (51200 MB) protocol 1.2
[    3.762694] sunvdc: Virtual Hard disk vdiskb
[    3.762748] sunvdc: vdiskb: 62914560 sectors (30720 MB) protocol 1.2
[    3.764228]  vdiskb: vdiskb1
[    3.787251] sunvdc: Virtual Hard disk vdiska
[    3.787306] sunvdc: vdiska: 31457280 sectors (15360 MB) protocol 1.2
[    3.788817]  vdiska: vdiska1 vdiska2 vdiska3 vdiska4
[    3.813025] sunvdc: Virtual CDROM vdiskd
[    3.813086] sunvdc: vdiskd: 453848 sectors (221 MB) protocol 1.2
[    3.814560]  vdiskd: vdiskd1 vdiskd2 vdiskd3 vdiskd4 vdiskd5 vdiskd6 vdiskd7
[    3.836224] sunvnet: sunvnet 2.0 (February 3, 2017)
[    3.839059] vnet_port vnet-port-0-0 eth0: Sun LDOM vnet 00:14:4f:f8:12:a3
[    3.839308] sunvnet: eth0: PORT ( remote-mac 00:14:4f:fa:f3:f0 switch-port )
[    3.840006] sunvnet: eth0: PORT ( remote-mac 00:14:4f:f8:e5:f3 )
[    3.840699] sunvnet: eth0: PORT ( remote-mac 00:14:4f:f9:b4:97 )
[    3.841381] sunvnet: eth0: PORT ( remote-mac 00:14:4f:f8:3f:1e )
[    3.842153] sunvnet: eth0: PORT ( remote-mac 00:14:4f:f8:fe:47 )
[    3.842805] sunvnet: eth0: PORT ( remote-mac 00:14:4f:fb:b5:00 )
[    3.844396] rtc-sun4v rtc-sun4v: registered as rtc0
[    3.844547] rtc-sun4v rtc-sun4v: setting system clock to 2020-09-10T11:27:51 UTC (1599737271)
[    3.845146] sun4v_wdt: initialized (timeout=60s, nowayout=0)
[    3.845534] device-mapper: uevent: version 1.0.3
[    3.846585] device-mapper: ioctl: 4.42.0-ioctl (2020-02-27) initialised: dm-devel@redhat.com
[    3.847622] NET: Registered protocol family 17
[    3.848029] registered taskstats version 1
[    3.849054] zswap: loaded using pool lzo/zbud
[    3.850626] AppArmor: AppArmor sha1 policy hashing enabled
[    3.856312] This architecture does not have kernel memory protection.
[    3.856375] Run /init as init process
[    3.856410]   with arguments:
[    3.856417]     /init
[    3.856424]   with environment:
[    3.856431]     HOME=/
[    3.856437]     TERM=linux
[    3.856444]     BOOT_IMAGE=/vmlinux-5.9.0-rc2-00010-g99dc56feb793
[    4.378881] crc32c_sparc64: Using sparc64 crc32c opcode optimized CRC32C implementation
[    4.392001] random: lvm: uninitialized urandom read (4 bytes read)
[    4.453754] random: lvm: uninitialized urandom read (2 bytes read)
[    5.321706] raid6: int64x8  gen()  2150 MB/s
[    5.491702] raid6: int64x8  xor()  1520 MB/s
[    5.661700] raid6: int64x4  gen()  3389 MB/s
[    5.831713] raid6: int64x4  xor()  1460 MB/s
[    6.001709] raid6: int64x2  gen()  2912 MB/s
[    6.171728] raid6: int64x2  xor()  1129 MB/s
[    6.341713] raid6: int64x1  gen()  1427 MB/s
[    6.511723] raid6: int64x1  xor()   711 MB/s
[    6.511776] raid6: using algorithm int64x4 gen() 3389 MB/s
[    6.511820] raid6: .... xor() 1460 MB/s, rmw enabled
[    6.511861] raid6: using intx1 recovery algorithm
[    6.512778] async_tx: api initialized (async)
[    6.513319] xor: automatically using best checksumming function   Niagara   
[    6.636402] random: fast init done
[    6.844456] EXT4-fs (vdiska2): mounted filesystem with ordered data mode. Opts: (null)
[    7.092595] systemd[1]: Inserted module 'autofs4'
[    7.104620] NET: Registered protocol family 10
[    7.111964] Segment Routing with IPv6
[    7.132162] systemd[1]: systemd 246.4-1 running in system mode. (+PAM +AUDIT +SELINUX +IMA +APPARMOR +SMACK +SYSVINIT +UTMP +LIBCRYPTSETUP +GCRYPT +GNUTLS +ACL +XZ +LZ4 +ZSTD -SECCOMP +BLKID +ELFUTILS +KMOD +IDN2 -IDN +PCRE2 default-hierarchy=hybrid)
[    7.132806] systemd[1]: Detected architecture sparc64.
[    7.219072] systemd[1]: Set hostname to <ttip>.
[    7.332327] random: lvmconfig: uninitialized urandom read (4 bytes read)
[    7.681902] systemd[1]: Queued start job for default target Multi-User System.
[    7.682783] random: systemd: uninitialized urandom read (16 bytes read)
[    7.730420] systemd[1]: Created slice system-getty.slice.
[    7.731292] random: systemd: uninitialized urandom read (16 bytes read)
[    7.742987] systemd[1]: Created slice system-modprobe.slice.
[    7.754007] systemd[1]: Created slice system-openvpn\x2dclient.slice.
[    7.797153] systemd[1]: Created slice system-postfix.slice.
[    7.809052] systemd[1]: Created slice system-systemd\x2dfsck.slice.
[    7.820652] systemd[1]: Created slice User and Session Slice.
[    7.821796] systemd[1]: Started Dispatch Password Requests to Console Directory Watch.
[    7.822690] systemd[1]: Started Forward Password Requests to Wall Directory Watch.
[    7.825818] systemd[1]: Set up automount Arbitrary Executable File Formats File System Automount Point.
[    7.826468] systemd[1]: Reached target Local Encrypted Volumes.
[    7.827014] systemd[1]: Reached target Paths.
[    7.827521] systemd[1]: Reached target Slices.
[    7.828567] systemd[1]: Listening on Device-mapper event daemon FIFOs.
[    7.829928] systemd[1]: Listening on LVM2 poll daemon socket.
[    7.878119] systemd[1]: Listening on RPCbind Server Activation Socket.
[    7.880835] systemd[1]: Listening on Syslog Socket.
[    7.882142] systemd[1]: Listening on fsck to fsckd communication Socket.
[    7.882987] systemd[1]: Listening on initctl Compatibility Named Pipe.
[    7.884275] systemd[1]: Listening on Journal Audit Socket.
[    7.885360] systemd[1]: Listening on Journal Socket (/dev/log).
[    7.886664] systemd[1]: Listening on Journal Socket.
[    7.887990] systemd[1]: Listening on udev Control Socket.
[    7.888995] systemd[1]: Listening on udev Kernel Socket.
[    7.905842] systemd[1]: Mounting Huge Pages File System...
[    7.923558] systemd[1]: Mounting POSIX Message Queue File System...
[    8.001459] systemd[1]: Mounting RPC Pipe File System...
[    8.019080] systemd[1]: Mounting Kernel Debug File System...
[    8.036989] systemd[1]: Mounting Kernel Trace File System...
[    8.037956] systemd[1]: Condition check resulted in Kernel Module supporting RPCSEC_GSS being skipped.
[    8.039404] systemd[1]: Finished Availability of block devices.
[    8.057230] systemd[1]: Starting Wait for network to be configured by ifupdown...
[    8.064097] RPC: Registered named UNIX socket transport module.
[    8.064173] RPC: Registered udp transport module.
[    8.064216] RPC: Registered tcp transport module.
[    8.064258] RPC: Registered tcp NFSv4.1 backchannel transport module.
[    8.075173] systemd[1]: Starting Create list of static device nodes for the current kernel...
[    8.092249] systemd[1]: Starting Monitoring of LVM2 mirrors, snapshots etc. using dmeventd or progress polling...
[    8.109347] systemd[1]: Starting Load Kernel Module drm...
[    8.126039] systemd[1]: Starting nftables...
[    8.128184] systemd[1]: Condition check resulted in Set Up Additional Binary Formats being skipped.
[    8.128425] systemd[1]: Condition check resulted in File System Check on Root Device being skipped.
[    8.150507] systemd[1]: Starting Journal Service...
[    8.169235] systemd[1]: Starting Load Kernel Modules...
[    8.188324] systemd[1]: Starting Remount Root and Kernel File Systems...
[    8.207534] systemd[1]: Starting Coldplug All udev Devices...
[    8.221260] systemd[1]: Mounted Huge Pages File System.
[    8.223165] systemd[1]: Mounted POSIX Message Queue File System.
[    8.224754] systemd[1]: Mounted RPC Pipe File System.
[    8.226371] systemd[1]: Mounted Kernel Debug File System.
[    8.227966] systemd[1]: Mounted Kernel Trace File System.
[    8.236361] systemd[1]: Finished Wait for network to be configured by ifupdown.
[    8.244109] systemd[1]: Finished Create list of static device nodes for the current kernel.
[    8.247888] systemd[1]: modprobe@drm.service: Succeeded.
[    8.254446] systemd[1]: Finished Load Kernel Module drm.
[    8.256288] EXT4-fs (vdiska2): re-mounted. Opts: errors=remount-ro
[    8.260819] systemd[1]: Started Journal Service.
[    8.930967] sha1_sparc64: Using sparc64 sha1 opcode optimized SHA-1 implementation
[    8.934931] n2rng v0.3 (Jan 7, 2017)
[    8.935084] n2rng f029b104: Registered RNG HVAPI major 2 minor 0
[    8.935248] n2rng f029b104: Found multi-unit-capable RNG, units: 2
[    8.936076] n2rng f029b104: RNG ready
[    8.983941] pktcdvd: setup of pktcdvd device failed
[    9.043330] pktcdvd: setup of pktcdvd device failed
[    9.049554] pktcdvd: setup of pktcdvd device failed
[    9.053952] pktcdvd: setup of pktcdvd device failed
[    9.057859] pktcdvd: setup of pktcdvd device failed
[    9.062321] pktcdvd: setup of pktcdvd device failed
[    9.066610] pktcdvd: setup of pktcdvd device failed
[    9.070341] pktcdvd: setup of pktcdvd device failed
[    9.221908] Adding 787176k swap on /dev/vdiska4.  Priority:-2 extents:1 across:787176k FS
[    9.309231] EXT4-fs (vdiska1): mounting ext3 file system using the ext4 subsystem
[    9.323430] EXT4-fs (vdiska1): mounted filesystem with ordered data mode. Opts: (null)
[    9.323623] ext3 filesystem being mounted at /boot supports timestamps until 2038 (0x7fffffff)
[    9.349815] XFS (dm-0): Mounting V5 Filesystem
[    9.455554] XFS (dm-0): Ending clean mount
[    9.459805] xfs filesystem being mounted at /1 supports timestamps until 2038 (0x7fffffff)
[    9.515539] sha256_sparc64: Using sparc64 sha256 opcode optimized SHA-256/SHA-224 implementation
[    9.595105] Kernel unaligned access at TPC[8d3a5c] aa_dfa_unpack+0x3c/0x640
[    9.595322] Kernel unaligned access at TPC[8d3a70] aa_dfa_unpack+0x50/0x640
[    9.595452] Kernel unaligned access at TPC[8d3b34] aa_dfa_unpack+0x114/0x640
[    9.595588] Kernel unaligned access at TPC[8d3c04] aa_dfa_unpack+0x1e4/0x640
[    9.595717] Kernel unaligned access at TPC[8d3c18] aa_dfa_unpack+0x1f8/0x640
[    9.598433] audit: type=1400 audit(1599737277.240:2): apparmor="STATUS" operation="profile_load" profile="unconfined" name="lsb_release" pid=667 comm="apparmor_parser"
[    9.600883] audit: type=1400 audit(1599737277.240:3): apparmor="STATUS" operation="profile_load" profile="unconfined" name="/usr/sbin/haveged" pid=659 comm="apparmor_parser"
[    9.602355] audit: type=1400 audit(1599737277.250:4): apparmor="STATUS" operation="profile_load" profile="unconfined" name="named" pid=665 comm="apparmor_parser"
[    9.609980] audit: type=1400 audit(1599737277.250:5): apparmor="STATUS" operation="profile_load" profile="unconfined" name="tcpdump" pid=664 comm="apparmor_parser"
[    9.611220] audit: type=1400 audit(1599737277.250:6): apparmor="STATUS" operation="profile_load" profile="unconfined" name="nvidia_modprobe" pid=662 comm="apparmor_parser"
[    9.611367] audit: type=1400 audit(1599737277.250:7): apparmor="STATUS" operation="profile_load" profile="unconfined" name="nvidia_modprobe//kmod" pid=662 comm="apparmor_parser"
[    9.623380] audit: type=1400 audit(1599737277.270:8): apparmor="STATUS" operation="profile_load" profile="unconfined" name="/usr/bin/man" pid=663 comm="apparmor_parser"
[    9.623543] audit: type=1400 audit(1599737277.270:9): apparmor="STATUS" operation="profile_load" profile="unconfined" name="man_filter" pid=663 comm="apparmor_parser"
[    9.623692] audit: type=1400 audit(1599737277.270:10): apparmor="STATUS" operation="profile_load" profile="unconfined" name="man_groff" pid=663 comm="apparmor_parser"
[    9.950313] sha512_sparc64: Using sparc64 sha512 opcode optimized SHA-512/SHA-384 implementation
[    9.952610] md5_sparc64: Using sparc64 md5 opcode optimized MD5 implementation
[   10.231575] random: crng init done
[   10.231623] random: 5 urandom warning(s) missed due to ratelimiting
