[    0.000019] PROMLIB: Sun IEEE Boot Prom 'OBP 4.38.12 2018/03/28 14:54'
[    0.000030] PROMLIB: Root node compatible: sun4v
[    0.000075] Linux version 5.2.0-10890-gac76de555d76 (mator@ttip) (gcc version 8.3.0 (Debian 8.3.0-19)) #1172 SMP Thu Aug 15 11:18:32 MSK 2019
[    0.001383] printk: bootconsole [earlyprom0] enabled
[    0.001435] ARCH: SUN4V
[    0.001484] Ethernet address: 00:14:4f:fa:06:f2
[    0.001537] MM: PAGE_OFFSET is 0xfff8000000000000 (max_phys_bits == 47)
[    0.001600] MM: VMALLOC [0x0000000100000000 --> 0x0006000000000000]
[    0.001661] MM: VMEMMAP [0x0006000000000000 --> 0x000c000000000000]
[    0.013538] Kernel: Using 5 locked TLB entries for main kernel image.
[    0.013620] Remapping the kernel... 
[    0.013645] done.
[    0.048956] OF stdout device is: /virtual-devices@100/console@1
[    0.049035] PROM: Built device tree with 87467 bytes of memory.
[    0.049098] MDESC: Size is 37248 bytes.
[    0.049228] PLATFORM: banner-name [SPARC T5-2]
[    0.049276] PLATFORM: name [ORCL,SPARC-T5-2]
[    0.049323] PLATFORM: hostid [84fa06f2]
[    0.049367] PLATFORM: serial# [0035260e]
[    0.049409] PLATFORM: stick-frequency [3b9aca00]
[    0.049457] PLATFORM: mac-address [144ffa06f2]
[    0.049505] PLATFORM: watchdog-resolution [1000 ms]
[    0.049556] PLATFORM: watchdog-max-timeout [31536000000 ms]
[    0.049610] PLATFORM: max-cpus [1024]
[    0.049698] Top of RAM: 0x24af938000, Total RAM: 0x87f354000
[    0.049758] Memory hole size: 115461MB
[    0.102531] kmemleak: Kernel memory leak detector disabled
[    0.283087] Allocated 35708928 bytes for kernel page tables.
[    0.283192] Zone ranges:
[    0.283234]   Normal   [mem 0x0000000030400000-0x00000024af937fff]
[    0.283299] Movable zone start for each node
[    0.284346] Early memory node ranges
[    0.284387]   node   0: [mem 0x0000000030400000-0x000000006fe7ffff]
[    0.284449]   node   0: [mem 0x000000006ff00000-0x000000006ff25fff]
[    0.284509]   node   0: [mem 0x0000000070000000-0x000000042fffffff]
[    0.284572]   node   0: [mem 0x0000002030000000-0x00000024af87ffff]
[    0.284632]   node   0: [mem 0x00000024af900000-0x00000024af925fff]
[    0.284693]   node   0: [mem 0x00000024af930000-0x00000024af937fff]
[    0.292043] Zeroed struct page in unavailable ranges: 230130 pages
[    0.292050] Initmem setup node 0 [mem 0x0000000030400000-0x00000024af937fff]
[    0.292211] On node 0 totalpages: 4454826
[    0.292220]   Normal zone: 39154 pages used for memmap
[    0.292225]   Normal zone: 0 pages reserved
[    0.292231]   Normal zone: 4454826 pages, LIFO batch:31
[    0.489497] Booting Linux...
[    0.489584] CPU CAPS: [flush,stbar,swap,muldiv,v9,blkinit,n2,mul32]
[    0.489666] CPU CAPS: [div32,v8plus,popc,vis,vis2,ASIBlkInit,fmaf,vis3]
[    0.490746] CPU CAPS: [hpc,ima,pause,cbcond,aes,des,kasumi,camellia]
[    0.490819] CPU CAPS: [md5,sha1,sha256,sha512,mpmul,montmul,montsqr,crc32c]
[    0.557221] percpu: Embedded 27 pages/cpu s180680 r8192 d32312 u262144
[    0.557498] pcpu-alloc: s180680 r8192 d32312 u262144 alloc=1*4194304
[    0.557505] pcpu-alloc: [0] 000 001 002 003 004 005 006 007 008 009 010 011 012 013 014 015 
[    0.557532] pcpu-alloc: [0] 016 017 018 019 020 021 022 023 024 025 026 027 028 029 030 031 
[    0.557559] pcpu-alloc: [0] 032 033 034 035 036 037 038 039 040 041 042 043 044 045 046 047 
[    0.557585] pcpu-alloc: [0] 048 049 050 051 052 053 054 055 056 057 058 059 060 061 062 063 
[    0.557612] pcpu-alloc: [0] 064 065 066 067 068 069 070 071 072 073 074 075 076 077 078 079 
[    0.557638] pcpu-alloc: [0] 080 081 082 083 084 085 086 087 088 089 090 091 092 093 094 095 
[    0.557665] pcpu-alloc: [0] 096 097 098 099 100 101 102 103 104 105 106 107 108 109 110 111 
[    0.557691] pcpu-alloc: [0] 112 113 114 115 116 117 118 119 120 121 122 123 124 125 126 127 
[    0.557718] pcpu-alloc: [0] 128 129 130 131 132 133 134 135 136 137 138 139 140 141 142 143 
[    0.557744] pcpu-alloc: [0] 144 145 146 147 148 149 150 151 152 153 154 155 156 157 158 159 
[    0.557771] pcpu-alloc: [0] 160 161 162 163 164 165 166 167 168 169 170 171 172 173 174 175 
[    0.557797] pcpu-alloc: [0] 176 177 178 179 180 181 182 183 184 185 186 187 188 189 190 191 
[    0.557824] pcpu-alloc: [0] 192 193 194 195 196 197 198 199 200 201 202 203 204 205 206 207 
[    0.557850] pcpu-alloc: [0] 208 209 210 211 212 213 214 215 216 217 218 219 220 221 222 223 
[    0.557877] pcpu-alloc: [0] 224 225 226 227 228 229 230 231 232 233 234 235 236 237 238 239 
[    0.557903] pcpu-alloc: [0] 240 241 242 243 244 245 246 247 248 249 250 251 252 253 254 255 
[    0.558406] SUN4V: Mondo queue sizes [cpu(131072) dev(16384) r(8192) nr(256)]
[    0.558949] Built 1 zonelists, mobility grouping on.  Total pages: 4415672
[    0.559046] Kernel command line: BOOT_IMAGE=/vmlinux-5.2.0-10890-gac76de555d76 root=/dev/vdiska2 ro zswap.enabled=1
[    0.561393] printk: log_buf_len individual max cpu contribution: 4096 bytes
[    0.561465] printk: log_buf_len total cpu_extra contributions: 1044480 bytes
[    0.561530] printk: log_buf_len min size: 131072 bytes
[    0.562006] printk: log_buf_len: 2097152 bytes
[    0.562059] printk: early log buf free: 125824(95%)
[    0.571691] Dentry cache hash table entries: 8388608 (order: 13, 67108864 bytes, linear)
[    0.576602] Inode-cache hash table entries: 4194304 (order: 12, 33554432 bytes, linear)
[    0.576690] Sorting __ex_table...
[    0.576912] mem auto-init: stack:off, heap alloc:off, heap free:off
[    0.655032] Memory: 35067208K/35638608K available (6873K kernel code, 972K rwdata, 2056K rodata, 1000K init, 6717K bss, 571400K reserved, 0K cma-reserved)
[    0.672081] ftrace: allocating 19818 entries in 39 pages
[    0.690574] Running RCU self tests
[    0.690639] rcu: Hierarchical RCU implementation.
[    0.690690] rcu: 	RCU event tracing is enabled.
[    0.690740] rcu: 	RCU lockdep checking is enabled.
[    0.691791] 	Tasks RCU enabled.
[    0.691827] rcu: RCU calculated value of scheduler-enlistment delay is 11 jiffies.
[    0.700024] NR_IRQS: 2048, nr_irqs: 2048, preallocated irqs: 1
[    0.700386] SUN4V: Using IRQ API major 3, cookie only virqs enabled
[    0.706820] clocksource: stick: mask: 0xffffffffffffffff max_cycles: 0x1cd42e4dffb, max_idle_ns: 881590591483 ns
[    0.706955] clocksource: mult[800000] shift[23]
[    0.707003] clockevent: mult[80000000] shift[31]
[    0.729599] Console: colour dummy device 80x25
[    0.729675] printk: console [tty0] enabled
[    0.729750] printk: bootconsole [earlyprom0] disabled
[    0.729835] Lock dependency validator: Copyright (c) 2006 Red Hat, Inc., Ingo Molnar
[    0.729884] ... MAX_LOCKDEP_SUBCLASSES:  8
[    0.729915] ... MAX_LOCK_DEPTH:          48
[    0.729945] ... MAX_LOCKDEP_KEYS:        8192
[    0.729976] ... CLASSHASH_SIZE:          4096
[    0.730007] ... MAX_LOCKDEP_ENTRIES:     16384
[    0.730038] ... MAX_LOCKDEP_CHAINS:      32768
[    0.730070] ... CHAINHASH_SIZE:          16384
[    0.730101]  memory used by lock dependency info: 3855 kB
[    0.730138]  per task-struct memory footprint: 1920 bytes
[    0.730883] kmemleak: Early log buffer exceeded (9381), please increase DEBUG_KMEMLEAK_EARLY_LOG_SIZE
[    0.877428] Calibrating delay using timer specific routine.. 2008.84 BogoMIPS (lpj=10044212)
[    0.877498] pid_max: default: 262144 minimum: 2048
[    0.884987] Mount-cache hash table entries: 131072 (order: 7, 1048576 bytes, linear)
[    0.885225] Mountpoint-cache hash table entries: 131072 (order: 7, 1048576 bytes, linear)
[    0.890114] *** VALIDATE proc ***
[    0.892831] *** VALIDATE cgroup1 ***
[    0.892865] *** VALIDATE cgroup2 ***
[    0.897382] rcu: Hierarchical SRCU implementation.
[    0.921274] smp: Bringing up secondary CPUs ...
[    1.016499] smp: Brought up 1 node, 32 CPUs
[    1.027099] devtmpfs: initialized
[    1.033495] Performance events: 
[    1.033556] Testing NMI watchdog ... 
[    1.233893] OK.
[    1.234065] Supported PMU type is 'niagara5'
[    1.234852] random: get_random_u32 called from bucket_table_alloc.isra.4+0x184/0x1c0 with crng_init=0
[    1.236010] ldc.c:v1.1 (July 22, 2008)
[    1.239819] clocksource: jiffies: mask: 0xffffffff max_cycles: 0xffffffff, max_idle_ns: 19112604462750000 ns
[    1.239924] futex hash table entries: 65536 (order: 10, 8388608 bytes, linear)
[    1.254693] NET: Registered protocol family 16
[    1.264845] VIO: Adding device channel-devices (tx_ino = ffffffffffffffff, rx_ino = ffffffffffffffff)
[    1.265093] VIO: Adding device vnet-port-0-0 (tx_ino = 0, rx_ino = 1)
[    1.265317] VIO: Adding device vnet-port-0-1 (tx_ino = 2, rx_ino = 3)
[    1.265504] VIO: Adding device vnet-port-0-2 (tx_ino = 4, rx_ino = 5)
[    1.265690] VIO: Adding device vnet-port-0-4 (tx_ino = 8, rx_ino = 9)
[    1.265883] VIO: Adding device vnet-port-0-5 (tx_ino = a, rx_ino = b)
[    1.266077] VIO: Adding device vnet-port-0-6 (tx_ino = c, rx_ino = d)
[    1.266263] VIO: Adding device vnet-port-0-3 (tx_ino = 6, rx_ino = 7)
[    1.266448] VIO: Adding device vdc-port-3-0 (tx_ino = e, rx_ino = f)
[    1.266645] VIO: Adding device vdc-port-2-0 (tx_ino = 10, rx_ino = 11)
[    1.266829] VIO: Adding device vdc-port-1-0 (tx_ino = 12, rx_ino = 13)
[    1.267025] VIO: Adding device vdc-port-0-0 (tx_ino = 14, rx_ino = 15)
[    1.267211] VIO: Adding device vdc-port-4-0 (tx_ino = 16, rx_ino = 17)
[    1.267410] VIO: Adding device vlds-port-0-0 (tx_ino = 18, rx_ino = 19)
[    1.267598] VIO: Adding device domain-services-port-0 (tx_ino = 18, rx_ino = 19)
[    1.268253] audit: initializing netlink subsys (disabled)
[    1.268673] audit: type=2000 audit(0.550:1): state=initialized audit_enabled=0 res=1
[    1.317156] HugeTLB registered 64.0 KiB page size, pre-allocated 0 pages
[    1.317214] HugeTLB registered 8.00 MiB page size, pre-allocated 0 pages
[    1.317261] HugeTLB registered 256 MiB page size, pre-allocated 0 pages
[    1.317307] HugeTLB registered 2.00 GiB page size, pre-allocated 0 pages
[    1.366794] alg: No test for lzo-rle (lzo-rle-generic)
[    1.367356] alg: No test for lzo-rle (lzo-rle-scomp)
[    1.388625] SUN4V: Reboot data supported (maj=1,min=0).
[    1.389669] ds.c:v1.0 (Jul 11, 2007)
[    1.390275] ds-0: ds_conn_reset() from send_events.isra.3
[    1.391919] clocksource: Switched to clocksource stick
[    1.683024] VFS: Disk quotas dquot_6.6.0
[    1.684618] VFS: Dquot-cache hash table entries: 1024 (order 0, 8192 bytes)
[    1.685270] *** VALIDATE hugetlbfs ***
[    1.705865] NET: Registered protocol family 2
[    1.709081] tcp_listen_portaddr_hash hash table entries: 32768 (order: 8, 2359296 bytes, linear)
[    1.712559] TCP established hash table entries: 524288 (order: 9, 4194304 bytes, linear)
[    1.714821] TCP bind hash table entries: 65536 (order: 9, 4194304 bytes, linear)
[    1.720718] TCP: Hash tables configured (established 524288 bind 65536)
[    1.727613] UDP hash table entries: 32768 (order: 9, 5242880 bytes, linear)
[    1.735133] UDP-Lite hash table entries: 32768 (order: 9, 5242880 bytes, linear)
[    1.749356] NET: Registered protocol family 1
[    1.750458] Trying to unpack rootfs image as initramfs...
[    2.068922] Freeing initrd memory: 10424K
[    2.104246] workingset: timestamp_bits=46 max_order=23 bucket_order=0
[    2.111222] SGI XFS with ACLs, security attributes, debug enabled
[    2.141612] Block layer SCSI generic (bsg) driver version 0.4 loaded (major 252)
[    2.143459] io scheduler mq-deadline registered
[    2.145372] f029b788: ttyHV0 at I/O 0x0 (irq = 1, base_baud = 115200) is a SUN4V HCONS
[    2.151696] printk: console [ttyHV0] enabled
[    2.157376] sunvdc.c:v1.2 (November 24, 2014)
[    2.164894] sunvdc: Virtual CDROM vdiskd
[    2.164947] sunvdc: vdiskd: 403160 sectors (196 MB) protocol 1.2
[    2.166349]  vdiskd: vdiskd1 vdiskd2 vdiskd3 vdiskd4 vdiskd5 vdiskd6 vdiskd7
[    2.224043] sunvdc: Virtual Hard disk vdiskc
[    2.224094] sunvdc: vdiskc: 104857600 sectors (51200 MB) protocol 1.2
[    2.277464] sunvdc: Virtual Hard disk vdiskb
[    2.277505] sunvdc: vdiskb: 62914560 sectors (30720 MB) protocol 1.2
[    2.279144]  vdiskb: vdiskb1
[    2.332494] sunvdc: Virtual Hard disk vdiska
[    2.332536] sunvdc: vdiska: 31457280 sectors (15360 MB) protocol 1.2
[    2.333300]  vdiska: vdiska1 vdiska2 vdiska3 vdiska4
[    2.388248] sunvdc: Virtual Hard disk vdiske
[    2.388290] sunvdc: vdiske: 20971520 sectors (10240 MB) protocol 1.2
[    2.389907]  vdiske: vdiske1 vdiske2 vdiske3
[    2.436892] sunvnet: sunvnet 2.0 (February 3, 2017)
[    2.440403] vnet_port vnet-port-0-0 eth0: Sun LDOM vnet 00:14:4f:f8:12:a3
[    2.440998] sunvnet: eth0: PORT ( remote-mac 00:14:4f:fa:f3:f0 switch-port )
[    2.442371] sunvnet: eth0: PORT ( remote-mac 00:14:4f:f8:e5:f3 )
[    2.443691] sunvnet: eth0: PORT ( remote-mac 00:14:4f:f9:b4:97 )
[    2.445039] sunvnet: eth0: PORT ( remote-mac 00:14:4f:f8:3f:1e )
[    2.446340] sunvnet: eth0: PORT ( remote-mac 00:14:4f:f8:fe:47 )
[    2.447656] sunvnet: eth0: PORT ( remote-mac 00:14:4f:f9:8b:83 )
[    2.448973] sunvnet: eth0: PORT ( remote-mac 00:14:4f:f9:6c:d1 )
[    2.450656] rtc-sun4v rtc-sun4v: registered as rtc0
[    2.451345] sun4v_wdt: initialized (timeout=60s, nowayout=0)
[    2.451806] device-mapper: uevent: version 1.0.3
[    2.452941] device-mapper: ioctl: 4.40.0-ioctl (2019-01-18) initialised: dm-devel@redhat.com
[    2.454941] NET: Registered protocol family 17
[    2.465591] zswap: default zpool zbud not available
[    2.465646] zswap: pool creation failed
[    2.509236] Key type big_key registered
[    2.510294] rtc-sun4v rtc-sun4v: setting system clock to 2019-08-15T12:34:54 UTC (1565872494)
[    2.514795] This architecture does not have kernel memory protection.
[    2.514842] Run /init as init process
[    3.433505] random: fast init done
[    3.447386] crc32c_sparc64: Using sparc64 crc32c opcode optimized CRC32C implementation
[    3.991708] raid6: int64x8  gen()  2187 MB/s
[    4.161689] raid6: int64x8  xor()  1570 MB/s
[    4.331685] raid6: int64x4  gen()  3433 MB/s
[    4.501687] raid6: int64x4  xor()  1987 MB/s
[    4.671670] raid6: int64x2  gen()  3049 MB/s
[    4.841689] raid6: int64x2  xor()  1996 MB/s
[    5.011688] raid6: int64x1  gen()  2790 MB/s
[    5.181683] raid6: int64x1  xor()  1628 MB/s
[    5.181724] raid6: using algorithm int64x4 gen() 3433 MB/s
[    5.181764] raid6: .... xor() 1987 MB/s, rmw enabled
[    5.181801] raid6: using intx1 recovery algorithm
[    5.182777] async_tx: api initialized (async)
[    5.183417] xor: automatically using best checksumming function   Niagara   
[    5.426992] EXT4-fs (vdiska2): mounted filesystem with ordered data mode. Opts: (null)
[    7.269331] systemd[1]: Inserted module 'autofs4'
[    7.357387] NET: Registered protocol family 10
[    7.369980] Segment Routing with IPv6
[    7.476858] systemd[1]: systemd 241 running in system mode. (+PAM +AUDIT +SELINUX +IMA +APPARMOR +SMACK +SYSVINIT +UTMP +LIBCRYPTSETUP +GCRYPT +GNUTLS +ACL +XZ +LZ4 -SECCOMP +BLKID +ELFUTILS +KMOD -IDN2 +IDN +PCRE2 default-hierarchy=hybrid)
[    7.477473] systemd[1]: Detected architecture sparc64.
[    7.556397] systemd[1]: Set hostname to <ttip>.
[    7.571617] systemd[1]: Failed to bump fs.file-max, ignoring: Invalid argument
[    8.480482] random: lvmconfig: uninitialized urandom read (4 bytes read)
[    9.337030] systemd[1]: /lib/systemd/system/smbd.service:9: PIDFile= references path below legacy directory /var/run/, updating /var/run/samba/smbd.pid → /run/samba/smbd.pid; please update the unit file accordingly.
[    9.357213] systemd[1]: /lib/systemd/system/nmbd.service:9: PIDFile= references path below legacy directory /var/run/, updating /var/run/samba/nmbd.pid → /run/samba/nmbd.pid; please update the unit file accordingly.
[    9.574340] random: systemd: uninitialized urandom read (16 bytes read)
[    9.585057] random: systemd: uninitialized urandom read (16 bytes read)
[    9.585926] systemd[1]: Listening on fsck to fsckd communication Socket.
[    9.586832] random: systemd: uninitialized urandom read (16 bytes read)
[    9.586922] systemd[1]: Reached target Remote File Systems.
[    9.587870] systemd[1]: Listening on initctl Compatibility Named Pipe.
[    9.589115] systemd[1]: Listening on LVM2 poll daemon socket.
[    9.924107] EXT4-fs (vdiska2): re-mounted. Opts: errors=remount-ro
[   10.189995] systemd-journald[448]: Received request to flush runtime journal from PID 1
[   11.678204] sha1_sparc64: Using sparc64 sha1 opcode optimized SHA-1 implementation
[   11.683627] n2rng v0.3 (Jan 7, 2017)
[   11.683705] n2rng f029b104: Registered RNG HVAPI major 2 minor 0
[   11.683757] n2rng f029b104: Found multi-unit-capable RNG, units: 2
[   11.685301] n2rng f029b104: RNG ready
[   11.725232] sha256_sparc64: Using sparc64 sha256 opcode optimized SHA-256/SHA-224 implementation
[   11.792747] sha512_sparc64: Using sparc64 sha512 opcode optimized SHA-512/SHA-384 implementation
[   11.802801] md5_sparc64: Using sparc64 md5 opcode optimized MD5 implementation
[   11.826451] aes_sparc64: Using sparc64 aes opcodes optimized AES implementation
[   11.927587] des_sparc64: Using sparc64 des opcodes optimized DES implementation
[   11.976701] camellia_sparc64: Using sparc64 camellia opcodes optimized CAMELLIA implementation
[   13.673719] XFS (dm-0): Mounting V5 Filesystem
[   14.197781] XFS (dm-0): Ending clean mount
[   15.021852] Adding 787176k swap on /dev/vdiska4.  Priority:-2 extents:1 across:787176k FS
[   15.177270] EXT4-fs (vdiska1): mounting ext3 file system using the ext4 subsystem
[   15.196949] EXT4-fs (vdiska1): mounted filesystem with ordered data mode. Opts: (null)
