[    0.000019] PROMLIB: Sun IEEE Boot Prom 'OBP 4.38.12 2018/03/28 14:54'
[    0.000031] PROMLIB: Root node compatible: sun4v
[    0.000078] Linux version 5.3.0-rc1-00272-gc3b6a1d39742-dirty (mator@ttip.nvglabs.local) (gcc version 9.2.1 20190909 (Debian 9.2.1-8)) #1264 SMP Tue Oct 8 18:05:36 MSK 2019
[    0.000411] printk: bootconsole [earlyprom0] enabled
[    0.000462] ARCH: SUN4V
[    0.000513] Ethernet address: 00:14:4f:fa:06:f2
[    0.000564] MM: PAGE_OFFSET is 0xfff8000000000000 (max_phys_bits == 47)
[    0.000630] MM: VMALLOC [0x0000000100000000 --> 0x0006000000000000]
[    0.000692] MM: VMEMMAP [0x0006000000000000 --> 0x000c000000000000]
[    0.012329] Kernel: Using 5 locked TLB entries for main kernel image.
[    0.012404] Remapping the kernel... 
[    0.012428] done.
[    0.047124] OF stdout device is: /virtual-devices@100/console@1
[    0.047199] PROM: Built device tree with 87467 bytes of memory.
[    0.047264] MDESC: Size is 37248 bytes.
[    0.047389] PLATFORM: banner-name [SPARC T5-2]
[    0.047439] PLATFORM: name [ORCL,SPARC-T5-2]
[    0.047485] PLATFORM: hostid [84fa06f2]
[    0.047528] PLATFORM: serial# [0035260e]
[    0.047571] PLATFORM: stick-frequency [3b9aca00]
[    0.047620] PLATFORM: mac-address [144ffa06f2]
[    0.047666] PLATFORM: watchdog-resolution [1000 ms]
[    0.047718] PLATFORM: watchdog-max-timeout [31536000000 ms]
[    0.047774] PLATFORM: max-cpus [1024]
[    0.047859] Top of RAM: 0x24af938000, Total RAM: 0x87f354000
[    0.047918] Memory hole size: 115461MB
[    0.099606] kmemleak: Kernel memory leak detector disabled
[    0.276173] Allocated 35708928 bytes for kernel page tables.
[    0.276280] Zone ranges:
[    0.276321]   Normal   [mem 0x0000000030400000-0x00000024af937fff]
[    0.276385] Movable zone start for each node
[    0.277431] Early memory node ranges
[    0.277472]   node   0: [mem 0x0000000030400000-0x000000006fe7ffff]
[    0.277538]   node   0: [mem 0x000000006ff00000-0x000000006ff25fff]
[    0.277601]   node   0: [mem 0x0000000070000000-0x000000042fffffff]
[    0.277662]   node   0: [mem 0x0000002030000000-0x00000024af87ffff]
[    0.277726]   node   0: [mem 0x00000024af900000-0x00000024af925fff]
[    0.277786]   node   0: [mem 0x00000024af930000-0x00000024af937fff]
[    0.285186] Zeroed struct page in unavailable ranges: 230130 pages
[    0.285195] Initmem setup node 0 [mem 0x0000000030400000-0x00000024af937fff]
[    0.288361] On node 0 totalpages: 4454826
[    0.288370]   Normal zone: 39154 pages used for memmap
[    0.288376]   Normal zone: 0 pages reserved
[    0.288382]   Normal zone: 4454826 pages, LIFO batch:31
[    0.299173] Booting Linux...
[    0.299260] CPU CAPS: [flush,stbar,swap,muldiv,v9,blkinit,n2,mul32]
[    0.299343] CPU CAPS: [div32,v8plus,popc,vis,vis2,ASIBlkInit,fmaf,vis3]
[    0.300422] CPU CAPS: [hpc,ima,pause,cbcond,aes,des,kasumi,camellia]
[    0.300496] CPU CAPS: [md5,sha1,sha256,sha512,mpmul,montmul,montsqr,crc32c]
[    0.333577] percpu: Embedded 27 pages/cpu s180168 r8192 d32824 u262144
[    0.333844] pcpu-alloc: s180168 r8192 d32824 u262144 alloc=1*4194304
[    0.333852] pcpu-alloc: [0] 000 001 002 003 004 005 006 007 008 009 010 011 012 013 014 015 
[    0.333879] pcpu-alloc: [0] 016 017 018 019 020 021 022 023 024 025 026 027 028 029 030 031 
[    0.333905] pcpu-alloc: [0] 032 033 034 035 036 037 038 039 040 041 042 043 044 045 046 047 
[    0.333932] pcpu-alloc: [0] 048 049 050 051 052 053 054 055 056 057 058 059 060 061 062 063 
[    0.333959] pcpu-alloc: [0] 064 065 066 067 068 069 070 071 072 073 074 075 076 077 078 079 
[    0.333985] pcpu-alloc: [0] 080 081 082 083 084 085 086 087 088 089 090 091 092 093 094 095 
[    0.334012] pcpu-alloc: [0] 096 097 098 099 100 101 102 103 104 105 106 107 108 109 110 111 
[    0.334038] pcpu-alloc: [0] 112 113 114 115 116 117 118 119 120 121 122 123 124 125 126 127 
[    0.334568] SUN4V: Mondo queue sizes [cpu(131072) dev(16384) r(8192) nr(256)]
[    0.335023] Built 1 zonelists, mobility grouping on.  Total pages: 4415672
[    0.335114] Kernel command line: BOOT_IMAGE=/vmlinux-5.3.0-rc1-00272-gc3b6a1d39742-dirty root=/dev/vdiska2 ro zswap.enabled=1
[    0.337483] printk: log_buf_len individual max cpu contribution: 4096 bytes
[    0.337555] printk: log_buf_len total cpu_extra contributions: 520192 bytes
[    0.337621] printk: log_buf_len min size: 131072 bytes
[    0.337941] printk: log_buf_len: 1048576 bytes
[    0.337992] printk: early log buf free: 126552(96%)
[    0.347656] Dentry cache hash table entries: 8388608 (order: 13, 67108864 bytes, linear)
[    0.352582] Inode-cache hash table entries: 4194304 (order: 12, 33554432 bytes, linear)
[    0.352666] Sorting __ex_table...
[    0.352917] mem auto-init: stack:off, heap alloc:off, heap free:off
[    0.414382] Memory: 1305232K/35638608K available (7259K kernel code, 946K rwdata, 2144K rodata, 1008K init, 6667K bss, 538968K reserved, 0K cma-reserved)
[    0.418494] SLUB: HWalign=32, Order=0-3, MinObjects=0, CPUs=128, Nodes=1
[    0.420083] ftrace: allocating 20959 entries in 41 pages
[    0.432836] Running RCU self tests
[    0.432890] rcu: Hierarchical RCU implementation.
[    0.432940] rcu: 	RCU event tracing is enabled.
[    0.432987] rcu: 	RCU lockdep checking is enabled.
[    0.433038] 	Tasks RCU enabled.
[    0.433075] rcu: RCU calculated value of scheduler-enlistment delay is 10 jiffies.
[    0.437875] NR_IRQS: 2048, nr_irqs: 2048, preallocated irqs: 1
[    0.438100] SUN4V: Using IRQ API major 3, cookie only virqs enabled
[    0.441651] clocksource: stick: mask: 0xffffffffffffffff max_cycles: 0x1cd42e4dffb, max_idle_ns: 881590591483 ns
[    0.441783] clocksource: mult[800000] shift[23]
[    0.441834] clockevent: mult[80000000] shift[31]
[    0.443453] Console: colour dummy device 80x25
[    0.443519] printk: console [tty0] enabled
[    0.443594] printk: bootconsole [earlyprom0] disabled
[    0.443679] Lock dependency validator: Copyright (c) 2006 Red Hat, Inc., Ingo Molnar
[    0.443727] ... MAX_LOCKDEP_SUBCLASSES:  8
[    0.443757] ... MAX_LOCK_DEPTH:          48
[    0.443786] ... MAX_LOCKDEP_KEYS:        8192
[    0.443817] ... CLASSHASH_SIZE:          4096
[    0.443847] ... MAX_LOCKDEP_ENTRIES:     16384
[    0.443878] ... MAX_LOCKDEP_CHAINS:      32768
[    0.443909] ... CHAINHASH_SIZE:          16384
[    0.443940]  memory used by lock dependency info: 3855 kB
[    0.443975]  per task-struct memory footprint: 1920 bytes
[    0.444311] kmemleak: Early log buffer exceeded (8358), please increase DEBUG_KMEMLEAK_EARLY_LOG_SIZE
[    0.592323] Calibrating delay using timer specific routine.. 2011.52 BogoMIPS (lpj=10057634)
[    0.592391] pid_max: default: 131072 minimum: 1024
[    0.594503] LSM: Security Framework initializing
[    0.595222] AppArmor: AppArmor initialized
[    0.596246] Mount-cache hash table entries: 131072 (order: 7, 1048576 bytes, linear)
[    0.596480] Mountpoint-cache hash table entries: 131072 (order: 7, 1048576 bytes, linear)
[    0.599488] *** VALIDATE proc ***
[    0.600987] *** VALIDATE cgroup1 ***
[    0.601019] *** VALIDATE cgroup2 ***
[    0.604300] rcu: Hierarchical SRCU implementation.
[    0.612595] smp: Bringing up secondary CPUs ...
[    0.662580] smp: Brought up 1 node, 32 CPUs
[    0.854006] node 0 initialised, 4224301 pages in 190ms
[    0.855770] devtmpfs: initialized
[    0.860501] Performance events: 
[    0.860555] Testing NMI watchdog ... 
[    1.060770] OK.
[    1.060934] Supported PMU type is 'niagara5'
[    1.061360] random: get_random_u32 called from bucket_table_alloc.isra.0+0x188/0x1c0 with crng_init=0
[    1.062129] ldc.c:v1.1 (July 22, 2008)
[    1.064767] clocksource: jiffies: mask: 0xffffffff max_cycles: 0xffffffff, max_idle_ns: 19112604462750000 ns
[    1.064859] futex hash table entries: 32768 (order: 9, 4194304 bytes, linear)
[    1.072949] NET: Registered protocol family 16
[    1.081105] VIO: Adding device channel-devices (tx_ino = ffffffffffffffff, rx_ino = ffffffffffffffff)
[    1.081316] VIO: Adding device vnet-port-0-0 (tx_ino = 0, rx_ino = 1)
[    1.081509] VIO: Adding device vnet-port-0-1 (tx_ino = 2, rx_ino = 3)
[    1.081681] VIO: Adding device vnet-port-0-2 (tx_ino = 4, rx_ino = 5)
[    1.081847] VIO: Adding device vnet-port-0-4 (tx_ino = 8, rx_ino = 9)
[    1.082011] VIO: Adding device vnet-port-0-5 (tx_ino = a, rx_ino = b)
[    1.082181] VIO: Adding device vnet-port-0-6 (tx_ino = c, rx_ino = d)
[    1.082344] VIO: Adding device vnet-port-0-3 (tx_ino = 6, rx_ino = 7)
[    1.082507] VIO: Adding device vdc-port-3-0 (tx_ino = e, rx_ino = f)
[    1.082675] VIO: Adding device vdc-port-2-0 (tx_ino = 10, rx_ino = 11)
[    1.082840] VIO: Adding device vdc-port-1-0 (tx_ino = 12, rx_ino = 13)
[    1.083004] VIO: Adding device vdc-port-0-0 (tx_ino = 14, rx_ino = 15)
[    1.083173] VIO: Adding device vdc-port-4-0 (tx_ino = 16, rx_ino = 17)
[    1.083337] VIO: Adding device vlds-port-0-0 (tx_ino = 18, rx_ino = 19)
[    1.083504] VIO: Adding device domain-services-port-0 (tx_ino = 18, rx_ino = 19)
[    1.083925] audit: initializing netlink subsys (disabled)
[    1.084240] audit: type=2000 audit(0.640:1): state=initialized audit_enabled=0 res=1
[    1.111331] HugeTLB registered 64.0 KiB page size, pre-allocated 0 pages
[    1.111386] HugeTLB registered 8.00 MiB page size, pre-allocated 0 pages
[    1.111431] HugeTLB registered 256 MiB page size, pre-allocated 0 pages
[    1.111475] HugeTLB registered 2.00 GiB page size, pre-allocated 0 pages
[    1.138067] alg: No test for lzo-rle (lzo-rle-generic)
[    1.138536] alg: No test for lzo-rle (lzo-rle-scomp)
[    1.171684] NetLabel: Initializing
[    1.171724] NetLabel:  domain hash size = 128
[    1.171756] NetLabel:  protocols = UNLABELED CIPSOv4 CALIPSO
[    1.171893] NetLabel:  unlabeled traffic allowed by default
[    1.172905] SUN4V: Reboot data supported (maj=1,min=0).
[    1.173544] ds.c:v1.0 (Jul 11, 2007)
[    1.173986] ds-0: ds_conn_reset() from send_events.isra.0
[    1.175517] clocksource: Switched to clocksource stick
[    1.380963] VFS: Disk quotas dquot_6.6.0
[    1.381725] VFS: Dquot-cache hash table entries: 1024 (order 0, 8192 bytes)
[    1.382083] *** VALIDATE hugetlbfs ***
[    1.385203] AppArmor: AppArmor Filesystem Enabled
[    1.398996] NET: Registered protocol family 2
[    1.402409] tcp_listen_portaddr_hash hash table entries: 32768 (order: 8, 2359296 bytes, linear)
[    1.405690] TCP established hash table entries: 524288 (order: 9, 4194304 bytes, linear)
[    1.407937] TCP bind hash table entries: 65536 (order: 9, 4194304 bytes, linear)
[    1.413746] TCP: Hash tables configured (established 524288 bind 65536)
[    1.416515] UDP hash table entries: 32768 (order: 9, 5242880 bytes, linear)
[    1.423103] UDP-Lite hash table entries: 32768 (order: 9, 5242880 bytes, linear)
[    1.432411] NET: Registered protocol family 1
[    1.432482] NET: Registered protocol family 44
[    1.434042] Trying to unpack rootfs image as initramfs...
[    1.720139] Freeing initrd memory: 10352K
[    1.736645] workingset: timestamp_bits=46 max_order=23 bucket_order=0
[    1.759289] SGI XFS with ACLs, security attributes, debug enabled
[    1.786231] Block layer SCSI generic (bsg) driver version 0.4 loaded (major 252)
[    1.787423] io scheduler mq-deadline registered
[    1.790963] f029b788: ttyHV0 at I/O 0x0 (irq = 1, base_baud = 115200) is a SUN4V HCONS
[    1.797718] printk: console [ttyHV0] enabled
[    1.801822] sunvdc.c:v1.2 (November 24, 2014)
[    1.806384] sunvdc: Virtual CDROM vdiskd
[    1.806427] sunvdc: vdiskd: 403160 sectors (196 MB) protocol 1.2
[    1.807825]  vdiskd: vdiskd1 vdiskd2 vdiskd3 vdiskd4 vdiskd5 vdiskd6 vdiskd7
[    1.832575] sunvdc: Virtual Hard disk vdiskc
[    1.832624] sunvdc: vdiskc: 104857600 sectors (51200 MB) protocol 1.2
[    1.855260] sunvdc: Virtual Hard disk vdiskb
[    1.855311] sunvdc: vdiskb: 62914560 sectors (30720 MB) protocol 1.2
[    1.856207]  vdiskb: vdiskb1
[    1.878748] sunvdc: Virtual Hard disk vdiska
[    1.878798] sunvdc: vdiska: 31457280 sectors (15360 MB) protocol 1.2
[    1.879614]  vdiska: vdiska1 vdiska2 vdiska3 vdiska4
[    1.903348] sunvdc: Virtual Hard disk vdiske
[    1.903398] sunvdc: vdiske: 20971520 sectors (10240 MB) protocol 1.2
[    1.905010]  vdiske: vdiske1 vdiske2 vdiske3
[    1.924112] sunvnet: sunvnet 2.0 (February 3, 2017)
[    1.926679] vnet_port vnet-port-0-0 eth0: Sun LDOM vnet 00:14:4f:f8:12:a3
[    1.926924] sunvnet: eth0: PORT ( remote-mac 00:14:4f:fa:f3:f0 switch-port )
[    1.927565] sunvnet: eth0: PORT ( remote-mac 00:14:4f:f8:e5:f3 )
[    1.928191] sunvnet: eth0: PORT ( remote-mac 00:14:4f:f9:b4:97 )
[    1.928828] sunvnet: eth0: PORT ( remote-mac 00:14:4f:f8:3f:1e )
[    1.929448] sunvnet: eth0: PORT ( remote-mac 00:14:4f:f8:fe:47 )
[    1.930076] sunvnet: eth0: PORT ( remote-mac 00:14:4f:f9:8b:83 )
[    1.930703] sunvnet: eth0: PORT ( remote-mac 00:14:4f:f9:6c:d1 )
[    1.932041] rtc-sun4v rtc-sun4v: registered as rtc0
[    1.932604] sun4v_wdt: initialized (timeout=60s, nowayout=0)
[    1.933008] device-mapper: uevent: version 1.0.3
[    1.934034] device-mapper: ioctl: 4.40.0-ioctl (2019-01-18) initialised: dm-devel@redhat.com
[    1.935290] NET: Registered protocol family 17
[    1.936514] registered taskstats version 1
[    1.944288] zswap: default zpool zbud not available
[    1.944358] zswap: pool creation failed
[    1.984555] Key type big_key registered
[    1.984624] AppArmor: AppArmor sha1 policy hashing enabled
[    1.985558] rtc-sun4v rtc-sun4v: setting system clock to 2019-10-09T08:22:56 UTC (1570609376)
[    1.989687] This architecture does not have kernel memory protection.
[    1.989735] Run /init as init process
[    2.504216] crc32c_sparc64: Using sparc64 crc32c opcode optimized CRC32C implementation
[    2.572628] random: fast init done
[    2.965416] raid6: int64x8  gen()  2151 MB/s
[    3.135424] raid6: int64x8  xor()  1562 MB/s
[    3.305413] raid6: int64x4  gen()  3444 MB/s
[    3.475432] raid6: int64x4  xor()  1998 MB/s
[    3.645407] raid6: int64x2  gen()  2849 MB/s
[    3.815418] raid6: int64x2  xor()  1982 MB/s
[    3.985427] raid6: int64x1  gen()  2832 MB/s
[    4.155403] raid6: int64x1  xor()  1617 MB/s
[    4.155467] raid6: using algorithm int64x4 gen() 3444 MB/s
[    4.155510] raid6: .... xor() 1998 MB/s, rmw enabled
[    4.155548] raid6: using intx1 recovery algorithm
[    4.156433] async_tx: api initialized (async)
[    4.156947] xor: automatically using best checksumming function   Niagara   
[    4.404715] EXT4-fs (vdiska2): mounted filesystem with ordered data mode. Opts: (null)
[    6.171330] systemd[1]: Inserted module 'autofs4'
[    6.183497] NET: Registered protocol family 10
[    6.190122] Segment Routing with IPv6
[    6.260162] systemd[1]: systemd 242 running in system mode. (+PAM +AUDIT +SELINUX +IMA +APPARMOR +SMACK +SYSVINIT +UTMP +LIBCRYPTSETUP +GCRYPT +GNUTLS +ACL +XZ +LZ4 -SECCOMP +BLKID +ELFUTILS +KMOD +IDN2 -IDN +PCRE2 default-hierarchy=hybrid)
[    6.260759] systemd[1]: Detected architecture sparc64.
[    6.330322] systemd[1]: Set hostname to <ttip.nvglabs.local>.
[    6.334478] systemd[1]: Failed to bump fs.file-max, ignoring: Invalid argument
[    7.354333] random: lvmconfig: uninitialized urandom read (4 bytes read)
[    8.220445] systemd[1]: /lib/systemd/system/dbus.socket:4: ListenStream= references a path below legacy directory /var/run/, updating /var/run/dbus/system_bus_socket → /run/dbus/system_bus_socket; please update the unit file accordingly.
[    8.577384] systemd[1]: /lib/systemd/system/pcscd.socket:4: ListenStream= references a path below legacy directory /var/run/, updating /var/run/pcscd/pcscd.comm → /run/pcscd/pcscd.comm; please update the unit file accordingly.
[    8.630631] random: systemd: uninitialized urandom read (16 bytes read)
[    8.631256] systemd[1]: Listening on Journal Audit Socket.
[    8.632189] random: systemd: uninitialized urandom read (16 bytes read)
[    8.632652] systemd[1]: Listening on Device-mapper event daemon FIFOs.
[    8.633078] random: systemd: uninitialized urandom read (16 bytes read)
[    8.633460] systemd[1]: Listening on initctl Compatibility Named Pipe.
[    8.640280] systemd[1]: Created slice User and Session Slice.
[    8.830042] EXT4-fs (vdiska2): re-mounted. Opts: errors=remount-ro
[    9.130119] systemd-journald[471]: Received request to flush runtime journal from PID 1
[   10.731546] sha1_sparc64: Using sparc64 sha1 opcode optimized SHA-1 implementation
[   10.768547] sha256_sparc64: Using sparc64 sha256 opcode optimized SHA-256/SHA-224 implementation
[   10.792916] sha512_sparc64: Using sparc64 sha512 opcode optimized SHA-512/SHA-384 implementation
[   10.795929] md5_sparc64: Using sparc64 md5 opcode optimized MD5 implementation
[   10.815778] aes_sparc64: Using sparc64 aes opcodes optimized AES implementation
[   10.931213] n2rng v0.3 (Jan 7, 2017)
[   10.931306] n2rng f029b104: Registered RNG HVAPI major 2 minor 0
[   10.931388] n2rng f029b104: Found multi-unit-capable RNG, units: 2
[   10.932469] n2rng f029b104: RNG ready
[   11.466471] des_sparc64: Using sparc64 des opcodes optimized DES implementation
[   11.511346] camellia_sparc64: Using sparc64 camellia opcodes optimized CAMELLIA implementation
[   11.578244] ------------[ cut here ]------------
[   11.578323] WARNING: CPU: 22 PID: 597 at drivers/block/pktcdvd.c:2597 pkt_setup_dev+0x2e4/0x5a0 [pktcdvd]
[   11.578389] Attempt to register a non-SCSI queue
[   11.578426] Modules linked in: pktcdvd camellia_sparc64 cdrom des_sparc64 des_generic n2_rng rng_core flash aes_sparc64 md5_sparc64 sha512_sparc64 sha256_sparc64 sha1_sparc64 ip_tables x_tables ipv6 crc_ccitt nf_defrag_ipv6 autofs4 ext4 crc16 mbcache jbd2 raid10 raid456 async_raid6_recov async_memcpy async_pq async_xor xor async_tx raid6_pq raid1 raid0 multipath linear md_mod crc32c_sparc64
[   11.578714] CPU: 22 PID: 597 Comm: pktsetup Not tainted 5.3.0-rc1-00272-gc3b6a1d39742-dirty #1264
[   11.578775] Call Trace:
[   11.578810]  [0000000000463780] __warn+0xc0/0x100
[   11.578848]  [00000000004637f4] warn_slowpath_fmt+0x34/0x60
[   11.578893]  [000000001063f524] pkt_setup_dev+0x2e4/0x5a0 [pktcdvd]
[   11.578939]  [000000001063f874] pkt_ctl_ioctl+0x94/0x220 [pktcdvd]
[   11.578987]  [00000000006b5bc8] do_vfs_ioctl+0x628/0x6e0
[   11.579027]  [00000000006b5cc8] ksys_ioctl+0x48/0x80
[   11.579066]  [00000000006b5d14] sys_ioctl+0x14/0x40
[   11.579108]  [0000000000406294] linux_sparc_syscall+0x34/0x44
[   11.579150] irq event stamp: 4199
[   11.579184] hardirqs last  enabled at (4207): [<00000000004dc554>] console_unlock+0x634/0x6c0
[   11.579244] hardirqs last disabled at (4214): [<00000000004dc020>] console_unlock+0x100/0x6c0
[   11.579305] softirqs last  enabled at (0): [<0000000000460f50>] copy_process+0x450/0x1740
[   11.579364] softirqs last disabled at (0): [<0000000000000000>] 0x0
[   11.579410] ---[ end trace 07866d441e95b2d5 ]---
[   11.580193] pktcdvd: setup of pktcdvd device failed
[   11.627661] pktcdvd: setup of pktcdvd device failed
[   11.631057] pktcdvd: setup of pktcdvd device failed
[   11.634019] pktcdvd: setup of pktcdvd device failed
[   11.637123] pktcdvd: setup of pktcdvd device failed
[   11.640306] pktcdvd: setup of pktcdvd device failed
[   11.643261] pktcdvd: setup of pktcdvd device failed
[   11.646236] pktcdvd: setup of pktcdvd device failed
[   12.677684] XFS (dm-0): Mounting V5 Filesystem
[   12.911793] XFS (dm-0): Ending clean mount
[   14.235518] Adding 787176k swap on /dev/vdiska4.  Priority:-2 extents:1 across:787176k FS
[   14.728949] EXT4-fs (vdiska1): mounting ext3 file system using the ext4 subsystem
[   14.747585] EXT4-fs (vdiska1): mounted filesystem with ordered data mode. Opts: (null)
[   15.815092] Kernel unaligned access at TPC[856eb8] aa_dfa_unpack+0x38/0x5a0
[   15.815210] Kernel unaligned access at TPC[856ed8] aa_dfa_unpack+0x58/0x5a0
[   15.815266] Kernel unaligned access at TPC[856f90] aa_dfa_unpack+0x110/0x5a0
[   15.815325] Kernel unaligned access at TPC[857070] aa_dfa_unpack+0x1f0/0x5a0
[   15.815567] Kernel unaligned access at TPC[857084] aa_dfa_unpack+0x204/0x5a0
[   16.487779] random: crng init done
[   16.487832] random: 6 urandom warning(s) missed due to ratelimiting
[   19.254187] tun: Universal TUN/TAP device driver, 1.6

[   20.895686] ======================================================
[   20.895694] WARNING: possible circular locking dependency detected
[   20.895704] 5.3.0-rc1-00272-gc3b6a1d39742-dirty #1264 Tainted: G        W        
[   20.895712] ------------------------------------------------------
[   20.895720] iptables-restor/934 is trying to acquire lock:
[   20.895729] 00000000703d8946 (&table[i].mutex){+.+.}, at: nfnl_lock+0x24/0x40 [nfnetlink]
[   20.895753] 
               but task is already holding lock:
[   20.895760] 0000000020181757 (&net->nft.commit_mutex){+.+.}, at: nf_tables_valid_genid+0x10/0x60 [nf_tables]
[   20.895784] 
               which lock already depends on the new lock.

[   20.895793] 
               the existing dependency chain (in reverse order) is:
[   20.895800] 
               -> #1 (&net->nft.commit_mutex){+.+.}:
[   20.895818]        __mutex_lock+0x48/0x940
[   20.895826]        mutex_lock_nested+0x1c/0x40
[   20.895836]        nf_tables_valid_genid+0x10/0x60 [nf_tables]
[   20.895844]        nfnetlink_rcv_batch+0x230/0x620 [nfnetlink]
[   20.895852]        nfnetlink_rcv+0x110/0x140 [nfnetlink]
[   20.895862]        netlink_unicast+0x128/0x200
[   20.895869]        netlink_sendmsg+0x334/0x380
[   20.895878]        sock_sendmsg+0x34/0x80
[   20.895885]        ___sys_sendmsg+0x234/0x260
[   20.895892]        __sys_sendmsg+0x48/0x80
[   20.895899]        sys_sendmsg+0x18/0x40
[   20.895910]        linux_sparc_syscall+0x34/0x44
[   20.895915] 
               -> #0 (&table[i].mutex){+.+.}:
[   20.895929]        __lock_acquire+0x1b60/0x2600
[   20.895936]        lock_acquire+0x1a4/0x1c0
[   20.895942]        __mutex_lock+0x48/0x940
[   20.895949]        mutex_lock_nested+0x1c/0x40
[   20.895956]        nfnl_lock+0x24/0x40 [nfnetlink]
[   20.895968]        ip_set_nfnl_get_byindex+0x19c/0x280 [ip_set]
[   20.895977]        set_match_v1_checkentry+0x14/0xc0 [xt_set]
[   20.895989]        xt_check_match+0x23c/0x280 [x_tables]
[   20.895999]        __nft_match_init+0x160/0x180 [nft_compat]
[   20.896007]        nft_match_init+0x18/0x40 [nft_compat]
[   20.896017]        nf_tables_newrule+0x51c/0x7a0 [nf_tables]
[   20.896025]        nfnetlink_rcv_batch+0x3dc/0x620 [nfnetlink]
[   20.896033]        nfnetlink_rcv+0x110/0x140 [nfnetlink]
[   20.896040]        netlink_unicast+0x128/0x200
[   20.896047]        netlink_sendmsg+0x334/0x380
[   20.896053]        sock_sendmsg+0x34/0x80
[   20.896059]        ___sys_sendmsg+0x234/0x260
[   20.896066]        __sys_sendmsg+0x48/0x80
[   20.896072]        sys_sendmsg+0x18/0x40
[   20.896079]        linux_sparc_syscall+0x34/0x44
[   20.896085] 
               other info that might help us debug this:

[   20.896093]  Possible unsafe locking scenario:

[   20.896100]        CPU0                    CPU1
[   20.896105]        ----                    ----
[   20.896111]   lock(&net->nft.commit_mutex);
[   20.896117]                                lock(&table[i].mutex);
[   20.896125]                                lock(&net->nft.commit_mutex);
[   20.896132]   lock(&table[i].mutex);
[   20.896139] 
                *** DEADLOCK ***

[   20.896147] 1 lock held by iptables-restor/934:
[   20.896153]  #0: 0000000020181757 (&net->nft.commit_mutex){+.+.}, at: nf_tables_valid_genid+0x10/0x60 [nf_tables]
[   20.896170] 
               stack backtrace:
[   20.896178] CPU: 25 PID: 934 Comm: iptables-restor Tainted: G        W         5.3.0-rc1-00272-gc3b6a1d39742-dirty #1264
[   20.896187] Call Trace:
[   20.896194]  [00000000004ccb00] print_circular_bug+0x1c0/0x1e0
[   20.896202]  [00000000004ccd2c] check_noncircular+0x20c/0x220
[   20.896209]  [00000000004d1600] __lock_acquire+0x1b60/0x2600
[   20.896217]  [00000000004d2a04] lock_acquire+0x1a4/0x1c0
[   20.896224]  [0000000000b13a68] __mutex_lock+0x48/0x940
[   20.896231]  [0000000000b1437c] mutex_lock_nested+0x1c/0x40
[   20.896238]  [0000000010656024] nfnl_lock+0x24/0x40 [nfnetlink]
[   20.896248]  [00000000106632fc] ip_set_nfnl_get_byindex+0x19c/0x280 [ip_set]
[   20.896256]  [00000000106c65b4] set_match_v1_checkentry+0x14/0xc0 [xt_set]
[   20.896265]  [000000001031c81c] xt_check_match+0x23c/0x280 [x_tables]
[   20.896274]  [00000000106b4c40] __nft_match_init+0x160/0x180 [nft_compat]
[   20.896282]  [00000000106b4cf8] nft_match_init+0x18/0x40 [nft_compat]
[   20.896292]  [0000000010693d9c] nf_tables_newrule+0x51c/0x7a0 [nf_tables]
[   20.896301]  [00000000106568bc] nfnetlink_rcv_batch+0x3dc/0x620 [nfnetlink]
[   20.896309]  [0000000010656c10] nfnetlink_rcv+0x110/0x140 [nfnetlink]
[   20.896317]  [0000000000a0eb88] netlink_unicast+0x128/0x200
