[    0.000019] PROMLIB: Sun IEEE Boot Prom 'OBP 4.38.12 2018/03/28 14:54'
[    0.000031] PROMLIB: Root node compatible: sun4v
[    0.000078] Linux version 5.2.0-rc1-00325-geff858c178fc (mator@ttip) (gcc version 9.3.0 (Debian 9.3.0-11)) #94 SMP Tue Apr 28 16:07:26 MSK 2020
[    0.000378] printk: bootconsole [earlyprom0] enabled
[    0.000430] ARCH: SUN4V
[    0.000478] Ethernet address: 00:14:4f:fa:06:f2
[    0.000530] MM: PAGE_OFFSET is 0xfff8000000000000 (max_phys_bits == 47)
[    0.000593] MM: VMALLOC [0x0000000100000000 --> 0x0006000000000000]
[    0.000655] MM: VMEMMAP [0x0006000000000000 --> 0x000c000000000000]
[    0.012220] Kernel: Using 5 locked TLB entries for main kernel image.
[    0.012289] Remapping the kernel... 
[    0.012315] done.
[    0.045006] OF stdout device is: /virtual-devices@100/console@1
[    0.045070] PROM: Built device tree with 86230 bytes of memory.
[    0.045131] MDESC: Size is 36512 bytes.
[    0.045244] PLATFORM: banner-name [SPARC T5-2]
[    0.045295] PLATFORM: name [ORCL,SPARC-T5-2]
[    0.045340] PLATFORM: hostid [84fa06f2]
[    0.045384] PLATFORM: serial# [0035260e]
[    0.045425] PLATFORM: stick-frequency [3b9aca00]
[    0.045473] PLATFORM: mac-address [144ffa06f2]
[    0.045519] PLATFORM: watchdog-resolution [1000 ms]
[    0.045570] PLATFORM: watchdog-max-timeout [31536000000 ms]
[    0.045624] PLATFORM: max-cpus [1024]
[    0.045714] Top of RAM: 0x24af938000, Total RAM: 0x87f354000
[    0.045774] Memory hole size: 115461MB
[    0.050336] Allocated 40960 bytes for kernel page tables.
[    0.050417] Zone ranges:
[    0.050458]   Normal   [mem 0x0000000030400000-0x00000024af937fff]
[    0.050521] Movable zone start for each node
[    0.050566] Early memory node ranges
[    0.050607]   node   0: [mem 0x0000000030400000-0x000000006fe7ffff]
[    0.050669]   node   0: [mem 0x000000006ff00000-0x000000006ff25fff]
[    0.050731]   node   0: [mem 0x0000000070000000-0x000000042fffffff]
[    0.050790]   node   0: [mem 0x0000002030000000-0x00000024af87ffff]
[    0.050852]   node   0: [mem 0x00000024af900000-0x00000024af925fff]
[    0.050912]   node   0: [mem 0x00000024af930000-0x00000024af937fff]
[    0.058279] Zeroed struct page in unavailable ranges: 230130 pages
[    0.058286] Initmem setup node 0 [mem 0x0000000030400000-0x00000024af937fff]
[    0.058447] On node 0 totalpages: 4454826
[    0.058457]   Normal zone: 39154 pages used for memmap
[    0.058463]   Normal zone: 0 pages reserved
[    0.058468]   Normal zone: 4454826 pages, LIFO batch:31
[    0.066133] Booting Linux...
[    0.066217] CPU CAPS: [flush,stbar,swap,muldiv,v9,blkinit,n2,mul32]
[    0.066299] CPU CAPS: [div32,v8plus,popc,vis,vis2,ASIBlkInit,fmaf,vis3]
[    0.067379] CPU CAPS: [hpc,ima,pause,cbcond,aes,des,kasumi,camellia]
[    0.067453] CPU CAPS: [md5,sha1,sha256,sha512,mpmul,montmul,montsqr,crc32c]
[    0.096982] percpu: Embedded 27 pages/cpu s179080 r8192 d33912 u262144
[    0.097193] pcpu-alloc: s179080 r8192 d33912 u262144 alloc=1*4194304
[    0.097200] pcpu-alloc: [0] 000 001 002 003 004 005 006 007 008 009 010 011 012 013 014 015 
[    0.097228] pcpu-alloc: [0] 016 017 018 019 020 021 022 023 024 025 026 027 028 029 030 031 
[    0.097255] pcpu-alloc: [0] 032 033 034 035 036 037 038 039 040 041 042 043 044 045 046 047 
[    0.097283] pcpu-alloc: [0] 048 049 050 051 052 053 054 055 056 057 058 059 060 061 062 063 
[    0.097310] pcpu-alloc: [0] 064 065 066 067 068 069 070 071 072 073 074 075 076 077 078 079 
[    0.097337] pcpu-alloc: [0] 080 081 082 083 084 085 086 087 088 089 090 091 092 093 094 095 
[    0.097364] pcpu-alloc: [0] 096 097 098 099 100 101 102 103 104 105 106 107 108 109 110 111 
[    0.097392] pcpu-alloc: [0] 112 113 114 115 116 117 118 119 120 121 122 123 124 125 126 127 
[    0.097820] SUN4V: Mondo queue sizes [cpu(131072) dev(16384) r(8192) nr(256)]
[    0.098188] Built 1 zonelists, mobility grouping on.  Total pages: 4415672
[    0.098274] Kernel command line: BOOT_IMAGE=/vmlinux-5.2.0-rc1-00325-geff858c178fc root=/dev/vdiska2 ro zswap.enabled=1
[    0.100449] printk: log_buf_len individual max cpu contribution: 4096 bytes
[    0.100520] printk: log_buf_len total cpu_extra contributions: 520192 bytes
[    0.100588] printk: log_buf_len min size: 131072 bytes
[    0.100860] printk: log_buf_len: 1048576 bytes
[    0.100912] printk: early log buf free: 126648(96%)
[    0.107226] Dentry cache hash table entries: 8388608 (order: 13, 67108864 bytes)
[    0.110454] Inode-cache hash table entries: 4194304 (order: 12, 33554432 bytes)
[    0.110525] Sorting __ex_table...
[    0.170042] Memory: 1305232K/35638608K available (7222K kernel code, 955K rwdata, 2128K rodata, 688K init, 6666K bss, 508096K reserved, 0K cma-reserved)
[    0.170731] SLUB: HWalign=32, Order=0-3, MinObjects=0, CPUs=128, Nodes=1
[    0.171032] ftrace: allocating 20941 entries in 41 pages
[    0.181733] Running RCU self tests
[    0.181777] rcu: Hierarchical RCU implementation.
[    0.181825] rcu: 	RCU event tracing is enabled.
[    0.181875] rcu: 	RCU lockdep checking is enabled.
[    0.181926] 	Tasks RCU enabled.
[    0.181964] rcu: RCU calculated value of scheduler-enlistment delay is 10 jiffies.
[    0.186167] NR_IRQS: 2048, nr_irqs: 2048, preallocated irqs: 1
[    0.186243] SUN4V: Using IRQ API major 3, cookie only virqs enabled
[    0.188657] clocksource: stick: mask: 0xffffffffffffffff max_cycles: 0x1cd42e4dffb, max_idle_ns: 881590591483 ns
[    0.188788] clocksource: mult[800000] shift[23]
[    0.188836] clockevent: mult[80000000] shift[31]
[    0.189368] Console: colour dummy device 80x25
[    0.189430] printk: console [tty0] enabled
[    0.189503] printk: bootconsole [earlyprom0] disabled
[    0.189584] Lock dependency validator: Copyright (c) 2006 Red Hat, Inc., Ingo Molnar
[    0.189630] ... MAX_LOCKDEP_SUBCLASSES:  8
[    0.189659] ... MAX_LOCK_DEPTH:          48
[    0.189688] ... MAX_LOCKDEP_KEYS:        8191
[    0.189718] ... CLASSHASH_SIZE:          4096
[    0.189748] ... MAX_LOCKDEP_ENTRIES:     16384
[    0.189778] ... MAX_LOCKDEP_CHAINS:      32768
[    0.189808] ... CHAINHASH_SIZE:          16384
[    0.189838]  memory used by lock dependency info: 3853 kB
[    0.189873]  per task-struct memory footprint: 1920 bytes
[    0.339051] Calibrating delay using timer specific routine.. 2003.73 BogoMIPS (lpj=10018663)
[    0.339106] pid_max: default: 131072 minimum: 1024
[    0.339358] LSM: Security Framework initializing
[    0.339588] AppArmor: AppArmor initialized
[    0.339857] Mount-cache hash table entries: 131072 (order: 7, 1048576 bytes)
[    0.340016] Mountpoint-cache hash table entries: 131072 (order: 7, 1048576 bytes)
[    0.340801] *** VALIDATE proc ***
[    0.341224] *** VALIDATE cgroup1 ***
[    0.341254] *** VALIDATE cgroup2 ***
[    0.343228] rcu: Hierarchical SRCU implementation.
[    0.350645] smp: Bringing up secondary CPUs ...
[    0.392209] smp: Brought up 1 node, 32 CPUs
[    0.584129] node 0 initialised, 4228160 pages in 190ms
[    0.585615] devtmpfs: initialized
[    0.590071] Performance events: 
[    0.590114] Testing NMI watchdog ... 
[    0.790187] OK.
[    0.790284] Supported PMU type is 'niagara5'
[    0.790466] random: get_random_u32 called from bucket_table_alloc.isra.0+0x188/0x1c0 with crng_init=0
[    0.791043] ldc.c:v1.1 (July 22, 2008)
[    0.793354] clocksource: jiffies: mask: 0xffffffff max_cycles: 0xffffffff, max_idle_ns: 19112604462750000 ns
[    0.793439] futex hash table entries: 32768 (order: 9, 4194304 bytes)
[    0.798371] NET: Registered protocol family 16
[    0.805971] VIO: Adding device channel-devices (tx_ino = ffffffffffffffff, rx_ino = ffffffffffffffff)
[    0.806166] VIO: Adding device vnet-port-0-0 (tx_ino = 0, rx_ino = 1)
[    0.806358] VIO: Adding device vnet-port-0-1 (tx_ino = 2, rx_ino = 3)
[    0.806518] VIO: Adding device vnet-port-0-2 (tx_ino = 4, rx_ino = 5)
[    0.806676] VIO: Adding device vnet-port-0-3 (tx_ino = 6, rx_ino = 7)
[    0.806839] VIO: Adding device vnet-port-0-4 (tx_ino = 8, rx_ino = 9)
[    0.806996] VIO: Adding device vnet-port-0-5 (tx_ino = a, rx_ino = b)
[    0.807153] VIO: Adding device vdc-port-2-0 (tx_ino = c, rx_ino = d)
[    0.807314] VIO: Adding device vdc-port-1-0 (tx_ino = e, rx_ino = f)
[    0.807472] VIO: Adding device vdc-port-0-0 (tx_ino = 10, rx_ino = 11)
[    0.807630] VIO: Adding device vdc-port-3-0 (tx_ino = 12, rx_ino = 13)
[    0.807792] VIO: Adding device vlds-port-0-0 (tx_ino = 14, rx_ino = 15)
[    0.807952] VIO: Adding device domain-services-port-0 (tx_ino = 14, rx_ino = 15)
[    0.808222] audit: initializing netlink subsys (disabled)
[    0.808461] audit: type=2000 audit(0.420:1): state=initialized audit_enabled=0 res=1
[    0.831425] HugeTLB registered 64.0 KiB page size, pre-allocated 0 pages
[    0.831471] HugeTLB registered 8.00 MiB page size, pre-allocated 0 pages
[    0.831515] HugeTLB registered 256 MiB page size, pre-allocated 0 pages
[    0.831558] HugeTLB registered 2.00 GiB page size, pre-allocated 0 pages
[    0.833767] alg: extra crypto tests enabled.  This is intended for developer use only.
[    0.851643] cryptd: max_cpu_qlen set to 1000
[    0.879084] alg: No test for lzo-rle (lzo-rle-generic)
[    0.879532] alg: No test for lzo-rle (lzo-rle-scomp)
[    0.922607] NetLabel: Initializing
[    0.922636] NetLabel:  domain hash size = 128
[    0.922668] NetLabel:  protocols = UNLABELED CIPSOv4 CALIPSO
[    0.922795] NetLabel:  unlabeled traffic allowed by default
[    0.923730] SUN4V: Reboot data supported (maj=1,min=0).
[    0.924076] ds.c:v1.0 (Jul 11, 2007)
[    0.924403] ds-0: ds_conn_reset() from send_events.isra.0
[    0.925828] clocksource: Switched to clocksource stick
[    1.113968] VFS: Disk quotas dquot_6.6.0
[    1.114096] VFS: Dquot-cache hash table entries: 1024 (order 0, 8192 bytes)
[    1.114316] *** VALIDATE hugetlbfs ***
[    1.115905] AppArmor: AppArmor Filesystem Enabled
[    1.128021] NET: Registered protocol family 2
[    1.129437] tcp_listen_portaddr_hash hash table entries: 32768 (order: 8, 2359296 bytes)
[    1.132331] TCP established hash table entries: 524288 (order: 9, 4194304 bytes)
[    1.134286] TCP bind hash table entries: 65536 (order: 9, 4194304 bytes)
[    1.139887] TCP: Hash tables configured (established 524288 bind 65536)
[    1.142255] UDP hash table entries: 32768 (order: 9, 5242880 bytes)
[    1.148786] UDP-Lite hash table entries: 32768 (order: 9, 5242880 bytes)
[    1.156906] NET: Registered protocol family 1
[    1.156966] NET: Registered protocol family 44
[    1.157466] Trying to unpack rootfs image as initramfs...
[    1.349735] Freeing initrd memory: 14688K
[    1.350460] aes_sparc64: Using sparc64 aes opcodes optimized AES implementation
[    1.611277] des_sparc64: Using sparc64 des opcodes optimized DES implementation
[    2.073651] camellia_sparc64: Using sparc64 camellia opcodes optimized CAMELLIA implementation
[    2.245861] workingset: timestamp_bits=46 max_order=23 bucket_order=0
[    2.263447] zbud: loaded
[    2.265585] SGI XFS with ACLs, security attributes, debug enabled
[    2.272673] Block layer SCSI generic (bsg) driver version 0.4 loaded (major 252)
[    2.273432] io scheduler mq-deadline registered
[    2.276049] f029b788: ttyS0 at I/O 0x0 (irq = 1, base_baud = 115200) is a SUN4V HCONS
[    2.282434] printk: console [ttyHV0] enabled
[    2.284861] sunvdc.c:v1.2 (November 24, 2014)
[    2.286476] sunvdc: Virtual Hard disk vdiskc
[    2.286514] sunvdc: vdiskc: 104857600 sectors (51200 MB) protocol 1.2
[    2.305186] sunvdc: Virtual Hard disk vdiskb
[    2.305225] sunvdc: vdiskb: 62914560 sectors (30720 MB) protocol 1.2
[    2.305823]  vdiskb: vdiskb1
[    2.323344] sunvdc: Virtual Hard disk vdiska
[    2.323382] sunvdc: vdiska: 31457280 sectors (15360 MB) protocol 1.2
[    2.323984]  vdiska: vdiska1 vdiska2 vdiska3 vdiska4
[    2.342327] sunvdc: Virtual CDROM vdiskd
[    2.342368] sunvdc: vdiskd: 453848 sectors (221 MB) protocol 1.2
[    2.342982]  vdiskd: vdiskd1 vdiskd2 vdiskd3 vdiskd4 vdiskd5 vdiskd6 vdiskd7
[    2.360725] sunvnet: sunvnet 2.0 (February 3, 2017)
[    2.362702] vnet_port vnet-port-0-0 eth0: Sun LDOM vnet 00:14:4f:f8:12:a3
[    2.362916] sunvnet: eth0: PORT ( remote-mac 00:14:4f:fa:f3:f0 switch-port )
[    2.363262] sunvnet: eth0: PORT ( remote-mac 00:14:4f:f8:e5:f3 )
[    2.363590] sunvnet: eth0: PORT ( remote-mac 00:14:4f:f9:b4:97 )
[    2.363922] sunvnet: eth0: PORT ( remote-mac 00:14:4f:f8:3f:1e )
[    2.364247] sunvnet: eth0: PORT ( remote-mac 00:14:4f:f8:fe:47 )
[    2.364573] sunvnet: eth0: PORT ( remote-mac 00:14:4f:f9:8b:83 )
[    2.365756] rtc-sun4v rtc-sun4v: registered as rtc0
[    2.366334] sun4v_wdt: initialized (timeout=60s, nowayout=0)
[    2.366577] device-mapper: uevent: version 1.0.3
[    2.367272] device-mapper: ioctl: 4.40.0-ioctl (2019-01-18) initialised: dm-devel@redhat.com
[    2.368125] NET: Registered protocol family 17
[    2.369186] registered taskstats version 1
[    2.369939] zswap: loaded using pool lzo/zbud
[    2.548795] Key type big_key registered
[    2.548862] AppArmor: AppArmor sha1 policy hashing enabled
[    2.549636] rtc-sun4v rtc-sun4v: setting system clock to 2020-04-28T13:09:40 UTC (1588079380)
[    2.553531] This architecture does not have kernel memory protection.
[    2.553577] Run /init as init process
[    3.042965] crc32c_sparc64: Using sparc64 crc32c opcode optimized CRC32C implementation
[    3.615792] raid6: int64x8  gen()  2169 MB/s
[    3.785807] raid6: int64x8  xor()  1573 MB/s
[    3.955808] raid6: int64x4  gen()  3478 MB/s
[    4.125795] raid6: int64x4  xor()  2014 MB/s
[    4.295793] raid6: int64x2  gen()  2874 MB/s
[    4.465785] raid6: int64x2  xor()  2003 MB/s
[    4.635795] raid6: int64x1  gen()  2798 MB/s
[    4.805800] raid6: int64x1  xor()  1658 MB/s
[    4.805835] raid6: using algorithm int64x4 gen() 3478 MB/s
[    4.805874] raid6: .... xor() 2014 MB/s, rmw enabled
[    4.805910] raid6: using intx1 recovery algorithm
[    4.806720] async_tx: api initialized (async)
[    4.807202] xor: automatically using best checksumming function   Niagara   
[    4.877125] random: fast init done
[    5.062183] EXT4-fs (vdiska2): mounted filesystem with ordered data mode. Opts: (null)
[    5.274965] systemd[1]: Inserted module 'autofs4'
[    5.284048] NET: Registered protocol family 10
[    5.288776] Segment Routing with IPv6
[    5.305241] systemd[1]: systemd 245.5-2 running in system mode. (+PAM +AUDIT +SELINUX +IMA +APPARMOR +SMACK +SYSVINIT +UTMP +LIBCRYPTSETUP +GCRYPT +GNUTLS +ACL +XZ +LZ4 -SECCOMP +BLKID +ELFUTILS +KMOD +IDN2 -IDN +PCRE2 default-hierarchy=hybrid)
[    5.305891] systemd[1]: Detected architecture sparc64.
[    5.314112] systemd[1]: Set hostname to <ttip>.
[    5.410321] random: lvmconfig: uninitialized urandom read (4 bytes read)
[    5.653795] systemd[1]: /lib/systemd/system/dbus.socket:5: ListenStream= references a path below legacy directory /var/run/, updating /var/run/dbus/system_bus_socket â†’ /run/dbus/system_bus_socket; please update the unit file accordingly.
[    5.721602] random: systemd: uninitialized urandom read (16 bytes read)
[    5.728477] systemd[1]: Created slice system-getty.slice.
[    5.729153] random: systemd: uninitialized urandom read (16 bytes read)
[    5.731589] systemd[1]: Created slice system-modprobe.slice.
[    5.734903] systemd[1]: Created slice system-openvpn\x2dclient.slice.
[    5.739458] systemd[1]: Created slice system-postfix.slice.
[    5.742842] systemd[1]: Created slice system-systemd\x2dfsck.slice.
[    5.746354] systemd[1]: Created slice User and Session Slice.
[    5.747231] systemd[1]: Started Dispatch Password Requests to Console Directory Watch.
[    5.748037] systemd[1]: Started Forward Password Requests to Wall Directory Watch.
[    5.750098] systemd[1]: Set up automount Arbitrary Executable File Formats File System Automount Point.
[    5.750641] systemd[1]: Reached target Local Encrypted Volumes.
[    5.751120] systemd[1]: Reached target Paths.
[    5.751555] systemd[1]: Reached target Remote File Systems.
[    5.751996] systemd[1]: Reached target Slices.
[    5.752874] systemd[1]: Listening on Device-mapper event daemon FIFOs.
[    5.753900] systemd[1]: Listening on LVM2 poll daemon socket.
[    5.756001] systemd[1]: Listening on Syslog Socket.
[    5.756966] systemd[1]: Listening on fsck to fsckd communication Socket.
[    5.757723] systemd[1]: Listening on initctl Compatibility Named Pipe.
[    5.759118] systemd[1]: Listening on Journal Audit Socket.
[    5.760084] systemd[1]: Listening on Journal Socket (/dev/log).
[    5.761222] systemd[1]: Listening on Journal Socket.
[    5.762276] systemd[1]: Listening on udev Control Socket.
[    5.763088] systemd[1]: Listening on udev Kernel Socket.
[    5.772291] systemd[1]: Mounting Huge Pages File System...
[    5.781396] systemd[1]: Mounting POSIX Message Queue File System...
[    5.789917] systemd[1]: Mounting Kernel Debug File System...
[    5.801449] systemd[1]: Mounting Kernel Trace File System...
[    5.810725] systemd[1]: Starting Availability of block devices...
[    5.819129] systemd[1]: Starting Wait for network to be configured by ifupdown...
[    5.827438] systemd[1]: Starting Create list of static device nodes for the current kernel...
[    5.835197] systemd[1]: Starting Monitoring of LVM2 mirrors, snapshots etc. using dmeventd or progress polling...
[    5.844420] systemd[1]: Starting Load Kernel Module drm...
[    5.853891] systemd[1]: Starting nftables...
[    5.855933] systemd[1]: Condition check resulted in Set Up Additional Binary Formats being skipped.
[    5.856164] systemd[1]: Condition check resulted in File System Check on Root Device being skipped.
[    5.867567] systemd[1]: Starting Journal Service...
[    5.877235] systemd[1]: Starting Load Kernel Modules...
[    5.885214] systemd[1]: Starting Remount Root and Kernel File Systems...
[    5.894411] systemd[1]: Starting udev Coldplug all Devices...
[    5.902879] systemd[1]: Mounted Huge Pages File System.
[    5.904464] systemd[1]: Mounted POSIX Message Queue File System.
[    5.905959] systemd[1]: Mounted Kernel Debug File System.
[    5.907369] systemd[1]: Mounted Kernel Trace File System.
[    5.914562] systemd[1]: Finished Availability of block devices.
[    5.921745] systemd[1]: Finished Wait for network to be configured by ifupdown.
[    5.928827] systemd[1]: Finished Create list of static device nodes for the current kernel.
[    5.932356] systemd[1]: modprobe@drm.service: Succeeded.
[    5.937203] systemd[1]: Finished Load Kernel Module drm.
[    5.941981] EXT4-fs (vdiska2): re-mounted. Opts: errors=remount-ro
[    5.956891] systemd[1]: Started Journal Service.
[    6.047705] systemd-journald[542]: Received client request to flush runtime journal.
[    6.407871] sha1_sparc64: Using sparc64 sha1 opcode optimized SHA-1 implementation
[    6.409914] n2rng v0.3 (Jan 7, 2017)
[    6.410022] n2rng f029b104: Registered RNG HVAPI major 2 minor 0
[    6.410125] n2rng f029b104: Found multi-unit-capable RNG, units: 2
[    6.411457] n2rng f029b104: RNG ready
[    6.454883] ------------[ cut here ]------------
[    6.454961] WARNING: CPU: 19 PID: 615 at drivers/block/pktcdvd.c:2597 pkt_setup_dev+0x2e4/0x5a0 [pktcdvd]
[    6.455024] Attempt to register a non-SCSI queue
[    6.455060] Modules linked in: pktcdvd cdrom n2_rng sha1_sparc64(+) rng_core flash nf_tables nfnetlink ip_tables x_tables ipv6 crc_ccitt autofs4 ext4 crc16 mbcache jbd2 raid10 raid456 async_raid6_recov async_memcpy async_pq async_xor xor async_tx raid6_pq raid1 raid0 multipath linear md_mod crc32c_sparc64
[    6.455282] CPU: 19 PID: 615 Comm: pktsetup Not tainted 5.2.0-rc1-00325-geff858c178fc #94
[    6.455338] Call Trace:
[    6.455367]  [0000000000468480] __warn+0xc0/0x100
[    6.455404]  [00000000004684f4] warn_slowpath_fmt+0x34/0x60
[    6.455447]  [00000000102f5264] pkt_setup_dev+0x2e4/0x5a0 [pktcdvd]
[    6.455498]  [00000000102f6d14] pkt_ctl_ioctl+0x94/0x240 [pktcdvd]
[    6.455557]  [00000000006ac9d0] do_vfs_ioctl+0x630/0x6e0
[    6.455603]  [00000000006acac8] ksys_ioctl+0x48/0x80
[    6.455654]  [00000000006acb14] sys_ioctl+0x14/0x40
[    6.455717]  [0000000000406294] linux_sparc_syscall+0x34/0x44
[    6.455925] irq event stamp: 3469
[    6.456003] hardirqs last  enabled at (3477): [<00000000004e0f24>] console_unlock+0x644/0x6e0
[    6.456073] hardirqs last disabled at (3484): [<00000000004e09e4>] console_unlock+0x104/0x6e0
[    6.456143] softirqs last  enabled at (3468): [<0000000000b11908>] __do_softirq+0x4a8/0x520
[    6.456217] softirqs last disabled at (3459): [<000000000042d014>] do_softirq_own_stack+0x34/0x60
[    6.456288] ---[ end trace 20828ea09824206c ]---
[    6.458013] pktcdvd: setup of pktcdvd device failed
[    6.513539] pktcdvd: setup of pktcdvd device failed
[    6.517465] pktcdvd: setup of pktcdvd device failed
[    6.521044] pktcdvd: setup of pktcdvd device failed
[    6.525118] pktcdvd: setup of pktcdvd device failed
[    6.528979] pktcdvd: setup of pktcdvd device failed
[    6.529057] Adding 787176k swap on /dev/vdiska4.  Priority:-2 extents:1 across:787176k FS
[    6.533054] pktcdvd: setup of pktcdvd device failed
[    6.537425] pktcdvd: setup of pktcdvd device failed
[    6.610205] sha256_sparc64: Using sparc64 sha256 opcode optimized SHA-256/SHA-224 implementation
[    6.665362] EXT4-fs (vdiska1): mounting ext3 file system using the ext4 subsystem
[    6.678674] EXT4-fs (vdiska1): mounted filesystem with ordered data mode. Opts: (null)
[    6.754169] sha512_sparc64: Using sparc64 sha512 opcode optimized SHA-512/SHA-384 implementation
[    6.756133] md5_sparc64: Using sparc64 md5 opcode optimized MD5 implementation
[    6.814681] XFS (dm-0): Mounting V5 Filesystem
[    6.832751] XFS (dm-0): Ending clean mount
[    6.944361] Kernel unaligned access at TPC[84e258] aa_dfa_unpack+0x38/0x5c0
[    6.944510] Kernel unaligned access at TPC[84e278] aa_dfa_unpack+0x58/0x5c0
[    6.944589] Kernel unaligned access at TPC[84e340] aa_dfa_unpack+0x120/0x5c0
[    6.944670] Kernel unaligned access at TPC[84e420] aa_dfa_unpack+0x200/0x5c0
[    6.944744] Kernel unaligned access at TPC[84e434] aa_dfa_unpack+0x214/0x5c0
[    6.946169] audit: type=1400 audit(1588079384.890:2): apparmor="STATUS" operation="profile_load" profile="unconfined" name="/usr/sbin/haveged" pid=714 comm="apparmor_parser"
[    6.947417] audit: type=1400 audit(1588079384.890:3): apparmor="STATUS" operation="profile_load" profile="unconfined" name="lsb_release" pid=719 comm="apparmor_parser"
[    6.949757] audit: type=1400 audit(1588079384.890:4): apparmor="STATUS" operation="profile_load" profile="unconfined" name="/usr/sbin/named" pid=718 comm="apparmor_parser"
[    6.951582] audit: type=1400 audit(1588079384.890:5): apparmor="STATUS" operation="profile_load" profile="unconfined" name="/usr/sbin/tcpdump" pid=717 comm="apparmor_parser"
[    6.952415] audit: type=1400 audit(1588079384.890:6): apparmor="STATUS" operation="profile_load" profile="unconfined" name="nvidia_modprobe" pid=715 comm="apparmor_parser"
[    6.952527] audit: type=1400 audit(1588079384.890:7): apparmor="STATUS" operation="profile_load" profile="unconfined" name="nvidia_modprobe//kmod" pid=715 comm="apparmor_parser"
[    6.968960] audit: type=1400 audit(1588079384.910:8): apparmor="STATUS" operation="profile_load" profile="unconfined" name="/usr/bin/man" pid=716 comm="apparmor_parser"
[    6.969099] audit: type=1400 audit(1588079384.910:9): apparmor="STATUS" operation="profile_load" profile="unconfined" name="man_filter" pid=716 comm="apparmor_parser"
[    6.969230] audit: type=1400 audit(1588079384.910:10): apparmor="STATUS" operation="profile_load" profile="unconfined" name="man_groff" pid=716 comm="apparmor_parser"
[    7.447526] random: crng init done
[    7.447528] random: crng init done
[    7.447537] random: 7 urandom warning(s) missed due to ratelimiting
[    7.447590] random: 7 urandom warning(s) missed due to ratelimiting
