[    0.000019] PROMLIB: Sun IEEE Boot Prom 'OBP 4.38.12 2018/03/28 14:54'
[    0.000032] PROMLIB: Root node compatible: sun4v
[    0.000082] Linux version 5.7.0-13089-gabfbb29297c2 (mator@ttip) (gcc (Debian 9.3.0-12) 9.3.0, GNU ld (GNU Binutils for Debian) 2.34) #143 SMP Tue Jun 9 13:33:41 MSK 2020
[    0.000419] printk: bootconsole [earlyprom0] enabled
[    0.000472] ARCH: SUN4V
[    0.000522] Ethernet address: 00:14:4f:fa:06:f2
[    0.000576] MM: PAGE_OFFSET is 0xfff8000000000000 (max_phys_bits == 47)
[    0.000641] MM: VMALLOC [0x0000000100000000 --> 0x0006000000000000]
[    0.000702] MM: VMEMMAP [0x0006000000000000 --> 0x000c000000000000]
[    0.012981] Kernel: Using 5 locked TLB entries for main kernel image.
[    0.013063] Remapping the kernel... 
[    0.013088] done.
[    0.046220] OF stdout device is: /virtual-devices@100/console@1
[    0.046298] PROM: Built device tree with 86758 bytes of memory.
[    0.046368] MDESC: Size is 36224 bytes.
[    0.046495] PLATFORM: banner-name [SPARC T5-2]
[    0.046545] PLATFORM: name [ORCL,SPARC-T5-2]
[    0.046593] PLATFORM: hostid [84fa06f2]
[    0.046636] PLATFORM: serial# [0035260e]
[    0.046678] PLATFORM: stick-frequency [3b9aca00]
[    0.046726] PLATFORM: mac-address [144ffa06f2]
[    0.046772] PLATFORM: watchdog-resolution [1000 ms]
[    0.046824] PLATFORM: watchdog-max-timeout [31536000000 ms]
[    0.046881] PLATFORM: max-cpus [1024]
[    0.051687] Allocated 40960 bytes for kernel page tables.
[    0.051785] Zone ranges:
[    0.051826]   Normal   [mem 0x0000000030400000-0x00000024af937fff]
[    0.051892] Movable zone start for each node
[    0.051939] Early memory node ranges
[    0.051981]   node   0: [mem 0x0000000030400000-0x000000006fe7ffff]
[    0.052046]   node   0: [mem 0x000000006ff00000-0x000000006ff25fff]
[    0.052108]   node   0: [mem 0x0000000070000000-0x000000042fffffff]
[    0.052175]   node   0: [mem 0x0000002030000000-0x00000024af87ffff]
[    0.052237]   node   0: [mem 0x00000024af900000-0x00000024af925fff]
[    0.052299]   node   0: [mem 0x00000024af930000-0x00000024af937fff]
[    0.066660] Zeroed struct page in unavailable ranges: 263766 pages
[    0.066669] Initmem setup node 0 [mem 0x0000000030400000-0x00000024af937fff]
[    0.066831] On node 0 totalpages: 4454826
[    0.066841]   Normal zone: 39154 pages used for memmap
[    0.066846]   Normal zone: 0 pages reserved
[    0.066852]   Normal zone: 4454826 pages, LIFO batch:31
[    0.225562] Booting Linux...
[    0.225648] CPU CAPS: [flush,stbar,swap,muldiv,v9,blkinit,n2,mul32]
[    0.225732] CPU CAPS: [div32,v8plus,popc,vis,vis2,ASIBlkInit,fmaf,vis3]
[    0.225810] CPU CAPS: [hpc,ima,pause,cbcond,aes,des,kasumi,camellia]
[    0.225884] CPU CAPS: [md5,sha1,sha256,sha512,mpmul,montmul,montsqr,crc32c]
[    0.255666] percpu: Embedded 27 pages/cpu s184016 r8192 d28976 u262144
[    0.255907] pcpu-alloc: s184016 r8192 d28976 u262144 alloc=1*4194304
[    0.255914] pcpu-alloc: [0] 000 001 002 003 004 005 006 007 008 009 010 011 012 013 014 015 
[    0.255942] pcpu-alloc: [0] 016 017 018 019 020 021 022 023 024 025 026 027 028 029 030 031 
[    0.255969] pcpu-alloc: [0] 032 033 034 035 036 037 038 039 040 041 042 043 044 045 046 047 
[    0.255997] pcpu-alloc: [0] 048 049 050 051 052 053 054 055 056 057 058 059 060 061 062 063 
[    0.256025] pcpu-alloc: [0] 064 065 066 067 068 069 070 071 072 073 074 075 076 077 078 079 
[    0.256052] pcpu-alloc: [0] 080 081 082 083 084 085 086 087 088 089 090 091 092 093 094 095 
[    0.256080] pcpu-alloc: [0] 096 097 098 099 100 101 102 103 104 105 106 107 108 109 110 111 
[    0.256107] pcpu-alloc: [0] 112 113 114 115 116 117 118 119 120 121 122 123 124 125 126 127 
[    0.256522] SUN4V: Mondo queue sizes [cpu(131072) dev(16384) r(8192) nr(256)]
[    0.256903] Built 1 zonelists, mobility grouping on.  Total pages: 4415672
[    0.256972] Policy zone: Normal
[    0.257031] Kernel command line: BOOT_IMAGE=/vmlinux-5.7.0-13089-gabfbb29297c2 root=/dev/vdiska2 ro zswap.enabled=1
[    0.259934] printk: log_buf_len individual max cpu contribution: 4096 bytes
[    0.260005] printk: log_buf_len total cpu_extra contributions: 520192 bytes
[    0.260072] printk: log_buf_len min size: 131072 bytes
[    0.260344] printk: log_buf_len: 1048576 bytes
[    0.260396] printk: early log buf free: 126704(96%)
[    0.266721] Dentry cache hash table entries: 8388608 (order: 13, 67108864 bytes, linear)
[    0.269962] Inode-cache hash table entries: 4194304 (order: 12, 33554432 bytes, linear)
[    0.270045] Sorting __ex_table...
[    0.270297] mem auto-init: stack:off, heap alloc:off, heap free:off
[    0.377185] Memory: 35129168K/35638608K available (7910K kernel code, 1065K rwdata, 2344K rodata, 656K init, 6832K bss, 509440K reserved, 0K cma-reserved)
[    0.377870] SLUB: HWalign=32, Order=0-3, MinObjects=0, CPUs=128, Nodes=32
[    0.378171] ftrace: allocating 22141 entries in 44 pages
[    0.386646] ftrace: allocated 44 pages with 3 groups
[    0.389626] Running RCU self tests
[    0.389720] rcu: Hierarchical RCU implementation.
[    0.389772] rcu: 	RCU event tracing is enabled.
[    0.389822] rcu: 	RCU lockdep checking is enabled.
[    0.389874] 	Trampoline variant of Tasks RCU enabled.
[    0.389926] 	Rude variant of Tasks RCU enabled.
[    0.389973] 	Tracing variant of Tasks RCU enabled.
[    0.390023] rcu: RCU calculated value of scheduler-enlistment delay is 10 jiffies.
[    0.394420] NR_IRQS: 2048, nr_irqs: 2048, preallocated irqs: 1
[    0.394503] SUN4V: Using IRQ API major 3, cookie only virqs enabled
[    0.397067] clocksource: stick: mask: 0xffffffffffffffff max_cycles: 0x1cd42e4dffb, max_idle_ns: 881590591483 ns
[    0.397199] clocksource: mult[800000] shift[23]
[    0.397249] clockevent: mult[80000000] shift[31]
[    0.397658] Console: colour dummy device 80x25
[    0.397723] printk: console [tty0] enabled
[    0.397802] printk: bootconsole [earlyprom0] disabled
[    0.397890] Lock dependency validator: Copyright (c) 2006 Red Hat, Inc., Ingo Molnar
[    0.397943] ... MAX_LOCKDEP_SUBCLASSES:  8
[    0.397975] ... MAX_LOCK_DEPTH:          48
[    0.398008] ... MAX_LOCKDEP_KEYS:        8192
[    0.398041] ... CLASSHASH_SIZE:          4096
[    0.398074] ... MAX_LOCKDEP_ENTRIES:     16384
[    0.398108] ... MAX_LOCKDEP_CHAINS:      32768
[    0.398142] ... CHAINHASH_SIZE:          16384
[    0.398175]  memory used by lock dependency info: 3919 kB
[    0.398214]  memory used for stack traces: 2112 kB
[    0.398250]  per task-struct memory footprint: 1920 bytes
[    0.547673] Calibrating delay using timer specific routine.. 2009.93 BogoMIPS (lpj=10049671)
[    0.547749] pid_max: default: 131072 minimum: 1024
[    0.548047] LSM: Security Framework initializing
[    0.548222] AppArmor: AppArmor initialized
[    0.548499] Mount-cache hash table entries: 131072 (order: 7, 1048576 bytes, linear)
[    0.548668] Mountpoint-cache hash table entries: 131072 (order: 7, 1048576 bytes, linear)
[    0.553897] rcu: Hierarchical SRCU implementation.
[    0.562848] smp: Bringing up secondary CPUs ...
[    0.609432] smp: Brought up 1 node, 32 CPUs
[    0.615184] devtmpfs: initialized
[    0.620258] Performance events: 
[    0.620301] Testing NMI watchdog ... 
[    0.820384] OK.
[    0.820560] Supported PMU type is 'niagara5'
[    0.820781] random: get_random_u32 called from bucket_table_alloc.isra.0+0x198/0x1c0 with crng_init=0
[    0.821384] ldc.c:v1.1 (July 22, 2008)
[    0.824042] clocksource: jiffies: mask: 0xffffffff max_cycles: 0xffffffff, max_idle_ns: 19112604462750000 ns
[    0.824139] futex hash table entries: 32768 (order: 9, 4194304 bytes, linear)
[    0.830212] NET: Registered protocol family 16
[    0.839602] VIO: Adding device channel-devices (tx_ino = ffffffffffffffff, rx_ino = ffffffffffffffff)
[    0.839826] VIO: Adding device vnet-port-0-0 (tx_ino = 0, rx_ino = 1)
[    0.840046] VIO: Adding device vnet-port-0-1 (tx_ino = 2, rx_ino = 3)
[    0.840228] VIO: Adding device vnet-port-0-2 (tx_ino = 4, rx_ino = 5)
[    0.840408] VIO: Adding device vnet-port-0-3 (tx_ino = 6, rx_ino = 7)
[    0.840630] VIO: Adding device vnet-port-0-4 (tx_ino = 8, rx_ino = 9)
[    0.840820] VIO: Adding device vdc-port-2-0 (tx_ino = c, rx_ino = d)
[    0.841000] VIO: Adding device vdc-port-1-0 (tx_ino = e, rx_ino = f)
[    0.841184] VIO: Adding device vdc-port-0-0 (tx_ino = 10, rx_ino = 11)
[    0.841365] VIO: Adding device vdc-port-3-0 (tx_ino = 12, rx_ino = 13)
[    0.841544] VIO: Adding device vlds-port-0-0 (tx_ino = 14, rx_ino = 15)
[    0.841733] VIO: Adding device domain-services-port-0 (tx_ino = 14, rx_ino = 15)
[    0.842045] audit: initializing netlink subsys (disabled)
[    0.842374] audit: type=2000 audit(0.440:1): state=initialized audit_enabled=0 res=1
[    0.873879] HugeTLB registered 64.0 KiB page size, pre-allocated 0 pages
[    0.873939] HugeTLB registered 8.00 MiB page size, pre-allocated 0 pages
[    0.873988] HugeTLB registered 256 MiB page size, pre-allocated 0 pages
[    0.874036] HugeTLB registered 2.00 GiB page size, pre-allocated 0 pages
[    0.877379] alg: extra crypto tests enabled.  This is intended for developer use only.
[    0.900771] cryptd: max_cpu_qlen set to 1000
[    1.007100] NetLabel: Initializing
[    1.007141] NetLabel:  domain hash size = 128
[    1.007176] NetLabel:  protocols = UNLABELED CIPSOv4 CALIPSO
[    1.007308] NetLabel:  unlabeled traffic allowed by default
[    1.008306] SUN4V: Reboot data supported (maj=1,min=0).
[    1.008957] ds.c:v1.0 (Jul 11, 2007)
[    1.009331] ds-0: ds_conn_reset() from send_events.isra.0
[    1.010832] clocksource: Switched to clocksource stick
[    1.226526] VFS: Disk quotas dquot_6.6.0
[    1.227230] VFS: Dquot-cache hash table entries: 1024 (order 0, 8192 bytes)
[    1.230973] AppArmor: AppArmor Filesystem Enabled
[    1.246114] NET: Registered protocol family 2
[    1.249180] tcp_listen_portaddr_hash hash table entries: 32768 (order: 8, 2621440 bytes, linear)
[    1.252258] TCP established hash table entries: 524288 (order: 9, 4194304 bytes, linear)
[    1.254720] TCP bind hash table entries: 65536 (order: 9, 4718592 bytes, linear)
[    1.260289] TCP: Hash tables configured (established 524288 bind 65536)
[    1.263039] UDP hash table entries: 32768 (order: 9, 5242880 bytes, linear)
[    1.269289] UDP-Lite hash table entries: 32768 (order: 9, 5242880 bytes, linear)
[    1.278123] NET: Registered protocol family 1
[    1.278192] NET: Registered protocol family 44
[    1.278898] Trying to unpack rootfs image as initramfs...
[    1.480039] Freeing initrd memory: 14872K
[    1.481184] aes_sparc64: Using sparc64 aes opcodes optimized AES implementation
[    1.734741] des_sparc64: Using sparc64 des opcodes optimized DES implementation
[    2.200359] camellia_sparc64: Using sparc64 camellia opcodes optimized CAMELLIA implementation
[    2.371917] workingset: timestamp_bits=41 max_order=23 bucket_order=0
[    2.392925] zbud: loaded
[    2.397288] SGI XFS with ACLs, security attributes, quota, fatal assert, debug enabled
[    2.427425] Block layer SCSI generic (bsg) driver version 0.4 loaded (major 252)
[    2.428491] io scheduler mq-deadline registered
[    2.431778] f029b788: ttyHV0 at I/O 0x0 (irq = 1, base_baud = 115200) is a SUN4V HCONS
[    2.432782] printk: console [ttyHV0] enabled
[    2.437513] sunvdc.c:v1.2 (November 24, 2014)
[    2.441078] sunvdc: Virtual Hard disk vdiskc
[    2.441121] sunvdc: vdiskc: 104857600 sectors (51200 MB) protocol 1.2
[    2.469651] sunvdc: Virtual Hard disk vdiskb
[    2.469704] sunvdc: vdiskb: 62914560 sectors (30720 MB) protocol 1.2
[    2.471459]  vdiskb: vdiskb1
[    2.493521] sunvdc: Virtual Hard disk vdiska
[    2.493572] sunvdc: vdiska: 31457280 sectors (15360 MB) protocol 1.2
[    2.494788]  vdiska: vdiska1 vdiska2 vdiska3 vdiska4
[    2.518017] sunvdc: Virtual CDROM vdiskd
[    2.518074] sunvdc: vdiskd: 453848 sectors (221 MB) protocol 1.2
[    2.519330]  vdiskd: vdiskd1 vdiskd2 vdiskd3 vdiskd4 vdiskd5 vdiskd6 vdiskd7
[    2.540424] sunvnet: sunvnet 2.0 (February 3, 2017)
[    2.543172] vnet_port vnet-port-0-0 eth0: Sun LDOM vnet 00:14:4f:f8:12:a3
[    2.543408] sunvnet: eth0: PORT ( remote-mac 00:14:4f:fa:f3:f0 switch-port )
[    2.544057] sunvnet: eth0: PORT ( remote-mac 00:14:4f:f8:e5:f3 )
[    2.544671] sunvnet: eth0: PORT ( remote-mac 00:14:4f:f9:b4:97 )
[    2.545271] sunvnet: eth0: PORT ( remote-mac 00:14:4f:f8:3f:1e )
[    2.545865] sunvnet: eth0: PORT ( remote-mac 00:14:4f:f8:fe:47 )
[    2.547184] rtc-sun4v rtc-sun4v: registered as rtc0
[    2.547338] rtc-sun4v rtc-sun4v: setting system clock to 2020-06-09T12:57:15 UTC (1591707435)
[    2.547970] sun4v_wdt: initialized (timeout=60s, nowayout=0)
[    2.548361] device-mapper: uevent: version 1.0.3
[    2.549389] device-mapper: ioctl: 4.42.0-ioctl (2020-02-27) initialised: dm-devel@redhat.com
[    2.550417] NET: Registered protocol family 17
[    2.550932] registered taskstats version 1
[    2.551938] zswap: loaded using pool lzo/zbud
[    2.553396] AppArmor: AppArmor sha1 policy hashing enabled
[    2.558587] This architecture does not have kernel memory protection.
[    2.558647] Run /init as init process
[    2.558681]   with arguments:
[    2.558688]     /init
[    2.558695]   with environment:
[    2.558701]     HOME=/
[    2.558708]     TERM=linux
[    2.558714]     BOOT_IMAGE=/vmlinux-5.7.0-13089-gabfbb29297c2
[    3.068382] crc32c_sparc64: Using sparc64 crc32c opcode optimized CRC32C implementation
[    3.160219] random: fast init done
[    3.620772] raid6: int64x8  gen()  2148 MB/s
[    3.790767] raid6: int64x8  xor()  1532 MB/s
[    3.960779] raid6: int64x4  gen()  3410 MB/s
[    4.130765] raid6: int64x4  xor()  1478 MB/s
[    4.300778] raid6: int64x2  gen()  2780 MB/s
[    4.470768] raid6: int64x2  xor()  1165 MB/s
[    4.640775] raid6: int64x1  gen()  1369 MB/s
[    4.810791] raid6: int64x1  xor()   668 MB/s
[    4.810855] raid6: using algorithm int64x4 gen() 3410 MB/s
[    4.810900] raid6: .... xor() 1478 MB/s, rmw enabled
[    4.810941] raid6: using intx1 recovery algorithm
[    4.811832] async_tx: api initialized (async)
[    4.812442] xor: automatically using best checksumming function   Niagara   
[    5.026354] process '/usr/bin/fstype' started with executable stack
[    5.141020] EXT4-fs (vdiska2): mounted filesystem with ordered data mode. Opts: (null)
[    7.291620] systemd[1]: Inserted module 'autofs4'
[    7.417569] NET: Registered protocol family 10
[    7.424063] Segment Routing with IPv6
[    7.505884] systemd[1]: systemd 245.6-1 running in system mode. (+PAM +AUDIT +SELINUX +IMA +APPARMOR +SMACK +SYSVINIT +UTMP +LIBCRYPTSETUP +GCRYPT +GNUTLS +ACL +XZ +LZ4 -SECCOMP +BLKID +ELFUTILS +KMOD +IDN2 -IDN +PCRE2 default-hierarchy=hybrid)
[    7.506523] systemd[1]: Detected architecture sparc64.
[    7.681939] systemd[1]: Set hostname to <ttip>.
[    8.774204] random: lvmconfig: uninitialized urandom read (4 bytes read)
[   10.091753] random: systemd: uninitialized urandom read (16 bytes read)
[   10.136585] systemd[1]: Created slice system-getty.slice.
[   10.137485] random: systemd: uninitialized urandom read (16 bytes read)
[   10.148030] systemd[1]: Created slice system-modprobe.slice.
[   10.148523] random: systemd: uninitialized urandom read (16 bytes read)
[   10.157459] systemd[1]: Created slice system-openvpn\x2dclient.slice.
[   10.197451] systemd[1]: Created slice system-postfix.slice.
[   10.207427] systemd[1]: Created slice system-systemd\x2dfsck.slice.
[   10.218721] systemd[1]: Created slice User and Session Slice.
[   10.219733] systemd[1]: Started Dispatch Password Requests to Console Directory Watch.
[   10.220600] systemd[1]: Started Forward Password Requests to Wall Directory Watch.
[   10.223672] systemd[1]: Set up automount Arbitrary Executable File Formats File System Automount Point.
[   10.224274] systemd[1]: Reached target Local Encrypted Volumes.
[   10.224801] systemd[1]: Reached target Paths.
[   10.225265] systemd[1]: Reached target Remote File Systems.
[   10.225738] systemd[1]: Reached target Slices.
[   10.226715] systemd[1]: Listening on Device-mapper event daemon FIFOs.
[   10.227884] systemd[1]: Listening on LVM2 poll daemon socket.
[   10.255588] systemd[1]: Listening on Syslog Socket.
[   10.256809] systemd[1]: Listening on fsck to fsckd communication Socket.
[   10.257655] systemd[1]: Listening on initctl Compatibility Named Pipe.
[   10.258947] systemd[1]: Listening on Journal Audit Socket.
[   10.259964] systemd[1]: Listening on Journal Socket (/dev/log).
[   10.261235] systemd[1]: Listening on Journal Socket.
[   10.262366] systemd[1]: Listening on udev Control Socket.
[   10.263222] systemd[1]: Listening on udev Kernel Socket.
[   10.280278] systemd[1]: Mounting Huge Pages File System...
[   10.296187] systemd[1]: Mounting POSIX Message Queue File System...
[   10.312531] systemd[1]: Mounting Kernel Debug File System...
[   10.380038] systemd[1]: Mounting Kernel Trace File System...
[   10.394962] systemd[1]: Starting Availability of block devices...
[   10.411261] systemd[1]: Starting Wait for network to be configured by ifupdown...
[   10.426954] systemd[1]: Starting Create list of static device nodes for the current kernel...
[   10.442537] systemd[1]: Starting Monitoring of LVM2 mirrors, snapshots etc. using dmeventd or progress polling...
[   10.458040] systemd[1]: Starting Load Kernel Module drm...
[   10.473972] systemd[1]: Starting nftables...
[   10.485689] systemd[1]: Condition check resulted in Set Up Additional Binary Formats being skipped.
[   10.486015] systemd[1]: Condition check resulted in File System Check on Root Device being skipped.
[   10.507881] systemd[1]: Starting Journal Service...
[   10.529874] systemd[1]: Starting Load Kernel Modules...
[   10.546263] systemd[1]: Starting Remount Root and Kernel File Systems...
[   10.563509] systemd[1]: Starting udev Coldplug all Devices...
[   10.574586] systemd[1]: Mounted Huge Pages File System.
[   10.576584] systemd[1]: Mounted POSIX Message Queue File System.
[   10.578460] systemd[1]: Mounted Kernel Debug File System.
[   10.580372] systemd[1]: Mounted Kernel Trace File System.
[   10.590612] systemd[1]: Finished Availability of block devices.
[   10.597956] systemd[1]: Finished Wait for network to be configured by ifupdown.
[   10.604942] systemd[1]: Finished Create list of static device nodes for the current kernel.
[   10.607916] systemd[1]: modprobe@drm.service: Succeeded.
[   10.612585] systemd[1]: Finished Load Kernel Module drm.
[   10.624562] systemd[1]: Finished Load Kernel Modules.
[   10.631096] systemd[1]: Condition check resulted in FUSE Control File System being skipped.
[   10.631542] systemd[1]: Condition check resulted in Kernel Configuration File System being skipped.
[   10.638641] EXT4-fs (vdiska2): re-mounted. Opts: errors=remount-ro
[   10.647076] systemd[1]: Starting Apply Kernel Variables...
[   10.670251] systemd[1]: Finished Remount Root and Kernel File Systems.
[   10.759594] systemd[1]: Starting Initial Check File System Quotas...
[   10.871281] systemd[1]: Condition check resulted in Rebuild Hardware Database being skipped.
[   10.871634] systemd[1]: Condition check resulted in Platform Persistent Storage Archival being skipped.
[   10.886996] systemd[1]: Starting Load/Save Random Seed...
[   10.902982] systemd[1]: Starting Create System Users...
[   10.904908] systemd[1]: Started Journal Service.
[   10.997044] systemd-journald[496]: Received client request to flush runtime journal.
[   13.195835] sha1_sparc64: Using sparc64 sha1 opcode optimized SHA-1 implementation
[   13.453943] n2rng v0.3 (Jan 7, 2017)
[   13.454030] n2rng f029b104: Registered RNG HVAPI major 2 minor 0
[   13.454098] n2rng f029b104: Found multi-unit-capable RNG, units: 2
[   13.455619] n2rng f029b104: RNG ready
[   13.471410] sha256_sparc64: Using sparc64 sha256 opcode optimized SHA-256/SHA-224 implementation
[   13.620582] pktcdvd: setup of pktcdvd device failed
[   13.665452] sha512_sparc64: Using sparc64 sha512 opcode optimized SHA-512/SHA-384 implementation
[   13.668103] pktcdvd: setup of pktcdvd device failed
[   13.671545] pktcdvd: setup of pktcdvd device failed
[   13.679877] pktcdvd: setup of pktcdvd device failed
[   13.683293] pktcdvd: setup of pktcdvd device failed
[   13.687230] pktcdvd: setup of pktcdvd device failed
[   13.690314] pktcdvd: setup of pktcdvd device failed
[   13.694174] pktcdvd: setup of pktcdvd device failed
[   13.727349] md5_sparc64: Using sparc64 md5 opcode optimized MD5 implementation
[   14.120908] Adding 787176k swap on /dev/vdiska4.  Priority:-2 extents:1 across:787176k FS
[   14.174753] XFS (dm-0): Mounting V5 Filesystem
[   14.366466] XFS (dm-0): Ending clean mount
[   14.452966] xfs filesystem being mounted at /1 supports timestamps until 2038 (0x7fffffff)
[   14.700146] EXT4-fs (vdiska1): mounting ext3 file system using the ext4 subsystem
[   15.043198] EXT4-fs (vdiska1): mounted filesystem with ordered data mode. Opts: (null)
[   15.043432] ext3 filesystem being mounted at /boot supports timestamps until 2038 (0x7fffffff)
[   15.351385] random: crng init done
[   15.351520] random: 6 urandom warning(s) missed due to ratelimiting
[   16.242928] Kernel unaligned access at TPC[8b84d8] aa_dfa_unpack+0x38/0x640
[   16.243060] Kernel unaligned access at TPC[8b84f8] aa_dfa_unpack+0x58/0x640
[   16.243142] Kernel unaligned access at TPC[8b85bc] aa_dfa_unpack+0x11c/0x640
[   16.243224] Kernel unaligned access at TPC[8b868c] aa_dfa_unpack+0x1ec/0x640
[   16.243301] Kernel unaligned access at TPC[8b86a0] aa_dfa_unpack+0x200/0x640
[   16.254249] audit: type=1400 audit(1591707449.200:2): apparmor="STATUS" operation="profile_load" profile="unconfined" name="/usr/sbin/haveged" pid=671 comm="apparmor_parser"
[   16.255088] audit: type=1400 audit(1591707449.200:3): apparmor="STATUS" operation="profile_load" profile="unconfined" name="nvidia_modprobe" pid=672 comm="apparmor_parser"
[   16.255245] audit: type=1400 audit(1591707449.200:4): apparmor="STATUS" operation="profile_load" profile="unconfined" name="nvidia_modprobe//kmod" pid=672 comm="apparmor_parser"
[   16.284489] audit: type=1400 audit(1591707449.230:5): apparmor="STATUS" operation="profile_load" profile="unconfined" name="lsb_release" pid=677 comm="apparmor_parser"
[   16.316823] audit: type=1400 audit(1591707449.260:6): apparmor="STATUS" operation="profile_load" profile="unconfined" name="/usr/bin/man" pid=674 comm="apparmor_parser"
[   16.316959] audit: type=1400 audit(1591707449.260:7): apparmor="STATUS" operation="profile_load" profile="unconfined" name="man_filter" pid=674 comm="apparmor_parser"
[   16.317078] audit: type=1400 audit(1591707449.260:8): apparmor="STATUS" operation="profile_load" profile="unconfined" name="man_groff" pid=674 comm="apparmor_parser"
