[    0.000021] PROMLIB: Sun IEEE Boot Prom 'OBP 4.38.12 2018/03/28 14:54'
[    0.000033] PROMLIB: Root node compatible: sun4v
[    0.000083] Linux version 5.9.0-01363-g647412daeb45 (mator@ttip) (gcc (Debian 10.2.0-15) 10.2.0, GNU ld (GNU Binutils for Debian) 2.35.1) #97 SMP Mon Oct 19 19:47:45 MSK 2020
[    0.000424] printk: bootconsole [earlyprom0] enabled
[    0.000475] ARCH: SUN4V
[    0.000525] Ethernet address: 00:14:4f:fa:06:f2
[    0.000579] MM: PAGE_OFFSET is 0xfff8000000000000 (max_phys_bits == 47)
[    0.000646] MM: VMALLOC [0x0000000100000000 --> 0x0006000000000000]
[    0.000708] MM: VMEMMAP [0x0006000000000000 --> 0x000c000000000000]
[    0.012528] Kernel: Using 5 locked TLB entries for main kernel image.
[    0.012605] Remapping the kernel... 
[    0.012628] done.
[    0.045670] OF stdout device is: /virtual-devices@100/console@1
[    0.045747] PROM: Built device tree with 86758 bytes of memory.
[    0.045813] MDESC: Size is 36512 bytes.
[    0.045938] PLATFORM: banner-name [SPARC T5-2]
[    0.045987] PLATFORM: name [ORCL,SPARC-T5-2]
[    0.046037] PLATFORM: hostid [84fa06f2]
[    0.046078] PLATFORM: serial# [0035260e]
[    0.046122] PLATFORM: stick-frequency [3b9aca00]
[    0.046168] PLATFORM: mac-address [144ffa06f2]
[    0.046216] PLATFORM: watchdog-resolution [1000 ms]
[    0.046265] PLATFORM: watchdog-max-timeout [31536000000 ms]
[    0.046321] PLATFORM: max-cpus [1024]
[    0.051095] Allocated 40960 bytes for kernel page tables.
[    0.051204] Zone ranges:
[    0.051245]   Normal   [mem 0x0000000030400000-0x00000024af937fff]
[    0.051310] Movable zone start for each node
[    0.051355] Early memory node ranges
[    0.051396]   node   0: [mem 0x0000000030400000-0x000000006fe7ffff]
[    0.051458]   node   0: [mem 0x000000006ff00000-0x000000006ff25fff]
[    0.051520]   node   0: [mem 0x0000000070000000-0x000000042fffffff]
[    0.051582]   node   0: [mem 0x0000002030000000-0x00000024af87ffff]
[    0.051644]   node   0: [mem 0x00000024af900000-0x00000024af925fff]
[    0.051706]   node   0: [mem 0x00000024af930000-0x00000024af937fff]
[    0.065809] Zeroed struct page in unavailable ranges: 263766 pages
[    0.065819] Initmem setup node 0 [mem 0x0000000030400000-0x00000024af937fff]
[    0.065979] On node 0 totalpages: 4454826
[    0.065988]   Normal zone: 39154 pages used for memmap
[    0.065993]   Normal zone: 0 pages reserved
[    0.065998]   Normal zone: 4454826 pages, LIFO batch:31
[    0.224290] Booting Linux...
[    0.224377] CPU CAPS: [flush,stbar,swap,muldiv,v9,blkinit,n2,mul32]
[    0.224459] CPU CAPS: [div32,v8plus,popc,vis,vis2,ASIBlkInit,fmaf,vis3]
[    0.225538] CPU CAPS: [hpc,ima,pause,cbcond,aes,des,kasumi,camellia]
[    0.225609] CPU CAPS: [md5,sha1,sha256,sha512,mpmul,montmul,montsqr,crc32c]
[    0.255520] percpu: Embedded 28 pages/cpu s184784 r8192 d36400 u262144
[    0.255761] pcpu-alloc: s184784 r8192 d36400 u262144 alloc=1*4194304
[    0.255768] pcpu-alloc: [0] 000 001 002 003 004 005 006 007 008 009 010 011 012 013 014 015 
[    0.255793] pcpu-alloc: [0] 016 017 018 019 020 021 022 023 024 025 026 027 028 029 030 031 
[    0.255818] pcpu-alloc: [0] 032 033 034 035 036 037 038 039 040 041 042 043 044 045 046 047 
[    0.255843] pcpu-alloc: [0] 048 049 050 051 052 053 054 055 056 057 058 059 060 061 062 063 
[    0.255868] pcpu-alloc: [0] 064 065 066 067 068 069 070 071 072 073 074 075 076 077 078 079 
[    0.255892] pcpu-alloc: [0] 080 081 082 083 084 085 086 087 088 089 090 091 092 093 094 095 
[    0.255917] pcpu-alloc: [0] 096 097 098 099 100 101 102 103 104 105 106 107 108 109 110 111 
[    0.255942] pcpu-alloc: [0] 112 113 114 115 116 117 118 119 120 121 122 123 124 125 126 127 
[    0.256386] SUN4V: Mondo queue sizes [cpu(131072) dev(16384) r(8192) nr(256)]
[    0.256757] Built 1 zonelists, mobility grouping on.  Total pages: 4415672
[    0.256825] Policy zone: Normal
[    0.256882] Kernel command line: BOOT_IMAGE=/vmlinux-5.9.0-01363-g647412daeb45 root=/dev/vdiska2 ro zswap.enabled=1
[    0.259611] printk: log_buf_len individual max cpu contribution: 4096 bytes
[    0.259685] printk: log_buf_len total cpu_extra contributions: 520192 bytes
[    0.259750] printk: log_buf_len min size: 131072 bytes
[    0.260023] printk: log_buf_len: 1048576 bytes
[    0.260074] printk: early log buf free: 126696(96%)
[    0.266404] Dentry cache hash table entries: 8388608 (order: 13, 67108864 bytes, linear)
[    0.269661] Inode-cache hash table entries: 4194304 (order: 12, 33554432 bytes, linear)
[    0.269741] Sorting __ex_table...
[    0.269983] mem auto-init: stack:off, heap alloc:off, heap free:off
[    0.376038] Memory: 35127536K/35638608K available (8377K kernel code, 1131K rwdata, 2520K rodata, 688K init, 6920K bss, 511072K reserved, 0K cma-reserved)
[    0.376715] SLUB: HWalign=32, Order=0-3, MinObjects=0, CPUs=128, Nodes=32
[    0.376998] ftrace: allocating 24019 entries in 47 pages
[    0.386564] ftrace: allocated 47 pages with 5 groups
[    0.389442] Running RCU self tests
[    0.389818] rcu: Hierarchical RCU implementation.
[    0.389871] rcu: 	RCU event tracing is enabled.
[    0.389918] rcu: 	RCU lockdep checking is enabled.
[    0.389969] 	Trampoline variant of Tasks RCU enabled.
[    0.390018] 	Rude variant of Tasks RCU enabled.
[    0.390064] 	Tracing variant of Tasks RCU enabled.
[    0.390113] rcu: RCU calculated value of scheduler-enlistment delay is 10 jiffies.
[    0.394622] NR_IRQS: 2048, nr_irqs: 2048, preallocated irqs: 1
[    0.394706] SUN4V: Using IRQ API major 3, cookie only virqs enabled
[    0.397209] clocksource: stick: mask: 0xffffffffffffffff max_cycles: 0x1cd42e4dffb, max_idle_ns: 881590591483 ns
[    0.397339] clocksource: mult[800000] shift[23]
[    0.397388] clockevent: mult[80000000] shift[31]
[    0.397786] Console: colour dummy device 80x25
[    0.397850] printk: console [tty0] enabled
[    0.397930] printk: bootconsole [earlyprom0] disabled
[    0.398018] Lock dependency validator: Copyright (c) 2006 Red Hat, Inc., Ingo Molnar
[    0.398072] ... MAX_LOCKDEP_SUBCLASSES:  8
[    0.398104] ... MAX_LOCK_DEPTH:          48
[    0.398137] ... MAX_LOCKDEP_KEYS:        8192
[    0.398170] ... CLASSHASH_SIZE:          4096
[    0.398204] ... MAX_LOCKDEP_ENTRIES:     16384
[    0.398238] ... MAX_LOCKDEP_CHAINS:      32768
[    0.398272] ... CHAINHASH_SIZE:          16384
[    0.398306]  memory used by lock dependency info: 3983 kB
[    0.398345]  memory used for stack traces: 2112 kB
[    0.398381]  per task-struct memory footprint: 1920 bytes
[    0.547861] Calibrating delay using timer specific routine.. 2009.97 BogoMIPS (lpj=10049851)
[    0.547937] pid_max: default: 131072 minimum: 1024
[    0.548230] LSM: Security Framework initializing
[    0.548404] AppArmor: AppArmor initialized
[    0.548689] Mount-cache hash table entries: 131072 (order: 7, 1048576 bytes, linear)
[    0.548859] Mountpoint-cache hash table entries: 131072 (order: 7, 1048576 bytes, linear)
[    0.554596] rcu: Hierarchical SRCU implementation.
[    0.565576] smp: Bringing up secondary CPUs ...
[    0.566848] ------------[ cut here ]------------
[    0.566867] WARNING: CPU: 0 PID: 1 at kernel/locking/lockdep.c:5286 check_flags+0x9c/0x2c0
[    0.566876] DEBUG_LOCKS_WARN_ON(lockdep_hardirqs_enabled())
[    0.566878] Modules linked in:
[    0.566892] CPU: 0 PID: 1 Comm: swapper/0 Not tainted 5.9.0-01363-g647412daeb45 #97
[    0.566901] Call Trace:
[    0.566911] [<00000000004707a8>] __warn+0xa8/0x120
[    0.566921] [<0000000000c1fe0c>] warn_slowpath_fmt+0x64/0x74
[    0.566929] [<00000000004e743c>] check_flags+0x9c/0x2c0
[    0.566937] [<0000000000c25d28>] lock_is_held_type+0x128/0x180
[    0.566952] [<0000000000508034>] rcu_read_lock_sched_held+0x54/0xa0
[    0.566961] [<00000000004ec6e8>] lock_acquire+0x128/0x4e0
[    0.566970] [<0000000000c2f6b0>] _raw_spin_lock+0x30/0x60
[    0.566980] [<00000000009bfc5c>] p1275_cmd_direct+0x1c/0x60
[    0.566988] [<00000000009bfb30>] prom_startcpu_cpuid+0x30/0x40
[    0.566996] [<00000000004414a4>] __cpu_up+0x184/0x3a0
[    0.567003] [<0000000000472320>] bringup_cpu+0x20/0x120
[    0.567010] [<0000000000471b2c>] cpuhp_invoke_callback+0xec/0x340
[    0.567018] [<00000000004731b4>] cpu_up+0x154/0x220
[    0.567025] [<0000000000473a40>] bringup_nonboot_cpus+0x60/0xa0
[    0.567037] [<0000000000fdc2f4>] smp_init+0x28/0xa0
[    0.567046] [<0000000000fcd3b4>] kernel_init_freeable+0x18c/0x300
[    0.567053] irq event stamp: 5135
[    0.567060] hardirqs last  enabled at (5135): [<0000000000c2fac8>] _raw_spin_unlock_irqrestore+0x28/0x60
[    0.567069] hardirqs last disabled at (5134): [<0000000000c2f880>] _raw_spin_lock_irqsave+0x20/0x80
[    0.567079] softirqs last  enabled at (1500): [<0000000000c325f0>] __do_softirq+0x4f0/0x580
[    0.567090] softirqs last disabled at (1493): [<000000000042c1f4>] do_softirq_own_stack+0x34/0x60
[    0.567101] random: get_random_bytes called from __warn+0xc8/0x120 with crng_init=0
[    0.567107] ---[ end trace 9ecafc0ab912629e ]---
[    0.567118] possible reason: unannotated irqs-off.
[    0.567124] irq event stamp: 5135
[    0.567130] hardirqs last  enabled at (5135): [<0000000000c2fac8>] _raw_spin_unlock_irqrestore+0x28/0x60
[    0.567139] hardirqs last disabled at (5134): [<0000000000c2f880>] _raw_spin_lock_irqsave+0x20/0x80
[    0.567149] softirqs last  enabled at (1500): [<0000000000c325f0>] __do_softirq+0x4f0/0x580
[    0.567158] softirqs last disabled at (1493): [<000000000042c1f4>] do_softirq_own_stack+0x34/0x60
[    0.583307] smp: Brought up 1 node, 32 CPUs
[    0.585728] devtmpfs: initialized
[    0.587163] Performance events: 
[    0.587199] Testing NMI watchdog ... 
[    0.787257] OK.
[    0.787302] Supported PMU type is 'niagara5'
[    0.787787] ldc.c:v1.1 (July 22, 2008)
[    0.788909] clocksource: jiffies: mask: 0xffffffff max_cycles: 0xffffffff, max_idle_ns: 19112604462750000 ns
[    0.788940] futex hash table entries: 32768 (order: 9, 4194304 bytes, linear)
[    0.791430] NET: Registered protocol family 16
[    0.795148] VIO: Adding device channel-devices (tx_ino = ffffffffffffffff, rx_ino = ffffffffffffffff)
[    0.795216] VIO: Adding device vnet-port-0-0 (tx_ino = 0, rx_ino = 1)
[    0.795271] VIO: Adding device vnet-port-0-1 (tx_ino = 2, rx_ino = 3)
[    0.795323] VIO: Adding device vnet-port-0-2 (tx_ino = 4, rx_ino = 5)
[    0.795379] VIO: Adding device vnet-port-0-3 (tx_ino = 6, rx_ino = 7)
[    0.795435] VIO: Adding device vnet-port-0-4 (tx_ino = 8, rx_ino = 9)
[    0.795487] VIO: Adding device vnet-port-0-5 (tx_ino = a, rx_ino = b)
[    0.795543] VIO: Adding device vdc-port-2-0 (tx_ino = c, rx_ino = d)
[    0.795595] VIO: Adding device vdc-port-1-0 (tx_ino = e, rx_ino = f)
[    0.795647] VIO: Adding device vdc-port-0-0 (tx_ino = 10, rx_ino = 11)
[    0.795702] VIO: Adding device vdc-port-3-0 (tx_ino = 12, rx_ino = 13)
[    0.795754] VIO: Adding device vlds-port-0-0 (tx_ino = 14, rx_ino = 15)
[    0.795807] VIO: Adding device domain-services-port-0 (tx_ino = 14, rx_ino = 15)
[    0.795912] audit: initializing netlink subsys (disabled)
[    0.796081] audit: type=2000 audit(0.390:1): state=initialized audit_enabled=0 res=1
[    0.807377] HugeTLB registered 64.0 KiB page size, pre-allocated 0 pages
[    0.807392] HugeTLB registered 8.00 MiB page size, pre-allocated 0 pages
[    0.807400] HugeTLB registered 256 MiB page size, pre-allocated 0 pages
[    0.807409] HugeTLB registered 2.00 GiB page size, pre-allocated 0 pages
[    0.808292] alg: extra crypto tests enabled.  This is intended for developer use only.
[    0.828534] cryptd: max_cpu_qlen set to 1000
[    0.892046] vgaarb: loaded
[    0.892580] NetLabel: Initializing
[    0.892587] NetLabel:  domain hash size = 128
[    0.892594] NetLabel:  protocols = UNLABELED CIPSOv4 CALIPSO
[    0.892635] NetLabel:  unlabeled traffic allowed by default
[    0.893161] SUN4V: Reboot data supported (maj=1,min=0).
[    0.893314] ds.c:v1.0 (Jul 11, 2007)
[    0.893485] ds-0: ds_conn_reset() from send_events
[    0.893646] clocksource: Switched to clocksource stick
[    0.976793] VFS: Disk quotas dquot_6.6.0
[    0.976875] VFS: Dquot-cache hash table entries: 1024 (order 0, 8192 bytes)
[    0.977644] AppArmor: AppArmor Filesystem Enabled
[    0.982550] NET: Registered protocol family 2
[    0.983410] tcp_listen_portaddr_hash hash table entries: 32768 (order: 8, 2621440 bytes, linear)
[    0.984649] TCP established hash table entries: 524288 (order: 9, 4194304 bytes, linear)
[    0.986811] TCP bind hash table entries: 65536 (order: 9, 4718592 bytes, linear)
[    0.988975] TCP: Hash tables configured (established 524288 bind 65536)
[    0.989965] UDP hash table entries: 32768 (order: 9, 5242880 bytes, linear)
[    0.992633] UDP-Lite hash table entries: 32768 (order: 9, 5242880 bytes, linear)
[    0.996297] NET: Registered protocol family 1
[    0.996323] NET: Registered protocol family 44
[    0.996349] PCI: CLS 0 bytes, default 64
[    0.996534] Trying to unpack rootfs image as initramfs...
[    1.133567] Freeing initrd memory: 14640K
[    1.133967] aes_sparc64: Using sparc64 aes opcodes optimized AES implementation
[    1.374778] des_sparc64: Using sparc64 des opcodes optimized DES implementation
[    1.801438] camellia_sparc64: Using sparc64 camellia opcodes optimized CAMELLIA implementation
[    1.955043] workingset: timestamp_bits=41 max_order=23 bucket_order=0
[    1.960726] zbud: loaded
[    1.963131] SGI XFS with ACLs, security attributes, quota, fatal assert, debug enabled
[    1.987993] Block layer SCSI generic (bsg) driver version 0.4 loaded (major 252)
[    1.988545] io scheduler mq-deadline registered
[    1.990204] f029b788: ttyHV0 at I/O 0x0 (irq = 1, base_baud = 115200) is a SUN4V HCONS
[    1.990680] printk: console [ttyHV0] enabled
[    1.992486] sunvdc.c:v1.2 (November 24, 2014)
[    2.027989] sunvdc: Virtual Hard disk vdiskc
[    2.028011] sunvdc: vdiskc: 104857600 sectors (51200 MB) protocol 1.2
[    2.043261] sunvdc: Virtual Hard disk vdiskb
[    2.043284] sunvdc: vdiskb: 62914560 sectors (30720 MB) protocol 1.2
[    2.044336]  vdiskb: vdiskb1
[    2.053791] sunvdc: Virtual Hard disk vdiska
[    2.053810] sunvdc: vdiska: 31457280 sectors (15360 MB) protocol 1.2
[    2.054574]  vdiska: vdiska1 vdiska2 vdiska3 vdiska4
[    2.064636] sunvdc: Virtual CDROM vdiskd
[    2.064656] sunvdc: vdiskd: 453848 sectors (221 MB) protocol 1.2
[    2.065359]  vdiskd: vdiskd1 vdiskd2 vdiskd3 vdiskd4 vdiskd5 vdiskd6 vdiskd7
[    2.072766] sunvnet: sunvnet 2.0 (February 3, 2017)
[    2.073850] vnet_port vnet-port-0-0 eth0: Sun LDOM vnet 00:14:4f:f8:12:a3
[    2.073942] sunvnet: eth0: PORT ( remote-mac 00:14:4f:fa:f3:f0 switch-port )
[    2.074360] sunvnet: eth0: PORT ( remote-mac 00:14:4f:f8:e5:f3 )
[    2.074782] sunvnet: eth0: PORT ( remote-mac 00:14:4f:f9:b4:97 )
[    2.075187] sunvnet: eth0: PORT ( remote-mac 00:14:4f:f8:3f:1e )
[    2.075589] sunvnet: eth0: PORT ( remote-mac 00:14:4f:f8:fe:47 )
[    2.075997] sunvnet: eth0: PORT ( remote-mac 00:14:4f:fb:b5:00 )
[    2.076747] rtc-sun4v rtc-sun4v: registered as rtc0
[    2.076806] rtc-sun4v rtc-sun4v: setting system clock to 2020-10-20T17:09:24 UTC (1603213764)
[    2.077017] sun4v_wdt: initialized (timeout=60s, nowayout=0)
[    2.077225] device-mapper: uevent: version 1.0.3
[    2.077707] device-mapper: ioctl: 4.42.0-ioctl (2020-02-27) initialised: dm-devel@redhat.com
[    2.078279] NET: Registered protocol family 17
[    2.078441] registered taskstats version 1
[    2.078939] zswap: loaded using pool lzo/zbud
[    2.079640] AppArmor: AppArmor sha1 policy hashing enabled
[    2.081671] This architecture does not have kernel memory protection.
[    2.081691] Run /init as init process
[    2.081700]   with arguments:
[    2.081707]     /init
[    2.081714]   with environment:
[    2.081721]     HOME=/
[    2.081728]     TERM=linux
[    2.081735]     BOOT_IMAGE=/vmlinux-5.9.0-01363-g647412daeb45
[    2.305284] crc32c_sparc64: Using sparc64 crc32c opcode optimized CRC32C implementation
[    2.310809] random: lvm: uninitialized urandom read (4 bytes read)
[    2.338493] random: lvm: uninitialized urandom read (2 bytes read)
[    2.615115] random: fast init done
[    2.993660] raid6: int64x8  gen()  2143 MB/s
[    3.163650] raid6: int64x8  xor()  1516 MB/s
[    3.333650] raid6: int64x4  gen()  3375 MB/s
[    3.503642] raid6: int64x4  xor()  1458 MB/s
[    3.673647] raid6: int64x2  gen()  2896 MB/s
[    3.843651] raid6: int64x2  xor()  1098 MB/s
[    4.013661] raid6: int64x1  gen()  1412 MB/s
[    4.183641] raid6: int64x1  xor()   711 MB/s
[    4.183661] raid6: using algorithm int64x4 gen() 3375 MB/s
[    4.183669] raid6: .... xor() 1458 MB/s, rmw enabled
[    4.183677] raid6: using intx1 recovery algorithm
[    4.184197] async_tx: api initialized (async)
[    4.184405] xor: automatically using best checksumming function   Niagara   
[    4.384204] EXT4-fs (vdiska2): mounted filesystem with ordered data mode. Opts: (null)
[    6.543387] systemd[1]: Inserted module 'autofs4'
[    6.637717] NET: Registered protocol family 10
[    6.641640] Segment Routing with IPv6
[    6.734878] systemd[1]: systemd 246.6-2 running in system mode. (+PAM +AUDIT +SELINUX +IMA +APPARMOR +SMACK +SYSVINIT +UTMP +LIBCRYPTSETUP +GCRYPT +GNUTLS +ACL +XZ +LZ4 +ZSTD -SECCOMP +BLKID +ELFUTILS +KMOD +IDN2 -IDN +PCRE2 default-hierarchy=hybrid)
[    6.735262] systemd[1]: Detected architecture sparc64.
[    6.878033] systemd[1]: Set hostname to <ttip>.
[    7.796711] random: lvmconfig: uninitialized urandom read (4 bytes read)
[    9.355714] systemd[1]: Queued start job for default target Multi-User System.
[    9.356734] random: systemd: uninitialized urandom read (16 bytes read)
[    9.379230] systemd[1]: Created slice system-getty.slice.
[    9.379698] random: systemd: uninitialized urandom read (16 bytes read)
[    9.388018] systemd[1]: Created slice system-modprobe.slice.
[    9.388255] random: systemd: uninitialized urandom read (16 bytes read)
[    9.396296] systemd[1]: Created slice system-openvpn\x2dclient.slice.
[    9.412085] systemd[1]: Created slice system-postfix.slice.
[    9.423889] systemd[1]: Created slice system-systemd\x2dfsck.slice.
[    9.432104] systemd[1]: Created slice User and Session Slice.
[    9.432593] systemd[1]: Started Dispatch Password Requests to Console Directory Watch.
[    9.432969] systemd[1]: Started Forward Password Requests to Wall Directory Watch.
[    9.434368] systemd[1]: Set up automount Arbitrary Executable File Formats File System Automount Point.
[    9.434694] systemd[1]: Reached target Local Encrypted Volumes.
[    9.434978] systemd[1]: Reached target Paths.
[    9.435230] systemd[1]: Reached target Slices.
[    9.435723] systemd[1]: Listening on Device-mapper event daemon FIFOs.
[    9.436273] systemd[1]: Listening on LVM2 poll daemon socket.
[    9.459175] systemd[1]: Listening on RPCbind Server Activation Socket.
[    9.460176] systemd[1]: Listening on Syslog Socket.
[    9.460743] systemd[1]: Listening on fsck to fsckd communication Socket.
[    9.461127] systemd[1]: Listening on initctl Compatibility Named Pipe.
[    9.461804] systemd[1]: Listening on Journal Audit Socket.
[    9.462290] systemd[1]: Listening on Journal Socket (/dev/log).
[    9.462892] systemd[1]: Listening on Journal Socket.
[    9.463493] systemd[1]: Listening on udev Control Socket.
[    9.463978] systemd[1]: Listening on udev Kernel Socket.
[    9.474722] systemd[1]: Mounting Huge Pages File System...
[    9.485683] systemd[1]: Mounting POSIX Message Queue File System...
[    9.509754] systemd[1]: Mounting RPC Pipe File System...
[    9.520988] systemd[1]: Mounting Kernel Debug File System...
[    9.532256] systemd[1]: Mounting Kernel Trace File System...
[    9.532797] systemd[1]: Condition check resulted in Kernel Module supporting RPCSEC_GSS being skipped.
[    9.533367] systemd[1]: Finished Availability of block devices.
[    9.544309] systemd[1]: Starting Wait for network to be configured by ifupdown...
[    9.555608] systemd[1]: Starting Create list of static device nodes for the current kernel...
[    9.566429] systemd[1]: Starting Monitoring of LVM2 mirrors, snapshots etc. using dmeventd or progress polling...
[    9.577352] systemd[1]: Starting Load Kernel Module drm...
[    9.587995] systemd[1]: Starting nftables...
[    9.598292] systemd[1]: Condition check resulted in Set Up Additional Binary Formats being skipped.
[    9.598528] systemd[1]: Condition check resulted in File System Check on Root Device being skipped.
[    9.611110] systemd[1]: Starting Journal Service...
[    9.646465] systemd[1]: Starting Load Kernel Modules...
[    9.657301] systemd[1]: Starting Remount Root and Kernel File Systems...
[    9.668221] systemd[1]: Starting Coldplug All udev Devices...
[    9.674012] systemd[1]: Mounted Huge Pages File System.
[    9.674796] systemd[1]: Mounted POSIX Message Queue File System.
[    9.675469] systemd[1]: Mounted Kernel Debug File System.
[    9.676149] systemd[1]: Mounted Kernel Trace File System.
[    9.678501] systemd[1]: Finished Wait for network to be configured by ifupdown.
[    9.680999] systemd[1]: Finished Create list of static device nodes for the current kernel.
[    9.682204] systemd[1]: modprobe@drm.service: Succeeded.
[    9.683908] systemd[1]: Finished Load Kernel Module drm.
[    9.692244] RPC: Registered named UNIX socket transport module.
[    9.692261] RPC: Registered udp transport module.
[    9.692270] RPC: Registered tcp transport module.
[    9.692279] RPC: Registered tcp NFSv4.1 backchannel transport module.
[    9.696157] systemd[1]: Mounted RPC Pipe File System.
[    9.748948] EXT4-fs (vdiska2): re-mounted. Opts: errors=remount-ro
[    9.752752] systemd[1]: Finished Load Kernel Modules.
[    9.756222] systemd[1]: Finished Remount Root and Kernel File Systems.
[    9.756870] systemd[1]: Started Journal Service.
[   10.400294] ------------[ cut here ]------------
[   10.400337] WARNING: CPU: 14 PID: 506 at net/netfilter/nf_tables_api.c:622 nft_chain_parse_hook+0x7c/0x360 [nf_tables]
[   10.400350] Modules linked in: nf_tables nfnetlink sunrpc ip_tables x_tables ipv6 crc_ccitt autofs4 ext4 crc16 mbcache jbd2 raid10 raid456 async_raid6_recov async_memcpy async_pq async_xor xor async_tx raid6_pq raid1 raid0 multipath linear md_mod crc32c_sparc64
[   10.400413] CPU: 14 PID: 506 Comm: nft Tainted: G        W         5.9.0-01363-g647412daeb45 #97
[   10.400423] Call Trace:
[   10.400436] [<00000000004707a8>] __warn+0xa8/0x120
[   10.400447] [<0000000000c1fddc>] warn_slowpath_fmt+0x34/0x74
[   10.400460] [<00000000100c79fc>] nft_chain_parse_hook+0x7c/0x360 [nf_tables]
[   10.400473] [<00000000100caca8>] nf_tables_addchain.constprop.0+0x48/0x5a0 [nf_tables]
[   10.400488] [<00000000100cb908>] nf_tables_newchain+0x708/0x820 [nf_tables]
[   10.400498] [<00000000100b49c4>] nfnetlink_rcv_batch+0x4a4/0x780 [nfnetlink]
[   10.400507] [<00000000100b4db0>] nfnetlink_rcv+0x110/0x140 [nfnetlink]
[   10.400521] [<0000000000b2e630>] netlink_unicast+0x150/0x2a0
[   10.400530] [<0000000000b2f59c>] netlink_sendmsg+0x3dc/0x460
[   10.400541] [<0000000000a9a594>] sock_sendmsg+0x34/0x80
[   10.400549] [<0000000000a9bc6c>] ____sys_sendmsg+0x1ac/0x220
[   10.400558] [<0000000000a9dd08>] ___sys_sendmsg+0x48/0x80
[   10.400566] [<0000000000a9dde8>] __sys_sendmsg+0x48/0x80
[   10.400574] [<0000000000a9de38>] sys_sendmsg+0x18/0x40
[   10.400588] [<00000000004062b4>] linux_sparc_syscall+0x34/0x44
[   10.400596] irq event stamp: 0
[   10.400604] hardirqs last  enabled at (0): [<0000000000000000>] 0x0
[   10.400614] hardirqs last disabled at (0): [<000000000046e3d4>] copy_process+0x734/0x1860
[   10.400625] softirqs last  enabled at (0): [<000000000046e3d4>] copy_process+0x734/0x1860
[   10.400636] softirqs last disabled at (0): [<0000000000000000>] 0x0
[   10.400645] ---[ end trace 9ecafc0ab91262a0 ]---
[   11.955827] sha1_sparc64: Using sparc64 sha1 opcode optimized SHA-1 implementation
[   12.047578] n2rng v0.3 (Jan 7, 2017)
[   12.047619] n2rng f029b104: Registered RNG HVAPI major 2 minor 0
[   12.047636] n2rng f029b104: Found multi-unit-capable RNG, units: 2
[   12.047676] n2rng f029b104: RNG ready
[   12.148137] sha256_sparc64: Using sparc64 sha256 opcode optimized SHA-256/SHA-224 implementation
[   12.171877] pktcdvd: setup of pktcdvd device failed
[   12.198484] pktcdvd: setup of pktcdvd device failed
[   12.201274] pktcdvd: setup of pktcdvd device failed
[   12.204053] pktcdvd: setup of pktcdvd device failed
[   12.206555] pktcdvd: setup of pktcdvd device failed
[   12.209241] pktcdvd: setup of pktcdvd device failed
[   12.212023] pktcdvd: setup of pktcdvd device failed
[   12.214312] pktcdvd: setup of pktcdvd device failed
[   12.225119] XFS (dm-0): Mounting V5 Filesystem
[   12.305618] sha512_sparc64: Using sparc64 sha512 opcode optimized SHA-512/SHA-384 implementation
[   12.341913] md5_sparc64: Using sparc64 md5 opcode optimized MD5 implementation
[   12.706073] XFS (dm-0): Ending clean mount
[   12.733655] Adding 787176k swap on /dev/vdiska4.  Priority:-2 extents:1 across:787176k FS
[   12.768090] xfs filesystem being mounted at /1 supports timestamps until 2038 (0x7fffffff)
[   13.050098] EXT4-fs (vdiska1): mounting ext3 file system using the ext4 subsystem
[   13.237937] EXT4-fs (vdiska1): mounted filesystem with ordered data mode. Opts: (null)
[   13.238061] ext3 filesystem being mounted at /boot supports timestamps until 2038 (0x7fffffff)
[   14.493788] random: crng init done
[   14.493814] random: 4 urandom warning(s) missed due to ratelimiting
[   21.688205] Kernel unaligned access at TPC[8da93c] aa_dfa_unpack+0x3c/0x640
[   21.688235] Kernel unaligned access at TPC[8da950] aa_dfa_unpack+0x50/0x640
[   21.688248] Kernel unaligned access at TPC[8daa14] aa_dfa_unpack+0x114/0x640
[   21.688263] Kernel unaligned access at TPC[8daae4] aa_dfa_unpack+0x1e4/0x640
[   21.688275] Kernel unaligned access at TPC[8daaf8] aa_dfa_unpack+0x1f8/0x640
[   21.692546] audit: type=1400 audit(1603213784.100:2): apparmor="STATUS" operation="profile_load" profile="unconfined" name="/usr/sbin/haveged" pid=682 comm="apparmor_parser"
[   21.695662] audit: type=1400 audit(1603213784.110:3): apparmor="STATUS" operation="profile_load" profile="unconfined" name="nvidia_modprobe" pid=684 comm="apparmor_parser"
[   21.695692] audit: type=1400 audit(1603213784.110:4): apparmor="STATUS" operation="profile_load" profile="unconfined" name="nvidia_modprobe//kmod" pid=684 comm="apparmor_parser"
[   21.709419] audit: type=1400 audit(1603213784.120:5): apparmor="STATUS" operation="profile_load" profile="unconfined" name="lsb_release" pid=688 comm="apparmor_parser"
[   21.734092] audit: type=1400 audit(1603213784.150:6): apparmor="STATUS" operation="profile_load" profile="unconfined" name="/usr/bin/man" pid=685 comm="apparmor_parser"
[   21.734140] audit: type=1400 audit(1603213784.150:7): apparmor="STATUS" operation="profile_load" profile="unconfined" name="man_filter" pid=685 comm="apparmor_parser"
[   21.734171] audit: type=1400 audit(1603213784.150:8): apparmor="STATUS" operation="profile_load" profile="unconfined" name="man_groff" pid=685 comm="apparmor_parser"
[   21.767212] audit: type=1400 audit(1603213784.180:9): apparmor="STATUS" operation="profile_load" profile="unconfined" name="named" pid=687 comm="apparmor_parser"
[   21.781573] audit: type=1400 audit(1603213784.190:10): apparmor="STATUS" operation="profile_load" profile="unconfined" name="tcpdump" pid=686 comm="apparmor_parser"
