[    0.000020] PROMLIB: Sun IEEE Boot Prom 'OBP 4.38.12 2018/03/28 14:54'
[    0.000031] PROMLIB: Root node compatible: sun4v
[    0.000078] Linux version 5.2.0-11956-g3bfe1fc46794 (mator@ttip) (gcc version 8.3.0 (Debian 8.3.0-19)) #1105 SMP Fri Jul 19 08:37:13 MSK 2019
[    0.000388] printk: bootconsole [earlyprom0] enabled
[    0.000441] ARCH: SUN4V
[    0.000490] Ethernet address: 00:14:4f:fa:06:f2
[    0.000544] MM: PAGE_OFFSET is 0xfff8000000000000 (max_phys_bits == 47)
[    0.000611] MM: VMALLOC [0x0000000100000000 --> 0x0006000000000000]
[    0.000671] MM: VMEMMAP [0x0006000000000000 --> 0x000c000000000000]
[    0.011991] Kernel: Using 5 locked TLB entries for main kernel image.
[    0.012078] Remapping the kernel... 
[    0.012102] done.
[    0.046895] OF stdout device is: /virtual-devices@100/console@1
[    0.046975] PROM: Built device tree with 86230 bytes of memory.
[    0.047042] MDESC: Size is 36560 bytes.
[    0.047168] PLATFORM: banner-name [SPARC T5-2]
[    0.047217] PLATFORM: name [ORCL,SPARC-T5-2]
[    0.047265] PLATFORM: hostid [84fa06f2]
[    0.047307] PLATFORM: serial# [0035260e]
[    0.047351] PLATFORM: stick-frequency [3b9aca00]
[    0.047397] PLATFORM: mac-address [144ffa06f2]
[    0.047445] PLATFORM: watchdog-resolution [1000 ms]
[    0.047494] PLATFORM: watchdog-max-timeout [31536000000 ms]
[    0.047551] PLATFORM: max-cpus [1024]
[    0.047653] Top of RAM: 0x24af938000, Total RAM: 0x87f354000
[    0.047716] Memory hole size: 115461MB
[    0.052470] Allocated 40960 bytes for kernel page tables.
[    0.052576] Zone ranges:
[    0.052620]   Normal   [mem 0x0000000030400000-0x00000024af937fff]
[    0.052686] Movable zone start for each node
[    0.052732] Early memory node ranges
[    0.052771]   node   0: [mem 0x0000000030400000-0x000000006fe7ffff]
[    0.052833]   node   0: [mem 0x000000006ff00000-0x000000006ff25fff]
[    0.052894]   node   0: [mem 0x0000000070000000-0x000000042fffffff]
[    0.052953]   node   0: [mem 0x0000002030000000-0x00000024af87ffff]
[    0.053016]   node   0: [mem 0x00000024af900000-0x00000024af925fff]
[    0.053076]   node   0: [mem 0x00000024af930000-0x00000024af937fff]
[    0.060460] Zeroed struct page in unavailable ranges: 230130 pages
[    0.060469] Initmem setup node 0 [mem 0x0000000030400000-0x00000024af937fff]
[    0.060630] On node 0 totalpages: 4454826
[    0.060640]   Normal zone: 39154 pages used for memmap
[    0.060645]   Normal zone: 0 pages reserved
[    0.060651]   Normal zone: 4454826 pages, LIFO batch:31
[    0.257824] Booting Linux...
[    0.257909] CPU CAPS: [flush,stbar,swap,muldiv,v9,blkinit,n2,mul32]
[    0.257988] CPU CAPS: [div32,v8plus,popc,vis,vis2,ASIBlkInit,fmaf,vis3]
[    0.258064] CPU CAPS: [hpc,ima,pause,cbcond,aes,des,kasumi,camellia]
[    0.259141] CPU CAPS: [md5,sha1,sha256,sha512,mpmul,montmul,montsqr,crc32c]
[    0.319511] percpu: Embedded 27 pages/cpu s180680 r8192 d32312 u262144
[    0.319769] pcpu-alloc: s180680 r8192 d32312 u262144 alloc=1*4194304
[    0.319777] pcpu-alloc: [0] 000 001 002 003 004 005 006 007 008 009 010 011 012 013 014 015 
[    0.319804] pcpu-alloc: [0] 016 017 018 019 020 021 022 023 024 025 026 027 028 029 030 031 
[    0.319831] pcpu-alloc: [0] 032 033 034 035 036 037 038 039 040 041 042 043 044 045 046 047 
[    0.319859] pcpu-alloc: [0] 048 049 050 051 052 053 054 055 056 057 058 059 060 061 062 063 
[    0.319886] pcpu-alloc: [0] 064 065 066 067 068 069 070 071 072 073 074 075 076 077 078 079 
[    0.319913] pcpu-alloc: [0] 080 081 082 083 084 085 086 087 088 089 090 091 092 093 094 095 
[    0.319940] pcpu-alloc: [0] 096 097 098 099 100 101 102 103 104 105 106 107 108 109 110 111 
[    0.319967] pcpu-alloc: [0] 112 113 114 115 116 117 118 119 120 121 122 123 124 125 126 127 
[    0.319994] pcpu-alloc: [0] 128 129 130 131 132 133 134 135 136 137 138 139 140 141 142 143 
[    0.320022] pcpu-alloc: [0] 144 145 146 147 148 149 150 151 152 153 154 155 156 157 158 159 
[    0.320049] pcpu-alloc: [0] 160 161 162 163 164 165 166 167 168 169 170 171 172 173 174 175 
[    0.320076] pcpu-alloc: [0] 176 177 178 179 180 181 182 183 184 185 186 187 188 189 190 191 
[    0.320104] pcpu-alloc: [0] 192 193 194 195 196 197 198 199 200 201 202 203 204 205 206 207 
[    0.320131] pcpu-alloc: [0] 208 209 210 211 212 213 214 215 216 217 218 219 220 221 222 223 
[    0.320159] pcpu-alloc: [0] 224 225 226 227 228 229 230 231 232 233 234 235 236 237 238 239 
[    0.320186] pcpu-alloc: [0] 240 241 242 243 244 245 246 247 248 249 250 251 252 253 254 255 
[    0.320706] SUN4V: Mondo queue sizes [cpu(131072) dev(16384) r(8192) nr(256)]
[    0.321078] Built 1 zonelists, mobility grouping on.  Total pages: 4415672
[    0.321172] Kernel command line: BOOT_IMAGE=/vmlinux-5.2.0-11956-g3bfe1fc46794 root=/dev/vdiska2 ro zswap.enabled=1
[    0.323473] printk: log_buf_len individual max cpu contribution: 4096 bytes
[    0.323558] printk: log_buf_len total cpu_extra contributions: 1044480 bytes
[    0.323628] printk: log_buf_len min size: 131072 bytes
[    0.324018] printk: log_buf_len: 2097152 bytes
[    0.324070] printk: early log buf free: 125888(96%)
[    0.330470] Dentry cache hash table entries: 8388608 (order: 13, 67108864 bytes, linear)
[    0.333790] Inode-cache hash table entries: 4194304 (order: 12, 33554432 bytes, linear)
[    0.333886] Sorting __ex_table...
[    0.334130] mem auto-init: stack:off, heap alloc:off, heap free:off
[    0.412359] Memory: 35102216K/35638608K available (6854K kernel code, 972K rwdata, 2048K rodata, 992K init, 6717K bss, 536392K reserved, 0K cma-reserved)
[    0.413438] kmemleak: Kernel memory leak detector disabled
[    0.414099] ftrace: allocating 19819 entries in 39 pages
[    0.427979] Running RCU self tests
[    0.428052] rcu: Hierarchical RCU implementation.
[    0.428105] rcu: 	RCU event tracing is enabled.
[    0.428157] rcu: 	RCU lockdep checking is enabled.
[    0.428207] 	Tasks RCU enabled.
[    0.429250] rcu: RCU calculated value of scheduler-enlistment delay is 11 jiffies.
[    0.435932] NR_IRQS: 2048, nr_irqs: 2048, preallocated irqs: 1
[    0.436042] SUN4V: Using IRQ API major 3, cookie only virqs enabled
[    0.440489] clocksource: stick: mask: 0xffffffffffffffff max_cycles: 0x1cd42e4dffb, max_idle_ns: 881590591483 ns
[    0.440620] clocksource: mult[800000] shift[23]
[    0.440670] clockevent: mult[80000000] shift[31]
[    0.445061] Console: colour dummy device 80x25
[    0.445128] printk: console [tty0] enabled
[    0.445204] printk: bootconsole [earlyprom0] disabled
[    0.445290] Lock dependency validator: Copyright (c) 2006 Red Hat, Inc., Ingo Molnar
[    0.445339] ... MAX_LOCKDEP_SUBCLASSES:  8
[    0.445369] ... MAX_LOCK_DEPTH:          48
[    0.445399] ... MAX_LOCKDEP_KEYS:        8192
[    0.445430] ... CLASSHASH_SIZE:          4096
[    0.445461] ... MAX_LOCKDEP_ENTRIES:     16384
[    0.445492] ... MAX_LOCKDEP_CHAINS:      32768
[    0.445523] ... CHAINHASH_SIZE:          16384
[    0.445554]  memory used by lock dependency info: 3855 kB
[    0.445590]  per task-struct memory footprint: 1920 bytes
[    0.445796] kmemleak: Early log buffer exceeded (5012), please increase DEBUG_KMEMLEAK_EARLY_LOG_SIZE
[    0.591264] Calibrating delay using timer specific routine.. 2014.46 BogoMIPS (lpj=10072319)
[    0.591333] pid_max: default: 262144 minimum: 2048
[    0.593045] Mount-cache hash table entries: 131072 (order: 7, 1048576 bytes, linear)
[    0.593211] Mountpoint-cache hash table entries: 131072 (order: 7, 1048576 bytes, linear)
[    0.594701] *** VALIDATE proc ***
[    0.595496] *** VALIDATE cgroup1 ***
[    0.595528] *** VALIDATE cgroup2 ***
[    0.598300] rcu: Hierarchical SRCU implementation.
[    0.621000] smp: Bringing up secondary CPUs ...
[    0.702854] smp: Brought up 1 node, 32 CPUs
[    0.710032] devtmpfs: initialized
[    0.716364] Performance events: 
[    0.716417] Testing NMI watchdog ... 
[    0.916535] OK.
[    0.916707] Supported PMU type is 'niagara5'
[    0.917022] random: get_random_u32 called from bucket_table_alloc.isra.4+0x184/0x1c0 with crng_init=0
[    0.917899] ldc.c:v1.1 (July 22, 2008)
[    0.920916] clocksource: jiffies: mask: 0xffffffff max_cycles: 0xffffffff, max_idle_ns: 19112604462750000 ns
[    0.921021] futex hash table entries: 65536 (order: 10, 8388608 bytes, linear)
[    0.930518] NET: Registered protocol family 16
[    0.940309] VIO: Adding device channel-devices (tx_ino = ffffffffffffffff, rx_ino = ffffffffffffffff)
[    0.940574] VIO: Adding device vnet-port-0-0 (tx_ino = 0, rx_ino = 1)
[    0.940789] VIO: Adding device vnet-port-0-1 (tx_ino = 2, rx_ino = 3)
[    0.940978] VIO: Adding device vnet-port-0-2 (tx_ino = 4, rx_ino = 5)
[    0.941168] VIO: Adding device vnet-port-0-3 (tx_ino = 6, rx_ino = 7)
[    0.941358] VIO: Adding device vnet-port-0-4 (tx_ino = 8, rx_ino = 9)
[    0.941541] VIO: Adding device vnet-port-0-5 (tx_ino = 16, rx_ino = 17)
[    0.941730] VIO: Adding device vdc-port-3-0 (tx_ino = a, rx_ino = b)
[    0.941915] VIO: Adding device vdc-port-2-0 (tx_ino = c, rx_ino = d)
[    0.942103] VIO: Adding device vdc-port-1-0 (tx_ino = e, rx_ino = f)
[    0.942286] VIO: Adding device vdc-port-0-0 (tx_ino = 10, rx_ino = 11)
[    0.942476] VIO: Adding device vlds-port-0-0 (tx_ino = 12, rx_ino = 13)
[    0.942671] VIO: Adding device domain-services-port-0 (tx_ino = 12, rx_ino = 13)
[    0.943130] audit: initializing netlink subsys (disabled)
[    0.943554] audit: type=2000 audit(0.500:1): state=initialized audit_enabled=0 res=1
[    0.989244] HugeTLB registered 64.0 KiB page size, pre-allocated 0 pages
[    0.989300] HugeTLB registered 8.00 MiB page size, pre-allocated 0 pages
[    0.989344] HugeTLB registered 256 MiB page size, pre-allocated 0 pages
[    0.989389] HugeTLB registered 2.00 GiB page size, pre-allocated 0 pages
[    1.037258] alg: No test for lzo-rle (lzo-rle-generic)
[    1.037837] alg: No test for lzo-rle (lzo-rle-scomp)
[    1.056646] SUN4V: Reboot data supported (maj=1,min=0).
[    1.057186] ds.c:v1.0 (Jul 11, 2007)
[    1.057602] ds-0: ds_conn_reset() from send_events.isra.3
[    1.058116] clocksource: Switched to clocksource stick
[    1.340771] VFS: Disk quotas dquot_6.6.0
[    1.341267] VFS: Dquot-cache hash table entries: 1024 (order 0, 8192 bytes)
[    1.341902] *** VALIDATE hugetlbfs ***
[    1.360368] NET: Registered protocol family 2
[    1.362746] tcp_listen_portaddr_hash hash table entries: 32768 (order: 8, 2359296 bytes, linear)
[    1.366045] TCP established hash table entries: 524288 (order: 9, 4194304 bytes, linear)
[    1.368133] TCP bind hash table entries: 65536 (order: 9, 4194304 bytes, linear)
[    1.373738] TCP: Hash tables configured (established 524288 bind 65536)
[    1.380133] UDP hash table entries: 32768 (order: 9, 5242880 bytes, linear)
[    1.387575] UDP-Lite hash table entries: 32768 (order: 9, 5242880 bytes, linear)
[    1.401447] NET: Registered protocol family 1
[    1.402545] Trying to unpack rootfs image as initramfs...
[    1.718028] Freeing initrd memory: 10416K
[    1.753252] workingset: timestamp_bits=46 max_order=23 bucket_order=0
[    1.758979] SGI XFS with ACLs, security attributes, debug enabled
[    1.789503] Block layer SCSI generic (bsg) driver version 0.4 loaded (major 252)
[    1.791313] io scheduler mq-deadline registered
[    1.793291] f029b788: ttyHV0 at I/O 0x0 (irq = 1, base_baud = 115200) is a SUN4V HCONS
[    1.799670] printk: console [ttyHV0] enabled
[    1.805321] sunvdc.c:v1.2 (November 24, 2014)
[    1.812780] sunvdc: Virtual CDROM vdiskd
[    1.812848] sunvdc: vdiskd: 403160 sectors (196 MB) protocol 1.2
[    1.814387]  vdiskd: vdiskd1 vdiskd2 vdiskd3 vdiskd4 vdiskd5 vdiskd6 vdiskd7
[    1.870737] sunvdc: Virtual Hard disk vdiskc
[    1.870792] sunvdc: vdiskc: 104857600 sectors (51200 MB) protocol 1.2
[    1.923588] sunvdc: Virtual Hard disk vdiskb
[    1.923643] sunvdc: vdiskb: 62914560 sectors (30720 MB) protocol 1.2
[    1.934329]  vdiskb: vdiskb1
[    1.987174] sunvdc: Virtual Hard disk vdiska
[    1.987229] sunvdc: vdiska: 31457280 sectors (15360 MB) protocol 1.2
[    1.988524]  vdiska: vdiska1 vdiska2 vdiska3 vdiska4
[    2.035105] sunvnet: sunvnet 2.0 (February 3, 2017)
[    2.038727] vnet_port vnet-port-0-0 eth0: Sun LDOM vnet 00:14:4f:f8:12:a3
[    2.039331] sunvnet: eth0: PORT ( remote-mac 00:14:4f:fa:f3:f0 switch-port )
[    2.040707] sunvnet: eth0: PORT ( remote-mac 00:14:4f:f8:e5:f3 )
[    2.042052] sunvnet: eth0: PORT ( remote-mac 00:14:4f:f9:b4:97 )
[    2.043442] sunvnet: eth0: PORT ( remote-mac 00:14:4f:f9:8b:83 )
[    2.044773] sunvnet: eth0: PORT ( remote-mac 00:14:4f:f8:3f:1e )
[    2.046092] sunvnet: eth0: PORT ( remote-mac 00:14:4f:f8:fe:47 )
[    2.047748] rtc-sun4v rtc-sun4v: registered as rtc0
[    2.048290] device-mapper: uevent: version 1.0.3
[    2.049442] device-mapper: ioctl: 4.40.0-ioctl (2019-01-18) initialised: dm-devel@redhat.com
[    2.051113] NET: Registered protocol family 17
[    2.061781] zswap: default zpool zbud not available
[    2.061866] zswap: pool creation failed
[    2.110673] Key type big_key registered
[    2.111621] rtc-sun4v rtc-sun4v: setting system clock to 2019-07-19T05:42:32 UTC (1563514952)
[    2.115973] This architecture does not have kernel memory protection.
[    2.116023] Run /init as init process
[    3.032601] crc32c_sparc64: Using sparc64 crc32c opcode optimized CRC32C implementation
[    3.538096] raid6: int64x8  gen()  2121 MB/s
[    3.708088] raid6: int64x8  xor()  1549 MB/s
[    3.878073] raid6: int64x4  gen()  3361 MB/s
[    4.048093] raid6: int64x4  xor()  1961 MB/s
[    4.218108] raid6: int64x2  gen()  2449 MB/s
[    4.388096] raid6: int64x2  xor()  1813 MB/s
[    4.558089] raid6: int64x1  gen()  2048 MB/s
[    4.728112] raid6: int64x1  xor()  1440 MB/s
[    4.728164] raid6: using algorithm int64x4 gen() 3361 MB/s
[    4.728205] raid6: .... xor() 1961 MB/s, rmw enabled
[    4.728242] raid6: using intx1 recovery algorithm
[    4.729329] async_tx: api initialized (async)
[    4.730221] xor: automatically using best checksumming function   Niagara   
[    4.901897] random: fast init done
[    5.063391] EXT4-fs (vdiska2): mounted filesystem with ordered data mode. Opts: (null)
[    7.089590] systemd[1]: Inserted module 'autofs4'
[    7.108275] NET: Registered protocol family 10
[    7.120870] Segment Routing with IPv6
[    7.270476] systemd[1]: systemd 241 running in system mode. (+PAM +AUDIT +SELINUX +IMA +APPARMOR +SMACK +SYSVINIT +UTMP +LIBCRYPTSETUP +GCRYPT +GNUTLS +ACL +XZ +LZ4 -SECCOMP +BLKID +ELFUTILS +KMOD -IDN2 +IDN +PCRE2 default-hierarchy=hybrid)
[    7.271091] systemd[1]: Detected architecture sparc64.
[    7.329085] systemd[1]: Set hostname to <ttip>.
[    7.334867] systemd[1]: Failed to bump fs.file-max, ignoring: Invalid argument
[    8.359578] random: lvmconfig: uninitialized urandom read (4 bytes read)
[   10.608631] systemd[1]: /lib/systemd/system/smbd.service:9: PIDFile= references path below legacy directory /var/run/, updating /var/run/samba/smbd.pid → /run/samba/smbd.pid; please update the unit file accordingly.
[   10.644420] systemd[1]: /lib/systemd/system/nmbd.service:9: PIDFile= references path below legacy directory /var/run/, updating /var/run/samba/nmbd.pid → /run/samba/nmbd.pid; please update the unit file accordingly.
[   11.071643] random: systemd: uninitialized urandom read (16 bytes read)
[   11.081975] random: systemd: uninitialized urandom read (16 bytes read)
[   11.093940] systemd[1]: Created slice User and Session Slice.
[   11.094889] random: systemd: uninitialized urandom read (16 bytes read)
[   11.096231] systemd[1]: Listening on Journal Socket.
[   11.114124] systemd[1]: Starting Create list of required static device nodes for the current kernel...
[   11.128465] systemd[1]: Mounting POSIX Message Queue File System...
[   11.306599] EXT4-fs (vdiska2): re-mounted. Opts: errors=remount-ro
[   11.658008] systemd-journald[454]: Received request to flush runtime journal from PID 1
[   13.380566] sha1_sparc64: Using sparc64 sha1 opcode optimized SHA-1 implementation
[   13.429883] sha256_sparc64: Using sparc64 sha256 opcode optimized SHA-256/SHA-224 implementation
[   13.463925] sha512_sparc64: Using sparc64 sha512 opcode optimized SHA-512/SHA-384 implementation
[   13.473768] md5_sparc64: Using sparc64 md5 opcode optimized MD5 implementation
[   13.494236] aes_sparc64: Using sparc64 aes opcodes optimized AES implementation
[   13.529152] n2rng v0.3 (Jan 7, 2017)
[   13.529254] n2rng f029b104: Registered RNG HVAPI major 2 minor 0
[   13.529335] n2rng f029b104: Found multi-unit-capable RNG, units: 2
[   13.530337] n2rng f029b104: RNG ready
[   13.617376] des_sparc64: Using sparc64 des opcodes optimized DES implementation
[   13.670518] camellia_sparc64: Using sparc64 camellia opcodes optimized CAMELLIA implementation
[   15.568171] XFS (dm-0): Mounting V5 Filesystem
[   15.761809] XFS (dm-0): Ending clean mount
[   17.648219] Adding 787176k swap on /dev/vdiska4.  Priority:-2 extents:1 across:787176k FS
[   18.009239] EXT4-fs (vdiska1): mounting ext3 file system using the ext4 subsystem
[   18.029013] EXT4-fs (vdiska1): mounted filesystem with ordered data mode. Opts: (null)
