[    0.000017] PROMLIB: Sun IEEE Boot Prom 'OBP 4.38.12 2018/03/28 14:54'
[    0.000029] PROMLIB: Root node compatible: sun4v
[    0.000073] Linux version 4.19.0-12532-g8adcc59974b8 (mator@ttip) (gcc version 8.2.0 (Debian 8.2.0-9)) #757 SMP Fri Nov 2 15:41:44 MSK 2018
[    0.000379] printk: bootconsole [earlyprom0] enabled
[    0.000432] ARCH: SUN4V
[    0.000483] Ethernet address: 00:14:4f:fa:06:f2
[    0.000535] MM: PAGE_OFFSET is 0xfff8000000000000 (max_phys_bits == 47)
[    0.000601] MM: VMALLOC [0x0000000100000000 --> 0x0006000000000000]
[    0.000662] MM: VMEMMAP [0x0006000000000000 --> 0x000c000000000000]
[    0.013020] Kernel: Using 5 locked TLB entries for main kernel image.
[    0.013088] Remapping the kernel... 
[    0.013112] done.
[    0.042484] OF stdout device is: /virtual-devices@100/console@1
[    0.042549] PROM: Built device tree with 74449 bytes of memory.
[    0.042610] MDESC: Size is 30480 bytes.
[    0.042715] PLATFORM: banner-name [SPARC T5-2]
[    0.042765] PLATFORM: name [ORCL,SPARC-T5-2]
[    0.042812] PLATFORM: hostid [84fa06f2]
[    0.042855] PLATFORM: serial# [0035260e]
[    0.042898] PLATFORM: stick-frequency [3b9aca00]
[    0.042946] PLATFORM: mac-address [144ffa06f2]
[    0.042993] PLATFORM: watchdog-resolution [1000 ms]
[    0.043043] PLATFORM: watchdog-max-timeout [31536000000 ms]
[    0.043099] PLATFORM: max-cpus [1024]
[    0.043188] Top of RAM: 0x24af948000, Total RAM: 0x87f384000
[    0.043251] Memory hole size: 115461MB
[    0.047448] Allocated 40960 bytes for kernel page tables.
[    0.047525] Zone ranges:
[    0.047565]   Normal   [mem 0x0000000030400000-0x00000024af947fff]
[    0.047629] Movable zone start for each node
[    0.047676] Early memory node ranges
[    0.047718]   node   0: [mem 0x0000000030400000-0x000000006febffff]
[    0.047780]   node   0: [mem 0x000000006ff40000-0x000000006ff47fff]
[    0.047841]   node   0: [mem 0x0000000070000000-0x000000042fffffff]
[    0.047902]   node   0: [mem 0x0000002030000000-0x00000024af8b3fff]
[    0.047963]   node   0: [mem 0x00000024af940000-0x00000024af947fff]
[    0.055327] Zeroed struct page in unavailable ranges: 230114 pages
[    0.055335] Initmem setup node 0 [mem 0x0000000030400000-0x00000024af947fff]
[    0.055495] On node 0 totalpages: 4454850
[    0.055504]   Normal zone: 39154 pages used for memmap
[    0.055510]   Normal zone: 0 pages reserved
[    0.055515]   Normal zone: 4454850 pages, LIFO batch:31
[    0.252696] Booting Linux...
[    0.252781] CPU CAPS: [flush,stbar,swap,muldiv,v9,blkinit,n2,mul32]
[    0.252863] CPU CAPS: [div32,v8plus,popc,vis,vis2,ASIBlkInit,fmaf,vis3]
[    0.252941] CPU CAPS: [hpc,ima,pause,cbcond,aes,des,kasumi,camellia]
[    0.253013] CPU CAPS: [md5,sha1,sha256,sha512,mpmul,montmul,montsqr,crc32c]
[    0.304032] percpu: Embedded 20 pages/cpu @(____ptrval____) s122824 r8192 d32824 u262144
[    0.304269] pcpu-alloc: s122824 r8192 d32824 u262144 alloc=1*4194304
[    0.304276] pcpu-alloc: [0] 000 001 002 003 004 005 006 007 008 009 010 011 012 013 014 015 
[    0.304304] pcpu-alloc: [0] 016 017 018 019 020 021 022 023 024 025 026 027 028 029 030 031 
[    0.304332] pcpu-alloc: [0] 032 033 034 035 036 037 038 039 040 041 042 043 044 045 046 047 
[    0.304360] pcpu-alloc: [0] 048 049 050 051 052 053 054 055 056 057 058 059 060 061 062 063 
[    0.304388] pcpu-alloc: [0] 064 065 066 067 068 069 070 071 072 073 074 075 076 077 078 079 
[    0.304416] pcpu-alloc: [0] 080 081 082 083 084 085 086 087 088 089 090 091 092 093 094 095 
[    0.304443] pcpu-alloc: [0] 096 097 098 099 100 101 102 103 104 105 106 107 108 109 110 111 
[    0.304471] pcpu-alloc: [0] 112 113 114 115 116 117 118 119 120 121 122 123 124 125 126 127 
[    0.304499] pcpu-alloc: [0] 128 129 130 131 132 133 134 135 136 137 138 139 140 141 142 143 
[    0.304527] pcpu-alloc: [0] 144 145 146 147 148 149 150 151 152 153 154 155 156 157 158 159 
[    0.304555] pcpu-alloc: [0] 160 161 162 163 164 165 166 167 168 169 170 171 172 173 174 175 
[    0.304582] pcpu-alloc: [0] 176 177 178 179 180 181 182 183 184 185 186 187 188 189 190 191 
[    0.304610] pcpu-alloc: [0] 192 193 194 195 196 197 198 199 200 201 202 203 204 205 206 207 
[    0.304638] pcpu-alloc: [0] 208 209 210 211 212 213 214 215 216 217 218 219 220 221 222 223 
[    0.304666] pcpu-alloc: [0] 224 225 226 227 228 229 230 231 232 233 234 235 236 237 238 239 
[    0.304693] pcpu-alloc: [0] 240 241 242 243 244 245 246 247 248 249 250 251 252 253 254 255 
[    0.305125] SUN4V: Mondo queue sizes [cpu(131072) dev(16384) r(8192) nr(256)]
[    0.305438] Built 1 zonelists, mobility grouping on.  Total pages: 4415696
[    0.305526] Kernel command line: BOOT_IMAGE=/vmlinuz-4.19.0-12532-g8adcc59974b8 root=/dev/vdiska2 ro zswap.enabled=1 elevator=deadline
[    0.307886] printk: log_buf_len individual max cpu contribution: 4096 bytes
[    0.307956] printk: log_buf_len total cpu_extra contributions: 1044480 bytes
[    0.308023] printk: log_buf_len min size: 131072 bytes
[    0.308394] printk: log_buf_len: 2097152 bytes
[    0.308445] printk: early log buf free: 125928(96%)
[    0.314764] Dentry cache hash table entries: 8388608 (order: 13, 67108864 bytes)
[    0.317996] Inode-cache hash table entries: 4194304 (order: 12, 33554432 bytes)
[    0.318067] Sorting __ex_table...
[    0.400505] Memory: 35110304K/35638800K available (6167K kernel code, 824K rwdata, 1832K rodata, 880K init, 7651K bss, 528496K reserved, 0K cma-reserved)
[    0.400825] kmemleak: Kernel memory leak detector disabled
[    0.402322] ftrace: allocating 18754 entries in 37 pages
[    0.415889] Running RCU self tests
[    0.415934] rcu: Hierarchical RCU implementation.
[    0.415985] rcu: 	RCU event tracing is enabled.
[    0.416032] rcu: 	RCU lockdep checking is enabled.
[    0.416083] 	Tasks RCU enabled.
[    0.416120] rcu: RCU calculated value of scheduler-enlistment delay is 11 jiffies.
[    0.421278] NR_IRQS: 2048, nr_irqs: 2048, preallocated irqs: 1
[    0.421360] SUN4V: Using IRQ API major 3, cookie only virqs enabled
[    0.425433] clocksource: stick: mask: 0xffffffffffffffff max_cycles: 0x1cd42e4dffb, max_idle_ns: 881590591483 ns
[    0.425565] clocksource: mult[800000] shift[23]
[    0.425614] clockevent: mult[80000000] shift[31]
[    0.430032] Console: colour dummy device 80x25
[    0.430095] printk: console [tty0] enabled
[    0.430170] printk: bootconsole [earlyprom0] disabled
[    0.430253] Lock dependency validator: Copyright (c) 2006 Red Hat, Inc., Ingo Molnar
[    0.430298] ... MAX_LOCKDEP_SUBCLASSES:  8
[    0.430326] ... MAX_LOCK_DEPTH:          48
[    0.430354] ... MAX_LOCKDEP_KEYS:        8191
[    0.430383] ... CLASSHASH_SIZE:          4096
[    0.430412] ... MAX_LOCKDEP_ENTRIES:     16384
[    0.430442] ... MAX_LOCKDEP_CHAINS:      32768
[    0.430471] ... CHAINHASH_SIZE:          16384
[    0.430501]  memory used by lock dependency info: 4959 kB
[    0.430535]  per task-struct memory footprint: 1920 bytes
[    0.430766] kmemleak: Early log buffer exceeded (36609), please increase DEBUG_KMEMLEAK_EARLY_LOG_SIZE
[    0.575829] Calibrating delay using timer specific routine.. 2003.64 BogoMIPS (lpj=10018248)
[    0.575882] pid_max: default: 262144 minimum: 2048
[    0.577064] LSM: Security Framework initializing
[    0.577103] AppArmor: AppArmor disabled by boot time parameter
[    0.577695] Mount-cache hash table entries: 131072 (order: 7, 1048576 bytes)
[    0.577852] Mountpoint-cache hash table entries: 131072 (order: 7, 1048576 bytes)
[    0.582593] rcu: Hierarchical SRCU implementation.
[    0.605020] smp: Bringing up secondary CPUs ...
[    0.665713] smp: Brought up 1 node, 24 CPUs
[    0.669780] devtmpfs: initialized
[    0.675325] Performance events: 
[    0.675356] Testing NMI watchdog ... 
[    0.875458] OK.
[    0.875607] Supported PMU type is 'niagara5'
[    0.875926] random: get_random_u32 called from bucket_table_alloc.isra.4+0x140/0x1c0 with crng_init=0
[    0.876819] ldc.c:v1.1 (July 22, 2008)
[    0.879615] clocksource: jiffies: mask: 0xffffffff max_cycles: 0xffffffff, max_idle_ns: 19112604462750000 ns
[    0.879702] futex hash table entries: 65536 (order: 10, 8388608 bytes)
[    0.890162] NET: Registered protocol family 16
[    0.899280] VIO: Adding device channel-devices (tx_ino = ffffffffffffffff, rx_ino = ffffffffffffffff)
[    0.899503] VIO: Adding device vnet-port-0-0 (tx_ino = 0, rx_ino = 1)
[    0.899727] VIO: Adding device vnet-port-0-1 (tx_ino = 2, rx_ino = 3)
[    0.899919] VIO: Adding device vnet-port-0-2 (tx_ino = 4, rx_ino = 5)
[    0.900105] VIO: Adding device vnet-port-0-3 (tx_ino = 6, rx_ino = 7)
[    0.900299] VIO: Adding device vdc-port-3-0 (tx_ino = 8, rx_ino = 9)
[    0.900486] VIO: Adding device vdc-port-2-0 (tx_ino = a, rx_ino = b)
[    0.900677] VIO: Adding device vdc-port-1-0 (tx_ino = c, rx_ino = d)
[    0.900868] VIO: Adding device vdc-port-0-0 (tx_ino = e, rx_ino = f)
[    0.901056] VIO: Adding device vlds-port-0-0 (tx_ino = 10, rx_ino = 11)
[    0.901250] VIO: Adding device domain-services-port-0 (tx_ino = 10, rx_ino = 11)
[    0.901633] audit: initializing netlink subsys (disabled)
[    0.901948] audit: type=2000 audit(0.470:1): state=initialized audit_enabled=0 res=1
[    0.946890] HugeTLB registered 64.0 KiB page size, pre-allocated 0 pages
[    0.946937] HugeTLB registered 8.00 MiB page size, pre-allocated 0 pages
[    0.946980] HugeTLB registered 256 MiB page size, pre-allocated 0 pages
[    0.947023] HugeTLB registered 2.00 GiB page size, pre-allocated 0 pages
[    0.959202] SUN4V: Reboot data supported (maj=1,min=0).
[    0.959611] ds.c:v1.0 (Jul 11, 2007)
[    0.960021] ds-0: ds_conn_reset() from send_events.isra.3
[    0.961463] clocksource: Switched to clocksource stick
[    1.140034] VFS: Disk quotas dquot_6.6.0
[    1.140528] VFS: Dquot-cache hash table entries: 1024 (order 0, 8192 bytes)
[    1.160081] NET: Registered protocol family 2
[    1.165188] tcp_listen_portaddr_hash hash table entries: 32768 (order: 8, 2359296 bytes)
[    1.168481] TCP established hash table entries: 524288 (order: 9, 4194304 bytes)
[    1.170499] TCP bind hash table entries: 65536 (order: 9, 4194304 bytes)
[    1.176214] TCP: Hash tables configured (established 524288 bind 65536)
[    1.182749] UDP hash table entries: 32768 (order: 9, 5242880 bytes)
[    1.189976] UDP-Lite hash table entries: 32768 (order: 9, 5242880 bytes)
[    1.204028] NET: Registered protocol family 1
[    1.204751] Unpacking initramfs...
[    1.654603] Freeing initrd memory: 17104K
[    1.697315] workingset: timestamp_bits=46 max_order=23 bucket_order=0
[    1.698587] zbud: loaded
[    1.849923] Block layer SCSI generic (bsg) driver version 0.4 loaded (major 252)
[    1.851638] io scheduler noop registered
[    1.851671] io scheduler deadline registered (default)
[    1.852353] io scheduler cfq registered
[    1.852384] io scheduler mq-deadline registered (default)
[    1.852422] io scheduler kyber registered
[    1.855713] f029b788: ttyS0 at I/O 0x0 (irq = 1, base_baud = 115200) is a SUN4V HCONS
[    1.861186] printk: console [ttyHV0] enabled
[    1.864503] sunvdc.c:v1.2 (November 24, 2014)
[    1.869362] sunvdc: Virtual CDROM vdiskd
[    1.869413] sunvdc: vdiskd: 403160 sectors (196 MB) protocol 1.2
[    1.870482]  vdiskd: vdiskd1 vdiskd2 vdiskd3 vdiskd4 vdiskd5 vdiskd6 vdiskd7
[    1.880991] sunvdc: Virtual Hard disk vdiskc
[    1.881029] sunvdc: vdiskc: 104857600 sectors (51200 MB) protocol 1.2
[    1.887836] sunvdc: Virtual Hard disk vdiskb
[    1.887873] sunvdc: vdiskb: 62914560 sectors (30720 MB) protocol 1.2
[    1.895536]  vdiskb: vdiskb1
[    1.902329] sunvdc: Virtual Hard disk vdiska
[    1.902365] sunvdc: vdiska: 31457280 sectors (15360 MB) protocol 1.2
[    1.903045]  vdiska: vdiska1 vdiska2 vdiska3 vdiska4
[    1.906099] sunvnet: sunvnet 2.0 (February 3, 2017)
[    1.909503] vnet_port vnet-port-0-0 eth0: Sun LDOM vnet 00:14:4f:f8:12:a3
[    1.910049] sunvnet: eth0: PORT ( remote-mac 00:14:4f:fa:f3:f0 switch-port )
[    1.911338] sunvnet: eth0: PORT ( remote-mac 00:14:4f:f8:e5:f3 )
[    1.912640] sunvnet: eth0: PORT ( remote-mac 00:14:4f:f9:b4:97 )
[    1.913937] sunvnet: eth0: PORT ( remote-mac 00:14:4f:f9:8b:83 )
[    1.914881] mousedev: PS/2 mouse device common for all mice
[    1.916012] rtc-sun4v rtc-sun4v: rtc core: registered sun4v as rtc0
[    1.917125] device-mapper: uevent: version 1.0.3
[    1.918203] device-mapper: ioctl: 4.39.0-ioctl (2018-04-03) initialised: dm-devel@redhat.com
[    1.919705] NET: Registered protocol family 17
[    1.920892] registered taskstats version 1
[    1.923892] zswap: loaded using pool lzo/zbud
[    1.953078] Key type big_key registered
[    1.953912] rtc-sun4v rtc-sun4v: setting system clock to 2018-11-02 13:10:06 UTC (1541164206)
[    1.958335] This architecture does not have kernel memory protection.
[    1.958380] Run /init as init process
[    2.827189] crc32c_sparc64: Using sparc64 crc32c opcode optimized CRC32C implementation
[    3.351457] raid6: int64x1  gen()  2785 MB/s
[    3.521434] raid6: int64x1  xor()  1656 MB/s
[    3.691433] raid6: int64x2  gen()  2881 MB/s
[    3.861430] raid6: int64x2  xor()  2000 MB/s
[    4.031435] raid6: int64x4  gen()  3468 MB/s
[    4.201417] raid6: int64x4  xor()  1988 MB/s
[    4.371444] raid6: int64x8  gen()  2177 MB/s
[    4.541445] raid6: int64x8  xor()  1566 MB/s
[    4.541480] raid6: using algorithm int64x4 gen() 3468 MB/s
[    4.541519] raid6: .... xor() 1988 MB/s, rmw enabled
[    4.541555] raid6: using intx1 recovery algorithm
[    4.542832] async_tx: api initialized (async)
[    4.543550] xor: automatically using best checksumming function   Niagara   
[    4.773474] random: fast init done
[    4.781260] EXT4-fs (vdiska2): mounted filesystem with ordered data mode. Opts: (null)
[    6.357450] NET: Registered protocol family 10
[    6.369686] Segment Routing with IPv6
[    6.426956] systemd[1]: systemd 239 running in system mode. (+PAM +AUDIT +SELINUX +IMA +APPARMOR +SMACK +SYSVINIT +UTMP +LIBCRYPTSETUP +GCRYPT +GNUTLS +ACL +XZ +LZ4 -SECCOMP +BLKID +ELFUTILS +KMOD -IDN2 +IDN -PCRE2 default-hierarchy=hybrid)
[    6.427369] systemd[1]: Detected architecture sparc64.
[    6.479169] systemd[1]: Set hostname to <ttip>.
[    8.342068] random: systemd: uninitialized urandom read (16 bytes read)
[    8.363649] systemd[1]: Listening on LVM2 metadata daemon socket.
[    8.364494] random: systemd: uninitialized urandom read (16 bytes read)
[    8.375428] systemd[1]: Created slice system-openvpn\x2dclient.slice.
[    8.376475] random: systemd: uninitialized urandom read (16 bytes read)
[    8.378275] systemd[1]: Set up automount Arbitrary Executable File Formats File System Automount Point.
[    8.381085] systemd[1]: Listening on Syslog Socket.
[    8.382201] systemd[1]: Started Dispatch Password Requests to Console Directory Watch.
[    8.386744] systemd[1]: Created slice system-getty.slice.
[    8.387702] systemd[1]: Started Forward Password Requests to Wall Directory Watch.
[    8.630380] EXT4-fs (vdiska2): re-mounted. Opts: errors=remount-ro
[    8.902448] systemd-journald[411]: Received request to flush runtime journal from PID 1
[    9.126273] random: crng init done
[    9.126478] random: 7 urandom warning(s) missed due to ratelimiting
[   10.026047] sha1_sparc64: Using sparc64 sha1 opcode optimized SHA-1 implementation
[   10.086262] sha256_sparc64: Using sparc64 sha256 opcode optimized SHA-256/SHA-224 implementation
[   10.141964] sha512_sparc64: Using sparc64 sha512 opcode optimized SHA-512/SHA-384 implementation
[   10.164150] md5_sparc64: Using sparc64 md5 opcode optimized MD5 implementation
[   10.186375] n2rng v0.3 (Jan 7, 2017)
[   10.186517] n2rng f029b104: Registered RNG HVAPI major 2 minor 0
[   10.186634] n2rng f029b104: Found multi-unit-capable RNG, units: 2
[   10.188124] n2rng f029b104: RNG ready
[   10.213455] aes_sparc64: Using sparc64 aes opcodes optimized AES implementation
[   10.320256] des_sparc64: Using sparc64 des opcodes optimized DES implementation
[   10.359297] camellia_sparc64: Using sparc64 camellia opcodes optimized CAMELLIA implementation
[   11.796987] Btrfs loaded, crc32c=crc32c-sparc64, debug=on, assert=on
[   11.798833] BTRFS: device fsid 03ee75b3-c6e9-457b-a97d-c1dd4acd7044 devid 1 transid 11186 /dev/vdiskb1
[   11.925143] SGI XFS with ACLs, security attributes, debug enabled
[   11.958257] XFS (dm-0): Mounting V5 Filesystem
[   12.052552] XFS (dm-0): Ending clean mount
[   13.690505] Adding 787176k swap on /dev/vdiska4.  Priority:-2 extents:1 across:787176k FS
[   13.980806] EXT4-fs (vdiska1): mounting ext3 file system using the ext4 subsystem
[   13.991616] EXT4-fs (vdiska1): mounted filesystem with ordered data mode. Opts: (null)
