[    0.000019] PROMLIB: Sun IEEE Boot Prom 'OBP 4.38.12 2018/03/28 14:54'
[    0.000031] PROMLIB: Root node compatible: sun4v
[    0.000079] Linux version 5.4.0-13177-geea2d5da29e3 (mator@ttip.nvglabs.local) (gcc version 9.2.1 20191130 (Debian 9.2.1-21)) #1318 SMP Sat Dec 7 14:11:03 MSK 2019
[    0.000398] printk: bootconsole [earlyprom0] enabled
[    0.000450] ARCH: SUN4V
[    0.000500] Ethernet address: 00:14:4f:fa:06:f2
[    0.000553] MM: PAGE_OFFSET is 0xfff8000000000000 (max_phys_bits == 47)
[    0.000618] MM: VMALLOC [0x0000000100000000 --> 0x0006000000000000]
[    0.000680] MM: VMEMMAP [0x0006000000000000 --> 0x000c000000000000]
[    0.012449] Kernel: Using 5 locked TLB entries for main kernel image.
[    0.012519] Remapping the kernel... 
[    0.012545] done.
[    0.046198] OF stdout device is: /virtual-devices@100/console@1
[    0.046263] PROM: Built device tree with 88003 bytes of memory.
[    0.046324] MDESC: Size is 36960 bytes.
[    0.046440] PLATFORM: banner-name [SPARC T5-2]
[    0.046491] PLATFORM: name [ORCL,SPARC-T5-2]
[    0.046538] PLATFORM: hostid [84fa06f2]
[    0.046580] PLATFORM: serial# [0035260e]
[    0.046624] PLATFORM: stick-frequency [3b9aca00]
[    0.046672] PLATFORM: mac-address [144ffa06f2]
[    0.046719] PLATFORM: watchdog-resolution [1000 ms]
[    0.046770] PLATFORM: watchdog-max-timeout [31536000000 ms]
[    0.046826] PLATFORM: max-cpus [1024]
[    0.046915] Top of RAM: 0x24af938000, Total RAM: 0x87f354000
[    0.046977] Memory hole size: 115461MB
[    0.051628] Allocated 40960 bytes for kernel page tables.
[    0.051714] Zone ranges:
[    0.051754]   Normal   [mem 0x0000000030400000-0x00000024af937fff]
[    0.051819] Movable zone start for each node
[    0.051864] Early memory node ranges
[    0.051906]   node   0: [mem 0x0000000030400000-0x000000006fe7ffff]
[    0.051969]   node   0: [mem 0x000000006ff00000-0x000000006ff25fff]
[    0.052032]   node   0: [mem 0x0000000070000000-0x000000042fffffff]
[    0.052094]   node   0: [mem 0x0000002030000000-0x00000024af87ffff]
[    0.052156]   node   0: [mem 0x00000024af900000-0x00000024af925fff]
[    0.052217]   node   0: [mem 0x00000024af930000-0x00000024af937fff]
[    0.059598] Zeroed struct page in unavailable ranges: 230130 pages
[    0.059607] Initmem setup node 0 [mem 0x0000000030400000-0x00000024af937fff]
[    0.059767] On node 0 totalpages: 4454826
[    0.059776]   Normal zone: 39154 pages used for memmap
[    0.059781]   Normal zone: 0 pages reserved
[    0.059787]   Normal zone: 4454826 pages, LIFO batch:31
[    0.070644] Booting Linux...
[    0.070726] CPU CAPS: [flush,stbar,swap,muldiv,v9,blkinit,n2,mul32]
[    0.070808] CPU CAPS: [div32,v8plus,popc,vis,vis2,ASIBlkInit,fmaf,vis3]
[    0.070885] CPU CAPS: [hpc,ima,pause,cbcond,aes,des,kasumi,camellia]
[    0.070959] CPU CAPS: [md5,sha1,sha256,sha512,mpmul,montmul,montsqr,crc32c]
[    0.100875] percpu: Embedded 27 pages/cpu s182024 r8192 d30968 u262144
[    0.101102] pcpu-alloc: s182024 r8192 d30968 u262144 alloc=1*4194304
[    0.101109] pcpu-alloc: [0] 000 001 002 003 004 005 006 007 008 009 010 011 012 013 014 015 
[    0.101136] pcpu-alloc: [0] 016 017 018 019 020 021 022 023 024 025 026 027 028 029 030 031 
[    0.101163] pcpu-alloc: [0] 032 033 034 035 036 037 038 039 040 041 042 043 044 045 046 047 
[    0.101190] pcpu-alloc: [0] 048 049 050 051 052 053 054 055 056 057 058 059 060 061 062 063 
[    0.101216] pcpu-alloc: [0] 064 065 066 067 068 069 070 071 072 073 074 075 076 077 078 079 
[    0.101243] pcpu-alloc: [0] 080 081 082 083 084 085 086 087 088 089 090 091 092 093 094 095 
[    0.101269] pcpu-alloc: [0] 096 097 098 099 100 101 102 103 104 105 106 107 108 109 110 111 
[    0.101296] pcpu-alloc: [0] 112 113 114 115 116 117 118 119 120 121 122 123 124 125 126 127 
[    0.101817] SUN4V: Mondo queue sizes [cpu(131072) dev(16384) r(8192) nr(256)]
[    0.102188] Built 1 zonelists, mobility grouping on.  Total pages: 4415672
[    0.102276] Kernel command line: BOOT_IMAGE=/vmlinux-5.4.0-13177-geea2d5da29e3 root=/dev/vdiska2 ro zswap.enabled=1
[    0.104647] printk: log_buf_len individual max cpu contribution: 4096 bytes
[    0.104717] printk: log_buf_len total cpu_extra contributions: 520192 bytes
[    0.104784] printk: log_buf_len min size: 131072 bytes
[    0.105057] printk: log_buf_len: 1048576 bytes
[    0.105108] printk: early log buf free: 126640(96%)
[    0.111425] Dentry cache hash table entries: 8388608 (order: 13, 67108864 bytes, linear)
[    0.114660] Inode-cache hash table entries: 4194304 (order: 12, 33554432 bytes, linear)
[    0.114735] Sorting __ex_table...
[    0.114991] mem auto-init: stack:off, heap alloc:off, heap free:off
[    0.181778] Memory: 1305232K/35638608K available (7584K kernel code, 973K rwdata, 2272K rodata, 712K init, 6742K bss, 504568K reserved, 0K cma-reserved)
[    0.182440] SLUB: HWalign=32, Order=0-3, MinObjects=0, CPUs=128, Nodes=1
[    0.182741] ftrace: allocating 21320 entries in 42 pages
[    0.190893] ftrace: allocated 42 pages with 3 groups
[    0.193733] Running RCU self tests
[    0.193778] rcu: Hierarchical RCU implementation.
[    0.193829] rcu: 	RCU event tracing is enabled.
[    0.193877] rcu: 	RCU lockdep checking is enabled.
[    0.193927] 	Tasks RCU enabled.
[    0.193964] rcu: RCU calculated value of scheduler-enlistment delay is 10 jiffies.
[    0.198228] NR_IRQS: 2048, nr_irqs: 2048, preallocated irqs: 1
[    0.198305] SUN4V: Using IRQ API major 3, cookie only virqs enabled
[    0.200734] clocksource: stick: mask: 0xffffffffffffffff max_cycles: 0x1cd42e4dffb, max_idle_ns: 881590591483 ns
[    0.200864] clocksource: mult[800000] shift[23]
[    0.200912] clockevent: mult[80000000] shift[31]
[    0.201439] Console: colour dummy device 80x25
[    0.201502] printk: console [tty0] enabled
[    0.201577] printk: bootconsole [earlyprom0] disabled
[    0.201662] Lock dependency validator: Copyright (c) 2006 Red Hat, Inc., Ingo Molnar
[    0.201710] ... MAX_LOCKDEP_SUBCLASSES:  8
[    0.201740] ... MAX_LOCK_DEPTH:          48
[    0.201770] ... MAX_LOCKDEP_KEYS:        8192
[    0.201800] ... CLASSHASH_SIZE:          4096
[    0.201831] ... MAX_LOCKDEP_ENTRIES:     16384
[    0.201862] ... MAX_LOCKDEP_CHAINS:      32768
[    0.201893] ... CHAINHASH_SIZE:          16384
[    0.201924]  memory used by lock dependency info: 3855 kB
[    0.201959]  memory used for stack traces: 2112 kB
[    0.201992]  per task-struct memory footprint: 1920 bytes
[    0.351179] Calibrating delay using timer specific routine.. 2005.25 BogoMIPS (lpj=10026270)
[    0.351246] pid_max: default: 131072 minimum: 1024
[    0.351530] LSM: Security Framework initializing
[    0.351680] AppArmor: AppArmor initialized
[    0.351946] Mount-cache hash table entries: 131072 (order: 7, 1048576 bytes, linear)
[    0.352110] Mountpoint-cache hash table entries: 131072 (order: 7, 1048576 bytes, linear)
[    0.352243] *** VALIDATE tmpfs ***
[    0.353110] *** VALIDATE proc ***
[    0.353602] *** VALIDATE cgroup1 ***
[    0.353634] *** VALIDATE cgroup2 ***
[    0.355701] rcu: Hierarchical SRCU implementation.
[    0.363592] smp: Bringing up secondary CPUs ...
[    0.406659] smp: Brought up 1 node, 32 CPUs
[    0.597177] node 0 initialised, 4228601 pages in 190ms
[    0.598513] devtmpfs: initialized
[    0.603122] Performance events: 
[    0.603166] Testing NMI watchdog ... 
[    0.803236] OK.
[    0.803339] Supported PMU type is 'niagara5'
[    0.803525] random: get_random_u32 called from bucket_table_alloc.isra.0+0x188/0x1c0 with crng_init=0
[    0.804142] ldc.c:v1.1 (July 22, 2008)
[    0.806440] clocksource: jiffies: mask: 0xffffffff max_cycles: 0xffffffff, max_idle_ns: 19112604462750000 ns
[    0.806529] futex hash table entries: 32768 (order: 9, 4194304 bytes, linear)
[    0.811542] NET: Registered protocol family 16
[    0.819855] VIO: Adding device channel-devices (tx_ino = ffffffffffffffff, rx_ino = ffffffffffffffff)
[    0.820063] VIO: Adding device vnet-port-0-0 (tx_ino = 0, rx_ino = 1)
[    0.820261] VIO: Adding device vnet-port-0-1 (tx_ino = 2, rx_ino = 3)
[    0.820426] VIO: Adding device vnet-port-0-2 (tx_ino = 4, rx_ino = 5)
[    0.820595] VIO: Adding device vnet-port-0-4 (tx_ino = 8, rx_ino = 9)
[    0.820759] VIO: Adding device vnet-port-0-5 (tx_ino = a, rx_ino = b)
[    0.820923] VIO: Adding device vnet-port-0-6 (tx_ino = c, rx_ino = d)
[    0.821088] VIO: Adding device vdc-port-3-0 (tx_ino = e, rx_ino = f)
[    0.821258] VIO: Adding device vdc-port-2-0 (tx_ino = 10, rx_ino = 11)
[    0.821423] VIO: Adding device vdc-port-1-0 (tx_ino = 12, rx_ino = 13)
[    0.821587] VIO: Adding device vdc-port-0-0 (tx_ino = 14, rx_ino = 15)
[    0.821756] VIO: Adding device vdc-port-4-0 (tx_ino = 16, rx_ino = 17)
[    0.821923] VIO: Adding device vlds-port-0-0 (tx_ino = 18, rx_ino = 19)
[    0.822090] VIO: Adding device domain-services-port-0 (tx_ino = 18, rx_ino = 19)
[    0.822369] audit: initializing netlink subsys (disabled)
[    0.822628] audit: type=2000 audit(0.420:1): state=initialized audit_enabled=0 res=1
[    0.847203] HugeTLB registered 64.0 KiB page size, pre-allocated 0 pages
[    0.847250] HugeTLB registered 8.00 MiB page size, pre-allocated 0 pages
[    0.847295] HugeTLB registered 256 MiB page size, pre-allocated 0 pages
[    0.847339] HugeTLB registered 2.00 GiB page size, pre-allocated 0 pages
[    0.848919] alg: extra crypto tests enabled.  This is intended for developer use only.
[    0.874191] cryptd: max_cpu_qlen set to 1000
[    0.973353] NetLabel: Initializing
[    0.973391] NetLabel:  domain hash size = 128
[    0.973424] NetLabel:  protocols = UNLABELED CIPSOv4 CALIPSO
[    0.973609] NetLabel:  unlabeled traffic allowed by default
[    0.974562] SUN4V: Reboot data supported (maj=1,min=0).
[    0.974920] ds.c:v1.0 (Jul 11, 2007)
[    0.975245] ds-0: ds_conn_reset() from send_events.isra.0
[    0.975737] clocksource: Switched to clocksource stick
[    1.172102] *** VALIDATE bpf ***
[    1.173362] VFS: Disk quotas dquot_6.6.0
[    1.173488] VFS: Dquot-cache hash table entries: 1024 (order 0, 8192 bytes)
[    1.173702] *** VALIDATE ramfs ***
[    1.173752] *** VALIDATE hugetlbfs ***
[    1.175205] AppArmor: AppArmor Filesystem Enabled
[    1.187583] NET: Registered protocol family 2
[    1.189203] tcp_listen_portaddr_hash hash table entries: 32768 (order: 8, 2359296 bytes, linear)
[    1.192091] TCP established hash table entries: 524288 (order: 9, 4194304 bytes, linear)
[    1.194046] TCP bind hash table entries: 65536 (order: 9, 4194304 bytes, linear)
[    1.199631] TCP: Hash tables configured (established 524288 bind 65536)
[    1.202044] UDP hash table entries: 32768 (order: 9, 5242880 bytes, linear)
[    1.208283] UDP-Lite hash table entries: 32768 (order: 9, 5242880 bytes, linear)
[    1.216084] NET: Registered protocol family 1
[    1.216145] NET: Registered protocol family 44
[    1.216677] Trying to unpack rootfs image as initramfs...
[    1.498519] Freeing initrd memory: 10528K
[    1.499175] aes_sparc64: Using sparc64 aes opcodes optimized AES implementation
[    1.772672] des_sparc64: Using sparc64 des opcodes optimized DES implementation
[    2.238194] camellia_sparc64: Using sparc64 camellia opcodes optimized CAMELLIA implementation
[    2.417835] workingset: timestamp_bits=46 max_order=23 bucket_order=0
[    2.438006] SGI XFS with ACLs, security attributes, quota, fatal assert, debug enabled
[    2.443910] *** VALIDATE xfs ***
[    2.457534] Block layer SCSI generic (bsg) driver version 0.4 loaded (major 252)
[    2.458297] io scheduler mq-deadline registered
[    2.460966] f029b788: ttyHV0 at I/O 0x0 (irq = 1, base_baud = 115200) is a SUN4V HCONS
[    2.467842] printk: console [ttyHV0] enabled
[    2.471298] sunvdc.c:v1.2 (November 24, 2014)
[    2.472846] sunvdc: Virtual CDROM vdiskd
[    2.472889] sunvdc: vdiskd: 403160 sectors (196 MB) protocol 1.2
[    2.474564]  vdiskd: vdiskd1 vdiskd2 vdiskd3 vdiskd4 vdiskd5 vdiskd6 vdiskd7
[    2.494430] sunvdc: Virtual Hard disk vdiskc
[    2.494469] sunvdc: vdiskc: 104857600 sectors (51200 MB) protocol 1.2
[    2.513504] sunvdc: Virtual Hard disk vdiskb
[    2.513543] sunvdc: vdiskb: 62914560 sectors (30720 MB) protocol 1.2
[    2.514528]  vdiskb: vdiskb1
[    2.532448] sunvdc: Virtual Hard disk vdiska
[    2.532486] sunvdc: vdiska: 31457280 sectors (15360 MB) protocol 1.2
[    2.533549]  vdiska: vdiska1 vdiska2 vdiska3 vdiska4
[    2.552555] sunvdc: Virtual Hard disk vdiske
[    2.552594] sunvdc: vdiske: 20971520 sectors (10240 MB) protocol 1.2
[    2.553746]  vdiske: vdiske1 vdiske2
[    2.570911] sunvnet: sunvnet 2.0 (February 3, 2017)
[    2.573086] vnet_port vnet-port-0-0 eth0: Sun LDOM vnet 00:14:4f:f8:12:a3
[    2.573301] sunvnet: eth0: PORT ( remote-mac 00:14:4f:fa:f3:f0 switch-port )
[    2.573978] sunvnet: eth0: PORT ( remote-mac 00:14:4f:f8:e5:f3 )
[    2.574555] sunvnet: eth0: PORT ( remote-mac 00:14:4f:f9:b4:97 )
[    2.575147] sunvnet: eth0: PORT ( remote-mac 00:14:4f:f8:3f:1e )
[    2.575790] sunvnet: eth0: PORT ( remote-mac 00:14:4f:f8:fe:47 )
[    2.576380] sunvnet: eth0: PORT ( remote-mac 00:14:4f:f9:8b:83 )
[    2.577590] rtc-sun4v rtc-sun4v: registered as rtc0
[    2.578112] sun4v_wdt: initialized (timeout=60s, nowayout=0)
[    2.578484] device-mapper: uevent: version 1.0.3
[    2.579456] device-mapper: ioctl: 4.41.0-ioctl (2019-09-16) initialised: dm-devel@redhat.com
[    2.580449] NET: Registered protocol family 17
[    2.581013] registered taskstats version 1
[    2.588351] zswap: default zpool zbud not available
[    2.588405] zswap: pool creation failed
[    2.786967] Key type big_key registered
[    2.787033] AppArmor: AppArmor sha1 policy hashing enabled
[    2.788233] rtc-sun4v rtc-sun4v: setting system clock to 2019-12-07T15:45:36 UTC (1575733536)
[    2.792555] This architecture does not have kernel memory protection.
[    2.792603] Run /init as init process
[    3.278707] crc32c_sparc64: Using sparc64 crc32c opcode optimized CRC32C implementation
[    3.375775] random: fast init done
[    3.390661] md127: WARNING: vdiske1 appears to be on the same physical disk as vdiske2.
[    3.390737] True protection against single-disk failure might be compromised.
[    3.391503] md/raid1:md127: active with 2 out of 2 mirrors
[    3.391817] md127: detected capacity change from 0 to 26148864
[    3.875721] raid6: int64x8  gen()  2166 MB/s
[    4.045688] raid6: int64x8  xor()  1563 MB/s
[    4.215709] raid6: int64x4  gen()  3461 MB/s
[    4.385706] raid6: int64x4  xor()  1996 MB/s
[    4.555695] raid6: int64x2  gen()  2855 MB/s
[    4.725696] raid6: int64x2  xor()  1988 MB/s
[    4.895697] raid6: int64x1  gen()  2841 MB/s
[    5.065690] raid6: int64x1  xor()  1618 MB/s
[    5.065737] raid6: using algorithm int64x4 gen() 3461 MB/s
[    5.065787] raid6: .... xor() 1996 MB/s, rmw enabled
[    5.065825] raid6: using intx1 recovery algorithm
[    5.066655] async_tx: api initialized (async)
[    5.067153] xor: automatically using best checksumming function   Niagara   
[    5.284014] EXT4-fs (vdiska2): mounted filesystem with ordered data mode. Opts: (null)
[    7.225270] systemd[1]: Inserted module 'autofs4'
[    7.238201] NET: Registered protocol family 10
[    7.244252] Segment Routing with IPv6
[    7.311696] systemd[1]: systemd 243-9 running in system mode. (+PAM +AUDIT +SELINUX +IMA +APPARMOR +SMACK +SYSVINIT +UTMP +LIBCRYPTSETUP +GCRYPT +GNUTLS +ACL +XZ +LZ4 -SECCOMP +BLKID +ELFUTILS +KMOD +IDN2 -IDN +PCRE2 default-hierarchy=hybrid)
[    7.312311] systemd[1]: Detected architecture sparc64.
[    7.389288] systemd[1]: Set hostname to <ttip.nvglabs.local>.
[    7.419663] systemd[1]: Couldn't move remaining userspace processes, ignoring: Input/output error
[    8.381412] random: lvmconfig: uninitialized urandom read (4 bytes read)
[    9.347982] systemd[1]: /lib/systemd/system/dbus.socket:5: ListenStream= references a path below legacy directory /var/run/, updating /var/run/dbus/system_bus_socket → /run/dbus/system_bus_socket; please update the unit file accordingly.
[    9.643966] systemd[1]: /lib/systemd/system/pcscd.socket:5: ListenStream= references a path below legacy directory /var/run/, updating /var/run/pcscd/pcscd.comm → /run/pcscd/pcscd.comm; please update the unit file accordingly.
[    9.678971] random: systemd: uninitialized urandom read (16 bytes read)
[    9.689483] systemd[1]: Created slice system-getty.slice.
[    9.690170] random: systemd: uninitialized urandom read (16 bytes read)
[    9.693577] systemd[1]: Created slice system-openvpn\x2dclient.slice.
[    9.694005] random: systemd: uninitialized urandom read (16 bytes read)
[    9.697432] systemd[1]: Created slice system-postfix.slice.
[    9.702536] systemd[1]: Created slice system-systemd\x2dfsck.slice.
[    9.994844] EXT4-fs (vdiska2): re-mounted. Opts: errors=remount-ro
[   10.223658] systemd-journald[565]: Received client request to flush runtime journal.
[   11.967974] sha1_sparc64: Using sparc64 sha1 opcode optimized SHA-1 implementation
[   12.041017] n2rng v0.3 (Jan 7, 2017)
[   12.041105] n2rng f029b104: Registered RNG HVAPI major 2 minor 0
[   12.041176] n2rng f029b104: Found multi-unit-capable RNG, units: 2
[   12.042004] n2rng f029b104: RNG ready
[   12.155209] sha256_sparc64: Using sparc64 sha256 opcode optimized SHA-256/SHA-224 implementation
[   12.192287] pktcdvd: setup of pktcdvd device failed
[   12.234401] pktcdvd: setup of pktcdvd device failed
[   12.238403] pktcdvd: setup of pktcdvd device failed
[   12.241548] pktcdvd: setup of pktcdvd device failed
[   12.247247] pktcdvd: setup of pktcdvd device failed
[   12.250470] pktcdvd: setup of pktcdvd device failed
[   12.254111] pktcdvd: setup of pktcdvd device failed
[   12.257162] pktcdvd: setup of pktcdvd device failed
[   12.334906] sha512_sparc64: Using sparc64 sha512 opcode optimized SHA-512/SHA-384 implementation
[   12.347470] md5_sparc64: Using sparc64 md5 opcode optimized MD5 implementation
[   12.853771] XFS (dm-0): Mounting V5 Filesystem
[   13.091317] XFS (dm-0): Ending clean mount
[   13.189233] xfs filesystem being mounted at /1 supports timestamps until 2038 (0x7fffffff)
[   14.576223] random: crng init done
[   14.576352] random: 6 urandom warning(s) missed due to ratelimiting
[   15.305729] Adding 787176k swap on /dev/vdiska4.  Priority:-2 extents:1 across:787176k FS
[   15.603092] EXT4-fs (vdiska1): mounting ext3 file system using the ext4 subsystem
[   15.617138] EXT4-fs (vdiska1): mounted filesystem with ordered data mode. Opts: (null)
[   15.617309] ext3 filesystem being mounted at /boot supports timestamps until 2038 (0x7fffffff)
[   17.497853] Kernel unaligned access at TPC[8836d8] aa_dfa_unpack+0x38/0x5c0
[   17.498015] Kernel unaligned access at TPC[8836f8] aa_dfa_unpack+0x58/0x5c0
[   17.498102] Kernel unaligned access at TPC[8837c0] aa_dfa_unpack+0x120/0x5c0
[   17.498195] Kernel unaligned access at TPC[8838a0] aa_dfa_unpack+0x200/0x5c0
[   17.498286] Kernel unaligned access at TPC[8838b4] aa_dfa_unpack+0x214/0x5c0
[   21.744686] tun: Universal TUN/TAP device driver, 1.6

[   23.276135] ======================================================
[   23.276143] WARNING: possible circular locking dependency detected
[   23.276152] 5.4.0-13177-geea2d5da29e3 #1318 Not tainted
[   23.276158] ------------------------------------------------------
[   23.276165] iptables-restor/1021 is trying to acquire lock:
[   23.276173] 00000000104ca120 (&table[i].mutex){+.+.}, at: nfnl_lock+0x24/0x40 [nfnetlink]
[   23.276195] 
               but task is already holding lock:
[   23.276203] 0000000000e6b6a0 (&net->nft.commit_mutex){+.+.}, at: nf_tables_valid_genid+0x10/0x60 [nf_tables]
[   23.276227] 
               which lock already depends on the new lock.

[   23.276235] 
               the existing dependency chain (in reverse order) is:
[   23.276243] 
               -> #1 (&net->nft.commit_mutex){+.+.}:
[   23.276259]        __mutex_lock+0xac/0x9a0
[   23.276266]        mutex_lock_nested+0x1c/0x40
[   23.276276]        nf_tables_valid_genid+0x10/0x60 [nf_tables]
[   23.276285]        nfnetlink_rcv_batch+0x228/0x620 [nfnetlink]
[   23.276292]        nfnetlink_rcv+0x110/0x140 [nfnetlink]
[   23.276303]        netlink_unicast+0x150/0x260
[   23.276310]        netlink_sendmsg+0x3d8/0x460
[   23.276320]        sock_sendmsg+0x34/0x80
[   23.276326]        ____sys_sendmsg+0x1e4/0x200
[   23.276335]        ___sys_sendmsg+0x48/0x80
[   23.276341]        __sys_sendmsg+0x48/0x80
[   23.276347]        sys_sendmsg+0x18/0x40
[   23.276357]        linux_sparc_syscall+0x34/0x44
[   23.276363] 
               -> #0 (&table[i].mutex){+.+.}:
[   23.276376]        __lock_acquire+0x1b18/0x2520
[   23.276382]        lock_acquire+0x1ac/0x1e0
[   23.276388]        __mutex_lock+0xac/0x9a0
[   23.276395]        mutex_lock_nested+0x1c/0x40
[   23.276402]        nfnl_lock+0x24/0x40 [nfnetlink]
[   23.276413]        ip_set_nfnl_get_byindex+0x190/0x280 [ip_set]
[   23.276422]        set_match_v1_checkentry+0x14/0xc0 [xt_set]
[   23.276437]        xt_check_match+0x240/0x280 [x_tables]
[   23.276448]        __nft_match_init+0x174/0x1a0 [nft_compat]
[   23.276455]        nft_match_init+0x18/0x40 [nft_compat]
[   23.276466]        nf_tables_newrule+0x510/0x7a0 [nf_tables]
[   23.276473]        nfnetlink_rcv_batch+0x3d8/0x620 [nfnetlink]
[   23.276481]        nfnetlink_rcv+0x110/0x140 [nfnetlink]
[   23.276488]        netlink_unicast+0x150/0x260
[   23.276495]        netlink_sendmsg+0x3d8/0x460
[   23.276501]        sock_sendmsg+0x34/0x80
[   23.276507]        ____sys_sendmsg+0x1e4/0x200
[   23.276514]        ___sys_sendmsg+0x48/0x80
[   23.276520]        __sys_sendmsg+0x48/0x80
[   23.276526]        sys_sendmsg+0x18/0x40
[   23.276533]        linux_sparc_syscall+0x34/0x44
[   23.276538] 
               other info that might help us debug this:

[   23.276546]  Possible unsafe locking scenario:

[   23.276553]        CPU0                    CPU1
[   23.276558]        ----                    ----
[   23.276563]   lock(&net->nft.commit_mutex);
[   23.276570]                                lock(&table[i].mutex);
[   23.276577]                                lock(&net->nft.commit_mutex);
[   23.276585]   lock(&table[i].mutex);
[   23.276591] 
                *** DEADLOCK ***

[   23.276599] 1 lock held by iptables-restor/1021:
[   23.276605]  #0: 0000000000e6b6a0 (&net->nft.commit_mutex){+.+.}, at: nf_tables_valid_genid+0x10/0x60 [nf_tables]
[   23.276622] 
               stack backtrace:
[   23.276630] CPU: 22 PID: 1021 Comm: iptables-restor Not tainted 5.4.0-13177-geea2d5da29e3 #1318
[   23.276638] Call Trace:
[   23.276645]  [00000000004d529c] print_circular_bug.isra.0+0x1bc/0x1e0
[   23.276653]  [00000000004d54e0] check_noncircular+0x220/0x240
[   23.276660]  [00000000004d9a58] __lock_acquire+0x1b18/0x2520
[   23.276666]  [00000000004dadec] lock_acquire+0x1ac/0x1e0
[   23.276674]  [0000000000b6524c] __mutex_lock+0xac/0x9a0
[   23.276681]  [0000000000b65b5c] mutex_lock_nested+0x1c/0x40
[   23.276688]  [00000000104c8024] nfnl_lock+0x24/0x40 [nfnetlink]
[   23.276698]  [00000000104d51d0] ip_set_nfnl_get_byindex+0x190/0x280 [ip_set]
[   23.276706]  [000000001053c694] set_match_v1_checkentry+0x14/0xc0 [xt_set]
[   23.276715]  [00000000103de900] xt_check_match+0x240/0x280 [x_tables]
[   23.276724]  [000000001052ac54] __nft_match_init+0x174/0x1a0 [nft_compat]
[   23.276731]  [000000001052ad18] nft_match_init+0x18/0x40 [nft_compat]
[   23.276743]  [0000000010506190] nf_tables_newrule+0x510/0x7a0 [nf_tables]
[   23.276751]  [00000000104c8898] nfnetlink_rcv_batch+0x3d8/0x620 [nfnetlink]
[   23.276759]  [00000000104c8bf0] nfnetlink_rcv+0x110/0x140 [nfnetlink]
[   23.276767]  [0000000000a59b50] netlink_unicast+0x150/0x260
