[    0.000020] PROMLIB: Sun IEEE Boot Prom 'OBP 4.38.12 2018/03/28 14:54'
[    0.000032] PROMLIB: Root node compatible: sun4v
[    0.000081] Linux version 5.3.0-13006-gaefcf2f4b581-dirty (mator@ttip.nvglabs.local) (gcc version 9.2.1 20190909 (Debian 9.2.1-8)) #1249 SMP Sat Sep 28 23:38:21 MSK 2019
[    0.000408] printk: bootconsole [earlyprom0] enabled
[    0.000459] ARCH: SUN4V
[    0.000509] Ethernet address: 00:14:4f:fa:06:f2
[    0.000563] MM: PAGE_OFFSET is 0xfff8000000000000 (max_phys_bits == 47)
[    0.000631] MM: VMALLOC [0x0000000100000000 --> 0x0006000000000000]
[    0.000694] MM: VMEMMAP [0x0006000000000000 --> 0x000c000000000000]
[    0.014031] Kernel: Using 6 locked TLB entries for main kernel image.
[    0.014100] Remapping the kernel... 
[    0.014126] done.
[    0.050279] OF stdout device is: /virtual-devices@100/console@1
[    0.050344] PROM: Built device tree with 87467 bytes of memory.
[    0.050406] MDESC: Size is 37248 bytes.
[    0.050528] PLATFORM: banner-name [SPARC T5-2]
[    0.050580] PLATFORM: name [ORCL,SPARC-T5-2]
[    0.050629] PLATFORM: hostid [84fa06f2]
[    0.050673] PLATFORM: serial# [0035260e]
[    0.050716] PLATFORM: stick-frequency [3b9aca00]
[    0.050765] PLATFORM: mac-address [144ffa06f2]
[    0.050813] PLATFORM: watchdog-resolution [1000 ms]
[    0.050866] PLATFORM: watchdog-max-timeout [31536000000 ms]
[    0.050924] PLATFORM: max-cpus [1024]
[    0.050996] Top of RAM: 0x24af936000, Total RAM: 0x87f352000
[    0.051058] Memory hole size: 115461MB
[    0.288638] Allocated 35708928 bytes for kernel page tables.
[    0.288730] Zone ranges:
[    0.288769]   Normal   [mem 0x0000000030400000-0x00000024af935fff]
[    0.288835] Movable zone start for each node
[    0.288880] Early memory node ranges
[    0.288921]   node   0: [mem 0x0000000030400000-0x000000006fe7ffff]
[    0.288987]   node   0: [mem 0x000000006ff00000-0x000000006ff25fff]
[    0.289051]   node   0: [mem 0x0000000070000000-0x000000042fffffff]
[    0.289115]   node   0: [mem 0x0000002030000000-0x00000024af87ffff]
[    0.289181]   node   0: [mem 0x00000024af900000-0x00000024af925fff]
[    0.289244]   node   0: [mem 0x00000024af930000-0x00000024af935fff]
[    0.296645] Zeroed struct page in unavailable ranges: 230130 pages
[    0.296654] Initmem setup node 0 [mem 0x0000000030400000-0x00000024af935fff]
[    0.296812] On node 0 totalpages: 4454825
[    0.296822]   Normal zone: 39154 pages used for memmap
[    0.296827]   Normal zone: 0 pages reserved
[    0.296833]   Normal zone: 4454825 pages, LIFO batch:31
[    0.307693] Booting Linux...
[    0.307778] CPU CAPS: [flush,stbar,swap,muldiv,v9,blkinit,n2,mul32]
[    0.307863] CPU CAPS: [div32,v8plus,popc,vis,vis2,ASIBlkInit,fmaf,vis3]
[    0.307940] CPU CAPS: [hpc,ima,pause,cbcond,aes,des,kasumi,camellia]
[    0.308014] CPU CAPS: [md5,sha1,sha256,sha512,mpmul,montmul,montsqr,crc32c]
[    0.342001] percpu: Embedded 27 pages/cpu s180808 r8192 d32184 u262144
[    0.342247] pcpu-alloc: s180808 r8192 d32184 u262144 alloc=1*4194304
[    0.342255] pcpu-alloc: [0] 000 001 002 003 004 005 006 007 008 009 010 011 012 013 014 015 
[    0.342283] pcpu-alloc: [0] 016 017 018 019 020 021 022 023 024 025 026 027 028 029 030 031 
[    0.342311] pcpu-alloc: [0] 032 033 034 035 036 037 038 039 040 041 042 043 044 045 046 047 
[    0.342339] pcpu-alloc: [0] 048 049 050 051 052 053 054 055 056 057 058 059 060 061 062 063 
[    0.342368] pcpu-alloc: [0] 064 065 066 067 068 069 070 071 072 073 074 075 076 077 078 079 
[    0.342396] pcpu-alloc: [0] 080 081 082 083 084 085 086 087 088 089 090 091 092 093 094 095 
[    0.342424] pcpu-alloc: [0] 096 097 098 099 100 101 102 103 104 105 106 107 108 109 110 111 
[    0.342453] pcpu-alloc: [0] 112 113 114 115 116 117 118 119 120 121 122 123 124 125 126 127 
[    0.342986] SUN4V: Mondo queue sizes [cpu(131072) dev(16384) r(8192) nr(256)]
[    0.343432] Built 1 zonelists, mobility grouping on.  Total pages: 4415671
[    0.343521] Kernel command line: BOOT_IMAGE=/vmlinux-5.3.0-13006-gaefcf2f4b581-dirty root=/dev/vdiska2 ro zswap.enabled=1
[    0.345896] printk: log_buf_len individual max cpu contribution: 4096 bytes
[    0.345967] printk: log_buf_len total cpu_extra contributions: 520192 bytes
[    0.346036] printk: log_buf_len min size: 131072 bytes
[    0.346356] printk: log_buf_len: 1048576 bytes
[    0.346408] printk: early log buf free: 126624(96%)
[    0.356025] Dentry cache hash table entries: 8388608 (order: 13, 67108864 bytes, linear)
[    0.360924] Inode-cache hash table entries: 4194304 (order: 12, 33554432 bytes, linear)
[    0.361007] Sorting __ex_table...
[    0.361277] mem auto-init: stack:off, heap alloc:off, heap free:off
[    0.425319] Memory: 1305232K/35638600K available (7343K kernel code, 951K rwdata, 2168K rodata, 704K init, 12359K bss, 544480K reserved, 0K cma-reserved)
[    0.434527] SLUB: HWalign=32, Order=0-3, MinObjects=0, CPUs=128, Nodes=1
[    0.439500] ftrace: allocating 21120 entries in 42 pages
[    0.455887] Running RCU self tests
[    0.455936] rcu: Hierarchical RCU implementation.
[    0.455986] rcu: 	RCU event tracing is enabled.
[    0.456035] rcu: 	RCU lockdep checking is enabled.
[    0.456087] 	Tasks RCU enabled.
[    0.456125] rcu: RCU calculated value of scheduler-enlistment delay is 10 jiffies.
[    0.465126] NR_IRQS: 2048, nr_irqs: 2048, preallocated irqs: 1
[    0.465562] SUN4V: Using IRQ API major 3, cookie only virqs enabled
[    0.469398] clocksource: stick: mask: 0xffffffffffffffff max_cycles: 0x1cd42e4dffb, max_idle_ns: 881590591483 ns
[    0.469527] clocksource: mult[800000] shift[23]
[    0.469577] clockevent: mult[80000000] shift[31]
[    0.473272] Console: colour dummy device 80x25
[    0.473335] printk: console [tty0] enabled
[    0.473411] printk: bootconsole [earlyprom0] disabled
[    0.473494] Lock dependency validator: Copyright (c) 2006 Red Hat, Inc., Ingo Molnar
[    0.473542] ... MAX_LOCKDEP_SUBCLASSES:  8
[    0.473571] ... MAX_LOCK_DEPTH:          48
[    0.473600] ... MAX_LOCKDEP_KEYS:        8192
[    0.473631] ... CLASSHASH_SIZE:          4096
[    0.473661] ... MAX_LOCKDEP_ENTRIES:     16384
[    0.473691] ... MAX_LOCKDEP_CHAINS:      32768
[    0.473722] ... CHAINHASH_SIZE:          16384
[    0.473752]  memory used by lock dependency info: 3855 kB
[    0.473788]  memory used for stack traces: 2112 kB
[    0.473820]  per task-struct memory footprint: 1920 bytes
[    0.619827] Calibrating delay using timer specific routine.. 2004.84 BogoMIPS (lpj=10024245)
[    0.619891] pid_max: default: 131072 minimum: 1024
[    0.627398] LSM: Security Framework initializing
[    0.629449] AppArmor: AppArmor initialized
[    0.632555] Mount-cache hash table entries: 131072 (order: 7, 1048576 bytes, linear)
[    0.632793] Mountpoint-cache hash table entries: 131072 (order: 7, 1048576 bytes, linear)
[    0.634282] *** VALIDATE tmpfs ***
[    0.643144] *** VALIDATE proc ***
[    0.648750] *** VALIDATE cgroup1 ***
[    0.648782] *** VALIDATE cgroup2 ***
[    0.654764] rcu: Hierarchical SRCU implementation.
[    0.667159] smp: Bringing up secondary CPUs ...
[    0.739274] smp: Brought up 1 node, 32 CPUs
[    0.946232] node 0 initialised, 4223611 pages in 190ms
[    0.951375] devtmpfs: initialized
[    0.961736] Performance events: 
[    0.961798] Testing NMI watchdog ... 
[    1.162001] OK.
[    1.162148] Supported PMU type is 'niagara5'
[    1.163354] random: get_random_u32 called from bucket_table_alloc.isra.0+0x188/0x1c0 with crng_init=0
[    1.164622] ldc.c:v1.1 (July 22, 2008)
[    1.168002] clocksource: jiffies: mask: 0xffffffff max_cycles: 0xffffffff, max_idle_ns: 19112604462750000 ns
[    1.168095] futex hash table entries: 32768 (order: 9, 4194304 bytes, linear)
[    1.187920] NET: Registered protocol family 16
[    1.202123] VIO: Adding device channel-devices (tx_ino = ffffffffffffffff, rx_ino = ffffffffffffffff)
[    1.202470] VIO: Adding device vnet-port-0-0 (tx_ino = 0, rx_ino = 1)
[    1.202755] VIO: Adding device vnet-port-0-1 (tx_ino = 2, rx_ino = 3)
[    1.203023] VIO: Adding device vnet-port-0-2 (tx_ino = 4, rx_ino = 5)
[    1.203287] VIO: Adding device vnet-port-0-4 (tx_ino = 8, rx_ino = 9)
[    1.203543] VIO: Adding device vnet-port-0-5 (tx_ino = a, rx_ino = b)
[    1.203806] VIO: Adding device vnet-port-0-6 (tx_ino = c, rx_ino = d)
[    1.204054] VIO: Adding device vnet-port-0-3 (tx_ino = 6, rx_ino = 7)
[    1.204312] VIO: Adding device vdc-port-3-0 (tx_ino = e, rx_ino = f)
[    1.204565] VIO: Adding device vdc-port-2-0 (tx_ino = 10, rx_ino = 11)
[    1.204820] VIO: Adding device vdc-port-1-0 (tx_ino = 12, rx_ino = 13)
[    1.205068] VIO: Adding device vdc-port-0-0 (tx_ino = 14, rx_ino = 15)
[    1.205334] VIO: Adding device vdc-port-4-0 (tx_ino = 16, rx_ino = 17)
[    1.205584] VIO: Adding device vlds-port-0-0 (tx_ino = 18, rx_ino = 19)
[    1.205840] VIO: Adding device domain-services-port-0 (tx_ino = 18, rx_ino = 19)
[    1.206881] audit: initializing netlink subsys (disabled)
[    1.207328] audit: type=2000 audit(0.730:1): state=initialized audit_enabled=0 res=1
[    1.263744] HugeTLB registered 64.0 KiB page size, pre-allocated 0 pages
[    1.263797] HugeTLB registered 8.00 MiB page size, pre-allocated 0 pages
[    1.263842] HugeTLB registered 256 MiB page size, pre-allocated 0 pages
[    1.263887] HugeTLB registered 2.00 GiB page size, pre-allocated 0 pages
[    1.373459] NetLabel: Initializing
[    1.373501] NetLabel:  domain hash size = 128
[    1.373539] NetLabel:  protocols = UNLABELED CIPSOv4 CALIPSO
[    1.373823] NetLabel:  unlabeled traffic allowed by default
[    1.375226] SUN4V: Reboot data supported (maj=1,min=0).
[    1.376909] ds.c:v1.0 (Jul 11, 2007)
[    1.377428] ds-0: ds_conn_reset() from send_events.isra.0
[    1.378939] clocksource: Switched to clocksource stick
[    1.713548] *** VALIDATE bpf ***
[    1.721788] VFS: Disk quotas dquot_6.6.0
[    1.726276] VFS: Dquot-cache hash table entries: 1024 (order 0, 8192 bytes)
[    1.726644] *** VALIDATE ramfs ***
[    1.727333] *** VALIDATE hugetlbfs ***
[    1.740341] AppArmor: AppArmor Filesystem Enabled
[    1.766704] NET: Registered protocol family 2
[    1.777665] tcp_listen_portaddr_hash hash table entries: 32768 (order: 8, 2359296 bytes, linear)
[    1.781478] TCP established hash table entries: 524288 (order: 9, 4194304 bytes, linear)
[    1.783706] TCP bind hash table entries: 65536 (order: 9, 4194304 bytes, linear)
[    1.789581] TCP: Hash tables configured (established 524288 bind 65536)
[    1.794358] UDP hash table entries: 32768 (order: 9, 5242880 bytes, linear)
[    1.801016] UDP-Lite hash table entries: 32768 (order: 9, 5242880 bytes, linear)
[    1.816563] NET: Registered protocol family 1
[    1.816654] NET: Registered protocol family 44
[    1.817381] Trying to unpack rootfs image as initramfs...
[    2.150203] Freeing initrd memory: 10368K
[    2.180908] workingset: timestamp_bits=46 max_order=23 bucket_order=0
[    2.229209] SGI XFS with ACLs, security attributes, debug enabled
[    2.274358] Block layer SCSI generic (bsg) driver version 0.4 loaded (major 252)
[    2.276094] io scheduler mq-deadline registered
[    2.283370] f029b788: ttyHV0 at I/O 0x0 (irq = 1, base_baud = 115200) is a SUN4V HCONS
[    2.289971] printk: console [ttyHV0] enabled
[    2.297476] sunvdc.c:v1.2 (November 24, 2014)
[    2.313707] sunvdc: Virtual CDROM vdiskd
[    2.313759] sunvdc: vdiskd: 403160 sectors (196 MB) protocol 1.2
[    2.317403]  vdiskd: vdiskd1 vdiskd2 vdiskd3 vdiskd4 vdiskd5 vdiskd6 vdiskd7
[    2.371178] sunvdc: Virtual Hard disk vdiskc
[    2.371225] sunvdc: vdiskc: 104857600 sectors (51200 MB) protocol 1.2
[    2.416512] sunvdc: Virtual Hard disk vdiskb
[    2.416558] sunvdc: vdiskb: 62914560 sectors (30720 MB) protocol 1.2
[    2.419766]  vdiskb: vdiskb1
[    2.463694] sunvdc: Virtual Hard disk vdiska
[    2.463740] sunvdc: vdiska: 31457280 sectors (15360 MB) protocol 1.2
[    2.466992]  vdiska: vdiska1 vdiska2 vdiska3 vdiska4
[    2.515222] sunvdc: Virtual Hard disk vdiske
[    2.515266] sunvdc: vdiske: 20971520 sectors (10240 MB) protocol 1.2
[    2.519468]  vdiske: vdiske1 vdiske2 vdiske3
[    2.550523] sunvnet: sunvnet 2.0 (February 3, 2017)
[    2.556218] vnet_port vnet-port-0-0 eth0: Sun LDOM vnet 00:14:4f:f8:12:a3
[    2.556530] sunvnet: eth0: PORT ( remote-mac 00:14:4f:fa:f3:f0 switch-port )
[    2.558321] sunvnet: eth0: PORT ( remote-mac 00:14:4f:f8:e5:f3 )
[    2.560206] sunvnet: eth0: PORT ( remote-mac 00:14:4f:f9:b4:97 )
[    2.561985] sunvnet: eth0: PORT ( remote-mac 00:14:4f:f8:3f:1e )
[    2.563740] sunvnet: eth0: PORT ( remote-mac 00:14:4f:f8:fe:47 )
[    2.565531] sunvnet: eth0: PORT ( remote-mac 00:14:4f:f9:8b:83 )
[    2.567295] sunvnet: eth0: PORT ( remote-mac 00:14:4f:f9:6c:d1 )
[    2.569070] rtc-sun4v rtc-sun4v: registered as rtc0
[    2.569881] sun4v_wdt: initialized (timeout=60s, nowayout=0)
[    2.570947] device-mapper: uevent: version 1.0.3
[    2.573434] device-mapper: ioctl: 4.41.0-ioctl (2019-09-16) initialised: dm-devel@redhat.com
[    2.575196] NET: Registered protocol family 17
[    2.576084] registered taskstats version 1
[    2.586138] zswap: default zpool zbud not available
[    2.586190] zswap: pool creation failed
[    2.587143] kmemleak: Kernel memory leak detector initialized (mem pool available: 6234)
[    2.587154] kmemleak: Automatic memory scanning thread started
[    2.637432] Key type big_key registered
[    2.637504] AppArmor: AppArmor sha1 policy hashing enabled
[    2.638480] rtc-sun4v rtc-sun4v: setting system clock to 2019-09-28T20:41:11 UTC (1569703271)
[    2.648033] This architecture does not have kernel memory protection.
[    2.648081] Run /init as init process
[    3.415163] crc32c_sparc64: Using sparc64 crc32c opcode optimized CRC32C implementation
[    3.488441] random: fast init done
[    3.898867] raid6: int64x8  gen()  2163 MB/s
[    4.068859] raid6: int64x8  xor()  1566 MB/s
[    4.238844] raid6: int64x4  gen()  3469 MB/s
[    4.408855] raid6: int64x4  xor()  1998 MB/s
[    4.578852] raid6: int64x2  gen()  2859 MB/s
[    4.748841] raid6: int64x2  xor()  1989 MB/s
[    4.918843] raid6: int64x1  gen()  2844 MB/s
[    5.088851] raid6: int64x1  xor()  1621 MB/s
[    5.088888] raid6: using algorithm int64x4 gen() 3469 MB/s
[    5.088928] raid6: .... xor() 1998 MB/s, rmw enabled
[    5.088966] raid6: using intx1 recovery algorithm
[    5.090364] async_tx: api initialized (async)
[    5.091388] xor: automatically using best checksumming function   Niagara   
[    5.383179] EXT4-fs (vdiska2): mounted filesystem with ordered data mode. Opts: (null)
[    7.272297] systemd[1]: Inserted module 'autofs4'
[    7.293705] NET: Registered protocol family 10
[    7.309530] Segment Routing with IPv6
[    7.391745] systemd[1]: systemd 242 running in system mode. (+PAM +AUDIT +SELINUX +IMA +APPARMOR +SMACK +SYSVINIT +UTMP +LIBCRYPTSETUP +GCRYPT +GNUTLS +ACL +XZ +LZ4 -SECCOMP +BLKID +ELFUTILS +KMOD +IDN2 -IDN +PCRE2 default-hierarchy=hybrid)
[    7.392430] systemd[1]: Detected architecture sparc64.
[    7.551363] systemd[1]: Set hostname to <ttip.nvglabs.local>.
[    7.560762] systemd[1]: Failed to bump fs.file-max, ignoring: Invalid argument
[    8.688891] random: lvmconfig: uninitialized urandom read (4 bytes read)
[    9.687440] systemd[1]: /lib/systemd/system/dbus.socket:4: ListenStream= references a path below legacy directory /var/run/, updating /var/run/dbus/system_bus_socket → /run/dbus/system_bus_socket; please update the unit file accordingly.
[   10.069852] systemd[1]: /lib/systemd/system/pcscd.socket:4: ListenStream= references a path below legacy directory /var/run/, updating /var/run/pcscd/pcscd.comm → /run/pcscd/pcscd.comm; please update the unit file accordingly.
[   10.130225] random: systemd: uninitialized urandom read (16 bytes read)
[   10.162776] systemd[1]: Created slice system-getty.slice.
[   10.163919] random: systemd: uninitialized urandom read (16 bytes read)
[   10.164715] systemd[1]: Listening on udev Kernel Socket.
[   10.165275] random: systemd: uninitialized urandom read (16 bytes read)
[   10.181175] systemd[1]: Created slice system-openvpn\x2dclient.slice.
[   10.182379] systemd[1]: Listening on Device-mapper event daemon FIFOs.
[   10.504888] EXT4-fs (vdiska2): re-mounted. Opts: errors=remount-ro
[   11.037449] systemd-journald[486]: Received request to flush runtime journal from PID 1
[   12.362618] sha1_sparc64: Using sparc64 sha1 opcode optimized SHA-1 implementation
[   12.408507] sha256_sparc64: Using sparc64 sha256 opcode optimized SHA-256/SHA-224 implementation
[   12.480475] sha512_sparc64: Using sparc64 sha512 opcode optimized SHA-512/SHA-384 implementation
[   12.484397] md5_sparc64: Using sparc64 md5 opcode optimized MD5 implementation
[   12.526090] aes_sparc64: Using sparc64 aes opcodes optimized AES implementation
[   12.559837] n2rng v0.3 (Jan 7, 2017)
[   12.560096] n2rng f029b104: Registered RNG HVAPI major 2 minor 0
[   12.560332] n2rng f029b104: Found multi-unit-capable RNG, units: 2
[   12.566216] n2rng f029b104: RNG ready
[   12.842529] des_sparc64: Using sparc64 des opcodes optimized DES implementation
[   12.913596] camellia_sparc64: Using sparc64 camellia opcodes optimized CAMELLIA implementation
[   13.005494] pktcdvd: setup of pktcdvd device failed
[   13.105992] pktcdvd: setup of pktcdvd device failed
[   13.129891] pktcdvd: setup of pktcdvd device failed
[   13.148971] pktcdvd: setup of pktcdvd device failed
[   13.167430] pktcdvd: setup of pktcdvd device failed
[   13.186126] pktcdvd: setup of pktcdvd device failed
[   13.205263] pktcdvd: setup of pktcdvd device failed
[   13.223946] pktcdvd: setup of pktcdvd device failed
[   15.422045] XFS (dm-0): Mounting V5 Filesystem
[   15.497612] XFS (dm-0): Ending clean mount
[   15.502433] Mounted xfs file system at /1 supports timestamps until 2038 (0x7fffffff)
[   16.458911] Adding 787176k swap on /dev/vdiska4.  Priority:-2 extents:1 across:787176k FS
[   16.768622] EXT4-fs (vdiska1): mounting ext3 file system using the ext4 subsystem
[   16.795708] EXT4-fs (vdiska1): mounted filesystem with ordered data mode. Opts: (null)
[   16.797557] Mounted ext3 file system at /boot supports timestamps until 2038 (0x7fffffff)
[   18.032082] Kernel unaligned access at TPC[8644f8] aa_dfa_unpack+0x38/0x5a0
[   18.032247] Kernel unaligned access at TPC[864518] aa_dfa_unpack+0x58/0x5a0
[   18.032330] Kernel unaligned access at TPC[8645d0] aa_dfa_unpack+0x110/0x5a0
[   18.032423] Kernel unaligned access at TPC[8646b0] aa_dfa_unpack+0x1f0/0x5a0
[   18.032505] Kernel unaligned access at TPC[8646c4] aa_dfa_unpack+0x204/0x5a0
[   18.933691] random: crng init done
[   18.933752] random: 6 urandom warning(s) missed due to ratelimiting
[   22.744129] tun: Universal TUN/TAP device driver, 1.6

[   23.491096] ======================================================
[   23.491104] WARNING: possible circular locking dependency detected
[   23.491114] 5.3.0-13006-gaefcf2f4b581-dirty #1249 Not tainted
[   23.491121] ------------------------------------------------------
[   23.491128] iptables-restor/943 is trying to acquire lock:
[   23.491136] 0000000010640120 (&table[i].mutex){+.+.}, at: nfnl_lock+0x24/0x40 [nfnetlink]
[   23.491158] 
               but task is already holding lock:
[   23.491166] 0000000000e0e4a0 (&net->nft.commit_mutex){+.+.}, at: nf_tables_valid_genid+0x10/0x60 [nf_tables]
[   23.491192] 
               which lock already depends on the new lock.

[   23.491200] 
               the existing dependency chain (in reverse order) is:
[   23.491207] 
               -> #1 (&net->nft.commit_mutex){+.+.}:
[   23.491225]        __mutex_lock+0xac/0x980
[   23.491232]        mutex_lock_nested+0x1c/0x40
[   23.491243]        nf_tables_valid_genid+0x10/0x60 [nf_tables]
[   23.491251]        nfnetlink_rcv_batch+0x228/0x620 [nfnetlink]
[   23.491259]        nfnetlink_rcv+0x110/0x140 [nfnetlink]
[   23.491270]        netlink_unicast+0x128/0x200
[   23.491277]        netlink_sendmsg+0x334/0x380
[   23.491291]        sock_sendmsg+0x34/0x80
[   23.491299]        ___sys_sendmsg+0x234/0x260
[   23.491305]        __sys_sendmsg+0x48/0x80
[   23.491312]        sys_sendmsg+0x18/0x40
[   23.491322]        linux_sparc_syscall+0x34/0x44
[   23.491328] 
               -> #0 (&table[i].mutex){+.+.}:
[   23.491343]        __lock_acquire+0x1af0/0x2500
[   23.491350]        lock_acquire+0x1a4/0x1c0
[   23.491356]        __mutex_lock+0xac/0x980
[   23.491363]        mutex_lock_nested+0x1c/0x40
[   23.491370]        nfnl_lock+0x24/0x40 [nfnetlink]
[   23.491382]        ip_set_nfnl_get_byindex+0x18c/0x280 [ip_set]
[   23.491391]        set_match_v1_checkentry+0x14/0xc0 [xt_set]
[   23.491404]        xt_check_match+0x23c/0x280 [x_tables]
[   23.491414]        __nft_match_init+0x160/0x180 [nft_compat]
[   23.491422]        nft_match_init+0x18/0x40 [nft_compat]
[   23.491433]        nf_tables_newrule+0x50c/0x780 [nf_tables]
[   23.491441]        nfnetlink_rcv_batch+0x3d0/0x620 [nfnetlink]
[   23.491449]        nfnetlink_rcv+0x110/0x140 [nfnetlink]
[   23.491456]        netlink_unicast+0x128/0x200
[   23.491462]        netlink_sendmsg+0x334/0x380
[   23.491470]        sock_sendmsg+0x34/0x80
[   23.491476]        ___sys_sendmsg+0x234/0x260
[   23.491483]        __sys_sendmsg+0x48/0x80
[   23.491489]        sys_sendmsg+0x18/0x40
[   23.491496]        linux_sparc_syscall+0x34/0x44
[   23.491501] 
               other info that might help us debug this:

[   23.491510]  Possible unsafe locking scenario:

[   23.491517]        CPU0                    CPU1
[   23.491522]        ----                    ----
[   23.491527]   lock(&net->nft.commit_mutex);
[   23.491534]                                lock(&table[i].mutex);
[   23.491542]                                lock(&net->nft.commit_mutex);
[   23.491550]   lock(&table[i].mutex);
[   23.491556] 
                *** DEADLOCK ***

[   23.491564] 1 lock held by iptables-restor/943:
[   23.491570]  #0: 0000000000e0e4a0 (&net->nft.commit_mutex){+.+.}, at: nf_tables_valid_genid+0x10/0x60 [nf_tables]
[   23.491587] 
               stack backtrace:
[   23.491595] CPU: 19 PID: 943 Comm: iptables-restor Not tainted 5.3.0-13006-gaefcf2f4b581-dirty #1249
[   23.491603] Call Trace:
[   23.491611]  [00000000004cecbc] print_circular_bug.isra.0+0x1bc/0x1e0
[   23.491619]  [00000000004ceef8] check_noncircular+0x218/0x240
[   23.491626]  [00000000004d3810] __lock_acquire+0x1af0/0x2500
[   23.491634]  [00000000004d4ba4] lock_acquire+0x1a4/0x1c0
[   23.491641]  [0000000000b28eac] __mutex_lock+0xac/0x980
[   23.491648]  [0000000000b2979c] mutex_lock_nested+0x1c/0x40
[   23.491656]  [000000001063e024] nfnl_lock+0x24/0x40 [nfnetlink]
[   23.491665]  [000000001064b2ac] ip_set_nfnl_get_byindex+0x18c/0x280 [ip_set]
[   23.491674]  [00000000106b05b4] set_match_v1_checkentry+0x14/0xc0 [xt_set]
[   23.491684]  [000000001034489c] xt_check_match+0x23c/0x280 [x_tables]
[   23.491692]  [000000001069ec40] __nft_match_init+0x160/0x180 [nft_compat]
[   23.491700]  [000000001069ecf8] nft_match_init+0x18/0x40 [nft_compat]
[   23.491711]  [000000001067bd6c] nf_tables_newrule+0x50c/0x780 [nf_tables]
[   23.491720]  [000000001063e890] nfnetlink_rcv_batch+0x3d0/0x620 [nfnetlink]
[   23.491728]  [000000001063ebf0] nfnetlink_rcv+0x110/0x140 [nfnetlink]
[   23.491736]  [0000000000a224c8] netlink_unicast+0x128/0x200
