[    0.000020] PROMLIB: Sun IEEE Boot Prom 'OBP 4.38.12 2018/03/28 14:54'
[    0.000031] PROMLIB: Root node compatible: sun4v
[    0.000080] Linux version 5.4.0-13331-g9455d25f4e3b (mator@ttip.nvglabs.local) (gcc version 9.2.1 20191130 (Debian 9.2.1-21)) #1320 SMP Sun Dec 8 12:58:49 MSK 2019
[    0.000407] printk: bootconsole [earlyprom0] enabled
[    0.000459] ARCH: SUN4V
[    0.000508] Ethernet address: 00:14:4f:fa:06:f2
[    0.000562] MM: PAGE_OFFSET is 0xfff8000000000000 (max_phys_bits == 47)
[    0.000627] MM: VMALLOC [0x0000000100000000 --> 0x0006000000000000]
[    0.000688] MM: VMEMMAP [0x0006000000000000 --> 0x000c000000000000]
[    0.012421] Kernel: Using 5 locked TLB entries for main kernel image.
[    0.012499] Remapping the kernel... 
[    0.012526] done.
[    0.046438] OF stdout device is: /virtual-devices@100/console@1
[    0.046516] PROM: Built device tree with 88003 bytes of memory.
[    0.046583] MDESC: Size is 36960 bytes.
[    0.046707] PLATFORM: banner-name [SPARC T5-2]
[    0.046758] PLATFORM: name [ORCL,SPARC-T5-2]
[    0.046804] PLATFORM: hostid [84fa06f2]
[    0.046847] PLATFORM: serial# [0035260e]
[    0.046890] PLATFORM: stick-frequency [3b9aca00]
[    0.046940] PLATFORM: mac-address [144ffa06f2]
[    0.046988] PLATFORM: watchdog-resolution [1000 ms]
[    0.047039] PLATFORM: watchdog-max-timeout [31536000000 ms]
[    0.047096] PLATFORM: max-cpus [1024]
[    0.047203] Top of RAM: 0x24af938000, Total RAM: 0x87f354000
[    0.047267] Memory hole size: 115461MB
[    0.051929] Allocated 40960 bytes for kernel page tables.
[    0.052020] Zone ranges:
[    0.052062]   Normal   [mem 0x0000000030400000-0x00000024af937fff]
[    0.052127] Movable zone start for each node
[    0.052173] Early memory node ranges
[    0.052214]   node   0: [mem 0x0000000030400000-0x000000006fe7ffff]
[    0.052278]   node   0: [mem 0x000000006ff00000-0x000000006ff25fff]
[    0.052341]   node   0: [mem 0x0000000070000000-0x000000042fffffff]
[    0.052405]   node   0: [mem 0x0000002030000000-0x00000024af87ffff]
[    0.052469]   node   0: [mem 0x00000024af900000-0x00000024af925fff]
[    0.052532]   node   0: [mem 0x00000024af930000-0x00000024af937fff]
[    0.059929] Zeroed struct page in unavailable ranges: 230130 pages
[    0.059937] Initmem setup node 0 [mem 0x0000000030400000-0x00000024af937fff]
[    0.060096] On node 0 totalpages: 4454826
[    0.060105]   Normal zone: 39154 pages used for memmap
[    0.060111]   Normal zone: 0 pages reserved
[    0.060117]   Normal zone: 4454826 pages, LIFO batch:31
[    0.070982] Booting Linux...
[    0.071067] CPU CAPS: [flush,stbar,swap,muldiv,v9,blkinit,n2,mul32]
[    0.071151] CPU CAPS: [div32,v8plus,popc,vis,vis2,ASIBlkInit,fmaf,vis3]
[    0.071229] CPU CAPS: [hpc,ima,pause,cbcond,aes,des,kasumi,camellia]
[    0.071302] CPU CAPS: [md5,sha1,sha256,sha512,mpmul,montmul,montsqr,crc32c]
[    0.101380] percpu: Embedded 27 pages/cpu s182024 r8192 d30968 u262144
[    0.101645] pcpu-alloc: s182024 r8192 d30968 u262144 alloc=1*4194304
[    0.101653] pcpu-alloc: [0] 000 001 002 003 004 005 006 007 008 009 010 011 012 013 014 015 
[    0.101680] pcpu-alloc: [0] 016 017 018 019 020 021 022 023 024 025 026 027 028 029 030 031 
[    0.101707] pcpu-alloc: [0] 032 033 034 035 036 037 038 039 040 041 042 043 044 045 046 047 
[    0.101734] pcpu-alloc: [0] 048 049 050 051 052 053 054 055 056 057 058 059 060 061 062 063 
[    0.101761] pcpu-alloc: [0] 064 065 066 067 068 069 070 071 072 073 074 075 076 077 078 079 
[    0.101788] pcpu-alloc: [0] 080 081 082 083 084 085 086 087 088 089 090 091 092 093 094 095 
[    0.101815] pcpu-alloc: [0] 096 097 098 099 100 101 102 103 104 105 106 107 108 109 110 111 
[    0.101842] pcpu-alloc: [0] 112 113 114 115 116 117 118 119 120 121 122 123 124 125 126 127 
[    0.102369] SUN4V: Mondo queue sizes [cpu(131072) dev(16384) r(8192) nr(256)]
[    0.102731] Built 1 zonelists, mobility grouping on.  Total pages: 4415672
[    0.102818] Kernel command line: BOOT_IMAGE=/vmlinux-5.4.0-13331-g9455d25f4e3b root=/dev/vdiska2 ro zswap.enabled=1
[    0.105197] printk: log_buf_len individual max cpu contribution: 4096 bytes
[    0.105275] printk: log_buf_len total cpu_extra contributions: 520192 bytes
[    0.105340] printk: log_buf_len min size: 131072 bytes
[    0.105617] printk: log_buf_len: 1048576 bytes
[    0.105668] printk: early log buf free: 126640(96%)
[    0.112113] Dentry cache hash table entries: 8388608 (order: 13, 67108864 bytes, linear)
[    0.115456] Inode-cache hash table entries: 4194304 (order: 12, 33554432 bytes, linear)
[    0.115544] Sorting __ex_table...
[    0.115783] mem auto-init: stack:off, heap alloc:off, heap free:off
[    0.172922] Memory: 1305232K/35638608K available (7584K kernel code, 973K rwdata, 2272K rodata, 712K init, 6742K bss, 504568K reserved, 0K cma-reserved)
[    0.173551] SLUB: HWalign=32, Order=0-3, MinObjects=0, CPUs=128, Nodes=1
[    0.173838] ftrace: allocating 21320 entries in 42 pages
[    0.181948] ftrace: allocated 42 pages with 3 groups
[    0.184883] Running RCU self tests
[    0.184937] rcu: Hierarchical RCU implementation.
[    0.184991] rcu: 	RCU event tracing is enabled.
[    0.185041] rcu: 	RCU lockdep checking is enabled.
[    0.185092] 	Tasks RCU enabled.
[    0.185129] rcu: RCU calculated value of scheduler-enlistment delay is 10 jiffies.
[    0.189395] NR_IRQS: 2048, nr_irqs: 2048, preallocated irqs: 1
[    0.189493] SUN4V: Using IRQ API major 3, cookie only virqs enabled
[    0.191941] clocksource: stick: mask: 0xffffffffffffffff max_cycles: 0x1cd42e4dffb, max_idle_ns: 881590591483 ns
[    0.192072] clocksource: mult[800000] shift[23]
[    0.192121] clockevent: mult[80000000] shift[31]
[    0.192646] Console: colour dummy device 80x25
[    0.192709] printk: console [tty0] enabled
[    0.192784] printk: bootconsole [earlyprom0] disabled
[    0.192869] Lock dependency validator: Copyright (c) 2006 Red Hat, Inc., Ingo Molnar
[    0.192918] ... MAX_LOCKDEP_SUBCLASSES:  8
[    0.192948] ... MAX_LOCK_DEPTH:          48
[    0.192978] ... MAX_LOCKDEP_KEYS:        8192
[    0.193009] ... CLASSHASH_SIZE:          4096
[    0.193040] ... MAX_LOCKDEP_ENTRIES:     16384
[    0.193072] ... MAX_LOCKDEP_CHAINS:      32768
[    0.193103] ... CHAINHASH_SIZE:          16384
[    0.193134]  memory used by lock dependency info: 3855 kB
[    0.193170]  memory used for stack traces: 2112 kB
[    0.193203]  per task-struct memory footprint: 1920 bytes
[    0.342799] Calibrating delay using timer specific routine.. 2016.71 BogoMIPS (lpj=10083578)
[    0.342869] pid_max: default: 131072 minimum: 1024
[    0.343156] LSM: Security Framework initializing
[    0.343307] AppArmor: AppArmor initialized
[    0.343574] Mount-cache hash table entries: 131072 (order: 7, 1048576 bytes, linear)
[    0.343739] Mountpoint-cache hash table entries: 131072 (order: 7, 1048576 bytes, linear)
[    0.343872] *** VALIDATE tmpfs ***
[    0.344750] *** VALIDATE proc ***
[    0.345257] *** VALIDATE cgroup1 ***
[    0.345289] *** VALIDATE cgroup2 ***
[    0.347416] rcu: Hierarchical SRCU implementation.
[    0.355635] smp: Bringing up secondary CPUs ...
[    0.399879] smp: Brought up 1 node, 32 CPUs
[    0.592792] node 0 initialised, 4228601 pages in 180ms
[    0.594099] devtmpfs: initialized
[    0.598894] Performance events: 
[    0.598949] Testing NMI watchdog ... 
[    0.799044] OK.
[    0.799173] Supported PMU type is 'niagara5'
[    0.799383] random: get_random_u32 called from bucket_table_alloc.isra.0+0x188/0x1c0 with crng_init=0
[    0.800104] ldc.c:v1.1 (July 22, 2008)
[    0.802561] clocksource: jiffies: mask: 0xffffffff max_cycles: 0xffffffff, max_idle_ns: 19112604462750000 ns
[    0.802656] futex hash table entries: 32768 (order: 9, 4194304 bytes, linear)
[    0.808047] NET: Registered protocol family 16
[    0.816703] VIO: Adding device channel-devices (tx_ino = ffffffffffffffff, rx_ino = ffffffffffffffff)
[    0.816956] VIO: Adding device vnet-port-0-0 (tx_ino = 0, rx_ino = 1)
[    0.817163] VIO: Adding device vnet-port-0-1 (tx_ino = 2, rx_ino = 3)
[    0.817331] VIO: Adding device vnet-port-0-2 (tx_ino = 4, rx_ino = 5)
[    0.817505] VIO: Adding device vnet-port-0-4 (tx_ino = 8, rx_ino = 9)
[    0.817673] VIO: Adding device vnet-port-0-5 (tx_ino = a, rx_ino = b)
[    0.817838] VIO: Adding device vnet-port-0-6 (tx_ino = c, rx_ino = d)
[    0.818005] VIO: Adding device vdc-port-3-0 (tx_ino = e, rx_ino = f)
[    0.818177] VIO: Adding device vdc-port-2-0 (tx_ino = 10, rx_ino = 11)
[    0.818344] VIO: Adding device vdc-port-1-0 (tx_ino = 12, rx_ino = 13)
[    0.818513] VIO: Adding device vdc-port-0-0 (tx_ino = 14, rx_ino = 15)
[    0.818691] VIO: Adding device vdc-port-4-0 (tx_ino = 16, rx_ino = 17)
[    0.818864] VIO: Adding device vlds-port-0-0 (tx_ino = 18, rx_ino = 19)
[    0.819043] VIO: Adding device domain-services-port-0 (tx_ino = 18, rx_ino = 19)
[    0.819407] audit: initializing netlink subsys (disabled)
[    0.819733] audit: type=2000 audit(0.430:1): state=initialized audit_enabled=0 res=1
[    0.845927] HugeTLB registered 64.0 KiB page size, pre-allocated 0 pages
[    0.845982] HugeTLB registered 8.00 MiB page size, pre-allocated 0 pages
[    0.846027] HugeTLB registered 256 MiB page size, pre-allocated 0 pages
[    0.846072] HugeTLB registered 2.00 GiB page size, pre-allocated 0 pages
[    0.847779] alg: extra crypto tests enabled.  This is intended for developer use only.
[    0.874443] cryptd: max_cpu_qlen set to 1000
[    0.977405] NetLabel: Initializing
[    0.977444] NetLabel:  domain hash size = 128
[    0.977476] NetLabel:  protocols = UNLABELED CIPSOv4 CALIPSO
[    0.977615] NetLabel:  unlabeled traffic allowed by default
[    0.978638] SUN4V: Reboot data supported (maj=1,min=0).
[    0.979022] ds.c:v1.0 (Jul 11, 2007)
[    0.979387] ds-0: ds_conn_reset() from send_events.isra.0
[    0.980923] clocksource: Switched to clocksource stick
[    1.182294] *** VALIDATE bpf ***
[    1.183580] VFS: Disk quotas dquot_6.6.0
[    1.183712] VFS: Dquot-cache hash table entries: 1024 (order 0, 8192 bytes)
[    1.183952] *** VALIDATE ramfs ***
[    1.184015] *** VALIDATE hugetlbfs ***
[    1.185675] AppArmor: AppArmor Filesystem Enabled
[    1.199311] NET: Registered protocol family 2
[    1.201192] tcp_listen_portaddr_hash hash table entries: 32768 (order: 8, 2359296 bytes, linear)
[    1.204163] TCP established hash table entries: 524288 (order: 9, 4194304 bytes, linear)
[    1.206203] TCP bind hash table entries: 65536 (order: 9, 4194304 bytes, linear)
[    1.211783] TCP: Hash tables configured (established 524288 bind 65536)
[    1.214233] UDP hash table entries: 32768 (order: 9, 5242880 bytes, linear)
[    1.220483] UDP-Lite hash table entries: 32768 (order: 9, 5242880 bytes, linear)
[    1.228337] NET: Registered protocol family 1
[    1.228406] NET: Registered protocol family 44
[    1.228944] Trying to unpack rootfs image as initramfs...
[    1.522449] Freeing initrd memory: 10528K
[    1.523188] aes_sparc64: Using sparc64 aes opcodes optimized AES implementation
[    1.807044] des_sparc64: Using sparc64 des opcodes optimized DES implementation
[    2.325259] camellia_sparc64: Using sparc64 camellia opcodes optimized CAMELLIA implementation
[    2.528080] workingset: timestamp_bits=46 max_order=23 bucket_order=0
[    2.549023] SGI XFS with ACLs, security attributes, quota, fatal assert, debug enabled
[    2.555182] *** VALIDATE xfs ***
[    2.570244] Block layer SCSI generic (bsg) driver version 0.4 loaded (major 252)
[    2.571291] io scheduler mq-deadline registered
[    2.574095] f029b788: ttyHV0 at I/O 0x0 (irq = 1, base_baud = 115200) is a SUN4V HCONS
[    2.581267] printk: console [ttyHV0] enabled
[    2.585073] sunvdc.c:v1.2 (November 24, 2014)
[    2.586801] sunvdc: Virtual CDROM vdiskd
[    2.586848] sunvdc: vdiskd: 403160 sectors (196 MB) protocol 1.2
[    2.588896]  vdiskd: vdiskd1 vdiskd2 vdiskd3 vdiskd4 vdiskd5 vdiskd6 vdiskd7
[    2.609752] sunvdc: Virtual Hard disk vdiskc
[    2.609804] sunvdc: vdiskc: 104857600 sectors (51200 MB) protocol 1.2
[    2.630055] sunvdc: Virtual Hard disk vdiskb
[    2.630107] sunvdc: vdiskb: 62914560 sectors (30720 MB) protocol 1.2
[    2.631867]  vdiskb: vdiskb1
[    2.650709] sunvdc: Virtual Hard disk vdiska
[    2.650762] sunvdc: vdiska: 31457280 sectors (15360 MB) protocol 1.2
[    2.652502]  vdiska: vdiska1 vdiska2 vdiska3 vdiska4
[    2.672452] sunvdc: Virtual Hard disk vdiske
[    2.672504] sunvdc: vdiske: 20971520 sectors (10240 MB) protocol 1.2
[    2.674188]  vdiske: vdiske1 vdiske2
[    2.691956] sunvnet: sunvnet 2.0 (February 3, 2017)
[    2.694235] vnet_port vnet-port-0-0 eth0: Sun LDOM vnet 00:14:4f:f8:12:a3
[    2.694489] sunvnet: eth0: PORT ( remote-mac 00:14:4f:fa:f3:f0 switch-port )
[    2.695135] sunvnet: eth0: PORT ( remote-mac 00:14:4f:f8:e5:f3 )
[    2.695719] sunvnet: eth0: PORT ( remote-mac 00:14:4f:f9:b4:97 )
[    2.696296] sunvnet: eth0: PORT ( remote-mac 00:14:4f:f8:3f:1e )
[    2.696908] sunvnet: eth0: PORT ( remote-mac 00:14:4f:f8:fe:47 )
[    2.697492] sunvnet: eth0: PORT ( remote-mac 00:14:4f:f9:8b:83 )
[    2.698781] rtc-sun4v rtc-sun4v: registered as rtc0
[    2.699318] sun4v_wdt: initialized (timeout=60s, nowayout=0)
[    2.699709] device-mapper: uevent: version 1.0.3
[    2.700715] device-mapper: ioctl: 4.41.0-ioctl (2019-09-16) initialised: dm-devel@redhat.com
[    2.701816] NET: Registered protocol family 17
[    2.702426] registered taskstats version 1
[    2.710096] zswap: default zpool zbud not available
[    2.710184] zswap: pool creation failed
[    2.918899] Key type big_key registered
[    2.918977] AppArmor: AppArmor sha1 policy hashing enabled
[    2.919779] rtc-sun4v rtc-sun4v: setting system clock to 2019-12-08T10:12:47 UTC (1575799967)
[    2.924258] This architecture does not have kernel memory protection.
[    2.924326] Run /init as init process
[    3.439629] crc32c_sparc64: Using sparc64 crc32c opcode optimized CRC32C implementation
[    3.549069] random: fast init done
[    3.563044] md127: WARNING: vdiske2 appears to be on the same physical disk as vdiske1.
[    3.563128] True protection against single-disk failure might be compromised.
[    3.563843] md/raid1:md127: active with 2 out of 2 mirrors
[    3.564116] md127: detected capacity change from 0 to 26148864
[    3.980922] raid6: int64x8  gen()  2132 MB/s
[    4.150897] raid6: int64x8  xor()  1522 MB/s
[    4.320891] raid6: int64x4  gen()  3236 MB/s
[    4.490900] raid6: int64x4  xor()  1944 MB/s
[    4.660905] raid6: int64x2  gen()  2905 MB/s
[    4.830897] raid6: int64x2  xor()  1938 MB/s
[    5.000930] raid6: int64x1  gen()  2614 MB/s
[    5.170917] raid6: int64x1  xor()  1580 MB/s
[    5.170970] raid6: using algorithm int64x4 gen() 3236 MB/s
[    5.171010] raid6: .... xor() 1944 MB/s, rmw enabled
[    5.171048] raid6: using intx1 recovery algorithm
[    5.171981] async_tx: api initialized (async)
[    5.172554] xor: automatically using best checksumming function   Niagara   
[    5.411357] EXT4-fs (vdiska2): mounted filesystem with ordered data mode. Opts: (null)
[    7.367148] systemd[1]: Inserted module 'autofs4'
[    7.380481] NET: Registered protocol family 10
[    7.387054] Segment Routing with IPv6
[    7.454814] systemd[1]: systemd 243-9 running in system mode. (+PAM +AUDIT +SELINUX +IMA +APPARMOR +SMACK +SYSVINIT +UTMP +LIBCRYPTSETUP +GCRYPT +GNUTLS +ACL +XZ +LZ4 -SECCOMP +BLKID +ELFUTILS +KMOD +IDN2 -IDN +PCRE2 default-hierarchy=hybrid)
[    7.455464] systemd[1]: Detected architecture sparc64.
[    7.563009] systemd[1]: Set hostname to <ttip.nvglabs.local>.
[    7.589603] systemd[1]: Couldn't move remaining userspace processes, ignoring: Input/output error
[    8.360026] random: lvmconfig: uninitialized urandom read (4 bytes read)
[    9.480571] systemd[1]: /lib/systemd/system/dbus.socket:5: ListenStream= references a path below legacy directory /var/run/, updating /var/run/dbus/system_bus_socket → /run/dbus/system_bus_socket; please update the unit file accordingly.
[    9.834101] systemd[1]: /lib/systemd/system/pcscd.socket:5: ListenStream= references a path below legacy directory /var/run/, updating /var/run/pcscd/pcscd.comm → /run/pcscd/pcscd.comm; please update the unit file accordingly.
[    9.861226] random: systemd: uninitialized urandom read (16 bytes read)
[    9.871799] systemd[1]: Created slice system-getty.slice.
[    9.872563] random: systemd: uninitialized urandom read (16 bytes read)
[    9.876030] systemd[1]: Created slice system-openvpn\x2dclient.slice.
[    9.876462] random: systemd: uninitialized urandom read (16 bytes read)
[    9.879857] systemd[1]: Created slice system-postfix.slice.
[    9.885052] systemd[1]: Created slice system-systemd\x2dfsck.slice.
[   10.172252] EXT4-fs (vdiska2): re-mounted. Opts: errors=remount-ro
[   10.363355] systemd-journald[563]: Received client request to flush runtime journal.
[   11.979051] sha1_sparc64: Using sparc64 sha1 opcode optimized SHA-1 implementation
[   12.062661] n2rng v0.3 (Jan 7, 2017)
[   12.062785] n2rng f029b104: Registered RNG HVAPI major 2 minor 0
[   12.062909] n2rng f029b104: Found multi-unit-capable RNG, units: 2
[   12.064289] n2rng f029b104: RNG ready
[   12.173870] sha256_sparc64: Using sparc64 sha256 opcode optimized SHA-256/SHA-224 implementation
[   12.192503] pktcdvd: setup of pktcdvd device failed
[   12.234976] pktcdvd: setup of pktcdvd device failed
[   12.238975] pktcdvd: setup of pktcdvd device failed
[   12.242286] pktcdvd: setup of pktcdvd device failed
[   12.245801] pktcdvd: setup of pktcdvd device failed
[   12.249017] pktcdvd: setup of pktcdvd device failed
[   12.252363] pktcdvd: setup of pktcdvd device failed
[   12.255863] pktcdvd: setup of pktcdvd device failed
[   12.360370] sha512_sparc64: Using sparc64 sha512 opcode optimized SHA-512/SHA-384 implementation
[   12.366360] md5_sparc64: Using sparc64 md5 opcode optimized MD5 implementation
[   12.870037] XFS (dm-0): Mounting V5 Filesystem
[   12.973505] XFS (dm-0): Ending clean mount
[   12.975927] xfs filesystem being mounted at /1 supports timestamps until 2038 (0x7fffffff)
[   14.691463] random: crng init done
[   14.691595] random: 6 urandom warning(s) missed due to ratelimiting
[   15.070994] Adding 787176k swap on /dev/vdiska4.  Priority:-2 extents:1 across:787176k FS
[   15.305368] EXT4-fs (vdiska1): mounting ext3 file system using the ext4 subsystem
[   15.317814] EXT4-fs (vdiska1): mounted filesystem with ordered data mode. Opts: (null)
[   15.317982] ext3 filesystem being mounted at /boot supports timestamps until 2038 (0x7fffffff)
[   16.380163] Kernel unaligned access at TPC[8837d8] aa_dfa_unpack+0x38/0x5c0
[   16.380302] Kernel unaligned access at TPC[8837f8] aa_dfa_unpack+0x58/0x5c0
[   16.380371] Kernel unaligned access at TPC[8838c0] aa_dfa_unpack+0x120/0x5c0
[   16.380442] Kernel unaligned access at TPC[8839a0] aa_dfa_unpack+0x200/0x5c0
[   16.380511] Kernel unaligned access at TPC[8839b4] aa_dfa_unpack+0x214/0x5c0
[   19.780794] tun: Universal TUN/TAP device driver, 1.6

[   21.221509] ======================================================
[   21.221516] WARNING: possible circular locking dependency detected
[   21.221526] 5.4.0-13331-g9455d25f4e3b #1320 Not tainted
[   21.221533] ------------------------------------------------------
[   21.221540] iptables-restor/991 is trying to acquire lock:
[   21.221548] 000000001051e120 (&table[i].mutex){+.+.}, at: nfnl_lock+0x24/0x40 [nfnetlink]
[   21.221571] 
               but task is already holding lock:
[   21.221578] 0000000000e6b6a0 (&net->nft.commit_mutex){+.+.}, at: nf_tables_valid_genid+0x10/0x60 [nf_tables]
[   21.221603] 
               which lock already depends on the new lock.

[   21.221612] 
               the existing dependency chain (in reverse order) is:
[   21.221619] 
               -> #1 (&net->nft.commit_mutex){+.+.}:
[   21.221635]        __mutex_lock+0xac/0x9a0
[   21.221643]        mutex_lock_nested+0x1c/0x40
[   21.221653]        nf_tables_valid_genid+0x10/0x60 [nf_tables]
[   21.221661]        nfnetlink_rcv_batch+0x228/0x620 [nfnetlink]
[   21.221669]        nfnetlink_rcv+0x110/0x140 [nfnetlink]
[   21.221682]        netlink_unicast+0x150/0x260
[   21.221689]        netlink_sendmsg+0x3d8/0x460
[   21.221699]        sock_sendmsg+0x34/0x80
[   21.221706]        ____sys_sendmsg+0x1e4/0x200
[   21.221715]        ___sys_sendmsg+0x48/0x80
[   21.221721]        __sys_sendmsg+0x48/0x80
[   21.221728]        sys_sendmsg+0x18/0x40
[   21.221737]        linux_sparc_syscall+0x34/0x44
[   21.221742] 
               -> #0 (&table[i].mutex){+.+.}:
[   21.221755]        __lock_acquire+0x1b18/0x2520
[   21.221762]        lock_acquire+0x1ac/0x1e0
[   21.221768]        __mutex_lock+0xac/0x9a0
[   21.221775]        mutex_lock_nested+0x1c/0x40
[   21.221782]        nfnl_lock+0x24/0x40 [nfnetlink]
[   21.221793]        ip_set_nfnl_get_byindex+0x190/0x280 [ip_set]
[   21.221802]        set_match_v1_checkentry+0x14/0xc0 [xt_set]
[   21.221818]        xt_check_match+0x240/0x280 [x_tables]
[   21.221828]        __nft_match_init+0x174/0x1a0 [nft_compat]
[   21.221836]        nft_match_init+0x18/0x40 [nft_compat]
[   21.221847]        nf_tables_newrule+0x510/0x7a0 [nf_tables]
[   21.221855]        nfnetlink_rcv_batch+0x3d8/0x620 [nfnetlink]
[   21.221862]        nfnetlink_rcv+0x110/0x140 [nfnetlink]
[   21.221870]        netlink_unicast+0x150/0x260
[   21.221876]        netlink_sendmsg+0x3d8/0x460
[   21.221883]        sock_sendmsg+0x34/0x80
[   21.221889]        ____sys_sendmsg+0x1e4/0x200
[   21.221896]        ___sys_sendmsg+0x48/0x80
[   21.221902]        __sys_sendmsg+0x48/0x80
[   21.221908]        sys_sendmsg+0x18/0x40
[   21.221915]        linux_sparc_syscall+0x34/0x44
[   21.221920] 
               other info that might help us debug this:

[   21.221928]  Possible unsafe locking scenario:

[   21.221935]        CPU0                    CPU1
[   21.221940]        ----                    ----
[   21.221946]   lock(&net->nft.commit_mutex);
[   21.221952]                                lock(&table[i].mutex);
[   21.221960]                                lock(&net->nft.commit_mutex);
[   21.221967]   lock(&table[i].mutex);
[   21.221974] 
                *** DEADLOCK ***

[   21.221982] 1 lock held by iptables-restor/991:
[   21.221987]  #0: 0000000000e6b6a0 (&net->nft.commit_mutex){+.+.}, at: nf_tables_valid_genid+0x10/0x60 [nf_tables]
[   21.222004] 
               stack backtrace:
[   21.222012] CPU: 25 PID: 991 Comm: iptables-restor Not tainted 5.4.0-13331-g9455d25f4e3b #1320
[   21.222020] Call Trace:
[   21.222028]  [00000000004d529c] print_circular_bug.isra.0+0x1bc/0x1e0
[   21.222035]  [00000000004d54e0] check_noncircular+0x220/0x240
[   21.222042]  [00000000004d9a58] __lock_acquire+0x1b18/0x2520
[   21.222049]  [00000000004dadec] lock_acquire+0x1ac/0x1e0
[   21.222056]  [0000000000b6534c] __mutex_lock+0xac/0x9a0
[   21.222063]  [0000000000b65c5c] mutex_lock_nested+0x1c/0x40
[   21.222071]  [000000001051c024] nfnl_lock+0x24/0x40 [nfnetlink]
[   21.222080]  [00000000105291d0] ip_set_nfnl_get_byindex+0x190/0x280 [ip_set]
[   21.222089]  [0000000010590694] set_match_v1_checkentry+0x14/0xc0 [xt_set]
[   21.222098]  [00000000103de900] xt_check_match+0x240/0x280 [x_tables]
[   21.222106]  [000000001057ec54] __nft_match_init+0x174/0x1a0 [nft_compat]
[   21.222114]  [000000001057ed18] nft_match_init+0x18/0x40 [nft_compat]
[   21.222125]  [000000001055a190] nf_tables_newrule+0x510/0x7a0 [nf_tables]
[   21.222133]  [000000001051c898] nfnetlink_rcv_batch+0x3d8/0x620 [nfnetlink]
[   21.222141]  [000000001051cbf0] nfnetlink_rcv+0x110/0x140 [nfnetlink]
[   21.222149]  [0000000000a59c50] netlink_unicast+0x150/0x260
