[    0.000017] PROMLIB: Sun IEEE Boot Prom 'OBP 4.38.17 2019/01/25 08:22'
[    0.000041] PROMLIB: Root node compatible: sun4v
[    0.000101] Linux version 5.13.0-00394-gb89c07dea161 (mator@ttip) (gcc (Debian 10.2.1-6) 10.2.1 20210110, GNU ld (GNU Binutils for Debian) 2.35.2) #241 SMP Thu Jul 1 19:39:29 MSK 2021
[    0.000583] printk: bootconsole [earlyprom0] enabled
[    0.000664] ARCH: SUN4V
[    0.000732] Ethernet address: 00:14:4f:fa:06:f2
[    0.000813] MM: PAGE_OFFSET is 0xfff8000000000000 (max_phys_bits == 47)
[    0.000913] MM: VMALLOC [0x0000000100000000 --> 0x0006000000000000]
[    0.001006] MM: VMEMMAP [0x0006000000000000 --> 0x000c000000000000]
[    0.048182] Kernel: Using 5 locked TLB entries for main kernel image.
[    0.048538] Remapping the kernel... 
[    0.048663] done.
[    0.090083] OF stdout device is: /virtual-devices@100/console@1
[    0.090230] PROM: Built device tree with 67601 bytes of memory.
[    0.090364] MDESC: Size is 24368 bytes.
[    0.090562] PLATFORM: banner-name [SPARC T5-2]
[    0.090667] PLATFORM: name [ORCL,SPARC-T5-2]
[    0.090762] PLATFORM: hostid [84fa06f2]
[    0.090850] PLATFORM: serial# [0035260e]
[    0.090939] PLATFORM: stick-frequency [3b9aca00]
[    0.091039] PLATFORM: mac-address [144ffa06f2]
[    0.091133] PLATFORM: watchdog-resolution [1000 ms]
[    0.091235] PLATFORM: watchdog-max-timeout [31536000000 ms]
[    0.091348] PLATFORM: max-cpus [1024]
[    0.091505] Top of RAM: 0x22f948000, Total RAM: 0x1ff3a0000
[    0.091625] Memory hole size: 773MB
[    0.094235] Allocated 24576 bytes for kernel page tables.
[    0.094388] Zone ranges:
[    0.094467]   Normal   [mem 0x0000000030400000-0x000000022f947fff]
[    0.094608] Movable zone start for each node
[    0.094702] Early memory node ranges
[    0.094783]   node   0: [mem 0x0000000030400000-0x000000006febffff]
[    0.094918]   node   0: [mem 0x000000006ff40000-0x000000006ff65fff]
[    0.095049]   node   0: [mem 0x0000000070000000-0x000000022f8b1fff]
[    0.095181]   node   0: [mem 0x000000022f940000-0x000000022f947fff]
[    0.095306] Initmem setup node 0 [mem 0x0000000030400000-0x000000022f947fff]
[    0.095445] On node 0 totalpages: 1046992
[    0.095458]   Normal zone: 9204 pages used for memmap
[    0.095467]   Normal zone: 0 pages reserved
[    0.095476]   Normal zone: 1046992 pages, LIFO batch:31
[    0.119281]   Normal zone: 132656 pages in unavailable ranges
[    0.119740] Booting Linux...
[    0.120036] CPU CAPS: [flush,stbar,swap,muldiv,v9,blkinit,n2,mul32]
[    0.120589] CPU CAPS: [div32,v8plus,popc,vis,vis2,ASIBlkInit,fmaf,vis3]
[    0.121091] CPU CAPS: [hpc,ima,pause,cbcond,aes,des,kasumi,camellia]
[    0.121548] CPU CAPS: [md5,sha1,sha256,sha512,mpmul,montmul,montsqr,crc32c]
[    0.228701] percpu: Embedded 20 pages/cpu s120528 r8192 d35120 u262144
[    0.229099] pcpu-alloc: s120528 r8192 d35120 u262144 alloc=1*4194304
[    0.229115] pcpu-alloc: [0] 000 001 002 003 004 005 006 007 008 009 010 011 012 013 014 015 
[    0.229209] pcpu-alloc: [0] 016 017 018 019 020 021 022 023 024 025 026 027 028 029 030 031 
[    0.229302] pcpu-alloc: [0] 032 033 034 035 036 037 038 039 040 041 042 043 044 045 046 047 
[    0.229394] pcpu-alloc: [0] 048 049 050 051 052 053 054 055 056 057 058 059 060 061 062 063 
[    0.229487] pcpu-alloc: [0] 064 065 066 067 068 069 070 071 072 073 074 075 076 077 078 079 
[    0.229579] pcpu-alloc: [0] 080 081 082 083 084 085 086 087 088 089 090 091 092 093 094 095 
[    0.229671] pcpu-alloc: [0] 096 097 098 099 100 101 102 103 104 105 106 107 108 109 110 111 
[    0.229764] pcpu-alloc: [0] 112 113 114 115 116 117 118 119 120 121 122 123 124 125 126 127 
[    0.229856] pcpu-alloc: [0] 128 129 130 131 132 133 134 135 136 137 138 139 140 141 142 143 
[    0.229949] pcpu-alloc: [0] 144 145 146 147 148 149 150 151 152 153 154 155 156 157 158 159 
[    0.230041] pcpu-alloc: [0] 160 161 162 163 164 165 166 167 168 169 170 171 172 173 174 175 
[    0.230133] pcpu-alloc: [0] 176 177 178 179 180 181 182 183 184 185 186 187 188 189 190 191 
[    0.230226] pcpu-alloc: [0] 192 193 194 195 196 197 198 199 200 201 202 203 204 205 206 207 
[    0.230318] pcpu-alloc: [0] 208 209 210 211 212 213 214 215 216 217 218 219 220 221 222 223 
[    0.230410] pcpu-alloc: [0] 224 225 226 227 228 229 230 231 232 233 234 235 236 237 238 239 
[    0.230503] pcpu-alloc: [0] 240 241 242 243 244 245 246 247 248 249 250 251 252 253 254 255 
[    0.231236] SUN4V: Mondo queue sizes [cpu(131072) dev(16384) r(8192) nr(256)]
[    0.231572] Built 1 zonelists, mobility grouping on.  Total pages: 1037788
[    0.231692] Kernel command line: BOOT_IMAGE=/vmlinux-5.13.0-00394-gb89c07dea161 root=/dev/vdiska2 ro
[    0.232164] printk: log_buf_len individual max cpu contribution: 4096 bytes
[    0.232266] printk: log_buf_len total cpu_extra contributions: 1044480 bytes
[    0.232367] printk: log_buf_len min size: 131072 bytes
[    0.234462] printk: log_buf_len: 2097152 bytes
[    0.234532] printk: early log buf free: 126576(96%)
[    0.235544] Dentry cache hash table entries: 1048576 (order: 10, 8388608 bytes, linear)
[    0.236168] Inode-cache hash table entries: 524288 (order: 9, 4194304 bytes, linear)
[    0.236281] Sorting __ex_table...
[    0.236641] mem auto-init: stack:off, heap alloc:off, heap free:off
[    0.241021] Memory: 1261248K/8375936K available (8770K kernel code, 1704K rwdata, 2912K rodata, 632K init, 3134K bss, 205344K reserved, 0K cma-reserved)
[    0.241264] random: get_random_u64 called from kmem_cache_open+0x1c/0x340 with crng_init=0
[    0.242761] SLUB: HWalign=32, Order=0-3, MinObjects=0, CPUs=256, Nodes=1
[    0.243460] ftrace: allocating 27364 entries in 54 pages
[    0.258421] ftrace: allocated 54 pages with 4 groups
[    0.258749] trace event string verifier disabled
[    0.265451] rcu: Hierarchical RCU implementation.
[    0.265564] rcu: 	RCU debug extended QS entry/exit.
[    0.265672] 	Rude variant of Tasks RCU enabled.
[    0.265770] 	Tracing variant of Tasks RCU enabled.
[    0.265873] rcu: RCU calculated value of scheduler-enlistment delay is 26 jiffies.
[    0.282905] NR_IRQS: 2048, nr_irqs: 2048, preallocated irqs: 1
[    0.283080] SUN4V: Using IRQ API major 3, cookie only virqs enabled
[    0.288712] clocksource: stick: mask: 0xffffffffffffffff max_cycles: 0x1cd42e4dffb, max_idle_ns: 881590591483 ns
[    0.288900] clocksource: mult[800000] shift[23]
[    0.288973] clockevent: mult[80000000] shift[31]
[    0.289843] Console: colour dummy device 80x25
[    0.289924] printk: console [tty0] enabled
[    0.290018] printk: bootconsole [earlyprom0] disabled
[    0.290119] Lock dependency validator: Copyright (c) 2006 Red Hat, Inc., Ingo Molnar
[    0.290161] ... MAX_LOCKDEP_SUBCLASSES:  8
[    0.290187] ... MAX_LOCK_DEPTH:          48
[    0.290212] ... MAX_LOCKDEP_KEYS:        8192
[    0.290239] ... CLASSHASH_SIZE:          4096
[    0.290265] ... MAX_LOCKDEP_ENTRIES:     16384
[    0.290292] ... MAX_LOCKDEP_CHAINS:      32768
[    0.290319] ... CHAINHASH_SIZE:          16384
[    0.290346]  memory used by lock dependency info: 2603 kB
[    0.290376]  per task-struct memory footprint: 1920 bytes
[    0.369479] Calibrating delay using timer specific routine.. 2015.74 BogoMIPS (lpj=4031481)
[    0.369731] pid_max: default: 262144 minimum: 2048
[    0.371572] LSM: Security Framework initializing
[    0.372472] Mount-cache hash table entries: 16384 (order: 4, 131072 bytes, linear)
[    0.372742] Mountpoint-cache hash table entries: 16384 (order: 4, 131072 bytes, linear)
[    0.389180] rcu: Hierarchical SRCU implementation.
[    0.431659] smp: Bringing up secondary CPUs ...
[    0.476820] smp: Brought up 1 node, 16 CPUs
[    0.550959] node 0 deferred pages initialised in 72ms
[    0.553552] devtmpfs: initialized
[    0.565820] Performance events: 
[    0.565922] Testing NMI watchdog ... 
[    0.646289] OK.
[    0.646756] Supported PMU type is 'niagara5'
[    0.652766] ldc.c:v1.1 (July 22, 2008)
[    0.657423] clocksource: jiffies: mask: 0xffffffff max_cycles: 0xffffffff, max_idle_ns: 7645041785100000 ns
[    0.657749] futex hash table entries: 65536 (order: 10, 8388608 bytes, linear)
[    0.708058] NET: Registered protocol family 16
[    0.723955] VIO: Adding device channel-devices (tx_ino = ffffffffffffffff, rx_ino = ffffffffffffffff)
[    0.724665] VIO: Adding device vnet-port-0-0 (tx_ino = 0, rx_ino = 1)
[    0.725071] VIO: Adding device vnet-port-0-1 (tx_ino = 2, rx_ino = 3)
[    0.725441] VIO: Adding device vnet-port-0-2 (tx_ino = 4, rx_ino = 5)
[    0.725772] VIO: Adding device vnet-port-0-3 (tx_ino = 6, rx_ino = 7)
[    0.726090] VIO: Adding device vnet-port-0-4 (tx_ino = 8, rx_ino = 9)
[    0.726398] VIO: Adding device vdc-port-2-0 (tx_ino = a, rx_ino = b)
[    0.726727] VIO: Adding device vdc-port-1-0 (tx_ino = c, rx_ino = d)
[    0.726998] VIO: Adding device vdc-port-0-0 (tx_ino = e, rx_ino = f)
[    0.727253] VIO: Adding device vlds-port-0-0 (tx_ino = 10, rx_ino = 11)
[    0.727564] VIO: Adding device domain-services-port-0 (tx_ino = 10, rx_ino = 11)
[    0.728168] audit: initializing netlink subsys (disabled)
[    0.728654] audit: type=2000 audit(0.432:1): state=initialized audit_enabled=0 res=1
[    0.793485] HugeTLB registered 64.0 KiB page size, pre-allocated 0 pages
[    0.793683] HugeTLB registered 8.00 MiB page size, pre-allocated 0 pages
[    0.793856] HugeTLB registered 256 MiB page size, pre-allocated 0 pages
[    0.794029] HugeTLB registered 2.00 GiB page size, pre-allocated 0 pages
[    2.623107] SUN4V: Reboot data supported (maj=1,min=0).
[    2.624531] ds.c:v1.0 (Jul 11, 2007)
[    2.625724] ds-0: ds_conn_reset() from send_events
[    2.628261] clocksource: Switched to clocksource stick
[    3.097241] VFS: Disk quotas dquot_6.6.0
[    3.097469] VFS: Dquot-cache hash table entries: 1024 (order 0, 8192 bytes)
[    3.106812] NET: Registered protocol family 2
[    3.107166] IP idents hash table entries: 131072 (order: 7, 1048576 bytes, linear)
[    3.112996] tcp_listen_portaddr_hash hash table entries: 4096 (order: 5, 327680 bytes, linear)
[    3.113739] TCP established hash table entries: 65536 (order: 6, 524288 bytes, linear)
[    3.114471] TCP bind hash table entries: 65536 (order: 9, 4718592 bytes, linear)
[    3.124774] TCP: Hash tables configured (established 65536 bind 65536)
[    3.128563] UDP hash table entries: 4096 (order: 6, 655360 bytes, linear)
[    3.130631] UDP-Lite hash table entries: 4096 (order: 6, 655360 bytes, linear)
[    3.135827] NET: Registered protocol family 1
[    3.135897] NET: Registered protocol family 44
[    3.136861] Trying to unpack rootfs image as initramfs...
[    3.156823] Initialise system trusted keyrings
[    3.157279] workingset: timestamp_bits=46 max_order=20 bucket_order=0
[    3.179191] zbud: loaded
[    3.182649] SGI XFS with ACLs, security attributes, realtime, quota, no debug enabled
[    3.187225] Key type asymmetric registered
[    3.187273] Asymmetric key parser 'x509' registered
[    3.187344] Block layer SCSI generic (bsg) driver version 0.4 loaded (major 252)
[    3.188199] io scheduler mq-deadline registered
[    3.190445] f029b788: ttyHV0 at I/O 0x0 (irq = 1, base_baud = 115200) is a SUN4V HCONS
[    3.191364] printk: console [ttyHV0] enabled
[    3.192595] n2rng v0.3 (Jan 7, 2017)
[    3.192647] n2rng f029b104: Registered RNG HVAPI major 2 minor 0
[    3.192698] n2rng f029b104: Found multi-unit-capable RNG, units: 2
[    3.194071] n2rng f029b104: RNG ready
[    3.194982] sunvdc.c:v1.2 (November 24, 2014)
[    3.197335] sunvdc: Virtual Hard disk vdiskc
[    3.197371] sunvdc: vdiskc: 104857600 sectors (51200 MB) protocol 1.2
[    3.291319] sunvdc: Virtual Hard disk vdiskb
[    3.291484] sunvdc: vdiskb: 62914560 sectors (30720 MB) protocol 1.2
[    3.295617]  vdiskb: vdiskb1
[    3.405895] sunvdc: Virtual Hard disk vdiska
[    3.405985] sunvdc: vdiska: 31457280 sectors (15360 MB) protocol 1.2
[    3.407403]  vdiska: vdiska1 vdiska2 vdiska3 vdiska4
[    3.503239] rtc-sun4v rtc-sun4v: registered as rtc0
[    3.503503] rtc-sun4v rtc-sun4v: setting system clock to 2021-07-01T16:43:23 UTC (1625157803)
[    3.504878] rtc-test rtc-test.0: registered as rtc1
[    3.552381] rtc rtc2: invalid alarm value: 18446744073704833233-01-07T06:20:37
[    3.553813] rtc-test rtc-test.1: registered as rtc2
[    3.578002] rtc rtc3: invalid alarm value: 18446744073704833233-01-07T06:20:37
[    3.578511] rtc-test rtc-test.2: registered as rtc3
[    3.579308] softdog: initialized. soft_noboot=0 soft_margin=60 sec soft_panic=0 (nowayout=0)
[    3.579416] softdog:              soft_reboot_cmd=<not set> soft_active_on_boot=0
[    3.585648] NET: Registered protocol family 10
[    3.891791] Freeing initrd memory: 27024K
[    3.985029] Segment Routing with IPv6
[    3.985414] mip6: Mobile IPv6
[    3.985523] NET: Registered protocol family 17
[    4.003069] registered taskstats version 1
[    4.003258] Loading compiled-in X.509 certificates
[    4.031862] zswap: loaded using pool lzo/zbud
[    4.050991] This architecture does not have kernel memory protection.
[    4.051207] Run /init as init process
[    4.051329]   with arguments:
[    4.051358]     /init
[    4.051386]   with environment:
[    4.051413]     HOME=/
[    4.051441]     TERM=linux
[    4.051468]     BOOT_IMAGE=/vmlinux-5.13.0-00394-gb89c07dea161
[    5.385549] sunvnet_common: module verification failed: signature and/or required key missing - tainting kernel
[    5.389387] sunvnet: sunvnet 2.0 (February 3, 2017)
[    5.392762] vnet_port vnet-port-0-0 eth0: Sun LDOM vnet 00:14:4f:f8:12:a3
[    5.393090] sunvnet: eth0: PORT ( remote-mac 00:14:4f:fa:f3:f0 switch-port )
[    5.393686] sunvnet: eth0: PORT ( remote-mac 00:14:4f:f8:e5:f3 )
[    5.394220] sunvnet: eth0: PORT ( remote-mac 00:14:4f:f8:3f:1e )
[    5.394759] sunvnet: eth0: PORT ( remote-mac 00:14:4f:f9:b4:97 )
[    5.395267] sunvnet: eth0: PORT ( remote-mac 00:14:4f:f9:8b:83 )
[    5.410651] crc32c_sparc64: Using sparc64 crc32c opcode optimized CRC32C implementation
[    5.413995] random: lvm: uninitialized urandom read (4 bytes read)
[    5.466570] device-mapper: uevent: version 1.0.3
[    5.467197] device-mapper: ioctl: 4.45.0-ioctl (2021-03-22) initialised: dm-devel@redhat.com
[    5.474416] random: lvm: uninitialized urandom read (2 bytes read)
[    5.883442] xor: automatically using best checksumming function   Niagara   
[    5.956127] raid6: int64x8  gen()  1077 MB/s
[    6.024181] raid6: int64x8  xor()   597 MB/s
[    6.092195] raid6: int64x4  gen()   787 MB/s
[    6.160219] raid6: int64x4  xor()   331 MB/s
[    6.228190] raid6: int64x2  gen()   661 MB/s
[    6.296204] raid6: int64x2  xor()   257 MB/s
[    6.364284] raid6: int64x1  gen()   356 MB/s
[    6.432150] raid6: int64x1  xor()   160 MB/s
[    6.432266] raid6: using algorithm int64x8 gen() 1077 MB/s
[    6.432367] raid6: .... xor() 597 MB/s, rmw enabled
[    6.432458] raid6: using intx1 recovery algorithm
[    6.746728] random: fast init done
[    6.751275] EXT4-fs (vdiska2): mounted filesystem with ordered data mode. Opts: (null). Quota mode: none.
[    7.112465] systemd[1]: Inserted module 'autofs4'
[    7.136146] systemd[1]: systemd 247.3-5 running in system mode. (+PAM +AUDIT +SELINUX +IMA +APPARMOR +SMACK +SYSVINIT +UTMP +LIBCRYPTSETUP +GCRYPT +GNUTLS +ACL +XZ +LZ4 +ZSTD -SECCOMP +BLKID +ELFUTILS +KMOD +IDN2 -IDN +PCRE2 default-hierarchy=unified)
[    7.136552] systemd[1]: Detected architecture sparc64.
[    7.138426] systemd[1]: Set hostname to <ttip>.
[    7.242637] random: lvmconfig: uninitialized urandom read (4 bytes read)
[    7.479965] systemd[1]: Queued start job for default target Multi-User System.
[    7.480752] random: systemd: uninitialized urandom read (16 bytes read)
[    7.489934] systemd[1]: Created slice system-getty.slice.
[    7.490382] random: systemd: uninitialized urandom read (16 bytes read)
[    7.494060] systemd[1]: Created slice system-modprobe.slice.
[    7.498014] systemd[1]: Created slice system-openvpn\x2dclient.slice.
[    7.501899] systemd[1]: Created slice system-postfix.slice.
[    7.505704] systemd[1]: Created slice system-systemd\x2dfsck.slice.
[    7.510349] systemd[1]: Created slice User and Session Slice.
[    7.510835] systemd[1]: Started Dispatch Password Requests to Console Directory Watch.
[    7.511290] systemd[1]: Started Forward Password Requests to Wall Directory Watch.
[    7.512837] systemd[1]: Set up automount Arbitrary Executable File Formats File System Automount Point.
[    7.513151] systemd[1]: Reached target Local Encrypted Volumes.
[    7.513434] systemd[1]: Reached target Paths.
[    7.513664] systemd[1]: Reached target Slices.
[    7.514168] systemd[1]: Listening on Device-mapper event daemon FIFOs.
[    7.514719] systemd[1]: Listening on LVM2 poll daemon socket.
[    7.565601] systemd[1]: Listening on RPCbind Server Activation Socket.
[    7.570383] systemd[1]: Listening on Syslog Socket.
[    7.572162] systemd[1]: Listening on fsck to fsckd communication Socket.
[    7.573140] systemd[1]: Listening on initctl Compatibility Named Pipe.
[    7.574621] systemd[1]: Listening on Journal Audit Socket.
[    7.575619] systemd[1]: Listening on Journal Socket (/dev/log).
[    7.576803] systemd[1]: Listening on Journal Socket.
[    7.577829] systemd[1]: Listening on udev Control Socket.
[    7.578523] systemd[1]: Listening on udev Kernel Socket.
[    7.585688] systemd[1]: Mounting Huge Pages File System...
[    7.592596] systemd[1]: Mounting POSIX Message Queue File System...
[    7.599926] systemd[1]: Mounting RPC Pipe File System...
[    7.606495] systemd[1]: Mounting Kernel Debug File System...
[    7.615948] systemd[1]: Mounting Kernel Trace File System...
[    7.617871] systemd[1]: Condition check resulted in Kernel Module supporting RPCSEC_GSS being skipped.
[    7.619256] systemd[1]: Finished Availability of block devices.
[    7.630993] systemd[1]: Starting Wait for network to be configured by ifupdown...
[    7.639157] systemd[1]: Starting Create list of static device nodes for the current kernel...
[    7.647118] systemd[1]: Starting Monitoring of LVM2 mirrors, snapshots etc. using dmeventd or progress polling...
[    7.654909] systemd[1]: Starting Load Kernel Module configfs...
[    7.665155] systemd[1]: Starting Load Kernel Module drm...
[    7.691990] systemd[1]: Starting Load Kernel Module fuse...
[    7.710106] systemd[1]: Starting nftables...
[    7.717140] systemd[1]: Condition check resulted in Set Up Additional Binary Formats being skipped.
[    7.717848] systemd[1]: Condition check resulted in File System Check on Root Device being skipped.
[    7.726382] fuse: init (API version 7.33)
[    7.731567] RPC: Registered named UNIX socket transport module.
[    7.731625] RPC: Registered udp transport module.
[    7.731667] RPC: Registered tcp transport module.
[    7.731709] RPC: Registered tcp NFSv4.1 backchannel transport module.
[    7.739303] systemd[1]: Starting Journal Service...
[    7.754304] systemd[1]: Starting Load Kernel Modules...
[    7.769781] systemd[1]: Starting Remount Root and Kernel File Systems...
[    7.788187] systemd[1]: Starting Coldplug All udev Devices...
[    7.805074] systemd[1]: Started Journal Service.
[    7.821352] EXT4-fs (vdiska2): re-mounted. Opts: errors=remount-ro. Quota mode: none.
[    8.059581] systemd-journald[339]: Received client request to flush runtime journal.
[    8.553328] sha1_sparc64: Using sparc64 sha1 opcode optimized SHA-1 implementation
[    8.559533] sha256_sparc64: Using sparc64 sha256 opcode optimized SHA-256/SHA-224 implementation
[    8.563114] sha512_sparc64: Using sparc64 sha512 opcode optimized SHA-512/SHA-384 implementation
[    8.565979] md5_sparc64: Using sparc64 md5 opcode optimized MD5 implementation
[    8.569130] aes_sparc64: Using sparc64 aes opcodes optimized AES implementation
[    8.574444] des_sparc64: Using sparc64 des opcodes optimized DES implementation
[    8.579378] camellia_sparc64: Using sparc64 camellia opcodes optimized CAMELLIA implementation
[    8.784643] Adding 787176k swap on /dev/vdiska4.  Priority:-2 extents:1 across:787176k FS
[    9.008723] EXT4-fs (vdiska1): mounting ext3 file system using the ext4 subsystem
[    9.028722] EXT4-fs (vdiska1): mounted filesystem with ordered data mode. Opts: (null). Quota mode: none.
[    9.029013] ext3 filesystem being mounted at /boot supports timestamps until 2038 (0x7fffffff)
[    9.212387] XFS (dm-0): Mounting V5 Filesystem
[    9.335639] XFS (dm-0): Ending clean mount
[    9.338284] xfs filesystem being mounted at /1 supports timestamps until 2038 (0x7fffffff)
