[    0.000012] PROMLIB: Sun IEEE Boot Prom 'OBP 4.38.17 2019/01/25 08:22'
[    0.000028] PROMLIB: Root node compatible: sun4v
[    0.000071] Linux version 5.12.0-rc2-00271-g05a59d79793d (mator@ttip) (gcc (Debian 10.2.1-6) 10.2.1 20210110, GNU ld (GNU Binutils for Debian) 2.35.2) #197 SMP Wed Mar 10 12:54:05 MSK 2021
[    0.000381] printk: bootconsole [earlyprom0] enabled
[    0.000432] ARCH: SUN4V
[    0.000477] Ethernet address: 00:14:4f:fa:06:f2
[    0.000530] MM: PAGE_OFFSET is 0xfff8000000000000 (max_phys_bits == 47)
[    0.000594] MM: VMALLOC [0x0000000100000000 --> 0x0006000000000000]
[    0.000654] MM: VMEMMAP [0x0006000000000000 --> 0x000c000000000000]
[    0.014543] Kernel: Using 5 locked TLB entries for main kernel image.
[    0.014631] Remapping the kernel... 
[    0.014656] done.
[    0.039762] OF stdout device is: /virtual-devices@100/console@1
[    0.039840] PROM: Built device tree with 79537 bytes of memory.
[    0.039904] MDESC: Size is 30608 bytes.
[    0.040011] PLATFORM: banner-name [SPARC T5-2]
[    0.040057] PLATFORM: name [ORCL,SPARC-T5-2]
[    0.040100] PLATFORM: hostid [84fa06f2]
[    0.040141] PLATFORM: serial# [0035260e]
[    0.040181] PLATFORM: stick-frequency [3b9aca00]
[    0.040227] PLATFORM: mac-address [144ffa06f2]
[    0.040272] PLATFORM: watchdog-resolution [1000 ms]
[    0.040320] PLATFORM: watchdog-max-timeout [31536000000 ms]
[    0.040373] PLATFORM: max-cpus [1024]
[    0.040465] Top of RAM: 0x422f948000, Total RAM: 0x5ff382000
[    0.040527] Memory hole size: 246533MB
[    0.043913] Allocated 49152 bytes for kernel page tables.
[    0.044000] Zone ranges:
[    0.044039]   Normal   [mem 0x0000000030400000-0x000000422f947fff]
[    0.044105] Movable zone start for each node
[    0.044148] Early memory node ranges
[    0.044185]   node   0: [mem 0x0000000030400000-0x000000006febffff]
[    0.044246]   node   0: [mem 0x000000006ff40000-0x000000006ff47fff]
[    0.044305]   node   0: [mem 0x0000000070000000-0x00000002afffffff]
[    0.044367]   node   0: [mem 0x0000002030000000-0x00000021afffffff]
[    0.044427]   node   0: [mem 0x0000004030000000-0x000000422f8b1fff]
[    0.044489]   node   0: [mem 0x000000422f940000-0x000000422f947fff]
[    0.061862] Zeroed struct page in unavailable ranges: 394815 pages
[    0.061884] Initmem setup node 0 [mem 0x0000000030400000-0x000000422f947fff]
[    0.062035] On node 0 totalpages: 3144129
[    0.062043]   Normal zone: 27634 pages used for memmap
[    0.062049]   Normal zone: 0 pages reserved
[    0.062054]   Normal zone: 3144129 pages, LIFO batch:31
[    0.068098] Booting Linux...
[    0.068183] CPU CAPS: [flush,stbar,swap,muldiv,v9,blkinit,n2,mul32]
[    0.068287] CPU CAPS: [div32,v8plus,popc,vis,vis2,ASIBlkInit,fmaf,vis3]
[    0.068381] CPU CAPS: [hpc,ima,pause,cbcond,aes,des,kasumi,camellia]
[    0.068472] CPU CAPS: [md5,sha1,sha256,sha512,mpmul,montmul,montsqr,crc32c]
[    0.117306] percpu: Embedded 20 pages/cpu s119376 r8192 d36272 u262144
[    0.117569] pcpu-alloc: s119376 r8192 d36272 u262144 alloc=1*4194304
[    0.117582] pcpu-alloc: [0] 000 001 002 003 004 005 006 007 008 009 010 011 012 013 014 015 
[    0.117651] pcpu-alloc: [0] 016 017 018 019 020 021 022 023 024 025 026 027 028 029 030 031 
[    0.117719] pcpu-alloc: [0] 032 033 034 035 036 037 038 039 040 041 042 043 044 045 046 047 
[    0.117786] pcpu-alloc: [0] 048 049 050 051 052 053 054 055 056 057 058 059 060 061 062 063 
[    0.117853] pcpu-alloc: [0] 064 065 066 067 068 069 070 071 072 073 074 075 076 077 078 079 
[    0.117920] pcpu-alloc: [0] 080 081 082 083 084 085 086 087 088 089 090 091 092 093 094 095 
[    0.117987] pcpu-alloc: [0] 096 097 098 099 100 101 102 103 104 105 106 107 108 109 110 111 
[    0.118055] pcpu-alloc: [0] 112 113 114 115 116 117 118 119 120 121 122 123 124 125 126 127 
[    0.118122] pcpu-alloc: [0] 128 129 130 131 132 133 134 135 136 137 138 139 140 141 142 143 
[    0.118189] pcpu-alloc: [0] 144 145 146 147 148 149 150 151 152 153 154 155 156 157 158 159 
[    0.118257] pcpu-alloc: [0] 160 161 162 163 164 165 166 167 168 169 170 171 172 173 174 175 
[    0.118324] pcpu-alloc: [0] 176 177 178 179 180 181 182 183 184 185 186 187 188 189 190 191 
[    0.118391] pcpu-alloc: [0] 192 193 194 195 196 197 198 199 200 201 202 203 204 205 206 207 
[    0.118459] pcpu-alloc: [0] 208 209 210 211 212 213 214 215 216 217 218 219 220 221 222 223 
[    0.118526] pcpu-alloc: [0] 224 225 226 227 228 229 230 231 232 233 234 235 236 237 238 239 
[    0.118594] pcpu-alloc: [0] 240 241 242 243 244 245 246 247 248 249 250 251 252 253 254 255 
[    0.119091] SUN4V: Mondo queue sizes [cpu(131072) dev(16384) r(8192) nr(256)]
[    0.119385] Built 1 zonelists, mobility grouping on.  Total pages: 3116495
[    0.119465] Kernel command line: BOOT_IMAGE=/vmlinux-5.12.0-rc2-00271-g05a59d79793d root=/dev/vdiska2 ro zswap.enabled=1
[    0.122395] printk: log_buf_len individual max cpu contribution: 4096 bytes
[    0.122468] printk: log_buf_len total cpu_extra contributions: 1044480 bytes
[    0.122535] printk: log_buf_len min size: 131072 bytes
[    0.124362] printk: log_buf_len: 2097152 bytes
[    0.124411] printk: early log buf free: 126416(96%)
[    0.127631] Dentry cache hash table entries: 4194304 (order: 12, 33554432 bytes, linear)
[    0.129329] Inode-cache hash table entries: 2097152 (order: 11, 16777216 bytes, linear)
[    0.129412] Sorting __ex_table...
[    0.129654] mem auto-init: stack:off, heap alloc:off, heap free:off
[    0.134949] Memory: 1305368K/25153032K available (8229K kernel code, 1672K rwdata, 2816K rodata, 600K init, 3082K bss, 411608K reserved, 0K cma-reserved)
[    0.135122] random: get_random_u64 called from kmem_cache_open+0x1c/0x340 with crng_init=0
[    0.137235] SLUB: HWalign=32, Order=0-3, MinObjects=0, CPUs=256, Nodes=1
[    0.138060] ftrace: allocating 25742 entries in 51 pages
[    0.148003] ftrace: allocated 51 pages with 4 groups
[    0.152396] rcu: Hierarchical RCU implementation.
[    0.152458] rcu: 	RCU event tracing is enabled.
[    0.152505] rcu: 	RCU debug extended QS entry/exit.
[    0.152553] 	Rude variant of Tasks RCU enabled.
[    0.152597] 	Tracing variant of Tasks RCU enabled.
[    0.152645] rcu: RCU calculated value of scheduler-enlistment delay is 26 jiffies.
[    0.158343] NR_IRQS: 2048, nr_irqs: 2048, preallocated irqs: 1
[    0.158447] SUN4V: Using IRQ API major 3, cookie only virqs enabled
[    0.162337] clocksource: stick: mask: 0xffffffffffffffff max_cycles: 0x1cd42e4dffb, max_idle_ns: 881590591483 ns
[    0.162474] clocksource: mult[800000] shift[23]
[    0.162520] clockevent: mult[80000000] shift[31]
[    0.163106] Console: colour dummy device 80x25
[    0.163159] printk: console [tty0] enabled
[    0.163221] printk: bootconsole [earlyprom0] disabled
[    0.163290] Lock dependency validator: Copyright (c) 2006 Red Hat, Inc., Ingo Molnar
[    0.163317] ... MAX_LOCKDEP_SUBCLASSES:  8
[    0.163334] ... MAX_LOCK_DEPTH:          48
[    0.163352] ... MAX_LOCKDEP_KEYS:        8192
[    0.163369] ... CLASSHASH_SIZE:          4096
[    0.163387] ... MAX_LOCKDEP_ENTRIES:     16384
[    0.163405] ... MAX_LOCKDEP_CHAINS:      32768
[    0.163423] ... CHAINHASH_SIZE:          16384
[    0.163441]  memory used by lock dependency info: 2603 kB
[    0.163461]  per task-struct memory footprint: 1920 bytes
[    0.242887] Calibrating delay using timer specific routine.. 2011.21 BogoMIPS (lpj=4022428)
[    0.242939] pid_max: default: 262144 minimum: 2048
[    0.244103] Mount-cache hash table entries: 65536 (order: 6, 524288 bytes, linear)
[    0.244192] Mountpoint-cache hash table entries: 65536 (order: 6, 524288 bytes, linear)
[    0.247638] rcu: Hierarchical SRCU implementation.
[    0.254952] smp: Bringing up secondary CPUs ...
[    0.274501] smp: Brought up 1 node, 24 CPUs
[    0.410042] node 0 deferred pages initialised in 132ms
[    0.410989] devtmpfs: initialized
[    0.413165] Performance events: 
[    0.413198] Testing NMI watchdog ... 
[    0.493288] OK.
[    0.493378] Supported PMU type is 'niagara5'
[    0.494532] ldc.c:v1.1 (July 22, 2008)
[    0.495327] clocksource: jiffies: mask: 0xffffffff max_cycles: 0xffffffff, max_idle_ns: 7645041785100000 ns
[    0.495390] futex hash table entries: 65536 (order: 10, 8388608 bytes, linear)
[    0.503259] NET: Registered protocol family 16
[    0.506070] VIO: Adding device channel-devices (tx_ino = ffffffffffffffff, rx_ino = ffffffffffffffff)
[    0.506165] VIO: Adding device vnet-port-0-0 (tx_ino = 0, rx_ino = 1)
[    0.506235] VIO: Adding device vnet-port-0-1 (tx_ino = 2, rx_ino = 3)
[    0.506299] VIO: Adding device vnet-port-0-2 (tx_ino = 4, rx_ino = 5)
[    0.506361] VIO: Adding device vnet-port-0-3 (tx_ino = 6, rx_ino = 7)
[    0.506424] VIO: Adding device vnet-port-0-4 (tx_ino = 8, rx_ino = 9)
[    0.506486] VIO: Adding device vdc-port-2-0 (tx_ino = a, rx_ino = b)
[    0.506551] VIO: Adding device vdc-port-1-0 (tx_ino = c, rx_ino = d)
[    0.506612] VIO: Adding device vdc-port-0-0 (tx_ino = e, rx_ino = f)
[    0.506677] VIO: Adding device vlds-port-0-0 (tx_ino = 10, rx_ino = 11)
[    0.506743] VIO: Adding device domain-services-port-0 (tx_ino = 10, rx_ino = 11)
[    0.506941] audit: initializing netlink subsys (disabled)
[    0.507140] audit: type=2000 audit(0.340:1): state=initialized audit_enabled=0 res=1
[    0.519888] HugeTLB registered 64.0 KiB page size, pre-allocated 0 pages
[    0.519925] HugeTLB registered 8.00 MiB page size, pre-allocated 0 pages
[    0.519950] HugeTLB registered 256 MiB page size, pre-allocated 0 pages
[    0.519975] HugeTLB registered 2.00 GiB page size, pre-allocated 0 pages
[    1.096104] SUN4V: Reboot data supported (maj=1,min=0).
[    1.096350] ds.c:v1.0 (Jul 11, 2007)
[    1.096559] ds-0: ds_conn_reset() from send_events
[    1.097252] clocksource: Switched to clocksource stick
[    1.204442] VFS: Disk quotas dquot_6.6.0
[    1.204663] VFS: Dquot-cache hash table entries: 1024 (order 0, 8192 bytes)
[    1.211901] NET: Registered protocol family 2
[    1.229261] tcp_listen_portaddr_hash hash table entries: 16384 (order: 7, 1310720 bytes, linear)
[    1.230680] TCP established hash table entries: 262144 (order: 8, 2097152 bytes, linear)
[    1.231782] TCP bind hash table entries: 65536 (order: 9, 4718592 bytes, linear)
[    1.237508] TCP: Hash tables configured (established 262144 bind 65536)
[    1.239462] UDP hash table entries: 16384 (order: 8, 2621440 bytes, linear)
[    1.242869] UDP-Lite hash table entries: 16384 (order: 8, 2621440 bytes, linear)
[    1.248152] NET: Registered protocol family 1
[    1.248204] NET: Registered protocol family 44
[    1.248434] Trying to unpack rootfs image as initramfs...
[    1.451843] Freeing initrd memory: 24928K
[    1.463661] Initialise system trusted keyrings
[    1.463911] workingset: timestamp_bits=46 max_order=22 bucket_order=0
[    1.480536] zbud: loaded
[    1.484657] SGI XFS with ACLs, security attributes, realtime, quota, no debug enabled
[    1.491265] Key type asymmetric registered
[    1.491299] Asymmetric key parser 'x509' registered
[    1.491352] Block layer SCSI generic (bsg) driver version 0.4 loaded (major 252)
[    1.492263] io scheduler mq-deadline registered
[    1.493811] f029b788: ttyHV0 at I/O 0x0 (irq = 1, base_baud = 115200) is a SUN4V HCONS
[    1.494308] printk: console [ttyHV0] enabled
[    1.496709] sunvdc.c:v1.2 (November 24, 2014)
[    1.594164] sunvdc: Virtual Hard disk vdiskc
[    1.594202] sunvdc: vdiskc: 104857600 sectors (51200 MB) protocol 1.2
[    1.630933] sunvdc: Virtual Hard disk vdiskb
[    1.630976] sunvdc: vdiskb: 62914560 sectors (30720 MB) protocol 1.2
[    1.631662]  vdiskb: vdiskb1
[    1.652334] sunvdc: Virtual Hard disk vdiska
[    1.652373] sunvdc: vdiska: 31457280 sectors (15360 MB) protocol 1.2
[    1.653016]  vdiska: vdiska1 vdiska2 vdiska3 vdiska4
[    1.672833] rtc-sun4v rtc-sun4v: registered as rtc0
[    1.672918] rtc-sun4v rtc-sun4v: setting system clock to 2021-03-10T11:26:19 UTC (1615375579)
[    1.676949] NET: Registered protocol family 10
[    1.701254] Segment Routing with IPv6
[    1.701346] mip6: Mobile IPv6
[    1.701369] NET: Registered protocol family 17
[    1.701652] registered taskstats version 1
[    1.701680] Loading compiled-in X.509 certificates
[    1.707240] zswap: loaded using pool lzo/zbud
[    1.710896] This architecture does not have kernel memory protection.
[    1.710946] Run /init as init process
[    1.710966]   with arguments:
[    1.710971]     /init
[    1.710976]   with environment:
[    1.710981]     HOME=/
[    1.710986]     TERM=linux
[    1.710990]     BOOT_IMAGE=/vmlinux-5.12.0-rc2-00271-g05a59d79793d
[    2.059104] sunvnet_common: module verification failed: signature and/or required key missing - tainting kernel
[    2.061580] sunvnet: sunvnet 2.0 (February 3, 2017)
[    2.063782] vnet_port vnet-port-0-0 eth0: Sun LDOM vnet 00:14:4f:f8:12:a3
[    2.063963] sunvnet: eth0: PORT ( remote-mac 00:14:4f:fa:f3:f0 switch-port )
[    2.064381] sunvnet: eth0: PORT ( remote-mac 00:14:4f:f8:e5:f3 )
[    2.064685] sunvnet: eth0: PORT ( remote-mac 00:14:4f:f8:3f:1e )
[    2.064972] sunvnet: eth0: PORT ( remote-mac 00:14:4f:f9:b4:97 )
[    2.065263] sunvnet: eth0: PORT ( remote-mac 00:14:4f:f9:8b:83 )
[    2.075227] random: lvm: uninitialized urandom read (4 bytes read)
[    2.075540] crc32c_sparc64: Using sparc64 crc32c opcode optimized CRC32C implementation
[    2.103582] device-mapper: uevent: version 1.0.3
[    2.104348] device-mapper: ioctl: 4.44.0-ioctl (2021-02-01) initialised: dm-devel@redhat.com
[    2.110442] random: lvm: uninitialized urandom read (2 bytes read)
[    2.111041] dm-0: detected capacity change from 0 to 104849408
[    2.552299] xor: automatically using best checksumming function   Niagara   
[    2.621213] raid6: int64x8  gen()  2104 MB/s
[    2.689191] raid6: int64x8  xor()  1509 MB/s
[    2.757203] raid6: int64x4  gen()  3323 MB/s
[    2.825206] raid6: int64x4  xor()  1439 MB/s
[    2.893217] raid6: int64x2  gen()  2868 MB/s
[    2.961218] raid6: int64x2  xor()  1120 MB/s
[    3.029222] raid6: int64x1  gen()  1382 MB/s
[    3.097201] raid6: int64x1  xor()   711 MB/s
[    3.097241] raid6: using algorithm int64x4 gen() 3323 MB/s
[    3.097264] raid6: .... xor() 1439 MB/s, rmw enabled
[    3.097286] raid6: using intx1 recovery algorithm
[    3.173163] random: fast init done
[    3.261927] EXT4-fs (vdiska2): mounted filesystem with ordered data mode. Opts: (null). Quota mode: none.
[    7.262955] systemd[1]: Inserted module 'autofs4'
[    7.718573] systemd[1]: systemd 247.3-2 running in system mode. (+PAM +AUDIT +SELINUX +IMA +APPARMOR +SMACK +SYSVINIT +UTMP +LIBCRYPTSETUP +GCRYPT +GNUTLS +ACL +XZ +LZ4 +ZSTD -SECCOMP +BLKID +ELFUTILS +KMOD +IDN2 -IDN +PCRE2 default-hierarchy=unified)
[    7.718961] systemd[1]: Detected architecture sparc64.
[    7.783003] systemd[1]: Set hostname to <ttip>.
[   10.238089] random: lvmconfig: uninitialized urandom read (4 bytes read)
[   13.193472] systemd[1]: Queued start job for default target Multi-User System.
[   13.194410] random: systemd: uninitialized urandom read (16 bytes read)
[   13.205113] systemd[1]: Created slice system-getty.slice.
[   13.205777] random: systemd: uninitialized urandom read (16 bytes read)
[   13.209785] systemd[1]: Created slice system-modprobe.slice.
[   13.210034] random: systemd: uninitialized urandom read (16 bytes read)
[   13.214178] systemd[1]: Created slice system-openvpn\x2dclient.slice.
[   13.218811] systemd[1]: Created slice system-postfix.slice.
[   13.223042] systemd[1]: Created slice system-systemd\x2dfsck.slice.
[   13.227181] systemd[1]: Created slice User and Session Slice.
[   13.227739] systemd[1]: Started Dispatch Password Requests to Console Directory Watch.
[   13.228193] systemd[1]: Started Forward Password Requests to Wall Directory Watch.
[   13.229894] systemd[1]: Set up automount Arbitrary Executable File Formats File System Automount Point.
[   13.230238] systemd[1]: Reached target Local Encrypted Volumes.
[   13.230537] systemd[1]: Reached target Paths.
[   13.230779] systemd[1]: Reached target Slices.
[   13.231321] systemd[1]: Listening on Device-mapper event daemon FIFOs.
[   13.231897] systemd[1]: Listening on LVM2 poll daemon socket.
[   13.250458] systemd[1]: Listening on RPCbind Server Activation Socket.
[   13.252189] systemd[1]: Listening on Syslog Socket.
[   13.252794] systemd[1]: Listening on fsck to fsckd communication Socket.
[   13.253251] systemd[1]: Listening on initctl Compatibility Named Pipe.
[   13.253989] systemd[1]: Listening on Journal Audit Socket.
[   13.254529] systemd[1]: Listening on Journal Socket (/dev/log).
[   13.255222] systemd[1]: Listening on Journal Socket.
[   13.255933] systemd[1]: Listening on udev Control Socket.
[   13.256437] systemd[1]: Listening on udev Kernel Socket.
[   13.263507] systemd[1]: Mounting Huge Pages File System...
[   13.270501] systemd[1]: Mounting POSIX Message Queue File System...
[   13.277231] systemd[1]: Mounting RPC Pipe File System...
[   13.284010] systemd[1]: Mounting Kernel Debug File System...
[   13.291446] systemd[1]: Mounting Kernel Trace File System...
[   13.292011] systemd[1]: Condition check resulted in Kernel Module supporting RPCSEC_GSS being skipped.
[   13.292534] systemd[1]: Finished Availability of block devices.
[   13.299903] systemd[1]: Starting Wait for network to be configured by ifupdown...
[   13.307254] systemd[1]: Starting Create list of static device nodes for the current kernel...
[   13.314912] systemd[1]: Starting Monitoring of LVM2 mirrors, snapshots etc. using dmeventd or progress polling...
[   13.322276] systemd[1]: Starting Load Kernel Module configfs...
[   13.329369] systemd[1]: Starting Load Kernel Module drm...
[   13.336902] systemd[1]: Starting Load Kernel Module fuse...
[   13.344270] systemd[1]: Starting nftables...
[   13.377772] systemd[1]: Condition check resulted in Set Up Additional Binary Formats being skipped.
[   13.377980] systemd[1]: Condition check resulted in File System Check on Root Device being skipped.
[   13.388816] systemd[1]: Starting Journal Service...
[   13.424734] systemd[1]: Starting Load Kernel Modules...
[   13.431659] systemd[1]: Starting Remount Root and Kernel File Systems...
[   13.438767] systemd[1]: Starting Coldplug All udev Devices...
[   13.446174] systemd[1]: Mounted Huge Pages File System.
[   13.446887] systemd[1]: Mounted POSIX Message Queue File System.
[   13.447441] systemd[1]: Mounted Kernel Debug File System.
[   13.448016] systemd[1]: Mounted Kernel Trace File System.
[   13.450280] systemd[1]: Finished Wait for network to be configured by ifupdown.
[   13.452406] systemd[1]: Finished Create list of static device nodes for the current kernel.
[   13.453779] systemd[1]: modprobe@configfs.service: Succeeded.
[   13.455368] systemd[1]: Finished Load Kernel Module configfs.
[   13.456771] systemd[1]: modprobe@drm.service: Succeeded.
[   13.458399] systemd[1]: Finished Load Kernel Module drm.
[   13.465593] systemd[1]: Mounting Kernel Configuration File System...
[   13.474668] systemd[1]: Mounted Kernel Configuration File System.
[   13.507292] systemd[1]: Finished Monitoring of LVM2 mirrors, snapshots etc. using dmeventd or progress polling.
[   13.595484] systemd[1]: Finished Load Kernel Modules.
[   13.597253] EXT4-fs (vdiska2): re-mounted. Opts: errors=remount-ro. Quota mode: none.
[   13.603297] systemd[1]: Starting Apply Kernel Variables...
[   13.608837] systemd[1]: Finished Remount Root and Kernel File Systems.
[   13.733737] fuse: init (API version 7.33)
[   13.739416] systemd[1]: Starting Initial Check File System Quotas...
[   13.839996] systemd[1]: Condition check resulted in Rebuild Hardware Database being skipped.
[   13.840228] systemd[1]: Condition check resulted in Platform Persistent Storage Archival being skipped.
[   13.846912] systemd[1]: Starting Load/Save Random Seed...
[   13.854390] systemd[1]: Starting Create System Users...
[   13.855799] systemd[1]: Started Journal Service.
[   13.948487] systemd-journald[383]: Received client request to flush runtime journal.
[   14.588411] RPC: Registered named UNIX socket transport module.
[   14.588457] RPC: Registered udp transport module.
[   14.588478] RPC: Registered tcp transport module.
[   14.588500] RPC: Registered tcp NFSv4.1 backchannel transport module.
[   16.573542] random: crng init done
[   16.573581] random: 4 urandom warning(s) missed due to ratelimiting
[   17.351304] sha1_sparc64: Using sparc64 sha1 opcode optimized SHA-1 implementation
[   17.426713] sha256_sparc64: Using sparc64 sha256 opcode optimized SHA-256/SHA-224 implementation
[   17.459041] sha512_sparc64: Using sparc64 sha512 opcode optimized SHA-512/SHA-384 implementation
[   17.479134] n2rng v0.3 (Jan 7, 2017)
[   17.479188] n2rng f029b104: Registered RNG HVAPI major 2 minor 0
[   17.479219] n2rng f029b104: Found multi-unit-capable RNG, units: 2
[   17.479401] n2rng f029b104: RNG ready
[   17.566950] md5_sparc64: Using sparc64 md5 opcode optimized MD5 implementation
[   17.630763] aes_sparc64: Using sparc64 aes opcodes optimized AES implementation
[   17.696001] des_sparc64: Using sparc64 des opcodes optimized DES implementation
[   17.719653] XFS (dm-0): Mounting V5 Filesystem
[   17.739822] camellia_sparc64: Using sparc64 camellia opcodes optimized CAMELLIA implementation
[   17.979272] XFS (dm-0): Ending clean mount
[   18.024943] xfs filesystem being mounted at /1 supports timestamps until 2038 (0x7fffffff)
[   18.093300] Adding 787176k swap on /dev/vdiska4.  Priority:-2 extents:1 across:787176k FS
[   19.248342] EXT4-fs (vdiska1): mounting ext3 file system using the ext4 subsystem
[   19.755320] EXT4-fs (vdiska1): mounted filesystem with ordered data mode. Opts: (null). Quota mode: none.
[   19.755543] ext3 filesystem being mounted at /boot supports timestamps until 2038 (0x7fffffff)
