[    0.000018] PROMLIB: Sun IEEE Boot Prom 'OBP 4.38.17 2019/01/25 08:22'
[    0.000038] PROMLIB: Root node compatible: sun4v
[    0.000097] Linux version 5.13.0-02681-g4b5e35ce0758 (mator@ttip) (gcc (Debian 10.2.1-6) 10.2.1 20210110, GNU ld (GNU Binutils for Debian) 2.35.2) #238 SMP Thu Jul 1 17:50:29 MSK 2021
[    0.000576] printk: bootconsole [earlyprom0] enabled
[    0.000657] ARCH: SUN4V
[    0.000724] Ethernet address: 00:14:4f:fa:06:f2
[    0.000805] MM: PAGE_OFFSET is 0xfff8000000000000 (max_phys_bits == 47)
[    0.000908] MM: VMALLOC [0x0000000100000000 --> 0x0006000000000000]
[    0.001001] MM: VMEMMAP [0x0006000000000000 --> 0x000c000000000000]
[    0.022129] Kernel: Using 5 locked TLB entries for main kernel image.
[    0.022231] Remapping the kernel... 
[    0.022269] done.
[    0.052083] OF stdout device is: /virtual-devices@100/console@1
[    0.052178] PROM: Built device tree with 67601 bytes of memory.
[    0.052269] MDESC: Size is 24368 bytes.
[    0.052407] PLATFORM: banner-name [SPARC T5-2]
[    0.052478] PLATFORM: name [ORCL,SPARC-T5-2]
[    0.052548] PLATFORM: hostid [84fa06f2]
[    0.052611] PLATFORM: serial# [0035260e]
[    0.052674] PLATFORM: stick-frequency [3b9aca00]
[    0.052745] PLATFORM: mac-address [144ffa06f2]
[    0.052814] PLATFORM: watchdog-resolution [1000 ms]
[    0.052888] PLATFORM: watchdog-max-timeout [31536000000 ms]
[    0.052971] PLATFORM: max-cpus [1024]
[    0.053091] Top of RAM: 0x22f948000, Total RAM: 0x1ff3a0000
[    0.053179] Memory hole size: 773MB
[    0.055179] Allocated 24576 bytes for kernel page tables.
[    0.055292] Zone ranges:
[    0.055347]   Normal   [mem 0x0000000030400000-0x000000022f947fff]
[    0.055447] Movable zone start for each node
[    0.055513] Early memory node ranges
[    0.055570]   node   0: [mem 0x0000000030400000-0x000000006febffff]
[    0.055662]   node   0: [mem 0x000000006ff40000-0x000000006ff65fff]
[    0.055753]   node   0: [mem 0x0000000070000000-0x000000022f8b1fff]
[    0.055847]   node   0: [mem 0x000000022f940000-0x000000022f947fff]
[    0.055940] Initmem setup node 0 [mem 0x0000000030400000-0x000000022f947fff]
[    0.065668] On node 0, zone Normal: 98816 pages in unavailable ranges
[    0.065697] On node 0, zone Normal: 64 pages in unavailable ranges
[    0.067098] On node 0, zone Normal: 77 pages in unavailable ranges
[    0.067202] On node 0, zone Normal: 71 pages in unavailable ranges
[    0.068953] On node 0, zone Normal: 33628 pages in unavailable ranges
[    0.069059] Booting Linux...
[    0.069217] CPU CAPS: [flush,stbar,swap,muldiv,v9,blkinit,n2,mul32]
[    0.069353] CPU CAPS: [div32,v8plus,popc,vis,vis2,ASIBlkInit,fmaf,vis3]
[    0.069491] CPU CAPS: [hpc,ima,pause,cbcond,aes,des,kasumi,camellia]
[    0.069625] CPU CAPS: [md5,sha1,sha256,sha512,mpmul,montmul,montsqr,crc32c]
[    0.131568] percpu: Embedded 20 pages/cpu s120912 r8192 d34736 u262144
[    0.131953] pcpu-alloc: s120912 r8192 d34736 u262144 alloc=1*4194304
[    0.131969] pcpu-alloc: [0] 000 001 002 003 004 005 006 007 008 009 010 011 012 013 014 015 
[    0.132060] pcpu-alloc: [0] 016 017 018 019 020 021 022 023 024 025 026 027 028 029 030 031 
[    0.132150] pcpu-alloc: [0] 032 033 034 035 036 037 038 039 040 041 042 043 044 045 046 047 
[    0.132239] pcpu-alloc: [0] 048 049 050 051 052 053 054 055 056 057 058 059 060 061 062 063 
[    0.132328] pcpu-alloc: [0] 064 065 066 067 068 069 070 071 072 073 074 075 076 077 078 079 
[    0.132416] pcpu-alloc: [0] 080 081 082 083 084 085 086 087 088 089 090 091 092 093 094 095 
[    0.132504] pcpu-alloc: [0] 096 097 098 099 100 101 102 103 104 105 106 107 108 109 110 111 
[    0.132593] pcpu-alloc: [0] 112 113 114 115 116 117 118 119 120 121 122 123 124 125 126 127 
[    0.132682] pcpu-alloc: [0] 128 129 130 131 132 133 134 135 136 137 138 139 140 141 142 143 
[    0.132771] pcpu-alloc: [0] 144 145 146 147 148 149 150 151 152 153 154 155 156 157 158 159 
[    0.132860] pcpu-alloc: [0] 160 161 162 163 164 165 166 167 168 169 170 171 172 173 174 175 
[    0.132950] pcpu-alloc: [0] 176 177 178 179 180 181 182 183 184 185 186 187 188 189 190 191 
[    0.133039] pcpu-alloc: [0] 192 193 194 195 196 197 198 199 200 201 202 203 204 205 206 207 
[    0.133128] pcpu-alloc: [0] 208 209 210 211 212 213 214 215 216 217 218 219 220 221 222 223 
[    0.133217] pcpu-alloc: [0] 224 225 226 227 228 229 230 231 232 233 234 235 236 237 238 239 
[    0.133306] pcpu-alloc: [0] 240 241 242 243 244 245 246 247 248 249 250 251 252 253 254 255 
[    0.134035] SUN4V: Mondo queue sizes [cpu(131072) dev(16384) r(8192) nr(256)]
[    0.134422] Built 1 zonelists, mobility grouping on.  Total pages: 1037788
[    0.134539] Kernel command line: BOOT_IMAGE=/vmlinux-5.13.0-02681-g4b5e35ce0758 root=/dev/vdiska2 ro
[    0.135009] printk: log_buf_len individual max cpu contribution: 4096 bytes
[    0.135109] printk: log_buf_len total cpu_extra contributions: 1044480 bytes
[    0.135206] printk: log_buf_len min size: 131072 bytes
[    0.137299] printk: log_buf_len: 2097152 bytes
[    0.137371] printk: early log buf free: 126496(96%)
[    0.138384] Dentry cache hash table entries: 1048576 (order: 10, 8388608 bytes, linear)
[    0.139007] Inode-cache hash table entries: 524288 (order: 9, 4194304 bytes, linear)
[    0.139120] Sorting __ex_table...
[    0.139481] mem auto-init: stack:off, heap alloc:off, heap free:off
[    0.143901] Memory: 1261024K/8375936K available (8806K kernel code, 1699K rwdata, 2920K rodata, 632K init, 3135K bss, 205568K reserved, 0K cma-reserved)
[    0.144140] random: get_random_u64 called from kmem_cache_open+0x1c/0x340 with crng_init=0
[    0.146212] SLUB: HWalign=32, Order=0-3, MinObjects=0, CPUs=256, Nodes=1
[    0.146863] ftrace: allocating 27418 entries in 54 pages
[    0.161379] ftrace: allocated 54 pages with 4 groups
[    0.161727] trace event string verifier disabled
[    0.167376] rcu: Hierarchical RCU implementation.
[    0.167455] rcu: 	RCU debug extended QS entry/exit.
[    0.167531] 	Rude variant of Tasks RCU enabled.
[    0.167603] 	Tracing variant of Tasks RCU enabled.
[    0.167676] rcu: RCU calculated value of scheduler-enlistment delay is 26 jiffies.
[    0.176825] NR_IRQS: 2048, nr_irqs: 2048, preallocated irqs: 1
[    0.176940] SUN4V: Using IRQ API major 3, cookie only virqs enabled
[    0.182604] clocksource: stick: mask: 0xffffffffffffffff max_cycles: 0x1cd42e4dffb, max_idle_ns: 881590591483 ns
[    0.182794] clocksource: mult[800000] shift[23]
[    0.182865] clockevent: mult[80000000] shift[31]
[    0.183685] Console: colour dummy device 80x25
[    0.183765] printk: console [tty0] enabled
[    0.183858] printk: bootconsole [earlyprom0] disabled
[    0.183964] Lock dependency validator: Copyright (c) 2006 Red Hat, Inc., Ingo Molnar
[    0.184005] ... MAX_LOCKDEP_SUBCLASSES:  8
[    0.184030] ... MAX_LOCK_DEPTH:          48
[    0.184056] ... MAX_LOCKDEP_KEYS:        8192
[    0.184082] ... CLASSHASH_SIZE:          4096
[    0.184108] ... MAX_LOCKDEP_ENTRIES:     16384
[    0.184135] ... MAX_LOCKDEP_CHAINS:      32768
[    0.184161] ... CHAINHASH_SIZE:          16384
[    0.184187]  memory used by lock dependency info: 2603 kB
[    0.184218]  per task-struct memory footprint: 1920 bytes
[    0.263135] Calibrating delay using timer specific routine.. 2005.80 BogoMIPS (lpj=4011615)
[    0.263199] pid_max: default: 262144 minimum: 2048
[    0.263675] LSM: Security Framework initializing
[    0.263915] Mount-cache hash table entries: 16384 (order: 4, 131072 bytes, linear)
[    0.263978] Mountpoint-cache hash table entries: 16384 (order: 4, 131072 bytes, linear)
[    0.268112] rcu: Hierarchical SRCU implementation.
[    0.279072] smp: Bringing up secondary CPUs ...
[    0.295904] smp: Brought up 1 node, 16 CPUs
[    0.337009] node 0 deferred pages initialised in 40ms
[    0.337911] devtmpfs: initialized
[    0.340755] Performance events: 
[    0.340786] Testing NMI watchdog ... 
[    0.420893] OK.
[    0.421003] Supported PMU type is 'niagara5'
[    0.422501] ldc.c:v1.1 (July 22, 2008)
[    0.423608] clocksource: jiffies: mask: 0xffffffff max_cycles: 0xffffffff, max_idle_ns: 7645041785100000 ns
[    0.423680] futex hash table entries: 65536 (order: 10, 8388608 bytes, linear)
[    0.434852] NET: Registered protocol family 16
[    0.438514] VIO: Adding device channel-devices (tx_ino = ffffffffffffffff, rx_ino = ffffffffffffffff)
[    0.438666] VIO: Adding device vnet-port-0-0 (tx_ino = 0, rx_ino = 1)
[    0.438767] VIO: Adding device vnet-port-0-1 (tx_ino = 2, rx_ino = 3)
[    0.438865] VIO: Adding device vnet-port-0-2 (tx_ino = 4, rx_ino = 5)
[    0.438961] VIO: Adding device vnet-port-0-3 (tx_ino = 6, rx_ino = 7)
[    0.439057] VIO: Adding device vnet-port-0-4 (tx_ino = 8, rx_ino = 9)
[    0.439159] VIO: Adding device vdc-port-2-0 (tx_ino = a, rx_ino = b)
[    0.439256] VIO: Adding device vdc-port-1-0 (tx_ino = c, rx_ino = d)
[    0.439353] VIO: Adding device vdc-port-0-0 (tx_ino = e, rx_ino = f)
[    0.439451] VIO: Adding device vlds-port-0-0 (tx_ino = 10, rx_ino = 11)
[    0.439555] VIO: Adding device domain-services-port-0 (tx_ino = 10, rx_ino = 11)
[    0.439825] audit: initializing netlink subsys (disabled)
[    0.440116] audit: type=2000 audit(0.256:1): state=initialized audit_enabled=0 res=1
[    0.458930] HugeTLB registered 64.0 KiB page size, pre-allocated 0 pages
[    0.458983] HugeTLB registered 8.00 MiB page size, pre-allocated 0 pages
[    0.459022] HugeTLB registered 256 MiB page size, pre-allocated 0 pages
[    0.459061] HugeTLB registered 2.00 GiB page size, pre-allocated 0 pages
[    1.032366] SUN4V: Reboot data supported (maj=1,min=0).
[    1.032702] ds.c:v1.0 (Jul 11, 2007)
[    1.032982] ds-0: ds_conn_reset() from send_events
[    1.033663] clocksource: Switched to clocksource stick
[    1.196927] VFS: Disk quotas dquot_6.6.0
[    1.197168] VFS: Dquot-cache hash table entries: 1024 (order 0, 8192 bytes)
[    1.206559] NET: Registered protocol family 2
[    1.206919] IP idents hash table entries: 131072 (order: 7, 1048576 bytes, linear)
[    1.212659] tcp_listen_portaddr_hash hash table entries: 4096 (order: 5, 327680 bytes, linear)
[    1.213363] TCP established hash table entries: 65536 (order: 6, 524288 bytes, linear)
[    1.214264] TCP bind hash table entries: 65536 (order: 9, 4718592 bytes, linear)
[    1.225871] TCP: Hash tables configured (established 65536 bind 65536)
[    1.229336] UDP hash table entries: 4096 (order: 6, 655360 bytes, linear)
[    1.231487] UDP-Lite hash table entries: 4096 (order: 6, 655360 bytes, linear)
[    1.236663] NET: Registered protocol family 1
[    1.236730] NET: Registered protocol family 44
[    1.237256] Trying to unpack rootfs image as initramfs...
[    1.255078] Initialise system trusted keyrings
[    1.255376] workingset: timestamp_bits=46 max_order=20 bucket_order=0
[    1.269861] zbud: loaded
[    1.273105] SGI XFS with ACLs, security attributes, realtime, quota, no debug enabled
[    1.277470] Key type asymmetric registered
[    1.277513] Asymmetric key parser 'x509' registered
[    1.277580] Block layer SCSI generic (bsg) driver version 0.4 loaded (major 252)
[    1.278385] io scheduler mq-deadline registered
[    1.279928] f029b788: ttyHV0 at I/O 0x0 (irq = 1, base_baud = 115200) is a SUN4V HCONS
[    1.280631] printk: console [ttyHV0] enabled
[    1.281678] n2rng v0.3 (Jan 7, 2017)
[    1.281732] n2rng f029b104: Registered RNG HVAPI major 2 minor 0
[    1.281783] n2rng f029b104: Found multi-unit-capable RNG, units: 2
[    1.283094] n2rng f029b104: RNG ready
[    1.283689] sunvdc.c:v1.2 (November 24, 2014)
[    1.286121] sunvdc: Virtual Hard disk vdiskc
[    1.286154] sunvdc: vdiskc: 104857600 sectors (51200 MB) protocol 1.2
[    1.315539] sunvdc: Virtual Hard disk vdiskb
[    1.315586] sunvdc: vdiskb: 62914560 sectors (30720 MB) protocol 1.2
[    1.316558]  vdiskb: vdiskb1
[    1.344405] sunvdc: Virtual Hard disk vdiska
[    1.344453] sunvdc: vdiska: 31457280 sectors (15360 MB) protocol 1.2
[    1.345941]  vdiska: vdiska1 vdiska2 vdiska3 vdiska4
[    1.373546] rtc-sun4v rtc-sun4v: registered as rtc0
[    1.373680] rtc-sun4v rtc-sun4v: setting system clock to 2021-07-01T15:07:06 UTC (1625152026)
[    1.374076] rtc-test rtc-test.0: registered as rtc1
[    1.385052] rtc rtc2: invalid alarm value: 18446744073704833233-01-07T04:44:22
[    1.385366] rtc-test rtc-test.1: registered as rtc2
[    1.396378] rtc rtc3: invalid alarm value: 18446744073704833233-01-07T04:44:22
[    1.396598] rtc-test rtc-test.2: registered as rtc3
[    1.396962] softdog: initialized. soft_noboot=0 soft_margin=60 sec soft_panic=0 (nowayout=0)
[    1.397015] softdog:              soft_reboot_cmd=<not set> soft_active_on_boot=0
[    1.399122] NET: Registered protocol family 10
[    1.505578] Freeing initrd memory: 27216K
[    1.528001] Segment Routing with IPv6
[    1.528112] mip6: Mobile IPv6
[    1.528143] NET: Registered protocol family 17
[    1.532796] registered taskstats version 1
[    1.532838] Loading compiled-in X.509 certificates
[    1.536748] zswap: loaded using pool lzo/zbud
[    1.541038] This architecture does not have kernel memory protection.
[    1.541087] Run /init as init process
[    1.541115]   with arguments:
[    1.541122]     /init
[    1.541128]   with environment:
[    1.541134]     HOME=/
[    1.541140]     TERM=linux
[    1.541146]     BOOT_IMAGE=/vmlinux-5.13.0-02681-g4b5e35ce0758
[    2.044300] sunvnet_common: module verification failed: signature and/or required key missing - tainting kernel
[    2.048135] sunvnet: sunvnet 2.0 (February 3, 2017)
[    2.051356] vnet_port vnet-port-0-0 eth0: Sun LDOM vnet 00:14:4f:f8:12:a3
[    2.051642] sunvnet: eth0: PORT ( remote-mac 00:14:4f:fa:f3:f0 switch-port )
[    2.052159] sunvnet: eth0: PORT ( remote-mac 00:14:4f:f8:e5:f3 )
[    2.052641] sunvnet: eth0: PORT ( remote-mac 00:14:4f:f8:3f:1e )
[    2.053116] sunvnet: eth0: PORT ( remote-mac 00:14:4f:f9:b4:97 )
[    2.053652] sunvnet: eth0: PORT ( remote-mac 00:14:4f:f9:8b:83 )
[    2.065753] random: lvm: uninitialized urandom read (4 bytes read)
[    2.067535] crc32c_sparc64: Using sparc64 crc32c opcode optimized CRC32C implementation
[    2.112558] device-mapper: uevent: version 1.0.3
[    2.113322] device-mapper: ioctl: 4.45.0-ioctl (2021-03-22) initialised: dm-devel@redhat.com
[    2.119443] random: lvm: uninitialized urandom read (2 bytes read)
[    2.449269] xor: automatically using best checksumming function   Niagara   
[    2.517618] raid6: int64x8  gen()  2155 MB/s
[    2.585617] raid6: int64x8  xor()  1519 MB/s
[    2.653627] raid6: int64x4  gen()  3373 MB/s
[    2.721617] raid6: int64x4  xor()  1454 MB/s
[    2.789614] raid6: int64x2  gen()  2909 MB/s
[    2.857611] raid6: int64x2  xor()  1122 MB/s
[    2.925617] raid6: int64x1  gen()  1412 MB/s
[    2.993621] raid6: int64x1  xor()   713 MB/s
[    2.993650] raid6: using algorithm int64x4 gen() 3373 MB/s
[    2.993672] raid6: .... xor() 1454 MB/s, rmw enabled
[    2.993693] raid6: using intx1 recovery algorithm
[    3.192502] random: fast init done
[    3.198446] EXT4-fs (vdiska2): mounted filesystem with ordered data mode. Opts: (null). Quota mode: none.
[    5.533360] systemd[1]: Inserted module 'autofs4'
[    5.697996] systemd[1]: systemd 247.3-5 running in system mode. (+PAM +AUDIT +SELINUX +IMA +APPARMOR +SMACK +SYSVINIT +UTMP +LIBCRYPTSETUP +GCRYPT +GNUTLS +ACL +XZ +LZ4 +ZSTD -SECCOMP +BLKID +ELFUTILS +KMOD +IDN2 -IDN +PCRE2 default-hierarchy=unified)
[    5.698324] systemd[1]: Detected architecture sparc64.
[    5.728741] systemd[1]: Set hostname to <ttip>.
[    6.826813] random: lvmconfig: uninitialized urandom read (4 bytes read)
[    8.225534] systemd[1]: Queued start job for default target Multi-User System.
[    8.226478] random: systemd: uninitialized urandom read (16 bytes read)
[    8.235686] systemd[1]: Created slice system-getty.slice.
[    8.236188] random: systemd: uninitialized urandom read (16 bytes read)
[    8.239855] systemd[1]: Created slice system-modprobe.slice.
[    8.240088] random: systemd: uninitialized urandom read (16 bytes read)
[    8.243920] systemd[1]: Created slice system-openvpn\x2dclient.slice.
[    8.249093] systemd[1]: Created slice system-postfix.slice.
[    8.252909] systemd[1]: Created slice system-systemd\x2dfsck.slice.
[    8.256606] systemd[1]: Created slice User and Session Slice.
[    8.257143] systemd[1]: Started Dispatch Password Requests to Console Directory Watch.
[    8.257585] systemd[1]: Started Forward Password Requests to Wall Directory Watch.
[    8.259233] systemd[1]: Set up automount Arbitrary Executable File Formats File System Automount Point.
[    8.259576] systemd[1]: Reached target Local Encrypted Volumes.
[    8.259878] systemd[1]: Reached target Paths.
[    8.260122] systemd[1]: Reached target Slices.
[    8.260650] systemd[1]: Listening on Device-mapper event daemon FIFOs.
[    8.261226] systemd[1]: Listening on LVM2 poll daemon socket.
[    8.282552] systemd[1]: Listening on RPCbind Server Activation Socket.
[    8.285134] systemd[1]: Listening on Syslog Socket.
[    8.285773] systemd[1]: Listening on fsck to fsckd communication Socket.
[    8.286200] systemd[1]: Listening on initctl Compatibility Named Pipe.
[    8.286933] systemd[1]: Listening on Journal Audit Socket.
[    8.287465] systemd[1]: Listening on Journal Socket (/dev/log).
[    8.288157] systemd[1]: Listening on Journal Socket.
[    8.288866] systemd[1]: Listening on udev Control Socket.
[    8.289358] systemd[1]: Listening on udev Kernel Socket.
[    8.296033] systemd[1]: Mounting Huge Pages File System...
[    8.302781] systemd[1]: Mounting POSIX Message Queue File System...
[    8.309088] systemd[1]: Mounting RPC Pipe File System...
[    8.315733] systemd[1]: Mounting Kernel Debug File System...
[    8.324228] systemd[1]: Mounting Kernel Trace File System...
[    8.324901] systemd[1]: Condition check resulted in Kernel Module supporting RPCSEC_GSS being skipped.
[    8.325504] systemd[1]: Finished Availability of block devices.
[    8.332801] systemd[1]: Starting Wait for network to be configured by ifupdown...
[    8.339248] systemd[1]: Starting Create list of static device nodes for the current kernel...
[    8.346324] systemd[1]: Starting Monitoring of LVM2 mirrors, snapshots etc. using dmeventd or progress polling...
[    8.354765] systemd[1]: Starting Load Kernel Module configfs...
[    8.364229] systemd[1]: Starting Load Kernel Module drm...
[    8.374496] systemd[1]: Starting Load Kernel Module fuse...
[    8.383870] systemd[1]: Starting nftables...
[    8.407004] systemd[1]: Condition check resulted in Set Up Additional Binary Formats being skipped.
[    8.407246] systemd[1]: Condition check resulted in File System Check on Root Device being skipped.
[    8.410905] RPC: Registered named UNIX socket transport module.
[    8.410960] RPC: Registered udp transport module.
[    8.410999] RPC: Registered tcp transport module.
[    8.411036] RPC: Registered tcp NFSv4.1 backchannel transport module.
[    8.419664] systemd[1]: Starting Journal Service...
[    8.457798] systemd[1]: Starting Load Kernel Modules...
[    8.464572] systemd[1]: Starting Remount Root and Kernel File Systems...
[    8.473984] systemd[1]: Starting Coldplug All udev Devices...
[    8.486047] systemd[1]: Mounted Huge Pages File System.
[    8.487544] systemd[1]: Mounted POSIX Message Queue File System.
[    8.488418] systemd[1]: Mounted RPC Pipe File System.
[    8.489231] systemd[1]: Mounted Kernel Debug File System.
[    8.490059] systemd[1]: Mounted Kernel Trace File System.
[    8.493284] systemd[1]: Finished Wait for network to be configured by ifupdown.
[    8.496597] systemd[1]: Finished Create list of static device nodes for the current kernel.
[    8.499725] systemd[1]: Finished Monitoring of LVM2 mirrors, snapshots etc. using dmeventd or progress polling.
[    8.501873] systemd[1]: modprobe@configfs.service: Succeeded.
[    8.504200] systemd[1]: Finished Load Kernel Module configfs.
[    8.506348] systemd[1]: modprobe@drm.service: Succeeded.
[    8.508696] systemd[1]: Finished Load Kernel Module drm.
[    8.519672] systemd[1]: Mounting Kernel Configuration File System...
[    8.531155] systemd[1]: Mounted Kernel Configuration File System.
[    8.554356] systemd[1]: Finished Load Kernel Modules.
[    8.559707] EXT4-fs (vdiska2): re-mounted. Opts: errors=remount-ro. Quota mode: none.
[    8.562967] systemd[1]: Starting Apply Kernel Variables...
[    8.574105] systemd[1]: Started Journal Service.
[    8.657066] fuse: init (API version 7.33)
[    8.756973] systemd-journald[333]: Received client request to flush runtime journal.
[   10.342445] sha1_sparc64: Using sparc64 sha1 opcode optimized SHA-1 implementation
[   10.392161] sha256_sparc64: Using sparc64 sha256 opcode optimized SHA-256/SHA-224 implementation
[   10.430708] sha512_sparc64: Using sparc64 sha512 opcode optimized SHA-512/SHA-384 implementation
[   10.445552] md5_sparc64: Using sparc64 md5 opcode optimized MD5 implementation
[   10.483688] aes_sparc64: Using sparc64 aes opcodes optimized AES implementation
[   10.542477] des_sparc64: Using sparc64 des opcodes optimized DES implementation
[   10.572492] camellia_sparc64: Using sparc64 camellia opcodes optimized CAMELLIA implementation
[   10.667486] XFS (dm-0): Mounting V5 Filesystem
[   10.799482] Adding 787176k swap on /dev/vdiska4.  Priority:-2 extents:1 across:787176k FS
[   10.858286] XFS (dm-0): Ending clean mount
[   10.915097] xfs filesystem being mounted at /1 supports timestamps until 2038 (0x7fffffff)
[   11.264784] EXT4-fs (vdiska1): mounting ext3 file system using the ext4 subsystem
[   11.289934] random: crng init done
[   11.289962] random: 4 urandom warning(s) missed due to ratelimiting
[   11.327981] EXT4-fs (vdiska1): mounted filesystem with ordered data mode. Opts: (null). Quota mode: none.
[   11.328428] ext3 filesystem being mounted at /boot supports timestamps until 2038 (0x7fffffff)
[   12.490201] Unable to handle kernel NULL pointer dereference
[   12.490253] tsk->{mm,active_mm}->context = 00000000000000ac
[   12.490281] tsk->{mm,active_mm}->pgd = fff800004200c000
[   12.490307]               \|/ ____ \|/
                             "@'/ .. \`@"
                             /_| \__/ |_\
                                \__U_/
[   12.490364] systemd(619): Oops [#1]
[   12.490390] CPU: 15 PID: 619 Comm: systemd Tainted: G            E     5.13.0-02681-g4b5e35ce0758 #238
[   12.490433] TSTATE: 0000004411001604 TPC: 000000000044f3e4 TNPC: 000000000044f3e8 Y: 00000000    Tainted: G            E    
[   12.490481] TPC: <pmdp_invalidate+0x24/0xc0>
[   12.490515] g0: 0000000000708a6c g1: 3d0000004a000653 g2: 0000000000000000 g3: 0000000000000000
[   12.490553] g4: fff8000043158a40 g5: fff8000229a1a000 g6: fff8000039680000 g7: fffffffffffdafff
[   12.490590] o0: 0000000000000001 o1: 0000000000000000 o2: fff8000043159318 o3: 0000000000000000
[   12.490628] o4: 3fc2e93800000000 o5: 0000000000f92c00 sp: fff8000039682fe1 ret_pc: 00000000004d7c3c
[   12.490667] RPC: <lock_acquire+0x1bc/0x200>
[   12.490701] l0: 00000000011a71c0 l1: 0000000000000000 l2: 0000000000422db4 l3: fff8000039683960
[   12.490739] l4: 000000000000012c l5: fff8000039683958 l6: fff8000039683958 l7: 000000000067ff20
[   12.490776] i0: fff80000473f40c0 i1: fff8000102800000 i2: fff80000437c9028 i3: bd0000004a000653
[   12.490814] i4: 3d0000004a000653 i5: bd0000004a000653 i6: fff8000039683091 i7: 00000000006a6ff4
[   12.490852] I7: <__split_huge_pmd_locked+0x574/0x5e0>
[   12.490890] Call Trace:
[   12.490906] [<00000000006a6ff4>] __split_huge_pmd_locked+0x574/0x5e0
[   12.490938] [<00000000006a87e8>] __split_huge_pmd+0x288/0x2e0
[   12.490968] [<0000000000659584>] unmap_page_range+0x1a4/0x320
[   12.491000] [<00000000006597c0>] unmap_single_vma+0xc0/0xe0
[   12.491030] [<00000000006599b8>] zap_page_range+0x78/0xc0
[   12.491057] [<000000000067fba0>] do_madvise+0x440/0x600
[   12.491085] [<000000000067ff38>] sys_madvise+0x18/0x40
[   12.491111] [<0000000000406274>] linux_sparc_syscall+0x34/0x44
[   12.491148] Disabling lock debugging due to kernel taint
[   12.491157] Caller[00000000006a6ff4]: __split_huge_pmd_locked+0x574/0x5e0
[   12.491171] Caller[00000000006a87e8]: __split_huge_pmd+0x288/0x2e0
[   12.491185] Caller[0000000000659584]: unmap_page_range+0x1a4/0x320
[   12.491197] Caller[00000000006597c0]: unmap_single_vma+0xc0/0xe0
[   12.491209] Caller[00000000006599b8]: zap_page_range+0x78/0xc0
[   12.491220] Caller[000000000067fba0]: do_madvise+0x440/0x600
[   12.491230] Caller[000000000067ff38]: sys_madvise+0x18/0x40
[   12.491241] Caller[0000000000406274]: linux_sparc_syscall+0x34/0x44
[   12.491253] Caller[fff8000101eb0ebc]: 0xfff8000101eb0ebc
[   12.491265] Instruction DUMP:
[   12.491268]  ba10001b 
[   12.491277]  8210001c 
[   12.491284]  84102000 
[   12.491292] <c3f0901d>
[   12.491298]  80a0401d 
[   12.491306]  22600004 
[   12.491313]  d05e2040 
[   12.491320]  106ffffa 
[   12.491327]  fa5e8000 

