[    0.000017] PROMLIB: Sun IEEE Boot Prom 'OBP 4.38.12 2018/03/28 14:54'
[    0.000031] PROMLIB: Root node compatible: sun4v
[    0.000081] Linux version 5.6.0-rc5-00131-g630db5cbc7b4 (mator@ttip) (gcc version 9.3.0 (Debian 9.3.0-8)) #53 SMP Thu Apr 2 13:35:38 MSK 2020
[    0.000393] printk: bootconsole [earlyprom0] enabled
[    0.000444] ARCH: SUN4V
[    0.000493] Ethernet address: 00:14:4f:fa:06:f2
[    0.000543] MM: PAGE_OFFSET is 0xfff8000000000000 (max_phys_bits == 47)
[    0.000608] MM: VMALLOC [0x0000000100000000 --> 0x0006000000000000]
[    0.000668] MM: VMEMMAP [0x0006000000000000 --> 0x000c000000000000]
[    0.013223] Kernel: Using 5 locked TLB entries for main kernel image.
[    0.013300] Remapping the kernel... 
[    0.013327] done.
[    0.046344] OF stdout device is: /virtual-devices@100/console@1
[    0.046421] PROM: Built device tree with 86758 bytes of memory.
[    0.046487] MDESC: Size is 36512 bytes.
[    0.046615] PLATFORM: banner-name [SPARC T5-2]
[    0.046663] PLATFORM: name [ORCL,SPARC-T5-2]
[    0.046711] PLATFORM: hostid [84fa06f2]
[    0.046752] PLATFORM: serial# [0035260e]
[    0.046796] PLATFORM: stick-frequency [3b9aca00]
[    0.046844] PLATFORM: mac-address [144ffa06f2]
[    0.046891] PLATFORM: watchdog-resolution [1000 ms]
[    0.046940] PLATFORM: watchdog-max-timeout [31536000000 ms]
[    0.046997] PLATFORM: max-cpus [1024]
[    0.047096] Top of RAM: 0x24af938000, Total RAM: 0x87f354000
[    0.047159] Memory hole size: 115461MB
[    0.051747] Allocated 40960 bytes for kernel page tables.
[    0.051834] Zone ranges:
[    0.051875]   Normal   [mem 0x0000000030400000-0x00000024af937fff]
[    0.051938] Movable zone start for each node
[    0.051983] Early memory node ranges
[    0.052024]   node   0: [mem 0x0000000030400000-0x000000006fe7ffff]
[    0.052085]   node   0: [mem 0x000000006ff00000-0x000000006ff25fff]
[    0.052147]   node   0: [mem 0x0000000070000000-0x000000042fffffff]
[    0.052210]   node   0: [mem 0x0000002030000000-0x00000024af87ffff]
[    0.052271]   node   0: [mem 0x00000024af900000-0x00000024af925fff]
[    0.052331]   node   0: [mem 0x00000024af930000-0x00000024af937fff]
[    0.064151] Zeroed struct page in unavailable ranges: 263766 pages
[    0.064159] Initmem setup node 0 [mem 0x0000000030400000-0x00000024af937fff]
[    0.064319] On node 0 totalpages: 4454826
[    0.064329]   Normal zone: 39154 pages used for memmap
[    0.064334]   Normal zone: 0 pages reserved
[    0.064340]   Normal zone: 4454826 pages, LIFO batch:31
[    0.075484] Booting Linux...
[    0.075568] CPU CAPS: [flush,stbar,swap,muldiv,v9,blkinit,n2,mul32]
[    0.075652] CPU CAPS: [div32,v8plus,popc,vis,vis2,ASIBlkInit,fmaf,vis3]
[    0.076731] CPU CAPS: [hpc,ima,pause,cbcond,aes,des,kasumi,camellia]
[    0.076805] CPU CAPS: [md5,sha1,sha256,sha512,mpmul,montmul,montsqr,crc32c]
[    0.106496] percpu: Embedded 27 pages/cpu s182344 r8192 d30648 u262144
[    0.106743] pcpu-alloc: s182344 r8192 d30648 u262144 alloc=1*4194304
[    0.106751] pcpu-alloc: [0] 000 001 002 003 004 005 006 007 008 009 010 011 012 013 014 015 
[    0.106778] pcpu-alloc: [0] 016 017 018 019 020 021 022 023 024 025 026 027 028 029 030 031 
[    0.106806] pcpu-alloc: [0] 032 033 034 035 036 037 038 039 040 041 042 043 044 045 046 047 
[    0.106833] pcpu-alloc: [0] 048 049 050 051 052 053 054 055 056 057 058 059 060 061 062 063 
[    0.106860] pcpu-alloc: [0] 064 065 066 067 068 069 070 071 072 073 074 075 076 077 078 079 
[    0.106887] pcpu-alloc: [0] 080 081 082 083 084 085 086 087 088 089 090 091 092 093 094 095 
[    0.106913] pcpu-alloc: [0] 096 097 098 099 100 101 102 103 104 105 106 107 108 109 110 111 
[    0.106940] pcpu-alloc: [0] 112 113 114 115 116 117 118 119 120 121 122 123 124 125 126 127 
[    0.107418] SUN4V: Mondo queue sizes [cpu(131072) dev(16384) r(8192) nr(256)]
[    0.107792] Built 1 zonelists, mobility grouping on.  Total pages: 4415672
[    0.107881] Kernel command line: BOOT_IMAGE=/vmlinux-5.6.0-rc5-00131-g630db5cbc7b4 root=/dev/vdiska2 ro zswap.enabled=1
[    0.110267] printk: log_buf_len individual max cpu contribution: 4096 bytes
[    0.110339] printk: log_buf_len total cpu_extra contributions: 520192 bytes
[    0.110403] printk: log_buf_len min size: 131072 bytes
[    0.110677] printk: log_buf_len: 1048576 bytes
[    0.110728] printk: early log buf free: 126648(96%)
[    0.117055] Dentry cache hash table entries: 8388608 (order: 13, 67108864 bytes, linear)
[    0.120308] Inode-cache hash table entries: 4194304 (order: 12, 33554432 bytes, linear)
[    0.120389] Sorting __ex_table...
[    0.120646] mem auto-init: stack:off, heap alloc:off, heap free:off
[    0.179035] Memory: 1305232K/35638608K available (7699K kernel code, 1036K rwdata, 2280K rodata, 640K init, 6747K bss, 508984K reserved, 0K cma-reserved)
[    0.179697] SLUB: HWalign=32, Order=0-3, MinObjects=0, CPUs=128, Nodes=1
[    0.179999] ftrace: allocating 21531 entries in 43 pages
[    0.188145] ftrace: allocated 43 pages with 4 groups
[    0.190995] Running RCU self tests
[    0.191063] rcu: Hierarchical RCU implementation.
[    0.191115] rcu: 	RCU event tracing is enabled.
[    0.191163] rcu: 	RCU lockdep checking is enabled.
[    0.191212] 	Tasks RCU enabled.
[    0.191249] rcu: RCU calculated value of scheduler-enlistment delay is 10 jiffies.
[    0.195560] NR_IRQS: 2048, nr_irqs: 2048, preallocated irqs: 1
[    0.195647] SUN4V: Using IRQ API major 3, cookie only virqs enabled
[    0.198089] clocksource: stick: mask: 0xffffffffffffffff max_cycles: 0x1cd42e4dffb, max_idle_ns: 881590591483 ns
[    0.198221] clocksource: mult[800000] shift[23]
[    0.198270] clockevent: mult[80000000] shift[31]
[    0.198803] Console: colour dummy device 80x25
[    0.198866] printk: console [tty0] enabled
[    0.198943] printk: bootconsole [earlyprom0] disabled
[    0.199028] Lock dependency validator: Copyright (c) 2006 Red Hat, Inc., Ingo Molnar
[    0.199077] ... MAX_LOCKDEP_SUBCLASSES:  8
[    0.199106] ... MAX_LOCK_DEPTH:          48
[    0.199136] ... MAX_LOCKDEP_KEYS:        8192
[    0.199167] ... CLASSHASH_SIZE:          4096
[    0.199198] ... MAX_LOCKDEP_ENTRIES:     16384
[    0.199229] ... MAX_LOCKDEP_CHAINS:      32768
[    0.199260] ... CHAINHASH_SIZE:          16384
[    0.199291]  memory used by lock dependency info: 3855 kB
[    0.199327]  memory used for stack traces: 2112 kB
[    0.199360]  per task-struct memory footprint: 1920 bytes
[    0.348807] Calibrating delay using timer specific routine.. 2013.16 BogoMIPS (lpj=10065830)
[    0.348878] pid_max: default: 131072 minimum: 1024
[    0.349167] LSM: Security Framework initializing
[    0.349318] AppArmor: AppArmor initialized
[    0.349592] Mount-cache hash table entries: 131072 (order: 7, 1048576 bytes, linear)
[    0.349758] Mountpoint-cache hash table entries: 131072 (order: 7, 1048576 bytes, linear)
[    0.349886] *** VALIDATE tmpfs ***
[    0.350761] *** VALIDATE proc ***
[    0.351275] *** VALIDATE cgroup ***
[    0.351307] *** VALIDATE cgroup2 ***
[    0.353416] rcu: Hierarchical SRCU implementation.
[    0.361406] smp: Bringing up secondary CPUs ...
[    0.405352] smp: Brought up 1 node, 32 CPUs
[    0.598171] node 0 initialised, 4228049 pages in 190ms
[    0.599481] devtmpfs: initialized
[    0.604093] Performance events: 
[    0.604141] Testing NMI watchdog ... 
[    0.804232] OK.
[    0.804365] Supported PMU type is 'niagara5'
[    0.804568] random: get_random_u32 called from bucket_table_alloc.isra.0+0x188/0x1c0 with crng_init=0
[    0.805232] ldc.c:v1.1 (July 22, 2008)
[    0.807821] clocksource: jiffies: mask: 0xffffffff max_cycles: 0xffffffff, max_idle_ns: 19112604462750000 ns
[    0.807916] futex hash table entries: 32768 (order: 9, 4194304 bytes, linear)
[    0.813291] NET: Registered protocol family 16
[    0.821753] VIO: Adding device channel-devices (tx_ino = ffffffffffffffff, rx_ino = ffffffffffffffff)
[    0.822000] VIO: Adding device vnet-port-0-0 (tx_ino = 0, rx_ino = 1)
[    0.822203] VIO: Adding device vnet-port-0-1 (tx_ino = 2, rx_ino = 3)
[    0.822376] VIO: Adding device vnet-port-0-2 (tx_ino = 4, rx_ino = 5)
[    0.822543] VIO: Adding device vnet-port-0-3 (tx_ino = 6, rx_ino = 7)
[    0.822709] VIO: Adding device vnet-port-0-4 (tx_ino = 8, rx_ino = 9)
[    0.822880] VIO: Adding device vnet-port-0-5 (tx_ino = a, rx_ino = b)
[    0.823045] VIO: Adding device vdc-port-2-0 (tx_ino = c, rx_ino = d)
[    0.823209] VIO: Adding device vdc-port-1-0 (tx_ino = e, rx_ino = f)
[    0.823379] VIO: Adding device vdc-port-0-0 (tx_ino = 10, rx_ino = 11)
[    0.823546] VIO: Adding device vdc-port-3-0 (tx_ino = 12, rx_ino = 13)
[    0.823713] VIO: Adding device vlds-port-0-0 (tx_ino = 14, rx_ino = 15)
[    0.823891] VIO: Adding device domain-services-port-0 (tx_ino = 14, rx_ino = 15)
[    0.824195] audit: initializing netlink subsys (disabled)
[    0.824566] audit: type=2000 audit(0.430:1): state=initialized audit_enabled=0 res=1
[    0.850724] HugeTLB registered 64.0 KiB page size, pre-allocated 0 pages
[    0.850781] HugeTLB registered 8.00 MiB page size, pre-allocated 0 pages
[    0.850826] HugeTLB registered 256 MiB page size, pre-allocated 0 pages
[    0.850872] HugeTLB registered 2.00 GiB page size, pre-allocated 0 pages
[    0.852470] alg: extra crypto tests enabled.  This is intended for developer use only.
[    0.878272] cryptd: max_cpu_qlen set to 1000
[    0.986428] NetLabel: Initializing
[    0.986467] NetLabel:  domain hash size = 128
[    0.986500] NetLabel:  protocols = UNLABELED CIPSOv4 CALIPSO
[    0.986626] NetLabel:  unlabeled traffic allowed by default
[    0.987592] SUN4V: Reboot data supported (maj=1,min=0).
[    0.987959] ds.c:v1.0 (Jul 11, 2007)
[    0.988303] ds-0: ds_conn_reset() from send_events.isra.0
[    0.989773] clocksource: Switched to clocksource stick
[    1.188435] *** VALIDATE bpf ***
[    1.189679] VFS: Disk quotas dquot_6.6.0
[    1.189837] VFS: Dquot-cache hash table entries: 1024 (order 0, 8192 bytes)
[    1.190055] *** VALIDATE ramfs ***
[    1.190107] *** VALIDATE hugetlbfs ***
[    1.191703] AppArmor: AppArmor Filesystem Enabled
[    1.203981] NET: Registered protocol family 2
[    1.205705] tcp_listen_portaddr_hash hash table entries: 32768 (order: 8, 2359296 bytes, linear)
[    1.208606] TCP established hash table entries: 524288 (order: 9, 4194304 bytes, linear)
[    1.210647] TCP bind hash table entries: 65536 (order: 9, 4194304 bytes, linear)
[    1.216157] TCP: Hash tables configured (established 524288 bind 65536)
[    1.218585] UDP hash table entries: 32768 (order: 9, 5242880 bytes, linear)
[    1.225220] UDP-Lite hash table entries: 32768 (order: 9, 5242880 bytes, linear)
[    1.233266] NET: Registered protocol family 1
[    1.233334] NET: Registered protocol family 44
[    1.233969] Trying to unpack rootfs image as initramfs...
[    1.428164] Freeing initrd memory: 14824K
[    1.429147] aes_sparc64: Using sparc64 aes opcodes optimized AES implementation
[    1.730527] des_sparc64: Using sparc64 des opcodes optimized DES implementation
[    2.259660] camellia_sparc64: Using sparc64 camellia opcodes optimized CAMELLIA implementation
[    2.468568] workingset: timestamp_bits=46 max_order=23 bucket_order=0
[    2.487111] zbud: loaded
[    2.489383] SGI XFS with ACLs, security attributes, quota, fatal assert, debug enabled
[    2.495396] *** VALIDATE xfs ***
[    2.510370] Block layer SCSI generic (bsg) driver version 0.4 loaded (major 252)
[    2.511292] io scheduler mq-deadline registered
[    2.514027] f029b788: ttyHV0 at I/O 0x0 (irq = 1, base_baud = 115200) is a SUN4V HCONS
[    2.514105] INFO: trying to register non-static key.
[    2.514112] the code is fine but needs lockdep annotation.
[    2.514118] turning off the locking correctness validator.
[    2.514126] CPU: 18 PID: 1 Comm: swapper/0 Not tainted 5.6.0-rc5-00131-g630db5cbc7b4 #53
[    2.514134] Call Trace:
[    2.514148]  [00000000004dbbd8] register_lock_class+0x278/0x720
[    2.514155]  [00000000004d8930] __lock_acquire+0x90/0x2520
[    2.514162]  [00000000004db74c] lock_acquire+0x1ac/0x1e0
[    2.514171]  [0000000000b86404] _raw_spin_lock_irqsave+0x44/0x60
[    2.514184]  [000000000097245c] uart_add_one_port+0x35c/0x500
[    2.514192]  [0000000000977ee4] hv_probe+0x144/0x200
[    2.514200]  [00000000009888f4] platform_drv_probe+0x34/0xa0
[    2.514207]  [0000000000986414] really_probe+0x214/0x460
[    2.514213]  [0000000000986b7c] driver_probe_device+0xfc/0x140
[    2.514220]  [0000000000986e5c] device_driver_attach+0x3c/0x60
[    2.514226]  [0000000000986fc8] __driver_attach+0x148/0x160
[    2.514233]  [0000000000984b04] bus_for_each_dev+0x44/0xa0
[    2.514240]  [0000000000986ffc] driver_attach+0x1c/0x40
[    2.514246]  [0000000000985184] bus_add_driver+0x124/0x220
[    2.514252]  [00000000009877a4] driver_register+0xc4/0x120
[    2.514258]  [0000000000988860] __platform_driver_register+0x40/0x60
[    2.514811] printk: console [ttyHV0] enabled
[    2.516516] sunvdc.c:v1.2 (November 24, 2014)
[    2.517966] sunvdc: Virtual Hard disk vdiskc
[    2.517987] sunvdc: vdiskc: 104857600 sectors (51200 MB) protocol 1.2
[    2.528494] sunvdc: Virtual Hard disk vdiskb
[    2.528526] sunvdc: vdiskb: 62914560 sectors (30720 MB) protocol 1.2
[    2.529497]  vdiskb: vdiskb1
[    2.538988] sunvdc: Virtual Hard disk vdiska
[    2.539017] sunvdc: vdiska: 31457280 sectors (15360 MB) protocol 1.2
[    2.539986]  vdiska: vdiska1 vdiska2 vdiska3 vdiska4
[    2.549987] sunvdc: Virtual CDROM vdiskd
[    2.550020] sunvdc: vdiskd: 453848 sectors (221 MB) protocol 1.2
[    2.550963]  vdiskd: vdiskd1 vdiskd2 vdiskd3 vdiskd4 vdiskd5 vdiskd6 vdiskd7
[    2.560104] sunvnet: sunvnet 2.0 (February 3, 2017)
[    2.561094] vnet_port vnet-port-0-0 eth0: Sun LDOM vnet 00:14:4f:f8:12:a3
[    2.561215] sunvnet: eth0: PORT ( remote-mac 00:14:4f:fa:f3:f0 switch-port )
[    2.561425] sunvnet: eth0: PORT ( remote-mac 00:14:4f:f8:e5:f3 )
[    2.561620] sunvnet: eth0: PORT ( remote-mac 00:14:4f:f9:b4:97 )
[    2.561812] sunvnet: eth0: PORT ( remote-mac 00:14:4f:f8:3f:1e )
[    2.562009] sunvnet: eth0: PORT ( remote-mac 00:14:4f:f8:fe:47 )
[    2.562198] sunvnet: eth0: PORT ( remote-mac 00:14:4f:f9:8b:83 )
[    2.562949] rtc-sun4v rtc-sun4v: registered as rtc0
[    2.563182] sun4v_wdt: initialized (timeout=60s, nowayout=0)
[    2.563306] device-mapper: uevent: version 1.0.3
[    2.563645] device-mapper: ioctl: 4.42.0-ioctl (2020-02-27) initialised: dm-devel@redhat.com
[    2.564177] NET: Registered protocol family 17
[    2.564505] registered taskstats version 1
[    2.564909] zswap: loaded using pool lzo/zbud
[    2.846207] Key type big_key registered
[    2.846245] AppArmor: AppArmor sha1 policy hashing enabled
[    2.846659] rtc-sun4v rtc-sun4v: setting system clock to 2020-04-02T10:38:33 UTC (1585823913)
[    2.849072] This architecture does not have kernel memory protection.
[    2.849105] Run /init as init process
[    2.849124]   with arguments:
[    2.849139]     /init
[    2.849153]   with environment:
[    2.849168]     HOME=/
[    2.849182]     TERM=linux
[    2.849196]     BOOT_IMAGE=/vmlinux-5.6.0-rc5-00131-g630db5cbc7b4
[    3.136609] crc32c_sparc64: Using sparc64 crc32c opcode optimized CRC32C implementation
[    3.749739] raid6: int64x8  gen()  2129 MB/s
[    3.919739] raid6: int64x8  xor()  1501 MB/s
[    4.089719] raid6: int64x4  gen()  3387 MB/s
[    4.259735] raid6: int64x4  xor()  1480 MB/s
[    4.429737] raid6: int64x2  gen()  2773 MB/s
[    4.599763] raid6: int64x2  xor()  1163 MB/s
[    4.769734] raid6: int64x1  gen()  1360 MB/s
[    4.939748] raid6: int64x1  xor()   668 MB/s
[    4.939779] raid6: using algorithm int64x4 gen() 3387 MB/s
[    4.939800] raid6: .... xor() 1480 MB/s, rmw enabled
[    4.939820] raid6: using intx1 recovery algorithm
[    4.940435] async_tx: api initialized (async)
[    4.940751] xor: automatically using best checksumming function   Niagara   
[    5.002996] process '/usr/bin/fstype' started with executable stack
[    5.015788] random: fast init done
[    5.074651] EXT4-fs (vdiska2): mounted filesystem with ordered data mode. Opts: (null)
[    5.203207] systemd[1]: Inserted module 'autofs4'
[    5.211933] NET: Registered protocol family 10
[    5.215707] Segment Routing with IPv6
[    5.230292] systemd[1]: systemd 245.2-1 running in system mode. (+PAM +AUDIT +SELINUX +IMA +APPARMOR +SMACK +SYSVINIT +UTMP +LIBCRYPTSETUP +GCRYPT +GNUTLS +ACL +XZ +LZ4 -SECCOMP +BLKID +ELFUTILS +KMOD +IDN2 -IDN +PCRE2 default-hierarchy=hybrid)
[    5.230774] systemd[1]: Detected architecture sparc64.
[    5.392670] systemd[1]: Set hostname to <ttip>.
[    5.466830] random: lvmconfig: uninitialized urandom read (4 bytes read)
[    5.637749] systemd[1]: /lib/systemd/system/dbus.socket:5: ListenStream= references a path below legacy directory /var/run/, updating /var/run/dbus/system_bus_socket â†’ /run/dbus/system_bus_socket; please update the unit file accordingly.
[    5.696570] random: systemd: uninitialized urandom read (16 bytes read)
[    5.703504] systemd[1]: Created slice system-getty.slice.
[    5.703953] random: systemd: uninitialized urandom read (16 bytes read)
[    5.706447] systemd[1]: Created slice system-modprobe.slice.
[    5.709168] systemd[1]: Created slice system-openvpn\x2dclient.slice.
[    5.712430] systemd[1]: Created slice system-postfix.slice.
[    5.715314] systemd[1]: Created slice system-systemd\x2dfsck.slice.
[    5.718018] systemd[1]: Created slice User and Session Slice.
[    5.718586] systemd[1]: Started Dispatch Password Requests to Console Directory Watch.
[    5.719076] systemd[1]: Started Forward Password Requests to Wall Directory Watch.
[    5.720477] systemd[1]: Set up automount Arbitrary Executable File Formats File System Automount Point.
[    5.720845] systemd[1]: Reached target Local Encrypted Volumes.
[    5.721160] systemd[1]: Reached target Paths.
[    5.721435] systemd[1]: Reached target Remote File Systems.
[    5.721714] systemd[1]: Reached target Slices.
[    5.722262] systemd[1]: Listening on Device-mapper event daemon FIFOs.
[    5.722953] systemd[1]: Listening on LVM2 poll daemon socket.
[    5.724218] systemd[1]: Listening on Syslog Socket.
[    5.724820] systemd[1]: Listening on fsck to fsckd communication Socket.
[    5.725294] systemd[1]: Listening on initctl Compatibility Named Pipe.
[    5.726095] systemd[1]: Listening on Journal Audit Socket.
[    5.726680] systemd[1]: Listening on Journal Socket (/dev/log).
[    5.727378] systemd[1]: Listening on Journal Socket.
[    5.728050] systemd[1]: Listening on udev Control Socket.
[    5.728545] systemd[1]: Listening on udev Kernel Socket.
[    5.734285] systemd[1]: Mounting Huge Pages File System...
[    5.740130] systemd[1]: Mounting POSIX Message Queue File System...
[    5.745874] systemd[1]: Mounting Kernel Debug File System...
[    5.752962] systemd[1]: Mounting Kernel Trace File System...
[    5.758800] systemd[1]: Starting Availability of block devices...
[    5.764420] systemd[1]: Starting Wait for network to be configured by ifupdown...
[    5.770191] systemd[1]: Starting Create list of static device nodes for the current kernel...
[    5.775455] systemd[1]: Starting Monitoring of LVM2 mirrors, snapshots etc. using dmeventd or progress polling...
[    5.780969] systemd[1]: Starting Load Kernel Module drm...
[    5.786531] systemd[1]: Starting nftables...
[    5.788306] systemd[1]: Condition check resulted in Set Up Additional Binary Formats being skipped.
[    5.788466] systemd[1]: Condition check resulted in File System Check on Root Device being skipped.
[    5.796269] systemd[1]: Starting Journal Service...
[    5.803576] systemd[1]: Starting Load Kernel Modules...
[    5.810507] systemd[1]: Starting Remount Root and Kernel File Systems...
[    5.816356] systemd[1]: Starting udev Coldplug all Devices...
[    5.822848] systemd[1]: Mounted Huge Pages File System.
[    5.823981] systemd[1]: Mounted POSIX Message Queue File System.
[    5.824925] systemd[1]: Mounted Kernel Debug File System.
[    5.825955] systemd[1]: Mounted Kernel Trace File System.
[    5.829492] systemd[1]: Finished Availability of block devices.
[    5.834208] systemd[1]: Finished Wait for network to be configured by ifupdown.
[    5.839162] systemd[1]: Finished Create list of static device nodes for the current kernel.
[    5.844286] EXT4-fs (vdiska2): re-mounted. Opts: errors=remount-ro
[    5.844395] systemd[1]: modprobe@drm.service: Succeeded.
[    5.847229] systemd[1]: Finished Load Kernel Module drm.
[    5.853652] systemd[1]: Finished Load Kernel Modules.
[    5.855063] systemd[1]: Condition check resulted in FUSE Control File System being skipped.
[    5.855378] systemd[1]: Condition check resulted in Kernel Configuration File System being skipped.
[    5.861446] systemd[1]: Starting Apply Kernel Variables...
[    5.862625] systemd[1]: Started Journal Service.
[    5.910845] systemd-journald[548]: Received client request to flush runtime journal.
[    6.124129] sha1_sparc64: Using sparc64 sha1 opcode optimized SHA-1 implementation
[    6.126607] n2rng v0.3 (Jan 7, 2017)
[    6.126671] n2rng f029b104: Registered RNG HVAPI major 2 minor 0
[    6.126715] n2rng f029b104: Found multi-unit-capable RNG, units: 2
[    6.127180] n2rng f029b104: RNG ready
[    6.145615] pktcdvd: setup of pktcdvd device failed
[    6.183208] pktcdvd: setup of pktcdvd device failed
[    6.186860] pktcdvd: setup of pktcdvd device failed
[    6.189871] pktcdvd: setup of pktcdvd device failed
[    6.193032] pktcdvd: setup of pktcdvd device failed
[    6.196214] pktcdvd: setup of pktcdvd device failed
[    6.199195] pktcdvd: setup of pktcdvd device failed
[    6.202524] pktcdvd: setup of pktcdvd device failed
[    6.311285] sha256_sparc64: Using sparc64 sha256 opcode optimized SHA-256/SHA-224 implementation
[    6.379961] Adding 787176k swap on /dev/vdiska4.  Priority:-2 extents:1 across:787176k FS
[    6.422741] XFS (dm-0): Mounting V5 Filesystem
[    6.424725] EXT4-fs (vdiska1): mounting ext3 file system using the ext4 subsystem
[    6.436901] EXT4-fs (vdiska1): mounted filesystem with ordered data mode. Opts: (null)
[    6.437032] ext3 filesystem being mounted at /boot supports timestamps until 2038 (0x7fffffff)
[    6.443753] XFS (dm-0): Ending clean mount
[    6.444320] sha512_sparc64: Using sparc64 sha512 opcode optimized SHA-512/SHA-384 implementation
[    6.445360] md5_sparc64: Using sparc64 md5 opcode optimized MD5 implementation
[    6.445485] xfs filesystem being mounted at /1 supports timestamps until 2038 (0x7fffffff)
[    6.517065] Kernel unaligned access at TPC[892178] aa_dfa_unpack+0x38/0x5a0
[    6.517116] Kernel unaligned access at TPC[892198] aa_dfa_unpack+0x58/0x5a0
[    6.517151] Kernel unaligned access at TPC[892254] aa_dfa_unpack+0x114/0x5a0
[    6.517186] Kernel unaligned access at TPC[892334] aa_dfa_unpack+0x1f4/0x5a0
[    6.517221] Kernel unaligned access at TPC[892348] aa_dfa_unpack+0x208/0x5a0
[    6.520040] audit: type=1400 audit(1585823917.170:2): apparmor="STATUS" operation="profile_load" profile="unconfined" name="/usr/sbin/haveged" pid=716 comm="apparmor_parser"
[    6.520718] audit: type=1400 audit(1585823917.170:3): apparmor="STATUS" operation="profile_load" profile="unconfined" name="lsb_release" pid=723 comm="apparmor_parser"
[    6.524518] audit: type=1400 audit(1585823917.170:4): apparmor="STATUS" operation="profile_load" profile="unconfined" name="/usr/sbin/named" pid=722 comm="apparmor_parser"
[    6.526109] audit: type=1400 audit(1585823917.170:5): apparmor="STATUS" operation="profile_load" profile="unconfined" name="nvidia_modprobe" pid=717 comm="apparmor_parser"
[    6.526183] audit: type=1400 audit(1585823917.170:6): apparmor="STATUS" operation="profile_load" profile="unconfined" name="nvidia_modprobe//kmod" pid=717 comm="apparmor_parser"
[    6.528461] audit: type=1400 audit(1585823917.170:7): apparmor="STATUS" operation="profile_load" profile="unconfined" name="/usr/sbin/tcpdump" pid=721 comm="apparmor_parser"
[    6.538829] audit: type=1400 audit(1585823917.180:8): apparmor="STATUS" operation="profile_load" profile="unconfined" name="/usr/bin/man" pid=719 comm="apparmor_parser"
[    6.538910] audit: type=1400 audit(1585823917.180:9): apparmor="STATUS" operation="profile_load" profile="unconfined" name="man_filter" pid=719 comm="apparmor_parser"
[    6.538979] audit: type=1400 audit(1585823917.180:10): apparmor="STATUS" operation="profile_load" profile="unconfined" name="man_groff" pid=719 comm="apparmor_parser"
[    6.863365] random: crng init done
[    6.863402] random: 7 urandom warning(s) missed due to ratelimiting
