[    0.000018] PROMLIB: Sun IEEE Boot Prom 'OBP 4.38.12 2018/03/28 14:54'
[    0.000031] PROMLIB: Root node compatible: sun4v
[    0.000078] Linux version 5.2.0-rc1-00165-g54dee406374c (mator@ttip) (gcc version 9.3.0 (Debian 9.3.0-11)) #103 SMP Tue Apr 28 19:30:53 MSK 2020
[    0.000384] printk: bootconsole [earlyprom0] enabled
[    0.000437] ARCH: SUN4V
[    0.000487] Ethernet address: 00:14:4f:fa:06:f2
[    0.000539] MM: PAGE_OFFSET is 0xfff8000000000000 (max_phys_bits == 47)
[    0.000603] MM: VMALLOC [0x0000000100000000 --> 0x0006000000000000]
[    0.000665] MM: VMEMMAP [0x0006000000000000 --> 0x000c000000000000]
[    0.012438] Kernel: Using 5 locked TLB entries for main kernel image.
[    0.012509] Remapping the kernel... 
[    0.012535] done.
[    0.045459] OF stdout device is: /virtual-devices@100/console@1
[    0.045524] PROM: Built device tree with 86230 bytes of memory.
[    0.045584] MDESC: Size is 36512 bytes.
[    0.045697] PLATFORM: banner-name [SPARC T5-2]
[    0.045749] PLATFORM: name [ORCL,SPARC-T5-2]
[    0.045794] PLATFORM: hostid [84fa06f2]
[    0.045837] PLATFORM: serial# [0035260e]
[    0.045879] PLATFORM: stick-frequency [3b9aca00]
[    0.045928] PLATFORM: mac-address [144ffa06f2]
[    0.045974] PLATFORM: watchdog-resolution [1000 ms]
[    0.046024] PLATFORM: watchdog-max-timeout [31536000000 ms]
[    0.046078] PLATFORM: max-cpus [1024]
[    0.046172] Top of RAM: 0x24af938000, Total RAM: 0x87f354000
[    0.046236] Memory hole size: 115461MB
[    0.050817] Allocated 40960 bytes for kernel page tables.
[    0.050904] Zone ranges:
[    0.050944]   Normal   [mem 0x0000000030400000-0x00000024af937fff]
[    0.051006] Movable zone start for each node
[    0.051050] Early memory node ranges
[    0.051091]   node   0: [mem 0x0000000030400000-0x000000006fe7ffff]
[    0.051150]   node   0: [mem 0x000000006ff00000-0x000000006ff25fff]
[    0.051210]   node   0: [mem 0x0000000070000000-0x000000042fffffff]
[    0.051272]   node   0: [mem 0x0000002030000000-0x00000024af87ffff]
[    0.051333]   node   0: [mem 0x00000024af900000-0x00000024af925fff]
[    0.051391]   node   0: [mem 0x00000024af930000-0x00000024af937fff]
[    0.058745] Zeroed struct page in unavailable ranges: 230130 pages
[    0.058753] Initmem setup node 0 [mem 0x0000000030400000-0x00000024af937fff]
[    0.058913] On node 0 totalpages: 4454826
[    0.058922]   Normal zone: 39154 pages used for memmap
[    0.058927]   Normal zone: 0 pages reserved
[    0.058933]   Normal zone: 4454826 pages, LIFO batch:31
[    0.066564] Booting Linux...
[    0.066648] CPU CAPS: [flush,stbar,swap,muldiv,v9,blkinit,n2,mul32]
[    0.066729] CPU CAPS: [div32,v8plus,popc,vis,vis2,ASIBlkInit,fmaf,vis3]
[    0.066807] CPU CAPS: [hpc,ima,pause,cbcond,aes,des,kasumi,camellia]
[    0.066878] CPU CAPS: [md5,sha1,sha256,sha512,mpmul,montmul,montsqr,crc32c]
[    0.096410] percpu: Embedded 27 pages/cpu s179080 r8192 d33912 u262144
[    0.096622] pcpu-alloc: s179080 r8192 d33912 u262144 alloc=1*4194304
[    0.096629] pcpu-alloc: [0] 000 001 002 003 004 005 006 007 008 009 010 011 012 013 014 015 
[    0.096655] pcpu-alloc: [0] 016 017 018 019 020 021 022 023 024 025 026 027 028 029 030 031 
[    0.096681] pcpu-alloc: [0] 032 033 034 035 036 037 038 039 040 041 042 043 044 045 046 047 
[    0.096707] pcpu-alloc: [0] 048 049 050 051 052 053 054 055 056 057 058 059 060 061 062 063 
[    0.096732] pcpu-alloc: [0] 064 065 066 067 068 069 070 071 072 073 074 075 076 077 078 079 
[    0.096758] pcpu-alloc: [0] 080 081 082 083 084 085 086 087 088 089 090 091 092 093 094 095 
[    0.096783] pcpu-alloc: [0] 096 097 098 099 100 101 102 103 104 105 106 107 108 109 110 111 
[    0.096809] pcpu-alloc: [0] 112 113 114 115 116 117 118 119 120 121 122 123 124 125 126 127 
[    0.097239] SUN4V: Mondo queue sizes [cpu(131072) dev(16384) r(8192) nr(256)]
[    0.097611] Built 1 zonelists, mobility grouping on.  Total pages: 4415672
[    0.097698] Kernel command line: BOOT_IMAGE=/vmlinux-5.2.0-rc1-00165-g54dee406374c root=/dev/vdiska2 ro zswap.enabled=1
[    0.099898] printk: log_buf_len individual max cpu contribution: 4096 bytes
[    0.099968] printk: log_buf_len total cpu_extra contributions: 520192 bytes
[    0.100035] printk: log_buf_len min size: 131072 bytes
[    0.100306] printk: log_buf_len: 1048576 bytes
[    0.100357] printk: early log buf free: 126648(96%)
[    0.106670] Dentry cache hash table entries: 8388608 (order: 13, 67108864 bytes)
[    0.109900] Inode-cache hash table entries: 4194304 (order: 12, 33554432 bytes)
[    0.109970] Sorting __ex_table...
[    0.175937] Memory: 1305232K/35638608K available (7220K kernel code, 956K rwdata, 2128K rodata, 688K init, 6666K bss, 508096K reserved, 0K cma-reserved)
[    0.176621] SLUB: HWalign=32, Order=0-3, MinObjects=0, CPUs=128, Nodes=1
[    0.176915] ftrace: allocating 20935 entries in 41 pages
[    0.187612] Running RCU self tests
[    0.187657] rcu: Hierarchical RCU implementation.
[    0.187705] rcu: 	RCU event tracing is enabled.
[    0.187754] rcu: 	RCU lockdep checking is enabled.
[    0.187803] 	Tasks RCU enabled.
[    0.187841] rcu: RCU calculated value of scheduler-enlistment delay is 10 jiffies.
[    0.191967] NR_IRQS: 2048, nr_irqs: 2048, preallocated irqs: 1
[    0.192044] SUN4V: Using IRQ API major 3, cookie only virqs enabled
[    0.194465] clocksource: stick: mask: 0xffffffffffffffff max_cycles: 0x1cd42e4dffb, max_idle_ns: 881590591483 ns
[    0.194594] clocksource: mult[800000] shift[23]
[    0.194642] clockevent: mult[80000000] shift[31]
[    0.195173] Console: colour dummy device 80x25
[    0.195235] printk: console [tty0] enabled
[    0.195309] printk: bootconsole [earlyprom0] disabled
[    0.195392] Lock dependency validator: Copyright (c) 2006 Red Hat, Inc., Ingo Molnar
[    0.195439] ... MAX_LOCKDEP_SUBCLASSES:  8
[    0.195468] ... MAX_LOCK_DEPTH:          48
[    0.195497] ... MAX_LOCKDEP_KEYS:        8191
[    0.195526] ... CLASSHASH_SIZE:          4096
[    0.195556] ... MAX_LOCKDEP_ENTRIES:     16384
[    0.195587] ... MAX_LOCKDEP_CHAINS:      32768
[    0.195617] ... CHAINHASH_SIZE:          16384
[    0.195647]  memory used by lock dependency info: 3853 kB
[    0.195682]  per task-struct memory footprint: 1920 bytes
[    0.344858] Calibrating delay using timer specific routine.. 2003.70 BogoMIPS (lpj=10018525)
[    0.344912] pid_max: default: 131072 minimum: 1024
[    0.345165] LSM: Security Framework initializing
[    0.345396] AppArmor: AppArmor initialized
[    0.345666] Mount-cache hash table entries: 131072 (order: 7, 1048576 bytes)
[    0.345825] Mountpoint-cache hash table entries: 131072 (order: 7, 1048576 bytes)
[    0.346614] *** VALIDATE proc ***
[    0.347041] *** VALIDATE cgroup1 ***
[    0.347071] *** VALIDATE cgroup2 ***
[    0.349037] rcu: Hierarchical SRCU implementation.
[    0.356445] smp: Bringing up secondary CPUs ...
[    0.397710] smp: Brought up 1 node, 32 CPUs
[    0.588120] node 0 initialised, 4228160 pages in 190ms
[    0.589582] devtmpfs: initialized
[    0.594046] Performance events: 
[    0.594088] Testing NMI watchdog ... 
[    0.794156] OK.
[    0.794239] Supported PMU type is 'niagara5'
[    0.794418] random: get_random_u32 called from bucket_table_alloc.isra.0+0x188/0x1c0 with crng_init=0
[    0.794989] ldc.c:v1.1 (July 22, 2008)
[    0.797303] clocksource: jiffies: mask: 0xffffffff max_cycles: 0xffffffff, max_idle_ns: 19112604462750000 ns
[    0.797391] futex hash table entries: 32768 (order: 9, 4194304 bytes)
[    0.802341] NET: Registered protocol family 16
[    0.809868] VIO: Adding device channel-devices (tx_ino = ffffffffffffffff, rx_ino = ffffffffffffffff)
[    0.810062] VIO: Adding device vnet-port-0-0 (tx_ino = 0, rx_ino = 1)
[    0.810253] VIO: Adding device vnet-port-0-1 (tx_ino = 2, rx_ino = 3)
[    0.810412] VIO: Adding device vnet-port-0-2 (tx_ino = 4, rx_ino = 5)
[    0.810569] VIO: Adding device vnet-port-0-3 (tx_ino = 6, rx_ino = 7)
[    0.810730] VIO: Adding device vnet-port-0-4 (tx_ino = 8, rx_ino = 9)
[    0.810886] VIO: Adding device vnet-port-0-5 (tx_ino = a, rx_ino = b)
[    0.811042] VIO: Adding device vdc-port-2-0 (tx_ino = c, rx_ino = d)
[    0.811201] VIO: Adding device vdc-port-1-0 (tx_ino = e, rx_ino = f)
[    0.811358] VIO: Adding device vdc-port-0-0 (tx_ino = 10, rx_ino = 11)
[    0.811513] VIO: Adding device vdc-port-3-0 (tx_ino = 12, rx_ino = 13)
[    0.811674] VIO: Adding device vlds-port-0-0 (tx_ino = 14, rx_ino = 15)
[    0.811832] VIO: Adding device domain-services-port-0 (tx_ino = 14, rx_ino = 15)
[    0.812102] audit: initializing netlink subsys (disabled)
[    0.812343] audit: type=2000 audit(0.410:1): state=initialized audit_enabled=0 res=1
[    0.835302] HugeTLB registered 64.0 KiB page size, pre-allocated 0 pages
[    0.835348] HugeTLB registered 8.00 MiB page size, pre-allocated 0 pages
[    0.835392] HugeTLB registered 256 MiB page size, pre-allocated 0 pages
[    0.835435] HugeTLB registered 2.00 GiB page size, pre-allocated 0 pages
[    0.837617] alg: extra crypto tests enabled.  This is intended for developer use only.
[    0.855852] cryptd: max_cpu_qlen set to 1000
[    0.883433] alg: No test for lzo-rle (lzo-rle-generic)
[    0.883851] alg: No test for lzo-rle (lzo-rle-scomp)
[    0.926832] NetLabel: Initializing
[    0.926861] NetLabel:  domain hash size = 128
[    0.926892] NetLabel:  protocols = UNLABELED CIPSOv4 CALIPSO
[    0.927020] NetLabel:  unlabeled traffic allowed by default
[    0.927942] SUN4V: Reboot data supported (maj=1,min=0).
[    0.928304] ds.c:v1.0 (Jul 11, 2007)
[    0.928629] ds-0: ds_conn_reset() from send_events.isra.0
[    0.930052] clocksource: Switched to clocksource stick
[    1.119378] VFS: Disk quotas dquot_6.6.0
[    1.119507] VFS: Dquot-cache hash table entries: 1024 (order 0, 8192 bytes)
[    1.119730] *** VALIDATE hugetlbfs ***
[    1.121350] AppArmor: AppArmor Filesystem Enabled
[    1.133781] NET: Registered protocol family 2
[    1.135559] tcp_listen_portaddr_hash hash table entries: 32768 (order: 8, 2359296 bytes)
[    1.138451] TCP established hash table entries: 524288 (order: 9, 4194304 bytes)
[    1.140488] TCP bind hash table entries: 65536 (order: 9, 4194304 bytes)
[    1.146022] TCP: Hash tables configured (established 524288 bind 65536)
[    1.148389] UDP hash table entries: 32768 (order: 9, 5242880 bytes)
[    1.154671] UDP-Lite hash table entries: 32768 (order: 9, 5242880 bytes)
[    1.162561] NET: Registered protocol family 1
[    1.162619] NET: Registered protocol family 44
[    1.163110] Trying to unpack rootfs image as initramfs...
[    1.354433] Freeing initrd memory: 14688K
[    1.355271] aes_sparc64: Using sparc64 aes opcodes optimized AES implementation
[    1.619909] des_sparc64: Using sparc64 des opcodes optimized DES implementation
[    2.098740] camellia_sparc64: Using sparc64 camellia opcodes optimized CAMELLIA implementation
[    2.269857] workingset: timestamp_bits=46 max_order=23 bucket_order=0
[    2.287490] zbud: loaded
[    2.289608] SGI XFS with ACLs, security attributes, debug enabled
[    2.296605] Block layer SCSI generic (bsg) driver version 0.4 loaded (major 252)
[    2.297356] io scheduler mq-deadline registered
[    2.299890] f029b788: ttyS0 at I/O 0x0 (irq = 1, base_baud = 115200) is a SUN4V HCONS
[    2.306203] printk: console [ttyHV0] enabled
[    2.308629] sunvdc.c:v1.2 (November 24, 2014)
[    2.310279] sunvdc: Virtual Hard disk vdiskc
[    2.310317] sunvdc: vdiskc: 104857600 sectors (51200 MB) protocol 1.2
[    2.329385] sunvdc: Virtual Hard disk vdiskb
[    2.329425] sunvdc: vdiskb: 62914560 sectors (30720 MB) protocol 1.2
[    2.330043]  vdiskb: vdiskb1
[    2.348630] sunvdc: Virtual Hard disk vdiska
[    2.348669] sunvdc: vdiska: 31457280 sectors (15360 MB) protocol 1.2
[    2.349289]  vdiska: vdiska1 vdiska2 vdiska3 vdiska4
[    2.367928] sunvdc: Virtual CDROM vdiskd
[    2.367973] sunvdc: vdiskd: 453848 sectors (221 MB) protocol 1.2
[    2.368640]  vdiskd: vdiskd1 vdiskd2 vdiskd3 vdiskd4 vdiskd5 vdiskd6 vdiskd7
[    2.386590] sunvnet: sunvnet 2.0 (February 3, 2017)
[    2.388577] vnet_port vnet-port-0-0 eth0: Sun LDOM vnet 00:14:4f:f8:12:a3
[    2.388792] sunvnet: eth0: PORT ( remote-mac 00:14:4f:fa:f3:f0 switch-port )
[    2.389143] sunvnet: eth0: PORT ( remote-mac 00:14:4f:f8:e5:f3 )
[    2.389471] sunvnet: eth0: PORT ( remote-mac 00:14:4f:f9:b4:97 )
[    2.389820] sunvnet: eth0: PORT ( remote-mac 00:14:4f:f8:3f:1e )
[    2.390169] sunvnet: eth0: PORT ( remote-mac 00:14:4f:f8:fe:47 )
[    2.390517] sunvnet: eth0: PORT ( remote-mac 00:14:4f:f9:8b:83 )
[    2.391678] rtc-sun4v rtc-sun4v: registered as rtc0
[    2.392212] sun4v_wdt: initialized (timeout=60s, nowayout=0)
[    2.392466] device-mapper: uevent: version 1.0.3
[    2.393168] device-mapper: ioctl: 4.40.0-ioctl (2019-01-18) initialised: dm-devel@redhat.com
[    2.394030] NET: Registered protocol family 17
[    2.395083] registered taskstats version 1
[    2.395851] zswap: loaded using pool lzo/zbud
[    2.568356] Key type big_key registered
[    2.568417] AppArmor: AppArmor sha1 policy hashing enabled
[    2.569151] rtc-sun4v rtc-sun4v: setting system clock to 2020-04-28T16:36:09 UTC (1588091769)
[    2.573034] This architecture does not have kernel memory protection.
[    2.573080] Run /init as init process
[    3.056974] random: fast init done
[    3.065515] crc32c_sparc64: Using sparc64 crc32c opcode optimized CRC32C implementation
[    3.610040] raid6: int64x8  gen()  2173 MB/s
[    3.780010] raid6: int64x8  xor()  1569 MB/s
[    3.950015] raid6: int64x4  gen()  3446 MB/s
[    4.120032] raid6: int64x4  xor()  2007 MB/s
[    4.290013] raid6: int64x2  gen()  2868 MB/s
[    4.460037] raid6: int64x2  xor()  1995 MB/s
[    4.630041] raid6: int64x1  gen()  2821 MB/s
[    4.800029] raid6: int64x1  xor()  1651 MB/s
[    4.800072] raid6: using algorithm int64x4 gen() 3446 MB/s
[    4.800118] raid6: .... xor() 2007 MB/s, rmw enabled
[    4.800154] raid6: using intx1 recovery algorithm
[    4.800955] async_tx: api initialized (async)
[    4.801432] xor: automatically using best checksumming function   Niagara   
[    5.055022] EXT4-fs (vdiska2): mounted filesystem with ordered data mode. Opts: (null)
[    5.272842] systemd[1]: Inserted module 'autofs4'
[    5.281973] NET: Registered protocol family 10
[    5.286690] Segment Routing with IPv6
[    5.303501] systemd[1]: systemd 245.5-2 running in system mode. (+PAM +AUDIT +SELINUX +IMA +APPARMOR +SMACK +SYSVINIT +UTMP +LIBCRYPTSETUP +GCRYPT +GNUTLS +ACL +XZ +LZ4 -SECCOMP +BLKID +ELFUTILS +KMOD +IDN2 -IDN +PCRE2 default-hierarchy=hybrid)
[    5.304106] systemd[1]: Detected architecture sparc64.
[    5.312173] systemd[1]: Set hostname to <ttip>.
[    5.413955] random: lvmconfig: uninitialized urandom read (4 bytes read)
[    5.655409] systemd[1]: /lib/systemd/system/dbus.socket:5: ListenStream= references a path below legacy directory /var/run/, updating /var/run/dbus/system_bus_socket â†’ /run/dbus/system_bus_socket; please update the unit file accordingly.
[    5.718339] random: systemd: uninitialized urandom read (16 bytes read)
[    5.725401] systemd[1]: Created slice system-getty.slice.
[    5.726085] random: systemd: uninitialized urandom read (16 bytes read)
[    5.728547] systemd[1]: Created slice system-modprobe.slice.
[    5.731954] systemd[1]: Created slice system-openvpn\x2dclient.slice.
[    5.736507] systemd[1]: Created slice system-postfix.slice.
[    5.739881] systemd[1]: Created slice system-systemd\x2dfsck.slice.
[    5.743656] systemd[1]: Created slice User and Session Slice.
[    5.744532] systemd[1]: Started Dispatch Password Requests to Console Directory Watch.
[    5.745336] systemd[1]: Started Forward Password Requests to Wall Directory Watch.
[    5.747409] systemd[1]: Set up automount Arbitrary Executable File Formats File System Automount Point.
[    5.747955] systemd[1]: Reached target Local Encrypted Volumes.
[    5.748432] systemd[1]: Reached target Paths.
[    5.748866] systemd[1]: Reached target Remote File Systems.
[    5.749304] systemd[1]: Reached target Slices.
[    5.750240] systemd[1]: Listening on Device-mapper event daemon FIFOs.
[    5.751266] systemd[1]: Listening on LVM2 poll daemon socket.
[    5.753339] systemd[1]: Listening on Syslog Socket.
[    5.754302] systemd[1]: Listening on fsck to fsckd communication Socket.
[    5.755057] systemd[1]: Listening on initctl Compatibility Named Pipe.
[    5.756255] systemd[1]: Listening on Journal Audit Socket.
[    5.757226] systemd[1]: Listening on Journal Socket (/dev/log).
[    5.758368] systemd[1]: Listening on Journal Socket.
[    5.759428] systemd[1]: Listening on udev Control Socket.
[    5.760814] systemd[1]: Listening on udev Kernel Socket.
[    5.769097] systemd[1]: Mounting Huge Pages File System...
[    5.778589] systemd[1]: Mounting POSIX Message Queue File System...
[    5.788109] systemd[1]: Mounting Kernel Debug File System...
[    5.798374] systemd[1]: Mounting Kernel Trace File System...
[    5.807027] systemd[1]: Starting Availability of block devices...
[    5.815383] systemd[1]: Starting Wait for network to be configured by ifupdown...
[    5.824515] systemd[1]: Starting Create list of static device nodes for the current kernel...
[    5.833150] systemd[1]: Starting Monitoring of LVM2 mirrors, snapshots etc. using dmeventd or progress polling...
[    5.842407] systemd[1]: Starting Load Kernel Module drm...
[    5.850852] systemd[1]: Starting nftables...
[    5.852373] systemd[1]: Condition check resulted in Set Up Additional Binary Formats being skipped.
[    5.852581] systemd[1]: Condition check resulted in File System Check on Root Device being skipped.
[    5.863469] systemd[1]: Starting Journal Service...
[    5.873321] systemd[1]: Starting Load Kernel Modules...
[    5.883382] systemd[1]: Starting Remount Root and Kernel File Systems...
[    5.895440] systemd[1]: Starting udev Coldplug all Devices...
[    5.909582] systemd[1]: Mounted Huge Pages File System.
[    5.912111] systemd[1]: Mounted POSIX Message Queue File System.
[    5.914487] systemd[1]: Mounted Kernel Debug File System.
[    5.916836] systemd[1]: Mounted Kernel Trace File System.
[    5.928353] systemd[1]: Finished Availability of block devices.
[    5.938109] systemd[1]: Finished Wait for network to be configured by ifupdown.
[    5.942553] EXT4-fs (vdiska2): re-mounted. Opts: errors=remount-ro
[    5.961639] systemd[1]: Finished Create list of static device nodes for the current kernel.
[    5.964908] systemd[1]: modprobe@drm.service: Succeeded.
[    5.971454] systemd[1]: Finished Load Kernel Module drm.
[    5.972594] systemd[1]: Started Journal Service.
[    6.057646] systemd-journald[544]: Received client request to flush runtime journal.
[    6.429565] sha1_sparc64: Using sparc64 sha1 opcode optimized SHA-1 implementation
[    6.432144] n2rng v0.3 (Jan 7, 2017)
[    6.432250] n2rng f029b104: Registered RNG HVAPI major 2 minor 0
[    6.432362] n2rng f029b104: Found multi-unit-capable RNG, units: 2
[    6.433575] n2rng f029b104: RNG ready
[    6.481852] ------------[ cut here ]------------
[    6.481928] WARNING: CPU: 31 PID: 623 at drivers/block/pktcdvd.c:2597 pkt_setup_dev+0x2e4/0x5a0 [pktcdvd]
[    6.481991] Attempt to register a non-SCSI queue
[    6.482027] Modules linked in: pktcdvd sha256_sparc64(+) cdrom n2_rng rng_core sha1_sparc64 flash nf_tables nfnetlink ip_tables x_tables ipv6 crc_ccitt autofs4 ext4 crc16 mbcache jbd2 raid10 raid456 async_raid6_recov async_memcpy async_pq async_xor xor async_tx raid6_pq raid1 raid0 multipath linear md_mod crc32c_sparc64
[    6.482254] CPU: 31 PID: 623 Comm: pktsetup Not tainted 5.2.0-rc1-00165-g54dee406374c #103
[    6.482309] Call Trace:
[    6.482337]  [0000000000468480] __warn+0xc0/0x100
[    6.482374]  [00000000004684f4] warn_slowpath_fmt+0x34/0x60
[    6.482416]  [00000000102fb264] pkt_setup_dev+0x2e4/0x5a0 [pktcdvd]
[    6.482462]  [00000000102fcd14] pkt_ctl_ioctl+0x94/0x240 [pktcdvd]
[    6.482508]  [00000000006aca10] do_vfs_ioctl+0x630/0x6e0
[    6.482547]  [00000000006acb08] ksys_ioctl+0x48/0x80
[    6.482584]  [00000000006acb54] sys_ioctl+0x14/0x40
[    6.482627]  [0000000000406294] linux_sparc_syscall+0x34/0x44
[    6.482668] irq event stamp: 3477
[    6.482700] hardirqs last  enabled at (3485): [<00000000004e0f24>] console_unlock+0x644/0x6e0
[    6.482758] hardirqs last disabled at (3492): [<00000000004e09e4>] console_unlock+0x104/0x6e0
[    6.482822] softirqs last  enabled at (3268): [<0000000000b11108>] __do_softirq+0x4a8/0x520
[    6.482882] softirqs last disabled at (3257): [<000000000042d014>] do_softirq_own_stack+0x34/0x60
[    6.482941] ---[ end trace fa255c120107c7e7 ]---
[    6.483755] pktcdvd: setup of pktcdvd device failed
[    6.529507] pktcdvd: setup of pktcdvd device failed
[    6.543250] pktcdvd: setup of pktcdvd device failed
[    6.547266] pktcdvd: setup of pktcdvd device failed
[    6.551504] pktcdvd: setup of pktcdvd device failed
[    6.555316] pktcdvd: setup of pktcdvd device failed
[    6.558243] Adding 787176k swap on /dev/vdiska4.  Priority:-2 extents:1 across:787176k FS
[    6.559625] pktcdvd: setup of pktcdvd device failed
[    6.562753] pktcdvd: setup of pktcdvd device failed
[    6.672218] sha256_sparc64: Using sparc64 sha256 opcode optimized SHA-256/SHA-224 implementation
[    6.705415] EXT4-fs (vdiska1): mounting ext3 file system using the ext4 subsystem
[    6.719460] EXT4-fs (vdiska1): mounted filesystem with ordered data mode. Opts: (null)
[    6.804161] sha512_sparc64: Using sparc64 sha512 opcode optimized SHA-512/SHA-384 implementation
[    6.805829] md5_sparc64: Using sparc64 md5 opcode optimized MD5 implementation
[    6.827524] XFS (dm-0): Mounting V5 Filesystem
[    6.844965] XFS (dm-0): Ending clean mount
[    6.957387] Kernel unaligned access at TPC[84e298] aa_dfa_unpack+0x38/0x5c0
[    6.957543] Kernel unaligned access at TPC[84e2b8] aa_dfa_unpack+0x58/0x5c0
[    6.957623] Kernel unaligned access at TPC[84e380] aa_dfa_unpack+0x120/0x5c0
[    6.957720] Kernel unaligned access at TPC[84e460] aa_dfa_unpack+0x200/0x5c0
[    6.957820] Kernel unaligned access at TPC[84e474] aa_dfa_unpack+0x214/0x5c0
[    6.959329] audit: type=1400 audit(1588091773.880:2): apparmor="STATUS" operation="profile_load" profile="unconfined" name="/usr/sbin/haveged" pid=712 comm="apparmor_parser"
[    6.959693] audit: type=1400 audit(1588091773.880:3): apparmor="STATUS" operation="profile_load" profile="unconfined" name="lsb_release" pid=717 comm="apparmor_parser"
[    6.963998] audit: type=1400 audit(1588091773.890:4): apparmor="STATUS" operation="profile_load" profile="unconfined" name="/usr/sbin/named" pid=716 comm="apparmor_parser"
[    6.966000] audit: type=1400 audit(1588091773.890:5): apparmor="STATUS" operation="profile_load" profile="unconfined" name="/usr/sbin/tcpdump" pid=715 comm="apparmor_parser"
[    6.966873] audit: type=1400 audit(1588091773.890:6): apparmor="STATUS" operation="profile_load" profile="unconfined" name="nvidia_modprobe" pid=713 comm="apparmor_parser"
[    6.967008] audit: type=1400 audit(1588091773.890:7): apparmor="STATUS" operation="profile_load" profile="unconfined" name="nvidia_modprobe//kmod" pid=713 comm="apparmor_parser"
[    6.983224] audit: type=1400 audit(1588091773.910:8): apparmor="STATUS" operation="profile_load" profile="unconfined" name="/usr/bin/man" pid=714 comm="apparmor_parser"
[    6.983338] audit: type=1400 audit(1588091773.910:9): apparmor="STATUS" operation="profile_load" profile="unconfined" name="man_filter" pid=714 comm="apparmor_parser"
[    6.983445] audit: type=1400 audit(1588091773.910:10): apparmor="STATUS" operation="profile_load" profile="unconfined" name="man_groff" pid=714 comm="apparmor_parser"
[    7.496033] random: crng init done
[    7.496102] random: 7 urandom warning(s) missed due to ratelimiting
