[    0.000018] PROMLIB: Sun IEEE Boot Prom 'OBP 4.38.12 2018/03/28 14:54'
[    0.000028] PROMLIB: Root node compatible: sun4v
[    0.000074] Linux version 5.3.0-00091-g0372fd1a70c4 (mator@ttip) (gcc version 9.3.0 (Debian 9.3.0-11)) #81 SMP Tue Apr 28 11:32:44 MSK 2020
[    0.000383] printk: bootconsole [earlyprom0] enabled
[    0.000434] ARCH: SUN4V
[    0.000484] Ethernet address: 00:14:4f:fa:06:f2
[    0.000534] MM: PAGE_OFFSET is 0xfff8000000000000 (max_phys_bits == 47)
[    0.000599] MM: VMALLOC [0x0000000100000000 --> 0x0006000000000000]
[    0.000661] MM: VMEMMAP [0x0006000000000000 --> 0x000c000000000000]
[    0.012831] Kernel: Using 5 locked TLB entries for main kernel image.
[    0.012902] Remapping the kernel... 
[    0.012927] done.
[    0.045919] OF stdout device is: /virtual-devices@100/console@1
[    0.045983] PROM: Built device tree with 86230 bytes of memory.
[    0.046045] MDESC: Size is 36512 bytes.
[    0.046159] PLATFORM: banner-name [SPARC T5-2]
[    0.046209] PLATFORM: name [ORCL,SPARC-T5-2]
[    0.046254] PLATFORM: hostid [84fa06f2]
[    0.046300] PLATFORM: serial# [0035260e]
[    0.046342] PLATFORM: stick-frequency [3b9aca00]
[    0.046391] PLATFORM: mac-address [144ffa06f2]
[    0.046437] PLATFORM: watchdog-resolution [1000 ms]
[    0.046488] PLATFORM: watchdog-max-timeout [31536000000 ms]
[    0.046543] PLATFORM: max-cpus [1024]
[    0.046633] Top of RAM: 0x24af938000, Total RAM: 0x87f354000
[    0.046692] Memory hole size: 115461MB
[    0.051276] Allocated 40960 bytes for kernel page tables.
[    0.051360] Zone ranges:
[    0.051400]   Normal   [mem 0x0000000030400000-0x00000024af937fff]
[    0.051464] Movable zone start for each node
[    0.051508] Early memory node ranges
[    0.051550]   node   0: [mem 0x0000000030400000-0x000000006fe7ffff]
[    0.051612]   node   0: [mem 0x000000006ff00000-0x000000006ff25fff]
[    0.051672]   node   0: [mem 0x0000000070000000-0x000000042fffffff]
[    0.051734]   node   0: [mem 0x0000002030000000-0x00000024af87ffff]
[    0.051796]   node   0: [mem 0x00000024af900000-0x00000024af925fff]
[    0.051856]   node   0: [mem 0x00000024af930000-0x00000024af937fff]
[    0.059214] Zeroed struct page in unavailable ranges: 230130 pages
[    0.059222] Initmem setup node 0 [mem 0x0000000030400000-0x00000024af937fff]
[    0.059380] On node 0 totalpages: 4454826
[    0.059389]   Normal zone: 39154 pages used for memmap
[    0.059394]   Normal zone: 0 pages reserved
[    0.059400]   Normal zone: 4454826 pages, LIFO batch:31
[    0.068921] Booting Linux...
[    0.069005] CPU CAPS: [flush,stbar,swap,muldiv,v9,blkinit,n2,mul32]
[    0.069088] CPU CAPS: [div32,v8plus,popc,vis,vis2,ASIBlkInit,fmaf,vis3]
[    0.070168] CPU CAPS: [hpc,ima,pause,cbcond,aes,des,kasumi,camellia]
[    0.070241] CPU CAPS: [md5,sha1,sha256,sha512,mpmul,montmul,montsqr,crc32c]
[    0.099820] percpu: Embedded 27 pages/cpu s180424 r8192 d32568 u262144
[    0.100032] pcpu-alloc: s180424 r8192 d32568 u262144 alloc=1*4194304
[    0.100039] pcpu-alloc: [0] 000 001 002 003 004 005 006 007 008 009 010 011 012 013 014 015 
[    0.100066] pcpu-alloc: [0] 016 017 018 019 020 021 022 023 024 025 026 027 028 029 030 031 
[    0.100093] pcpu-alloc: [0] 032 033 034 035 036 037 038 039 040 041 042 043 044 045 046 047 
[    0.100120] pcpu-alloc: [0] 048 049 050 051 052 053 054 055 056 057 058 059 060 061 062 063 
[    0.100147] pcpu-alloc: [0] 064 065 066 067 068 069 070 071 072 073 074 075 076 077 078 079 
[    0.100174] pcpu-alloc: [0] 080 081 082 083 084 085 086 087 088 089 090 091 092 093 094 095 
[    0.100201] pcpu-alloc: [0] 096 097 098 099 100 101 102 103 104 105 106 107 108 109 110 111 
[    0.100228] pcpu-alloc: [0] 112 113 114 115 116 117 118 119 120 121 122 123 124 125 126 127 
[    0.100717] SUN4V: Mondo queue sizes [cpu(131072) dev(16384) r(8192) nr(256)]
[    0.101089] Built 1 zonelists, mobility grouping on.  Total pages: 4415672
[    0.101179] Kernel command line: BOOT_IMAGE=/vmlinux-5.3.0-00091-g0372fd1a70c4 root=/dev/vdiska2 ro zswap.enabled=1
[    0.103518] printk: log_buf_len individual max cpu contribution: 4096 bytes
[    0.103589] printk: log_buf_len total cpu_extra contributions: 520192 bytes
[    0.103656] printk: log_buf_len min size: 131072 bytes
[    0.103926] printk: log_buf_len: 1048576 bytes
[    0.103979] printk: early log buf free: 126664(96%)
[    0.110295] Dentry cache hash table entries: 8388608 (order: 13, 67108864 bytes, linear)
[    0.113531] Inode-cache hash table entries: 4194304 (order: 12, 33554432 bytes, linear)
[    0.113609] Sorting __ex_table...
[    0.113837] mem auto-init: stack:off, heap alloc:off, heap free:off
[    0.179598] Memory: 1305232K/35638608K available (7348K kernel code, 952K rwdata, 2152K rodata, 704K init, 6667K bss, 508360K reserved, 0K cma-reserved)
[    0.180285] SLUB: HWalign=32, Order=0-3, MinObjects=0, CPUs=128, Nodes=1
[    0.180577] ftrace: allocating 21113 entries in 42 pages
[    0.191088] Running RCU self tests
[    0.191135] rcu: Hierarchical RCU implementation.
[    0.191185] rcu: 	RCU event tracing is enabled.
[    0.191235] rcu: 	RCU lockdep checking is enabled.
[    0.191284] 	Tasks RCU enabled.
[    0.191322] rcu: RCU calculated value of scheduler-enlistment delay is 10 jiffies.
[    0.195595] NR_IRQS: 2048, nr_irqs: 2048, preallocated irqs: 1
[    0.195671] SUN4V: Using IRQ API major 3, cookie only virqs enabled
[    0.198106] clocksource: stick: mask: 0xffffffffffffffff max_cycles: 0x1cd42e4dffb, max_idle_ns: 881590591483 ns
[    0.198238] clocksource: mult[800000] shift[23]
[    0.198288] clockevent: mult[80000000] shift[31]
[    0.198797] Console: colour dummy device 80x25
[    0.198860] printk: console [tty0] enabled
[    0.198935] printk: bootconsole [earlyprom0] disabled
[    0.199021] Lock dependency validator: Copyright (c) 2006 Red Hat, Inc., Ingo Molnar
[    0.199070] ... MAX_LOCKDEP_SUBCLASSES:  8
[    0.199099] ... MAX_LOCK_DEPTH:          48
[    0.199129] ... MAX_LOCKDEP_KEYS:        8192
[    0.199159] ... CLASSHASH_SIZE:          4096
[    0.199190] ... MAX_LOCKDEP_ENTRIES:     16384
[    0.199221] ... MAX_LOCKDEP_CHAINS:      32768
[    0.199252] ... CHAINHASH_SIZE:          16384
[    0.199283]  memory used by lock dependency info: 3855 kB
[    0.199318]  per task-struct memory footprint: 1920 bytes
[    0.348596] Calibrating delay using timer specific routine.. 2006.23 BogoMIPS (lpj=10031179)
[    0.348666] pid_max: default: 131072 minimum: 1024
[    0.348952] LSM: Security Framework initializing
[    0.349194] AppArmor: AppArmor initialized
[    0.349468] Mount-cache hash table entries: 131072 (order: 7, 1048576 bytes, linear)
[    0.349632] Mountpoint-cache hash table entries: 131072 (order: 7, 1048576 bytes, linear)
[    0.350578] *** VALIDATE proc ***
[    0.351054] *** VALIDATE cgroup1 ***
[    0.351086] *** VALIDATE cgroup2 ***
[    0.353094] rcu: Hierarchical SRCU implementation.
[    0.360584] smp: Bringing up secondary CPUs ...
[    0.402609] smp: Brought up 1 node, 32 CPUs
[    0.592102] node 0 initialised, 4228127 pages in 190ms
[    0.593308] devtmpfs: initialized
[    0.597839] Performance events: 
[    0.597884] Testing NMI watchdog ... 
[    0.797961] OK.
[    0.798122] Supported PMU type is 'niagara5'
[    0.798323] random: get_random_u32 called from bucket_table_alloc.isra.0+0x188/0x1c0 with crng_init=0
[    0.799025] ldc.c:v1.1 (July 22, 2008)
[    0.801290] clocksource: jiffies: mask: 0xffffffff max_cycles: 0xffffffff, max_idle_ns: 19112604462750000 ns
[    0.801383] futex hash table entries: 32768 (order: 9, 4194304 bytes, linear)
[    0.806593] NET: Registered protocol family 16
[    0.814255] VIO: Adding device channel-devices (tx_ino = ffffffffffffffff, rx_ino = ffffffffffffffff)
[    0.814453] VIO: Adding device vnet-port-0-0 (tx_ino = 0, rx_ino = 1)
[    0.814647] VIO: Adding device vnet-port-0-1 (tx_ino = 2, rx_ino = 3)
[    0.814808] VIO: Adding device vnet-port-0-2 (tx_ino = 4, rx_ino = 5)
[    0.814969] VIO: Adding device vnet-port-0-3 (tx_ino = 6, rx_ino = 7)
[    0.815134] VIO: Adding device vnet-port-0-4 (tx_ino = 8, rx_ino = 9)
[    0.815294] VIO: Adding device vnet-port-0-5 (tx_ino = a, rx_ino = b)
[    0.815454] VIO: Adding device vdc-port-2-0 (tx_ino = c, rx_ino = d)
[    0.815617] VIO: Adding device vdc-port-1-0 (tx_ino = e, rx_ino = f)
[    0.815776] VIO: Adding device vdc-port-0-0 (tx_ino = 10, rx_ino = 11)
[    0.815936] VIO: Adding device vdc-port-3-0 (tx_ino = 12, rx_ino = 13)
[    0.816099] VIO: Adding device vlds-port-0-0 (tx_ino = 14, rx_ino = 15)
[    0.816262] VIO: Adding device domain-services-port-0 (tx_ino = 14, rx_ino = 15)
[    0.816534] audit: initializing netlink subsys (disabled)
[    0.816791] audit: type=2000 audit(0.610:1): state=initialized audit_enabled=0 res=1
[    0.840834] HugeTLB registered 64.0 KiB page size, pre-allocated 0 pages
[    0.840885] HugeTLB registered 8.00 MiB page size, pre-allocated 0 pages
[    0.840931] HugeTLB registered 256 MiB page size, pre-allocated 0 pages
[    0.840976] HugeTLB registered 2.00 GiB page size, pre-allocated 0 pages
[    0.842556] alg: extra crypto tests enabled.  This is intended for developer use only.
[    0.868605] cryptd: max_cpu_qlen set to 1000
[    0.899404] alg: No test for lzo-rle (lzo-rle-generic)
[    0.899842] alg: No test for lzo-rle (lzo-rle-scomp)
[    0.951178] NetLabel: Initializing
[    0.951208] NetLabel:  domain hash size = 128
[    0.951241] NetLabel:  protocols = UNLABELED CIPSOv4 CALIPSO
[    0.951371] NetLabel:  unlabeled traffic allowed by default
[    0.952317] SUN4V: Reboot data supported (maj=1,min=0).
[    0.952668] ds.c:v1.0 (Jul 11, 2007)
[    0.953003] ds-0: ds_conn_reset() from send_events.isra.0
[    0.954450] clocksource: Switched to clocksource stick
[    1.147115] VFS: Disk quotas dquot_6.6.0
[    1.147248] VFS: Dquot-cache hash table entries: 1024 (order 0, 8192 bytes)
[    1.147467] *** VALIDATE hugetlbfs ***
[    1.149012] AppArmor: AppArmor Filesystem Enabled
[    1.161718] NET: Registered protocol family 2
[    1.163502] tcp_listen_portaddr_hash hash table entries: 32768 (order: 8, 2359296 bytes, linear)
[    1.166460] TCP established hash table entries: 524288 (order: 9, 4194304 bytes, linear)
[    1.168434] TCP bind hash table entries: 65536 (order: 9, 4194304 bytes, linear)
[    1.173950] TCP: Hash tables configured (established 524288 bind 65536)
[    1.176487] UDP hash table entries: 32768 (order: 9, 5242880 bytes, linear)
[    1.182703] UDP-Lite hash table entries: 32768 (order: 9, 5242880 bytes, linear)
[    1.190602] NET: Registered protocol family 1
[    1.190669] NET: Registered protocol family 44
[    1.192055] Trying to unpack rootfs image as initramfs...
[    1.385227] Freeing initrd memory: 14776K
[    1.386275] aes_sparc64: Using sparc64 aes opcodes optimized AES implementation
[    1.648109] des_sparc64: Using sparc64 des opcodes optimized DES implementation
[    2.120680] camellia_sparc64: Using sparc64 camellia opcodes optimized CAMELLIA implementation
[    2.301309] workingset: timestamp_bits=46 max_order=23 bucket_order=0
[    2.319238] zbud: loaded
[    2.321397] SGI XFS with ACLs, security attributes, debug enabled
[    2.341227] Block layer SCSI generic (bsg) driver version 0.4 loaded (major 252)
[    2.342006] io scheduler mq-deadline registered
[    2.344712] f029b788: ttyHV0 at I/O 0x0 (irq = 1, base_baud = 115200) is a SUN4V HCONS
[    2.351479] printk: console [ttyHV0] enabled
[    2.354975] sunvdc.c:v1.2 (November 24, 2014)
[    2.356619] sunvdc: Virtual Hard disk vdiskc
[    2.356658] sunvdc: vdiskc: 104857600 sectors (51200 MB) protocol 1.2
[    2.375695] sunvdc: Virtual Hard disk vdiskb
[    2.375735] sunvdc: vdiskb: 62914560 sectors (30720 MB) protocol 1.2
[    2.376356]  vdiskb: vdiskb1
[    2.394316] sunvdc: Virtual Hard disk vdiska
[    2.394356] sunvdc: vdiska: 31457280 sectors (15360 MB) protocol 1.2
[    2.395043]  vdiska: vdiska1 vdiska2 vdiska3 vdiska4
[    2.413837] sunvdc: Virtual CDROM vdiskd
[    2.413879] sunvdc: vdiskd: 453848 sectors (221 MB) protocol 1.2
[    2.414557]  vdiskd: vdiskd1 vdiskd2 vdiskd3 vdiskd4 vdiskd5 vdiskd6 vdiskd7
[    2.432790] sunvnet: sunvnet 2.0 (February 3, 2017)
[    2.434831] vnet_port vnet-port-0-0 eth0: Sun LDOM vnet 00:14:4f:f8:12:a3
[    2.435042] sunvnet: eth0: PORT ( remote-mac 00:14:4f:fa:f3:f0 switch-port )
[    2.435404] sunvnet: eth0: PORT ( remote-mac 00:14:4f:f8:e5:f3 )
[    2.435732] sunvnet: eth0: PORT ( remote-mac 00:14:4f:f9:b4:97 )
[    2.436090] sunvnet: eth0: PORT ( remote-mac 00:14:4f:f8:3f:1e )
[    2.436419] sunvnet: eth0: PORT ( remote-mac 00:14:4f:f8:fe:47 )
[    2.436790] sunvnet: eth0: PORT ( remote-mac 00:14:4f:f9:8b:83 )
[    2.437969] rtc-sun4v rtc-sun4v: registered as rtc0
[    2.438492] sun4v_wdt: initialized (timeout=60s, nowayout=0)
[    2.438746] device-mapper: uevent: version 1.0.3
[    2.439457] device-mapper: ioctl: 4.40.0-ioctl (2019-01-18) initialised: dm-devel@redhat.com
[    2.440354] NET: Registered protocol family 17
[    2.441411] registered taskstats version 1
[    2.442208] zswap: loaded using pool lzo/zbud
[    2.626334] Key type big_key registered
[    2.626403] AppArmor: AppArmor sha1 policy hashing enabled
[    2.627168] rtc-sun4v rtc-sun4v: setting system clock to 2020-04-28T08:35:10 UTC (1588062910)
[    2.631147] This architecture does not have kernel memory protection.
[    2.631195] Run /init as init process
[    3.127414] crc32c_sparc64: Using sparc64 crc32c opcode optimized CRC32C implementation
[    3.674428] raid6: int64x8  gen()  2175 MB/s
[    3.844404] raid6: int64x8  xor()  1575 MB/s
[    4.014423] raid6: int64x4  gen()  3480 MB/s
[    4.184409] raid6: int64x4  xor()  2013 MB/s
[    4.354427] raid6: int64x2  gen()  2873 MB/s
[    4.524418] raid6: int64x2  xor()  1999 MB/s
[    4.694430] raid6: int64x1  gen()  2791 MB/s
[    4.864412] raid6: int64x1  xor()  1657 MB/s
[    4.864448] raid6: using algorithm int64x4 gen() 3480 MB/s
[    4.864488] raid6: .... xor() 2013 MB/s, rmw enabled
[    4.864525] raid6: using intx1 recovery algorithm
[    4.865347] async_tx: api initialized (async)
[    4.865835] xor: automatically using best checksumming function   Niagara   
[    4.936768] random: fast init done
[    5.123019] EXT4-fs (vdiska2): mounted filesystem with ordered data mode. Opts: (null)
[    5.341313] systemd[1]: Inserted module 'autofs4'
[    5.351807] NET: Registered protocol family 10
[    5.356567] Segment Routing with IPv6
[    5.373321] systemd[1]: systemd 245.5-2 running in system mode. (+PAM +AUDIT +SELINUX +IMA +APPARMOR +SMACK +SYSVINIT +UTMP +LIBCRYPTSETUP +GCRYPT +GNUTLS +ACL +XZ +LZ4 -SECCOMP +BLKID +ELFUTILS +KMOD +IDN2 -IDN +PCRE2 default-hierarchy=hybrid)
[    5.373953] systemd[1]: Detected architecture sparc64.
[    5.382320] systemd[1]: Set hostname to <ttip>.
[    5.479156] random: lvmconfig: uninitialized urandom read (4 bytes read)
[    5.753942] systemd[1]: /lib/systemd/system/dbus.socket:5: ListenStream= references a path below legacy directory /var/run/, updating /var/run/dbus/system_bus_socket â†’ /run/dbus/system_bus_socket; please update the unit file accordingly.
[    5.819274] random: systemd: uninitialized urandom read (16 bytes read)
[    5.829105] systemd[1]: Created slice system-getty.slice.
[    5.829807] random: systemd: uninitialized urandom read (16 bytes read)
[    5.833361] systemd[1]: Created slice system-modprobe.slice.
[    5.838214] systemd[1]: Created slice system-openvpn\x2dclient.slice.
[    5.843321] systemd[1]: Created slice system-postfix.slice.
[    5.847878] systemd[1]: Created slice system-systemd\x2dfsck.slice.
[    5.851676] systemd[1]: Created slice User and Session Slice.
[    5.852566] systemd[1]: Started Dispatch Password Requests to Console Directory Watch.
[    5.853378] systemd[1]: Started Forward Password Requests to Wall Directory Watch.
[    5.855509] systemd[1]: Set up automount Arbitrary Executable File Formats File System Automount Point.
[    5.856059] systemd[1]: Reached target Local Encrypted Volumes.
[    5.856545] systemd[1]: Reached target Paths.
[    5.856979] systemd[1]: Reached target Remote File Systems.
[    5.857419] systemd[1]: Reached target Slices.
[    5.858317] systemd[1]: Listening on Device-mapper event daemon FIFOs.
[    5.859376] systemd[1]: Listening on LVM2 poll daemon socket.
[    5.861475] systemd[1]: Listening on Syslog Socket.
[    5.862453] systemd[1]: Listening on fsck to fsckd communication Socket.
[    5.863211] systemd[1]: Listening on initctl Compatibility Named Pipe.
[    5.864781] systemd[1]: Listening on Journal Audit Socket.
[    5.865753] systemd[1]: Listening on Journal Socket (/dev/log).
[    5.866900] systemd[1]: Listening on Journal Socket.
[    5.868008] systemd[1]: Listening on udev Control Socket.
[    5.868822] systemd[1]: Listening on udev Kernel Socket.
[    5.877758] systemd[1]: Mounting Huge Pages File System...
[    5.887567] systemd[1]: Mounting POSIX Message Queue File System...
[    5.898132] systemd[1]: Mounting Kernel Debug File System...
[    5.909185] systemd[1]: Mounting Kernel Trace File System...
[    5.917725] systemd[1]: Starting Availability of block devices...
[    5.927655] systemd[1]: Starting Wait for network to be configured by ifupdown...
[    5.937770] systemd[1]: Starting Create list of static device nodes for the current kernel...
[    5.946897] systemd[1]: Starting Monitoring of LVM2 mirrors, snapshots etc. using dmeventd or progress polling...
[    5.956891] systemd[1]: Starting Load Kernel Module drm...
[    5.965485] systemd[1]: Starting nftables...
[    5.967080] systemd[1]: Condition check resulted in Set Up Additional Binary Formats being skipped.
[    5.967327] systemd[1]: Condition check resulted in File System Check on Root Device being skipped.
[    5.979198] systemd[1]: Starting Journal Service...
[    5.989746] systemd[1]: Starting Load Kernel Modules...
[    6.000468] systemd[1]: Starting Remount Root and Kernel File Systems...
[    6.015161] systemd[1]: Starting udev Coldplug all Devices...
[    6.029959] systemd[1]: Mounted Huge Pages File System.
[    6.032868] systemd[1]: Mounted POSIX Message Queue File System.
[    6.037894] systemd[1]: Mounted Kernel Debug File System.
[    6.040909] systemd[1]: Mounted Kernel Trace File System.
[    6.052900] systemd[1]: Finished Availability of block devices.
[    6.063360] systemd[1]: Finished Wait for network to be configured by ifupdown.
[    6.069931] EXT4-fs (vdiska2): re-mounted. Opts: errors=remount-ro
[    6.074061] systemd[1]: Finished Create list of static device nodes for the current kernel.
[    6.083603] systemd[1]: modprobe@drm.service: Succeeded.
[    6.089605] systemd[1]: Finished Load Kernel Module drm.
[    6.090823] systemd[1]: Started Journal Service.
[    6.176353] systemd-journald[546]: Received client request to flush runtime journal.
[    6.548415] sha1_sparc64: Using sparc64 sha1 opcode optimized SHA-1 implementation
[    6.553907] n2rng v0.3 (Jan 7, 2017)
[    6.554033] n2rng f029b104: Registered RNG HVAPI major 2 minor 0
[    6.554151] n2rng f029b104: Found multi-unit-capable RNG, units: 2
[    6.555039] n2rng f029b104: RNG ready
[    6.608912] ------------[ cut here ]------------
[    6.609022] WARNING: CPU: 14 PID: 626 at drivers/block/pktcdvd.c:2597 pkt_setup_dev+0x2e4/0x5a0 [pktcdvd]
[    6.609107] Attempt to register a non-SCSI queue
[    6.609153] Modules linked in: pktcdvd cdrom n2_rng rng_core flash sha1_sparc64(+) nf_tables nfnetlink ip_tables x_tables ipv6 crc_ccitt nf_defrag_ipv6 autofs4 ext4 crc16 mbcache jbd2 raid10 raid456 async_raid6_recov async_memcpy async_pq async_xor xor async_tx raid6_pq raid1 raid0 multipath linear md_mod crc32c_sparc64
[    6.609441] CPU: 14 PID: 626 Comm: pktsetup Not tainted 5.3.0-00091-g0372fd1a70c4 #81
[    6.609508] Call Trace:
[    6.609543]  [00000000004682c0] __warn+0xc0/0x100
[    6.609590]  [0000000000468334] warn_slowpath_fmt+0x34/0x60
[    6.609643]  [00000000102fb264] pkt_setup_dev+0x2e4/0x5a0 [pktcdvd]
[    6.609700]  [00000000102fcd14] pkt_ctl_ioctl+0x94/0x240 [pktcdvd]
[    6.609761]  [00000000006ba8f0] do_vfs_ioctl+0x630/0x6e0
[    6.609810]  [00000000006ba9e8] ksys_ioctl+0x48/0x80
[    6.609857]  [00000000006baa34] sys_ioctl+0x14/0x40
[    6.609911]  [0000000000406294] linux_sparc_syscall+0x34/0x44
[    6.609962] irq event stamp: 3325
[    6.610006] hardirqs last  enabled at (3333): [<00000000004e4a84>] console_unlock+0x644/0x6e0
[    6.610080] hardirqs last disabled at (3340): [<00000000004e4544>] console_unlock+0x104/0x6e0
[    6.610163] softirqs last  enabled at (2388): [<0000000000b31328>] __do_softirq+0x4a8/0x520
[    6.610245] softirqs last disabled at (2377): [<000000000042cfb4>] do_softirq_own_stack+0x34/0x60
[    6.610321] ---[ end trace 3fcba3ee6c7f78c4 ]---
[    6.611391] pktcdvd: setup of pktcdvd device failed
[    6.660251] pktcdvd: setup of pktcdvd device failed
[    6.669368] pktcdvd: setup of pktcdvd device failed
[    6.673241] pktcdvd: setup of pktcdvd device failed
[    6.677468] pktcdvd: setup of pktcdvd device failed
[    6.681298] pktcdvd: setup of pktcdvd device failed
[    6.684325] pktcdvd: setup of pktcdvd device failed
[    6.687632] pktcdvd: setup of pktcdvd device failed
[    6.811068] sha256_sparc64: Using sparc64 sha256 opcode optimized SHA-256/SHA-224 implementation
[    6.824937] Adding 787176k swap on /dev/vdiska4.  Priority:-2 extents:1 across:787176k FS
[    6.905805] EXT4-fs (vdiska1): mounting ext3 file system using the ext4 subsystem
[    6.920515] EXT4-fs (vdiska1): mounted filesystem with ordered data mode. Opts: (null)
[    6.975979] sha512_sparc64: Using sparc64 sha512 opcode optimized SHA-512/SHA-384 implementation
[    6.977467] md5_sparc64: Using sparc64 md5 opcode optimized MD5 implementation
[    6.998015] XFS (dm-0): Mounting V5 Filesystem
[    7.015894] XFS (dm-0): Ending clean mount
[    7.125758] Kernel unaligned access at TPC[85f6d8] aa_dfa_unpack+0x38/0x5c0
[    7.125921] Kernel unaligned access at TPC[85f6f8] aa_dfa_unpack+0x58/0x5c0
[    7.126014] Kernel unaligned access at TPC[85f7c0] aa_dfa_unpack+0x120/0x5c0
[    7.126096] Kernel unaligned access at TPC[85f8a0] aa_dfa_unpack+0x200/0x5c0
[    7.126165] Kernel unaligned access at TPC[85f8b4] aa_dfa_unpack+0x214/0x5c0
[    7.127357] audit: type=1400 audit(1588062914.990:2): apparmor="STATUS" operation="profile_load" profile="unconfined" name="/usr/sbin/haveged" pid=715 comm="apparmor_parser"
[    7.128772] audit: type=1400 audit(1588062914.990:3): apparmor="STATUS" operation="profile_load" profile="unconfined" name="lsb_release" pid=720 comm="apparmor_parser"
[    7.132284] audit: type=1400 audit(1588062914.990:4): apparmor="STATUS" operation="profile_load" profile="unconfined" name="/usr/sbin/named" pid=719 comm="apparmor_parser"
[    7.134311] audit: type=1400 audit(1588062914.990:5): apparmor="STATUS" operation="profile_load" profile="unconfined" name="/usr/sbin/tcpdump" pid=718 comm="apparmor_parser"
[    7.135235] audit: type=1400 audit(1588062915.000:6): apparmor="STATUS" operation="profile_load" profile="unconfined" name="nvidia_modprobe" pid=716 comm="apparmor_parser"
[    7.135353] audit: type=1400 audit(1588062915.000:7): apparmor="STATUS" operation="profile_load" profile="unconfined" name="nvidia_modprobe//kmod" pid=716 comm="apparmor_parser"
[    7.151559] audit: type=1400 audit(1588062915.010:8): apparmor="STATUS" operation="profile_load" profile="unconfined" name="/usr/bin/man" pid=717 comm="apparmor_parser"
[    7.151677] audit: type=1400 audit(1588062915.010:9): apparmor="STATUS" operation="profile_load" profile="unconfined" name="man_filter" pid=717 comm="apparmor_parser"
[    7.151789] audit: type=1400 audit(1588062915.010:10): apparmor="STATUS" operation="profile_load" profile="unconfined" name="man_groff" pid=717 comm="apparmor_parser"
[    7.639436] random: crng init done
[    7.639489] random: 7 urandom warning(s) missed due to ratelimiting
