[    0.000019] PROMLIB: Sun IEEE Boot Prom 'OBP 4.38.12 2018/03/28 14:54'
[    0.000031] PROMLIB: Root node compatible: sun4v
[    0.000080] Linux version 5.5.0-rc2-00195-g4a94c4332334 (mator@ttip.nvglabs.local) (gcc version 9.2.1 20191130 (Debian 9.2.1-21)) #1326 SMP Thu Dec 19 12:36:34 MSK 2019
[    0.000405] printk: bootconsole [earlyprom0] enabled
[    0.000456] ARCH: SUN4V
[    0.000507] Ethernet address: 00:14:4f:fa:06:f2
[    0.000561] MM: PAGE_OFFSET is 0xfff8000000000000 (max_phys_bits == 47)
[    0.000626] MM: VMALLOC [0x0000000100000000 --> 0x0006000000000000]
[    0.000689] MM: VMEMMAP [0x0006000000000000 --> 0x000c000000000000]
[    0.012461] Kernel: Using 5 locked TLB entries for main kernel image.
[    0.012532] Remapping the kernel... 
[    0.012558] done.
[    0.046143] OF stdout device is: /virtual-devices@100/console@1
[    0.046211] PROM: Built device tree with 88003 bytes of memory.
[    0.046273] MDESC: Size is 36960 bytes.
[    0.046394] PLATFORM: banner-name [SPARC T5-2]
[    0.046445] PLATFORM: name [ORCL,SPARC-T5-2]
[    0.046491] PLATFORM: hostid [84fa06f2]
[    0.046534] PLATFORM: serial# [0035260e]
[    0.046577] PLATFORM: stick-frequency [3b9aca00]
[    0.046626] PLATFORM: mac-address [144ffa06f2]
[    0.046672] PLATFORM: watchdog-resolution [1000 ms]
[    0.046722] PLATFORM: watchdog-max-timeout [31536000000 ms]
[    0.046778] PLATFORM: max-cpus [1024]
[    0.046871] Top of RAM: 0x24af938000, Total RAM: 0x87f354000
[    0.046934] Memory hole size: 115461MB
[    0.051586] Allocated 40960 bytes for kernel page tables.
[    0.051674] Zone ranges:
[    0.051713]   Normal   [mem 0x0000000030400000-0x00000024af937fff]
[    0.051778] Movable zone start for each node
[    0.051824] Early memory node ranges
[    0.051865]   node   0: [mem 0x0000000030400000-0x000000006fe7ffff]
[    0.051929]   node   0: [mem 0x000000006ff00000-0x000000006ff25fff]
[    0.051991]   node   0: [mem 0x0000000070000000-0x000000042fffffff]
[    0.052054]   node   0: [mem 0x0000002030000000-0x00000024af87ffff]
[    0.052116]   node   0: [mem 0x00000024af900000-0x00000024af925fff]
[    0.052177]   node   0: [mem 0x00000024af930000-0x00000024af937fff]
[    0.059566] Zeroed struct page in unavailable ranges: 230130 pages
[    0.059574] Initmem setup node 0 [mem 0x0000000030400000-0x00000024af937fff]
[    0.059735] On node 0 totalpages: 4454826
[    0.059744]   Normal zone: 39154 pages used for memmap
[    0.059749]   Normal zone: 0 pages reserved
[    0.059755]   Normal zone: 4454826 pages, LIFO batch:31
[    0.070556] Booting Linux...
[    0.070639] CPU CAPS: [flush,stbar,swap,muldiv,v9,blkinit,n2,mul32]
[    0.070723] CPU CAPS: [div32,v8plus,popc,vis,vis2,ASIBlkInit,fmaf,vis3]
[    0.070799] CPU CAPS: [hpc,ima,pause,cbcond,aes,des,kasumi,camellia]
[    0.070872] CPU CAPS: [md5,sha1,sha256,sha512,mpmul,montmul,montsqr,crc32c]
[    0.100809] percpu: Embedded 27 pages/cpu s182024 r8192 d30968 u262144
[    0.101068] pcpu-alloc: s182024 r8192 d30968 u262144 alloc=1*4194304
[    0.101076] pcpu-alloc: [0] 000 001 002 003 004 005 006 007 008 009 010 011 012 013 014 015 
[    0.101103] pcpu-alloc: [0] 016 017 018 019 020 021 022 023 024 025 026 027 028 029 030 031 
[    0.101131] pcpu-alloc: [0] 032 033 034 035 036 037 038 039 040 041 042 043 044 045 046 047 
[    0.101158] pcpu-alloc: [0] 048 049 050 051 052 053 054 055 056 057 058 059 060 061 062 063 
[    0.101185] pcpu-alloc: [0] 064 065 066 067 068 069 070 071 072 073 074 075 076 077 078 079 
[    0.101212] pcpu-alloc: [0] 080 081 082 083 084 085 086 087 088 089 090 091 092 093 094 095 
[    0.101239] pcpu-alloc: [0] 096 097 098 099 100 101 102 103 104 105 106 107 108 109 110 111 
[    0.101267] pcpu-alloc: [0] 112 113 114 115 116 117 118 119 120 121 122 123 124 125 126 127 
[    0.101792] SUN4V: Mondo queue sizes [cpu(131072) dev(16384) r(8192) nr(256)]
[    0.102160] Built 1 zonelists, mobility grouping on.  Total pages: 4415672
[    0.102248] Kernel command line: BOOT_IMAGE=/vmlinux-5.5.0-rc2-00195-g4a94c4332334 root=/dev/vdiska2 ro zswap.enabled=1
[    0.104607] printk: log_buf_len individual max cpu contribution: 4096 bytes
[    0.104680] printk: log_buf_len total cpu_extra contributions: 520192 bytes
[    0.104747] printk: log_buf_len min size: 131072 bytes
[    0.105018] printk: log_buf_len: 1048576 bytes
[    0.105069] printk: early log buf free: 126624(96%)
[    0.111414] Dentry cache hash table entries: 8388608 (order: 13, 67108864 bytes, linear)
[    0.114663] Inode-cache hash table entries: 4194304 (order: 12, 33554432 bytes, linear)
[    0.114743] Sorting __ex_table...
[    0.114983] mem auto-init: stack:off, heap alloc:off, heap free:off
[    0.174422] Memory: 1305232K/35638608K available (7583K kernel code, 965K rwdata, 2272K rodata, 712K init, 6742K bss, 504568K reserved, 0K cma-reserved)
[    0.175073] SLUB: HWalign=32, Order=0-3, MinObjects=0, CPUs=128, Nodes=1
[    0.175369] ftrace: allocating 21319 entries in 42 pages
[    0.183777] ftrace: allocated 42 pages with 3 groups
[    0.186572] Running RCU self tests
[    0.186618] rcu: Hierarchical RCU implementation.
[    0.186669] rcu: 	RCU event tracing is enabled.
[    0.186717] rcu: 	RCU lockdep checking is enabled.
[    0.186768] 	Tasks RCU enabled.
[    0.186806] rcu: RCU calculated value of scheduler-enlistment delay is 10 jiffies.
[    0.191022] NR_IRQS: 2048, nr_irqs: 2048, preallocated irqs: 1
[    0.191105] SUN4V: Using IRQ API major 3, cookie only virqs enabled
[    0.193578] clocksource: stick: mask: 0xffffffffffffffff max_cycles: 0x1cd42e4dffb, max_idle_ns: 881590591483 ns
[    0.193711] clocksource: mult[800000] shift[23]
[    0.193760] clockevent: mult[80000000] shift[31]
[    0.194286] Console: colour dummy device 80x25
[    0.194348] printk: console [tty0] enabled
[    0.194421] printk: bootconsole [earlyprom0] disabled
[    0.194506] Lock dependency validator: Copyright (c) 2006 Red Hat, Inc., Ingo Molnar
[    0.194554] ... MAX_LOCKDEP_SUBCLASSES:  8
[    0.194584] ... MAX_LOCK_DEPTH:          48
[    0.194614] ... MAX_LOCKDEP_KEYS:        8192
[    0.194645] ... CLASSHASH_SIZE:          4096
[    0.194676] ... MAX_LOCKDEP_ENTRIES:     16384
[    0.194707] ... MAX_LOCKDEP_CHAINS:      32768
[    0.194738] ... CHAINHASH_SIZE:          16384
[    0.194769]  memory used by lock dependency info: 3855 kB
[    0.194805]  memory used for stack traces: 2112 kB
[    0.194837]  per task-struct memory footprint: 1920 bytes
[    0.344058] Calibrating delay using timer specific routine.. 2006.04 BogoMIPS (lpj=10030201)
[    0.344127] pid_max: default: 131072 minimum: 1024
[    0.344415] LSM: Security Framework initializing
[    0.344568] AppArmor: AppArmor initialized
[    0.344837] Mount-cache hash table entries: 131072 (order: 7, 1048576 bytes, linear)
[    0.345002] Mountpoint-cache hash table entries: 131072 (order: 7, 1048576 bytes, linear)
[    0.345138] *** VALIDATE tmpfs ***
[    0.346000] *** VALIDATE proc ***
[    0.346494] *** VALIDATE cgroup1 ***
[    0.346527] *** VALIDATE cgroup2 ***
[    0.348607] rcu: Hierarchical SRCU implementation.
[    0.356520] smp: Bringing up secondary CPUs ...
[    0.399596] smp: Brought up 1 node, 32 CPUs
[    0.589707] node 0 initialised, 4228601 pages in 190ms
[    0.591004] devtmpfs: initialized
[    0.595594] Performance events: 
[    0.595639] Testing NMI watchdog ... 
[    0.795719] OK.
[    0.795844] Supported PMU type is 'niagara5'
[    0.796047] random: get_random_u32 called from bucket_table_alloc.isra.0+0x188/0x1c0 with crng_init=0
[    0.796756] ldc.c:v1.1 (July 22, 2008)
[    0.799075] clocksource: jiffies: mask: 0xffffffff max_cycles: 0xffffffff, max_idle_ns: 19112604462750000 ns
[    0.799164] futex hash table entries: 32768 (order: 9, 4194304 bytes, linear)
[    0.804297] NET: Registered protocol family 16
[    0.812657] VIO: Adding device channel-devices (tx_ino = ffffffffffffffff, rx_ino = ffffffffffffffff)
[    0.812865] VIO: Adding device vnet-port-0-0 (tx_ino = 0, rx_ino = 1)
[    0.813063] VIO: Adding device vnet-port-0-1 (tx_ino = 2, rx_ino = 3)
[    0.813228] VIO: Adding device vnet-port-0-2 (tx_ino = 4, rx_ino = 5)
[    0.813399] VIO: Adding device vnet-port-0-4 (tx_ino = 8, rx_ino = 9)
[    0.813564] VIO: Adding device vnet-port-0-5 (tx_ino = a, rx_ino = b)
[    0.813727] VIO: Adding device vnet-port-0-6 (tx_ino = c, rx_ino = d)
[    0.813890] VIO: Adding device vdc-port-3-0 (tx_ino = e, rx_ino = f)
[    0.814058] VIO: Adding device vdc-port-2-0 (tx_ino = 10, rx_ino = 11)
[    0.814222] VIO: Adding device vdc-port-1-0 (tx_ino = 12, rx_ino = 13)
[    0.814385] VIO: Adding device vdc-port-0-0 (tx_ino = 14, rx_ino = 15)
[    0.814553] VIO: Adding device vdc-port-4-0 (tx_ino = 16, rx_ino = 17)
[    0.814718] VIO: Adding device vlds-port-0-0 (tx_ino = 18, rx_ino = 19)
[    0.814885] VIO: Adding device domain-services-port-0 (tx_ino = 18, rx_ino = 19)
[    0.815160] audit: initializing netlink subsys (disabled)
[    0.815442] audit: type=2000 audit(0.420:1): state=initialized audit_enabled=0 res=1
[    0.840193] HugeTLB registered 64.0 KiB page size, pre-allocated 0 pages
[    0.840243] HugeTLB registered 8.00 MiB page size, pre-allocated 0 pages
[    0.840288] HugeTLB registered 256 MiB page size, pre-allocated 0 pages
[    0.840333] HugeTLB registered 2.00 GiB page size, pre-allocated 0 pages
[    0.841918] alg: extra crypto tests enabled.  This is intended for developer use only.
[    0.867108] cryptd: max_cpu_qlen set to 1000
[    0.965971] NetLabel: Initializing
[    0.966060] NetLabel:  domain hash size = 128
[    0.966094] NetLabel:  protocols = UNLABELED CIPSOv4 CALIPSO
[    0.966228] NetLabel:  unlabeled traffic allowed by default
[    0.967178] SUN4V: Reboot data supported (maj=1,min=0).
[    0.967541] ds.c:v1.0 (Jul 11, 2007)
[    0.967886] ds-0: ds_conn_reset() from send_events.isra.0
[    0.969354] clocksource: Switched to clocksource stick
[    1.166757] *** VALIDATE bpf ***
[    1.168016] VFS: Disk quotas dquot_6.6.0
[    1.168140] VFS: Dquot-cache hash table entries: 1024 (order 0, 8192 bytes)
[    1.168353] *** VALIDATE ramfs ***
[    1.168402] *** VALIDATE hugetlbfs ***
[    1.169934] AppArmor: AppArmor Filesystem Enabled
[    1.182723] NET: Registered protocol family 2
[    1.184407] tcp_listen_portaddr_hash hash table entries: 32768 (order: 8, 2359296 bytes, linear)
[    1.187299] TCP established hash table entries: 524288 (order: 9, 4194304 bytes, linear)
[    1.189266] TCP bind hash table entries: 65536 (order: 9, 4194304 bytes, linear)
[    1.195423] TCP: Hash tables configured (established 524288 bind 65536)
[    1.197830] UDP hash table entries: 32768 (order: 9, 5242880 bytes, linear)
[    1.204122] UDP-Lite hash table entries: 32768 (order: 9, 5242880 bytes, linear)
[    1.212039] NET: Registered protocol family 1
[    1.212104] NET: Registered protocol family 44
[    1.212633] Trying to unpack rootfs image as initramfs...
[    1.497064] Freeing initrd memory: 10544K
[    1.497770] aes_sparc64: Using sparc64 aes opcodes optimized AES implementation
[    1.754071] des_sparc64: Using sparc64 des opcodes optimized DES implementation
[    2.249068] camellia_sparc64: Using sparc64 camellia opcodes optimized CAMELLIA implementation
[    2.438138] workingset: timestamp_bits=46 max_order=23 bucket_order=0
[    2.458499] SGI XFS with ACLs, security attributes, quota, fatal assert, debug enabled
[    2.464453] *** VALIDATE xfs ***
[    2.478866] Block layer SCSI generic (bsg) driver version 0.4 loaded (major 252)
[    2.479760] io scheduler mq-deadline registered
[    2.482457] f029b788: ttyHV0 at I/O 0x0 (irq = 1, base_baud = 115200) is a SUN4V HCONS
[    2.489374] printk: console [ttyHV0] enabled
[    2.492842] sunvdc.c:v1.2 (November 24, 2014)
[    2.494386] sunvdc: Virtual CDROM vdiskd
[    2.494428] sunvdc: vdiskd: 403160 sectors (196 MB) protocol 1.2
[    2.496119]  vdiskd: vdiskd1 vdiskd2 vdiskd3 vdiskd4 vdiskd5 vdiskd6 vdiskd7
[    2.515959] sunvdc: Virtual Hard disk vdiskc
[    2.516004] sunvdc: vdiskc: 104857600 sectors (51200 MB) protocol 1.2
[    2.535209] sunvdc: Virtual Hard disk vdiskb
[    2.535252] sunvdc: vdiskb: 62914560 sectors (30720 MB) protocol 1.2
[    2.536513]  vdiskb: vdiskb1
[    2.554570] sunvdc: Virtual Hard disk vdiska
[    2.554615] sunvdc: vdiska: 31457280 sectors (15360 MB) protocol 1.2
[    2.556071]  vdiska: vdiska1 vdiska2 vdiska3 vdiska4
[    2.575182] sunvdc: Virtual Hard disk vdiske
[    2.575222] sunvdc: vdiske: 20971520 sectors (10240 MB) protocol 1.2
[    2.576551]  vdiske: vdiske1 vdiske2
[    2.593724] sunvnet: sunvnet 2.0 (February 3, 2017)
[    2.595918] vnet_port vnet-port-0-0 eth0: Sun LDOM vnet 00:14:4f:f8:12:a3
[    2.596138] sunvnet: eth0: PORT ( remote-mac 00:14:4f:fa:f3:f0 switch-port )
[    2.596738] sunvnet: eth0: PORT ( remote-mac 00:14:4f:f8:e5:f3 )
[    2.597317] sunvnet: eth0: PORT ( remote-mac 00:14:4f:f9:b4:97 )
[    2.597885] sunvnet: eth0: PORT ( remote-mac 00:14:4f:f8:3f:1e )
[    2.598462] sunvnet: eth0: PORT ( remote-mac 00:14:4f:f8:fe:47 )
[    2.599034] sunvnet: eth0: PORT ( remote-mac 00:14:4f:f9:8b:83 )
[    2.600309] rtc-sun4v rtc-sun4v: registered as rtc0
[    2.600838] sun4v_wdt: initialized (timeout=60s, nowayout=0)
[    2.601208] device-mapper: uevent: version 1.0.3
[    2.602168] device-mapper: ioctl: 4.41.0-ioctl (2019-09-16) initialised: dm-devel@redhat.com
[    2.603164] NET: Registered protocol family 17
[    2.603732] registered taskstats version 1
[    2.611072] zswap: default zpool zbud not available
[    2.611128] zswap: pool creation failed
[    2.813807] Key type big_key registered
[    2.813878] AppArmor: AppArmor sha1 policy hashing enabled
[    2.814660] rtc-sun4v rtc-sun4v: setting system clock to 2019-12-19T10:57:27 UTC (1576753047)
[    2.818955] This architecture does not have kernel memory protection.
[    2.819003] Run /init as init process
[    3.315557] crc32c_sparc64: Using sparc64 crc32c opcode optimized CRC32C implementation
[    3.401700] random: fast init done
[    3.438340] md127: WARNING: vdiske1 appears to be on the same physical disk as vdiske2.
[    3.438440] True protection against single-disk failure might be compromised.
[    3.439334] md/raid1:md127: active with 2 out of 2 mirrors
[    3.439719] md127: detected capacity change from 0 to 26148864
[    3.829338] raid6: int64x8  gen()  2163 MB/s
[    3.999328] raid6: int64x8  xor()  1563 MB/s
[    4.169311] raid6: int64x4  gen()  3422 MB/s
[    4.339359] raid6: int64x4  xor()  1983 MB/s
[    4.509351] raid6: int64x2  gen()  2817 MB/s
[    4.679363] raid6: int64x2  xor()  1982 MB/s
[    4.849343] raid6: int64x1  gen()  2806 MB/s
[    5.019329] raid6: int64x1  xor()  1603 MB/s
[    5.019389] raid6: using algorithm int64x4 gen() 3422 MB/s
[    5.019433] raid6: .... xor() 1983 MB/s, rmw enabled
[    5.019471] raid6: using intx1 recovery algorithm
[    5.020321] async_tx: api initialized (async)
[    5.020837] xor: automatically using best checksumming function   Niagara   
[    5.229207] EXT4-fs (vdiska2): mounted filesystem with ordered data mode. Opts: (null)
[    7.346984] systemd[1]: Inserted module 'autofs4'
[    7.375543] NET: Registered protocol family 10
[    7.381884] Segment Routing with IPv6
[    7.432116] systemd[1]: systemd 243-9 running in system mode. (+PAM +AUDIT +SELINUX +IMA +APPARMOR +SMACK +SYSVINIT +UTMP +LIBCRYPTSETUP +GCRYPT +GNUTLS +ACL +XZ +LZ4 -SECCOMP +BLKID +ELFUTILS +KMOD +IDN2 -IDN +PCRE2 default-hierarchy=hybrid)
[    7.432768] systemd[1]: Detected architecture sparc64.
[    7.523489] systemd[1]: Set hostname to <ttip.nvglabs.local>.
[    7.566098] systemd[1]: Couldn't move remaining userspace processes, ignoring: Input/output error
[    8.365445] random: lvmconfig: uninitialized urandom read (4 bytes read)
[    9.309797] systemd[1]: /lib/systemd/system/dbus.socket:5: ListenStream= references a path below legacy directory /var/run/, updating /var/run/dbus/system_bus_socket → /run/dbus/system_bus_socket; please update the unit file accordingly.
[    9.627079] systemd[1]: /lib/systemd/system/pcscd.socket:5: ListenStream= references a path below legacy directory /var/run/, updating /var/run/pcscd/pcscd.comm → /run/pcscd/pcscd.comm; please update the unit file accordingly.
[    9.663659] random: systemd: uninitialized urandom read (16 bytes read)
[    9.674158] systemd[1]: Created slice system-getty.slice.
[    9.674650] random: systemd: uninitialized urandom read (16 bytes read)
[    9.678045] systemd[1]: Created slice system-openvpn\x2dclient.slice.
[    9.678297] random: systemd: uninitialized urandom read (16 bytes read)
[    9.681752] systemd[1]: Created slice system-postfix.slice.
[    9.686686] systemd[1]: Created slice system-systemd\x2dfsck.slice.
[    9.910671] EXT4-fs (vdiska2): re-mounted. Opts: errors=remount-ro
[   10.108012] systemd-journald[561]: Received client request to flush runtime journal.
[   11.453854] sha1_sparc64: Using sparc64 sha1 opcode optimized SHA-1 implementation
[   11.517651] n2rng v0.3 (Jan 7, 2017)
[   11.517764] n2rng f029b104: Registered RNG HVAPI major 2 minor 0
[   11.517869] n2rng f029b104: Found multi-unit-capable RNG, units: 2
[   11.518939] n2rng f029b104: RNG ready
[   11.656336] sha256_sparc64: Using sparc64 sha256 opcode optimized SHA-256/SHA-224 implementation
[   11.728060] pktcdvd: setup of pktcdvd device failed
[   11.770640] pktcdvd: setup of pktcdvd device failed
[   11.774358] pktcdvd: setup of pktcdvd device failed
[   11.778073] pktcdvd: setup of pktcdvd device failed
[   11.781998] pktcdvd: setup of pktcdvd device failed
[   11.784917] pktcdvd: setup of pktcdvd device failed
[   11.788018] pktcdvd: setup of pktcdvd device failed
[   11.792186] pktcdvd: setup of pktcdvd device failed
[   11.842125] sha512_sparc64: Using sparc64 sha512 opcode optimized SHA-512/SHA-384 implementation
[   11.846313] md5_sparc64: Using sparc64 md5 opcode optimized MD5 implementation
[   12.501404] XFS (dm-0): Mounting V5 Filesystem
[   12.737386] XFS (dm-0): Ending clean mount
[   12.771664] xfs filesystem being mounted at /1 supports timestamps until 2038 (0x7fffffff)
[   14.559885] random: crng init done
[   14.560012] random: 6 urandom warning(s) missed due to ratelimiting
[   14.829447] Adding 787176k swap on /dev/vdiska4.  Priority:-2 extents:1 across:787176k FS
[   15.125966] EXT4-fs (vdiska1): mounting ext3 file system using the ext4 subsystem
[   15.139115] EXT4-fs (vdiska1): mounted filesystem with ordered data mode. Opts: (null)
[   15.139349] ext3 filesystem being mounted at /boot supports timestamps until 2038 (0x7fffffff)
[   16.144909] Kernel unaligned access at TPC[883898] aa_dfa_unpack+0x38/0x5c0
[   16.145030] Kernel unaligned access at TPC[8838b8] aa_dfa_unpack+0x58/0x5c0
[   16.145086] Kernel unaligned access at TPC[883980] aa_dfa_unpack+0x120/0x5c0
[   16.145144] Kernel unaligned access at TPC[883a60] aa_dfa_unpack+0x200/0x5c0
[   16.145199] Kernel unaligned access at TPC[883a74] aa_dfa_unpack+0x214/0x5c0
[   19.271459] tun: Universal TUN/TAP device driver, 1.6

[   21.089827] ======================================================
[   21.089834] WARNING: possible circular locking dependency detected
[   21.089845] 5.5.0-rc2-00195-g4a94c4332334 #1326 Not tainted
[   21.089851] ------------------------------------------------------
[   21.089859] iptables-restor/1019 is trying to acquire lock:
[   21.089867] 0000000010516120 (&table[i].mutex){+.+.}, at: nfnl_lock+0x24/0x40 [nfnetlink]
[   21.089889] 
               but task is already holding lock:
[   21.089896] 0000000000e676a0 (&net->nft.commit_mutex){+.+.}, at: nf_tables_valid_genid+0x10/0x60 [nf_tables]
[   21.089921] 
               which lock already depends on the new lock.

[   21.089929] 
               the existing dependency chain (in reverse order) is:
[   21.089937] 
               -> #1 (&net->nft.commit_mutex){+.+.}:
[   21.089954]        __mutex_lock+0xac/0x9a0
[   21.089961]        mutex_lock_nested+0x1c/0x40
[   21.089972]        nf_tables_valid_genid+0x10/0x60 [nf_tables]
[   21.089980]        nfnetlink_rcv_batch+0x228/0x620 [nfnetlink]
[   21.089988]        nfnetlink_rcv+0x110/0x140 [nfnetlink]
[   21.089999]        netlink_unicast+0x150/0x260
[   21.090007]        netlink_sendmsg+0x3d8/0x460
[   21.090016]        sock_sendmsg+0x34/0x80
[   21.090023]        ____sys_sendmsg+0x1e4/0x200
[   21.090031]        ___sys_sendmsg+0x48/0x80
[   21.090038]        __sys_sendmsg+0x48/0x80
[   21.090044]        sys_sendmsg+0x18/0x40
[   21.090058]        linux_sparc_syscall+0x34/0x44
[   21.090063] 
               -> #0 (&table[i].mutex){+.+.}:
[   21.090076]        __lock_acquire+0x1b18/0x2520
[   21.090083]        lock_acquire+0x1ac/0x1e0
[   21.090089]        __mutex_lock+0xac/0x9a0
[   21.090096]        mutex_lock_nested+0x1c/0x40
[   21.090103]        nfnl_lock+0x24/0x40 [nfnetlink]
[   21.090115]        ip_set_nfnl_get_byindex+0x190/0x280 [ip_set]
[   21.090125]        set_match_v1_checkentry+0x14/0xc0 [xt_set]
[   21.090140]        xt_check_match+0x240/0x280 [x_tables]
[   21.090151]        __nft_match_init+0x174/0x1a0 [nft_compat]
[   21.090159]        nft_match_init+0x18/0x40 [nft_compat]
[   21.090169]        nf_tables_newrule+0x510/0x7a0 [nf_tables]
[   21.090177]        nfnetlink_rcv_batch+0x3d8/0x620 [nfnetlink]
[   21.090185]        nfnetlink_rcv+0x110/0x140 [nfnetlink]
[   21.090193]        netlink_unicast+0x150/0x260
[   21.090199]        netlink_sendmsg+0x3d8/0x460
[   21.090206]        sock_sendmsg+0x34/0x80
[   21.090212]        ____sys_sendmsg+0x1e4/0x200
[   21.090219]        ___sys_sendmsg+0x48/0x80
[   21.090225]        __sys_sendmsg+0x48/0x80
[   21.090232]        sys_sendmsg+0x18/0x40
[   21.090239]        linux_sparc_syscall+0x34/0x44
[   21.090244] 
               other info that might help us debug this:

[   21.090252]  Possible unsafe locking scenario:

[   21.090259]        CPU0                    CPU1
[   21.090264]        ----                    ----
[   21.090269]   lock(&net->nft.commit_mutex);
[   21.090276]                                lock(&table[i].mutex);
[   21.090284]                                lock(&net->nft.commit_mutex);
[   21.090291]   lock(&table[i].mutex);
[   21.090298] 
                *** DEADLOCK ***

[   21.090306] 1 lock held by iptables-restor/1019:
[   21.090311]  #0: 0000000000e676a0 (&net->nft.commit_mutex){+.+.}, at: nf_tables_valid_genid+0x10/0x60 [nf_tables]
[   21.090328] 
               stack backtrace:
[   21.090336] CPU: 20 PID: 1019 Comm: iptables-restor Not tainted 5.5.0-rc2-00195-g4a94c4332334 #1326
[   21.090344] Call Trace:
[   21.090352]  [00000000004d535c] print_circular_bug.isra.0+0x1bc/0x1e0
[   21.090359]  [00000000004d55a0] check_noncircular+0x220/0x240
[   21.090366]  [00000000004d9b18] __lock_acquire+0x1b18/0x2520
[   21.090373]  [00000000004daeac] lock_acquire+0x1ac/0x1e0
[   21.090380]  [0000000000b6502c] __mutex_lock+0xac/0x9a0
[   21.090387]  [0000000000b6593c] mutex_lock_nested+0x1c/0x40
[   21.090395]  [0000000010514024] nfnl_lock+0x24/0x40 [nfnetlink]
[   21.090404]  [00000000105211d0] ip_set_nfnl_get_byindex+0x190/0x280 [ip_set]
[   21.090413]  [000000001059c694] set_match_v1_checkentry+0x14/0xc0 [xt_set]
[   21.090423]  [00000000103de900] xt_check_match+0x240/0x280 [x_tables]
[   21.090431]  [000000001058ac54] __nft_match_init+0x174/0x1a0 [nft_compat]
[   21.090439]  [000000001058ad18] nft_match_init+0x18/0x40 [nft_compat]
[   21.090450]  [0000000010552190] nf_tables_newrule+0x510/0x7a0 [nf_tables]
[   21.090458]  [0000000010514898] nfnetlink_rcv_batch+0x3d8/0x620 [nfnetlink]
[   21.090466]  [0000000010514bf0] nfnetlink_rcv+0x110/0x140 [nfnetlink]
[   21.090474]  [0000000000a599b0] netlink_unicast+0x150/0x260
