[    0.000020] PROMLIB: Sun IEEE Boot Prom 'OBP 4.38.12 2018/03/28 14:54'
[    0.000031] PROMLIB: Root node compatible: sun4v
[    0.000077] Linux version 5.0.0-10360-g12ad143e1b80 (mator@ttip) (gcc version 8.3.0 (Debian 8.3.0-2)) #933 SMP Mon Mar 11 13:39:56 MSK 2019
[    0.000390] printk: bootconsole [earlyprom0] enabled
[    0.000442] ARCH: SUN4V
[    0.000491] Ethernet address: 00:14:4f:fa:06:f2
[    0.000543] MM: PAGE_OFFSET is 0xfff8000000000000 (max_phys_bits == 47)
[    0.000608] MM: VMALLOC [0x0000000100000000 --> 0x0006000000000000]
[    0.000668] MM: VMEMMAP [0x0006000000000000 --> 0x000c000000000000]
[    0.012082] Kernel: Using 5 locked TLB entries for main kernel image.
[    0.012171] Remapping the kernel... 
[    0.012196] done.
[    0.039710] OF stdout device is: /virtual-devices@100/console@1
[    0.039793] PROM: Built device tree with 75126 bytes of memory.
[    0.039859] MDESC: Size is 31056 bytes.
[    0.039978] PLATFORM: banner-name [SPARC T5-2]
[    0.040031] PLATFORM: name [ORCL,SPARC-T5-2]
[    0.040076] PLATFORM: hostid [84fa06f2]
[    0.040119] PLATFORM: serial# [0035260e]
[    0.040162] PLATFORM: stick-frequency [3b9aca00]
[    0.040211] PLATFORM: mac-address [144ffa06f2]
[    0.040258] PLATFORM: watchdog-resolution [1000 ms]
[    0.040309] PLATFORM: watchdog-max-timeout [31536000000 ms]
[    0.040364] PLATFORM: max-cpus [1024]
[    0.040472] Top of RAM: 0x24af948000, Total RAM: 0x87f386000
[    0.040533] Memory hole size: 115461MB
[    0.044650] Allocated 40960 bytes for kernel page tables.
[    0.044768] Zone ranges:
[    0.044812]   Normal   [mem 0x0000000030400000-0x00000024af947fff]
[    0.044879] Movable zone start for each node
[    0.045932] Early memory node ranges
[    0.045976]   node   0: [mem 0x0000000030400000-0x000000006febffff]
[    0.046039]   node   0: [mem 0x000000006ff40000-0x000000006ff47fff]
[    0.046100]   node   0: [mem 0x0000000070000000-0x000000042fffffff]
[    0.046162]   node   0: [mem 0x0000002030000000-0x00000024af8b5fff]
[    0.046226]   node   0: [mem 0x00000024af940000-0x00000024af947fff]
[    0.053615] Zeroed struct page in unavailable ranges: 230113 pages
[    0.053623] Initmem setup node 0 [mem 0x0000000030400000-0x00000024af947fff]
[    0.053779] On node 0 totalpages: 4454851
[    0.053788]   Normal zone: 39154 pages used for memmap
[    0.053793]   Normal zone: 0 pages reserved
[    0.053799]   Normal zone: 4454851 pages, LIFO batch:31
[    0.251638] Booting Linux...
[    0.251723] CPU CAPS: [flush,stbar,swap,muldiv,v9,blkinit,n2,mul32]
[    0.251804] CPU CAPS: [div32,v8plus,popc,vis,vis2,ASIBlkInit,fmaf,vis3]
[    0.252888] CPU CAPS: [hpc,ima,pause,cbcond,aes,des,kasumi,camellia]
[    0.252972] CPU CAPS: [md5,sha1,sha256,sha512,mpmul,montmul,montsqr,crc32c]
[    0.303157] percpu: Embedded 20 pages/cpu @(____ptrval____) s122120 r8192 d33528 u262144
[    0.303418] pcpu-alloc: s122120 r8192 d33528 u262144 alloc=1*4194304
[    0.303425] pcpu-alloc: [0] 000 001 002 003 004 005 006 007 008 009 010 011 012 013 014 015 
[    0.303451] pcpu-alloc: [0] 016 017 018 019 020 021 022 023 024 025 026 027 028 029 030 031 
[    0.303477] pcpu-alloc: [0] 032 033 034 035 036 037 038 039 040 041 042 043 044 045 046 047 
[    0.303503] pcpu-alloc: [0] 048 049 050 051 052 053 054 055 056 057 058 059 060 061 062 063 
[    0.303529] pcpu-alloc: [0] 064 065 066 067 068 069 070 071 072 073 074 075 076 077 078 079 
[    0.303555] pcpu-alloc: [0] 080 081 082 083 084 085 086 087 088 089 090 091 092 093 094 095 
[    0.303581] pcpu-alloc: [0] 096 097 098 099 100 101 102 103 104 105 106 107 108 109 110 111 
[    0.303607] pcpu-alloc: [0] 112 113 114 115 116 117 118 119 120 121 122 123 124 125 126 127 
[    0.303633] pcpu-alloc: [0] 128 129 130 131 132 133 134 135 136 137 138 139 140 141 142 143 
[    0.303660] pcpu-alloc: [0] 144 145 146 147 148 149 150 151 152 153 154 155 156 157 158 159 
[    0.303686] pcpu-alloc: [0] 160 161 162 163 164 165 166 167 168 169 170 171 172 173 174 175 
[    0.303712] pcpu-alloc: [0] 176 177 178 179 180 181 182 183 184 185 186 187 188 189 190 191 
[    0.303739] pcpu-alloc: [0] 192 193 194 195 196 197 198 199 200 201 202 203 204 205 206 207 
[    0.303765] pcpu-alloc: [0] 208 209 210 211 212 213 214 215 216 217 218 219 220 221 222 223 
[    0.303791] pcpu-alloc: [0] 224 225 226 227 228 229 230 231 232 233 234 235 236 237 238 239 
[    0.303817] pcpu-alloc: [0] 240 241 242 243 244 245 246 247 248 249 250 251 252 253 254 255 
[    0.304259] SUN4V: Mondo queue sizes [cpu(131072) dev(16384) r(8192) nr(256)]
[    0.304563] Built 1 zonelists, mobility grouping on.  Total pages: 4415697
[    0.304655] Kernel command line: BOOT_IMAGE=/vmlinuz-5.0.0-10360-g12ad143e1b80 root=/dev/vdiska2 ro zswap.enabled=1 selinux=0
[    0.307193] printk: log_buf_len individual max cpu contribution: 4096 bytes
[    0.307286] printk: log_buf_len total cpu_extra contributions: 1044480 bytes
[    0.307355] printk: log_buf_len min size: 131072 bytes
[    0.308741] printk: log_buf_len: 2097152 bytes
[    0.308798] printk: early log buf free: 125936(96%)
[    0.315156] Dentry cache hash table entries: 8388608 (order: 13, 67108864 bytes)
[    0.318452] Inode-cache hash table entries: 4194304 (order: 12, 33554432 bytes)
[    0.318547] Sorting __ex_table...
[    0.397341] Memory: 35116696K/35638808K available (6176K kernel code, 854K rwdata, 1784K rodata, 888K init, 8176K bss, 522112K reserved, 0K cma-reserved)
[    0.398889] ftrace: allocating 18764 entries in 37 pages
[    0.408282] kmemleak: Kernel memory leak detector disabled
[    0.413368] Running RCU self tests
[    0.413444] rcu: Hierarchical RCU implementation.
[    0.413499] rcu: 	RCU event tracing is enabled.
[    0.413550] rcu: 	RCU lockdep checking is enabled.
[    0.414615] 	Tasks RCU enabled.
[    0.414666] rcu: RCU calculated value of scheduler-enlistment delay is 11 jiffies.
[    0.420488] NR_IRQS: 2048, nr_irqs: 2048, preallocated irqs: 1
[    0.420614] SUN4V: Using IRQ API major 3, cookie only virqs enabled
[    0.424786] clocksource: stick: mask: 0xffffffffffffffff max_cycles: 0x1cd42e4dffb, max_idle_ns: 881590591483 ns
[    0.424918] clocksource: mult[800000] shift[23]
[    0.424967] clockevent: mult[80000000] shift[31]
[    0.428858] Console: colour dummy device 80x25
[    0.428948] printk: console [tty0] enabled
[    0.429027] printk: bootconsole [earlyprom0] disabled
[    0.429113] Lock dependency validator: Copyright (c) 2006 Red Hat, Inc., Ingo Molnar
[    0.429160] ... MAX_LOCKDEP_SUBCLASSES:  8
[    0.429188] ... MAX_LOCK_DEPTH:          48
[    0.429217] ... MAX_LOCKDEP_KEYS:        8191
[    0.429247] ... CLASSHASH_SIZE:          4096
[    0.429277] ... MAX_LOCKDEP_ENTRIES:     16384
[    0.429307] ... MAX_LOCKDEP_CHAINS:      32768
[    0.429337] ... CHAINHASH_SIZE:          16384
[    0.429367]  memory used by lock dependency info: 5261 kB
[    0.429401]  per task-struct memory footprint: 1920 bytes
[    0.429613] kmemleak: Early log buffer exceeded (4316), please increase DEBUG_KMEMLEAK_EARLY_LOG_SIZE
[    0.575676] Calibrating delay using timer specific routine.. 2017.64 BogoMIPS (lpj=10088211)
[    0.575742] pid_max: default: 262144 minimum: 2048
[    0.576877] LSM: Security Framework initializing
[    0.588629] AppArmor: AppArmor initialized
[    0.589269] Mount-cache hash table entries: 131072 (order: 7, 1048576 bytes)
[    0.589429] Mountpoint-cache hash table entries: 131072 (order: 7, 1048576 bytes)
[    0.594526] rcu: Hierarchical SRCU implementation.
[    0.618943] smp: Bringing up secondary CPUs ...
[    0.682160] smp: Brought up 1 node, 24 CPUs
[    0.689814] devtmpfs: initialized
[    0.695393] Performance events: 
[    0.695445] Testing NMI watchdog ... 
[    0.895565] OK.
[    0.895736] Supported PMU type is 'niagara5'
[    0.896065] random: get_random_u32 called from bucket_table_alloc.isra.4+0x13c/0x1c0 with crng_init=0
[    0.896932] ldc.c:v1.1 (July 22, 2008)
[    0.900029] clocksource: jiffies: mask: 0xffffffff max_cycles: 0xffffffff, max_idle_ns: 19112604462750000 ns
[    0.900131] futex hash table entries: 65536 (order: 10, 8388608 bytes)
[    0.909905] NET: Registered protocol family 16
[    0.919441] VIO: Adding device channel-devices (tx_ino = ffffffffffffffff, rx_ino = ffffffffffffffff)
[    0.919715] VIO: Adding device vnet-port-0-0 (tx_ino = 0, rx_ino = 1)
[    0.919950] VIO: Adding device vnet-port-0-1 (tx_ino = 2, rx_ino = 3)
[    0.920144] VIO: Adding device vnet-port-0-2 (tx_ino = 4, rx_ino = 5)
[    0.920336] VIO: Adding device vnet-port-0-3 (tx_ino = 6, rx_ino = 7)
[    0.920542] VIO: Adding device vnet-port-0-4 (tx_ino = 8, rx_ino = 9)
[    0.920736] VIO: Adding device vnet-port-0-5 (tx_ino = 16, rx_ino = 17)
[    0.920929] VIO: Adding device vdc-port-3-0 (tx_ino = a, rx_ino = b)
[    0.921127] VIO: Adding device vdc-port-2-0 (tx_ino = c, rx_ino = d)
[    0.921328] VIO: Adding device vdc-port-1-0 (tx_ino = e, rx_ino = f)
[    0.921528] VIO: Adding device vdc-port-0-0 (tx_ino = 10, rx_ino = 11)
[    0.921721] VIO: Adding device vlds-port-0-0 (tx_ino = 12, rx_ino = 13)
[    0.921916] VIO: Adding device domain-services-port-0 (tx_ino = 12, rx_ino = 13)
[    0.922327] audit: initializing netlink subsys (disabled)
[    0.922732] audit: type=2000 audit(0.490:1): state=initialized audit_enabled=0 res=1
[    0.970537] HugeTLB registered 64.0 KiB page size, pre-allocated 0 pages
[    0.970591] HugeTLB registered 8.00 MiB page size, pre-allocated 0 pages
[    0.970634] HugeTLB registered 256 MiB page size, pre-allocated 0 pages
[    0.970676] HugeTLB registered 2.00 GiB page size, pre-allocated 0 pages
[    0.983604] SUN4V: Reboot data supported (maj=1,min=0).
[    0.984049] ds.c:v1.0 (Jul 11, 2007)
[    0.984471] ds-0: ds_conn_reset() from send_events.isra.3
[    0.986027] clocksource: Switched to clocksource stick
[    1.174692] VFS: Disk quotas dquot_6.6.0
[    1.175190] VFS: Dquot-cache hash table entries: 1024 (order 0, 8192 bytes)
[    1.177972] AppArmor: AppArmor Filesystem Enabled
[    1.197747] NET: Registered protocol family 2
[    1.200303] tcp_listen_portaddr_hash hash table entries: 32768 (order: 8, 2359296 bytes)
[    1.203634] TCP established hash table entries: 524288 (order: 9, 4194304 bytes)
[    1.205685] TCP bind hash table entries: 65536 (order: 9, 4194304 bytes)
[    1.211871] TCP: Hash tables configured (established 524288 bind 65536)
[    1.219378] UDP hash table entries: 32768 (order: 9, 5242880 bytes)
[    1.226715] UDP-Lite hash table entries: 32768 (order: 9, 5242880 bytes)
[    1.241773] NET: Registered protocol family 1
[    1.242719] Unpacking initramfs...
[    1.559234] Freeing initrd memory: 10184K
[    1.599249] workingset: timestamp_bits=46 max_order=23 bucket_order=0
[    1.601455] zbud: loaded
[    1.606972] alg: extra crypto tests enabled.  This is intended for developer use only.
[    1.753361] alg: No test for lzo-rle (lzo-rle-generic)
[    1.761224] alg: No test for lzo-rle (lzo-rle-scomp)
[    1.891598] Block layer SCSI generic (bsg) driver version 0.4 loaded (major 252)
[    1.893391] io scheduler mq-deadline registered
[    1.893433] io scheduler kyber registered
[    1.895189] f029b788: ttyS0 at I/O 0x0 (irq = 1, base_baud = 115200) is a SUN4V HCONS
[    1.901077] printk: console [ttyHV0] enabled
[    1.904896] sunvdc.c:v1.2 (November 24, 2014)
[    1.912655] sunvdc: Virtual CDROM vdiskd
[    1.912734] sunvdc: vdiskd: 403160 sectors (196 MB) protocol 1.2
[    1.914457]  vdiskd: vdiskd1 vdiskd2 vdiskd3 vdiskd4 vdiskd5 vdiskd6 vdiskd7
[    1.971208] sunvdc: Virtual Hard disk vdiskc
[    1.971262] sunvdc: vdiskc: 104857600 sectors (51200 MB) protocol 1.2
[    2.024106] sunvdc: Virtual Hard disk vdiskb
[    2.024160] sunvdc: vdiskb: 62914560 sectors (30720 MB) protocol 1.2
[    2.026717]  vdiskb: vdiskb1
[    2.079049] sunvdc: Virtual Hard disk vdiska
[    2.079103] sunvdc: vdiska: 31457280 sectors (15360 MB) protocol 1.2
[    2.080133]  vdiska: vdiska1 vdiska2 vdiska3 vdiska4
[    2.126465] sunvnet: sunvnet 2.0 (February 3, 2017)
[    2.130074] vnet_port vnet-port-0-0 eth0: Sun LDOM vnet 00:14:4f:f8:12:a3
[    2.130718] sunvnet: eth0: PORT ( remote-mac 00:14:4f:fa:f3:f0 switch-port )
[    2.132106] sunvnet: eth0: PORT ( remote-mac 00:14:4f:f8:e5:f3 )
[    2.133473] sunvnet: eth0: PORT ( remote-mac 00:14:4f:f9:b4:97 )
[    2.134824] sunvnet: eth0: PORT ( remote-mac 00:14:4f:f9:8b:83 )
[    2.136230] sunvnet: eth0: PORT ( remote-mac 00:14:4f:f8:3f:1e )
[    2.137576] sunvnet: eth0: PORT ( remote-mac 00:14:4f:f8:fe:47 )
[    2.138717] mousedev: PS/2 mouse device common for all mice
[    2.139989] rtc-sun4v rtc-sun4v: registered as rtc0
[    2.140484] device-mapper: uevent: version 1.0.3
[    2.141647] device-mapper: ioctl: 4.40.0-ioctl (2019-01-18) initialised: dm-devel@redhat.com
[    2.143317] NET: Registered protocol family 17
[    2.144662] registered taskstats version 1
[    2.147818] zswap: loaded using pool lzo/zbud
[    2.275249] Key type big_key registered
[    2.275324] AppArmor: AppArmor sha1 policy hashing enabled
[    2.276317] rtc-sun4v rtc-sun4v: setting system clock to 2019-03-11T10:58:33 UTC (1552301913)
[    2.280960] This architecture does not have kernel memory protection.
[    2.281025] Run /init as init process
[    3.234623] crc32c_sparc64: Using sparc64 crc32c opcode optimized CRC32C implementation
[    3.271586] random: fast init done
[    3.705922] raid6: int64x8  gen()  2047 MB/s
[    3.875948] raid6: int64x8  xor()  1522 MB/s
[    4.045959] raid6: int64x4  gen()  3304 MB/s
[    4.215956] raid6: int64x4  xor()  1946 MB/s
[    4.385951] raid6: int64x2  gen()  2719 MB/s
[    4.555951] raid6: int64x2  xor()  1937 MB/s
[    4.725956] raid6: int64x1  gen()  2564 MB/s
[    4.895960] raid6: int64x1  xor()  1604 MB/s
[    4.896010] raid6: using algorithm int64x4 gen() 3304 MB/s
[    4.896048] raid6: .... xor() 1946 MB/s, rmw enabled
[    4.896083] raid6: using intx1 recovery algorithm
[    4.897242] async_tx: api initialized (async)
[    4.898066] xor: automatically using best checksumming function   Niagara   
[    5.136493] EXT4-fs (vdiska2): mounted filesystem with ordered data mode. Opts: (null)
[    5.403197] systemd[1]: Inserted module 'autofs4'
[    5.413601] NET: Registered protocol family 10
[    5.427409] Segment Routing with IPv6
[    5.461506] systemd[1]: systemd 241 running in system mode. (+PAM +AUDIT +SELINUX +IMA +APPARMOR +SMACK +SYSVINIT +UTMP +LIBCRYPTSETUP +GCRYPT +GNUTLS +ACL +XZ +LZ4 -SECCOMP +BLKID +ELFUTILS +KMOD -IDN2 +IDN -PCRE2 default-hierarchy=hybrid)
[    5.462150] systemd[1]: Detected architecture sparc64.
[    5.480555] systemd[1]: Set hostname to <ttip>.
[    5.486084] Kernel unaligned access at TPC[46f0f8] __do_proc_doulongvec_minmax+0x118/0x3e0
[    5.608517] random: lvmconfig: uninitialized urandom read (4 bytes read)
[    5.778003] systemd[1]: File /lib/systemd/system/systemd-journald.service:12 configures an IP firewall (IPAddressDeny=any), but the local system does not support BPF/cgroup based firewalling.
[    5.778129] systemd[1]: Proceeding WITHOUT firewalling in effect! (This warning is only shown for the first loaded unit using IP firewalling.)
[    5.791217] systemd[1]: /lib/systemd/system/auditd.service:11: PIDFile= references path below legacy directory /var/run/, updating /var/run/auditd.pid → /run/auditd.pid; please update the unit file accordingly.
[    5.904101] systemd[1]: /lib/systemd/system/smbd.service:9: PIDFile= references path below legacy directory /var/run/, updating /var/run/samba/smbd.pid → /run/samba/smbd.pid; please update the unit file accordingly.
[    5.904813] systemd[1]: /lib/systemd/system/nmbd.service:9: PIDFile= references path below legacy directory /var/run/, updating /var/run/samba/nmbd.pid → /run/samba/nmbd.pid; please update the unit file accordingly.
[    5.942448] random: systemd: uninitialized urandom read (16 bytes read)
[    5.950198] random: systemd: uninitialized urandom read (16 bytes read)
[    5.963983] systemd[1]: Created slice system-systemd\x2dfsck.slice.
[    5.969761] systemd[1]: Created slice system-getty.slice.
[    6.181771] EXT4-fs (vdiska2): re-mounted. Opts: errors=remount-ro
[    6.358447] systemd-journald[400]: Received request to flush runtime journal from PID 1
[    7.237757] sha1_sparc64: Using sparc64 sha1 opcode optimized SHA-1 implementation
[    7.244917] n2rng v0.3 (Jan 7, 2017)
[    7.245076] n2rng f029b104: Registered RNG HVAPI major 2 minor 0
[    7.245193] n2rng f029b104: Found multi-unit-capable RNG, units: 2
[    7.246869] n2rng f029b104: RNG ready
[    7.290286] sha256_sparc64: Using sparc64 sha256 opcode optimized SHA-256/SHA-224 implementation
[    7.321502] sha512_sparc64: Using sparc64 sha512 opcode optimized SHA-512/SHA-384 implementation
[    7.323314] md5_sparc64: Using sparc64 md5 opcode optimized MD5 implementation
[    7.341709] aes_sparc64: Using sparc64 aes opcodes optimized AES implementation
[    7.446772] des_sparc64: Using sparc64 des opcodes optimized DES implementation
[    7.568192] camellia_sparc64: Using sparc64 camellia opcodes optimized CAMELLIA implementation
[    8.825523] SGI XFS with ACLs, security attributes, debug enabled
[    8.861344] XFS (dm-0): Mounting V5 Filesystem
[    8.898655] XFS (dm-0): Ending clean mount
[   10.441086] Adding 787176k swap on /dev/vdiska4.  Priority:-2 extents:1 across:787176k FS
[   10.544281] EXT4-fs (vdiska1): mounting ext3 file system using the ext4 subsystem
[   10.555623] EXT4-fs (vdiska1): mounted filesystem with ordered data mode. Opts: (null)
[   11.901445] random: crng init done
[   11.901507] random: 7 urandom warning(s) missed due to ratelimiting
