[    0.000016] PROMLIB: Sun IEEE Boot Prom 'OBP 4.38.12 2018/03/28 14:54'
[    0.000028] PROMLIB: Root node compatible: sun4v
[    0.000072] Linux version 4.19.0-04681-g01aa9d518eae (mator@ttip) (gcc version 8.2.0 (Debian 8.2.0-8)) #746 SMP Thu Oct 25 14:08:34 MSK 2018
[    0.000376] bootconsole [earlyprom0] enabled
[    0.000423] ARCH: SUN4V
[    0.000473] Ethernet address: 00:14:4f:fa:06:f2
[    0.000524] MM: PAGE_OFFSET is 0xfff8000000000000 (max_phys_bits == 47)
[    0.000590] MM: VMALLOC [0x0000000100000000 --> 0x0006000000000000]
[    0.000652] MM: VMEMMAP [0x0006000000000000 --> 0x000c000000000000]
[    0.013459] Kernel: Using 5 locked TLB entries for main kernel image.
[    0.013527] Remapping the kernel... 
[    0.013554] done.
[    0.042939] OF stdout device is: /virtual-devices@100/console@1
[    0.043002] PROM: Built device tree with 74449 bytes of memory.
[    0.043063] MDESC: Size is 30480 bytes.
[    0.043170] PLATFORM: banner-name [SPARC T5-2]
[    0.043220] PLATFORM: name [ORCL,SPARC-T5-2]
[    0.043267] PLATFORM: hostid [84fa06f2]
[    0.043311] PLATFORM: serial# [0035260e]
[    0.043355] PLATFORM: stick-frequency [3b9aca00]
[    0.043404] PLATFORM: mac-address [144ffa06f2]
[    0.043452] PLATFORM: watchdog-resolution [1000 ms]
[    0.043503] PLATFORM: watchdog-max-timeout [31536000000 ms]
[    0.043561] PLATFORM: max-cpus [1024]
[    0.043650] Top of RAM: 0x24af948000, Total RAM: 0x87f384000
[    0.043711] Memory hole size: 115461MB
[    0.047913] Allocated 40960 bytes for kernel page tables.
[    0.047990] Zone ranges:
[    0.048028]   Normal   [mem 0x0000000030400000-0x00000024af947fff]
[    0.048095] Movable zone start for each node
[    0.048141] Early memory node ranges
[    0.048182]   node   0: [mem 0x0000000030400000-0x000000006febffff]
[    0.048244]   node   0: [mem 0x000000006ff40000-0x000000006ff47fff]
[    0.048306]   node   0: [mem 0x0000000070000000-0x000000042fffffff]
[    0.048368]   node   0: [mem 0x0000002030000000-0x00000024af8b3fff]
[    0.048429]   node   0: [mem 0x00000024af940000-0x00000024af947fff]
[    0.048500] Initmem setup node 0 [mem 0x0000000030400000-0x00000024af947fff]
[    0.048570] On node 0 totalpages: 4454850
[    0.048577]   Normal zone: 39154 pages used for memmap
[    0.048582]   Normal zone: 0 pages reserved
[    0.048588]   Normal zone: 4454850 pages, LIFO batch:31
[    0.246047] Booting Linux...
[    0.246134] CPU CAPS: [flush,stbar,swap,muldiv,v9,blkinit,n2,mul32]
[    0.246246] CPU CAPS: [div32,v8plus,popc,vis,vis2,ASIBlkInit,fmaf,vis3]
[    0.246353] CPU CAPS: [hpc,ima,pause,cbcond,aes,des,kasumi,camellia]
[    0.246456] CPU CAPS: [md5,sha1,sha256,sha512,mpmul,montmul,montsqr,crc32c]
[    0.297576] percpu: Embedded 20 pages/cpu @(____ptrval____) s122888 r8192 d32760 u262144
[    0.297809] pcpu-alloc: s122888 r8192 d32760 u262144 alloc=1*4194304
[    0.297819] pcpu-alloc: [0] 000 001 002 003 004 005 006 007 008 009 010 011 012 013 014 015 
[    0.297907] pcpu-alloc: [0] 016 017 018 019 020 021 022 023 024 025 026 027 028 029 030 031 
[    0.297994] pcpu-alloc: [0] 032 033 034 035 036 037 038 039 040 041 042 043 044 045 046 047 
[    0.298081] pcpu-alloc: [0] 048 049 050 051 052 053 054 055 056 057 058 059 060 061 062 063 
[    0.298167] pcpu-alloc: [0] 064 065 066 067 068 069 070 071 072 073 074 075 076 077 078 079 
[    0.298254] pcpu-alloc: [0] 080 081 082 083 084 085 086 087 088 089 090 091 092 093 094 095 
[    0.298341] pcpu-alloc: [0] 096 097 098 099 100 101 102 103 104 105 106 107 108 109 110 111 
[    0.298428] pcpu-alloc: [0] 112 113 114 115 116 117 118 119 120 121 122 123 124 125 126 127 
[    0.298515] pcpu-alloc: [0] 128 129 130 131 132 133 134 135 136 137 138 139 140 141 142 143 
[    0.298602] pcpu-alloc: [0] 144 145 146 147 148 149 150 151 152 153 154 155 156 157 158 159 
[    0.298688] pcpu-alloc: [0] 160 161 162 163 164 165 166 167 168 169 170 171 172 173 174 175 
[    0.298775] pcpu-alloc: [0] 176 177 178 179 180 181 182 183 184 185 186 187 188 189 190 191 
[    0.298862] pcpu-alloc: [0] 192 193 194 195 196 197 198 199 200 201 202 203 204 205 206 207 
[    0.298949] pcpu-alloc: [0] 208 209 210 211 212 213 214 215 216 217 218 219 220 221 222 223 
[    0.299036] pcpu-alloc: [0] 224 225 226 227 228 229 230 231 232 233 234 235 236 237 238 239 
[    0.299123] pcpu-alloc: [0] 240 241 242 243 244 245 246 247 248 249 250 251 252 253 254 255 
[    0.299613] SUN4V: Mondo queue sizes [cpu(131072) dev(16384) r(8192) nr(256)]
[    0.299924] Built 1 zonelists, mobility grouping on.  Total pages: 4415696
[    0.300012] Kernel command line: BOOT_IMAGE=/vmlinuz-4.19.0-04681-g01aa9d518eae root=/dev/vdiska2 ro zswap.enabled=1 elevator=deadline
[    0.302314] log_buf_len individual max cpu contribution: 4096 bytes
[    0.302380] log_buf_len total cpu_extra contributions: 1044480 bytes
[    0.302443] log_buf_len min size: 131072 bytes
[    0.302810] log_buf_len: 2097152 bytes
[    0.302856] early log buf free: 126032(96%)
[    0.309168] Dentry cache hash table entries: 8388608 (order: 13, 67108864 bytes)
[    0.312399] Inode-cache hash table entries: 4194304 (order: 12, 33554432 bytes)
[    0.312469] Sorting __ex_table...
[    0.399167] Memory: 35110472K/35638800K available (6144K kernel code, 822K rwdata, 1832K rodata, 888K init, 7651K bss, 528328K reserved, 0K cma-reserved)
[    0.399486] kmemleak: Kernel memory leak detector disabled
[    0.400400] ftrace: allocating 18719 entries in 37 pages
[    0.413960] Running RCU self tests
[    0.414006] rcu: Hierarchical RCU implementation.
[    0.414055] rcu: 	RCU event tracing is enabled.
[    0.414103] rcu: 	RCU lockdep checking is enabled.
[    0.414153] 	Tasks RCU enabled.
[    0.414190] rcu: RCU calculated value of scheduler-enlistment delay is 11 jiffies.
[    0.419316] NR_IRQS: 2048, nr_irqs: 2048, preallocated irqs: 1
[    0.419397] SUN4V: Using IRQ API major 3, cookie only virqs enabled
[    0.423532] clocksource: stick: mask: 0xffffffffffffffff max_cycles: 0x1cd42e4dffb, max_idle_ns: 881590591483 ns
[    0.423662] clocksource: mult[800000] shift[23]
[    0.423711] clockevent: mult[80000000] shift[31]
[    0.426826] Console: colour dummy device 80x25
[    0.426889] console [tty0] enabled
[    0.426956] bootconsole [earlyprom0] disabled
[    0.427030] Lock dependency validator: Copyright (c) 2006 Red Hat, Inc., Ingo Molnar
[    0.427076] ... MAX_LOCKDEP_SUBCLASSES:  8
[    0.427104] ... MAX_LOCK_DEPTH:          48
[    0.427132] ... MAX_LOCKDEP_KEYS:        8191
[    0.427161] ... CLASSHASH_SIZE:          4096
[    0.427190] ... MAX_LOCKDEP_ENTRIES:     16384
[    0.427219] ... MAX_LOCKDEP_CHAINS:      32768
[    0.427248] ... CHAINHASH_SIZE:          16384
[    0.427277]  memory used by lock dependency info: 4959 kB
[    0.427311]  per task-struct memory footprint: 1920 bytes
[    0.427544] kmemleak: Early log buffer exceeded (24673), please increase DEBUG_KMEMLEAK_EARLY_LOG_SIZE
[    0.573929] Calibrating delay using timer specific routine.. 2003.67 BogoMIPS (lpj=10018395)
[    0.573985] pid_max: default: 262144 minimum: 2048
[    0.575125] LSM: Security Framework initializing
[    0.575164] AppArmor: AppArmor disabled by boot time parameter
[    0.575756] Mount-cache hash table entries: 131072 (order: 7, 1048576 bytes)
[    0.575914] Mountpoint-cache hash table entries: 131072 (order: 7, 1048576 bytes)
[    0.580605] rcu: Hierarchical SRCU implementation.
[    0.602895] smp: Bringing up secondary CPUs ...
[    0.659100] smp: Brought up 1 node, 24 CPUs
[    0.663157] devtmpfs: initialized
[    0.668681] Performance events: 
[    0.668717] Testing NMI watchdog ... 
[    0.868812] OK.
[    0.868942] Supported PMU type is 'niagara5'
[    0.869238] random: get_random_u32 called from bucket_table_alloc.isra.4+0x140/0x1c0 with crng_init=0
[    0.869961] ldc.c:v1.1 (July 22, 2008)
[    0.872632] clocksource: jiffies: mask: 0xffffffff max_cycles: 0xffffffff, max_idle_ns: 19112604462750000 ns
[    0.872718] futex hash table entries: 65536 (order: 10, 8388608 bytes)
[    0.882618] NET: Registered protocol family 16
[    0.891692] VIO: Adding device channel-devices (tx_ino = ffffffffffffffff, rx_ino = ffffffffffffffff)
[    0.891914] VIO: Adding device vnet-port-0-0 (tx_ino = 0, rx_ino = 1)
[    0.892135] VIO: Adding device vnet-port-0-1 (tx_ino = 2, rx_ino = 3)
[    0.892319] VIO: Adding device vnet-port-0-2 (tx_ino = 4, rx_ino = 5)
[    0.892510] VIO: Adding device vnet-port-0-3 (tx_ino = 6, rx_ino = 7)
[    0.892701] VIO: Adding device vdc-port-3-0 (tx_ino = 8, rx_ino = 9)
[    0.892884] VIO: Adding device vdc-port-2-0 (tx_ino = a, rx_ino = b)
[    0.893067] VIO: Adding device vdc-port-1-0 (tx_ino = c, rx_ino = d)
[    0.893262] VIO: Adding device vdc-port-0-0 (tx_ino = e, rx_ino = f)
[    0.893448] VIO: Adding device vlds-port-0-0 (tx_ino = 10, rx_ino = 11)
[    0.893639] VIO: Adding device domain-services-port-0 (tx_ino = 10, rx_ino = 11)
[    0.894033] audit: initializing netlink subsys (disabled)
[    0.894376] audit: type=2000 audit(0.460:1): state=initialized audit_enabled=0 res=1
[    0.951370] HugeTLB registered 64.0 KiB page size, pre-allocated 0 pages
[    0.951417] HugeTLB registered 8.00 MiB page size, pre-allocated 0 pages
[    0.951460] HugeTLB registered 256 MiB page size, pre-allocated 0 pages
[    0.951502] HugeTLB registered 2.00 GiB page size, pre-allocated 0 pages
[    0.963000] SUN4V: Reboot data supported (maj=1,min=0).
[    0.963407] ds.c:v1.0 (Jul 11, 2007)
[    0.963799] ds-0: ds_conn_reset() from send_events.isra.3
[    0.965251] clocksource: Switched to clocksource stick
[    1.141282] VFS: Disk quotas dquot_6.6.0
[    1.141517] VFS: Dquot-cache hash table entries: 1024 (order 0, 8192 bytes)
[    1.160046] NET: Registered protocol family 2
[    1.164797] tcp_listen_portaddr_hash hash table entries: 32768 (order: 8, 2359296 bytes)
[    1.168139] TCP established hash table entries: 524288 (order: 9, 4194304 bytes)
[    1.170165] TCP bind hash table entries: 65536 (order: 9, 4194304 bytes)
[    1.175919] TCP: Hash tables configured (established 524288 bind 65536)
[    1.182434] UDP hash table entries: 32768 (order: 9, 5242880 bytes)
[    1.189666] UDP-Lite hash table entries: 32768 (order: 9, 5242880 bytes)
[    1.203698] NET: Registered protocol family 1
[    1.204421] Unpacking initramfs...
[    1.641436] Freeing initrd memory: 16944K
[    1.684430] workingset: timestamp_bits=46 max_order=23 bucket_order=0
[    1.685811] zbud: loaded
[    1.738506] Block layer SCSI generic (bsg) driver version 0.4 loaded (major 252)
[    1.740078] io scheduler noop registered
[    1.740110] io scheduler deadline registered (default)
[    1.740811] io scheduler cfq registered
[    1.740842] io scheduler mq-deadline registered (default)
[    1.740879] io scheduler kyber registered
[    1.743989] f029b788: ttyS0 at I/O 0x0 (irq = 1, base_baud = 115200) is a SUN4V HCONS
[    1.744822] console [ttyHV0] enabled
[    1.748065] sunvdc.c:v1.2 (November 24, 2014)
[    1.750738] sunvdc: Virtual CDROM vdiskd
[    1.750788] sunvdc: vdiskd: 403160 sectors (196 MB) protocol 1.2
[    1.751850]  vdiskd: vdiskd1 vdiskd2 vdiskd3 vdiskd4 vdiskd5 vdiskd6 vdiskd7
[    1.763691] sunvdc: Virtual Hard disk vdiskc
[    1.763728] sunvdc: vdiskc: 104857600 sectors (51200 MB) protocol 1.2
[    1.770480] sunvdc: Virtual Hard disk vdiskb
[    1.770516] sunvdc: vdiskb: 62914560 sectors (30720 MB) protocol 1.2
[    1.782703]  vdiskb: vdiskb1
[    1.789433] sunvdc: Virtual Hard disk vdiska
[    1.789469] sunvdc: vdiska: 31457280 sectors (15360 MB) protocol 1.2
[    1.790147]  vdiska: vdiska1 vdiska2 vdiska3 vdiska4
[    1.793186] sunvnet: sunvnet 2.0 (February 3, 2017)
[    1.796645] vnet_port vnet-port-0-0 eth0: Sun LDOM vnet 00:14:4f:f8:12:a3
[    1.797198] sunvnet: eth0: PORT ( remote-mac 00:14:4f:fa:f3:f0 switch-port )
[    1.798471] sunvnet: eth0: PORT ( remote-mac 00:14:4f:f8:e5:f3 )
[    1.799744] sunvnet: eth0: PORT ( remote-mac 00:14:4f:f9:b4:97 )
[    1.801010] sunvnet: eth0: PORT ( remote-mac 00:14:4f:f9:8b:83 )
[    1.801952] mousedev: PS/2 mouse device common for all mice
[    1.803067] rtc-sun4v rtc-sun4v: rtc core: registered sun4v as rtc0
[    1.804212] device-mapper: uevent: version 1.0.3
[    1.805351] device-mapper: ioctl: 4.39.0-ioctl (2018-04-03) initialised: dm-devel@redhat.com
[    1.806865] NET: Registered protocol family 17
[    1.808044] registered taskstats version 1
[    1.810947] zswap: loaded using pool lzo/zbud
[    1.831343] Key type big_key registered
[    1.832154] rtc-sun4v rtc-sun4v: setting system clock to 2018-10-25 12:44:05 UTC (1540471445)
[    1.836686] This architecture does not have kernel memory protection.
[    1.836732] Run /init as init process
[    2.706732] crc32c_sparc64: Using sparc64 crc32c opcode optimized CRC32C implementation
[    3.165217] raid6: int64x1  gen()  2774 MB/s
[    3.335180] raid6: int64x1  xor()  1655 MB/s
[    3.505237] raid6: int64x2  gen()  3029 MB/s
[    3.675204] raid6: int64x2  xor()  1996 MB/s
[    3.845217] raid6: int64x4  gen()  3426 MB/s
[    4.015191] raid6: int64x4  xor()  1987 MB/s
[    4.185235] raid6: int64x8  gen()  2182 MB/s
[    4.355216] raid6: int64x8  xor()  1565 MB/s
[    4.355251] raid6: using algorithm int64x4 gen() 3426 MB/s
[    4.355289] raid6: .... xor() 1987 MB/s, rmw enabled
[    4.355324] raid6: using intx1 recovery algorithm
[    4.356555] async_tx: api initialized (async)
[    4.357270] xor: automatically using best checksumming function   Niagara   
[    4.571950] random: fast init done
[    4.579932] EXT4-fs (vdiska2): mounted filesystem with ordered data mode. Opts: (null)
[    6.171386] NET: Registered protocol family 10
[    6.183558] Segment Routing with IPv6
[    6.259513] systemd[1]: systemd 239 running in system mode. (+PAM +AUDIT +SELINUX +IMA +APPARMOR +SMACK +SYSVINIT +UTMP +LIBCRYPTSETUP +GCRYPT +GNUTLS +ACL +XZ +LZ4 -SECCOMP +BLKID +ELFUTILS +KMOD -IDN2 +IDN -PCRE2 default-hierarchy=hybrid)
[    6.260095] systemd[1]: Detected architecture sparc64.
[    6.324306] systemd[1]: Set hostname to <ttip>.
[    8.545002] random: systemd: uninitialized urandom read (16 bytes read)
[    8.556164] systemd[1]: Created slice system-systemd\x2dfsck.slice.
[    8.557279] random: systemd: uninitialized urandom read (16 bytes read)
[    8.558027] systemd[1]: Listening on Journal Audit Socket.
[    8.558489] random: systemd: uninitialized urandom read (16 bytes read)
[    8.559226] systemd[1]: Listening on fsck to fsckd communication Socket.
[    8.561999] systemd[1]: Listening on Syslog Socket.
[    8.566586] systemd[1]: Created slice User and Session Slice.
[    8.567071] systemd[1]: Reached target Slices.
[    8.567546] systemd[1]: Reached target Remote File Systems.
[    8.846519] EXT4-fs (vdiska2): re-mounted. Opts: errors=remount-ro
[    9.133475] systemd-journald[383]: Received request to flush runtime journal from PID 1
[    9.629787] random: crng init done
[    9.629974] random: 7 urandom warning(s) missed due to ratelimiting
[   10.496444] sha1_sparc64: Using sparc64 sha1 opcode optimized SHA-1 implementation
[   10.519940] sha256_sparc64: Using sparc64 sha256 opcode optimized SHA-256/SHA-224 implementation
[   10.572383] sha512_sparc64: Using sparc64 sha512 opcode optimized SHA-512/SHA-384 implementation
[   10.593538] md5_sparc64: Using sparc64 md5 opcode optimized MD5 implementation
[   10.595322] n2rng v0.3 (Jan 7, 2017)
[   10.595453] n2rng f029b104: Registered RNG HVAPI major 2 minor 0
[   10.595562] n2rng f029b104: Found multi-unit-capable RNG, units: 2
[   10.597030] n2rng f029b104: RNG ready
[   10.618291] aes_sparc64: Using sparc64 aes opcodes optimized AES implementation
[   10.657815] des_sparc64: Using sparc64 des opcodes optimized DES implementation
[   10.719173] camellia_sparc64: Using sparc64 camellia opcodes optimized CAMELLIA implementation
[   11.622667] Btrfs loaded, crc32c=crc32c-sparc64, debug=on, assert=on
[   11.624389] BTRFS: device fsid 03ee75b3-c6e9-457b-a97d-c1dd4acd7044 devid 1 transid 11186 /dev/vdiskb1
[   12.159045] SGI XFS with ACLs, security attributes, debug enabled
[   12.191621] XFS (dm-0): Mounting V5 Filesystem
[   12.273346] XFS (dm-0): Ending clean mount
[   13.852230] Adding 787176k swap on /dev/vdiska4.  Priority:-2 extents:1 across:787176k FS
[   14.295515] EXT4-fs (vdiska1): mounting ext3 file system using the ext4 subsystem
[   14.306950] EXT4-fs (vdiska1): mounted filesystem with ordered data mode. Opts: (null)
[   17.497784] tun: Universal TUN/TAP device driver, 1.6
