[    0.000021] PROMLIB: Sun IEEE Boot Prom 'OBP 4.38.12 2018/03/28 14:54'
[    0.000033] PROMLIB: Root node compatible: sun4v
[    0.000083] Linux version 5.8.0-rc1-00118-g69119673bd50 (mator@ttip) (gcc (Debian 10.1.0-3) 10.1.0, GNU ld (GNU Binutils for Debian) 2.34) #150 SMP Wed Jun 17 15:33:04 MSK 2020
[    0.000425] printk: bootconsole [earlyprom0] enabled
[    0.000478] ARCH: SUN4V
[    0.000528] Ethernet address: 00:14:4f:fa:06:f2
[    0.000582] MM: PAGE_OFFSET is 0xfff8000000000000 (max_phys_bits == 47)
[    0.000647] MM: VMALLOC [0x0000000100000000 --> 0x0006000000000000]
[    0.000708] MM: VMEMMAP [0x0006000000000000 --> 0x000c000000000000]
[    0.012489] Kernel: Using 5 locked TLB entries for main kernel image.
[    0.012560] Remapping the kernel... 
[    0.012584] done.
[    0.046487] OF stdout device is: /virtual-devices@100/console@1
[    0.046568] PROM: Built device tree with 86758 bytes of memory.
[    0.046634] MDESC: Size is 36224 bytes.
[    0.046763] PLATFORM: banner-name [SPARC T5-2]
[    0.046812] PLATFORM: name [ORCL,SPARC-T5-2]
[    0.046862] PLATFORM: hostid [84fa06f2]
[    0.046905] PLATFORM: serial# [0035260e]
[    0.046949] PLATFORM: stick-frequency [3b9aca00]
[    0.046998] PLATFORM: mac-address [144ffa06f2]
[    0.047045] PLATFORM: watchdog-resolution [1000 ms]
[    0.047097] PLATFORM: watchdog-max-timeout [31536000000 ms]
[    0.047151] PLATFORM: max-cpus [1024]
[    0.052142] Allocated 40960 bytes for kernel page tables.
[    0.052236] Zone ranges:
[    0.052277]   Normal   [mem 0x0000000030400000-0x00000024af937fff]
[    0.052344] Movable zone start for each node
[    0.052391] Early memory node ranges
[    0.052433]   node   0: [mem 0x0000000030400000-0x000000006fe7ffff]
[    0.052496]   node   0: [mem 0x000000006ff00000-0x000000006ff25fff]
[    0.052559]   node   0: [mem 0x0000000070000000-0x000000042fffffff]
[    0.052623]   node   0: [mem 0x0000002030000000-0x00000024af87ffff]
[    0.052687]   node   0: [mem 0x00000024af900000-0x00000024af925fff]
[    0.052749]   node   0: [mem 0x00000024af930000-0x00000024af937fff]
[    0.068193] Zeroed struct page in unavailable ranges: 263766 pages
[    0.068202] Initmem setup node 0 [mem 0x0000000030400000-0x00000024af937fff]
[    0.068362] On node 0 totalpages: 4454826
[    0.068371]   Normal zone: 39154 pages used for memmap
[    0.068377]   Normal zone: 0 pages reserved
[    0.068383]   Normal zone: 4454826 pages, LIFO batch:31
[    0.226704] Booting Linux...
[    0.226791] CPU CAPS: [flush,stbar,swap,muldiv,v9,blkinit,n2,mul32]
[    0.226874] CPU CAPS: [div32,v8plus,popc,vis,vis2,ASIBlkInit,fmaf,vis3]
[    0.227952] CPU CAPS: [hpc,ima,pause,cbcond,aes,des,kasumi,camellia]
[    0.228026] CPU CAPS: [md5,sha1,sha256,sha512,mpmul,montmul,montsqr,crc32c]
[    0.258113] percpu: Embedded 28 pages/cpu s184528 r8192 d36656 u262144
[    0.258332] pcpu-alloc: s184528 r8192 d36656 u262144 alloc=1*4194304
[    0.258339] pcpu-alloc: [0] 000 001 002 003 004 005 006 007 008 009 010 011 012 013 014 015 
[    0.258367] pcpu-alloc: [0] 016 017 018 019 020 021 022 023 024 025 026 027 028 029 030 031 
[    0.258395] pcpu-alloc: [0] 032 033 034 035 036 037 038 039 040 041 042 043 044 045 046 047 
[    0.258423] pcpu-alloc: [0] 048 049 050 051 052 053 054 055 056 057 058 059 060 061 062 063 
[    0.258451] pcpu-alloc: [0] 064 065 066 067 068 069 070 071 072 073 074 075 076 077 078 079 
[    0.258479] pcpu-alloc: [0] 080 081 082 083 084 085 086 087 088 089 090 091 092 093 094 095 
[    0.258507] pcpu-alloc: [0] 096 097 098 099 100 101 102 103 104 105 106 107 108 109 110 111 
[    0.258536] pcpu-alloc: [0] 112 113 114 115 116 117 118 119 120 121 122 123 124 125 126 127 
[    0.258984] SUN4V: Mondo queue sizes [cpu(131072) dev(16384) r(8192) nr(256)]
[    0.259361] Built 1 zonelists, mobility grouping on.  Total pages: 4415672
[    0.259430] Policy zone: Normal
[    0.259489] Kernel command line: BOOT_IMAGE=/vmlinux-5.8.0-rc1-00118-g69119673bd50 root=/dev/vdiska2 ro zswap.enabled=1
[    0.262080] printk: log_buf_len individual max cpu contribution: 4096 bytes
[    0.262150] printk: log_buf_len total cpu_extra contributions: 520192 bytes
[    0.262217] printk: log_buf_len min size: 131072 bytes
[    0.262492] printk: log_buf_len: 1048576 bytes
[    0.262542] printk: early log buf free: 126688(96%)
[    0.268877] Dentry cache hash table entries: 8388608 (order: 13, 67108864 bytes, linear)
[    0.272119] Inode-cache hash table entries: 4194304 (order: 12, 33554432 bytes, linear)
[    0.272195] Sorting __ex_table...
[    0.272440] mem auto-init: stack:off, heap alloc:off, heap free:off
[    0.378539] Memory: 35128032K/35638608K available (7956K kernel code, 1082K rwdata, 2336K rodata, 656K init, 6852K bss, 510576K reserved, 0K cma-reserved)
[    0.379232] SLUB: HWalign=32, Order=0-3, MinObjects=0, CPUs=128, Nodes=32
[    0.379542] ftrace: allocating 21738 entries in 43 pages
[    0.387819] ftrace: allocated 43 pages with 4 groups
[    0.390693] Running RCU self tests
[    0.390783] rcu: Hierarchical RCU implementation.
[    0.390836] rcu: 	RCU event tracing is enabled.
[    0.390885] rcu: 	RCU lockdep checking is enabled.
[    0.390937] 	Trampoline variant of Tasks RCU enabled.
[    0.390989] 	Rude variant of Tasks RCU enabled.
[    0.391037] 	Tracing variant of Tasks RCU enabled.
[    0.391087] rcu: RCU calculated value of scheduler-enlistment delay is 10 jiffies.
[    0.395527] NR_IRQS: 2048, nr_irqs: 2048, preallocated irqs: 1
[    0.395604] SUN4V: Using IRQ API major 3, cookie only virqs enabled
[    0.398237] clocksource: stick: mask: 0xffffffffffffffff max_cycles: 0x1cd42e4dffb, max_idle_ns: 881590591483 ns
[    0.398367] clocksource: mult[800000] shift[23]
[    0.398417] clockevent: mult[80000000] shift[31]
[    0.398818] Console: colour dummy device 80x25
[    0.398883] printk: console [tty0] enabled
[    0.398961] printk: bootconsole [earlyprom0] disabled
[    0.399049] Lock dependency validator: Copyright (c) 2006 Red Hat, Inc., Ingo Molnar
[    0.399102] ... MAX_LOCKDEP_SUBCLASSES:  8
[    0.399134] ... MAX_LOCK_DEPTH:          48
[    0.399166] ... MAX_LOCKDEP_KEYS:        8192
[    0.399199] ... CLASSHASH_SIZE:          4096
[    0.399232] ... MAX_LOCKDEP_ENTRIES:     16384
[    0.399266] ... MAX_LOCKDEP_CHAINS:      32768
[    0.399299] ... CHAINHASH_SIZE:          16384
[    0.399333]  memory used by lock dependency info: 3919 kB
[    0.399371]  memory used for stack traces: 2112 kB
[    0.399406]  per task-struct memory footprint: 1920 bytes
[    0.548647] Calibrating delay using timer specific routine.. 2004.06 BogoMIPS (lpj=10020314)
[    0.548709] pid_max: default: 131072 minimum: 1024
[    0.549028] LSM: Security Framework initializing
[    0.549192] AppArmor: AppArmor initialized
[    0.549492] Mount-cache hash table entries: 131072 (order: 7, 1048576 bytes, linear)
[    0.549662] Mountpoint-cache hash table entries: 131072 (order: 7, 1048576 bytes, linear)
[    0.555018] rcu: Hierarchical SRCU implementation.
[    0.563797] smp: Bringing up secondary CPUs ...
[    0.609849] smp: Brought up 1 node, 32 CPUs
[    0.615526] devtmpfs: initialized
[    0.620520] Performance events: 
[    0.620551] Testing NMI watchdog ... 
[    0.820631] OK.
[    0.820795] Supported PMU type is 'niagara5'
[    0.820989] random: get_random_u32 called from bucket_table_alloc.isra.0+0x198/0x1c0 with crng_init=0
[    0.821543] ldc.c:v1.1 (July 22, 2008)
[    0.824192] clocksource: jiffies: mask: 0xffffffff max_cycles: 0xffffffff, max_idle_ns: 19112604462750000 ns
[    0.824288] futex hash table entries: 32768 (order: 9, 4194304 bytes, linear)
[    0.829674] NET: Registered protocol family 16
[    0.838878] VIO: Adding device channel-devices (tx_ino = ffffffffffffffff, rx_ino = ffffffffffffffff)
[    0.839102] VIO: Adding device vnet-port-0-0 (tx_ino = 0, rx_ino = 1)
[    0.839317] VIO: Adding device vnet-port-0-1 (tx_ino = 2, rx_ino = 3)
[    0.839499] VIO: Adding device vnet-port-0-2 (tx_ino = 4, rx_ino = 5)
[    0.839718] VIO: Adding device vnet-port-0-3 (tx_ino = 6, rx_ino = 7)
[    0.839907] VIO: Adding device vnet-port-0-4 (tx_ino = 8, rx_ino = 9)
[    0.840087] VIO: Adding device vdc-port-2-0 (tx_ino = c, rx_ino = d)
[    0.840272] VIO: Adding device vdc-port-1-0 (tx_ino = e, rx_ino = f)
[    0.840452] VIO: Adding device vdc-port-0-0 (tx_ino = 10, rx_ino = 11)
[    0.840633] VIO: Adding device vdc-port-3-0 (tx_ino = 12, rx_ino = 13)
[    0.840857] VIO: Adding device vlds-port-0-0 (tx_ino = 14, rx_ino = 15)
[    0.841043] VIO: Adding device domain-services-port-0 (tx_ino = 14, rx_ino = 15)
[    0.841347] audit: initializing netlink subsys (disabled)
[    0.841617] audit: type=2000 audit(0.440:1): state=initialized audit_enabled=0 res=1
[    0.871275] HugeTLB registered 64.0 KiB page size, pre-allocated 0 pages
[    0.871327] HugeTLB registered 8.00 MiB page size, pre-allocated 0 pages
[    0.871376] HugeTLB registered 256 MiB page size, pre-allocated 0 pages
[    0.871424] HugeTLB registered 2.00 GiB page size, pre-allocated 0 pages
[    0.874410] alg: extra crypto tests enabled.  This is intended for developer use only.
[    0.896641] cryptd: max_cpu_qlen set to 1000
[    0.999530] NetLabel: Initializing
[    0.999571] NetLabel:  domain hash size = 128
[    0.999607] NetLabel:  protocols = UNLABELED CIPSOv4 CALIPSO
[    0.999736] NetLabel:  unlabeled traffic allowed by default
[    1.000735] SUN4V: Reboot data supported (maj=1,min=0).
[    1.001183] ds.c:v1.0 (Jul 11, 2007)
[    1.001536] ds-0: ds_conn_reset() from send_events
[    1.003004] clocksource: Switched to clocksource stick
[    1.212191] VFS: Disk quotas dquot_6.6.0
[    1.212339] VFS: Dquot-cache hash table entries: 1024 (order 0, 8192 bytes)
[    1.214617] AppArmor: AppArmor Filesystem Enabled
[    1.228035] NET: Registered protocol family 2
[    1.229744] tcp_listen_portaddr_hash hash table entries: 32768 (order: 8, 2621440 bytes, linear)
[    1.232669] TCP established hash table entries: 524288 (order: 9, 4194304 bytes, linear)
[    1.235128] TCP bind hash table entries: 65536 (order: 9, 4718592 bytes, linear)
[    1.240697] TCP: Hash tables configured (established 524288 bind 65536)
[    1.243268] UDP hash table entries: 32768 (order: 9, 5242880 bytes, linear)
[    1.249750] UDP-Lite hash table entries: 32768 (order: 9, 5242880 bytes, linear)
[    1.258089] NET: Registered protocol family 1
[    1.258154] NET: Registered protocol family 44
[    1.258801] Trying to unpack rootfs image as initramfs...
[    1.459705] Freeing initrd memory: 14912K
[    1.460613] aes_sparc64: Using sparc64 aes opcodes optimized AES implementation
[    1.711377] des_sparc64: Using sparc64 des opcodes optimized DES implementation
[    2.170179] camellia_sparc64: Using sparc64 camellia opcodes optimized CAMELLIA implementation
[    2.333870] workingset: timestamp_bits=41 max_order=23 bucket_order=0
[    2.354919] zbud: loaded
[    2.357636] SGI XFS with ACLs, security attributes, quota, fatal assert, debug enabled
[    2.384685] Block layer SCSI generic (bsg) driver version 0.4 loaded (major 252)
[    2.385665] io scheduler mq-deadline registered
[    2.388601] f029b788: ttyHV0 at I/O 0x0 (irq = 1, base_baud = 115200) is a SUN4V HCONS
[    2.389601] printk: console [ttyHV0] enabled
[    2.394029] sunvdc.c:v1.2 (November 24, 2014)
[    2.397433] sunvdc: Virtual Hard disk vdiskc
[    2.397476] sunvdc: vdiskc: 104857600 sectors (51200 MB) protocol 1.2
[    2.435997] sunvdc: Virtual Hard disk vdiskb
[    2.436042] sunvdc: vdiskb: 62914560 sectors (30720 MB) protocol 1.2
[    2.437551]  vdiskb: vdiskb1
[    2.458905] sunvdc: Virtual Hard disk vdiska
[    2.458951] sunvdc: vdiska: 31457280 sectors (15360 MB) protocol 1.2
[    2.460086]  vdiska: vdiska1 vdiska2 vdiska3 vdiska4
[    2.482747] sunvdc: Virtual CDROM vdiskd
[    2.482793] sunvdc: vdiskd: 453848 sectors (221 MB) protocol 1.2
[    2.483929]  vdiskd: vdiskd1 vdiskd2 vdiskd3 vdiskd4 vdiskd5 vdiskd6 vdiskd7
[    2.504336] sunvnet: sunvnet 2.0 (February 3, 2017)
[    2.506958] vnet_port vnet-port-0-0 eth0: Sun LDOM vnet 00:14:4f:f8:12:a3
[    2.507182] sunvnet: eth0: PORT ( remote-mac 00:14:4f:fa:f3:f0 switch-port )
[    2.507818] sunvnet: eth0: PORT ( remote-mac 00:14:4f:f8:e5:f3 )
[    2.508439] sunvnet: eth0: PORT ( remote-mac 00:14:4f:f9:b4:97 )
[    2.509040] sunvnet: eth0: PORT ( remote-mac 00:14:4f:f8:3f:1e )
[    2.509623] sunvnet: eth0: PORT ( remote-mac 00:14:4f:f8:fe:47 )
[    2.510895] rtc-sun4v rtc-sun4v: registered as rtc0
[    2.511037] rtc-sun4v rtc-sun4v: setting system clock to 2020-06-17T12:46:54 UTC (1592398014)
[    2.511659] sun4v_wdt: initialized (timeout=60s, nowayout=0)
[    2.512047] device-mapper: uevent: version 1.0.3
[    2.513119] device-mapper: ioctl: 4.42.0-ioctl (2020-02-27) initialised: dm-devel@redhat.com
[    2.514161] NET: Registered protocol family 17
[    2.514585] registered taskstats version 1
[    2.515528] zswap: loaded using pool lzo/zbud
[    2.516970] AppArmor: AppArmor sha1 policy hashing enabled
[    2.522033] This architecture does not have kernel memory protection.
[    2.522095] Run /init as init process
[    2.522130]   with arguments:
[    2.522137]     /init
[    2.522144]   with environment:
[    2.522150]     HOME=/
[    2.522156]     TERM=linux
[    2.522163]     BOOT_IMAGE=/vmlinux-5.8.0-rc1-00118-g69119673bd50
[    3.019837] crc32c_sparc64: Using sparc64 crc32c opcode optimized CRC32C implementation
[    3.090751] random: fast init done
[    3.532990] raid6: int64x8  gen()  2150 MB/s
[    3.702957] raid6: int64x8  xor()  1548 MB/s
[    3.872948] raid6: int64x4  gen()  3428 MB/s
[    4.042953] raid6: int64x4  xor()  1483 MB/s
[    4.212957] raid6: int64x2  gen()  2793 MB/s
[    4.382954] raid6: int64x2  xor()  1164 MB/s
[    4.552969] raid6: int64x1  gen()  1388 MB/s
[    4.722974] raid6: int64x1  xor()   664 MB/s
[    4.723013] raid6: using algorithm int64x4 gen() 3428 MB/s
[    4.723056] raid6: .... xor() 1483 MB/s, rmw enabled
[    4.723096] raid6: using intx1 recovery algorithm
[    4.723961] async_tx: api initialized (async)
[    4.724478] xor: automatically using best checksumming function   Niagara   
[    4.928058] process '/usr/bin/fstype' started with executable stack
[    5.044336] EXT4-fs (vdiska2): mounted filesystem with ordered data mode. Opts: (null)
[    7.840785] systemd[1]: Inserted module 'autofs4'
[    7.956443] NET: Registered protocol family 10
[    7.962726] Segment Routing with IPv6
[    8.041761] systemd[1]: systemd 245.6-1 running in system mode. (+PAM +AUDIT +SELINUX +IMA +APPARMOR +SMACK +SYSVINIT +UTMP +LIBCRYPTSETUP +GCRYPT +GNUTLS +ACL +XZ +LZ4 -SECCOMP +BLKID +ELFUTILS +KMOD +IDN2 -IDN +PCRE2 default-hierarchy=hybrid)
[    8.042398] systemd[1]: Detected architecture sparc64.
[    8.188621] systemd[1]: Set hostname to <ttip>.
[   11.379426] random: lvmconfig: uninitialized urandom read (4 bytes read)
[   12.965256] random: systemd: uninitialized urandom read (16 bytes read)
[   13.009973] systemd[1]: Created slice system-getty.slice.
[   13.010762] random: systemd: uninitialized urandom read (16 bytes read)
[   13.020927] systemd[1]: Created slice system-modprobe.slice.
[   13.021395] random: systemd: uninitialized urandom read (16 bytes read)
[   13.031518] systemd[1]: Created slice system-openvpn\x2dclient.slice.
[   13.071075] systemd[1]: Created slice system-postfix.slice.
[   13.081784] systemd[1]: Created slice system-systemd\x2dfsck.slice.
[   13.091390] systemd[1]: Created slice User and Session Slice.
[   13.092402] systemd[1]: Started Dispatch Password Requests to Console Directory Watch.
[   13.093298] systemd[1]: Started Forward Password Requests to Wall Directory Watch.
[   13.096255] systemd[1]: Set up automount Arbitrary Executable File Formats File System Automount Point.
[   13.096849] systemd[1]: Reached target Local Encrypted Volumes.
[   13.097361] systemd[1]: Reached target Paths.
[   13.097817] systemd[1]: Reached target Remote File Systems.
[   13.098284] systemd[1]: Reached target Slices.
[   13.099222] systemd[1]: Listening on Device-mapper event daemon FIFOs.
[   13.100597] systemd[1]: Listening on LVM2 poll daemon socket.
[   13.102848] systemd[1]: Listening on Syslog Socket.
[   13.110410] systemd[1]: Listening on fsck to fsckd communication Socket.
[   13.111232] systemd[1]: Listening on initctl Compatibility Named Pipe.
[   13.112484] systemd[1]: Listening on Journal Audit Socket.
[   13.113526] systemd[1]: Listening on Journal Socket (/dev/log).
[   13.114730] systemd[1]: Listening on Journal Socket.
[   13.115845] systemd[1]: Listening on udev Control Socket.
[   13.116692] systemd[1]: Listening on udev Kernel Socket.
[   13.133038] systemd[1]: Mounting Huge Pages File System...
[   13.147641] systemd[1]: Mounting POSIX Message Queue File System...
[   13.163759] systemd[1]: Mounting Kernel Debug File System...
[   13.231172] systemd[1]: Mounting Kernel Trace File System...
[   13.245971] systemd[1]: Starting Availability of block devices...
[   13.261831] systemd[1]: Starting Wait for network to be configured by ifupdown...
[   13.276420] systemd[1]: Starting Create list of static device nodes for the current kernel...
[   13.293079] systemd[1]: Starting Monitoring of LVM2 mirrors, snapshots etc. using dmeventd or progress polling...
[   13.308397] systemd[1]: Starting Load Kernel Module drm...
[   13.323994] systemd[1]: Starting nftables...
[   13.359594] systemd[1]: Condition check resulted in Set Up Additional Binary Formats being skipped.
[   13.359952] systemd[1]: Condition check resulted in File System Check on Root Device being skipped.
[   13.381899] systemd[1]: Starting Journal Service...
[   13.443499] systemd[1]: Starting Load Kernel Modules...
[   13.459296] systemd[1]: Starting Remount Root and Kernel File Systems...
[   13.473763] systemd[1]: Starting udev Coldplug all Devices...
[   13.482896] systemd[1]: Mounted Huge Pages File System.
[   13.484563] systemd[1]: Mounted POSIX Message Queue File System.
[   13.486067] systemd[1]: Mounted Kernel Debug File System.
[   13.487942] systemd[1]: Mounted Kernel Trace File System.
[   13.496852] systemd[1]: Finished Availability of block devices.
[   13.503774] systemd[1]: Finished Wait for network to be configured by ifupdown.
[   13.510233] systemd[1]: Finished Create list of static device nodes for the current kernel.
[   13.513124] systemd[1]: modprobe@drm.service: Succeeded.
[   13.517638] systemd[1]: Finished Load Kernel Module drm.
[   13.536528] systemd[1]: Finished Load Kernel Modules.
[   13.539270] systemd[1]: Condition check resulted in FUSE Control File System being skipped.
[   13.539811] systemd[1]: Condition check resulted in Kernel Configuration File System being skipped.
[   13.560036] systemd[1]: Starting Apply Kernel Variables...
[   13.577412] systemd[1]: Started Journal Service.
[   13.588274] EXT4-fs (vdiska2): re-mounted. Opts: errors=remount-ro
[   13.817156] systemd-journald[492]: Received client request to flush runtime journal.
[   15.246495] sha1_sparc64: Using sparc64 sha1 opcode optimized SHA-1 implementation
[   15.365513] n2rng v0.3 (Jan 7, 2017)
[   15.365608] n2rng f029b104: Registered RNG HVAPI major 2 minor 0
[   15.365686] n2rng f029b104: Found multi-unit-capable RNG, units: 2
[   15.366755] n2rng f029b104: RNG ready
[   15.418425] sha256_sparc64: Using sparc64 sha256 opcode optimized SHA-256/SHA-224 implementation
[   15.464522] pktcdvd: setup of pktcdvd device failed
[   15.514961] pktcdvd: setup of pktcdvd device failed
[   15.518415] pktcdvd: setup of pktcdvd device failed
[   15.522261] pktcdvd: setup of pktcdvd device failed
[   15.525671] pktcdvd: setup of pktcdvd device failed
[   15.528785] pktcdvd: setup of pktcdvd device failed
[   15.532110] pktcdvd: setup of pktcdvd device failed
[   15.535777] pktcdvd: setup of pktcdvd device failed
[   15.581674] sha512_sparc64: Using sparc64 sha512 opcode optimized SHA-512/SHA-384 implementation
[   15.591761] md5_sparc64: Using sparc64 md5 opcode optimized MD5 implementation
[   15.843052] Adding 787176k swap on /dev/vdiska4.  Priority:-2 extents:1 across:787176k FS
[   16.072589] XFS (dm-0): Mounting V5 Filesystem
[   16.282202] XFS (dm-0): Ending clean mount
[   16.326668] EXT4-fs (vdiska1): mounting ext3 file system using the ext4 subsystem
[   16.342191] xfs filesystem being mounted at /1 supports timestamps until 2038 (0x7fffffff)
[   16.555764] EXT4-fs (vdiska1): mounted filesystem with ordered data mode. Opts: (null)
[   16.555964] ext3 filesystem being mounted at /boot supports timestamps until 2038 (0x7fffffff)
[   17.974426] Kernel unaligned access at TPC[8bbafc] aa_dfa_unpack+0x3c/0x640
[   17.974526] Kernel unaligned access at TPC[8bbb10] aa_dfa_unpack+0x50/0x640
[   17.974587] Kernel unaligned access at TPC[8bbbd4] aa_dfa_unpack+0x114/0x640
[   17.974650] Kernel unaligned access at TPC[8bbca4] aa_dfa_unpack+0x1e4/0x640
[   17.974710] Kernel unaligned access at TPC[8bbcb8] aa_dfa_unpack+0x1f8/0x640
[   17.976876] audit: type=1400 audit(1592398029.960:2): apparmor="STATUS" operation="profile_load" profile="unconfined" name="/usr/sbin/haveged" pid=683 comm="apparmor_parser"
[   17.984256] audit: type=1400 audit(1592398029.970:3): apparmor="STATUS" operation="profile_load" profile="unconfined" name="nvidia_modprobe" pid=684 comm="apparmor_parser"
[   17.984410] audit: type=1400 audit(1592398029.970:4): apparmor="STATUS" operation="profile_load" profile="unconfined" name="nvidia_modprobe//kmod" pid=684 comm="apparmor_parser"
[   18.018753] audit: type=1400 audit(1592398030.000:5): apparmor="STATUS" operation="profile_load" profile="unconfined" name="lsb_release" pid=688 comm="apparmor_parser"
[   18.047699] audit: type=1400 audit(1592398030.030:6): apparmor="STATUS" operation="profile_load" profile="unconfined" name="/usr/bin/man" pid=685 comm="apparmor_parser"
[   18.047851] audit: type=1400 audit(1592398030.030:7): apparmor="STATUS" operation="profile_load" profile="unconfined" name="man_filter" pid=685 comm="apparmor_parser"
[   18.047998] audit: type=1400 audit(1592398030.030:8): apparmor="STATUS" operation="profile_load" profile="unconfined" name="man_groff" pid=685 comm="apparmor_parser"
[   18.070700] audit: type=1400 audit(1592398030.050:9): apparmor="STATUS" operation="profile_load" profile="unconfined" name="/usr/sbin/named" pid=687 comm="apparmor_parser"
[   18.115218] audit: type=1400 audit(1592398030.100:10): apparmor="STATUS" operation="profile_load" profile="unconfined" name="tcpdump" pid=686 comm="apparmor_parser"
[   18.123479] random: crng init done
[   18.123587] random: 6 urandom warning(s) missed due to ratelimiting
