[    0.000018] PROMLIB: Sun IEEE Boot Prom 'OBP 4.38.12 2018/03/28 14:54'
[    0.000029] PROMLIB: Root node compatible: sun4v
[    0.000082] Linux version 5.5.0-08726-g46d6b7becb1d (mator@ttip) (gcc version 9.2.1 20200123 (Debian 9.2.1-25)) #7 SMP Sat Feb 1 13:07:03 MSK 2020
[    0.000397] printk: bootconsole [earlyprom0] enabled
[    0.000451] ARCH: SUN4V
[    0.000501] Ethernet address: 00:14:4f:fa:06:f2
[    0.000553] MM: PAGE_OFFSET is 0xfff8000000000000 (max_phys_bits == 47)
[    0.000618] MM: VMALLOC [0x0000000100000000 --> 0x0006000000000000]
[    0.000680] MM: VMEMMAP [0x0006000000000000 --> 0x000c000000000000]
[    0.013100] Kernel: Using 5 locked TLB entries for main kernel image.
[    0.013169] Remapping the kernel... 
[    0.013195] done.
[    0.046868] OF stdout device is: /virtual-devices@100/console@1
[    0.046942] PROM: Built device tree with 88003 bytes of memory.
[    0.047007] MDESC: Size is 36960 bytes.
[    0.047130] PLATFORM: banner-name [SPARC T5-2]
[    0.047180] PLATFORM: name [ORCL,SPARC-T5-2]
[    0.047227] PLATFORM: hostid [84fa06f2]
[    0.047269] PLATFORM: serial# [0035260e]
[    0.047312] PLATFORM: stick-frequency [3b9aca00]
[    0.047360] PLATFORM: mac-address [144ffa06f2]
[    0.047409] PLATFORM: watchdog-resolution [1000 ms]
[    0.047459] PLATFORM: watchdog-max-timeout [31536000000 ms]
[    0.047516] PLATFORM: max-cpus [1024]
[    0.047615] Top of RAM: 0x24af938000, Total RAM: 0x87f354000
[    0.047678] Memory hole size: 115461MB
[    0.052334] Allocated 40960 bytes for kernel page tables.
[    0.052420] Zone ranges:
[    0.052460]   Normal   [mem 0x0000000030400000-0x00000024af937fff]
[    0.052524] Movable zone start for each node
[    0.052570] Early memory node ranges
[    0.052612]   node   0: [mem 0x0000000030400000-0x000000006fe7ffff]
[    0.052675]   node   0: [mem 0x000000006ff00000-0x000000006ff25fff]
[    0.052738]   node   0: [mem 0x0000000070000000-0x000000042fffffff]
[    0.052801]   node   0: [mem 0x0000002030000000-0x00000024af87ffff]
[    0.052863]   node   0: [mem 0x00000024af900000-0x00000024af925fff]
[    0.052925]   node   0: [mem 0x00000024af930000-0x00000024af937fff]
[    0.060316] Zeroed struct page in unavailable ranges: 230130 pages
[    0.060325] Initmem setup node 0 [mem 0x0000000030400000-0x00000024af937fff]
[    0.060482] On node 0 totalpages: 4454826
[    0.060492]   Normal zone: 39154 pages used for memmap
[    0.060497]   Normal zone: 0 pages reserved
[    0.060503]   Normal zone: 4454826 pages, LIFO batch:31
[    0.069869] Booting Linux...
[    0.069953] CPU CAPS: [flush,stbar,swap,muldiv,v9,blkinit,n2,mul32]
[    0.070036] CPU CAPS: [div32,v8plus,popc,vis,vis2,ASIBlkInit,fmaf,vis3]
[    0.070114] CPU CAPS: [hpc,ima,pause,cbcond,aes,des,kasumi,camellia]
[    0.070189] CPU CAPS: [md5,sha1,sha256,sha512,mpmul,montmul,montsqr,crc32c]
[    0.100148] percpu: Embedded 27 pages/cpu s182344 r8192 d30648 u262144
[    0.100388] pcpu-alloc: s182344 r8192 d30648 u262144 alloc=1*4194304
[    0.100396] pcpu-alloc: [0] 000 001 002 003 004 005 006 007 008 009 010 011 012 013 014 015 
[    0.100423] pcpu-alloc: [0] 016 017 018 019 020 021 022 023 024 025 026 027 028 029 030 031 
[    0.100451] pcpu-alloc: [0] 032 033 034 035 036 037 038 039 040 041 042 043 044 045 046 047 
[    0.100479] pcpu-alloc: [0] 048 049 050 051 052 053 054 055 056 057 058 059 060 061 062 063 
[    0.100507] pcpu-alloc: [0] 064 065 066 067 068 069 070 071 072 073 074 075 076 077 078 079 
[    0.100534] pcpu-alloc: [0] 080 081 082 083 084 085 086 087 088 089 090 091 092 093 094 095 
[    0.100562] pcpu-alloc: [0] 096 097 098 099 100 101 102 103 104 105 106 107 108 109 110 111 
[    0.100589] pcpu-alloc: [0] 112 113 114 115 116 117 118 119 120 121 122 123 124 125 126 127 
[    0.101114] SUN4V: Mondo queue sizes [cpu(131072) dev(16384) r(8192) nr(256)]
[    0.101492] Built 1 zonelists, mobility grouping on.  Total pages: 4415672
[    0.101581] Kernel command line: BOOT_IMAGE=/vmlinux-5.5.0-08726-g46d6b7becb1d root=/dev/vdiska2 ro zswap.enabled=1
[    0.104042] printk: log_buf_len individual max cpu contribution: 4096 bytes
[    0.104114] printk: log_buf_len total cpu_extra contributions: 520192 bytes
[    0.104182] printk: log_buf_len min size: 131072 bytes
[    0.104453] printk: log_buf_len: 1048576 bytes
[    0.104505] printk: early log buf free: 126656(96%)
[    0.110826] Dentry cache hash table entries: 8388608 (order: 13, 67108864 bytes, linear)
[    0.114066] Inode-cache hash table entries: 4194304 (order: 12, 33554432 bytes, linear)
[    0.114143] Sorting __ex_table...
[    0.114387] mem auto-init: stack:off, heap alloc:off, heap free:off
[    0.173102] Memory: 1305232K/35638608K available (7666K kernel code, 1043K rwdata, 2288K rodata, 632K init, 6747K bss, 509016K reserved, 0K cma-reserved)
[    0.173770] SLUB: HWalign=32, Order=0-3, MinObjects=0, CPUs=128, Nodes=1
[    0.174073] ftrace: allocating 21485 entries in 42 pages
[    0.182581] ftrace: allocated 42 pages with 3 groups
[    0.185423] Running RCU self tests
[    0.185493] rcu: Hierarchical RCU implementation.
[    0.185544] rcu: 	RCU event tracing is enabled.
[    0.185593] rcu: 	RCU lockdep checking is enabled.
[    0.185644] 	Tasks RCU enabled.
[    0.185682] rcu: RCU calculated value of scheduler-enlistment delay is 10 jiffies.
[    0.190049] NR_IRQS: 2048, nr_irqs: 2048, preallocated irqs: 1
[    0.190128] SUN4V: Using IRQ API major 3, cookie only virqs enabled
[    0.192567] clocksource: stick: mask: 0xffffffffffffffff max_cycles: 0x1cd42e4dffb, max_idle_ns: 881590591483 ns
[    0.192697] clocksource: mult[800000] shift[23]
[    0.192746] clockevent: mult[80000000] shift[31]
[    0.193281] Console: colour dummy device 80x25
[    0.193344] printk: console [tty0] enabled
[    0.193419] printk: bootconsole [earlyprom0] disabled
[    0.193504] Lock dependency validator: Copyright (c) 2006 Red Hat, Inc., Ingo Molnar
[    0.193553] ... MAX_LOCKDEP_SUBCLASSES:  8
[    0.193582] ... MAX_LOCK_DEPTH:          48
[    0.193612] ... MAX_LOCKDEP_KEYS:        8192
[    0.193643] ... CLASSHASH_SIZE:          4096
[    0.193674] ... MAX_LOCKDEP_ENTRIES:     16384
[    0.193705] ... MAX_LOCKDEP_CHAINS:      32768
[    0.193736] ... CHAINHASH_SIZE:          16384
[    0.193767]  memory used by lock dependency info: 3855 kB
[    0.193804]  memory used for stack traces: 2112 kB
[    0.193836]  per task-struct memory footprint: 1920 bytes
[    0.343103] Calibrating delay using timer specific routine.. 2007.65 BogoMIPS (lpj=10038259)
[    0.343173] pid_max: default: 131072 minimum: 1024
[    0.343463] LSM: Security Framework initializing
[    0.343615] AppArmor: AppArmor initialized
[    0.343888] Mount-cache hash table entries: 131072 (order: 7, 1048576 bytes, linear)
[    0.344053] Mountpoint-cache hash table entries: 131072 (order: 7, 1048576 bytes, linear)
[    0.344183] *** VALIDATE tmpfs ***
[    0.345053] *** VALIDATE proc ***
[    0.345565] *** VALIDATE cgroup1 ***
[    0.345597] *** VALIDATE cgroup2 ***
[    0.347693] rcu: Hierarchical SRCU implementation.
[    0.355733] smp: Bringing up secondary CPUs ...
[    0.399364] smp: Brought up 1 node, 32 CPUs
[    0.590943] node 0 initialised, 4228045 pages in 190ms
[    0.592273] devtmpfs: initialized
[    0.596930] Performance events: 
[    0.596976] Testing NMI watchdog ... 
[    0.797060] OK.
[    0.797191] Supported PMU type is 'niagara5'
[    0.797391] random: get_random_u32 called from bucket_table_alloc.isra.0+0x188/0x1c0 with crng_init=0
[    0.798054] ldc.c:v1.1 (July 22, 2008)
[    0.800531] clocksource: jiffies: mask: 0xffffffff max_cycles: 0xffffffff, max_idle_ns: 19112604462750000 ns
[    0.800620] futex hash table entries: 32768 (order: 9, 4194304 bytes, linear)
[    0.805767] NET: Registered protocol family 16
[    0.814304] VIO: Adding device channel-devices (tx_ino = ffffffffffffffff, rx_ino = ffffffffffffffff)
[    0.814514] VIO: Adding device vnet-port-0-0 (tx_ino = 0, rx_ino = 1)
[    0.814714] VIO: Adding device vnet-port-0-1 (tx_ino = 2, rx_ino = 3)
[    0.814880] VIO: Adding device vnet-port-0-2 (tx_ino = 4, rx_ino = 5)
[    0.815052] VIO: Adding device vnet-port-0-4 (tx_ino = 8, rx_ino = 9)
[    0.815218] VIO: Adding device vnet-port-0-5 (tx_ino = a, rx_ino = b)
[    0.815383] VIO: Adding device vnet-port-0-6 (tx_ino = c, rx_ino = d)
[    0.815548] VIO: Adding device vdc-port-3-0 (tx_ino = e, rx_ino = f)
[    0.815718] VIO: Adding device vdc-port-2-0 (tx_ino = 10, rx_ino = 11)
[    0.815885] VIO: Adding device vdc-port-1-0 (tx_ino = 12, rx_ino = 13)
[    0.816051] VIO: Adding device vdc-port-0-0 (tx_ino = 14, rx_ino = 15)
[    0.816222] VIO: Adding device vdc-port-4-0 (tx_ino = 16, rx_ino = 17)
[    0.816389] VIO: Adding device vlds-port-0-0 (tx_ino = 18, rx_ino = 19)
[    0.816558] VIO: Adding device domain-services-port-0 (tx_ino = 18, rx_ino = 19)
[    0.816836] audit: initializing netlink subsys (disabled)
[    0.817173] audit: type=2000 audit(0.420:1): state=initialized audit_enabled=0 res=1
[    0.842520] HugeTLB registered 64.0 KiB page size, pre-allocated 0 pages
[    0.842575] HugeTLB registered 8.00 MiB page size, pre-allocated 0 pages
[    0.842620] HugeTLB registered 256 MiB page size, pre-allocated 0 pages
[    0.842664] HugeTLB registered 2.00 GiB page size, pre-allocated 0 pages
[    0.844264] alg: extra crypto tests enabled.  This is intended for developer use only.
[    0.870083] cryptd: max_cpu_qlen set to 1000
[    0.977295] NetLabel: Initializing
[    0.977334] NetLabel:  domain hash size = 128
[    0.977423] NetLabel:  protocols = UNLABELED CIPSOv4 CALIPSO
[    0.977561] NetLabel:  unlabeled traffic allowed by default
[    0.978526] SUN4V: Reboot data supported (maj=1,min=0).
[    0.978896] ds.c:v1.0 (Jul 11, 2007)
[    0.979244] ds-0: ds_conn_reset() from send_events.isra.0
[    0.980707] clocksource: Switched to clocksource stick
[    1.178030] *** VALIDATE bpf ***
[    1.179239] VFS: Disk quotas dquot_6.6.0
[    1.179364] VFS: Dquot-cache hash table entries: 1024 (order 0, 8192 bytes)
[    1.179566] *** VALIDATE ramfs ***
[    1.179617] *** VALIDATE hugetlbfs ***
[    1.181253] AppArmor: AppArmor Filesystem Enabled
[    1.193851] NET: Registered protocol family 2
[    1.195710] tcp_listen_portaddr_hash hash table entries: 32768 (order: 8, 2359296 bytes, linear)
[    1.198604] TCP established hash table entries: 524288 (order: 9, 4194304 bytes, linear)
[    1.200568] TCP bind hash table entries: 65536 (order: 9, 4194304 bytes, linear)
[    1.205780] TCP: Hash tables configured (established 524288 bind 65536)
[    1.208201] UDP hash table entries: 32768 (order: 9, 5242880 bytes, linear)
[    1.214505] UDP-Lite hash table entries: 32768 (order: 9, 5242880 bytes, linear)
[    1.222451] NET: Registered protocol family 1
[    1.222514] NET: Registered protocol family 44
[    1.223188] Trying to unpack rootfs image as initramfs...
[    1.416677] Freeing initrd memory: 14880K
[    1.417517] aes_sparc64: Using sparc64 aes opcodes optimized AES implementation
[    1.714367] des_sparc64: Using sparc64 des opcodes optimized DES implementation
[    2.196729] camellia_sparc64: Using sparc64 camellia opcodes optimized CAMELLIA implementation
[    2.382248] workingset: timestamp_bits=46 max_order=23 bucket_order=0
[    2.402857] SGI XFS with ACLs, security attributes, quota, fatal assert, debug enabled
[    2.408836] *** VALIDATE xfs ***
[    2.423252] Block layer SCSI generic (bsg) driver version 0.4 loaded (major 252)
[    2.424027] io scheduler mq-deadline registered
[    2.426720] f029b788: ttyHV0 at I/O 0x0 (irq = 1, base_baud = 115200) is a SUN4V HCONS
[    2.427689] printk: console [ttyHV0] enabled
[    2.431298] sunvdc.c:v1.2 (November 24, 2014)
[    2.432865] sunvdc: Virtual CDROM vdiskd
[    2.432908] sunvdc: vdiskd: 403160 sectors (196 MB) protocol 1.2
[    2.434606]  vdiskd: vdiskd1 vdiskd2 vdiskd3 vdiskd4 vdiskd5 vdiskd6 vdiskd7
[    2.454512] sunvdc: Virtual Hard disk vdiskc
[    2.454553] sunvdc: vdiskc: 104857600 sectors (51200 MB) protocol 1.2
[    2.473700] sunvdc: Virtual Hard disk vdiskb
[    2.473743] sunvdc: vdiskb: 62914560 sectors (30720 MB) protocol 1.2
[    2.474984]  vdiskb: vdiskb1
[    2.493041] sunvdc: Virtual Hard disk vdiska
[    2.493081] sunvdc: vdiska: 31457280 sectors (15360 MB) protocol 1.2
[    2.498793]  vdiska: vdiska1 vdiska2 vdiska3 vdiska4
[    2.517824] sunvdc: Virtual Hard disk vdiske
[    2.517865] sunvdc: vdiske: 20971520 sectors (10240 MB) protocol 1.2
[    2.519233]  vdiske: vdiske1 vdiske2
[    2.536455] sunvnet: sunvnet 2.0 (February 3, 2017)
[    2.538594] vnet_port vnet-port-0-0 eth0: Sun LDOM vnet 00:14:4f:f8:12:a3
[    2.538814] sunvnet: eth0: PORT ( remote-mac 00:14:4f:fa:f3:f0 switch-port )
[    2.539164] sunvnet: eth0: PORT ( remote-mac 00:14:4f:f8:e5:f3 )
[    2.539500] sunvnet: eth0: PORT ( remote-mac 00:14:4f:f9:b4:97 )
[    2.539833] sunvnet: eth0: PORT ( remote-mac 00:14:4f:f8:3f:1e )
[    2.540182] sunvnet: eth0: PORT ( remote-mac 00:14:4f:f8:fe:47 )
[    2.540726] sunvnet: eth0: PORT ( remote-mac 00:14:4f:f9:8b:83 )
[    2.541929] rtc-sun4v rtc-sun4v: registered as rtc0
[    2.542432] sun4v_wdt: initialized (timeout=60s, nowayout=0)
[    2.542812] device-mapper: uevent: version 1.0.3
[    2.543774] device-mapper: ioctl: 4.41.0-ioctl (2019-09-16) initialised: dm-devel@redhat.com
[    2.544768] NET: Registered protocol family 17
[    2.545338] registered taskstats version 1
[    2.552935] zswap: default zpool zbud not available
[    2.553001] zswap: pool creation failed
[    2.882098] Key type big_key registered
[    2.882170] AppArmor: AppArmor sha1 policy hashing enabled
[    2.882959] rtc-sun4v rtc-sun4v: setting system clock to 2020-02-03T11:50:15 UTC (1580730615)
[    2.887375] This architecture does not have kernel memory protection.
[    2.887423] Run /init as init process
[    2.887454]   with arguments:
[    2.887461]     /init
[    2.887468]   with environment:
[    2.887474]     HOME=/
[    2.887480]     TERM=linux
[    2.887487]     BOOT_IMAGE=/vmlinux-5.5.0-08726-g46d6b7becb1d
[    3.368994] crc32c_sparc64: Using sparc64 crc32c opcode optimized CRC32C implementation
[    3.464961] random: fast init done
[    3.515346] md127: WARNING: vdiske1 appears to be on the same physical disk as vdiske2.
[    3.515429] True protection against single-disk failure might be compromised.
[    3.516097] md/raid1:md127: active with 2 out of 2 mirrors
[    3.516383] md127: detected capacity change from 0 to 26148864
[    4.040653] raid6: int64x8  gen()  2166 MB/s
[    4.210653] raid6: int64x8  xor()  1538 MB/s
[    4.380663] raid6: int64x4  gen()  3430 MB/s
[    4.550653] raid6: int64x4  xor()  1483 MB/s
[    4.720667] raid6: int64x2  gen()  2794 MB/s
[    4.890661] raid6: int64x2  xor()  1162 MB/s
[    5.060660] raid6: int64x1  gen()  1386 MB/s
[    5.230680] raid6: int64x1  xor()   662 MB/s
[    5.230725] raid6: using algorithm int64x4 gen() 3430 MB/s
[    5.230765] raid6: .... xor() 1483 MB/s, rmw enabled
[    5.230801] raid6: using intx1 recovery algorithm
[    5.231720] async_tx: api initialized (async)
[    5.232299] xor: automatically using best checksumming function   Niagara   
[    5.325602] process '/usr/bin/fstype' started with executable stack
[    5.439396] EXT4-fs (vdiska2): mounted filesystem with ordered data mode. Opts: (null)
[    7.290188] systemd[1]: Inserted module 'autofs4'
[    7.302950] NET: Registered protocol family 10
[    7.309123] Segment Routing with IPv6
[    7.403739] systemd[1]: systemd 244.1-2 running in system mode. (+PAM +AUDIT +SELINUX +IMA +APPARMOR +SMACK +SYSVINIT +UTMP +LIBCRYPTSETUP +GCRYPT +GNUTLS +ACL +XZ +LZ4 -SECCOMP +BLKID +ELFUTILS +KMOD +IDN2 -IDN +PCRE2 default-hierarchy=hybrid)
[    7.404366] systemd[1]: Detected architecture sparc64.
[    7.572937] systemd[1]: Set hostname to <ttip>.
[    7.583558] systemd[1]: Couldn't move remaining userspace processes, ignoring: Input/output error
[    8.817220] random: lvmconfig: uninitialized urandom read (4 bytes read)
[    9.480414] systemd[1]: /lib/systemd/system/dbus.socket:5: ListenStream= references a path below legacy directory /var/run/, updating /var/run/dbus/system_bus_socket â†’ /run/dbus/system_bus_socket; please update the unit file accordingly.
[    9.692361] systemd[1]: haveged.service: Found ordering cycle on systemd-tmpfiles-setup.service/start
[    9.692450] systemd[1]: haveged.service: Found dependency on systemd-journald.service/start
[    9.692518] systemd[1]: haveged.service: Found dependency on haveged.service/start
[    9.692583] systemd[1]: haveged.service: Job systemd-tmpfiles-setup.service/start deleted to break ordering cycle starting with haveged.service/start
[    9.694978] random: systemd: uninitialized urandom read (16 bytes read)
[    9.705797] systemd[1]: Created slice system-getty.slice.
[    9.706245] random: systemd: uninitialized urandom read (16 bytes read)
[    9.709718] systemd[1]: Created slice system-openvpn\x2dclient.slice.
[    9.713615] systemd[1]: Created slice system-postfix.slice.
[    9.718838] systemd[1]: Created slice system-systemd\x2dfsck.slice.
[    9.722643] systemd[1]: Created slice User and Session Slice.
[    9.723534] systemd[1]: Started Dispatch Password Requests to Console Directory Watch.
[    9.724332] systemd[1]: Started Forward Password Requests to Wall Directory Watch.
[    9.726431] systemd[1]: Set up automount Arbitrary Executable File Formats File System Automount Point.
[    9.726983] systemd[1]: Reached target Local Encrypted Volumes.
[    9.727461] systemd[1]: Reached target Paths.
[    9.727902] systemd[1]: Reached target Remote File Systems.
[    9.728331] systemd[1]: Reached target Slices.
[    9.729271] systemd[1]: Listening on Device-mapper event daemon FIFOs.
[    9.730556] systemd[1]: Listening on LVM2 poll daemon socket.
[    9.732647] systemd[1]: Listening on Syslog Socket.
[    9.733617] systemd[1]: Listening on fsck to fsckd communication Socket.
[    9.734361] systemd[1]: Listening on initctl Compatibility Named Pipe.
[    9.735577] systemd[1]: Listening on Journal Audit Socket.
[    9.736544] systemd[1]: Listening on Journal Socket (/dev/log).
[    9.737681] systemd[1]: Listening on Journal Socket.
[    9.738739] systemd[1]: Listening on udev Control Socket.
[    9.739560] systemd[1]: Listening on udev Kernel Socket.
[    9.748255] systemd[1]: Mounting Huge Pages File System...
[    9.756819] systemd[1]: Mounting POSIX Message Queue File System...
[    9.765425] systemd[1]: Mounting Kernel Debug File System...
[    9.774519] systemd[1]: Starting Availability of block devices...
[    9.788240] systemd[1]: Starting Wait for network to be configured by ifupdown...
[    9.796650] systemd[1]: Starting Create list of static device nodes for the current kernel...
[    9.805048] systemd[1]: Starting Monitoring of LVM2 mirrors, snapshots etc. using dmeventd or progress polling...
[    9.814427] systemd[1]: Starting nftables...
[    9.848920] systemd[1]: Condition check resulted in Set Up Additional Binary Formats being skipped.
[    9.849224] systemd[1]: Condition check resulted in File System Check on Root Device being skipped.
[    9.867494] systemd[1]: Starting Load Kernel Modules...
[    9.876151] systemd[1]: Starting Remount Root and Kernel File Systems...
[    9.885826] systemd[1]: Starting udev Coldplug all Devices...
[    9.893348] systemd[1]: Mounted Huge Pages File System.
[    9.894853] systemd[1]: Mounted POSIX Message Queue File System.
[    9.896238] systemd[1]: Mounted Kernel Debug File System.
[    9.903713] systemd[1]: Started Availability of block devices.
[    9.909796] systemd[1]: Started Wait for network to be configured by ifupdown.
[    9.915630] systemd[1]: Started Create list of static device nodes for the current kernel.
[    9.973995] EXT4-fs (vdiska2): re-mounted. Opts: errors=remount-ro
[    9.976376] systemd[1]: Started Load Kernel Modules.
[    9.980926] systemd[1]: Condition check resulted in FUSE Control File System being skipped.
[    9.981343] systemd[1]: Condition check resulted in Kernel Configuration File System being skipped.
[    9.992174] systemd[1]: Starting Apply Kernel Variables...
[   10.003980] systemd[1]: Started Remount Root and Kernel File Systems.
[   10.088604] systemd[1]: Starting Initial Check File System Quotas...
[   10.103366] systemd[1]: Condition check resulted in Rebuild Hardware Database being skipped.
[   10.112836] systemd[1]: Starting Load/Save Random Seed...
[   10.121453] systemd[1]: Starting Create System Users...
[   10.163288] systemd[1]: Started Apply Kernel Variables.
[   10.190273] systemd[1]: Started Monitoring of LVM2 mirrors, snapshots etc. using dmeventd or progress polling.
[   10.311149] systemd[1]: Started Create System Users.
[   10.326839] systemd[1]: Starting Create Static Device Nodes in /dev...
[   10.615521] systemd[1]: Started udev Coldplug all Devices.
[   10.625195] systemd[1]: Starting Helper to synchronize boot up for ifupdown...
[   10.745235] systemd[1]: Started Create Static Device Nodes in /dev.
[   10.746778] systemd[1]: Reached target Local File Systems (Pre).
[   10.755849] systemd[1]: Starting udev Kernel Device Manager...
[   10.793472] systemd[1]: Started nftables.
[   10.794486] systemd[1]: Reached target Network (Pre).
[   10.859939] systemd[1]: Started Initial Check File System Quotas.
[   10.990791] systemd[1]: Started udev Kernel Device Manager.
[   11.079113] sha1_sparc64: Using sparc64 sha1 opcode optimized SHA-1 implementation
[   11.138957] n2rng v0.3 (Jan 7, 2017)
[   11.139035] n2rng f029b104: Registered RNG HVAPI major 2 minor 0
[   11.139095] n2rng f029b104: Found multi-unit-capable RNG, units: 2
[   11.139943] n2rng f029b104: RNG ready
[   11.235342] systemd[1]: Found device /dev/vdiska1.
[   11.240240] systemd[1]: Found device /dev/disk/by-label/swapvol1.
[   11.257429] systemd[1]: Created slice system-lvm2\x2dpvscan.slice.
[   11.259477] sha256_sparc64: Using sparc64 sha256 opcode optimized SHA-256/SHA-224 implementation
[   11.265562] systemd[1]: Activating swap /dev/disk/by-label/swapvol1...
[   11.275451] systemd[1]: Starting LVM event activation on device 254:16...
[   11.285354] systemd[1]: Starting File System Check on /dev/vdiska1...
[   11.292679] pktcdvd: setup of pktcdvd device failed
[   11.341950] pktcdvd: setup of pktcdvd device failed
[   11.348646] pktcdvd: setup of pktcdvd device failed
[   11.352117] pktcdvd: setup of pktcdvd device failed
[   11.353652] systemd[1]: Started MD array monitor.
[   11.355671] pktcdvd: setup of pktcdvd device failed
[   11.359552] pktcdvd: setup of pktcdvd device failed
[   11.363470] pktcdvd: setup of pktcdvd device failed
[   11.366995] pktcdvd: setup of pktcdvd device failed
[   11.389633] systemd[1]: Started File System Check Daemon to report status.
[   11.437100] sha512_sparc64: Using sparc64 sha512 opcode optimized SHA-512/SHA-384 implementation
[   11.439053] md5_sparc64: Using sparc64 md5 opcode optimized MD5 implementation
[   11.511004] Adding 787176k swap on /dev/vdiska4.  Priority:-2 extents:1 across:787176k FS
[   11.517790] systemd[1]: Activated swap /dev/disk/by-label/swapvol1.
[   11.521687] systemd[1]: Reached target Swap.
[   11.559994] systemd[1]: Mounting /tmp...
[   11.580503] systemd[1]: Mounted /tmp.
[   11.629010] systemd[1]: Starting Network Time Synchronization...
[   11.639358] systemd[1]: Found device /dev/ttipvg1/vol1.
[   11.649048] systemd[1]: Starting File System Check on /dev/ttipvg1/vol1...
[   11.701672] systemd[1]: Started Helper to synchronize boot up for ifupdown.
[   11.731957] systemd[1]: Started File System Check on /dev/ttipvg1/vol1.
[   11.760063] systemd[1]: Mounting /1...
[   11.779867] systemd[1]: Started File System Check on /dev/vdiska1.
[   11.787879] XFS (dm-0): Mounting V5 Filesystem
[   11.796219] systemd[1]: Mounting /boot...
[   11.834504] EXT4-fs (vdiska1): mounting ext3 file system using the ext4 subsystem
[   11.856310] EXT4-fs (vdiska1): mounted filesystem with ordered data mode. Opts: (null)
[   11.856535] ext3 filesystem being mounted at /boot supports timestamps until 2038 (0x7fffffff)
[   11.863743] systemd[1]: Mounted /boot.
[   11.872214] XFS (dm-0): Ending clean mount
[   11.874614] xfs filesystem being mounted at /1 supports timestamps until 2038 (0x7fffffff)
[   11.880266] systemd[1]: Mounted /1.
[   11.881647] systemd[1]: Reached target Local File Systems.
[   11.890392] systemd[1]: Starting Load AppArmor profiles...
[   11.898944] systemd[1]: Starting Security Auditing Service...
[   11.914946] systemd[1]: Starting Enable support for additional executable binary formats...
[   11.915649] systemd[1]: Condition check resulted in Mark the need to relabel after reboot being skipped.
[   11.915970] systemd[1]: Condition check resulted in Commit a transient machine-id on disk being skipped.
[   11.917231] systemd[1]: Started Network Time Synchronization.
[   11.922956] systemd[1]: Started LVM event activation on device 254:16.
[   11.924353] systemd[1]: Reached target System Time Set.
[   11.924805] systemd[1]: Reached target System Time Synchronized.
[   11.986837] systemd[1]: proc-sys-fs-binfmt_misc.automount: Got automount request for /proc/sys/fs/binfmt_misc, triggered by 752 (update-binfmts)
[   11.999148] systemd[1]: Mounting Arbitrary Executable File Formats File System...
[   12.035665] systemd[1]: Mounted Arbitrary Executable File Formats File System.
[   12.569192] systemd[1]: Started Security Auditing Service.
[   12.578693] systemd[1]: Starting Update UTMP about System Boot/Shutdown...
[   12.728079] systemd[1]: Started Update UTMP about System Boot/Shutdown.
[   12.765281] systemd[1]: Started Enable support for additional executable binary formats.
[   13.296614] Kernel unaligned access at TPC[88df78] aa_dfa_unpack+0x38/0x5a0
[   13.296745] Kernel unaligned access at TPC[88df98] aa_dfa_unpack+0x58/0x5a0
[   13.296812] Kernel unaligned access at TPC[88e054] aa_dfa_unpack+0x114/0x5a0
[   13.296881] Kernel unaligned access at TPC[88e134] aa_dfa_unpack+0x1f4/0x5a0
[   13.296948] Kernel unaligned access at TPC[88e148] aa_dfa_unpack+0x208/0x5a0
[   13.484170] systemd[1]: Started Load AppArmor profiles.
[   13.538650] systemd[1]: Started Entropy Daemon based on the HAVEGE algorithm.
[   13.549041] systemd[1]: Starting Raise network interfaces...
[   13.561230] systemd[1]: Starting Journal Service...
[   13.772495] systemd[1]: Started Journal Service.
[   14.032526] systemd-journald[791]: Received client request to flush runtime journal.
[   14.144411] random: crng init done
[   14.144459] random: 7 urandom warning(s) missed due to ratelimiting
