[    0.000017] PROMLIB: Sun IEEE Boot Prom 'OBP 4.38.12 2018/03/28 14:54'
[    0.000028] PROMLIB: Root node compatible: sun4v
[    0.000074] Linux version 5.0.0-rc2-00034-gc962cb323ec2 (mator@ttip) (gcc version 8.2.0 (Debian 8.2.0-14)) #875 SMP Mon Jan 14 22:46:54 MSK 2019
[    0.000381] printk: bootconsole [earlyprom0] enabled
[    0.000433] ARCH: SUN4V
[    0.000482] Ethernet address: 00:14:4f:fa:06:f2
[    0.000535] MM: PAGE_OFFSET is 0xfff8000000000000 (max_phys_bits == 47)
[    0.000599] MM: VMALLOC [0x0000000100000000 --> 0x0006000000000000]
[    0.000660] MM: VMEMMAP [0x0006000000000000 --> 0x000c000000000000]
[    0.011792] Kernel: Using 5 locked TLB entries for main kernel image.
[    0.011862] Remapping the kernel... 
[    0.011883] done.
[    0.040420] OF stdout device is: /virtual-devices@100/console@1
[    0.040484] PROM: Built device tree with 72847 bytes of memory.
[    0.040546] MDESC: Size is 30768 bytes.
[    0.040651] PLATFORM: banner-name [SPARC T5-2]
[    0.040701] PLATFORM: name [ORCL,SPARC-T5-2]
[    0.040747] PLATFORM: hostid [84fa06f2]
[    0.040790] PLATFORM: serial# [0035260e]
[    0.040835] PLATFORM: stick-frequency [3b9aca00]
[    0.040883] PLATFORM: mac-address [144ffa06f2]
[    0.040930] PLATFORM: watchdog-resolution [1000 ms]
[    0.040980] PLATFORM: watchdog-max-timeout [31536000000 ms]
[    0.041036] PLATFORM: max-cpus [1024]
[    0.041125] Top of RAM: 0x24af948000, Total RAM: 0x87f386000
[    0.041187] Memory hole size: 115461MB
[    0.045397] Allocated 40960 bytes for kernel page tables.
[    0.045478] Zone ranges:
[    0.045518]   Normal   [mem 0x0000000030400000-0x00000024af947fff]
[    0.045582] Movable zone start for each node
[    0.045629] Early memory node ranges
[    0.045670]   node   0: [mem 0x0000000030400000-0x000000006febffff]
[    0.045732]   node   0: [mem 0x000000006ff40000-0x000000006ff47fff]
[    0.045794]   node   0: [mem 0x0000000070000000-0x000000042fffffff]
[    0.045855]   node   0: [mem 0x0000002030000000-0x00000024af8b5fff]
[    0.045917]   node   0: [mem 0x00000024af940000-0x00000024af947fff]
[    0.053267] Zeroed struct page in unavailable ranges: 230113 pages
[    0.053276] Initmem setup node 0 [mem 0x0000000030400000-0x00000024af947fff]
[    0.053433] On node 0 totalpages: 4454851
[    0.053442]   Normal zone: 39154 pages used for memmap
[    0.053447]   Normal zone: 0 pages reserved
[    0.053453]   Normal zone: 4454851 pages, LIFO batch:31
[    0.254618] Booting Linux...
[    0.254701] CPU CAPS: [flush,stbar,swap,muldiv,v9,blkinit,n2,mul32]
[    0.254783] CPU CAPS: [div32,v8plus,popc,vis,vis2,ASIBlkInit,fmaf,vis3]
[    0.255862] CPU CAPS: [hpc,ima,pause,cbcond,aes,des,kasumi,camellia]
[    0.255935] CPU CAPS: [md5,sha1,sha256,sha512,mpmul,montmul,montsqr,crc32c]
[    0.307021] percpu: Embedded 20 pages/cpu @(____ptrval____) s121928 r8192 d33720 u262144
[    0.307262] pcpu-alloc: s121928 r8192 d33720 u262144 alloc=1*4194304
[    0.307269] pcpu-alloc: [0] 000 001 002 003 004 005 006 007 008 009 010 011 012 013 014 015 
[    0.307296] pcpu-alloc: [0] 016 017 018 019 020 021 022 023 024 025 026 027 028 029 030 031 
[    0.307323] pcpu-alloc: [0] 032 033 034 035 036 037 038 039 040 041 042 043 044 045 046 047 
[    0.307349] pcpu-alloc: [0] 048 049 050 051 052 053 054 055 056 057 058 059 060 061 062 063 
[    0.307376] pcpu-alloc: [0] 064 065 066 067 068 069 070 071 072 073 074 075 076 077 078 079 
[    0.307403] pcpu-alloc: [0] 080 081 082 083 084 085 086 087 088 089 090 091 092 093 094 095 
[    0.307429] pcpu-alloc: [0] 096 097 098 099 100 101 102 103 104 105 106 107 108 109 110 111 
[    0.307456] pcpu-alloc: [0] 112 113 114 115 116 117 118 119 120 121 122 123 124 125 126 127 
[    0.307483] pcpu-alloc: [0] 128 129 130 131 132 133 134 135 136 137 138 139 140 141 142 143 
[    0.307510] pcpu-alloc: [0] 144 145 146 147 148 149 150 151 152 153 154 155 156 157 158 159 
[    0.307537] pcpu-alloc: [0] 160 161 162 163 164 165 166 167 168 169 170 171 172 173 174 175 
[    0.307564] pcpu-alloc: [0] 176 177 178 179 180 181 182 183 184 185 186 187 188 189 190 191 
[    0.307591] pcpu-alloc: [0] 192 193 194 195 196 197 198 199 200 201 202 203 204 205 206 207 
[    0.307618] pcpu-alloc: [0] 208 209 210 211 212 213 214 215 216 217 218 219 220 221 222 223 
[    0.307645] pcpu-alloc: [0] 224 225 226 227 228 229 230 231 232 233 234 235 236 237 238 239 
[    0.307672] pcpu-alloc: [0] 240 241 242 243 244 245 246 247 248 249 250 251 252 253 254 255 
[    0.308111] SUN4V: Mondo queue sizes [cpu(131072) dev(16384) r(8192) nr(256)]
[    0.308413] Built 1 zonelists, mobility grouping on.  Total pages: 4415697
[    0.308501] Kernel command line: BOOT_IMAGE=/vmlinuz-5.0.0-rc2-00034-gc962cb323ec2 root=/dev/vdiska2 ro zswap.enabled=1 elevator=deadline
[    0.310894] printk: log_buf_len individual max cpu contribution: 4096 bytes
[    0.310963] printk: log_buf_len total cpu_extra contributions: 1044480 bytes
[    0.311031] printk: log_buf_len min size: 131072 bytes
[    0.311401] printk: log_buf_len: 2097152 bytes
[    0.311452] printk: early log buf free: 125920(96%)
[    0.317771] Dentry cache hash table entries: 8388608 (order: 13, 67108864 bytes)
[    0.321003] Inode-cache hash table entries: 4194304 (order: 12, 33554432 bytes)
[    0.321074] Sorting __ex_table...
[    0.407179] Memory: 35118488K/35638808K available (6089K kernel code, 827K rwdata, 1760K rodata, 880K init, 7992K bss, 520320K reserved, 0K cma-reserved)
[    0.407545] kmemleak: Kernel memory leak detector disabled
[    0.409030] ftrace: allocating 18539 entries in 37 pages
[    0.422546] Running RCU self tests
[    0.422592] rcu: Hierarchical RCU implementation.
[    0.422640] rcu: 	RCU event tracing is enabled.
[    0.422688] rcu: 	RCU lockdep checking is enabled.
[    0.422739] rcu: RCU calculated value of scheduler-enlistment delay is 11 jiffies.
[    0.427921] NR_IRQS: 2048, nr_irqs: 2048, preallocated irqs: 1
[    0.428001] SUN4V: Using IRQ API major 3, cookie only virqs enabled
[    0.432128] clocksource: stick: mask: 0xffffffffffffffff max_cycles: 0x1cd42e4dffb, max_idle_ns: 881590591483 ns
[    0.432261] clocksource: mult[800000] shift[23]
[    0.432309] clockevent: mult[80000000] shift[31]
[    0.436593] Console: colour dummy device 80x25
[    0.436655] printk: console [tty0] enabled
[    0.436730] printk: bootconsole [earlyprom0] disabled
[    0.436813] Lock dependency validator: Copyright (c) 2006 Red Hat, Inc., Ingo Molnar
[    0.436858] ... MAX_LOCKDEP_SUBCLASSES:  8
[    0.436886] ... MAX_LOCK_DEPTH:          48
[    0.436915] ... MAX_LOCKDEP_KEYS:        8191
[    0.436944] ... CLASSHASH_SIZE:          4096
[    0.436973] ... MAX_LOCKDEP_ENTRIES:     16384
[    0.437003] ... MAX_LOCKDEP_CHAINS:      32768
[    0.437032] ... CHAINHASH_SIZE:          16384
[    0.437062]  memory used by lock dependency info: 4959 kB
[    0.437096]  per task-struct memory footprint: 1920 bytes
[    0.437265] kmemleak: Early log buffer exceeded (36559), please increase DEBUG_KMEMLEAK_EARLY_LOG_SIZE
[    0.582529] Calibrating delay using timer specific routine.. 2003.72 BogoMIPS (lpj=10018620)
[    0.582583] pid_max: default: 262144 minimum: 2048
[    0.583709] LSM: Security Framework initializing
[    0.583749] AppArmor: AppArmor disabled by boot time parameter
[    0.584427] Mount-cache hash table entries: 131072 (order: 7, 1048576 bytes)
[    0.584584] Mountpoint-cache hash table entries: 131072 (order: 7, 1048576 bytes)
[    0.589400] rcu: Hierarchical SRCU implementation.
[    0.611793] smp: Bringing up secondary CPUs ...
[    0.671998] smp: Brought up 1 node, 24 CPUs
[    0.676176] devtmpfs: initialized
[    0.681691] Performance events: 
[    0.681723] Testing NMI watchdog ... 
[    0.881820] OK.
[    0.881961] Supported PMU type is 'niagara5'
[    0.882281] random: get_random_u32 called from bucket_table_alloc.isra.4+0x140/0x1c0 with crng_init=0
[    0.883085] ldc.c:v1.1 (July 22, 2008)
[    0.885756] clocksource: jiffies: mask: 0xffffffff max_cycles: 0xffffffff, max_idle_ns: 19112604462750000 ns
[    0.885851] futex hash table entries: 65536 (order: 10, 8388608 bytes)
[    0.895548] NET: Registered protocol family 16
[    0.904695] VIO: Adding device channel-devices (tx_ino = ffffffffffffffff, rx_ino = ffffffffffffffff)
[    0.904925] VIO: Adding device vnet-port-0-0 (tx_ino = 0, rx_ino = 1)
[    0.905153] VIO: Adding device vnet-port-0-1 (tx_ino = 2, rx_ino = 3)
[    0.905353] VIO: Adding device vnet-port-0-2 (tx_ino = 4, rx_ino = 5)
[    0.905545] VIO: Adding device vnet-port-0-3 (tx_ino = 6, rx_ino = 7)
[    0.905746] VIO: Adding device vnet-port-0-4 (tx_ino = 8, rx_ino = 9)
[    0.905938] VIO: Adding device vdc-port-3-0 (tx_ino = a, rx_ino = b)
[    0.906135] VIO: Adding device vdc-port-2-0 (tx_ino = c, rx_ino = d)
[    0.906332] VIO: Adding device vdc-port-1-0 (tx_ino = e, rx_ino = f)
[    0.906526] VIO: Adding device vdc-port-0-0 (tx_ino = 10, rx_ino = 11)
[    0.906725] VIO: Adding device vlds-port-0-0 (tx_ino = 12, rx_ino = 13)
[    0.906925] VIO: Adding device domain-services-port-0 (tx_ino = 12, rx_ino = 13)
[    0.907324] audit: initializing netlink subsys (disabled)
[    0.907677] audit: type=2000 audit(0.470:1): state=initialized audit_enabled=0 res=1
[    0.952870] HugeTLB registered 64.0 KiB page size, pre-allocated 0 pages
[    0.952916] HugeTLB registered 8.00 MiB page size, pre-allocated 0 pages
[    0.952958] HugeTLB registered 256 MiB page size, pre-allocated 0 pages
[    0.953000] HugeTLB registered 2.00 GiB page size, pre-allocated 0 pages
[    0.964511] SUN4V: Reboot data supported (maj=1,min=0).
[    0.964935] ds.c:v1.0 (Jul 11, 2007)
[    0.965346] ds-0: ds_conn_reset() from send_events.isra.3
[    0.966815] clocksource: Switched to clocksource stick
[    1.145481] VFS: Disk quotas dquot_6.6.0
[    1.145973] VFS: Dquot-cache hash table entries: 1024 (order 0, 8192 bytes)
[    1.166176] NET: Registered protocol family 2
[    1.168560] tcp_listen_portaddr_hash hash table entries: 32768 (order: 8, 2359296 bytes)
[    1.171831] TCP established hash table entries: 524288 (order: 9, 4194304 bytes)
[    1.173847] TCP bind hash table entries: 65536 (order: 9, 4194304 bytes)
[    1.179778] TCP: Hash tables configured (established 524288 bind 65536)
[    1.186295] UDP hash table entries: 32768 (order: 9, 5242880 bytes)
[    1.193423] UDP-Lite hash table entries: 32768 (order: 9, 5242880 bytes)
[    1.207299] NET: Registered protocol family 1
[    1.208181] Unpacking initramfs...
[    1.481903] Freeing initrd memory: 8728K
[    1.518063] Kprobe smoke test: started
[    1.527548] Kprobe smoke test: passed successfully
[    1.528630] workingset: timestamp_bits=46 max_order=23 bucket_order=0
[    1.529929] zbud: loaded
[    1.682771] Block layer SCSI generic (bsg) driver version 0.4 loaded (major 252)
[    1.684367] io scheduler mq-deadline registered
[    1.684403] io scheduler kyber registered
[    1.685967] f029b788: ttyS0 at I/O 0x0 (irq = 1, base_baud = 115200) is a SUN4V HCONS
[    1.691438] printk: console [ttyHV0] enabled
[    1.694584] sunvdc.c:v1.2 (November 24, 2014)
[    1.701150] sunvdc: Virtual CDROM vdiskd
[    1.701200] sunvdc: vdiskd: 403160 sectors (196 MB) protocol 1.2
[    1.702585]  vdiskd: vdiskd1 vdiskd2 vdiskd3 vdiskd4 vdiskd5 vdiskd6 vdiskd7
[    1.756847] sunvdc: Virtual Hard disk vdiskc
[    1.756889] sunvdc: vdiskc: 104857600 sectors (51200 MB) protocol 1.2
[    1.807399] sunvdc: Virtual Hard disk vdiskb
[    1.807444] sunvdc: vdiskb: 62914560 sectors (30720 MB) protocol 1.2
[    1.817876]  vdiskb: vdiskb1
[    1.869574] sunvdc: Virtual Hard disk vdiska
[    1.869615] sunvdc: vdiska: 31457280 sectors (15360 MB) protocol 1.2
[    1.870630]  vdiska: vdiska1 vdiska2 vdiska3 vdiska4
[    1.915093] sunvnet: sunvnet 2.0 (February 3, 2017)
[    1.918592] vnet_port vnet-port-0-0 eth0: Sun LDOM vnet 00:14:4f:f8:12:a3
[    1.919165] sunvnet: eth0: PORT ( remote-mac 00:14:4f:fa:f3:f0 switch-port )
[    1.920443] sunvnet: eth0: PORT ( remote-mac 00:14:4f:f8:e5:f3 )
[    1.921777] sunvnet: eth0: PORT ( remote-mac 00:14:4f:f9:b4:97 )
[    1.923061] sunvnet: eth0: PORT ( remote-mac 00:14:4f:f9:8b:83 )
[    1.924333] sunvnet: eth0: PORT ( remote-mac 00:14:4f:f8:3f:1e )
[    1.925320] mousedev: PS/2 mouse device common for all mice
[    1.926479] rtc-sun4v rtc-sun4v: registered as rtc0
[    1.927654] device-mapper: uevent: version 1.0.3
[    1.928750] device-mapper: ioctl: 4.39.0-ioctl (2018-04-03) initialised: dm-devel@redhat.com
[    1.930287] NET: Registered protocol family 17
[    1.931502] registered taskstats version 1
[    1.934451] zswap: loaded using pool lzo/zbud
[    1.963623] Key type big_key registered
[    1.964466] rtc-sun4v rtc-sun4v: setting system clock to 2019-01-14T19:50:30 UTC (1547495430)
[    1.969101] This architecture does not have kernel memory protection.
[    1.969145] Run /init as init process
[    2.814365] crc32c_sparc64: Using sparc64 crc32c opcode optimized CRC32C implementation
[    2.899887] random: fast init done
[    3.296755] raid6: int64x8  gen()  2178 MB/s
[    3.466751] raid6: int64x8  xor()  1569 MB/s
[    3.636752] raid6: int64x4  gen()  3471 MB/s
[    3.806756] raid6: int64x4  xor()  1996 MB/s
[    3.976763] raid6: int64x2  gen()  2882 MB/s
[    4.146765] raid6: int64x2  xor()  1998 MB/s
[    4.316757] raid6: int64x1  gen()  2798 MB/s
[    4.486760] raid6: int64x1  xor()  1656 MB/s
[    4.486796] raid6: using algorithm int64x4 gen() 3471 MB/s
[    4.486834] raid6: .... xor() 1996 MB/s, rmw enabled
[    4.486870] raid6: using intx1 recovery algorithm
[    4.487841] async_tx: api initialized (async)
[    4.488449] xor: automatically using best checksumming function   Niagara   
[    4.700014] EXT4-fs (vdiska2): mounted filesystem with ordered data mode. Opts: (null)
[    6.021696] systemd[1]: Inserted module 'autofs4'
[    6.030714] NET: Registered protocol family 10
[    6.042461] Segment Routing with IPv6
[    6.142896] systemd[1]: systemd 240 running in system mode. (+PAM +AUDIT +SELINUX +IMA +APPARMOR +SMACK +SYSVINIT +UTMP +LIBCRYPTSETUP +GCRYPT +GNUTLS +ACL +XZ +LZ4 -SECCOMP +BLKID +ELFUTILS +KMOD -IDN2 +IDN -PCRE2 default-hierarchy=hybrid)
[    6.143434] systemd[1]: Detected architecture sparc64.
[    6.207046] systemd[1]: Set hostname to <ttip>.
[    6.923583] random: lvmconfig: uninitialized urandom read (4 bytes read)
[    7.761749] systemd[1]: File /lib/systemd/system/systemd-journald.service:12 configures an IP firewall (IPAddressDeny=any), but the local system does not support BPF/cgroup based firewalling.
[    7.761871] systemd[1]: Proceeding WITHOUT firewalling in effect! (This warning is only shown for the first loaded unit using IP firewalling.)
[    7.782278] systemd[1]: /lib/systemd/system/auditd.service:11: PIDFile= references path below legacy directory /var/run/, updating /var/run/auditd.pid → /run/auditd.pid; please update the unit file accordingly.
[    8.053289] systemd[1]: /lib/systemd/system/smbd.service:9: PIDFile= references path below legacy directory /var/run/, updating /var/run/samba/smbd.pid → /run/samba/smbd.pid; please update the unit file accordingly.
[    8.057175] systemd[1]: /lib/systemd/system/nmbd.service:9: PIDFile= references path below legacy directory /var/run/, updating /var/run/samba/nmbd.pid → /run/samba/nmbd.pid; please update the unit file accordingly.
[    8.224111] random: systemd: uninitialized urandom read (16 bytes read)
[    8.228710] random: systemd: uninitialized urandom read (16 bytes read)
[    8.229681] systemd[1]: Listening on udev Control Socket.
[    8.230596] random: systemd: uninitialized urandom read (16 bytes read)
[    8.232617] systemd[1]: Listening on Syslog Socket.
[    8.546155] EXT4-fs (vdiska2): re-mounted. Opts: errors=remount-ro
[    8.784968] systemd-journald[402]: Received request to flush runtime journal from PID 1
[    9.976054] sha1_sparc64: Using sparc64 sha1 opcode optimized SHA-1 implementation
[   10.013444] sha256_sparc64: Using sparc64 sha256 opcode optimized SHA-256/SHA-224 implementation
[   10.056702] n2rng v0.3 (Jan 7, 2017)
[   10.056890] n2rng f029b104: Registered RNG HVAPI major 2 minor 0
[   10.057008] n2rng f029b104: Found multi-unit-capable RNG, units: 2
[   10.058404] n2rng f029b104: RNG ready
[   10.064204] sha512_sparc64: Using sparc64 sha512 opcode optimized SHA-512/SHA-384 implementation
[   10.067981] md5_sparc64: Using sparc64 md5 opcode optimized MD5 implementation
[   10.118602] aes_sparc64: Using sparc64 aes opcodes optimized AES implementation
[   10.203665] des_sparc64: Using sparc64 des opcodes optimized DES implementation
[   10.242534] camellia_sparc64: Using sparc64 camellia opcodes optimized CAMELLIA implementation
[   11.766062] SGI XFS with ACLs, security attributes, debug enabled
[   11.799313] XFS (dm-0): Mounting V5 Filesystem
[   11.928404] XFS (dm-0): Ending clean mount
[   13.330978] Adding 787176k swap on /dev/vdiska4.  Priority:-2 extents:1 across:787176k FS
[   13.703282] EXT4-fs (vdiska1): mounting ext3 file system using the ext4 subsystem
[   13.714143] EXT4-fs (vdiska1): mounted filesystem with ordered data mode. Opts: (null)
