[    0.000023] PROMLIB: Sun IEEE Boot Prom 'OBP 4.38.12 2018/03/28 14:54'
[    0.000035] PROMLIB: Root node compatible: sun4v
[    0.000085] Linux version 5.8.0-rc2-00542-g719fdd32921f (mator@ttip) (gcc (Debian 10.1.0-4) 10.1.0, GNU ld (GNU Binutils for Debian) 2.34) #4 SMP Sun Jun 28 13:44:22 MSK 2020
[    0.000426] printk: bootconsole [earlyprom0] enabled
[    0.000479] ARCH: SUN4V
[    0.000529] Ethernet address: 00:14:4f:fa:06:f2
[    0.000582] MM: PAGE_OFFSET is 0xfff8000000000000 (max_phys_bits == 47)
[    0.000648] MM: VMALLOC [0x0000000100000000 --> 0x0006000000000000]
[    0.000711] MM: VMEMMAP [0x0006000000000000 --> 0x000c000000000000]
[    0.013167] Kernel: Using 5 locked TLB entries for main kernel image.
[    0.013237] Remapping the kernel... 
[    0.013261] done.
[    0.046998] OF stdout device is: /virtual-devices@100/console@1
[    0.047064] PROM: Built device tree with 86758 bytes of memory.
[    0.047125] MDESC: Size is 36224 bytes.
[    0.047244] PLATFORM: banner-name [SPARC T5-2]
[    0.047296] PLATFORM: name [ORCL,SPARC-T5-2]
[    0.047343] PLATFORM: hostid [84fa06f2]
[    0.047387] PLATFORM: serial# [0035260e]
[    0.047432] PLATFORM: stick-frequency [3b9aca00]
[    0.047480] PLATFORM: mac-address [144ffa06f2]
[    0.047528] PLATFORM: watchdog-resolution [1000 ms]
[    0.047579] PLATFORM: watchdog-max-timeout [31536000000 ms]
[    0.047635] PLATFORM: max-cpus [1024]
[    0.052603] Allocated 40960 bytes for kernel page tables.
[    0.052693] Zone ranges:
[    0.052734]   Normal   [mem 0x0000000030400000-0x00000024af937fff]
[    0.052799] Movable zone start for each node
[    0.052846] Early memory node ranges
[    0.052888]   node   0: [mem 0x0000000030400000-0x000000006fe7ffff]
[    0.052953]   node   0: [mem 0x000000006ff00000-0x000000006ff25fff]
[    0.053016]   node   0: [mem 0x0000000070000000-0x000000042fffffff]
[    0.053079]   node   0: [mem 0x0000002030000000-0x00000024af87ffff]
[    0.053142]   node   0: [mem 0x00000024af900000-0x00000024af925fff]
[    0.053203]   node   0: [mem 0x00000024af930000-0x00000024af937fff]
[    0.067360] Zeroed struct page in unavailable ranges: 263766 pages
[    0.067369] Initmem setup node 0 [mem 0x0000000030400000-0x00000024af937fff]
[    0.067529] On node 0 totalpages: 4454826
[    0.067539]   Normal zone: 39154 pages used for memmap
[    0.067544]   Normal zone: 0 pages reserved
[    0.067550]   Normal zone: 4454826 pages, LIFO batch:31
[    0.226506] Booting Linux...
[    0.226592] CPU CAPS: [flush,stbar,swap,muldiv,v9,blkinit,n2,mul32]
[    0.226675] CPU CAPS: [div32,v8plus,popc,vis,vis2,ASIBlkInit,fmaf,vis3]
[    0.226755] CPU CAPS: [hpc,ima,pause,cbcond,aes,des,kasumi,camellia]
[    0.226829] CPU CAPS: [md5,sha1,sha256,sha512,mpmul,montmul,montsqr,crc32c]
[    0.256919] percpu: Embedded 28 pages/cpu s184528 r8192 d36656 u262144
[    0.257136] pcpu-alloc: s184528 r8192 d36656 u262144 alloc=1*4194304
[    0.257144] pcpu-alloc: [0] 000 001 002 003 004 005 006 007 008 009 010 011 012 013 014 015 
[    0.257171] pcpu-alloc: [0] 016 017 018 019 020 021 022 023 024 025 026 027 028 029 030 031 
[    0.257199] pcpu-alloc: [0] 032 033 034 035 036 037 038 039 040 041 042 043 044 045 046 047 
[    0.257227] pcpu-alloc: [0] 048 049 050 051 052 053 054 055 056 057 058 059 060 061 062 063 
[    0.257255] pcpu-alloc: [0] 064 065 066 067 068 069 070 071 072 073 074 075 076 077 078 079 
[    0.257283] pcpu-alloc: [0] 080 081 082 083 084 085 086 087 088 089 090 091 092 093 094 095 
[    0.257310] pcpu-alloc: [0] 096 097 098 099 100 101 102 103 104 105 106 107 108 109 110 111 
[    0.257338] pcpu-alloc: [0] 112 113 114 115 116 117 118 119 120 121 122 123 124 125 126 127 
[    0.257786] SUN4V: Mondo queue sizes [cpu(131072) dev(16384) r(8192) nr(256)]
[    0.258166] Built 1 zonelists, mobility grouping on.  Total pages: 4415672
[    0.258237] Policy zone: Normal
[    0.258295] Kernel command line: BOOT_IMAGE=/vmlinux-5.8.0-rc2-00542-g719fdd32921f root=/dev/vdiska2 ro zswap.enabled=1
[    0.260877] printk: log_buf_len individual max cpu contribution: 4096 bytes
[    0.260948] printk: log_buf_len total cpu_extra contributions: 520192 bytes
[    0.261016] printk: log_buf_len min size: 131072 bytes
[    0.261288] printk: log_buf_len: 1048576 bytes
[    0.261340] printk: early log buf free: 126688(96%)
[    0.267657] Dentry cache hash table entries: 8388608 (order: 13, 67108864 bytes, linear)
[    0.270894] Inode-cache hash table entries: 4194304 (order: 12, 33554432 bytes, linear)
[    0.270971] Sorting __ex_table...
[    0.271218] mem auto-init: stack:off, heap alloc:off, heap free:off
[    0.378690] Memory: 35127264K/35638608K available (7958K kernel code, 1083K rwdata, 2336K rodata, 656K init, 6852K bss, 511344K reserved, 0K cma-reserved)
[    0.379385] SLUB: HWalign=32, Order=0-3, MinObjects=0, CPUs=128, Nodes=32
[    0.379696] ftrace: allocating 21741 entries in 43 pages
[    0.388236] ftrace: allocated 43 pages with 4 groups
[    0.391071] Running RCU self tests
[    0.391161] rcu: Hierarchical RCU implementation.
[    0.391213] rcu: 	RCU event tracing is enabled.
[    0.391261] rcu: 	RCU lockdep checking is enabled.
[    0.391315] 	Trampoline variant of Tasks RCU enabled.
[    0.391367] 	Rude variant of Tasks RCU enabled.
[    0.391415] 	Tracing variant of Tasks RCU enabled.
[    0.391466] rcu: RCU calculated value of scheduler-enlistment delay is 10 jiffies.
[    0.395808] NR_IRQS: 2048, nr_irqs: 2048, preallocated irqs: 1
[    0.395886] SUN4V: Using IRQ API major 3, cookie only virqs enabled
[    0.398447] clocksource: stick: mask: 0xffffffffffffffff max_cycles: 0x1cd42e4dffb, max_idle_ns: 881590591483 ns
[    0.398581] clocksource: mult[800000] shift[23]
[    0.398631] clockevent: mult[80000000] shift[31]
[    0.399029] Console: colour dummy device 80x25
[    0.399093] printk: console [tty0] enabled
[    0.399172] printk: bootconsole [earlyprom0] disabled
[    0.399261] Lock dependency validator: Copyright (c) 2006 Red Hat, Inc., Ingo Molnar
[    0.399313] ... MAX_LOCKDEP_SUBCLASSES:  8
[    0.399345] ... MAX_LOCK_DEPTH:          48
[    0.399378] ... MAX_LOCKDEP_KEYS:        8192
[    0.399411] ... CLASSHASH_SIZE:          4096
[    0.399445] ... MAX_LOCKDEP_ENTRIES:     16384
[    0.399479] ... MAX_LOCKDEP_CHAINS:      32768
[    0.399514] ... CHAINHASH_SIZE:          16384
[    0.399548]  memory used by lock dependency info: 3919 kB
[    0.399588]  memory used for stack traces: 2112 kB
[    0.399624]  per task-struct memory footprint: 1920 bytes
[    0.548863] Calibrating delay using timer specific routine.. 2004.12 BogoMIPS (lpj=10020642)
[    0.548926] pid_max: default: 131072 minimum: 1024
[    0.549248] LSM: Security Framework initializing
[    0.549410] AppArmor: AppArmor initialized
[    0.549714] Mount-cache hash table entries: 131072 (order: 7, 1048576 bytes, linear)
[    0.549884] Mountpoint-cache hash table entries: 131072 (order: 7, 1048576 bytes, linear)
[    0.555235] rcu: Hierarchical SRCU implementation.
[    0.564069] smp: Bringing up secondary CPUs ...
[    0.610315] smp: Brought up 1 node, 32 CPUs
[    0.615968] devtmpfs: initialized
[    0.621023] Performance events: 
[    0.621055] Testing NMI watchdog ... 
[    0.821131] OK.
[    0.821286] Supported PMU type is 'niagara5'
[    0.821484] random: get_random_u32 called from bucket_table_alloc.isra.0+0x198/0x1c0 with crng_init=0
[    0.821971] ldc.c:v1.1 (July 22, 2008)
[    0.824519] clocksource: jiffies: mask: 0xffffffff max_cycles: 0xffffffff, max_idle_ns: 19112604462750000 ns
[    0.824615] futex hash table entries: 32768 (order: 9, 4194304 bytes, linear)
[    0.830054] NET: Registered protocol family 16
[    0.839263] VIO: Adding device channel-devices (tx_ino = ffffffffffffffff, rx_ino = ffffffffffffffff)
[    0.839487] VIO: Adding device vnet-port-0-0 (tx_ino = 0, rx_ino = 1)
[    0.839702] VIO: Adding device vnet-port-0-1 (tx_ino = 2, rx_ino = 3)
[    0.839916] VIO: Adding device vnet-port-0-2 (tx_ino = 4, rx_ino = 5)
[    0.840101] VIO: Adding device vnet-port-0-3 (tx_ino = 6, rx_ino = 7)
[    0.840289] VIO: Adding device vnet-port-0-4 (tx_ino = 8, rx_ino = 9)
[    0.840468] VIO: Adding device vdc-port-2-0 (tx_ino = c, rx_ino = d)
[    0.840650] VIO: Adding device vdc-port-1-0 (tx_ino = e, rx_ino = f)
[    0.840828] VIO: Adding device vdc-port-0-0 (tx_ino = 10, rx_ino = 11)
[    0.841006] VIO: Adding device vdc-port-3-0 (tx_ino = 12, rx_ino = 13)
[    0.841189] VIO: Adding device vlds-port-0-0 (tx_ino = 14, rx_ino = 15)
[    0.841407] VIO: Adding device domain-services-port-0 (tx_ino = 14, rx_ino = 15)
[    0.841710] audit: initializing netlink subsys (disabled)
[    0.841982] audit: type=2000 audit(0.440:1): state=initialized audit_enabled=0 res=1
[    0.871496] HugeTLB registered 64.0 KiB page size, pre-allocated 0 pages
[    0.871547] HugeTLB registered 8.00 MiB page size, pre-allocated 0 pages
[    0.871595] HugeTLB registered 256 MiB page size, pre-allocated 0 pages
[    0.871643] HugeTLB registered 2.00 GiB page size, pre-allocated 0 pages
[    0.874611] alg: extra crypto tests enabled.  This is intended for developer use only.
[    0.896698] cryptd: max_cpu_qlen set to 1000
[    0.999545] NetLabel: Initializing
[    0.999581] NetLabel:  domain hash size = 128
[    0.999616] NetLabel:  protocols = UNLABELED CIPSOv4 CALIPSO
[    0.999746] NetLabel:  unlabeled traffic allowed by default
[    1.000740] SUN4V: Reboot data supported (maj=1,min=0).
[    1.001141] ds.c:v1.0 (Jul 11, 2007)
[    1.001524] ds-0: ds_conn_reset() from send_events
[    1.003008] clocksource: Switched to clocksource stick
[    1.211905] VFS: Disk quotas dquot_6.6.0
[    1.212052] VFS: Dquot-cache hash table entries: 1024 (order 0, 8192 bytes)
[    1.214348] AppArmor: AppArmor Filesystem Enabled
[    1.227773] NET: Registered protocol family 2
[    1.229486] tcp_listen_portaddr_hash hash table entries: 32768 (order: 8, 2621440 bytes, linear)
[    1.232409] TCP established hash table entries: 524288 (order: 9, 4194304 bytes, linear)
[    1.234881] TCP bind hash table entries: 65536 (order: 9, 4718592 bytes, linear)
[    1.240825] TCP: Hash tables configured (established 524288 bind 65536)
[    1.243357] UDP hash table entries: 32768 (order: 9, 5242880 bytes, linear)
[    1.249663] UDP-Lite hash table entries: 32768 (order: 9, 5242880 bytes, linear)
[    1.257730] NET: Registered protocol family 1
[    1.257795] NET: Registered protocol family 44
[    1.258447] Trying to unpack rootfs image as initramfs...
[    1.469236] Freeing initrd memory: 15680K
[    1.470113] aes_sparc64: Using sparc64 aes opcodes optimized AES implementation
[    1.722255] des_sparc64: Using sparc64 des opcodes optimized DES implementation
[    2.152545] camellia_sparc64: Using sparc64 camellia opcodes optimized CAMELLIA implementation
[    2.323009] workingset: timestamp_bits=41 max_order=23 bucket_order=0
[    2.344065] zbud: loaded
[    2.346773] SGI XFS with ACLs, security attributes, quota, fatal assert, debug enabled
[    2.374362] Block layer SCSI generic (bsg) driver version 0.4 loaded (major 252)
[    2.375328] io scheduler mq-deadline registered
[    2.378074] f029b788: ttyHV0 at I/O 0x0 (irq = 1, base_baud = 115200) is a SUN4V HCONS
[    2.379069] printk: console [ttyHV0] enabled
[    2.383403] sunvdc.c:v1.2 (November 24, 2014)
[    2.386645] sunvdc: Virtual Hard disk vdiskc
[    2.386687] sunvdc: vdiskc: 104857600 sectors (51200 MB) protocol 1.2
[    2.409814] sunvdc: Virtual Hard disk vdiskb
[    2.409857] sunvdc: vdiskb: 62914560 sectors (30720 MB) protocol 1.2
[    2.411424]  vdiskb: vdiskb1
[    2.432820] sunvdc: Virtual Hard disk vdiska
[    2.432864] sunvdc: vdiska: 31457280 sectors (15360 MB) protocol 1.2
[    2.434692]  vdiska: vdiska1 vdiska2 vdiska3 vdiska4
[    2.457513] sunvdc: Virtual CDROM vdiskd
[    2.457559] sunvdc: vdiskd: 453848 sectors (221 MB) protocol 1.2
[    2.458674]  vdiskd: vdiskd1 vdiskd2 vdiskd3 vdiskd4 vdiskd5 vdiskd6 vdiskd7
[    2.479353] sunvnet: sunvnet 2.0 (February 3, 2017)
[    2.481992] vnet_port vnet-port-0-0 eth0: Sun LDOM vnet 00:14:4f:f8:12:a3
[    2.482218] sunvnet: eth0: PORT ( remote-mac 00:14:4f:fa:f3:f0 switch-port )
[    2.482832] sunvnet: eth0: PORT ( remote-mac 00:14:4f:f8:e5:f3 )
[    2.483469] sunvnet: eth0: PORT ( remote-mac 00:14:4f:f9:b4:97 )
[    2.484064] sunvnet: eth0: PORT ( remote-mac 00:14:4f:f8:3f:1e )
[    2.484646] sunvnet: eth0: PORT ( remote-mac 00:14:4f:f8:fe:47 )
[    2.485929] rtc-sun4v rtc-sun4v: registered as rtc0
[    2.486064] rtc-sun4v rtc-sun4v: setting system clock to 2020-06-28T10:56:32 UTC (1593341792)
[    2.486658] sun4v_wdt: initialized (timeout=60s, nowayout=0)
[    2.487053] device-mapper: uevent: version 1.0.3
[    2.488078] device-mapper: ioctl: 4.42.0-ioctl (2020-02-27) initialised: dm-devel@redhat.com
[    2.489098] NET: Registered protocol family 17
[    2.489480] registered taskstats version 1
[    2.490500] zswap: loaded using pool lzo/zbud
[    2.491971] AppArmor: AppArmor sha1 policy hashing enabled
[    2.497084] This architecture does not have kernel memory protection.
[    2.497144] Run /init as init process
[    2.497177]   with arguments:
[    2.497184]     /init
[    2.497191]   with environment:
[    2.497197]     HOME=/
[    2.497204]     TERM=linux
[    2.497210]     BOOT_IMAGE=/vmlinux-5.8.0-rc2-00542-g719fdd32921f
[    2.988702] crc32c_sparc64: Using sparc64 crc32c opcode optimized CRC32C implementation
[    3.522956] raid6: int64x8  gen()  2160 MB/s
[    3.692956] raid6: int64x8  xor()  1551 MB/s
[    3.862949] raid6: int64x4  gen()  3430 MB/s
[    4.032954] raid6: int64x4  xor()  1483 MB/s
[    4.202954] raid6: int64x2  gen()  2799 MB/s
[    4.372951] raid6: int64x2  xor()  1159 MB/s
[    4.542948] raid6: int64x1  gen()  1381 MB/s
[    4.712965] raid6: int64x1  xor()   670 MB/s
[    4.713017] raid6: using algorithm int64x4 gen() 3430 MB/s
[    4.713060] raid6: .... xor() 1483 MB/s, rmw enabled
[    4.713099] raid6: using intx1 recovery algorithm
[    4.713915] async_tx: api initialized (async)
[    4.714443] xor: automatically using best checksumming function   Niagara   
[    4.796276] random: fast init done
[    4.918011] process '/usr/bin/fstype' started with executable stack
[    5.040451] EXT4-fs (vdiska2): mounted filesystem with ordered data mode. Opts: (null)
[    6.984824] systemd[1]: Inserted module 'autofs4'
[    6.997072] NET: Registered protocol family 10
[    7.003473] Segment Routing with IPv6
[    7.072548] systemd[1]: systemd 245.6-1 running in system mode. (+PAM +AUDIT +SELINUX +IMA +APPARMOR +SMACK +SYSVINIT +UTMP +LIBCRYPTSETUP +GCRYPT +GNUTLS +ACL +XZ +LZ4 -SECCOMP +BLKID +ELFUTILS +KMOD +IDN2 -IDN +PCRE2 default-hierarchy=hybrid)
[    7.073227] systemd[1]: Detected architecture sparc64.
[    7.205239] systemd[1]: Set hostname to <ttip>.
[    8.198488] random: lvmconfig: uninitialized urandom read (4 bytes read)
[    9.533502] random: systemd: uninitialized urandom read (16 bytes read)
[    9.578398] systemd[1]: Created slice system-getty.slice.
[    9.579162] random: systemd: uninitialized urandom read (16 bytes read)
[    9.589523] systemd[1]: Created slice system-modprobe.slice.
[    9.590069] random: systemd: uninitialized urandom read (16 bytes read)
[    9.600022] systemd[1]: Created slice system-openvpn\x2dclient.slice.
[    9.639216] systemd[1]: Created slice system-postfix.slice.
[    9.649675] systemd[1]: Created slice system-systemd\x2dfsck.slice.
[    9.658951] systemd[1]: Created slice User and Session Slice.
[    9.659994] systemd[1]: Started Dispatch Password Requests to Console Directory Watch.
[    9.660856] systemd[1]: Started Forward Password Requests to Wall Directory Watch.
[    9.664092] systemd[1]: Set up automount Arbitrary Executable File Formats File System Automount Point.
[    9.664764] systemd[1]: Reached target Local Encrypted Volumes.
[    9.665350] systemd[1]: Reached target Paths.
[    9.665876] systemd[1]: Reached target Remote File Systems.
[    9.666408] systemd[1]: Reached target Slices.
[    9.667531] systemd[1]: Listening on Device-mapper event daemon FIFOs.
[    9.668881] systemd[1]: Listening on LVM2 poll daemon socket.
[    9.669898] systemd[1]: Listening on fsck to fsckd communication Socket.
[    9.670685] systemd[1]: Listening on initctl Compatibility Named Pipe.
[    9.671947] systemd[1]: Listening on Journal Audit Socket.
[    9.673075] systemd[1]: Listening on Journal Socket (/dev/log).
[    9.674276] systemd[1]: Listening on Journal Socket.
[    9.675391] systemd[1]: Listening on udev Control Socket.
[    9.676232] systemd[1]: Listening on udev Kernel Socket.
[    9.692430] systemd[1]: Mounting Huge Pages File System...
[    9.713578] systemd[1]: Mounting POSIX Message Queue File System...
[    9.729431] systemd[1]: Mounting Kernel Debug File System...
[    9.800030] systemd[1]: Mounting Kernel Trace File System...
[    9.814705] systemd[1]: Starting Availability of block devices...
[    9.831227] systemd[1]: Starting Wait for network to be configured by ifupdown...
[    9.845742] systemd[1]: Starting Create list of static device nodes for the current kernel...
[    9.861500] systemd[1]: Starting Monitoring of LVM2 mirrors, snapshots etc. using dmeventd or progress polling...
[    9.877065] systemd[1]: Starting Load Kernel Module drm...
[    9.891374] systemd[1]: Starting nftables...
[    9.948085] systemd[1]: Condition check resulted in Set Up Additional Binary Formats being skipped.
[    9.948309] systemd[1]: Condition check resulted in File System Check on Root Device being skipped.
[    9.966779] systemd[1]: Starting Journal Service...
[   10.009085] systemd[1]: Starting Load Kernel Modules...
[   10.024491] systemd[1]: Starting Remount Root and Kernel File Systems...
[   10.039111] systemd[1]: Starting udev Coldplug all Devices...
[   10.048426] systemd[1]: Mounted Huge Pages File System.
[   10.049948] systemd[1]: Mounted POSIX Message Queue File System.
[   10.051414] systemd[1]: Mounted Kernel Debug File System.
[   10.052859] systemd[1]: Mounted Kernel Trace File System.
[   10.061094] systemd[1]: Finished Availability of block devices.
[   10.068118] systemd[1]: Finished Wait for network to be configured by ifupdown.
[   10.074579] systemd[1]: Finished Create list of static device nodes for the current kernel.
[   10.077380] systemd[1]: modprobe@drm.service: Succeeded.
[   10.081927] systemd[1]: Finished Load Kernel Module drm.
[   10.111493] systemd[1]: Finished Load Kernel Modules.
[   10.114233] systemd[1]: Condition check resulted in FUSE Control File System being skipped.
[   10.114668] systemd[1]: Condition check resulted in Kernel Configuration File System being skipped.
[   10.132392] systemd[1]: Starting Apply Kernel Variables...
[   10.144387] systemd[1]: Started Journal Service.
[   10.156003] EXT4-fs (vdiska2): re-mounted. Opts: errors=remount-ro
[   10.335109] systemd-journald[501]: Received client request to flush runtime journal.
[   11.851362] sha1_sparc64: Using sparc64 sha1 opcode optimized SHA-1 implementation
[   11.965499] n2rng v0.3 (Jan 7, 2017)
[   11.965624] n2rng f029b104: Registered RNG HVAPI major 2 minor 0
[   11.965736] n2rng f029b104: Found multi-unit-capable RNG, units: 2
[   11.966953] n2rng f029b104: RNG ready
[   12.028700] sha256_sparc64: Using sparc64 sha256 opcode optimized SHA-256/SHA-224 implementation
[   12.052490] pktcdvd: setup of pktcdvd device failed
[   12.102482] pktcdvd: setup of pktcdvd device failed
[   12.106837] pktcdvd: setup of pktcdvd device failed
[   12.110261] pktcdvd: setup of pktcdvd device failed
[   12.113520] pktcdvd: setup of pktcdvd device failed
[   12.116833] pktcdvd: setup of pktcdvd device failed
[   12.120152] pktcdvd: setup of pktcdvd device failed
[   12.124159] pktcdvd: setup of pktcdvd device failed
[   12.182117] sha512_sparc64: Using sparc64 sha512 opcode optimized SHA-512/SHA-384 implementation
[   12.184524] md5_sparc64: Using sparc64 md5 opcode optimized MD5 implementation
[   12.766979] XFS (dm-0): Mounting V5 Filesystem
[   12.783013] Adding 787176k swap on /dev/vdiska4.  Priority:-2 extents:1 across:787176k FS
[   12.852154] XFS (dm-0): Ending clean mount
[   12.855261] xfs filesystem being mounted at /1 supports timestamps until 2038 (0x7fffffff)
[   13.304182] EXT4-fs (vdiska1): mounting ext3 file system using the ext4 subsystem
[   13.647008] EXT4-fs (vdiska1): mounted filesystem with ordered data mode. Opts: (null)
[   13.647214] ext3 filesystem being mounted at /boot supports timestamps until 2038 (0x7fffffff)
[   14.903491] random: crng init done
[   14.903611] random: 6 urandom warning(s) missed due to ratelimiting
[   14.934032] Kernel unaligned access at TPC[8bc19c] aa_dfa_unpack+0x3c/0x640
[   14.934136] Kernel unaligned access at TPC[8bc1b0] aa_dfa_unpack+0x50/0x640
[   14.934197] Kernel unaligned access at TPC[8bc274] aa_dfa_unpack+0x114/0x640
[   14.934259] Kernel unaligned access at TPC[8bc344] aa_dfa_unpack+0x1e4/0x640
[   14.934318] Kernel unaligned access at TPC[8bc358] aa_dfa_unpack+0x1f8/0x640
[   14.944477] audit: type=1400 audit(1593341804.950:2): apparmor="STATUS" operation="profile_load" profile="unconfined" name="nvidia_modprobe" pid=688 comm="apparmor_parser"
[   14.944608] audit: type=1400 audit(1593341804.950:3): apparmor="STATUS" operation="profile_load" profile="unconfined" name="nvidia_modprobe//kmod" pid=688 comm="apparmor_parser"
[   14.976529] audit: type=1400 audit(1593341804.980:4): apparmor="STATUS" operation="profile_load" profile="unconfined" name="/usr/sbin/haveged" pid=686 comm="apparmor_parser"
[   14.988223] audit: type=1400 audit(1593341804.990:5): apparmor="STATUS" operation="profile_load" profile="unconfined" name="lsb_release" pid=692 comm="apparmor_parser"
[   15.032319] audit: type=1400 audit(1593341805.030:6): apparmor="STATUS" operation="profile_load" profile="unconfined" name="/usr/bin/man" pid=689 comm="apparmor_parser"
[   15.032450] audit: type=1400 audit(1593341805.030:7): apparmor="STATUS" operation="profile_load" profile="unconfined" name="man_filter" pid=689 comm="apparmor_parser"
[   15.032568] audit: type=1400 audit(1593341805.030:8): apparmor="STATUS" operation="profile_load" profile="unconfined" name="man_groff" pid=689 comm="apparmor_parser"
[   15.049929] audit: type=1400 audit(1593341805.050:9): apparmor="STATUS" operation="profile_load" profile="unconfined" name="/usr/sbin/named" pid=691 comm="apparmor_parser"
[   15.068722] audit: type=1400 audit(1593341805.070:10): apparmor="STATUS" operation="profile_load" profile="unconfined" name="tcpdump" pid=690 comm="apparmor_parser"
