[    0.000020] PROMLIB: Sun IEEE Boot Prom 'OBP 4.38.12 2018/03/28 14:54'
[    0.000031] PROMLIB: Root node compatible: sun4v
[    0.000082] Linux version 5.9.0-rc2-00270-g8bb5021cc2ee (mator@ttip) (gcc (Debian 10.2.0-6) 10.2.0, GNU ld (GNU Binutils for Debian) 2.35) #56 SMP Thu Sep 10 11:39:47 MSK 2020
[    0.000423] printk: bootconsole [earlyprom0] enabled
[    0.000474] ARCH: SUN4V
[    0.000525] Ethernet address: 00:14:4f:fa:06:f2
[    0.000580] MM: PAGE_OFFSET is 0xfff8000000000000 (max_phys_bits == 47)
[    0.000646] MM: VMALLOC [0x0000000100000000 --> 0x0006000000000000]
[    0.000711] MM: VMEMMAP [0x0006000000000000 --> 0x000c000000000000]
[    0.012571] Kernel: Using 5 locked TLB entries for main kernel image.
[    0.012654] Remapping the kernel... 
[    0.012677] done.
[    0.046239] OF stdout device is: /virtual-devices@100/console@1
[    0.046321] PROM: Built device tree with 86758 bytes of memory.
[    0.046388] MDESC: Size is 36512 bytes.
[    0.046517] PLATFORM: banner-name [SPARC T5-2]
[    0.046568] PLATFORM: name [ORCL,SPARC-T5-2]
[    0.046615] PLATFORM: hostid [84fa06f2]
[    0.046659] PLATFORM: serial# [0035260e]
[    0.046702] PLATFORM: stick-frequency [3b9aca00]
[    0.046752] PLATFORM: mac-address [144ffa06f2]
[    0.046799] PLATFORM: watchdog-resolution [1000 ms]
[    0.046850] PLATFORM: watchdog-max-timeout [31536000000 ms]
[    0.046908] PLATFORM: max-cpus [1024]
[    0.051680] Allocated 40960 bytes for kernel page tables.
[    0.051778] Zone ranges:
[    0.051819]   Normal   [mem 0x0000000030400000-0x00000024af937fff]
[    0.051882] Movable zone start for each node
[    0.051928] Early memory node ranges
[    0.051968]   node   0: [mem 0x0000000030400000-0x000000006fe7ffff]
[    0.052029]   node   0: [mem 0x000000006ff00000-0x000000006ff25fff]
[    0.052092]   node   0: [mem 0x0000000070000000-0x000000042fffffff]
[    0.052154]   node   0: [mem 0x0000002030000000-0x00000024af87ffff]
[    0.052215]   node   0: [mem 0x00000024af900000-0x00000024af925fff]
[    0.052277]   node   0: [mem 0x00000024af930000-0x00000024af937fff]
[    0.065933] Zeroed struct page in unavailable ranges: 263766 pages
[    0.065942] Initmem setup node 0 [mem 0x0000000030400000-0x00000024af937fff]
[    0.066103] On node 0 totalpages: 4454826
[    0.066112]   Normal zone: 39154 pages used for memmap
[    0.066118]   Normal zone: 0 pages reserved
[    0.066124]   Normal zone: 4454826 pages, LIFO batch:31
[    0.224876] Booting Linux...
[    0.224963] CPU CAPS: [flush,stbar,swap,muldiv,v9,blkinit,n2,mul32]
[    0.225045] CPU CAPS: [div32,v8plus,popc,vis,vis2,ASIBlkInit,fmaf,vis3]
[    0.226126] CPU CAPS: [hpc,ima,pause,cbcond,aes,des,kasumi,camellia]
[    0.226198] CPU CAPS: [md5,sha1,sha256,sha512,mpmul,montmul,montsqr,crc32c]
[    0.256116] percpu: Embedded 28 pages/cpu s184784 r8192 d36400 u262144
[    0.256365] pcpu-alloc: s184784 r8192 d36400 u262144 alloc=1*4194304
[    0.256373] pcpu-alloc: [0] 000 001 002 003 004 005 006 007 008 009 010 011 012 013 014 015 
[    0.256402] pcpu-alloc: [0] 016 017 018 019 020 021 022 023 024 025 026 027 028 029 030 031 
[    0.256431] pcpu-alloc: [0] 032 033 034 035 036 037 038 039 040 041 042 043 044 045 046 047 
[    0.256460] pcpu-alloc: [0] 048 049 050 051 052 053 054 055 056 057 058 059 060 061 062 063 
[    0.256489] pcpu-alloc: [0] 064 065 066 067 068 069 070 071 072 073 074 075 076 077 078 079 
[    0.256518] pcpu-alloc: [0] 080 081 082 083 084 085 086 087 088 089 090 091 092 093 094 095 
[    0.256547] pcpu-alloc: [0] 096 097 098 099 100 101 102 103 104 105 106 107 108 109 110 111 
[    0.256576] pcpu-alloc: [0] 112 113 114 115 116 117 118 119 120 121 122 123 124 125 126 127 
[    0.257030] SUN4V: Mondo queue sizes [cpu(131072) dev(16384) r(8192) nr(256)]
[    0.257403] Built 1 zonelists, mobility grouping on.  Total pages: 4415672
[    0.257473] Policy zone: Normal
[    0.257531] Kernel command line: BOOT_IMAGE=/vmlinux-5.9.0-rc2-00270-g8bb5021cc2ee root=/dev/vdiska2 ro zswap.enabled=1
[    0.260280] printk: log_buf_len individual max cpu contribution: 4096 bytes
[    0.260363] printk: log_buf_len total cpu_extra contributions: 520192 bytes
[    0.260428] printk: log_buf_len min size: 131072 bytes
[    0.260703] printk: log_buf_len: 1048576 bytes
[    0.260756] printk: early log buf free: 126688(96%)
[    0.267109] Dentry cache hash table entries: 8388608 (order: 13, 67108864 bytes, linear)
[    0.270381] Inode-cache hash table entries: 4194304 (order: 12, 33554432 bytes, linear)
[    0.270472] Sorting __ex_table...
[    0.270717] mem auto-init: stack:off, heap alloc:off, heap free:off
[    0.377202] Memory: 35127744K/35638608K available (8317K kernel code, 1094K rwdata, 2480K rodata, 680K init, 6856K bss, 510864K reserved, 0K cma-reserved)
[    0.377858] SLUB: HWalign=32, Order=0-3, MinObjects=0, CPUs=128, Nodes=32
[    0.378134] ftrace: allocating 23108 entries in 46 pages
[    0.386987] ftrace: allocated 46 pages with 4 groups
[    0.390040] Running RCU self tests
[    0.390475] rcu: Hierarchical RCU implementation.
[    0.390529] rcu: 	RCU event tracing is enabled.
[    0.390577] rcu: 	RCU lockdep checking is enabled.
[    0.390630] 	Trampoline variant of Tasks RCU enabled.
[    0.390681] 	Rude variant of Tasks RCU enabled.
[    0.390729] 	Tracing variant of Tasks RCU enabled.
[    0.390780] rcu: RCU calculated value of scheduler-enlistment delay is 10 jiffies.
[    0.395301] NR_IRQS: 2048, nr_irqs: 2048, preallocated irqs: 1
[    0.395401] SUN4V: Using IRQ API major 3, cookie only virqs enabled
[    0.398015] clocksource: stick: mask: 0xffffffffffffffff max_cycles: 0x1cd42e4dffb, max_idle_ns: 881590591483 ns
[    0.398150] clocksource: mult[800000] shift[23]
[    0.398200] clockevent: mult[80000000] shift[31]
[    0.398602] Console: colour dummy device 80x25
[    0.398667] printk: console [tty0] enabled
[    0.398747] printk: bootconsole [earlyprom0] disabled
[    0.398838] Lock dependency validator: Copyright (c) 2006 Red Hat, Inc., Ingo Molnar
[    0.398893] ... MAX_LOCKDEP_SUBCLASSES:  8
[    0.398928] ... MAX_LOCK_DEPTH:          48
[    0.398963] ... MAX_LOCKDEP_KEYS:        8192
[    0.398999] ... CLASSHASH_SIZE:          4096
[    0.399035] ... MAX_LOCKDEP_ENTRIES:     16384
[    0.399071] ... MAX_LOCKDEP_CHAINS:      32768
[    0.399107] ... CHAINHASH_SIZE:          16384
[    0.399144]  memory used by lock dependency info: 3919 kB
[    0.399185]  memory used for stack traces: 2112 kB
[    0.399224]  per task-struct memory footprint: 1920 bytes
[    0.548928] Calibrating delay using timer specific routine.. 2017.35 BogoMIPS (lpj=10086769)
[    0.549006] pid_max: default: 131072 minimum: 1024
[    0.549297] LSM: Security Framework initializing
[    0.549476] AppArmor: AppArmor initialized
[    0.549761] Mount-cache hash table entries: 131072 (order: 7, 1048576 bytes, linear)
[    0.549934] Mountpoint-cache hash table entries: 131072 (order: 7, 1048576 bytes, linear)
[    0.555550] rcu: Hierarchical SRCU implementation.
[    0.565186] smp: Bringing up secondary CPUs ...
[    0.614995] smp: Brought up 1 node, 32 CPUs
[    0.621318] devtmpfs: initialized
[    0.626726] Performance events: 
[    0.626770] Testing NMI watchdog ... 
[    0.826865] OK.
[    0.826990] Supported PMU type is 'niagara5'
[    0.827199] random: get_random_u32 called from bucket_table_alloc.isra.0+0x198/0x1c0 with crng_init=0
[    0.827858] ldc.c:v1.1 (July 22, 2008)
[    0.831118] clocksource: jiffies: mask: 0xffffffff max_cycles: 0xffffffff, max_idle_ns: 19112604462750000 ns
[    0.831212] futex hash table entries: 32768 (order: 9, 4194304 bytes, linear)
[    0.837090] NET: Registered protocol family 16
[    0.847017] VIO: Adding device channel-devices (tx_ino = ffffffffffffffff, rx_ino = ffffffffffffffff)
[    0.847263] VIO: Adding device vnet-port-0-0 (tx_ino = 0, rx_ino = 1)
[    0.847489] VIO: Adding device vnet-port-0-1 (tx_ino = 2, rx_ino = 3)
[    0.847700] VIO: Adding device vnet-port-0-2 (tx_ino = 4, rx_ino = 5)
[    0.847893] VIO: Adding device vnet-port-0-3 (tx_ino = 6, rx_ino = 7)
[    0.848084] VIO: Adding device vnet-port-0-4 (tx_ino = 8, rx_ino = 9)
[    0.848281] VIO: Adding device vnet-port-0-5 (tx_ino = a, rx_ino = b)
[    0.848472] VIO: Adding device vdc-port-2-0 (tx_ino = c, rx_ino = d)
[    0.848664] VIO: Adding device vdc-port-1-0 (tx_ino = e, rx_ino = f)
[    0.848862] VIO: Adding device vdc-port-0-0 (tx_ino = 10, rx_ino = 11)
[    0.849055] VIO: Adding device vdc-port-3-0 (tx_ino = 12, rx_ino = 13)
[    0.849249] VIO: Adding device vlds-port-0-0 (tx_ino = 14, rx_ino = 15)
[    0.849452] VIO: Adding device domain-services-port-0 (tx_ino = 14, rx_ino = 15)
[    0.849779] audit: initializing netlink subsys (disabled)
[    0.850137] audit: type=2000 audit(0.250:1): state=initialized audit_enabled=0 res=1
[    0.883755] HugeTLB registered 64.0 KiB page size, pre-allocated 0 pages
[    0.883819] HugeTLB registered 8.00 MiB page size, pre-allocated 0 pages
[    0.883871] HugeTLB registered 256 MiB page size, pre-allocated 0 pages
[    0.883922] HugeTLB registered 2.00 GiB page size, pre-allocated 0 pages
[    0.886494] alg: extra crypto tests enabled.  This is intended for developer use only.
[    0.915507] cryptd: max_cpu_qlen set to 1000
[    1.036105] vgaarb: loaded
[    1.037732] NetLabel: Initializing
[    1.037766] NetLabel:  domain hash size = 128
[    1.037803] NetLabel:  protocols = UNLABELED CIPSOv4 CALIPSO
[    1.037933] NetLabel:  unlabeled traffic allowed by default
[    1.039019] SUN4V: Reboot data supported (maj=1,min=0).
[    1.039440] ds.c:v1.0 (Jul 11, 2007)
[    1.039815] ds-0: ds_conn_reset() from send_events
[    1.041344] clocksource: Switched to clocksource stick
[    1.269112] VFS: Disk quotas dquot_6.6.0
[    1.269259] VFS: Dquot-cache hash table entries: 1024 (order 0, 8192 bytes)
[    1.271725] AppArmor: AppArmor Filesystem Enabled
[    1.287017] NET: Registered protocol family 2
[    1.289047] tcp_listen_portaddr_hash hash table entries: 32768 (order: 8, 2621440 bytes, linear)
[    1.292057] TCP established hash table entries: 524288 (order: 9, 4194304 bytes, linear)
[    1.294519] TCP bind hash table entries: 65536 (order: 9, 4718592 bytes, linear)
[    1.300084] TCP: Hash tables configured (established 524288 bind 65536)
[    1.302826] UDP hash table entries: 32768 (order: 9, 5242880 bytes, linear)
[    1.309093] UDP-Lite hash table entries: 32768 (order: 9, 5242880 bytes, linear)
[    1.317643] NET: Registered protocol family 1
[    1.317713] NET: Registered protocol family 44
[    1.317775] PCI: CLS 0 bytes, default 64
[    1.318378] Trying to unpack rootfs image as initramfs...
[    1.532577] Freeing initrd memory: 14648K
[    1.533635] aes_sparc64: Using sparc64 aes opcodes optimized AES implementation
[    2.269619] des_sparc64: Using sparc64 des opcodes optimized DES implementation
[    3.327706] camellia_sparc64: Using sparc64 camellia opcodes optimized CAMELLIA implementation
[    3.799230] workingset: timestamp_bits=41 max_order=23 bucket_order=0
[    3.821767] zbud: loaded
[    3.826071] SGI XFS with ACLs, security attributes, quota, fatal assert, debug enabled
[    3.856917] Block layer SCSI generic (bsg) driver version 0.4 loaded (major 252)
[    3.858078] io scheduler mq-deadline registered
[    3.861721] f029b788: ttyHV0 at I/O 0x0 (irq = 1, base_baud = 115200) is a SUN4V HCONS
[    3.862802] printk: console [ttyHV0] enabled
[    3.867875] sunvdc.c:v1.2 (November 24, 2014)
[    3.871731] sunvdc: Virtual Hard disk vdiskc
[    3.871777] sunvdc: vdiskc: 104857600 sectors (51200 MB) protocol 1.2
[    3.897105] sunvdc: Virtual Hard disk vdiskb
[    3.897162] sunvdc: vdiskb: 62914560 sectors (30720 MB) protocol 1.2
[    3.899242]  vdiskb: vdiskb1
[    3.923230] sunvdc: Virtual Hard disk vdiska
[    3.923287] sunvdc: vdiska: 31457280 sectors (15360 MB) protocol 1.2
[    3.924890]  vdiska: vdiska1 vdiska2 vdiska3 vdiska4
[    3.949735] sunvdc: Virtual CDROM vdiskd
[    3.949796] sunvdc: vdiskd: 453848 sectors (221 MB) protocol 1.2
[    3.951315]  vdiskd: vdiskd1 vdiskd2 vdiskd3 vdiskd4 vdiskd5 vdiskd6 vdiskd7
[    3.973576] sunvnet: sunvnet 2.0 (February 3, 2017)
[    3.976387] vnet_port vnet-port-0-0 eth0: Sun LDOM vnet 00:14:4f:f8:12:a3
[    3.976629] sunvnet: eth0: PORT ( remote-mac 00:14:4f:fa:f3:f0 switch-port )
[    3.977329] sunvnet: eth0: PORT ( remote-mac 00:14:4f:f8:e5:f3 )
[    3.978079] sunvnet: eth0: PORT ( remote-mac 00:14:4f:f9:b4:97 )
[    3.978760] sunvnet: eth0: PORT ( remote-mac 00:14:4f:f8:3f:1e )
[    3.979423] sunvnet: eth0: PORT ( remote-mac 00:14:4f:f8:fe:47 )
[    3.980081] sunvnet: eth0: PORT ( remote-mac 00:14:4f:fb:b5:00 )
[    3.981762] rtc-sun4v rtc-sun4v: registered as rtc0
[    3.981914] rtc-sun4v rtc-sun4v: setting system clock to 2020-09-10T08:44:45 UTC (1599727485)
[    3.982556] sun4v_wdt: initialized (timeout=60s, nowayout=0)
[    3.982974] device-mapper: uevent: version 1.0.3
[    3.984059] device-mapper: ioctl: 4.42.0-ioctl (2020-02-27) initialised: dm-devel@redhat.com
[    3.985121] NET: Registered protocol family 17
[    3.985538] registered taskstats version 1
[    3.986539] zswap: loaded using pool lzo/zbud
[    3.988102] AppArmor: AppArmor sha1 policy hashing enabled
[    3.994012] This architecture does not have kernel memory protection.
[    3.994076] Run /init as init process
[    3.994112]   with arguments:
[    3.994120]     /init
[    3.994127]   with environment:
[    3.994134]     HOME=/
[    3.994141]     TERM=linux
[    3.994149]     BOOT_IMAGE=/vmlinux-5.9.0-rc2-00270-g8bb5021cc2ee
[    4.545751] random: lvm: uninitialized urandom read (4 bytes read)
[    4.560648] crc32c_sparc64: Using sparc64 crc32c opcode optimized CRC32C implementation
[    4.606108] random: lvm: uninitialized urandom read (2 bytes read)
[    5.481309] raid6: int64x8  gen()  2151 MB/s
[    5.651305] raid6: int64x8  xor()  1518 MB/s
[    5.821319] raid6: int64x4  gen()  3376 MB/s
[    5.991303] raid6: int64x4  xor()  1457 MB/s
[    6.161336] raid6: int64x2  gen()  2880 MB/s
[    6.331302] raid6: int64x2  xor()  1096 MB/s
[    6.501310] raid6: int64x1  gen()  1417 MB/s
[    6.671317] raid6: int64x1  xor()   710 MB/s
[    6.671372] raid6: using algorithm int64x4 gen() 3376 MB/s
[    6.671417] raid6: .... xor() 1457 MB/s, rmw enabled
[    6.671459] raid6: using intx1 recovery algorithm
[    6.672405] async_tx: api initialized (async)
[    6.672950] xor: automatically using best checksumming function   Niagara   
[    6.795254] random: fast init done
[    7.022823] EXT4-fs (vdiska2): mounted filesystem with ordered data mode. Opts: (null)
[    7.285889] systemd[1]: Inserted module 'autofs4'
[    7.299146] NET: Registered protocol family 10
[    7.306942] Segment Routing with IPv6
[    7.329334] systemd[1]: systemd 246.4-1 running in system mode. (+PAM +AUDIT +SELINUX +IMA +APPARMOR +SMACK +SYSVINIT +UTMP +LIBCRYPTSETUP +GCRYPT +GNUTLS +ACL +XZ +LZ4 +ZSTD -SECCOMP +BLKID +ELFUTILS +KMOD +IDN2 -IDN +PCRE2 default-hierarchy=hybrid)
[    7.329992] systemd[1]: Detected architecture sparc64.
[    7.410126] systemd[1]: Set hostname to <ttip>.
[    7.532580] random: lvmconfig: uninitialized urandom read (4 bytes read)
[    7.883767] systemd[1]: Queued start job for default target Multi-User System.
[    7.884686] random: systemd: uninitialized urandom read (16 bytes read)
[    7.934621] systemd[1]: Created slice system-getty.slice.
[    7.935565] random: systemd: uninitialized urandom read (16 bytes read)
[    7.946878] systemd[1]: Created slice system-modprobe.slice.
[    7.963724] systemd[1]: Created slice system-openvpn\x2dclient.slice.
[    8.007921] systemd[1]: Created slice system-postfix.slice.
[    8.019748] systemd[1]: Created slice system-systemd\x2dfsck.slice.
[    8.032045] systemd[1]: Created slice User and Session Slice.
[    8.033308] systemd[1]: Started Dispatch Password Requests to Console Directory Watch.
[    8.034237] systemd[1]: Started Forward Password Requests to Wall Directory Watch.
[    8.037439] systemd[1]: Set up automount Arbitrary Executable File Formats File System Automount Point.
[    8.038159] systemd[1]: Reached target Local Encrypted Volumes.
[    8.038736] systemd[1]: Reached target Paths.
[    8.039269] systemd[1]: Reached target Slices.
[    8.040399] systemd[1]: Listening on Device-mapper event daemon FIFOs.
[    8.041632] systemd[1]: Listening on LVM2 poll daemon socket.
[    8.092619] systemd[1]: Listening on RPCbind Server Activation Socket.
[    8.095473] systemd[1]: Listening on Syslog Socket.
[    8.096738] systemd[1]: Listening on fsck to fsckd communication Socket.
[    8.097615] systemd[1]: Listening on initctl Compatibility Named Pipe.
[    8.098945] systemd[1]: Listening on Journal Audit Socket.
[    8.100058] systemd[1]: Listening on Journal Socket (/dev/log).
[    8.101446] systemd[1]: Listening on Journal Socket.
[    8.102836] systemd[1]: Listening on udev Control Socket.
[    8.103889] systemd[1]: Listening on udev Kernel Socket.
[    8.122132] systemd[1]: Mounting Huge Pages File System...
[    8.140801] systemd[1]: Mounting POSIX Message Queue File System...
[    8.214195] systemd[1]: Mounting RPC Pipe File System...
[    8.233383] systemd[1]: Mounting Kernel Debug File System...
[    8.252180] systemd[1]: Mounting Kernel Trace File System...
[    8.253087] systemd[1]: Condition check resulted in Kernel Module supporting RPCSEC_GSS being skipped.
[    8.254670] systemd[1]: Finished Availability of block devices.
[    8.279912] systemd[1]: Starting Wait for network to be configured by ifupdown...
[    8.280685] RPC: Registered named UNIX socket transport module.
[    8.280759] RPC: Registered udp transport module.
[    8.280803] RPC: Registered tcp transport module.
[    8.280847] RPC: Registered tcp NFSv4.1 backchannel transport module.
[    8.298140] systemd[1]: Starting Create list of static device nodes for the current kernel...
[    8.315126] systemd[1]: Starting Monitoring of LVM2 mirrors, snapshots etc. using dmeventd or progress polling...
[    8.332920] systemd[1]: Starting Load Kernel Module drm...
[    8.350088] systemd[1]: Starting nftables...
[    8.352699] systemd[1]: Condition check resulted in Set Up Additional Binary Formats being skipped.
[    8.352959] systemd[1]: Condition check resulted in File System Check on Root Device being skipped.
[    8.375364] systemd[1]: Starting Journal Service...
[    8.394689] systemd[1]: Starting Load Kernel Modules...
[    8.413860] systemd[1]: Starting Remount Root and Kernel File Systems...
[    8.435026] systemd[1]: Starting Coldplug All udev Devices...
[    8.452782] systemd[1]: Mounted Huge Pages File System.
[    8.455118] systemd[1]: Mounted POSIX Message Queue File System.
[    8.457439] systemd[1]: Mounted RPC Pipe File System.
[    8.459548] systemd[1]: Mounted Kernel Debug File System.
[    8.461527] systemd[1]: Mounted Kernel Trace File System.
[    8.471893] systemd[1]: Finished Wait for network to be configured by ifupdown.
[    8.480315] systemd[1]: Finished Create list of static device nodes for the current kernel.
[    8.483627] EXT4-fs (vdiska2): re-mounted. Opts: errors=remount-ro
[    8.489346] systemd[1]: Started Journal Service.
[    9.228847] sha1_sparc64: Using sparc64 sha1 opcode optimized SHA-1 implementation
[    9.235377] n2rng v0.3 (Jan 7, 2017)
[    9.235488] n2rng f029b104: Registered RNG HVAPI major 2 minor 0
[    9.235589] n2rng f029b104: Found multi-unit-capable RNG, units: 2
[    9.237300] n2rng f029b104: RNG ready
[    9.276487] pktcdvd: setup of pktcdvd device failed
[    9.337678] pktcdvd: setup of pktcdvd device failed
[    9.343394] pktcdvd: setup of pktcdvd device failed
[    9.348490] pktcdvd: setup of pktcdvd device failed
[    9.353435] pktcdvd: setup of pktcdvd device failed
[    9.357871] pktcdvd: setup of pktcdvd device failed
[    9.361982] pktcdvd: setup of pktcdvd device failed
[    9.366162] pktcdvd: setup of pktcdvd device failed
[    9.481607] Adding 787176k swap on /dev/vdiska4.  Priority:-2 extents:1 across:787176k FS
[    9.595552] EXT4-fs (vdiska1): mounting ext3 file system using the ext4 subsystem
[    9.612905] EXT4-fs (vdiska1): mounted filesystem with ordered data mode. Opts: (null)
[    9.613136] ext3 filesystem being mounted at /boot supports timestamps until 2038 (0x7fffffff)
[    9.678752] XFS (dm-0): Mounting V5 Filesystem
[    9.788660] sha256_sparc64: Using sparc64 sha256 opcode optimized SHA-256/SHA-224 implementation
[    9.894396] XFS (dm-0): Ending clean mount
[    9.899147] xfs filesystem being mounted at /1 supports timestamps until 2038 (0x7fffffff)
[   10.037948] Kernel unaligned access at TPC[8d3bfc] aa_dfa_unpack+0x3c/0x640
[   10.038088] Kernel unaligned access at TPC[8d3c10] aa_dfa_unpack+0x50/0x640
[   10.038167] Kernel unaligned access at TPC[8d3cd4] aa_dfa_unpack+0x114/0x640
[   10.038249] Kernel unaligned access at TPC[8d3da4] aa_dfa_unpack+0x1e4/0x640
[   10.038328] Kernel unaligned access at TPC[8d3db8] aa_dfa_unpack+0x1f8/0x640
[   10.041148] audit: type=1400 audit(1599727491.540:2): apparmor="STATUS" operation="profile_load" profile="unconfined" name="/usr/sbin/haveged" pid=659 comm="apparmor_parser"
[   10.044237] audit: type=1400 audit(1599727491.550:3): apparmor="STATUS" operation="profile_load" profile="unconfined" name="lsb_release" pid=667 comm="apparmor_parser"
[   10.050172] audit: type=1400 audit(1599727491.550:4): apparmor="STATUS" operation="profile_load" profile="unconfined" name="named" pid=665 comm="apparmor_parser"
[   10.053846] audit: type=1400 audit(1599727491.560:5): apparmor="STATUS" operation="profile_load" profile="unconfined" name="nvidia_modprobe" pid=662 comm="apparmor_parser"
[   10.054027] audit: type=1400 audit(1599727491.560:6): apparmor="STATUS" operation="profile_load" profile="unconfined" name="nvidia_modprobe//kmod" pid=662 comm="apparmor_parser"
[   10.056206] audit: type=1400 audit(1599727491.560:7): apparmor="STATUS" operation="profile_load" profile="unconfined" name="tcpdump" pid=664 comm="apparmor_parser"
[   10.071704] audit: type=1400 audit(1599727491.580:8): apparmor="STATUS" operation="profile_load" profile="unconfined" name="/usr/bin/man" pid=663 comm="apparmor_parser"
[   10.071917] audit: type=1400 audit(1599727491.580:9): apparmor="STATUS" operation="profile_load" profile="unconfined" name="man_filter" pid=663 comm="apparmor_parser"
[   10.072103] audit: type=1400 audit(1599727491.580:10): apparmor="STATUS" operation="profile_load" profile="unconfined" name="man_groff" pid=663 comm="apparmor_parser"
[   10.188322] sha512_sparc64: Using sparc64 sha512 opcode optimized SHA-512/SHA-384 implementation
[   10.190585] md5_sparc64: Using sparc64 md5 opcode optimized MD5 implementation
[   10.689040] random: crng init done
[   10.689113] random: 5 urandom warning(s) missed due to ratelimiting
