[    0.000021] PROMLIB: Sun IEEE Boot Prom 'OBP 4.38.12 2018/03/28 14:54'
[    0.000033] PROMLIB: Root node compatible: sun4v
[    0.000083] Linux version 5.1.0-01695-g78438ce18f26 (mator@ttip) (gcc version 8.3.0 (Debian 8.3.0-7)) #1051 SMP Sat Jul 13 13:43:25 MSK 2019
[    0.000384] printk: bootconsole [earlyprom0] enabled
[    0.000437] ARCH: SUN4V
[    0.000486] Ethernet address: 00:14:4f:fa:06:f2
[    0.000539] MM: PAGE_OFFSET is 0xfff8000000000000 (max_phys_bits == 47)
[    0.000603] MM: VMALLOC [0x0000000100000000 --> 0x0006000000000000]
[    0.000663] MM: VMEMMAP [0x0006000000000000 --> 0x000c000000000000]
[    0.012055] Kernel: Using 5 locked TLB entries for main kernel image.
[    0.012144] Remapping the kernel... 
[    0.012169] done.
[    0.046926] OF stdout device is: /virtual-devices@100/console@1
[    0.047007] PROM: Built device tree with 86230 bytes of memory.
[    0.047072] MDESC: Size is 36560 bytes.
[    0.047197] PLATFORM: banner-name [SPARC T5-2]
[    0.047248] PLATFORM: name [ORCL,SPARC-T5-2]
[    0.047294] PLATFORM: hostid [84fa06f2]
[    0.047337] PLATFORM: serial# [0035260e]
[    0.047379] PLATFORM: stick-frequency [3b9aca00]
[    0.047429] PLATFORM: mac-address [144ffa06f2]
[    0.047475] PLATFORM: watchdog-resolution [1000 ms]
[    0.047528] PLATFORM: watchdog-max-timeout [31536000000 ms]
[    0.047582] PLATFORM: max-cpus [1024]
[    0.047689] Top of RAM: 0x24af938000, Total RAM: 0x87f354000
[    0.047751] Memory hole size: 115461MB
[    0.052419] Allocated 40960 bytes for kernel page tables.
[    0.052521] Zone ranges:
[    0.052564]   Normal   [mem 0x0000000030400000-0x00000024af937fff]
[    0.052629] Movable zone start for each node
[    0.052673] Early memory node ranges
[    0.052714]   node   0: [mem 0x0000000030400000-0x000000006fe7ffff]
[    0.052773]   node   0: [mem 0x000000006ff00000-0x000000006ff25fff]
[    0.052834]   node   0: [mem 0x0000000070000000-0x000000042fffffff]
[    0.052895]   node   0: [mem 0x0000002030000000-0x00000024af87ffff]
[    0.052954]   node   0: [mem 0x00000024af900000-0x00000024af925fff]
[    0.053014]   node   0: [mem 0x00000024af930000-0x00000024af937fff]
[    0.060390] Zeroed struct page in unavailable ranges: 230130 pages
[    0.060399] Initmem setup node 0 [mem 0x0000000030400000-0x00000024af937fff]
[    0.060558] On node 0 totalpages: 4454826
[    0.060568]   Normal zone: 39154 pages used for memmap
[    0.060573]   Normal zone: 0 pages reserved
[    0.060579]   Normal zone: 4454826 pages, LIFO batch:31
[    0.257981] Booting Linux...
[    0.258067] CPU CAPS: [flush,stbar,swap,muldiv,v9,blkinit,n2,mul32]
[    0.258152] CPU CAPS: [div32,v8plus,popc,vis,vis2,ASIBlkInit,fmaf,vis3]
[    0.259236] CPU CAPS: [hpc,ima,pause,cbcond,aes,des,kasumi,camellia]
[    0.259313] CPU CAPS: [md5,sha1,sha256,sha512,mpmul,montmul,montsqr,crc32c]
[    0.319227] percpu: Embedded 27 pages/cpu s179528 r8192 d33464 u262144
[    0.319486] pcpu-alloc: s179528 r8192 d33464 u262144 alloc=1*4194304
[    0.319493] pcpu-alloc: [0] 000 001 002 003 004 005 006 007 008 009 010 011 012 013 014 015 
[    0.319520] pcpu-alloc: [0] 016 017 018 019 020 021 022 023 024 025 026 027 028 029 030 031 
[    0.319546] pcpu-alloc: [0] 032 033 034 035 036 037 038 039 040 041 042 043 044 045 046 047 
[    0.319573] pcpu-alloc: [0] 048 049 050 051 052 053 054 055 056 057 058 059 060 061 062 063 
[    0.319599] pcpu-alloc: [0] 064 065 066 067 068 069 070 071 072 073 074 075 076 077 078 079 
[    0.319625] pcpu-alloc: [0] 080 081 082 083 084 085 086 087 088 089 090 091 092 093 094 095 
[    0.319651] pcpu-alloc: [0] 096 097 098 099 100 101 102 103 104 105 106 107 108 109 110 111 
[    0.319678] pcpu-alloc: [0] 112 113 114 115 116 117 118 119 120 121 122 123 124 125 126 127 
[    0.319704] pcpu-alloc: [0] 128 129 130 131 132 133 134 135 136 137 138 139 140 141 142 143 
[    0.319731] pcpu-alloc: [0] 144 145 146 147 148 149 150 151 152 153 154 155 156 157 158 159 
[    0.319757] pcpu-alloc: [0] 160 161 162 163 164 165 166 167 168 169 170 171 172 173 174 175 
[    0.319784] pcpu-alloc: [0] 176 177 178 179 180 181 182 183 184 185 186 187 188 189 190 191 
[    0.319810] pcpu-alloc: [0] 192 193 194 195 196 197 198 199 200 201 202 203 204 205 206 207 
[    0.319837] pcpu-alloc: [0] 208 209 210 211 212 213 214 215 216 217 218 219 220 221 222 223 
[    0.319863] pcpu-alloc: [0] 224 225 226 227 228 229 230 231 232 233 234 235 236 237 238 239 
[    0.319890] pcpu-alloc: [0] 240 241 242 243 244 245 246 247 248 249 250 251 252 253 254 255 
[    0.320372] SUN4V: Mondo queue sizes [cpu(131072) dev(16384) r(8192) nr(256)]
[    0.320747] Built 1 zonelists, mobility grouping on.  Total pages: 4415672
[    0.320838] Kernel command line: BOOT_IMAGE=/vmlinuz-5.1.0-01695-g78438ce18f26 root=/dev/vdiska2 ro zswap.enabled=1
[    0.324328] printk: log_buf_len individual max cpu contribution: 4096 bytes
[    0.324413] printk: log_buf_len total cpu_extra contributions: 1044480 bytes
[    0.324481] printk: log_buf_len min size: 131072 bytes
[    0.325867] printk: log_buf_len: 2097152 bytes
[    0.325919] printk: early log buf free: 125896(96%)
[    0.332344] Dentry cache hash table entries: 8388608 (order: 13, 67108864 bytes)
[    0.335633] Inode-cache hash table entries: 4194304 (order: 12, 33554432 bytes)
[    0.335715] Sorting __ex_table...
[    0.414844] Memory: 35102448K/35638608K available (6806K kernel code, 957K rwdata, 2016K rodata, 976K init, 6725K bss, 536160K reserved, 0K cma-reserved)
[    0.415889] kmemleak: Kernel memory leak detector disabled
[    0.416460] ftrace: allocating 19802 entries in 39 pages
[    0.430818] Running RCU self tests
[    0.430893] rcu: Hierarchical RCU implementation.
[    0.430946] rcu: 	RCU event tracing is enabled.
[    0.430997] rcu: 	RCU lockdep checking is enabled.
[    0.431046] 	Tasks RCU enabled.
[    0.432090] rcu: RCU calculated value of scheduler-enlistment delay is 11 jiffies.
[    0.439294] NR_IRQS: 2048, nr_irqs: 2048, preallocated irqs: 1
[    0.439422] SUN4V: Using IRQ API major 3, cookie only virqs enabled
[    0.443729] clocksource: stick: mask: 0xffffffffffffffff max_cycles: 0x1cd42e4dffb, max_idle_ns: 881590591483 ns
[    0.443865] clocksource: mult[800000] shift[23]
[    0.443914] clockevent: mult[80000000] shift[31]
[    0.447916] Console: colour dummy device 80x25
[    0.448001] printk: console [tty0] enabled
[    0.448081] printk: bootconsole [earlyprom0] disabled
[    0.448167] Lock dependency validator: Copyright (c) 2006 Red Hat, Inc., Ingo Molnar
[    0.448214] ... MAX_LOCKDEP_SUBCLASSES:  8
[    0.448243] ... MAX_LOCK_DEPTH:          48
[    0.448272] ... MAX_LOCKDEP_KEYS:        8191
[    0.448301] ... CLASSHASH_SIZE:          4096
[    0.448331] ... MAX_LOCKDEP_ENTRIES:     16384
[    0.448361] ... MAX_LOCKDEP_CHAINS:      32768
[    0.448390] ... CHAINHASH_SIZE:          16384
[    0.448420]  memory used by lock dependency info: 3853 kB
[    0.448455]  per task-struct memory footprint: 1920 bytes
[    0.448664] kmemleak: Early log buffer exceeded (4953), please increase DEBUG_KMEMLEAK_EARLY_LOG_SIZE
[    0.594621] Calibrating delay using timer specific routine.. 2017.45 BogoMIPS (lpj=10087269)
[    0.594688] pid_max: default: 262144 minimum: 2048
[    0.596361] Mount-cache hash table entries: 131072 (order: 7, 1048576 bytes)
[    0.596519] Mountpoint-cache hash table entries: 131072 (order: 7, 1048576 bytes)
[    0.597963] *** VALIDATE proc ***
[    0.598631] *** VALIDATE cgroup1 ***
[    0.598662] *** VALIDATE cgroup2 ***
[    0.601420] rcu: Hierarchical SRCU implementation.
[    0.623607] smp: Bringing up secondary CPUs ...
[    0.703294] smp: Brought up 1 node, 32 CPUs
[    0.710460] devtmpfs: initialized
[    0.716781] Performance events: 
[    0.716835] Testing NMI watchdog ... 
[    0.916948] OK.
[    0.917114] Supported PMU type is 'niagara5'
[    0.917434] random: get_random_u32 called from bucket_table_alloc.isra.4+0x13c/0x1c0 with crng_init=0
[    0.918293] ldc.c:v1.1 (July 22, 2008)
[    0.921240] clocksource: jiffies: mask: 0xffffffff max_cycles: 0xffffffff, max_idle_ns: 19112604462750000 ns
[    0.921341] futex hash table entries: 65536 (order: 10, 8388608 bytes)
[    0.931643] NET: Registered protocol family 16
[    0.941470] VIO: Adding device channel-devices (tx_ino = ffffffffffffffff, rx_ino = ffffffffffffffff)
[    0.941725] VIO: Adding device vnet-port-0-0 (tx_ino = 0, rx_ino = 1)
[    0.941938] VIO: Adding device vnet-port-0-1 (tx_ino = 2, rx_ino = 3)
[    0.942123] VIO: Adding device vnet-port-0-2 (tx_ino = 4, rx_ino = 5)
[    0.942315] VIO: Adding device vnet-port-0-3 (tx_ino = 6, rx_ino = 7)
[    0.942498] VIO: Adding device vnet-port-0-4 (tx_ino = 8, rx_ino = 9)
[    0.942679] VIO: Adding device vnet-port-0-5 (tx_ino = 16, rx_ino = 17)
[    0.942865] VIO: Adding device vdc-port-3-0 (tx_ino = a, rx_ino = b)
[    0.943054] VIO: Adding device vdc-port-2-0 (tx_ino = c, rx_ino = d)
[    0.943234] VIO: Adding device vdc-port-1-0 (tx_ino = e, rx_ino = f)
[    0.943414] VIO: Adding device vdc-port-0-0 (tx_ino = 10, rx_ino = 11)
[    0.943600] VIO: Adding device vlds-port-0-0 (tx_ino = 12, rx_ino = 13)
[    0.943791] VIO: Adding device domain-services-port-0 (tx_ino = 12, rx_ino = 13)
[    0.944188] audit: initializing netlink subsys (disabled)
[    0.944614] audit: type=2000 audit(0.490:1): state=initialized audit_enabled=0 res=1
[    0.989119] HugeTLB registered 64.0 KiB page size, pre-allocated 0 pages
[    0.989175] HugeTLB registered 8.00 MiB page size, pre-allocated 0 pages
[    0.989218] HugeTLB registered 256 MiB page size, pre-allocated 0 pages
[    0.989261] HugeTLB registered 2.00 GiB page size, pre-allocated 0 pages
[    1.036359] alg: No test for lzo-rle (lzo-rle-generic)
[    1.037065] alg: No test for lzo-rle (lzo-rle-scomp)
[    1.052352] SUN4V: Reboot data supported (maj=1,min=0).
[    1.052795] ds.c:v1.0 (Jul 11, 2007)
[    1.053210] ds-0: ds_conn_reset() from send_events.isra.3
[    1.054644] clocksource: Switched to clocksource stick
[    1.323388] VFS: Disk quotas dquot_6.6.0
[    1.323881] VFS: Dquot-cache hash table entries: 1024 (order 0, 8192 bytes)
[    1.324502] *** VALIDATE hugetlbfs ***
[    1.342741] NET: Registered protocol family 2
[    1.347456] tcp_listen_portaddr_hash hash table entries: 32768 (order: 8, 2359296 bytes)
[    1.350754] TCP established hash table entries: 524288 (order: 9, 4194304 bytes)
[    1.352793] TCP bind hash table entries: 65536 (order: 9, 4194304 bytes)
[    1.359058] TCP: Hash tables configured (established 524288 bind 65536)
[    1.365756] UDP hash table entries: 32768 (order: 9, 5242880 bytes)
[    1.373219] UDP-Lite hash table entries: 32768 (order: 9, 5242880 bytes)
[    1.387240] NET: Registered protocol family 1
[    1.387954] Unpacking initramfs...
[    1.699254] Freeing initrd memory: 10280K
[    1.735356] workingset: timestamp_bits=46 max_order=23 bucket_order=0
[    1.741653] SGI XFS with ACLs, security attributes, debug enabled
[    1.756313] Block layer SCSI generic (bsg) driver version 0.4 loaded (major 252)
[    1.758035] io scheduler mq-deadline registered
[    1.760022] f029b788: ttyS0 at I/O 0x0 (irq = 1, base_baud = 115200) is a SUN4V HCONS
[    1.765744] printk: console [ttyHV0] enabled
[    1.769605] sunvdc.c:v1.2 (November 24, 2014)
[    1.776180] sunvdc: Virtual CDROM vdiskd
[    1.776248] sunvdc: vdiskd: 403160 sectors (196 MB) protocol 1.2
[    1.777804]  vdiskd: vdiskd1 vdiskd2 vdiskd3 vdiskd4 vdiskd5 vdiskd6 vdiskd7
[    1.833942] sunvdc: Virtual Hard disk vdiskc
[    1.833998] sunvdc: vdiskc: 104857600 sectors (51200 MB) protocol 1.2
[    1.888007] sunvdc: Virtual Hard disk vdiskb
[    1.888062] sunvdc: vdiskb: 62914560 sectors (30720 MB) protocol 1.2
[    1.889982]  vdiskb: vdiskb1
[    1.942767] sunvdc: Virtual Hard disk vdiska
[    1.942820] sunvdc: vdiska: 31457280 sectors (15360 MB) protocol 1.2
[    1.943762]  vdiska: vdiska1 vdiska2 vdiska3 vdiska4
[    1.989397] sunvnet: sunvnet 2.0 (February 3, 2017)
[    1.992927] vnet_port vnet-port-0-0 eth0: Sun LDOM vnet 00:14:4f:f8:12:a3
[    1.993523] sunvnet: eth0: PORT ( remote-mac 00:14:4f:fa:f3:f0 switch-port )
[    1.995080] sunvnet: eth0: PORT ( remote-mac 00:14:4f:f8:e5:f3 )
[    1.996402] sunvnet: eth0: PORT ( remote-mac 00:14:4f:f9:b4:97 )
[    1.997790] sunvnet: eth0: PORT ( remote-mac 00:14:4f:f9:8b:83 )
[    1.999074] sunvnet: eth0: PORT ( remote-mac 00:14:4f:f8:3f:1e )
[    2.000399] sunvnet: eth0: PORT ( remote-mac 00:14:4f:f8:fe:47 )
[    2.002062] rtc-sun4v rtc-sun4v: registered as rtc0
[    2.002505] device-mapper: uevent: version 1.0.3
[    2.003652] device-mapper: ioctl: 4.40.0-ioctl (2019-01-18) initialised: dm-devel@redhat.com
[    2.005434] NET: Registered protocol family 17
[    2.016071] zswap: default zpool zbud not available
[    2.016135] zswap: pool creation failed
[    2.064900] Key type big_key registered
[    2.065811] rtc-sun4v rtc-sun4v: setting system clock to 2019-07-13T10:47:19 UTC (1563014839)
[    2.070137] This architecture does not have kernel memory protection.
[    2.070200] Run /init as init process
[    3.003933] random: fast init done
[    3.005188] crc32c_sparc64: Using sparc64 crc32c opcode optimized CRC32C implementation
[    3.644638] raid6: int64x8  gen()  1950 MB/s
[    3.814627] raid6: int64x8  xor()  1475 MB/s
[    3.984650] raid6: int64x4  gen()  3275 MB/s
[    4.154638] raid6: int64x4  xor()  1956 MB/s
[    4.324645] raid6: int64x2  gen()  2695 MB/s
[    4.494642] raid6: int64x2  xor()  1915 MB/s
[    4.664626] raid6: int64x1  gen()  2591 MB/s
[    4.834641] raid6: int64x1  xor()  1596 MB/s
[    4.834690] raid6: using algorithm int64x4 gen() 3275 MB/s
[    4.834728] raid6: .... xor() 1956 MB/s, rmw enabled
[    4.834764] raid6: using intx1 recovery algorithm
[    4.835901] async_tx: api initialized (async)
[    4.836735] xor: automatically using best checksumming function   Niagara   
[    5.053994] EXT4-fs (vdiska2): mounted filesystem with ordered data mode. Opts: (null)
[    5.317957] systemd[1]: Inserted module 'autofs4'
[    5.328349] NET: Registered protocol family 10
[    5.341258] Segment Routing with IPv6
[    5.390199] systemd[1]: systemd 241 running in system mode. (+PAM +AUDIT +SELINUX +IMA +APPARMOR +SMACK +SYSVINIT +UTMP +LIBCRYPTSETUP +GCRYPT +GNUTLS +ACL +XZ +LZ4 -SECCOMP +BLKID +ELFUTILS +KMOD -IDN2 +IDN +PCRE2 default-hierarchy=hybrid)
[    5.390872] systemd[1]: Detected architecture sparc64.
[    5.410192] systemd[1]: Set hostname to <ttip>.
[    5.542174] random: lvmconfig: uninitialized urandom read (4 bytes read)
[    5.829764] systemd[1]: /lib/systemd/system/smbd.service:9: PIDFile= references path below legacy directory /var/run/, updating /var/run/samba/smbd.pid → /run/samba/smbd.pid; please update the unit file accordingly.
[    5.830450] systemd[1]: /lib/systemd/system/nmbd.service:9: PIDFile= references path below legacy directory /var/run/, updating /var/run/samba/nmbd.pid → /run/samba/nmbd.pid; please update the unit file accordingly.
[    5.866513] random: systemd: uninitialized urandom read (16 bytes read)
[    5.873526] random: systemd: uninitialized urandom read (16 bytes read)
[    5.887781] systemd[1]: Created slice system-systemd\x2dfsck.slice.
[    5.889301] systemd[1]: Listening on initctl Compatibility Named Pipe.
[    5.892022] systemd[1]: Listening on Syslog Socket.
[    5.892574] systemd[1]: Reached target Remote File Systems.
[    5.899565] systemd[1]: Created slice system-openvpn\x2dclient.slice.
[    6.096229] EXT4-fs (vdiska2): re-mounted. Opts: errors=remount-ro
[    6.321386] systemd-journald[454]: Received request to flush runtime journal from PID 1
[    7.114684] sha1_sparc64: Using sparc64 sha1 opcode optimized SHA-1 implementation
[    7.122214] n2rng v0.3 (Jan 7, 2017)
[    7.122302] n2rng f029b104: Registered RNG HVAPI major 2 minor 0
[    7.122364] n2rng f029b104: Found multi-unit-capable RNG, units: 2
[    7.122997] n2rng f029b104: RNG ready
[    7.154683] sha256_sparc64: Using sparc64 sha256 opcode optimized SHA-256/SHA-224 implementation
[    7.181365] sha512_sparc64: Using sparc64 sha512 opcode optimized SHA-512/SHA-384 implementation
[    7.183319] md5_sparc64: Using sparc64 md5 opcode optimized MD5 implementation
[    7.196385] aes_sparc64: Using sparc64 aes opcodes optimized AES implementation
[    7.270171] des_sparc64: Using sparc64 des opcodes optimized DES implementation
[    7.337337] camellia_sparc64: Using sparc64 camellia opcodes optimized CAMELLIA implementation
[    8.399970] XFS (dm-0): Mounting V5 Filesystem
[    8.420858] XFS (dm-0): Ending clean mount
[   10.414427] Adding 787176k swap on /dev/vdiska4.  Priority:-2 extents:1 across:787176k FS
[   10.545887] EXT4-fs (vdiska1): mounting ext3 file system using the ext4 subsystem
[   10.563554] EXT4-fs (vdiska1): mounted filesystem with ordered data mode. Opts: (null)
[   11.294315] random: crng init done
[   11.294361] random: 7 urandom warning(s) missed due to ratelimiting
