[    0.000019] PROMLIB: Sun IEEE Boot Prom 'OBP 4.38.12 2018/03/28 14:54'
[    0.000031] PROMLIB: Root node compatible: sun4v
[    0.000077] Linux version 5.3.0-02061-gad062195731b-dirty (mator@ttip.nvglabs.local) (gcc version 9.2.1 20190905 (Debian 9.2.1-7)) #1217 SMP Tue Sep 17 13:22:04 MSK 2019
[    0.000405] printk: bootconsole [earlyprom0] enabled
[    0.000457] ARCH: SUN4V
[    0.000506] Ethernet address: 00:14:4f:fa:06:f2
[    0.000559] MM: PAGE_OFFSET is 0xfff8000000000000 (max_phys_bits == 47)
[    0.000624] MM: VMALLOC [0x0000000100000000 --> 0x0006000000000000]
[    0.000687] MM: VMEMMAP [0x0006000000000000 --> 0x000c000000000000]
[    0.012064] Kernel: Using 5 locked TLB entries for main kernel image.
[    0.012142] Remapping the kernel... 
[    0.012166] done.
[    0.046886] OF stdout device is: /virtual-devices@100/console@1
[    0.046964] PROM: Built device tree with 87467 bytes of memory.
[    0.047030] MDESC: Size is 37248 bytes.
[    0.047156] PLATFORM: banner-name [SPARC T5-2]
[    0.047206] PLATFORM: name [ORCL,SPARC-T5-2]
[    0.047255] PLATFORM: hostid [84fa06f2]
[    0.047297] PLATFORM: serial# [0035260e]
[    0.047340] PLATFORM: stick-frequency [3b9aca00]
[    0.047390] PLATFORM: mac-address [144ffa06f2]
[    0.047437] PLATFORM: watchdog-resolution [1000 ms]
[    0.047488] PLATFORM: watchdog-max-timeout [31536000000 ms]
[    0.047545] PLATFORM: max-cpus [1024]
[    0.047630] Top of RAM: 0x24af938000, Total RAM: 0x87f354000
[    0.047692] Memory hole size: 115461MB
[    0.099483] kmemleak: Kernel memory leak detector disabled
[    0.276760] Allocated 35708928 bytes for kernel page tables.
[    0.276865] Zone ranges:
[    0.276906]   Normal   [mem 0x0000000030400000-0x00000024af937fff]
[    0.276973] Movable zone start for each node
[    0.277019] Early memory node ranges
[    0.277059]   node   0: [mem 0x0000000030400000-0x000000006fe7ffff]
[    0.277124]   node   0: [mem 0x000000006ff00000-0x000000006ff25fff]
[    0.277186]   node   0: [mem 0x0000000070000000-0x000000042fffffff]
[    0.277250]   node   0: [mem 0x0000002030000000-0x00000024af87ffff]
[    0.277315]   node   0: [mem 0x00000024af900000-0x00000024af925fff]
[    0.277376]   node   0: [mem 0x00000024af930000-0x00000024af937fff]
[    0.284745] Zeroed struct page in unavailable ranges: 230130 pages
[    0.284753] Initmem setup node 0 [mem 0x0000000030400000-0x00000024af937fff]
[    0.284910] On node 0 totalpages: 4454826
[    0.284920]   Normal zone: 39154 pages used for memmap
[    0.284925]   Normal zone: 0 pages reserved
[    0.284931]   Normal zone: 4454826 pages, LIFO batch:31
[    0.293672] Booting Linux...
[    0.293759] CPU CAPS: [flush,stbar,swap,muldiv,v9,blkinit,n2,mul32]
[    0.293842] CPU CAPS: [div32,v8plus,popc,vis,vis2,ASIBlkInit,fmaf,vis3]
[    0.293920] CPU CAPS: [hpc,ima,pause,cbcond,aes,des,kasumi,camellia]
[    0.293994] CPU CAPS: [md5,sha1,sha256,sha512,mpmul,montmul,montsqr,crc32c]
[    0.327170] percpu: Embedded 27 pages/cpu s180616 r8192 d32376 u262144
[    0.327438] pcpu-alloc: s180616 r8192 d32376 u262144 alloc=1*4194304
[    0.327446] pcpu-alloc: [0] 000 001 002 003 004 005 006 007 008 009 010 011 012 013 014 015 
[    0.327473] pcpu-alloc: [0] 016 017 018 019 020 021 022 023 024 025 026 027 028 029 030 031 
[    0.327500] pcpu-alloc: [0] 032 033 034 035 036 037 038 039 040 041 042 043 044 045 046 047 
[    0.327527] pcpu-alloc: [0] 048 049 050 051 052 053 054 055 056 057 058 059 060 061 062 063 
[    0.327554] pcpu-alloc: [0] 064 065 066 067 068 069 070 071 072 073 074 075 076 077 078 079 
[    0.327580] pcpu-alloc: [0] 080 081 082 083 084 085 086 087 088 089 090 091 092 093 094 095 
[    0.327607] pcpu-alloc: [0] 096 097 098 099 100 101 102 103 104 105 106 107 108 109 110 111 
[    0.327634] pcpu-alloc: [0] 112 113 114 115 116 117 118 119 120 121 122 123 124 125 126 127 
[    0.328165] SUN4V: Mondo queue sizes [cpu(131072) dev(16384) r(8192) nr(256)]
[    0.328623] Built 1 zonelists, mobility grouping on.  Total pages: 4415672
[    0.328713] Kernel command line: BOOT_IMAGE=/vmlinux-5.3.0-02061-gad062195731b-dirty root=/dev/vdiska2 ro zswap.enabled=1
[    0.331073] printk: log_buf_len individual max cpu contribution: 4096 bytes
[    0.331144] printk: log_buf_len total cpu_extra contributions: 520192 bytes
[    0.331212] printk: log_buf_len min size: 131072 bytes
[    0.331535] printk: log_buf_len: 1048576 bytes
[    0.331587] printk: early log buf free: 126560(96%)
[    0.341246] Dentry cache hash table entries: 8388608 (order: 13, 67108864 bytes, linear)
[    0.346162] Inode-cache hash table entries: 4194304 (order: 12, 33554432 bytes, linear)
[    0.346244] Sorting __ex_table...
[    0.346479] mem auto-init: stack:off, heap alloc:off, heap free:off
[    0.406888] Memory: 1305232K/35638608K available (7302K kernel code, 941K rwdata, 2168K rodata, 1016K init, 6732K bss, 539184K reserved, 0K cma-reserved)
[    0.410906] SLUB: HWalign=32, Order=0-3, MinObjects=0, CPUs=128, Nodes=1
[    0.412501] ftrace: allocating 21263 entries in 42 pages
[    0.425615] Running RCU self tests
[    0.425675] rcu: Hierarchical RCU implementation.
[    0.425726] rcu: 	RCU event tracing is enabled.
[    0.425776] rcu: 	RCU lockdep checking is enabled.
[    0.425827] 	Tasks RCU enabled.
[    0.425863] rcu: RCU calculated value of scheduler-enlistment delay is 10 jiffies.
[    0.430738] NR_IRQS: 2048, nr_irqs: 2048, preallocated irqs: 1
[    0.430949] SUN4V: Using IRQ API major 3, cookie only virqs enabled
[    0.434528] clocksource: stick: mask: 0xffffffffffffffff max_cycles: 0x1cd42e4dffb, max_idle_ns: 881590591483 ns
[    0.434658] clocksource: mult[800000] shift[23]
[    0.434707] clockevent: mult[80000000] shift[31]
[    0.436294] Console: colour dummy device 80x25
[    0.436357] printk: console [tty0] enabled
[    0.436432] printk: bootconsole [earlyprom0] disabled
[    0.436516] Lock dependency validator: Copyright (c) 2006 Red Hat, Inc., Ingo Molnar
[    0.436564] ... MAX_LOCKDEP_SUBCLASSES:  8
[    0.436593] ... MAX_LOCK_DEPTH:          48
[    0.436623] ... MAX_LOCKDEP_KEYS:        8192
[    0.436653] ... CLASSHASH_SIZE:          4096
[    0.436684] ... MAX_LOCKDEP_ENTRIES:     16384
[    0.436715] ... MAX_LOCKDEP_CHAINS:      32768
[    0.436746] ... CHAINHASH_SIZE:          16384
[    0.436776]  memory used by lock dependency info: 3855 kB
[    0.436812]  memory used for stack traces: 2112 kB
[    0.436844]  per task-struct memory footprint: 1920 bytes
[    0.437177] kmemleak: Early log buffer exceeded (2001), please increase DEBUG_KMEMLEAK_EARLY_LOG_SIZE
[    0.585197] Calibrating delay using timer specific routine.. 2011.33 BogoMIPS (lpj=10056678)
[    0.585266] pid_max: default: 131072 minimum: 1024
[    0.587308] LSM: Security Framework initializing
[    0.588015] Smack:  Initializing.
[    0.588041] Smack:  IPv6 port labeling enabled.
[    0.589027] Mount-cache hash table entries: 131072 (order: 7, 1048576 bytes, linear)
[    0.589262] Mountpoint-cache hash table entries: 131072 (order: 7, 1048576 bytes, linear)
[    0.592337] *** VALIDATE proc ***
[    0.593988] *** VALIDATE cgroup1 ***
[    0.594021] *** VALIDATE cgroup2 ***
[    0.597368] rcu: Hierarchical SRCU implementation.
[    0.605681] smp: Bringing up secondary CPUs ...
[    0.656153] smp: Brought up 1 node, 32 CPUs
[    0.845489] node 0 initialised, 4224274 pages in 180ms
[    0.847350] devtmpfs: initialized
[    0.851998] Performance events: 
[    0.852052] Testing NMI watchdog ... 
[    1.052273] OK.
[    1.052443] Supported PMU type is 'niagara5'
[    1.052869] random: get_random_u32 called from bucket_table_alloc.isra.0+0x188/0x1c0 with crng_init=0
[    1.053633] ldc.c:v1.1 (July 22, 2008)
[    1.056256] clocksource: jiffies: mask: 0xffffffff max_cycles: 0xffffffff, max_idle_ns: 19112604462750000 ns
[    1.056347] futex hash table entries: 32768 (order: 9, 4194304 bytes, linear)
[    1.064510] NET: Registered protocol family 16
[    1.072662] VIO: Adding device channel-devices (tx_ino = ffffffffffffffff, rx_ino = ffffffffffffffff)
[    1.072872] VIO: Adding device vnet-port-0-0 (tx_ino = 0, rx_ino = 1)
[    1.073067] VIO: Adding device vnet-port-0-1 (tx_ino = 2, rx_ino = 3)
[    1.073239] VIO: Adding device vnet-port-0-2 (tx_ino = 4, rx_ino = 5)
[    1.073404] VIO: Adding device vnet-port-0-4 (tx_ino = 8, rx_ino = 9)
[    1.073566] VIO: Adding device vnet-port-0-5 (tx_ino = a, rx_ino = b)
[    1.073733] VIO: Adding device vnet-port-0-6 (tx_ino = c, rx_ino = d)
[    1.073897] VIO: Adding device vnet-port-0-3 (tx_ino = 6, rx_ino = 7)
[    1.074060] VIO: Adding device vdc-port-3-0 (tx_ino = e, rx_ino = f)
[    1.074227] VIO: Adding device vdc-port-2-0 (tx_ino = 10, rx_ino = 11)
[    1.074389] VIO: Adding device vdc-port-1-0 (tx_ino = 12, rx_ino = 13)
[    1.074552] VIO: Adding device vdc-port-0-0 (tx_ino = 14, rx_ino = 15)
[    1.074719] VIO: Adding device vdc-port-4-0 (tx_ino = 16, rx_ino = 17)
[    1.074882] VIO: Adding device vlds-port-0-0 (tx_ino = 18, rx_ino = 19)
[    1.075048] VIO: Adding device domain-services-port-0 (tx_ino = 18, rx_ino = 19)
[    1.075469] audit: initializing netlink subsys (disabled)
[    1.075791] audit: type=2000 audit(0.630:1): state=initialized audit_enabled=0 res=1
[    1.103309] HugeTLB registered 64.0 KiB page size, pre-allocated 0 pages
[    1.103364] HugeTLB registered 8.00 MiB page size, pre-allocated 0 pages
[    1.103408] HugeTLB registered 256 MiB page size, pre-allocated 0 pages
[    1.103452] HugeTLB registered 2.00 GiB page size, pre-allocated 0 pages
[    1.129830] alg: No test for lzo-rle (lzo-rle-generic)
[    1.130301] alg: No test for lzo-rle (lzo-rle-scomp)
[    1.163364] NetLabel: Initializing
[    1.163403] NetLabel:  domain hash size = 128
[    1.163436] NetLabel:  protocols = UNLABELED CIPSOv4 CALIPSO
[    1.163565] NetLabel:  unlabeled traffic allowed by default
[    1.164575] SUN4V: Reboot data supported (maj=1,min=0).
[    1.165210] ds.c:v1.0 (Jul 11, 2007)
[    1.165659] ds-0: ds_conn_reset() from send_events.isra.0
[    1.167206] clocksource: Switched to clocksource stick
[    1.398128] VFS: Disk quotas dquot_6.6.0
[    1.398882] VFS: Dquot-cache hash table entries: 1024 (order 0, 8192 bytes)
[    1.399240] *** VALIDATE hugetlbfs ***
[    1.416275] NET: Registered protocol family 2
[    1.419805] tcp_listen_portaddr_hash hash table entries: 32768 (order: 8, 2359296 bytes, linear)
[    1.423017] TCP established hash table entries: 524288 (order: 9, 4194304 bytes, linear)
[    1.425257] TCP bind hash table entries: 65536 (order: 9, 4194304 bytes, linear)
[    1.431761] TCP: Hash tables configured (established 524288 bind 65536)
[    1.434839] UDP hash table entries: 32768 (order: 9, 5242880 bytes, linear)
[    1.441595] UDP-Lite hash table entries: 32768 (order: 9, 5242880 bytes, linear)
[    1.451279] NET: Registered protocol family 1
[    1.451349] NET: Registered protocol family 44
[    1.452975] Trying to unpack rootfs image as initramfs...
[    1.761438] Freeing initrd memory: 10432K
[    1.777945] workingset: timestamp_bits=46 max_order=23 bucket_order=0
[    1.800792] SGI XFS with ACLs, security attributes, debug enabled
[    1.827192] Block layer SCSI generic (bsg) driver version 0.4 loaded (major 252)
[    1.828443] io scheduler mq-deadline registered
[    1.832023] f029b788: ttyHV0 at I/O 0x0 (irq = 1, base_baud = 115200) is a SUN4V HCONS
[    1.838853] printk: console [ttyHV0] enabled
[    1.843125] sunvdc.c:v1.2 (November 24, 2014)
[    1.847010] sunvdc: Virtual CDROM vdiskd
[    1.847110] sunvdc: vdiskd: 403160 sectors (196 MB) protocol 1.2
[    1.848725]  vdiskd: vdiskd1 vdiskd2 vdiskd3 vdiskd4 vdiskd5 vdiskd6 vdiskd7
[    1.876140] sunvdc: Virtual Hard disk vdiskc
[    1.876192] sunvdc: vdiskc: 104857600 sectors (51200 MB) protocol 1.2
[    1.901113] sunvdc: Virtual Hard disk vdiskb
[    1.901167] sunvdc: vdiskb: 62914560 sectors (30720 MB) protocol 1.2
[    1.902048]  vdiskb: vdiskb1
[    1.926686] sunvdc: Virtual Hard disk vdiska
[    1.926740] sunvdc: vdiska: 31457280 sectors (15360 MB) protocol 1.2
[    1.927675]  vdiska: vdiska1 vdiska2 vdiska3 vdiska4
[    1.953357] sunvdc: Virtual Hard disk vdiske
[    1.953409] sunvdc: vdiske: 20971520 sectors (10240 MB) protocol 1.2
[    1.955029]  vdiske: vdiske1 vdiske2 vdiske3
[    1.976515] sunvnet: sunvnet 2.0 (February 3, 2017)
[    1.979072] vnet_port vnet-port-0-0 eth0: Sun LDOM vnet 00:14:4f:f8:12:a3
[    1.979318] sunvnet: eth0: PORT ( remote-mac 00:14:4f:fa:f3:f0 switch-port )
[    1.979961] sunvnet: eth0: PORT ( remote-mac 00:14:4f:f8:e5:f3 )
[    1.980594] sunvnet: eth0: PORT ( remote-mac 00:14:4f:f9:b4:97 )
[    1.981211] sunvnet: eth0: PORT ( remote-mac 00:14:4f:f8:3f:1e )
[    1.981840] sunvnet: eth0: PORT ( remote-mac 00:14:4f:f8:fe:47 )
[    1.982458] sunvnet: eth0: PORT ( remote-mac 00:14:4f:f9:8b:83 )
[    1.983081] sunvnet: eth0: PORT ( remote-mac 00:14:4f:f9:6c:d1 )
[    1.984482] rtc-sun4v rtc-sun4v: registered as rtc0
[    1.985096] sun4v_wdt: initialized (timeout=60s, nowayout=0)
[    1.985499] device-mapper: uevent: version 1.0.3
[    1.986572] device-mapper: ioctl: 4.40.0-ioctl (2019-01-18) initialised: dm-devel@redhat.com
[    1.987891] NET: Registered protocol family 17
[    1.989203] registered taskstats version 1
[    1.997275] zswap: default zpool zbud not available
[    1.997350] zswap: pool creation failed
[    2.040150] Key type big_key registered
[    2.041103] rtc-sun4v rtc-sun4v: setting system clock to 2019-09-17T10:24:41 UTC (1568715881)
[    2.045336] This architecture does not have kernel memory protection.
[    2.045385] Run /init as init process
[    2.603589] crc32c_sparc64: Using sparc64 crc32c opcode optimized CRC32C implementation
[    2.684463] random: fast init done
[    3.107104] raid6: int64x8  gen()  2109 MB/s
[    3.277119] raid6: int64x8  xor()  1563 MB/s
[    3.447114] raid6: int64x4  gen()  3444 MB/s
[    3.617124] raid6: int64x4  xor()  1998 MB/s
[    3.787119] raid6: int64x2  gen()  2849 MB/s
[    3.957123] raid6: int64x2  xor()  1987 MB/s
[    4.127126] raid6: int64x1  gen()  2735 MB/s
[    4.297123] raid6: int64x1  xor()  1644 MB/s
[    4.297182] raid6: using algorithm int64x4 gen() 3444 MB/s
[    4.297225] raid6: .... xor() 1998 MB/s, rmw enabled
[    4.297266] raid6: using intx1 recovery algorithm
[    4.298178] async_tx: api initialized (async)
[    4.298724] xor: automatically using best checksumming function   Niagara   
[    4.506102] EXT4-fs (vdiska2): mounted filesystem with ordered data mode. Opts: (null)
[    6.088712] systemd[1]: Inserted module 'autofs4'
[    6.101943] NET: Registered protocol family 10
[    6.108580] Segment Routing with IPv6
[    6.154205] systemd[1]: systemd 242 running in system mode. (+PAM +AUDIT +SELINUX +IMA +APPARMOR +SMACK +SYSVINIT +UTMP +LIBCRYPTSETUP +GCRYPT +GNUTLS +ACL +XZ +LZ4 -SECCOMP +BLKID +ELFUTILS +KMOD +IDN2 -IDN +PCRE2 default-hierarchy=hybrid)
[    6.154810] systemd[1]: Detected architecture sparc64.
[    6.252892] systemd[1]: Set hostname to <ttip.nvglabs.local>.
[    6.257180] systemd[1]: Failed to bump fs.file-max, ignoring: Invalid argument
[    7.231316] random: lvmconfig: uninitialized urandom read (4 bytes read)
[    8.170037] systemd[1]: /lib/systemd/system/dbus.socket:4: ListenStream= references a path below legacy directory /var/run/, updating /var/run/dbus/system_bus_socket → /run/dbus/system_bus_socket; please update the unit file accordingly.
[    8.410786] systemd[1]: /lib/systemd/system/pcscd.socket:4: ListenStream= references a path below legacy directory /var/run/, updating /var/run/pcscd/pcscd.comm → /run/pcscd/pcscd.comm; please update the unit file accordingly.
[    8.457968] random: systemd: uninitialized urandom read (16 bytes read)
[    8.459837] systemd[1]: Set up automount Arbitrary Executable File Formats File System Automount Point.
[    8.460840] random: systemd: uninitialized urandom read (16 bytes read)
[    8.471304] systemd[1]: Created slice system-postfix.slice.
[    8.471944] random: systemd: uninitialized urandom read (16 bytes read)
[    8.472961] systemd[1]: Listening on udev Control Socket.
[    8.481953] systemd[1]: Listening on Syslog Socket.
[    8.697374] EXT4-fs (vdiska2): re-mounted. Opts: errors=remount-ro
[    8.925089] systemd-journald[471]: Received request to flush runtime journal from PID 1
[   10.681702] sha1_sparc64: Using sparc64 sha1 opcode optimized SHA-1 implementation
[   10.711413] n2rng v0.3 (Jan 7, 2017)
[   10.711496] n2rng f029b104: Registered RNG HVAPI major 2 minor 0
[   10.711558] n2rng f029b104: Found multi-unit-capable RNG, units: 2
[   10.712548] n2rng f029b104: RNG ready
[   10.739788] sha256_sparc64: Using sparc64 sha256 opcode optimized SHA-256/SHA-224 implementation
[   10.798740] sha512_sparc64: Using sparc64 sha512 opcode optimized SHA-512/SHA-384 implementation
[   10.826178] md5_sparc64: Using sparc64 md5 opcode optimized MD5 implementation
[   10.855264] aes_sparc64: Using sparc64 aes opcodes optimized AES implementation
[   10.885472] ------------[ cut here ]------------
[   10.885554] WARNING: CPU: 29 PID: 584 at drivers/block/pktcdvd.c:2597 pkt_setup_dev+0x2e4/0x5a0 [pktcdvd]
[   10.885620] Attempt to register a non-SCSI queue
[   10.885657] Modules linked in: pktcdvd cdrom aes_sparc64(+) md5_sparc64 sha512_sparc64 sha256_sparc64 n2_rng rng_core sha1_sparc64 flash ip_tables x_tables ipv6 crc_ccitt nf_defrag_ipv6 autofs4 ext4 crc16 mbcache jbd2 raid10 raid456 async_raid6_recov async_memcpy async_pq async_xor xor async_tx raid6_pq raid1 raid0 multipath linear md_mod crc32c_sparc64
[   10.885920] CPU: 29 PID: 584 Comm: pktsetup Not tainted 5.3.0-02061-gad062195731b-dirty #1217
[   10.885979] Call Trace:
[   10.886011]  [0000000000463ea0] __warn+0xc0/0x100
[   10.886050]  [0000000000463f14] warn_slowpath_fmt+0x34/0x60
[   10.886094]  [00000000103bd244] pkt_setup_dev+0x2e4/0x5a0 [pktcdvd]
[   10.886142]  [00000000103becf4] pkt_ctl_ioctl+0x94/0x220 [pktcdvd]
[   10.886191]  [00000000006b82a8] do_vfs_ioctl+0x628/0x6e0
[   10.886231]  [00000000006b83a8] ksys_ioctl+0x48/0x80
[   10.886270]  [00000000006b83f4] sys_ioctl+0x14/0x40
[   10.886311]  [0000000000406294] linux_sparc_syscall+0x34/0x44
[   10.886354] irq event stamp: 4119
[   10.886389] hardirqs last  enabled at (4127): [<00000000004e1314>] console_unlock+0x634/0x6c0
[   10.886449] hardirqs last disabled at (4134): [<00000000004e0de0>] console_unlock+0x100/0x6c0
[   10.886512] softirqs last  enabled at (3436): [<0000000000b25ad8>] __do_softirq+0x498/0x520
[   10.886573] softirqs last disabled at (3431): [<000000000042cfb4>] do_softirq_own_stack+0x34/0x60
[   10.886634] ---[ end trace 61b17136af3de870 ]---
[   10.887770] pktcdvd: setup of pktcdvd device failed
[   10.937607] pktcdvd: setup of pktcdvd device failed
[   10.940926] pktcdvd: setup of pktcdvd device failed
[   10.944046] pktcdvd: setup of pktcdvd device failed
[   10.947316] pktcdvd: setup of pktcdvd device failed
[   10.950566] pktcdvd: setup of pktcdvd device failed
[   10.953497] des_sparc64: Using sparc64 des opcodes optimized DES implementation
[   10.953746] pktcdvd: setup of pktcdvd device failed
[   10.956741] pktcdvd: setup of pktcdvd device failed
[   11.003167] camellia_sparc64: Using sparc64 camellia opcodes optimized CAMELLIA implementation
[   12.403422] XFS (dm-0): Mounting V5 Filesystem
[   12.527195] XFS (dm-0): Ending clean mount
[   13.987230] Adding 787176k swap on /dev/vdiska4.  Priority:-2 extents:1 across:787176k FS
[   14.539339] EXT4-fs (vdiska1): mounting ext3 file system using the ext4 subsystem
[   14.806818] EXT4-fs (vdiska1): mounted filesystem with ordered data mode. Opts: (null)
[   16.011662] random: crng init done
[   16.011716] random: 6 urandom warning(s) missed due to ratelimiting
[   18.791690] tun: Universal TUN/TAP device driver, 1.6

[   19.427614] ======================================================
[   19.427622] WARNING: possible circular locking dependency detected
[   19.427633] 5.3.0-02061-gad062195731b-dirty #1217 Tainted: G        W        
[   19.427640] ------------------------------------------------------
[   19.427648] iptables-restor/937 is trying to acquire lock:
[   19.427655] 000000001055a0e0 (&table[i].mutex){+.+.}, at: nfnl_lock+0x24/0x40 [nfnetlink]
[   19.427675] 
               but task is already holding lock:
[   19.427683] 0000000000e02460 (&net->nft.commit_mutex){+.+.}, at: nf_tables_valid_genid+0x10/0x60 [nf_tables]
[   19.427705] 
               which lock already depends on the new lock.

[   19.427713] 
               the existing dependency chain (in reverse order) is:
[   19.427721] 
               -> #1 (&net->nft.commit_mutex){+.+.}:
[   19.427739]        __mutex_lock+0xa8/0x960
[   19.427747]        mutex_lock_nested+0x1c/0x40
[   19.427757]        nf_tables_valid_genid+0x10/0x60 [nf_tables]
[   19.427765]        nfnetlink_rcv_batch+0x244/0x620 [nfnetlink]
[   19.427773]        nfnetlink_rcv+0x110/0x140 [nfnetlink]
[   19.427782]        netlink_unicast+0x128/0x200
[   19.427789]        netlink_sendmsg+0x334/0x380
[   19.427803]        sock_sendmsg+0x34/0x80
[   19.427810]        ___sys_sendmsg+0x234/0x260
[   19.427817]        __sys_sendmsg+0x48/0x80
[   19.427824]        sys_sendmsg+0x18/0x40
[   19.427834]        linux_sparc_syscall+0x34/0x44
[   19.427839] 
               -> #0 (&table[i].mutex){+.+.}:
[   19.427854]        __lock_acquire+0x1ca0/0x2760
[   19.427860]        lock_acquire+0x1a4/0x1c0
[   19.427867]        __mutex_lock+0xa8/0x960
[   19.427874]        mutex_lock_nested+0x1c/0x40
[   19.427881]        nfnl_lock+0x24/0x40 [nfnetlink]
[   19.427891]        ip_set_nfnl_get_byindex+0x18c/0x280 [ip_set]
[   19.427900]        set_match_v1_checkentry+0x14/0xc0 [xt_set]
[   19.427913]        xt_check_match+0x23c/0x280 [x_tables]
[   19.427923]        __nft_match_init+0x160/0x180 [nft_compat]
[   19.427930]        nft_match_init+0x18/0x40 [nft_compat]
[   19.427940]        nf_tables_newrule+0x504/0x780 [nf_tables]
[   19.427948]        nfnetlink_rcv_batch+0x3ec/0x620 [nfnetlink]
[   19.427956]        nfnetlink_rcv+0x110/0x140 [nfnetlink]
[   19.427963]        netlink_unicast+0x128/0x200
[   19.427969]        netlink_sendmsg+0x334/0x380
[   19.427976]        sock_sendmsg+0x34/0x80
[   19.427982]        ___sys_sendmsg+0x234/0x260
[   19.427989]        __sys_sendmsg+0x48/0x80
[   19.427996]        sys_sendmsg+0x18/0x40
[   19.428002]        linux_sparc_syscall+0x34/0x44
[   19.428008] 
               other info that might help us debug this:

[   19.428016]  Possible unsafe locking scenario:

[   19.428023]        CPU0                    CPU1
[   19.428029]        ----                    ----
[   19.428034]   lock(&net->nft.commit_mutex);
[   19.428041]                                lock(&table[i].mutex);
[   19.428048]                                lock(&net->nft.commit_mutex);
[   19.428056]   lock(&table[i].mutex);
[   19.428062] 
                *** DEADLOCK ***

[   19.428070] 1 lock held by iptables-restor/937:
[   19.428076]  #0: 0000000000e02460 (&net->nft.commit_mutex){+.+.}, at: nf_tables_valid_genid+0x10/0x60 [nf_tables]
[   19.428092] 
               stack backtrace:
[   19.428100] CPU: 7 PID: 937 Comm: iptables-restor Tainted: G        W         5.3.0-02061-gad062195731b-dirty #1217
[   19.428109] Call Trace:
[   19.428116]  [00000000004d1404] print_circular_bug.isra.0+0x304/0x320
[   19.428124]  [00000000004d1628] check_noncircular+0x208/0x220
[   19.428132]  [00000000004d63a0] __lock_acquire+0x1ca0/0x2760
[   19.428139]  [00000000004d77c4] lock_acquire+0x1a4/0x1c0
[   19.428146]  [0000000000b1e228] __mutex_lock+0xa8/0x960
[   19.428153]  [0000000000b1eafc] mutex_lock_nested+0x1c/0x40
[   19.428161]  [0000000010558024] nfnl_lock+0x24/0x40 [nfnetlink]
[   19.428170]  [000000001056482c] ip_set_nfnl_get_byindex+0x18c/0x280 [ip_set]
[   19.428178]  [00000000105de5b4] set_match_v1_checkentry+0x14/0xc0 [xt_set]
[   19.428188]  [0000000010322e7c] xt_check_match+0x23c/0x280 [x_tables]
[   19.428196]  [00000000105ccc40] __nft_match_init+0x160/0x180 [nft_compat]
[   19.428204]  [00000000105cccf8] nft_match_init+0x18/0x40 [nft_compat]
[   19.428215]  [0000000010595804] nf_tables_newrule+0x504/0x780 [nf_tables]
[   19.428223]  [00000000105591cc] nfnetlink_rcv_batch+0x3ec/0x620 [nfnetlink]
[   19.428231]  [0000000010559510] nfnetlink_rcv+0x110/0x140 [nfnetlink]
[   19.428238]  [0000000000a1b008] netlink_unicast+0x128/0x200
