[    0.000019] PROMLIB: Sun IEEE Boot Prom 'OBP 4.38.12 2018/03/28 14:54'
[    0.000031] PROMLIB: Root node compatible: sun4v
[    0.000079] Linux version 5.4.0-rc3-00099-g0e2adab6cf28-dirty (mator@ttip.nvglabs.local) (gcc version 9.2.1 20190909 (Debian 9.2.1-8)) #1283 SMP Fri Oct 18 11:36:35 MSK 2019
[    0.000413] printk: bootconsole [earlyprom0] enabled
[    0.000464] ARCH: SUN4V
[    0.000514] Ethernet address: 00:14:4f:fa:06:f2
[    0.000564] MM: PAGE_OFFSET is 0xfff8000000000000 (max_phys_bits == 47)
[    0.000629] MM: VMALLOC [0x0000000100000000 --> 0x0006000000000000]
[    0.000691] MM: VMEMMAP [0x0006000000000000 --> 0x000c000000000000]
[    0.013375] Kernel: Using 6 locked TLB entries for main kernel image.
[    0.013444] Remapping the kernel... 
[    0.013470] done.
[    0.049678] OF stdout device is: /virtual-devices@100/console@1
[    0.049742] PROM: Built device tree with 87467 bytes of memory.
[    0.049801] MDESC: Size is 36960 bytes.
[    0.049921] PLATFORM: banner-name [SPARC T5-2]
[    0.049974] PLATFORM: name [ORCL,SPARC-T5-2]
[    0.050020] PLATFORM: hostid [84fa06f2]
[    0.050064] PLATFORM: serial# [0035260e]
[    0.050105] PLATFORM: stick-frequency [3b9aca00]
[    0.050153] PLATFORM: mac-address [144ffa06f2]
[    0.050198] PLATFORM: watchdog-resolution [1000 ms]
[    0.050248] PLATFORM: watchdog-max-timeout [31536000000 ms]
[    0.050301] PLATFORM: max-cpus [1024]
[    0.050370] Top of RAM: 0x24af936000, Total RAM: 0x87f352000
[    0.050431] Memory hole size: 115461MB
[    0.288414] Allocated 35708928 bytes for kernel page tables.
[    0.288503] Zone ranges:
[    0.288543]   Normal   [mem 0x0000000030400000-0x00000024af935fff]
[    0.288607] Movable zone start for each node
[    0.288653] Early memory node ranges
[    0.288693]   node   0: [mem 0x0000000030400000-0x000000006fe7ffff]
[    0.288757]   node   0: [mem 0x000000006ff00000-0x000000006ff25fff]
[    0.288816]   node   0: [mem 0x0000000070000000-0x000000042fffffff]
[    0.288880]   node   0: [mem 0x0000002030000000-0x00000024af87ffff]
[    0.288945]   node   0: [mem 0x00000024af900000-0x00000024af925fff]
[    0.289004]   node   0: [mem 0x00000024af930000-0x00000024af935fff]
[    0.296397] Zeroed struct page in unavailable ranges: 230130 pages
[    0.296405] Initmem setup node 0 [mem 0x0000000030400000-0x00000024af935fff]
[    0.296565] On node 0 totalpages: 4454825
[    0.296574]   Normal zone: 39154 pages used for memmap
[    0.296580]   Normal zone: 0 pages reserved
[    0.296585]   Normal zone: 4454825 pages, LIFO batch:31
[    0.307377] Booting Linux...
[    0.307461] CPU CAPS: [flush,stbar,swap,muldiv,v9,blkinit,n2,mul32]
[    0.307543] CPU CAPS: [div32,v8plus,popc,vis,vis2,ASIBlkInit,fmaf,vis3]
[    0.307619] CPU CAPS: [hpc,ima,pause,cbcond,aes,des,kasumi,camellia]
[    0.307692] CPU CAPS: [md5,sha1,sha256,sha512,mpmul,montmul,montsqr,crc32c]
[    0.341736] percpu: Embedded 27 pages/cpu s181896 r8192 d31096 u262144
[    0.341983] pcpu-alloc: s181896 r8192 d31096 u262144 alloc=1*4194304
[    0.341990] pcpu-alloc: [0] 000 001 002 003 004 005 006 007 008 009 010 011 012 013 014 015 
[    0.342016] pcpu-alloc: [0] 016 017 018 019 020 021 022 023 024 025 026 027 028 029 030 031 
[    0.342043] pcpu-alloc: [0] 032 033 034 035 036 037 038 039 040 041 042 043 044 045 046 047 
[    0.342069] pcpu-alloc: [0] 048 049 050 051 052 053 054 055 056 057 058 059 060 061 062 063 
[    0.342096] pcpu-alloc: [0] 064 065 066 067 068 069 070 071 072 073 074 075 076 077 078 079 
[    0.342123] pcpu-alloc: [0] 080 081 082 083 084 085 086 087 088 089 090 091 092 093 094 095 
[    0.342149] pcpu-alloc: [0] 096 097 098 099 100 101 102 103 104 105 106 107 108 109 110 111 
[    0.342176] pcpu-alloc: [0] 112 113 114 115 116 117 118 119 120 121 122 123 124 125 126 127 
[    0.342709] SUN4V: Mondo queue sizes [cpu(131072) dev(16384) r(8192) nr(256)]
[    0.343156] Built 1 zonelists, mobility grouping on.  Total pages: 4415671
[    0.343246] Kernel command line: BOOT_IMAGE=/vmlinux-5.4.0-rc3-00099-g0e2adab6cf28-dirty root=/dev/vdiska2 ro zswap.enabled=1
[    0.345663] printk: log_buf_len individual max cpu contribution: 4096 bytes
[    0.345733] printk: log_buf_len total cpu_extra contributions: 520192 bytes
[    0.345799] printk: log_buf_len min size: 131072 bytes
[    0.346118] printk: log_buf_len: 1048576 bytes
[    0.346170] printk: early log buf free: 126608(96%)
[    0.355785] Dentry cache hash table entries: 8388608 (order: 13, 67108864 bytes, linear)
[    0.360684] Inode-cache hash table entries: 4194304 (order: 12, 33554432 bytes, linear)
[    0.360765] Sorting __ex_table...
[    0.361010] mem auto-init: stack:off, heap alloc:off, heap free:off
[    0.423547] Memory: 1305232K/35638600K available (7404K kernel code, 957K rwdata, 2184K rodata, 704K init, 12359K bss, 544552K reserved, 0K cma-reserved)
[    0.434736] SLUB: HWalign=32, Order=0-3, MinObjects=0, CPUs=128, Nodes=1
[    0.439921] ftrace: allocating 21243 entries in 42 pages
[    0.456070] Running RCU self tests
[    0.456120] rcu: Hierarchical RCU implementation.
[    0.456169] rcu: 	RCU event tracing is enabled.
[    0.456217] rcu: 	RCU lockdep checking is enabled.
[    0.456267] 	Tasks RCU enabled.
[    0.456303] rcu: RCU calculated value of scheduler-enlistment delay is 10 jiffies.
[    0.465155] NR_IRQS: 2048, nr_irqs: 2048, preallocated irqs: 1
[    0.465592] SUN4V: Using IRQ API major 3, cookie only virqs enabled
[    0.469389] clocksource: stick: mask: 0xffffffffffffffff max_cycles: 0x1cd42e4dffb, max_idle_ns: 881590591483 ns
[    0.469516] clocksource: mult[800000] shift[23]
[    0.469566] clockevent: mult[80000000] shift[31]
[    0.473262] Console: colour dummy device 80x25
[    0.473325] printk: console [tty0] enabled
[    0.473399] printk: bootconsole [earlyprom0] disabled
[    0.473483] Lock dependency validator: Copyright (c) 2006 Red Hat, Inc., Ingo Molnar
[    0.473532] ... MAX_LOCKDEP_SUBCLASSES:  8
[    0.473561] ... MAX_LOCK_DEPTH:          48
[    0.473591] ... MAX_LOCKDEP_KEYS:        8192
[    0.473622] ... CLASSHASH_SIZE:          4096
[    0.473652] ... MAX_LOCKDEP_ENTRIES:     16384
[    0.473683] ... MAX_LOCKDEP_CHAINS:      32768
[    0.473714] ... CHAINHASH_SIZE:          16384
[    0.473745]  memory used by lock dependency info: 3855 kB
[    0.473781]  memory used for stack traces: 2112 kB
[    0.473813]  per task-struct memory footprint: 1920 bytes
[    0.619787] Calibrating delay using timer specific routine.. 2003.81 BogoMIPS (lpj=10019079)
[    0.619843] pid_max: default: 131072 minimum: 1024
[    0.627065] LSM: Security Framework initializing
[    0.629091] AppArmor: AppArmor initialized
[    0.632159] Mount-cache hash table entries: 131072 (order: 7, 1048576 bytes, linear)
[    0.632400] Mountpoint-cache hash table entries: 131072 (order: 7, 1048576 bytes, linear)
[    0.633889] *** VALIDATE tmpfs ***
[    0.642744] *** VALIDATE proc ***
[    0.648412] *** VALIDATE cgroup1 ***
[    0.648444] *** VALIDATE cgroup2 ***
[    0.654402] rcu: Hierarchical SRCU implementation.
[    0.666786] smp: Bringing up secondary CPUs ...
[    0.738573] smp: Brought up 1 node, 32 CPUs
[    0.943839] node 0 initialised, 4223602 pages in 190ms
[    0.948975] devtmpfs: initialized
[    0.959245] Performance events: 
[    0.959302] Testing NMI watchdog ... 
[    1.159499] OK.
[    1.159645] Supported PMU type is 'niagara5'
[    1.160851] random: get_random_u32 called from bucket_table_alloc.isra.0+0x188/0x1c0 with crng_init=0
[    1.162150] ldc.c:v1.1 (July 22, 2008)
[    1.165519] clocksource: jiffies: mask: 0xffffffff max_cycles: 0xffffffff, max_idle_ns: 19112604462750000 ns
[    1.165616] futex hash table entries: 32768 (order: 9, 4194304 bytes, linear)
[    1.185308] NET: Registered protocol family 16
[    1.199359] VIO: Adding device channel-devices (tx_ino = ffffffffffffffff, rx_ino = ffffffffffffffff)
[    1.199671] VIO: Adding device vnet-port-0-0 (tx_ino = 0, rx_ino = 1)
[    1.199978] VIO: Adding device vnet-port-0-1 (tx_ino = 2, rx_ino = 3)
[    1.200243] VIO: Adding device vnet-port-0-2 (tx_ino = 4, rx_ino = 5)
[    1.200496] VIO: Adding device vnet-port-0-4 (tx_ino = 8, rx_ino = 9)
[    1.200748] VIO: Adding device vnet-port-0-5 (tx_ino = a, rx_ino = b)
[    1.201007] VIO: Adding device vnet-port-0-6 (tx_ino = c, rx_ino = d)
[    1.201256] VIO: Adding device vdc-port-3-0 (tx_ino = e, rx_ino = f)
[    1.201538] VIO: Adding device vdc-port-2-0 (tx_ino = 10, rx_ino = 11)
[    1.201791] VIO: Adding device vdc-port-1-0 (tx_ino = 12, rx_ino = 13)
[    1.202043] VIO: Adding device vdc-port-0-0 (tx_ino = 14, rx_ino = 15)
[    1.202289] VIO: Adding device vdc-port-4-0 (tx_ino = 16, rx_ino = 17)
[    1.202551] VIO: Adding device vlds-port-0-0 (tx_ino = 18, rx_ino = 19)
[    1.202800] VIO: Adding device domain-services-port-0 (tx_ino = 18, rx_ino = 19)
[    1.203817] audit: initializing netlink subsys (disabled)
[    1.204263] audit: type=2000 audit(0.730:1): state=initialized audit_enabled=0 res=1
[    1.260585] HugeTLB registered 64.0 KiB page size, pre-allocated 0 pages
[    1.260637] HugeTLB registered 8.00 MiB page size, pre-allocated 0 pages
[    1.260682] HugeTLB registered 256 MiB page size, pre-allocated 0 pages
[    1.260727] HugeTLB registered 2.00 GiB page size, pre-allocated 0 pages
[    1.265933] alg: extra crypto tests enabled.  This is intended for developer use only.
[    1.295219] cryptd: max_cpu_qlen set to 1000
[    1.433369] NetLabel: Initializing
[    1.433406] NetLabel:  domain hash size = 128
[    1.433438] NetLabel:  protocols = UNLABELED CIPSOv4 CALIPSO
[    1.433678] NetLabel:  unlabeled traffic allowed by default
[    1.434944] SUN4V: Reboot data supported (maj=1,min=0).
[    1.436638] ds.c:v1.0 (Jul 11, 2007)
[    1.437162] ds-0: ds_conn_reset() from send_events.isra.0
[    1.438679] clocksource: Switched to clocksource stick
[    1.723761] *** VALIDATE bpf ***
[    1.732073] VFS: Disk quotas dquot_6.6.0
[    1.736661] VFS: Dquot-cache hash table entries: 1024 (order 0, 8192 bytes)
[    1.737011] *** VALIDATE ramfs ***
[    1.737668] *** VALIDATE hugetlbfs ***
[    1.750781] AppArmor: AppArmor Filesystem Enabled
[    1.776613] NET: Registered protocol family 2
[    1.786280] tcp_listen_portaddr_hash hash table entries: 32768 (order: 8, 2359296 bytes, linear)
[    1.790077] TCP established hash table entries: 524288 (order: 9, 4194304 bytes, linear)
[    1.792316] TCP bind hash table entries: 65536 (order: 9, 4194304 bytes, linear)
[    1.798127] TCP: Hash tables configured (established 524288 bind 65536)
[    1.803380] UDP hash table entries: 32768 (order: 9, 5242880 bytes, linear)
[    1.810019] UDP-Lite hash table entries: 32768 (order: 9, 5242880 bytes, linear)
[    1.825441] NET: Registered protocol family 1
[    1.825533] NET: Registered protocol family 44
[    1.826253] Trying to unpack rootfs image as initramfs...
[    2.147941] Freeing initrd memory: 10352K
[    2.149013] aes_sparc64: Using sparc64 aes opcodes optimized AES implementation
[    2.459391] des_sparc64: Using sparc64 des opcodes optimized DES implementation
[    2.981582] camellia_sparc64: Using sparc64 camellia opcodes optimized CAMELLIA implementation
[    3.195410] workingset: timestamp_bits=46 max_order=23 bucket_order=0
[    3.241985] SGI XFS with ACLs, security attributes, debug enabled
[    3.286658] Block layer SCSI generic (bsg) driver version 0.4 loaded (major 252)
[    3.288308] io scheduler mq-deadline registered
[    3.296193] f029b788: ttyHV0 at I/O 0x0 (irq = 1, base_baud = 115200) is a SUN4V HCONS
[    3.302980] printk: console [ttyHV0] enabled
[    3.310425] sunvdc.c:v1.2 (November 24, 2014)
[    3.325311] sunvdc: Virtual CDROM vdiskd
[    3.325368] sunvdc: vdiskd: 403160 sectors (196 MB) protocol 1.2
[    3.328958]  vdiskd: vdiskd1 vdiskd2 vdiskd3 vdiskd4 vdiskd5 vdiskd6 vdiskd7
[    3.381859] sunvdc: Virtual Hard disk vdiskc
[    3.381906] sunvdc: vdiskc: 104857600 sectors (51200 MB) protocol 1.2
[    3.426498] sunvdc: Virtual Hard disk vdiskb
[    3.426541] sunvdc: vdiskb: 62914560 sectors (30720 MB) protocol 1.2
[    3.429695]  vdiskb: vdiskb1
[    3.472790] sunvdc: Virtual Hard disk vdiska
[    3.472835] sunvdc: vdiska: 31457280 sectors (15360 MB) protocol 1.2
[    3.475999]  vdiska: vdiska1 vdiska2 vdiska3 vdiska4
[    3.523915] sunvdc: Virtual Hard disk vdiske
[    3.523959] sunvdc: vdiske: 20971520 sectors (10240 MB) protocol 1.2
[    3.528002]  vdiske: vdiske1 vdiske2 vdiske3
[    3.558825] sunvnet: sunvnet 2.0 (February 3, 2017)
[    3.564490] vnet_port vnet-port-0-0 eth0: Sun LDOM vnet 00:14:4f:f8:12:a3
[    3.564805] sunvnet: eth0: PORT ( remote-mac 00:14:4f:fa:f3:f0 switch-port )
[    3.566583] sunvnet: eth0: PORT ( remote-mac 00:14:4f:f8:e5:f3 )
[    3.568375] sunvnet: eth0: PORT ( remote-mac 00:14:4f:f9:b4:97 )
[    3.570239] sunvnet: eth0: PORT ( remote-mac 00:14:4f:f8:3f:1e )
[    3.571996] sunvnet: eth0: PORT ( remote-mac 00:14:4f:f8:fe:47 )
[    3.573758] sunvnet: eth0: PORT ( remote-mac 00:14:4f:f9:8b:83 )
[    3.575465] rtc-sun4v rtc-sun4v: registered as rtc0
[    3.576271] sun4v_wdt: initialized (timeout=60s, nowayout=0)
[    3.577330] device-mapper: uevent: version 1.0.3
[    3.579847] device-mapper: ioctl: 4.41.0-ioctl (2019-09-16) initialised: dm-devel@redhat.com
[    3.581528] NET: Registered protocol family 17
[    3.582408] registered taskstats version 1
[    3.592218] zswap: default zpool zbud not available
[    3.592272] zswap: pool creation failed
[    3.593204] kmemleak: Kernel memory leak detector initialized (mem pool available: 6234)
[    3.593215] kmemleak: Automatic memory scanning thread started
[    3.900893] Key type big_key registered
[    3.900968] AppArmor: AppArmor sha1 policy hashing enabled
[    3.901966] rtc-sun4v rtc-sun4v: setting system clock to 2019-10-18T08:40:20 UTC (1571388020)
[    3.911057] This architecture does not have kernel memory protection.
[    3.911104] Run /init as init process
[    4.690042] crc32c_sparc64: Using sparc64 crc32c opcode optimized CRC32C implementation
[    4.765915] random: fast init done
[    5.318581] raid6: int64x8  gen()  2166 MB/s
[    5.488565] raid6: int64x8  xor()  1569 MB/s
[    5.658578] raid6: int64x4  gen()  3476 MB/s
[    5.828563] raid6: int64x4  xor()  2001 MB/s
[    5.998567] raid6: int64x2  gen()  2861 MB/s
[    6.168573] raid6: int64x2  xor()  1994 MB/s
[    6.338561] raid6: int64x1  gen()  2847 MB/s
[    6.508572] raid6: int64x1  xor()  1622 MB/s
[    6.508609] raid6: using algorithm int64x4 gen() 3476 MB/s
[    6.508649] raid6: .... xor() 2001 MB/s, rmw enabled
[    6.508688] raid6: using intx1 recovery algorithm
[    6.510141] async_tx: api initialized (async)
[    6.511146] xor: automatically using best checksumming function   Niagara   
[    6.792577] EXT4-fs (vdiska2): mounted filesystem with ordered data mode. Opts: (null)
[    8.546197] systemd[1]: Inserted module 'autofs4'
[    8.566992] NET: Registered protocol family 10
[    8.582432] Segment Routing with IPv6
[    8.687528] systemd[1]: systemd 242 running in system mode. (+PAM +AUDIT +SELINUX +IMA +APPARMOR +SMACK +SYSVINIT +UTMP +LIBCRYPTSETUP +GCRYPT +GNUTLS +ACL +XZ +LZ4 -SECCOMP +BLKID +ELFUTILS +KMOD +IDN2 -IDN +PCRE2 default-hierarchy=hybrid)
[    8.688187] systemd[1]: Detected architecture sparc64.
[    8.873597] systemd[1]: Set hostname to <ttip.nvglabs.local>.
[    8.882923] systemd[1]: Failed to bump fs.file-max, ignoring: Invalid argument
[    9.783276] random: lvmconfig: uninitialized urandom read (4 bytes read)
[   10.509166] systemd[1]: /lib/systemd/system/dbus.socket:4: ListenStream= references a path below legacy directory /var/run/, updating /var/run/dbus/system_bus_socket → /run/dbus/system_bus_socket; please update the unit file accordingly.
[   10.746003] systemd[1]: /lib/systemd/system/pcscd.socket:4: ListenStream= references a path below legacy directory /var/run/, updating /var/run/pcscd/pcscd.comm → /run/pcscd/pcscd.comm; please update the unit file accordingly.
[   10.793438] random: systemd: uninitialized urandom read (16 bytes read)
[   10.794419] systemd[1]: Listening on fsck to fsckd communication Socket.
[   10.795571] random: systemd: uninitialized urandom read (16 bytes read)
[   10.796878] systemd[1]: Listening on Journal Socket.
[   10.797451] random: systemd: uninitialized urandom read (16 bytes read)
[   10.831318] systemd[1]: Created slice system-getty.slice.
[   10.832555] systemd[1]: Listening on Device-mapper event daemon FIFOs.
[   11.227897] EXT4-fs (vdiska2): re-mounted. Opts: errors=remount-ro
[   11.655289] systemd-journald[560]: Received request to flush runtime journal from PID 1
[   12.923685] sha1_sparc64: Using sparc64 sha1 opcode optimized SHA-1 implementation
[   13.100284] n2rng v0.3 (Jan 7, 2017)
[   13.100438] n2rng f029b104: Registered RNG HVAPI major 2 minor 0
[   13.100570] n2rng f029b104: Found multi-unit-capable RNG, units: 2
[   13.103456] n2rng f029b104: RNG ready
[   13.278860] sha256_sparc64: Using sparc64 sha256 opcode optimized SHA-256/SHA-224 implementation
[   13.515558] sha512_sparc64: Using sparc64 sha512 opcode optimized SHA-512/SHA-384 implementation
[   13.529255] md5_sparc64: Using sparc64 md5 opcode optimized MD5 implementation
[   13.532028] pktcdvd: setup of pktcdvd device failed
[   13.631946] pktcdvd: setup of pktcdvd device failed
[   13.657512] pktcdvd: setup of pktcdvd device failed
[   13.678330] pktcdvd: setup of pktcdvd device failed
[   13.698435] pktcdvd: setup of pktcdvd device failed
[   13.718252] pktcdvd: setup of pktcdvd device failed
[   13.736409] pktcdvd: setup of pktcdvd device failed
[   13.754593] pktcdvd: setup of pktcdvd device failed
[   16.407402] XFS (dm-0): Mounting V5 Filesystem
[   16.527407] XFS (dm-0): Ending clean mount
[   16.532560] Mounted xfs file system at /1 supports timestamps until 2038 (0x7fffffff)
[   16.798721] Adding 787176k swap on /dev/vdiska4.  Priority:-2 extents:1 across:787176k FS
[   17.242406] EXT4-fs (vdiska1): mounting ext3 file system using the ext4 subsystem
[   17.273643] EXT4-fs (vdiska1): mounted filesystem with ordered data mode. Opts: (null)
[   17.275645] Mounted ext3 file system at /boot supports timestamps until 2038 (0x7fffffff)
[   18.240862] Kernel unaligned access at TPC[869a58] aa_dfa_unpack+0x38/0x5a0
[   18.240983] Kernel unaligned access at TPC[869a78] aa_dfa_unpack+0x58/0x5a0
[   18.241038] Kernel unaligned access at TPC[869b30] aa_dfa_unpack+0x110/0x5a0
[   18.241108] Kernel unaligned access at TPC[869c10] aa_dfa_unpack+0x1f0/0x5a0
[   18.241163] Kernel unaligned access at TPC[869c24] aa_dfa_unpack+0x204/0x5a0
[   19.051946] random: crng init done
[   19.052008] random: 6 urandom warning(s) missed due to ratelimiting
[   22.630131] tun: Universal TUN/TAP device driver, 1.6

[   23.671241] ======================================================
[   23.671249] WARNING: possible circular locking dependency detected
[   23.671259] 5.4.0-rc3-00099-g0e2adab6cf28-dirty #1283 Not tainted
[   23.671266] ------------------------------------------------------
[   23.671273] iptables-restor/983 is trying to acquire lock:
[   23.671281] 0000000010580120 (&table[i].mutex){+.+.}, at: nfnl_lock+0x24/0x40 [nfnetlink]
[   23.671301] 
               but task is already holding lock:
[   23.671308] 0000000000e24020 (&net->nft.commit_mutex){+.+.}, at: nf_tables_valid_genid+0x10/0x60 [nf_tables]
[   23.671336] 
               which lock already depends on the new lock.

[   23.671344] 
               the existing dependency chain (in reverse order) is:
[   23.671351] 
               -> #1 (&net->nft.commit_mutex){+.+.}:
[   23.671370]        __mutex_lock+0xac/0x9a0
[   23.671378]        mutex_lock_nested+0x1c/0x40
[   23.671388]        nf_tables_valid_genid+0x10/0x60 [nf_tables]
[   23.671396]        nfnetlink_rcv_batch+0x228/0x620 [nfnetlink]
[   23.671404]        nfnetlink_rcv+0x110/0x140 [nfnetlink]
[   23.671415]        netlink_unicast+0x128/0x200
[   23.671422]        netlink_sendmsg+0x334/0x380
[   23.671432]        sock_sendmsg+0x34/0x80
[   23.671439]        ___sys_sendmsg+0x234/0x260
[   23.671446]        __sys_sendmsg+0x48/0x80
[   23.671453]        sys_sendmsg+0x18/0x40
[   23.671463]        linux_sparc_syscall+0x34/0x44
[   23.671469] 
               -> #0 (&table[i].mutex){+.+.}:
[   23.671481]        __lock_acquire+0x1af0/0x2500
[   23.671487]        lock_acquire+0x1a4/0x1c0
[   23.671494]        __mutex_lock+0xac/0x9a0
[   23.671501]        mutex_lock_nested+0x1c/0x40
[   23.671508]        nfnl_lock+0x24/0x40 [nfnetlink]
[   23.671519]        ip_set_nfnl_get_byindex+0x18c/0x280 [ip_set]
[   23.671528]        set_match_v1_checkentry+0x14/0xc0 [xt_set]
[   23.671541]        xt_check_match+0x23c/0x280 [x_tables]
[   23.671550]        __nft_match_init+0x160/0x180 [nft_compat]
[   23.671558]        nft_match_init+0x18/0x40 [nft_compat]
[   23.671568]        nf_tables_newrule+0x50c/0x780 [nf_tables]
[   23.671576]        nfnetlink_rcv_batch+0x3d0/0x620 [nfnetlink]
[   23.671584]        nfnetlink_rcv+0x110/0x140 [nfnetlink]
[   23.671592]        netlink_unicast+0x128/0x200
[   23.671598]        netlink_sendmsg+0x334/0x380
[   23.671604]        sock_sendmsg+0x34/0x80
[   23.671611]        ___sys_sendmsg+0x234/0x260
[   23.671617]        __sys_sendmsg+0x48/0x80
[   23.671624]        sys_sendmsg+0x18/0x40
[   23.671631]        linux_sparc_syscall+0x34/0x44
[   23.671636] 
               other info that might help us debug this:

[   23.671644]  Possible unsafe locking scenario:

[   23.671651]        CPU0                    CPU1
[   23.671656]        ----                    ----
[   23.671662]   lock(&net->nft.commit_mutex);
[   23.671668]                                lock(&table[i].mutex);
[   23.671676]                                lock(&net->nft.commit_mutex);
[   23.671684]   lock(&table[i].mutex);
[   23.671690] 
                *** DEADLOCK ***

[   23.671699] 1 lock held by iptables-restor/983:
[   23.671704]  #0: 0000000000e24020 (&net->nft.commit_mutex){+.+.}, at: nf_tables_valid_genid+0x10/0x60 [nf_tables]
[   23.671721] 
               stack backtrace:
[   23.671729] CPU: 18 PID: 983 Comm: iptables-restor Not tainted 5.4.0-rc3-00099-g0e2adab6cf28-dirty #1283
[   23.671738] Call Trace:
[   23.671749]  [00000000004d38bc] print_circular_bug.isra.0+0x1bc/0x1e0
[   23.671756]  [00000000004d3af8] check_noncircular+0x218/0x240
[   23.671763]  [00000000004d8410] __lock_acquire+0x1af0/0x2500
[   23.671770]  [00000000004d97a4] lock_acquire+0x1a4/0x1c0
[   23.671778]  [0000000000b3808c] __mutex_lock+0xac/0x9a0
[   23.671785]  [0000000000b3899c] mutex_lock_nested+0x1c/0x40
[   23.671792]  [000000001057e024] nfnl_lock+0x24/0x40 [nfnetlink]
[   23.671801]  [000000001058b2ac] ip_set_nfnl_get_byindex+0x18c/0x280 [ip_set]
[   23.671810]  [00000000105f05b4] set_match_v1_checkentry+0x14/0xc0 [xt_set]
[   23.671819]  [000000001039489c] xt_check_match+0x23c/0x280 [x_tables]
[   23.671827]  [00000000105dec40] __nft_match_init+0x160/0x180 [nft_compat]
[   23.671835]  [00000000105decf8] nft_match_init+0x18/0x40 [nft_compat]
[   23.671846]  [00000000105bbdcc] nf_tables_newrule+0x50c/0x780 [nf_tables]
[   23.671854]  [000000001057e890] nfnetlink_rcv_batch+0x3d0/0x620 [nfnetlink]
[   23.671862]  [000000001057ebf0] nfnetlink_rcv+0x110/0x140 [nfnetlink]
[   23.671870]  [0000000000a31568] netlink_unicast+0x128/0x200
