[    0.000019] PROMLIB: Sun IEEE Boot Prom 'OBP 4.38.12 2018/03/28 14:54'
[    0.000030] PROMLIB: Root node compatible: sun4v
[    0.000077] Linux version 5.2.0-rc1-00185-g9bd836679210 (mator@ttip) (gcc version 9.3.0 (Debian 9.3.0-11)) #98 SMP Tue Apr 28 16:39:16 MSK 2020
[    0.000380] printk: bootconsole [earlyprom0] enabled
[    0.000432] ARCH: SUN4V
[    0.000481] Ethernet address: 00:14:4f:fa:06:f2
[    0.000532] MM: PAGE_OFFSET is 0xfff8000000000000 (max_phys_bits == 47)
[    0.000597] MM: VMALLOC [0x0000000100000000 --> 0x0006000000000000]
[    0.000658] MM: VMEMMAP [0x0006000000000000 --> 0x000c000000000000]
[    0.012718] Kernel: Using 5 locked TLB entries for main kernel image.
[    0.012787] Remapping the kernel... 
[    0.012814] done.
[    0.045628] OF stdout device is: /virtual-devices@100/console@1
[    0.045692] PROM: Built device tree with 86230 bytes of memory.
[    0.045751] MDESC: Size is 36512 bytes.
[    0.045865] PLATFORM: banner-name [SPARC T5-2]
[    0.045915] PLATFORM: name [ORCL,SPARC-T5-2]
[    0.045960] PLATFORM: hostid [84fa06f2]
[    0.046004] PLATFORM: serial# [0035260e]
[    0.046047] PLATFORM: stick-frequency [3b9aca00]
[    0.046096] PLATFORM: mac-address [144ffa06f2]
[    0.046141] PLATFORM: watchdog-resolution [1000 ms]
[    0.046192] PLATFORM: watchdog-max-timeout [31536000000 ms]
[    0.046247] PLATFORM: max-cpus [1024]
[    0.046335] Top of RAM: 0x24af938000, Total RAM: 0x87f354000
[    0.046396] Memory hole size: 115461MB
[    0.050981] Allocated 40960 bytes for kernel page tables.
[    0.051066] Zone ranges:
[    0.051106]   Normal   [mem 0x0000000030400000-0x00000024af937fff]
[    0.051168] Movable zone start for each node
[    0.051213] Early memory node ranges
[    0.051253]   node   0: [mem 0x0000000030400000-0x000000006fe7ffff]
[    0.051313]   node   0: [mem 0x000000006ff00000-0x000000006ff25fff]
[    0.051374]   node   0: [mem 0x0000000070000000-0x000000042fffffff]
[    0.051435]   node   0: [mem 0x0000002030000000-0x00000024af87ffff]
[    0.051493]   node   0: [mem 0x00000024af900000-0x00000024af925fff]
[    0.051553]   node   0: [mem 0x00000024af930000-0x00000024af937fff]
[    0.058907] Zeroed struct page in unavailable ranges: 230130 pages
[    0.058915] Initmem setup node 0 [mem 0x0000000030400000-0x00000024af937fff]
[    0.059076] On node 0 totalpages: 4454826
[    0.059085]   Normal zone: 39154 pages used for memmap
[    0.059090]   Normal zone: 0 pages reserved
[    0.059096]   Normal zone: 4454826 pages, LIFO batch:31
[    0.066731] Booting Linux...
[    0.066814] CPU CAPS: [flush,stbar,swap,muldiv,v9,blkinit,n2,mul32]
[    0.066898] CPU CAPS: [div32,v8plus,popc,vis,vis2,ASIBlkInit,fmaf,vis3]
[    0.067978] CPU CAPS: [hpc,ima,pause,cbcond,aes,des,kasumi,camellia]
[    0.068049] CPU CAPS: [md5,sha1,sha256,sha512,mpmul,montmul,montsqr,crc32c]
[    0.097581] percpu: Embedded 27 pages/cpu s179080 r8192 d33912 u262144
[    0.097793] pcpu-alloc: s179080 r8192 d33912 u262144 alloc=1*4194304
[    0.097801] pcpu-alloc: [0] 000 001 002 003 004 005 006 007 008 009 010 011 012 013 014 015 
[    0.097828] pcpu-alloc: [0] 016 017 018 019 020 021 022 023 024 025 026 027 028 029 030 031 
[    0.097855] pcpu-alloc: [0] 032 033 034 035 036 037 038 039 040 041 042 043 044 045 046 047 
[    0.097883] pcpu-alloc: [0] 048 049 050 051 052 053 054 055 056 057 058 059 060 061 062 063 
[    0.097910] pcpu-alloc: [0] 064 065 066 067 068 069 070 071 072 073 074 075 076 077 078 079 
[    0.097937] pcpu-alloc: [0] 080 081 082 083 084 085 086 087 088 089 090 091 092 093 094 095 
[    0.097964] pcpu-alloc: [0] 096 097 098 099 100 101 102 103 104 105 106 107 108 109 110 111 
[    0.097991] pcpu-alloc: [0] 112 113 114 115 116 117 118 119 120 121 122 123 124 125 126 127 
[    0.098421] SUN4V: Mondo queue sizes [cpu(131072) dev(16384) r(8192) nr(256)]
[    0.098789] Built 1 zonelists, mobility grouping on.  Total pages: 4415672
[    0.098876] Kernel command line: BOOT_IMAGE=/vmlinux-5.2.0-rc1-00185-g9bd836679210 root=/dev/vdiska2 ro zswap.enabled=1
[    0.101094] printk: log_buf_len individual max cpu contribution: 4096 bytes
[    0.101165] printk: log_buf_len total cpu_extra contributions: 520192 bytes
[    0.101231] printk: log_buf_len min size: 131072 bytes
[    0.101502] printk: log_buf_len: 1048576 bytes
[    0.101554] printk: early log buf free: 126648(96%)
[    0.107868] Dentry cache hash table entries: 8388608 (order: 13, 67108864 bytes)
[    0.111097] Inode-cache hash table entries: 4194304 (order: 12, 33554432 bytes)
[    0.111167] Sorting __ex_table...
[    0.172733] Memory: 1305232K/35638608K available (7221K kernel code, 956K rwdata, 2128K rodata, 688K init, 6666K bss, 508096K reserved, 0K cma-reserved)
[    0.173418] SLUB: HWalign=32, Order=0-3, MinObjects=0, CPUs=128, Nodes=1
[    0.173710] ftrace: allocating 20938 entries in 41 pages
[    0.184524] Running RCU self tests
[    0.184568] rcu: Hierarchical RCU implementation.
[    0.184616] rcu: 	RCU event tracing is enabled.
[    0.184665] rcu: 	RCU lockdep checking is enabled.
[    0.184715] 	Tasks RCU enabled.
[    0.184752] rcu: RCU calculated value of scheduler-enlistment delay is 10 jiffies.
[    0.188930] NR_IRQS: 2048, nr_irqs: 2048, preallocated irqs: 1
[    0.189005] SUN4V: Using IRQ API major 3, cookie only virqs enabled
[    0.191423] clocksource: stick: mask: 0xffffffffffffffff max_cycles: 0x1cd42e4dffb, max_idle_ns: 881590591483 ns
[    0.191553] clocksource: mult[800000] shift[23]
[    0.191602] clockevent: mult[80000000] shift[31]
[    0.192133] Console: colour dummy device 80x25
[    0.192195] printk: console [tty0] enabled
[    0.192269] printk: bootconsole [earlyprom0] disabled
[    0.192350] Lock dependency validator: Copyright (c) 2006 Red Hat, Inc., Ingo Molnar
[    0.192396] ... MAX_LOCKDEP_SUBCLASSES:  8
[    0.192425] ... MAX_LOCK_DEPTH:          48
[    0.192454] ... MAX_LOCKDEP_KEYS:        8191
[    0.192484] ... CLASSHASH_SIZE:          4096
[    0.192514] ... MAX_LOCKDEP_ENTRIES:     16384
[    0.192544] ... MAX_LOCKDEP_CHAINS:      32768
[    0.192574] ... CHAINHASH_SIZE:          16384
[    0.192604]  memory used by lock dependency info: 3853 kB
[    0.192639]  per task-struct memory footprint: 1920 bytes
[    0.341823] Calibrating delay using timer specific routine.. 2003.95 BogoMIPS (lpj=10019795)
[    0.341879] pid_max: default: 131072 minimum: 1024
[    0.342139] LSM: Security Framework initializing
[    0.342371] AppArmor: AppArmor initialized
[    0.342647] Mount-cache hash table entries: 131072 (order: 7, 1048576 bytes)
[    0.342807] Mountpoint-cache hash table entries: 131072 (order: 7, 1048576 bytes)
[    0.343600] *** VALIDATE proc ***
[    0.344025] *** VALIDATE cgroup1 ***
[    0.344056] *** VALIDATE cgroup2 ***
[    0.346030] rcu: Hierarchical SRCU implementation.
[    0.353413] smp: Bringing up secondary CPUs ...
[    0.394854] smp: Brought up 1 node, 32 CPUs
[    0.585142] node 0 initialised, 4228160 pages in 190ms
[    0.586604] devtmpfs: initialized
[    0.591061] Performance events: 
[    0.591102] Testing NMI watchdog ... 
[    0.791180] OK.
[    0.791291] Supported PMU type is 'niagara5'
[    0.791481] random: get_random_u32 called from bucket_table_alloc.isra.0+0x188/0x1c0 with crng_init=0
[    0.792152] ldc.c:v1.1 (July 22, 2008)
[    0.794537] clocksource: jiffies: mask: 0xffffffff max_cycles: 0xffffffff, max_idle_ns: 19112604462750000 ns
[    0.794622] futex hash table entries: 32768 (order: 9, 4194304 bytes)
[    0.799543] NET: Registered protocol family 16
[    0.807070] VIO: Adding device channel-devices (tx_ino = ffffffffffffffff, rx_ino = ffffffffffffffff)
[    0.807265] VIO: Adding device vnet-port-0-0 (tx_ino = 0, rx_ino = 1)
[    0.807458] VIO: Adding device vnet-port-0-1 (tx_ino = 2, rx_ino = 3)
[    0.807616] VIO: Adding device vnet-port-0-2 (tx_ino = 4, rx_ino = 5)
[    0.807773] VIO: Adding device vnet-port-0-3 (tx_ino = 6, rx_ino = 7)
[    0.807935] VIO: Adding device vnet-port-0-4 (tx_ino = 8, rx_ino = 9)
[    0.808091] VIO: Adding device vnet-port-0-5 (tx_ino = a, rx_ino = b)
[    0.808247] VIO: Adding device vdc-port-2-0 (tx_ino = c, rx_ino = d)
[    0.808407] VIO: Adding device vdc-port-1-0 (tx_ino = e, rx_ino = f)
[    0.808564] VIO: Adding device vdc-port-0-0 (tx_ino = 10, rx_ino = 11)
[    0.808720] VIO: Adding device vdc-port-3-0 (tx_ino = 12, rx_ino = 13)
[    0.808881] VIO: Adding device vlds-port-0-0 (tx_ino = 14, rx_ino = 15)
[    0.809041] VIO: Adding device domain-services-port-0 (tx_ino = 14, rx_ino = 15)
[    0.809310] audit: initializing netlink subsys (disabled)
[    0.809560] audit: type=2000 audit(0.410:1): state=initialized audit_enabled=0 res=1
[    0.832483] HugeTLB registered 64.0 KiB page size, pre-allocated 0 pages
[    0.832529] HugeTLB registered 8.00 MiB page size, pre-allocated 0 pages
[    0.832572] HugeTLB registered 256 MiB page size, pre-allocated 0 pages
[    0.832616] HugeTLB registered 2.00 GiB page size, pre-allocated 0 pages
[    0.834780] alg: extra crypto tests enabled.  This is intended for developer use only.
[    0.852702] cryptd: max_cpu_qlen set to 1000
[    0.880181] alg: No test for lzo-rle (lzo-rle-generic)
[    0.880621] alg: No test for lzo-rle (lzo-rle-scomp)
[    0.923705] NetLabel: Initializing
[    0.923735] NetLabel:  domain hash size = 128
[    0.923766] NetLabel:  protocols = UNLABELED CIPSOv4 CALIPSO
[    0.923894] NetLabel:  unlabeled traffic allowed by default
[    0.924831] SUN4V: Reboot data supported (maj=1,min=0).
[    0.925190] ds.c:v1.0 (Jul 11, 2007)
[    0.925511] ds-0: ds_conn_reset() from send_events.isra.0
[    0.926940] clocksource: Switched to clocksource stick
[    1.115774] VFS: Disk quotas dquot_6.6.0
[    1.115907] VFS: Dquot-cache hash table entries: 1024 (order 0, 8192 bytes)
[    1.116126] *** VALIDATE hugetlbfs ***
[    1.117746] AppArmor: AppArmor Filesystem Enabled
[    1.130195] NET: Registered protocol family 2
[    1.131598] tcp_listen_portaddr_hash hash table entries: 32768 (order: 8, 2359296 bytes)
[    1.134490] TCP established hash table entries: 524288 (order: 9, 4194304 bytes)
[    1.136450] TCP bind hash table entries: 65536 (order: 9, 4194304 bytes)
[    1.142633] TCP: Hash tables configured (established 524288 bind 65536)
[    1.145031] UDP hash table entries: 32768 (order: 9, 5242880 bytes)
[    1.151430] UDP-Lite hash table entries: 32768 (order: 9, 5242880 bytes)
[    1.159303] NET: Registered protocol family 1
[    1.159362] NET: Registered protocol family 44
[    1.159853] Trying to unpack rootfs image as initramfs...
[    1.351642] Freeing initrd memory: 14688K
[    1.352415] aes_sparc64: Using sparc64 aes opcodes optimized AES implementation
[    1.616590] des_sparc64: Using sparc64 des opcodes optimized DES implementation
[    2.075408] camellia_sparc64: Using sparc64 camellia opcodes optimized CAMELLIA implementation
[    2.256446] workingset: timestamp_bits=46 max_order=23 bucket_order=0
[    2.274192] zbud: loaded
[    2.276327] SGI XFS with ACLs, security attributes, debug enabled
[    2.283391] Block layer SCSI generic (bsg) driver version 0.4 loaded (major 252)
[    2.284154] io scheduler mq-deadline registered
[    2.286732] f029b788: ttyS0 at I/O 0x0 (irq = 1, base_baud = 115200) is a SUN4V HCONS
[    2.293222] printk: console [ttyHV0] enabled
[    2.295600] sunvdc.c:v1.2 (November 24, 2014)
[    2.297265] sunvdc: Virtual Hard disk vdiskc
[    2.297302] sunvdc: vdiskc: 104857600 sectors (51200 MB) protocol 1.2
[    2.315963] sunvdc: Virtual Hard disk vdiskb
[    2.316000] sunvdc: vdiskb: 62914560 sectors (30720 MB) protocol 1.2
[    2.316598]  vdiskb: vdiskb1
[    2.334296] sunvdc: Virtual Hard disk vdiska
[    2.334334] sunvdc: vdiska: 31457280 sectors (15360 MB) protocol 1.2
[    2.334935]  vdiska: vdiska1 vdiska2 vdiska3 vdiska4
[    2.353341] sunvdc: Virtual CDROM vdiskd
[    2.353382] sunvdc: vdiskd: 453848 sectors (221 MB) protocol 1.2
[    2.353997]  vdiskd: vdiskd1 vdiskd2 vdiskd3 vdiskd4 vdiskd5 vdiskd6 vdiskd7
[    2.371831] sunvnet: sunvnet 2.0 (February 3, 2017)
[    2.373826] vnet_port vnet-port-0-0 eth0: Sun LDOM vnet 00:14:4f:f8:12:a3
[    2.374027] sunvnet: eth0: PORT ( remote-mac 00:14:4f:fa:f3:f0 switch-port )
[    2.374358] sunvnet: eth0: PORT ( remote-mac 00:14:4f:f8:e5:f3 )
[    2.374688] sunvnet: eth0: PORT ( remote-mac 00:14:4f:f9:b4:97 )
[    2.375018] sunvnet: eth0: PORT ( remote-mac 00:14:4f:f8:3f:1e )
[    2.375337] sunvnet: eth0: PORT ( remote-mac 00:14:4f:f8:fe:47 )
[    2.375660] sunvnet: eth0: PORT ( remote-mac 00:14:4f:f9:8b:83 )
[    2.376820] rtc-sun4v rtc-sun4v: registered as rtc0
[    2.377396] sun4v_wdt: initialized (timeout=60s, nowayout=0)
[    2.377633] device-mapper: uevent: version 1.0.3
[    2.378323] device-mapper: ioctl: 4.40.0-ioctl (2019-01-18) initialised: dm-devel@redhat.com
[    2.379169] NET: Registered protocol family 17
[    2.380211] registered taskstats version 1
[    2.380974] zswap: loaded using pool lzo/zbud
[    2.560860] Key type big_key registered
[    2.560925] AppArmor: AppArmor sha1 policy hashing enabled
[    2.561656] rtc-sun4v rtc-sun4v: setting system clock to 2020-04-28T13:43:18 UTC (1588081398)
[    2.565541] This architecture does not have kernel memory protection.
[    2.565586] Run /init as init process
[    3.051424] crc32c_sparc64: Using sparc64 crc32c opcode optimized CRC32C implementation
[    3.053880] random: fast init done
[    3.566929] raid6: int64x8  gen()  2191 MB/s
[    3.736915] raid6: int64x8  xor()  1574 MB/s
[    3.906909] raid6: int64x4  gen()  3469 MB/s
[    4.076914] raid6: int64x4  xor()  2013 MB/s
[    4.246922] raid6: int64x2  gen()  2877 MB/s
[    4.416917] raid6: int64x2  xor()  2001 MB/s
[    4.586911] raid6: int64x1  gen()  2802 MB/s
[    4.756895] raid6: int64x1  xor()  1657 MB/s
[    4.756933] raid6: using algorithm int64x4 gen() 3469 MB/s
[    4.756972] raid6: .... xor() 2013 MB/s, rmw enabled
[    4.757009] raid6: using intx1 recovery algorithm
[    4.757796] async_tx: api initialized (async)
[    4.758278] xor: automatically using best checksumming function   Niagara   
[    5.018672] EXT4-fs (vdiska2): mounted filesystem with ordered data mode. Opts: (null)
[    5.232371] systemd[1]: Inserted module 'autofs4'
[    5.241227] NET: Registered protocol family 10
[    5.245886] Segment Routing with IPv6
[    5.262818] systemd[1]: systemd 245.5-2 running in system mode. (+PAM +AUDIT +SELINUX +IMA +APPARMOR +SMACK +SYSVINIT +UTMP +LIBCRYPTSETUP +GCRYPT +GNUTLS +ACL +XZ +LZ4 -SECCOMP +BLKID +ELFUTILS +KMOD +IDN2 -IDN +PCRE2 default-hierarchy=hybrid)
[    5.263407] systemd[1]: Detected architecture sparc64.
[    5.271453] systemd[1]: Set hostname to <ttip>.
[    5.374530] random: lvmconfig: uninitialized urandom read (4 bytes read)
[    5.600800] systemd[1]: /lib/systemd/system/dbus.socket:5: ListenStream= references a path below legacy directory /var/run/, updating /var/run/dbus/system_bus_socket â†’ /run/dbus/system_bus_socket; please update the unit file accordingly.
[    5.663620] random: systemd: uninitialized urandom read (16 bytes read)
[    5.670553] systemd[1]: Created slice system-getty.slice.
[    5.671229] random: systemd: uninitialized urandom read (16 bytes read)
[    5.673675] systemd[1]: Created slice system-modprobe.slice.
[    5.677670] systemd[1]: Created slice system-openvpn\x2dclient.slice.
[    5.682190] systemd[1]: Created slice system-postfix.slice.
[    5.685505] systemd[1]: Created slice system-systemd\x2dfsck.slice.
[    5.688803] systemd[1]: Created slice User and Session Slice.
[    5.689680] systemd[1]: Started Dispatch Password Requests to Console Directory Watch.
[    5.690485] systemd[1]: Started Forward Password Requests to Wall Directory Watch.
[    5.692549] systemd[1]: Set up automount Arbitrary Executable File Formats File System Automount Point.
[    5.693094] systemd[1]: Reached target Local Encrypted Volumes.
[    5.693577] systemd[1]: Reached target Paths.
[    5.694015] systemd[1]: Reached target Remote File Systems.
[    5.694456] systemd[1]: Reached target Slices.
[    5.695323] systemd[1]: Listening on Device-mapper event daemon FIFOs.
[    5.696352] systemd[1]: Listening on LVM2 poll daemon socket.
[    5.698473] systemd[1]: Listening on Syslog Socket.
[    5.699434] systemd[1]: Listening on fsck to fsckd communication Socket.
[    5.700189] systemd[1]: Listening on initctl Compatibility Named Pipe.
[    5.701366] systemd[1]: Listening on Journal Audit Socket.
[    5.702340] systemd[1]: Listening on Journal Socket (/dev/log).
[    5.703481] systemd[1]: Listening on Journal Socket.
[    5.704539] systemd[1]: Listening on udev Control Socket.
[    5.705350] systemd[1]: Listening on udev Kernel Socket.
[    5.713687] systemd[1]: Mounting Huge Pages File System...
[    5.723021] systemd[1]: Mounting POSIX Message Queue File System...
[    5.731323] systemd[1]: Mounting Kernel Debug File System...
[    5.741523] systemd[1]: Mounting Kernel Trace File System...
[    5.749508] systemd[1]: Starting Availability of block devices...
[    5.757455] systemd[1]: Starting Wait for network to be configured by ifupdown...
[    5.765842] systemd[1]: Starting Create list of static device nodes for the current kernel...
[    5.774937] systemd[1]: Starting Monitoring of LVM2 mirrors, snapshots etc. using dmeventd or progress polling...
[    5.783077] systemd[1]: Starting Load Kernel Module drm...
[    5.791019] systemd[1]: Starting nftables...
[    5.792568] systemd[1]: Condition check resulted in Set Up Additional Binary Formats being skipped.
[    5.792768] systemd[1]: Condition check resulted in File System Check on Root Device being skipped.
[    5.803634] systemd[1]: Starting Journal Service...
[    5.815169] systemd[1]: Starting Load Kernel Modules...
[    5.824420] systemd[1]: Starting Remount Root and Kernel File Systems...
[    5.832755] systemd[1]: Starting udev Coldplug all Devices...
[    5.842250] systemd[1]: Mounted Huge Pages File System.
[    5.843823] systemd[1]: Mounted POSIX Message Queue File System.
[    5.845233] systemd[1]: Mounted Kernel Debug File System.
[    5.846626] systemd[1]: Mounted Kernel Trace File System.
[    5.854631] systemd[1]: Finished Availability of block devices.
[    5.861120] systemd[1]: Finished Wait for network to be configured by ifupdown.
[    5.868810] systemd[1]: Finished Create list of static device nodes for the current kernel.
[    5.871837] systemd[1]: modprobe@drm.service: Succeeded.
[    5.877456] systemd[1]: Finished Load Kernel Module drm.
[    5.885630] systemd[1]: Finished Load Kernel Modules.
[    5.888639] EXT4-fs (vdiska2): re-mounted. Opts: errors=remount-ro
[    5.898216] systemd[1]: Condition check resulted in FUSE Control File System being skipped.
[    5.898569] systemd[1]: Condition check resulted in Kernel Configuration File System being skipped.
[    5.907570] systemd[1]: Starting Apply Kernel Variables...
[    5.909002] systemd[1]: Started Journal Service.
[    5.995633] systemd-journald[541]: Received client request to flush runtime journal.
[    6.374525] sha1_sparc64: Using sparc64 sha1 opcode optimized SHA-1 implementation
[    6.377783] n2rng v0.3 (Jan 7, 2017)
[    6.377872] n2rng f029b104: Registered RNG HVAPI major 2 minor 0
[    6.377952] n2rng f029b104: Found multi-unit-capable RNG, units: 2
[    6.378837] n2rng f029b104: RNG ready
[    6.445270] ------------[ cut here ]------------
[    6.445385] WARNING: CPU: 23 PID: 620 at drivers/block/pktcdvd.c:2597 pkt_setup_dev+0x2e4/0x5a0 [pktcdvd]
[    6.445470] Attempt to register a non-SCSI queue
[    6.445517] Modules linked in: sha256_sparc64(+) pktcdvd cdrom n2_rng rng_core sha1_sparc64 flash nf_tables nfnetlink ip_tables x_tables ipv6 crc_ccitt autofs4 ext4 crc16 mbcache jbd2 raid10 raid456 async_raid6_recov async_memcpy async_pq async_xor xor async_tx raid6_pq raid1 raid0 multipath linear md_mod crc32c_sparc64
[    6.445806] CPU: 23 PID: 620 Comm: pktsetup Not tainted 5.2.0-rc1-00185-g9bd836679210 #98
[    6.445876] Call Trace:
[    6.445910]  [0000000000468480] __warn+0xc0/0x100
[    6.445957]  [00000000004684f4] warn_slowpath_fmt+0x34/0x60
[    6.446011]  [00000000102fb264] pkt_setup_dev+0x2e4/0x5a0 [pktcdvd]
[    6.446070]  [00000000102fcd14] pkt_ctl_ioctl+0x94/0x240 [pktcdvd]
[    6.446128]  [00000000006aca10] do_vfs_ioctl+0x630/0x6e0
[    6.446178]  [00000000006acb08] ksys_ioctl+0x48/0x80
[    6.446225]  [00000000006acb54] sys_ioctl+0x14/0x40
[    6.446279]  [0000000000406294] linux_sparc_syscall+0x34/0x44
[    6.446328] irq event stamp: 3497
[    6.446375] hardirqs last  enabled at (3505): [<00000000004e0f24>] console_unlock+0x644/0x6e0
[    6.446455] hardirqs last disabled at (3512): [<00000000004e09e4>] console_unlock+0x104/0x6e0
[    6.446541] softirqs last  enabled at (852): [<0000000000b11388>] __do_softirq+0x4a8/0x520
[    6.446624] softirqs last disabled at (845): [<000000000042d014>] do_softirq_own_stack+0x34/0x60
[    6.446704] ---[ end trace 50b8f86e49be0a8a ]---
[    6.447874] pktcdvd: setup of pktcdvd device failed
[    6.503055] Adding 787176k swap on /dev/vdiska4.  Priority:-2 extents:1 across:787176k FS
[    6.507503] pktcdvd: setup of pktcdvd device failed
[    6.512090] pktcdvd: setup of pktcdvd device failed
[    6.516163] pktcdvd: setup of pktcdvd device failed
[    6.520213] pktcdvd: setup of pktcdvd device failed
[    6.524683] pktcdvd: setup of pktcdvd device failed
[    6.528850] pktcdvd: setup of pktcdvd device failed
[    6.533682] pktcdvd: setup of pktcdvd device failed
[    6.624317] sha256_sparc64: Using sparc64 sha256 opcode optimized SHA-256/SHA-224 implementation
[    6.626725] EXT4-fs (vdiska1): mounting ext3 file system using the ext4 subsystem
[    6.641907] EXT4-fs (vdiska1): mounted filesystem with ordered data mode. Opts: (null)
[    6.730275] XFS (dm-0): Mounting V5 Filesystem
[    6.748327] XFS (dm-0): Ending clean mount
[    6.754920] sha512_sparc64: Using sparc64 sha512 opcode optimized SHA-512/SHA-384 implementation
[    6.756287] md5_sparc64: Using sparc64 md5 opcode optimized MD5 implementation
[    6.870033] Kernel unaligned access at TPC[84e298] aa_dfa_unpack+0x38/0x5c0
[    6.870179] Kernel unaligned access at TPC[84e2b8] aa_dfa_unpack+0x58/0x5c0
[    6.870258] Kernel unaligned access at TPC[84e380] aa_dfa_unpack+0x120/0x5c0
[    6.870339] Kernel unaligned access at TPC[84e460] aa_dfa_unpack+0x200/0x5c0
[    6.870418] Kernel unaligned access at TPC[84e474] aa_dfa_unpack+0x214/0x5c0
[    6.871964] audit: type=1400 audit(1588081402.800:2): apparmor="STATUS" operation="profile_load" profile="unconfined" name="/usr/sbin/haveged" pid=709 comm="apparmor_parser"
[    6.872424] audit: type=1400 audit(1588081402.800:3): apparmor="STATUS" operation="profile_load" profile="unconfined" name="lsb_release" pid=714 comm="apparmor_parser"
[    6.874663] audit: type=1400 audit(1588081402.800:4): apparmor="STATUS" operation="profile_load" profile="unconfined" name="/usr/sbin/named" pid=713 comm="apparmor_parser"
[    6.877707] audit: type=1400 audit(1588081402.810:5): apparmor="STATUS" operation="profile_load" profile="unconfined" name="/usr/sbin/tcpdump" pid=712 comm="apparmor_parser"
[    6.878448] audit: type=1400 audit(1588081402.810:6): apparmor="STATUS" operation="profile_load" profile="unconfined" name="nvidia_modprobe" pid=710 comm="apparmor_parser"
[    6.878560] audit: type=1400 audit(1588081402.810:7): apparmor="STATUS" operation="profile_load" profile="unconfined" name="nvidia_modprobe//kmod" pid=710 comm="apparmor_parser"
[    6.894209] audit: type=1400 audit(1588081402.820:8): apparmor="STATUS" operation="profile_load" profile="unconfined" name="/usr/bin/man" pid=711 comm="apparmor_parser"
[    6.894324] audit: type=1400 audit(1588081402.820:9): apparmor="STATUS" operation="profile_load" profile="unconfined" name="man_filter" pid=711 comm="apparmor_parser"
[    6.894432] audit: type=1400 audit(1588081402.820:10): apparmor="STATUS" operation="profile_load" profile="unconfined" name="man_groff" pid=711 comm="apparmor_parser"
[    7.367397] random: crng init done
[    7.367439] random: 7 urandom warning(s) missed due to ratelimiting
