[    0.000021] PROMLIB: Sun IEEE Boot Prom 'OBP 4.38.12 2018/03/28 14:54'
[    0.000033] PROMLIB: Root node compatible: sun4v
[    0.000080] Linux version 5.2.0-10808-g9637d517347e (mator@ttip) (gcc version 8.3.0 (Debian 8.3.0-7)) #1078 SMP Tue Jul 16 10:27:46 MSK 2019
[    0.000385] printk: bootconsole [earlyprom0] enabled
[    0.000438] ARCH: SUN4V
[    0.000490] Ethernet address: 00:14:4f:fa:06:f2
[    0.000541] MM: PAGE_OFFSET is 0xfff8000000000000 (max_phys_bits == 47)
[    0.000607] MM: VMALLOC [0x0000000100000000 --> 0x0006000000000000]
[    0.000670] MM: VMEMMAP [0x0006000000000000 --> 0x000c000000000000]
[    0.016130] Kernel: Using 5 locked TLB entries for main kernel image.
[    0.016220] Remapping the kernel... 
[    0.016246] done.
[    0.052852] OF stdout device is: /virtual-devices@100/console@1
[    0.052935] PROM: Built device tree with 86230 bytes of memory.
[    0.053001] MDESC: Size is 36560 bytes.
[    0.053130] PLATFORM: banner-name [SPARC T5-2]
[    0.053182] PLATFORM: name [ORCL,SPARC-T5-2]
[    0.053227] PLATFORM: hostid [84fa06f2]
[    0.053271] PLATFORM: serial# [0035260e]
[    0.053314] PLATFORM: stick-frequency [3b9aca00]
[    0.053363] PLATFORM: mac-address [144ffa06f2]
[    0.053409] PLATFORM: watchdog-resolution [1000 ms]
[    0.053460] PLATFORM: watchdog-max-timeout [31536000000 ms]
[    0.053515] PLATFORM: max-cpus [1024]
[    0.053628] Top of RAM: 0x24af938000, Total RAM: 0x87f34e000
[    0.053690] Memory hole size: 115461MB
[    0.058477] Allocated 40960 bytes for kernel page tables.
[    0.058593] Zone ranges:
[    0.058636]   Normal   [mem 0x0000000030400000-0x00000024af937fff]
[    0.058702] Movable zone start for each node
[    0.058747] Early memory node ranges
[    0.058788]   node   0: [mem 0x0000000030400000-0x000000006fe7ffff]
[    0.058848]   node   0: [mem 0x000000006ff00000-0x000000006ff25fff]
[    0.058908]   node   0: [mem 0x0000000070000000-0x000000042fffffff]
[    0.058970]   node   0: [mem 0x0000002030000000-0x00000024af87ffff]
[    0.059030]   node   0: [mem 0x00000024af900000-0x00000024af91ffff]
[    0.059090]   node   0: [mem 0x00000024af930000-0x00000024af937fff]
[    0.066498] Zeroed struct page in unavailable ranges: 230133 pages
[    0.066506] Initmem setup node 0 [mem 0x0000000030400000-0x00000024af937fff]
[    0.066664] On node 0 totalpages: 4454823
[    0.066674]   Normal zone: 39154 pages used for memmap
[    0.066679]   Normal zone: 0 pages reserved
[    0.066685]   Normal zone: 4454823 pages, LIFO batch:31
[    0.265812] Booting Linux...
[    0.265898] CPU CAPS: [flush,stbar,swap,muldiv,v9,blkinit,n2,mul32]
[    0.265980] CPU CAPS: [div32,v8plus,popc,vis,vis2,ASIBlkInit,fmaf,vis3]
[    0.267076] CPU CAPS: [hpc,ima,pause,cbcond,aes,des,kasumi,camellia]
[    0.267167] CPU CAPS: [md5,sha1,sha256,sha512,mpmul,montmul,montsqr,crc32c]
[    0.327736] percpu: Embedded 27 pages/cpu s180680 r8192 d32312 u262144
[    0.327998] pcpu-alloc: s180680 r8192 d32312 u262144 alloc=1*4194304
[    0.328006] pcpu-alloc: [0] 000 001 002 003 004 005 006 007 008 009 010 011 012 013 014 015 
[    0.328032] pcpu-alloc: [0] 016 017 018 019 020 021 022 023 024 025 026 027 028 029 030 031 
[    0.328058] pcpu-alloc: [0] 032 033 034 035 036 037 038 039 040 041 042 043 044 045 046 047 
[    0.328084] pcpu-alloc: [0] 048 049 050 051 052 053 054 055 056 057 058 059 060 061 062 063 
[    0.328110] pcpu-alloc: [0] 064 065 066 067 068 069 070 071 072 073 074 075 076 077 078 079 
[    0.328136] pcpu-alloc: [0] 080 081 082 083 084 085 086 087 088 089 090 091 092 093 094 095 
[    0.328162] pcpu-alloc: [0] 096 097 098 099 100 101 102 103 104 105 106 107 108 109 110 111 
[    0.328188] pcpu-alloc: [0] 112 113 114 115 116 117 118 119 120 121 122 123 124 125 126 127 
[    0.328214] pcpu-alloc: [0] 128 129 130 131 132 133 134 135 136 137 138 139 140 141 142 143 
[    0.328240] pcpu-alloc: [0] 144 145 146 147 148 149 150 151 152 153 154 155 156 157 158 159 
[    0.328266] pcpu-alloc: [0] 160 161 162 163 164 165 166 167 168 169 170 171 172 173 174 175 
[    0.328292] pcpu-alloc: [0] 176 177 178 179 180 181 182 183 184 185 186 187 188 189 190 191 
[    0.328318] pcpu-alloc: [0] 192 193 194 195 196 197 198 199 200 201 202 203 204 205 206 207 
[    0.328344] pcpu-alloc: [0] 208 209 210 211 212 213 214 215 216 217 218 219 220 221 222 223 
[    0.328371] pcpu-alloc: [0] 224 225 226 227 228 229 230 231 232 233 234 235 236 237 238 239 
[    0.328397] pcpu-alloc: [0] 240 241 242 243 244 245 246 247 248 249 250 251 252 253 254 255 
[    0.328856] SUN4V: Mondo queue sizes [cpu(131072) dev(16384) r(8192) nr(256)]
[    0.329229] Built 1 zonelists, mobility grouping on.  Total pages: 4415669
[    0.329320] Kernel command line: root=/dev/vdiska2
[    0.331567] printk: log_buf_len individual max cpu contribution: 4096 bytes
[    0.331648] printk: log_buf_len total cpu_extra contributions: 1044480 bytes
[    0.331714] printk: log_buf_len min size: 131072 bytes
[    0.332096] printk: log_buf_len: 2097152 bytes
[    0.332148] printk: early log buf free: 125960(96%)
[    0.338767] Dentry cache hash table entries: 8388608 (order: 13, 67108864 bytes, linear)
[    0.342155] Inode-cache hash table entries: 4194304 (order: 12, 33554432 bytes, linear)
[    0.342246] Sorting __ex_table...
[    0.342500] mem auto-init: stack:off, heap alloc:off, heap free:off
[    0.421116] Memory: 35102176K/35638584K available (6871K kernel code, 972K rwdata, 2048K rodata, 1000K init, 6717K bss, 536408K reserved, 0K cma-reserved)
[    0.422206] kmemleak: Kernel memory leak detector disabled
[    0.422865] ftrace: allocating 19804 entries in 39 pages
[    0.436993] Running RCU self tests
[    0.437069] rcu: Hierarchical RCU implementation.
[    0.437120] rcu: 	RCU event tracing is enabled.
[    0.437172] rcu: 	RCU lockdep checking is enabled.
[    0.437221] 	Tasks RCU enabled.
[    0.438265] rcu: RCU calculated value of scheduler-enlistment delay is 11 jiffies.
[    0.445088] NR_IRQS: 2048, nr_irqs: 2048, preallocated irqs: 1
[    0.445213] SUN4V: Using IRQ API major 3, cookie only virqs enabled
[    0.449689] clocksource: stick: mask: 0xffffffffffffffff max_cycles: 0x1cd42e4dffb, max_idle_ns: 881590591483 ns
[    0.449823] clocksource: mult[800000] shift[23]
[    0.449873] clockevent: mult[80000000] shift[31]
[    0.454021] Console: colour dummy device 80x25
[    0.454110] printk: console [tty0] enabled
[    0.454190] printk: bootconsole [earlyprom0] disabled
[    0.454278] Lock dependency validator: Copyright (c) 2006 Red Hat, Inc., Ingo Molnar
[    0.454328] ... MAX_LOCKDEP_SUBCLASSES:  8
[    0.454358] ... MAX_LOCK_DEPTH:          48
[    0.454389] ... MAX_LOCKDEP_KEYS:        8192
[    0.454420] ... CLASSHASH_SIZE:          4096
[    0.454451] ... MAX_LOCKDEP_ENTRIES:     16384
[    0.454483] ... MAX_LOCKDEP_CHAINS:      32768
[    0.454515] ... CHAINHASH_SIZE:          16384
[    0.454546]  memory used by lock dependency info: 3855 kB
[    0.454583]  per task-struct memory footprint: 1920 bytes
[    0.454793] kmemleak: Early log buffer exceeded (5012), please increase DEBUG_KMEMLEAK_EARLY_LOG_SIZE
[    0.600579] Calibrating delay using timer specific routine.. 2017.50 BogoMIPS (lpj=10087540)
[    0.600649] pid_max: default: 262144 minimum: 2048
[    0.602364] Mount-cache hash table entries: 131072 (order: 7, 1048576 bytes, linear)
[    0.602532] Mountpoint-cache hash table entries: 131072 (order: 7, 1048576 bytes, linear)
[    0.604049] *** VALIDATE proc ***
[    0.604865] *** VALIDATE cgroup1 ***
[    0.604897] *** VALIDATE cgroup2 ***
[    0.607684] rcu: Hierarchical SRCU implementation.
[    0.630832] smp: Bringing up secondary CPUs ...
[    0.715145] smp: Brought up 1 node, 32 CPUs
[    0.722510] devtmpfs: initialized
[    0.728921] Performance events: 
[    0.728978] Testing NMI watchdog ... 
[    0.929102] OK.
[    0.929277] Supported PMU type is 'niagara5'
[    0.929607] random: get_random_u32 called from bucket_table_alloc.isra.4+0x184/0x1c0 with crng_init=0
[    0.930492] ldc.c:v1.1 (July 22, 2008)
[    0.933562] clocksource: jiffies: mask: 0xffffffff max_cycles: 0xffffffff, max_idle_ns: 19112604462750000 ns
[    0.933670] futex hash table entries: 65536 (order: 10, 8388608 bytes, linear)
[    0.943150] NET: Registered protocol family 16
[    0.953474] VIO: Adding device channel-devices (tx_ino = ffffffffffffffff, rx_ino = ffffffffffffffff)
[    0.953762] VIO: Adding device vnet-port-0-0 (tx_ino = 0, rx_ino = 1)
[    0.953984] VIO: Adding device vnet-port-0-1 (tx_ino = 2, rx_ino = 3)
[    0.954179] VIO: Adding device vnet-port-0-2 (tx_ino = 4, rx_ino = 5)
[    0.954375] VIO: Adding device vnet-port-0-3 (tx_ino = 6, rx_ino = 7)
[    0.954573] VIO: Adding device vnet-port-0-4 (tx_ino = 8, rx_ino = 9)
[    0.954774] VIO: Adding device vnet-port-0-5 (tx_ino = 16, rx_ino = 17)
[    0.954976] VIO: Adding device vdc-port-3-0 (tx_ino = a, rx_ino = b)
[    0.955173] VIO: Adding device vdc-port-2-0 (tx_ino = c, rx_ino = d)
[    0.955379] VIO: Adding device vdc-port-1-0 (tx_ino = e, rx_ino = f)
[    0.955572] VIO: Adding device vdc-port-0-0 (tx_ino = 10, rx_ino = 11)
[    0.955777] VIO: Adding device vlds-port-0-0 (tx_ino = 12, rx_ino = 13)
[    0.956000] VIO: Adding device domain-services-port-0 (tx_ino = 12, rx_ino = 13)
[    0.956443] audit: initializing netlink subsys (disabled)
[    0.956857] audit: type=2000 audit(0.500:1): state=initialized audit_enabled=0 res=1
[    1.005169] HugeTLB registered 64.0 KiB page size, pre-allocated 0 pages
[    1.005227] HugeTLB registered 8.00 MiB page size, pre-allocated 0 pages
[    1.005273] HugeTLB registered 256 MiB page size, pre-allocated 0 pages
[    1.005318] HugeTLB registered 2.00 GiB page size, pre-allocated 0 pages
[    1.054084] alg: No test for lzo-rle (lzo-rle-generic)
[    1.054653] alg: No test for lzo-rle (lzo-rle-scomp)
[    1.073631] SUN4V: Reboot data supported (maj=1,min=0).
[    1.074102] ds.c:v1.0 (Jul 11, 2007)
[    1.074541] ds-0: ds_conn_reset() from send_events.isra.3
[    1.075998] clocksource: Switched to clocksource stick
[    1.367684] VFS: Disk quotas dquot_6.6.0
[    1.368213] VFS: Dquot-cache hash table entries: 1024 (order 0, 8192 bytes)
[    1.368858] *** VALIDATE hugetlbfs ***
[    1.387579] NET: Registered protocol family 2
[    1.390059] tcp_listen_portaddr_hash hash table entries: 32768 (order: 8, 2359296 bytes, linear)
[    1.393458] TCP established hash table entries: 524288 (order: 9, 4194304 bytes, linear)
[    1.395534] TCP bind hash table entries: 65536 (order: 9, 4194304 bytes, linear)
[    1.401673] TCP: Hash tables configured (established 524288 bind 65536)
[    1.408179] UDP hash table entries: 32768 (order: 9, 5242880 bytes, linear)
[    1.415462] UDP-Lite hash table entries: 32768 (order: 9, 5242880 bytes, linear)
[    1.429251] NET: Registered protocol family 1
[    1.430329] Trying to unpack rootfs image as initramfs...
[    1.758576] Freeing initrd memory: 10416K
[    1.795887] workingset: timestamp_bits=46 max_order=23 bucket_order=0
[    1.801874] SGI XFS with ACLs, security attributes, debug enabled
[    1.833416] Block layer SCSI generic (bsg) driver version 0.4 loaded (major 252)
[    1.835327] io scheduler mq-deadline registered
[    1.837670] f029b788: ttyHV0 at I/O 0x0 (irq = 1, base_baud = 115200) is a SUN4V HCONS
[    1.844203] printk: console [ttyHV0] enabled
[    1.850256] sunvdc.c:v1.2 (November 24, 2014)
[    1.858183] sunvdc: Virtual CDROM vdiskd
[    1.858258] sunvdc: vdiskd: 403160 sectors (196 MB) protocol 1.2
[    1.859933]  vdiskd: vdiskd1 vdiskd2 vdiskd3 vdiskd4 vdiskd5 vdiskd6 vdiskd7
[    1.919381] sunvdc: Virtual Hard disk vdiskc
[    1.919438] sunvdc: vdiskc: 104857600 sectors (51200 MB) protocol 1.2
[    1.974086] sunvdc: Virtual Hard disk vdiskb
[    1.974142] sunvdc: vdiskb: 62914560 sectors (30720 MB) protocol 1.2
[    1.976121]  vdiskb: vdiskb1
[    2.030412] sunvdc: Virtual Hard disk vdiska
[    2.030469] sunvdc: vdiska: 31457280 sectors (15360 MB) protocol 1.2
[    2.031512]  vdiska: vdiska1 vdiska2 vdiska3 vdiska4
[    2.081078] sunvnet: sunvnet 2.0 (February 3, 2017)
[    2.084797] vnet_port vnet-port-0-0 eth0: Sun LDOM vnet 00:14:4f:f8:12:a3
[    2.085440] sunvnet: eth0: PORT ( remote-mac 00:14:4f:fa:f3:f0 switch-port )
[    2.086977] sunvnet: eth0: PORT ( remote-mac 00:14:4f:f8:e5:f3 )
[    2.088377] sunvnet: eth0: PORT ( remote-mac 00:14:4f:f9:b4:97 )
[    2.089826] sunvnet: eth0: PORT ( remote-mac 00:14:4f:f9:8b:83 )
[    2.091225] sunvnet: eth0: PORT ( remote-mac 00:14:4f:f8:3f:1e )
[    2.092645] sunvnet: eth0: PORT ( remote-mac 00:14:4f:f8:fe:47 )
[    2.094475] rtc-sun4v rtc-sun4v: registered as rtc0
[    2.095019] device-mapper: uevent: version 1.0.3
[    2.096403] device-mapper: ioctl: 4.40.0-ioctl (2019-01-18) initialised: dm-devel@redhat.com
[    2.098179] NET: Registered protocol family 17
[    2.109629] zswap: default zpool zbud not available
[    2.109719] zswap: pool creation failed
[    2.163468] Key type big_key registered
[    2.164435] rtc-sun4v rtc-sun4v: setting system clock to 2019-07-16T07:34:11 UTC (1563262451)
[    2.169004] This architecture does not have kernel memory protection.
[    2.169074] Run /init as init process
[    3.114348] crc32c_sparc64: Using sparc64 crc32c opcode optimized CRC32C implementation
[    3.525994] raid6: int64x8  gen()  1944 MB/s
[    3.695962] raid6: int64x8  xor()  1520 MB/s
[    3.865974] raid6: int64x4  gen()  3264 MB/s
[    4.035989] raid6: int64x4  xor()  1939 MB/s
[    4.205973] raid6: int64x2  gen()  2761 MB/s
[    4.375979] raid6: int64x2  xor()  1919 MB/s
[    4.545981] raid6: int64x1  gen()  2714 MB/s
[    4.715991] raid6: int64x1  xor()  1600 MB/s
[    4.716042] raid6: using algorithm int64x4 gen() 3264 MB/s
[    4.716083] raid6: .... xor() 1939 MB/s, rmw enabled
[    4.716120] raid6: using intx1 recovery algorithm
[    4.717230] async_tx: api initialized (async)
[    4.717998] xor: automatically using best checksumming function   Niagara   
[    4.852320] random: fast init done
[    4.932016] EXT4-fs (vdiska2): mounted filesystem with ordered data mode. Opts: (null)
[    5.181708] systemd[1]: Inserted module 'autofs4'
[    5.194266] NET: Registered protocol family 10
[    5.206999] Segment Routing with IPv6
[    5.237460] systemd[1]: systemd 241 running in system mode. (+PAM +AUDIT +SELINUX +IMA +APPARMOR +SMACK +SYSVINIT +UTMP +LIBCRYPTSETUP +GCRYPT +GNUTLS +ACL +XZ +LZ4 -SECCOMP +BLKID +ELFUTILS +KMOD -IDN2 +IDN +PCRE2 default-hierarchy=hybrid)
[    5.238114] systemd[1]: Detected architecture sparc64.
[    5.257714] systemd[1]: Set hostname to <ttip>.
[    5.263215] systemd[1]: Failed to bump fs.file-max, ignoring: Invalid argument
[    5.397973] random: lvmconfig: uninitialized urandom read (4 bytes read)
[    5.680773] systemd[1]: /lib/systemd/system/smbd.service:9: PIDFile= references path below legacy directory /var/run/, updating /var/run/samba/smbd.pid → /run/samba/smbd.pid; please update the unit file accordingly.
[    5.681509] systemd[1]: /lib/systemd/system/nmbd.service:9: PIDFile= references path below legacy directory /var/run/, updating /var/run/samba/nmbd.pid → /run/samba/nmbd.pid; please update the unit file accordingly.
[    5.722671] random: systemd: uninitialized urandom read (16 bytes read)
[    5.730294] random: systemd: uninitialized urandom read (16 bytes read)
[    5.731071] systemd[1]: Listening on initctl Compatibility Named Pipe.
[    5.733379] systemd[1]: Listening on Journal Socket.
[    5.758044] systemd[1]: Mounting Huge Pages File System...
[    5.771612] systemd[1]: Mounting POSIX Message Queue File System...
[    6.017875] EXT4-fs (vdiska2): re-mounted. Opts: errors=remount-ro
[    6.178231] systemd-journald[442]: Received request to flush runtime journal from PID 1
[    6.963769] sha1_sparc64: Using sparc64 sha1 opcode optimized SHA-1 implementation
[    6.964424] n2rng v0.3 (Jan 7, 2017)
[    6.964509] n2rng f029b104: Registered RNG HVAPI major 2 minor 0
[    6.964590] n2rng f029b104: Found multi-unit-capable RNG, units: 2
[    6.965641] n2rng f029b104: RNG ready
[    6.994455] sha256_sparc64: Using sparc64 sha256 opcode optimized SHA-256/SHA-224 implementation
[    7.022127] sha512_sparc64: Using sparc64 sha512 opcode optimized SHA-512/SHA-384 implementation
[    7.024326] md5_sparc64: Using sparc64 md5 opcode optimized MD5 implementation
[    7.042048] aes_sparc64: Using sparc64 aes opcodes optimized AES implementation
[    7.103710] des_sparc64: Using sparc64 des opcodes optimized DES implementation
[    7.162377] camellia_sparc64: Using sparc64 camellia opcodes optimized CAMELLIA implementation
[    8.394010] XFS (dm-0): Mounting V5 Filesystem
[    8.442540] XFS (dm-0): Ending clean mount
[   10.266108] Adding 787176k swap on /dev/vdiska4.  Priority:-2 extents:1 across:787176k FS
[   10.347513] EXT4-fs (vdiska1): mounting ext3 file system using the ext4 subsystem
[   10.365259] EXT4-fs (vdiska1): mounted filesystem with ordered data mode. Opts: (null)
[   11.103266] random: crng init done
[   11.103325] random: 7 urandom warning(s) missed due to ratelimiting
