[    0.000022] PROMLIB: Sun IEEE Boot Prom 'OBP 4.38.12 2018/03/28 14:54'
[    0.000034] PROMLIB: Root node compatible: sun4v
[    0.000087] Linux version 5.9.0-rc1-00034-g20934c0de13b (mator@ttip) (gcc (Debian 10.2.0-6) 10.2.0, GNU ld (GNU Binutils for Debian) 2.35) #53 SMP Wed Sep 9 17:40:00 MSK 2020
[    0.000428] printk: bootconsole [earlyprom0] enabled
[    0.000479] ARCH: SUN4V
[    0.000530] Ethernet address: 00:14:4f:fa:06:f2
[    0.000583] MM: PAGE_OFFSET is 0xfff8000000000000 (max_phys_bits == 47)
[    0.000648] MM: VMALLOC [0x0000000100000000 --> 0x0006000000000000]
[    0.000711] MM: VMEMMAP [0x0006000000000000 --> 0x000c000000000000]
[    0.012564] Kernel: Using 5 locked TLB entries for main kernel image.
[    0.012634] Remapping the kernel... 
[    0.012657] done.
[    0.045870] OF stdout device is: /virtual-devices@100/console@1
[    0.045935] PROM: Built device tree with 86758 bytes of memory.
[    0.045996] MDESC: Size is 36512 bytes.
[    0.046110] PLATFORM: banner-name [SPARC T5-2]
[    0.046162] PLATFORM: name [ORCL,SPARC-T5-2]
[    0.046208] PLATFORM: hostid [84fa06f2]
[    0.046252] PLATFORM: serial# [0035260e]
[    0.046295] PLATFORM: stick-frequency [3b9aca00]
[    0.046344] PLATFORM: mac-address [144ffa06f2]
[    0.046391] PLATFORM: watchdog-resolution [1000 ms]
[    0.046441] PLATFORM: watchdog-max-timeout [31536000000 ms]
[    0.046498] PLATFORM: max-cpus [1024]
[    0.051242] Allocated 40960 bytes for kernel page tables.
[    0.051332] Zone ranges:
[    0.051372]   Normal   [mem 0x0000000030400000-0x00000024af937fff]
[    0.051438] Movable zone start for each node
[    0.051483] Early memory node ranges
[    0.051524]   node   0: [mem 0x0000000030400000-0x000000006fe7ffff]
[    0.051587]   node   0: [mem 0x000000006ff00000-0x000000006ff25fff]
[    0.051646]   node   0: [mem 0x0000000070000000-0x000000042fffffff]
[    0.051707]   node   0: [mem 0x0000002030000000-0x00000024af87ffff]
[    0.051768]   node   0: [mem 0x00000024af900000-0x00000024af925fff]
[    0.051827]   node   0: [mem 0x00000024af930000-0x00000024af937fff]
[    0.065834] Zeroed struct page in unavailable ranges: 263766 pages
[    0.065843] Initmem setup node 0 [mem 0x0000000030400000-0x00000024af937fff]
[    0.066003] On node 0 totalpages: 4454826
[    0.066013]   Normal zone: 39154 pages used for memmap
[    0.066019]   Normal zone: 0 pages reserved
[    0.066025]   Normal zone: 4454826 pages, LIFO batch:31
[    0.225011] Booting Linux...
[    0.225099] CPU CAPS: [flush,stbar,swap,muldiv,v9,blkinit,n2,mul32]
[    0.225182] CPU CAPS: [div32,v8plus,popc,vis,vis2,ASIBlkInit,fmaf,vis3]
[    0.226261] CPU CAPS: [hpc,ima,pause,cbcond,aes,des,kasumi,camellia]
[    0.226335] CPU CAPS: [md5,sha1,sha256,sha512,mpmul,montmul,montsqr,crc32c]
[    0.256187] percpu: Embedded 28 pages/cpu s184784 r8192 d36400 u262144
[    0.256400] pcpu-alloc: s184784 r8192 d36400 u262144 alloc=1*4194304
[    0.256407] pcpu-alloc: [0] 000 001 002 003 004 005 006 007 008 009 010 011 012 013 014 015 
[    0.256437] pcpu-alloc: [0] 016 017 018 019 020 021 022 023 024 025 026 027 028 029 030 031 
[    0.256467] pcpu-alloc: [0] 032 033 034 035 036 037 038 039 040 041 042 043 044 045 046 047 
[    0.256497] pcpu-alloc: [0] 048 049 050 051 052 053 054 055 056 057 058 059 060 061 062 063 
[    0.256527] pcpu-alloc: [0] 064 065 066 067 068 069 070 071 072 073 074 075 076 077 078 079 
[    0.256556] pcpu-alloc: [0] 080 081 082 083 084 085 086 087 088 089 090 091 092 093 094 095 
[    0.256586] pcpu-alloc: [0] 096 097 098 099 100 101 102 103 104 105 106 107 108 109 110 111 
[    0.256616] pcpu-alloc: [0] 112 113 114 115 116 117 118 119 120 121 122 123 124 125 126 127 
[    0.257061] SUN4V: Mondo queue sizes [cpu(131072) dev(16384) r(8192) nr(256)]
[    0.257438] Built 1 zonelists, mobility grouping on.  Total pages: 4415672
[    0.257508] Policy zone: Normal
[    0.257565] Kernel command line: BOOT_IMAGE=/vmlinux-5.9.0-rc1-00034-g20934c0de13b root=/dev/vdiska2 ro zswap.enabled=1
[    0.260373] printk: log_buf_len individual max cpu contribution: 4096 bytes
[    0.260445] printk: log_buf_len total cpu_extra contributions: 520192 bytes
[    0.260512] printk: log_buf_len min size: 131072 bytes
[    0.260783] printk: log_buf_len: 1048576 bytes
[    0.260835] printk: early log buf free: 126688(96%)
[    0.267149] Dentry cache hash table entries: 8388608 (order: 13, 67108864 bytes, linear)
[    0.270384] Inode-cache hash table entries: 4194304 (order: 12, 33554432 bytes, linear)
[    0.270461] Sorting __ex_table...
[    0.270704] mem auto-init: stack:off, heap alloc:off, heap free:off
[    0.377396] Memory: 35127720K/35638608K available (8309K kernel code, 1102K rwdata, 2480K rodata, 680K init, 6856K bss, 510888K reserved, 0K cma-reserved)
[    0.378095] SLUB: HWalign=32, Order=0-3, MinObjects=0, CPUs=128, Nodes=32
[    0.378382] ftrace: allocating 23111 entries in 46 pages
[    0.387161] ftrace: allocated 46 pages with 4 groups
[    0.390118] Running RCU self tests
[    0.390527] rcu: Hierarchical RCU implementation.
[    0.390581] rcu: 	RCU event tracing is enabled.
[    0.390629] rcu: 	RCU lockdep checking is enabled.
[    0.390680] 	Trampoline variant of Tasks RCU enabled.
[    0.390732] 	Rude variant of Tasks RCU enabled.
[    0.390779] 	Tracing variant of Tasks RCU enabled.
[    0.390830] rcu: RCU calculated value of scheduler-enlistment delay is 10 jiffies.
[    0.395196] NR_IRQS: 2048, nr_irqs: 2048, preallocated irqs: 1
[    0.395274] SUN4V: Using IRQ API major 3, cookie only virqs enabled
[    0.397894] clocksource: stick: mask: 0xffffffffffffffff max_cycles: 0x1cd42e4dffb, max_idle_ns: 881590591483 ns
[    0.398029] clocksource: mult[800000] shift[23]
[    0.398081] clockevent: mult[80000000] shift[31]
[    0.398486] Console: colour dummy device 80x25
[    0.398551] printk: console [tty0] enabled
[    0.398633] printk: bootconsole [earlyprom0] disabled
[    0.398721] Lock dependency validator: Copyright (c) 2006 Red Hat, Inc., Ingo Molnar
[    0.398775] ... MAX_LOCKDEP_SUBCLASSES:  8
[    0.398809] ... MAX_LOCK_DEPTH:          48
[    0.398843] ... MAX_LOCKDEP_KEYS:        8192
[    0.398878] ... CLASSHASH_SIZE:          4096
[    0.398912] ... MAX_LOCKDEP_ENTRIES:     16384
[    0.398947] ... MAX_LOCKDEP_CHAINS:      32768
[    0.398983] ... CHAINHASH_SIZE:          16384
[    0.399018]  memory used by lock dependency info: 3919 kB
[    0.399058]  memory used for stack traces: 2112 kB
[    0.399095]  per task-struct memory footprint: 1920 bytes
[    0.548312] Calibrating delay using timer specific routine.. 2003.57 BogoMIPS (lpj=10017894)
[    0.548375] pid_max: default: 131072 minimum: 1024
[    0.548679] LSM: Security Framework initializing
[    0.548844] AppArmor: AppArmor initialized
[    0.549150] Mount-cache hash table entries: 131072 (order: 7, 1048576 bytes, linear)
[    0.549322] Mountpoint-cache hash table entries: 131072 (order: 7, 1048576 bytes, linear)
[    0.554888] rcu: Hierarchical SRCU implementation.
[    0.564289] smp: Bringing up secondary CPUs ...
[    0.613473] smp: Brought up 1 node, 32 CPUs
[    0.619552] devtmpfs: initialized
[    0.624813] Performance events: 
[    0.624846] Testing NMI watchdog ... 
[    0.824926] OK.
[    0.825093] Supported PMU type is 'niagara5'
[    0.825295] random: get_random_u32 called from bucket_table_alloc.isra.0+0x198/0x1c0 with crng_init=0
[    0.825890] ldc.c:v1.1 (July 22, 2008)
[    0.828726] clocksource: jiffies: mask: 0xffffffff max_cycles: 0xffffffff, max_idle_ns: 19112604462750000 ns
[    0.828825] futex hash table entries: 32768 (order: 9, 4194304 bytes, linear)
[    0.834354] NET: Registered protocol family 16
[    0.844131] VIO: Adding device channel-devices (tx_ino = ffffffffffffffff, rx_ino = ffffffffffffffff)
[    0.844365] VIO: Adding device vnet-port-0-0 (tx_ino = 0, rx_ino = 1)
[    0.844589] VIO: Adding device vnet-port-0-1 (tx_ino = 2, rx_ino = 3)
[    0.844779] VIO: Adding device vnet-port-0-2 (tx_ino = 4, rx_ino = 5)
[    0.844974] VIO: Adding device vnet-port-0-3 (tx_ino = 6, rx_ino = 7)
[    0.845209] VIO: Adding device vnet-port-0-4 (tx_ino = 8, rx_ino = 9)
[    0.845399] VIO: Adding device vnet-port-0-5 (tx_ino = a, rx_ino = b)
[    0.845594] VIO: Adding device vdc-port-2-0 (tx_ino = c, rx_ino = d)
[    0.845782] VIO: Adding device vdc-port-1-0 (tx_ino = e, rx_ino = f)
[    0.845970] VIO: Adding device vdc-port-0-0 (tx_ino = 10, rx_ino = 11)
[    0.846163] VIO: Adding device vdc-port-3-0 (tx_ino = 12, rx_ino = 13)
[    0.846353] VIO: Adding device vlds-port-0-0 (tx_ino = 14, rx_ino = 15)
[    0.846545] VIO: Adding device domain-services-port-0 (tx_ino = 14, rx_ino = 15)
[    0.846859] audit: initializing netlink subsys (disabled)
[    0.847151] audit: type=2000 audit(0.440:1): state=initialized audit_enabled=0 res=1
[    0.879733] HugeTLB registered 64.0 KiB page size, pre-allocated 0 pages
[    0.879787] HugeTLB registered 8.00 MiB page size, pre-allocated 0 pages
[    0.879838] HugeTLB registered 256 MiB page size, pre-allocated 0 pages
[    0.879889] HugeTLB registered 2.00 GiB page size, pre-allocated 0 pages
[    0.882429] alg: extra crypto tests enabled.  This is intended for developer use only.
[    0.911155] cryptd: max_cpu_qlen set to 1000
[    1.030823] vgaarb: loaded
[    1.032333] NetLabel: Initializing
[    1.032367] NetLabel:  domain hash size = 128
[    1.032404] NetLabel:  protocols = UNLABELED CIPSOv4 CALIPSO
[    1.032534] NetLabel:  unlabeled traffic allowed by default
[    1.033591] SUN4V: Reboot data supported (maj=1,min=0).
[    1.034008] ds.c:v1.0 (Jul 11, 2007)
[    1.034376] ds-0: ds_conn_reset() from send_events
[    1.035873] clocksource: Switched to clocksource stick
[    1.261843] VFS: Disk quotas dquot_6.6.0
[    1.261992] VFS: Dquot-cache hash table entries: 1024 (order 0, 8192 bytes)
[    1.264396] AppArmor: AppArmor Filesystem Enabled
[    1.278887] NET: Registered protocol family 2
[    1.280406] tcp_listen_portaddr_hash hash table entries: 32768 (order: 8, 2621440 bytes, linear)
[    1.283324] TCP established hash table entries: 524288 (order: 9, 4194304 bytes, linear)
[    1.285845] TCP bind hash table entries: 65536 (order: 9, 4718592 bytes, linear)
[    1.291432] TCP: Hash tables configured (established 524288 bind 65536)
[    1.294074] UDP hash table entries: 32768 (order: 9, 5242880 bytes, linear)
[    1.300358] UDP-Lite hash table entries: 32768 (order: 9, 5242880 bytes, linear)
[    1.308813] NET: Registered protocol family 1
[    1.308880] NET: Registered protocol family 44
[    1.308942] PCI: CLS 0 bytes, default 64
[    1.309475] Trying to unpack rootfs image as initramfs...
[    1.521946] Freeing initrd memory: 14672K
[    1.522715] aes_sparc64: Using sparc64 aes opcodes optimized AES implementation
[    2.227079] des_sparc64: Using sparc64 des opcodes optimized DES implementation
[    3.249782] camellia_sparc64: Using sparc64 camellia opcodes optimized CAMELLIA implementation
[    3.708334] workingset: timestamp_bits=41 max_order=23 bucket_order=0
[    3.730410] zbud: loaded
[    3.734470] SGI XFS with ACLs, security attributes, quota, fatal assert, debug enabled
[    3.764664] Block layer SCSI generic (bsg) driver version 0.4 loaded (major 252)
[    3.765680] io scheduler mq-deadline registered
[    3.771578] f029b788: ttyHV0 at I/O 0x0 (irq = 1, base_baud = 115200) is a SUN4V HCONS
[    3.772625] printk: console [ttyHV0] enabled
[    3.777603] sunvdc.c:v1.2 (November 24, 2014)
[    3.781130] sunvdc: Virtual Hard disk vdiskc
[    3.781175] sunvdc: vdiskc: 104857600 sectors (51200 MB) protocol 1.2
[    3.806048] sunvdc: Virtual Hard disk vdiskb
[    3.806096] sunvdc: vdiskb: 62914560 sectors (30720 MB) protocol 1.2
[    3.807887]  vdiskb: vdiskb1
[    3.830931] sunvdc: Virtual Hard disk vdiska
[    3.830975] sunvdc: vdiska: 31457280 sectors (15360 MB) protocol 1.2
[    3.832333]  vdiska: vdiska1 vdiska2 vdiska3 vdiska4
[    3.856618] sunvdc: Virtual CDROM vdiskd
[    3.856666] sunvdc: vdiskd: 453848 sectors (221 MB) protocol 1.2
[    3.857982]  vdiskd: vdiskd1 vdiskd2 vdiskd3 vdiskd4 vdiskd5 vdiskd6 vdiskd7
[    3.879913] sunvnet: sunvnet 2.0 (February 3, 2017)
[    3.882652] vnet_port vnet-port-0-0 eth0: Sun LDOM vnet 00:14:4f:f8:12:a3
[    3.882884] sunvnet: eth0: PORT ( remote-mac 00:14:4f:fa:f3:f0 switch-port )
[    3.883567] sunvnet: eth0: PORT ( remote-mac 00:14:4f:f8:e5:f3 )
[    3.884231] sunvnet: eth0: PORT ( remote-mac 00:14:4f:f9:b4:97 )
[    3.884902] sunvnet: eth0: PORT ( remote-mac 00:14:4f:f8:3f:1e )
[    3.885568] sunvnet: eth0: PORT ( remote-mac 00:14:4f:f8:fe:47 )
[    3.886292] sunvnet: eth0: PORT ( remote-mac 00:14:4f:fb:b5:00 )
[    3.887905] rtc-sun4v rtc-sun4v: registered as rtc0
[    3.888046] rtc-sun4v rtc-sun4v: setting system clock to 2020-09-09T14:54:41 UTC (1599663281)
[    3.888648] sun4v_wdt: initialized (timeout=60s, nowayout=0)
[    3.889042] device-mapper: uevent: version 1.0.3
[    3.890089] device-mapper: ioctl: 4.42.0-ioctl (2020-02-27) initialised: dm-devel@redhat.com
[    3.891143] NET: Registered protocol family 17
[    3.891550] registered taskstats version 1
[    3.892462] zswap: loaded using pool lzo/zbud
[    3.894122] AppArmor: AppArmor sha1 policy hashing enabled
[    3.899893] This architecture does not have kernel memory protection.
[    3.899956] Run /init as init process
[    3.899992]   with arguments:
[    3.899999]     /init
[    3.900006]   with environment:
[    3.900013]     HOME=/
[    3.900020]     TERM=linux
[    3.900028]     BOOT_IMAGE=/vmlinux-5.9.0-rc1-00034-g20934c0de13b
[    4.432429] crc32c_sparc64: Using sparc64 crc32c opcode optimized CRC32C implementation
[    4.441587] random: lvm: uninitialized urandom read (4 bytes read)
[    4.498921] random: lvm: uninitialized urandom read (2 bytes read)
[    5.375830] raid6: int64x8  gen()  2155 MB/s
[    5.545812] raid6: int64x8  xor()  1519 MB/s
[    5.715822] raid6: int64x4  gen()  3389 MB/s
[    5.885811] raid6: int64x4  xor()  1460 MB/s
[    6.055821] raid6: int64x2  gen()  2915 MB/s
[    6.225818] raid6: int64x2  xor()  1002 MB/s
[    6.395835] raid6: int64x1  gen()  1428 MB/s
[    6.565837] raid6: int64x1  xor()   711 MB/s
[    6.565885] raid6: using algorithm int64x4 gen() 3389 MB/s
[    6.565931] raid6: .... xor() 1460 MB/s, rmw enabled
[    6.565973] raid6: using intx1 recovery algorithm
[    6.566875] async_tx: api initialized (async)
[    6.567419] xor: automatically using best checksumming function   Niagara   
[    6.685730] random: fast init done
[    6.878054] EXT4-fs (vdiska2): mounted filesystem with ordered data mode. Opts: (null)
[    7.129011] systemd[1]: Inserted module 'autofs4'
[    7.142708] NET: Registered protocol family 10
[    7.150405] Segment Routing with IPv6
[    7.170640] systemd[1]: systemd 246.4-1 running in system mode. (+PAM +AUDIT +SELINUX +IMA +APPARMOR +SMACK +SYSVINIT +UTMP +LIBCRYPTSETUP +GCRYPT +GNUTLS +ACL +XZ +LZ4 +ZSTD -SECCOMP +BLKID +ELFUTILS +KMOD +IDN2 -IDN +PCRE2 default-hierarchy=hybrid)
[    7.171347] systemd[1]: Detected architecture sparc64.
[    7.255524] systemd[1]: Set hostname to <ttip>.
[    7.378203] random: lvmconfig: uninitialized urandom read (4 bytes read)
[    7.732989] systemd[1]: Queued start job for default target Multi-User System.
[    7.733836] random: systemd: uninitialized urandom read (16 bytes read)
[    7.781305] systemd[1]: Created slice system-getty.slice.
[    7.782100] random: systemd: uninitialized urandom read (16 bytes read)
[    7.792961] systemd[1]: Created slice system-modprobe.slice.
[    7.804113] systemd[1]: Created slice system-openvpn\x2dclient.slice.
[    7.848296] systemd[1]: Created slice system-postfix.slice.
[    7.859895] systemd[1]: Created slice system-systemd\x2dfsck.slice.
[    7.871318] systemd[1]: Created slice User and Session Slice.
[    7.872354] systemd[1]: Started Dispatch Password Requests to Console Directory Watch.
[    7.873234] systemd[1]: Started Forward Password Requests to Wall Directory Watch.
[    7.876403] systemd[1]: Set up automount Arbitrary Executable File Formats File System Automount Point.
[    7.877036] systemd[1]: Reached target Local Encrypted Volumes.
[    7.877615] systemd[1]: Reached target Paths.
[    7.878147] systemd[1]: Reached target Slices.
[    7.879161] systemd[1]: Listening on Device-mapper event daemon FIFOs.
[    7.880303] systemd[1]: Listening on LVM2 poll daemon socket.
[    7.928567] systemd[1]: Listening on RPCbind Server Activation Socket.
[    7.931171] systemd[1]: Listening on Syslog Socket.
[    7.932347] systemd[1]: Listening on fsck to fsckd communication Socket.
[    7.933246] systemd[1]: Listening on initctl Compatibility Named Pipe.
[    7.934563] systemd[1]: Listening on Journal Audit Socket.
[    7.935670] systemd[1]: Listening on Journal Socket (/dev/log).
[    7.936999] systemd[1]: Listening on Journal Socket.
[    7.938317] systemd[1]: Listening on udev Control Socket.
[    7.939343] systemd[1]: Listening on udev Kernel Socket.
[    7.955879] systemd[1]: Mounting Huge Pages File System...
[    7.973105] systemd[1]: Mounting POSIX Message Queue File System...
[    8.055052] systemd[1]: Mounting RPC Pipe File System...
[    8.072517] systemd[1]: Mounting Kernel Debug File System...
[    8.090524] systemd[1]: Mounting Kernel Trace File System...
[    8.091524] systemd[1]: Condition check resulted in Kernel Module supporting RPCSEC_GSS being skipped.
[    8.092955] systemd[1]: Finished Availability of block devices.
[    8.110199] systemd[1]: Starting Wait for network to be configured by ifupdown...
[    8.119797] RPC: Registered named UNIX socket transport module.
[    8.119872] RPC: Registered udp transport module.
[    8.119916] RPC: Registered tcp transport module.
[    8.119960] RPC: Registered tcp NFSv4.1 backchannel transport module.
[    8.128245] systemd[1]: Starting Create list of static device nodes for the current kernel...
[    8.145456] systemd[1]: Starting Monitoring of LVM2 mirrors, snapshots etc. using dmeventd or progress polling...
[    8.162326] systemd[1]: Starting Load Kernel Module drm...
[    8.179060] systemd[1]: Starting nftables...
[    8.181189] systemd[1]: Condition check resulted in Set Up Additional Binary Formats being skipped.
[    8.181423] systemd[1]: Condition check resulted in File System Check on Root Device being skipped.
[    8.203569] systemd[1]: Starting Journal Service...
[    8.221788] systemd[1]: Starting Load Kernel Modules...
[    8.241157] systemd[1]: Starting Remount Root and Kernel File Systems...
[    8.263063] systemd[1]: Starting Coldplug All udev Devices...
[    8.278428] systemd[1]: Mounted Huge Pages File System.
[    8.280283] systemd[1]: Mounted POSIX Message Queue File System.
[    8.281950] systemd[1]: Mounted RPC Pipe File System.
[    8.283605] systemd[1]: Mounted Kernel Debug File System.
[    8.285282] systemd[1]: Mounted Kernel Trace File System.
[    8.294800] systemd[1]: Finished Wait for network to be configured by ifupdown.
[    8.303526] systemd[1]: Finished Create list of static device nodes for the current kernel.
[    8.308273] systemd[1]: modprobe@drm.service: Succeeded.
[    8.311291] EXT4-fs (vdiska2): re-mounted. Opts: errors=remount-ro
[    8.313949] systemd[1]: Finished Load Kernel Module drm.
[    8.319939] systemd[1]: Started Journal Service.
[    9.004208] sha1_sparc64: Using sparc64 sha1 opcode optimized SHA-1 implementation
[    9.006077] n2rng v0.3 (Jan 7, 2017)
[    9.006169] n2rng f029b104: Registered RNG HVAPI major 2 minor 0
[    9.006249] n2rng f029b104: Found multi-unit-capable RNG, units: 2
[    9.007180] n2rng f029b104: RNG ready
[    9.046177] pktcdvd: setup of pktcdvd device failed
[    9.104416] pktcdvd: setup of pktcdvd device failed
[    9.110795] pktcdvd: setup of pktcdvd device failed
[    9.115035] pktcdvd: setup of pktcdvd device failed
[    9.119693] pktcdvd: setup of pktcdvd device failed
[    9.123906] pktcdvd: setup of pktcdvd device failed
[    9.127887] pktcdvd: setup of pktcdvd device failed
[    9.131683] pktcdvd: setup of pktcdvd device failed
[    9.307150] Adding 787176k swap on /dev/vdiska4.  Priority:-2 extents:1 across:787176k FS
[    9.392493] EXT4-fs (vdiska1): mounting ext3 file system using the ext4 subsystem
[    9.409256] EXT4-fs (vdiska1): mounted filesystem with ordered data mode. Opts: (null)
[    9.409483] ext3 filesystem being mounted at /boot supports timestamps until 2038 (0x7fffffff)
[    9.432910] XFS (dm-0): Mounting V5 Filesystem
[    9.450390] XFS (dm-0): Ending clean mount
[    9.454831] xfs filesystem being mounted at /1 supports timestamps until 2038 (0x7fffffff)
[    9.594063] sha256_sparc64: Using sparc64 sha256 opcode optimized SHA-256/SHA-224 implementation
[    9.598736] Kernel unaligned access at TPC[8d3ebc] aa_dfa_unpack+0x3c/0x640
[    9.598945] Kernel unaligned access at TPC[8d3ed0] aa_dfa_unpack+0x50/0x640
[    9.599058] Kernel unaligned access at TPC[8d3f94] aa_dfa_unpack+0x114/0x640
[    9.599172] Kernel unaligned access at TPC[8d4064] aa_dfa_unpack+0x1e4/0x640
[    9.599308] Kernel unaligned access at TPC[8d4078] aa_dfa_unpack+0x1f8/0x640
[    9.603409] audit: type=1400 audit(1599663287.200:2): apparmor="STATUS" operation="profile_load" profile="unconfined" name="/usr/sbin/haveged" pid=657 comm="apparmor_parser"
[    9.610055] audit: type=1400 audit(1599663287.210:3): apparmor="STATUS" operation="profile_load" profile="unconfined" name="lsb_release" pid=664 comm="apparmor_parser"
[    9.612874] audit: type=1400 audit(1599663287.210:4): apparmor="STATUS" operation="profile_load" profile="unconfined" name="named" pid=663 comm="apparmor_parser"
[    9.616266] audit: type=1400 audit(1599663287.220:5): apparmor="STATUS" operation="profile_load" profile="unconfined" name="nvidia_modprobe" pid=659 comm="apparmor_parser"
[    9.616470] audit: type=1400 audit(1599663287.220:6): apparmor="STATUS" operation="profile_load" profile="unconfined" name="nvidia_modprobe//kmod" pid=659 comm="apparmor_parser"
[    9.620811] audit: type=1400 audit(1599663287.220:7): apparmor="STATUS" operation="profile_load" profile="unconfined" name="tcpdump" pid=662 comm="apparmor_parser"
[    9.632236] audit: type=1400 audit(1599663287.230:8): apparmor="STATUS" operation="profile_load" profile="unconfined" name="/usr/bin/man" pid=660 comm="apparmor_parser"
[    9.632397] audit: type=1400 audit(1599663287.230:9): apparmor="STATUS" operation="profile_load" profile="unconfined" name="man_filter" pid=660 comm="apparmor_parser"
[    9.632549] audit: type=1400 audit(1599663287.230:10): apparmor="STATUS" operation="profile_load" profile="unconfined" name="man_groff" pid=660 comm="apparmor_parser"
[   10.043132] sha512_sparc64: Using sparc64 sha512 opcode optimized SHA-512/SHA-384 implementation
[   10.045584] md5_sparc64: Using sparc64 md5 opcode optimized MD5 implementation
[   10.255271] random: crng init done
[   10.255331] random: 5 urandom warning(s) missed due to ratelimiting
