[    0.000018] PROMLIB: Sun IEEE Boot Prom 'OBP 4.38.12 2018/03/28 14:54'
[    0.000032] PROMLIB: Root node compatible: sun4v
[    0.000081] Linux version 5.6.0-rc5-01846-g2efefb56f926 (mator@ttip) (gcc version 9.3.0 (Debian 9.3.0-8)) #39 SMP Wed Apr 1 20:57:15 MSK 2020
[    0.000395] printk: bootconsole [earlyprom0] enabled
[    0.000447] ARCH: SUN4V
[    0.000497] Ethernet address: 00:14:4f:fa:06:f2
[    0.000549] MM: PAGE_OFFSET is 0xfff8000000000000 (max_phys_bits == 47)
[    0.000616] MM: VMALLOC [0x0000000100000000 --> 0x0006000000000000]
[    0.000677] MM: VMEMMAP [0x0006000000000000 --> 0x000c000000000000]
[    0.012712] Kernel: Using 5 locked TLB entries for main kernel image.
[    0.012787] Remapping the kernel... 
[    0.012814] done.
[    0.045901] OF stdout device is: /virtual-devices@100/console@1
[    0.045978] PROM: Built device tree with 86758 bytes of memory.
[    0.046045] MDESC: Size is 36512 bytes.
[    0.046172] PLATFORM: banner-name [SPARC T5-2]
[    0.046222] PLATFORM: name [ORCL,SPARC-T5-2]
[    0.046271] PLATFORM: hostid [84fa06f2]
[    0.046314] PLATFORM: serial# [0035260e]
[    0.046358] PLATFORM: stick-frequency [3b9aca00]
[    0.046406] PLATFORM: mac-address [144ffa06f2]
[    0.046456] PLATFORM: watchdog-resolution [1000 ms]
[    0.046506] PLATFORM: watchdog-max-timeout [31536000000 ms]
[    0.046562] PLATFORM: max-cpus [1024]
[    0.046665] Top of RAM: 0x24af938000, Total RAM: 0x87f354000
[    0.046728] Memory hole size: 115461MB
[    0.051317] Allocated 40960 bytes for kernel page tables.
[    0.051404] Zone ranges:
[    0.051444]   Normal   [mem 0x0000000030400000-0x00000024af937fff]
[    0.051508] Movable zone start for each node
[    0.051554] Early memory node ranges
[    0.051596]   node   0: [mem 0x0000000030400000-0x000000006fe7ffff]
[    0.051659]   node   0: [mem 0x000000006ff00000-0x000000006ff25fff]
[    0.051718]   node   0: [mem 0x0000000070000000-0x000000042fffffff]
[    0.051783]   node   0: [mem 0x0000002030000000-0x00000024af87ffff]
[    0.051845]   node   0: [mem 0x00000024af900000-0x00000024af925fff]
[    0.051904]   node   0: [mem 0x00000024af930000-0x00000024af937fff]
[    0.063647] Zeroed struct page in unavailable ranges: 263766 pages
[    0.063656] Initmem setup node 0 [mem 0x0000000030400000-0x00000024af937fff]
[    0.063817] On node 0 totalpages: 4454826
[    0.063826]   Normal zone: 39154 pages used for memmap
[    0.063832]   Normal zone: 0 pages reserved
[    0.063838]   Normal zone: 4454826 pages, LIFO batch:31
[    0.075026] Booting Linux...
[    0.075110] CPU CAPS: [flush,stbar,swap,muldiv,v9,blkinit,n2,mul32]
[    0.075194] CPU CAPS: [div32,v8plus,popc,vis,vis2,ASIBlkInit,fmaf,vis3]
[    0.076276] CPU CAPS: [hpc,ima,pause,cbcond,aes,des,kasumi,camellia]
[    0.076350] CPU CAPS: [md5,sha1,sha256,sha512,mpmul,montmul,montsqr,crc32c]
[    0.105999] percpu: Embedded 27 pages/cpu s182344 r8192 d30648 u262144
[    0.106213] pcpu-alloc: s182344 r8192 d30648 u262144 alloc=1*4194304
[    0.106220] pcpu-alloc: [0] 000 001 002 003 004 005 006 007 008 009 010 011 012 013 014 015 
[    0.106247] pcpu-alloc: [0] 016 017 018 019 020 021 022 023 024 025 026 027 028 029 030 031 
[    0.106274] pcpu-alloc: [0] 032 033 034 035 036 037 038 039 040 041 042 043 044 045 046 047 
[    0.106301] pcpu-alloc: [0] 048 049 050 051 052 053 054 055 056 057 058 059 060 061 062 063 
[    0.106328] pcpu-alloc: [0] 064 065 066 067 068 069 070 071 072 073 074 075 076 077 078 079 
[    0.106355] pcpu-alloc: [0] 080 081 082 083 084 085 086 087 088 089 090 091 092 093 094 095 
[    0.106382] pcpu-alloc: [0] 096 097 098 099 100 101 102 103 104 105 106 107 108 109 110 111 
[    0.106409] pcpu-alloc: [0] 112 113 114 115 116 117 118 119 120 121 122 123 124 125 126 127 
[    0.106884] SUN4V: Mondo queue sizes [cpu(131072) dev(16384) r(8192) nr(256)]
[    0.107264] Built 1 zonelists, mobility grouping on.  Total pages: 4415672
[    0.107354] Kernel command line: BOOT_IMAGE=/vmlinux-5.6.0-rc5-01846-g2efefb56f926 root=/dev/vdiska2 ro zswap.enabled=1
[    0.109795] printk: log_buf_len individual max cpu contribution: 4096 bytes
[    0.109866] printk: log_buf_len total cpu_extra contributions: 520192 bytes
[    0.109934] printk: log_buf_len min size: 131072 bytes
[    0.110206] printk: log_buf_len: 1048576 bytes
[    0.110258] printk: early log buf free: 126648(96%)
[    0.116574] Dentry cache hash table entries: 8388608 (order: 13, 67108864 bytes, linear)
[    0.119808] Inode-cache hash table entries: 4194304 (order: 12, 33554432 bytes, linear)
[    0.119883] Sorting __ex_table...
[    0.120142] mem auto-init: stack:off, heap alloc:off, heap free:off
[    0.178190] Memory: 1305232K/35638608K available (7714K kernel code, 1044K rwdata, 2288K rodata, 640K init, 6747K bss, 508992K reserved, 0K cma-reserved)
[    0.178863] SLUB: HWalign=32, Order=0-3, MinObjects=0, CPUs=128, Nodes=1
[    0.179166] ftrace: allocating 21594 entries in 43 pages
[    0.187391] ftrace: allocated 43 pages with 4 groups
[    0.190203] Running RCU self tests
[    0.190274] rcu: Hierarchical RCU implementation.
[    0.190326] rcu: 	RCU event tracing is enabled.
[    0.190373] rcu: 	RCU lockdep checking is enabled.
[    0.190425] 	Tasks RCU enabled.
[    0.190461] rcu: RCU calculated value of scheduler-enlistment delay is 10 jiffies.
[    0.194810] NR_IRQS: 2048, nr_irqs: 2048, preallocated irqs: 1
[    0.194888] SUN4V: Using IRQ API major 3, cookie only virqs enabled
[    0.197314] clocksource: stick: mask: 0xffffffffffffffff max_cycles: 0x1cd42e4dffb, max_idle_ns: 881590591483 ns
[    0.197447] clocksource: mult[800000] shift[23]
[    0.197496] clockevent: mult[80000000] shift[31]
[    0.198028] Console: colour dummy device 80x25
[    0.198091] printk: console [tty0] enabled
[    0.198167] printk: bootconsole [earlyprom0] disabled
[    0.198250] Lock dependency validator: Copyright (c) 2006 Red Hat, Inc., Ingo Molnar
[    0.198298] ... MAX_LOCKDEP_SUBCLASSES:  8
[    0.198328] ... MAX_LOCK_DEPTH:          48
[    0.198358] ... MAX_LOCKDEP_KEYS:        8192
[    0.198389] ... CLASSHASH_SIZE:          4096
[    0.198419] ... MAX_LOCKDEP_ENTRIES:     16384
[    0.198450] ... MAX_LOCKDEP_CHAINS:      32768
[    0.198481] ... CHAINHASH_SIZE:          16384
[    0.198512]  memory used by lock dependency info: 3855 kB
[    0.198547]  memory used for stack traces: 2112 kB
[    0.198580]  per task-struct memory footprint: 1920 bytes
[    0.347784] Calibrating delay using timer specific routine.. 2005.77 BogoMIPS (lpj=10028863)
[    0.347853] pid_max: default: 131072 minimum: 1024
[    0.348142] LSM: Security Framework initializing
[    0.348292] AppArmor: AppArmor initialized
[    0.348564] Mount-cache hash table entries: 131072 (order: 7, 1048576 bytes, linear)
[    0.348729] Mountpoint-cache hash table entries: 131072 (order: 7, 1048576 bytes, linear)
[    0.348857] *** VALIDATE tmpfs ***
[    0.349735] *** VALIDATE proc ***
[    0.350243] *** VALIDATE cgroup ***
[    0.350275] *** VALIDATE cgroup2 ***
[    0.352374] rcu: Hierarchical SRCU implementation.
[    0.360312] smp: Bringing up secondary CPUs ...
[    0.404063] smp: Brought up 1 node, 32 CPUs
[    0.592749] node 0 initialised, 4228048 pages in 190ms
[    0.594064] devtmpfs: initialized
[    0.598684] Performance events: 
[    0.598731] Testing NMI watchdog ... 
[    0.798814] OK.
[    0.798947] Supported PMU type is 'niagara5'
[    0.799144] random: get_random_u32 called from bucket_table_alloc.isra.0+0x188/0x1c0 with crng_init=0
[    0.799800] ldc.c:v1.1 (July 22, 2008)
[    0.802248] clocksource: jiffies: mask: 0xffffffff max_cycles: 0xffffffff, max_idle_ns: 19112604462750000 ns
[    0.802336] futex hash table entries: 32768 (order: 9, 4194304 bytes, linear)
[    0.807426] NET: Registered protocol family 16
[    0.815798] VIO: Adding device channel-devices (tx_ino = ffffffffffffffff, rx_ino = ffffffffffffffff)
[    0.816002] VIO: Adding device vnet-port-0-0 (tx_ino = 0, rx_ino = 1)
[    0.816200] VIO: Adding device vnet-port-0-1 (tx_ino = 2, rx_ino = 3)
[    0.816370] VIO: Adding device vnet-port-0-2 (tx_ino = 4, rx_ino = 5)
[    0.816534] VIO: Adding device vnet-port-0-3 (tx_ino = 6, rx_ino = 7)
[    0.816698] VIO: Adding device vnet-port-0-4 (tx_ino = 8, rx_ino = 9)
[    0.816866] VIO: Adding device vnet-port-0-5 (tx_ino = a, rx_ino = b)
[    0.817029] VIO: Adding device vdc-port-2-0 (tx_ino = c, rx_ino = d)
[    0.817191] VIO: Adding device vdc-port-1-0 (tx_ino = e, rx_ino = f)
[    0.817359] VIO: Adding device vdc-port-0-0 (tx_ino = 10, rx_ino = 11)
[    0.817523] VIO: Adding device vdc-port-3-0 (tx_ino = 12, rx_ino = 13)
[    0.817686] VIO: Adding device vlds-port-0-0 (tx_ino = 14, rx_ino = 15)
[    0.817858] VIO: Adding device domain-services-port-0 (tx_ino = 14, rx_ino = 15)
[    0.818131] audit: initializing netlink subsys (disabled)
[    0.818405] audit: type=2000 audit(0.420:1): state=initialized audit_enabled=0 res=1
[    0.843587] HugeTLB registered 64.0 KiB page size, pre-allocated 0 pages
[    0.843640] HugeTLB registered 8.00 MiB page size, pre-allocated 0 pages
[    0.843685] HugeTLB registered 256 MiB page size, pre-allocated 0 pages
[    0.843730] HugeTLB registered 2.00 GiB page size, pre-allocated 0 pages
[    0.845321] alg: extra crypto tests enabled.  This is intended for developer use only.
[    0.870745] cryptd: max_cpu_qlen set to 1000
[    0.977924] NetLabel: Initializing
[    0.977962] NetLabel:  domain hash size = 128
[    0.977995] NetLabel:  protocols = UNLABELED CIPSOv4 CALIPSO
[    0.978120] NetLabel:  unlabeled traffic allowed by default
[    0.979086] SUN4V: Reboot data supported (maj=1,min=0).
[    0.979557] ds.c:v1.0 (Jul 11, 2007)
[    0.979910] ds-0: ds_conn_reset() from send_events.isra.0
[    0.980397] clocksource: Switched to clocksource stick
[    1.178332] *** VALIDATE bpf ***
[    1.179576] VFS: Disk quotas dquot_6.6.0
[    1.179702] VFS: Dquot-cache hash table entries: 1024 (order 0, 8192 bytes)
[    1.179919] *** VALIDATE ramfs ***
[    1.179970] *** VALIDATE hugetlbfs ***
[    1.181584] AppArmor: AppArmor Filesystem Enabled
[    1.193903] NET: Registered protocol family 2
[    1.195592] tcp_listen_portaddr_hash hash table entries: 32768 (order: 8, 2359296 bytes, linear)
[    1.198490] TCP established hash table entries: 524288 (order: 9, 4194304 bytes, linear)
[    1.200527] TCP bind hash table entries: 65536 (order: 9, 4194304 bytes, linear)
[    1.206599] TCP: Hash tables configured (established 524288 bind 65536)
[    1.209001] UDP hash table entries: 32768 (order: 9, 5242880 bytes, linear)
[    1.215266] UDP-Lite hash table entries: 32768 (order: 9, 5242880 bytes, linear)
[    1.223186] NET: Registered protocol family 1
[    1.223250] NET: Registered protocol family 44
[    1.223890] Trying to unpack rootfs image as initramfs...
[    1.416150] Freeing initrd memory: 14800K
[    1.416987] aes_sparc64: Using sparc64 aes opcodes optimized AES implementation
[    1.694830] des_sparc64: Using sparc64 des opcodes optimized DES implementation
[    2.223608] camellia_sparc64: Using sparc64 camellia opcodes optimized CAMELLIA implementation
[    2.420863] workingset: timestamp_bits=46 max_order=23 bucket_order=0
[    2.439361] zbud: loaded
[    2.441586] SGI XFS with ACLs, security attributes, quota, fatal assert, debug enabled
[    2.447577] *** VALIDATE xfs ***
[    2.462326] Block layer SCSI generic (bsg) driver version 0.4 loaded (major 252)
[    2.463209] io scheduler mq-deadline registered
[    2.465930] f029b788: ttyHV0 at I/O 0x0 (irq = 1, base_baud = 115200) is a SUN4V HCONS
[    2.466907] printk: console [ttyHV0] enabled
[    2.470529] sunvdc.c:v1.2 (November 24, 2014)
[    2.472302] sunvdc: Virtual Hard disk vdiskc
[    2.472342] sunvdc: vdiskc: 104857600 sectors (51200 MB) protocol 1.2
[    2.492316] sunvdc: Virtual Hard disk vdiskb
[    2.492366] sunvdc: vdiskb: 62914560 sectors (30720 MB) protocol 1.2
[    2.493871]  vdiskb: vdiskb1
[    2.512387] sunvdc: Virtual Hard disk vdiska
[    2.512435] sunvdc: vdiska: 31457280 sectors (15360 MB) protocol 1.2
[    2.513416]  vdiska: vdiska1 vdiska2 vdiska3 vdiska4
[    2.532612] sunvdc: Virtual CDROM vdiskd
[    2.532664] sunvdc: vdiskd: 453848 sectors (221 MB) protocol 1.2
[    2.533655]  vdiskd: vdiskd1 vdiskd2 vdiskd3 vdiskd4 vdiskd5 vdiskd6 vdiskd7
[    2.552196] sunvnet: sunvnet 2.0 (February 3, 2017)
[    2.554373] vnet_port vnet-port-0-0 eth0: Sun LDOM vnet 00:14:4f:f8:12:a3
[    2.554595] sunvnet: eth0: PORT ( remote-mac 00:14:4f:fa:f3:f0 switch-port )
[    2.554956] sunvnet: eth0: PORT ( remote-mac 00:14:4f:f8:e5:f3 )
[    2.555319] sunvnet: eth0: PORT ( remote-mac 00:14:4f:f9:b4:97 )
[    2.555668] sunvnet: eth0: PORT ( remote-mac 00:14:4f:f8:3f:1e )
[    2.556002] sunvnet: eth0: PORT ( remote-mac 00:14:4f:f8:fe:47 )
[    2.556341] sunvnet: eth0: PORT ( remote-mac 00:14:4f:f9:8b:83 )
[    2.557563] rtc-sun4v rtc-sun4v: registered as rtc0
[    2.558109] sun4v_wdt: initialized (timeout=60s, nowayout=0)
[    2.558361] device-mapper: uevent: version 1.0.3
[    2.559089] device-mapper: ioctl: 4.42.0-ioctl (2020-02-27) initialised: dm-devel@redhat.com
[    2.559990] NET: Registered protocol family 17
[    2.560642] registered taskstats version 1
[    2.561466] zswap: loaded using pool lzo/zbud
[    2.893603] Key type big_key registered
[    2.893673] AppArmor: AppArmor sha1 policy hashing enabled
[    2.894443] rtc-sun4v rtc-sun4v: setting system clock to 2020-04-01T18:01:21 UTC (1585764081)
[    2.898865] This architecture does not have kernel memory protection.
[    2.898913] Run /init as init process
[    2.898944]   with arguments:
[    2.898951]     /init
[    2.898957]   with environment:
[    2.898964]     HOME=/
[    2.898970]     TERM=linux
[    2.898976]     BOOT_IMAGE=/vmlinux-5.6.0-rc5-01846-g2efefb56f926
[    3.378923] crc32c_sparc64: Using sparc64 crc32c opcode optimized CRC32C implementation
[    3.438944] random: fast init done
[    4.020363] raid6: int64x8  gen()  2146 MB/s
[    4.190346] raid6: int64x8  xor()  1531 MB/s
[    4.360355] raid6: int64x4  gen()  3414 MB/s
[    4.530354] raid6: int64x4  xor()  1478 MB/s
[    4.700361] raid6: int64x2  gen()  2782 MB/s
[    4.870353] raid6: int64x2  xor()  1168 MB/s
[    5.040377] raid6: int64x1  gen()  1382 MB/s
[    5.210370] raid6: int64x1  xor()   669 MB/s
[    5.210429] raid6: using algorithm int64x4 gen() 3414 MB/s
[    5.210476] raid6: .... xor() 1478 MB/s, rmw enabled
[    5.210513] raid6: using intx1 recovery algorithm
[    5.211519] async_tx: api initialized (async)
[    5.212116] xor: automatically using best checksumming function   Niagara   
[    5.305691] process '/usr/bin/fstype' started with executable stack
[    5.418973] EXT4-fs (vdiska2): mounted filesystem with ordered data mode. Opts: (null)
[    7.186719] systemd[1]: Inserted module 'autofs4'
[    7.218638] NET: Registered protocol family 10
[    7.224899] Segment Routing with IPv6
[    7.289851] systemd[1]: systemd 245.2-1 running in system mode. (+PAM +AUDIT +SELINUX +IMA +APPARMOR +SMACK +SYSVINIT +UTMP +LIBCRYPTSETUP +GCRYPT +GNUTLS +ACL +XZ +LZ4 -SECCOMP +BLKID +ELFUTILS +KMOD +IDN2 -IDN +PCRE2 default-hierarchy=hybrid)
[    7.290542] systemd[1]: Detected architecture sparc64.
[    7.393996] systemd[1]: Set hostname to <ttip>.
[    9.092716] random: lvmconfig: uninitialized urandom read (4 bytes read)
[   10.027688] systemd[1]: /lib/systemd/system/dbus.socket:5: ListenStream= references a path below legacy directory /var/run/, updating /var/run/dbus/system_bus_socket â†’ /run/dbus/system_bus_socket; please update the unit file accordingly.
[   10.399628] random: systemd: uninitialized urandom read (16 bytes read)
[   10.410297] systemd[1]: Created slice system-getty.slice.
[   10.411126] random: systemd: uninitialized urandom read (16 bytes read)
[   10.414559] systemd[1]: Created slice system-modprobe.slice.
[   10.414980] random: systemd: uninitialized urandom read (16 bytes read)
[   10.418432] systemd[1]: Created slice system-openvpn\x2dclient.slice.
[   10.423598] systemd[1]: Created slice system-postfix.slice.
[   10.427588] systemd[1]: Created slice system-systemd\x2dfsck.slice.
[   10.431379] systemd[1]: Created slice User and Session Slice.
[   10.432271] systemd[1]: Started Dispatch Password Requests to Console Directory Watch.
[   10.433078] systemd[1]: Started Forward Password Requests to Wall Directory Watch.
[   10.435195] systemd[1]: Set up automount Arbitrary Executable File Formats File System Automount Point.
[   10.435741] systemd[1]: Reached target Local Encrypted Volumes.
[   10.436220] systemd[1]: Reached target Paths.
[   10.436656] systemd[1]: Reached target Remote File Systems.
[   10.437098] systemd[1]: Reached target Slices.
[   10.437993] systemd[1]: Listening on Device-mapper event daemon FIFOs.
[   10.439065] systemd[1]: Listening on LVM2 poll daemon socket.
[   10.467970] systemd[1]: Listening on Syslog Socket.
[   10.468962] systemd[1]: Listening on fsck to fsckd communication Socket.
[   10.469726] systemd[1]: Listening on initctl Compatibility Named Pipe.
[   10.471835] systemd[1]: Listening on Journal Audit Socket.
[   10.472800] systemd[1]: Listening on Journal Socket (/dev/log).
[   10.473940] systemd[1]: Listening on Journal Socket.
[   10.474998] systemd[1]: Listening on udev Control Socket.
[   10.475808] systemd[1]: Listening on udev Kernel Socket.
[   10.484609] systemd[1]: Mounting Huge Pages File System...
[   10.493397] systemd[1]: Mounting POSIX Message Queue File System...
[   10.501980] systemd[1]: Mounting Kernel Debug File System...
[   10.512633] systemd[1]: Mounting Kernel Trace File System...
[   10.522271] systemd[1]: Starting Availability of block devices...
[   10.531841] systemd[1]: Starting Wait for network to be configured by ifupdown...
[   10.540693] systemd[1]: Starting Create list of static device nodes for the current kernel...
[   10.548752] systemd[1]: Starting Monitoring of LVM2 mirrors, snapshots etc. using dmeventd or progress polling...
[   10.557225] systemd[1]: Starting Load Kernel Module drm...
[   10.566858] systemd[1]: Starting nftables...
[   10.586211] systemd[1]: Condition check resulted in Set Up Additional Binary Formats being skipped.
[   10.586466] systemd[1]: Condition check resulted in File System Check on Root Device being skipped.
[   10.597867] systemd[1]: Starting Journal Service...
[   10.612772] systemd[1]: Starting Load Kernel Modules...
[   10.621921] systemd[1]: Starting Remount Root and Kernel File Systems...
[   10.631792] systemd[1]: Starting udev Coldplug all Devices...
[   10.640957] systemd[1]: Mounted Huge Pages File System.
[   10.642613] systemd[1]: Mounted POSIX Message Queue File System.
[   10.644020] systemd[1]: Mounted Kernel Debug File System.
[   10.645420] systemd[1]: Mounted Kernel Trace File System.
[   10.653742] systemd[1]: Finished Availability of block devices.
[   10.660119] systemd[1]: Finished Wait for network to be configured by ifupdown.
[   10.666200] systemd[1]: Finished Create list of static device nodes for the current kernel.
[   10.669122] systemd[1]: modprobe@drm.service: Succeeded.
[   10.673976] systemd[1]: Finished Load Kernel Module drm.
[   10.682502] systemd[1]: Finished Load Kernel Modules.
[   10.689584] systemd[1]: Condition check resulted in FUSE Control File System being skipped.
[   10.690002] systemd[1]: Condition check resulted in Kernel Configuration File System being skipped.
[   10.694122] EXT4-fs (vdiska2): re-mounted. Opts: errors=remount-ro
[   10.699546] systemd[1]: Starting Apply Kernel Variables...
[   10.724954] systemd[1]: Finished Remount Root and Kernel File Systems.
[   10.777063] systemd[1]: Starting Initial Check File System Quotas...
[   10.808037] systemd[1]: Condition check resulted in Rebuild Hardware Database being skipped.
[   10.819851] systemd[1]: Starting Load/Save Random Seed...
[   10.828839] systemd[1]: Starting Create System Users...
[   10.830587] systemd[1]: Started Journal Service.
[   10.929796] systemd-journald[550]: Received client request to flush runtime journal.
[   12.379333] sha1_sparc64: Using sparc64 sha1 opcode optimized SHA-1 implementation
[   12.448860] n2rng v0.3 (Jan 7, 2017)
[   12.448970] n2rng f029b104: Registered RNG HVAPI major 2 minor 0
[   12.449050] n2rng f029b104: Found multi-unit-capable RNG, units: 2
[   12.450784] n2rng f029b104: RNG ready
[   12.561776] pktcdvd: setup of pktcdvd device failed
[   12.598365] sha256_sparc64: Using sparc64 sha256 opcode optimized SHA-256/SHA-224 implementation
[   12.603458] pktcdvd: setup of pktcdvd device failed
[   12.607477] pktcdvd: setup of pktcdvd device failed
[   12.611043] pktcdvd: setup of pktcdvd device failed
[   12.614764] pktcdvd: setup of pktcdvd device failed
[   12.618472] pktcdvd: setup of pktcdvd device failed
[   12.621981] pktcdvd: setup of pktcdvd device failed
[   12.624893] pktcdvd: setup of pktcdvd device failed
[   12.787293] sha512_sparc64: Using sparc64 sha512 opcode optimized SHA-512/SHA-384 implementation
[   12.807253] md5_sparc64: Using sparc64 md5 opcode optimized MD5 implementation
[   12.930931] Adding 787176k swap on /dev/vdiska4.  Priority:-2 extents:1 across:787176k FS
[   13.035707] XFS (dm-0): Mounting V5 Filesystem
[   13.439419] XFS (dm-0): Ending clean mount
[   13.441940] xfs filesystem being mounted at /1 supports timestamps until 2038 (0x7fffffff)
[   13.461089] EXT4-fs (vdiska1): mounting ext3 file system using the ext4 subsystem
[   13.695314] EXT4-fs (vdiska1): mounted filesystem with ordered data mode. Opts: (null)
[   13.695503] ext3 filesystem being mounted at /boot supports timestamps until 2038 (0x7fffffff)
[   14.786485] Kernel unaligned access at TPC[892ab8] aa_dfa_unpack+0x38/0x5a0
[   14.786621] Kernel unaligned access at TPC[892ad8] aa_dfa_unpack+0x58/0x5a0
[   14.786698] Kernel unaligned access at TPC[892b94] aa_dfa_unpack+0x114/0x5a0
[   14.786778] Kernel unaligned access at TPC[892c74] aa_dfa_unpack+0x1f4/0x5a0
[   14.786856] Kernel unaligned access at TPC[892c88] aa_dfa_unpack+0x208/0x5a0
[   14.788321] audit: type=1400 audit(1585764093.380:2): apparmor="STATUS" operation="profile_load" profile="unconfined" name="/usr/sbin/haveged" pid=749 comm="apparmor_parser"
[   14.788890] audit: type=1400 audit(1585764093.380:3): apparmor="STATUS" operation="profile_load" profile="unconfined" name="lsb_release" pid=754 comm="apparmor_parser"
[   14.796417] audit: type=1400 audit(1585764093.390:4): apparmor="STATUS" operation="profile_load" profile="unconfined" name="nvidia_modprobe" pid=750 comm="apparmor_parser"
[   14.796558] audit: type=1400 audit(1585764093.390:5): apparmor="STATUS" operation="profile_load" profile="unconfined" name="nvidia_modprobe//kmod" pid=750 comm="apparmor_parser"
[   14.842327] audit: type=1400 audit(1585764093.440:6): apparmor="STATUS" operation="profile_load" profile="unconfined" name="/usr/bin/man" pid=751 comm="apparmor_parser"
[   14.842447] audit: type=1400 audit(1585764093.440:7): apparmor="STATUS" operation="profile_load" profile="unconfined" name="man_filter" pid=751 comm="apparmor_parser"
[   14.842559] audit: type=1400 audit(1585764093.440:8): apparmor="STATUS" operation="profile_load" profile="unconfined" name="man_groff" pid=751 comm="apparmor_parser"
[   14.903465] audit: type=1400 audit(1585764093.500:9): apparmor="STATUS" operation="profile_load" profile="unconfined" name="/usr/sbin/named" pid=753 comm="apparmor_parser"
[   14.908070] audit: type=1400 audit(1585764093.500:10): apparmor="STATUS" operation="profile_load" profile="unconfined" name="/usr/sbin/tcpdump" pid=752 comm="apparmor_parser"
[   14.930808] random: crng init done
[   14.930944] random: 6 urandom warning(s) missed due to ratelimiting
