[    0.000017] PROMLIB: Sun IEEE Boot Prom 'OBP 4.38.12 2018/03/28 14:54'
[    0.000030] PROMLIB: Root node compatible: sun4v
[    0.000077] Linux version 5.4.0-03800-g2be7d348fe92 (mator@ttip.nvglabs.local) (gcc version 9.2.1 20191109 (Debian 9.2.1-19)) #1305 SMP Wed Nov 27 01:08:06 MSK 2019
[    0.000402] printk: bootconsole [earlyprom0] enabled
[    0.000454] ARCH: SUN4V
[    0.000504] Ethernet address: 00:14:4f:fa:06:f2
[    0.000558] MM: PAGE_OFFSET is 0xfff8000000000000 (max_phys_bits == 47)
[    0.000623] MM: VMALLOC [0x0000000100000000 --> 0x0006000000000000]
[    0.000686] MM: VMEMMAP [0x0006000000000000 --> 0x000c000000000000]
[    0.012546] Kernel: Using 5 locked TLB entries for main kernel image.
[    0.012619] Remapping the kernel... 
[    0.012645] done.
[    0.046507] OF stdout device is: /virtual-devices@100/console@1
[    0.046586] PROM: Built device tree with 87467 bytes of memory.
[    0.046652] MDESC: Size is 36960 bytes.
[    0.046777] PLATFORM: banner-name [SPARC T5-2]
[    0.046827] PLATFORM: name [ORCL,SPARC-T5-2]
[    0.046874] PLATFORM: hostid [84fa06f2]
[    0.046917] PLATFORM: serial# [0035260e]
[    0.046961] PLATFORM: stick-frequency [3b9aca00]
[    0.047009] PLATFORM: mac-address [144ffa06f2]
[    0.047056] PLATFORM: watchdog-resolution [1000 ms]
[    0.047106] PLATFORM: watchdog-max-timeout [31536000000 ms]
[    0.047162] PLATFORM: max-cpus [1024]
[    0.047270] Top of RAM: 0x24af938000, Total RAM: 0x87f354000
[    0.047333] Memory hole size: 115461MB
[    0.051998] Allocated 40960 bytes for kernel page tables.
[    0.052090] Zone ranges:
[    0.052131]   Normal   [mem 0x0000000030400000-0x00000024af937fff]
[    0.052196] Movable zone start for each node
[    0.052242] Early memory node ranges
[    0.052284]   node   0: [mem 0x0000000030400000-0x000000006fe7ffff]
[    0.052348]   node   0: [mem 0x000000006ff00000-0x000000006ff25fff]
[    0.052410]   node   0: [mem 0x0000000070000000-0x000000042fffffff]
[    0.052474]   node   0: [mem 0x0000002030000000-0x00000024af87ffff]
[    0.052539]   node   0: [mem 0x00000024af900000-0x00000024af925fff]
[    0.052600]   node   0: [mem 0x00000024af930000-0x00000024af937fff]
[    0.059983] Zeroed struct page in unavailable ranges: 230130 pages
[    0.059991] Initmem setup node 0 [mem 0x0000000030400000-0x00000024af937fff]
[    0.060150] On node 0 totalpages: 4454826
[    0.060159]   Normal zone: 39154 pages used for memmap
[    0.060165]   Normal zone: 0 pages reserved
[    0.060170]   Normal zone: 4454826 pages, LIFO batch:31
[    0.071012] Booting Linux...
[    0.071097] CPU CAPS: [flush,stbar,swap,muldiv,v9,blkinit,n2,mul32]
[    0.071179] CPU CAPS: [div32,v8plus,popc,vis,vis2,ASIBlkInit,fmaf,vis3]
[    0.071257] CPU CAPS: [hpc,ima,pause,cbcond,aes,des,kasumi,camellia]
[    0.071332] CPU CAPS: [md5,sha1,sha256,sha512,mpmul,montmul,montsqr,crc32c]
[    0.101303] percpu: Embedded 27 pages/cpu s181896 r8192 d31096 u262144
[    0.101562] pcpu-alloc: s181896 r8192 d31096 u262144 alloc=1*4194304
[    0.101570] pcpu-alloc: [0] 000 001 002 003 004 005 006 007 008 009 010 011 012 013 014 015 
[    0.101596] pcpu-alloc: [0] 016 017 018 019 020 021 022 023 024 025 026 027 028 029 030 031 
[    0.101623] pcpu-alloc: [0] 032 033 034 035 036 037 038 039 040 041 042 043 044 045 046 047 
[    0.101650] pcpu-alloc: [0] 048 049 050 051 052 053 054 055 056 057 058 059 060 061 062 063 
[    0.101677] pcpu-alloc: [0] 064 065 066 067 068 069 070 071 072 073 074 075 076 077 078 079 
[    0.101704] pcpu-alloc: [0] 080 081 082 083 084 085 086 087 088 089 090 091 092 093 094 095 
[    0.101730] pcpu-alloc: [0] 096 097 098 099 100 101 102 103 104 105 106 107 108 109 110 111 
[    0.101757] pcpu-alloc: [0] 112 113 114 115 116 117 118 119 120 121 122 123 124 125 126 127 
[    0.102283] SUN4V: Mondo queue sizes [cpu(131072) dev(16384) r(8192) nr(256)]
[    0.102649] Built 1 zonelists, mobility grouping on.  Total pages: 4415672
[    0.102738] Kernel command line: BOOT_IMAGE=/vmlinux-5.4.0-03800-g2be7d348fe92 root=/dev/vdiska2 ro zswap.enabled=1
[    0.105127] printk: log_buf_len individual max cpu contribution: 4096 bytes
[    0.105198] printk: log_buf_len total cpu_extra contributions: 520192 bytes
[    0.105265] printk: log_buf_len min size: 131072 bytes
[    0.105539] printk: log_buf_len: 1048576 bytes
[    0.105590] printk: early log buf free: 126640(96%)
[    0.111918] Dentry cache hash table entries: 8388608 (order: 13, 67108864 bytes, linear)
[    0.115189] Inode-cache hash table entries: 4194304 (order: 12, 33554432 bytes, linear)
[    0.115276] Sorting __ex_table...
[    0.115538] mem auto-init: stack:off, heap alloc:off, heap free:off
[    0.174019] Memory: 1305232K/35638608K available (7464K kernel code, 961K rwdata, 2208K rodata, 712K init, 6740K bss, 504344K reserved, 0K cma-reserved)
[    0.174703] SLUB: HWalign=32, Order=0-3, MinObjects=0, CPUs=128, Nodes=1
[    0.174997] ftrace: allocating 21290 entries in 42 pages
[    0.186089] Running RCU self tests
[    0.186155] rcu: Hierarchical RCU implementation.
[    0.186206] rcu: 	RCU event tracing is enabled.
[    0.186257] rcu: 	RCU lockdep checking is enabled.
[    0.186306] 	Tasks RCU enabled.
[    0.186344] rcu: RCU calculated value of scheduler-enlistment delay is 10 jiffies.
[    0.190546] NR_IRQS: 2048, nr_irqs: 2048, preallocated irqs: 1
[    0.190633] SUN4V: Using IRQ API major 3, cookie only virqs enabled
[    0.193083] clocksource: stick: mask: 0xffffffffffffffff max_cycles: 0x1cd42e4dffb, max_idle_ns: 881590591483 ns
[    0.193215] clocksource: mult[800000] shift[23]
[    0.193263] clockevent: mult[80000000] shift[31]
[    0.193793] Console: colour dummy device 80x25
[    0.193856] printk: console [tty0] enabled
[    0.193932] printk: bootconsole [earlyprom0] disabled
[    0.194016] Lock dependency validator: Copyright (c) 2006 Red Hat, Inc., Ingo Molnar
[    0.194064] ... MAX_LOCKDEP_SUBCLASSES:  8
[    0.194093] ... MAX_LOCK_DEPTH:          48
[    0.194123] ... MAX_LOCKDEP_KEYS:        8192
[    0.194153] ... CLASSHASH_SIZE:          4096
[    0.194183] ... MAX_LOCKDEP_ENTRIES:     16384
[    0.194214] ... MAX_LOCKDEP_CHAINS:      32768
[    0.194244] ... CHAINHASH_SIZE:          16384
[    0.194275]  memory used by lock dependency info: 3855 kB
[    0.194310]  memory used for stack traces: 2112 kB
[    0.194342]  per task-struct memory footprint: 1920 bytes
[    0.343787] Calibrating delay using timer specific routine.. 2012.35 BogoMIPS (lpj=10061760)
[    0.343856] pid_max: default: 131072 minimum: 1024
[    0.344146] LSM: Security Framework initializing
[    0.344393] AppArmor: AppArmor initialized
[    0.344665] Mount-cache hash table entries: 131072 (order: 7, 1048576 bytes, linear)
[    0.344829] Mountpoint-cache hash table entries: 131072 (order: 7, 1048576 bytes, linear)
[    0.344960] *** VALIDATE tmpfs ***
[    0.345830] *** VALIDATE proc ***
[    0.346330] *** VALIDATE cgroup1 ***
[    0.346363] *** VALIDATE cgroup2 ***
[    0.348467] rcu: Hierarchical SRCU implementation.
[    0.356463] smp: Bringing up secondary CPUs ...
[    0.399840] smp: Brought up 1 node, 32 CPUs
[    0.588701] node 0 initialised, 4228629 pages in 190ms
[    0.589986] devtmpfs: initialized
[    0.594747] Performance events: 
[    0.594801] Testing NMI watchdog ... 
[    0.794890] OK.
[    0.795022] Supported PMU type is 'niagara5'
[    0.795222] random: get_random_u32 called from bucket_table_alloc.isra.0+0x188/0x1c0 with crng_init=0
[    0.795877] ldc.c:v1.1 (July 22, 2008)
[    0.798297] clocksource: jiffies: mask: 0xffffffff max_cycles: 0xffffffff, max_idle_ns: 19112604462750000 ns
[    0.798389] futex hash table entries: 32768 (order: 9, 4194304 bytes, linear)
[    0.803436] NET: Registered protocol family 16
[    0.811307] VIO: Adding device channel-devices (tx_ino = ffffffffffffffff, rx_ino = ffffffffffffffff)
[    0.811517] VIO: Adding device vnet-port-0-0 (tx_ino = 0, rx_ino = 1)
[    0.811713] VIO: Adding device vnet-port-0-1 (tx_ino = 2, rx_ino = 3)
[    0.811878] VIO: Adding device vnet-port-0-2 (tx_ino = 4, rx_ino = 5)
[    0.812047] VIO: Adding device vnet-port-0-4 (tx_ino = 8, rx_ino = 9)
[    0.812211] VIO: Adding device vnet-port-0-5 (tx_ino = a, rx_ino = b)
[    0.812375] VIO: Adding device vnet-port-0-6 (tx_ino = c, rx_ino = d)
[    0.812538] VIO: Adding device vdc-port-3-0 (tx_ino = e, rx_ino = f)
[    0.812707] VIO: Adding device vdc-port-2-0 (tx_ino = 10, rx_ino = 11)
[    0.812871] VIO: Adding device vdc-port-1-0 (tx_ino = 12, rx_ino = 13)
[    0.813034] VIO: Adding device vdc-port-0-0 (tx_ino = 14, rx_ino = 15)
[    0.813202] VIO: Adding device vdc-port-4-0 (tx_ino = 16, rx_ino = 17)
[    0.813367] VIO: Adding device vlds-port-0-0 (tx_ino = 18, rx_ino = 19)
[    0.813534] VIO: Adding device domain-services-port-0 (tx_ino = 18, rx_ino = 19)
[    0.813810] audit: initializing netlink subsys (disabled)
[    0.814090] audit: type=2000 audit(0.420:1): state=initialized audit_enabled=0 res=1
[    0.838567] HugeTLB registered 64.0 KiB page size, pre-allocated 0 pages
[    0.838616] HugeTLB registered 8.00 MiB page size, pre-allocated 0 pages
[    0.838662] HugeTLB registered 256 MiB page size, pre-allocated 0 pages
[    0.838707] HugeTLB registered 2.00 GiB page size, pre-allocated 0 pages
[    0.840356] alg: extra crypto tests enabled.  This is intended for developer use only.
[    0.866606] cryptd: max_cpu_qlen set to 1000
[    0.966004] NetLabel: Initializing
[    0.966043] NetLabel:  domain hash size = 128
[    0.966076] NetLabel:  protocols = UNLABELED CIPSOv4 CALIPSO
[    0.966211] NetLabel:  unlabeled traffic allowed by default
[    0.967174] SUN4V: Reboot data supported (maj=1,min=0).
[    0.967531] ds.c:v1.0 (Jul 11, 2007)
[    0.967874] ds-0: ds_conn_reset() from send_events.isra.0
[    0.968331] clocksource: Switched to clocksource stick
[    1.167011] *** VALIDATE bpf ***
[    1.168065] VFS: Disk quotas dquot_6.6.0
[    1.168195] VFS: Dquot-cache hash table entries: 1024 (order 0, 8192 bytes)
[    1.168451] *** VALIDATE ramfs ***
[    1.168501] *** VALIDATE hugetlbfs ***
[    1.170093] AppArmor: AppArmor Filesystem Enabled
[    1.183053] NET: Registered protocol family 2
[    1.184897] tcp_listen_portaddr_hash hash table entries: 32768 (order: 8, 2359296 bytes, linear)
[    1.187790] TCP established hash table entries: 524288 (order: 9, 4194304 bytes, linear)
[    1.189932] TCP bind hash table entries: 65536 (order: 9, 4194304 bytes, linear)
[    1.195436] TCP: Hash tables configured (established 524288 bind 65536)
[    1.197848] UDP hash table entries: 32768 (order: 9, 5242880 bytes, linear)
[    1.204409] UDP-Lite hash table entries: 32768 (order: 9, 5242880 bytes, linear)
[    1.212528] NET: Registered protocol family 1
[    1.212593] NET: Registered protocol family 44
[    1.213107] Trying to unpack rootfs image as initramfs...
[    1.498423] Freeing initrd memory: 10496K
[    1.499149] aes_sparc64: Using sparc64 aes opcodes optimized AES implementation
[    1.778670] des_sparc64: Using sparc64 des opcodes optimized DES implementation
[    2.282230] camellia_sparc64: Using sparc64 camellia opcodes optimized CAMELLIA implementation
[    2.471329] workingset: timestamp_bits=46 max_order=23 bucket_order=0
[    2.491773] SGI XFS with ACLs, security attributes, debug enabled
[    2.512609] Block layer SCSI generic (bsg) driver version 0.4 loaded (major 252)
[    2.513517] io scheduler mq-deadline registered
[    2.516250] f029b788: ttyHV0 at I/O 0x0 (irq = 1, base_baud = 115200) is a SUN4V HCONS
[    2.523176] printk: console [ttyHV0] enabled
[    2.526657] sunvdc.c:v1.2 (November 24, 2014)
[    2.528191] sunvdc: Virtual CDROM vdiskd
[    2.528234] sunvdc: vdiskd: 403160 sectors (196 MB) protocol 1.2
[    2.530152]  vdiskd: vdiskd1 vdiskd2 vdiskd3 vdiskd4 vdiskd5 vdiskd6 vdiskd7
[    2.550490] sunvdc: Virtual Hard disk vdiskc
[    2.550539] sunvdc: vdiskc: 104857600 sectors (51200 MB) protocol 1.2
[    2.570177] sunvdc: Virtual Hard disk vdiskb
[    2.570227] sunvdc: vdiskb: 62914560 sectors (30720 MB) protocol 1.2
[    2.571597]  vdiskb: vdiskb1
[    2.590076] sunvdc: Virtual Hard disk vdiska
[    2.590124] sunvdc: vdiska: 31457280 sectors (15360 MB) protocol 1.2
[    2.591816]  vdiska: vdiska1 vdiska2 vdiska3 vdiska4
[    2.611561] sunvdc: Virtual Hard disk vdiske
[    2.611610] sunvdc: vdiske: 20971520 sectors (10240 MB) protocol 1.2
[    2.614088]  vdiske: vdiske1 vdiske2 vdiske3
[    2.632302] sunvnet: sunvnet 2.0 (February 3, 2017)
[    2.634469] vnet_port vnet-port-0-0 eth0: Sun LDOM vnet 00:14:4f:f8:12:a3
[    2.634698] sunvnet: eth0: PORT ( remote-mac 00:14:4f:fa:f3:f0 switch-port )
[    2.635070] sunvnet: eth0: PORT ( remote-mac 00:14:4f:f8:e5:f3 )
[    2.635423] sunvnet: eth0: PORT ( remote-mac 00:14:4f:f9:b4:97 )
[    2.635857] sunvnet: eth0: PORT ( remote-mac 00:14:4f:f8:3f:1e )
[    2.636192] sunvnet: eth0: PORT ( remote-mac 00:14:4f:f8:fe:47 )
[    2.636546] sunvnet: eth0: PORT ( remote-mac 00:14:4f:f9:8b:83 )
[    2.637789] rtc-sun4v rtc-sun4v: registered as rtc0
[    2.638365] sun4v_wdt: initialized (timeout=60s, nowayout=0)
[    2.638754] device-mapper: uevent: version 1.0.3
[    2.639726] device-mapper: ioctl: 4.41.0-ioctl (2019-09-16) initialised: dm-devel@redhat.com
[    2.640754] NET: Registered protocol family 17
[    2.641336] registered taskstats version 1
[    2.648763] zswap: default zpool zbud not available
[    2.648832] zswap: pool creation failed
[    2.851088] Key type big_key registered
[    2.851160] AppArmor: AppArmor sha1 policy hashing enabled
[    2.851945] rtc-sun4v rtc-sun4v: setting system clock to 2019-11-26T22:23:23 UTC (1574807003)
[    2.856001] This architecture does not have kernel memory protection.
[    2.856049] Run /init as init process
[    3.358397] crc32c_sparc64: Using sparc64 crc32c opcode optimized CRC32C implementation
[    3.413798] random: fast init done
[    3.928311] raid6: int64x8  gen()  2154 MB/s
[    4.098320] raid6: int64x8  xor()  1565 MB/s
[    4.268329] raid6: int64x4  gen()  3454 MB/s
[    4.438303] raid6: int64x4  xor()  1998 MB/s
[    4.608340] raid6: int64x2  gen()  2853 MB/s
[    4.778316] raid6: int64x2  xor()  1992 MB/s
[    4.948327] raid6: int64x1  gen()  2842 MB/s
[    5.118316] raid6: int64x1  xor()  1622 MB/s
[    5.118364] raid6: using algorithm int64x4 gen() 3454 MB/s
[    5.118404] raid6: .... xor() 1998 MB/s, rmw enabled
[    5.118441] raid6: using intx1 recovery algorithm
[    5.119293] async_tx: api initialized (async)
[    5.119861] xor: automatically using best checksumming function   Niagara   
[    5.333521] EXT4-fs (vdiska2): mounted filesystem with ordered data mode. Opts: (null)
[    7.002838] systemd[1]: Inserted module 'autofs4'
[    7.014753] NET: Registered protocol family 10
[    7.020923] Segment Routing with IPv6
[    7.090400] systemd[1]: systemd 243-8 running in system mode. (+PAM +AUDIT +SELINUX +IMA +APPARMOR +SMACK +SYSVINIT +UTMP +LIBCRYPTSETUP +GCRYPT +GNUTLS +ACL +XZ +LZ4 -SECCOMP +BLKID +ELFUTILS +KMOD +IDN2 -IDN +PCRE2 default-hierarchy=hybrid)
[    7.091040] systemd[1]: Detected architecture sparc64.
[    7.169611] systemd[1]: Set hostname to <ttip.nvglabs.local>.
[    7.192127] systemd[1]: Couldn't move remaining userspace processes, ignoring: Input/output error
[    8.032155] random: lvmconfig: uninitialized urandom read (4 bytes read)
[    8.917143] systemd[1]: /lib/systemd/system/dbus.socket:5: ListenStream= references a path below legacy directory /var/run/, updating /var/run/dbus/system_bus_socket → /run/dbus/system_bus_socket; please update the unit file accordingly.
[    9.484522] systemd[1]: /lib/systemd/system/pcscd.socket:5: ListenStream= references a path below legacy directory /var/run/, updating /var/run/pcscd/pcscd.comm → /run/pcscd/pcscd.comm; please update the unit file accordingly.
[    9.521444] random: systemd: uninitialized urandom read (16 bytes read)
[    9.532267] systemd[1]: Created slice system-getty.slice.
[    9.533021] random: systemd: uninitialized urandom read (16 bytes read)
[    9.536490] systemd[1]: Created slice system-openvpn\x2dclient.slice.
[    9.536937] random: systemd: uninitialized urandom read (16 bytes read)
[    9.540502] systemd[1]: Created slice system-postfix.slice.
[    9.545748] systemd[1]: Created slice system-systemd\x2dfsck.slice.
[    9.787305] EXT4-fs (vdiska2): re-mounted. Opts: errors=remount-ro
[    9.973849] systemd-journald[561]: Received client request to flush runtime journal.
[   11.237779] sha1_sparc64: Using sparc64 sha1 opcode optimized SHA-1 implementation
[   11.311965] n2rng v0.3 (Jan 7, 2017)
[   11.312075] n2rng f029b104: Registered RNG HVAPI major 2 minor 0
[   11.312174] n2rng f029b104: Found multi-unit-capable RNG, units: 2
[   11.313316] n2rng f029b104: RNG ready
[   11.439406] pktcdvd: setup of pktcdvd device failed
[   11.451306] sha256_sparc64: Using sparc64 sha256 opcode optimized SHA-256/SHA-224 implementation
[   11.483350] pktcdvd: setup of pktcdvd device failed
[   11.486761] pktcdvd: setup of pktcdvd device failed
[   11.489970] pktcdvd: setup of pktcdvd device failed
[   11.493399] pktcdvd: setup of pktcdvd device failed
[   11.497763] pktcdvd: setup of pktcdvd device failed
[   11.501975] pktcdvd: setup of pktcdvd device failed
[   11.505949] pktcdvd: setup of pktcdvd device failed
[   11.612914] sha512_sparc64: Using sparc64 sha512 opcode optimized SHA-512/SHA-384 implementation
[   11.655595] md5_sparc64: Using sparc64 md5 opcode optimized MD5 implementation
[   12.067612] XFS (dm-0): Mounting V5 Filesystem
[   12.155970] XFS (dm-0): Ending clean mount
[   12.158522] xfs filesystem being mounted at /1 supports timestamps until 2038 (0x7fffffff)
[   14.198434] Adding 787176k swap on /dev/vdiska4.  Priority:-2 extents:1 across:787176k FS
[   14.408909] random: crng init done
[   14.409038] random: 6 urandom warning(s) missed due to ratelimiting
[   14.525059] EXT4-fs (vdiska1): mounting ext3 file system using the ext4 subsystem
[   14.538381] EXT4-fs (vdiska1): mounted filesystem with ordered data mode. Opts: (null)
[   14.538575] ext3 filesystem being mounted at /boot supports timestamps until 2038 (0x7fffffff)
[   15.643994] Kernel unaligned access at TPC[875a38] aa_dfa_unpack+0x38/0x5c0
[   15.644116] Kernel unaligned access at TPC[875a58] aa_dfa_unpack+0x58/0x5c0
[   15.644173] Kernel unaligned access at TPC[875b20] aa_dfa_unpack+0x120/0x5c0
[   15.644232] Kernel unaligned access at TPC[875c00] aa_dfa_unpack+0x200/0x5c0
[   15.644288] Kernel unaligned access at TPC[875c14] aa_dfa_unpack+0x214/0x5c0
[   18.839937] tun: Universal TUN/TAP device driver, 1.6

[   20.398795] ======================================================
[   20.398805] WARNING: possible circular locking dependency detected
[   20.398816] 5.4.0-03800-g2be7d348fe92 #1305 Not tainted
[   20.398825] ------------------------------------------------------
[   20.398834] iptables-restor/1020 is trying to acquire lock:
[   20.398844] 000000001059a120 (&table[i].mutex){+.+.}, at: nfnl_lock+0x24/0x40 [nfnetlink]
[   20.398867] 
               but task is already holding lock:
[   20.398875] 0000000000e3ac60 (&net->nft.commit_mutex){+.+.}, at: nf_tables_valid_genid+0x10/0x60 [nf_tables]
[   20.398900] 
               which lock already depends on the new lock.

[   20.398908] 
               the existing dependency chain (in reverse order) is:
[   20.398915] 
               -> #1 (&net->nft.commit_mutex){+.+.}:
[   20.398931]        __mutex_lock+0xac/0x9a0
[   20.398939]        mutex_lock_nested+0x1c/0x40
[   20.398949]        nf_tables_valid_genid+0x10/0x60 [nf_tables]
[   20.398957]        nfnetlink_rcv_batch+0x228/0x620 [nfnetlink]
[   20.398965]        nfnetlink_rcv+0x110/0x140 [nfnetlink]
[   20.398975]        netlink_unicast+0x128/0x200
[   20.398982]        netlink_sendmsg+0x338/0x380
[   20.398993]        sock_sendmsg+0x34/0x80
[   20.399000]        ___sys_sendmsg+0x238/0x260
[   20.399007]        __sys_sendmsg+0x48/0x80
[   20.399014]        sys_sendmsg+0x18/0x40
[   20.399027]        linux_sparc_syscall+0x34/0x44
[   20.399032] 
               -> #0 (&table[i].mutex){+.+.}:
[   20.399045]        __lock_acquire+0x1b18/0x2520
[   20.399051]        lock_acquire+0x1ac/0x1e0
[   20.399058]        __mutex_lock+0xac/0x9a0
[   20.399064]        mutex_lock_nested+0x1c/0x40
[   20.399071]        nfnl_lock+0x24/0x40 [nfnetlink]
[   20.399084]        ip_set_nfnl_get_byindex+0x190/0x280 [ip_set]
[   20.399095]        set_match_v1_checkentry+0x14/0xc0 [xt_set]
[   20.399107]        xt_check_match+0x240/0x280 [x_tables]
[   20.399116]        __nft_match_init+0x174/0x1a0 [nft_compat]
[   20.399124]        nft_match_init+0x18/0x40 [nft_compat]
[   20.399134]        nf_tables_newrule+0x510/0x7a0 [nf_tables]
[   20.399142]        nfnetlink_rcv_batch+0x3d8/0x620 [nfnetlink]
[   20.399149]        nfnetlink_rcv+0x110/0x140 [nfnetlink]
[   20.399156]        netlink_unicast+0x128/0x200
[   20.399163]        netlink_sendmsg+0x338/0x380
[   20.399170]        sock_sendmsg+0x34/0x80
[   20.399177]        ___sys_sendmsg+0x238/0x260
[   20.399183]        __sys_sendmsg+0x48/0x80
[   20.399189]        sys_sendmsg+0x18/0x40
[   20.399196]        linux_sparc_syscall+0x34/0x44
[   20.399202] 
               other info that might help us debug this:

[   20.399210]  Possible unsafe locking scenario:

[   20.399217]        CPU0                    CPU1
[   20.399222]        ----                    ----
[   20.399227]   lock(&net->nft.commit_mutex);
[   20.399234]                                lock(&table[i].mutex);
[   20.399242]                                lock(&net->nft.commit_mutex);
[   20.399249]   lock(&table[i].mutex);
[   20.399256] 
                *** DEADLOCK ***

[   20.399264] 1 lock held by iptables-restor/1020:
[   20.399269]  #0: 0000000000e3ac60 (&net->nft.commit_mutex){+.+.}, at: nf_tables_valid_genid+0x10/0x60 [nf_tables]
[   20.399286] 
               stack backtrace:
[   20.399294] CPU: 19 PID: 1020 Comm: iptables-restor Not tainted 5.4.0-03800-g2be7d348fe92 #1305
[   20.399302] Call Trace:
[   20.399314]  [00000000004d47dc] print_circular_bug.isra.0+0x1bc/0x1e0
[   20.399322]  [00000000004d4a20] check_noncircular+0x220/0x240
[   20.399329]  [00000000004d8f98] __lock_acquire+0x1b18/0x2520
[   20.399336]  [00000000004da32c] lock_acquire+0x1ac/0x1e0
[   20.399343]  [0000000000b4710c] __mutex_lock+0xac/0x9a0
[   20.399350]  [0000000000b47a1c] mutex_lock_nested+0x1c/0x40
[   20.399358]  [0000000010598024] nfnl_lock+0x24/0x40 [nfnetlink]
[   20.399367]  [00000000105a51f0] ip_set_nfnl_get_byindex+0x190/0x280 [ip_set]
[   20.399376]  [000000001060a694] set_match_v1_checkentry+0x14/0xc0 [xt_set]
[   20.399385]  [00000000103de8a0] xt_check_match+0x240/0x280 [x_tables]
[   20.399393]  [00000000105f8c54] __nft_match_init+0x174/0x1a0 [nft_compat]
[   20.399401]  [00000000105f8d18] nft_match_init+0x18/0x40 [nft_compat]
[   20.399412]  [00000000105d61d0] nf_tables_newrule+0x510/0x7a0 [nf_tables]
[   20.399421]  [0000000010598898] nfnetlink_rcv_batch+0x3d8/0x620 [nfnetlink]
[   20.399429]  [0000000010598bf0] nfnetlink_rcv+0x110/0x140 [nfnetlink]
[   20.399436]  [0000000000a3ece8] netlink_unicast+0x128/0x200
