[    0.000019] PROMLIB: Sun IEEE Boot Prom 'OBP 4.38.12 2018/03/28 14:54'
[    0.000031] PROMLIB: Root node compatible: sun4v
[    0.000078] Linux version 5.2.0-rc3-00024-g788a024921c4 (mator@ttip) (gcc version 8.3.0 (Debian 8.3.0-7)) #978 SMP Tue Jun 4 11:19:37 MSK 2019
[    0.000389] printk: bootconsole [earlyprom0] enabled
[    0.000442] ARCH: SUN4V
[    0.000491] Ethernet address: 00:14:4f:fa:06:f2
[    0.000543] MM: PAGE_OFFSET is 0xfff8000000000000 (max_phys_bits == 47)
[    0.000609] MM: VMALLOC [0x0000000100000000 --> 0x0006000000000000]
[    0.000671] MM: VMEMMAP [0x0006000000000000 --> 0x000c000000000000]
[    0.011990] Kernel: Using 5 locked TLB entries for main kernel image.
[    0.012061] Remapping the kernel... 
[    0.012085] done.
[    0.038982] OF stdout device is: /virtual-devices@100/console@1
[    0.039046] PROM: Built device tree with 75126 bytes of memory.
[    0.039106] MDESC: Size is 31056 bytes.
[    0.039211] PLATFORM: banner-name [SPARC T5-2]
[    0.039262] PLATFORM: name [ORCL,SPARC-T5-2]
[    0.039308] PLATFORM: hostid [84fa06f2]
[    0.039351] PLATFORM: serial# [0035260e]
[    0.039393] PLATFORM: stick-frequency [3b9aca00]
[    0.039441] PLATFORM: mac-address [144ffa06f2]
[    0.039488] PLATFORM: watchdog-resolution [1000 ms]
[    0.039539] PLATFORM: watchdog-max-timeout [31536000000 ms]
[    0.039595] PLATFORM: max-cpus [1024]
[    0.039684] Top of RAM: 0x24af948000, Total RAM: 0x87f386000
[    0.039745] Memory hole size: 115461MB
[    0.043906] Allocated 40960 bytes for kernel page tables.
[    0.043985] Zone ranges:
[    0.044025]   Normal   [mem 0x0000000030400000-0x00000024af947fff]
[    0.044089] Movable zone start for each node
[    0.044135] Early memory node ranges
[    0.044176]   node   0: [mem 0x0000000030400000-0x000000006febffff]
[    0.044238]   node   0: [mem 0x000000006ff40000-0x000000006ff47fff]
[    0.044300]   node   0: [mem 0x0000000070000000-0x000000042fffffff]
[    0.044362]   node   0: [mem 0x0000002030000000-0x00000024af8b5fff]
[    0.044424]   node   0: [mem 0x00000024af940000-0x00000024af947fff]
[    0.051799] Zeroed struct page in unavailable ranges: 230113 pages
[    0.051808] Initmem setup node 0 [mem 0x0000000030400000-0x00000024af947fff]
[    0.051966] On node 0 totalpages: 4454851
[    0.051975]   Normal zone: 39154 pages used for memmap
[    0.051980]   Normal zone: 0 pages reserved
[    0.051986]   Normal zone: 4454851 pages, LIFO batch:31
[    0.249430] Booting Linux...
[    0.249514] CPU CAPS: [flush,stbar,swap,muldiv,v9,blkinit,n2,mul32]
[    0.249597] CPU CAPS: [div32,v8plus,popc,vis,vis2,ASIBlkInit,fmaf,vis3]
[    0.250676] CPU CAPS: [hpc,ima,pause,cbcond,aes,des,kasumi,camellia]
[    0.250750] CPU CAPS: [md5,sha1,sha256,sha512,mpmul,montmul,montsqr,crc32c]
[    0.305995] percpu: Embedded 27 pages/cpu s179656 r8192 d33336 u262144
[    0.306214] pcpu-alloc: s179656 r8192 d33336 u262144 alloc=1*4194304
[    0.306221] pcpu-alloc: [0] 000 001 002 003 004 005 006 007 008 009 010 011 012 013 014 015 
[    0.306247] pcpu-alloc: [0] 016 017 018 019 020 021 022 023 024 025 026 027 028 029 030 031 
[    0.306273] pcpu-alloc: [0] 032 033 034 035 036 037 038 039 040 041 042 043 044 045 046 047 
[    0.306299] pcpu-alloc: [0] 048 049 050 051 052 053 054 055 056 057 058 059 060 061 062 063 
[    0.306325] pcpu-alloc: [0] 064 065 066 067 068 069 070 071 072 073 074 075 076 077 078 079 
[    0.306351] pcpu-alloc: [0] 080 081 082 083 084 085 086 087 088 089 090 091 092 093 094 095 
[    0.306377] pcpu-alloc: [0] 096 097 098 099 100 101 102 103 104 105 106 107 108 109 110 111 
[    0.306403] pcpu-alloc: [0] 112 113 114 115 116 117 118 119 120 121 122 123 124 125 126 127 
[    0.306429] pcpu-alloc: [0] 128 129 130 131 132 133 134 135 136 137 138 139 140 141 142 143 
[    0.306456] pcpu-alloc: [0] 144 145 146 147 148 149 150 151 152 153 154 155 156 157 158 159 
[    0.306482] pcpu-alloc: [0] 160 161 162 163 164 165 166 167 168 169 170 171 172 173 174 175 
[    0.306508] pcpu-alloc: [0] 176 177 178 179 180 181 182 183 184 185 186 187 188 189 190 191 
[    0.306534] pcpu-alloc: [0] 192 193 194 195 196 197 198 199 200 201 202 203 204 205 206 207 
[    0.306560] pcpu-alloc: [0] 208 209 210 211 212 213 214 215 216 217 218 219 220 221 222 223 
[    0.306586] pcpu-alloc: [0] 224 225 226 227 228 229 230 231 232 233 234 235 236 237 238 239 
[    0.306612] pcpu-alloc: [0] 240 241 242 243 244 245 246 247 248 249 250 251 252 253 254 255 
[    0.307052] SUN4V: Mondo queue sizes [cpu(131072) dev(16384) r(8192) nr(256)]
[    0.307367] Built 1 zonelists, mobility grouping on.  Total pages: 4415697
[    0.307457] Kernel command line: BOOT_IMAGE=/vmlinuz-5.2.0-rc3-00024-g788a024921c4 root=/dev/vdiska2 ro zswap.enabled=1
[    0.308964] printk: log_buf_len individual max cpu contribution: 4096 bytes
[    0.309033] printk: log_buf_len total cpu_extra contributions: 1044480 bytes
[    0.309100] printk: log_buf_len min size: 131072 bytes
[    0.309471] printk: log_buf_len: 2097152 bytes
[    0.309522] printk: early log buf free: 125952(96%)
[    0.315840] Dentry cache hash table entries: 8388608 (order: 13, 67108864 bytes)
[    0.319072] Inode-cache hash table entries: 4194304 (order: 12, 33554432 bytes)
[    0.319143] Sorting __ex_table...
[    0.397612] Memory: 35103624K/35638808K available (6181K kernel code, 845K rwdata, 1840K rodata, 952K init, 6766K bss, 535184K reserved, 0K cma-reserved)
[    0.399362] ftrace: allocating 18735 entries in 37 pages
[    0.408046] kmemleak: Kernel memory leak detector disabled
[    0.412658] Running RCU self tests
[    0.412704] rcu: Hierarchical RCU implementation.
[    0.412754] rcu: 	RCU event tracing is enabled.
[    0.412802] rcu: 	RCU lockdep checking is enabled.
[    0.412852] 	Tasks RCU enabled.
[    0.412889] rcu: RCU calculated value of scheduler-enlistment delay is 11 jiffies.
[    0.418556] NR_IRQS: 2048, nr_irqs: 2048, preallocated irqs: 1
[    0.418639] SUN4V: Using IRQ API major 3, cookie only virqs enabled
[    0.422916] clocksource: stick: mask: 0xffffffffffffffff max_cycles: 0x1cd42e4dffb, max_idle_ns: 881590591483 ns
[    0.423050] clocksource: mult[800000] shift[23]
[    0.423098] clockevent: mult[80000000] shift[31]
[    0.427488] Console: colour dummy device 80x25
[    0.427551] printk: console [tty0] enabled
[    0.427627] printk: bootconsole [earlyprom0] disabled
[    0.427711] Lock dependency validator: Copyright (c) 2006 Red Hat, Inc., Ingo Molnar
[    0.427758] ... MAX_LOCKDEP_SUBCLASSES:  8
[    0.427786] ... MAX_LOCK_DEPTH:          48
[    0.427815] ... MAX_LOCKDEP_KEYS:        8191
[    0.427845] ... CLASSHASH_SIZE:          4096
[    0.427875] ... MAX_LOCKDEP_ENTRIES:     16384
[    0.427904] ... MAX_LOCKDEP_CHAINS:      32768
[    0.427934] ... CHAINHASH_SIZE:          16384
[    0.427964]  memory used by lock dependency info: 3853 kB
[    0.427999]  per task-struct memory footprint: 1920 bytes
[    0.428211] kmemleak: Early log buffer exceeded (4356), please increase DEBUG_KMEMLEAK_EARLY_LOG_SIZE
[    0.573319] Calibrating delay using timer specific routine.. 2003.75 BogoMIPS (lpj=10018788)
[    0.573373] pid_max: default: 262144 minimum: 2048
[    0.574496] LSM: Security Framework initializing
[    0.574775] SELinux:  Initializing.
[    0.575465] *** VALIDATE SELinux ***
[    0.576059] Mount-cache hash table entries: 131072 (order: 7, 1048576 bytes)
[    0.576219] Mountpoint-cache hash table entries: 131072 (order: 7, 1048576 bytes)
[    0.577738] *** VALIDATE proc ***
[    0.578408] *** VALIDATE cgroup1 ***
[    0.578439] *** VALIDATE cgroup2 ***
[    0.581440] rcu: Hierarchical SRCU implementation.
[    0.605066] smp: Bringing up secondary CPUs ...
[    0.668023] smp: Brought up 1 node, 24 CPUs
[    0.675515] devtmpfs: initialized
[    0.681538] Performance events: 
[    0.681569] Testing NMI watchdog ... 
[    0.881669] OK.
[    0.881825] Supported PMU type is 'niagara5'
[    0.882150] random: get_random_u32 called from bucket_table_alloc.isra.4+0x184/0x1c0 with crng_init=0
[    0.882994] ldc.c:v1.1 (July 22, 2008)
[    0.886011] clocksource: jiffies: mask: 0xffffffff max_cycles: 0xffffffff, max_idle_ns: 19112604462750000 ns
[    0.886107] futex hash table entries: 65536 (order: 10, 8388608 bytes)
[    0.896107] NET: Registered protocol family 16
[    0.906429] VIO: Adding device channel-devices (tx_ino = ffffffffffffffff, rx_ino = ffffffffffffffff)
[    0.906683] VIO: Adding device vnet-port-0-0 (tx_ino = 0, rx_ino = 1)
[    0.906930] VIO: Adding device vnet-port-0-1 (tx_ino = 2, rx_ino = 3)
[    0.907148] VIO: Adding device vnet-port-0-2 (tx_ino = 4, rx_ino = 5)
[    0.907358] VIO: Adding device vnet-port-0-3 (tx_ino = 6, rx_ino = 7)
[    0.907576] VIO: Adding device vnet-port-0-4 (tx_ino = 8, rx_ino = 9)
[    0.907786] VIO: Adding device vnet-port-0-5 (tx_ino = 16, rx_ino = 17)
[    0.908003] VIO: Adding device vdc-port-3-0 (tx_ino = a, rx_ino = b)
[    0.908217] VIO: Adding device vdc-port-2-0 (tx_ino = c, rx_ino = d)
[    0.908428] VIO: Adding device vdc-port-1-0 (tx_ino = e, rx_ino = f)
[    0.908643] VIO: Adding device vdc-port-0-0 (tx_ino = 10, rx_ino = 11)
[    0.908859] VIO: Adding device vlds-port-0-0 (tx_ino = 12, rx_ino = 13)
[    0.909071] VIO: Adding device domain-services-port-0 (tx_ino = 12, rx_ino = 13)
[    0.909492] audit: initializing netlink subsys (disabled)
[    0.909857] audit: type=2000 audit(0.480:1): state=initialized audit_enabled=0 res=1
[    0.960316] HugeTLB registered 64.0 KiB page size, pre-allocated 0 pages
[    0.960362] HugeTLB registered 8.00 MiB page size, pre-allocated 0 pages
[    0.960405] HugeTLB registered 256 MiB page size, pre-allocated 0 pages
[    0.960448] HugeTLB registered 2.00 GiB page size, pre-allocated 0 pages
[    1.006455] alg: No test for lzo-rle (lzo-rle-generic)
[    1.006988] alg: No test for lzo-rle (lzo-rle-scomp)
[    1.024857] SUN4V: Reboot data supported (maj=1,min=0).
[    1.025854] ds.c:v1.0 (Jul 11, 2007)
[    1.026284] ds-0: ds_conn_reset() from send_events.isra.3
[    1.027748] clocksource: Switched to clocksource stick
[    1.254857] VFS: Disk quotas dquot_6.6.0
[    1.256430] VFS: Dquot-cache hash table entries: 1024 (order 0, 8192 bytes)
[    1.257072] *** VALIDATE hugetlbfs ***
[    1.280782] NET: Registered protocol family 2
[    1.283805] tcp_listen_portaddr_hash hash table entries: 32768 (order: 8, 2359296 bytes)
[    1.287032] TCP established hash table entries: 524288 (order: 9, 4194304 bytes)
[    1.289274] TCP bind hash table entries: 65536 (order: 9, 4194304 bytes)
[    1.295430] TCP: Hash tables configured (established 524288 bind 65536)
[    1.303503] UDP hash table entries: 32768 (order: 9, 5242880 bytes)
[    1.310917] UDP-Lite hash table entries: 32768 (order: 9, 5242880 bytes)
[    1.326227] NET: Registered protocol family 1
[    1.327168] Trying to unpack rootfs image as initramfs...
[    1.647583] Freeing initrd memory: 10232K
[    1.690640] workingset: timestamp_bits=46 max_order=23 bucket_order=0
[    1.692360] zbud: loaded
[    1.700223] Block layer SCSI generic (bsg) driver version 0.4 loaded (major 252)
[    1.701829] io scheduler mq-deadline registered
[    1.703302] f029b788: ttyS0 at I/O 0x0 (irq = 1, base_baud = 115200) is a SUN4V HCONS
[    1.709019] printk: console [ttyHV0] enabled
[    1.712901] sunvdc.c:v1.2 (November 24, 2014)
[    1.720219] sunvdc: Virtual CDROM vdiskd
[    1.720281] sunvdc: vdiskd: 403160 sectors (196 MB) protocol 1.2
[    1.721744]  vdiskd: vdiskd1 vdiskd2 vdiskd3 vdiskd4 vdiskd5 vdiskd6 vdiskd7
[    1.786780] sunvdc: Virtual Hard disk vdiskc
[    1.786821] sunvdc: vdiskc: 104857600 sectors (51200 MB) protocol 1.2
[    1.846339] sunvdc: Virtual Hard disk vdiskb
[    1.846388] sunvdc: vdiskb: 62914560 sectors (30720 MB) protocol 1.2
[    1.852124]  vdiskb: vdiskb1
[    1.911751] sunvdc: Virtual Hard disk vdiska
[    1.911791] sunvdc: vdiska: 31457280 sectors (15360 MB) protocol 1.2
[    1.912644]  vdiska: vdiska1 vdiska2 vdiska3 vdiska4
[    1.966058] sunvnet: sunvnet 2.0 (February 3, 2017)
[    1.969831] vnet_port vnet-port-0-0 eth0: Sun LDOM vnet 00:14:4f:f8:12:a3
[    1.970397] sunvnet: eth0: PORT ( remote-mac 00:14:4f:fa:f3:f0 switch-port )
[    1.971716] sunvnet: eth0: PORT ( remote-mac 00:14:4f:f8:e5:f3 )
[    1.973064] sunvnet: eth0: PORT ( remote-mac 00:14:4f:f9:b4:97 )
[    1.974366] sunvnet: eth0: PORT ( remote-mac 00:14:4f:f9:8b:83 )
[    1.975672] sunvnet: eth0: PORT ( remote-mac 00:14:4f:f8:3f:1e )
[    1.976965] sunvnet: eth0: PORT ( remote-mac 00:14:4f:f8:fe:47 )
[    1.978139] mousedev: PS/2 mouse device common for all mice
[    1.979340] rtc-sun4v rtc-sun4v: registered as rtc0
[    1.979790] device-mapper: uevent: version 1.0.3
[    1.980927] device-mapper: ioctl: 4.40.0-ioctl (2019-01-18) initialised: dm-devel@redhat.com
[    1.982522] NET: Registered protocol family 17
[    1.983911] registered taskstats version 1
[    1.986883] zswap: loaded using pool lzo/zbud
[    2.032795] Key type big_key registered
[    2.033691] rtc-sun4v rtc-sun4v: setting system clock to 2019-06-04T11:17:05 UTC (1559647025)
[    2.038250] This architecture does not have kernel memory protection.
[    2.038296] Run /init as init process
[    2.982797] crc32c_sparc64: Using sparc64 crc32c opcode optimized CRC32C implementation
[    3.537720] raid6: int64x8  gen()  2171 MB/s
[    3.707716] raid6: int64x8  xor()  1568 MB/s
[    3.877729] raid6: int64x4  gen()  3469 MB/s
[    4.047695] raid6: int64x4  xor()  1985 MB/s
[    4.217719] raid6: int64x2  gen()  2876 MB/s
[    4.387718] raid6: int64x2  xor()  1992 MB/s
[    4.557705] raid6: int64x1  gen()  2805 MB/s
[    4.727692] raid6: int64x1  xor()  1623 MB/s
[    4.727739] raid6: using algorithm int64x4 gen() 3469 MB/s
[    4.727783] raid6: .... xor() 1985 MB/s, rmw enabled
[    4.727819] raid6: using intx1 recovery algorithm
[    4.728842] async_tx: api initialized (async)
[    4.729628] xor: automatically using best checksumming function   Niagara   
[    4.862330] random: fast init done
[    5.126202] EXT4-fs (vdiska2): mounted filesystem with ordered data mode. Opts: (null)
[    6.994656] systemd[1]: Inserted module 'autofs4'
[    7.012178] NET: Registered protocol family 10
[    7.025493] Segment Routing with IPv6
[    7.084815] systemd[1]: systemd 241 running in system mode. (+PAM +AUDIT +SELINUX +IMA +APPARMOR +SMACK +SYSVINIT +UTMP +LIBCRYPTSETUP +GCRYPT +GNUTLS +ACL +XZ +LZ4 -SECCOMP +BLKID +ELFUTILS +KMOD -IDN2 +IDN -PCRE2 default-hierarchy=hybrid)
[    7.085350] systemd[1]: Detected architecture sparc64.
[    7.141464] systemd[1]: Set hostname to <ttip>.
[    7.146732] systemd[1]: Failed to bump fs.file-max, ignoring: Invalid argument
[    7.999793] random: lvmconfig: uninitialized urandom read (4 bytes read)
[    8.422527] systemd[1]: File /lib/systemd/system/systemd-journald.service:12 configures an IP firewall (IPAddressDeny=any), but the local system does not support BPF/cgroup based firewalling.
[    8.422654] systemd[1]: Proceeding WITHOUT firewalling in effect! (This warning is only shown for the first loaded unit using IP firewalling.)
[    8.474425] systemd[1]: /lib/systemd/system/auditd.service:11: PIDFile= references path below legacy directory /var/run/, updating /var/run/auditd.pid → /run/auditd.pid; please update the unit file accordingly.
[    8.935887] systemd[1]: /lib/systemd/system/smbd.service:9: PIDFile= references path below legacy directory /var/run/, updating /var/run/samba/smbd.pid → /run/samba/smbd.pid; please update the unit file accordingly.
[    8.953381] systemd[1]: /lib/systemd/system/nmbd.service:9: PIDFile= references path below legacy directory /var/run/, updating /var/run/samba/nmbd.pid → /run/samba/nmbd.pid; please update the unit file accordingly.
[    9.159038] random: systemd: uninitialized urandom read (16 bytes read)
[    9.165733] random: systemd: uninitialized urandom read (16 bytes read)
[    9.165829] systemd[1]: Reached target Remote File Systems.
[    9.166746] random: systemd: uninitialized urandom read (16 bytes read)
[    9.459859] EXT4-fs (vdiska2): re-mounted. Opts: errors=remount-ro
[    9.715743] systemd-journald[404]: Received request to flush runtime journal from PID 1
[   10.789185] sha1_sparc64: Using sparc64 sha1 opcode optimized SHA-1 implementation
[   10.845200] sha256_sparc64: Using sparc64 sha256 opcode optimized SHA-256/SHA-224 implementation
[   10.848748] n2rng v0.3 (Jan 7, 2017)
[   10.848894] n2rng f029b104: Registered RNG HVAPI major 2 minor 0
[   10.849024] n2rng f029b104: Found multi-unit-capable RNG, units: 2
[   10.850368] n2rng f029b104: RNG ready
[   10.873164] sha512_sparc64: Using sparc64 sha512 opcode optimized SHA-512/SHA-384 implementation
[   10.875680] md5_sparc64: Using sparc64 md5 opcode optimized MD5 implementation
[   10.900160] aes_sparc64: Using sparc64 aes opcodes optimized AES implementation
[   11.015213] des_sparc64: Using sparc64 des opcodes optimized DES implementation
[   11.085325] camellia_sparc64: Using sparc64 camellia opcodes optimized CAMELLIA implementation
[   13.857249] SGI XFS with ACLs, security attributes, debug enabled
[   13.890642] XFS (dm-0): Mounting V5 Filesystem
[   14.093406] XFS (dm-0): Ending clean mount
[   14.224508] Adding 787176k swap on /dev/vdiska4.  Priority:-2 extents:1 across:787176k FS
[   14.481058] EXT4-fs (vdiska1): mounting ext3 file system using the ext4 subsystem
[   14.496705] EXT4-fs (vdiska1): mounted filesystem with ordered data mode. Opts: (null)
[   16.167498] random: crng init done
[   16.167550] random: 6 urandom warning(s) missed due to ratelimiting
[   17.891009] tun: Universal TUN/TAP device driver, 1.6

[   18.368487] ======================================================
[   18.368494] WARNING: possible circular locking dependency detected
[   18.368504] 5.2.0-rc3-00024-g788a024921c4 #978 Not tainted
[   18.368511] ------------------------------------------------------
[   18.368517] iptables-restor/754 is trying to acquire lock:
[   18.368526] 000000006bc844fe (&table[i].mutex){+.+.}, at: nfnl_lock+0x24/0x40 [nfnetlink]
[   18.368547] 
               but task is already holding lock:
[   18.368554] 00000000e71ed65b (&net->nft.commit_mutex){+.+.}, at: nf_tables_valid_genid+0x18/0x60 [nf_tables]
[   18.368578] 
               which lock already depends on the new lock.

[   18.368587] 
               the existing dependency chain (in reverse order) is:
[   18.368594] 
               -> #1 (&net->nft.commit_mutex){+.+.}:
[   18.368610]        __mutex_lock+0x48/0x920
[   18.368617]        mutex_lock_nested+0x1c/0x40
[   18.368627]        nf_tables_valid_genid+0x18/0x60 [nf_tables]
[   18.368635]        nfnetlink_rcv_batch+0x24c/0x620 [nfnetlink]
[   18.368643]        nfnetlink_rcv+0x110/0x140 [nfnetlink]
[   18.368653]        netlink_unicast+0x12c/0x1e0
[   18.368660]        netlink_sendmsg+0x324/0x360
[   18.368672]        sock_sendmsg+0x34/0x80
[   18.368679]        ___sys_sendmsg+0x228/0x240
[   18.368686]        __sys_sendmsg+0x4c/0x80
[   18.368692]        sys_sendmsg+0x18/0x40
[   18.368705]        linux_sparc_syscall+0x34/0x44
[   18.368711] 
               -> #0 (&table[i].mutex){+.+.}:
[   18.368726]        lock_acquire+0x1a4/0x1c0
[   18.368732]        __mutex_lock+0x48/0x920
[   18.368738]        mutex_lock_nested+0x1c/0x40
[   18.368745]        nfnl_lock+0x24/0x40 [nfnetlink]
[   18.368758]        ip_set_nfnl_get_byindex+0x19c/0x280 [ip_set]
[   18.368768]        set_match_v1_checkentry+0x14/0xc0 [xt_set]
[   18.368780]        xt_check_match+0x238/0x260 [x_tables]
[   18.368790]        __nft_match_init+0x160/0x180 [nft_compat]
[   18.368797]        nft_match_init+0x18/0x40 [nft_compat]
[   18.368807]        nf_tables_newrule+0x57c/0x7a0 [nf_tables]
[   18.368815]        nfnetlink_rcv_batch+0x3f8/0x620 [nfnetlink]
[   18.368822]        nfnetlink_rcv+0x110/0x140 [nfnetlink]
[   18.368829]        netlink_unicast+0x12c/0x1e0
[   18.368836]        netlink_sendmsg+0x324/0x360
[   18.368843]        sock_sendmsg+0x34/0x80
[   18.368849]        ___sys_sendmsg+0x228/0x240
[   18.368856]        __sys_sendmsg+0x4c/0x80
[   18.368862]        sys_sendmsg+0x18/0x40
[   18.368869]        linux_sparc_syscall+0x34/0x44
[   18.368875] 
               other info that might help us debug this:

[   18.368882]  Possible unsafe locking scenario:

[   18.368889]        CPU0                    CPU1
[   18.368894]        ----                    ----
[   18.368900]   lock(&net->nft.commit_mutex);
[   18.368906]                                lock(&table[i].mutex);
[   18.368914]                                lock(&net->nft.commit_mutex);
[   18.368921]   lock(&table[i].mutex);
[   18.368928] 
                *** DEADLOCK ***

[   18.368936] 1 lock held by iptables-restor/754:
[   18.368941]  #0: 00000000e71ed65b (&net->nft.commit_mutex){+.+.}, at: nf_tables_valid_genid+0x18/0x60 [nf_tables]
[   18.368958] 
               stack backtrace:
[   18.368966] CPU: 11 PID: 754 Comm: iptables-restor Not tainted 5.2.0-rc3-00024-g788a024921c4 #978
[   18.368974] Call Trace:
[   18.368980]  [00000000004cfe00] print_circular_bug+0x2e0/0x320
[   18.368988]  [00000000004d4bf8] __lock_acquire+0x1d38/0x2900
[   18.368995]  [00000000004d60a4] lock_acquire+0x1a4/0x1c0
[   18.369001]  [0000000000a05c08] __mutex_lock+0x48/0x920
[   18.369008]  [0000000000a064fc] mutex_lock_nested+0x1c/0x40
[   18.369016]  [000000001072c024] nfnl_lock+0x24/0x40 [nfnetlink]
[   18.369024]  [00000000107388dc] ip_set_nfnl_get_byindex+0x19c/0x280 [ip_set]
[   18.369033]  [000000001079e5d4] set_match_v1_checkentry+0x14/0xc0 [xt_set]
[   18.369042]  [0000000010320ed8] xt_check_match+0x238/0x260 [x_tables]
[   18.369050]  [000000001078cc00] __nft_match_init+0x160/0x180 [nft_compat]
[   18.369058]  [000000001078ccb8] nft_match_init+0x18/0x40 [nft_compat]
[   18.369068]  [0000000010769c3c] nf_tables_newrule+0x57c/0x7a0 [nf_tables]
[   18.369077]  [000000001072d238] nfnetlink_rcv_batch+0x3f8/0x620 [nfnetlink]
[   18.369084]  [000000001072d570] nfnetlink_rcv+0x110/0x140 [nfnetlink]
[   18.369092]  [000000000093dfcc] netlink_unicast+0x12c/0x1e0
[   18.369099]  [000000000093ec24] netlink_sendmsg+0x324/0x360
