[    0.000021] PROMLIB: Sun IEEE Boot Prom 'OBP 4.38.12 2018/03/28 14:54'
[    0.000033] PROMLIB: Root node compatible: sun4v
[    0.000082] Linux version 5.9.0-rc8-00238-g4aab2be09830 (mator@ttip) (gcc (Debian 10.2.0-13) 10.2.0, GNU ld (GNU Binutils for Debian) 2.35.1) #84 SMP Mon Oct 12 18:10:23 MSK 2020
[    0.000427] printk: bootconsole [earlyprom0] enabled
[    0.000479] ARCH: SUN4V
[    0.000529] Ethernet address: 00:14:4f:fa:06:f2
[    0.000582] MM: PAGE_OFFSET is 0xfff8000000000000 (max_phys_bits == 47)
[    0.000646] MM: VMALLOC [0x0000000100000000 --> 0x0006000000000000]
[    0.000708] MM: VMEMMAP [0x0006000000000000 --> 0x000c000000000000]
[    0.012995] Kernel: Using 5 locked TLB entries for main kernel image.
[    0.013064] Remapping the kernel... 
[    0.013087] done.
[    0.045987] OF stdout device is: /virtual-devices@100/console@1
[    0.046051] PROM: Built device tree with 86758 bytes of memory.
[    0.046112] MDESC: Size is 36512 bytes.
[    0.046228] PLATFORM: banner-name [SPARC T5-2]
[    0.046278] PLATFORM: name [ORCL,SPARC-T5-2]
[    0.046323] PLATFORM: hostid [84fa06f2]
[    0.046367] PLATFORM: serial# [0035260e]
[    0.046408] PLATFORM: stick-frequency [3b9aca00]
[    0.046457] PLATFORM: mac-address [144ffa06f2]
[    0.046502] PLATFORM: watchdog-resolution [1000 ms]
[    0.046554] PLATFORM: watchdog-max-timeout [31536000000 ms]
[    0.046608] PLATFORM: max-cpus [1024]
[    0.051356] Allocated 40960 bytes for kernel page tables.
[    0.051445] Zone ranges:
[    0.051486]   Normal   [mem 0x0000000030400000-0x00000024af937fff]
[    0.051547] Movable zone start for each node
[    0.051593] Early memory node ranges
[    0.051633]   node   0: [mem 0x0000000030400000-0x000000006fe7ffff]
[    0.051694]   node   0: [mem 0x000000006ff00000-0x000000006ff25fff]
[    0.051756]   node   0: [mem 0x0000000070000000-0x000000042fffffff]
[    0.051817]   node   0: [mem 0x0000002030000000-0x00000024af87ffff]
[    0.051877]   node   0: [mem 0x00000024af900000-0x00000024af925fff]
[    0.051939]   node   0: [mem 0x00000024af930000-0x00000024af937fff]
[    0.066235] Zeroed struct page in unavailable ranges: 263766 pages
[    0.066243] Initmem setup node 0 [mem 0x0000000030400000-0x00000024af937fff]
[    0.066406] On node 0 totalpages: 4454826
[    0.066416]   Normal zone: 39154 pages used for memmap
[    0.066421]   Normal zone: 0 pages reserved
[    0.066426]   Normal zone: 4454826 pages, LIFO batch:31
[    0.224718] Booting Linux...
[    0.224803] CPU CAPS: [flush,stbar,swap,muldiv,v9,blkinit,n2,mul32]
[    0.224885] CPU CAPS: [div32,v8plus,popc,vis,vis2,ASIBlkInit,fmaf,vis3]
[    0.225964] CPU CAPS: [hpc,ima,pause,cbcond,aes,des,kasumi,camellia]
[    0.226036] CPU CAPS: [md5,sha1,sha256,sha512,mpmul,montmul,montsqr,crc32c]
[    0.255855] percpu: Embedded 28 pages/cpu s184784 r8192 d36400 u262144
[    0.256071] pcpu-alloc: s184784 r8192 d36400 u262144 alloc=1*4194304
[    0.256077] pcpu-alloc: [0] 000 001 002 003 004 005 006 007 008 009 010 011 012 013 014 015 
[    0.256103] pcpu-alloc: [0] 016 017 018 019 020 021 022 023 024 025 026 027 028 029 030 031 
[    0.256129] pcpu-alloc: [0] 032 033 034 035 036 037 038 039 040 041 042 043 044 045 046 047 
[    0.256155] pcpu-alloc: [0] 048 049 050 051 052 053 054 055 056 057 058 059 060 061 062 063 
[    0.256180] pcpu-alloc: [0] 064 065 066 067 068 069 070 071 072 073 074 075 076 077 078 079 
[    0.256205] pcpu-alloc: [0] 080 081 082 083 084 085 086 087 088 089 090 091 092 093 094 095 
[    0.256231] pcpu-alloc: [0] 096 097 098 099 100 101 102 103 104 105 106 107 108 109 110 111 
[    0.256257] pcpu-alloc: [0] 112 113 114 115 116 117 118 119 120 121 122 123 124 125 126 127 
[    0.256697] SUN4V: Mondo queue sizes [cpu(131072) dev(16384) r(8192) nr(256)]
[    0.257072] Built 1 zonelists, mobility grouping on.  Total pages: 4415672
[    0.257141] Policy zone: Normal
[    0.257198] Kernel command line: BOOT_IMAGE=/vmlinux-5.9.0-rc8-00238-g4aab2be09830 root=/dev/vdiska2 ro zswap.enabled=1
[    0.259827] printk: log_buf_len individual max cpu contribution: 4096 bytes
[    0.259898] printk: log_buf_len total cpu_extra contributions: 520192 bytes
[    0.259964] printk: log_buf_len min size: 131072 bytes
[    0.260232] printk: log_buf_len: 1048576 bytes
[    0.260283] printk: early log buf free: 126688(96%)
[    0.266596] Dentry cache hash table entries: 8388608 (order: 13, 67108864 bytes, linear)
[    0.269831] Inode-cache hash table entries: 4194304 (order: 12, 33554432 bytes, linear)
[    0.269907] Sorting __ex_table...
[    0.270131] mem auto-init: stack:off, heap alloc:off, heap free:off
[    0.377150] Memory: 35127576K/35638608K available (8328K kernel code, 1094K rwdata, 2480K rodata, 680K init, 6856K bss, 511032K reserved, 0K cma-reserved)
[    0.377849] SLUB: HWalign=32, Order=0-3, MinObjects=0, CPUs=128, Nodes=32
[    0.378136] ftrace: allocating 23122 entries in 46 pages
[    0.387196] ftrace: allocated 46 pages with 4 groups
[    0.390053] Running RCU self tests
[    0.390441] rcu: Hierarchical RCU implementation.
[    0.390493] rcu: 	RCU event tracing is enabled.
[    0.390539] rcu: 	RCU lockdep checking is enabled.
[    0.390590] 	Trampoline variant of Tasks RCU enabled.
[    0.390641] 	Rude variant of Tasks RCU enabled.
[    0.390687] 	Tracing variant of Tasks RCU enabled.
[    0.390737] rcu: RCU calculated value of scheduler-enlistment delay is 10 jiffies.
[    0.395301] NR_IRQS: 2048, nr_irqs: 2048, preallocated irqs: 1
[    0.395377] SUN4V: Using IRQ API major 3, cookie only virqs enabled
[    0.397853] clocksource: stick: mask: 0xffffffffffffffff max_cycles: 0x1cd42e4dffb, max_idle_ns: 881590591483 ns
[    0.397984] clocksource: mult[800000] shift[23]
[    0.398033] clockevent: mult[80000000] shift[31]
[    0.398435] Console: colour dummy device 80x25
[    0.398498] printk: console [tty0] enabled
[    0.398577] printk: bootconsole [earlyprom0] disabled
[    0.398667] Lock dependency validator: Copyright (c) 2006 Red Hat, Inc., Ingo Molnar
[    0.398721] ... MAX_LOCKDEP_SUBCLASSES:  8
[    0.398754] ... MAX_LOCK_DEPTH:          48
[    0.398787] ... MAX_LOCKDEP_KEYS:        8192
[    0.398821] ... CLASSHASH_SIZE:          4096
[    0.398855] ... MAX_LOCKDEP_ENTRIES:     16384
[    0.398890] ... MAX_LOCKDEP_CHAINS:      32768
[    0.398924] ... CHAINHASH_SIZE:          16384
[    0.398958]  memory used by lock dependency info: 3919 kB
[    0.398998]  memory used for stack traces: 2112 kB
[    0.399034]  per task-struct memory footprint: 1920 bytes
[    0.548251] Calibrating delay using timer specific routine.. 2003.19 BogoMIPS (lpj=10015996)
[    0.548312] pid_max: default: 131072 minimum: 1024
[    0.548619] LSM: Security Framework initializing
[    0.548783] AppArmor: AppArmor initialized
[    0.549086] Mount-cache hash table entries: 131072 (order: 7, 1048576 bytes, linear)
[    0.549256] Mountpoint-cache hash table entries: 131072 (order: 7, 1048576 bytes, linear)
[    0.555032] rcu: Hierarchical SRCU implementation.
[    0.566036] smp: Bringing up secondary CPUs ...
[    0.567281] ------------[ cut here ]------------
[    0.567309] WARNING: CPU: 0 PID: 1 at kernel/locking/lockdep.c:4890 check_flags+0x9c/0x2c0
[    0.567336] DEBUG_LOCKS_WARN_ON(lockdep_hardirqs_enabled())
[    0.567338] Modules linked in:
[    0.567372] CPU: 0 PID: 1 Comm: swapper/0 Not tainted 5.9.0-rc8-00238-g4aab2be09830 #84
[    0.567398] Call Trace:
[    0.567414] [<00000000004727a8>] __warn+0xa8/0x120
[    0.567433] [<0000000000472c10>] warn_slowpath_fmt+0x64/0x74
[    0.567453] [<00000000004e881c>] check_flags+0x9c/0x2c0
[    0.567475] [<0000000000c19a60>] lock_is_held_type+0x20/0x140
[    0.567497] [<0000000000509894>] rcu_read_lock_sched_held+0x54/0xa0
[    0.567519] [<00000000004ed740>] lock_acquire+0x120/0x4a0
[    0.567540] [<0000000000c233d0>] _raw_spin_lock+0x30/0x60
[    0.567563] [<00000000009bb43c>] p1275_cmd_direct+0x1c/0x60
[    0.567583] [<00000000009bb310>] prom_startcpu_cpuid+0x30/0x40
[    0.567605] [<00000000004427e4>] __cpu_up+0x184/0x3a0
[    0.567623] [<0000000000474600>] bringup_cpu+0x20/0x120
[    0.567643] [<000000000047378c>] cpuhp_invoke_callback+0xec/0x340
[    0.567664] [<0000000000475494>] cpu_up+0x154/0x220
[    0.567682] [<0000000000475d20>] bringup_nonboot_cpus+0x60/0xa0
[    0.567708] [<0000000000fbc338>] smp_init+0x28/0xa0
[    0.567730] [<0000000000fad3b4>] kernel_init_freeable+0x18c/0x300
[    0.567750] irq event stamp: 5135
[    0.567765] hardirqs last  enabled at (5135): [<0000000000c237e8>] _raw_spin_unlock_irqrestore+0x28/0x60
[    0.567795] hardirqs last disabled at (5134): [<0000000000c235a0>] _raw_spin_lock_irqsave+0x20/0x80
[    0.567825] softirqs last  enabled at (1470): [<0000000000c26360>] __do_softirq+0x4e0/0x560
[    0.567855] softirqs last disabled at (1463): [<000000000042d394>] do_softirq_own_stack+0x34/0x60
[    0.567886] random: get_random_bytes called from __warn+0xc8/0x120 with crng_init=0
[    0.567892] ---[ end trace 300f1e13c6195635 ]---
[    0.567930] possible reason: unannotated irqs-off.
[    0.567946] irq event stamp: 5135
[    0.567961] hardirqs last  enabled at (5135): [<0000000000c237e8>] _raw_spin_unlock_irqrestore+0x28/0x60
[    0.567991] hardirqs last disabled at (5134): [<0000000000c235a0>] _raw_spin_lock_irqsave+0x20/0x80
[    0.568020] softirqs last  enabled at (1470): [<0000000000c26360>] __do_softirq+0x4e0/0x560
[    0.568047] softirqs last disabled at (1463): [<000000000042d394>] do_softirq_own_stack+0x34/0x60
[    0.589662] smp: Brought up 1 node, 32 CPUs
[    0.592611] devtmpfs: initialized
[    0.594757] Performance events: 
[    0.594786] Testing NMI watchdog ... 
[    0.794849] OK.
[    0.794911] Supported PMU type is 'niagara5'
[    0.795418] ldc.c:v1.1 (July 22, 2008)
[    0.796764] clocksource: jiffies: mask: 0xffffffff max_cycles: 0xffffffff, max_idle_ns: 19112604462750000 ns
[    0.796816] futex hash table entries: 32768 (order: 9, 4194304 bytes, linear)
[    0.799405] NET: Registered protocol family 16
[    0.804284] VIO: Adding device channel-devices (tx_ino = ffffffffffffffff, rx_ino = ffffffffffffffff)
[    0.804388] VIO: Adding device vnet-port-0-0 (tx_ino = 0, rx_ino = 1)
[    0.804473] VIO: Adding device vnet-port-0-1 (tx_ino = 2, rx_ino = 3)
[    0.804556] VIO: Adding device vnet-port-0-2 (tx_ino = 4, rx_ino = 5)
[    0.804642] VIO: Adding device vnet-port-0-3 (tx_ino = 6, rx_ino = 7)
[    0.804730] VIO: Adding device vnet-port-0-4 (tx_ino = 8, rx_ino = 9)
[    0.804812] VIO: Adding device vnet-port-0-5 (tx_ino = a, rx_ino = b)
[    0.804911] VIO: Adding device vdc-port-2-0 (tx_ino = c, rx_ino = d)
[    0.805008] VIO: Adding device vdc-port-1-0 (tx_ino = e, rx_ino = f)
[    0.805092] VIO: Adding device vdc-port-0-0 (tx_ino = 10, rx_ino = 11)
[    0.805179] VIO: Adding device vdc-port-3-0 (tx_ino = 12, rx_ino = 13)
[    0.805262] VIO: Adding device vlds-port-0-0 (tx_ino = 14, rx_ino = 15)
[    0.805348] VIO: Adding device domain-services-port-0 (tx_ino = 14, rx_ino = 15)
[    0.805489] audit: initializing netlink subsys (disabled)
[    0.805656] audit: type=2000 audit(0.400:1): state=initialized audit_enabled=0 res=1
[    0.820710] HugeTLB registered 64.0 KiB page size, pre-allocated 0 pages
[    0.820735] HugeTLB registered 8.00 MiB page size, pre-allocated 0 pages
[    0.820758] HugeTLB registered 256 MiB page size, pre-allocated 0 pages
[    0.820781] HugeTLB registered 2.00 GiB page size, pre-allocated 0 pages
[    0.821854] alg: extra crypto tests enabled.  This is intended for developer use only.
[    0.842229] cryptd: max_cpu_qlen set to 1000
[    0.910152] vgaarb: loaded
[    0.910778] NetLabel: Initializing
[    0.910794] NetLabel:  domain hash size = 128
[    0.910811] NetLabel:  protocols = UNLABELED CIPSOv4 CALIPSO
[    0.910872] NetLabel:  unlabeled traffic allowed by default
[    0.911466] SUN4V: Reboot data supported (maj=1,min=0).
[    0.911656] ds.c:v1.0 (Jul 11, 2007)
[    0.911850] ds-0: ds_conn_reset() from send_events
[    0.912051] clocksource: Switched to clocksource stick
[    1.023393] VFS: Disk quotas dquot_6.6.0
[    1.023494] VFS: Dquot-cache hash table entries: 1024 (order 0, 8192 bytes)
[    1.024578] AppArmor: AppArmor Filesystem Enabled
[    1.031269] NET: Registered protocol family 2
[    1.032429] tcp_listen_portaddr_hash hash table entries: 32768 (order: 8, 2621440 bytes, linear)
[    1.033667] TCP established hash table entries: 524288 (order: 9, 4194304 bytes, linear)
[    1.035836] TCP bind hash table entries: 65536 (order: 9, 4718592 bytes, linear)
[    1.038019] TCP: Hash tables configured (established 524288 bind 65536)
[    1.039251] UDP hash table entries: 32768 (order: 9, 5242880 bytes, linear)
[    1.041931] UDP-Lite hash table entries: 32768 (order: 9, 5242880 bytes, linear)
[    1.045986] NET: Registered protocol family 1
[    1.046022] NET: Registered protocol family 44
[    1.046060] PCI: CLS 0 bytes, default 64
[    1.046297] Trying to unpack rootfs image as initramfs...
[    1.194761] Freeing initrd memory: 14800K
[    1.195259] aes_sparc64: Using sparc64 aes opcodes optimized AES implementation
[    1.429906] des_sparc64: Using sparc64 des opcodes optimized DES implementation
[    1.866558] camellia_sparc64: Using sparc64 camellia opcodes optimized CAMELLIA implementation
[    2.014256] workingset: timestamp_bits=41 max_order=23 bucket_order=0
[    2.022807] zbud: loaded
[    2.025422] SGI XFS with ACLs, security attributes, quota, fatal assert, debug enabled
[    2.051214] Block layer SCSI generic (bsg) driver version 0.4 loaded (major 252)
[    2.051753] io scheduler mq-deadline registered
[    2.053691] f029b788: ttyHV0 at I/O 0x0 (irq = 1, base_baud = 115200) is a SUN4V HCONS
[    2.054278] printk: console [ttyHV0] enabled
[    2.056526] sunvdc.c:v1.2 (November 24, 2014)
[    2.059786] sunvdc: Virtual Hard disk vdiskc
[    2.059807] sunvdc: vdiskc: 104857600 sectors (51200 MB) protocol 1.2
[    2.072462] sunvdc: Virtual Hard disk vdiskb
[    2.072484] sunvdc: vdiskb: 62914560 sectors (30720 MB) protocol 1.2
[    2.073431]  vdiskb: vdiskb1
[    2.085365] sunvdc: Virtual Hard disk vdiska
[    2.085386] sunvdc: vdiska: 31457280 sectors (15360 MB) protocol 1.2
[    2.086143]  vdiska: vdiska1 vdiska2 vdiska3 vdiska4
[    2.098679] sunvdc: Virtual CDROM vdiskd
[    2.098703] sunvdc: vdiskd: 453848 sectors (221 MB) protocol 1.2
[    2.099431]  vdiskd: vdiskd1 vdiskd2 vdiskd3 vdiskd4 vdiskd5 vdiskd6 vdiskd7
[    2.109607] sunvnet: sunvnet 2.0 (February 3, 2017)
[    2.110884] vnet_port vnet-port-0-0 eth0: Sun LDOM vnet 00:14:4f:f8:12:a3
[    2.110993] sunvnet: eth0: PORT ( remote-mac 00:14:4f:fa:f3:f0 switch-port )
[    2.111459] sunvnet: eth0: PORT ( remote-mac 00:14:4f:f8:e5:f3 )
[    2.111907] sunvnet: eth0: PORT ( remote-mac 00:14:4f:f9:b4:97 )
[    2.112402] sunvnet: eth0: PORT ( remote-mac 00:14:4f:f8:3f:1e )
[    2.112857] sunvnet: eth0: PORT ( remote-mac 00:14:4f:f8:fe:47 )
[    2.113313] sunvnet: eth0: PORT ( remote-mac 00:14:4f:fb:b5:00 )
[    2.114238] rtc-sun4v rtc-sun4v: registered as rtc0
[    2.114313] rtc-sun4v rtc-sun4v: setting system clock to 2020-10-12T15:11:58 UTC (1602515518)
[    2.114551] sun4v_wdt: initialized (timeout=60s, nowayout=0)
[    2.114799] device-mapper: uevent: version 1.0.3
[    2.115373] device-mapper: ioctl: 4.42.0-ioctl (2020-02-27) initialised: dm-devel@redhat.com
[    2.116014] NET: Registered protocol family 17
[    2.116226] registered taskstats version 1
[    2.116651] zswap: loaded using pool lzo/zbud
[    2.117499] AppArmor: AppArmor sha1 policy hashing enabled
[    2.120121] This architecture does not have kernel memory protection.
[    2.120154] Run /init as init process
[    2.120171]   with arguments:
[    2.120186]     /init
[    2.120200]   with environment:
[    2.120215]     HOME=/
[    2.120228]     TERM=linux
[    2.120242]     BOOT_IMAGE=/vmlinux-5.9.0-rc8-00238-g4aab2be09830
[    2.407250] random: fast init done
[    2.408142] random: lvm: uninitialized urandom read (4 bytes read)
[    2.415649] crc32c_sparc64: Using sparc64 crc32c opcode optimized CRC32C implementation
[    2.446830] random: lvm: uninitialized urandom read (2 bytes read)
[    3.002029] raid6: int64x8  gen()  2158 MB/s
[    3.172016] raid6: int64x8  xor()  1522 MB/s
[    3.342024] raid6: int64x4  gen()  3398 MB/s
[    3.512019] raid6: int64x4  xor()  1465 MB/s
[    3.682025] raid6: int64x2  gen()  2912 MB/s
[    3.852028] raid6: int64x2  xor()  1133 MB/s
[    4.022014] raid6: int64x1  gen()  1415 MB/s
[    4.192028] raid6: int64x1  xor()   712 MB/s
[    4.192047] raid6: using algorithm int64x4 gen() 3398 MB/s
[    4.192069] raid6: .... xor() 1465 MB/s, rmw enabled
[    4.192088] raid6: using intx1 recovery algorithm
[    4.192689] async_tx: api initialized (async)
[    4.192958] xor: automatically using best checksumming function   Niagara   
[    4.382264] EXT4-fs (vdiska2): mounted filesystem with ordered data mode. Opts: (null)
[    4.518451] systemd[1]: Inserted module 'autofs4'
[    4.525975] NET: Registered protocol family 10
[    4.530187] Segment Routing with IPv6
[    4.541359] systemd[1]: systemd 246.6-1 running in system mode. (+PAM +AUDIT +SELINUX +IMA +APPARMOR +SMACK +SYSVINIT +UTMP +LIBCRYPTSETUP +GCRYPT +GNUTLS +ACL +XZ +LZ4 +ZSTD -SECCOMP +BLKID +ELFUTILS +KMOD +IDN2 -IDN +PCRE2 default-hierarchy=hybrid)
[    4.541782] systemd[1]: Detected architecture sparc64.
[    4.635691] systemd[1]: Set hostname to <ttip>.
[    4.701431] random: lvmconfig: uninitialized urandom read (4 bytes read)
[    4.946742] systemd[1]: Queued start job for default target Multi-User System.
[    4.947319] random: systemd: uninitialized urandom read (16 bytes read)
[    4.972980] systemd[1]: Created slice system-getty.slice.
[    4.973432] random: systemd: uninitialized urandom read (16 bytes read)
[    4.982607] systemd[1]: Created slice system-modprobe.slice.
[    4.991297] systemd[1]: Created slice system-openvpn\x2dclient.slice.
[    5.010136] systemd[1]: Created slice system-postfix.slice.
[    5.018967] systemd[1]: Created slice system-systemd\x2dfsck.slice.
[    5.028128] systemd[1]: Created slice User and Session Slice.
[    5.028675] systemd[1]: Started Dispatch Password Requests to Console Directory Watch.
[    5.029174] systemd[1]: Started Forward Password Requests to Wall Directory Watch.
[    5.030761] systemd[1]: Set up automount Arbitrary Executable File Formats File System Automount Point.
[    5.031140] systemd[1]: Reached target Local Encrypted Volumes.
[    5.031479] systemd[1]: Reached target Paths.
[    5.031784] systemd[1]: Reached target Slices.
[    5.032365] systemd[1]: Listening on Device-mapper event daemon FIFOs.
[    5.033021] systemd[1]: Listening on LVM2 poll daemon socket.
[    5.059413] systemd[1]: Listening on RPCbind Server Activation Socket.
[    5.060216] systemd[1]: Listening on Syslog Socket.
[    5.060879] systemd[1]: Listening on fsck to fsckd communication Socket.
[    5.061346] systemd[1]: Listening on initctl Compatibility Named Pipe.
[    5.065518] systemd[1]: Listening on Journal Audit Socket.
[    5.066126] systemd[1]: Listening on Journal Socket (/dev/log).
[    5.066851] systemd[1]: Listening on Journal Socket.
[    5.067748] systemd[1]: Listening on udev Control Socket.
[    5.068309] systemd[1]: Listening on udev Kernel Socket.
[    5.079770] systemd[1]: Mounting Huge Pages File System...
[    5.093489] systemd[1]: Mounting POSIX Message Queue File System...
[    5.124114] systemd[1]: Mounting RPC Pipe File System...
[    5.136077] systemd[1]: Mounting Kernel Debug File System...
[    5.148333] systemd[1]: Mounting Kernel Trace File System...
[    5.148936] systemd[1]: Condition check resulted in Kernel Module supporting RPCSEC_GSS being skipped.
[    5.149687] systemd[1]: Finished Availability of block devices.
[    5.161498] systemd[1]: Starting Wait for network to be configured by ifupdown...
[    5.165441] RPC: Registered named UNIX socket transport module.
[    5.165467] RPC: Registered udp transport module.
[    5.165487] RPC: Registered tcp transport module.
[    5.165506] RPC: Registered tcp NFSv4.1 backchannel transport module.
[    5.173571] systemd[1]: Starting Create list of static device nodes for the current kernel...
[    5.184825] systemd[1]: Starting Monitoring of LVM2 mirrors, snapshots etc. using dmeventd or progress polling...
[    5.200281] systemd[1]: Starting Load Kernel Module drm...
[    5.211848] systemd[1]: Starting nftables...
[    5.213280] systemd[1]: Condition check resulted in Set Up Additional Binary Formats being skipped.
[    5.213447] systemd[1]: Condition check resulted in File System Check on Root Device being skipped.
[    5.227076] systemd[1]: Starting Journal Service...
[    5.239631] systemd[1]: Starting Load Kernel Modules...
[    5.252305] systemd[1]: Starting Remount Root and Kernel File Systems...
[    5.265351] systemd[1]: Starting Coldplug All udev Devices...
[    5.273957] systemd[1]: Mounted Huge Pages File System.
[    5.275415] systemd[1]: Mounted POSIX Message Queue File System.
[    5.276438] systemd[1]: Mounted RPC Pipe File System.
[    5.277496] systemd[1]: Mounted Kernel Debug File System.
[    5.278495] systemd[1]: Mounted Kernel Trace File System.
[    5.282362] systemd[1]: Finished Wait for network to be configured by ifupdown.
[    5.286322] systemd[1]: Finished Create list of static device nodes for the current kernel.
[    5.288210] systemd[1]: modprobe@drm.service: Succeeded.
[    5.290963] systemd[1]: Finished Load Kernel Module drm.
[    5.292425] EXT4-fs (vdiska2): re-mounted. Opts: errors=remount-ro
[    5.300219] systemd[1]: Finished Load Kernel Modules.
[    5.300975] systemd[1]: Started Journal Service.
[    6.023550] sha1_sparc64: Using sparc64 sha1 opcode optimized SHA-1 implementation
[    6.025488] n2rng v0.3 (Jan 7, 2017)
[    6.025536] n2rng f029b104: Registered RNG HVAPI major 2 minor 0
[    6.025572] n2rng f029b104: Found multi-unit-capable RNG, units: 2
[    6.025921] n2rng f029b104: RNG ready
[    6.049979] pktcdvd: setup of pktcdvd device failed
[    6.084684] pktcdvd: setup of pktcdvd device failed
[    6.087915] pktcdvd: setup of pktcdvd device failed
[    6.090504] pktcdvd: setup of pktcdvd device failed
[    6.093402] pktcdvd: setup of pktcdvd device failed
[    6.096741] pktcdvd: setup of pktcdvd device failed
[    6.099339] pktcdvd: setup of pktcdvd device failed
[    6.102789] pktcdvd: setup of pktcdvd device failed
[    6.210717] sha256_sparc64: Using sparc64 sha256 opcode optimized SHA-256/SHA-224 implementation
[    6.256848] XFS (dm-0): Mounting V5 Filesystem
[    6.262193] Adding 787176k swap on /dev/vdiska4.  Priority:-2 extents:1 across:787176k FS
[    6.272448] XFS (dm-0): Ending clean mount
[    6.274559] xfs filesystem being mounted at /1 supports timestamps until 2038 (0x7fffffff)
[    6.321158] EXT4-fs (vdiska1): mounting ext3 file system using the ext4 subsystem
[    6.327478] sha512_sparc64: Using sparc64 sha512 opcode optimized SHA-512/SHA-384 implementation
[    6.328384] md5_sparc64: Using sparc64 md5 opcode optimized MD5 implementation
[    6.333281] EXT4-fs (vdiska1): mounted filesystem with ordered data mode. Opts: (null)
[    6.333409] ext3 filesystem being mounted at /boot supports timestamps until 2038 (0x7fffffff)
[    6.417378] Kernel unaligned access at TPC[8d5dfc] aa_dfa_unpack+0x3c/0x640
[    6.417418] Kernel unaligned access at TPC[8d5e10] aa_dfa_unpack+0x50/0x640
[    6.417447] Kernel unaligned access at TPC[8d5ed4] aa_dfa_unpack+0x114/0x640
[    6.417477] Kernel unaligned access at TPC[8d5fa4] aa_dfa_unpack+0x1e4/0x640
[    6.417506] Kernel unaligned access at TPC[8d5fb8] aa_dfa_unpack+0x1f8/0x640
[    6.419465] audit: type=1400 audit(1602515522.790:2): apparmor="STATUS" operation="profile_load" profile="unconfined" name="/usr/sbin/haveged" pid=662 comm="apparmor_parser"
[    6.420958] audit: type=1400 audit(1602515522.790:3): apparmor="STATUS" operation="profile_load" profile="unconfined" name="lsb_release" pid=669 comm="apparmor_parser"
[    6.423908] audit: type=1400 audit(1602515522.800:4): apparmor="STATUS" operation="profile_load" profile="unconfined" name="named" pid=668 comm="apparmor_parser"
[    6.425532] audit: type=1400 audit(1602515522.800:5): apparmor="STATUS" operation="profile_load" profile="unconfined" name="nvidia_modprobe" pid=665 comm="apparmor_parser"
[    6.425593] audit: type=1400 audit(1602515522.800:6): apparmor="STATUS" operation="profile_load" profile="unconfined" name="nvidia_modprobe//kmod" pid=665 comm="apparmor_parser"
[    6.428879] audit: type=1400 audit(1602515522.800:7): apparmor="STATUS" operation="profile_load" profile="unconfined" name="tcpdump" pid=667 comm="apparmor_parser"
[    6.440887] audit: type=1400 audit(1602515522.810:8): apparmor="STATUS" operation="profile_load" profile="unconfined" name="/usr/bin/man" pid=666 comm="apparmor_parser"
[    6.440963] audit: type=1400 audit(1602515522.810:9): apparmor="STATUS" operation="profile_load" profile="unconfined" name="man_filter" pid=666 comm="apparmor_parser"
[    6.441031] audit: type=1400 audit(1602515522.810:10): apparmor="STATUS" operation="profile_load" profile="unconfined" name="man_groff" pid=666 comm="apparmor_parser"
[    6.953090] random: crng init done
[    6.953127] random: 5 urandom warning(s) missed due to ratelimiting
