[    0.000021] PROMLIB: Sun IEEE Boot Prom 'OBP 4.38.12 2018/03/28 14:54'
[    0.000033] PROMLIB: Root node compatible: sun4v
[    0.000081] Linux version 5.9.0-rc8-00218-g277e570ae193 (mator@ttip) (gcc (Debian 10.2.0-13) 10.2.0, GNU ld (GNU Binutils for Debian) 2.35.1) #80 SMP Mon Oct 12 16:26:24 MSK 2020
[    0.000424] printk: bootconsole [earlyprom0] enabled
[    0.000474] ARCH: SUN4V
[    0.000525] Ethernet address: 00:14:4f:fa:06:f2
[    0.000577] MM: PAGE_OFFSET is 0xfff8000000000000 (max_phys_bits == 47)
[    0.000641] MM: VMALLOC [0x0000000100000000 --> 0x0006000000000000]
[    0.000703] MM: VMEMMAP [0x0006000000000000 --> 0x000c000000000000]
[    0.012888] Kernel: Using 5 locked TLB entries for main kernel image.
[    0.012958] Remapping the kernel... 
[    0.012980] done.
[    0.045921] OF stdout device is: /virtual-devices@100/console@1
[    0.045985] PROM: Built device tree with 86758 bytes of memory.
[    0.046043] MDESC: Size is 36512 bytes.
[    0.046156] PLATFORM: banner-name [SPARC T5-2]
[    0.046206] PLATFORM: name [ORCL,SPARC-T5-2]
[    0.046251] PLATFORM: hostid [84fa06f2]
[    0.046294] PLATFORM: serial# [0035260e]
[    0.046336] PLATFORM: stick-frequency [3b9aca00]
[    0.046385] PLATFORM: mac-address [144ffa06f2]
[    0.046430] PLATFORM: watchdog-resolution [1000 ms]
[    0.046481] PLATFORM: watchdog-max-timeout [31536000000 ms]
[    0.046535] PLATFORM: max-cpus [1024]
[    0.051281] Allocated 40960 bytes for kernel page tables.
[    0.051369] Zone ranges:
[    0.051408]   Normal   [mem 0x0000000030400000-0x00000024af937fff]
[    0.051471] Movable zone start for each node
[    0.051515] Early memory node ranges
[    0.051557]   node   0: [mem 0x0000000030400000-0x000000006fe7ffff]
[    0.051618]   node   0: [mem 0x000000006ff00000-0x000000006ff25fff]
[    0.051678]   node   0: [mem 0x0000000070000000-0x000000042fffffff]
[    0.051740]   node   0: [mem 0x0000002030000000-0x00000024af87ffff]
[    0.051801]   node   0: [mem 0x00000024af900000-0x00000024af925fff]
[    0.051861]   node   0: [mem 0x00000024af930000-0x00000024af937fff]
[    0.065337] Zeroed struct page in unavailable ranges: 263766 pages
[    0.065347] Initmem setup node 0 [mem 0x0000000030400000-0x00000024af937fff]
[    0.065507] On node 0 totalpages: 4454826
[    0.065516]   Normal zone: 39154 pages used for memmap
[    0.065521]   Normal zone: 0 pages reserved
[    0.065526]   Normal zone: 4454826 pages, LIFO batch:31
[    0.224529] Booting Linux...
[    0.224615] CPU CAPS: [flush,stbar,swap,muldiv,v9,blkinit,n2,mul32]
[    0.224697] CPU CAPS: [div32,v8plus,popc,vis,vis2,ASIBlkInit,fmaf,vis3]
[    0.225775] CPU CAPS: [hpc,ima,pause,cbcond,aes,des,kasumi,camellia]
[    0.225845] CPU CAPS: [md5,sha1,sha256,sha512,mpmul,montmul,montsqr,crc32c]
[    0.255646] percpu: Embedded 28 pages/cpu s184784 r8192 d36400 u262144
[    0.255860] pcpu-alloc: s184784 r8192 d36400 u262144 alloc=1*4194304
[    0.255867] pcpu-alloc: [0] 000 001 002 003 004 005 006 007 008 009 010 011 012 013 014 015 
[    0.255893] pcpu-alloc: [0] 016 017 018 019 020 021 022 023 024 025 026 027 028 029 030 031 
[    0.255919] pcpu-alloc: [0] 032 033 034 035 036 037 038 039 040 041 042 043 044 045 046 047 
[    0.255945] pcpu-alloc: [0] 048 049 050 051 052 053 054 055 056 057 058 059 060 061 062 063 
[    0.255971] pcpu-alloc: [0] 064 065 066 067 068 069 070 071 072 073 074 075 076 077 078 079 
[    0.255997] pcpu-alloc: [0] 080 081 082 083 084 085 086 087 088 089 090 091 092 093 094 095 
[    0.256022] pcpu-alloc: [0] 096 097 098 099 100 101 102 103 104 105 106 107 108 109 110 111 
[    0.256048] pcpu-alloc: [0] 112 113 114 115 116 117 118 119 120 121 122 123 124 125 126 127 
[    0.256490] SUN4V: Mondo queue sizes [cpu(131072) dev(16384) r(8192) nr(256)]
[    0.256871] Built 1 zonelists, mobility grouping on.  Total pages: 4415672
[    0.256940] Policy zone: Normal
[    0.256997] Kernel command line: BOOT_IMAGE=/vmlinux-5.9.0-rc8-00218-g277e570ae193 root=/dev/vdiska2 ro zswap.enabled=1
[    0.259634] printk: log_buf_len individual max cpu contribution: 4096 bytes
[    0.259704] printk: log_buf_len total cpu_extra contributions: 520192 bytes
[    0.259771] printk: log_buf_len min size: 131072 bytes
[    0.260043] printk: log_buf_len: 1048576 bytes
[    0.260095] printk: early log buf free: 126688(96%)
[    0.266406] Dentry cache hash table entries: 8388608 (order: 13, 67108864 bytes, linear)
[    0.269643] Inode-cache hash table entries: 4194304 (order: 12, 33554432 bytes, linear)
[    0.269719] Sorting __ex_table...
[    0.269963] mem auto-init: stack:off, heap alloc:off, heap free:off
[    0.375916] Memory: 35127576K/35638608K available (8328K kernel code, 1094K rwdata, 2480K rodata, 680K init, 6856K bss, 511032K reserved, 0K cma-reserved)
[    0.376609] SLUB: HWalign=32, Order=0-3, MinObjects=0, CPUs=128, Nodes=32
[    0.376896] ftrace: allocating 23120 entries in 46 pages
[    0.385914] ftrace: allocated 46 pages with 4 groups
[    0.388756] Running RCU self tests
[    0.389131] rcu: Hierarchical RCU implementation.
[    0.389183] rcu: 	RCU event tracing is enabled.
[    0.389229] rcu: 	RCU lockdep checking is enabled.
[    0.389280] 	Trampoline variant of Tasks RCU enabled.
[    0.389331] 	Rude variant of Tasks RCU enabled.
[    0.389376] 	Tracing variant of Tasks RCU enabled.
[    0.389427] rcu: RCU calculated value of scheduler-enlistment delay is 10 jiffies.
[    0.393985] NR_IRQS: 2048, nr_irqs: 2048, preallocated irqs: 1
[    0.394065] SUN4V: Using IRQ API major 3, cookie only virqs enabled
[    0.396525] clocksource: stick: mask: 0xffffffffffffffff max_cycles: 0x1cd42e4dffb, max_idle_ns: 881590591483 ns
[    0.396657] clocksource: mult[800000] shift[23]
[    0.396706] clockevent: mult[80000000] shift[31]
[    0.397104] Console: colour dummy device 80x25
[    0.397168] printk: console [tty0] enabled
[    0.397246] printk: bootconsole [earlyprom0] disabled
[    0.397333] Lock dependency validator: Copyright (c) 2006 Red Hat, Inc., Ingo Molnar
[    0.397386] ... MAX_LOCKDEP_SUBCLASSES:  8
[    0.397419] ... MAX_LOCK_DEPTH:          48
[    0.397452] ... MAX_LOCKDEP_KEYS:        8192
[    0.397486] ... CLASSHASH_SIZE:          4096
[    0.397520] ... MAX_LOCKDEP_ENTRIES:     16384
[    0.397554] ... MAX_LOCKDEP_CHAINS:      32768
[    0.397588] ... CHAINHASH_SIZE:          16384
[    0.397622]  memory used by lock dependency info: 3919 kB
[    0.397661]  memory used for stack traces: 2112 kB
[    0.397697]  per task-struct memory footprint: 1920 bytes
[    0.546925] Calibrating delay using timer specific routine.. 2003.21 BogoMIPS (lpj=10016055)
[    0.546987] pid_max: default: 131072 minimum: 1024
[    0.547295] LSM: Security Framework initializing
[    0.547458] AppArmor: AppArmor initialized
[    0.547761] Mount-cache hash table entries: 131072 (order: 7, 1048576 bytes, linear)
[    0.547931] Mountpoint-cache hash table entries: 131072 (order: 7, 1048576 bytes, linear)
[    0.553681] rcu: Hierarchical SRCU implementation.
[    0.564572] smp: Bringing up secondary CPUs ...
[    0.565809] ------------[ cut here ]------------
[    0.565839] WARNING: CPU: 0 PID: 1 at kernel/locking/lockdep.c:4890 check_flags+0x9c/0x2c0
[    0.565865] DEBUG_LOCKS_WARN_ON(lockdep_hardirqs_enabled())
[    0.565867] Modules linked in:
[    0.565901] CPU: 0 PID: 1 Comm: swapper/0 Not tainted 5.9.0-rc8-00218-g277e570ae193 #80
[    0.565927] Call Trace:
[    0.565942] [<00000000004727a8>] __warn+0xa8/0x120
[    0.565961] [<0000000000472c10>] warn_slowpath_fmt+0x64/0x74
[    0.565981] [<00000000004e881c>] check_flags+0x9c/0x2c0
[    0.566003] [<0000000000c199a0>] lock_is_held_type+0x20/0x140
[    0.566025] [<0000000000509894>] rcu_read_lock_sched_held+0x54/0xa0
[    0.566047] [<00000000004ed740>] lock_acquire+0x120/0x4a0
[    0.566068] [<0000000000c23310>] _raw_spin_lock+0x30/0x60
[    0.566090] [<00000000009bb39c>] p1275_cmd_direct+0x1c/0x60
[    0.566109] [<00000000009bb270>] prom_startcpu_cpuid+0x30/0x40
[    0.566131] [<00000000004427e4>] __cpu_up+0x184/0x3a0
[    0.566150] [<0000000000474600>] bringup_cpu+0x20/0x120
[    0.566169] [<000000000047378c>] cpuhp_invoke_callback+0xec/0x340
[    0.566189] [<0000000000475494>] cpu_up+0x154/0x220
[    0.566208] [<0000000000475d20>] bringup_nonboot_cpus+0x60/0xa0
[    0.566232] [<0000000000fbc338>] smp_init+0x28/0xa0
[    0.566253] [<0000000000fad3b4>] kernel_init_freeable+0x18c/0x300
[    0.566273] irq event stamp: 5135
[    0.566288] hardirqs last  enabled at (5135): [<0000000000c23728>] _raw_spin_unlock_irqrestore+0x28/0x60
[    0.566318] hardirqs last disabled at (5134): [<0000000000c234e0>] _raw_spin_lock_irqsave+0x20/0x80
[    0.566347] softirqs last  enabled at (1500): [<0000000000c262a0>] __do_softirq+0x4e0/0x560
[    0.566376] softirqs last disabled at (1493): [<000000000042d394>] do_softirq_own_stack+0x34/0x60
[    0.566407] random: get_random_bytes called from __warn+0xc8/0x120 with crng_init=0
[    0.566412] ---[ end trace 13ae81e761896c36 ]---
[    0.566450] possible reason: unannotated irqs-off.
[    0.566466] irq event stamp: 5135
[    0.566481] hardirqs last  enabled at (5135): [<0000000000c23728>] _raw_spin_unlock_irqrestore+0x28/0x60
[    0.566510] hardirqs last disabled at (5134): [<0000000000c234e0>] _raw_spin_lock_irqsave+0x20/0x80
[    0.566539] softirqs last  enabled at (1500): [<0000000000c262a0>] __do_softirq+0x4e0/0x560
[    0.566566] softirqs last disabled at (1493): [<000000000042d394>] do_softirq_own_stack+0x34/0x60
[    0.588256] smp: Brought up 1 node, 32 CPUs
[    0.591179] devtmpfs: initialized
[    0.593352] Performance events: 
[    0.593379] Testing NMI watchdog ... 
[    0.793442] OK.
[    0.793495] Supported PMU type is 'niagara5'
[    0.793966] ldc.c:v1.1 (July 22, 2008)
[    0.795298] clocksource: jiffies: mask: 0xffffffff max_cycles: 0xffffffff, max_idle_ns: 19112604462750000 ns
[    0.795349] futex hash table entries: 32768 (order: 9, 4194304 bytes, linear)
[    0.797957] NET: Registered protocol family 16
[    0.802876] VIO: Adding device channel-devices (tx_ino = ffffffffffffffff, rx_ino = ffffffffffffffff)
[    0.802980] VIO: Adding device vnet-port-0-0 (tx_ino = 0, rx_ino = 1)
[    0.803065] VIO: Adding device vnet-port-0-1 (tx_ino = 2, rx_ino = 3)
[    0.803148] VIO: Adding device vnet-port-0-2 (tx_ino = 4, rx_ino = 5)
[    0.803234] VIO: Adding device vnet-port-0-3 (tx_ino = 6, rx_ino = 7)
[    0.803322] VIO: Adding device vnet-port-0-4 (tx_ino = 8, rx_ino = 9)
[    0.803405] VIO: Adding device vnet-port-0-5 (tx_ino = a, rx_ino = b)
[    0.803505] VIO: Adding device vdc-port-2-0 (tx_ino = c, rx_ino = d)
[    0.803597] VIO: Adding device vdc-port-1-0 (tx_ino = e, rx_ino = f)
[    0.803681] VIO: Adding device vdc-port-0-0 (tx_ino = 10, rx_ino = 11)
[    0.803769] VIO: Adding device vdc-port-3-0 (tx_ino = 12, rx_ino = 13)
[    0.803852] VIO: Adding device vlds-port-0-0 (tx_ino = 14, rx_ino = 15)
[    0.803938] VIO: Adding device domain-services-port-0 (tx_ino = 14, rx_ino = 15)
[    0.804080] audit: initializing netlink subsys (disabled)
[    0.804244] audit: type=2000 audit(0.400:1): state=initialized audit_enabled=0 res=1
[    0.819370] HugeTLB registered 64.0 KiB page size, pre-allocated 0 pages
[    0.819395] HugeTLB registered 8.00 MiB page size, pre-allocated 0 pages
[    0.819419] HugeTLB registered 256 MiB page size, pre-allocated 0 pages
[    0.819442] HugeTLB registered 2.00 GiB page size, pre-allocated 0 pages
[    0.820519] alg: extra crypto tests enabled.  This is intended for developer use only.
[    0.841111] cryptd: max_cpu_qlen set to 1000
[    0.909053] vgaarb: loaded
[    0.909692] NetLabel: Initializing
[    0.909708] NetLabel:  domain hash size = 128
[    0.909725] NetLabel:  protocols = UNLABELED CIPSOv4 CALIPSO
[    0.909785] NetLabel:  unlabeled traffic allowed by default
[    0.910383] SUN4V: Reboot data supported (maj=1,min=0).
[    0.910572] ds.c:v1.0 (Jul 11, 2007)
[    0.910765] ds-0: ds_conn_reset() from send_events
[    0.910971] clocksource: Switched to clocksource stick
[    1.021611] VFS: Disk quotas dquot_6.6.0
[    1.021713] VFS: Dquot-cache hash table entries: 1024 (order 0, 8192 bytes)
[    1.022777] AppArmor: AppArmor Filesystem Enabled
[    1.029372] NET: Registered protocol family 2
[    1.030374] tcp_listen_portaddr_hash hash table entries: 32768 (order: 8, 2621440 bytes, linear)
[    1.031638] TCP established hash table entries: 524288 (order: 9, 4194304 bytes, linear)
[    1.033814] TCP bind hash table entries: 65536 (order: 9, 4718592 bytes, linear)
[    1.036010] TCP: Hash tables configured (established 524288 bind 65536)
[    1.037244] UDP hash table entries: 32768 (order: 9, 5242880 bytes, linear)
[    1.039932] UDP-Lite hash table entries: 32768 (order: 9, 5242880 bytes, linear)
[    1.043998] NET: Registered protocol family 1
[    1.044034] NET: Registered protocol family 44
[    1.044073] PCI: CLS 0 bytes, default 64
[    1.044299] Trying to unpack rootfs image as initramfs...
[    1.193559] Freeing initrd memory: 14800K
[    1.194093] aes_sparc64: Using sparc64 aes opcodes optimized AES implementation
[    1.421927] des_sparc64: Using sparc64 des opcodes optimized DES implementation
[    1.856438] camellia_sparc64: Using sparc64 camellia opcodes optimized CAMELLIA implementation
[    2.012023] workingset: timestamp_bits=41 max_order=23 bucket_order=0
[    2.020601] zbud: loaded
[    2.023319] SGI XFS with ACLs, security attributes, quota, fatal assert, debug enabled
[    2.049499] Block layer SCSI generic (bsg) driver version 0.4 loaded (major 252)
[    2.050039] io scheduler mq-deadline registered
[    2.051880] f029b788: ttyHV0 at I/O 0x0 (irq = 1, base_baud = 115200) is a SUN4V HCONS
[    2.052481] printk: console [ttyHV0] enabled
[    2.054780] sunvdc.c:v1.2 (November 24, 2014)
[    2.058084] sunvdc: Virtual Hard disk vdiskc
[    2.058104] sunvdc: vdiskc: 104857600 sectors (51200 MB) protocol 1.2
[    2.070675] sunvdc: Virtual Hard disk vdiskb
[    2.070698] sunvdc: vdiskb: 62914560 sectors (30720 MB) protocol 1.2
[    2.071675]  vdiskb: vdiskb1
[    2.083530] sunvdc: Virtual Hard disk vdiska
[    2.083552] sunvdc: vdiska: 31457280 sectors (15360 MB) protocol 1.2
[    2.084330]  vdiska: vdiska1 vdiska2 vdiska3 vdiska4
[    2.096926] sunvdc: Virtual CDROM vdiskd
[    2.096951] sunvdc: vdiskd: 453848 sectors (221 MB) protocol 1.2
[    2.097681]  vdiskd: vdiskd1 vdiskd2 vdiskd3 vdiskd4 vdiskd5 vdiskd6 vdiskd7
[    2.107848] sunvnet: sunvnet 2.0 (February 3, 2017)
[    2.109156] vnet_port vnet-port-0-0 eth0: Sun LDOM vnet 00:14:4f:f8:12:a3
[    2.109270] sunvnet: eth0: PORT ( remote-mac 00:14:4f:fa:f3:f0 switch-port )
[    2.109738] sunvnet: eth0: PORT ( remote-mac 00:14:4f:f8:e5:f3 )
[    2.110224] sunvnet: eth0: PORT ( remote-mac 00:14:4f:f9:b4:97 )
[    2.110691] sunvnet: eth0: PORT ( remote-mac 00:14:4f:f8:3f:1e )
[    2.111174] sunvnet: eth0: PORT ( remote-mac 00:14:4f:f8:fe:47 )
[    2.111636] sunvnet: eth0: PORT ( remote-mac 00:14:4f:fb:b5:00 )
[    2.112561] rtc-sun4v rtc-sun4v: registered as rtc0
[    2.112634] rtc-sun4v rtc-sun4v: setting system clock to 2020-10-12T13:28:27 UTC (1602509307)
[    2.112893] sun4v_wdt: initialized (timeout=60s, nowayout=0)
[    2.113128] device-mapper: uevent: version 1.0.3
[    2.113710] device-mapper: ioctl: 4.42.0-ioctl (2020-02-27) initialised: dm-devel@redhat.com
[    2.114363] NET: Registered protocol family 17
[    2.114576] registered taskstats version 1
[    2.115035] zswap: loaded using pool lzo/zbud
[    2.115850] AppArmor: AppArmor sha1 policy hashing enabled
[    2.118483] This architecture does not have kernel memory protection.
[    2.118516] Run /init as init process
[    2.118534]   with arguments:
[    2.118549]     /init
[    2.118562]   with environment:
[    2.118577]     HOME=/
[    2.118591]     TERM=linux
[    2.118605]     BOOT_IMAGE=/vmlinux-5.9.0-rc8-00218-g277e570ae193
[    2.405421] random: lvm: uninitialized urandom read (4 bytes read)
[    2.409391] crc32c_sparc64: Using sparc64 crc32c opcode optimized CRC32C implementation
[    2.444483] random: lvm: uninitialized urandom read (2 bytes read)
[    2.990950] raid6: int64x8  gen()  2159 MB/s
[    3.160942] raid6: int64x8  xor()  1522 MB/s
[    3.330951] raid6: int64x4  gen()  3396 MB/s
[    3.500944] raid6: int64x4  xor()  1462 MB/s
[    3.670957] raid6: int64x2  gen()  2921 MB/s
[    3.840963] raid6: int64x2  xor()  1091 MB/s
[    4.010950] raid6: int64x1  gen()  1437 MB/s
[    4.180945] raid6: int64x1  xor()   712 MB/s
[    4.180966] raid6: using algorithm int64x4 gen() 3396 MB/s
[    4.180987] raid6: .... xor() 1462 MB/s, rmw enabled
[    4.181008] raid6: using intx1 recovery algorithm
[    4.181608] async_tx: api initialized (async)
[    4.181881] xor: automatically using best checksumming function   Niagara   
[    4.250869] random: fast init done
[    4.370400] EXT4-fs (vdiska2): mounted filesystem with ordered data mode. Opts: (null)
[    4.506503] systemd[1]: Inserted module 'autofs4'
[    4.516167] NET: Registered protocol family 10
[    4.520426] Segment Routing with IPv6
[    4.531954] systemd[1]: systemd 246.6-1 running in system mode. (+PAM +AUDIT +SELINUX +IMA +APPARMOR +SMACK +SYSVINIT +UTMP +LIBCRYPTSETUP +GCRYPT +GNUTLS +ACL +XZ +LZ4 +ZSTD -SECCOMP +BLKID +ELFUTILS +KMOD +IDN2 -IDN +PCRE2 default-hierarchy=hybrid)
[    4.532374] systemd[1]: Detected architecture sparc64.
[    4.634188] systemd[1]: Set hostname to <ttip>.
[    4.701872] random: lvmconfig: uninitialized urandom read (4 bytes read)
[    4.940803] systemd[1]: Queued start job for default target Multi-User System.
[    4.941416] random: systemd: uninitialized urandom read (16 bytes read)
[    4.966982] systemd[1]: Created slice system-getty.slice.
[    4.967418] random: systemd: uninitialized urandom read (16 bytes read)
[    4.976542] systemd[1]: Created slice system-modprobe.slice.
[    4.985242] systemd[1]: Created slice system-openvpn\x2dclient.slice.
[    5.003918] systemd[1]: Created slice system-postfix.slice.
[    5.013063] systemd[1]: Created slice system-systemd\x2dfsck.slice.
[    5.021867] systemd[1]: Created slice User and Session Slice.
[    5.022409] systemd[1]: Started Dispatch Password Requests to Console Directory Watch.
[    5.022900] systemd[1]: Started Forward Password Requests to Wall Directory Watch.
[    5.024501] systemd[1]: Set up automount Arbitrary Executable File Formats File System Automount Point.
[    5.024876] systemd[1]: Reached target Local Encrypted Volumes.
[    5.025223] systemd[1]: Reached target Paths.
[    5.025521] systemd[1]: Reached target Slices.
[    5.026094] systemd[1]: Listening on Device-mapper event daemon FIFOs.
[    5.026740] systemd[1]: Listening on LVM2 poll daemon socket.
[    5.054381] systemd[1]: Listening on RPCbind Server Activation Socket.
[    5.055196] systemd[1]: Listening on Syslog Socket.
[    5.055855] systemd[1]: Listening on fsck to fsckd communication Socket.
[    5.056313] systemd[1]: Listening on initctl Compatibility Named Pipe.
[    5.057084] systemd[1]: Listening on Journal Audit Socket.
[    5.057688] systemd[1]: Listening on Journal Socket (/dev/log).
[    5.058430] systemd[1]: Listening on Journal Socket.
[    5.059158] systemd[1]: Listening on udev Control Socket.
[    5.059724] systemd[1]: Listening on udev Kernel Socket.
[    5.071228] systemd[1]: Mounting Huge Pages File System...
[    5.083047] systemd[1]: Mounting POSIX Message Queue File System...
[    5.114543] systemd[1]: Mounting RPC Pipe File System...
[    5.126699] systemd[1]: Mounting Kernel Debug File System...
[    5.138867] systemd[1]: Mounting Kernel Trace File System...
[    5.139462] systemd[1]: Condition check resulted in Kernel Module supporting RPCSEC_GSS being skipped.
[    5.140176] systemd[1]: Finished Availability of block devices.
[    5.152230] systemd[1]: Starting Wait for network to be configured by ifupdown...
[    5.156426] RPC: Registered named UNIX socket transport module.
[    5.156453] RPC: Registered udp transport module.
[    5.156473] RPC: Registered tcp transport module.
[    5.156492] RPC: Registered tcp NFSv4.1 backchannel transport module.
[    5.164253] systemd[1]: Starting Create list of static device nodes for the current kernel...
[    5.175647] systemd[1]: Starting Monitoring of LVM2 mirrors, snapshots etc. using dmeventd or progress polling...
[    5.187080] systemd[1]: Starting Load Kernel Module drm...
[    5.199184] systemd[1]: Starting nftables...
[    5.200694] systemd[1]: Condition check resulted in Set Up Additional Binary Formats being skipped.
[    5.200857] systemd[1]: Condition check resulted in File System Check on Root Device being skipped.
[    5.214570] systemd[1]: Starting Journal Service...
[    5.227254] systemd[1]: Starting Load Kernel Modules...
[    5.240046] systemd[1]: Starting Remount Root and Kernel File Systems...
[    5.255019] systemd[1]: Starting Coldplug All udev Devices...
[    5.263084] systemd[1]: Mounted Huge Pages File System.
[    5.264228] systemd[1]: Mounted POSIX Message Queue File System.
[    5.265316] systemd[1]: Mounted RPC Pipe File System.
[    5.266405] systemd[1]: Mounted Kernel Debug File System.
[    5.267440] systemd[1]: Mounted Kernel Trace File System.
[    5.271325] systemd[1]: Finished Wait for network to be configured by ifupdown.
[    5.275369] systemd[1]: Finished Create list of static device nodes for the current kernel.
[    5.277311] systemd[1]: modprobe@drm.service: Succeeded.
[    5.279949] systemd[1]: Finished Load Kernel Module drm.
[    5.281600] EXT4-fs (vdiska2): re-mounted. Opts: errors=remount-ro
[    5.286146] systemd[1]: Started Journal Service.
[    5.674311] sha1_sparc64: Using sparc64 sha1 opcode optimized SHA-1 implementation
[    5.675797] n2rng v0.3 (Jan 7, 2017)
[    5.675845] n2rng f029b104: Registered RNG HVAPI major 2 minor 0
[    5.675874] n2rng f029b104: Found multi-unit-capable RNG, units: 2
[    5.676339] n2rng f029b104: RNG ready
[    5.698524] pktcdvd: setup of pktcdvd device failed
[    5.731903] pktcdvd: setup of pktcdvd device failed
[    5.734978] pktcdvd: setup of pktcdvd device failed
[    5.738049] pktcdvd: setup of pktcdvd device failed
[    5.741213] pktcdvd: setup of pktcdvd device failed
[    5.744025] pktcdvd: setup of pktcdvd device failed
[    5.746892] pktcdvd: setup of pktcdvd device failed
[    5.749435] pktcdvd: setup of pktcdvd device failed
[    5.872516] sha256_sparc64: Using sparc64 sha256 opcode optimized SHA-256/SHA-224 implementation
[    5.936054] XFS (dm-0): Mounting V5 Filesystem
[    5.941907] Adding 787176k swap on /dev/vdiska4.  Priority:-2 extents:1 across:787176k FS
[    5.987913] sha512_sparc64: Using sparc64 sha512 opcode optimized SHA-512/SHA-384 implementation
[    5.988892] md5_sparc64: Using sparc64 md5 opcode optimized MD5 implementation
[    5.990479] EXT4-fs (vdiska1): mounting ext3 file system using the ext4 subsystem
[    6.000449] EXT4-fs (vdiska1): mounted filesystem with ordered data mode. Opts: (null)
[    6.000603] ext3 filesystem being mounted at /boot supports timestamps until 2038 (0x7fffffff)
[    6.107053] XFS (dm-0): Ending clean mount
[    6.108966] xfs filesystem being mounted at /1 supports timestamps until 2038 (0x7fffffff)
[    6.190106] Kernel unaligned access at TPC[8d5d5c] aa_dfa_unpack+0x3c/0x640
[    6.190150] Kernel unaligned access at TPC[8d5d70] aa_dfa_unpack+0x50/0x640
[    6.190180] Kernel unaligned access at TPC[8d5e34] aa_dfa_unpack+0x114/0x640
[    6.190211] Kernel unaligned access at TPC[8d5f04] aa_dfa_unpack+0x1e4/0x640
[    6.190240] Kernel unaligned access at TPC[8d5f18] aa_dfa_unpack+0x1f8/0x640
[    6.194012] audit: type=1400 audit(1602509311.570:2): apparmor="STATUS" operation="profile_load" profile="unconfined" name="/usr/sbin/haveged" pid=662 comm="apparmor_parser"
[    6.194675] audit: type=1400 audit(1602509311.570:3): apparmor="STATUS" operation="profile_load" profile="unconfined" name="lsb_release" pid=669 comm="apparmor_parser"
[    6.198765] audit: type=1400 audit(1602509311.570:4): apparmor="STATUS" operation="profile_load" profile="unconfined" name="nvidia_modprobe" pid=664 comm="apparmor_parser"
[    6.198837] audit: type=1400 audit(1602509311.570:5): apparmor="STATUS" operation="profile_load" profile="unconfined" name="nvidia_modprobe//kmod" pid=664 comm="apparmor_parser"
[    6.199085] audit: type=1400 audit(1602509311.570:6): apparmor="STATUS" operation="profile_load" profile="unconfined" name="named" pid=668 comm="apparmor_parser"
[    6.204250] audit: type=1400 audit(1602509311.580:7): apparmor="STATUS" operation="profile_load" profile="unconfined" name="tcpdump" pid=667 comm="apparmor_parser"
[    6.212148] audit: type=1400 audit(1602509311.590:8): apparmor="STATUS" operation="profile_load" profile="unconfined" name="/usr/bin/man" pid=665 comm="apparmor_parser"
[    6.212215] audit: type=1400 audit(1602509311.590:9): apparmor="STATUS" operation="profile_load" profile="unconfined" name="man_filter" pid=665 comm="apparmor_parser"
[    6.212279] audit: type=1400 audit(1602509311.590:10): apparmor="STATUS" operation="profile_load" profile="unconfined" name="man_groff" pid=665 comm="apparmor_parser"
[    6.729117] random: crng init done
[    6.729154] random: 5 urandom warning(s) missed due to ratelimiting
