[    0.000019] PROMLIB: Sun IEEE Boot Prom 'OBP 4.38.12 2018/03/28 14:54'
[    0.000030] PROMLIB: Root node compatible: sun4v
[    0.000075] Linux version 5.2.0-10864-g9a05671dd8d8 (mator@ttip) (gcc version 8.3.0 (Debian 8.3.0-19)) #1171 SMP Thu Aug 15 10:34:39 MSK 2019
[    0.000383] printk: bootconsole [earlyprom0] enabled
[    0.000435] ARCH: SUN4V
[    0.000484] Ethernet address: 00:14:4f:fa:06:f2
[    0.000536] MM: PAGE_OFFSET is 0xfff8000000000000 (max_phys_bits == 47)
[    0.000600] MM: VMALLOC [0x0000000100000000 --> 0x0006000000000000]
[    0.000662] MM: VMEMMAP [0x0006000000000000 --> 0x000c000000000000]
[    0.012256] Kernel: Using 5 locked TLB entries for main kernel image.
[    0.012326] Remapping the kernel... 
[    0.012350] done.
[    0.047340] OF stdout device is: /virtual-devices@100/console@1
[    0.047404] PROM: Built device tree with 87467 bytes of memory.
[    0.047464] MDESC: Size is 37248 bytes.
[    0.047584] PLATFORM: banner-name [SPARC T5-2]
[    0.047635] PLATFORM: name [ORCL,SPARC-T5-2]
[    0.047680] PLATFORM: hostid [84fa06f2]
[    0.047723] PLATFORM: serial# [0035260e]
[    0.047765] PLATFORM: stick-frequency [3b9aca00]
[    0.047813] PLATFORM: mac-address [144ffa06f2]
[    0.047860] PLATFORM: watchdog-resolution [1000 ms]
[    0.047910] PLATFORM: watchdog-max-timeout [31536000000 ms]
[    0.047966] PLATFORM: max-cpus [1024]
[    0.048037] Top of RAM: 0x24af938000, Total RAM: 0x87f354000
[    0.048096] Memory hole size: 115461MB
[    0.100814] kmemleak: Kernel memory leak detector disabled
[    0.281067] Allocated 35708928 bytes for kernel page tables.
[    0.281143] Zone ranges:
[    0.281181]   Normal   [mem 0x0000000030400000-0x00000024af937fff]
[    0.281245] Movable zone start for each node
[    0.281289] Early memory node ranges
[    0.281330]   node   0: [mem 0x0000000030400000-0x000000006fe7ffff]
[    0.281389]   node   0: [mem 0x000000006ff00000-0x000000006ff25fff]
[    0.282451]   node   0: [mem 0x0000000070000000-0x000000042fffffff]
[    0.282512]   node   0: [mem 0x0000002030000000-0x00000024af87ffff]
[    0.282572]   node   0: [mem 0x00000024af900000-0x00000024af925fff]
[    0.282634]   node   0: [mem 0x00000024af930000-0x00000024af937fff]
[    0.290001] Zeroed struct page in unavailable ranges: 230130 pages
[    0.290009] Initmem setup node 0 [mem 0x0000000030400000-0x00000024af937fff]
[    0.290168] On node 0 totalpages: 4454826
[    0.290178]   Normal zone: 39154 pages used for memmap
[    0.290183]   Normal zone: 0 pages reserved
[    0.290189]   Normal zone: 4454826 pages, LIFO batch:31
[    0.488072] Booting Linux...
[    0.488159] CPU CAPS: [flush,stbar,swap,muldiv,v9,blkinit,n2,mul32]
[    0.488242] CPU CAPS: [div32,v8plus,popc,vis,vis2,ASIBlkInit,fmaf,vis3]
[    0.489321] CPU CAPS: [hpc,ima,pause,cbcond,aes,des,kasumi,camellia]
[    0.489393] CPU CAPS: [md5,sha1,sha256,sha512,mpmul,montmul,montsqr,crc32c]
[    0.555874] percpu: Embedded 27 pages/cpu s180680 r8192 d32312 u262144
[    0.556151] pcpu-alloc: s180680 r8192 d32312 u262144 alloc=1*4194304
[    0.556159] pcpu-alloc: [0] 000 001 002 003 004 005 006 007 008 009 010 011 012 013 014 015 
[    0.556186] pcpu-alloc: [0] 016 017 018 019 020 021 022 023 024 025 026 027 028 029 030 031 
[    0.556213] pcpu-alloc: [0] 032 033 034 035 036 037 038 039 040 041 042 043 044 045 046 047 
[    0.556240] pcpu-alloc: [0] 048 049 050 051 052 053 054 055 056 057 058 059 060 061 062 063 
[    0.556267] pcpu-alloc: [0] 064 065 066 067 068 069 070 071 072 073 074 075 076 077 078 079 
[    0.556294] pcpu-alloc: [0] 080 081 082 083 084 085 086 087 088 089 090 091 092 093 094 095 
[    0.556321] pcpu-alloc: [0] 096 097 098 099 100 101 102 103 104 105 106 107 108 109 110 111 
[    0.556348] pcpu-alloc: [0] 112 113 114 115 116 117 118 119 120 121 122 123 124 125 126 127 
[    0.556375] pcpu-alloc: [0] 128 129 130 131 132 133 134 135 136 137 138 139 140 141 142 143 
[    0.556402] pcpu-alloc: [0] 144 145 146 147 148 149 150 151 152 153 154 155 156 157 158 159 
[    0.556429] pcpu-alloc: [0] 160 161 162 163 164 165 166 167 168 169 170 171 172 173 174 175 
[    0.556456] pcpu-alloc: [0] 176 177 178 179 180 181 182 183 184 185 186 187 188 189 190 191 
[    0.556483] pcpu-alloc: [0] 192 193 194 195 196 197 198 199 200 201 202 203 204 205 206 207 
[    0.556510] pcpu-alloc: [0] 208 209 210 211 212 213 214 215 216 217 218 219 220 221 222 223 
[    0.556537] pcpu-alloc: [0] 224 225 226 227 228 229 230 231 232 233 234 235 236 237 238 239 
[    0.556564] pcpu-alloc: [0] 240 241 242 243 244 245 246 247 248 249 250 251 252 253 254 255 
[    0.557066] SUN4V: Mondo queue sizes [cpu(131072) dev(16384) r(8192) nr(256)]
[    0.557601] Built 1 zonelists, mobility grouping on.  Total pages: 4415672
[    0.557697] Kernel command line: BOOT_IMAGE=/vmlinux-5.2.0-10864-g9a05671dd8d8 root=/dev/vdiska2 ro zswap.enabled=1
[    0.560084] printk: log_buf_len individual max cpu contribution: 4096 bytes
[    0.560154] printk: log_buf_len total cpu_extra contributions: 1044480 bytes
[    0.560222] printk: log_buf_len min size: 131072 bytes
[    0.560696] printk: log_buf_len: 2097152 bytes
[    0.560748] printk: early log buf free: 125824(95%)
[    0.570377] Dentry cache hash table entries: 8388608 (order: 13, 67108864 bytes, linear)
[    0.575289] Inode-cache hash table entries: 4194304 (order: 12, 33554432 bytes, linear)
[    0.575374] Sorting __ex_table...
[    0.575606] mem auto-init: stack:off, heap alloc:off, heap free:off
[    0.653770] Memory: 35067208K/35638608K available (6872K kernel code, 972K rwdata, 2056K rodata, 1000K init, 6717K bss, 571400K reserved, 0K cma-reserved)
[    0.670802] ftrace: allocating 19816 entries in 39 pages
[    0.689270] Running RCU self tests
[    0.689339] rcu: Hierarchical RCU implementation.
[    0.689391] rcu: 	RCU event tracing is enabled.
[    0.689442] rcu: 	RCU lockdep checking is enabled.
[    0.689491] 	Tasks RCU enabled.
[    0.690532] rcu: RCU calculated value of scheduler-enlistment delay is 11 jiffies.
[    0.698769] NR_IRQS: 2048, nr_irqs: 2048, preallocated irqs: 1
[    0.699137] SUN4V: Using IRQ API major 3, cookie only virqs enabled
[    0.705554] clocksource: stick: mask: 0xffffffffffffffff max_cycles: 0x1cd42e4dffb, max_idle_ns: 881590591483 ns
[    0.705690] clocksource: mult[800000] shift[23]
[    0.705740] clockevent: mult[80000000] shift[31]
[    0.728204] Console: colour dummy device 80x25
[    0.728292] printk: console [tty0] enabled
[    0.728370] printk: bootconsole [earlyprom0] disabled
[    0.728457] Lock dependency validator: Copyright (c) 2006 Red Hat, Inc., Ingo Molnar
[    0.728505] ... MAX_LOCKDEP_SUBCLASSES:  8
[    0.728535] ... MAX_LOCK_DEPTH:          48
[    0.728565] ... MAX_LOCKDEP_KEYS:        8192
[    0.728595] ... CLASSHASH_SIZE:          4096
[    0.728626] ... MAX_LOCKDEP_ENTRIES:     16384
[    0.728657] ... MAX_LOCKDEP_CHAINS:      32768
[    0.728688] ... CHAINHASH_SIZE:          16384
[    0.728719]  memory used by lock dependency info: 3855 kB
[    0.728755]  per task-struct memory footprint: 1920 bytes
[    0.729472] kmemleak: Early log buffer exceeded (9381), please increase DEBUG_KMEMLEAK_EARLY_LOG_SIZE
[    0.876117] Calibrating delay using timer specific routine.. 2007.27 BogoMIPS (lpj=10036363)
[    0.876187] pid_max: default: 262144 minimum: 2048
[    0.883477] Mount-cache hash table entries: 131072 (order: 7, 1048576 bytes, linear)
[    0.883713] Mountpoint-cache hash table entries: 131072 (order: 7, 1048576 bytes, linear)
[    0.888520] *** VALIDATE proc ***
[    0.891210] *** VALIDATE cgroup1 ***
[    0.891242] *** VALIDATE cgroup2 ***
[    0.895713] rcu: Hierarchical SRCU implementation.
[    0.919514] smp: Bringing up secondary CPUs ...
[    1.015214] smp: Brought up 1 node, 32 CPUs
[    1.025787] devtmpfs: initialized
[    1.032131] Performance events: 
[    1.032188] Testing NMI watchdog ... 
[    1.232521] OK.
[    1.232695] Supported PMU type is 'niagara5'
[    1.233478] random: get_random_u32 called from bucket_table_alloc.isra.4+0x184/0x1c0 with crng_init=0
[    1.234632] ldc.c:v1.1 (July 22, 2008)
[    1.238449] clocksource: jiffies: mask: 0xffffffff max_cycles: 0xffffffff, max_idle_ns: 19112604462750000 ns
[    1.238552] futex hash table entries: 65536 (order: 10, 8388608 bytes, linear)
[    1.253287] NET: Registered protocol family 16
[    1.263390] VIO: Adding device channel-devices (tx_ino = ffffffffffffffff, rx_ino = ffffffffffffffff)
[    1.263626] VIO: Adding device vnet-port-0-0 (tx_ino = 0, rx_ino = 1)
[    1.263848] VIO: Adding device vnet-port-0-1 (tx_ino = 2, rx_ino = 3)
[    1.264033] VIO: Adding device vnet-port-0-2 (tx_ino = 4, rx_ino = 5)
[    1.264220] VIO: Adding device vnet-port-0-4 (tx_ino = 8, rx_ino = 9)
[    1.264413] VIO: Adding device vnet-port-0-5 (tx_ino = a, rx_ino = b)
[    1.264608] VIO: Adding device vnet-port-0-6 (tx_ino = c, rx_ino = d)
[    1.264792] VIO: Adding device vnet-port-0-3 (tx_ino = 6, rx_ino = 7)
[    1.264977] VIO: Adding device vdc-port-3-0 (tx_ino = e, rx_ino = f)
[    1.265173] VIO: Adding device vdc-port-2-0 (tx_ino = 10, rx_ino = 11)
[    1.265358] VIO: Adding device vdc-port-1-0 (tx_ino = 12, rx_ino = 13)
[    1.265553] VIO: Adding device vdc-port-0-0 (tx_ino = 14, rx_ino = 15)
[    1.265737] VIO: Adding device vdc-port-4-0 (tx_ino = 16, rx_ino = 17)
[    1.265935] VIO: Adding device vlds-port-0-0 (tx_ino = 18, rx_ino = 19)
[    1.266122] VIO: Adding device domain-services-port-0 (tx_ino = 18, rx_ino = 19)
[    1.266735] audit: initializing netlink subsys (disabled)
[    1.267116] audit: type=2000 audit(0.550:1): state=initialized audit_enabled=0 res=1
[    1.314838] HugeTLB registered 64.0 KiB page size, pre-allocated 0 pages
[    1.314888] HugeTLB registered 8.00 MiB page size, pre-allocated 0 pages
[    1.314934] HugeTLB registered 256 MiB page size, pre-allocated 0 pages
[    1.314978] HugeTLB registered 2.00 GiB page size, pre-allocated 0 pages
[    1.363859] alg: No test for lzo-rle (lzo-rle-generic)
[    1.364406] alg: No test for lzo-rle (lzo-rle-scomp)
[    1.385294] SUN4V: Reboot data supported (maj=1,min=0).
[    1.386281] ds.c:v1.0 (Jul 11, 2007)
[    1.386872] ds-0: ds_conn_reset() from send_events.isra.3
[    1.388486] clocksource: Switched to clocksource stick
[    1.676256] VFS: Disk quotas dquot_6.6.0
[    1.677841] VFS: Dquot-cache hash table entries: 1024 (order 0, 8192 bytes)
[    1.678511] *** VALIDATE hugetlbfs ***
[    1.699105] NET: Registered protocol family 2
[    1.702318] tcp_listen_portaddr_hash hash table entries: 32768 (order: 8, 2359296 bytes, linear)
[    1.705752] TCP established hash table entries: 524288 (order: 9, 4194304 bytes, linear)
[    1.708041] TCP bind hash table entries: 65536 (order: 9, 4194304 bytes, linear)
[    1.713980] TCP: Hash tables configured (established 524288 bind 65536)
[    1.720763] UDP hash table entries: 32768 (order: 9, 5242880 bytes, linear)
[    1.728546] UDP-Lite hash table entries: 32768 (order: 9, 5242880 bytes, linear)
[    1.743030] NET: Registered protocol family 1
[    1.744123] Trying to unpack rootfs image as initramfs...
[    2.061249] Freeing initrd memory: 10424K
[    2.097006] workingset: timestamp_bits=46 max_order=23 bucket_order=0
[    2.103412] SGI XFS with ACLs, security attributes, debug enabled
[    2.134795] Block layer SCSI generic (bsg) driver version 0.4 loaded (major 252)
[    2.136850] io scheduler mq-deadline registered
[    2.139019] f029b788: ttyHV0 at I/O 0x0 (irq = 1, base_baud = 115200) is a SUN4V HCONS
[    2.145337] printk: console [ttyHV0] enabled
[    2.151169] sunvdc.c:v1.2 (November 24, 2014)
[    2.158753] sunvdc: Virtual CDROM vdiskd
[    2.158819] sunvdc: vdiskd: 403160 sectors (196 MB) protocol 1.2
[    2.160408]  vdiskd: vdiskd1 vdiskd2 vdiskd3 vdiskd4 vdiskd5 vdiskd6 vdiskd7
[    2.218082] sunvdc: Virtual Hard disk vdiskc
[    2.218135] sunvdc: vdiskc: 104857600 sectors (51200 MB) protocol 1.2
[    2.272212] sunvdc: Virtual Hard disk vdiskb
[    2.272265] sunvdc: vdiskb: 62914560 sectors (30720 MB) protocol 1.2
[    2.274067]  vdiskb: vdiskb1
[    2.327649] sunvdc: Virtual Hard disk vdiska
[    2.327700] sunvdc: vdiska: 31457280 sectors (15360 MB) protocol 1.2
[    2.328632]  vdiska: vdiska1 vdiska2 vdiska3 vdiska4
[    2.383921] sunvdc: Virtual Hard disk vdiske
[    2.383974] sunvdc: vdiske: 20971520 sectors (10240 MB) protocol 1.2
[    2.385835]  vdiske: vdiske1 vdiske2 vdiske3
[    2.432862] sunvnet: sunvnet 2.0 (February 3, 2017)
[    2.436380] vnet_port vnet-port-0-0 eth0: Sun LDOM vnet 00:14:4f:f8:12:a3
[    2.437003] sunvnet: eth0: PORT ( remote-mac 00:14:4f:fa:f3:f0 switch-port )
[    2.438370] sunvnet: eth0: PORT ( remote-mac 00:14:4f:f8:e5:f3 )
[    2.439743] sunvnet: eth0: PORT ( remote-mac 00:14:4f:f9:b4:97 )
[    2.441089] sunvnet: eth0: PORT ( remote-mac 00:14:4f:f8:3f:1e )
[    2.442405] sunvnet: eth0: PORT ( remote-mac 00:14:4f:f8:fe:47 )
[    2.443712] sunvnet: eth0: PORT ( remote-mac 00:14:4f:f9:8b:83 )
[    2.445026] sunvnet: eth0: PORT ( remote-mac 00:14:4f:f9:6c:d1 )
[    2.446753] rtc-sun4v rtc-sun4v: registered as rtc0
[    2.447439] sun4v_wdt: initialized (timeout=60s, nowayout=0)
[    2.447879] device-mapper: uevent: version 1.0.3
[    2.449093] device-mapper: ioctl: 4.40.0-ioctl (2019-01-18) initialised: dm-devel@redhat.com
[    2.451136] NET: Registered protocol family 17
[    2.461665] zswap: default zpool zbud not available
[    2.461720] zswap: pool creation failed
[    2.505397] Key type big_key registered
[    2.506476] rtc-sun4v rtc-sun4v: setting system clock to 2019-08-15T07:39:05 UTC (1565854745)
[    2.510969] This architecture does not have kernel memory protection.
[    2.511018] Run /init as init process
[    3.433989] random: fast init done
[    3.455166] crc32c_sparc64: Using sparc64 crc32c opcode optimized CRC32C implementation
[    4.078285] raid6: int64x8  gen()  2151 MB/s
[    4.248276] raid6: int64x8  xor()  1567 MB/s
[    4.418275] raid6: int64x4  gen()  3478 MB/s
[    4.588267] raid6: int64x4  xor()  1987 MB/s
[    4.758281] raid6: int64x2  gen()  2880 MB/s
[    4.928262] raid6: int64x2  xor()  1996 MB/s
[    5.098278] raid6: int64x1  gen()  2809 MB/s
[    5.268264] raid6: int64x1  xor()  1626 MB/s
[    5.268301] raid6: using algorithm int64x4 gen() 3478 MB/s
[    5.268342] raid6: .... xor() 1987 MB/s, rmw enabled
[    5.268379] raid6: using intx1 recovery algorithm
[    5.269389] async_tx: api initialized (async)
[    5.270035] xor: automatically using best checksumming function   Niagara   
[    5.479172] EXT4-fs (vdiska2): mounted filesystem with ordered data mode. Opts: (null)
[    5.714556] systemd[1]: Inserted module 'autofs4'
[    5.730899] NET: Registered protocol family 10
[    5.743395] Segment Routing with IPv6
[    5.773278] systemd[1]: systemd 241 running in system mode. (+PAM +AUDIT +SELINUX +IMA +APPARMOR +SMACK +SYSVINIT +UTMP +LIBCRYPTSETUP +GCRYPT +GNUTLS +ACL +XZ +LZ4 -SECCOMP +BLKID +ELFUTILS +KMOD -IDN2 +IDN +PCRE2 default-hierarchy=hybrid)
[    5.773913] systemd[1]: Detected architecture sparc64.
[    5.795013] systemd[1]: Set hostname to <ttip>.
[    5.802017] systemd[1]: Failed to bump fs.file-max, ignoring: Invalid argument
[    5.921791] random: lvmconfig: uninitialized urandom read (4 bytes read)
[    6.187460] systemd[1]: /lib/systemd/system/smbd.service:9: PIDFile= references path below legacy directory /var/run/, updating /var/run/samba/smbd.pid → /run/samba/smbd.pid; please update the unit file accordingly.
[    6.188111] systemd[1]: /lib/systemd/system/nmbd.service:9: PIDFile= references path below legacy directory /var/run/, updating /var/run/samba/nmbd.pid → /run/samba/nmbd.pid; please update the unit file accordingly.
[    6.222845] random: systemd: uninitialized urandom read (16 bytes read)
[    6.233269] random: systemd: uninitialized urandom read (16 bytes read)
[    6.234512] systemd[1]: Listening on Journal Socket.
[    6.235917] systemd[1]: Listening on initctl Compatibility Named Pipe.
[    6.236446] systemd[1]: Reached target Remote File Systems.
[    6.257584] systemd[1]: Starting Availability of block devices...
[    6.467533] EXT4-fs (vdiska2): re-mounted. Opts: errors=remount-ro
[    6.686814] systemd-journald[463]: Received request to flush runtime journal from PID 1
[    7.425620] sha1_sparc64: Using sparc64 sha1 opcode optimized SHA-1 implementation
[    7.433007] n2rng v0.3 (Jan 7, 2017)
[    7.433133] n2rng f029b104: Registered RNG HVAPI major 2 minor 0
[    7.433241] n2rng f029b104: Found multi-unit-capable RNG, units: 2
[    7.434307] n2rng f029b104: RNG ready
[    7.456856] sha256_sparc64: Using sparc64 sha256 opcode optimized SHA-256/SHA-224 implementation
[    7.480585] sha512_sparc64: Using sparc64 sha512 opcode optimized SHA-512/SHA-384 implementation
[    7.482894] md5_sparc64: Using sparc64 md5 opcode optimized MD5 implementation
[    7.496410] aes_sparc64: Using sparc64 aes opcodes optimized AES implementation
[    7.583788] des_sparc64: Using sparc64 des opcodes optimized DES implementation
[    7.661889] camellia_sparc64: Using sparc64 camellia opcodes optimized CAMELLIA implementation
[    9.051548] XFS (dm-0): Mounting V5 Filesystem
[    9.104223] XFS (dm-0): Ending clean mount
[   10.968381] Adding 787176k swap on /dev/vdiska4.  Priority:-2 extents:1 across:787176k FS
[   11.054543] EXT4-fs (vdiska1): mounting ext3 file system using the ext4 subsystem
[   11.071651] EXT4-fs (vdiska1): mounted filesystem with ordered data mode. Opts: (null)
