[    0.000018] PROMLIB: Sun IEEE Boot Prom 'OBP 4.38.12 2018/03/28 14:54'
[    0.000030] PROMLIB: Root node compatible: sun4v
[    0.000078] Linux version 5.5.0-05169-ge9f8ca0ae7b7 (mator@ttip) (gcc version 9.2.1 20200123 (Debian 9.2.1-25)) #1352 SMP Thu Jan 30 20:35:24 MSK 2020
[    0.000395] printk: bootconsole [earlyprom0] enabled
[    0.000446] ARCH: SUN4V
[    0.000495] Ethernet address: 00:14:4f:fa:06:f2
[    0.000546] MM: PAGE_OFFSET is 0xfff8000000000000 (max_phys_bits == 47)
[    0.000612] MM: VMALLOC [0x0000000100000000 --> 0x0006000000000000]
[    0.000674] MM: VMEMMAP [0x0006000000000000 --> 0x000c000000000000]
[    0.012365] Kernel: Using 5 locked TLB entries for main kernel image.
[    0.012434] Remapping the kernel... 
[    0.012461] done.
[    0.045929] OF stdout device is: /virtual-devices@100/console@1
[    0.045993] PROM: Built device tree with 88003 bytes of memory.
[    0.046052] MDESC: Size is 36960 bytes.
[    0.046168] PLATFORM: banner-name [SPARC T5-2]
[    0.046218] PLATFORM: name [ORCL,SPARC-T5-2]
[    0.046263] PLATFORM: hostid [84fa06f2]
[    0.046307] PLATFORM: serial# [0035260e]
[    0.046349] PLATFORM: stick-frequency [3b9aca00]
[    0.046397] PLATFORM: mac-address [144ffa06f2]
[    0.046443] PLATFORM: watchdog-resolution [1000 ms]
[    0.046494] PLATFORM: watchdog-max-timeout [31536000000 ms]
[    0.046549] PLATFORM: max-cpus [1024]
[    0.046639] Top of RAM: 0x24af938000, Total RAM: 0x87f354000
[    0.046697] Memory hole size: 115461MB
[    0.051349] Allocated 40960 bytes for kernel page tables.
[    0.051436] Zone ranges:
[    0.051475]   Normal   [mem 0x0000000030400000-0x00000024af937fff]
[    0.051539] Movable zone start for each node
[    0.051583] Early memory node ranges
[    0.051625]   node   0: [mem 0x0000000030400000-0x000000006fe7ffff]
[    0.051686]   node   0: [mem 0x000000006ff00000-0x000000006ff25fff]
[    0.051747]   node   0: [mem 0x0000000070000000-0x000000042fffffff]
[    0.051809]   node   0: [mem 0x0000002030000000-0x00000024af87ffff]
[    0.051871]   node   0: [mem 0x00000024af900000-0x00000024af925fff]
[    0.051930]   node   0: [mem 0x00000024af930000-0x00000024af937fff]
[    0.059320] Zeroed struct page in unavailable ranges: 230130 pages
[    0.059328] Initmem setup node 0 [mem 0x0000000030400000-0x00000024af937fff]
[    0.059489] On node 0 totalpages: 4454826
[    0.059498]   Normal zone: 39154 pages used for memmap
[    0.059504]   Normal zone: 0 pages reserved
[    0.059510]   Normal zone: 4454826 pages, LIFO batch:31
[    0.070376] Booting Linux...
[    0.070460] CPU CAPS: [flush,stbar,swap,muldiv,v9,blkinit,n2,mul32]
[    0.070543] CPU CAPS: [div32,v8plus,popc,vis,vis2,ASIBlkInit,fmaf,vis3]
[    0.071622] CPU CAPS: [hpc,ima,pause,cbcond,aes,des,kasumi,camellia]
[    0.071696] CPU CAPS: [md5,sha1,sha256,sha512,mpmul,montmul,montsqr,crc32c]
[    0.101612] percpu: Embedded 27 pages/cpu s182344 r8192 d30648 u262144
[    0.101840] pcpu-alloc: s182344 r8192 d30648 u262144 alloc=1*4194304
[    0.101848] pcpu-alloc: [0] 000 001 002 003 004 005 006 007 008 009 010 011 012 013 014 015 
[    0.101875] pcpu-alloc: [0] 016 017 018 019 020 021 022 023 024 025 026 027 028 029 030 031 
[    0.101902] pcpu-alloc: [0] 032 033 034 035 036 037 038 039 040 041 042 043 044 045 046 047 
[    0.101929] pcpu-alloc: [0] 048 049 050 051 052 053 054 055 056 057 058 059 060 061 062 063 
[    0.101956] pcpu-alloc: [0] 064 065 066 067 068 069 070 071 072 073 074 075 076 077 078 079 
[    0.101983] pcpu-alloc: [0] 080 081 082 083 084 085 086 087 088 089 090 091 092 093 094 095 
[    0.102010] pcpu-alloc: [0] 096 097 098 099 100 101 102 103 104 105 106 107 108 109 110 111 
[    0.102037] pcpu-alloc: [0] 112 113 114 115 116 117 118 119 120 121 122 123 124 125 126 127 
[    0.102559] SUN4V: Mondo queue sizes [cpu(131072) dev(16384) r(8192) nr(256)]
[    0.102935] Built 1 zonelists, mobility grouping on.  Total pages: 4415672
[    0.103022] Kernel command line: BOOT_IMAGE=/vmlinux-5.5.0-05169-ge9f8ca0ae7b7 root=/dev/vdiska2 ro zswap.enabled=1
[    0.105441] printk: log_buf_len individual max cpu contribution: 4096 bytes
[    0.105513] printk: log_buf_len total cpu_extra contributions: 520192 bytes
[    0.105581] printk: log_buf_len min size: 131072 bytes
[    0.105856] printk: log_buf_len: 1048576 bytes
[    0.105907] printk: early log buf free: 126648(96%)
[    0.112223] Dentry cache hash table entries: 8388608 (order: 13, 67108864 bytes, linear)
[    0.115459] Inode-cache hash table entries: 4194304 (order: 12, 33554432 bytes, linear)
[    0.115534] Sorting __ex_table...
[    0.115772] mem auto-init: stack:off, heap alloc:off, heap free:off
[    0.173822] Memory: 1305232K/35638608K available (7656K kernel code, 1035K rwdata, 2288K rodata, 632K init, 6742K bss, 508864K reserved, 0K cma-reserved)
[    0.174491] SLUB: HWalign=32, Order=0-3, MinObjects=0, CPUs=128, Nodes=1
[    0.174793] ftrace: allocating 21459 entries in 42 pages
[    0.182968] ftrace: allocated 42 pages with 3 groups
[    0.185749] Running RCU self tests
[    0.185819] rcu: Hierarchical RCU implementation.
[    0.185870] rcu: 	RCU event tracing is enabled.
[    0.185917] rcu: 	RCU lockdep checking is enabled.
[    0.185968] 	Tasks RCU enabled.
[    0.186004] rcu: RCU calculated value of scheduler-enlistment delay is 10 jiffies.
[    0.190226] NR_IRQS: 2048, nr_irqs: 2048, preallocated irqs: 1
[    0.190301] SUN4V: Using IRQ API major 3, cookie only virqs enabled
[    0.192745] clocksource: stick: mask: 0xffffffffffffffff max_cycles: 0x1cd42e4dffb, max_idle_ns: 881590591483 ns
[    0.192873] clocksource: mult[800000] shift[23]
[    0.192923] clockevent: mult[80000000] shift[31]
[    0.194445] Console: colour dummy device 80x25
[    0.194508] printk: console [tty0] enabled
[    0.194584] printk: bootconsole [earlyprom0] disabled
[    0.194668] Lock dependency validator: Copyright (c) 2006 Red Hat, Inc., Ingo Molnar
[    0.194716] ... MAX_LOCKDEP_SUBCLASSES:  8
[    0.194746] ... MAX_LOCK_DEPTH:          48
[    0.194776] ... MAX_LOCKDEP_KEYS:        8192
[    0.194806] ... CLASSHASH_SIZE:          4096
[    0.194837] ... MAX_LOCKDEP_ENTRIES:     16384
[    0.194868] ... MAX_LOCKDEP_CHAINS:      32768
[    0.194899] ... CHAINHASH_SIZE:          16384
[    0.194930]  memory used by lock dependency info: 3855 kB
[    0.194965]  memory used for stack traces: 2112 kB
[    0.194998]  per task-struct memory footprint: 1920 bytes
[    0.344319] Calibrating delay using timer specific routine.. 2008.49 BogoMIPS (lpj=10042462)
[    0.344388] pid_max: default: 131072 minimum: 1024
[    0.344672] LSM: Security Framework initializing
[    0.344823] AppArmor: AppArmor initialized
[    0.345094] Mount-cache hash table entries: 131072 (order: 7, 1048576 bytes, linear)
[    0.345258] Mountpoint-cache hash table entries: 131072 (order: 7, 1048576 bytes, linear)
[    0.345385] *** VALIDATE tmpfs ***
[    0.346253] *** VALIDATE proc ***
[    0.346756] *** VALIDATE cgroup1 ***
[    0.346787] *** VALIDATE cgroup2 ***
[    0.348883] rcu: Hierarchical SRCU implementation.
[    0.356849] smp: Bringing up secondary CPUs ...
[    0.400534] smp: Brought up 1 node, 32 CPUs
[    0.591930] node 0 initialised, 4228064 pages in 190ms
[    0.593243] devtmpfs: initialized
[    0.597948] Performance events: 
[    0.597993] Testing NMI watchdog ... 
[    0.798072] OK.
[    0.798200] Supported PMU type is 'niagara5'
[    0.798399] random: get_random_u32 called from bucket_table_alloc.isra.0+0x188/0x1c0 with crng_init=0
[    0.799105] ldc.c:v1.1 (July 22, 2008)
[    0.801509] clocksource: jiffies: mask: 0xffffffff max_cycles: 0xffffffff, max_idle_ns: 19112604462750000 ns
[    0.801598] futex hash table entries: 32768 (order: 9, 4194304 bytes, linear)
[    0.806770] NET: Registered protocol family 16
[    0.815218] VIO: Adding device channel-devices (tx_ino = ffffffffffffffff, rx_ino = ffffffffffffffff)
[    0.815432] VIO: Adding device vnet-port-0-0 (tx_ino = 0, rx_ino = 1)
[    0.815631] VIO: Adding device vnet-port-0-1 (tx_ino = 2, rx_ino = 3)
[    0.815799] VIO: Adding device vnet-port-0-2 (tx_ino = 4, rx_ino = 5)
[    0.815971] VIO: Adding device vnet-port-0-4 (tx_ino = 8, rx_ino = 9)
[    0.816137] VIO: Adding device vnet-port-0-5 (tx_ino = a, rx_ino = b)
[    0.816302] VIO: Adding device vnet-port-0-6 (tx_ino = c, rx_ino = d)
[    0.816468] VIO: Adding device vdc-port-3-0 (tx_ino = e, rx_ino = f)
[    0.816639] VIO: Adding device vdc-port-2-0 (tx_ino = 10, rx_ino = 11)
[    0.816805] VIO: Adding device vdc-port-1-0 (tx_ino = 12, rx_ino = 13)
[    0.816970] VIO: Adding device vdc-port-0-0 (tx_ino = 14, rx_ino = 15)
[    0.817140] VIO: Adding device vdc-port-4-0 (tx_ino = 16, rx_ino = 17)
[    0.817306] VIO: Adding device vlds-port-0-0 (tx_ino = 18, rx_ino = 19)
[    0.817474] VIO: Adding device domain-services-port-0 (tx_ino = 18, rx_ino = 19)
[    0.817752] audit: initializing netlink subsys (disabled)
[    0.818050] audit: type=2000 audit(0.420:1): state=initialized audit_enabled=0 res=1
[    0.842948] HugeTLB registered 64.0 KiB page size, pre-allocated 0 pages
[    0.842997] HugeTLB registered 8.00 MiB page size, pre-allocated 0 pages
[    0.843042] HugeTLB registered 256 MiB page size, pre-allocated 0 pages
[    0.843086] HugeTLB registered 2.00 GiB page size, pre-allocated 0 pages
[    0.844674] alg: extra crypto tests enabled.  This is intended for developer use only.
[    0.870228] cryptd: max_cpu_qlen set to 1000
[    0.977467] NetLabel: Initializing
[    0.977504] NetLabel:  domain hash size = 128
[    0.977537] NetLabel:  protocols = UNLABELED CIPSOv4 CALIPSO
[    0.977660] NetLabel:  unlabeled traffic allowed by default
[    0.978680] SUN4V: Reboot data supported (maj=1,min=0).
[    0.979056] ds.c:v1.0 (Jul 11, 2007)
[    0.979388] ds-0: ds_conn_reset() from send_events.isra.0
[    0.980847] clocksource: Switched to clocksource stick
[    1.178712] *** VALIDATE bpf ***
[    1.179919] VFS: Disk quotas dquot_6.6.0
[    1.180042] VFS: Dquot-cache hash table entries: 1024 (order 0, 8192 bytes)
[    1.180251] *** VALIDATE ramfs ***
[    1.180303] *** VALIDATE hugetlbfs ***
[    1.181910] AppArmor: AppArmor Filesystem Enabled
[    1.195078] NET: Registered protocol family 2
[    1.196774] tcp_listen_portaddr_hash hash table entries: 32768 (order: 8, 2359296 bytes, linear)
[    1.199666] TCP established hash table entries: 524288 (order: 9, 4194304 bytes, linear)
[    1.201654] TCP bind hash table entries: 65536 (order: 9, 4194304 bytes, linear)
[    1.207725] TCP: Hash tables configured (established 524288 bind 65536)
[    1.210147] UDP hash table entries: 32768 (order: 9, 5242880 bytes, linear)
[    1.216390] UDP-Lite hash table entries: 32768 (order: 9, 5242880 bytes, linear)
[    1.224348] NET: Registered protocol family 1
[    1.224412] NET: Registered protocol family 44
[    1.225065] Trying to unpack rootfs image as initramfs...
[    1.416733] Freeing initrd memory: 14752K
[    1.417548] aes_sparc64: Using sparc64 aes opcodes optimized AES implementation
[    1.707456] des_sparc64: Using sparc64 des opcodes optimized DES implementation
[    2.223960] camellia_sparc64: Using sparc64 camellia opcodes optimized CAMELLIA implementation
[    2.419675] workingset: timestamp_bits=46 max_order=23 bucket_order=0
[    2.440436] SGI XFS with ACLs, security attributes, quota, fatal assert, debug enabled
[    2.446441] *** VALIDATE xfs ***
[    2.460699] Block layer SCSI generic (bsg) driver version 0.4 loaded (major 252)
[    2.461524] io scheduler mq-deadline registered
[    2.464240] f029b788: ttyHV0 at I/O 0x0 (irq = 1, base_baud = 115200) is a SUN4V HCONS
[    2.465200] printk: console [ttyHV0] enabled
[    2.468698] sunvdc.c:v1.2 (November 24, 2014)
[    2.470399] sunvdc: Virtual CDROM vdiskd
[    2.470441] sunvdc: vdiskd: 403160 sectors (196 MB) protocol 1.2
[    2.472168]  vdiskd: vdiskd1 vdiskd2 vdiskd3 vdiskd4 vdiskd5 vdiskd6 vdiskd7
[    2.492203] sunvdc: Virtual Hard disk vdiskc
[    2.492244] sunvdc: vdiskc: 104857600 sectors (51200 MB) protocol 1.2
[    2.511258] sunvdc: Virtual Hard disk vdiskb
[    2.511300] sunvdc: vdiskb: 62914560 sectors (30720 MB) protocol 1.2
[    2.512530]  vdiskb: vdiskb1
[    2.530662] sunvdc: Virtual Hard disk vdiska
[    2.530701] sunvdc: vdiska: 31457280 sectors (15360 MB) protocol 1.2
[    2.532043]  vdiska: vdiska1 vdiska2 vdiska3 vdiska4
[    2.551187] sunvdc: Virtual Hard disk vdiske
[    2.551229] sunvdc: vdiske: 20971520 sectors (10240 MB) protocol 1.2
[    2.552592]  vdiske: vdiske1 vdiske2
[    2.569813] sunvnet: sunvnet 2.0 (February 3, 2017)
[    2.572002] vnet_port vnet-port-0-0 eth0: Sun LDOM vnet 00:14:4f:f8:12:a3
[    2.572219] sunvnet: eth0: PORT ( remote-mac 00:14:4f:fa:f3:f0 switch-port )
[    2.572569] sunvnet: eth0: PORT ( remote-mac 00:14:4f:f8:e5:f3 )
[    2.572907] sunvnet: eth0: PORT ( remote-mac 00:14:4f:f9:b4:97 )
[    2.573241] sunvnet: eth0: PORT ( remote-mac 00:14:4f:f8:3f:1e )
[    2.573593] sunvnet: eth0: PORT ( remote-mac 00:14:4f:f8:fe:47 )
[    2.574064] sunvnet: eth0: PORT ( remote-mac 00:14:4f:f9:8b:83 )
[    2.575257] rtc-sun4v rtc-sun4v: registered as rtc0
[    2.575783] sun4v_wdt: initialized (timeout=60s, nowayout=0)
[    2.576163] device-mapper: uevent: version 1.0.3
[    2.577126] device-mapper: ioctl: 4.41.0-ioctl (2019-09-16) initialised: dm-devel@redhat.com
[    2.578104] NET: Registered protocol family 17
[    2.578670] registered taskstats version 1
[    2.586180] zswap: default zpool zbud not available
[    2.586233] zswap: pool creation failed
[    2.911694] Key type big_key registered
[    2.911763] AppArmor: AppArmor sha1 policy hashing enabled
[    2.912539] rtc-sun4v rtc-sun4v: setting system clock to 2020-01-31T09:48:13 UTC (1580464093)
[    2.916915] This architecture does not have kernel memory protection.
[    2.916963] Run /init as init process
[    3.398821] crc32c_sparc64: Using sparc64 crc32c opcode optimized CRC32C implementation
[    3.465796] random: fast init done
[    3.503527] md127: WARNING: vdiske1 appears to be on the same physical disk as vdiske2.
[    3.503633] True protection against single-disk failure might be compromised.
[    3.504435] md/raid1:md127: active with 2 out of 2 mirrors
[    3.504722] md127: detected capacity change from 0 to 26148864
[    3.920802] raid6: int64x8  gen()  2163 MB/s
[    4.090806] raid6: int64x8  xor()  1536 MB/s
[    4.260808] raid6: int64x4  gen()  3425 MB/s
[    4.430800] raid6: int64x4  xor()  1478 MB/s
[    4.600808] raid6: int64x2  gen()  2790 MB/s
[    4.770807] raid6: int64x2  xor()  1167 MB/s
[    4.940817] raid6: int64x1  gen()  1364 MB/s
[    5.110826] raid6: int64x1  xor()   666 MB/s
[    5.110863] raid6: using algorithm int64x4 gen() 3425 MB/s
[    5.110903] raid6: .... xor() 1478 MB/s, rmw enabled
[    5.110940] raid6: using intx1 recovery algorithm
[    5.111871] async_tx: api initialized (async)
[    5.112448] xor: automatically using best checksumming function   Niagara   
[    5.303177] EXT4-fs (vdiska2): mounted filesystem with ordered data mode. Opts: (null)
[    7.281889] systemd[1]: Inserted module 'autofs4'
[    7.293894] NET: Registered protocol family 10
[    7.299977] Segment Routing with IPv6
[    7.378005] systemd[1]: systemd 244.1-1 running in system mode. (+PAM +AUDIT +SELINUX +IMA +APPARMOR +SMACK +SYSVINIT +UTMP +LIBCRYPTSETUP +GCRYPT +GNUTLS +ACL +XZ +LZ4 -SECCOMP +BLKID +ELFUTILS +KMOD +IDN2 -IDN +PCRE2 default-hierarchy=hybrid)
[    7.378648] systemd[1]: Detected architecture sparc64.
[    7.513111] systemd[1]: Set hostname to <ttip>.
[    7.547716] systemd[1]: Couldn't move remaining userspace processes, ignoring: Input/output error
[    8.469839] random: lvmconfig: uninitialized urandom read (4 bytes read)
[    9.264182] systemd[1]: /lib/systemd/system/dbus.socket:5: ListenStream= references a path below legacy directory /var/run/, updating /var/run/dbus/system_bus_socket â†’ /run/dbus/system_bus_socket; please update the unit file accordingly.
[    9.618975] random: systemd: uninitialized urandom read (16 bytes read)
[    9.629813] systemd[1]: Created slice system-getty.slice.
[    9.630496] random: systemd: uninitialized urandom read (16 bytes read)
[    9.633999] systemd[1]: Created slice system-openvpn\x2dclient.slice.
[    9.634426] random: systemd: uninitialized urandom read (16 bytes read)
[    9.637858] systemd[1]: Created slice system-postfix.slice.
[    9.643217] systemd[1]: Created slice system-systemd\x2dfsck.slice.
[    9.646963] systemd[1]: Created slice User and Session Slice.
[    9.647845] systemd[1]: Started Dispatch Password Requests to Console Directory Watch.
[    9.648664] systemd[1]: Started Forward Password Requests to Wall Directory Watch.
[    9.650740] systemd[1]: Set up automount Arbitrary Executable File Formats File System Automount Point.
[    9.651334] systemd[1]: Reached target Local Encrypted Volumes.
[    9.651811] systemd[1]: Reached target Paths.
[    9.652249] systemd[1]: Reached target Remote File Systems.
[    9.652684] systemd[1]: Reached target Slices.
[    9.653577] systemd[1]: Listening on Device-mapper event daemon FIFOs.
[    9.654616] systemd[1]: Listening on LVM2 poll daemon socket.
[    9.680315] systemd[1]: Listening on Syslog Socket.
[    9.682049] systemd[1]: Listening on fsck to fsckd communication Socket.
[    9.682794] systemd[1]: Listening on initctl Compatibility Named Pipe.
[    9.684010] systemd[1]: Listening on Journal Audit Socket.
[    9.684979] systemd[1]: Listening on Journal Socket (/dev/log).
[    9.686117] systemd[1]: Listening on Journal Socket.
[    9.687170] systemd[1]: Listening on udev Control Socket.
[    9.687978] systemd[1]: Listening on udev Kernel Socket.
[    9.696698] systemd[1]: Mounting Huge Pages File System...
[    9.705330] systemd[1]: Mounting POSIX Message Queue File System...
[    9.713798] systemd[1]: Mounting Kernel Debug File System...
[    9.722263] systemd[1]: Starting Availability of block devices...
[    9.735293] systemd[1]: Starting Wait for network to be configured by ifupdown...
[    9.744190] systemd[1]: Starting Create list of static device nodes for the current kernel...
[    9.753411] systemd[1]: Starting Monitoring of LVM2 mirrors, snapshots etc. using dmeventd or progress polling...
[    9.761613] systemd[1]: Starting nftables...
[    9.782532] systemd[1]: Condition check resulted in Set Up Additional Binary Formats being skipped.
[    9.782770] systemd[1]: Condition check resulted in File System Check on Root Device being skipped.
[    9.794721] systemd[1]: Starting Journal Service...
[    9.828538] systemd[1]: Starting Load Kernel Modules...
[    9.836995] systemd[1]: Starting Remount Root and Kernel File Systems...
[    9.846481] systemd[1]: Starting udev Coldplug all Devices...
[    9.853793] systemd[1]: Mounted Huge Pages File System.
[    9.855328] systemd[1]: Mounted POSIX Message Queue File System.
[    9.856718] systemd[1]: Mounted Kernel Debug File System.
[    9.864270] systemd[1]: Started Availability of block devices.
[    9.870362] systemd[1]: Started Wait for network to be configured by ifupdown.
[    9.876641] systemd[1]: Started Create list of static device nodes for the current kernel.
[    9.920299] systemd[1]: Started Load Kernel Modules.
[    9.924063] systemd[1]: Condition check resulted in FUSE Control File System being skipped.
[    9.924430] systemd[1]: Condition check resulted in Kernel Configuration File System being skipped.
[    9.932454] systemd[1]: Starting Apply Kernel Variables...
[    9.937722] EXT4-fs (vdiska2): re-mounted. Opts: errors=remount-ro
[    9.960973] systemd[1]: Started Remount Root and Kernel File Systems.
[   10.040220] systemd[1]: Starting Initial Check File System Quotas...
[   10.093572] systemd[1]: Condition check resulted in Rebuild Hardware Database being skipped.
[   10.101620] systemd[1]: Starting Load/Save Random Seed...
[   10.109845] systemd[1]: Starting Create System Users...
[   10.111603] systemd[1]: Started Journal Service.
[   10.198582] systemd-journald[570]: Received client request to flush runtime journal.
[   12.888669] sha1_sparc64: Using sparc64 sha1 opcode optimized SHA-1 implementation
[   12.996254] n2rng v0.3 (Jan 7, 2017)
[   12.996345] n2rng f029b104: Registered RNG HVAPI major 2 minor 0
[   12.996419] n2rng f029b104: Found multi-unit-capable RNG, units: 2
[   12.997512] n2rng f029b104: RNG ready
[   13.107650] sha256_sparc64: Using sparc64 sha256 opcode optimized SHA-256/SHA-224 implementation
[   13.129625] pktcdvd: setup of pktcdvd device failed
[   13.173459] pktcdvd: setup of pktcdvd device failed
[   13.176506] pktcdvd: setup of pktcdvd device failed
[   13.180152] pktcdvd: setup of pktcdvd device failed
[   13.185922] pktcdvd: setup of pktcdvd device failed
[   13.188986] pktcdvd: setup of pktcdvd device failed
[   13.192854] pktcdvd: setup of pktcdvd device failed
[   13.197266] pktcdvd: setup of pktcdvd device failed
[   13.300250] sha512_sparc64: Using sparc64 sha512 opcode optimized SHA-512/SHA-384 implementation
[   13.304300] md5_sparc64: Using sparc64 md5 opcode optimized MD5 implementation
[   13.420982] Adding 787176k swap on /dev/vdiska4.  Priority:-2 extents:1 across:787176k FS
[   13.689400] XFS (dm-0): Mounting V5 Filesystem
[   13.967444] XFS (dm-0): Ending clean mount
[   13.983239] EXT4-fs (vdiska1): mounting ext3 file system using the ext4 subsystem
[   14.000218] xfs filesystem being mounted at /1 supports timestamps until 2038 (0x7fffffff)
[   14.349209] EXT4-fs (vdiska1): mounted filesystem with ordered data mode. Opts: (null)
[   14.349425] ext3 filesystem being mounted at /boot supports timestamps until 2038 (0x7fffffff)
[   14.641258] random: crng init done
[   14.641405] random: 6 urandom warning(s) missed due to ratelimiting
[   15.415421] Kernel unaligned access at TPC[88a818] aa_dfa_unpack+0x38/0x5a0
[   15.415539] Kernel unaligned access at TPC[88a838] aa_dfa_unpack+0x58/0x5a0
[   15.415595] Kernel unaligned access at TPC[88a8f4] aa_dfa_unpack+0x114/0x5a0
[   15.415651] Kernel unaligned access at TPC[88a9d4] aa_dfa_unpack+0x1f4/0x5a0
[   15.415707] Kernel unaligned access at TPC[88a9e8] aa_dfa_unpack+0x208/0x5a0
[   15.424081] audit: type=1400 audit(1580464106.000:2): apparmor="STATUS" operation="profile_load" profile="unconfined" name="/usr/sbin/haveged" pid=764 comm="apparmor_parser"
[   15.424733] audit: type=1400 audit(1580464106.000:3): apparmor="STATUS" operation="profile_load" profile="unconfined" name="nvidia_modprobe" pid=765 comm="apparmor_parser"
[   15.424872] audit: type=1400 audit(1580464106.000:4): apparmor="STATUS" operation="profile_load" profile="unconfined" name="nvidia_modprobe//kmod" pid=765 comm="apparmor_parser"
[   15.428719] audit: type=1400 audit(1580464106.000:5): apparmor="STATUS" operation="profile_load" profile="unconfined" name="lsb_release" pid=769 comm="apparmor_parser"
[   15.494382] audit: type=1400 audit(1580464106.070:6): apparmor="STATUS" operation="profile_load" profile="unconfined" name="/usr/bin/man" pid=766 comm="apparmor_parser"
[   15.494510] audit: type=1400 audit(1580464106.070:7): apparmor="STATUS" operation="profile_load" profile="unconfined" name="man_filter" pid=766 comm="apparmor_parser"
[   15.494620] audit: type=1400 audit(1580464106.070:8): apparmor="STATUS" operation="profile_load" profile="unconfined" name="man_groff" pid=766 comm="apparmor_parser"
[   15.527064] audit: type=1400 audit(1580464106.100:9): apparmor="STATUS" operation="profile_load" profile="unconfined" name="/usr/sbin/named" pid=768 comm="apparmor_parser"
[   15.531746] audit: type=1400 audit(1580464106.110:10): apparmor="STATUS" operation="profile_load" profile="unconfined" name="/usr/sbin/tcpdump" pid=767 comm="apparmor_parser"
