[    0.000018] PROMLIB: Sun IEEE Boot Prom 'OBP 4.38.12 2018/03/28 14:54'
[    0.000029] PROMLIB: Root node compatible: sun4v
[    0.000078] Linux version 5.5.0-07763-gccaaaf6fe5a5 (mator@ttip) (gcc version 9.2.1 20200123 (Debian 9.2.1-25)) #5 SMP Fri Jan 31 17:32:41 MSK 2020
[    0.000393] printk: bootconsole [earlyprom0] enabled
[    0.000446] ARCH: SUN4V
[    0.000494] Ethernet address: 00:14:4f:fa:06:f2
[    0.000546] MM: PAGE_OFFSET is 0xfff8000000000000 (max_phys_bits == 47)
[    0.000613] MM: VMALLOC [0x0000000100000000 --> 0x0006000000000000]
[    0.000673] MM: VMEMMAP [0x0006000000000000 --> 0x000c000000000000]
[    0.012409] Kernel: Using 5 locked TLB entries for main kernel image.
[    0.012478] Remapping the kernel... 
[    0.012504] done.
[    0.046081] OF stdout device is: /virtual-devices@100/console@1
[    0.046145] PROM: Built device tree with 88003 bytes of memory.
[    0.046206] MDESC: Size is 36960 bytes.
[    0.046320] PLATFORM: banner-name [SPARC T5-2]
[    0.046371] PLATFORM: name [ORCL,SPARC-T5-2]
[    0.046417] PLATFORM: hostid [84fa06f2]
[    0.046461] PLATFORM: serial# [0035260e]
[    0.046502] PLATFORM: stick-frequency [3b9aca00]
[    0.046550] PLATFORM: mac-address [144ffa06f2]
[    0.046596] PLATFORM: watchdog-resolution [1000 ms]
[    0.046646] PLATFORM: watchdog-max-timeout [31536000000 ms]
[    0.046701] PLATFORM: max-cpus [1024]
[    0.046788] Top of RAM: 0x24af938000, Total RAM: 0x87f354000
[    0.046846] Memory hole size: 115461MB
[    0.051498] Allocated 40960 bytes for kernel page tables.
[    0.051585] Zone ranges:
[    0.051625]   Normal   [mem 0x0000000030400000-0x00000024af937fff]
[    0.051686] Movable zone start for each node
[    0.051731] Early memory node ranges
[    0.051770]   node   0: [mem 0x0000000030400000-0x000000006fe7ffff]
[    0.051831]   node   0: [mem 0x000000006ff00000-0x000000006ff25fff]
[    0.051893]   node   0: [mem 0x0000000070000000-0x000000042fffffff]
[    0.051953]   node   0: [mem 0x0000002030000000-0x00000024af87ffff]
[    0.052011]   node   0: [mem 0x00000024af900000-0x00000024af925fff]
[    0.052071]   node   0: [mem 0x00000024af930000-0x00000024af937fff]
[    0.059463] Zeroed struct page in unavailable ranges: 230130 pages
[    0.059472] Initmem setup node 0 [mem 0x0000000030400000-0x00000024af937fff]
[    0.059636] On node 0 totalpages: 4454826
[    0.059645]   Normal zone: 39154 pages used for memmap
[    0.059651]   Normal zone: 0 pages reserved
[    0.059657]   Normal zone: 4454826 pages, LIFO batch:31
[    0.070468] Booting Linux...
[    0.070553] CPU CAPS: [flush,stbar,swap,muldiv,v9,blkinit,n2,mul32]
[    0.070636] CPU CAPS: [div32,v8plus,popc,vis,vis2,ASIBlkInit,fmaf,vis3]
[    0.070713] CPU CAPS: [hpc,ima,pause,cbcond,aes,des,kasumi,camellia]
[    0.070785] CPU CAPS: [md5,sha1,sha256,sha512,mpmul,montmul,montsqr,crc32c]
[    0.100707] percpu: Embedded 27 pages/cpu s182344 r8192 d30648 u262144
[    0.100938] pcpu-alloc: s182344 r8192 d30648 u262144 alloc=1*4194304
[    0.100945] pcpu-alloc: [0] 000 001 002 003 004 005 006 007 008 009 010 011 012 013 014 015 
[    0.100972] pcpu-alloc: [0] 016 017 018 019 020 021 022 023 024 025 026 027 028 029 030 031 
[    0.100998] pcpu-alloc: [0] 032 033 034 035 036 037 038 039 040 041 042 043 044 045 046 047 
[    0.101025] pcpu-alloc: [0] 048 049 050 051 052 053 054 055 056 057 058 059 060 061 062 063 
[    0.101051] pcpu-alloc: [0] 064 065 066 067 068 069 070 071 072 073 074 075 076 077 078 079 
[    0.101078] pcpu-alloc: [0] 080 081 082 083 084 085 086 087 088 089 090 091 092 093 094 095 
[    0.101104] pcpu-alloc: [0] 096 097 098 099 100 101 102 103 104 105 106 107 108 109 110 111 
[    0.101131] pcpu-alloc: [0] 112 113 114 115 116 117 118 119 120 121 122 123 124 125 126 127 
[    0.101652] SUN4V: Mondo queue sizes [cpu(131072) dev(16384) r(8192) nr(256)]
[    0.102020] Built 1 zonelists, mobility grouping on.  Total pages: 4415672
[    0.102107] Kernel command line: BOOT_IMAGE=/vmlinux-5.5.0-07763-gccaaaf6fe5a5 root=/dev/vdiska2 ro zswap.enabled=1
[    0.104545] printk: log_buf_len individual max cpu contribution: 4096 bytes
[    0.104617] printk: log_buf_len total cpu_extra contributions: 520192 bytes
[    0.104684] printk: log_buf_len min size: 131072 bytes
[    0.104958] printk: log_buf_len: 1048576 bytes
[    0.105010] printk: early log buf free: 126656(96%)
[    0.111356] Dentry cache hash table entries: 8388608 (order: 13, 67108864 bytes, linear)
[    0.114609] Inode-cache hash table entries: 4194304 (order: 12, 33554432 bytes, linear)
[    0.114685] Sorting __ex_table...
[    0.114919] mem auto-init: stack:off, heap alloc:off, heap free:off
[    0.172939] Memory: 1305232K/35638608K available (7668K kernel code, 1035K rwdata, 2296K rodata, 632K init, 6743K bss, 508912K reserved, 0K cma-reserved)
[    0.173602] SLUB: HWalign=32, Order=0-3, MinObjects=0, CPUs=128, Nodes=1
[    0.173902] ftrace: allocating 21486 entries in 42 pages
[    0.182110] ftrace: allocated 42 pages with 3 groups
[    0.184892] Running RCU self tests
[    0.184960] rcu: Hierarchical RCU implementation.
[    0.185011] rcu: 	RCU event tracing is enabled.
[    0.185056] rcu: 	RCU lockdep checking is enabled.
[    0.185108] 	Tasks RCU enabled.
[    0.185144] rcu: RCU calculated value of scheduler-enlistment delay is 10 jiffies.
[    0.189501] NR_IRQS: 2048, nr_irqs: 2048, preallocated irqs: 1
[    0.189576] SUN4V: Using IRQ API major 3, cookie only virqs enabled
[    0.192022] clocksource: stick: mask: 0xffffffffffffffff max_cycles: 0x1cd42e4dffb, max_idle_ns: 881590591483 ns
[    0.192149] clocksource: mult[800000] shift[23]
[    0.192199] clockevent: mult[80000000] shift[31]
[    0.192720] Console: colour dummy device 80x25
[    0.192784] printk: console [tty0] enabled
[    0.192859] printk: bootconsole [earlyprom0] disabled
[    0.192944] Lock dependency validator: Copyright (c) 2006 Red Hat, Inc., Ingo Molnar
[    0.192993] ... MAX_LOCKDEP_SUBCLASSES:  8
[    0.193022] ... MAX_LOCK_DEPTH:          48
[    0.193052] ... MAX_LOCKDEP_KEYS:        8192
[    0.193083] ... CLASSHASH_SIZE:          4096
[    0.193114] ... MAX_LOCKDEP_ENTRIES:     16384
[    0.193145] ... MAX_LOCKDEP_CHAINS:      32768
[    0.193176] ... CHAINHASH_SIZE:          16384
[    0.193207]  memory used by lock dependency info: 3855 kB
[    0.193243]  memory used for stack traces: 2112 kB
[    0.193276]  per task-struct memory footprint: 1920 bytes
[    0.342461] Calibrating delay using timer specific routine.. 2005.24 BogoMIPS (lpj=10026204)
[    0.342530] pid_max: default: 131072 minimum: 1024
[    0.342810] LSM: Security Framework initializing
[    0.342960] AppArmor: AppArmor initialized
[    0.343231] Mount-cache hash table entries: 131072 (order: 7, 1048576 bytes, linear)
[    0.343396] Mountpoint-cache hash table entries: 131072 (order: 7, 1048576 bytes, linear)
[    0.343523] *** VALIDATE tmpfs ***
[    0.344382] *** VALIDATE proc ***
[    0.344879] *** VALIDATE cgroup1 ***
[    0.344910] *** VALIDATE cgroup2 ***
[    0.346980] rcu: Hierarchical SRCU implementation.
[    0.354915] smp: Bringing up secondary CPUs ...
[    0.398263] smp: Brought up 1 node, 32 CPUs
[    0.589882] node 0 initialised, 4228058 pages in 190ms
[    0.591206] devtmpfs: initialized
[    0.595826] Performance events: 
[    0.595868] Testing NMI watchdog ... 
[    0.795938] OK.
[    0.796043] Supported PMU type is 'niagara5'
[    0.796223] random: get_random_u32 called from bucket_table_alloc.isra.0+0x188/0x1c0 with crng_init=0
[    0.796837] ldc.c:v1.1 (July 22, 2008)
[    0.799160] clocksource: jiffies: mask: 0xffffffff max_cycles: 0xffffffff, max_idle_ns: 19112604462750000 ns
[    0.799247] futex hash table entries: 32768 (order: 9, 4194304 bytes, linear)
[    0.804265] NET: Registered protocol family 16
[    0.812639] VIO: Adding device channel-devices (tx_ino = ffffffffffffffff, rx_ino = ffffffffffffffff)
[    0.812848] VIO: Adding device vnet-port-0-0 (tx_ino = 0, rx_ino = 1)
[    0.813045] VIO: Adding device vnet-port-0-1 (tx_ino = 2, rx_ino = 3)
[    0.813212] VIO: Adding device vnet-port-0-2 (tx_ino = 4, rx_ino = 5)
[    0.813384] VIO: Adding device vnet-port-0-4 (tx_ino = 8, rx_ino = 9)
[    0.813550] VIO: Adding device vnet-port-0-5 (tx_ino = a, rx_ino = b)
[    0.813715] VIO: Adding device vnet-port-0-6 (tx_ino = c, rx_ino = d)
[    0.813879] VIO: Adding device vdc-port-3-0 (tx_ino = e, rx_ino = f)
[    0.814049] VIO: Adding device vdc-port-2-0 (tx_ino = 10, rx_ino = 11)
[    0.814215] VIO: Adding device vdc-port-1-0 (tx_ino = 12, rx_ino = 13)
[    0.814379] VIO: Adding device vdc-port-0-0 (tx_ino = 14, rx_ino = 15)
[    0.814549] VIO: Adding device vdc-port-4-0 (tx_ino = 16, rx_ino = 17)
[    0.814715] VIO: Adding device vlds-port-0-0 (tx_ino = 18, rx_ino = 19)
[    0.814883] VIO: Adding device domain-services-port-0 (tx_ino = 18, rx_ino = 19)
[    0.815156] audit: initializing netlink subsys (disabled)
[    0.815416] audit: type=2000 audit(0.420:1): state=initialized audit_enabled=0 res=1
[    0.840089] HugeTLB registered 64.0 KiB page size, pre-allocated 0 pages
[    0.840140] HugeTLB registered 8.00 MiB page size, pre-allocated 0 pages
[    0.840184] HugeTLB registered 256 MiB page size, pre-allocated 0 pages
[    0.840228] HugeTLB registered 2.00 GiB page size, pre-allocated 0 pages
[    0.841827] alg: extra crypto tests enabled.  This is intended for developer use only.
[    0.867506] cryptd: max_cpu_qlen set to 1000
[    0.974333] NetLabel: Initializing
[    0.974372] NetLabel:  domain hash size = 128
[    0.974404] NetLabel:  protocols = UNLABELED CIPSOv4 CALIPSO
[    0.974528] NetLabel:  unlabeled traffic allowed by default
[    0.975478] SUN4V: Reboot data supported (maj=1,min=0).
[    0.975841] ds.c:v1.0 (Jul 11, 2007)
[    0.976186] ds-0: ds_conn_reset() from send_events.isra.0
[    0.977708] clocksource: Switched to clocksource stick
[    1.175509] *** VALIDATE bpf ***
[    1.176720] VFS: Disk quotas dquot_6.6.0
[    1.176844] VFS: Dquot-cache hash table entries: 1024 (order 0, 8192 bytes)
[    1.177045] *** VALIDATE ramfs ***
[    1.177095] *** VALIDATE hugetlbfs ***
[    1.178721] AppArmor: AppArmor Filesystem Enabled
[    1.191492] NET: Registered protocol family 2
[    1.193377] tcp_listen_portaddr_hash hash table entries: 32768 (order: 8, 2359296 bytes, linear)
[    1.196341] TCP established hash table entries: 524288 (order: 9, 4194304 bytes, linear)
[    1.198334] TCP bind hash table entries: 65536 (order: 9, 4194304 bytes, linear)
[    1.204403] TCP: Hash tables configured (established 524288 bind 65536)
[    1.206774] UDP hash table entries: 32768 (order: 9, 5242880 bytes, linear)
[    1.213058] UDP-Lite hash table entries: 32768 (order: 9, 5242880 bytes, linear)
[    1.220975] NET: Registered protocol family 1
[    1.221036] NET: Registered protocol family 44
[    1.221712] Trying to unpack rootfs image as initramfs...
[    1.412402] Freeing initrd memory: 14784K
[    1.413144] aes_sparc64: Using sparc64 aes opcodes optimized AES implementation
[    1.707363] des_sparc64: Using sparc64 des opcodes optimized DES implementation
[    2.210416] camellia_sparc64: Using sparc64 camellia opcodes optimized CAMELLIA implementation
[    2.408762] workingset: timestamp_bits=46 max_order=23 bucket_order=0
[    2.429129] SGI XFS with ACLs, security attributes, quota, fatal assert, debug enabled
[    2.434971] *** VALIDATE xfs ***
[    2.449265] Block layer SCSI generic (bsg) driver version 0.4 loaded (major 252)
[    2.450032] io scheduler mq-deadline registered
[    2.452723] f029b788: ttyHV0 at I/O 0x0 (irq = 1, base_baud = 115200) is a SUN4V HCONS
[    2.453691] printk: console [ttyHV0] enabled
[    2.457211] sunvdc.c:v1.2 (November 24, 2014)
[    2.458945] sunvdc: Virtual CDROM vdiskd
[    2.458987] sunvdc: vdiskd: 403160 sectors (196 MB) protocol 1.2
[    2.460838]  vdiskd: vdiskd1 vdiskd2 vdiskd3 vdiskd4 vdiskd5 vdiskd6 vdiskd7
[    2.480743] sunvdc: Virtual Hard disk vdiskc
[    2.480783] sunvdc: vdiskc: 104857600 sectors (51200 MB) protocol 1.2
[    2.499680] sunvdc: Virtual Hard disk vdiskb
[    2.499721] sunvdc: vdiskb: 62914560 sectors (30720 MB) protocol 1.2
[    2.500946]  vdiskb: vdiskb1
[    2.518921] sunvdc: Virtual Hard disk vdiska
[    2.518960] sunvdc: vdiska: 31457280 sectors (15360 MB) protocol 1.2
[    2.520433]  vdiska: vdiska1 vdiska2 vdiska3 vdiska4
[    2.539626] sunvdc: Virtual Hard disk vdiske
[    2.539675] sunvdc: vdiske: 20971520 sectors (10240 MB) protocol 1.2
[    2.541359]  vdiske: vdiske1 vdiske2
[    2.558512] sunvnet: sunvnet 2.0 (February 3, 2017)
[    2.560647] vnet_port vnet-port-0-0 eth0: Sun LDOM vnet 00:14:4f:f8:12:a3
[    2.560873] sunvnet: eth0: PORT ( remote-mac 00:14:4f:fa:f3:f0 switch-port )
[    2.561249] sunvnet: eth0: PORT ( remote-mac 00:14:4f:f8:e5:f3 )
[    2.561587] sunvnet: eth0: PORT ( remote-mac 00:14:4f:f9:b4:97 )
[    2.561944] sunvnet: eth0: PORT ( remote-mac 00:14:4f:f8:3f:1e )
[    2.562294] sunvnet: eth0: PORT ( remote-mac 00:14:4f:f8:fe:47 )
[    2.562834] sunvnet: eth0: PORT ( remote-mac 00:14:4f:f9:8b:83 )
[    2.564031] rtc-sun4v rtc-sun4v: registered as rtc0
[    2.564563] sun4v_wdt: initialized (timeout=60s, nowayout=0)
[    2.564940] device-mapper: uevent: version 1.0.3
[    2.565914] device-mapper: ioctl: 4.41.0-ioctl (2019-09-16) initialised: dm-devel@redhat.com
[    2.566914] NET: Registered protocol family 17
[    2.567480] registered taskstats version 1
[    2.575010] zswap: default zpool zbud not available
[    2.575066] zswap: pool creation failed
[    2.918673] Key type big_key registered
[    2.918742] AppArmor: AppArmor sha1 policy hashing enabled
[    2.919735] rtc-sun4v rtc-sun4v: setting system clock to 2020-01-31T14:34:34 UTC (1580481274)
[    2.924157] This architecture does not have kernel memory protection.
[    2.924205] Run /init as init process
[    3.411768] crc32c_sparc64: Using sparc64 crc32c opcode optimized CRC32C implementation
[    3.419877] random: fast init done
[    3.468079] md127: WARNING: vdiske2 appears to be on the same physical disk as vdiske1.
[    3.468163] True protection against single-disk failure might be compromised.
[    3.468821] md/raid1:md127: active with 2 out of 2 mirrors
[    3.469103] md127: detected capacity change from 0 to 26148864
[    3.987641] raid6: int64x8  gen()  2157 MB/s
[    4.157640] raid6: int64x8  xor()  1533 MB/s
[    4.327644] raid6: int64x4  gen()  3415 MB/s
[    4.497647] raid6: int64x4  xor()  1474 MB/s
[    4.667666] raid6: int64x2  gen()  2781 MB/s
[    4.837637] raid6: int64x2  xor()  1166 MB/s
[    5.007675] raid6: int64x1  gen()  1373 MB/s
[    5.177644] raid6: int64x1  xor()   665 MB/s
[    5.177698] raid6: using algorithm int64x4 gen() 3415 MB/s
[    5.177739] raid6: .... xor() 1474 MB/s, rmw enabled
[    5.177776] raid6: using intx1 recovery algorithm
[    5.178677] async_tx: api initialized (async)
[    5.179256] xor: automatically using best checksumming function   Niagara   
[    5.349989] EXT4-fs (vdiska2): mounted filesystem with ordered data mode. Opts: (null)
[    5.565689] systemd[1]: Inserted module 'autofs4'
[    5.577804] NET: Registered protocol family 10
[    5.583837] Segment Routing with IPv6
[    5.603073] systemd[1]: systemd 244.1-1 running in system mode. (+PAM +AUDIT +SELINUX +IMA +APPARMOR +SMACK +SYSVINIT +UTMP +LIBCRYPTSETUP +GCRYPT +GNUTLS +ACL +XZ +LZ4 -SECCOMP +BLKID +ELFUTILS +KMOD +IDN2 -IDN +PCRE2 default-hierarchy=hybrid)
[    5.603681] systemd[1]: Detected architecture sparc64.
[    5.715296] systemd[1]: Set hostname to <ttip>.
[    5.725605] systemd[1]: Couldn't move remaining userspace processes, ignoring: Input/output error
[    5.789583] random: lvmconfig: uninitialized urandom read (4 bytes read)
[    6.032234] systemd[1]: /lib/systemd/system/dbus.socket:5: ListenStream= references a path below legacy directory /var/run/, updating /var/run/dbus/system_bus_socket â†’ /run/dbus/system_bus_socket; please update the unit file accordingly.
[    6.094465] systemd[1]: haveged.service: Found ordering cycle on systemd-tmpfiles-setup.service/start
[    6.094555] systemd[1]: haveged.service: Found dependency on systemd-journal-flush.service/start
[    6.094624] systemd[1]: haveged.service: Found dependency on systemd-journald.service/start
[    6.094691] systemd[1]: haveged.service: Found dependency on haveged.service/start
[    6.094754] systemd[1]: haveged.service: Job systemd-tmpfiles-setup.service/start deleted to break ordering cycle starting with haveged.service/start
[    6.097224] random: systemd: uninitialized urandom read (16 bytes read)
[    6.108631] systemd[1]: Created slice system-getty.slice.
[    6.109060] random: systemd: uninitialized urandom read (16 bytes read)
[    6.112524] systemd[1]: Created slice system-openvpn\x2dclient.slice.
[    6.116351] systemd[1]: Created slice system-postfix.slice.
[    6.121603] systemd[1]: Created slice system-systemd\x2dfsck.slice.
[    6.125456] systemd[1]: Created slice User and Session Slice.
[    6.126378] systemd[1]: Started Dispatch Password Requests to Console Directory Watch.
[    6.127176] systemd[1]: Started Forward Password Requests to Wall Directory Watch.
[    6.129894] systemd[1]: Set up automount Arbitrary Executable File Formats File System Automount Point.
[    6.130458] systemd[1]: Reached target Local Encrypted Volumes.
[    6.130944] systemd[1]: Reached target Paths.
[    6.131385] systemd[1]: Reached target Remote File Systems.
[    6.131818] systemd[1]: Reached target Slices.
[    6.132719] systemd[1]: Listening on Device-mapper event daemon FIFOs.
[    6.133788] systemd[1]: Listening on LVM2 poll daemon socket.
[    6.135887] systemd[1]: Listening on Syslog Socket.
[    6.136866] systemd[1]: Listening on fsck to fsckd communication Socket.
[    6.137649] systemd[1]: Listening on initctl Compatibility Named Pipe.
[    6.138873] systemd[1]: Listening on Journal Audit Socket.
[    6.139854] systemd[1]: Listening on Journal Socket (/dev/log).
[    6.141002] systemd[1]: Listening on Journal Socket.
[    6.142322] systemd[1]: Listening on udev Control Socket.
[    6.143135] systemd[1]: Listening on udev Kernel Socket.
[    6.152377] systemd[1]: Mounting Huge Pages File System...
[    6.161238] systemd[1]: Mounting POSIX Message Queue File System...
[    6.169750] systemd[1]: Mounting Kernel Debug File System...
[    6.178164] systemd[1]: Starting Availability of block devices...
[    6.191185] systemd[1]: Starting Wait for network to be configured by ifupdown...
[    6.199659] systemd[1]: Starting Create list of static device nodes for the current kernel...
[    6.207712] systemd[1]: Starting Monitoring of LVM2 mirrors, snapshots etc. using dmeventd or progress polling...
[    6.215769] systemd[1]: Starting nftables...
[    6.217375] systemd[1]: Condition check resulted in Set Up Additional Binary Formats being skipped.
[    6.217580] systemd[1]: Condition check resulted in File System Check on Root Device being skipped.
[    6.226459] systemd[1]: Starting Load Kernel Modules...
[    6.234930] systemd[1]: Starting Remount Root and Kernel File Systems...
[    6.245162] systemd[1]: Starting udev Coldplug all Devices...
[    6.252491] systemd[1]: Mounted Huge Pages File System.
[    6.254352] systemd[1]: Mounted POSIX Message Queue File System.
[    6.256089] systemd[1]: Mounted Kernel Debug File System.
[    6.265868] systemd[1]: Started Availability of block devices.
[    6.274697] systemd[1]: Started Wait for network to be configured by ifupdown.
[    6.283619] systemd[1]: Started Create list of static device nodes for the current kernel.
[    6.286268] EXT4-fs (vdiska2): re-mounted. Opts: errors=remount-ro
[    6.296640] systemd[1]: Started Load Kernel Modules.
[    6.298877] systemd[1]: Condition check resulted in FUSE Control File System being skipped.
[    6.299300] systemd[1]: Condition check resulted in Kernel Configuration File System being skipped.
[    6.309149] systemd[1]: Starting Apply Kernel Variables...
[    6.332898] systemd[1]: Started Remount Root and Kernel File Systems.
[    6.344239] systemd[1]: Starting Initial Check File System Quotas...
[    6.345592] systemd[1]: Condition check resulted in Rebuild Hardware Database being skipped.
[    6.353660] systemd[1]: Starting Load/Save Random Seed...
[    6.362309] systemd[1]: Starting Create System Users...
[    6.370238] systemd[1]: Started Apply Kernel Variables.
[    6.418222] systemd[1]: Started Create System Users.
[    6.428146] systemd[1]: Starting Create Static Device Nodes in /dev...
[    6.434286] systemd[1]: Started Initial Check File System Quotas.
[    6.478918] systemd[1]: Started Create Static Device Nodes in /dev.
[    6.488814] systemd[1]: Starting udev Kernel Device Manager...
[    6.556165] systemd[1]: Started udev Kernel Device Manager.
[    6.679327] systemd[1]: Started Monitoring of LVM2 mirrors, snapshots etc. using dmeventd or progress polling.
[    6.680327] systemd[1]: Reached target Local File Systems (Pre).
[    6.748388] sha1_sparc64: Using sparc64 sha1 opcode optimized SHA-1 implementation
[    6.750942] n2rng v0.3 (Jan 7, 2017)
[    6.751035] n2rng f029b104: Registered RNG HVAPI major 2 minor 0
[    6.751132] n2rng f029b104: Found multi-unit-capable RNG, units: 2
[    6.752215] n2rng f029b104: RNG ready
[    6.782992] systemd[1]: Found device /dev/vdiska1.
[    6.795870] pktcdvd: setup of pktcdvd device failed
[    6.796072] systemd[1]: Started udev Coldplug all Devices.
[    6.802854] systemd[1]: Found device /dev/disk/by-label/swapvol1.
[    6.833928] systemd[1]: Created slice system-lvm2\x2dpvscan.slice.
[    6.847810] systemd[1]: Activating swap /dev/disk/by-label/swapvol1...
[    6.848262] pktcdvd: setup of pktcdvd device failed
[    6.853046] pktcdvd: setup of pktcdvd device failed
[    6.857019] pktcdvd: setup of pktcdvd device failed
[    6.861588] pktcdvd: setup of pktcdvd device failed
[    6.862891] systemd[1]: Starting Helper to synchronize boot up for ifupdown...
[    6.865536] pktcdvd: setup of pktcdvd device failed
[    6.870178] pktcdvd: setup of pktcdvd device failed
[    6.873546] pktcdvd: setup of pktcdvd device failed
[    6.876551] systemd[1]: Starting LVM event activation on device 254:16...
[    6.890399] systemd[1]: Starting File System Check on /dev/vdiska1...
[    6.938928] systemd[1]: Started File System Check Daemon to report status.
[    6.955252] systemd[1]: Started MD array monitor.
[    6.983930] sha256_sparc64: Using sparc64 sha256 opcode optimized SHA-256/SHA-224 implementation
[    7.033822] systemd[1]: Started nftables.
[    7.041662] systemd[1]: Found device /dev/ttipvg1/vol1.
[    7.042197] systemd[1]: Reached target Network (Pre).
[    7.050177] systemd[1]: Starting File System Check on /dev/ttipvg1/vol1...
[    7.107945] Adding 787176k swap on /dev/vdiska4.  Priority:-2 extents:1 across:787176k FS
[    7.115478] systemd[1]: Activated swap /dev/disk/by-label/swapvol1.
[    7.124433] systemd[1]: Started File System Check on /dev/ttipvg1/vol1.
[    7.126042] systemd[1]: Reached target Swap.
[    7.126753] sha512_sparc64: Using sparc64 sha512 opcode optimized SHA-512/SHA-384 implementation
[    7.128952] md5_sparc64: Using sparc64 md5 opcode optimized MD5 implementation
[    7.136155] systemd[1]: Mounting /1...
[    7.146271] systemd[1]: Mounting /tmp...
[    7.152112] systemd[1]: Started File System Check on /dev/vdiska1.
[    7.164967] XFS (dm-0): Mounting V5 Filesystem
[    7.166371] systemd[1]: Mounting /boot...
[    7.172208] systemd[1]: Mounted /tmp.
[    7.182803] XFS (dm-0): Ending clean mount
[    7.183654] EXT4-fs (vdiska1): mounting ext3 file system using the ext4 subsystem
[    7.185430] xfs filesystem being mounted at /1 supports timestamps until 2038 (0x7fffffff)
[    7.187906] systemd[1]: Starting Network Time Synchronization...
[    7.193311] systemd[1]: Mounted /1.
[    7.197749] EXT4-fs (vdiska1): mounted filesystem with ordered data mode. Opts: (null)
[    7.197925] ext3 filesystem being mounted at /boot supports timestamps until 2038 (0x7fffffff)
[    7.202759] systemd[1]: Mounted /boot.
[    7.203972] systemd[1]: Reached target Local File Systems.
[    7.212972] systemd[1]: Starting Load AppArmor profiles...
[    7.221821] systemd[1]: Starting Security Auditing Service...
[    7.230487] systemd[1]: Starting Enable support for additional executable binary formats...
[    7.231285] systemd[1]: Condition check resulted in Mark the need to relabel after reboot being skipped.
[    7.231648] systemd[1]: Condition check resulted in Commit a transient machine-id on disk being skipped.
[    7.238225] systemd[1]: Started LVM event activation on device 254:16.
[    7.245127] systemd[1]: proc-sys-fs-binfmt_misc.automount: Got automount request for /proc/sys/fs/binfmt_misc, triggered by 728 (update-binfmts)
[    7.254174] systemd[1]: Mounting Arbitrary Executable File Formats File System...
[    7.289087] systemd[1]: Mounted Arbitrary Executable File Formats File System.
[    7.309157] systemd[1]: Started Helper to synchronize boot up for ifupdown.
[    7.313778] Kernel unaligned access at TPC[88df78] aa_dfa_unpack+0x38/0x5a0
[    7.313921] Kernel unaligned access at TPC[88df98] aa_dfa_unpack+0x58/0x5a0
[    7.314016] Kernel unaligned access at TPC[88e054] aa_dfa_unpack+0x114/0x5a0
[    7.314105] Kernel unaligned access at TPC[88e134] aa_dfa_unpack+0x1f4/0x5a0
[    7.314186] Kernel unaligned access at TPC[88e148] aa_dfa_unpack+0x208/0x5a0
[    7.324827] systemd[1]: Started Security Auditing Service.
[    7.335873] systemd[1]: Starting Update UTMP about System Boot/Shutdown...
[    7.352104] systemd[1]: Started Load AppArmor profiles.
[    7.370672] systemd[1]: Started Entropy Daemon based on the HAVEGE algorithm.
[    7.380119] systemd[1]: Starting Raise network interfaces...
[    7.393872] systemd[1]: Starting Journal Service...
[    7.395680] systemd[1]: Started Network Time Synchronization.
[    7.407891] systemd[1]: Started Enable support for additional executable binary formats.
[    7.415223] systemd[1]: Reached target System Time Set.
[    7.415785] systemd[1]: Reached target System Time Synchronized.
[    7.433976] systemd[1]: Started Update UTMP about System Boot/Shutdown.
[    7.489992] systemd[1]: Started Journal Service.
[    7.661194] systemd-journald[766]: Received client request to flush runtime journal.
[    7.674830] systemd-journald[766]: File /var/log/journal/c02366aaa6e44182ba0caa130d880aac/system.journal corrupted or uncleanly shut down, renaming and replacing.
[    7.963399] random: crng init done
[    7.963446] random: 7 urandom warning(s) missed due to ratelimiting
