[    0.000018] PROMLIB: Sun IEEE Boot Prom 'OBP 4.38.12 2018/03/28 14:54'
[    0.000032] PROMLIB: Root node compatible: sun4v
[    0.000080] Linux version 5.6.0-07632-g919dce24701f (mator@ttip) (gcc version 9.3.0 (Debian 9.3.0-8)) #58 SMP Thu Apr 2 14:10:45 MSK 2020
[    0.000392] printk: bootconsole [earlyprom0] enabled
[    0.000444] ARCH: SUN4V
[    0.000493] Ethernet address: 00:14:4f:fa:06:f2
[    0.000546] MM: PAGE_OFFSET is 0xfff8000000000000 (max_phys_bits == 47)
[    0.000613] MM: VMALLOC [0x0000000100000000 --> 0x0006000000000000]
[    0.000674] MM: VMEMMAP [0x0006000000000000 --> 0x000c000000000000]
[    0.012366] Kernel: Using 5 locked TLB entries for main kernel image.
[    0.012437] Remapping the kernel... 
[    0.012463] done.
[    0.045503] OF stdout device is: /virtual-devices@100/console@1
[    0.045580] PROM: Built device tree with 86758 bytes of memory.
[    0.045646] MDESC: Size is 36512 bytes.
[    0.045771] PLATFORM: banner-name [SPARC T5-2]
[    0.045820] PLATFORM: name [ORCL,SPARC-T5-2]
[    0.045868] PLATFORM: hostid [84fa06f2]
[    0.045909] PLATFORM: serial# [0035260e]
[    0.045954] PLATFORM: stick-frequency [3b9aca00]
[    0.046001] PLATFORM: mac-address [144ffa06f2]
[    0.046049] PLATFORM: watchdog-resolution [1000 ms]
[    0.046098] PLATFORM: watchdog-max-timeout [31536000000 ms]
[    0.046154] PLATFORM: max-cpus [1024]
[    0.046253] Top of RAM: 0x24af938000, Total RAM: 0x87f354000
[    0.046317] Memory hole size: 115461MB
[    0.050909] Allocated 40960 bytes for kernel page tables.
[    0.050997] Zone ranges:
[    0.051036]   Normal   [mem 0x0000000030400000-0x00000024af937fff]
[    0.051100] Movable zone start for each node
[    0.051144] Early memory node ranges
[    0.051186]   node   0: [mem 0x0000000030400000-0x000000006fe7ffff]
[    0.051250]   node   0: [mem 0x000000006ff00000-0x000000006ff25fff]
[    0.051310]   node   0: [mem 0x0000000070000000-0x000000042fffffff]
[    0.051372]   node   0: [mem 0x0000002030000000-0x00000024af87ffff]
[    0.051433]   node   0: [mem 0x00000024af900000-0x00000024af925fff]
[    0.051493]   node   0: [mem 0x00000024af930000-0x00000024af937fff]
[    0.063084] Zeroed struct page in unavailable ranges: 263766 pages
[    0.063092] Initmem setup node 0 [mem 0x0000000030400000-0x00000024af937fff]
[    0.063253] On node 0 totalpages: 4454826
[    0.063263]   Normal zone: 39154 pages used for memmap
[    0.063269]   Normal zone: 0 pages reserved
[    0.063274]   Normal zone: 4454826 pages, LIFO batch:31
[    0.074444] Booting Linux...
[    0.074527] CPU CAPS: [flush,stbar,swap,muldiv,v9,blkinit,n2,mul32]
[    0.074610] CPU CAPS: [div32,v8plus,popc,vis,vis2,ASIBlkInit,fmaf,vis3]
[    0.074687] CPU CAPS: [hpc,ima,pause,cbcond,aes,des,kasumi,camellia]
[    0.074760] CPU CAPS: [md5,sha1,sha256,sha512,mpmul,montmul,montsqr,crc32c]
[    0.104459] percpu: Embedded 27 pages/cpu s182992 r8192 d30000 u262144
[    0.104677] pcpu-alloc: s182992 r8192 d30000 u262144 alloc=1*4194304
[    0.104684] pcpu-alloc: [0] 000 001 002 003 004 005 006 007 008 009 010 011 012 013 014 015 
[    0.104713] pcpu-alloc: [0] 016 017 018 019 020 021 022 023 024 025 026 027 028 029 030 031 
[    0.104741] pcpu-alloc: [0] 032 033 034 035 036 037 038 039 040 041 042 043 044 045 046 047 
[    0.104768] pcpu-alloc: [0] 048 049 050 051 052 053 054 055 056 057 058 059 060 061 062 063 
[    0.104796] pcpu-alloc: [0] 064 065 066 067 068 069 070 071 072 073 074 075 076 077 078 079 
[    0.104824] pcpu-alloc: [0] 080 081 082 083 084 085 086 087 088 089 090 091 092 093 094 095 
[    0.104851] pcpu-alloc: [0] 096 097 098 099 100 101 102 103 104 105 106 107 108 109 110 111 
[    0.104879] pcpu-alloc: [0] 112 113 114 115 116 117 118 119 120 121 122 123 124 125 126 127 
[    0.105355] SUN4V: Mondo queue sizes [cpu(131072) dev(16384) r(8192) nr(256)]
[    0.105737] Built 1 zonelists, mobility grouping on.  Total pages: 4415672
[    0.105827] Kernel command line: BOOT_IMAGE=/vmlinux-5.6.0-07632-g919dce24701f root=/dev/vdiska2 ro zswap.enabled=1
[    0.108270] printk: log_buf_len individual max cpu contribution: 4096 bytes
[    0.108340] printk: log_buf_len total cpu_extra contributions: 520192 bytes
[    0.108409] printk: log_buf_len min size: 131072 bytes
[    0.108683] printk: log_buf_len: 1048576 bytes
[    0.108734] printk: early log buf free: 126664(96%)
[    0.115053] Dentry cache hash table entries: 8388608 (order: 13, 67108864 bytes, linear)
[    0.118292] Inode-cache hash table entries: 4194304 (order: 12, 33554432 bytes, linear)
[    0.118371] Sorting __ex_table...
[    0.118606] mem auto-init: stack:off, heap alloc:off, heap free:off
[    0.178163] Memory: 1305232K/35638608K available (7749K kernel code, 1052K rwdata, 2296K rodata, 640K init, 6814K bss, 509056K reserved, 0K cma-reserved)
[    0.178844] SLUB: HWalign=32, Order=0-3, MinObjects=0, CPUs=128, Nodes=1
[    0.179143] ftrace: allocating 21663 entries in 43 pages
[    0.187438] ftrace: allocated 43 pages with 4 groups
[    0.190399] Running RCU self tests
[    0.190474] rcu: Hierarchical RCU implementation.
[    0.190526] rcu: 	RCU event tracing is enabled.
[    0.190573] rcu: 	RCU lockdep checking is enabled.
[    0.190626] 	Tasks RCU enabled.
[    0.190663] rcu: RCU calculated value of scheduler-enlistment delay is 10 jiffies.
[    0.194997] NR_IRQS: 2048, nr_irqs: 2048, preallocated irqs: 1
[    0.195078] SUN4V: Using IRQ API major 3, cookie only virqs enabled
[    0.197549] clocksource: stick: mask: 0xffffffffffffffff max_cycles: 0x1cd42e4dffb, max_idle_ns: 881590591483 ns
[    0.197684] clocksource: mult[800000] shift[23]
[    0.197733] clockevent: mult[80000000] shift[31]
[    0.198300] Console: colour dummy device 80x25
[    0.198364] printk: console [tty0] enabled
[    0.198442] printk: bootconsole [earlyprom0] disabled
[    0.198530] Lock dependency validator: Copyright (c) 2006 Red Hat, Inc., Ingo Molnar
[    0.198583] ... MAX_LOCKDEP_SUBCLASSES:  8
[    0.198614] ... MAX_LOCK_DEPTH:          48
[    0.198648] ... MAX_LOCKDEP_KEYS:        8192
[    0.198681] ... CLASSHASH_SIZE:          4096
[    0.198716] ... MAX_LOCKDEP_ENTRIES:     16384
[    0.198750] ... MAX_LOCKDEP_CHAINS:      32768
[    0.198785] ... CHAINHASH_SIZE:          16384
[    0.198820]  memory used by lock dependency info: 3919 kB
[    0.198860]  memory used for stack traces: 2112 kB
[    0.198895]  per task-struct memory footprint: 1920 bytes
[    0.348132] Calibrating delay using timer specific routine.. 2008.64 BogoMIPS (lpj=10043221)
[    0.348209] pid_max: default: 131072 minimum: 1024
[    0.348517] LSM: Security Framework initializing
[    0.348675] AppArmor: AppArmor initialized
[    0.348951] Mount-cache hash table entries: 131072 (order: 7, 1048576 bytes, linear)
[    0.349120] Mountpoint-cache hash table entries: 131072 (order: 7, 1048576 bytes, linear)
[    0.349266] *** VALIDATE tmpfs ***
[    0.350136] *** VALIDATE proc ***
[    0.350659] *** VALIDATE cgroup ***
[    0.350692] *** VALIDATE cgroup2 ***
[    0.352854] rcu: Hierarchical SRCU implementation.
[    0.361113] smp: Bringing up secondary CPUs ...
[    0.406700] smp: Brought up 1 node, 32 CPUs
[    0.598214] node 0 initialised, 4228040 pages in 180ms
[    0.599520] devtmpfs: initialized
[    0.604303] Performance events: 
[    0.604352] Testing NMI watchdog ... 
[    0.804436] OK.
[    0.804613] Supported PMU type is 'niagara5'
[    0.804833] random: get_random_u32 called from bucket_table_alloc.isra.0+0x198/0x1c0 with crng_init=0
[    0.805504] ldc.c:v1.1 (July 22, 2008)
[    0.807868] clocksource: jiffies: mask: 0xffffffff max_cycles: 0xffffffff, max_idle_ns: 19112604462750000 ns
[    0.807965] futex hash table entries: 32768 (order: 9, 4194304 bytes, linear)
[    0.813123] NET: Registered protocol family 16
[    0.821529] VIO: Adding device channel-devices (tx_ino = ffffffffffffffff, rx_ino = ffffffffffffffff)
[    0.821740] VIO: Adding device vnet-port-0-0 (tx_ino = 0, rx_ino = 1)
[    0.821951] VIO: Adding device vnet-port-0-1 (tx_ino = 2, rx_ino = 3)
[    0.822125] VIO: Adding device vnet-port-0-2 (tx_ino = 4, rx_ino = 5)
[    0.822298] VIO: Adding device vnet-port-0-3 (tx_ino = 6, rx_ino = 7)
[    0.822476] VIO: Adding device vnet-port-0-4 (tx_ino = 8, rx_ino = 9)
[    0.822648] VIO: Adding device vnet-port-0-5 (tx_ino = a, rx_ino = b)
[    0.822820] VIO: Adding device vdc-port-2-0 (tx_ino = c, rx_ino = d)
[    0.822996] VIO: Adding device vdc-port-1-0 (tx_ino = e, rx_ino = f)
[    0.823168] VIO: Adding device vdc-port-0-0 (tx_ino = 10, rx_ino = 11)
[    0.823348] VIO: Adding device vdc-port-3-0 (tx_ino = 12, rx_ino = 13)
[    0.823526] VIO: Adding device vlds-port-0-0 (tx_ino = 14, rx_ino = 15)
[    0.823701] VIO: Adding device domain-services-port-0 (tx_ino = 14, rx_ino = 15)
[    0.823994] audit: initializing netlink subsys (disabled)
[    0.824275] audit: type=2000 audit(0.620:1): state=initialized audit_enabled=0 res=1
[    0.850209] HugeTLB registered 64.0 KiB page size, pre-allocated 0 pages
[    0.850261] HugeTLB registered 8.00 MiB page size, pre-allocated 0 pages
[    0.850309] HugeTLB registered 256 MiB page size, pre-allocated 0 pages
[    0.850356] HugeTLB registered 2.00 GiB page size, pre-allocated 0 pages
[    0.851986] alg: extra crypto tests enabled.  This is intended for developer use only.
[    0.878712] cryptd: max_cpu_qlen set to 1000
[    0.988399] NetLabel: Initializing
[    0.988439] NetLabel:  domain hash size = 128
[    0.988474] NetLabel:  protocols = UNLABELED CIPSOv4 CALIPSO
[    0.988603] NetLabel:  unlabeled traffic allowed by default
[    0.989588] SUN4V: Reboot data supported (maj=1,min=0).
[    0.989971] ds.c:v1.0 (Jul 11, 2007)
[    0.990334] ds-0: ds_conn_reset() from send_events.isra.0
[    0.991813] clocksource: Switched to clocksource stick
[    1.200720] *** VALIDATE bpf ***
[    1.202041] VFS: Disk quotas dquot_6.6.0
[    1.202172] VFS: Dquot-cache hash table entries: 1024 (order 0, 8192 bytes)
[    1.202395] *** VALIDATE ramfs ***
[    1.202449] *** VALIDATE hugetlbfs ***
[    1.204095] AppArmor: AppArmor Filesystem Enabled
[    1.217324] NET: Registered protocol family 2
[    1.219264] tcp_listen_portaddr_hash hash table entries: 32768 (order: 8, 2621440 bytes, linear)
[    1.222233] TCP established hash table entries: 524288 (order: 9, 4194304 bytes, linear)
[    1.224674] TCP bind hash table entries: 65536 (order: 9, 4718592 bytes, linear)
[    1.230272] TCP: Hash tables configured (established 524288 bind 65536)
[    1.232848] UDP hash table entries: 32768 (order: 9, 5242880 bytes, linear)
[    1.239396] UDP-Lite hash table entries: 32768 (order: 9, 5242880 bytes, linear)
[    1.247718] NET: Registered protocol family 1
[    1.247791] NET: Registered protocol family 44
[    1.248504] Trying to unpack rootfs image as initramfs...
[    1.444033] Freeing initrd memory: 14752K
[    1.444770] aes_sparc64: Using sparc64 aes opcodes optimized AES implementation
[    1.736013] des_sparc64: Using sparc64 des opcodes optimized DES implementation
[    2.246796] camellia_sparc64: Using sparc64 camellia opcodes optimized CAMELLIA implementation
[    2.451001] workingset: timestamp_bits=46 max_order=23 bucket_order=0
[    2.470067] zbud: loaded
[    2.472386] SGI XFS with ACLs, security attributes, quota, fatal assert, debug enabled
[    2.478521] *** VALIDATE xfs ***
[    2.493131] Block layer SCSI generic (bsg) driver version 0.4 loaded (major 252)
[    2.494029] io scheduler mq-deadline registered
[    2.496831] f029b788: ttyHV0 at I/O 0x0 (irq = 1, base_baud = 115200) is a SUN4V HCONS
[    2.496915] INFO: trying to register non-static key.
[    2.496922] the code is fine but needs lockdep annotation.
[    2.496928] turning off the locking correctness validator.
[    2.496937] CPU: 24 PID: 1 Comm: swapper/0 Not tainted 5.6.0-07632-g919dce24701f #58
[    2.496945] Call Trace:
[    2.496958]  [00000000004de8d8] register_lock_class+0x278/0x8a0
[    2.496965]  [00000000004da1ac] __lock_acquire+0x8c/0x3660
[    2.496972]  [00000000004de3fc] lock_acquire+0x3dc/0x460
[    2.496984]  [0000000000b92aa4] _raw_spin_lock_irqsave+0x44/0x60
[    2.496994]  [0000000000978960] uart_add_one_port+0x360/0x500
[    2.497003]  [000000000097e364] hv_probe+0x144/0x200
[    2.497012]  [000000000098eed4] platform_drv_probe+0x34/0xa0
[    2.497019]  [000000000098cab4] really_probe+0x214/0x460
[    2.497026]  [000000000098d1dc] driver_probe_device+0xfc/0x140
[    2.497033]  [000000000098d4bc] device_driver_attach+0x3c/0x60
[    2.497039]  [000000000098d628] __driver_attach+0x148/0x160
[    2.497046]  [000000000098b224] bus_for_each_dev+0x44/0xa0
[    2.497053]  [000000000098d65c] driver_attach+0x1c/0x40
[    2.497059]  [000000000098b8a4] bus_add_driver+0x124/0x220
[    2.497066]  [000000000098de04] driver_register+0xc4/0x120
[    2.497073]  [000000000098ee40] __platform_driver_register+0x40/0x60
[    2.497661] printk: console [ttyHV0] enabled
[    2.499363] sunvdc.c:v1.2 (November 24, 2014)
[    2.500803] sunvdc: Virtual Hard disk vdiskc
[    2.500824] sunvdc: vdiskc: 104857600 sectors (51200 MB) protocol 1.2
[    2.511105] sunvdc: Virtual Hard disk vdiskb
[    2.511129] sunvdc: vdiskb: 62914560 sectors (30720 MB) protocol 1.2
[    2.511963]  vdiskb: vdiskb1
[    2.521486] sunvdc: Virtual Hard disk vdiska
[    2.521510] sunvdc: vdiska: 31457280 sectors (15360 MB) protocol 1.2
[    2.522325]  vdiska: vdiska1 vdiska2 vdiska3 vdiska4
[    2.532268] sunvdc: Virtual CDROM vdiskd
[    2.532292] sunvdc: vdiskd: 453848 sectors (221 MB) protocol 1.2
[    2.533139]  vdiskd: vdiskd1 vdiskd2 vdiskd3 vdiskd4 vdiskd5 vdiskd6 vdiskd7
[    2.542340] sunvnet: sunvnet 2.0 (February 3, 2017)
[    2.543335] vnet_port vnet-port-0-0 eth0: Sun LDOM vnet 00:14:4f:f8:12:a3
[    2.543450] sunvnet: eth0: PORT ( remote-mac 00:14:4f:fa:f3:f0 switch-port )
[    2.543659] sunvnet: eth0: PORT ( remote-mac 00:14:4f:f8:e5:f3 )
[    2.543877] sunvnet: eth0: PORT ( remote-mac 00:14:4f:f9:b4:97 )
[    2.544071] sunvnet: eth0: PORT ( remote-mac 00:14:4f:f8:3f:1e )
[    2.544269] sunvnet: eth0: PORT ( remote-mac 00:14:4f:f8:fe:47 )
[    2.544460] sunvnet: eth0: PORT ( remote-mac 00:14:4f:f9:8b:83 )
[    2.545203] rtc-sun4v rtc-sun4v: registered as rtc0
[    2.545426] sun4v_wdt: initialized (timeout=60s, nowayout=0)
[    2.545545] device-mapper: uevent: version 1.0.3
[    2.545869] device-mapper: ioctl: 4.42.0-ioctl (2020-02-27) initialised: dm-devel@redhat.com
[    2.546552] NET: Registered protocol family 17
[    2.546771] registered taskstats version 1
[    2.547181] zswap: loaded using pool lzo/zbud
[    2.832043] Key type big_key registered
[    2.832079] AppArmor: AppArmor sha1 policy hashing enabled
[    2.832483] rtc-sun4v rtc-sun4v: setting system clock to 2020-04-02T11:48:05 UTC (1585828085)
[    2.834783] This architecture does not have kernel memory protection.
[    2.834809] Run /init as init process
[    2.834826]   with arguments:
[    2.834841]     /init
[    2.834855]   with environment:
[    2.834870]     HOME=/
[    2.834883]     TERM=linux
[    2.834897]     BOOT_IMAGE=/vmlinux-5.6.0-07632-g919dce24701f
[    3.110833] crc32c_sparc64: Using sparc64 crc32c opcode optimized CRC32C implementation
[    3.184549] random: fast init done
[    3.551754] raid6: int64x8  gen()  2153 MB/s
[    3.721766] raid6: int64x8  xor()  1533 MB/s
[    3.891768] raid6: int64x4  gen()  3415 MB/s
[    4.061754] raid6: int64x4  xor()  1478 MB/s
[    4.231771] raid6: int64x2  gen()  2784 MB/s
[    4.401763] raid6: int64x2  xor()  1162 MB/s
[    4.571771] raid6: int64x1  gen()  1370 MB/s
[    4.741770] raid6: int64x1  xor()   670 MB/s
[    4.741804] raid6: using algorithm int64x4 gen() 3415 MB/s
[    4.741828] raid6: .... xor() 1478 MB/s, rmw enabled
[    4.741848] raid6: using intx1 recovery algorithm
[    4.742479] async_tx: api initialized (async)
[    4.742781] xor: automatically using best checksumming function   Niagara   
[    4.815130] process '/usr/bin/fstype' started with executable stack
[    4.897233] EXT4-fs (vdiska2): mounted filesystem with ordered data mode. Opts: (null)
[    6.693847] systemd[1]: Inserted module 'autofs4'
[    6.702510] NET: Registered protocol family 10
[    6.706484] Segment Routing with IPv6
[    6.759583] systemd[1]: systemd 245.2-1 running in system mode. (+PAM +AUDIT +SELINUX +IMA +APPARMOR +SMACK +SYSVINIT +UTMP +LIBCRYPTSETUP +GCRYPT +GNUTLS +ACL +XZ +LZ4 -SECCOMP +BLKID +ELFUTILS +KMOD +IDN2 -IDN +PCRE2 default-hierarchy=hybrid)
[    6.760086] systemd[1]: Detected architecture sparc64.
[    6.835540] systemd[1]: Set hostname to <ttip>.
[    7.832458] random: lvmconfig: uninitialized urandom read (4 bytes read)
[    8.561231] systemd[1]: /lib/systemd/system/dbus.socket:5: ListenStream= references a path below legacy directory /var/run/, updating /var/run/dbus/system_bus_socket â†’ /run/dbus/system_bus_socket; please update the unit file accordingly.
[    8.891208] random: systemd: uninitialized urandom read (16 bytes read)
[    8.897900] systemd[1]: Created slice system-getty.slice.
[    8.898312] random: systemd: uninitialized urandom read (16 bytes read)
[    8.900779] systemd[1]: Created slice system-modprobe.slice.
[    8.901037] random: systemd: uninitialized urandom read (16 bytes read)
[    8.903572] systemd[1]: Created slice system-openvpn\x2dclient.slice.
[    8.906843] systemd[1]: Created slice system-postfix.slice.
[    8.909552] systemd[1]: Created slice system-systemd\x2dfsck.slice.
[    8.912250] systemd[1]: Created slice User and Session Slice.
[    8.912773] systemd[1]: Started Dispatch Password Requests to Console Directory Watch.
[    8.913256] systemd[1]: Started Forward Password Requests to Wall Directory Watch.
[    8.914552] systemd[1]: Set up automount Arbitrary Executable File Formats File System Automount Point.
[    8.914903] systemd[1]: Reached target Local Encrypted Volumes.
[    8.915223] systemd[1]: Reached target Paths.
[    8.915495] systemd[1]: Reached target Remote File Systems.
[    8.915769] systemd[1]: Reached target Slices.
[    8.916288] systemd[1]: Listening on Device-mapper event daemon FIFOs.
[    8.916957] systemd[1]: Listening on LVM2 poll daemon socket.
[    8.946748] systemd[1]: Listening on Syslog Socket.
[    8.947456] systemd[1]: Listening on fsck to fsckd communication Socket.
[    8.947939] systemd[1]: Listening on initctl Compatibility Named Pipe.
[    8.948750] systemd[1]: Listening on Journal Audit Socket.
[    8.949329] systemd[1]: Listening on Journal Socket (/dev/log).
[    8.950016] systemd[1]: Listening on Journal Socket.
[    8.950672] systemd[1]: Listening on udev Control Socket.
[    8.951163] systemd[1]: Listening on udev Kernel Socket.
[    8.956796] systemd[1]: Mounting Huge Pages File System...
[    8.962402] systemd[1]: Mounting POSIX Message Queue File System...
[    8.967852] systemd[1]: Mounting Kernel Debug File System...
[    8.974069] systemd[1]: Mounting Kernel Trace File System...
[    8.979504] systemd[1]: Starting Availability of block devices...
[    8.985055] systemd[1]: Starting Wait for network to be configured by ifupdown...
[    8.991140] systemd[1]: Starting Create list of static device nodes for the current kernel...
[    8.996412] systemd[1]: Starting Monitoring of LVM2 mirrors, snapshots etc. using dmeventd or progress polling...
[    9.001474] systemd[1]: Starting Load Kernel Module drm...
[    9.007032] systemd[1]: Starting nftables...
[    9.048601] systemd[1]: Condition check resulted in Set Up Additional Binary Formats being skipped.
[    9.048778] systemd[1]: Condition check resulted in File System Check on Root Device being skipped.
[    9.055948] systemd[1]: Starting Journal Service...
[    9.094029] systemd[1]: Starting Load Kernel Modules...
[    9.099288] systemd[1]: Starting Remount Root and Kernel File Systems...
[    9.104478] systemd[1]: Starting udev Coldplug all Devices...
[    9.110007] systemd[1]: Mounted Huge Pages File System.
[    9.110917] systemd[1]: Mounted POSIX Message Queue File System.
[    9.111806] systemd[1]: Mounted Kernel Debug File System.
[    9.112668] systemd[1]: Mounted Kernel Trace File System.
[    9.116042] systemd[1]: Finished Availability of block devices.
[    9.119570] systemd[1]: Finished Wait for network to be configured by ifupdown.
[    9.122847] systemd[1]: Finished Create list of static device nodes for the current kernel.
[    9.124446] systemd[1]: modprobe@drm.service: Succeeded.
[    9.126491] systemd[1]: Finished Load Kernel Module drm.
[    9.177379] systemd[1]: Finished Load Kernel Modules.
[    9.177589] EXT4-fs (vdiska2): re-mounted. Opts: errors=remount-ro
[    9.180276] systemd[1]: Condition check resulted in FUSE Control File System being skipped.
[    9.180560] systemd[1]: Condition check resulted in Kernel Configuration File System being skipped.
[    9.185969] systemd[1]: Starting Apply Kernel Variables...
[    9.189563] systemd[1]: Finished Remount Root and Kernel File Systems.
[    9.230885] systemd[1]: Starting Initial Check File System Quotas...
[    9.248034] systemd[1]: Condition check resulted in Rebuild Hardware Database being skipped.
[    9.253623] systemd[1]: Starting Load/Save Random Seed...
[    9.259022] systemd[1]: Starting Create System Users...
[    9.260133] systemd[1]: Started Journal Service.
[    9.338531] systemd-journald[556]: Received client request to flush runtime journal.
[   11.169031] sha1_sparc64: Using sparc64 sha1 opcode optimized SHA-1 implementation
[   11.192189] n2rng v0.3 (Jan 7, 2017)
[   11.192242] n2rng f029b104: Registered RNG HVAPI major 2 minor 0
[   11.192274] n2rng f029b104: Found multi-unit-capable RNG, units: 2
[   11.192883] n2rng f029b104: RNG ready
[   11.264345] pktcdvd: setup of pktcdvd device failed
[   11.293097] pktcdvd: setup of pktcdvd device failed
[   11.295821] pktcdvd: setup of pktcdvd device failed
[   11.298767] pktcdvd: setup of pktcdvd device failed
[   11.301529] pktcdvd: setup of pktcdvd device failed
[   11.304127] pktcdvd: setup of pktcdvd device failed
[   11.306558] pktcdvd: setup of pktcdvd device failed
[   11.309440] pktcdvd: setup of pktcdvd device failed
[   11.325115] sha256_sparc64: Using sparc64 sha256 opcode optimized SHA-256/SHA-224 implementation
[   11.471421] sha512_sparc64: Using sparc64 sha512 opcode optimized SHA-512/SHA-384 implementation
[   11.506198] md5_sparc64: Using sparc64 md5 opcode optimized MD5 implementation
[   11.622455] XFS (dm-0): Mounting V5 Filesystem
[   11.641802] Adding 787176k swap on /dev/vdiska4.  Priority:-2 extents:1 across:787176k FS
[   11.850681] XFS (dm-0): Ending clean mount
[   11.896433] xfs filesystem being mounted at /1 supports timestamps until 2038 (0x7fffffff)
[   12.036745] EXT4-fs (vdiska1): mounting ext3 file system using the ext4 subsystem
[   12.255544] EXT4-fs (vdiska1): mounted filesystem with ordered data mode. Opts: (null)
[   12.255687] ext3 filesystem being mounted at /boot supports timestamps until 2038 (0x7fffffff)
[   13.552244] Kernel unaligned access at TPC[898838] aa_dfa_unpack+0x38/0x5a0
[   13.552300] Kernel unaligned access at TPC[898858] aa_dfa_unpack+0x58/0x5a0
[   13.552338] Kernel unaligned access at TPC[898914] aa_dfa_unpack+0x114/0x5a0
[   13.552377] Kernel unaligned access at TPC[8989f4] aa_dfa_unpack+0x1f4/0x5a0
[   13.552414] Kernel unaligned access at TPC[898a08] aa_dfa_unpack+0x208/0x5a0
[   13.553961] audit: type=1400 audit(1585828096.210:2): apparmor="STATUS" operation="profile_load" profile="unconfined" name="/usr/sbin/haveged" pid=738 comm="apparmor_parser"
[   13.560133] audit: type=1400 audit(1585828096.210:3): apparmor="STATUS" operation="profile_load" profile="unconfined" name="nvidia_modprobe" pid=739 comm="apparmor_parser"
[   13.560212] audit: type=1400 audit(1585828096.210:4): apparmor="STATUS" operation="profile_load" profile="unconfined" name="nvidia_modprobe//kmod" pid=739 comm="apparmor_parser"
[   13.577250] audit: type=1400 audit(1585828096.230:5): apparmor="STATUS" operation="profile_load" profile="unconfined" name="lsb_release" pid=743 comm="apparmor_parser"
[   13.610769] audit: type=1400 audit(1585828096.260:6): apparmor="STATUS" operation="profile_load" profile="unconfined" name="/usr/bin/man" pid=740 comm="apparmor_parser"
[   13.610846] audit: type=1400 audit(1585828096.260:7): apparmor="STATUS" operation="profile_load" profile="unconfined" name="man_filter" pid=740 comm="apparmor_parser"
[   13.610915] audit: type=1400 audit(1585828096.260:8): apparmor="STATUS" operation="profile_load" profile="unconfined" name="man_groff" pid=740 comm="apparmor_parser"
[   13.664469] audit: type=1400 audit(1585828096.320:9): apparmor="STATUS" operation="profile_load" profile="unconfined" name="/usr/sbin/named" pid=742 comm="apparmor_parser"
[   13.695100] audit: type=1400 audit(1585828096.350:10): apparmor="STATUS" operation="profile_load" profile="unconfined" name="/usr/sbin/tcpdump" pid=741 comm="apparmor_parser"
[   13.851949] random: crng init done
[   13.851981] random: 6 urandom warning(s) missed due to ratelimiting
