[    0.000017] PROMLIB: Sun IEEE Boot Prom 'OBP 4.38.12 2018/03/28 14:54'
[    0.000028] PROMLIB: Root node compatible: sun4v
[    0.000074] Linux version 5.0.0-rc1-00217-ge1706720408e (mator@ttip) (gcc version 8.2.0 (Debian 8.2.0-14)) #874 SMP Sun Jan 13 10:49:53 MSK 2019
[    0.000381] printk: bootconsole [earlyprom0] enabled
[    0.000435] ARCH: SUN4V
[    0.000484] Ethernet address: 00:14:4f:fa:06:f2
[    0.000537] MM: PAGE_OFFSET is 0xfff8000000000000 (max_phys_bits == 47)
[    0.000602] MM: VMALLOC [0x0000000100000000 --> 0x0006000000000000]
[    0.000664] MM: VMEMMAP [0x0006000000000000 --> 0x000c000000000000]
[    0.011322] Kernel: Using 5 locked TLB entries for main kernel image.
[    0.011393] Remapping the kernel... 
[    0.011415] done.
[    0.039945] OF stdout device is: /virtual-devices@100/console@1
[    0.040017] PROM: Built device tree with 72847 bytes of memory.
[    0.040080] MDESC: Size is 30768 bytes.
[    0.040189] PLATFORM: banner-name [SPARC T5-2]
[    0.040238] PLATFORM: name [ORCL,SPARC-T5-2]
[    0.040285] PLATFORM: hostid [84fa06f2]
[    0.040329] PLATFORM: serial# [0035260e]
[    0.040372] PLATFORM: stick-frequency [3b9aca00]
[    0.040420] PLATFORM: mac-address [144ffa06f2]
[    0.040468] PLATFORM: watchdog-resolution [1000 ms]
[    0.040519] PLATFORM: watchdog-max-timeout [31536000000 ms]
[    0.040574] PLATFORM: max-cpus [1024]
[    0.040665] Top of RAM: 0x24af948000, Total RAM: 0x87f388000
[    0.040726] Memory hole size: 115461MB
[    0.044937] Allocated 40960 bytes for kernel page tables.
[    0.045023] Zone ranges:
[    0.045063]   Normal   [mem 0x0000000030400000-0x00000024af947fff]
[    0.045127] Movable zone start for each node
[    0.045173] Early memory node ranges
[    0.045214]   node   0: [mem 0x0000000030400000-0x000000006febffff]
[    0.045275]   node   0: [mem 0x000000006ff40000-0x000000006ff47fff]
[    0.045337]   node   0: [mem 0x0000000070000000-0x000000042fffffff]
[    0.045398]   node   0: [mem 0x0000002030000000-0x00000024af8b7fff]
[    0.045461]   node   0: [mem 0x00000024af940000-0x00000024af947fff]
[    0.052804] Zeroed struct page in unavailable ranges: 230112 pages
[    0.052812] Initmem setup node 0 [mem 0x0000000030400000-0x00000024af947fff]
[    0.052967] On node 0 totalpages: 4454852
[    0.052977]   Normal zone: 39154 pages used for memmap
[    0.052982]   Normal zone: 0 pages reserved
[    0.052988]   Normal zone: 4454852 pages, LIFO batch:31
[    0.255263] Booting Linux...
[    0.255348] CPU CAPS: [flush,stbar,swap,muldiv,v9,blkinit,n2,mul32]
[    0.255429] CPU CAPS: [div32,v8plus,popc,vis,vis2,ASIBlkInit,fmaf,vis3]
[    0.256507] CPU CAPS: [hpc,ima,pause,cbcond,aes,des,kasumi,camellia]
[    0.256580] CPU CAPS: [md5,sha1,sha256,sha512,mpmul,montmul,montsqr,crc32c]
[    0.307631] percpu: Embedded 20 pages/cpu @(____ptrval____) s121928 r8192 d33720 u262144
[    0.307878] pcpu-alloc: s121928 r8192 d33720 u262144 alloc=1*4194304
[    0.307885] pcpu-alloc: [0] 000 001 002 003 004 005 006 007 008 009 010 011 012 013 014 015 
[    0.307913] pcpu-alloc: [0] 016 017 018 019 020 021 022 023 024 025 026 027 028 029 030 031 
[    0.307940] pcpu-alloc: [0] 032 033 034 035 036 037 038 039 040 041 042 043 044 045 046 047 
[    0.307967] pcpu-alloc: [0] 048 049 050 051 052 053 054 055 056 057 058 059 060 061 062 063 
[    0.307993] pcpu-alloc: [0] 064 065 066 067 068 069 070 071 072 073 074 075 076 077 078 079 
[    0.308020] pcpu-alloc: [0] 080 081 082 083 084 085 086 087 088 089 090 091 092 093 094 095 
[    0.308047] pcpu-alloc: [0] 096 097 098 099 100 101 102 103 104 105 106 107 108 109 110 111 
[    0.308074] pcpu-alloc: [0] 112 113 114 115 116 117 118 119 120 121 122 123 124 125 126 127 
[    0.308101] pcpu-alloc: [0] 128 129 130 131 132 133 134 135 136 137 138 139 140 141 142 143 
[    0.308128] pcpu-alloc: [0] 144 145 146 147 148 149 150 151 152 153 154 155 156 157 158 159 
[    0.308155] pcpu-alloc: [0] 160 161 162 163 164 165 166 167 168 169 170 171 172 173 174 175 
[    0.308182] pcpu-alloc: [0] 176 177 178 179 180 181 182 183 184 185 186 187 188 189 190 191 
[    0.308209] pcpu-alloc: [0] 192 193 194 195 196 197 198 199 200 201 202 203 204 205 206 207 
[    0.308236] pcpu-alloc: [0] 208 209 210 211 212 213 214 215 216 217 218 219 220 221 222 223 
[    0.308263] pcpu-alloc: [0] 224 225 226 227 228 229 230 231 232 233 234 235 236 237 238 239 
[    0.308290] pcpu-alloc: [0] 240 241 242 243 244 245 246 247 248 249 250 251 252 253 254 255 
[    0.308711] SUN4V: Mondo queue sizes [cpu(131072) dev(16384) r(8192) nr(256)]
[    0.309010] Built 1 zonelists, mobility grouping on.  Total pages: 4415698
[    0.309097] Kernel command line: BOOT_IMAGE=/vmlinuz-5.0.0-rc1-00217-ge1706720408e root=/dev/vdiska2 ro zswap.enabled=1 elevator=deadline
[    0.311477] printk: log_buf_len individual max cpu contribution: 4096 bytes
[    0.311547] printk: log_buf_len total cpu_extra contributions: 1044480 bytes
[    0.311615] printk: log_buf_len min size: 131072 bytes
[    0.311984] printk: log_buf_len: 2097152 bytes
[    0.312035] printk: early log buf free: 125920(96%)
[    0.318355] Dentry cache hash table entries: 8388608 (order: 13, 67108864 bytes)
[    0.321588] Inode-cache hash table entries: 4194304 (order: 12, 33554432 bytes)
[    0.321659] Sorting __ex_table...
[    0.407468] Memory: 35119616K/35638816K available (6088K kernel code, 827K rwdata, 1760K rodata, 880K init, 7992K bss, 519200K reserved, 0K cma-reserved)
[    0.407831] kmemleak: Kernel memory leak detector disabled
[    0.409320] ftrace: allocating 18539 entries in 37 pages
[    0.422889] Running RCU self tests
[    0.422937] rcu: Hierarchical RCU implementation.
[    0.422985] rcu: 	RCU event tracing is enabled.
[    0.423034] rcu: 	RCU lockdep checking is enabled.
[    0.423083] rcu: RCU calculated value of scheduler-enlistment delay is 11 jiffies.
[    0.428358] NR_IRQS: 2048, nr_irqs: 2048, preallocated irqs: 1
[    0.428445] SUN4V: Using IRQ API major 3, cookie only virqs enabled
[    0.432583] clocksource: stick: mask: 0xffffffffffffffff max_cycles: 0x1cd42e4dffb, max_idle_ns: 881590591483 ns
[    0.432716] clocksource: mult[800000] shift[23]
[    0.432765] clockevent: mult[80000000] shift[31]
[    0.436998] Console: colour dummy device 80x25
[    0.437061] printk: console [tty0] enabled
[    0.437136] printk: bootconsole [earlyprom0] disabled
[    0.437219] Lock dependency validator: Copyright (c) 2006 Red Hat, Inc., Ingo Molnar
[    0.437265] ... MAX_LOCKDEP_SUBCLASSES:  8
[    0.437293] ... MAX_LOCK_DEPTH:          48
[    0.437321] ... MAX_LOCKDEP_KEYS:        8191
[    0.437350] ... CLASSHASH_SIZE:          4096
[    0.437379] ... MAX_LOCKDEP_ENTRIES:     16384
[    0.437408] ... MAX_LOCKDEP_CHAINS:      32768
[    0.437437] ... CHAINHASH_SIZE:          16384
[    0.437466]  memory used by lock dependency info: 4959 kB
[    0.437500]  per task-struct memory footprint: 1920 bytes
[    0.437667] kmemleak: Early log buffer exceeded (36559), please increase DEBUG_KMEMLEAK_EARLY_LOG_SIZE
[    0.583094] Calibrating delay using timer specific routine.. 2006.79 BogoMIPS (lpj=10033958)
[    0.583160] pid_max: default: 262144 minimum: 2048
[    0.584275] LSM: Security Framework initializing
[    0.584315] AppArmor: AppArmor disabled by boot time parameter
[    0.584975] Mount-cache hash table entries: 131072 (order: 7, 1048576 bytes)
[    0.585132] Mountpoint-cache hash table entries: 131072 (order: 7, 1048576 bytes)
[    0.589978] rcu: Hierarchical SRCU implementation.
[    0.612554] smp: Bringing up secondary CPUs ...
[    0.673002] smp: Brought up 1 node, 24 CPUs
[    0.677178] devtmpfs: initialized
[    0.682696] Performance events: 
[    0.682733] Testing NMI watchdog ... 
[    0.882836] OK.
[    0.883007] Supported PMU type is 'niagara5'
[    0.883336] random: get_random_u32 called from bucket_table_alloc.isra.4+0x140/0x1c0 with crng_init=0
[    0.884242] ldc.c:v1.1 (July 22, 2008)
[    0.886925] clocksource: jiffies: mask: 0xffffffff max_cycles: 0xffffffff, max_idle_ns: 19112604462750000 ns
[    0.887021] futex hash table entries: 65536 (order: 10, 8388608 bytes)
[    0.896783] NET: Registered protocol family 16
[    0.906028] VIO: Adding device channel-devices (tx_ino = ffffffffffffffff, rx_ino = ffffffffffffffff)
[    0.906264] VIO: Adding device vnet-port-0-0 (tx_ino = 0, rx_ino = 1)
[    0.906493] VIO: Adding device vnet-port-0-1 (tx_ino = 2, rx_ino = 3)
[    0.906694] VIO: Adding device vnet-port-0-2 (tx_ino = 4, rx_ino = 5)
[    0.906888] VIO: Adding device vnet-port-0-3 (tx_ino = 6, rx_ino = 7)
[    0.907088] VIO: Adding device vnet-port-0-4 (tx_ino = 8, rx_ino = 9)
[    0.907282] VIO: Adding device vdc-port-3-0 (tx_ino = a, rx_ino = b)
[    0.907481] VIO: Adding device vdc-port-2-0 (tx_ino = c, rx_ino = d)
[    0.907679] VIO: Adding device vdc-port-1-0 (tx_ino = e, rx_ino = f)
[    0.907874] VIO: Adding device vdc-port-0-0 (tx_ino = 10, rx_ino = 11)
[    0.908072] VIO: Adding device vlds-port-0-0 (tx_ino = 12, rx_ino = 13)
[    0.908274] VIO: Adding device domain-services-port-0 (tx_ino = 12, rx_ino = 13)
[    0.908681] audit: initializing netlink subsys (disabled)
[    0.909045] audit: type=2000 audit(0.470:1): state=initialized audit_enabled=0 res=1
[    0.954616] HugeTLB registered 64.0 KiB page size, pre-allocated 0 pages
[    0.954667] HugeTLB registered 8.00 MiB page size, pre-allocated 0 pages
[    0.954710] HugeTLB registered 256 MiB page size, pre-allocated 0 pages
[    0.954752] HugeTLB registered 2.00 GiB page size, pre-allocated 0 pages
[    0.966346] SUN4V: Reboot data supported (maj=1,min=0).
[    0.966779] ds.c:v1.0 (Jul 11, 2007)
[    0.967199] ds-0: ds_conn_reset() from send_events.isra.3
[    0.968667] clocksource: Switched to clocksource stick
[    1.148288] VFS: Disk quotas dquot_6.6.0
[    1.148834] VFS: Dquot-cache hash table entries: 1024 (order 0, 8192 bytes)
[    1.169099] NET: Registered protocol family 2
[    1.171422] tcp_listen_portaddr_hash hash table entries: 32768 (order: 8, 2359296 bytes)
[    1.174690] TCP established hash table entries: 524288 (order: 9, 4194304 bytes)
[    1.176702] TCP bind hash table entries: 65536 (order: 9, 4194304 bytes)
[    1.182928] TCP: Hash tables configured (established 524288 bind 65536)
[    1.189583] UDP hash table entries: 32768 (order: 9, 5242880 bytes)
[    1.196759] UDP-Lite hash table entries: 32768 (order: 9, 5242880 bytes)
[    1.210718] NET: Registered protocol family 1
[    1.211612] Unpacking initramfs...
[    1.457295] Freeing initrd memory: 7608K
[    1.494294] Kprobe smoke test: started
[    1.504711] Kprobe smoke test: passed successfully
[    1.505837] workingset: timestamp_bits=46 max_order=23 bucket_order=0
[    1.507158] zbud: loaded
[    1.660390] Block layer SCSI generic (bsg) driver version 0.4 loaded (major 252)
[    1.661982] io scheduler mq-deadline registered
[    1.662018] io scheduler kyber registered
[    1.663543] f029b788: ttyS0 at I/O 0x0 (irq = 1, base_baud = 115200) is a SUN4V HCONS
[    1.669010] printk: console [ttyHV0] enabled
[    1.672150] sunvdc.c:v1.2 (November 24, 2014)
[    1.678709] sunvdc: Virtual CDROM vdiskd
[    1.678759] sunvdc: vdiskd: 403160 sectors (196 MB) protocol 1.2
[    1.680109]  vdiskd: vdiskd1 vdiskd2 vdiskd3 vdiskd4 vdiskd5 vdiskd6 vdiskd7
[    1.734259] sunvdc: Virtual Hard disk vdiskc
[    1.734299] sunvdc: vdiskc: 104857600 sectors (51200 MB) protocol 1.2
[    1.784645] sunvdc: Virtual Hard disk vdiskb
[    1.784684] sunvdc: vdiskb: 62914560 sectors (30720 MB) protocol 1.2
[    1.794297]  vdiskb: vdiskb1
[    1.846258] sunvdc: Virtual Hard disk vdiska
[    1.846295] sunvdc: vdiska: 31457280 sectors (15360 MB) protocol 1.2
[    1.847281]  vdiska: vdiska1 vdiska2 vdiska3 vdiska4
[    1.891797] sunvnet: sunvnet 2.0 (February 3, 2017)
[    1.895266] vnet_port vnet-port-0-0 eth0: Sun LDOM vnet 00:14:4f:f8:12:a3
[    1.895817] sunvnet: eth0: PORT ( remote-mac 00:14:4f:fa:f3:f0 switch-port )
[    1.897103] sunvnet: eth0: PORT ( remote-mac 00:14:4f:f8:e5:f3 )
[    1.898398] sunvnet: eth0: PORT ( remote-mac 00:14:4f:f9:b4:97 )
[    1.899714] sunvnet: eth0: PORT ( remote-mac 00:14:4f:f9:8b:83 )
[    1.901007] sunvnet: eth0: PORT ( remote-mac 00:14:4f:f8:3f:1e )
[    1.901965] mousedev: PS/2 mouse device common for all mice
[    1.903110] rtc-sun4v rtc-sun4v: registered as rtc0
[    1.904244] device-mapper: uevent: version 1.0.3
[    1.905315] device-mapper: ioctl: 4.39.0-ioctl (2018-04-03) initialised: dm-devel@redhat.com
[    1.906865] NET: Registered protocol family 17
[    1.908043] registered taskstats version 1
[    1.911060] zswap: loaded using pool lzo/zbud
[    1.940152] Key type big_key registered
[    1.940983] rtc-sun4v rtc-sun4v: setting system clock to 2019-01-13T08:32:20 UTC (1547368340)
[    1.945551] This architecture does not have kernel memory protection.
[    1.945596] Run /init as init process
[    2.794231] crc32c_sparc64: Using sparc64 crc32c opcode optimized CRC32C implementation
[    2.864593] random: fast init done
[    3.298641] raid6: int64x8  gen()  2190 MB/s
[    3.468629] raid6: int64x8  xor()  1567 MB/s
[    3.638617] raid6: int64x4  gen()  3458 MB/s
[    3.808632] raid6: int64x4  xor()  1987 MB/s
[    3.978607] raid6: int64x2  gen()  2881 MB/s
[    4.148621] raid6: int64x2  xor()  1997 MB/s
[    4.318622] raid6: int64x1  gen()  2802 MB/s
[    4.488609] raid6: int64x1  xor()  1611 MB/s
[    4.488651] raid6: using algorithm int64x4 gen() 3458 MB/s
[    4.488693] raid6: .... xor() 1987 MB/s, rmw enabled
[    4.488729] raid6: using intx1 recovery algorithm
[    4.489711] async_tx: api initialized (async)
[    4.490399] xor: automatically using best checksumming function   Niagara   
[    4.694845] EXT4-fs (vdiska2): mounted filesystem with ordered data mode. Opts: (null)
[    6.081058] systemd[1]: Inserted module 'autofs4'
[    6.090189] NET: Registered protocol family 10
[    6.101896] Segment Routing with IPv6
[    6.178012] systemd[1]: systemd 240 running in system mode. (+PAM +AUDIT +SELINUX +IMA +APPARMOR +SMACK +SYSVINIT +UTMP +LIBCRYPTSETUP +GCRYPT +GNUTLS +ACL +XZ +LZ4 -SECCOMP +BLKID +ELFUTILS +KMOD -IDN2 +IDN -PCRE2 default-hierarchy=hybrid)
[    6.178494] systemd[1]: Detected architecture sparc64.
[    6.239603] systemd[1]: Set hostname to <ttip>.
[    6.967893] random: lvmconfig: uninitialized urandom read (4 bytes read)
[    7.756669] systemd[1]: File /lib/systemd/system/systemd-journald.service:12 configures an IP firewall (IPAddressDeny=any), but the local system does not support BPF/cgroup based firewalling.
[    7.756790] systemd[1]: Proceeding WITHOUT firewalling in effect! (This warning is only shown for the first loaded unit using IP firewalling.)
[    7.822069] systemd[1]: /lib/systemd/system/auditd.service:11: PIDFile= references path below legacy directory /var/run/, updating /var/run/auditd.pid → /run/auditd.pid; please update the unit file accordingly.
[    8.177506] systemd[1]: /lib/systemd/system/smbd.service:9: PIDFile= references path below legacy directory /var/run/, updating /var/run/samba/smbd.pid → /run/samba/smbd.pid; please update the unit file accordingly.
[    8.181423] systemd[1]: /lib/systemd/system/nmbd.service:9: PIDFile= references path below legacy directory /var/run/, updating /var/run/samba/nmbd.pid → /run/samba/nmbd.pid; please update the unit file accordingly.
[    8.372133] random: systemd: uninitialized urandom read (16 bytes read)
[    8.376459] random: systemd: uninitialized urandom read (16 bytes read)
[    8.384728] systemd[1]: Created slice User and Session Slice.
[    8.385504] random: systemd: uninitialized urandom read (16 bytes read)
[    8.385588] systemd[1]: Reached target Slices.
[    8.624796] EXT4-fs (vdiska2): re-mounted. Opts: errors=remount-ro
[    8.848055] systemd-journald[403]: Received request to flush runtime journal from PID 1
[    9.889222] sha1_sparc64: Using sparc64 sha1 opcode optimized SHA-1 implementation
[    9.906938] sha256_sparc64: Using sparc64 sha256 opcode optimized SHA-256/SHA-224 implementation
[    9.927307] sha512_sparc64: Using sparc64 sha512 opcode optimized SHA-512/SHA-384 implementation
[    9.935873] md5_sparc64: Using sparc64 md5 opcode optimized MD5 implementation
[    9.947461] aes_sparc64: Using sparc64 aes opcodes optimized AES implementation
[    9.988825] n2rng v0.3 (Jan 7, 2017)
[    9.988941] n2rng f029b104: Registered RNG HVAPI major 2 minor 0
[    9.989033] n2rng f029b104: Found multi-unit-capable RNG, units: 2
[    9.990282] n2rng f029b104: RNG ready
[   10.007847] des_sparc64: Using sparc64 des opcodes optimized DES implementation
[   10.076861] camellia_sparc64: Using sparc64 camellia opcodes optimized CAMELLIA implementation
[   12.727199] SGI XFS with ACLs, security attributes, debug enabled
[   12.760347] XFS (dm-0): Mounting V5 Filesystem
[   12.864854] XFS (dm-0): Ending clean mount
[   13.177432] Adding 787176k swap on /dev/vdiska4.  Priority:-2 extents:1 across:787176k FS
[   13.479808] EXT4-fs (vdiska1): mounting ext3 file system using the ext4 subsystem
[   13.490372] EXT4-fs (vdiska1): mounted filesystem with ordered data mode. Opts: (null)
[   15.055289] random: crng init done
[   15.055336] random: 6 urandom warning(s) missed due to ratelimiting
