[    0.000019] PROMLIB: Sun IEEE Boot Prom 'OBP 4.38.12 2018/03/28 14:54'
[    0.000030] PROMLIB: Root node compatible: sun4v
[    0.000074] Linux version 5.2.0-10687-g5fe7b600a116 (mator@ttip) (gcc version 8.3.0 (Debian 8.3.0-19)) #1165 SMP Thu Aug 15 00:37:54 MSK 2019
[    0.000383] printk: bootconsole [earlyprom0] enabled
[    0.000436] ARCH: SUN4V
[    0.000484] Ethernet address: 00:14:4f:fa:06:f2
[    0.000535] MM: PAGE_OFFSET is 0xfff8000000000000 (max_phys_bits == 47)
[    0.000601] MM: VMALLOC [0x0000000100000000 --> 0x0006000000000000]
[    0.000661] MM: VMEMMAP [0x0006000000000000 --> 0x000c000000000000]
[    0.012504] Kernel: Using 5 locked TLB entries for main kernel image.
[    0.012573] Remapping the kernel... 
[    0.012597] done.
[    0.047608] OF stdout device is: /virtual-devices@100/console@1
[    0.047672] PROM: Built device tree with 87467 bytes of memory.
[    0.047733] MDESC: Size is 37248 bytes.
[    0.047852] PLATFORM: banner-name [SPARC T5-2]
[    0.047903] PLATFORM: name [ORCL,SPARC-T5-2]
[    0.047948] PLATFORM: hostid [84fa06f2]
[    0.047992] PLATFORM: serial# [0035260e]
[    0.048034] PLATFORM: stick-frequency [3b9aca00]
[    0.048083] PLATFORM: mac-address [144ffa06f2]
[    0.048129] PLATFORM: watchdog-resolution [1000 ms]
[    0.048180] PLATFORM: watchdog-max-timeout [31536000000 ms]
[    0.048235] PLATFORM: max-cpus [1024]
[    0.048306] Top of RAM: 0x24af938000, Total RAM: 0x87f354000
[    0.048366] Memory hole size: 115461MB
[    0.101101] kmemleak: Kernel memory leak detector disabled
[    0.281284] Allocated 35708928 bytes for kernel page tables.
[    0.281358] Zone ranges:
[    0.281395]   Normal   [mem 0x0000000030400000-0x00000024af937fff]
[    0.281459] Movable zone start for each node
[    0.281503] Early memory node ranges
[    0.281544]   node   0: [mem 0x0000000030400000-0x000000006fe7ffff]
[    0.281604]   node   0: [mem 0x000000006ff00000-0x000000006ff25fff]
[    0.281664]   node   0: [mem 0x0000000070000000-0x000000042fffffff]
[    0.281726]   node   0: [mem 0x0000002030000000-0x00000024af87ffff]
[    0.281786]   node   0: [mem 0x00000024af900000-0x00000024af925fff]
[    0.281846]   node   0: [mem 0x00000024af930000-0x00000024af937fff]
[    0.289215] Zeroed struct page in unavailable ranges: 230130 pages
[    0.289222] Initmem setup node 0 [mem 0x0000000030400000-0x00000024af937fff]
[    0.289382] On node 0 totalpages: 4454826
[    0.289391]   Normal zone: 39154 pages used for memmap
[    0.289396]   Normal zone: 0 pages reserved
[    0.289402]   Normal zone: 4454826 pages, LIFO batch:31
[    0.486628] Booting Linux...
[    0.486717] CPU CAPS: [flush,stbar,swap,muldiv,v9,blkinit,n2,mul32]
[    0.486800] CPU CAPS: [div32,v8plus,popc,vis,vis2,ASIBlkInit,fmaf,vis3]
[    0.487879] CPU CAPS: [hpc,ima,pause,cbcond,aes,des,kasumi,camellia]
[    0.487952] CPU CAPS: [md5,sha1,sha256,sha512,mpmul,montmul,montsqr,crc32c]
[    0.554247] percpu: Embedded 27 pages/cpu s180680 r8192 d32312 u262144
[    0.554492] pcpu-alloc: s180680 r8192 d32312 u262144 alloc=1*4194304
[    0.554499] pcpu-alloc: [0] 000 001 002 003 004 005 006 007 008 009 010 011 012 013 014 015 
[    0.554526] pcpu-alloc: [0] 016 017 018 019 020 021 022 023 024 025 026 027 028 029 030 031 
[    0.554553] pcpu-alloc: [0] 032 033 034 035 036 037 038 039 040 041 042 043 044 045 046 047 
[    0.554580] pcpu-alloc: [0] 048 049 050 051 052 053 054 055 056 057 058 059 060 061 062 063 
[    0.554606] pcpu-alloc: [0] 064 065 066 067 068 069 070 071 072 073 074 075 076 077 078 079 
[    0.554633] pcpu-alloc: [0] 080 081 082 083 084 085 086 087 088 089 090 091 092 093 094 095 
[    0.554659] pcpu-alloc: [0] 096 097 098 099 100 101 102 103 104 105 106 107 108 109 110 111 
[    0.554686] pcpu-alloc: [0] 112 113 114 115 116 117 118 119 120 121 122 123 124 125 126 127 
[    0.554713] pcpu-alloc: [0] 128 129 130 131 132 133 134 135 136 137 138 139 140 141 142 143 
[    0.554740] pcpu-alloc: [0] 144 145 146 147 148 149 150 151 152 153 154 155 156 157 158 159 
[    0.554766] pcpu-alloc: [0] 160 161 162 163 164 165 166 167 168 169 170 171 172 173 174 175 
[    0.554793] pcpu-alloc: [0] 176 177 178 179 180 181 182 183 184 185 186 187 188 189 190 191 
[    0.554820] pcpu-alloc: [0] 192 193 194 195 196 197 198 199 200 201 202 203 204 205 206 207 
[    0.554847] pcpu-alloc: [0] 208 209 210 211 212 213 214 215 216 217 218 219 220 221 222 223 
[    0.554873] pcpu-alloc: [0] 224 225 226 227 228 229 230 231 232 233 234 235 236 237 238 239 
[    0.554900] pcpu-alloc: [0] 240 241 242 243 244 245 246 247 248 249 250 251 252 253 254 255 
[    0.555397] SUN4V: Mondo queue sizes [cpu(131072) dev(16384) r(8192) nr(256)]
[    0.555921] Built 1 zonelists, mobility grouping on.  Total pages: 4415672
[    0.556013] Kernel command line: BOOT_IMAGE=/vmlinux-5.2.0-10687-g5fe7b600a116 root=/dev/vdiska2 ro zswap.enabled=1
[    0.558374] printk: log_buf_len individual max cpu contribution: 4096 bytes
[    0.558445] printk: log_buf_len total cpu_extra contributions: 1044480 bytes
[    0.558512] printk: log_buf_len min size: 131072 bytes
[    0.558982] printk: log_buf_len: 2097152 bytes
[    0.559034] printk: early log buf free: 125824(95%)
[    0.568651] Dentry cache hash table entries: 8388608 (order: 13, 67108864 bytes, linear)
[    0.573558] Inode-cache hash table entries: 4194304 (order: 12, 33554432 bytes, linear)
[    0.573638] Sorting __ex_table...
[    0.573865] mem auto-init: stack:off, heap alloc:off, heap free:off
[    0.651271] Memory: 35067208K/35638608K available (6872K kernel code, 972K rwdata, 2056K rodata, 1000K init, 6717K bss, 571400K reserved, 0K cma-reserved)
[    0.668247] ftrace: allocating 19810 entries in 39 pages
[    0.686729] Running RCU self tests
[    0.686776] rcu: Hierarchical RCU implementation.
[    0.686826] rcu: 	RCU event tracing is enabled.
[    0.686875] rcu: 	RCU lockdep checking is enabled.
[    0.686924] 	Tasks RCU enabled.
[    0.686961] rcu: RCU calculated value of scheduler-enlistment delay is 11 jiffies.
[    0.695146] NR_IRQS: 2048, nr_irqs: 2048, preallocated irqs: 1
[    0.695504] SUN4V: Using IRQ API major 3, cookie only virqs enabled
[    0.701876] clocksource: stick: mask: 0xffffffffffffffff max_cycles: 0x1cd42e4dffb, max_idle_ns: 881590591483 ns
[    0.702011] clocksource: mult[800000] shift[23]
[    0.702060] clockevent: mult[80000000] shift[31]
[    0.724480] Console: colour dummy device 80x25
[    0.724560] printk: console [tty0] enabled
[    0.724640] printk: bootconsole [earlyprom0] disabled
[    0.724725] Lock dependency validator: Copyright (c) 2006 Red Hat, Inc., Ingo Molnar
[    0.724773] ... MAX_LOCKDEP_SUBCLASSES:  8
[    0.724803] ... MAX_LOCK_DEPTH:          48
[    0.724833] ... MAX_LOCKDEP_KEYS:        8192
[    0.724864] ... CLASSHASH_SIZE:          4096
[    0.724895] ... MAX_LOCKDEP_ENTRIES:     16384
[    0.724926] ... MAX_LOCKDEP_CHAINS:      32768
[    0.724957] ... CHAINHASH_SIZE:          16384
[    0.724989]  memory used by lock dependency info: 3855 kB
[    0.725025]  per task-struct memory footprint: 1920 bytes
[    0.725746] kmemleak: Early log buffer exceeded (9381), please increase DEBUG_KMEMLEAK_EARLY_LOG_SIZE
[    0.872338] Calibrating delay using timer specific routine.. 2004.34 BogoMIPS (lpj=10021741)
[    0.872402] pid_max: default: 262144 minimum: 2048
[    0.879639] Mount-cache hash table entries: 131072 (order: 7, 1048576 bytes, linear)
[    0.879875] Mountpoint-cache hash table entries: 131072 (order: 7, 1048576 bytes, linear)
[    0.884672] *** VALIDATE proc ***
[    0.887363] *** VALIDATE cgroup1 ***
[    0.887396] *** VALIDATE cgroup2 ***
[    0.891869] rcu: Hierarchical SRCU implementation.
[    0.915432] smp: Bringing up secondary CPUs ...
[    1.010386] smp: Brought up 1 node, 32 CPUs
[    1.020902] devtmpfs: initialized
[    1.027339] Performance events: 
[    1.027389] Testing NMI watchdog ... 
[    1.227714] OK.
[    1.227877] Supported PMU type is 'niagara5'
[    1.228621] random: get_random_u32 called from bucket_table_alloc.isra.4+0x184/0x1c0 with crng_init=0
[    1.229749] ldc.c:v1.1 (July 22, 2008)
[    1.233532] clocksource: jiffies: mask: 0xffffffff max_cycles: 0xffffffff, max_idle_ns: 19112604462750000 ns
[    1.233635] futex hash table entries: 65536 (order: 10, 8388608 bytes, linear)
[    1.248334] NET: Registered protocol family 16
[    1.258407] VIO: Adding device channel-devices (tx_ino = ffffffffffffffff, rx_ino = ffffffffffffffff)
[    1.258644] VIO: Adding device vnet-port-0-0 (tx_ino = 0, rx_ino = 1)
[    1.258865] VIO: Adding device vnet-port-0-1 (tx_ino = 2, rx_ino = 3)
[    1.259050] VIO: Adding device vnet-port-0-2 (tx_ino = 4, rx_ino = 5)
[    1.259236] VIO: Adding device vnet-port-0-4 (tx_ino = 8, rx_ino = 9)
[    1.259428] VIO: Adding device vnet-port-0-5 (tx_ino = a, rx_ino = b)
[    1.259622] VIO: Adding device vnet-port-0-6 (tx_ino = c, rx_ino = d)
[    1.259806] VIO: Adding device vnet-port-0-3 (tx_ino = 6, rx_ino = 7)
[    1.259990] VIO: Adding device vdc-port-3-0 (tx_ino = e, rx_ino = f)
[    1.260186] VIO: Adding device vdc-port-2-0 (tx_ino = 10, rx_ino = 11)
[    1.260370] VIO: Adding device vdc-port-1-0 (tx_ino = 12, rx_ino = 13)
[    1.260565] VIO: Adding device vdc-port-0-0 (tx_ino = 14, rx_ino = 15)
[    1.260749] VIO: Adding device vdc-port-4-0 (tx_ino = 16, rx_ino = 17)
[    1.260947] VIO: Adding device vlds-port-0-0 (tx_ino = 18, rx_ino = 19)
[    1.261133] VIO: Adding device domain-services-port-0 (tx_ino = 18, rx_ino = 19)
[    1.261756] audit: initializing netlink subsys (disabled)
[    1.262135] audit: type=2000 audit(0.550:1): state=initialized audit_enabled=0 res=1
[    1.309737] HugeTLB registered 64.0 KiB page size, pre-allocated 0 pages
[    1.309787] HugeTLB registered 8.00 MiB page size, pre-allocated 0 pages
[    1.309833] HugeTLB registered 256 MiB page size, pre-allocated 0 pages
[    1.309878] HugeTLB registered 2.00 GiB page size, pre-allocated 0 pages
[    1.358402] alg: No test for lzo-rle (lzo-rle-generic)
[    1.358947] alg: No test for lzo-rle (lzo-rle-scomp)
[    1.379481] SUN4V: Reboot data supported (maj=1,min=0).
[    1.380469] ds.c:v1.0 (Jul 11, 2007)
[    1.381052] ds-0: ds_conn_reset() from send_events.isra.3
[    1.382680] clocksource: Switched to clocksource stick
[    1.670914] VFS: Disk quotas dquot_6.6.0
[    1.672543] VFS: Dquot-cache hash table entries: 1024 (order 0, 8192 bytes)
[    1.673211] *** VALIDATE hugetlbfs ***
[    1.694057] NET: Registered protocol family 2
[    1.697255] tcp_listen_portaddr_hash hash table entries: 32768 (order: 8, 2359296 bytes, linear)
[    1.700716] TCP established hash table entries: 524288 (order: 9, 4194304 bytes, linear)
[    1.703106] TCP bind hash table entries: 65536 (order: 9, 4194304 bytes, linear)
[    1.709588] TCP: Hash tables configured (established 524288 bind 65536)
[    1.716444] UDP hash table entries: 32768 (order: 9, 5242880 bytes, linear)
[    1.724103] UDP-Lite hash table entries: 32768 (order: 9, 5242880 bytes, linear)
[    1.738323] NET: Registered protocol family 1
[    1.739414] Trying to unpack rootfs image as initramfs...
[    2.055652] Freeing initrd memory: 10424K
[    2.090898] workingset: timestamp_bits=46 max_order=23 bucket_order=0
[    2.097223] SGI XFS with ACLs, security attributes, debug enabled
[    2.127575] Block layer SCSI generic (bsg) driver version 0.4 loaded (major 252)
[    2.129383] io scheduler mq-deadline registered
[    2.131276] f029b788: ttyHV0 at I/O 0x0 (irq = 1, base_baud = 115200) is a SUN4V HCONS
[    2.137617] printk: console [ttyHV0] enabled
[    2.143282] sunvdc.c:v1.2 (November 24, 2014)
[    2.150727] sunvdc: Virtual CDROM vdiskd
[    2.150780] sunvdc: vdiskd: 403160 sectors (196 MB) protocol 1.2
[    2.152148]  vdiskd: vdiskd1 vdiskd2 vdiskd3 vdiskd4 vdiskd5 vdiskd6 vdiskd7
[    2.209111] sunvdc: Virtual Hard disk vdiskc
[    2.209154] sunvdc: vdiskc: 104857600 sectors (51200 MB) protocol 1.2
[    2.262390] sunvdc: Virtual Hard disk vdiskb
[    2.262489] sunvdc: vdiskb: 62914560 sectors (30720 MB) protocol 1.2
[    2.273162]  vdiskb: vdiskb1
[    2.326260] sunvdc: Virtual Hard disk vdiska
[    2.326302] sunvdc: vdiska: 31457280 sectors (15360 MB) protocol 1.2
[    2.327057]  vdiska: vdiska1 vdiska2 vdiska3 vdiska4
[    2.382090] sunvdc: Virtual Hard disk vdiske
[    2.382135] sunvdc: vdiske: 20971520 sectors (10240 MB) protocol 1.2
[    2.383822]  vdiske: vdiske1 vdiske2 vdiske3
[    2.430760] sunvnet: sunvnet 2.0 (February 3, 2017)
[    2.434275] vnet_port vnet-port-0-0 eth0: Sun LDOM vnet 00:14:4f:f8:12:a3
[    2.434870] sunvnet: eth0: PORT ( remote-mac 00:14:4f:fa:f3:f0 switch-port )
[    2.436224] sunvnet: eth0: PORT ( remote-mac 00:14:4f:f8:e5:f3 )
[    2.437557] sunvnet: eth0: PORT ( remote-mac 00:14:4f:f9:b4:97 )
[    2.438915] sunvnet: eth0: PORT ( remote-mac 00:14:4f:f8:3f:1e )
[    2.440242] sunvnet: eth0: PORT ( remote-mac 00:14:4f:f8:fe:47 )
[    2.441581] sunvnet: eth0: PORT ( remote-mac 00:14:4f:f9:8b:83 )
[    2.442933] sunvnet: eth0: PORT ( remote-mac 00:14:4f:f9:6c:d1 )
[    2.444613] rtc-sun4v rtc-sun4v: registered as rtc0
[    2.445260] sun4v_wdt: initialized (timeout=60s, nowayout=0)
[    2.445671] device-mapper: uevent: version 1.0.3
[    2.446770] device-mapper: ioctl: 4.40.0-ioctl (2019-01-18) initialised: dm-devel@redhat.com
[    2.448776] NET: Registered protocol family 17
[    2.459390] zswap: default zpool zbud not available
[    2.459446] zswap: pool creation failed
[    2.502943] Key type big_key registered
[    2.503999] rtc-sun4v rtc-sun4v: setting system clock to 2019-08-15T06:58:07 UTC (1565852287)
[    2.508397] This architecture does not have kernel memory protection.
[    2.508444] Run /init as init process
[    3.420257] crc32c_sparc64: Using sparc64 crc32c opcode optimized CRC32C implementation
[    3.514049] random: fast init done
[    3.932457] raid6: int64x8  gen()  2146 MB/s
[    4.102455] raid6: int64x8  xor()  1568 MB/s
[    4.272439] raid6: int64x4  gen()  3473 MB/s
[    4.442459] raid6: int64x4  xor()  1984 MB/s
[    4.612456] raid6: int64x2  gen()  2878 MB/s
[    4.782451] raid6: int64x2  xor()  1992 MB/s
[    4.952446] raid6: int64x1  gen()  2803 MB/s
[    5.122444] raid6: int64x1  xor()  1624 MB/s
[    5.122480] raid6: using algorithm int64x4 gen() 3473 MB/s
[    5.122520] raid6: .... xor() 1984 MB/s, rmw enabled
[    5.122558] raid6: using intx1 recovery algorithm
[    5.123587] async_tx: api initialized (async)
[    5.124344] xor: automatically using best checksumming function   Niagara   
[    5.345869] EXT4-fs (vdiska2): mounted filesystem with ordered data mode. Opts: (null)
[    6.879134] systemd[1]: Inserted module 'autofs4'
[    6.892601] NET: Registered protocol family 10
[    6.905086] Segment Routing with IPv6
[    6.968236] systemd[1]: systemd 241 running in system mode. (+PAM +AUDIT +SELINUX +IMA +APPARMOR +SMACK +SYSVINIT +UTMP +LIBCRYPTSETUP +GCRYPT +GNUTLS +ACL +XZ +LZ4 -SECCOMP +BLKID +ELFUTILS +KMOD -IDN2 +IDN +PCRE2 default-hierarchy=hybrid)
[    6.968866] systemd[1]: Detected architecture sparc64.
[    7.015710] systemd[1]: Set hostname to <ttip>.
[    7.021218] systemd[1]: Failed to bump fs.file-max, ignoring: Invalid argument
[    7.986231] random: lvmconfig: uninitialized urandom read (4 bytes read)
[    9.081631] systemd[1]: /lib/systemd/system/smbd.service:9: PIDFile= references path below legacy directory /var/run/, updating /var/run/samba/smbd.pid → /run/samba/smbd.pid; please update the unit file accordingly.
[    9.092686] systemd[1]: /lib/systemd/system/nmbd.service:9: PIDFile= references path below legacy directory /var/run/, updating /var/run/samba/nmbd.pid → /run/samba/nmbd.pid; please update the unit file accordingly.
[    9.283833] random: systemd: uninitialized urandom read (16 bytes read)
[    9.297444] random: systemd: uninitialized urandom read (16 bytes read)
[    9.298187] systemd[1]: Started Dispatch Password Requests to Console Directory Watch.
[    9.299374] random: systemd: uninitialized urandom read (16 bytes read)
[    9.300011] systemd[1]: Listening on Journal Audit Socket.
[    9.315528] systemd[1]: Created slice system-openvpn\x2dclient.slice.
[    9.316918] systemd[1]: Listening on Journal Socket (/dev/log).
[    9.545722] EXT4-fs (vdiska2): re-mounted. Opts: errors=remount-ro
[    9.864870] systemd-journald[454]: Received request to flush runtime journal from PID 1
[   11.146435] sha1_sparc64: Using sparc64 sha1 opcode optimized SHA-1 implementation
[   11.177818] sha256_sparc64: Using sparc64 sha256 opcode optimized SHA-256/SHA-224 implementation
[   11.210140] sha512_sparc64: Using sparc64 sha512 opcode optimized SHA-512/SHA-384 implementation
[   11.222309] md5_sparc64: Using sparc64 md5 opcode optimized MD5 implementation
[   11.268216] aes_sparc64: Using sparc64 aes opcodes optimized AES implementation
[   11.325885] n2rng v0.3 (Jan 7, 2017)
[   11.325995] n2rng f029b104: Registered RNG HVAPI major 2 minor 0
[   11.326074] n2rng f029b104: Found multi-unit-capable RNG, units: 2
[   11.327209] n2rng f029b104: RNG ready
[   11.439576] des_sparc64: Using sparc64 des opcodes optimized DES implementation
[   11.508730] camellia_sparc64: Using sparc64 camellia opcodes optimized CAMELLIA implementation
[   13.026421] XFS (dm-0): Mounting V5 Filesystem
[   13.222923] XFS (dm-0): Ending clean mount
[   14.732538] Adding 787176k swap on /dev/vdiska4.  Priority:-2 extents:1 across:787176k FS
[   15.133778] EXT4-fs (vdiska1): mounting ext3 file system using the ext4 subsystem
[   15.150133] EXT4-fs (vdiska1): mounted filesystem with ordered data mode. Opts: (null)
