[    0.000019] PROMLIB: Sun IEEE Boot Prom 'OBP 4.38.12 2018/03/28 14:54'
[    0.000030] PROMLIB: Root node compatible: sun4v
[    0.000077] Linux version 5.1.0-rc4-00003-gfd008d1a7a20 (mator@ttip) (gcc version 8.3.0 (Debian 8.3.0-6)) #948 SMP Mon Apr 8 18:13:23 MSK 2019
[    0.000386] printk: bootconsole [earlyprom0] enabled
[    0.000437] ARCH: SUN4V
[    0.000487] Ethernet address: 00:14:4f:fa:06:f2
[    0.000539] MM: PAGE_OFFSET is 0xfff8000000000000 (max_phys_bits == 47)
[    0.000602] MM: VMALLOC [0x0000000100000000 --> 0x0006000000000000]
[    0.000663] MM: VMEMMAP [0x0006000000000000 --> 0x000c000000000000]
[    0.012502] Kernel: Using 5 locked TLB entries for main kernel image.
[    0.012578] Remapping the kernel... 
[    0.012602] done.
[    0.039494] OF stdout device is: /virtual-devices@100/console@1
[    0.039573] PROM: Built device tree with 75126 bytes of memory.
[    0.039640] MDESC: Size is 31056 bytes.
[    0.039753] PLATFORM: banner-name [SPARC T5-2]
[    0.039802] PLATFORM: name [ORCL,SPARC-T5-2]
[    0.039849] PLATFORM: hostid [84fa06f2]
[    0.039892] PLATFORM: serial# [0035260e]
[    0.039936] PLATFORM: stick-frequency [3b9aca00]
[    0.039985] PLATFORM: mac-address [144ffa06f2]
[    0.040034] PLATFORM: watchdog-resolution [1000 ms]
[    0.040084] PLATFORM: watchdog-max-timeout [31536000000 ms]
[    0.040140] PLATFORM: max-cpus [1024]
[    0.040238] Top of RAM: 0x24af948000, Total RAM: 0x87f386000
[    0.040300] Memory hole size: 115461MB
[    0.044396] Allocated 40960 bytes for kernel page tables.
[    0.044489] Zone ranges:
[    0.044528]   Normal   [mem 0x0000000030400000-0x00000024af947fff]
[    0.044593] Movable zone start for each node
[    0.044640] Early memory node ranges
[    0.044680]   node   0: [mem 0x0000000030400000-0x000000006febffff]
[    0.044743]   node   0: [mem 0x000000006ff40000-0x000000006ff47fff]
[    0.044805]   node   0: [mem 0x0000000070000000-0x000000042fffffff]
[    0.044864]   node   0: [mem 0x0000002030000000-0x00000024af8b5fff]
[    0.044925]   node   0: [mem 0x00000024af940000-0x00000024af947fff]
[    0.052286] Zeroed struct page in unavailable ranges: 230113 pages
[    0.052294] Initmem setup node 0 [mem 0x0000000030400000-0x00000024af947fff]
[    0.052454] On node 0 totalpages: 4454851
[    0.052463]   Normal zone: 39154 pages used for memmap
[    0.052468]   Normal zone: 0 pages reserved
[    0.052473]   Normal zone: 4454851 pages, LIFO batch:31
[    0.249566] Booting Linux...
[    0.249651] CPU CAPS: [flush,stbar,swap,muldiv,v9,blkinit,n2,mul32]
[    0.249734] CPU CAPS: [div32,v8plus,popc,vis,vis2,ASIBlkInit,fmaf,vis3]
[    0.250813] CPU CAPS: [hpc,ima,pause,cbcond,aes,des,kasumi,camellia]
[    0.250887] CPU CAPS: [md5,sha1,sha256,sha512,mpmul,montmul,montsqr,crc32c]
[    0.301051] percpu: Embedded 20 pages/cpu @(____ptrval____) s122120 r8192 d33528 u262144
[    0.301309] pcpu-alloc: s122120 r8192 d33528 u262144 alloc=1*4194304
[    0.301316] pcpu-alloc: [0] 000 001 002 003 004 005 006 007 008 009 010 011 012 013 014 015 
[    0.301342] pcpu-alloc: [0] 016 017 018 019 020 021 022 023 024 025 026 027 028 029 030 031 
[    0.301369] pcpu-alloc: [0] 032 033 034 035 036 037 038 039 040 041 042 043 044 045 046 047 
[    0.301395] pcpu-alloc: [0] 048 049 050 051 052 053 054 055 056 057 058 059 060 061 062 063 
[    0.301421] pcpu-alloc: [0] 064 065 066 067 068 069 070 071 072 073 074 075 076 077 078 079 
[    0.301447] pcpu-alloc: [0] 080 081 082 083 084 085 086 087 088 089 090 091 092 093 094 095 
[    0.301473] pcpu-alloc: [0] 096 097 098 099 100 101 102 103 104 105 106 107 108 109 110 111 
[    0.301500] pcpu-alloc: [0] 112 113 114 115 116 117 118 119 120 121 122 123 124 125 126 127 
[    0.301526] pcpu-alloc: [0] 128 129 130 131 132 133 134 135 136 137 138 139 140 141 142 143 
[    0.301552] pcpu-alloc: [0] 144 145 146 147 148 149 150 151 152 153 154 155 156 157 158 159 
[    0.301578] pcpu-alloc: [0] 160 161 162 163 164 165 166 167 168 169 170 171 172 173 174 175 
[    0.301604] pcpu-alloc: [0] 176 177 178 179 180 181 182 183 184 185 186 187 188 189 190 191 
[    0.301630] pcpu-alloc: [0] 192 193 194 195 196 197 198 199 200 201 202 203 204 205 206 207 
[    0.301657] pcpu-alloc: [0] 208 209 210 211 212 213 214 215 216 217 218 219 220 221 222 223 
[    0.301683] pcpu-alloc: [0] 224 225 226 227 228 229 230 231 232 233 234 235 236 237 238 239 
[    0.301709] pcpu-alloc: [0] 240 241 242 243 244 245 246 247 248 249 250 251 252 253 254 255 
[    0.302142] SUN4V: Mondo queue sizes [cpu(131072) dev(16384) r(8192) nr(256)]
[    0.302440] Built 1 zonelists, mobility grouping on.  Total pages: 4415697
[    0.302532] Kernel command line: BOOT_IMAGE=/vmlinuz-5.1.0-rc4-00003-gfd008d1a7a20 root=/dev/vdiska2 ro zswap.enabled=1
[    0.304994] printk: log_buf_len individual max cpu contribution: 4096 bytes
[    0.305066] printk: log_buf_len total cpu_extra contributions: 1044480 bytes
[    0.305132] printk: log_buf_len min size: 131072 bytes
[    0.305502] printk: log_buf_len: 2097152 bytes
[    0.305553] printk: early log buf free: 125936(96%)
[    0.311889] Dentry cache hash table entries: 8388608 (order: 13, 67108864 bytes)
[    0.315132] Inode-cache hash table entries: 4194304 (order: 12, 33554432 bytes)
[    0.315204] Sorting __ex_table...
[    0.393809] Memory: 35116704K/35638808K available (6133K kernel code, 845K rwdata, 1800K rodata, 880K init, 8175K bss, 522104K reserved, 0K cma-reserved)
[    0.395470] ftrace: allocating 18646 entries in 37 pages
[    0.404526] kmemleak: Kernel memory leak detector disabled
[    0.409157] Running RCU self tests
[    0.409205] rcu: Hierarchical RCU implementation.
[    0.409255] rcu: 	RCU event tracing is enabled.
[    0.409304] rcu: 	RCU lockdep checking is enabled.
[    0.409353] 	Tasks RCU enabled.
[    0.409391] rcu: RCU calculated value of scheduler-enlistment delay is 11 jiffies.
[    0.414807] NR_IRQS: 2048, nr_irqs: 2048, preallocated irqs: 1
[    0.414896] SUN4V: Using IRQ API major 3, cookie only virqs enabled
[    0.419096] clocksource: stick: mask: 0xffffffffffffffff max_cycles: 0x1cd42e4dffb, max_idle_ns: 881590591483 ns
[    0.419228] clocksource: mult[800000] shift[23]
[    0.419278] clockevent: mult[80000000] shift[31]
[    0.423499] Console: colour dummy device 80x25
[    0.423563] printk: console [tty0] enabled
[    0.423637] printk: bootconsole [earlyprom0] disabled
[    0.423718] Lock dependency validator: Copyright (c) 2006 Red Hat, Inc., Ingo Molnar
[    0.423765] ... MAX_LOCKDEP_SUBCLASSES:  8
[    0.423794] ... MAX_LOCK_DEPTH:          48
[    0.423823] ... MAX_LOCKDEP_KEYS:        8191
[    0.423853] ... CLASSHASH_SIZE:          4096
[    0.423882] ... MAX_LOCKDEP_ENTRIES:     16384
[    0.423913] ... MAX_LOCKDEP_CHAINS:      32768
[    0.423943] ... CHAINHASH_SIZE:          16384
[    0.423973]  memory used by lock dependency info: 5261 kB
[    0.424008]  per task-struct memory footprint: 1920 bytes
[    0.424213] kmemleak: Early log buffer exceeded (4309), please increase DEBUG_KMEMLEAK_EARLY_LOG_SIZE
[    0.569678] Calibrating delay using timer specific routine.. 2008.87 BogoMIPS (lpj=10044364)
[    0.569745] pid_max: default: 262144 minimum: 2048
[    0.570871] LSM: Security Framework initializing
[    0.571119] SELinux:  Initializing.
[    0.571766] *** VALIDATE SELinux ***
[    0.572346] Mount-cache hash table entries: 131072 (order: 7, 1048576 bytes)
[    0.572506] Mountpoint-cache hash table entries: 131072 (order: 7, 1048576 bytes)
[    0.574019] *** VALIDATE proc ***
[    0.574698] *** VALIDATE cgroup1 ***
[    0.574729] *** VALIDATE cgroup2 ***
[    0.577774] rcu: Hierarchical SRCU implementation.
[    0.601272] smp: Bringing up secondary CPUs ...
[    0.664242] smp: Brought up 1 node, 24 CPUs
[    0.671771] devtmpfs: initialized
[    0.677292] Performance events: 
[    0.677341] Testing NMI watchdog ... 
[    0.877448] OK.
[    0.877608] Supported PMU type is 'niagara5'
[    0.877930] random: get_random_u32 called from bucket_table_alloc.isra.4+0x13c/0x1c0 with crng_init=0
[    0.878804] ldc.c:v1.1 (July 22, 2008)
[    0.881778] clocksource: jiffies: mask: 0xffffffff max_cycles: 0xffffffff, max_idle_ns: 19112604462750000 ns
[    0.881874] futex hash table entries: 65536 (order: 10, 8388608 bytes)
[    0.891817] NET: Registered protocol family 16
[    0.901129] VIO: Adding device channel-devices (tx_ino = ffffffffffffffff, rx_ino = ffffffffffffffff)
[    0.901366] VIO: Adding device vnet-port-0-0 (tx_ino = 0, rx_ino = 1)
[    0.901597] VIO: Adding device vnet-port-0-1 (tx_ino = 2, rx_ino = 3)
[    0.901792] VIO: Adding device vnet-port-0-2 (tx_ino = 4, rx_ino = 5)
[    0.901991] VIO: Adding device vnet-port-0-3 (tx_ino = 6, rx_ino = 7)
[    0.902203] VIO: Adding device vnet-port-0-4 (tx_ino = 8, rx_ino = 9)
[    0.902395] VIO: Adding device vnet-port-0-5 (tx_ino = 16, rx_ino = 17)
[    0.902587] VIO: Adding device vdc-port-3-0 (tx_ino = a, rx_ino = b)
[    0.902789] VIO: Adding device vdc-port-2-0 (tx_ino = c, rx_ino = d)
[    0.902985] VIO: Adding device vdc-port-1-0 (tx_ino = e, rx_ino = f)
[    0.903182] VIO: Adding device vdc-port-0-0 (tx_ino = 10, rx_ino = 11)
[    0.903375] VIO: Adding device vlds-port-0-0 (tx_ino = 12, rx_ino = 13)
[    0.903575] VIO: Adding device domain-services-port-0 (tx_ino = 12, rx_ino = 13)
[    0.903962] audit: initializing netlink subsys (disabled)
[    0.904306] audit: type=2000 audit(0.480:1): state=initialized audit_enabled=0 res=1
[    0.950382] HugeTLB registered 64.0 KiB page size, pre-allocated 0 pages
[    0.950434] HugeTLB registered 8.00 MiB page size, pre-allocated 0 pages
[    0.950478] HugeTLB registered 256 MiB page size, pre-allocated 0 pages
[    0.950521] HugeTLB registered 2.00 GiB page size, pre-allocated 0 pages
[    0.965152] SUN4V: Reboot data supported (maj=1,min=0).
[    0.965583] ds.c:v1.0 (Jul 11, 2007)
[    0.965992] ds-0: ds_conn_reset() from send_events.isra.3
[    0.967462] clocksource: Switched to clocksource stick
[    1.187029] VFS: Disk quotas dquot_6.6.0
[    1.187548] VFS: Dquot-cache hash table entries: 1024 (order 0, 8192 bytes)
[    1.188166] *** VALIDATE hugetlbfs ***
[    1.209113] NET: Registered protocol family 2
[    1.211499] tcp_listen_portaddr_hash hash table entries: 32768 (order: 8, 2359296 bytes)
[    1.214771] TCP established hash table entries: 524288 (order: 9, 4194304 bytes)
[    1.216783] TCP bind hash table entries: 65536 (order: 9, 4194304 bytes)
[    1.223005] TCP: Hash tables configured (established 524288 bind 65536)
[    1.230748] UDP hash table entries: 32768 (order: 9, 5242880 bytes)
[    1.238115] UDP-Lite hash table entries: 32768 (order: 9, 5242880 bytes)
[    1.253047] NET: Registered protocol family 1
[    1.254025] Unpacking initramfs...
[    1.576345] Freeing initrd memory: 10240K
[    1.614861] workingset: timestamp_bits=46 max_order=23 bucket_order=0
[    1.616366] zbud: loaded
[    1.623808] alg: extra crypto tests enabled.  This is intended for developer use only.
[    1.755783] alg: No test for lzo-rle (lzo-rle-generic)
[    1.762207] alg: No test for lzo-rle (lzo-rle-scomp)
[    1.873869] Block layer SCSI generic (bsg) driver version 0.4 loaded (major 252)
[    1.875594] io scheduler mq-deadline registered
[    1.877214] f029b788: ttyS0 at I/O 0x0 (irq = 1, base_baud = 115200) is a SUN4V HCONS
[    1.882980] printk: console [ttyHV0] enabled
[    1.886704] sunvdc.c:v1.2 (November 24, 2014)
[    1.894000] sunvdc: Virtual CDROM vdiskd
[    1.894058] sunvdc: vdiskd: 403160 sectors (196 MB) protocol 1.2
[    1.895535]  vdiskd: vdiskd1 vdiskd2 vdiskd3 vdiskd4 vdiskd5 vdiskd6 vdiskd7
[    1.960420] sunvdc: Virtual Hard disk vdiskc
[    1.960469] sunvdc: vdiskc: 104857600 sectors (51200 MB) protocol 1.2
[    2.020234] sunvdc: Virtual Hard disk vdiskb
[    2.020283] sunvdc: vdiskb: 62914560 sectors (30720 MB) protocol 1.2
[    2.027542]  vdiskb: vdiskb1
[    2.086617] sunvdc: Virtual Hard disk vdiska
[    2.086666] sunvdc: vdiska: 31457280 sectors (15360 MB) protocol 1.2
[    2.087628]  vdiska: vdiska1 vdiska2 vdiska3 vdiska4
[    2.140583] sunvnet: sunvnet 2.0 (February 3, 2017)
[    2.144089] vnet_port vnet-port-0-0 eth0: Sun LDOM vnet 00:14:4f:f8:12:a3
[    2.144668] sunvnet: eth0: PORT ( remote-mac 00:14:4f:fa:f3:f0 switch-port )
[    2.145969] sunvnet: eth0: PORT ( remote-mac 00:14:4f:f8:e5:f3 )
[    2.147503] sunvnet: eth0: PORT ( remote-mac 00:14:4f:f9:b4:97 )
[    2.148814] sunvnet: eth0: PORT ( remote-mac 00:14:4f:f9:8b:83 )
[    2.150079] sunvnet: eth0: PORT ( remote-mac 00:14:4f:f8:3f:1e )
[    2.151353] sunvnet: eth0: PORT ( remote-mac 00:14:4f:f8:fe:47 )
[    2.152477] mousedev: PS/2 mouse device common for all mice
[    2.153637] rtc-sun4v rtc-sun4v: registered as rtc0
[    2.154071] device-mapper: uevent: version 1.0.3
[    2.155200] device-mapper: ioctl: 4.40.0-ioctl (2019-01-18) initialised: dm-devel@redhat.com
[    2.156796] NET: Registered protocol family 17
[    2.158224] registered taskstats version 1
[    2.161182] zswap: loaded using pool lzo/zbud
[    2.278836] Key type big_key registered
[    2.279774] rtc-sun4v rtc-sun4v: setting system clock to 2019-04-08T20:10:05 UTC (1554754205)
[    2.284250] This architecture does not have kernel memory protection.
[    2.284295] Run /init as init process
[    3.241690] crc32c_sparc64: Using sparc64 crc32c opcode optimized CRC32C implementation
[    3.797406] raid6: int64x8  gen()  2173 MB/s
[    3.967428] raid6: int64x8  xor()  1567 MB/s
[    4.137415] raid6: int64x4  gen()  3467 MB/s
[    4.307411] raid6: int64x4  xor()  1984 MB/s
[    4.477443] raid6: int64x2  gen()  2847 MB/s
[    4.647425] raid6: int64x2  xor()  1987 MB/s
[    4.817441] raid6: int64x1  gen()  2764 MB/s
[    4.987442] raid6: int64x1  xor()  1653 MB/s
[    4.987499] raid6: using algorithm int64x4 gen() 3467 MB/s
[    4.987538] raid6: .... xor() 1984 MB/s, rmw enabled
[    4.987573] raid6: using intx1 recovery algorithm
[    4.988616] async_tx: api initialized (async)
[    4.989285] xor: automatically using best checksumming function   Niagara   
[    5.144057] random: fast init done
[    5.691792] EXT4-fs (vdiska2): mounted filesystem with ordered data mode. Opts: (null)
[    7.681948] systemd[1]: Inserted module 'autofs4'
[    7.691441] NET: Registered protocol family 10
[    7.704682] Segment Routing with IPv6
[    7.780079] systemd[1]: systemd 241 running in system mode. (+PAM +AUDIT +SELINUX +IMA +APPARMOR +SMACK +SYSVINIT +UTMP +LIBCRYPTSETUP +GCRYPT +GNUTLS +ACL +XZ +LZ4 -SECCOMP +BLKID +ELFUTILS +KMOD -IDN2 +IDN -PCRE2 default-hierarchy=hybrid)
[    7.780650] systemd[1]: Detected architecture sparc64.
[    7.866232] systemd[1]: Set hostname to <ttip>.
[    8.879924] random: lvmconfig: uninitialized urandom read (4 bytes read)
[    9.254830] systemd[1]: File /lib/systemd/system/systemd-journald.service:12 configures an IP firewall (IPAddressDeny=any), but the local system does not support BPF/cgroup based firewalling.
[    9.254956] systemd[1]: Proceeding WITHOUT firewalling in effect! (This warning is only shown for the first loaded unit using IP firewalling.)
[    9.298972] systemd[1]: /lib/systemd/system/auditd.service:11: PIDFile= references path below legacy directory /var/run/, updating /var/run/auditd.pid → /run/auditd.pid; please update the unit file accordingly.
[    9.773997] systemd[1]: /lib/systemd/system/smbd.service:9: PIDFile= references path below legacy directory /var/run/, updating /var/run/samba/smbd.pid → /run/samba/smbd.pid; please update the unit file accordingly.
[    9.775060] systemd[1]: /lib/systemd/system/nmbd.service:9: PIDFile= references path below legacy directory /var/run/, updating /var/run/samba/nmbd.pid → /run/samba/nmbd.pid; please update the unit file accordingly.
[    9.971345] random: systemd: uninitialized urandom read (16 bytes read)
[    9.978232] random: systemd: uninitialized urandom read (16 bytes read)
[    9.978983] systemd[1]: Listening on udev Kernel Socket.
[    9.979865] random: systemd: uninitialized urandom read (16 bytes read)
[    9.993023] systemd[1]: Created slice system-openvpn\x2dclient.slice.
[   10.263313] EXT4-fs (vdiska2): re-mounted. Opts: errors=remount-ro
[   10.569739] systemd-journald[415]: Received request to flush runtime journal from PID 1
[   12.415459] sha1_sparc64: Using sparc64 sha1 opcode optimized SHA-1 implementation
[   12.463985] sha256_sparc64: Using sparc64 sha256 opcode optimized SHA-256/SHA-224 implementation
[   12.515048] sha512_sparc64: Using sparc64 sha512 opcode optimized SHA-512/SHA-384 implementation
[   12.526472] md5_sparc64: Using sparc64 md5 opcode optimized MD5 implementation
[   12.545020] n2rng v0.3 (Jan 7, 2017)
[   12.545106] n2rng f029b104: Registered RNG HVAPI major 2 minor 0
[   12.545167] n2rng f029b104: Found multi-unit-capable RNG, units: 2
[   12.546229] n2rng f029b104: RNG ready
[   12.567353] aes_sparc64: Using sparc64 aes opcodes optimized AES implementation
[   12.741647] des_sparc64: Using sparc64 des opcodes optimized DES implementation
[   12.847531] camellia_sparc64: Using sparc64 camellia opcodes optimized CAMELLIA implementation
[   14.598626] SGI XFS with ACLs, security attributes, debug enabled
[   14.632040] XFS (dm-0): Mounting V5 Filesystem
[   14.881024] XFS (dm-0): Ending clean mount
[   15.982307] Adding 787176k swap on /dev/vdiska4.  Priority:-2 extents:1 across:787176k FS
[   16.339590] EXT4-fs (vdiska1): mounting ext3 file system using the ext4 subsystem
[   16.349719] EXT4-fs (vdiska1): mounted filesystem with ordered data mode. Opts: (null)
