[    0.000019] PROMLIB: Sun IEEE Boot Prom 'OBP 4.38.12 2018/03/28 14:54'
[    0.000031] PROMLIB: Root node compatible: sun4v
[    0.000079] Linux version 5.3.0-rc3-00545-g296d05cb0d3c-dirty (mator@ttip) (gcc version 8.3.0 (Debian 8.3.0-19)) #1138 SMP Sun Aug 11 15:14:41 MSK 2019
[    0.000393] printk: bootconsole [earlyprom0] enabled
[    0.000445] ARCH: SUN4V
[    0.000495] Ethernet address: 00:14:4f:fa:06:f2
[    0.000548] MM: PAGE_OFFSET is 0xfff8000000000000 (max_phys_bits == 47)
[    0.000612] MM: VMALLOC [0x0000000100000000 --> 0x0006000000000000]
[    0.000674] MM: VMEMMAP [0x0006000000000000 --> 0x000c000000000000]
[    0.011803] Kernel: Using 5 locked TLB entries for main kernel image.
[    0.011886] Remapping the kernel... 
[    0.011911] done.
[    0.047269] OF stdout device is: /virtual-devices@100/console@1
[    0.047348] PROM: Built device tree with 87467 bytes of memory.
[    0.047414] MDESC: Size is 37248 bytes.
[    0.047544] PLATFORM: banner-name [SPARC T5-2]
[    0.047595] PLATFORM: name [ORCL,SPARC-T5-2]
[    0.047640] PLATFORM: hostid [84fa06f2]
[    0.047683] PLATFORM: serial# [0035260e]
[    0.047725] PLATFORM: stick-frequency [3b9aca00]
[    0.047774] PLATFORM: mac-address [144ffa06f2]
[    0.047820] PLATFORM: watchdog-resolution [1000 ms]
[    0.047870] PLATFORM: watchdog-max-timeout [31536000000 ms]
[    0.047924] PLATFORM: max-cpus [1024]
[    0.048011] Top of RAM: 0x24af938000, Total RAM: 0x87f354000
[    0.048073] Memory hole size: 115461MB
[    0.100915] kmemleak: Kernel memory leak detector disabled
[    0.281800] Allocated 35708928 bytes for kernel page tables.
[    0.281908] Zone ranges:
[    0.281949]   Normal   [mem 0x0000000030400000-0x00000024af937fff]
[    0.282015] Movable zone start for each node
[    0.283062] Early memory node ranges
[    0.283102]   node   0: [mem 0x0000000030400000-0x000000006fe7ffff]
[    0.283168]   node   0: [mem 0x000000006ff00000-0x000000006ff25fff]
[    0.283229]   node   0: [mem 0x0000000070000000-0x000000042fffffff]
[    0.283293]   node   0: [mem 0x0000002030000000-0x00000024af87ffff]
[    0.283357]   node   0: [mem 0x00000024af900000-0x00000024af925fff]
[    0.283417]   node   0: [mem 0x00000024af930000-0x00000024af937fff]
[    0.290783] Zeroed struct page in unavailable ranges: 230130 pages
[    0.290791] Initmem setup node 0 [mem 0x0000000030400000-0x00000024af937fff]
[    0.290950] On node 0 totalpages: 4454826
[    0.290959]   Normal zone: 39154 pages used for memmap
[    0.290964]   Normal zone: 0 pages reserved
[    0.290970]   Normal zone: 4454826 pages, LIFO batch:31
[    0.488339] Booting Linux...
[    0.488429] CPU CAPS: [flush,stbar,swap,muldiv,v9,blkinit,n2,mul32]
[    0.488512] CPU CAPS: [div32,v8plus,popc,vis,vis2,ASIBlkInit,fmaf,vis3]
[    0.489592] CPU CAPS: [hpc,ima,pause,cbcond,aes,des,kasumi,camellia]
[    0.489664] CPU CAPS: [md5,sha1,sha256,sha512,mpmul,montmul,montsqr,crc32c]
[    0.556661] percpu: Embedded 27 pages/cpu s180936 r8192 d32056 u262144
[    0.556958] pcpu-alloc: s180936 r8192 d32056 u262144 alloc=1*4194304
[    0.556965] pcpu-alloc: [0] 000 001 002 003 004 005 006 007 008 009 010 011 012 013 014 015 
[    0.556992] pcpu-alloc: [0] 016 017 018 019 020 021 022 023 024 025 026 027 028 029 030 031 
[    0.557019] pcpu-alloc: [0] 032 033 034 035 036 037 038 039 040 041 042 043 044 045 046 047 
[    0.557046] pcpu-alloc: [0] 048 049 050 051 052 053 054 055 056 057 058 059 060 061 062 063 
[    0.557072] pcpu-alloc: [0] 064 065 066 067 068 069 070 071 072 073 074 075 076 077 078 079 
[    0.557099] pcpu-alloc: [0] 080 081 082 083 084 085 086 087 088 089 090 091 092 093 094 095 
[    0.557125] pcpu-alloc: [0] 096 097 098 099 100 101 102 103 104 105 106 107 108 109 110 111 
[    0.557152] pcpu-alloc: [0] 112 113 114 115 116 117 118 119 120 121 122 123 124 125 126 127 
[    0.557178] pcpu-alloc: [0] 128 129 130 131 132 133 134 135 136 137 138 139 140 141 142 143 
[    0.557205] pcpu-alloc: [0] 144 145 146 147 148 149 150 151 152 153 154 155 156 157 158 159 
[    0.557231] pcpu-alloc: [0] 160 161 162 163 164 165 166 167 168 169 170 171 172 173 174 175 
[    0.557258] pcpu-alloc: [0] 176 177 178 179 180 181 182 183 184 185 186 187 188 189 190 191 
[    0.557285] pcpu-alloc: [0] 192 193 194 195 196 197 198 199 200 201 202 203 204 205 206 207 
[    0.557311] pcpu-alloc: [0] 208 209 210 211 212 213 214 215 216 217 218 219 220 221 222 223 
[    0.557338] pcpu-alloc: [0] 224 225 226 227 228 229 230 231 232 233 234 235 236 237 238 239 
[    0.557364] pcpu-alloc: [0] 240 241 242 243 244 245 246 247 248 249 250 251 252 253 254 255 
[    0.557927] SUN4V: Mondo queue sizes [cpu(131072) dev(16384) r(8192) nr(256)]
[    0.558525] Built 1 zonelists, mobility grouping on.  Total pages: 4415672
[    0.558630] Kernel command line: BOOT_IMAGE=/vmlinux-5.3.0-rc3-00545-g296d05cb0d3c-dirty root=/dev/vdiska2 ro zswap.enabled=1
[    0.560971] printk: log_buf_len individual max cpu contribution: 4096 bytes
[    0.561067] printk: log_buf_len total cpu_extra contributions: 1044480 bytes
[    0.561138] printk: log_buf_len min size: 131072 bytes
[    0.562654] printk: log_buf_len: 2097152 bytes
[    0.562725] printk: early log buf free: 125800(95%)
[    0.572822] Dentry cache hash table entries: 8388608 (order: 13, 67108864 bytes, linear)
[    0.578020] Inode-cache hash table entries: 4194304 (order: 12, 33554432 bytes, linear)
[    0.578136] Sorting __ex_table...
[    0.578364] mem auto-init: stack:off, heap alloc:on, heap free:on
[    0.578425] mem auto-init: clearing system memory may take some time...
[    6.815613] Memory: 35067328K/35638608K available (6879K kernel code, 973K rwdata, 2056K rodata, 1000K init, 6716K bss, 571280K reserved, 0K cma-reserved)
[    6.832975] ftrace: allocating 19841 entries in 39 pages
[    6.851826] Running RCU self tests
[    6.851904] rcu: Hierarchical RCU implementation.
[    6.851956] rcu: 	RCU event tracing is enabled.
[    6.852007] rcu: 	RCU lockdep checking is enabled.
[    6.852056] 	Tasks RCU enabled.
[    6.853100] rcu: RCU calculated value of scheduler-enlistment delay is 11 jiffies.
[    6.861769] NR_IRQS: 2048, nr_irqs: 2048, preallocated irqs: 1
[    6.862221] SUN4V: Using IRQ API major 3, cookie only virqs enabled
[    6.865037] clocksource: stick: mask: 0xffffffffffffffff max_cycles: 0x1cd42e4dffb, max_idle_ns: 881590591483 ns
[    6.865174] clocksource: mult[800000] shift[23]
[    6.865223] clockevent: mult[80000000] shift[31]
[    6.889091] Console: colour dummy device 80x25
[    6.889184] printk: console [tty0] enabled
[    6.889265] printk: bootconsole [earlyprom0] disabled
[    6.889352] Lock dependency validator: Copyright (c) 2006 Red Hat, Inc., Ingo Molnar
[    6.889401] ... MAX_LOCKDEP_SUBCLASSES:  8
[    6.889431] ... MAX_LOCK_DEPTH:          48
[    6.889462] ... MAX_LOCKDEP_KEYS:        8192
[    6.889493] ... CLASSHASH_SIZE:          4096
[    6.889524] ... MAX_LOCKDEP_ENTRIES:     16384
[    6.889555] ... MAX_LOCKDEP_CHAINS:      32768
[    6.889586] ... CHAINHASH_SIZE:          16384
[    6.889618]  memory used by lock dependency info: 3855 kB
[    6.889653]  per task-struct memory footprint: 1920 bytes
[    6.890384] kmemleak: Early log buffer exceeded (9399), please increase DEBUG_KMEMLEAK_EARLY_LOG_SIZE
[    7.036991] Calibrating delay using timer specific routine.. 2017.43 BogoMIPS (lpj=10087179)
[    7.037060] pid_max: default: 262144 minimum: 2048
[    7.044541] Mount-cache hash table entries: 131072 (order: 7, 1048576 bytes, linear)
[    7.044602] Mountpoint-cache hash table entries: 131072 (order: 7, 1048576 bytes, linear)
[    7.050624] *** VALIDATE proc ***
[    7.053338] *** VALIDATE cgroup1 ***
[    7.053371] *** VALIDATE cgroup2 ***
[    7.057996] rcu: Hierarchical SRCU implementation.
[    7.081955] smp: Bringing up secondary CPUs ...
[    7.184426] smp: Brought up 1 node, 32 CPUs
[    7.194591] devtmpfs: initialized
[    7.201224] Performance events: 
[    7.201319] Testing NMI watchdog ... 
[    7.401712] OK.
[    7.401886] Supported PMU type is 'niagara5'
[    7.402686] random: get_random_u32 called from bucket_table_alloc.isra.4+0x184/0x1c0 with crng_init=0
[    7.403770] ldc.c:v1.1 (July 22, 2008)
[    7.407645] clocksource: jiffies: mask: 0xffffffff max_cycles: 0xffffffff, max_idle_ns: 19112604462750000 ns
[    7.407752] futex hash table entries: 65536 (order: 10, 8388608 bytes, linear)
[    7.422778] NET: Registered protocol family 16
[    7.433248] VIO: Adding device channel-devices (tx_ino = ffffffffffffffff, rx_ino = ffffffffffffffff)
[    7.433514] VIO: Adding device vnet-port-0-0 (tx_ino = 0, rx_ino = 1)
[    7.433752] VIO: Adding device vnet-port-0-1 (tx_ino = 2, rx_ino = 3)
[    7.433941] VIO: Adding device vnet-port-0-2 (tx_ino = 4, rx_ino = 5)
[    7.434130] VIO: Adding device vnet-port-0-4 (tx_ino = 8, rx_ino = 9)
[    7.434317] VIO: Adding device vnet-port-0-5 (tx_ino = a, rx_ino = b)
[    7.434522] VIO: Adding device vnet-port-0-6 (tx_ino = c, rx_ino = d)
[    7.434710] VIO: Adding device vnet-port-0-3 (tx_ino = 6, rx_ino = 7)
[    7.434899] VIO: Adding device vdc-port-3-0 (tx_ino = e, rx_ino = f)
[    7.435093] VIO: Adding device vdc-port-2-0 (tx_ino = 10, rx_ino = 11)
[    7.435290] VIO: Adding device vdc-port-1-0 (tx_ino = 12, rx_ino = 13)
[    7.435494] VIO: Adding device vdc-port-0-0 (tx_ino = 14, rx_ino = 15)
[    7.435682] VIO: Adding device vdc-port-4-0 (tx_ino = 16, rx_ino = 17)
[    7.435876] VIO: Adding device vlds-port-0-0 (tx_ino = 18, rx_ino = 19)
[    7.436076] VIO: Adding device domain-services-port-0 (tx_ino = 18, rx_ino = 19)
[    7.436797] audit: initializing netlink subsys (disabled)
[    7.437262] audit: type=2000 audit(0.560:1): state=initialized audit_enabled=0 res=1
[    7.489724] HugeTLB registered 64.0 KiB page size, pre-allocated 0 pages
[    7.489781] HugeTLB registered 8.00 MiB page size, pre-allocated 0 pages
[    7.489826] HugeTLB registered 256 MiB page size, pre-allocated 0 pages
[    7.489871] HugeTLB registered 2.00 GiB page size, pre-allocated 0 pages
[    7.555462] alg: No test for lzo-rle (lzo-rle-generic)
[    7.556059] alg: No test for lzo-rle (lzo-rle-scomp)
[    7.579809] SUN4V: Reboot data supported (maj=1,min=0).
[    7.580931] ds.c:v1.0 (Jul 11, 2007)
[    7.581594] ds-0: ds_conn_reset() from send_events.isra.3
[    7.583303] clocksource: Switched to clocksource stick
[    7.887220] VFS: Disk quotas dquot_6.6.0
[    7.888797] VFS: Dquot-cache hash table entries: 1024 (order 0, 8192 bytes)
[    7.889481] *** VALIDATE hugetlbfs ***
[    7.910846] NET: Registered protocol family 2
[    7.914648] tcp_listen_portaddr_hash hash table entries: 32768 (order: 8, 2359296 bytes, linear)
[    7.918212] TCP established hash table entries: 524288 (order: 9, 4194304 bytes, linear)
[    7.920508] TCP bind hash table entries: 65536 (order: 9, 4194304 bytes, linear)
[    7.926479] TCP: Hash tables configured (established 524288 bind 65536)
[    7.934031] UDP hash table entries: 32768 (order: 9, 5242880 bytes, linear)
[    7.942177] UDP-Lite hash table entries: 32768 (order: 9, 5242880 bytes, linear)
[    7.956731] NET: Registered protocol family 1
[    7.957852] Trying to unpack rootfs image as initramfs...
[    8.281294] Freeing initrd memory: 10424K
[    8.317513] workingset: timestamp_bits=46 max_order=23 bucket_order=0
[    8.323951] SGI XFS with ACLs, security attributes, debug enabled
[    8.356975] Block layer SCSI generic (bsg) driver version 0.4 loaded (major 252)
[    8.359195] io scheduler mq-deadline registered
[    8.361656] f029b788: ttyHV0 at I/O 0x0 (irq = 1, base_baud = 115200) is a SUN4V HCONS
[    8.368263] printk: console [ttyHV0] enabled
[    8.374702] sunvdc.c:v1.2 (November 24, 2014)
[    8.382456] sunvdc: Virtual CDROM vdiskd
[    8.382529] sunvdc: vdiskd: 403160 sectors (196 MB) protocol 1.2
[    8.384412]  vdiskd: vdiskd1 vdiskd2 vdiskd3 vdiskd4 vdiskd5 vdiskd6 vdiskd7
[    8.443445] sunvdc: Virtual Hard disk vdiskc
[    8.443500] sunvdc: vdiskc: 104857600 sectors (51200 MB) protocol 1.2
[    8.498266] sunvdc: Virtual Hard disk vdiskb
[    8.498322] sunvdc: vdiskb: 62914560 sectors (30720 MB) protocol 1.2
[    8.500204]  vdiskb: vdiskb1
[    8.555137] sunvdc: Virtual Hard disk vdiska
[    8.555194] sunvdc: vdiska: 31457280 sectors (15360 MB) protocol 1.2
[    8.556207]  vdiska: vdiska1 vdiska2 vdiska3 vdiska4
[    8.614035] sunvdc: Virtual Hard disk vdiske
[    8.614093] sunvdc: vdiske: 20971520 sectors (10240 MB) protocol 1.2
[    8.616064]  vdiske: vdiske1 vdiske2 vdiske3
[    8.664695] sunvnet: sunvnet 2.0 (February 3, 2017)
[    8.668324] vnet_port vnet-port-0-0 eth0: Sun LDOM vnet 00:14:4f:f8:12:a3
[    8.668921] sunvnet: eth0: PORT ( remote-mac 00:14:4f:fa:f3:f0 switch-port )
[    8.670259] sunvnet: eth0: PORT ( remote-mac 00:14:4f:f8:e5:f3 )
[    8.671583] sunvnet: eth0: PORT ( remote-mac 00:14:4f:f9:b4:97 )
[    8.672940] sunvnet: eth0: PORT ( remote-mac 00:14:4f:f8:3f:1e )
[    8.674314] sunvnet: eth0: PORT ( remote-mac 00:14:4f:f8:fe:47 )
[    8.675631] sunvnet: eth0: PORT ( remote-mac 00:14:4f:f9:8b:83 )
[    8.676956] sunvnet: eth0: PORT ( remote-mac 00:14:4f:f9:6c:d1 )
[    8.678760] rtc-sun4v rtc-sun4v: registered as rtc0
[    8.679432] sun4v_wdt: initialized (timeout=60s, nowayout=0)
[    8.679845] device-mapper: uevent: version 1.0.3
[    8.681018] device-mapper: ioctl: 4.40.0-ioctl (2019-01-18) initialised: dm-devel@redhat.com
[    8.683126] NET: Registered protocol family 17
[    8.694136] zswap: default zpool zbud not available
[    8.694218] zswap: pool creation failed
[    8.741727] Key type big_key registered
[    8.742877] rtc-sun4v rtc-sun4v: setting system clock to 2019-08-11T12:18:43 UTC (1565525923)
[    8.747546] This architecture does not have kernel memory protection.
[    8.747598] Run /init as init process
[    9.687878] crc32c_sparc64: Using sparc64 crc32c opcode optimized CRC32C implementation
[    9.693582] random: fast init done
[   10.253118] raid6: int64x8  gen()  2150 MB/s
[   10.423094] raid6: int64x8  xor()  1559 MB/s
[   10.593110] raid6: int64x4  gen()  3385 MB/s
[   10.763091] raid6: int64x4  xor()  1963 MB/s
[   10.933110] raid6: int64x2  gen()  2925 MB/s
[   11.103108] raid6: int64x2  xor()  1956 MB/s
[   11.273111] raid6: int64x1  gen()  2626 MB/s
[   11.443112] raid6: int64x1  xor()  1584 MB/s
[   11.443166] raid6: using algorithm int64x4 gen() 3385 MB/s
[   11.443206] raid6: .... xor() 1963 MB/s, rmw enabled
[   11.443244] raid6: using intx1 recovery algorithm
[   11.444292] async_tx: api initialized (async)
[   11.444953] xor: automatically using best checksumming function   Niagara   
[   11.693570] EXT4-fs (vdiska2): mounted filesystem with ordered data mode. Opts: (null)
[   13.358597] systemd[1]: Inserted module 'autofs4'
[   13.375854] NET: Registered protocol family 10
[   13.388726] Segment Routing with IPv6
[   13.469602] systemd[1]: systemd 241 running in system mode. (+PAM +AUDIT +SELINUX +IMA +APPARMOR +SMACK +SYSVINIT +UTMP +LIBCRYPTSETUP +GCRYPT +GNUTLS +ACL +XZ +LZ4 -SECCOMP +BLKID +ELFUTILS +KMOD -IDN2 +IDN +PCRE2 default-hierarchy=hybrid)
[   13.470187] systemd[1]: Detected architecture sparc64.
[   13.508354] systemd[1]: Set hostname to <ttip>.
[   13.514607] systemd[1]: Failed to bump fs.file-max, ignoring: Invalid argument
[   14.226671] random: lvmconfig: uninitialized urandom read (4 bytes read)
[   14.961947] systemd[1]: /lib/systemd/system/smbd.service:9: PIDFile= references path below legacy directory /var/run/, updating /var/run/samba/smbd.pid → /run/samba/smbd.pid; please update the unit file accordingly.
[   14.976296] systemd[1]: /lib/systemd/system/nmbd.service:9: PIDFile= references path below legacy directory /var/run/, updating /var/run/samba/nmbd.pid → /run/samba/nmbd.pid; please update the unit file accordingly.
[   15.207759] random: systemd: uninitialized urandom read (16 bytes read)
[   15.215415] random: systemd: uninitialized urandom read (16 bytes read)
[   15.225629] systemd[1]: Created slice User and Session Slice.
[   15.228925] systemd[1]: Listening on Syslog Socket.
[   15.230223] systemd[1]: Listening on fsck to fsckd communication Socket.
[   15.242374] systemd[1]: Created slice system-serial\x2dgetty.slice.
[   15.243101] urandom_read: 3 callbacks suppressed
[   15.243106] random: systemd: uninitialized urandom read (16 bytes read)
[   15.243653] random: systemd: uninitialized urandom read (16 bytes read)
[   15.244177] random: systemd: uninitialized urandom read (16 bytes read)
[   15.490392] EXT4-fs (vdiska2): re-mounted. Opts: errors=remount-ro
[   15.758291] systemd-journald[461]: Received request to flush runtime journal from PID 1
[   17.434214] sha1_sparc64: Using sparc64 sha1 opcode optimized SHA-1 implementation
[   17.501075] n2rng v0.3 (Jan 7, 2017)
[   17.501213] n2rng f029b104: Registered RNG HVAPI major 2 minor 0
[   17.501325] n2rng f029b104: Found multi-unit-capable RNG, units: 2
[   17.502596] n2rng f029b104: RNG ready
[   17.513756] sha256_sparc64: Using sparc64 sha256 opcode optimized SHA-256/SHA-224 implementation
[   17.551628] sha512_sparc64: Using sparc64 sha512 opcode optimized SHA-512/SHA-384 implementation
[   17.586333] md5_sparc64: Using sparc64 md5 opcode optimized MD5 implementation
[   17.631933] aes_sparc64: Using sparc64 aes opcodes optimized AES implementation
[   17.750761] des_sparc64: Using sparc64 des opcodes optimized DES implementation
[   17.858030] camellia_sparc64: Using sparc64 camellia opcodes optimized CAMELLIA implementation
[   19.241082] XFS (dm-0): Mounting V5 Filesystem
[   19.284884] XFS (dm-0): Ending clean mount
[   21.193267] Adding 787176k swap on /dev/vdiska4.  Priority:-2 extents:1 across:787176k FS
[   21.279914] EXT4-fs (vdiska1): mounting ext3 file system using the ext4 subsystem
[   21.299282] EXT4-fs (vdiska1): mounted filesystem with ordered data mode. Opts: (null)
[   22.715927] random: crng init done
[   22.715977] random: 1 urandom warning(s) missed due to ratelimiting
