[    0.000019] PROMLIB: Sun IEEE Boot Prom 'OBP 4.38.12 2018/03/28 14:54'
[    0.000032] PROMLIB: Root node compatible: sun4v
[    0.000078] Linux version 5.2.0-rc3-00808-g844d7edc6a34 (mator@ttip) (gcc version 9.3.0 (Debian 9.3.0-11)) #90 SMP Tue Apr 28 14:18:28 MSK 2020
[    0.000380] printk: bootconsole [earlyprom0] enabled
[    0.000432] ARCH: SUN4V
[    0.000481] Ethernet address: 00:14:4f:fa:06:f2
[    0.000532] MM: PAGE_OFFSET is 0xfff8000000000000 (max_phys_bits == 47)
[    0.000598] MM: VMALLOC [0x0000000100000000 --> 0x0006000000000000]
[    0.000658] MM: VMEMMAP [0x0006000000000000 --> 0x000c000000000000]
[    0.012397] Kernel: Using 5 locked TLB entries for main kernel image.
[    0.012467] Remapping the kernel... 
[    0.012494] done.
[    0.045425] OF stdout device is: /virtual-devices@100/console@1
[    0.045489] PROM: Built device tree with 86230 bytes of memory.
[    0.045548] MDESC: Size is 36512 bytes.
[    0.045661] PLATFORM: banner-name [SPARC T5-2]
[    0.045712] PLATFORM: name [ORCL,SPARC-T5-2]
[    0.045758] PLATFORM: hostid [84fa06f2]
[    0.045802] PLATFORM: serial# [0035260e]
[    0.045843] PLATFORM: stick-frequency [3b9aca00]
[    0.045892] PLATFORM: mac-address [144ffa06f2]
[    0.045940] PLATFORM: watchdog-resolution [1000 ms]
[    0.045989] PLATFORM: watchdog-max-timeout [31536000000 ms]
[    0.046045] PLATFORM: max-cpus [1024]
[    0.046132] Top of RAM: 0x24af938000, Total RAM: 0x87f354000
[    0.046191] Memory hole size: 115461MB
[    0.050777] Allocated 40960 bytes for kernel page tables.
[    0.050861] Zone ranges:
[    0.050901]   Normal   [mem 0x0000000030400000-0x00000024af937fff]
[    0.050963] Movable zone start for each node
[    0.051007] Early memory node ranges
[    0.051048]   node   0: [mem 0x0000000030400000-0x000000006fe7ffff]
[    0.051107]   node   0: [mem 0x000000006ff00000-0x000000006ff25fff]
[    0.051166]   node   0: [mem 0x0000000070000000-0x000000042fffffff]
[    0.051227]   node   0: [mem 0x0000002030000000-0x00000024af87ffff]
[    0.051285]   node   0: [mem 0x00000024af900000-0x00000024af925fff]
[    0.051343]   node   0: [mem 0x00000024af930000-0x00000024af937fff]
[    0.058702] Zeroed struct page in unavailable ranges: 230130 pages
[    0.058710] Initmem setup node 0 [mem 0x0000000030400000-0x00000024af937fff]
[    0.058868] On node 0 totalpages: 4454826
[    0.058878]   Normal zone: 39154 pages used for memmap
[    0.058883]   Normal zone: 0 pages reserved
[    0.058889]   Normal zone: 4454826 pages, LIFO batch:31
[    0.066525] Booting Linux...
[    0.066607] CPU CAPS: [flush,stbar,swap,muldiv,v9,blkinit,n2,mul32]
[    0.066687] CPU CAPS: [div32,v8plus,popc,vis,vis2,ASIBlkInit,fmaf,vis3]
[    0.067766] CPU CAPS: [hpc,ima,pause,cbcond,aes,des,kasumi,camellia]
[    0.067840] CPU CAPS: [md5,sha1,sha256,sha512,mpmul,montmul,montsqr,crc32c]
[    0.097375] percpu: Embedded 27 pages/cpu s179144 r8192 d33848 u262144
[    0.097587] pcpu-alloc: s179144 r8192 d33848 u262144 alloc=1*4194304
[    0.097594] pcpu-alloc: [0] 000 001 002 003 004 005 006 007 008 009 010 011 012 013 014 015 
[    0.097621] pcpu-alloc: [0] 016 017 018 019 020 021 022 023 024 025 026 027 028 029 030 031 
[    0.097648] pcpu-alloc: [0] 032 033 034 035 036 037 038 039 040 041 042 043 044 045 046 047 
[    0.097675] pcpu-alloc: [0] 048 049 050 051 052 053 054 055 056 057 058 059 060 061 062 063 
[    0.097701] pcpu-alloc: [0] 064 065 066 067 068 069 070 071 072 073 074 075 076 077 078 079 
[    0.097728] pcpu-alloc: [0] 080 081 082 083 084 085 086 087 088 089 090 091 092 093 094 095 
[    0.097754] pcpu-alloc: [0] 096 097 098 099 100 101 102 103 104 105 106 107 108 109 110 111 
[    0.097781] pcpu-alloc: [0] 112 113 114 115 116 117 118 119 120 121 122 123 124 125 126 127 
[    0.098212] SUN4V: Mondo queue sizes [cpu(131072) dev(16384) r(8192) nr(256)]
[    0.098580] Built 1 zonelists, mobility grouping on.  Total pages: 4415672
[    0.098666] Kernel command line: BOOT_IMAGE=/vmlinux-5.2.0-rc3-00808-g844d7edc6a34 root=/dev/vdiska2 ro zswap.enabled=1
[    0.100793] printk: log_buf_len individual max cpu contribution: 4096 bytes
[    0.100862] printk: log_buf_len total cpu_extra contributions: 520192 bytes
[    0.100928] printk: log_buf_len min size: 131072 bytes
[    0.101200] printk: log_buf_len: 1048576 bytes
[    0.101251] printk: early log buf free: 126648(96%)
[    0.107566] Dentry cache hash table entries: 8388608 (order: 13, 67108864 bytes)
[    0.110797] Inode-cache hash table entries: 4194304 (order: 12, 33554432 bytes)
[    0.110868] Sorting __ex_table...
[    0.169063] Memory: 1305232K/35638608K available (7262K kernel code, 955K rwdata, 2136K rodata, 688K init, 6666K bss, 508128K reserved, 0K cma-reserved)
[    0.169753] SLUB: HWalign=32, Order=0-3, MinObjects=0, CPUs=128, Nodes=1
[    0.170048] ftrace: allocating 20984 entries in 41 pages
[    0.180633] Running RCU self tests
[    0.180678] rcu: Hierarchical RCU implementation.
[    0.180726] rcu: 	RCU event tracing is enabled.
[    0.180775] rcu: 	RCU lockdep checking is enabled.
[    0.180824] 	Tasks RCU enabled.
[    0.180862] rcu: RCU calculated value of scheduler-enlistment delay is 10 jiffies.
[    0.185077] NR_IRQS: 2048, nr_irqs: 2048, preallocated irqs: 1
[    0.185154] SUN4V: Using IRQ API major 3, cookie only virqs enabled
[    0.187566] clocksource: stick: mask: 0xffffffffffffffff max_cycles: 0x1cd42e4dffb, max_idle_ns: 881590591483 ns
[    0.187696] clocksource: mult[800000] shift[23]
[    0.187744] clockevent: mult[80000000] shift[31]
[    0.188277] Console: colour dummy device 80x25
[    0.188339] printk: console [tty0] enabled
[    0.188413] printk: bootconsole [earlyprom0] disabled
[    0.188497] Lock dependency validator: Copyright (c) 2006 Red Hat, Inc., Ingo Molnar
[    0.188544] ... MAX_LOCKDEP_SUBCLASSES:  8
[    0.188573] ... MAX_LOCK_DEPTH:          48
[    0.188602] ... MAX_LOCKDEP_KEYS:        8191
[    0.188632] ... CLASSHASH_SIZE:          4096
[    0.188662] ... MAX_LOCKDEP_ENTRIES:     16384
[    0.188692] ... MAX_LOCKDEP_CHAINS:      32768
[    0.188722] ... CHAINHASH_SIZE:          16384
[    0.188752]  memory used by lock dependency info: 3853 kB
[    0.188787]  per task-struct memory footprint: 1920 bytes
[    0.337960] Calibrating delay using timer specific routine.. 2003.72 BogoMIPS (lpj=10018633)
[    0.338015] pid_max: default: 131072 minimum: 1024
[    0.338272] LSM: Security Framework initializing
[    0.338502] AppArmor: AppArmor initialized
[    0.338776] Mount-cache hash table entries: 131072 (order: 7, 1048576 bytes)
[    0.338935] Mountpoint-cache hash table entries: 131072 (order: 7, 1048576 bytes)
[    0.339727] *** VALIDATE proc ***
[    0.340156] *** VALIDATE cgroup1 ***
[    0.340187] *** VALIDATE cgroup2 ***
[    0.342159] rcu: Hierarchical SRCU implementation.
[    0.349567] smp: Bringing up secondary CPUs ...
[    0.390909] smp: Brought up 1 node, 32 CPUs
[    0.582760] node 0 initialised, 4228156 pages in 190ms
[    0.584233] devtmpfs: initialized
[    0.588706] Performance events: 
[    0.588750] Testing NMI watchdog ... 
[    0.788819] OK.
[    0.788917] Supported PMU type is 'niagara5'
[    0.789096] random: get_random_u32 called from bucket_table_alloc.isra.0+0x188/0x1c0 with crng_init=0
[    0.789666] ldc.c:v1.1 (July 22, 2008)
[    0.791972] clocksource: jiffies: mask: 0xffffffff max_cycles: 0xffffffff, max_idle_ns: 19112604462750000 ns
[    0.792063] futex hash table entries: 32768 (order: 9, 4194304 bytes)
[    0.797006] NET: Registered protocol family 16
[    0.804624] VIO: Adding device channel-devices (tx_ino = ffffffffffffffff, rx_ino = ffffffffffffffff)
[    0.804818] VIO: Adding device vnet-port-0-0 (tx_ino = 0, rx_ino = 1)
[    0.805009] VIO: Adding device vnet-port-0-1 (tx_ino = 2, rx_ino = 3)
[    0.805167] VIO: Adding device vnet-port-0-2 (tx_ino = 4, rx_ino = 5)
[    0.805324] VIO: Adding device vnet-port-0-3 (tx_ino = 6, rx_ino = 7)
[    0.805486] VIO: Adding device vnet-port-0-4 (tx_ino = 8, rx_ino = 9)
[    0.805644] VIO: Adding device vnet-port-0-5 (tx_ino = a, rx_ino = b)
[    0.805801] VIO: Adding device vdc-port-2-0 (tx_ino = c, rx_ino = d)
[    0.805962] VIO: Adding device vdc-port-1-0 (tx_ino = e, rx_ino = f)
[    0.806120] VIO: Adding device vdc-port-0-0 (tx_ino = 10, rx_ino = 11)
[    0.806277] VIO: Adding device vdc-port-3-0 (tx_ino = 12, rx_ino = 13)
[    0.806439] VIO: Adding device vlds-port-0-0 (tx_ino = 14, rx_ino = 15)
[    0.806600] VIO: Adding device domain-services-port-0 (tx_ino = 14, rx_ino = 15)
[    0.806867] audit: initializing netlink subsys (disabled)
[    0.807121] audit: type=2000 audit(0.420:1): state=initialized audit_enabled=0 res=1
[    0.830028] HugeTLB registered 64.0 KiB page size, pre-allocated 0 pages
[    0.830075] HugeTLB registered 8.00 MiB page size, pre-allocated 0 pages
[    0.830119] HugeTLB registered 256 MiB page size, pre-allocated 0 pages
[    0.830162] HugeTLB registered 2.00 GiB page size, pre-allocated 0 pages
[    0.832370] alg: extra crypto tests enabled.  This is intended for developer use only.
[    0.850357] cryptd: max_cpu_qlen set to 1000
[    0.877907] alg: No test for lzo-rle (lzo-rle-generic)
[    0.878351] alg: No test for lzo-rle (lzo-rle-scomp)
[    0.920396] NetLabel: Initializing
[    0.920427] NetLabel:  domain hash size = 128
[    0.920459] NetLabel:  protocols = UNLABELED CIPSOv4 CALIPSO
[    0.920586] NetLabel:  unlabeled traffic allowed by default
[    0.921530] SUN4V: Reboot data supported (maj=1,min=0).
[    0.921877] ds.c:v1.0 (Jul 11, 2007)
[    0.922218] ds-0: ds_conn_reset() from send_events.isra.0
[    0.922600] clocksource: Switched to clocksource stick
[    1.112726] VFS: Disk quotas dquot_6.6.0
[    1.112854] VFS: Dquot-cache hash table entries: 1024 (order 0, 8192 bytes)
[    1.113074] *** VALIDATE hugetlbfs ***
[    1.114627] AppArmor: AppArmor Filesystem Enabled
[    1.127120] NET: Registered protocol family 2
[    1.128532] tcp_listen_portaddr_hash hash table entries: 32768 (order: 8, 2359296 bytes)
[    1.131435] TCP established hash table entries: 524288 (order: 9, 4194304 bytes)
[    1.133445] TCP bind hash table entries: 65536 (order: 9, 4194304 bytes)
[    1.139548] TCP: Hash tables configured (established 524288 bind 65536)
[    1.142009] UDP hash table entries: 32768 (order: 9, 5242880 bytes)
[    1.148278] UDP-Lite hash table entries: 32768 (order: 9, 5242880 bytes)
[    1.156228] NET: Registered protocol family 1
[    1.156289] NET: Registered protocol family 44
[    1.156791] Trying to unpack rootfs image as initramfs...
[    1.349712] Freeing initrd memory: 14672K
[    1.350519] aes_sparc64: Using sparc64 aes opcodes optimized AES implementation
[    1.613676] des_sparc64: Using sparc64 des opcodes optimized DES implementation
[    2.098696] camellia_sparc64: Using sparc64 camellia opcodes optimized CAMELLIA implementation
[    2.276450] workingset: timestamp_bits=46 max_order=23 bucket_order=0
[    2.294199] zbud: loaded
[    2.296332] SGI XFS with ACLs, security attributes, debug enabled
[    2.309821] Block layer SCSI generic (bsg) driver version 0.4 loaded (major 252)
[    2.310592] io scheduler mq-deadline registered
[    2.313242] f029b788: ttyS0 at I/O 0x0 (irq = 1, base_baud = 115200) is a SUN4V HCONS
[    2.319591] printk: console [ttyHV0] enabled
[    2.322083] sunvdc.c:v1.2 (November 24, 2014)
[    2.323688] sunvdc: Virtual Hard disk vdiskc
[    2.323727] sunvdc: vdiskc: 104857600 sectors (51200 MB) protocol 1.2
[    2.342442] sunvdc: Virtual Hard disk vdiskb
[    2.342482] sunvdc: vdiskb: 62914560 sectors (30720 MB) protocol 1.2
[    2.343116]  vdiskb: vdiskb1
[    2.360806] sunvdc: Virtual Hard disk vdiska
[    2.360846] sunvdc: vdiska: 31457280 sectors (15360 MB) protocol 1.2
[    2.361445]  vdiska: vdiska1 vdiska2 vdiska3 vdiska4
[    2.379831] sunvdc: Virtual CDROM vdiskd
[    2.379873] sunvdc: vdiskd: 453848 sectors (221 MB) protocol 1.2
[    2.380490]  vdiskd: vdiskd1 vdiskd2 vdiskd3 vdiskd4 vdiskd5 vdiskd6 vdiskd7
[    2.398374] sunvnet: sunvnet 2.0 (February 3, 2017)
[    2.400341] vnet_port vnet-port-0-0 eth0: Sun LDOM vnet 00:14:4f:f8:12:a3
[    2.400551] sunvnet: eth0: PORT ( remote-mac 00:14:4f:fa:f3:f0 switch-port )
[    2.400894] sunvnet: eth0: PORT ( remote-mac 00:14:4f:f8:e5:f3 )
[    2.401224] sunvnet: eth0: PORT ( remote-mac 00:14:4f:f9:b4:97 )
[    2.401557] sunvnet: eth0: PORT ( remote-mac 00:14:4f:f8:3f:1e )
[    2.401888] sunvnet: eth0: PORT ( remote-mac 00:14:4f:f8:fe:47 )
[    2.402218] sunvnet: eth0: PORT ( remote-mac 00:14:4f:f9:8b:83 )
[    2.403442] rtc-sun4v rtc-sun4v: registered as rtc0
[    2.403956] sun4v_wdt: initialized (timeout=60s, nowayout=0)
[    2.404196] device-mapper: uevent: version 1.0.3
[    2.404894] device-mapper: ioctl: 4.40.0-ioctl (2019-01-18) initialised: dm-devel@redhat.com
[    2.405745] NET: Registered protocol family 17
[    2.406812] registered taskstats version 1
[    2.407580] zswap: loaded using pool lzo/zbud
[    2.595817] Key type big_key registered
[    2.595883] AppArmor: AppArmor sha1 policy hashing enabled
[    2.596673] rtc-sun4v rtc-sun4v: setting system clock to 2020-04-28T12:25:03 UTC (1588076703)
[    2.600516] This architecture does not have kernel memory protection.
[    2.600563] Run /init as init process
[    3.075970] crc32c_sparc64: Using sparc64 crc32c opcode optimized CRC32C implementation
[    3.147245] random: fast init done
[    3.672586] raid6: int64x8  gen()  2193 MB/s
[    3.842574] raid6: int64x8  xor()  1574 MB/s
[    4.012582] raid6: int64x4  gen()  3432 MB/s
[    4.182581] raid6: int64x4  xor()  2011 MB/s
[    4.352573] raid6: int64x2  gen()  3124 MB/s
[    4.522572] raid6: int64x2  xor()  2002 MB/s
[    4.692577] raid6: int64x1  gen()  2781 MB/s
[    4.862562] raid6: int64x1  xor()  1656 MB/s
[    4.862605] raid6: using algorithm int64x4 gen() 3432 MB/s
[    4.862645] raid6: .... xor() 2011 MB/s, rmw enabled
[    4.862682] raid6: using intx1 recovery algorithm
[    4.863495] async_tx: api initialized (async)
[    4.863976] xor: automatically using best checksumming function   Niagara   
[    5.192859] EXT4-fs (vdiska2): mounted filesystem with ordered data mode. Opts: (null)
[    6.999535] systemd[1]: Inserted module 'autofs4'
[    7.010415] NET: Registered protocol family 10
[    7.015245] Segment Routing with IPv6
[    7.085810] systemd[1]: systemd 245.5-2 running in system mode. (+PAM +AUDIT +SELINUX +IMA +APPARMOR +SMACK +SYSVINIT +UTMP +LIBCRYPTSETUP +GCRYPT +GNUTLS +ACL +XZ +LZ4 -SECCOMP +BLKID +ELFUTILS +KMOD +IDN2 -IDN +PCRE2 default-hierarchy=hybrid)
[    7.086416] systemd[1]: Detected architecture sparc64.
[    7.118276] systemd[1]: Set hostname to <ttip>.
[    8.065729] random: lvmconfig: uninitialized urandom read (4 bytes read)
[    8.887967] systemd[1]: /lib/systemd/system/dbus.socket:5: ListenStream= references a path below legacy directory /var/run/, updating /var/run/dbus/system_bus_socket â†’ /run/dbus/system_bus_socket; please update the unit file accordingly.
[    9.267132] random: systemd: uninitialized urandom read (16 bytes read)
[    9.274332] systemd[1]: Created slice system-getty.slice.
[    9.275021] random: systemd: uninitialized urandom read (16 bytes read)
[    9.278168] systemd[1]: Created slice system-modprobe.slice.
[    9.278592] random: systemd: uninitialized urandom read (16 bytes read)
[    9.281882] systemd[1]: Created slice system-openvpn\x2dclient.slice.
[    9.286802] systemd[1]: Created slice system-postfix.slice.
[    9.290466] systemd[1]: Created slice system-systemd\x2dfsck.slice.
[    9.294088] systemd[1]: Created slice User and Session Slice.
[    9.294970] systemd[1]: Started Dispatch Password Requests to Console Directory Watch.
[    9.295772] systemd[1]: Started Forward Password Requests to Wall Directory Watch.
[    9.297836] systemd[1]: Set up automount Arbitrary Executable File Formats File System Automount Point.
[    9.298380] systemd[1]: Reached target Local Encrypted Volumes.
[    9.298856] systemd[1]: Reached target Paths.
[    9.299286] systemd[1]: Reached target Remote File Systems.
[    9.299721] systemd[1]: Reached target Slices.
[    9.300596] systemd[1]: Listening on Device-mapper event daemon FIFOs.
[    9.301634] systemd[1]: Listening on LVM2 poll daemon socket.
[    9.322958] systemd[1]: Listening on Syslog Socket.
[    9.323930] systemd[1]: Listening on fsck to fsckd communication Socket.
[    9.324729] systemd[1]: Listening on initctl Compatibility Named Pipe.
[    9.325925] systemd[1]: Listening on Journal Audit Socket.
[    9.326893] systemd[1]: Listening on Journal Socket (/dev/log).
[    9.328044] systemd[1]: Listening on Journal Socket.
[    9.329171] systemd[1]: Listening on udev Control Socket.
[    9.330014] systemd[1]: Listening on udev Kernel Socket.
[    9.339547] systemd[1]: Mounting Huge Pages File System...
[    9.349112] systemd[1]: Mounting POSIX Message Queue File System...
[    9.357821] systemd[1]: Mounting Kernel Debug File System...
[    9.368357] systemd[1]: Mounting Kernel Trace File System...
[    9.377571] systemd[1]: Starting Availability of block devices...
[    9.386100] systemd[1]: Starting Wait for network to be configured by ifupdown...
[    9.394764] systemd[1]: Starting Create list of static device nodes for the current kernel...
[    9.402897] systemd[1]: Starting Monitoring of LVM2 mirrors, snapshots etc. using dmeventd or progress polling...
[    9.411189] systemd[1]: Starting Load Kernel Module drm...
[    9.421822] systemd[1]: Starting nftables...
[    9.456462] systemd[1]: Condition check resulted in Set Up Additional Binary Formats being skipped.
[    9.456758] systemd[1]: Condition check resulted in File System Check on Root Device being skipped.
[    9.469937] systemd[1]: Starting Journal Service...
[    9.501752] systemd[1]: Starting Load Kernel Modules...
[    9.510995] systemd[1]: Starting Remount Root and Kernel File Systems...
[    9.521939] systemd[1]: Starting udev Coldplug all Devices...
[    9.532789] systemd[1]: Mounted Huge Pages File System.
[    9.534589] systemd[1]: Mounted POSIX Message Queue File System.
[    9.536237] systemd[1]: Mounted Kernel Debug File System.
[    9.537660] systemd[1]: Mounted Kernel Trace File System.
[    9.545090] systemd[1]: Finished Availability of block devices.
[    9.552308] systemd[1]: Finished Wait for network to be configured by ifupdown.
[    9.558308] systemd[1]: Finished Create list of static device nodes for the current kernel.
[    9.561210] systemd[1]: modprobe@drm.service: Succeeded.
[    9.565407] systemd[1]: Finished Load Kernel Module drm.
[    9.605365] EXT4-fs (vdiska2): re-mounted. Opts: errors=remount-ro
[    9.613032] systemd[1]: Finished Load Kernel Modules.
[    9.614483] systemd[1]: Condition check resulted in FUSE Control File System being skipped.
[    9.614837] systemd[1]: Condition check resulted in Kernel Configuration File System being skipped.
[    9.624669] systemd[1]: Starting Apply Kernel Variables...
[    9.635955] systemd[1]: Finished Remount Root and Kernel File Systems.
[    9.687150] systemd[1]: Starting Initial Check File System Quotas...
[    9.756879] systemd[1]: Condition check resulted in Rebuild Hardware Database being skipped.
[    9.757170] systemd[1]: Condition check resulted in Platform Persistent Storage Archival being skipped.
[    9.766012] systemd[1]: Starting Load/Save Random Seed...
[    9.774973] systemd[1]: Starting Create System Users...
[    9.777213] systemd[1]: Started Journal Service.
[    9.864335] systemd-journald[554]: Received client request to flush runtime journal.
[   11.435602] sha1_sparc64: Using sparc64 sha1 opcode optimized SHA-1 implementation
[   11.537788] n2rng v0.3 (Jan 7, 2017)
[   11.537879] n2rng f029b104: Registered RNG HVAPI major 2 minor 0
[   11.537954] n2rng f029b104: Found multi-unit-capable RNG, units: 2
[   11.538873] n2rng f029b104: RNG ready
[   11.614968] sha256_sparc64: Using sparc64 sha256 opcode optimized SHA-256/SHA-224 implementation
[   11.658348] ------------[ cut here ]------------
[   11.658437] WARNING: CPU: 18 PID: 673 at drivers/block/pktcdvd.c:2597 pkt_setup_dev+0x2e4/0x5a0 [pktcdvd]
[   11.658516] Attempt to register a non-SCSI queue
[   11.658562] Modules linked in: pktcdvd sha512_generic(+) sha512_sparc64(+) cdrom n2_rng rng_core flash sha256_sparc64 sha1_sparc64 nf_tables nfnetlink ip_tables x_tables ipv6 crc_ccitt nf_defrag_ipv6 autofs4 ext4 crc16 mbcache jbd2 raid10 raid456 async_raid6_recov async_memcpy async_pq async_xor xor async_tx raid6_pq raid1 raid0 multipath linear md_mod crc32c_sparc64
[   11.658875] CPU: 18 PID: 673 Comm: pktsetup Not tainted 5.2.0-rc3-00808-g844d7edc6a34 #90
[   11.658945] Call Trace:
[   11.658980]  [0000000000468620] __warn+0xc0/0x100
[   11.659025]  [0000000000468694] warn_slowpath_fmt+0x34/0x60
[   11.659078]  [0000000010469264] pkt_setup_dev+0x2e4/0x5a0 [pktcdvd]
[   11.659136]  [000000001046ad14] pkt_ctl_ioctl+0x94/0x240 [pktcdvd]
[   11.659194]  [00000000006ae450] do_vfs_ioctl+0x630/0x6e0
[   11.659245]  [00000000006ae548] ksys_ioctl+0x48/0x80
[   11.659294]  [00000000006ae594] sys_ioctl+0x14/0x40
[   11.659348]  [0000000000406294] linux_sparc_syscall+0x34/0x44
[   11.659401] irq event stamp: 3263
[   11.659445] hardirqs last  enabled at (3271): [<00000000004e1264>] console_unlock+0x644/0x6e0
[   11.659522] hardirqs last disabled at (3278): [<00000000004e0d24>] console_unlock+0x104/0x6e0
[   11.659601] softirqs last  enabled at (2588): [<0000000000b1b848>] __do_softirq+0x4a8/0x520
[   11.659682] softirqs last disabled at (2579): [<000000000042d014>] do_softirq_own_stack+0x34/0x60
[   11.659758] ---[ end trace 0043b0df874a4e31 ]---
[   11.660647] pktcdvd: setup of pktcdvd device failed
[   11.706864] pktcdvd: setup of pktcdvd device failed
[   11.710936] pktcdvd: setup of pktcdvd device failed
[   11.714163] pktcdvd: setup of pktcdvd device failed
[   11.717766] pktcdvd: setup of pktcdvd device failed
[   11.721309] pktcdvd: setup of pktcdvd device failed
[   11.724791] pktcdvd: setup of pktcdvd device failed
[   11.728487] pktcdvd: setup of pktcdvd device failed
[   11.790175] sha512_sparc64: Using sparc64 sha512 opcode optimized SHA-512/SHA-384 implementation
[   11.801573] md5_sparc64: Using sparc64 md5 opcode optimized MD5 implementation
[   11.860131] Adding 787176k swap on /dev/vdiska4.  Priority:-2 extents:1 across:787176k FS
[   12.089971] XFS (dm-0): Mounting V5 Filesystem
[   12.418372] EXT4-fs (vdiska1): mounting ext3 file system using the ext4 subsystem
[   12.557879] XFS (dm-0): Ending clean mount
[   12.650075] EXT4-fs (vdiska1): mounted filesystem with ordered data mode. Opts: (null)
[   13.832629] Kernel unaligned access at TPC[84fbd8] aa_dfa_unpack+0x38/0x5c0
[   13.832758] Kernel unaligned access at TPC[84fbf8] aa_dfa_unpack+0x58/0x5c0
[   13.832822] Kernel unaligned access at TPC[84fcc0] aa_dfa_unpack+0x120/0x5c0
[   13.832887] Kernel unaligned access at TPC[84fda0] aa_dfa_unpack+0x200/0x5c0
[   13.832954] Kernel unaligned access at TPC[84fdb4] aa_dfa_unpack+0x214/0x5c0
[   13.834420] audit: type=1400 audit(1588076714.730:2): apparmor="STATUS" operation="profile_load" profile="unconfined" name="/usr/sbin/haveged" pid=735 comm="apparmor_parser"
[   13.840736] audit: type=1400 audit(1588076714.730:3): apparmor="STATUS" operation="profile_load" profile="unconfined" name="nvidia_modprobe" pid=736 comm="apparmor_parser"
[   13.840880] audit: type=1400 audit(1588076714.730:4): apparmor="STATUS" operation="profile_load" profile="unconfined" name="nvidia_modprobe//kmod" pid=736 comm="apparmor_parser"
[   13.843943] audit: type=1400 audit(1588076714.740:5): apparmor="STATUS" operation="profile_load" profile="unconfined" name="lsb_release" pid=740 comm="apparmor_parser"
[   13.877574] audit: type=1400 audit(1588076714.770:6): apparmor="STATUS" operation="profile_load" profile="unconfined" name="/usr/bin/man" pid=737 comm="apparmor_parser"
[   13.877696] audit: type=1400 audit(1588076714.770:7): apparmor="STATUS" operation="profile_load" profile="unconfined" name="man_filter" pid=737 comm="apparmor_parser"
[   13.877804] audit: type=1400 audit(1588076714.770:8): apparmor="STATUS" operation="profile_load" profile="unconfined" name="man_groff" pid=737 comm="apparmor_parser"
[   13.909044] audit: type=1400 audit(1588076714.800:9): apparmor="STATUS" operation="profile_load" profile="unconfined" name="/usr/sbin/named" pid=739 comm="apparmor_parser"
[   13.923869] audit: type=1400 audit(1588076714.820:10): apparmor="STATUS" operation="profile_load" profile="unconfined" name="/usr/sbin/tcpdump" pid=738 comm="apparmor_parser"
[   14.526219] random: crng init done
[   14.526261] random: 6 urandom warning(s) missed due to ratelimiting
