[    0.000018] PROMLIB: Sun IEEE Boot Prom 'OBP 4.38.12 2018/03/28 14:54'
[    0.000030] PROMLIB: Root node compatible: sun4v
[    0.000078] Linux version 5.4.0-rc2-00104-g9e208aa06c21-dirty (mator@ttip.nvglabs.local) (gcc version 9.2.1 20190909 (Debian 9.2.1-8)) #1273 SMP Thu Oct 10 23:23:23 MSK 2019
[    0.000414] printk: bootconsole [earlyprom0] enabled
[    0.000465] ARCH: SUN4V
[    0.000515] Ethernet address: 00:14:4f:fa:06:f2
[    0.000566] MM: PAGE_OFFSET is 0xfff8000000000000 (max_phys_bits == 47)
[    0.000631] MM: VMALLOC [0x0000000100000000 --> 0x0006000000000000]
[    0.000690] MM: VMEMMAP [0x0006000000000000 --> 0x000c000000000000]
[    0.013554] Kernel: Using 6 locked TLB entries for main kernel image.
[    0.013624] Remapping the kernel... 
[    0.013650] done.
[    0.049694] OF stdout device is: /virtual-devices@100/console@1
[    0.049762] PROM: Built device tree with 87467 bytes of memory.
[    0.049821] MDESC: Size is 37248 bytes.
[    0.049942] PLATFORM: banner-name [SPARC T5-2]
[    0.049990] PLATFORM: name [ORCL,SPARC-T5-2]
[    0.050039] PLATFORM: hostid [84fa06f2]
[    0.050080] PLATFORM: serial# [0035260e]
[    0.050124] PLATFORM: stick-frequency [3b9aca00]
[    0.050170] PLATFORM: mac-address [144ffa06f2]
[    0.050218] PLATFORM: watchdog-resolution [1000 ms]
[    0.050267] PLATFORM: watchdog-max-timeout [31536000000 ms]
[    0.050323] PLATFORM: max-cpus [1024]
[    0.050393] Top of RAM: 0x24af936000, Total RAM: 0x87f352000
[    0.050454] Memory hole size: 115461MB
[    0.288209] Allocated 35708928 bytes for kernel page tables.
[    0.288315] Zone ranges:
[    0.288356]   Normal   [mem 0x0000000030400000-0x00000024af935fff]
[    0.288420] Movable zone start for each node
[    0.289467] Early memory node ranges
[    0.289507]   node   0: [mem 0x0000000030400000-0x000000006fe7ffff]
[    0.289571]   node   0: [mem 0x000000006ff00000-0x000000006ff25fff]
[    0.289631]   node   0: [mem 0x0000000070000000-0x000000042fffffff]
[    0.289693]   node   0: [mem 0x0000002030000000-0x00000024af87ffff]
[    0.289758]   node   0: [mem 0x00000024af900000-0x00000024af925fff]
[    0.289819]   node   0: [mem 0x00000024af930000-0x00000024af935fff]
[    0.297201] Zeroed struct page in unavailable ranges: 230130 pages
[    0.297209] Initmem setup node 0 [mem 0x0000000030400000-0x00000024af935fff]
[    0.297369] On node 0 totalpages: 4454825
[    0.297379]   Normal zone: 39154 pages used for memmap
[    0.297385]   Normal zone: 0 pages reserved
[    0.297390]   Normal zone: 4454825 pages, LIFO batch:31
[    0.308248] Booting Linux...
[    0.308334] CPU CAPS: [flush,stbar,swap,muldiv,v9,blkinit,n2,mul32]
[    0.308418] CPU CAPS: [div32,v8plus,popc,vis,vis2,ASIBlkInit,fmaf,vis3]
[    0.309497] CPU CAPS: [hpc,ima,pause,cbcond,aes,des,kasumi,camellia]
[    0.309569] CPU CAPS: [md5,sha1,sha256,sha512,mpmul,montmul,montsqr,crc32c]
[    0.343597] percpu: Embedded 27 pages/cpu s181896 r8192 d31096 u262144
[    0.343843] pcpu-alloc: s181896 r8192 d31096 u262144 alloc=1*4194304
[    0.343850] pcpu-alloc: [0] 000 001 002 003 004 005 006 007 008 009 010 011 012 013 014 015 
[    0.343877] pcpu-alloc: [0] 016 017 018 019 020 021 022 023 024 025 026 027 028 029 030 031 
[    0.343903] pcpu-alloc: [0] 032 033 034 035 036 037 038 039 040 041 042 043 044 045 046 047 
[    0.343929] pcpu-alloc: [0] 048 049 050 051 052 053 054 055 056 057 058 059 060 061 062 063 
[    0.343955] pcpu-alloc: [0] 064 065 066 067 068 069 070 071 072 073 074 075 076 077 078 079 
[    0.343981] pcpu-alloc: [0] 080 081 082 083 084 085 086 087 088 089 090 091 092 093 094 095 
[    0.344008] pcpu-alloc: [0] 096 097 098 099 100 101 102 103 104 105 106 107 108 109 110 111 
[    0.344034] pcpu-alloc: [0] 112 113 114 115 116 117 118 119 120 121 122 123 124 125 126 127 
[    0.344567] SUN4V: Mondo queue sizes [cpu(131072) dev(16384) r(8192) nr(256)]
[    0.345013] Built 1 zonelists, mobility grouping on.  Total pages: 4415671
[    0.345102] Kernel command line: BOOT_IMAGE=/vmlinux-5.4.0-rc2-00104-g9e208aa06c21-dirty root=/dev/vdiska2 ro zswap.enabled=1
[    0.347453] printk: log_buf_len individual max cpu contribution: 4096 bytes
[    0.347523] printk: log_buf_len total cpu_extra contributions: 520192 bytes
[    0.347590] printk: log_buf_len min size: 131072 bytes
[    0.347911] printk: log_buf_len: 1048576 bytes
[    0.347963] printk: early log buf free: 126608(96%)
[    0.357578] Dentry cache hash table entries: 8388608 (order: 13, 67108864 bytes, linear)
[    0.362479] Inode-cache hash table entries: 4194304 (order: 12, 33554432 bytes, linear)
[    0.362561] Sorting __ex_table...
[    0.362805] mem auto-init: stack:off, heap alloc:off, heap free:off
[    0.424331] Memory: 1305232K/35638600K available (7343K kernel code, 951K rwdata, 2168K rodata, 704K init, 12359K bss, 544464K reserved, 0K cma-reserved)
[    0.433982] SLUB: HWalign=32, Order=0-3, MinObjects=0, CPUs=128, Nodes=1
[    0.439100] ftrace: allocating 21125 entries in 42 pages
[    0.455381] Running RCU self tests
[    0.455434] rcu: Hierarchical RCU implementation.
[    0.455486] rcu: 	RCU event tracing is enabled.
[    0.455534] rcu: 	RCU lockdep checking is enabled.
[    0.455586] 	Tasks RCU enabled.
[    0.455622] rcu: RCU calculated value of scheduler-enlistment delay is 10 jiffies.
[    0.464550] NR_IRQS: 2048, nr_irqs: 2048, preallocated irqs: 1
[    0.464993] SUN4V: Using IRQ API major 3, cookie only virqs enabled
[    0.468829] clocksource: stick: mask: 0xffffffffffffffff max_cycles: 0x1cd42e4dffb, max_idle_ns: 881590591483 ns
[    0.468961] clocksource: mult[800000] shift[23]
[    0.469010] clockevent: mult[80000000] shift[31]
[    0.472744] Console: colour dummy device 80x25
[    0.472807] printk: console [tty0] enabled
[    0.472883] printk: bootconsole [earlyprom0] disabled
[    0.472969] Lock dependency validator: Copyright (c) 2006 Red Hat, Inc., Ingo Molnar
[    0.473019] ... MAX_LOCKDEP_SUBCLASSES:  8
[    0.473050] ... MAX_LOCK_DEPTH:          48
[    0.473081] ... MAX_LOCKDEP_KEYS:        8192
[    0.473112] ... CLASSHASH_SIZE:          4096
[    0.473144] ... MAX_LOCKDEP_ENTRIES:     16384
[    0.473176] ... MAX_LOCKDEP_CHAINS:      32768
[    0.473208] ... CHAINHASH_SIZE:          16384
[    0.473240]  memory used by lock dependency info: 3855 kB
[    0.473277]  memory used for stack traces: 2112 kB
[    0.473311]  per task-struct memory footprint: 1920 bytes
[    0.619294] Calibrating delay using timer specific routine.. 2005.78 BogoMIPS (lpj=10028911)
[    0.619365] pid_max: default: 131072 minimum: 1024
[    0.626967] LSM: Security Framework initializing
[    0.629016] AppArmor: AppArmor initialized
[    0.632111] Mount-cache hash table entries: 131072 (order: 7, 1048576 bytes, linear)
[    0.632354] Mountpoint-cache hash table entries: 131072 (order: 7, 1048576 bytes, linear)
[    0.633872] *** VALIDATE tmpfs ***
[    0.642824] *** VALIDATE proc ***
[    0.648501] *** VALIDATE cgroup1 ***
[    0.648533] *** VALIDATE cgroup2 ***
[    0.654492] rcu: Hierarchical SRCU implementation.
[    0.666923] smp: Bringing up secondary CPUs ...
[    0.738750] smp: Brought up 1 node, 32 CPUs
[    0.945824] node 0 initialised, 4223613 pages in 190ms
[    0.951063] devtmpfs: initialized
[    0.961600] Performance events: 
[    0.961665] Testing NMI watchdog ... 
[    1.161874] OK.
[    1.162063] Supported PMU type is 'niagara5'
[    1.163570] random: get_random_u32 called from bucket_table_alloc.isra.0+0x188/0x1c0 with crng_init=0
[    1.165271] ldc.c:v1.1 (July 22, 2008)
[    1.169549] clocksource: jiffies: mask: 0xffffffff max_cycles: 0xffffffff, max_idle_ns: 19112604462750000 ns
[    1.169646] futex hash table entries: 32768 (order: 9, 4194304 bytes, linear)
[    1.189163] NET: Registered protocol family 16
[    1.203264] VIO: Adding device channel-devices (tx_ino = ffffffffffffffff, rx_ino = ffffffffffffffff)
[    1.203553] VIO: Adding device vnet-port-0-0 (tx_ino = 0, rx_ino = 1)
[    1.203844] VIO: Adding device vnet-port-0-1 (tx_ino = 2, rx_ino = 3)
[    1.204099] VIO: Adding device vnet-port-0-2 (tx_ino = 4, rx_ino = 5)
[    1.204358] VIO: Adding device vnet-port-0-4 (tx_ino = 8, rx_ino = 9)
[    1.204603] VIO: Adding device vnet-port-0-5 (tx_ino = a, rx_ino = b)
[    1.204859] VIO: Adding device vnet-port-0-6 (tx_ino = c, rx_ino = d)
[    1.205105] VIO: Adding device vnet-port-0-3 (tx_ino = 6, rx_ino = 7)
[    1.205360] VIO: Adding device vdc-port-3-0 (tx_ino = e, rx_ino = f)
[    1.205610] VIO: Adding device vdc-port-2-0 (tx_ino = 10, rx_ino = 11)
[    1.205863] VIO: Adding device vdc-port-1-0 (tx_ino = 12, rx_ino = 13)
[    1.206115] VIO: Adding device vdc-port-0-0 (tx_ino = 14, rx_ino = 15)
[    1.206368] VIO: Adding device vdc-port-4-0 (tx_ino = 16, rx_ino = 17)
[    1.206619] VIO: Adding device vlds-port-0-0 (tx_ino = 18, rx_ino = 19)
[    1.206864] VIO: Adding device domain-services-port-0 (tx_ino = 18, rx_ino = 19)
[    1.207889] audit: initializing netlink subsys (disabled)
[    1.208304] audit: type=2000 audit(0.730:1): state=initialized audit_enabled=0 res=1
[    1.264281] HugeTLB registered 64.0 KiB page size, pre-allocated 0 pages
[    1.264336] HugeTLB registered 8.00 MiB page size, pre-allocated 0 pages
[    1.264381] HugeTLB registered 256 MiB page size, pre-allocated 0 pages
[    1.264426] HugeTLB registered 2.00 GiB page size, pre-allocated 0 pages
[    1.374619] NetLabel: Initializing
[    1.374659] NetLabel:  domain hash size = 128
[    1.374692] NetLabel:  protocols = UNLABELED CIPSOv4 CALIPSO
[    1.374943] NetLabel:  unlabeled traffic allowed by default
[    1.376230] SUN4V: Reboot data supported (maj=1,min=0).
[    1.377921] ds.c:v1.0 (Jul 11, 2007)
[    1.378469] ds-0: ds_conn_reset() from send_events.isra.0
[    1.379979] clocksource: Switched to clocksource stick
[    1.709078] *** VALIDATE bpf ***
[    1.717242] VFS: Disk quotas dquot_6.6.0
[    1.721752] VFS: Dquot-cache hash table entries: 1024 (order 0, 8192 bytes)
[    1.722127] *** VALIDATE ramfs ***
[    1.722762] *** VALIDATE hugetlbfs ***
[    1.735651] AppArmor: AppArmor Filesystem Enabled
[    1.762414] NET: Registered protocol family 2
[    1.771709] tcp_listen_portaddr_hash hash table entries: 32768 (order: 8, 2359296 bytes, linear)
[    1.775425] TCP established hash table entries: 524288 (order: 9, 4194304 bytes, linear)
[    1.777657] TCP bind hash table entries: 65536 (order: 9, 4194304 bytes, linear)
[    1.783799] TCP: Hash tables configured (established 524288 bind 65536)
[    1.788559] UDP hash table entries: 32768 (order: 9, 5242880 bytes, linear)
[    1.795231] UDP-Lite hash table entries: 32768 (order: 9, 5242880 bytes, linear)
[    1.810835] NET: Registered protocol family 1
[    1.810925] NET: Registered protocol family 44
[    1.811844] Trying to unpack rootfs image as initramfs...
[    2.135586] Freeing initrd memory: 10352K
[    2.166887] workingset: timestamp_bits=46 max_order=23 bucket_order=0
[    2.214821] SGI XFS with ACLs, security attributes, debug enabled
[    2.260079] Block layer SCSI generic (bsg) driver version 0.4 loaded (major 252)
[    2.261926] io scheduler mq-deadline registered
[    2.268998] f029b788: ttyHV0 at I/O 0x0 (irq = 1, base_baud = 115200) is a SUN4V HCONS
[    2.275584] printk: console [ttyHV0] enabled
[    2.283048] sunvdc.c:v1.2 (November 24, 2014)
[    2.298832] sunvdc: Virtual CDROM vdiskd
[    2.298891] sunvdc: vdiskd: 403160 sectors (196 MB) protocol 1.2
[    2.302690]  vdiskd: vdiskd1 vdiskd2 vdiskd3 vdiskd4 vdiskd5 vdiskd6 vdiskd7
[    2.355421] sunvdc: Virtual Hard disk vdiskc
[    2.355472] sunvdc: vdiskc: 104857600 sectors (51200 MB) protocol 1.2
[    2.400482] sunvdc: Virtual Hard disk vdiskb
[    2.400534] sunvdc: vdiskb: 62914560 sectors (30720 MB) protocol 1.2
[    2.403874]  vdiskb: vdiskb1
[    2.446911] sunvdc: Virtual Hard disk vdiska
[    2.446963] sunvdc: vdiska: 31457280 sectors (15360 MB) protocol 1.2
[    2.450366]  vdiska: vdiska1 vdiska2 vdiska3 vdiska4
[    2.497932] sunvdc: Virtual Hard disk vdiske
[    2.497983] sunvdc: vdiske: 20971520 sectors (10240 MB) protocol 1.2
[    2.502289]  vdiske: vdiske1 vdiske2 vdiske3
[    2.532950] sunvnet: sunvnet 2.0 (February 3, 2017)
[    2.538621] vnet_port vnet-port-0-0 eth0: Sun LDOM vnet 00:14:4f:f8:12:a3
[    2.538940] sunvnet: eth0: PORT ( remote-mac 00:14:4f:fa:f3:f0 switch-port )
[    2.540740] sunvnet: eth0: PORT ( remote-mac 00:14:4f:f8:e5:f3 )
[    2.542505] sunvnet: eth0: PORT ( remote-mac 00:14:4f:f9:b4:97 )
[    2.544276] sunvnet: eth0: PORT ( remote-mac 00:14:4f:f8:3f:1e )
[    2.545990] sunvnet: eth0: PORT ( remote-mac 00:14:4f:f8:fe:47 )
[    2.547722] sunvnet: eth0: PORT ( remote-mac 00:14:4f:f9:8b:83 )
[    2.549447] sunvnet: eth0: PORT ( remote-mac 00:14:4f:f9:6c:d1 )
[    2.551231] rtc-sun4v rtc-sun4v: registered as rtc0
[    2.552036] sun4v_wdt: initialized (timeout=60s, nowayout=0)
[    2.553048] device-mapper: uevent: version 1.0.3
[    2.555498] device-mapper: ioctl: 4.41.0-ioctl (2019-09-16) initialised: dm-devel@redhat.com
[    2.557239] NET: Registered protocol family 17
[    2.558122] registered taskstats version 1
[    2.567979] zswap: default zpool zbud not available
[    2.568036] zswap: pool creation failed
[    2.569002] kmemleak: Kernel memory leak detector initialized (mem pool available: 6234)
[    2.569013] kmemleak: Automatic memory scanning thread started
[    2.618473] Key type big_key registered
[    2.618545] AppArmor: AppArmor sha1 policy hashing enabled
[    2.619507] rtc-sun4v rtc-sun4v: setting system clock to 2019-10-11T09:24:12 UTC (1570785852)
[    2.628543] This architecture does not have kernel memory protection.
[    2.628591] Run /init as init process
[    3.454582] crc32c_sparc64: Using sparc64 crc32c opcode optimized CRC32C implementation
[    3.514956] random: fast init done
[    3.989879] raid6: int64x8  gen()  2162 MB/s
[    4.159896] raid6: int64x8  xor()  1567 MB/s
[    4.329894] raid6: int64x4  gen()  3466 MB/s
[    4.499876] raid6: int64x4  xor()  2001 MB/s
[    4.669881] raid6: int64x2  gen()  3129 MB/s
[    4.839885] raid6: int64x2  xor()  1993 MB/s
[    5.009880] raid6: int64x1  gen()  2823 MB/s
[    5.179887] raid6: int64x1  xor()  1622 MB/s
[    5.179939] raid6: using algorithm int64x4 gen() 3466 MB/s
[    5.179980] raid6: .... xor() 2001 MB/s, rmw enabled
[    5.180017] raid6: using intx1 recovery algorithm
[    5.181467] async_tx: api initialized (async)
[    5.182486] xor: automatically using best checksumming function   Niagara   
[    5.471837] EXT4-fs (vdiska2): mounted filesystem with ordered data mode. Opts: (null)
[    7.011105] systemd[1]: Inserted module 'autofs4'
[    7.033060] NET: Registered protocol family 10
[    7.048671] Segment Routing with IPv6
[    7.179472] systemd[1]: systemd 242 running in system mode. (+PAM +AUDIT +SELINUX +IMA +APPARMOR +SMACK +SYSVINIT +UTMP +LIBCRYPTSETUP +GCRYPT +GNUTLS +ACL +XZ +LZ4 -SECCOMP +BLKID +ELFUTILS +KMOD +IDN2 -IDN +PCRE2 default-hierarchy=hybrid)
[    7.180231] systemd[1]: Detected architecture sparc64.
[    7.463397] systemd[1]: Set hostname to <ttip.nvglabs.local>.
[    7.473445] systemd[1]: Failed to bump fs.file-max, ignoring: Invalid argument
[    8.440711] random: lvmconfig: uninitialized urandom read (4 bytes read)
[    9.576676] systemd[1]: /lib/systemd/system/dbus.socket:4: ListenStream= references a path below legacy directory /var/run/, updating /var/run/dbus/system_bus_socket → /run/dbus/system_bus_socket; please update the unit file accordingly.
[    9.799729] systemd[1]: /lib/systemd/system/pcscd.socket:4: ListenStream= references a path below legacy directory /var/run/, updating /var/run/pcscd/pcscd.comm → /run/pcscd/pcscd.comm; please update the unit file accordingly.
[    9.816825] random: systemd: uninitialized urandom read (16 bytes read)
[    9.853687] systemd[1]: Created slice system-postfix.slice.
[    9.854839] random: systemd: uninitialized urandom read (16 bytes read)
[    9.868030] systemd[1]: Created slice User and Session Slice.
[    9.868621] random: systemd: uninitialized urandom read (16 bytes read)
[    9.881811] systemd[1]: Created slice system-openvpn\x2dclient.slice.
[    9.883340] systemd[1]: Listening on udev Kernel Socket.
[   10.373277] EXT4-fs (vdiska2): re-mounted. Opts: errors=remount-ro
[   10.690857] systemd-journald[480]: Received request to flush runtime journal from PID 1
[   12.401238] sha1_sparc64: Using sparc64 sha1 opcode optimized SHA-1 implementation
[   12.478423] sha256_sparc64: Using sparc64 sha256 opcode optimized SHA-256/SHA-224 implementation
[   12.544243] n2rng v0.3 (Jan 7, 2017)
[   12.544383] n2rng f029b104: Registered RNG HVAPI major 2 minor 0
[   12.544510] n2rng f029b104: Found multi-unit-capable RNG, units: 2
[   12.546185] sha512_sparc64: Using sparc64 sha512 opcode optimized SHA-512/SHA-384 implementation
[   12.546478] n2rng f029b104: RNG ready
[   12.571599] md5_sparc64: Using sparc64 md5 opcode optimized MD5 implementation
[   12.675904] aes_sparc64: Using sparc64 aes opcodes optimized AES implementation
[   12.850814] des_sparc64: Using sparc64 des opcodes optimized DES implementation
[   12.929145] camellia_sparc64: Using sparc64 camellia opcodes optimized CAMELLIA implementation
[   12.961474] pktcdvd: setup of pktcdvd device failed
[   13.052952] pktcdvd: setup of pktcdvd device failed
[   13.073326] pktcdvd: setup of pktcdvd device failed
[   13.092989] pktcdvd: setup of pktcdvd device failed
[   13.112870] pktcdvd: setup of pktcdvd device failed
[   13.133605] pktcdvd: setup of pktcdvd device failed
[   13.151785] pktcdvd: setup of pktcdvd device failed
[   13.169538] pktcdvd: setup of pktcdvd device failed
[   15.161571] XFS (dm-0): Mounting V5 Filesystem
[   15.343864] XFS (dm-0): Ending clean mount
[   15.380889] Mounted xfs file system at /1 supports timestamps until 2038 (0x7fffffff)
[   16.180101] Adding 787176k swap on /dev/vdiska4.  Priority:-2 extents:1 across:787176k FS
[   16.491233] EXT4-fs (vdiska1): mounting ext3 file system using the ext4 subsystem
[   16.518552] EXT4-fs (vdiska1): mounted filesystem with ordered data mode. Opts: (null)
[   16.520556] Mounted ext3 file system at /boot supports timestamps until 2038 (0x7fffffff)
[   17.471628] Kernel unaligned access at TPC[864998] aa_dfa_unpack+0x38/0x5a0
[   17.471755] Kernel unaligned access at TPC[8649b8] aa_dfa_unpack+0x58/0x5a0
[   17.471812] Kernel unaligned access at TPC[864a70] aa_dfa_unpack+0x110/0x5a0
[   17.471883] Kernel unaligned access at TPC[864b50] aa_dfa_unpack+0x1f0/0x5a0
[   17.471939] Kernel unaligned access at TPC[864b64] aa_dfa_unpack+0x204/0x5a0
[   18.388095] random: crng init done
[   18.388151] random: 6 urandom warning(s) missed due to ratelimiting
[   21.256207] tun: Universal TUN/TAP device driver, 1.6

[   23.042744] ======================================================
[   23.042752] WARNING: possible circular locking dependency detected
[   23.042763] 5.4.0-rc2-00104-g9e208aa06c21-dirty #1273 Not tainted
[   23.042770] ------------------------------------------------------
[   23.042777] iptables-restor/920 is trying to acquire lock:
[   23.042785] 000000001062c120 (&table[i].mutex){+.+.}, at: nfnl_lock+0x24/0x40 [nfnetlink]
[   23.042809] 
               but task is already holding lock:
[   23.042816] 0000000000e0e4a0 (&net->nft.commit_mutex){+.+.}, at: nf_tables_valid_genid+0x10/0x60 [nf_tables]
[   23.042842] 
               which lock already depends on the new lock.

[   23.042851] 
               the existing dependency chain (in reverse order) is:
[   23.042858] 
               -> #1 (&net->nft.commit_mutex){+.+.}:
[   23.042876]        __mutex_lock+0xac/0x9a0
[   23.042883]        mutex_lock_nested+0x1c/0x40
[   23.042893]        nf_tables_valid_genid+0x10/0x60 [nf_tables]
[   23.042902]        nfnetlink_rcv_batch+0x228/0x620 [nfnetlink]
[   23.042909]        nfnetlink_rcv+0x110/0x140 [nfnetlink]
[   23.042921]        netlink_unicast+0x128/0x200
[   23.042928]        netlink_sendmsg+0x334/0x380
[   23.042939]        sock_sendmsg+0x34/0x80
[   23.042945]        ___sys_sendmsg+0x234/0x260
[   23.042952]        __sys_sendmsg+0x48/0x80
[   23.042959]        sys_sendmsg+0x18/0x40
[   23.042969]        linux_sparc_syscall+0x34/0x44
[   23.042975] 
               -> #0 (&table[i].mutex){+.+.}:
[   23.042989]        __lock_acquire+0x1af0/0x2500
[   23.042996]        lock_acquire+0x1a4/0x1c0
[   23.043002]        __mutex_lock+0xac/0x9a0
[   23.043008]        mutex_lock_nested+0x1c/0x40
[   23.043015]        nfnl_lock+0x24/0x40 [nfnetlink]
[   23.043028]        ip_set_nfnl_get_byindex+0x18c/0x280 [ip_set]
[   23.043039]        set_match_v1_checkentry+0x14/0xc0 [xt_set]
[   23.043052]        xt_check_match+0x23c/0x280 [x_tables]
[   23.043062]        __nft_match_init+0x160/0x180 [nft_compat]
[   23.043070]        nft_match_init+0x18/0x40 [nft_compat]
[   23.043080]        nf_tables_newrule+0x50c/0x780 [nf_tables]
[   23.043088]        nfnetlink_rcv_batch+0x3d0/0x620 [nfnetlink]
[   23.043096]        nfnetlink_rcv+0x110/0x140 [nfnetlink]
[   23.043103]        netlink_unicast+0x128/0x200
[   23.043110]        netlink_sendmsg+0x334/0x380
[   23.043117]        sock_sendmsg+0x34/0x80
[   23.043123]        ___sys_sendmsg+0x234/0x260
[   23.043130]        __sys_sendmsg+0x48/0x80
[   23.043136]        sys_sendmsg+0x18/0x40
[   23.043143]        linux_sparc_syscall+0x34/0x44
[   23.043148] 
               other info that might help us debug this:

[   23.043156]  Possible unsafe locking scenario:

[   23.043163]        CPU0                    CPU1
[   23.043169]        ----                    ----
[   23.043174]   lock(&net->nft.commit_mutex);
[   23.043181]                                lock(&table[i].mutex);
[   23.043188]                                lock(&net->nft.commit_mutex);
[   23.043196]   lock(&table[i].mutex);
[   23.043202] 
                *** DEADLOCK ***

[   23.043210] 1 lock held by iptables-restor/920:
[   23.043215]  #0: 0000000000e0e4a0 (&net->nft.commit_mutex){+.+.}, at: nf_tables_valid_genid+0x10/0x60 [nf_tables]
[   23.043232] 
               stack backtrace:
[   23.043240] CPU: 0 PID: 920 Comm: iptables-restor Not tainted 5.4.0-rc2-00104-g9e208aa06c21-dirty #1273
[   23.043249] Call Trace:
[   23.043256]  [00000000004ceefc] print_circular_bug.isra.0+0x1bc/0x1e0
[   23.043264]  [00000000004cf138] check_noncircular+0x218/0x240
[   23.043271]  [00000000004d3a50] __lock_acquire+0x1af0/0x2500
[   23.043279]  [00000000004d4de4] lock_acquire+0x1a4/0x1c0
[   23.043286]  [0000000000b28d0c] __mutex_lock+0xac/0x9a0
[   23.043293]  [0000000000b2961c] mutex_lock_nested+0x1c/0x40
[   23.043301]  [000000001062a024] nfnl_lock+0x24/0x40 [nfnetlink]
[   23.043310]  [00000000106652ac] ip_set_nfnl_get_byindex+0x18c/0x280 [ip_set]
[   23.043318]  [000000001069c5b4] set_match_v1_checkentry+0x14/0xc0 [xt_set]
[   23.043327]  [000000001032c89c] xt_check_match+0x23c/0x280 [x_tables]
[   23.043336]  [000000001068ac40] __nft_match_init+0x160/0x180 [nft_compat]
[   23.043344]  [000000001068acf8] nft_match_init+0x18/0x40 [nft_compat]
[   23.043355]  [000000001063fdcc] nf_tables_newrule+0x50c/0x780 [nf_tables]
[   23.043363]  [000000001062a890] nfnetlink_rcv_batch+0x3d0/0x620 [nfnetlink]
[   23.043371]  [000000001062abf0] nfnetlink_rcv+0x110/0x140 [nfnetlink]
[   23.043379]  [0000000000a221e8] netlink_unicast+0x128/0x200
