[    0.000021] PROMLIB: Sun IEEE Boot Prom 'OBP 4.38.12 2018/03/28 14:54'
[    0.000033] PROMLIB: Root node compatible: sun4v
[    0.000083] Linux version 5.3.0-12676-gda05b5ea12c1-dirty (mator@ttip.nvglabs.local) (gcc version 9.2.1 20190909 (Debian 9.2.1-8)) #1245 SMP Fri Sep 27 11:58:26 MSK 2019
[    0.000417] printk: bootconsole [earlyprom0] enabled
[    0.000470] ARCH: SUN4V
[    0.000519] Ethernet address: 00:14:4f:fa:06:f2
[    0.000572] MM: PAGE_OFFSET is 0xfff8000000000000 (max_phys_bits == 47)
[    0.000637] MM: VMALLOC [0x0000000100000000 --> 0x0006000000000000]
[    0.000699] MM: VMEMMAP [0x0006000000000000 --> 0x000c000000000000]
[    0.013745] Kernel: Using 6 locked TLB entries for main kernel image.
[    0.013828] Remapping the kernel... 
[    0.013855] done.
[    0.050292] OF stdout device is: /virtual-devices@100/console@1
[    0.050372] PROM: Built device tree with 87467 bytes of memory.
[    0.050438] MDESC: Size is 37248 bytes.
[    0.050566] PLATFORM: banner-name [SPARC T5-2]
[    0.050618] PLATFORM: name [ORCL,SPARC-T5-2]
[    0.050663] PLATFORM: hostid [84fa06f2]
[    0.050706] PLATFORM: serial# [0035260e]
[    0.050750] PLATFORM: stick-frequency [3b9aca00]
[    0.050798] PLATFORM: mac-address [144ffa06f2]
[    0.050845] PLATFORM: watchdog-resolution [1000 ms]
[    0.050896] PLATFORM: watchdog-max-timeout [31536000000 ms]
[    0.050951] PLATFORM: max-cpus [1024]
[    0.051031] Top of RAM: 0x24af936000, Total RAM: 0x87f352000
[    0.051094] Memory hole size: 115461MB
[    0.290021] Allocated 35708928 bytes for kernel page tables.
[    0.290129] Zone ranges:
[    0.290171]   Normal   [mem 0x0000000030400000-0x00000024af935fff]
[    0.290236] Movable zone start for each node
[    0.290282] Early memory node ranges
[    0.290321]   node   0: [mem 0x0000000030400000-0x000000006fe7ffff]
[    0.290386]   node   0: [mem 0x000000006ff00000-0x000000006ff25fff]
[    0.290446]   node   0: [mem 0x0000000070000000-0x000000042fffffff]
[    0.290508]   node   0: [mem 0x0000002030000000-0x00000024af87ffff]
[    0.290572]   node   0: [mem 0x00000024af900000-0x00000024af925fff]
[    0.290633]   node   0: [mem 0x00000024af930000-0x00000024af935fff]
[    0.298053] Zeroed struct page in unavailable ranges: 230130 pages
[    0.298061] Initmem setup node 0 [mem 0x0000000030400000-0x00000024af935fff]
[    0.298221] On node 0 totalpages: 4454825
[    0.298231]   Normal zone: 39154 pages used for memmap
[    0.298236]   Normal zone: 0 pages reserved
[    0.298242]   Normal zone: 4454825 pages, LIFO batch:31
[    0.309050] Booting Linux...
[    0.309139] CPU CAPS: [flush,stbar,swap,muldiv,v9,blkinit,n2,mul32]
[    0.309222] CPU CAPS: [div32,v8plus,popc,vis,vis2,ASIBlkInit,fmaf,vis3]
[    0.309301] CPU CAPS: [hpc,ima,pause,cbcond,aes,des,kasumi,camellia]
[    0.309375] CPU CAPS: [md5,sha1,sha256,sha512,mpmul,montmul,montsqr,crc32c]
[    0.343545] percpu: Embedded 27 pages/cpu s180808 r8192 d32184 u262144
[    0.343835] pcpu-alloc: s180808 r8192 d32184 u262144 alloc=1*4194304
[    0.343843] pcpu-alloc: [0] 000 001 002 003 004 005 006 007 008 009 010 011 012 013 014 015 
[    0.343870] pcpu-alloc: [0] 016 017 018 019 020 021 022 023 024 025 026 027 028 029 030 031 
[    0.343897] pcpu-alloc: [0] 032 033 034 035 036 037 038 039 040 041 042 043 044 045 046 047 
[    0.343924] pcpu-alloc: [0] 048 049 050 051 052 053 054 055 056 057 058 059 060 061 062 063 
[    0.343951] pcpu-alloc: [0] 064 065 066 067 068 069 070 071 072 073 074 075 076 077 078 079 
[    0.343978] pcpu-alloc: [0] 080 081 082 083 084 085 086 087 088 089 090 091 092 093 094 095 
[    0.344005] pcpu-alloc: [0] 096 097 098 099 100 101 102 103 104 105 106 107 108 109 110 111 
[    0.344033] pcpu-alloc: [0] 112 113 114 115 116 117 118 119 120 121 122 123 124 125 126 127 
[    0.344575] SUN4V: Mondo queue sizes [cpu(131072) dev(16384) r(8192) nr(256)]
[    0.345041] Built 1 zonelists, mobility grouping on.  Total pages: 4415671
[    0.345130] Kernel command line: BOOT_IMAGE=/vmlinux-5.3.0-12676-gda05b5ea12c1-dirty root=/dev/vdiska2 ro zswap.enabled=1
[    0.347476] printk: log_buf_len individual max cpu contribution: 4096 bytes
[    0.347553] printk: log_buf_len total cpu_extra contributions: 520192 bytes
[    0.347621] printk: log_buf_len min size: 131072 bytes
[    0.347952] printk: log_buf_len: 1048576 bytes
[    0.348004] printk: early log buf free: 126624(96%)
[    0.357740] Dentry cache hash table entries: 8388608 (order: 13, 67108864 bytes, linear)
[    0.362708] Inode-cache hash table entries: 4194304 (order: 12, 33554432 bytes, linear)
[    0.362796] Sorting __ex_table...
[    0.363058] mem auto-init: stack:off, heap alloc:off, heap free:off
[    0.426714] Memory: 1305232K/35638600K available (7387K kernel code, 945K rwdata, 2192K rodata, 704K init, 12357K bss, 544544K reserved, 0K cma-reserved)
[    0.436300] SLUB: HWalign=32, Order=0-3, MinObjects=0, CPUs=128, Nodes=1
[    0.441583] ftrace: allocating 21328 entries in 42 pages
[    0.458053] Running RCU self tests
[    0.458127] rcu: Hierarchical RCU implementation.
[    0.458179] rcu: 	RCU event tracing is enabled.
[    0.458229] rcu: 	RCU lockdep checking is enabled.
[    0.458278] 	Tasks RCU enabled.
[    0.458316] rcu: RCU calculated value of scheduler-enlistment delay is 10 jiffies.
[    0.467466] NR_IRQS: 2048, nr_irqs: 2048, preallocated irqs: 1
[    0.468120] SUN4V: Using IRQ API major 3, cookie only virqs enabled
[    0.471957] clocksource: stick: mask: 0xffffffffffffffff max_cycles: 0x1cd42e4dffb, max_idle_ns: 881590591483 ns
[    0.472089] clocksource: mult[800000] shift[23]
[    0.472138] clockevent: mult[80000000] shift[31]
[    0.475980] Console: colour dummy device 80x25
[    0.476061] printk: console [tty0] enabled
[    0.476139] printk: bootconsole [earlyprom0] disabled
[    0.476225] Lock dependency validator: Copyright (c) 2006 Red Hat, Inc., Ingo Molnar
[    0.476274] ... MAX_LOCKDEP_SUBCLASSES:  8
[    0.476303] ... MAX_LOCK_DEPTH:          48
[    0.476333] ... MAX_LOCKDEP_KEYS:        8192
[    0.476364] ... CLASSHASH_SIZE:          4096
[    0.476394] ... MAX_LOCKDEP_ENTRIES:     16384
[    0.476425] ... MAX_LOCKDEP_CHAINS:      32768
[    0.476456] ... CHAINHASH_SIZE:          16384
[    0.476487]  memory used by lock dependency info: 3855 kB
[    0.476523]  memory used for stack traces: 2112 kB
[    0.476556]  per task-struct memory footprint: 1920 bytes
[    0.622625] Calibrating delay using timer specific routine.. 2011.33 BogoMIPS (lpj=10056691)
[    0.622695] pid_max: default: 131072 minimum: 1024
[    0.630351] LSM: Security Framework initializing
[    0.632799] Smack:  Initializing.
[    0.632826] Smack:  IPv6 port labeling enabled.
[    0.635893] Mount-cache hash table entries: 131072 (order: 7, 1048576 bytes, linear)
[    0.636132] Mountpoint-cache hash table entries: 131072 (order: 7, 1048576 bytes, linear)
[    0.637668] *** VALIDATE tmpfs ***
[    0.646703] *** VALIDATE proc ***
[    0.652422] *** VALIDATE cgroup1 ***
[    0.652454] *** VALIDATE cgroup2 ***
[    0.658478] rcu: Hierarchical SRCU implementation.
[    0.670468] smp: Bringing up secondary CPUs ...
[    0.744090] smp: Brought up 1 node, 32 CPUs
[    0.950428] node 0 initialised, 4223603 pages in 180ms
[    0.955734] devtmpfs: initialized
[    0.966161] Performance events: 
[    0.966221] Testing NMI watchdog ... 
[    1.166438] OK.
[    1.166617] Supported PMU type is 'niagara5'
[    1.168146] random: get_random_u32 called from bucket_table_alloc.isra.0+0x188/0x1c0 with crng_init=0
[    1.169531] ldc.c:v1.1 (July 22, 2008)
[    1.172954] clocksource: jiffies: mask: 0xffffffff max_cycles: 0xffffffff, max_idle_ns: 19112604462750000 ns
[    1.173049] futex hash table entries: 32768 (order: 9, 4194304 bytes, linear)
[    1.192582] NET: Registered protocol family 16
[    1.206862] VIO: Adding device channel-devices (tx_ino = ffffffffffffffff, rx_ino = ffffffffffffffff)
[    1.207168] VIO: Adding device vnet-port-0-0 (tx_ino = 0, rx_ino = 1)
[    1.207452] VIO: Adding device vnet-port-0-1 (tx_ino = 2, rx_ino = 3)
[    1.207713] VIO: Adding device vnet-port-0-2 (tx_ino = 4, rx_ino = 5)
[    1.207966] VIO: Adding device vnet-port-0-4 (tx_ino = 8, rx_ino = 9)
[    1.208221] VIO: Adding device vnet-port-0-5 (tx_ino = a, rx_ino = b)
[    1.208474] VIO: Adding device vnet-port-0-6 (tx_ino = c, rx_ino = d)
[    1.208728] VIO: Adding device vnet-port-0-3 (tx_ino = 6, rx_ino = 7)
[    1.208980] VIO: Adding device vdc-port-3-0 (tx_ino = e, rx_ino = f)
[    1.209244] VIO: Adding device vdc-port-2-0 (tx_ino = 10, rx_ino = 11)
[    1.209493] VIO: Adding device vdc-port-1-0 (tx_ino = 12, rx_ino = 13)
[    1.209749] VIO: Adding device vdc-port-0-0 (tx_ino = 14, rx_ino = 15)
[    1.210008] VIO: Adding device vdc-port-4-0 (tx_ino = 16, rx_ino = 17)
[    1.210264] VIO: Adding device vlds-port-0-0 (tx_ino = 18, rx_ino = 19)
[    1.210519] VIO: Adding device domain-services-port-0 (tx_ino = 18, rx_ino = 19)
[    1.211685] audit: initializing netlink subsys (disabled)
[    1.212196] audit: type=2000 audit(0.730:1): state=initialized audit_enabled=0 res=1
[    1.269855] HugeTLB registered 64.0 KiB page size, pre-allocated 0 pages
[    1.269911] HugeTLB registered 8.00 MiB page size, pre-allocated 0 pages
[    1.269956] HugeTLB registered 256 MiB page size, pre-allocated 0 pages
[    1.270001] HugeTLB registered 2.00 GiB page size, pre-allocated 0 pages
[    1.382744] NetLabel: Initializing
[    1.382784] NetLabel:  domain hash size = 128
[    1.382817] NetLabel:  protocols = UNLABELED CIPSOv4 CALIPSO
[    1.383072] NetLabel:  unlabeled traffic allowed by default
[    1.384391] SUN4V: Reboot data supported (maj=1,min=0).
[    1.386250] ds.c:v1.0 (Jul 11, 2007)
[    1.386809] ds-0: ds_conn_reset() from send_events.isra.0
[    1.388385] clocksource: Switched to clocksource stick
[    1.740370] *** VALIDATE bpf ***
[    1.748767] VFS: Disk quotas dquot_6.6.0
[    1.753296] VFS: Dquot-cache hash table entries: 1024 (order 0, 8192 bytes)
[    1.753695] *** VALIDATE ramfs ***
[    1.754356] *** VALIDATE hugetlbfs ***
[    1.795179] NET: Registered protocol family 2
[    1.805427] tcp_listen_portaddr_hash hash table entries: 32768 (order: 8, 2359296 bytes, linear)
[    1.809294] TCP established hash table entries: 524288 (order: 9, 4194304 bytes, linear)
[    1.811545] TCP bind hash table entries: 65536 (order: 9, 4194304 bytes, linear)
[    1.817946] TCP: Hash tables configured (established 524288 bind 65536)
[    1.823607] UDP hash table entries: 32768 (order: 9, 5242880 bytes, linear)
[    1.830268] UDP-Lite hash table entries: 32768 (order: 9, 5242880 bytes, linear)
[    1.846741] NET: Registered protocol family 1
[    1.846833] NET: Registered protocol family 44
[    1.848763] Trying to unpack rootfs image as initramfs...
[    2.200472] Freeing initrd memory: 10368K
[    2.232110] workingset: timestamp_bits=46 max_order=23 bucket_order=0
[    2.281347] SGI XFS with ACLs, security attributes, debug enabled
[    2.329720] Block layer SCSI generic (bsg) driver version 0.4 loaded (major 252)
[    2.331672] io scheduler mq-deadline registered
[    2.339100] f029b788: ttyHV0 at I/O 0x0 (irq = 1, base_baud = 115200) is a SUN4V HCONS
[    2.345683] printk: console [ttyHV0] enabled
[    2.353409] sunvdc.c:v1.2 (November 24, 2014)
[    2.369046] sunvdc: Virtual CDROM vdiskd
[    2.369108] sunvdc: vdiskd: 403160 sectors (196 MB) protocol 1.2
[    2.373039]  vdiskd: vdiskd1 vdiskd2 vdiskd3 vdiskd4 vdiskd5 vdiskd6 vdiskd7
[    2.432998] sunvdc: Virtual Hard disk vdiskc
[    2.433054] sunvdc: vdiskc: 104857600 sectors (51200 MB) protocol 1.2
[    2.484531] sunvdc: Virtual Hard disk vdiskb
[    2.484588] sunvdc: vdiskb: 62914560 sectors (30720 MB) protocol 1.2
[    2.488124]  vdiskb: vdiskb1
[    2.537723] sunvdc: Virtual Hard disk vdiska
[    2.537777] sunvdc: vdiska: 31457280 sectors (15360 MB) protocol 1.2
[    2.541481]  vdiska: vdiska1 vdiska2 vdiska3 vdiska4
[    2.596246] sunvdc: Virtual Hard disk vdiske
[    2.596302] sunvdc: vdiske: 20971520 sectors (10240 MB) protocol 1.2
[    2.600800]  vdiske: vdiske1 vdiske2 vdiske3
[    2.637769] sunvnet: sunvnet 2.0 (February 3, 2017)
[    2.643633] vnet_port vnet-port-0-0 eth0: Sun LDOM vnet 00:14:4f:f8:12:a3
[    2.643962] sunvnet: eth0: PORT ( remote-mac 00:14:4f:fa:f3:f0 switch-port )
[    2.645777] sunvnet: eth0: PORT ( remote-mac 00:14:4f:f8:e5:f3 )
[    2.647749] sunvnet: eth0: PORT ( remote-mac 00:14:4f:f9:b4:97 )
[    2.649593] sunvnet: eth0: PORT ( remote-mac 00:14:4f:f8:3f:1e )
[    2.651414] sunvnet: eth0: PORT ( remote-mac 00:14:4f:f8:fe:47 )
[    2.653179] sunvnet: eth0: PORT ( remote-mac 00:14:4f:f9:8b:83 )
[    2.654976] sunvnet: eth0: PORT ( remote-mac 00:14:4f:f9:6c:d1 )
[    2.656839] rtc-sun4v rtc-sun4v: registered as rtc0
[    2.657781] sun4v_wdt: initialized (timeout=60s, nowayout=0)
[    2.658925] device-mapper: uevent: version 1.0.3
[    2.661598] device-mapper: ioctl: 4.41.0-ioctl (2019-09-16) initialised: dm-devel@redhat.com
[    2.663385] NET: Registered protocol family 17
[    2.664492] registered taskstats version 1
[    2.675049] zswap: default zpool zbud not available
[    2.675116] zswap: pool creation failed
[    2.676231] kmemleak: Kernel memory leak detector initialized (mem pool available: 6234)
[    2.676242] kmemleak: Automatic memory scanning thread started
[    2.729073] Key type big_key registered
[    2.730165] rtc-sun4v rtc-sun4v: setting system clock to 2019-09-27T09:01:57 UTC (1569574917)
[    2.739489] This architecture does not have kernel memory protection.
[    2.739541] Run /init as init process
[    3.645782] crc32c_sparc64: Using sparc64 crc32c opcode optimized CRC32C implementation
[    3.703753] random: fast init done
[    4.198299] raid6: int64x8  gen()  2150 MB/s
[    4.368293] raid6: int64x8  xor()  1565 MB/s
[    4.538271] raid6: int64x4  gen()  3465 MB/s
[    4.708285] raid6: int64x4  xor()  1999 MB/s
[    4.878290] raid6: int64x2  gen()  2858 MB/s
[    5.048280] raid6: int64x2  xor()  1992 MB/s
[    5.218275] raid6: int64x1  gen()  2848 MB/s
[    5.388283] raid6: int64x1  xor()  1621 MB/s
[    5.388334] raid6: using algorithm int64x4 gen() 3465 MB/s
[    5.388375] raid6: .... xor() 1999 MB/s, rmw enabled
[    5.388413] raid6: using intx1 recovery algorithm
[    5.389951] async_tx: api initialized (async)
[    5.391103] xor: automatically using best checksumming function   Niagara   
[    5.701177] EXT4-fs (vdiska2): mounted filesystem with ordered data mode. Opts: (null)
[    7.654199] systemd[1]: Inserted module 'autofs4'
[    7.678222] NET: Registered protocol family 10
[    7.694374] Segment Routing with IPv6
[    7.788727] systemd[1]: systemd 242 running in system mode. (+PAM +AUDIT +SELINUX +IMA +APPARMOR +SMACK +SYSVINIT +UTMP +LIBCRYPTSETUP +GCRYPT +GNUTLS +ACL +XZ +LZ4 -SECCOMP +BLKID +ELFUTILS +KMOD +IDN2 -IDN +PCRE2 default-hierarchy=hybrid)
[    7.789425] systemd[1]: Detected architecture sparc64.
[    7.902535] systemd[1]: Set hostname to <ttip.nvglabs.local>.
[    7.913469] systemd[1]: Failed to bump fs.file-max, ignoring: Invalid argument
[    9.013997] random: lvmconfig: uninitialized urandom read (4 bytes read)
[    9.905023] systemd[1]: /lib/systemd/system/dbus.socket:4: ListenStream= references a path below legacy directory /var/run/, updating /var/run/dbus/system_bus_socket → /run/dbus/system_bus_socket; please update the unit file accordingly.
[   10.288726] systemd[1]: /lib/systemd/system/pcscd.socket:4: ListenStream= references a path below legacy directory /var/run/, updating /var/run/pcscd/pcscd.comm → /run/pcscd/pcscd.comm; please update the unit file accordingly.
[   10.346815] random: systemd: uninitialized urandom read (16 bytes read)
[   10.348725] systemd[1]: Listening on udev Control Socket.
[   10.350241] random: systemd: uninitialized urandom read (16 bytes read)
[   10.350335] systemd[1]: Reached target Remote File Systems.
[   10.351741] random: systemd: uninitialized urandom read (16 bytes read)
[   10.355977] systemd[1]: Set up automount Arbitrary Executable File Formats File System Automount Point.
[   10.359714] systemd[1]: Listening on Syslog Socket.
[   10.900398] EXT4-fs (vdiska2): re-mounted. Opts: errors=remount-ro
[   11.314196] systemd-journald[475]: Received request to flush runtime journal from PID 1
[   12.645456] sha1_sparc64: Using sparc64 sha1 opcode optimized SHA-1 implementation
[   12.695087] sha256_sparc64: Using sparc64 sha256 opcode optimized SHA-256/SHA-224 implementation
[   12.726432] sha512_sparc64: Using sparc64 sha512 opcode optimized SHA-512/SHA-384 implementation
[   12.730622] md5_sparc64: Using sparc64 md5 opcode optimized MD5 implementation
[   12.773040] aes_sparc64: Using sparc64 aes opcodes optimized AES implementation
[   12.968542] n2rng v0.3 (Jan 7, 2017)
[   12.968744] n2rng f029b104: Registered RNG HVAPI major 2 minor 0
[   12.969167] n2rng f029b104: Found multi-unit-capable RNG, units: 2
[   12.972797] n2rng f029b104: RNG ready
[   12.997453] des_sparc64: Using sparc64 des opcodes optimized DES implementation
[   13.191853] camellia_sparc64: Using sparc64 camellia opcodes optimized CAMELLIA implementation
[   13.341811] pktcdvd: setup of pktcdvd device failed
[   13.443234] pktcdvd: setup of pktcdvd device failed
[   13.464049] pktcdvd: setup of pktcdvd device failed
[   13.483988] pktcdvd: setup of pktcdvd device failed
[   13.504318] pktcdvd: setup of pktcdvd device failed
[   13.525365] pktcdvd: setup of pktcdvd device failed
[   13.545644] pktcdvd: setup of pktcdvd device failed
[   13.564961] pktcdvd: setup of pktcdvd device failed
[   15.808859] XFS (dm-0): Mounting V5 Filesystem
[   16.528484] Adding 787176k swap on /dev/vdiska4.  Priority:-2 extents:1 across:787176k FS
[   16.554008] XFS (dm-0): Ending clean mount
[   16.560281] Mounted xfs file system at /1 supports timestamps until 2038 (0x7fffffff)
[   17.053636] EXT4-fs (vdiska1): mounting ext3 file system using the ext4 subsystem
[   17.080970] EXT4-fs (vdiska1): mounted filesystem with ordered data mode. Opts: (null)
[   17.082807] Mounted ext3 file system at /boot supports timestamps until 2038 (0x7fffffff)
[   18.186315] random: crng init done
[   18.186367] random: 6 urandom warning(s) missed due to ratelimiting
[   21.263860] tun: Universal TUN/TAP device driver, 1.6

[   21.339364] ======================================================
[   21.339374] WARNING: possible circular locking dependency detected
[   21.339386] 5.3.0-12676-gda05b5ea12c1-dirty #1245 Not tainted
[   21.339395] ------------------------------------------------------
[   21.339404] iptables-restor/921 is trying to acquire lock:
[   21.339414] 000000001065a120 (&table[i].mutex){+.+.}, at: nfnl_lock+0x24/0x40 [nfnetlink]
[   21.339443] 
               but task is already holding lock:
[   21.339453] 0000000000e1ee20 (&net->nft.commit_mutex){+.+.}, at: nf_tables_valid_genid+0x10/0x60 [nf_tables]
[   21.339483] 
               which lock already depends on the new lock.

[   21.339495] 
               the existing dependency chain (in reverse order) is:
[   21.339504] 
               -> #1 (&net->nft.commit_mutex){+.+.}:
[   21.339524]        __mutex_lock+0xac/0x980
[   21.339534]        mutex_lock_nested+0x1c/0x40
[   21.339548]        nf_tables_valid_genid+0x10/0x60 [nf_tables]
[   21.339559]        nfnetlink_rcv_batch+0x228/0x620 [nfnetlink]
[   21.339570]        nfnetlink_rcv+0x110/0x140 [nfnetlink]
[   21.339583]        netlink_unicast+0x128/0x200
[   21.339592]        netlink_sendmsg+0x334/0x380
[   21.339609]        sock_sendmsg+0x34/0x80
[   21.339619]        ___sys_sendmsg+0x234/0x260
[   21.339628]        __sys_sendmsg+0x48/0x80
[   21.339636]        sys_sendmsg+0x18/0x40
[   21.339652]        linux_sparc_syscall+0x34/0x44
[   21.339660] 
               -> #0 (&table[i].mutex){+.+.}:
[   21.339680]        __lock_acquire+0x1af0/0x2500
[   21.339689]        lock_acquire+0x1a4/0x1c0
[   21.339698]        __mutex_lock+0xac/0x980
[   21.339706]        mutex_lock_nested+0x1c/0x40
[   21.339715]        nfnl_lock+0x24/0x40 [nfnetlink]
[   21.339730]        ip_set_nfnl_get_byindex+0x18c/0x280 [ip_set]
[   21.339741]        set_match_v1_checkentry+0x14/0xc0 [xt_set]
[   21.339759]        xt_check_match+0x23c/0x280 [x_tables]
[   21.339772]        __nft_match_init+0x160/0x180 [nft_compat]
[   21.339782]        nft_match_init+0x18/0x40 [nft_compat]
[   21.339796]        nf_tables_newrule+0x50c/0x780 [nf_tables]
[   21.339807]        nfnetlink_rcv_batch+0x3d0/0x620 [nfnetlink]
[   21.339817]        nfnetlink_rcv+0x110/0x140 [nfnetlink]
[   21.339827]        netlink_unicast+0x128/0x200
[   21.339835]        netlink_sendmsg+0x334/0x380
[   21.339844]        sock_sendmsg+0x34/0x80
[   21.339852]        ___sys_sendmsg+0x234/0x260
[   21.339861]        __sys_sendmsg+0x48/0x80
[   21.339869]        sys_sendmsg+0x18/0x40
[   21.339879]        linux_sparc_syscall+0x34/0x44
[   21.339886] 
               other info that might help us debug this:

[   21.339897]  Possible unsafe locking scenario:

[   21.339906]        CPU0                    CPU1
[   21.339913]        ----                    ----
[   21.339920]   lock(&net->nft.commit_mutex);
[   21.339929]                                lock(&table[i].mutex);
[   21.339940]                                lock(&net->nft.commit_mutex);
[   21.339950]   lock(&table[i].mutex);
[   21.339958] 
                *** DEADLOCK ***

[   21.339969] 1 lock held by iptables-restor/921:
[   21.339976]  #0: 0000000000e1ee20 (&net->nft.commit_mutex){+.+.}, at: nf_tables_valid_genid+0x10/0x60 [nf_tables]
[   21.340000] 
               stack backtrace:
[   21.340010] CPU: 9 PID: 921 Comm: iptables-restor Not tainted 5.3.0-12676-gda05b5ea12c1-dirty #1245
[   21.340022] Call Trace:
[   21.340032]  [00000000004cec5c] print_circular_bug.isra.0+0x1bc/0x1e0
[   21.340042]  [00000000004cee98] check_noncircular+0x218/0x240
[   21.340052]  [00000000004d37b0] __lock_acquire+0x1af0/0x2500
[   21.340062]  [00000000004d4b44] lock_acquire+0x1a4/0x1c0
[   21.340071]  [0000000000b33c6c] __mutex_lock+0xac/0x980
[   21.340080]  [0000000000b3455c] mutex_lock_nested+0x1c/0x40
[   21.340092]  [0000000010658024] nfnl_lock+0x24/0x40 [nfnetlink]
[   21.340105]  [00000000106652ac] ip_set_nfnl_get_byindex+0x18c/0x280 [ip_set]
[   21.340115]  [00000000106ca5b4] set_match_v1_checkentry+0x14/0xc0 [xt_set]
[   21.340128]  [000000001032c89c] xt_check_match+0x23c/0x280 [x_tables]
[   21.340140]  [00000000106b8c40] __nft_match_init+0x160/0x180 [nft_compat]
[   21.340150]  [00000000106b8cf8] nft_match_init+0x18/0x40 [nft_compat]
[   21.340165]  [0000000010695d6c] nf_tables_newrule+0x50c/0x780 [nf_tables]
[   21.340176]  [0000000010658890] nfnetlink_rcv_batch+0x3d0/0x620 [nfnetlink]
[   21.340186]  [0000000010658bf0] nfnetlink_rcv+0x110/0x140 [nfnetlink]
[   21.340196]  [0000000000a2d288] netlink_unicast+0x128/0x200
