[    0.000017] PROMLIB: Sun IEEE Boot Prom 'OBP 4.38.12 2018/03/28 14:54'
[    0.000030] PROMLIB: Root node compatible: sun4v
[    0.000080] Linux version 5.4.0-10271-g596cf45cbf6e (mator@ttip.nvglabs.local) (gcc version 9.2.1 20191130 (Debian 9.2.1-21)) #1311 SMP Mon Dec 2 11:44:00 MSK 2019
[    0.000404] printk: bootconsole [earlyprom0] enabled
[    0.000455] ARCH: SUN4V
[    0.000506] Ethernet address: 00:14:4f:fa:06:f2
[    0.000559] MM: PAGE_OFFSET is 0xfff8000000000000 (max_phys_bits == 47)
[    0.000623] MM: VMALLOC [0x0000000100000000 --> 0x0006000000000000]
[    0.000685] MM: VMEMMAP [0x0006000000000000 --> 0x000c000000000000]
[    0.012158] Kernel: Using 5 locked TLB entries for main kernel image.
[    0.012227] Remapping the kernel... 
[    0.012254] done.
[    0.045792] OF stdout device is: /virtual-devices@100/console@1
[    0.045857] PROM: Built device tree with 88003 bytes of memory.
[    0.045919] MDESC: Size is 36960 bytes.
[    0.046034] PLATFORM: banner-name [SPARC T5-2]
[    0.046085] PLATFORM: name [ORCL,SPARC-T5-2]
[    0.046131] PLATFORM: hostid [84fa06f2]
[    0.046173] PLATFORM: serial# [0035260e]
[    0.046216] PLATFORM: stick-frequency [3b9aca00]
[    0.046264] PLATFORM: mac-address [144ffa06f2]
[    0.046311] PLATFORM: watchdog-resolution [1000 ms]
[    0.046363] PLATFORM: watchdog-max-timeout [31536000000 ms]
[    0.046419] PLATFORM: max-cpus [1024]
[    0.046513] Top of RAM: 0x24af938000, Total RAM: 0x87f354000
[    0.046574] Memory hole size: 115461MB
[    0.051229] Allocated 40960 bytes for kernel page tables.
[    0.051316] Zone ranges:
[    0.051357]   Normal   [mem 0x0000000030400000-0x00000024af937fff]
[    0.051422] Movable zone start for each node
[    0.051469] Early memory node ranges
[    0.051510]   node   0: [mem 0x0000000030400000-0x000000006fe7ffff]
[    0.051574]   node   0: [mem 0x000000006ff00000-0x000000006ff25fff]
[    0.051636]   node   0: [mem 0x0000000070000000-0x000000042fffffff]
[    0.051699]   node   0: [mem 0x0000002030000000-0x00000024af87ffff]
[    0.051761]   node   0: [mem 0x00000024af900000-0x00000024af925fff]
[    0.051823]   node   0: [mem 0x00000024af930000-0x00000024af937fff]
[    0.059208] Zeroed struct page in unavailable ranges: 230130 pages
[    0.059216] Initmem setup node 0 [mem 0x0000000030400000-0x00000024af937fff]
[    0.059377] On node 0 totalpages: 4454826
[    0.059387]   Normal zone: 39154 pages used for memmap
[    0.059392]   Normal zone: 0 pages reserved
[    0.059398]   Normal zone: 4454826 pages, LIFO batch:31
[    0.070221] Booting Linux...
[    0.070306] CPU CAPS: [flush,stbar,swap,muldiv,v9,blkinit,n2,mul32]
[    0.070388] CPU CAPS: [div32,v8plus,popc,vis,vis2,ASIBlkInit,fmaf,vis3]
[    0.070467] CPU CAPS: [hpc,ima,pause,cbcond,aes,des,kasumi,camellia]
[    0.070544] CPU CAPS: [md5,sha1,sha256,sha512,mpmul,montmul,montsqr,crc32c]
[    0.100452] percpu: Embedded 27 pages/cpu s182024 r8192 d30968 u262144
[    0.100681] pcpu-alloc: s182024 r8192 d30968 u262144 alloc=1*4194304
[    0.100688] pcpu-alloc: [0] 000 001 002 003 004 005 006 007 008 009 010 011 012 013 014 015 
[    0.100715] pcpu-alloc: [0] 016 017 018 019 020 021 022 023 024 025 026 027 028 029 030 031 
[    0.100743] pcpu-alloc: [0] 032 033 034 035 036 037 038 039 040 041 042 043 044 045 046 047 
[    0.100770] pcpu-alloc: [0] 048 049 050 051 052 053 054 055 056 057 058 059 060 061 062 063 
[    0.100798] pcpu-alloc: [0] 064 065 066 067 068 069 070 071 072 073 074 075 076 077 078 079 
[    0.100825] pcpu-alloc: [0] 080 081 082 083 084 085 086 087 088 089 090 091 092 093 094 095 
[    0.100853] pcpu-alloc: [0] 096 097 098 099 100 101 102 103 104 105 106 107 108 109 110 111 
[    0.100880] pcpu-alloc: [0] 112 113 114 115 116 117 118 119 120 121 122 123 124 125 126 127 
[    0.101402] SUN4V: Mondo queue sizes [cpu(131072) dev(16384) r(8192) nr(256)]
[    0.101770] Built 1 zonelists, mobility grouping on.  Total pages: 4415672
[    0.101857] Kernel command line: BOOT_IMAGE=/vmlinux-5.4.0-10271-g596cf45cbf6e root=/dev/vdiska2 ro zswap.enabled=1
[    0.104220] printk: log_buf_len individual max cpu contribution: 4096 bytes
[    0.104290] printk: log_buf_len total cpu_extra contributions: 520192 bytes
[    0.104357] printk: log_buf_len min size: 131072 bytes
[    0.104628] printk: log_buf_len: 1048576 bytes
[    0.104679] printk: early log buf free: 126640(96%)
[    0.110996] Dentry cache hash table entries: 8388608 (order: 13, 67108864 bytes, linear)
[    0.114231] Inode-cache hash table entries: 4194304 (order: 12, 33554432 bytes, linear)
[    0.114306] Sorting __ex_table...
[    0.114544] mem auto-init: stack:off, heap alloc:off, heap free:off
[    0.172261] Memory: 1305232K/35638608K available (7547K kernel code, 964K rwdata, 2208K rodata, 712K init, 6740K bss, 504448K reserved, 0K cma-reserved)
[    0.172938] SLUB: HWalign=32, Order=0-3, MinObjects=0, CPUs=128, Nodes=1
[    0.173238] ftrace: allocating 21353 entries in 42 pages
[    0.181374] ftrace: allocated 42 pages with 3 groups
[    0.184178] Running RCU self tests
[    0.184224] rcu: Hierarchical RCU implementation.
[    0.184272] rcu: 	RCU event tracing is enabled.
[    0.184320] rcu: 	RCU lockdep checking is enabled.
[    0.184371] 	Tasks RCU enabled.
[    0.184409] rcu: RCU calculated value of scheduler-enlistment delay is 10 jiffies.
[    0.188599] NR_IRQS: 2048, nr_irqs: 2048, preallocated irqs: 1
[    0.188677] SUN4V: Using IRQ API major 3, cookie only virqs enabled
[    0.191117] clocksource: stick: mask: 0xffffffffffffffff max_cycles: 0x1cd42e4dffb, max_idle_ns: 881590591483 ns
[    0.191248] clocksource: mult[800000] shift[23]
[    0.191297] clockevent: mult[80000000] shift[31]
[    0.191827] Console: colour dummy device 80x25
[    0.191889] printk: console [tty0] enabled
[    0.191963] printk: bootconsole [earlyprom0] disabled
[    0.192047] Lock dependency validator: Copyright (c) 2006 Red Hat, Inc., Ingo Molnar
[    0.192096] ... MAX_LOCKDEP_SUBCLASSES:  8
[    0.192125] ... MAX_LOCK_DEPTH:          48
[    0.192155] ... MAX_LOCKDEP_KEYS:        8192
[    0.192186] ... CLASSHASH_SIZE:          4096
[    0.192216] ... MAX_LOCKDEP_ENTRIES:     16384
[    0.192247] ... MAX_LOCKDEP_CHAINS:      32768
[    0.192278] ... CHAINHASH_SIZE:          16384
[    0.192309]  memory used by lock dependency info: 3855 kB
[    0.192345]  memory used for stack traces: 2112 kB
[    0.192377]  per task-struct memory footprint: 1920 bytes
[    0.341517] Calibrating delay using timer specific routine.. 2003.81 BogoMIPS (lpj=10019065)
[    0.341573] pid_max: default: 131072 minimum: 1024
[    0.341837] LSM: Security Framework initializing
[    0.342080] AppArmor: AppArmor initialized
[    0.342346] Mount-cache hash table entries: 131072 (order: 7, 1048576 bytes, linear)
[    0.342511] Mountpoint-cache hash table entries: 131072 (order: 7, 1048576 bytes, linear)
[    0.342639] *** VALIDATE tmpfs ***
[    0.343498] *** VALIDATE proc ***
[    0.343993] *** VALIDATE cgroup1 ***
[    0.344025] *** VALIDATE cgroup2 ***
[    0.346093] rcu: Hierarchical SRCU implementation.
[    0.354006] smp: Bringing up secondary CPUs ...
[    0.397102] smp: Brought up 1 node, 32 CPUs
[    0.587934] node 0 initialised, 4228616 pages in 190ms
[    0.589281] devtmpfs: initialized
[    0.593874] Performance events: 
[    0.593917] Testing NMI watchdog ... 
[    0.793987] OK.
[    0.794091] Supported PMU type is 'niagara5'
[    0.794277] random: get_random_u32 called from bucket_table_alloc.isra.0+0x188/0x1c0 with crng_init=0
[    0.794903] ldc.c:v1.1 (July 22, 2008)
[    0.797203] clocksource: jiffies: mask: 0xffffffff max_cycles: 0xffffffff, max_idle_ns: 19112604462750000 ns
[    0.797292] futex hash table entries: 32768 (order: 9, 4194304 bytes, linear)
[    0.802290] NET: Registered protocol family 16
[    0.810588] VIO: Adding device channel-devices (tx_ino = ffffffffffffffff, rx_ino = ffffffffffffffff)
[    0.810794] VIO: Adding device vnet-port-0-0 (tx_ino = 0, rx_ino = 1)
[    0.810992] VIO: Adding device vnet-port-0-1 (tx_ino = 2, rx_ino = 3)
[    0.811157] VIO: Adding device vnet-port-0-2 (tx_ino = 4, rx_ino = 5)
[    0.811327] VIO: Adding device vnet-port-0-4 (tx_ino = 8, rx_ino = 9)
[    0.811491] VIO: Adding device vnet-port-0-5 (tx_ino = a, rx_ino = b)
[    0.811654] VIO: Adding device vnet-port-0-6 (tx_ino = c, rx_ino = d)
[    0.811816] VIO: Adding device vdc-port-3-0 (tx_ino = e, rx_ino = f)
[    0.811985] VIO: Adding device vdc-port-2-0 (tx_ino = 10, rx_ino = 11)
[    0.812148] VIO: Adding device vdc-port-1-0 (tx_ino = 12, rx_ino = 13)
[    0.812311] VIO: Adding device vdc-port-0-0 (tx_ino = 14, rx_ino = 15)
[    0.812479] VIO: Adding device vdc-port-4-0 (tx_ino = 16, rx_ino = 17)
[    0.812643] VIO: Adding device vlds-port-0-0 (tx_ino = 18, rx_ino = 19)
[    0.812809] VIO: Adding device domain-services-port-0 (tx_ino = 18, rx_ino = 19)
[    0.813084] audit: initializing netlink subsys (disabled)
[    0.813340] audit: type=2000 audit(0.420:1): state=initialized audit_enabled=0 res=1
[    0.837568] HugeTLB registered 64.0 KiB page size, pre-allocated 0 pages
[    0.837615] HugeTLB registered 8.00 MiB page size, pre-allocated 0 pages
[    0.837660] HugeTLB registered 256 MiB page size, pre-allocated 0 pages
[    0.837705] HugeTLB registered 2.00 GiB page size, pre-allocated 0 pages
[    0.839287] alg: extra crypto tests enabled.  This is intended for developer use only.
[    0.864580] cryptd: max_cpu_qlen set to 1000
[    0.963005] NetLabel: Initializing
[    0.963044] NetLabel:  domain hash size = 128
[    0.963076] NetLabel:  protocols = UNLABELED CIPSOv4 CALIPSO
[    0.963208] NetLabel:  unlabeled traffic allowed by default
[    0.964161] SUN4V: Reboot data supported (maj=1,min=0).
[    0.964563] ds.c:v1.0 (Jul 11, 2007)
[    0.964903] ds-0: ds_conn_reset() from send_events.isra.0
[    0.966367] clocksource: Switched to clocksource stick
[    1.162405] *** VALIDATE bpf ***
[    1.163651] VFS: Disk quotas dquot_6.6.0
[    1.163780] VFS: Dquot-cache hash table entries: 1024 (order 0, 8192 bytes)
[    1.163993] *** VALIDATE ramfs ***
[    1.164042] *** VALIDATE hugetlbfs ***
[    1.165517] AppArmor: AppArmor Filesystem Enabled
[    1.178822] NET: Registered protocol family 2
[    1.180451] tcp_listen_portaddr_hash hash table entries: 32768 (order: 8, 2359296 bytes, linear)
[    1.183450] TCP established hash table entries: 524288 (order: 9, 4194304 bytes, linear)
[    1.185433] TCP bind hash table entries: 65536 (order: 9, 4194304 bytes, linear)
[    1.191024] TCP: Hash tables configured (established 524288 bind 65536)
[    1.193420] UDP hash table entries: 32768 (order: 9, 5242880 bytes, linear)
[    1.199937] UDP-Lite hash table entries: 32768 (order: 9, 5242880 bytes, linear)
[    1.208004] NET: Registered protocol family 1
[    1.208066] NET: Registered protocol family 44
[    1.208583] Trying to unpack rootfs image as initramfs...
[    1.489961] Freeing initrd memory: 10520K
[    1.490999] aes_sparc64: Using sparc64 aes opcodes optimized AES implementation
[    1.752090] des_sparc64: Using sparc64 des opcodes optimized DES implementation
[    2.239449] camellia_sparc64: Using sparc64 camellia opcodes optimized CAMELLIA implementation
[    2.420675] workingset: timestamp_bits=46 max_order=23 bucket_order=0
[    2.440947] SGI XFS with ACLs, security attributes, debug enabled
[    2.460228] Block layer SCSI generic (bsg) driver version 0.4 loaded (major 252)
[    2.460987] io scheduler mq-deadline registered
[    2.463653] f029b788: ttyHV0 at I/O 0x0 (irq = 1, base_baud = 115200) is a SUN4V HCONS
[    2.470556] printk: console [ttyHV0] enabled
[    2.473972] sunvdc.c:v1.2 (November 24, 2014)
[    2.475527] sunvdc: Virtual CDROM vdiskd
[    2.475570] sunvdc: vdiskd: 403160 sectors (196 MB) protocol 1.2
[    2.477290]  vdiskd: vdiskd1 vdiskd2 vdiskd3 vdiskd4 vdiskd5 vdiskd6 vdiskd7
[    2.497165] sunvdc: Virtual Hard disk vdiskc
[    2.497205] sunvdc: vdiskc: 104857600 sectors (51200 MB) protocol 1.2
[    2.516154] sunvdc: Virtual Hard disk vdiskb
[    2.516195] sunvdc: vdiskb: 62914560 sectors (30720 MB) protocol 1.2
[    2.517406]  vdiskb: vdiskb1
[    2.535551] sunvdc: Virtual Hard disk vdiska
[    2.535591] sunvdc: vdiska: 31457280 sectors (15360 MB) protocol 1.2
[    2.536959]  vdiska: vdiska1 vdiska2 vdiska3 vdiska4
[    2.556004] sunvdc: Virtual Hard disk vdiske
[    2.556044] sunvdc: vdiske: 20971520 sectors (10240 MB) protocol 1.2
[    2.558160]  vdiske: vdiske1 vdiske2 vdiske3
[    2.575884] sunvnet: sunvnet 2.0 (February 3, 2017)
[    2.578354] vnet_port vnet-port-0-0 eth0: Sun LDOM vnet 00:14:4f:f8:12:a3
[    2.578571] sunvnet: eth0: PORT ( remote-mac 00:14:4f:fa:f3:f0 switch-port )
[    2.579152] sunvnet: eth0: PORT ( remote-mac 00:14:4f:f8:e5:f3 )
[    2.579725] sunvnet: eth0: PORT ( remote-mac 00:14:4f:f9:b4:97 )
[    2.580307] sunvnet: eth0: PORT ( remote-mac 00:14:4f:f8:3f:1e )
[    2.580890] sunvnet: eth0: PORT ( remote-mac 00:14:4f:f8:fe:47 )
[    2.581474] sunvnet: eth0: PORT ( remote-mac 00:14:4f:f9:8b:83 )
[    2.582676] rtc-sun4v rtc-sun4v: registered as rtc0
[    2.583195] sun4v_wdt: initialized (timeout=60s, nowayout=0)
[    2.583564] device-mapper: uevent: version 1.0.3
[    2.584511] device-mapper: ioctl: 4.41.0-ioctl (2019-09-16) initialised: dm-devel@redhat.com
[    2.585499] NET: Registered protocol family 17
[    2.586059] registered taskstats version 1
[    2.593409] zswap: default zpool zbud not available
[    2.593461] zswap: pool creation failed
[    2.792222] Key type big_key registered
[    2.792292] AppArmor: AppArmor sha1 policy hashing enabled
[    2.793069] rtc-sun4v rtc-sun4v: setting system clock to 2019-12-02T12:51:28 UTC (1575291088)
[    2.797425] This architecture does not have kernel memory protection.
[    2.797474] Run /init as init process
[    3.291085] crc32c_sparc64: Using sparc64 crc32c opcode optimized CRC32C implementation
[    3.358938] random: fast init done
[    3.836321] raid6: int64x8  gen()  2174 MB/s
[    4.006316] raid6: int64x8  xor()  1570 MB/s
[    4.176331] raid6: int64x4  gen()  3473 MB/s
[    4.346320] raid6: int64x4  xor()  2004 MB/s
[    4.516325] raid6: int64x2  gen()  2869 MB/s
[    4.686310] raid6: int64x2  xor()  1995 MB/s
[    4.856344] raid6: int64x1  gen()  2853 MB/s
[    5.026319] raid6: int64x1  xor()  1623 MB/s
[    5.026369] raid6: using algorithm int64x4 gen() 3473 MB/s
[    5.026409] raid6: .... xor() 2004 MB/s, rmw enabled
[    5.026446] raid6: using intx1 recovery algorithm
[    5.027283] async_tx: api initialized (async)
[    5.027834] xor: automatically using best checksumming function   Niagara   
[    5.282851] EXT4-fs (vdiska2): mounted filesystem with ordered data mode. Opts: (null)
[    7.155764] systemd[1]: Inserted module 'autofs4'
[    7.169008] NET: Registered protocol family 10
[    7.175058] Segment Routing with IPv6
[    7.234056] systemd[1]: systemd 243-9 running in system mode. (+PAM +AUDIT +SELINUX +IMA +APPARMOR +SMACK +SYSVINIT +UTMP +LIBCRYPTSETUP +GCRYPT +GNUTLS +ACL +XZ +LZ4 -SECCOMP +BLKID +ELFUTILS +KMOD +IDN2 -IDN +PCRE2 default-hierarchy=hybrid)
[    7.234654] systemd[1]: Detected architecture sparc64.
[    7.317443] systemd[1]: Set hostname to <ttip.nvglabs.local>.
[    7.354959] systemd[1]: Couldn't move remaining userspace processes, ignoring: Input/output error
[    8.249423] random: lvmconfig: uninitialized urandom read (4 bytes read)
[    9.285725] systemd[1]: /lib/systemd/system/dbus.socket:5: ListenStream= references a path below legacy directory /var/run/, updating /var/run/dbus/system_bus_socket → /run/dbus/system_bus_socket; please update the unit file accordingly.
[    9.596039] systemd[1]: /lib/systemd/system/pcscd.socket:5: ListenStream= references a path below legacy directory /var/run/, updating /var/run/pcscd/pcscd.comm → /run/pcscd/pcscd.comm; please update the unit file accordingly.
[    9.604267] random: systemd: uninitialized urandom read (16 bytes read)
[    9.614865] systemd[1]: Created slice system-getty.slice.
[    9.615555] random: systemd: uninitialized urandom read (16 bytes read)
[    9.619009] systemd[1]: Created slice system-openvpn\x2dclient.slice.
[    9.619438] random: systemd: uninitialized urandom read (16 bytes read)
[    9.622839] systemd[1]: Created slice system-postfix.slice.
[    9.627984] systemd[1]: Created slice system-systemd\x2dfsck.slice.
[    9.917539] EXT4-fs (vdiska2): re-mounted. Opts: errors=remount-ro
[   10.095654] systemd-journald[561]: Received client request to flush runtime journal.
[   11.267248] sha1_sparc64: Using sparc64 sha1 opcode optimized SHA-1 implementation
[   11.373337] n2rng v0.3 (Jan 7, 2017)
[   11.373427] n2rng f029b104: Registered RNG HVAPI major 2 minor 0
[   11.373494] n2rng f029b104: Found multi-unit-capable RNG, units: 2
[   11.374415] n2rng f029b104: RNG ready
[   11.465814] sha256_sparc64: Using sparc64 sha256 opcode optimized SHA-256/SHA-224 implementation
[   11.495562] pktcdvd: setup of pktcdvd device failed
[   11.544149] pktcdvd: setup of pktcdvd device failed
[   11.547916] pktcdvd: setup of pktcdvd device failed
[   11.552277] pktcdvd: setup of pktcdvd device failed
[   11.555753] pktcdvd: setup of pktcdvd device failed
[   11.559407] pktcdvd: setup of pktcdvd device failed
[   11.562693] pktcdvd: setup of pktcdvd device failed
[   11.566181] pktcdvd: setup of pktcdvd device failed
[   11.648053] sha512_sparc64: Using sparc64 sha512 opcode optimized SHA-512/SHA-384 implementation
[   11.658889] md5_sparc64: Using sparc64 md5 opcode optimized MD5 implementation
[   12.186745] XFS (dm-0): Mounting V5 Filesystem
[   12.447386] XFS (dm-0): Ending clean mount
[   12.468797] xfs filesystem being mounted at /1 supports timestamps until 2038 (0x7fffffff)
[   14.477004] random: crng init done
[   14.477153] random: 6 urandom warning(s) missed due to ratelimiting
[   14.666390] Adding 787176k swap on /dev/vdiska4.  Priority:-2 extents:1 across:787176k FS
[   14.907832] EXT4-fs (vdiska1): mounting ext3 file system using the ext4 subsystem
[   14.921386] EXT4-fs (vdiska1): mounted filesystem with ordered data mode. Opts: (null)
[   14.921571] ext3 filesystem being mounted at /boot supports timestamps until 2038 (0x7fffffff)
[   15.890879] Kernel unaligned access at TPC[87f498] aa_dfa_unpack+0x38/0x5c0
[   15.891029] Kernel unaligned access at TPC[87f4b8] aa_dfa_unpack+0x58/0x5c0
[   15.891100] Kernel unaligned access at TPC[87f580] aa_dfa_unpack+0x120/0x5c0
[   15.891168] Kernel unaligned access at TPC[87f660] aa_dfa_unpack+0x200/0x5c0
[   15.891237] Kernel unaligned access at TPC[87f674] aa_dfa_unpack+0x214/0x5c0
[   18.940906] tun: Universal TUN/TAP device driver, 1.6

[   19.456907] ======================================================
[   19.456915] WARNING: possible circular locking dependency detected
[   19.456925] 5.4.0-10271-g596cf45cbf6e #1311 Not tainted
[   19.456932] ------------------------------------------------------
[   19.456939] iptables-restor/1023 is trying to acquire lock:
[   19.456948] 00000000104ac120 (&table[i].mutex){+.+.}, at: nfnl_lock+0x24/0x40 [nfnetlink]
[   19.456971] 
               but task is already holding lock:
[   19.456979] 0000000000e4f2e0 (&net->nft.commit_mutex){+.+.}, at: nf_tables_valid_genid+0x10/0x60 [nf_tables]
[   19.457003] 
               which lock already depends on the new lock.

[   19.457012] 
               the existing dependency chain (in reverse order) is:
[   19.457019] 
               -> #1 (&net->nft.commit_mutex){+.+.}:
[   19.457036]        __mutex_lock+0xac/0x9a0
[   19.457043]        mutex_lock_nested+0x1c/0x40
[   19.457053]        nf_tables_valid_genid+0x10/0x60 [nf_tables]
[   19.457062]        nfnetlink_rcv_batch+0x228/0x620 [nfnetlink]
[   19.457069]        nfnetlink_rcv+0x110/0x140 [nfnetlink]
[   19.457080]        netlink_unicast+0x150/0x260
[   19.457087]        netlink_sendmsg+0x3b8/0x400
[   19.457097]        sock_sendmsg+0x34/0x80
[   19.457103]        ____sys_sendmsg+0x1e4/0x200
[   19.457110]        ___sys_sendmsg+0x68/0xa0
[   19.457117]        __sys_sendmsg+0x48/0x80
[   19.457123]        sys_sendmsg+0x18/0x40
[   19.457134]        linux_sparc_syscall+0x34/0x44
[   19.457140] 
               -> #0 (&table[i].mutex){+.+.}:
[   19.457153]        __lock_acquire+0x1b18/0x2520
[   19.457159]        lock_acquire+0x1ac/0x1e0
[   19.457166]        __mutex_lock+0xac/0x9a0
[   19.457173]        mutex_lock_nested+0x1c/0x40
[   19.457180]        nfnl_lock+0x24/0x40 [nfnetlink]
[   19.457192]        ip_set_nfnl_get_byindex+0x190/0x280 [ip_set]
[   19.457202]        set_match_v1_checkentry+0x14/0xc0 [xt_set]
[   19.457215]        xt_check_match+0x240/0x280 [x_tables]
[   19.457225]        __nft_match_init+0x174/0x1a0 [nft_compat]
[   19.457232]        nft_match_init+0x18/0x40 [nft_compat]
[   19.457243]        nf_tables_newrule+0x510/0x7a0 [nf_tables]
[   19.457250]        nfnetlink_rcv_batch+0x3d8/0x620 [nfnetlink]
[   19.457258]        nfnetlink_rcv+0x110/0x140 [nfnetlink]
[   19.457265]        netlink_unicast+0x150/0x260
[   19.457272]        netlink_sendmsg+0x3b8/0x400
[   19.457278]        sock_sendmsg+0x34/0x80
[   19.457285]        ____sys_sendmsg+0x1e4/0x200
[   19.457291]        ___sys_sendmsg+0x68/0xa0
[   19.457298]        __sys_sendmsg+0x48/0x80
[   19.457304]        sys_sendmsg+0x18/0x40
[   19.457311]        linux_sparc_syscall+0x34/0x44
[   19.457317] 
               other info that might help us debug this:

[   19.457325]  Possible unsafe locking scenario:

[   19.457331]        CPU0                    CPU1
[   19.457337]        ----                    ----
[   19.457342]   lock(&net->nft.commit_mutex);
[   19.457349]                                lock(&table[i].mutex);
[   19.457356]                                lock(&net->nft.commit_mutex);
[   19.457364]   lock(&table[i].mutex);
[   19.457370] 
                *** DEADLOCK ***

[   19.457379] 1 lock held by iptables-restor/1023:
[   19.457384]  #0: 0000000000e4f2e0 (&net->nft.commit_mutex){+.+.}, at: nf_tables_valid_genid+0x10/0x60 [nf_tables]
[   19.457401] 
               stack backtrace:
[   19.457409] CPU: 27 PID: 1023 Comm: iptables-restor Not tainted 5.4.0-10271-g596cf45cbf6e #1311
[   19.457418] Call Trace:
[   19.457424]  [00000000004d52bc] print_circular_bug.isra.0+0x1bc/0x1e0
[   19.457432]  [00000000004d5500] check_noncircular+0x220/0x240
[   19.457439]  [00000000004d9a78] __lock_acquire+0x1b18/0x2520
[   19.457446]  [00000000004dae0c] lock_acquire+0x1ac/0x1e0
[   19.457453]  [0000000000b5be0c] __mutex_lock+0xac/0x9a0
[   19.457460]  [0000000000b5c71c] mutex_lock_nested+0x1c/0x40
[   19.457468]  [00000000104aa024] nfnl_lock+0x24/0x40 [nfnetlink]
[   19.457477]  [00000000104b71d0] ip_set_nfnl_get_byindex+0x190/0x280 [ip_set]
[   19.457485]  [0000000010530694] set_match_v1_checkentry+0x14/0xc0 [xt_set]
[   19.457495]  [00000000103dc8a0] xt_check_match+0x240/0x280 [x_tables]
[   19.457503]  [000000001050ac54] __nft_match_init+0x174/0x1a0 [nft_compat]
[   19.457511]  [000000001050ad18] nft_match_init+0x18/0x40 [nft_compat]
[   19.457522]  [00000000104e8190] nf_tables_newrule+0x510/0x7a0 [nf_tables]
[   19.457530]  [00000000104aa898] nfnetlink_rcv_batch+0x3d8/0x620 [nfnetlink]
[   19.457538]  [00000000104aabf0] nfnetlink_rcv+0x110/0x140 [nfnetlink]
[   19.457546]  [0000000000a50b50] netlink_unicast+0x150/0x260
