[    0.000018] PROMLIB: Sun IEEE Boot Prom 'OBP 4.38.12 2018/03/28 14:54'
[    0.000031] PROMLIB: Root node compatible: sun4v
[    0.000077] Linux version 5.1.0-10874-g5ac94332248e (mator@ttip) (gcc version 8.3.0 (Debian 8.3.0-7)) #971 SMP Wed May 15 10:07:04 MSK 2019
[    0.000382] printk: bootconsole [earlyprom0] enabled
[    0.000435] ARCH: SUN4V
[    0.000486] Ethernet address: 00:14:4f:fa:06:f2
[    0.000539] MM: PAGE_OFFSET is 0xfff8000000000000 (max_phys_bits == 47)
[    0.000604] MM: VMALLOC [0x0000000100000000 --> 0x0006000000000000]
[    0.000666] MM: VMEMMAP [0x0006000000000000 --> 0x000c000000000000]
[    0.011865] Kernel: Using 5 locked TLB entries for main kernel image.
[    0.011934] Remapping the kernel... 
[    0.011958] done.
[    0.038894] OF stdout device is: /virtual-devices@100/console@1
[    0.038958] PROM: Built device tree with 75126 bytes of memory.
[    0.039019] MDESC: Size is 31056 bytes.
[    0.039125] PLATFORM: banner-name [SPARC T5-2]
[    0.039175] PLATFORM: name [ORCL,SPARC-T5-2]
[    0.039222] PLATFORM: hostid [84fa06f2]
[    0.039265] PLATFORM: serial# [0035260e]
[    0.039308] PLATFORM: stick-frequency [3b9aca00]
[    0.039357] PLATFORM: mac-address [144ffa06f2]
[    0.039404] PLATFORM: watchdog-resolution [1000 ms]
[    0.039455] PLATFORM: watchdog-max-timeout [31536000000 ms]
[    0.039511] PLATFORM: max-cpus [1024]
[    0.039602] Top of RAM: 0x24af948000, Total RAM: 0x87f386000
[    0.039664] Memory hole size: 115461MB
[    0.043820] Allocated 40960 bytes for kernel page tables.
[    0.043898] Zone ranges:
[    0.043937]   Normal   [mem 0x0000000030400000-0x00000024af947fff]
[    0.044001] Movable zone start for each node
[    0.044046] Early memory node ranges
[    0.044087]   node   0: [mem 0x0000000030400000-0x000000006febffff]
[    0.044148]   node   0: [mem 0x000000006ff40000-0x000000006ff47fff]
[    0.044209]   node   0: [mem 0x0000000070000000-0x000000042fffffff]
[    0.044271]   node   0: [mem 0x0000002030000000-0x00000024af8b5fff]
[    0.044333]   node   0: [mem 0x00000024af940000-0x00000024af947fff]
[    0.051715] Zeroed struct page in unavailable ranges: 230113 pages
[    0.051723] Initmem setup node 0 [mem 0x0000000030400000-0x00000024af947fff]
[    0.051883] On node 0 totalpages: 4454851
[    0.051893]   Normal zone: 39154 pages used for memmap
[    0.051898]   Normal zone: 0 pages reserved
[    0.051903]   Normal zone: 4454851 pages, LIFO batch:31
[    0.249377] Booting Linux...
[    0.249463] CPU CAPS: [flush,stbar,swap,muldiv,v9,blkinit,n2,mul32]
[    0.249546] CPU CAPS: [div32,v8plus,popc,vis,vis2,ASIBlkInit,fmaf,vis3]
[    0.249626] CPU CAPS: [hpc,ima,pause,cbcond,aes,des,kasumi,camellia]
[    0.249699] CPU CAPS: [md5,sha1,sha256,sha512,mpmul,montmul,montsqr,crc32c]
[    0.304900] percpu: Embedded 27 pages/cpu s179656 r8192 d33336 u262144
[    0.305119] pcpu-alloc: s179656 r8192 d33336 u262144 alloc=1*4194304
[    0.305126] pcpu-alloc: [0] 000 001 002 003 004 005 006 007 008 009 010 011 012 013 014 015 
[    0.305152] pcpu-alloc: [0] 016 017 018 019 020 021 022 023 024 025 026 027 028 029 030 031 
[    0.305179] pcpu-alloc: [0] 032 033 034 035 036 037 038 039 040 041 042 043 044 045 046 047 
[    0.305205] pcpu-alloc: [0] 048 049 050 051 052 053 054 055 056 057 058 059 060 061 062 063 
[    0.305231] pcpu-alloc: [0] 064 065 066 067 068 069 070 071 072 073 074 075 076 077 078 079 
[    0.305257] pcpu-alloc: [0] 080 081 082 083 084 085 086 087 088 089 090 091 092 093 094 095 
[    0.305284] pcpu-alloc: [0] 096 097 098 099 100 101 102 103 104 105 106 107 108 109 110 111 
[    0.305311] pcpu-alloc: [0] 112 113 114 115 116 117 118 119 120 121 122 123 124 125 126 127 
[    0.305337] pcpu-alloc: [0] 128 129 130 131 132 133 134 135 136 137 138 139 140 141 142 143 
[    0.305363] pcpu-alloc: [0] 144 145 146 147 148 149 150 151 152 153 154 155 156 157 158 159 
[    0.305390] pcpu-alloc: [0] 160 161 162 163 164 165 166 167 168 169 170 171 172 173 174 175 
[    0.305416] pcpu-alloc: [0] 176 177 178 179 180 181 182 183 184 185 186 187 188 189 190 191 
[    0.305443] pcpu-alloc: [0] 192 193 194 195 196 197 198 199 200 201 202 203 204 205 206 207 
[    0.305469] pcpu-alloc: [0] 208 209 210 211 212 213 214 215 216 217 218 219 220 221 222 223 
[    0.305496] pcpu-alloc: [0] 224 225 226 227 228 229 230 231 232 233 234 235 236 237 238 239 
[    0.305522] pcpu-alloc: [0] 240 241 242 243 244 245 246 247 248 249 250 251 252 253 254 255 
[    0.305962] SUN4V: Mondo queue sizes [cpu(131072) dev(16384) r(8192) nr(256)]
[    0.306277] Built 1 zonelists, mobility grouping on.  Total pages: 4415697
[    0.306365] Kernel command line: BOOT_IMAGE=/vmlinuz-5.1.0-10874-g5ac94332248e root=/dev/vdiska2 ro zswap.enabled=1
[    0.307883] printk: log_buf_len individual max cpu contribution: 4096 bytes
[    0.307952] printk: log_buf_len total cpu_extra contributions: 1044480 bytes
[    0.308020] printk: log_buf_len min size: 131072 bytes
[    0.308393] printk: log_buf_len: 2097152 bytes
[    0.308444] printk: early log buf free: 125968(96%)
[    0.314763] Dentry cache hash table entries: 8388608 (order: 13, 67108864 bytes)
[    0.317994] Inode-cache hash table entries: 4194304 (order: 12, 33554432 bytes)
[    0.318064] Sorting __ex_table...
[    0.396446] Memory: 35103640K/35638808K available (6173K kernel code, 837K rwdata, 1840K rodata, 952K init, 6766K bss, 535168K reserved, 0K cma-reserved)
[    0.398161] ftrace: allocating 18734 entries in 37 pages
[    0.406995] kmemleak: Kernel memory leak detector disabled
[    0.411617] Running RCU self tests
[    0.411662] rcu: Hierarchical RCU implementation.
[    0.411713] rcu: 	RCU event tracing is enabled.
[    0.411761] rcu: 	RCU lockdep checking is enabled.
[    0.411811] 	Tasks RCU enabled.
[    0.411849] rcu: RCU calculated value of scheduler-enlistment delay is 11 jiffies.
[    0.417350] NR_IRQS: 2048, nr_irqs: 2048, preallocated irqs: 1
[    0.417432] SUN4V: Using IRQ API major 3, cookie only virqs enabled
[    0.421671] clocksource: stick: mask: 0xffffffffffffffff max_cycles: 0x1cd42e4dffb, max_idle_ns: 881590591483 ns
[    0.421804] clocksource: mult[800000] shift[23]
[    0.421854] clockevent: mult[80000000] shift[31]
[    0.426182] Console: colour dummy device 80x25
[    0.426245] printk: console [tty0] enabled
[    0.426321] printk: bootconsole [earlyprom0] disabled
[    0.426404] Lock dependency validator: Copyright (c) 2006 Red Hat, Inc., Ingo Molnar
[    0.426450] ... MAX_LOCKDEP_SUBCLASSES:  8
[    0.426478] ... MAX_LOCK_DEPTH:          48
[    0.426507] ... MAX_LOCKDEP_KEYS:        8191
[    0.426537] ... CLASSHASH_SIZE:          4096
[    0.426566] ... MAX_LOCKDEP_ENTRIES:     16384
[    0.426596] ... MAX_LOCKDEP_CHAINS:      32768
[    0.426626] ... CHAINHASH_SIZE:          16384
[    0.426656]  memory used by lock dependency info: 3853 kB
[    0.426691]  per task-struct memory footprint: 1920 bytes
[    0.426885] kmemleak: Early log buffer exceeded (4330), please increase DEBUG_KMEMLEAK_EARLY_LOG_SIZE
[    0.572075] Calibrating delay using timer specific routine.. 2003.73 BogoMIPS (lpj=10018697)
[    0.572129] pid_max: default: 262144 minimum: 2048
[    0.573282] LSM: Security Framework initializing
[    0.573561] SELinux:  Initializing.
[    0.574247] *** VALIDATE SELinux ***
[    0.574836] Mount-cache hash table entries: 131072 (order: 7, 1048576 bytes)
[    0.574995] Mountpoint-cache hash table entries: 131072 (order: 7, 1048576 bytes)
[    0.576539] *** VALIDATE proc ***
[    0.577215] *** VALIDATE cgroup1 ***
[    0.577246] *** VALIDATE cgroup2 ***
[    0.580231] rcu: Hierarchical SRCU implementation.
[    0.603721] smp: Bringing up secondary CPUs ...
[    0.666596] smp: Brought up 1 node, 24 CPUs
[    0.674022] devtmpfs: initialized
[    0.680018] Performance events: 
[    0.680051] Testing NMI watchdog ... 
[    0.880146] OK.
[    0.880280] Supported PMU type is 'niagara5'
[    0.880577] random: get_random_u32 called from bucket_table_alloc.isra.4+0x184/0x1c0 with crng_init=0
[    0.881319] ldc.c:v1.1 (July 22, 2008)
[    0.884196] clocksource: jiffies: mask: 0xffffffff max_cycles: 0xffffffff, max_idle_ns: 19112604462750000 ns
[    0.884295] futex hash table entries: 65536 (order: 10, 8388608 bytes)
[    0.893747] NET: Registered protocol family 16
[    0.903920] VIO: Adding device channel-devices (tx_ino = ffffffffffffffff, rx_ino = ffffffffffffffff)
[    0.904172] VIO: Adding device vnet-port-0-0 (tx_ino = 0, rx_ino = 1)
[    0.904419] VIO: Adding device vnet-port-0-1 (tx_ino = 2, rx_ino = 3)
[    0.904630] VIO: Adding device vnet-port-0-2 (tx_ino = 4, rx_ino = 5)
[    0.904845] VIO: Adding device vnet-port-0-3 (tx_ino = 6, rx_ino = 7)
[    0.905062] VIO: Adding device vnet-port-0-4 (tx_ino = 8, rx_ino = 9)
[    0.905269] VIO: Adding device vnet-port-0-5 (tx_ino = 16, rx_ino = 17)
[    0.905478] VIO: Adding device vdc-port-3-0 (tx_ino = a, rx_ino = b)
[    0.905696] VIO: Adding device vdc-port-2-0 (tx_ino = c, rx_ino = d)
[    0.905907] VIO: Adding device vdc-port-1-0 (tx_ino = e, rx_ino = f)
[    0.906121] VIO: Adding device vdc-port-0-0 (tx_ino = 10, rx_ino = 11)
[    0.906329] VIO: Adding device vlds-port-0-0 (tx_ino = 12, rx_ino = 13)
[    0.906546] VIO: Adding device domain-services-port-0 (tx_ino = 12, rx_ino = 13)
[    0.906960] audit: initializing netlink subsys (disabled)
[    0.907313] audit: type=2000 audit(0.480:1): state=initialized audit_enabled=0 res=1
[    0.957206] HugeTLB registered 64.0 KiB page size, pre-allocated 0 pages
[    0.957251] HugeTLB registered 8.00 MiB page size, pre-allocated 0 pages
[    0.957295] HugeTLB registered 256 MiB page size, pre-allocated 0 pages
[    0.957338] HugeTLB registered 2.00 GiB page size, pre-allocated 0 pages
[    1.003341] alg: No test for lzo-rle (lzo-rle-generic)
[    1.003887] alg: No test for lzo-rle (lzo-rle-scomp)
[    1.021461] SUN4V: Reboot data supported (maj=1,min=0).
[    1.021907] ds.c:v1.0 (Jul 11, 2007)
[    1.022322] ds-0: ds_conn_reset() from send_events.isra.3
[    1.023781] clocksource: Switched to clocksource stick
[    1.246587] VFS: Disk quotas dquot_6.6.0
[    1.247073] VFS: Dquot-cache hash table entries: 1024 (order 0, 8192 bytes)
[    1.247695] *** VALIDATE hugetlbfs ***
[    1.269080] NET: Registered protocol family 2
[    1.271834] tcp_listen_portaddr_hash hash table entries: 32768 (order: 8, 2359296 bytes)
[    1.275167] TCP established hash table entries: 524288 (order: 9, 4194304 bytes)
[    1.277185] TCP bind hash table entries: 65536 (order: 9, 4194304 bytes)
[    1.282774] TCP: Hash tables configured (established 524288 bind 65536)
[    1.290876] UDP hash table entries: 32768 (order: 9, 5242880 bytes)
[    1.298329] UDP-Lite hash table entries: 32768 (order: 9, 5242880 bytes)
[    1.313609] NET: Registered protocol family 1
[    1.314586] Trying to unpack rootfs image as initramfs...
[    1.635108] Freeing initrd memory: 10232K
[    1.677607] workingset: timestamp_bits=46 max_order=23 bucket_order=0
[    1.679623] zbud: loaded
[    1.687412] Block layer SCSI generic (bsg) driver version 0.4 loaded (major 252)
[    1.689007] io scheduler mq-deadline registered
[    1.690479] f029b788: ttyS0 at I/O 0x0 (irq = 1, base_baud = 115200) is a SUN4V HCONS
[    1.696210] printk: console [ttyHV0] enabled
[    1.700012] sunvdc.c:v1.2 (November 24, 2014)
[    1.707234] sunvdc: Virtual CDROM vdiskd
[    1.707292] sunvdc: vdiskd: 403160 sectors (196 MB) protocol 1.2
[    1.708728]  vdiskd: vdiskd1 vdiskd2 vdiskd3 vdiskd4 vdiskd5 vdiskd6 vdiskd7
[    1.773539] sunvdc: Virtual Hard disk vdiskc
[    1.773579] sunvdc: vdiskc: 104857600 sectors (51200 MB) protocol 1.2
[    1.832919] sunvdc: Virtual Hard disk vdiskb
[    1.832958] sunvdc: vdiskb: 62914560 sectors (30720 MB) protocol 1.2
[    1.846697]  vdiskb: vdiskb1
[    1.905866] sunvdc: Virtual Hard disk vdiska
[    1.905904] sunvdc: vdiska: 31457280 sectors (15360 MB) protocol 1.2
[    1.906726]  vdiska: vdiska1 vdiska2 vdiska3 vdiska4
[    1.960053] sunvnet: sunvnet 2.0 (February 3, 2017)
[    1.963814] vnet_port vnet-port-0-0 eth0: Sun LDOM vnet 00:14:4f:f8:12:a3
[    1.964366] sunvnet: eth0: PORT ( remote-mac 00:14:4f:fa:f3:f0 switch-port )
[    1.965682] sunvnet: eth0: PORT ( remote-mac 00:14:4f:f8:e5:f3 )
[    1.967023] sunvnet: eth0: PORT ( remote-mac 00:14:4f:f9:b4:97 )
[    1.968337] sunvnet: eth0: PORT ( remote-mac 00:14:4f:f9:8b:83 )
[    1.969629] sunvnet: eth0: PORT ( remote-mac 00:14:4f:f8:3f:1e )
[    1.970937] sunvnet: eth0: PORT ( remote-mac 00:14:4f:f8:fe:47 )
[    1.972049] mousedev: PS/2 mouse device common for all mice
[    1.973264] rtc-sun4v rtc-sun4v: registered as rtc0
[    1.973770] device-mapper: uevent: version 1.0.3
[    1.974900] device-mapper: ioctl: 4.40.0-ioctl (2019-01-18) initialised: dm-devel@redhat.com
[    1.976459] NET: Registered protocol family 17
[    1.977860] registered taskstats version 1
[    1.980834] zswap: loaded using pool lzo/zbud
[    2.026677] Key type big_key registered
[    2.027558] rtc-sun4v rtc-sun4v: setting system clock to 2019-05-15T12:02:56 UTC (1557921776)
[    2.032030] This architecture does not have kernel memory protection.
[    2.032076] Run /init as init process
[    2.980835] crc32c_sparc64: Using sparc64 crc32c opcode optimized CRC32C implementation
[    3.463750] raid6: int64x8  gen()  2144 MB/s
[    3.633747] raid6: int64x8  xor()  1569 MB/s
[    3.803737] raid6: int64x4  gen()  3476 MB/s
[    3.973721] raid6: int64x4  xor()  1987 MB/s
[    4.143735] raid6: int64x2  gen()  2878 MB/s
[    4.313732] raid6: int64x2  xor()  1995 MB/s
[    4.483733] raid6: int64x1  gen()  2817 MB/s
[    4.653727] raid6: int64x1  xor()  1626 MB/s
[    4.653770] raid6: using algorithm int64x4 gen() 3476 MB/s
[    4.653809] raid6: .... xor() 1987 MB/s, rmw enabled
[    4.653845] raid6: using intx1 recovery algorithm
[    4.654885] async_tx: api initialized (async)
[    4.655608] xor: automatically using best checksumming function   Niagara   
[    4.787960] random: fast init done
[    4.898340] EXT4-fs (vdiska2): mounted filesystem with ordered data mode. Opts: (null)
[    7.156387] systemd[1]: Inserted module 'autofs4'
[    7.165685] NET: Registered protocol family 10
[    7.178842] Segment Routing with IPv6
[    7.285391] systemd[1]: systemd 241 running in system mode. (+PAM +AUDIT +SELINUX +IMA +APPARMOR +SMACK +SYSVINIT +UTMP +LIBCRYPTSETUP +GCRYPT +GNUTLS +ACL +XZ +LZ4 -SECCOMP +BLKID +ELFUTILS +KMOD -IDN2 +IDN -PCRE2 default-hierarchy=hybrid)
[    7.285977] systemd[1]: Detected architecture sparc64.
[    7.349814] systemd[1]: Set hostname to <ttip>.
[    7.381019] systemd[1]: Failed to bump fs.file-max, ignoring: Invalid argument
[    8.662673] random: lvmconfig: uninitialized urandom read (4 bytes read)
[    9.160875] systemd[1]: File /lib/systemd/system/systemd-journald.service:12 configures an IP firewall (IPAddressDeny=any), but the local system does not support BPF/cgroup based firewalling.
[    9.161000] systemd[1]: Proceeding WITHOUT firewalling in effect! (This warning is only shown for the first loaded unit using IP firewalling.)
[    9.208525] systemd[1]: /lib/systemd/system/auditd.service:11: PIDFile= references path below legacy directory /var/run/, updating /var/run/auditd.pid → /run/auditd.pid; please update the unit file accordingly.
[    9.600737] systemd[1]: /lib/systemd/system/smbd.service:9: PIDFile= references path below legacy directory /var/run/, updating /var/run/samba/smbd.pid → /run/samba/smbd.pid; please update the unit file accordingly.
[    9.604523] systemd[1]: /lib/systemd/system/nmbd.service:9: PIDFile= references path below legacy directory /var/run/, updating /var/run/samba/nmbd.pid → /run/samba/nmbd.pid; please update the unit file accordingly.
[    9.810781] random: systemd: uninitialized urandom read (16 bytes read)
[    9.817479] random: systemd: uninitialized urandom read (16 bytes read)
[    9.818264] systemd[1]: Started Forward Password Requests to Wall Directory Watch.
[    9.819107] random: systemd: uninitialized urandom read (16 bytes read)
[   10.090391] EXT4-fs (vdiska2): re-mounted. Opts: errors=remount-ro
[   10.414830] systemd-journald[402]: Received request to flush runtime journal from PID 1
[   11.751851] sha1_sparc64: Using sparc64 sha1 opcode optimized SHA-1 implementation
[   11.802750] sha256_sparc64: Using sparc64 sha256 opcode optimized SHA-256/SHA-224 implementation
[   11.832026] n2rng v0.3 (Jan 7, 2017)
[   11.832134] n2rng f029b104: Registered RNG HVAPI major 2 minor 0
[   11.832215] n2rng f029b104: Found multi-unit-capable RNG, units: 2
[   11.833302] n2rng f029b104: RNG ready
[   11.841664] sha512_sparc64: Using sparc64 sha512 opcode optimized SHA-512/SHA-384 implementation
[   11.849209] md5_sparc64: Using sparc64 md5 opcode optimized MD5 implementation
[   11.884866] aes_sparc64: Using sparc64 aes opcodes optimized AES implementation
[   11.992528] des_sparc64: Using sparc64 des opcodes optimized DES implementation
[   12.042263] camellia_sparc64: Using sparc64 camellia opcodes optimized CAMELLIA implementation
[   13.857177] SGI XFS with ACLs, security attributes, debug enabled
[   13.889094] XFS (dm-0): Mounting V5 Filesystem
[   14.061384] XFS (dm-0): Ending clean mount
[   15.075410] Adding 787176k swap on /dev/vdiska4.  Priority:-2 extents:1 across:787176k FS
[   15.372388] EXT4-fs (vdiska1): mounting ext3 file system using the ext4 subsystem
[   15.388667] EXT4-fs (vdiska1): mounted filesystem with ordered data mode. Opts: (null)
[   17.595996] random: crng init done
[   17.596041] random: 6 urandom warning(s) missed due to ratelimiting

[   19.801784] ======================================================
[   19.801791] WARNING: possible circular locking dependency detected
[   19.801801] 5.1.0-10874-g5ac94332248e #971 Not tainted
[   19.801807] ------------------------------------------------------
[   19.801815] iptables-restor/758 is trying to acquire lock:
[   19.801824] 00000000c7cc05cb (&table[i].mutex){+.+.}, at: nfnl_lock+0x24/0x40 [nfnetlink]
[   19.801844] 
               but task is already holding lock:
[   19.801851] 00000000cbbb8e67 (&net->nft.commit_mutex){+.+.}, at: nf_tables_valid_genid+0x18/0x60 [nf_tables]
[   19.801875] 
               which lock already depends on the new lock.

[   19.801884] 
               the existing dependency chain (in reverse order) is:
[   19.801891] 
               -> #1 (&net->nft.commit_mutex){+.+.}:
[   19.801909]        __mutex_lock+0x48/0x920
[   19.801917]        mutex_lock_nested+0x1c/0x40
[   19.801926]        nf_tables_valid_genid+0x18/0x60 [nf_tables]
[   19.801935]        nfnetlink_rcv_batch+0x24c/0x620 [nfnetlink]
[   19.801943]        nfnetlink_rcv+0x110/0x140 [nfnetlink]
[   19.801953]        netlink_unicast+0x12c/0x1e0
[   19.801960]        netlink_sendmsg+0x324/0x360
[   19.801970]        sock_sendmsg+0x34/0x80
[   19.801976]        ___sys_sendmsg+0x228/0x240
[   19.801983]        __sys_sendmsg+0x4c/0x80
[   19.801990]        sys_sendmsg+0x18/0x40
[   19.801999]        linux_sparc_syscall+0x34/0x44
[   19.802004] 
               -> #0 (&table[i].mutex){+.+.}:
[   19.802017]        lock_acquire+0x1a4/0x1c0
[   19.802024]        __mutex_lock+0x48/0x920
[   19.802030]        mutex_lock_nested+0x1c/0x40
[   19.802037]        nfnl_lock+0x24/0x40 [nfnetlink]
[   19.802049]        ip_set_nfnl_get_byindex+0x19c/0x280 [ip_set]
[   19.802058]        set_match_v1_checkentry+0x14/0xc0 [xt_set]
[   19.802070]        xt_check_match+0x238/0x260 [x_tables]
[   19.802081]        __nft_match_init+0x160/0x180 [nft_compat]
[   19.802088]        nft_match_init+0x18/0x40 [nft_compat]
[   19.802098]        nf_tables_newrule+0x57c/0x7a0 [nf_tables]
[   19.802106]        nfnetlink_rcv_batch+0x3f8/0x620 [nfnetlink]
[   19.802114]        nfnetlink_rcv+0x110/0x140 [nfnetlink]
[   19.802121]        netlink_unicast+0x12c/0x1e0
[   19.802127]        netlink_sendmsg+0x324/0x360
[   19.802134]        sock_sendmsg+0x34/0x80
[   19.802140]        ___sys_sendmsg+0x228/0x240
[   19.802146]        __sys_sendmsg+0x4c/0x80
[   19.802153]        sys_sendmsg+0x18/0x40
[   19.802159]        linux_sparc_syscall+0x34/0x44
[   19.802165] 
               other info that might help us debug this:

[   19.802173]  Possible unsafe locking scenario:

[   19.802179]        CPU0                    CPU1
[   19.802185]        ----                    ----
[   19.802190]   lock(&net->nft.commit_mutex);
[   19.802196]                                lock(&table[i].mutex);
[   19.802204]                                lock(&net->nft.commit_mutex);
[   19.802211]   lock(&table[i].mutex);
[   19.802218] 
                *** DEADLOCK ***

[   19.802225] 1 lock held by iptables-restor/758:
[   19.802231]  #0: 00000000cbbb8e67 (&net->nft.commit_mutex){+.+.}, at: nf_tables_valid_genid+0x18/0x60 [nf_tables]
[   19.802247] 
               stack backtrace:
[   19.802255] CPU: 13 PID: 758 Comm: iptables-restor Not tainted 5.1.0-10874-g5ac94332248e #971
[   19.802263] Call Trace:
[   19.802269]  [00000000004cfc20] print_circular_bug+0x2e0/0x320
[   19.802277]  [00000000004d4a18] __lock_acquire+0x1d38/0x2900
[   19.802284]  [00000000004d5ec4] lock_acquire+0x1a4/0x1c0
[   19.802291]  [0000000000a03cc8] __mutex_lock+0x48/0x920
[   19.802298]  [0000000000a045bc] mutex_lock_nested+0x1c/0x40
[   19.802305]  [000000001076a024] nfnl_lock+0x24/0x40 [nfnetlink]
[   19.802314]  [00000000107768dc] ip_set_nfnl_get_byindex+0x19c/0x280 [ip_set]
[   19.802322]  [00000000107da5d4] set_match_v1_checkentry+0x14/0xc0 [xt_set]
[   19.802331]  [0000000010328ed8] xt_check_match+0x238/0x260 [x_tables]
[   19.802339]  [00000000107c8c00] __nft_match_init+0x160/0x180 [nft_compat]
[   19.802347]  [00000000107c8cb8] nft_match_init+0x18/0x40 [nft_compat]
[   19.802357]  [00000000107a7bdc] nf_tables_newrule+0x57c/0x7a0 [nf_tables]
[   19.802365]  [000000001076b238] nfnetlink_rcv_batch+0x3f8/0x620 [nfnetlink]
[   19.802373]  [000000001076b570] nfnetlink_rcv+0x110/0x140 [nfnetlink]
[   19.802381]  [000000000093c28c] netlink_unicast+0x12c/0x1e0
[   19.802388]  [000000000093cee4] netlink_sendmsg+0x324/0x360
