[    0.000019] PROMLIB: Sun IEEE Boot Prom 'OBP 4.38.12 2018/03/28 14:54'
[    0.000033] PROMLIB: Root node compatible: sun4v
[    0.000079] Linux version 5.2.0-rc7-00098-g46713c3d2f8d (mator@ttip) (gcc version 8.3.0 (Debian 8.3.0-7)) #996 SMP Sun Jul 7 12:21:32 MSK 2019
[    0.000386] printk: bootconsole [earlyprom0] enabled
[    0.000439] ARCH: SUN4V
[    0.000488] Ethernet address: 00:14:4f:fa:06:f2
[    0.000541] MM: PAGE_OFFSET is 0xfff8000000000000 (max_phys_bits == 47)
[    0.000607] MM: VMALLOC [0x0000000100000000 --> 0x0006000000000000]
[    0.000669] MM: VMEMMAP [0x0006000000000000 --> 0x000c000000000000]
[    0.011949] Kernel: Using 5 locked TLB entries for main kernel image.
[    0.012029] Remapping the kernel... 
[    0.012053] done.
[    0.046978] OF stdout device is: /virtual-devices@100/console@1
[    0.047058] PROM: Built device tree with 86230 bytes of memory.
[    0.047125] MDESC: Size is 36560 bytes.
[    0.047250] PLATFORM: banner-name [SPARC T5-2]
[    0.047301] PLATFORM: name [ORCL,SPARC-T5-2]
[    0.047347] PLATFORM: hostid [84fa06f2]
[    0.047389] PLATFORM: serial# [0035260e]
[    0.047433] PLATFORM: stick-frequency [3b9aca00]
[    0.047482] PLATFORM: mac-address [144ffa06f2]
[    0.047529] PLATFORM: watchdog-resolution [1000 ms]
[    0.047580] PLATFORM: watchdog-max-timeout [31536000000 ms]
[    0.047636] PLATFORM: max-cpus [1024]
[    0.047739] Top of RAM: 0x24af938000, Total RAM: 0x87f354000
[    0.047803] Memory hole size: 115461MB
[    0.052550] Allocated 40960 bytes for kernel page tables.
[    0.052657] Zone ranges:
[    0.052701]   Normal   [mem 0x0000000030400000-0x00000024af937fff]
[    0.052764] Movable zone start for each node
[    0.052810] Early memory node ranges
[    0.052851]   node   0: [mem 0x0000000030400000-0x000000006fe7ffff]
[    0.052912]   node   0: [mem 0x000000006ff00000-0x000000006ff25fff]
[    0.052974]   node   0: [mem 0x0000000070000000-0x000000042fffffff]
[    0.053035]   node   0: [mem 0x0000002030000000-0x00000024af87ffff]
[    0.053096]   node   0: [mem 0x00000024af900000-0x00000024af925fff]
[    0.053157]   node   0: [mem 0x00000024af930000-0x00000024af937fff]
[    0.060531] Zeroed struct page in unavailable ranges: 230130 pages
[    0.060539] Initmem setup node 0 [mem 0x0000000030400000-0x00000024af937fff]
[    0.060697] On node 0 totalpages: 4454826
[    0.060706]   Normal zone: 39154 pages used for memmap
[    0.060712]   Normal zone: 0 pages reserved
[    0.060717]   Normal zone: 4454826 pages, LIFO batch:31
[    0.257995] Booting Linux...
[    0.258080] CPU CAPS: [flush,stbar,swap,muldiv,v9,blkinit,n2,mul32]
[    0.258162] CPU CAPS: [div32,v8plus,popc,vis,vis2,ASIBlkInit,fmaf,vis3]
[    0.258239] CPU CAPS: [hpc,ima,pause,cbcond,aes,des,kasumi,camellia]
[    0.258311] CPU CAPS: [md5,sha1,sha256,sha512,mpmul,montmul,montsqr,crc32c]
[    0.318472] percpu: Embedded 27 pages/cpu s180808 r8192 d32184 u262144
[    0.318734] pcpu-alloc: s180808 r8192 d32184 u262144 alloc=1*4194304
[    0.318741] pcpu-alloc: [0] 000 001 002 003 004 005 006 007 008 009 010 011 012 013 014 015 
[    0.318767] pcpu-alloc: [0] 016 017 018 019 020 021 022 023 024 025 026 027 028 029 030 031 
[    0.318794] pcpu-alloc: [0] 032 033 034 035 036 037 038 039 040 041 042 043 044 045 046 047 
[    0.318821] pcpu-alloc: [0] 048 049 050 051 052 053 054 055 056 057 058 059 060 061 062 063 
[    0.318847] pcpu-alloc: [0] 064 065 066 067 068 069 070 071 072 073 074 075 076 077 078 079 
[    0.318874] pcpu-alloc: [0] 080 081 082 083 084 085 086 087 088 089 090 091 092 093 094 095 
[    0.318900] pcpu-alloc: [0] 096 097 098 099 100 101 102 103 104 105 106 107 108 109 110 111 
[    0.318927] pcpu-alloc: [0] 112 113 114 115 116 117 118 119 120 121 122 123 124 125 126 127 
[    0.318954] pcpu-alloc: [0] 128 129 130 131 132 133 134 135 136 137 138 139 140 141 142 143 
[    0.318981] pcpu-alloc: [0] 144 145 146 147 148 149 150 151 152 153 154 155 156 157 158 159 
[    0.319008] pcpu-alloc: [0] 160 161 162 163 164 165 166 167 168 169 170 171 172 173 174 175 
[    0.319035] pcpu-alloc: [0] 176 177 178 179 180 181 182 183 184 185 186 187 188 189 190 191 
[    0.319062] pcpu-alloc: [0] 192 193 194 195 196 197 198 199 200 201 202 203 204 205 206 207 
[    0.319089] pcpu-alloc: [0] 208 209 210 211 212 213 214 215 216 217 218 219 220 221 222 223 
[    0.319116] pcpu-alloc: [0] 224 225 226 227 228 229 230 231 232 233 234 235 236 237 238 239 
[    0.319143] pcpu-alloc: [0] 240 241 242 243 244 245 246 247 248 249 250 251 252 253 254 255 
[    0.319656] SUN4V: Mondo queue sizes [cpu(131072) dev(16384) r(8192) nr(256)]
[    0.320030] Built 1 zonelists, mobility grouping on.  Total pages: 4415672
[    0.320120] Kernel command line: BOOT_IMAGE=/vmlinuz-5.2.0-rc7-00098-g46713c3d2f8d root=/dev/vdiska2 ro zswap.enabled=1
[    0.321652] printk: log_buf_len individual max cpu contribution: 4096 bytes
[    0.321722] printk: log_buf_len total cpu_extra contributions: 1044480 bytes
[    0.321789] printk: log_buf_len min size: 131072 bytes
[    0.322167] printk: log_buf_len: 2097152 bytes
[    0.322219] printk: early log buf free: 125880(96%)
[    0.328551] Dentry cache hash table entries: 8388608 (order: 13, 67108864 bytes)
[    0.331797] Inode-cache hash table entries: 4194304 (order: 12, 33554432 bytes)
[    0.331871] Sorting __ex_table...
[    0.410451] Memory: 35103344K/35638608K available (6185K kernel code, 838K rwdata, 1856K rodata, 960K init, 6766K bss, 535264K reserved, 0K cma-reserved)
[    0.411567] kmemleak: Kernel memory leak detector disabled
[    0.412230] ftrace: allocating 18747 entries in 37 pages
[    0.425616] Running RCU self tests
[    0.425680] rcu: Hierarchical RCU implementation.
[    0.425733] rcu: 	RCU event tracing is enabled.
[    0.425782] rcu: 	RCU lockdep checking is enabled.
[    0.425832] 	Tasks RCU enabled.
[    0.425871] rcu: RCU calculated value of scheduler-enlistment delay is 11 jiffies.
[    0.431510] NR_IRQS: 2048, nr_irqs: 2048, preallocated irqs: 1
[    0.431601] SUN4V: Using IRQ API major 3, cookie only virqs enabled
[    0.435994] clocksource: stick: mask: 0xffffffffffffffff max_cycles: 0x1cd42e4dffb, max_idle_ns: 881590591483 ns
[    0.436127] clocksource: mult[800000] shift[23]
[    0.436175] clockevent: mult[80000000] shift[31]
[    0.440375] Console: colour dummy device 80x25
[    0.440440] printk: console [tty0] enabled
[    0.440517] printk: bootconsole [earlyprom0] disabled
[    0.440601] Lock dependency validator: Copyright (c) 2006 Red Hat, Inc., Ingo Molnar
[    0.440647] ... MAX_LOCKDEP_SUBCLASSES:  8
[    0.440676] ... MAX_LOCK_DEPTH:          48
[    0.440704] ... MAX_LOCKDEP_KEYS:        8191
[    0.440734] ... CLASSHASH_SIZE:          4096
[    0.440764] ... MAX_LOCKDEP_ENTRIES:     16384
[    0.440793] ... MAX_LOCKDEP_CHAINS:      32768
[    0.440823] ... CHAINHASH_SIZE:          16384
[    0.440853]  memory used by lock dependency info: 3853 kB
[    0.440888]  per task-struct memory footprint: 1920 bytes
[    0.441094] kmemleak: Early log buffer exceeded (4492), please increase DEBUG_KMEMLEAK_EARLY_LOG_SIZE
[    0.586812] Calibrating delay using timer specific routine.. 2016.01 BogoMIPS (lpj=10080066)
[    0.586880] pid_max: default: 262144 minimum: 2048
[    0.587987] LSM: Security Framework initializing
[    0.588250] SELinux:  Initializing.
[    0.588883] *** VALIDATE SELinux ***
[    0.589453] Mount-cache hash table entries: 131072 (order: 7, 1048576 bytes)
[    0.589614] Mountpoint-cache hash table entries: 131072 (order: 7, 1048576 bytes)
[    0.591157] *** VALIDATE proc ***
[    0.591968] *** VALIDATE cgroup1 ***
[    0.591999] *** VALIDATE cgroup2 ***
[    0.595036] rcu: Hierarchical SRCU implementation.
[    0.619078] smp: Bringing up secondary CPUs ...
[    0.706886] smp: Brought up 1 node, 32 CPUs
[    0.714121] devtmpfs: initialized
[    0.720918] Performance events: 
[    0.720971] Testing NMI watchdog ... 
[    0.921083] OK.
[    0.921248] Supported PMU type is 'niagara5'
[    0.921569] random: get_random_u32 called from bucket_table_alloc.isra.4+0x184/0x1c0 with crng_init=0
[    0.922439] ldc.c:v1.1 (July 22, 2008)
[    0.925437] clocksource: jiffies: mask: 0xffffffff max_cycles: 0xffffffff, max_idle_ns: 19112604462750000 ns
[    0.925535] futex hash table entries: 65536 (order: 10, 8388608 bytes)
[    0.935167] NET: Registered protocol family 16
[    0.945621] VIO: Adding device channel-devices (tx_ino = ffffffffffffffff, rx_ino = ffffffffffffffff)
[    0.945868] VIO: Adding device vnet-port-0-0 (tx_ino = 0, rx_ino = 1)
[    0.946092] VIO: Adding device vnet-port-0-1 (tx_ino = 2, rx_ino = 3)
[    0.946294] VIO: Adding device vnet-port-0-2 (tx_ino = 4, rx_ino = 5)
[    0.946499] VIO: Adding device vnet-port-0-3 (tx_ino = 6, rx_ino = 7)
[    0.946689] VIO: Adding device vnet-port-0-4 (tx_ino = 8, rx_ino = 9)
[    0.946880] VIO: Adding device vnet-port-0-5 (tx_ino = 16, rx_ino = 17)
[    0.947092] VIO: Adding device vdc-port-3-0 (tx_ino = a, rx_ino = b)
[    0.947285] VIO: Adding device vdc-port-2-0 (tx_ino = c, rx_ino = d)
[    0.947474] VIO: Adding device vdc-port-1-0 (tx_ino = e, rx_ino = f)
[    0.947662] VIO: Adding device vdc-port-0-0 (tx_ino = 10, rx_ino = 11)
[    0.947866] VIO: Adding device vlds-port-0-0 (tx_ino = 12, rx_ino = 13)
[    0.948061] VIO: Adding device domain-services-port-0 (tx_ino = 12, rx_ino = 13)
[    0.949601] audit: initializing netlink subsys (disabled)
[    0.950021] audit: type=2000 audit(0.510:1): state=initialized audit_enabled=0 res=1
[    0.998737] HugeTLB registered 64.0 KiB page size, pre-allocated 0 pages
[    0.998792] HugeTLB registered 8.00 MiB page size, pre-allocated 0 pages
[    0.998836] HugeTLB registered 256 MiB page size, pre-allocated 0 pages
[    0.998879] HugeTLB registered 2.00 GiB page size, pre-allocated 0 pages
[    1.047678] alg: No test for lzo-rle (lzo-rle-generic)
[    1.048270] alg: No test for lzo-rle (lzo-rle-scomp)
[    1.066190] SUN4V: Reboot data supported (maj=1,min=0).
[    1.066681] ds.c:v1.0 (Jul 11, 2007)
[    1.067096] ds-0: ds_conn_reset() from send_events.isra.3
[    1.068535] clocksource: Switched to clocksource stick
[    1.300137] VFS: Disk quotas dquot_6.6.0
[    1.301731] VFS: Dquot-cache hash table entries: 1024 (order 0, 8192 bytes)
[    1.302370] *** VALIDATE hugetlbfs ***
[    1.324971] NET: Registered protocol family 2
[    1.328105] tcp_listen_portaddr_hash hash table entries: 32768 (order: 8, 2359296 bytes)
[    1.331489] TCP established hash table entries: 524288 (order: 9, 4194304 bytes)
[    1.333540] TCP bind hash table entries: 65536 (order: 9, 4194304 bytes)
[    1.339809] TCP: Hash tables configured (established 524288 bind 65536)
[    1.347935] UDP hash table entries: 32768 (order: 9, 5242880 bytes)
[    1.355401] UDP-Lite hash table entries: 32768 (order: 9, 5242880 bytes)
[    1.370796] NET: Registered protocol family 1
[    1.371929] Trying to unpack rootfs image as initramfs...
[    1.695285] Freeing initrd memory: 10256K
[    1.733809] workingset: timestamp_bits=46 max_order=23 bucket_order=0
[    1.735517] zbud: loaded
[    1.752099] Block layer SCSI generic (bsg) driver version 0.4 loaded (major 252)
[    1.753821] io scheduler mq-deadline registered
[    1.755634] f029b788: ttyS0 at I/O 0x0 (irq = 1, base_baud = 115200) is a SUN4V HCONS
[    1.762259] printk: console [ttyHV0] enabled
[    1.766704] sunvdc.c:v1.2 (November 24, 2014)
[    1.774103] sunvdc: Virtual CDROM vdiskd
[    1.774160] sunvdc: vdiskd: 403160 sectors (196 MB) protocol 1.2
[    1.775803]  vdiskd: vdiskd1 vdiskd2 vdiskd3 vdiskd4 vdiskd5 vdiskd6 vdiskd7
[    1.840315] sunvdc: Virtual Hard disk vdiskc
[    1.840367] sunvdc: vdiskc: 104857600 sectors (51200 MB) protocol 1.2
[    1.900403] sunvdc: Virtual Hard disk vdiskb
[    1.900454] sunvdc: vdiskb: 62914560 sectors (30720 MB) protocol 1.2
[    1.906874]  vdiskb: vdiskb1
[    1.966748] sunvdc: Virtual Hard disk vdiska
[    1.966798] sunvdc: vdiska: 31457280 sectors (15360 MB) protocol 1.2
[    1.967743]  vdiska: vdiska1 vdiska2 vdiska3 vdiska4
[    2.023475] sunvnet: sunvnet 2.0 (February 3, 2017)
[    2.027266] vnet_port vnet-port-0-0 eth0: Sun LDOM vnet 00:14:4f:f8:12:a3
[    2.027844] sunvnet: eth0: PORT ( remote-mac 00:14:4f:fa:f3:f0 switch-port )
[    2.029179] sunvnet: eth0: PORT ( remote-mac 00:14:4f:f8:e5:f3 )
[    2.030494] sunvnet: eth0: PORT ( remote-mac 00:14:4f:f9:b4:97 )
[    2.031795] sunvnet: eth0: PORT ( remote-mac 00:14:4f:f9:8b:83 )
[    2.033089] sunvnet: eth0: PORT ( remote-mac 00:14:4f:f8:3f:1e )
[    2.034381] sunvnet: eth0: PORT ( remote-mac 00:14:4f:f8:fe:47 )
[    2.036072] rtc-sun4v rtc-sun4v: registered as rtc0
[    2.036498] device-mapper: uevent: version 1.0.3
[    2.037672] device-mapper: ioctl: 4.40.0-ioctl (2019-01-18) initialised: dm-devel@redhat.com
[    2.039385] NET: Registered protocol family 17
[    2.040703] registered taskstats version 1
[    2.044456] zswap: loaded using pool lzo/zbud
[    2.090722] Key type big_key registered
[    2.091864] rtc-sun4v rtc-sun4v: setting system clock to 2019-07-07T09:29:11 UTC (1562491751)
[    2.096364] This architecture does not have kernel memory protection.
[    2.096410] Run /init as init process
[    3.084028] crc32c_sparc64: Using sparc64 crc32c opcode optimized CRC32C implementation
[    3.598496] raid6: int64x8  gen()  2155 MB/s
[    3.768499] raid6: int64x8  xor()  1563 MB/s
[    3.938488] raid6: int64x4  gen()  3424 MB/s
[    4.108515] raid6: int64x4  xor()  1971 MB/s
[    4.278497] raid6: int64x2  gen()  2858 MB/s
[    4.448515] raid6: int64x2  xor()  1990 MB/s
[    4.618541] raid6: int64x1  gen()  2757 MB/s
[    4.788501] raid6: int64x1  xor()  1615 MB/s
[    4.788550] raid6: using algorithm int64x4 gen() 3424 MB/s
[    4.788589] raid6: .... xor() 1971 MB/s, rmw enabled
[    4.788625] raid6: using intx1 recovery algorithm
[    4.789663] async_tx: api initialized (async)
[    4.790328] xor: automatically using best checksumming function   Niagara   
[    4.959910] random: fast init done
[    5.050043] EXT4-fs (vdiska2): mounted filesystem with ordered data mode. Opts: (null)
[    7.145036] systemd[1]: Inserted module 'autofs4'
[    7.154921] NET: Registered protocol family 10
[    7.168831] Segment Routing with IPv6
[    7.329452] systemd[1]: systemd 241 running in system mode. (+PAM +AUDIT +SELINUX +IMA +APPARMOR +SMACK +SYSVINIT +UTMP +LIBCRYPTSETUP +GCRYPT +GNUTLS +ACL +XZ +LZ4 -SECCOMP +BLKID +ELFUTILS +KMOD -IDN2 +IDN -PCRE2 default-hierarchy=hybrid)
[    7.330087] systemd[1]: Detected architecture sparc64.
[    7.388690] systemd[1]: Set hostname to <ttip>.
[    7.394224] systemd[1]: Failed to bump fs.file-max, ignoring: Invalid argument
[    8.455001] random: lvmconfig: uninitialized urandom read (4 bytes read)
[    8.971573] systemd[1]: File /lib/systemd/system/systemd-journald.service:12 configures an IP firewall (IPAddressDeny=any), but the local system does not support BPF/cgroup based firewalling.
[    8.971704] systemd[1]: Proceeding WITHOUT firewalling in effect! (This warning is only shown for the first loaded unit using IP firewalling.)
[    9.009900] systemd[1]: /lib/systemd/system/auditd.service:11: PIDFile= references path below legacy directory /var/run/, updating /var/run/auditd.pid → /run/auditd.pid; please update the unit file accordingly.
[    9.586838] systemd[1]: /lib/systemd/system/smbd.service:9: PIDFile= references path below legacy directory /var/run/, updating /var/run/samba/smbd.pid → /run/samba/smbd.pid; please update the unit file accordingly.
[    9.744334] systemd[1]: /lib/systemd/system/nmbd.service:9: PIDFile= references path below legacy directory /var/run/, updating /var/run/samba/nmbd.pid → /run/samba/nmbd.pid; please update the unit file accordingly.
[   10.244603] random: systemd: uninitialized urandom read (16 bytes read)
[   10.253055] random: systemd: uninitialized urandom read (16 bytes read)
[   10.253859] systemd[1]: Listening on Journal Audit Socket.
[   10.254947] random: systemd: uninitialized urandom read (16 bytes read)
[   10.662977] EXT4-fs (vdiska2): re-mounted. Opts: errors=remount-ro
[   10.990247] systemd-journald[460]: Received request to flush runtime journal from PID 1
[   12.448542] sha1_sparc64: Using sparc64 sha1 opcode optimized SHA-1 implementation
[   12.501958] sha256_sparc64: Using sparc64 sha256 opcode optimized SHA-256/SHA-224 implementation
[   12.513705] n2rng v0.3 (Jan 7, 2017)
[   12.513793] n2rng f029b104: Registered RNG HVAPI major 2 minor 0
[   12.513865] n2rng f029b104: Found multi-unit-capable RNG, units: 2
[   12.514916] n2rng f029b104: RNG ready
[   12.549634] sha512_sparc64: Using sparc64 sha512 opcode optimized SHA-512/SHA-384 implementation
[   12.660590] md5_sparc64: Using sparc64 md5 opcode optimized MD5 implementation
[   12.689066] aes_sparc64: Using sparc64 aes opcodes optimized AES implementation
[   12.805938] des_sparc64: Using sparc64 des opcodes optimized DES implementation
[   12.861602] camellia_sparc64: Using sparc64 camellia opcodes optimized CAMELLIA implementation
[   22.407271] Adding 787176k swap on /dev/vdiska4.  Priority:-2 extents:1 across:787176k FS
[   23.060941] EXT4-fs (vdiska1): mounting ext3 file system using the ext4 subsystem
[   23.428898] EXT4-fs (vdiska1): mounted filesystem with ordered data mode. Opts: (null)
[   24.193605] SGI XFS with ACLs, security attributes, debug enabled
[   24.226849] XFS (dm-0): Mounting V5 Filesystem
[   24.508180] XFS (dm-0): Ending clean mount
[   27.563885] random: crng init done
[   27.563941] random: 6 urandom warning(s) missed due to ratelimiting
[   29.026596] tun: Universal TUN/TAP device driver, 1.6

[   29.939361] ======================================================
[   29.939371] WARNING: possible circular locking dependency detected
[   29.939382] 5.2.0-rc7-00098-g46713c3d2f8d #996 Not tainted
[   29.939389] ------------------------------------------------------
[   29.939396] iptables-restor/845 is trying to acquire lock:
[   29.939405] 00000000988aee1f (&table[i].mutex){+.+.}, at: nfnl_lock+0x24/0x40 [nfnetlink]
[   29.939430] 
               but task is already holding lock:
[   29.939439] 000000005aed0344 (&net->nft.commit_mutex){+.+.}, at: nf_tables_valid_genid+0x18/0x60 [nf_tables]
[   29.939467] 
               which lock already depends on the new lock.

[   29.939476] 
               the existing dependency chain (in reverse order) is:
[   29.939483] 
               -> #1 (&net->nft.commit_mutex){+.+.}:
[   29.939499]        __mutex_lock+0x48/0x920
[   29.939507]        mutex_lock_nested+0x1c/0x40
[   29.939516]        nf_tables_valid_genid+0x18/0x60 [nf_tables]
[   29.939525]        nfnetlink_rcv_batch+0x24c/0x620 [nfnetlink]
[   29.939533]        nfnetlink_rcv+0x110/0x140 [nfnetlink]
[   29.939545]        netlink_unicast+0x12c/0x1e0
[   29.939551]        netlink_sendmsg+0x324/0x360
[   29.939562]        sock_sendmsg+0x34/0x80
[   29.939569]        ___sys_sendmsg+0x228/0x240
[   29.939577]        __sys_sendmsg+0x4c/0x80
[   29.939583]        sys_sendmsg+0x18/0x40
[   29.939593]        linux_sparc_syscall+0x34/0x44
[   29.939598] 
               -> #0 (&table[i].mutex){+.+.}:
[   29.939612]        lock_acquire+0x1a4/0x1c0
[   29.939618]        __mutex_lock+0x48/0x920
[   29.939624]        mutex_lock_nested+0x1c/0x40
[   29.939631]        nfnl_lock+0x24/0x40 [nfnetlink]
[   29.939643]        ip_set_nfnl_get_byindex+0x19c/0x280 [ip_set]
[   29.939653]        set_match_v1_checkentry+0x14/0xc0 [xt_set]
[   29.939665]        xt_check_match+0x238/0x260 [x_tables]
[   29.939675]        __nft_match_init+0x160/0x180 [nft_compat]
[   29.939682]        nft_match_init+0x18/0x40 [nft_compat]
[   29.939692]        nf_tables_newrule+0x57c/0x7a0 [nf_tables]
[   29.939700]        nfnetlink_rcv_batch+0x3f8/0x620 [nfnetlink]
[   29.939707]        nfnetlink_rcv+0x110/0x140 [nfnetlink]
[   29.939714]        netlink_unicast+0x12c/0x1e0
[   29.939721]        netlink_sendmsg+0x324/0x360
[   29.939727]        sock_sendmsg+0x34/0x80
[   29.939734]        ___sys_sendmsg+0x228/0x240
[   29.939740]        __sys_sendmsg+0x4c/0x80
[   29.939747]        sys_sendmsg+0x18/0x40
[   29.939753]        linux_sparc_syscall+0x34/0x44
[   29.939759] 
               other info that might help us debug this:

[   29.939767]  Possible unsafe locking scenario:

[   29.939774]        CPU0                    CPU1
[   29.939779]        ----                    ----
[   29.939784]   lock(&net->nft.commit_mutex);
[   29.939790]                                lock(&table[i].mutex);
[   29.939798]                                lock(&net->nft.commit_mutex);
[   29.939805]   lock(&table[i].mutex);
[   29.939812] 
                *** DEADLOCK ***

[   29.939820] 1 lock held by iptables-restor/845:
[   29.939825]  #0: 000000005aed0344 (&net->nft.commit_mutex){+.+.}, at: nf_tables_valid_genid+0x18/0x60 [nf_tables]
[   29.939842] 
               stack backtrace:
[   29.939850] CPU: 0 PID: 845 Comm: iptables-restor Not tainted 5.2.0-rc7-00098-g46713c3d2f8d #996
[   29.939858] Call Trace:
[   29.939865]  [00000000004cf5e0] print_circular_bug+0x2e0/0x320
[   29.939872]  [00000000004d43d8] __lock_acquire+0x1d38/0x2900
[   29.939879]  [00000000004d5884] lock_acquire+0x1a4/0x1c0
[   29.939887]  [0000000000a069c8] __mutex_lock+0x48/0x920
[   29.939893]  [0000000000a072bc] mutex_lock_nested+0x1c/0x40
[   29.939901]  [000000001089c024] nfnl_lock+0x24/0x40 [nfnetlink]
[   29.939910]  [00000000108a88dc] ip_set_nfnl_get_byindex+0x19c/0x280 [ip_set]
[   29.939918]  [000000001090e5d4] set_match_v1_checkentry+0x14/0xc0 [xt_set]
[   29.939928]  [0000000010338ed8] xt_check_match+0x238/0x260 [x_tables]
[   29.939936]  [00000000108fcc00] __nft_match_init+0x160/0x180 [nft_compat]
[   29.939944]  [00000000108fccb8] nft_match_init+0x18/0x40 [nft_compat]
[   29.939954]  [00000000108d9c3c] nf_tables_newrule+0x57c/0x7a0 [nf_tables]
[   29.939963]  [000000001089d238] nfnetlink_rcv_batch+0x3f8/0x620 [nfnetlink]
[   29.939970]  [000000001089d570] nfnetlink_rcv+0x110/0x140 [nfnetlink]
[   29.939978]  [000000000093e6ec] netlink_unicast+0x12c/0x1e0
[   29.939985]  [000000000093f344] netlink_sendmsg+0x324/0x360
