[    0.000022] PROMLIB: Sun IEEE Boot Prom 'OBP 4.38.12 2018/03/28 14:54'
[    0.000034] PROMLIB: Root node compatible: sun4v
[    0.000086] Linux version 5.8.0-11991-gfc80c51fd4b2-dirty (mator@ttip) (gcc (Debian 10.1.0-6) 10.1.0, GNU ld (GNU Binutils for Debian) 2.35) #23 SMP Mon Aug 10 12:17:12 MSK 2020
[    0.000429] printk: bootconsole [earlyprom0] enabled
[    0.000483] ARCH: SUN4V
[    0.000534] Ethernet address: 00:14:4f:fa:06:f2
[    0.000589] MM: PAGE_OFFSET is 0xfff8000000000000 (max_phys_bits == 47)
[    0.000654] MM: VMALLOC [0x0000000100000000 --> 0x0006000000000000]
[    0.000716] MM: VMEMMAP [0x0006000000000000 --> 0x000c000000000000]
[    0.013289] Kernel: Using 5 locked TLB entries for main kernel image.
[    0.013376] Remapping the kernel... 
[    0.013401] done.
[    0.047214] OF stdout device is: /virtual-devices@100/console@1
[    0.047295] PROM: Built device tree with 86758 bytes of memory.
[    0.047360] MDESC: Size is 36512 bytes.
[    0.047488] PLATFORM: banner-name [SPARC T5-2]
[    0.047539] PLATFORM: name [ORCL,SPARC-T5-2]
[    0.047589] PLATFORM: hostid [84fa06f2]
[    0.047631] PLATFORM: serial# [0035260e]
[    0.047674] PLATFORM: stick-frequency [3b9aca00]
[    0.047724] PLATFORM: mac-address [144ffa06f2]
[    0.047772] PLATFORM: watchdog-resolution [1000 ms]
[    0.047822] PLATFORM: watchdog-max-timeout [31536000000 ms]
[    0.047880] PLATFORM: max-cpus [1024]
[    0.052692] Allocated 40960 bytes for kernel page tables.
[    0.052817] Zone ranges:
[    0.052860]   Normal   [mem 0x0000000030400000-0x00000024af937fff]
[    0.052927] Movable zone start for each node
[    0.052975] Early memory node ranges
[    0.053015]   node   0: [mem 0x0000000030400000-0x000000006fe7ffff]
[    0.053079]   node   0: [mem 0x000000006ff00000-0x000000006ff25fff]
[    0.053143]   node   0: [mem 0x0000000070000000-0x000000042fffffff]
[    0.053205]   node   0: [mem 0x0000002030000000-0x00000024af87ffff]
[    0.053271]   node   0: [mem 0x00000024af900000-0x00000024af925fff]
[    0.053331]   node   0: [mem 0x00000024af930000-0x00000024af937fff]
[    0.067889] Zeroed struct page in unavailable ranges: 263766 pages
[    0.067898] Initmem setup node 0 [mem 0x0000000030400000-0x00000024af937fff]
[    0.068057] On node 0 totalpages: 4454826
[    0.068067]   Normal zone: 39154 pages used for memmap
[    0.068073]   Normal zone: 0 pages reserved
[    0.068079]   Normal zone: 4454826 pages, LIFO batch:31
[    0.226686] Booting Linux...
[    0.226773] CPU CAPS: [flush,stbar,swap,muldiv,v9,blkinit,n2,mul32]
[    0.226857] CPU CAPS: [div32,v8plus,popc,vis,vis2,ASIBlkInit,fmaf,vis3]
[    0.226935] CPU CAPS: [hpc,ima,pause,cbcond,aes,des,kasumi,camellia]
[    0.227008] CPU CAPS: [md5,sha1,sha256,sha512,mpmul,montmul,montsqr,crc32c]
[    0.256903] percpu: Embedded 28 pages/cpu s184656 r8192 d36528 u262144
[    0.257150] pcpu-alloc: s184656 r8192 d36528 u262144 alloc=1*4194304
[    0.257158] pcpu-alloc: [0] 000 001 002 003 004 005 006 007 008 009 010 011 012 013 014 015 
[    0.257186] pcpu-alloc: [0] 016 017 018 019 020 021 022 023 024 025 026 027 028 029 030 031 
[    0.257214] pcpu-alloc: [0] 032 033 034 035 036 037 038 039 040 041 042 043 044 045 046 047 
[    0.257242] pcpu-alloc: [0] 048 049 050 051 052 053 054 055 056 057 058 059 060 061 062 063 
[    0.257270] pcpu-alloc: [0] 064 065 066 067 068 069 070 071 072 073 074 075 076 077 078 079 
[    0.257298] pcpu-alloc: [0] 080 081 082 083 084 085 086 087 088 089 090 091 092 093 094 095 
[    0.257325] pcpu-alloc: [0] 096 097 098 099 100 101 102 103 104 105 106 107 108 109 110 111 
[    0.257353] pcpu-alloc: [0] 112 113 114 115 116 117 118 119 120 121 122 123 124 125 126 127 
[    0.257798] SUN4V: Mondo queue sizes [cpu(131072) dev(16384) r(8192) nr(256)]
[    0.258168] Built 1 zonelists, mobility grouping on.  Total pages: 4415672
[    0.258237] Policy zone: Normal
[    0.258296] Kernel command line: BOOT_IMAGE=/vmlinux-5.8.0-11991-gfc80c51fd4b2-dirty root=/dev/vdiska2 ro zswap.enabled=1
[    0.261119] printk: log_buf_len individual max cpu contribution: 4096 bytes
[    0.261196] printk: log_buf_len total cpu_extra contributions: 520192 bytes
[    0.261262] printk: log_buf_len min size: 131072 bytes
[    0.261536] printk: log_buf_len: 1048576 bytes
[    0.261589] printk: early log buf free: 126688(96%)
[    0.267957] Dentry cache hash table entries: 8388608 (order: 13, 67108864 bytes, linear)
[    0.271224] Inode-cache hash table entries: 4194304 (order: 12, 33554432 bytes, linear)
[    0.271307] Sorting __ex_table...
[    0.271535] mem auto-init: stack:off, heap alloc:off, heap free:off
[    0.378293] Memory: 35128152K/35638608K available (8084K kernel code, 1081K rwdata, 2360K rodata, 664K init, 6853K bss, 510456K reserved, 0K cma-reserved)
[    0.378964] SLUB: HWalign=32, Order=0-3, MinObjects=0, CPUs=128, Nodes=32
[    0.379243] ftrace: allocating 22061 entries in 44 pages
[    0.387953] ftrace: allocated 44 pages with 3 groups
[    0.390980] Running RCU self tests
[    0.391430] rcu: Hierarchical RCU implementation.
[    0.391485] rcu: 	RCU event tracing is enabled.
[    0.391536] rcu: 	RCU lockdep checking is enabled.
[    0.391588] 	Trampoline variant of Tasks RCU enabled.
[    0.391640] 	Rude variant of Tasks RCU enabled.
[    0.391688] 	Tracing variant of Tasks RCU enabled.
[    0.391739] rcu: RCU calculated value of scheduler-enlistment delay is 10 jiffies.
[    0.396195] NR_IRQS: 2048, nr_irqs: 2048, preallocated irqs: 1
[    0.396296] SUN4V: Using IRQ API major 3, cookie only virqs enabled
[    0.398949] clocksource: stick: mask: 0xffffffffffffffff max_cycles: 0x1cd42e4dffb, max_idle_ns: 881590591483 ns
[    0.399083] clocksource: mult[800000] shift[23]
[    0.399133] clockevent: mult[80000000] shift[31]
[    0.399536] Console: colour dummy device 80x25
[    0.399602] printk: console [tty0] enabled
[    0.399681] printk: bootconsole [earlyprom0] disabled
[    0.399772] Lock dependency validator: Copyright (c) 2006 Red Hat, Inc., Ingo Molnar
[    0.399826] ... MAX_LOCKDEP_SUBCLASSES:  8
[    0.399860] ... MAX_LOCK_DEPTH:          48
[    0.399894] ... MAX_LOCKDEP_KEYS:        8192
[    0.399928] ... CLASSHASH_SIZE:          4096
[    0.399963] ... MAX_LOCKDEP_ENTRIES:     16384
[    0.399998] ... MAX_LOCKDEP_CHAINS:      32768
[    0.400034] ... CHAINHASH_SIZE:          16384
[    0.400069]  memory used by lock dependency info: 3919 kB
[    0.400109]  memory used for stack traces: 2112 kB
[    0.400146]  per task-struct memory footprint: 1920 bytes
[    0.549704] Calibrating delay using timer specific routine.. 2013.54 BogoMIPS (lpj=10067749)
[    0.549781] pid_max: default: 131072 minimum: 1024
[    0.550076] LSM: Security Framework initializing
[    0.550251] AppArmor: AppArmor initialized
[    0.550540] Mount-cache hash table entries: 131072 (order: 7, 1048576 bytes, linear)
[    0.550712] Mountpoint-cache hash table entries: 131072 (order: 7, 1048576 bytes, linear)
[    0.556134] rcu: Hierarchical SRCU implementation.
[    0.565596] smp: Bringing up secondary CPUs ...
[    0.614722] smp: Brought up 1 node, 32 CPUs
[    0.620870] devtmpfs: initialized
[    0.626105] Performance events: 
[    0.626152] Testing NMI watchdog ... 
[    0.826244] OK.
[    0.826428] Supported PMU type is 'niagara5'
[    0.826647] random: get_random_u32 called from bucket_table_alloc.isra.0+0x198/0x1c0 with crng_init=0
[    0.827271] ldc.c:v1.1 (July 22, 2008)
[    0.830152] clocksource: jiffies: mask: 0xffffffff max_cycles: 0xffffffff, max_idle_ns: 19112604462750000 ns
[    0.830252] futex hash table entries: 32768 (order: 9, 4194304 bytes, linear)
[    0.836025] NET: Registered protocol family 16
[    0.845981] VIO: Adding device channel-devices (tx_ino = ffffffffffffffff, rx_ino = ffffffffffffffff)
[    0.846224] VIO: Adding device vnet-port-0-0 (tx_ino = 0, rx_ino = 1)
[    0.846482] VIO: Adding device vnet-port-0-1 (tx_ino = 2, rx_ino = 3)
[    0.846675] VIO: Adding device vnet-port-0-2 (tx_ino = 4, rx_ino = 5)
[    0.846871] VIO: Adding device vnet-port-0-3 (tx_ino = 6, rx_ino = 7)
[    0.847071] VIO: Adding device vnet-port-0-4 (tx_ino = 8, rx_ino = 9)
[    0.847261] VIO: Adding device vnet-port-0-5 (tx_ino = a, rx_ino = b)
[    0.847455] VIO: Adding device vdc-port-2-0 (tx_ino = c, rx_ino = d)
[    0.847645] VIO: Adding device vdc-port-1-0 (tx_ino = e, rx_ino = f)
[    0.847834] VIO: Adding device vdc-port-0-0 (tx_ino = 10, rx_ino = 11)
[    0.848028] VIO: Adding device vdc-port-3-0 (tx_ino = 12, rx_ino = 13)
[    0.848219] VIO: Adding device vlds-port-0-0 (tx_ino = 14, rx_ino = 15)
[    0.848413] VIO: Adding device domain-services-port-0 (tx_ino = 14, rx_ino = 15)
[    0.848732] audit: initializing netlink subsys (disabled)
[    0.849077] audit: type=2000 audit(0.440:1): state=initialized audit_enabled=0 res=1
[    0.881058] HugeTLB registered 64.0 KiB page size, pre-allocated 0 pages
[    0.881120] HugeTLB registered 8.00 MiB page size, pre-allocated 0 pages
[    0.881208] HugeTLB registered 256 MiB page size, pre-allocated 0 pages
[    0.881259] HugeTLB registered 2.00 GiB page size, pre-allocated 0 pages
[    0.883861] alg: extra crypto tests enabled.  This is intended for developer use only.
[    0.906746] cryptd: max_cpu_qlen set to 1000
[    1.018701] NetLabel: Initializing
[    1.018744] NetLabel:  domain hash size = 128
[    1.018780] NetLabel:  protocols = UNLABELED CIPSOv4 CALIPSO
[    1.018911] NetLabel:  unlabeled traffic allowed by default
[    1.020008] SUN4V: Reboot data supported (maj=1,min=0).
[    1.020443] ds.c:v1.0 (Jul 11, 2007)
[    1.020811] ds-0: ds_conn_reset() from send_events
[    1.022278] clocksource: Switched to clocksource stick
[    1.247783] VFS: Disk quotas dquot_6.6.0
[    1.247929] VFS: Dquot-cache hash table entries: 1024 (order 0, 8192 bytes)
[    1.250342] AppArmor: AppArmor Filesystem Enabled
[    1.264648] NET: Registered protocol family 2
[    1.266583] tcp_listen_portaddr_hash hash table entries: 32768 (order: 8, 2621440 bytes, linear)
[    1.269614] TCP established hash table entries: 524288 (order: 9, 4194304 bytes, linear)
[    1.272089] TCP bind hash table entries: 65536 (order: 9, 4718592 bytes, linear)
[    1.278366] TCP: Hash tables configured (established 524288 bind 65536)
[    1.281047] UDP hash table entries: 32768 (order: 9, 5242880 bytes, linear)
[    1.287439] UDP-Lite hash table entries: 32768 (order: 9, 5242880 bytes, linear)
[    1.295636] NET: Registered protocol family 1
[    1.295710] NET: Registered protocol family 44
[    1.296294] Trying to unpack rootfs image as initramfs...
[    1.510783] Freeing initrd memory: 14632K
[    1.511744] aes_sparc64: Using sparc64 aes opcodes optimized AES implementation
[    1.770679] des_sparc64: Using sparc64 des opcodes optimized DES implementation
[    2.248621] camellia_sparc64: Using sparc64 camellia opcodes optimized CAMELLIA implementation
[    2.432240] workingset: timestamp_bits=41 max_order=23 bucket_order=0
[    2.454869] zbud: loaded
[    2.457687] SGI XFS with ACLs, security attributes, quota, fatal assert, debug enabled
[    2.485451] Block layer SCSI generic (bsg) driver version 0.4 loaded (major 252)
[    2.486664] io scheduler mq-deadline registered
[    2.490156] f029b788: ttyHV0 at I/O 0x0 (irq = 1, base_baud = 115200) is a SUN4V HCONS
[    2.491241] printk: console [ttyHV0] enabled
[    2.496494] sunvdc.c:v1.2 (November 24, 2014)
[    2.500059] sunvdc: Virtual Hard disk vdiskc
[    2.500112] sunvdc: vdiskc: 104857600 sectors (51200 MB) protocol 1.2
[    2.525841] sunvdc: Virtual Hard disk vdiskb
[    2.525898] sunvdc: vdiskb: 62914560 sectors (30720 MB) protocol 1.2
[    2.527459]  vdiskb: vdiskb1
[    2.550978] sunvdc: Virtual Hard disk vdiska
[    2.551036] sunvdc: vdiska: 31457280 sectors (15360 MB) protocol 1.2
[    2.552722]  vdiska: vdiska1 vdiska2 vdiska3 vdiska4
[    2.577637] sunvdc: Virtual CDROM vdiskd
[    2.577700] sunvdc: vdiskd: 453848 sectors (221 MB) protocol 1.2
[    2.579332]  vdiskd: vdiskd1 vdiskd2 vdiskd3 vdiskd4 vdiskd5 vdiskd6 vdiskd7
[    2.601873] sunvnet: sunvnet 2.0 (February 3, 2017)
[    2.604805] vnet_port vnet-port-0-0 eth0: Sun LDOM vnet 00:14:4f:f8:12:a3
[    2.605081] sunvnet: eth0: PORT ( remote-mac 00:14:4f:fa:f3:f0 switch-port )
[    2.605796] sunvnet: eth0: PORT ( remote-mac 00:14:4f:f8:e5:f3 )
[    2.606480] sunvnet: eth0: PORT ( remote-mac 00:14:4f:f9:b4:97 )
[    2.607160] sunvnet: eth0: PORT ( remote-mac 00:14:4f:f8:3f:1e )
[    2.607836] sunvnet: eth0: PORT ( remote-mac 00:14:4f:f8:fe:47 )
[    2.608514] sunvnet: eth0: PORT ( remote-mac 00:14:4f:fb:b5:00 )
[    2.609978] rtc-sun4v rtc-sun4v: registered as rtc0
[    2.610130] rtc-sun4v rtc-sun4v: setting system clock to 2020-08-10T09:20:21 UTC (1597051221)
[    2.610796] sun4v_wdt: initialized (timeout=60s, nowayout=0)
[    2.611228] device-mapper: uevent: version 1.0.3
[    2.612373] device-mapper: ioctl: 4.42.0-ioctl (2020-02-27) initialised: dm-devel@redhat.com
[    2.613465] NET: Registered protocol family 17
[    2.613895] registered taskstats version 1
[    2.614862] zswap: loaded using pool lzo/zbud
[    2.616549] AppArmor: AppArmor sha1 policy hashing enabled
[    2.622483] This architecture does not have kernel memory protection.
[    2.622563] Run /init as init process
[    2.622599]   with arguments:
[    2.622607]     /init
[    2.622614]   with environment:
[    2.622621]     HOME=/
[    2.622628]     TERM=linux
[    2.622635]     BOOT_IMAGE=/vmlinux-5.8.0-11991-gfc80c51fd4b2-dirty
[    3.169957] crc32c_sparc64: Using sparc64 crc32c opcode optimized CRC32C implementation
[    3.173106] random: lvm: uninitialized urandom read (4 bytes read)
[    3.240694] random: lvm: uninitialized urandom read (2 bytes read)
[    3.892260] raid6: int64x8  gen()  2092 MB/s
[    4.062272] raid6: int64x8  xor()  1500 MB/s
[    4.232287] raid6: int64x4  gen()  3270 MB/s
[    4.402270] raid6: int64x4  xor()  1436 MB/s
[    4.572271] raid6: int64x2  gen()  2780 MB/s
[    4.742252] raid6: int64x2  xor()  1026 MB/s
[    4.912286] raid6: int64x1  gen()  1357 MB/s
[    5.082264] raid6: int64x1  xor()   704 MB/s
[    5.082319] raid6: using algorithm int64x4 gen() 3270 MB/s
[    5.082364] raid6: .... xor() 1436 MB/s, rmw enabled
[    5.082405] raid6: using intx1 recovery algorithm
[    5.083363] async_tx: api initialized (async)
[    5.083931] xor: automatically using best checksumming function   Niagara   
[    5.183695] random: fast init done
[    5.358660] process '/usr/bin/fstype' started with executable stack
[    5.494676] EXT4-fs (vdiska2): mounted filesystem with ordered data mode. Opts: (null)
[    9.274331] systemd[1]: Inserted module 'autofs4'
[    9.347279] NET: Registered protocol family 10
[    9.353961] Segment Routing with IPv6
[    9.410905] systemd[1]: systemd 246-2 running in system mode. (+PAM +AUDIT +SELINUX +IMA +APPARMOR +SMACK +SYSVINIT +UTMP +LIBCRYPTSETUP +GCRYPT +GNUTLS +ACL +XZ +LZ4 +ZSTD -SECCOMP +BLKID +ELFUTILS +KMOD +IDN2 -IDN +PCRE2 default-hierarchy=hybrid)
[    9.411633] systemd[1]: Detected architecture sparc64.
[    9.522520] systemd[1]: Set hostname to <ttip>.
[   11.083943] random: lvmconfig: uninitialized urandom read (4 bytes read)
[   13.111043] systemd[1]: /lib/systemd/system/blk-availability.service:10: Neither a valid executable name nor an absolute path: ${exec_prefix}/bin/true
[   13.111175] systemd[1]: blk-availability.service: Unit configuration has fatal error, unit will not be started.
[   15.150588] systemd[1]: blk-availability.service: Cannot add dependency job, ignoring: Unit blk-availability.service has a bad unit file setting.
[   15.152574] systemd[1]: Queued start job for default target Multi-User System.
[   15.153634] random: systemd: uninitialized urandom read (16 bytes read)
[   15.202553] systemd[1]: Created slice system-getty.slice.
[   15.203492] random: systemd: uninitialized urandom read (16 bytes read)
[   15.214298] systemd[1]: Created slice system-modprobe.slice.
[   15.214938] random: systemd: uninitialized urandom read (16 bytes read)
[   15.224586] systemd[1]: Created slice system-openvpn\x2dclient.slice.
[   15.269663] systemd[1]: Created slice system-postfix.slice.
[   15.281074] systemd[1]: Created slice system-systemd\x2dfsck.slice.
[   15.291278] systemd[1]: Created slice User and Session Slice.
[   15.292589] systemd[1]: Started Dispatch Password Requests to Console Directory Watch.
[   15.293515] systemd[1]: Started Forward Password Requests to Wall Directory Watch.
[   15.296710] systemd[1]: Set up automount Arbitrary Executable File Formats File System Automount Point.
[   15.297400] systemd[1]: Reached target Local Encrypted Volumes.
[   15.297967] systemd[1]: Reached target Paths.
[   15.298489] systemd[1]: Reached target Slices.
[   15.299575] systemd[1]: Listening on Device-mapper event daemon FIFOs.
[   15.300757] systemd[1]: Listening on LVM2 poll daemon socket.
[   15.352993] systemd[1]: Listening on RPCbind Server Activation Socket.
[   15.354665] systemd[1]: Listening on Syslog Socket.
[   15.355908] systemd[1]: Listening on fsck to fsckd communication Socket.
[   15.356810] systemd[1]: Listening on initctl Compatibility Named Pipe.
[   15.358194] systemd[1]: Listening on Journal Audit Socket.
[   15.359355] systemd[1]: Listening on Journal Socket (/dev/log).
[   15.360701] systemd[1]: Listening on Journal Socket.
[   15.362076] systemd[1]: Listening on udev Control Socket.
[   15.363308] systemd[1]: Listening on udev Kernel Socket.
[   15.379461] systemd[1]: Mounting Huge Pages File System...
[   15.397289] systemd[1]: Mounting POSIX Message Queue File System...
[   15.480886] systemd[1]: Mounting RPC Pipe File System...
[   15.497254] systemd[1]: Mounting Kernel Debug File System...
[   15.514725] systemd[1]: Mounting Kernel Trace File System...
[   15.515841] systemd[1]: Condition check resulted in Kernel Module supporting RPCSEC_GSS being skipped.
[   15.534023] systemd[1]: Starting Wait for network to be configured by ifupdown...
[   15.551490] systemd[1]: Starting Create list of static device nodes for the current kernel...
[   15.568885] systemd[1]: Starting Monitoring of LVM2 mirrors, snapshots etc. using dmeventd or progress polling...
[   15.576372] RPC: Registered named UNIX socket transport module.
[   15.576457] RPC: Registered udp transport module.
[   15.576500] RPC: Registered tcp transport module.
[   15.576544] RPC: Registered tcp NFSv4.1 backchannel transport module.
[   15.586513] systemd[1]: Starting Load Kernel Module drm...
[   15.603455] systemd[1]: Starting nftables...
[   15.620692] systemd[1]: Condition check resulted in Set Up Additional Binary Formats being skipped.
[   15.621003] systemd[1]: Condition check resulted in File System Check on Root Device being skipped.
[   15.642086] systemd[1]: Starting Journal Service...
[   15.724113] systemd[1]: Starting Load Kernel Modules...
[   15.741088] systemd[1]: Starting Remount Root and Kernel File Systems...
[   15.760010] systemd[1]: Starting Coldplug All udev Devices...
[   15.778052] systemd[1]: Mounted Huge Pages File System.
[   15.780544] systemd[1]: Mounted POSIX Message Queue File System.
[   15.782907] systemd[1]: Mounted RPC Pipe File System.
[   15.785124] systemd[1]: Mounted Kernel Debug File System.
[   15.787336] systemd[1]: Mounted Kernel Trace File System.
[   15.797172] systemd[1]: Finished Wait for network to be configured by ifupdown.
[   15.805338] systemd[1]: Finished Create list of static device nodes for the current kernel.
[   15.808734] systemd[1]: modprobe@drm.service: Succeeded.
[   15.814161] systemd[1]: Finished Load Kernel Module drm.
[   15.829071] EXT4-fs (vdiska2): re-mounted. Opts: errors=remount-ro
[   15.844057] systemd[1]: Finished Load Kernel Modules.
[   15.845852] systemd[1]: Condition check resulted in FUSE Control File System being skipped.
[   15.846230] systemd[1]: Condition check resulted in Kernel Configuration File System being skipped.
[   15.992855] systemd[1]: Starting Apply Kernel Variables...
[   16.017658] systemd[1]: Finished Remount Root and Kernel File Systems.
[   16.156381] systemd[1]: Starting Initial Check File System Quotas...
[   16.217774] systemd[1]: Condition check resulted in Rebuild Hardware Database being skipped.
[   16.218082] systemd[1]: Condition check resulted in Platform Persistent Storage Archival being skipped.
[   16.236618] systemd[1]: Starting Load/Save Random Seed...
[   16.253661] systemd[1]: Starting Create System Users...
[   16.255922] systemd[1]: Started Journal Service.
[   19.294214] sha1_sparc64: Using sparc64 sha1 opcode optimized SHA-1 implementation
[   19.355521] n2rng v0.3 (Jan 7, 2017)
[   19.355603] n2rng f029b104: Registered RNG HVAPI major 2 minor 0
[   19.355661] n2rng f029b104: Found multi-unit-capable RNG, units: 2
[   19.356616] n2rng f029b104: RNG ready
[   19.436394] sha256_sparc64: Using sparc64 sha256 opcode optimized SHA-256/SHA-224 implementation
[   19.459821] pktcdvd: setup of pktcdvd device failed
[   19.518726] pktcdvd: setup of pktcdvd device failed
[   19.522786] pktcdvd: setup of pktcdvd device failed
[   19.529286] pktcdvd: setup of pktcdvd device failed
[   19.533636] pktcdvd: setup of pktcdvd device failed
[   19.537598] pktcdvd: setup of pktcdvd device failed
[   19.541470] pktcdvd: setup of pktcdvd device failed
[   19.545445] pktcdvd: setup of pktcdvd device failed
[   19.584496] sha512_sparc64: Using sparc64 sha512 opcode optimized SHA-512/SHA-384 implementation
[   19.610991] md5_sparc64: Using sparc64 md5 opcode optimized MD5 implementation
[   19.777578] XFS (dm-0): Mounting V5 Filesystem
[   20.125062] XFS (dm-0): Ending clean mount
[   20.127967] xfs filesystem being mounted at /1 supports timestamps until 2038 (0x7fffffff)
[   20.172406] Adding 787176k swap on /dev/vdiska4.  Priority:-2 extents:1 across:787176k FS
[   20.848847] EXT4-fs (vdiska1): mounting ext3 file system using the ext4 subsystem
[   21.233198] EXT4-fs (vdiska1): mounted filesystem with ordered data mode. Opts: (null)
[   21.233403] ext3 filesystem being mounted at /boot supports timestamps until 2038 (0x7fffffff)
[   21.402888] random: crng init done
[   21.403032] random: 4 urandom warning(s) missed due to ratelimiting
[   22.445228] Kernel unaligned access at TPC[8c525c] aa_dfa_unpack+0x3c/0x640
[   22.445337] Kernel unaligned access at TPC[8c5270] aa_dfa_unpack+0x50/0x640
[   22.445399] Kernel unaligned access at TPC[8c5334] aa_dfa_unpack+0x114/0x640
[   22.445464] Kernel unaligned access at TPC[8c5404] aa_dfa_unpack+0x1e4/0x640
[   22.445527] Kernel unaligned access at TPC[8c5418] aa_dfa_unpack+0x1f8/0x640
[   22.447715] audit: type=1400 audit(1597051241.330:2): apparmor="STATUS" operation="profile_load" profile="unconfined" name="/usr/sbin/haveged" pid=692 comm="apparmor_parser"
[   22.455954] audit: type=1400 audit(1597051241.340:3): apparmor="STATUS" operation="profile_load" profile="unconfined" name="nvidia_modprobe" pid=695 comm="apparmor_parser"
[   22.456096] audit: type=1400 audit(1597051241.340:4): apparmor="STATUS" operation="profile_load" profile="unconfined" name="nvidia_modprobe//kmod" pid=695 comm="apparmor_parser"
[   22.489415] audit: type=1400 audit(1597051241.370:5): apparmor="STATUS" operation="profile_load" profile="unconfined" name="lsb_release" pid=699 comm="apparmor_parser"
[   22.522639] audit: type=1400 audit(1597051241.410:6): apparmor="STATUS" operation="profile_load" profile="unconfined" name="/usr/bin/man" pid=696 comm="apparmor_parser"
[   22.522808] audit: type=1400 audit(1597051241.410:7): apparmor="STATUS" operation="profile_load" profile="unconfined" name="man_filter" pid=696 comm="apparmor_parser"
[   22.522960] audit: type=1400 audit(1597051241.410:8): apparmor="STATUS" operation="profile_load" profile="unconfined" name="man_groff" pid=696 comm="apparmor_parser"
[   22.535819] audit: type=1400 audit(1597051241.420:9): apparmor="STATUS" operation="profile_load" profile="unconfined" name="named" pid=698 comm="apparmor_parser"
[   22.576395] audit: type=1400 audit(1597051241.460:10): apparmor="STATUS" operation="profile_load" profile="unconfined" name="tcpdump" pid=697 comm="apparmor_parser"
