[    0.000020] PROMLIB: Sun IEEE Boot Prom 'OBP 4.38.12 2018/03/28 14:54'
[    0.000034] PROMLIB: Root node compatible: sun4v
[    0.000082] Linux version 5.8.0-rc6-00003-g4fa640dc5230 (mator@ttip) (gcc (Debian 10.1.0-6) 10.1.0, GNU ld (GNU Binutils for Debian) 2.34.90.20200706) #15 SMP Wed Jul 22 11:34:08 MSK 2020
[    0.000431] printk: bootconsole [earlyprom0] enabled
[    0.000484] ARCH: SUN4V
[    0.000534] Ethernet address: 00:14:4f:fa:06:f2
[    0.000587] MM: PAGE_OFFSET is 0xfff8000000000000 (max_phys_bits == 47)
[    0.000653] MM: VMALLOC [0x0000000100000000 --> 0x0006000000000000]
[    0.000716] MM: VMEMMAP [0x0006000000000000 --> 0x000c000000000000]
[    0.012607] Kernel: Using 5 locked TLB entries for main kernel image.
[    0.012682] Remapping the kernel... 
[    0.012706] done.
[    0.046717] OF stdout device is: /virtual-devices@100/console@1
[    0.046782] PROM: Built device tree with 86758 bytes of memory.
[    0.046843] MDESC: Size is 36512 bytes.
[    0.046963] PLATFORM: banner-name [SPARC T5-2]
[    0.047014] PLATFORM: name [ORCL,SPARC-T5-2]
[    0.047062] PLATFORM: hostid [84fa06f2]
[    0.047105] PLATFORM: serial# [0035260e]
[    0.047149] PLATFORM: stick-frequency [3b9aca00]
[    0.047198] PLATFORM: mac-address [144ffa06f2]
[    0.047245] PLATFORM: watchdog-resolution [1000 ms]
[    0.047298] PLATFORM: watchdog-max-timeout [31536000000 ms]
[    0.047355] PLATFORM: max-cpus [1024]
[    0.052355] Allocated 40960 bytes for kernel page tables.
[    0.052445] Zone ranges:
[    0.052485]   Normal   [mem 0x0000000030400000-0x00000024af937fff]
[    0.052550] Movable zone start for each node
[    0.052598] Early memory node ranges
[    0.052640]   node   0: [mem 0x0000000030400000-0x000000006fe7ffff]
[    0.052704]   node   0: [mem 0x000000006ff00000-0x000000006ff25fff]
[    0.052768]   node   0: [mem 0x0000000070000000-0x000000042fffffff]
[    0.052830]   node   0: [mem 0x0000002030000000-0x00000024af87ffff]
[    0.052893]   node   0: [mem 0x00000024af900000-0x00000024af925fff]
[    0.052955]   node   0: [mem 0x00000024af930000-0x00000024af937fff]
[    0.067858] Zeroed struct page in unavailable ranges: 263766 pages
[    0.067867] Initmem setup node 0 [mem 0x0000000030400000-0x00000024af937fff]
[    0.068029] On node 0 totalpages: 4454826
[    0.068039]   Normal zone: 39154 pages used for memmap
[    0.068045]   Normal zone: 0 pages reserved
[    0.068051]   Normal zone: 4454826 pages, LIFO batch:31
[    0.226373] Booting Linux...
[    0.226460] CPU CAPS: [flush,stbar,swap,muldiv,v9,blkinit,n2,mul32]
[    0.226545] CPU CAPS: [div32,v8plus,popc,vis,vis2,ASIBlkInit,fmaf,vis3]
[    0.226623] CPU CAPS: [hpc,ima,pause,cbcond,aes,des,kasumi,camellia]
[    0.226697] CPU CAPS: [md5,sha1,sha256,sha512,mpmul,montmul,montsqr,crc32c]
[    0.256918] percpu: Embedded 28 pages/cpu s184528 r8192 d36656 u262144
[    0.257137] pcpu-alloc: s184528 r8192 d36656 u262144 alloc=1*4194304
[    0.257145] pcpu-alloc: [0] 000 001 002 003 004 005 006 007 008 009 010 011 012 013 014 015 
[    0.257173] pcpu-alloc: [0] 016 017 018 019 020 021 022 023 024 025 026 027 028 029 030 031 
[    0.257202] pcpu-alloc: [0] 032 033 034 035 036 037 038 039 040 041 042 043 044 045 046 047 
[    0.257231] pcpu-alloc: [0] 048 049 050 051 052 053 054 055 056 057 058 059 060 061 062 063 
[    0.257260] pcpu-alloc: [0] 064 065 066 067 068 069 070 071 072 073 074 075 076 077 078 079 
[    0.257289] pcpu-alloc: [0] 080 081 082 083 084 085 086 087 088 089 090 091 092 093 094 095 
[    0.257317] pcpu-alloc: [0] 096 097 098 099 100 101 102 103 104 105 106 107 108 109 110 111 
[    0.257346] pcpu-alloc: [0] 112 113 114 115 116 117 118 119 120 121 122 123 124 125 126 127 
[    0.257801] SUN4V: Mondo queue sizes [cpu(131072) dev(16384) r(8192) nr(256)]
[    0.258180] Built 1 zonelists, mobility grouping on.  Total pages: 4415672
[    0.258249] Policy zone: Normal
[    0.258309] Kernel command line: BOOT_IMAGE=/vmlinux-5.8.0-rc6-00003-g4fa640dc5230 root=/dev/vdiska2 ro zswap.enabled=1
[    0.260939] printk: log_buf_len individual max cpu contribution: 4096 bytes
[    0.261009] printk: log_buf_len total cpu_extra contributions: 520192 bytes
[    0.261077] printk: log_buf_len min size: 131072 bytes
[    0.261352] printk: log_buf_len: 1048576 bytes
[    0.261404] printk: early log buf free: 126680(96%)
[    0.267722] Dentry cache hash table entries: 8388608 (order: 13, 67108864 bytes, linear)
[    0.270961] Inode-cache hash table entries: 4194304 (order: 12, 33554432 bytes, linear)
[    0.271039] Sorting __ex_table...
[    0.271269] mem auto-init: stack:off, heap alloc:off, heap free:off
[    0.378108] Memory: 35127984K/35638608K available (7965K kernel code, 1083K rwdata, 2344K rodata, 656K init, 6852K bss, 510624K reserved, 0K cma-reserved)
[    0.378804] SLUB: HWalign=32, Order=0-3, MinObjects=0, CPUs=128, Nodes=32
[    0.379114] ftrace: allocating 21752 entries in 43 pages
[    0.387645] ftrace: allocated 43 pages with 4 groups
[    0.390558] Running RCU self tests
[    0.390649] rcu: Hierarchical RCU implementation.
[    0.390702] rcu: 	RCU event tracing is enabled.
[    0.390751] rcu: 	RCU lockdep checking is enabled.
[    0.390803] 	Trampoline variant of Tasks RCU enabled.
[    0.390855] 	Rude variant of Tasks RCU enabled.
[    0.390902] 	Tracing variant of Tasks RCU enabled.
[    0.390953] rcu: RCU calculated value of scheduler-enlistment delay is 10 jiffies.
[    0.395366] NR_IRQS: 2048, nr_irqs: 2048, preallocated irqs: 1
[    0.395447] SUN4V: Using IRQ API major 3, cookie only virqs enabled
[    0.398016] clocksource: stick: mask: 0xffffffffffffffff max_cycles: 0x1cd42e4dffb, max_idle_ns: 881590591483 ns
[    0.398149] clocksource: mult[800000] shift[23]
[    0.398198] clockevent: mult[80000000] shift[31]
[    0.398595] Console: colour dummy device 80x25
[    0.398659] printk: console [tty0] enabled
[    0.398739] printk: bootconsole [earlyprom0] disabled
[    0.398828] Lock dependency validator: Copyright (c) 2006 Red Hat, Inc., Ingo Molnar
[    0.398880] ... MAX_LOCKDEP_SUBCLASSES:  8
[    0.398912] ... MAX_LOCK_DEPTH:          48
[    0.398944] ... MAX_LOCKDEP_KEYS:        8192
[    0.398977] ... CLASSHASH_SIZE:          4096
[    0.399010] ... MAX_LOCKDEP_ENTRIES:     16384
[    0.399044] ... MAX_LOCKDEP_CHAINS:      32768
[    0.399077] ... CHAINHASH_SIZE:          16384
[    0.399111]  memory used by lock dependency info: 3919 kB
[    0.399149]  memory used for stack traces: 2112 kB
[    0.399185]  per task-struct memory footprint: 1920 bytes
[    0.548436] Calibrating delay using timer specific routine.. 2004.16 BogoMIPS (lpj=10020801)
[    0.548502] pid_max: default: 131072 minimum: 1024
[    0.548819] LSM: Security Framework initializing
[    0.548986] AppArmor: AppArmor initialized
[    0.549288] Mount-cache hash table entries: 131072 (order: 7, 1048576 bytes, linear)
[    0.549459] Mountpoint-cache hash table entries: 131072 (order: 7, 1048576 bytes, linear)
[    0.554774] rcu: Hierarchical SRCU implementation.
[    0.563613] smp: Bringing up secondary CPUs ...
[    0.609981] smp: Brought up 1 node, 32 CPUs
[    0.615714] devtmpfs: initialized
[    0.620795] Performance events: 
[    0.620829] Testing NMI watchdog ... 
[    0.820906] OK.
[    0.821058] Supported PMU type is 'niagara5'
[    0.821245] random: get_random_u32 called from bucket_table_alloc.isra.0+0x198/0x1c0 with crng_init=0
[    0.821748] ldc.c:v1.1 (July 22, 2008)
[    0.824299] clocksource: jiffies: mask: 0xffffffff max_cycles: 0xffffffff, max_idle_ns: 19112604462750000 ns
[    0.824395] futex hash table entries: 32768 (order: 9, 4194304 bytes, linear)
[    0.829808] NET: Registered protocol family 16
[    0.839042] VIO: Adding device channel-devices (tx_ino = ffffffffffffffff, rx_ino = ffffffffffffffff)
[    0.839266] VIO: Adding device vnet-port-0-0 (tx_ino = 0, rx_ino = 1)
[    0.839512] VIO: Adding device vnet-port-0-1 (tx_ino = 2, rx_ino = 3)
[    0.839693] VIO: Adding device vnet-port-0-2 (tx_ino = 4, rx_ino = 5)
[    0.839878] VIO: Adding device vnet-port-0-3 (tx_ino = 6, rx_ino = 7)
[    0.840066] VIO: Adding device vnet-port-0-4 (tx_ino = 8, rx_ino = 9)
[    0.840244] VIO: Adding device vnet-port-0-5 (tx_ino = a, rx_ino = b)
[    0.840428] VIO: Adding device vdc-port-2-0 (tx_ino = c, rx_ino = d)
[    0.840606] VIO: Adding device vdc-port-1-0 (tx_ino = e, rx_ino = f)
[    0.840785] VIO: Adding device vdc-port-0-0 (tx_ino = 10, rx_ino = 11)
[    0.840968] VIO: Adding device vdc-port-3-0 (tx_ino = 12, rx_ino = 13)
[    0.841185] VIO: Adding device vlds-port-0-0 (tx_ino = 14, rx_ino = 15)
[    0.841369] VIO: Adding device domain-services-port-0 (tx_ino = 14, rx_ino = 15)
[    0.841671] audit: initializing netlink subsys (disabled)
[    0.841948] audit: type=2000 audit(0.440:1): state=initialized audit_enabled=0 res=1
[    0.871537] HugeTLB registered 64.0 KiB page size, pre-allocated 0 pages
[    0.871591] HugeTLB registered 8.00 MiB page size, pre-allocated 0 pages
[    0.871646] HugeTLB registered 256 MiB page size, pre-allocated 0 pages
[    0.871693] HugeTLB registered 2.00 GiB page size, pre-allocated 0 pages
[    0.874671] alg: extra crypto tests enabled.  This is intended for developer use only.
[    0.896894] cryptd: max_cpu_qlen set to 1000
[    0.999833] NetLabel: Initializing
[    0.999868] NetLabel:  domain hash size = 128
[    0.999903] NetLabel:  protocols = UNLABELED CIPSOv4 CALIPSO
[    1.000027] NetLabel:  unlabeled traffic allowed by default
[    1.001007] SUN4V: Reboot data supported (maj=1,min=0).
[    1.001483] ds.c:v1.0 (Jul 11, 2007)
[    1.001831] ds-0: ds_conn_reset() from send_events
[    1.002339] clocksource: Switched to clocksource stick
[    1.212999] VFS: Disk quotas dquot_6.6.0
[    1.213145] VFS: Dquot-cache hash table entries: 1024 (order 0, 8192 bytes)
[    1.215403] AppArmor: AppArmor Filesystem Enabled
[    1.229139] NET: Registered protocol family 2
[    1.231057] tcp_listen_portaddr_hash hash table entries: 32768 (order: 8, 2621440 bytes, linear)
[    1.234029] TCP established hash table entries: 524288 (order: 9, 4194304 bytes, linear)
[    1.236432] TCP bind hash table entries: 65536 (order: 9, 4718592 bytes, linear)
[    1.242633] TCP: Hash tables configured (established 524288 bind 65536)
[    1.245100] UDP hash table entries: 32768 (order: 9, 5242880 bytes, linear)
[    1.251387] UDP-Lite hash table entries: 32768 (order: 9, 5242880 bytes, linear)
[    1.259425] NET: Registered protocol family 1
[    1.259492] NET: Registered protocol family 44
[    1.260167] Trying to unpack rootfs image as initramfs...
[    1.463580] Freeing initrd memory: 14944K
[    1.464278] aes_sparc64: Using sparc64 aes opcodes optimized AES implementation
[    1.707487] des_sparc64: Using sparc64 des opcodes optimized DES implementation
[    2.161268] camellia_sparc64: Using sparc64 camellia opcodes optimized CAMELLIA implementation
[    2.333183] workingset: timestamp_bits=41 max_order=23 bucket_order=0
[    2.354405] zbud: loaded
[    2.357114] SGI XFS with ACLs, security attributes, quota, fatal assert, debug enabled
[    2.384070] Block layer SCSI generic (bsg) driver version 0.4 loaded (major 252)
[    2.385083] io scheduler mq-deadline registered
[    2.388045] f029b788: ttyHV0 at I/O 0x0 (irq = 1, base_baud = 115200) is a SUN4V HCONS
[    2.389050] printk: console [ttyHV0] enabled
[    2.393396] sunvdc.c:v1.2 (November 24, 2014)
[    2.396456] sunvdc: Virtual Hard disk vdiskc
[    2.396499] sunvdc: vdiskc: 104857600 sectors (51200 MB) protocol 1.2
[    2.419626] sunvdc: Virtual Hard disk vdiskb
[    2.419670] sunvdc: vdiskb: 62914560 sectors (30720 MB) protocol 1.2
[    2.421126]  vdiskb: vdiskb1
[    2.442697] sunvdc: Virtual Hard disk vdiska
[    2.442741] sunvdc: vdiska: 31457280 sectors (15360 MB) protocol 1.2
[    2.443807]  vdiska: vdiska1 vdiska2 vdiska3 vdiska4
[    2.466555] sunvdc: Virtual CDROM vdiskd
[    2.466602] sunvdc: vdiskd: 453848 sectors (221 MB) protocol 1.2
[    2.467700]  vdiskd: vdiskd1 vdiskd2 vdiskd3 vdiskd4 vdiskd5 vdiskd6 vdiskd7
[    2.488380] sunvnet: sunvnet 2.0 (February 3, 2017)
[    2.491024] vnet_port vnet-port-0-0 eth0: Sun LDOM vnet 00:14:4f:f8:12:a3
[    2.491247] sunvnet: eth0: PORT ( remote-mac 00:14:4f:fa:f3:f0 switch-port )
[    2.491917] sunvnet: eth0: PORT ( remote-mac 00:14:4f:f8:e5:f3 )
[    2.492590] sunvnet: eth0: PORT ( remote-mac 00:14:4f:f9:b4:97 )
[    2.493230] sunvnet: eth0: PORT ( remote-mac 00:14:4f:f8:3f:1e )
[    2.493869] sunvnet: eth0: PORT ( remote-mac 00:14:4f:f8:fe:47 )
[    2.494515] sunvnet: eth0: PORT ( remote-mac 00:14:4f:fb:b5:00 )
[    2.495775] rtc-sun4v rtc-sun4v: registered as rtc0
[    2.495905] rtc-sun4v rtc-sun4v: setting system clock to 2020-07-22T08:38:45 UTC (1595407125)
[    2.496525] sun4v_wdt: initialized (timeout=60s, nowayout=0)
[    2.496923] device-mapper: uevent: version 1.0.3
[    2.497947] device-mapper: ioctl: 4.42.0-ioctl (2020-02-27) initialised: dm-devel@redhat.com
[    2.498974] NET: Registered protocol family 17
[    2.499360] registered taskstats version 1
[    2.500273] zswap: loaded using pool lzo/zbud
[    2.501823] AppArmor: AppArmor sha1 policy hashing enabled
[    2.506999] This architecture does not have kernel memory protection.
[    2.507060] Run /init as init process
[    2.507094]   with arguments:
[    2.507101]     /init
[    2.507107]   with environment:
[    2.507114]     HOME=/
[    2.507120]     TERM=linux
[    2.507127]     BOOT_IMAGE=/vmlinux-5.8.0-rc6-00003-g4fa640dc5230
[    3.008395] crc32c_sparc64: Using sparc64 crc32c opcode optimized CRC32C implementation
[    3.255215] random: fast init done
[    3.572301] raid6: int64x8  gen()  2146 MB/s
[    3.742297] raid6: int64x8  xor()  1518 MB/s
[    3.912300] raid6: int64x4  gen()  3371 MB/s
[    4.082296] raid6: int64x4  xor()  1463 MB/s
[    4.252299] raid6: int64x2  gen()  2918 MB/s
[    4.422297] raid6: int64x2  xor()  1128 MB/s
[    4.592293] raid6: int64x1  gen()  1401 MB/s
[    4.762297] raid6: int64x1  xor()   717 MB/s
[    4.762351] raid6: using algorithm int64x4 gen() 3371 MB/s
[    4.762395] raid6: .... xor() 1463 MB/s, rmw enabled
[    4.762436] raid6: using intx1 recovery algorithm
[    4.763324] async_tx: api initialized (async)
[    4.763838] xor: automatically using best checksumming function   Niagara   
[    4.977572] process '/usr/bin/fstype' started with executable stack
[    5.120682] EXT4-fs (vdiska2): mounted filesystem with ordered data mode. Opts: (null)
[    7.692948] systemd[1]: Inserted module 'autofs4'
[    7.706687] NET: Registered protocol family 10
[    7.713220] Segment Routing with IPv6
[    7.816180] systemd[1]: systemd 245.6-3 running in system mode. (+PAM +AUDIT +SELINUX +IMA +APPARMOR +SMACK +SYSVINIT +UTMP +LIBCRYPTSETUP +GCRYPT +GNUTLS +ACL +XZ +LZ4 -SECCOMP +BLKID +ELFUTILS +KMOD +IDN2 -IDN +PCRE2 default-hierarchy=hybrid)
[    7.816825] systemd[1]: Detected architecture sparc64.
[    7.876789] systemd[1]: Set hostname to <ttip>.
[    9.319747] random: lvmconfig: uninitialized urandom read (4 bytes read)
[   11.678427] random: systemd: uninitialized urandom read (16 bytes read)
[   11.723320] systemd[1]: Created slice system-getty.slice.
[   11.724099] random: systemd: uninitialized urandom read (16 bytes read)
[   11.734022] systemd[1]: Created slice system-modprobe.slice.
[   11.734469] random: systemd: uninitialized urandom read (16 bytes read)
[   11.744413] systemd[1]: Created slice system-openvpn\x2dclient.slice.
[   11.784203] systemd[1]: Created slice system-postfix.slice.
[   11.794947] systemd[1]: Created slice system-systemd\x2dfsck.slice.
[   11.804318] systemd[1]: Created slice User and Session Slice.
[   11.805369] systemd[1]: Started Dispatch Password Requests to Console Directory Watch.
[   11.806228] systemd[1]: Started Forward Password Requests to Wall Directory Watch.
[   11.809231] systemd[1]: Set up automount Arbitrary Executable File Formats File System Automount Point.
[   11.809821] systemd[1]: Reached target Local Encrypted Volumes.
[   11.810341] systemd[1]: Reached target Paths.
[   11.810812] systemd[1]: Reached target Slices.
[   11.811768] systemd[1]: Listening on Device-mapper event daemon FIFOs.
[   11.813081] systemd[1]: Listening on LVM2 poll daemon socket.
[   11.861480] systemd[1]: Listening on RPCbind Server Activation Socket.
[   11.864139] systemd[1]: Listening on Syslog Socket.
[   11.865255] systemd[1]: Listening on fsck to fsckd communication Socket.
[   11.866068] systemd[1]: Listening on initctl Compatibility Named Pipe.
[   11.867341] systemd[1]: Listening on Journal Audit Socket.
[   11.868376] systemd[1]: Listening on Journal Socket (/dev/log).
[   11.869616] systemd[1]: Listening on Journal Socket.
[   11.870757] systemd[1]: Listening on udev Control Socket.
[   11.871615] systemd[1]: Listening on udev Kernel Socket.
[   11.886356] systemd[1]: Mounting Huge Pages File System...
[   11.902219] systemd[1]: Mounting POSIX Message Queue File System...
[   11.973640] systemd[1]: Mounting RPC Pipe File System...
[   11.989097] systemd[1]: Mounting Kernel Debug File System...
[   12.005788] systemd[1]: Mounting Kernel Trace File System...
[   12.006594] systemd[1]: Condition check resulted in Kernel Module supporting RPCSEC_GSS being skipped.
[   12.020967] systemd[1]: Starting Availability of block devices...
[   12.037888] systemd[1]: Starting Wait for network to be configured by ifupdown...
[   12.053376] systemd[1]: Starting Create list of static device nodes for the current kernel...
[   12.067781] systemd[1]: Starting Monitoring of LVM2 mirrors, snapshots etc. using dmeventd or progress polling...
[   12.083504] systemd[1]: Starting Load Kernel Module drm...
[   12.097766] systemd[1]: Starting nftables...
[   12.153307] systemd[1]: Condition check resulted in Set Up Additional Binary Formats being skipped.
[   12.153633] systemd[1]: Condition check resulted in File System Check on Root Device being skipped.
[   12.173051] systemd[1]: Starting Journal Service...
[   12.277897] systemd[1]: Starting Load Kernel Modules...
[   12.293707] systemd[1]: Starting Remount Root and Kernel File Systems...
[   12.294817] RPC: Registered named UNIX socket transport module.
[   12.294891] RPC: Registered udp transport module.
[   12.294933] RPC: Registered tcp transport module.
[   12.294975] RPC: Registered tcp NFSv4.1 backchannel transport module.
[   12.411221] systemd[1]: Starting udev Coldplug all Devices...
[   12.421286] systemd[1]: Mounted Huge Pages File System.
[   12.422997] systemd[1]: Mounted POSIX Message Queue File System.
[   12.424560] systemd[1]: Mounted RPC Pipe File System.
[   12.426094] systemd[1]: Mounted Kernel Debug File System.
[   12.427608] systemd[1]: Mounted Kernel Trace File System.
[   12.435767] systemd[1]: Finished Availability of block devices.
[   12.442799] systemd[1]: Finished Wait for network to be configured by ifupdown.
[   12.450079] systemd[1]: Finished Create list of static device nodes for the current kernel.
[   12.453345] systemd[1]: modprobe@drm.service: Succeeded.
[   12.457862] systemd[1]: Finished Load Kernel Module drm.
[   12.464480] systemd[1]: Finished Load Kernel Modules.
[   12.466824] systemd[1]: Condition check resulted in FUSE Control File System being skipped.
[   12.467197] systemd[1]: Condition check resulted in Kernel Configuration File System being skipped.
[   12.481378] systemd[1]: Starting Apply Kernel Variables...
[   12.492578] systemd[1]: Started Journal Service.
[   12.520201] EXT4-fs (vdiska2): re-mounted. Opts: errors=remount-ro
[   12.874672] systemd-journald[505]: Received client request to flush runtime journal.
[   16.622833] sha1_sparc64: Using sparc64 sha1 opcode optimized SHA-1 implementation
[   16.696527] n2rng v0.3 (Jan 7, 2017)
[   16.696615] n2rng f029b104: Registered RNG HVAPI major 2 minor 0
[   16.696696] n2rng f029b104: Found multi-unit-capable RNG, units: 2
[   16.697633] n2rng f029b104: RNG ready
[   16.787158] sha256_sparc64: Using sparc64 sha256 opcode optimized SHA-256/SHA-224 implementation
[   16.986559] pktcdvd: setup of pktcdvd device failed
[   17.028292] pktcdvd: setup of pktcdvd device failed
[   17.038251] pktcdvd: setup of pktcdvd device failed
[   17.041495] pktcdvd: setup of pktcdvd device failed
[   17.045358] pktcdvd: setup of pktcdvd device failed
[   17.048733] pktcdvd: setup of pktcdvd device failed
[   17.052432] pktcdvd: setup of pktcdvd device failed
[   17.055376] pktcdvd: setup of pktcdvd device failed
[   17.081521] sha512_sparc64: Using sparc64 sha512 opcode optimized SHA-512/SHA-384 implementation
[   17.130864] md5_sparc64: Using sparc64 md5 opcode optimized MD5 implementation
[   17.613027] random: crng init done
[   17.613179] random: 6 urandom warning(s) missed due to ratelimiting
[   17.864807] XFS (dm-0): Mounting V5 Filesystem
[   18.032368] Adding 787176k swap on /dev/vdiska4.  Priority:-2 extents:1 across:787176k FS
[   18.033574] XFS (dm-0): Ending clean mount
[   18.036237] xfs filesystem being mounted at /1 supports timestamps until 2038 (0x7fffffff)
[   19.527977] EXT4-fs (vdiska1): mounting ext3 file system using the ext4 subsystem
[   19.968840] EXT4-fs (vdiska1): mounted filesystem with ordered data mode. Opts: (null)
[   19.969035] ext3 filesystem being mounted at /boot supports timestamps until 2038 (0x7fffffff)
[   22.977174] Kernel unaligned access at TPC[8bd9fc] aa_dfa_unpack+0x3c/0x640
[   22.977282] Kernel unaligned access at TPC[8bda10] aa_dfa_unpack+0x50/0x640
[   22.977343] Kernel unaligned access at TPC[8bdad4] aa_dfa_unpack+0x114/0x640
[   22.977406] Kernel unaligned access at TPC[8bdba4] aa_dfa_unpack+0x1e4/0x640
[   22.977466] Kernel unaligned access at TPC[8bdbb8] aa_dfa_unpack+0x1f8/0x640
[   22.987310] audit: type=1400 audit(1595407145.980:2): apparmor="STATUS" operation="profile_load" profile="unconfined" name="nvidia_modprobe" pid=693 comm="apparmor_parser"
[   22.987442] audit: type=1400 audit(1595407145.980:3): apparmor="STATUS" operation="profile_load" profile="unconfined" name="nvidia_modprobe//kmod" pid=693 comm="apparmor_parser"
[   23.022890] audit: type=1400 audit(1595407146.020:4): apparmor="STATUS" operation="profile_load" profile="unconfined" name="/usr/sbin/haveged" pid=691 comm="apparmor_parser"
[   23.097959] audit: type=1400 audit(1595407146.090:5): apparmor="STATUS" operation="profile_load" profile="unconfined" name="lsb_release" pid=697 comm="apparmor_parser"
[   23.134217] audit: type=1400 audit(1595407146.130:6): apparmor="STATUS" operation="profile_load" profile="unconfined" name="/usr/bin/man" pid=694 comm="apparmor_parser"
[   23.134370] audit: type=1400 audit(1595407146.130:7): apparmor="STATUS" operation="profile_load" profile="unconfined" name="man_filter" pid=694 comm="apparmor_parser"
[   23.134522] audit: type=1400 audit(1595407146.130:8): apparmor="STATUS" operation="profile_load" profile="unconfined" name="man_groff" pid=694 comm="apparmor_parser"
[   23.175500] audit: type=1400 audit(1595407146.170:9): apparmor="STATUS" operation="profile_load" profile="unconfined" name="named" pid=696 comm="apparmor_parser"
[   23.240235] audit: type=1400 audit(1595407146.230:10): apparmor="STATUS" operation="profile_load" profile="unconfined" name="tcpdump" pid=695 comm="apparmor_parser"
