[    0.000018] PROMLIB: Sun IEEE Boot Prom 'OBP 4.38.12 2018/03/28 14:54'
[    0.000030] PROMLIB: Root node compatible: sun4v
[    0.000076] Linux version 5.2.0-rc1-00245-g84c8df164906 (mator@ttip) (gcc version 9.3.0 (Debian 9.3.0-11)) #96 SMP Tue Apr 28 16:16:59 MSK 2020
[    0.000382] printk: bootconsole [earlyprom0] enabled
[    0.000433] ARCH: SUN4V
[    0.000482] Ethernet address: 00:14:4f:fa:06:f2
[    0.000532] MM: PAGE_OFFSET is 0xfff8000000000000 (max_phys_bits == 47)
[    0.000598] MM: VMALLOC [0x0000000100000000 --> 0x0006000000000000]
[    0.000659] MM: VMEMMAP [0x0006000000000000 --> 0x000c000000000000]
[    0.012312] Kernel: Using 5 locked TLB entries for main kernel image.
[    0.012382] Remapping the kernel... 
[    0.012408] done.
[    0.045378] OF stdout device is: /virtual-devices@100/console@1
[    0.045443] PROM: Built device tree with 86230 bytes of memory.
[    0.045503] MDESC: Size is 36512 bytes.
[    0.045616] PLATFORM: banner-name [SPARC T5-2]
[    0.045667] PLATFORM: name [ORCL,SPARC-T5-2]
[    0.045713] PLATFORM: hostid [84fa06f2]
[    0.045757] PLATFORM: serial# [0035260e]
[    0.045799] PLATFORM: stick-frequency [3b9aca00]
[    0.045847] PLATFORM: mac-address [144ffa06f2]
[    0.045893] PLATFORM: watchdog-resolution [1000 ms]
[    0.045943] PLATFORM: watchdog-max-timeout [31536000000 ms]
[    0.045999] PLATFORM: max-cpus [1024]
[    0.046087] Top of RAM: 0x24af938000, Total RAM: 0x87f354000
[    0.046146] Memory hole size: 115461MB
[    0.050747] Allocated 40960 bytes for kernel page tables.
[    0.050829] Zone ranges:
[    0.050868]   Normal   [mem 0x0000000030400000-0x00000024af937fff]
[    0.050931] Movable zone start for each node
[    0.050975] Early memory node ranges
[    0.051017]   node   0: [mem 0x0000000030400000-0x000000006fe7ffff]
[    0.051076]   node   0: [mem 0x000000006ff00000-0x000000006ff25fff]
[    0.051136]   node   0: [mem 0x0000000070000000-0x000000042fffffff]
[    0.051197]   node   0: [mem 0x0000002030000000-0x00000024af87ffff]
[    0.051258]   node   0: [mem 0x00000024af900000-0x00000024af925fff]
[    0.051317]   node   0: [mem 0x00000024af930000-0x00000024af937fff]
[    0.058676] Zeroed struct page in unavailable ranges: 230130 pages
[    0.058684] Initmem setup node 0 [mem 0x0000000030400000-0x00000024af937fff]
[    0.058844] On node 0 totalpages: 4454826
[    0.058853]   Normal zone: 39154 pages used for memmap
[    0.058859]   Normal zone: 0 pages reserved
[    0.058864]   Normal zone: 4454826 pages, LIFO batch:31
[    0.066508] Booting Linux...
[    0.066591] CPU CAPS: [flush,stbar,swap,muldiv,v9,blkinit,n2,mul32]
[    0.066672] CPU CAPS: [div32,v8plus,popc,vis,vis2,ASIBlkInit,fmaf,vis3]
[    0.067753] CPU CAPS: [hpc,ima,pause,cbcond,aes,des,kasumi,camellia]
[    0.067826] CPU CAPS: [md5,sha1,sha256,sha512,mpmul,montmul,montsqr,crc32c]
[    0.097367] percpu: Embedded 27 pages/cpu s179080 r8192 d33912 u262144
[    0.097579] pcpu-alloc: s179080 r8192 d33912 u262144 alloc=1*4194304
[    0.097587] pcpu-alloc: [0] 000 001 002 003 004 005 006 007 008 009 010 011 012 013 014 015 
[    0.097614] pcpu-alloc: [0] 016 017 018 019 020 021 022 023 024 025 026 027 028 029 030 031 
[    0.097640] pcpu-alloc: [0] 032 033 034 035 036 037 038 039 040 041 042 043 044 045 046 047 
[    0.097667] pcpu-alloc: [0] 048 049 050 051 052 053 054 055 056 057 058 059 060 061 062 063 
[    0.097694] pcpu-alloc: [0] 064 065 066 067 068 069 070 071 072 073 074 075 076 077 078 079 
[    0.097720] pcpu-alloc: [0] 080 081 082 083 084 085 086 087 088 089 090 091 092 093 094 095 
[    0.097746] pcpu-alloc: [0] 096 097 098 099 100 101 102 103 104 105 106 107 108 109 110 111 
[    0.097773] pcpu-alloc: [0] 112 113 114 115 116 117 118 119 120 121 122 123 124 125 126 127 
[    0.098204] SUN4V: Mondo queue sizes [cpu(131072) dev(16384) r(8192) nr(256)]
[    0.098572] Built 1 zonelists, mobility grouping on.  Total pages: 4415672
[    0.098660] Kernel command line: BOOT_IMAGE=/vmlinux-5.2.0-rc1-00245-g84c8df164906 root=/dev/vdiska2 ro zswap.enabled=1
[    0.100863] printk: log_buf_len individual max cpu contribution: 4096 bytes
[    0.100934] printk: log_buf_len total cpu_extra contributions: 520192 bytes
[    0.100999] printk: log_buf_len min size: 131072 bytes
[    0.101270] printk: log_buf_len: 1048576 bytes
[    0.101321] printk: early log buf free: 126648(96%)
[    0.107635] Dentry cache hash table entries: 8388608 (order: 13, 67108864 bytes)
[    0.110866] Inode-cache hash table entries: 4194304 (order: 12, 33554432 bytes)
[    0.110936] Sorting __ex_table...
[    0.168073] Memory: 1305232K/35638608K available (7222K kernel code, 956K rwdata, 2128K rodata, 688K init, 6666K bss, 508096K reserved, 0K cma-reserved)
[    0.168765] SLUB: HWalign=32, Order=0-3, MinObjects=0, CPUs=128, Nodes=1
[    0.169060] ftrace: allocating 20939 entries in 41 pages
[    0.179520] Running RCU self tests
[    0.179565] rcu: Hierarchical RCU implementation.
[    0.179613] rcu: 	RCU event tracing is enabled.
[    0.179662] rcu: 	RCU lockdep checking is enabled.
[    0.179711] 	Tasks RCU enabled.
[    0.179749] rcu: RCU calculated value of scheduler-enlistment delay is 10 jiffies.
[    0.183893] NR_IRQS: 2048, nr_irqs: 2048, preallocated irqs: 1
[    0.183969] SUN4V: Using IRQ API major 3, cookie only virqs enabled
[    0.186377] clocksource: stick: mask: 0xffffffffffffffff max_cycles: 0x1cd42e4dffb, max_idle_ns: 881590591483 ns
[    0.186508] clocksource: mult[800000] shift[23]
[    0.186557] clockevent: mult[80000000] shift[31]
[    0.187085] Console: colour dummy device 80x25
[    0.187147] printk: console [tty0] enabled
[    0.187221] printk: bootconsole [earlyprom0] disabled
[    0.187304] Lock dependency validator: Copyright (c) 2006 Red Hat, Inc., Ingo Molnar
[    0.187351] ... MAX_LOCKDEP_SUBCLASSES:  8
[    0.187380] ... MAX_LOCK_DEPTH:          48
[    0.187409] ... MAX_LOCKDEP_KEYS:        8191
[    0.187438] ... CLASSHASH_SIZE:          4096
[    0.187468] ... MAX_LOCKDEP_ENTRIES:     16384
[    0.187499] ... MAX_LOCKDEP_CHAINS:      32768
[    0.187529] ... CHAINHASH_SIZE:          16384
[    0.187559]  memory used by lock dependency info: 3853 kB
[    0.187593]  per task-struct memory footprint: 1920 bytes
[    0.336865] Calibrating delay using timer specific routine.. 2006.61 BogoMIPS (lpj=10033075)
[    0.336932] pid_max: default: 131072 minimum: 1024
[    0.337207] LSM: Security Framework initializing
[    0.337446] AppArmor: AppArmor initialized
[    0.337717] Mount-cache hash table entries: 131072 (order: 7, 1048576 bytes)
[    0.337876] Mountpoint-cache hash table entries: 131072 (order: 7, 1048576 bytes)
[    0.338666] *** VALIDATE proc ***
[    0.339091] *** VALIDATE cgroup1 ***
[    0.339121] *** VALIDATE cgroup2 ***
[    0.341095] rcu: Hierarchical SRCU implementation.
[    0.348489] smp: Bringing up secondary CPUs ...
[    0.389805] smp: Brought up 1 node, 32 CPUs
[    0.580527] node 0 initialised, 4228160 pages in 190ms
[    0.582004] devtmpfs: initialized
[    0.586479] Performance events: 
[    0.586524] Testing NMI watchdog ... 
[    0.786595] OK.
[    0.786682] Supported PMU type is 'niagara5'
[    0.786864] random: get_random_u32 called from bucket_table_alloc.isra.0+0x188/0x1c0 with crng_init=0
[    0.787466] ldc.c:v1.1 (July 22, 2008)
[    0.789807] clocksource: jiffies: mask: 0xffffffff max_cycles: 0xffffffff, max_idle_ns: 19112604462750000 ns
[    0.789893] futex hash table entries: 32768 (order: 9, 4194304 bytes)
[    0.794808] NET: Registered protocol family 16
[    0.802375] VIO: Adding device channel-devices (tx_ino = ffffffffffffffff, rx_ino = ffffffffffffffff)
[    0.802571] VIO: Adding device vnet-port-0-0 (tx_ino = 0, rx_ino = 1)
[    0.802762] VIO: Adding device vnet-port-0-1 (tx_ino = 2, rx_ino = 3)
[    0.802921] VIO: Adding device vnet-port-0-2 (tx_ino = 4, rx_ino = 5)
[    0.803078] VIO: Adding device vnet-port-0-3 (tx_ino = 6, rx_ino = 7)
[    0.803240] VIO: Adding device vnet-port-0-4 (tx_ino = 8, rx_ino = 9)
[    0.803397] VIO: Adding device vnet-port-0-5 (tx_ino = a, rx_ino = b)
[    0.803553] VIO: Adding device vdc-port-2-0 (tx_ino = c, rx_ino = d)
[    0.803714] VIO: Adding device vdc-port-1-0 (tx_ino = e, rx_ino = f)
[    0.803870] VIO: Adding device vdc-port-0-0 (tx_ino = 10, rx_ino = 11)
[    0.804027] VIO: Adding device vdc-port-3-0 (tx_ino = 12, rx_ino = 13)
[    0.804188] VIO: Adding device vlds-port-0-0 (tx_ino = 14, rx_ino = 15)
[    0.804349] VIO: Adding device domain-services-port-0 (tx_ino = 14, rx_ino = 15)
[    0.804618] audit: initializing netlink subsys (disabled)
[    0.804866] audit: type=2000 audit(0.410:1): state=initialized audit_enabled=0 res=1
[    0.827765] HugeTLB registered 64.0 KiB page size, pre-allocated 0 pages
[    0.827810] HugeTLB registered 8.00 MiB page size, pre-allocated 0 pages
[    0.827854] HugeTLB registered 256 MiB page size, pre-allocated 0 pages
[    0.827897] HugeTLB registered 2.00 GiB page size, pre-allocated 0 pages
[    0.830075] alg: extra crypto tests enabled.  This is intended for developer use only.
[    0.848108] cryptd: max_cpu_qlen set to 1000
[    0.875558] alg: No test for lzo-rle (lzo-rle-generic)
[    0.876003] alg: No test for lzo-rle (lzo-rle-scomp)
[    0.918867] NetLabel: Initializing
[    0.918896] NetLabel:  domain hash size = 128
[    0.918928] NetLabel:  protocols = UNLABELED CIPSOv4 CALIPSO
[    0.919056] NetLabel:  unlabeled traffic allowed by default
[    0.919962] SUN4V: Reboot data supported (maj=1,min=0).
[    0.920335] ds.c:v1.0 (Jul 11, 2007)
[    0.920659] ds-0: ds_conn_reset() from send_events.isra.0
[    0.922086] clocksource: Switched to clocksource stick
[    1.110967] VFS: Disk quotas dquot_6.6.0
[    1.111095] VFS: Dquot-cache hash table entries: 1024 (order 0, 8192 bytes)
[    1.111313] *** VALIDATE hugetlbfs ***
[    1.112914] AppArmor: AppArmor Filesystem Enabled
[    1.125328] NET: Registered protocol family 2
[    1.126730] tcp_listen_portaddr_hash hash table entries: 32768 (order: 8, 2359296 bytes)
[    1.129623] TCP established hash table entries: 524288 (order: 9, 4194304 bytes)
[    1.131572] TCP bind hash table entries: 65536 (order: 9, 4194304 bytes)
[    1.137453] TCP: Hash tables configured (established 524288 bind 65536)
[    1.139819] UDP hash table entries: 32768 (order: 9, 5242880 bytes)
[    1.146105] UDP-Lite hash table entries: 32768 (order: 9, 5242880 bytes)
[    1.153969] NET: Registered protocol family 1
[    1.154028] NET: Registered protocol family 44
[    1.154521] Trying to unpack rootfs image as initramfs...
[    1.346319] Freeing initrd memory: 14688K
[    1.347036] aes_sparc64: Using sparc64 aes opcodes optimized AES implementation
[    1.607571] des_sparc64: Using sparc64 des opcodes optimized DES implementation
[    2.070419] camellia_sparc64: Using sparc64 camellia opcodes optimized CAMELLIA implementation
[    2.250021] workingset: timestamp_bits=46 max_order=23 bucket_order=0
[    2.267723] zbud: loaded
[    2.269846] SGI XFS with ACLs, security attributes, debug enabled
[    2.276876] Block layer SCSI generic (bsg) driver version 0.4 loaded (major 252)
[    2.277637] io scheduler mq-deadline registered
[    2.280125] f029b788: ttyS0 at I/O 0x0 (irq = 1, base_baud = 115200) is a SUN4V HCONS
[    2.286476] printk: console [ttyHV0] enabled
[    2.288853] sunvdc.c:v1.2 (November 24, 2014)
[    2.290481] sunvdc: Virtual Hard disk vdiskc
[    2.290519] sunvdc: vdiskc: 104857600 sectors (51200 MB) protocol 1.2
[    2.309259] sunvdc: Virtual Hard disk vdiskb
[    2.309298] sunvdc: vdiskb: 62914560 sectors (30720 MB) protocol 1.2
[    2.309902]  vdiskb: vdiskb1
[    2.327640] sunvdc: Virtual Hard disk vdiska
[    2.327679] sunvdc: vdiska: 31457280 sectors (15360 MB) protocol 1.2
[    2.328292]  vdiska: vdiska1 vdiska2 vdiska3 vdiska4
[    2.346644] sunvdc: Virtual CDROM vdiskd
[    2.346686] sunvdc: vdiskd: 453848 sectors (221 MB) protocol 1.2
[    2.347301]  vdiskd: vdiskd1 vdiskd2 vdiskd3 vdiskd4 vdiskd5 vdiskd6 vdiskd7
[    2.365128] sunvnet: sunvnet 2.0 (February 3, 2017)
[    2.367102] vnet_port vnet-port-0-0 eth0: Sun LDOM vnet 00:14:4f:f8:12:a3
[    2.367305] sunvnet: eth0: PORT ( remote-mac 00:14:4f:fa:f3:f0 switch-port )
[    2.367637] sunvnet: eth0: PORT ( remote-mac 00:14:4f:f8:e5:f3 )
[    2.367964] sunvnet: eth0: PORT ( remote-mac 00:14:4f:f9:b4:97 )
[    2.368299] sunvnet: eth0: PORT ( remote-mac 00:14:4f:f8:3f:1e )
[    2.368619] sunvnet: eth0: PORT ( remote-mac 00:14:4f:f8:fe:47 )
[    2.368943] sunvnet: eth0: PORT ( remote-mac 00:14:4f:f9:8b:83 )
[    2.370105] rtc-sun4v rtc-sun4v: registered as rtc0
[    2.370623] sun4v_wdt: initialized (timeout=60s, nowayout=0)
[    2.370856] device-mapper: uevent: version 1.0.3
[    2.371555] device-mapper: ioctl: 4.40.0-ioctl (2019-01-18) initialised: dm-devel@redhat.com
[    2.372427] NET: Registered protocol family 17
[    2.373522] registered taskstats version 1
[    2.374275] zswap: loaded using pool lzo/zbud
[    2.553388] Key type big_key registered
[    2.553453] AppArmor: AppArmor sha1 policy hashing enabled
[    2.554169] rtc-sun4v rtc-sun4v: setting system clock to 2020-04-28T13:21:34 UTC (1588080094)
[    2.558053] This architecture does not have kernel memory protection.
[    2.558099] Run /init as init process
[    3.037453] crc32c_sparc64: Using sparc64 crc32c opcode optimized CRC32C implementation
[    3.542064] raid6: int64x8  gen()  2173 MB/s
[    3.712069] raid6: int64x8  xor()  1572 MB/s
[    3.882076] raid6: int64x4  gen()  3476 MB/s
[    4.052064] raid6: int64x4  xor()  2011 MB/s
[    4.222073] raid6: int64x2  gen()  2870 MB/s
[    4.392068] raid6: int64x2  xor()  2000 MB/s
[    4.562056] raid6: int64x1  gen()  2796 MB/s
[    4.732054] raid6: int64x1  xor()  1654 MB/s
[    4.732090] raid6: using algorithm int64x4 gen() 3476 MB/s
[    4.732129] raid6: .... xor() 2011 MB/s, rmw enabled
[    4.732166] raid6: using intx1 recovery algorithm
[    4.732963] async_tx: api initialized (async)
[    4.733468] xor: automatically using best checksumming function   Niagara   
[    4.805115] random: fast init done
[    4.987768] EXT4-fs (vdiska2): mounted filesystem with ordered data mode. Opts: (null)
[    5.199314] systemd[1]: Inserted module 'autofs4'
[    5.208256] NET: Registered protocol family 10
[    5.213207] Segment Routing with IPv6
[    5.229794] systemd[1]: systemd 245.5-2 running in system mode. (+PAM +AUDIT +SELINUX +IMA +APPARMOR +SMACK +SYSVINIT +UTMP +LIBCRYPTSETUP +GCRYPT +GNUTLS +ACL +XZ +LZ4 -SECCOMP +BLKID +ELFUTILS +KMOD +IDN2 -IDN +PCRE2 default-hierarchy=hybrid)
[    5.230400] systemd[1]: Detected architecture sparc64.
[    5.238434] systemd[1]: Set hostname to <ttip>.
[    5.338146] random: lvmconfig: uninitialized urandom read (4 bytes read)
[    5.599991] systemd[1]: /lib/systemd/system/dbus.socket:5: ListenStream= references a path below legacy directory /var/run/, updating /var/run/dbus/system_bus_socket â†’ /run/dbus/system_bus_socket; please update the unit file accordingly.
[    5.662867] random: systemd: uninitialized urandom read (16 bytes read)
[    5.669752] systemd[1]: Created slice system-getty.slice.
[    5.670431] random: systemd: uninitialized urandom read (16 bytes read)
[    5.672936] systemd[1]: Created slice system-modprobe.slice.
[    5.676254] systemd[1]: Created slice system-openvpn\x2dclient.slice.
[    5.680796] systemd[1]: Created slice system-postfix.slice.
[    5.684189] systemd[1]: Created slice system-systemd\x2dfsck.slice.
[    5.687421] systemd[1]: Created slice User and Session Slice.
[    5.688298] systemd[1]: Started Dispatch Password Requests to Console Directory Watch.
[    5.689097] systemd[1]: Started Forward Password Requests to Wall Directory Watch.
[    5.691170] systemd[1]: Set up automount Arbitrary Executable File Formats File System Automount Point.
[    5.691715] systemd[1]: Reached target Local Encrypted Volumes.
[    5.692887] systemd[1]: Reached target Paths.
[    5.693325] systemd[1]: Reached target Remote File Systems.
[    5.693766] systemd[1]: Reached target Slices.
[    5.694640] systemd[1]: Listening on Device-mapper event daemon FIFOs.
[    5.695675] systemd[1]: Listening on LVM2 poll daemon socket.
[    5.697729] systemd[1]: Listening on Syslog Socket.
[    5.698691] systemd[1]: Listening on fsck to fsckd communication Socket.
[    5.699444] systemd[1]: Listening on initctl Compatibility Named Pipe.
[    5.700633] systemd[1]: Listening on Journal Audit Socket.
[    5.701599] systemd[1]: Listening on Journal Socket (/dev/log).
[    5.702765] systemd[1]: Listening on Journal Socket.
[    5.703823] systemd[1]: Listening on udev Control Socket.
[    5.704631] systemd[1]: Listening on udev Kernel Socket.
[    5.713333] systemd[1]: Mounting Huge Pages File System...
[    5.722677] systemd[1]: Mounting POSIX Message Queue File System...
[    5.731009] systemd[1]: Mounting Kernel Debug File System...
[    5.741090] systemd[1]: Mounting Kernel Trace File System...
[    5.748974] systemd[1]: Starting Availability of block devices...
[    5.758021] systemd[1]: Starting Wait for network to be configured by ifupdown...
[    5.766403] systemd[1]: Starting Create list of static device nodes for the current kernel...
[    5.774207] systemd[1]: Starting Monitoring of LVM2 mirrors, snapshots etc. using dmeventd or progress polling...
[    5.782325] systemd[1]: Starting Load Kernel Module drm...
[    5.790372] systemd[1]: Starting nftables...
[    5.792346] systemd[1]: Condition check resulted in Set Up Additional Binary Formats being skipped.
[    5.792606] systemd[1]: Condition check resulted in File System Check on Root Device being skipped.
[    5.805636] systemd[1]: Starting Journal Service...
[    5.816961] systemd[1]: Starting Load Kernel Modules...
[    5.827101] systemd[1]: Starting Remount Root and Kernel File Systems...
[    5.837353] systemd[1]: Starting udev Coldplug all Devices...
[    5.848413] systemd[1]: Mounted Huge Pages File System.
[    5.850191] systemd[1]: Mounted POSIX Message Queue File System.
[    5.851875] systemd[1]: Mounted Kernel Debug File System.
[    5.853630] systemd[1]: Mounted Kernel Trace File System.
[    5.862256] systemd[1]: Finished Availability of block devices.
[    5.870362] systemd[1]: Finished Wait for network to be configured by ifupdown.
[    5.877818] systemd[1]: Finished Create list of static device nodes for the current kernel.
[    5.887435] EXT4-fs (vdiska2): re-mounted. Opts: errors=remount-ro
[    5.894768] systemd[1]: modprobe@drm.service: Succeeded.
[    5.899034] systemd[1]: Finished Load Kernel Module drm.
[    5.900036] systemd[1]: Started Journal Service.
[    5.992321] systemd-journald[544]: Received client request to flush runtime journal.
[    6.374333] sha1_sparc64: Using sparc64 sha1 opcode optimized SHA-1 implementation
[    6.377863] n2rng v0.3 (Jan 7, 2017)
[    6.377954] n2rng f029b104: Registered RNG HVAPI major 2 minor 0
[    6.378045] n2rng f029b104: Found multi-unit-capable RNG, units: 2
[    6.378539] n2rng f029b104: RNG ready
[    6.422481] ------------[ cut here ]------------
[    6.422560] WARNING: CPU: 7 PID: 624 at drivers/block/pktcdvd.c:2597 pkt_setup_dev+0x2e4/0x5a0 [pktcdvd]
[    6.422623] Attempt to register a non-SCSI queue
[    6.422658] Modules linked in: pktcdvd cdrom n2_rng rng_core flash sha1_sparc64(+) nf_tables nfnetlink ip_tables x_tables ipv6 crc_ccitt autofs4 ext4 crc16 mbcache jbd2 raid10 raid456 async_raid6_recov async_memcpy async_pq async_xor xor async_tx raid6_pq raid1 raid0 multipath linear md_mod crc32c_sparc64
[    6.422876] CPU: 7 PID: 624 Comm: pktsetup Not tainted 5.2.0-rc1-00245-g84c8df164906 #96
[    6.422930] Call Trace:
[    6.422959]  [0000000000468480] __warn+0xc0/0x100
[    6.422995]  [00000000004684f4] warn_slowpath_fmt+0x34/0x60
[    6.423037]  [00000000102f5264] pkt_setup_dev+0x2e4/0x5a0 [pktcdvd]
[    6.423082]  [00000000102f6d14] pkt_ctl_ioctl+0x94/0x240 [pktcdvd]
[    6.423128]  [00000000006aca10] do_vfs_ioctl+0x630/0x6e0
[    6.423167]  [00000000006acb08] ksys_ioctl+0x48/0x80
[    6.423204]  [00000000006acb54] sys_ioctl+0x14/0x40
[    6.423244]  [0000000000406294] linux_sparc_syscall+0x34/0x44
[    6.423285] irq event stamp: 3361
[    6.423317] hardirqs last  enabled at (3369): [<00000000004e0f24>] console_unlock+0x644/0x6e0
[    6.423375] hardirqs last disabled at (3376): [<00000000004e09e4>] console_unlock+0x104/0x6e0
[    6.423435] softirqs last  enabled at (3246): [<0000000000b11808>] __do_softirq+0x4a8/0x520
[    6.423493] softirqs last disabled at (3235): [<000000000042d014>] do_softirq_own_stack+0x34/0x60
[    6.423552] ---[ end trace dd2f15e045e9ff9b ]---
[    6.424379] pktcdvd: setup of pktcdvd device failed
[    6.474142] pktcdvd: setup of pktcdvd device failed
[    6.485301] pktcdvd: setup of pktcdvd device failed
[    6.488594] Adding 787176k swap on /dev/vdiska4.  Priority:-2 extents:1 across:787176k FS
[    6.488954] pktcdvd: setup of pktcdvd device failed
[    6.492804] pktcdvd: setup of pktcdvd device failed
[    6.496378] pktcdvd: setup of pktcdvd device failed
[    6.500002] pktcdvd: setup of pktcdvd device failed
[    6.503670] pktcdvd: setup of pktcdvd device failed
[    6.629244] EXT4-fs (vdiska1): mounting ext3 file system using the ext4 subsystem
[    6.639442] sha256_sparc64: Using sparc64 sha256 opcode optimized SHA-256/SHA-224 implementation
[    6.642745] EXT4-fs (vdiska1): mounted filesystem with ordered data mode. Opts: (null)
[    6.762833] XFS (dm-0): Mounting V5 Filesystem
[    6.777846] sha512_sparc64: Using sparc64 sha512 opcode optimized SHA-512/SHA-384 implementation
[    6.779340] md5_sparc64: Using sparc64 md5 opcode optimized MD5 implementation
[    6.781448] XFS (dm-0): Ending clean mount
[    6.905397] Kernel unaligned access at TPC[84e298] aa_dfa_unpack+0x38/0x5c0
[    6.905606] Kernel unaligned access at TPC[84e2b8] aa_dfa_unpack+0x58/0x5c0
[    6.905715] Kernel unaligned access at TPC[84e380] aa_dfa_unpack+0x120/0x5c0
[    6.905825] Kernel unaligned access at TPC[84e460] aa_dfa_unpack+0x200/0x5c0
[    6.905920] Kernel unaligned access at TPC[84e474] aa_dfa_unpack+0x214/0x5c0
[    6.906913] audit: type=1400 audit(1588080098.840:2): apparmor="STATUS" operation="profile_load" profile="unconfined" name="/usr/sbin/haveged" pid=710 comm="apparmor_parser"
[    6.907510] audit: type=1400 audit(1588080098.840:3): apparmor="STATUS" operation="profile_load" profile="unconfined" name="lsb_release" pid=715 comm="apparmor_parser"
[    6.910798] audit: type=1400 audit(1588080098.840:4): apparmor="STATUS" operation="profile_load" profile="unconfined" name="/usr/sbin/named" pid=714 comm="apparmor_parser"
[    6.912600] audit: type=1400 audit(1588080098.850:5): apparmor="STATUS" operation="profile_load" profile="unconfined" name="/usr/sbin/tcpdump" pid=713 comm="apparmor_parser"
[    6.914398] audit: type=1400 audit(1588080098.850:6): apparmor="STATUS" operation="profile_load" profile="unconfined" name="nvidia_modprobe" pid=711 comm="apparmor_parser"
[    6.914554] audit: type=1400 audit(1588080098.850:7): apparmor="STATUS" operation="profile_load" profile="unconfined" name="nvidia_modprobe//kmod" pid=711 comm="apparmor_parser"
[    6.929442] audit: type=1400 audit(1588080098.860:8): apparmor="STATUS" operation="profile_load" profile="unconfined" name="/usr/bin/man" pid=712 comm="apparmor_parser"
[    6.929618] audit: type=1400 audit(1588080098.860:9): apparmor="STATUS" operation="profile_load" profile="unconfined" name="man_filter" pid=712 comm="apparmor_parser"
[    6.929794] audit: type=1400 audit(1588080098.860:10): apparmor="STATUS" operation="profile_load" profile="unconfined" name="man_groff" pid=712 comm="apparmor_parser"
[    7.423432] random: crng init done
[    7.423482] random: 7 urandom warning(s) missed due to ratelimiting
