[    0.000018] PROMLIB: Sun IEEE Boot Prom 'OBP 4.38.12 2018/03/28 14:54'
[    0.000031] PROMLIB: Root node compatible: sun4v
[    0.000087] Linux version 5.6.0-rc5-00129-gbedb404e91bb (mator@ttip) (gcc version 9.3.0 (Debian 9.3.0-8)) #54 SMP Thu Apr 2 13:39:11 MSK 2020
[    0.000398] printk: bootconsole [earlyprom0] enabled
[    0.000450] ARCH: SUN4V
[    0.000499] Ethernet address: 00:14:4f:fa:06:f2
[    0.000549] MM: PAGE_OFFSET is 0xfff8000000000000 (max_phys_bits == 47)
[    0.000614] MM: VMALLOC [0x0000000100000000 --> 0x0006000000000000]
[    0.000675] MM: VMEMMAP [0x0006000000000000 --> 0x000c000000000000]
[    0.013024] Kernel: Using 5 locked TLB entries for main kernel image.
[    0.013103] Remapping the kernel... 
[    0.013130] done.
[    0.046132] OF stdout device is: /virtual-devices@100/console@1
[    0.046206] PROM: Built device tree with 86758 bytes of memory.
[    0.046270] MDESC: Size is 36512 bytes.
[    0.046390] PLATFORM: banner-name [SPARC T5-2]
[    0.046438] PLATFORM: name [ORCL,SPARC-T5-2]
[    0.046486] PLATFORM: hostid [84fa06f2]
[    0.046527] PLATFORM: serial# [0035260e]
[    0.046571] PLATFORM: stick-frequency [3b9aca00]
[    0.046617] PLATFORM: mac-address [144ffa06f2]
[    0.046666] PLATFORM: watchdog-resolution [1000 ms]
[    0.046715] PLATFORM: watchdog-max-timeout [31536000000 ms]
[    0.046770] PLATFORM: max-cpus [1024]
[    0.046875] Top of RAM: 0x24af938000, Total RAM: 0x87f354000
[    0.046938] Memory hole size: 115461MB
[    0.051524] Allocated 40960 bytes for kernel page tables.
[    0.051610] Zone ranges:
[    0.051649]   Normal   [mem 0x0000000030400000-0x00000024af937fff]
[    0.051713] Movable zone start for each node
[    0.051757] Early memory node ranges
[    0.051798]   node   0: [mem 0x0000000030400000-0x000000006fe7ffff]
[    0.051860]   node   0: [mem 0x000000006ff00000-0x000000006ff25fff]
[    0.051919]   node   0: [mem 0x0000000070000000-0x000000042fffffff]
[    0.051981]   node   0: [mem 0x0000002030000000-0x00000024af87ffff]
[    0.052042]   node   0: [mem 0x00000024af900000-0x00000024af925fff]
[    0.052102]   node   0: [mem 0x00000024af930000-0x00000024af937fff]
[    0.063757] Zeroed struct page in unavailable ranges: 263766 pages
[    0.063766] Initmem setup node 0 [mem 0x0000000030400000-0x00000024af937fff]
[    0.063923] On node 0 totalpages: 4454826
[    0.063933]   Normal zone: 39154 pages used for memmap
[    0.063938]   Normal zone: 0 pages reserved
[    0.063944]   Normal zone: 4454826 pages, LIFO batch:31
[    0.075105] Booting Linux...
[    0.075191] CPU CAPS: [flush,stbar,swap,muldiv,v9,blkinit,n2,mul32]
[    0.075274] CPU CAPS: [div32,v8plus,popc,vis,vis2,ASIBlkInit,fmaf,vis3]
[    0.076354] CPU CAPS: [hpc,ima,pause,cbcond,aes,des,kasumi,camellia]
[    0.076427] CPU CAPS: [md5,sha1,sha256,sha512,mpmul,montmul,montsqr,crc32c]
[    0.106128] percpu: Embedded 27 pages/cpu s182344 r8192 d30648 u262144
[    0.106373] pcpu-alloc: s182344 r8192 d30648 u262144 alloc=1*4194304
[    0.106380] pcpu-alloc: [0] 000 001 002 003 004 005 006 007 008 009 010 011 012 013 014 015 
[    0.106408] pcpu-alloc: [0] 016 017 018 019 020 021 022 023 024 025 026 027 028 029 030 031 
[    0.106436] pcpu-alloc: [0] 032 033 034 035 036 037 038 039 040 041 042 043 044 045 046 047 
[    0.106463] pcpu-alloc: [0] 048 049 050 051 052 053 054 055 056 057 058 059 060 061 062 063 
[    0.106491] pcpu-alloc: [0] 064 065 066 067 068 069 070 071 072 073 074 075 076 077 078 079 
[    0.106518] pcpu-alloc: [0] 080 081 082 083 084 085 086 087 088 089 090 091 092 093 094 095 
[    0.106546] pcpu-alloc: [0] 096 097 098 099 100 101 102 103 104 105 106 107 108 109 110 111 
[    0.106573] pcpu-alloc: [0] 112 113 114 115 116 117 118 119 120 121 122 123 124 125 126 127 
[    0.107052] SUN4V: Mondo queue sizes [cpu(131072) dev(16384) r(8192) nr(256)]
[    0.107428] Built 1 zonelists, mobility grouping on.  Total pages: 4415672
[    0.107517] Kernel command line: BOOT_IMAGE=/vmlinux-5.6.0-rc5-00129-gbedb404e91bb root=/dev/vdiska2 ro zswap.enabled=1
[    0.109916] printk: log_buf_len individual max cpu contribution: 4096 bytes
[    0.109994] printk: log_buf_len total cpu_extra contributions: 520192 bytes
[    0.110059] printk: log_buf_len min size: 131072 bytes
[    0.110335] printk: log_buf_len: 1048576 bytes
[    0.110386] printk: early log buf free: 126648(96%)
[    0.116753] Dentry cache hash table entries: 8388608 (order: 13, 67108864 bytes, linear)
[    0.120022] Inode-cache hash table entries: 4194304 (order: 12, 33554432 bytes, linear)
[    0.120102] Sorting __ex_table...
[    0.120343] mem auto-init: stack:off, heap alloc:off, heap free:off
[    0.178367] Memory: 1305232K/35638608K available (7699K kernel code, 1036K rwdata, 2280K rodata, 640K init, 6747K bss, 508984K reserved, 0K cma-reserved)
[    0.179030] SLUB: HWalign=32, Order=0-3, MinObjects=0, CPUs=128, Nodes=1
[    0.179328] ftrace: allocating 21531 entries in 43 pages
[    0.187565] ftrace: allocated 43 pages with 4 groups
[    0.190466] Running RCU self tests
[    0.190544] rcu: Hierarchical RCU implementation.
[    0.190596] rcu: 	RCU event tracing is enabled.
[    0.190645] rcu: 	RCU lockdep checking is enabled.
[    0.190695] 	Tasks RCU enabled.
[    0.190733] rcu: RCU calculated value of scheduler-enlistment delay is 10 jiffies.
[    0.195026] NR_IRQS: 2048, nr_irqs: 2048, preallocated irqs: 1
[    0.195112] SUN4V: Using IRQ API major 3, cookie only virqs enabled
[    0.197547] clocksource: stick: mask: 0xffffffffffffffff max_cycles: 0x1cd42e4dffb, max_idle_ns: 881590591483 ns
[    0.197677] clocksource: mult[800000] shift[23]
[    0.197727] clockevent: mult[80000000] shift[31]
[    0.198249] Console: colour dummy device 80x25
[    0.198311] printk: console [tty0] enabled
[    0.198387] printk: bootconsole [earlyprom0] disabled
[    0.198472] Lock dependency validator: Copyright (c) 2006 Red Hat, Inc., Ingo Molnar
[    0.198523] ... MAX_LOCKDEP_SUBCLASSES:  8
[    0.198553] ... MAX_LOCK_DEPTH:          48
[    0.198584] ... MAX_LOCKDEP_KEYS:        8192
[    0.198616] ... CLASSHASH_SIZE:          4096
[    0.198648] ... MAX_LOCKDEP_ENTRIES:     16384
[    0.198679] ... MAX_LOCKDEP_CHAINS:      32768
[    0.198711] ... CHAINHASH_SIZE:          16384
[    0.198743]  memory used by lock dependency info: 3855 kB
[    0.198779]  memory used for stack traces: 2112 kB
[    0.198813]  per task-struct memory footprint: 1920 bytes
[    0.348218] Calibrating delay using timer specific routine.. 2013.07 BogoMIPS (lpj=10065396)
[    0.348289] pid_max: default: 131072 minimum: 1024
[    0.348580] LSM: Security Framework initializing
[    0.348732] AppArmor: AppArmor initialized
[    0.349003] Mount-cache hash table entries: 131072 (order: 7, 1048576 bytes, linear)
[    0.349169] Mountpoint-cache hash table entries: 131072 (order: 7, 1048576 bytes, linear)
[    0.349300] *** VALIDATE tmpfs ***
[    0.350175] *** VALIDATE proc ***
[    0.350693] *** VALIDATE cgroup ***
[    0.350725] *** VALIDATE cgroup2 ***
[    0.352842] rcu: Hierarchical SRCU implementation.
[    0.360851] smp: Bringing up secondary CPUs ...
[    0.404733] smp: Brought up 1 node, 32 CPUs
[    0.597262] node 0 initialised, 4228049 pages in 190ms
[    0.598561] devtmpfs: initialized
[    0.603180] Performance events: 
[    0.603231] Testing NMI watchdog ... 
[    0.803319] OK.
[    0.803449] Supported PMU type is 'niagara5'
[    0.803649] random: get_random_u32 called from bucket_table_alloc.isra.0+0x188/0x1c0 with crng_init=0
[    0.804301] ldc.c:v1.1 (July 22, 2008)
[    0.806763] clocksource: jiffies: mask: 0xffffffff max_cycles: 0xffffffff, max_idle_ns: 19112604462750000 ns
[    0.806854] futex hash table entries: 32768 (order: 9, 4194304 bytes, linear)
[    0.812065] NET: Registered protocol family 16
[    0.820373] VIO: Adding device channel-devices (tx_ino = ffffffffffffffff, rx_ino = ffffffffffffffff)
[    0.820581] VIO: Adding device vnet-port-0-0 (tx_ino = 0, rx_ino = 1)
[    0.820778] VIO: Adding device vnet-port-0-1 (tx_ino = 2, rx_ino = 3)
[    0.820949] VIO: Adding device vnet-port-0-2 (tx_ino = 4, rx_ino = 5)
[    0.821112] VIO: Adding device vnet-port-0-3 (tx_ino = 6, rx_ino = 7)
[    0.821276] VIO: Adding device vnet-port-0-4 (tx_ino = 8, rx_ino = 9)
[    0.821444] VIO: Adding device vnet-port-0-5 (tx_ino = a, rx_ino = b)
[    0.821608] VIO: Adding device vdc-port-2-0 (tx_ino = c, rx_ino = d)
[    0.821770] VIO: Adding device vdc-port-1-0 (tx_ino = e, rx_ino = f)
[    0.821939] VIO: Adding device vdc-port-0-0 (tx_ino = 10, rx_ino = 11)
[    0.822102] VIO: Adding device vdc-port-3-0 (tx_ino = 12, rx_ino = 13)
[    0.822266] VIO: Adding device vlds-port-0-0 (tx_ino = 14, rx_ino = 15)
[    0.822436] VIO: Adding device domain-services-port-0 (tx_ino = 14, rx_ino = 15)
[    0.822710] audit: initializing netlink subsys (disabled)
[    0.823003] audit: type=2000 audit(0.420:1): state=initialized audit_enabled=0 res=1
[    0.848242] HugeTLB registered 64.0 KiB page size, pre-allocated 0 pages
[    0.848299] HugeTLB registered 8.00 MiB page size, pre-allocated 0 pages
[    0.848345] HugeTLB registered 256 MiB page size, pre-allocated 0 pages
[    0.848390] HugeTLB registered 2.00 GiB page size, pre-allocated 0 pages
[    0.850031] alg: extra crypto tests enabled.  This is intended for developer use only.
[    0.876262] cryptd: max_cpu_qlen set to 1000
[    0.984706] NetLabel: Initializing
[    0.984746] NetLabel:  domain hash size = 128
[    0.984780] NetLabel:  protocols = UNLABELED CIPSOv4 CALIPSO
[    0.984906] NetLabel:  unlabeled traffic allowed by default
[    0.985888] SUN4V: Reboot data supported (maj=1,min=0).
[    0.986256] ds.c:v1.0 (Jul 11, 2007)
[    0.986615] ds-0: ds_conn_reset() from send_events.isra.0
[    0.988098] clocksource: Switched to clocksource stick
[    1.187385] *** VALIDATE bpf ***
[    1.188693] VFS: Disk quotas dquot_6.6.0
[    1.188820] VFS: Dquot-cache hash table entries: 1024 (order 0, 8192 bytes)
[    1.189036] *** VALIDATE ramfs ***
[    1.189087] *** VALIDATE hugetlbfs ***
[    1.190681] AppArmor: AppArmor Filesystem Enabled
[    1.202990] NET: Registered protocol family 2
[    1.204740] tcp_listen_portaddr_hash hash table entries: 32768 (order: 8, 2359296 bytes, linear)
[    1.207636] TCP established hash table entries: 524288 (order: 9, 4194304 bytes, linear)
[    1.209660] TCP bind hash table entries: 65536 (order: 9, 4194304 bytes, linear)
[    1.215169] TCP: Hash tables configured (established 524288 bind 65536)
[    1.217594] UDP hash table entries: 32768 (order: 9, 5242880 bytes, linear)
[    1.224041] UDP-Lite hash table entries: 32768 (order: 9, 5242880 bytes, linear)
[    1.231995] NET: Registered protocol family 1
[    1.232065] NET: Registered protocol family 44
[    1.232712] Trying to unpack rootfs image as initramfs...
[    1.426896] Freeing initrd memory: 14824K
[    1.427904] aes_sparc64: Using sparc64 aes opcodes optimized AES implementation
[    1.728308] des_sparc64: Using sparc64 des opcodes optimized DES implementation
[    2.254516] camellia_sparc64: Using sparc64 camellia opcodes optimized CAMELLIA implementation
[    2.451974] workingset: timestamp_bits=46 max_order=23 bucket_order=0
[    2.470278] zbud: loaded
[    2.472496] SGI XFS with ACLs, security attributes, quota, fatal assert, debug enabled
[    2.478477] *** VALIDATE xfs ***
[    2.493196] Block layer SCSI generic (bsg) driver version 0.4 loaded (major 252)
[    2.494042] io scheduler mq-deadline registered
[    2.496639] f029b788: ttyHV0 at I/O 0x0 (irq = 1, base_baud = 115200) is a SUN4V HCONS
[    2.496717] INFO: trying to register non-static key.
[    2.496724] the code is fine but needs lockdep annotation.
[    2.496729] turning off the locking correctness validator.
[    2.496738] CPU: 16 PID: 1 Comm: swapper/0 Not tainted 5.6.0-rc5-00129-gbedb404e91bb #54
[    2.496746] Call Trace:
[    2.496759]  [00000000004dbbd8] register_lock_class+0x278/0x720
[    2.496766]  [00000000004d8930] __lock_acquire+0x90/0x2520
[    2.496773]  [00000000004db74c] lock_acquire+0x1ac/0x1e0
[    2.496783]  [0000000000b86404] _raw_spin_lock_irqsave+0x44/0x60
[    2.496796]  [000000000097245c] uart_add_one_port+0x35c/0x500
[    2.496804]  [0000000000977ee4] hv_probe+0x144/0x200
[    2.496812]  [00000000009888f4] platform_drv_probe+0x34/0xa0
[    2.496819]  [0000000000986414] really_probe+0x214/0x460
[    2.496825]  [0000000000986b7c] driver_probe_device+0xfc/0x140
[    2.496832]  [0000000000986e5c] device_driver_attach+0x3c/0x60
[    2.496838]  [0000000000986fc8] __driver_attach+0x148/0x160
[    2.496845]  [0000000000984b04] bus_for_each_dev+0x44/0xa0
[    2.496852]  [0000000000986ffc] driver_attach+0x1c/0x40
[    2.496858]  [0000000000985184] bus_add_driver+0x124/0x220
[    2.496864]  [00000000009877a4] driver_register+0xc4/0x120
[    2.496870]  [0000000000988860] __platform_driver_register+0x40/0x60
[    2.497431] printk: console [ttyHV0] enabled
[    2.499152] sunvdc.c:v1.2 (November 24, 2014)
[    2.500613] sunvdc: Virtual Hard disk vdiskc
[    2.500634] sunvdc: vdiskc: 104857600 sectors (51200 MB) protocol 1.2
[    2.510969] sunvdc: Virtual Hard disk vdiskb
[    2.510998] sunvdc: vdiskb: 62914560 sectors (30720 MB) protocol 1.2
[    2.511939]  vdiskb: vdiskb1
[    2.521424] sunvdc: Virtual Hard disk vdiska
[    2.521450] sunvdc: vdiska: 31457280 sectors (15360 MB) protocol 1.2
[    2.522355]  vdiska: vdiska1 vdiska2 vdiska3 vdiska4
[    2.532307] sunvdc: Virtual CDROM vdiskd
[    2.532340] sunvdc: vdiskd: 453848 sectors (221 MB) protocol 1.2
[    2.533308]  vdiskd: vdiskd1 vdiskd2 vdiskd3 vdiskd4 vdiskd5 vdiskd6 vdiskd7
[    2.542485] sunvnet: sunvnet 2.0 (February 3, 2017)
[    2.543485] vnet_port vnet-port-0-0 eth0: Sun LDOM vnet 00:14:4f:f8:12:a3
[    2.543606] sunvnet: eth0: PORT ( remote-mac 00:14:4f:fa:f3:f0 switch-port )
[    2.543816] sunvnet: eth0: PORT ( remote-mac 00:14:4f:f8:e5:f3 )
[    2.544014] sunvnet: eth0: PORT ( remote-mac 00:14:4f:f9:b4:97 )
[    2.544206] sunvnet: eth0: PORT ( remote-mac 00:14:4f:f8:3f:1e )
[    2.544403] sunvnet: eth0: PORT ( remote-mac 00:14:4f:f8:fe:47 )
[    2.544594] sunvnet: eth0: PORT ( remote-mac 00:14:4f:f9:8b:83 )
[    2.545357] rtc-sun4v rtc-sun4v: registered as rtc0
[    2.545587] sun4v_wdt: initialized (timeout=60s, nowayout=0)
[    2.545711] device-mapper: uevent: version 1.0.3
[    2.546044] device-mapper: ioctl: 4.42.0-ioctl (2020-02-27) initialised: dm-devel@redhat.com
[    2.546577] NET: Registered protocol family 17
[    2.546911] registered taskstats version 1
[    2.547314] zswap: loaded using pool lzo/zbud
[    2.820549] Key type big_key registered
[    2.820588] AppArmor: AppArmor sha1 policy hashing enabled
[    2.821000] rtc-sun4v rtc-sun4v: setting system clock to 2020-04-02T10:41:40 UTC (1585824100)
[    2.823387] This architecture does not have kernel memory protection.
[    2.823416] Run /init as init process
[    2.823434]   with arguments:
[    2.823449]     /init
[    2.823462]   with environment:
[    2.823478]     HOME=/
[    2.823491]     TERM=linux
[    2.823506]     BOOT_IMAGE=/vmlinux-5.6.0-rc5-00129-gbedb404e91bb
[    3.105036] crc32c_sparc64: Using sparc64 crc32c opcode optimized CRC32C implementation
[    3.618049] raid6: int64x8  gen()  2146 MB/s
[    3.788030] raid6: int64x8  xor()  1532 MB/s
[    3.958047] raid6: int64x4  gen()  3405 MB/s
[    4.128036] raid6: int64x4  xor()  1481 MB/s
[    4.298031] raid6: int64x2  gen()  2775 MB/s
[    4.468052] raid6: int64x2  xor()  1176 MB/s
[    4.638052] raid6: int64x1  gen()  1369 MB/s
[    4.808070] raid6: int64x1  xor()   672 MB/s
[    4.808100] raid6: using algorithm int64x4 gen() 3405 MB/s
[    4.808121] raid6: .... xor() 1481 MB/s, rmw enabled
[    4.808141] raid6: using intx1 recovery algorithm
[    4.808761] async_tx: api initialized (async)
[    4.809075] xor: automatically using best checksumming function   Niagara   
[    4.871314] process '/usr/bin/fstype' started with executable stack
[    4.886000] random: fast init done
[    4.929461] EXT4-fs (vdiska2): mounted filesystem with ordered data mode. Opts: (null)
[    5.057949] systemd[1]: Inserted module 'autofs4'
[    5.068854] NET: Registered protocol family 10
[    5.072780] Segment Routing with IPv6
[    5.085853] systemd[1]: systemd 245.2-1 running in system mode. (+PAM +AUDIT +SELINUX +IMA +APPARMOR +SMACK +SYSVINIT +UTMP +LIBCRYPTSETUP +GCRYPT +GNUTLS +ACL +XZ +LZ4 -SECCOMP +BLKID +ELFUTILS +KMOD +IDN2 -IDN +PCRE2 default-hierarchy=hybrid)
[    5.086336] systemd[1]: Detected architecture sparc64.
[    5.252097] systemd[1]: Set hostname to <ttip>.
[    5.322938] random: lvmconfig: uninitialized urandom read (4 bytes read)
[    5.493040] systemd[1]: /lib/systemd/system/dbus.socket:5: ListenStream= references a path below legacy directory /var/run/, updating /var/run/dbus/system_bus_socket â†’ /run/dbus/system_bus_socket; please update the unit file accordingly.
[    5.551529] random: systemd: uninitialized urandom read (16 bytes read)
[    5.558137] systemd[1]: Created slice system-getty.slice.
[    5.558563] random: systemd: uninitialized urandom read (16 bytes read)
[    5.561029] systemd[1]: Created slice system-modprobe.slice.
[    5.563750] systemd[1]: Created slice system-openvpn\x2dclient.slice.
[    5.566895] systemd[1]: Created slice system-postfix.slice.
[    5.569744] systemd[1]: Created slice system-systemd\x2dfsck.slice.
[    5.572410] systemd[1]: Created slice User and Session Slice.
[    5.572970] systemd[1]: Started Dispatch Password Requests to Console Directory Watch.
[    5.573451] systemd[1]: Started Forward Password Requests to Wall Directory Watch.
[    5.574773] systemd[1]: Set up automount Arbitrary Executable File Formats File System Automount Point.
[    5.575142] systemd[1]: Reached target Local Encrypted Volumes.
[    5.575463] systemd[1]: Reached target Paths.
[    5.575732] systemd[1]: Reached target Remote File Systems.
[    5.576008] systemd[1]: Reached target Slices.
[    5.576559] systemd[1]: Listening on Device-mapper event daemon FIFOs.
[    5.577240] systemd[1]: Listening on LVM2 poll daemon socket.
[    5.578722] systemd[1]: Listening on Syslog Socket.
[    5.579388] systemd[1]: Listening on fsck to fsckd communication Socket.
[    5.579872] systemd[1]: Listening on initctl Compatibility Named Pipe.
[    5.580699] systemd[1]: Listening on Journal Audit Socket.
[    5.581285] systemd[1]: Listening on Journal Socket (/dev/log).
[    5.581982] systemd[1]: Listening on Journal Socket.
[    5.582643] systemd[1]: Listening on udev Control Socket.
[    5.583141] systemd[1]: Listening on udev Kernel Socket.
[    5.588886] systemd[1]: Mounting Huge Pages File System...
[    5.594673] systemd[1]: Mounting POSIX Message Queue File System...
[    5.600439] systemd[1]: Mounting Kernel Debug File System...
[    5.606720] systemd[1]: Mounting Kernel Trace File System...
[    5.612357] systemd[1]: Starting Availability of block devices...
[    5.617739] systemd[1]: Starting Wait for network to be configured by ifupdown...
[    5.624012] systemd[1]: Starting Create list of static device nodes for the current kernel...
[    5.629104] systemd[1]: Starting Monitoring of LVM2 mirrors, snapshots etc. using dmeventd or progress polling...
[    5.634480] systemd[1]: Starting Load Kernel Module drm...
[    5.640015] systemd[1]: Starting nftables...
[    5.641523] systemd[1]: Condition check resulted in Set Up Additional Binary Formats being skipped.
[    5.641686] systemd[1]: Condition check resulted in File System Check on Root Device being skipped.
[    5.649440] systemd[1]: Starting Journal Service...
[    5.657640] systemd[1]: Starting Load Kernel Modules...
[    5.664078] systemd[1]: Starting Remount Root and Kernel File Systems...
[    5.671930] systemd[1]: Starting udev Coldplug all Devices...
[    5.681121] systemd[1]: Mounted Huge Pages File System.
[    5.682729] systemd[1]: Mounted POSIX Message Queue File System.
[    5.684105] systemd[1]: Mounted Kernel Debug File System.
[    5.685447] systemd[1]: Mounted Kernel Trace File System.
[    5.690471] systemd[1]: Finished Availability of block devices.
[    5.695690] systemd[1]: Finished Wait for network to be configured by ifupdown.
[    5.699696] EXT4-fs (vdiska2): re-mounted. Opts: errors=remount-ro
[    5.703087] systemd[1]: Finished Create list of static device nodes for the current kernel.
[    5.707061] systemd[1]: Started Journal Service.
[    5.771184] systemd-journald[547]: Received client request to flush runtime journal.
[    5.973315] sha1_sparc64: Using sparc64 sha1 opcode optimized SHA-1 implementation
[    5.974078] n2rng v0.3 (Jan 7, 2017)
[    5.974145] n2rng f029b104: Registered RNG HVAPI major 2 minor 0
[    5.974195] n2rng f029b104: Found multi-unit-capable RNG, units: 2
[    5.974676] n2rng f029b104: RNG ready
[    6.007408] pktcdvd: setup of pktcdvd device failed
[    6.042830] pktcdvd: setup of pktcdvd device failed
[    6.045689] pktcdvd: setup of pktcdvd device failed
[    6.048655] pktcdvd: setup of pktcdvd device failed
[    6.051644] pktcdvd: setup of pktcdvd device failed
[    6.055134] pktcdvd: setup of pktcdvd device failed
[    6.059132] pktcdvd: setup of pktcdvd device failed
[    6.062168] pktcdvd: setup of pktcdvd device failed
[    6.164058] sha256_sparc64: Using sparc64 sha256 opcode optimized SHA-256/SHA-224 implementation
[    6.178289] Adding 787176k swap on /dev/vdiska4.  Priority:-2 extents:1 across:787176k FS
[    6.214476] EXT4-fs (vdiska1): mounting ext3 file system using the ext4 subsystem
[    6.224260] EXT4-fs (vdiska1): mounted filesystem with ordered data mode. Opts: (null)
[    6.224396] ext3 filesystem being mounted at /boot supports timestamps until 2038 (0x7fffffff)
[    6.251377] XFS (dm-0): Mounting V5 Filesystem
[    6.267256] XFS (dm-0): Ending clean mount
[    6.269732] xfs filesystem being mounted at /1 supports timestamps until 2038 (0x7fffffff)
[    6.306741] sha512_sparc64: Using sparc64 sha512 opcode optimized SHA-512/SHA-384 implementation
[    6.308109] md5_sparc64: Using sparc64 md5 opcode optimized MD5 implementation
[    6.347780] Kernel unaligned access at TPC[892178] aa_dfa_unpack+0x38/0x5a0
[    6.347836] Kernel unaligned access at TPC[892198] aa_dfa_unpack+0x58/0x5a0
[    6.347875] Kernel unaligned access at TPC[892254] aa_dfa_unpack+0x114/0x5a0
[    6.347912] Kernel unaligned access at TPC[892334] aa_dfa_unpack+0x1f4/0x5a0
[    6.347949] Kernel unaligned access at TPC[892348] aa_dfa_unpack+0x208/0x5a0
[    6.349764] audit: type=1400 audit(1585824104.020:2): apparmor="STATUS" operation="profile_load" profile="unconfined" name="/usr/sbin/haveged" pid=715 comm="apparmor_parser"
[    6.350793] audit: type=1400 audit(1585824104.020:3): apparmor="STATUS" operation="profile_load" profile="unconfined" name="lsb_release" pid=721 comm="apparmor_parser"
[    6.354094] audit: type=1400 audit(1585824104.020:4): apparmor="STATUS" operation="profile_load" profile="unconfined" name="/usr/sbin/named" pid=720 comm="apparmor_parser"
[    6.356590] audit: type=1400 audit(1585824104.020:5): apparmor="STATUS" operation="profile_load" profile="unconfined" name="nvidia_modprobe" pid=716 comm="apparmor_parser"
[    6.356662] audit: type=1400 audit(1585824104.020:6): apparmor="STATUS" operation="profile_load" profile="unconfined" name="nvidia_modprobe//kmod" pid=716 comm="apparmor_parser"
[    6.359021] audit: type=1400 audit(1585824104.030:7): apparmor="STATUS" operation="profile_load" profile="unconfined" name="/usr/sbin/tcpdump" pid=719 comm="apparmor_parser"
[    6.369138] audit: type=1400 audit(1585824104.040:8): apparmor="STATUS" operation="profile_load" profile="unconfined" name="/usr/bin/man" pid=718 comm="apparmor_parser"
[    6.369224] audit: type=1400 audit(1585824104.040:9): apparmor="STATUS" operation="profile_load" profile="unconfined" name="man_filter" pid=718 comm="apparmor_parser"
[    6.369298] audit: type=1400 audit(1585824104.040:10): apparmor="STATUS" operation="profile_load" profile="unconfined" name="man_groff" pid=718 comm="apparmor_parser"
[    6.704635] random: crng init done
[    6.704671] random: 7 urandom warning(s) missed due to ratelimiting
