[    0.000020] PROMLIB: Sun IEEE Boot Prom 'OBP 4.38.12 2018/03/28 14:54'
[    0.000031] PROMLIB: Root node compatible: sun4v
[    0.000080] Linux version 5.2.0-11043-g0a8ad0ffa4d8 (mator@ttip) (gcc version 8.3.0 (Debian 8.3.0-19)) #1084 SMP Wed Jul 17 10:49:47 MSK 2019
[    0.000389] printk: bootconsole [earlyprom0] enabled
[    0.000443] ARCH: SUN4V
[    0.000493] Ethernet address: 00:14:4f:fa:06:f2
[    0.000546] MM: PAGE_OFFSET is 0xfff8000000000000 (max_phys_bits == 47)
[    0.000612] MM: VMALLOC [0x0000000100000000 --> 0x0006000000000000]
[    0.000674] MM: VMEMMAP [0x0006000000000000 --> 0x000c000000000000]
[    0.012363] Kernel: Using 5 locked TLB entries for main kernel image.
[    0.012451] Remapping the kernel... 
[    0.012476] done.
[    0.048962] OF stdout device is: /virtual-devices@100/console@1
[    0.049048] PROM: Built device tree with 86230 bytes of memory.
[    0.049113] MDESC: Size is 36560 bytes.
[    0.049247] PLATFORM: banner-name [SPARC T5-2]
[    0.049301] PLATFORM: name [ORCL,SPARC-T5-2]
[    0.049347] PLATFORM: hostid [84fa06f2]
[    0.049390] PLATFORM: serial# [0035260e]
[    0.049434] PLATFORM: stick-frequency [3b9aca00]
[    0.049482] PLATFORM: mac-address [144ffa06f2]
[    0.049530] PLATFORM: watchdog-resolution [1000 ms]
[    0.049583] PLATFORM: watchdog-max-timeout [31536000000 ms]
[    0.049640] PLATFORM: max-cpus [1024]
[    0.049752] Top of RAM: 0x24af938000, Total RAM: 0x87f354000
[    0.049820] Memory hole size: 115461MB
[    0.054648] Allocated 40960 bytes for kernel page tables.
[    0.054770] Zone ranges:
[    0.054815]   Normal   [mem 0x0000000030400000-0x00000024af937fff]
[    0.054881] Movable zone start for each node
[    0.054928] Early memory node ranges
[    0.054968]   node   0: [mem 0x0000000030400000-0x000000006fe7ffff]
[    0.055029]   node   0: [mem 0x000000006ff00000-0x000000006ff25fff]
[    0.055090]   node   0: [mem 0x0000000070000000-0x000000042fffffff]
[    0.055149]   node   0: [mem 0x0000002030000000-0x00000024af87ffff]
[    0.055210]   node   0: [mem 0x00000024af900000-0x00000024af925fff]
[    0.055272]   node   0: [mem 0x00000024af930000-0x00000024af937fff]
[    0.062716] Zeroed struct page in unavailable ranges: 230130 pages
[    0.062724] Initmem setup node 0 [mem 0x0000000030400000-0x00000024af937fff]
[    0.062879] On node 0 totalpages: 4454826
[    0.062889]   Normal zone: 39154 pages used for memmap
[    0.062894]   Normal zone: 0 pages reserved
[    0.062900]   Normal zone: 4454826 pages, LIFO batch:31
[    0.261278] Booting Linux...
[    0.261364] CPU CAPS: [flush,stbar,swap,muldiv,v9,blkinit,n2,mul32]
[    0.261447] CPU CAPS: [div32,v8plus,popc,vis,vis2,ASIBlkInit,fmaf,vis3]
[    0.261524] CPU CAPS: [hpc,ima,pause,cbcond,aes,des,kasumi,camellia]
[    0.261597] CPU CAPS: [md5,sha1,sha256,sha512,mpmul,montmul,montsqr,crc32c]
[    0.322639] percpu: Embedded 27 pages/cpu s180680 r8192 d32312 u262144
[    0.322903] pcpu-alloc: s180680 r8192 d32312 u262144 alloc=1*4194304
[    0.322910] pcpu-alloc: [0] 000 001 002 003 004 005 006 007 008 009 010 011 012 013 014 015 
[    0.322937] pcpu-alloc: [0] 016 017 018 019 020 021 022 023 024 025 026 027 028 029 030 031 
[    0.322963] pcpu-alloc: [0] 032 033 034 035 036 037 038 039 040 041 042 043 044 045 046 047 
[    0.322989] pcpu-alloc: [0] 048 049 050 051 052 053 054 055 056 057 058 059 060 061 062 063 
[    0.323015] pcpu-alloc: [0] 064 065 066 067 068 069 070 071 072 073 074 075 076 077 078 079 
[    0.323041] pcpu-alloc: [0] 080 081 082 083 084 085 086 087 088 089 090 091 092 093 094 095 
[    0.323067] pcpu-alloc: [0] 096 097 098 099 100 101 102 103 104 105 106 107 108 109 110 111 
[    0.323093] pcpu-alloc: [0] 112 113 114 115 116 117 118 119 120 121 122 123 124 125 126 127 
[    0.323120] pcpu-alloc: [0] 128 129 130 131 132 133 134 135 136 137 138 139 140 141 142 143 
[    0.323146] pcpu-alloc: [0] 144 145 146 147 148 149 150 151 152 153 154 155 156 157 158 159 
[    0.323172] pcpu-alloc: [0] 160 161 162 163 164 165 166 167 168 169 170 171 172 173 174 175 
[    0.323198] pcpu-alloc: [0] 176 177 178 179 180 181 182 183 184 185 186 187 188 189 190 191 
[    0.323224] pcpu-alloc: [0] 192 193 194 195 196 197 198 199 200 201 202 203 204 205 206 207 
[    0.323251] pcpu-alloc: [0] 208 209 210 211 212 213 214 215 216 217 218 219 220 221 222 223 
[    0.323277] pcpu-alloc: [0] 224 225 226 227 228 229 230 231 232 233 234 235 236 237 238 239 
[    0.323303] pcpu-alloc: [0] 240 241 242 243 244 245 246 247 248 249 250 251 252 253 254 255 
[    0.323818] SUN4V: Mondo queue sizes [cpu(131072) dev(16384) r(8192) nr(256)]
[    0.324188] Built 1 zonelists, mobility grouping on.  Total pages: 4415672
[    0.324281] Kernel command line: BOOT_IMAGE=/vmlinux-5.2.0-11043-g0a8ad0ffa4d8 root=/dev/vdiska2 ro zswap.enabled=1
[    0.326594] printk: log_buf_len individual max cpu contribution: 4096 bytes
[    0.326679] printk: log_buf_len total cpu_extra contributions: 1044480 bytes
[    0.326748] printk: log_buf_len min size: 131072 bytes
[    0.327131] printk: log_buf_len: 2097152 bytes
[    0.327182] printk: early log buf free: 125888(96%)
[    0.333923] Dentry cache hash table entries: 8388608 (order: 13, 67108864 bytes, linear)
[    0.337406] Inode-cache hash table entries: 4194304 (order: 12, 33554432 bytes, linear)
[    0.337510] Sorting __ex_table...
[    0.337760] mem auto-init: stack:off, heap alloc:off, heap free:off
[    0.416566] Memory: 35102216K/35638608K available (6852K kernel code, 972K rwdata, 2048K rodata, 992K init, 6717K bss, 536392K reserved, 0K cma-reserved)
[    0.417581] kmemleak: Kernel memory leak detector disabled
[    0.418199] ftrace: allocating 19805 entries in 39 pages
[    0.432792] Running RCU self tests
[    0.432869] rcu: Hierarchical RCU implementation.
[    0.432923] rcu: 	RCU event tracing is enabled.
[    0.432975] rcu: 	RCU lockdep checking is enabled.
[    0.433025] 	Tasks RCU enabled.
[    0.433064] rcu: RCU calculated value of scheduler-enlistment delay is 11 jiffies.
[    0.440148] NR_IRQS: 2048, nr_irqs: 2048, preallocated irqs: 1
[    0.440280] SUN4V: Using IRQ API major 3, cookie only virqs enabled
[    0.444841] clocksource: stick: mask: 0xffffffffffffffff max_cycles: 0x1cd42e4dffb, max_idle_ns: 881590591483 ns
[    0.444976] clocksource: mult[800000] shift[23]
[    0.445025] clockevent: mult[80000000] shift[31]
[    0.449078] Console: colour dummy device 80x25
[    0.449170] printk: console [tty0] enabled
[    0.449254] printk: bootconsole [earlyprom0] disabled
[    0.449342] Lock dependency validator: Copyright (c) 2006 Red Hat, Inc., Ingo Molnar
[    0.449391] ... MAX_LOCKDEP_SUBCLASSES:  8
[    0.449422] ... MAX_LOCK_DEPTH:          48
[    0.449452] ... MAX_LOCKDEP_KEYS:        8192
[    0.449483] ... CLASSHASH_SIZE:          4096
[    0.449515] ... MAX_LOCKDEP_ENTRIES:     16384
[    0.449547] ... MAX_LOCKDEP_CHAINS:      32768
[    0.449578] ... CHAINHASH_SIZE:          16384
[    0.449609]  memory used by lock dependency info: 3855 kB
[    0.449646]  per task-struct memory footprint: 1920 bytes
[    0.449859] kmemleak: Early log buffer exceeded (5012), please increase DEBUG_KMEMLEAK_EARLY_LOG_SIZE
[    0.595736] Calibrating delay using timer specific routine.. 2017.47 BogoMIPS (lpj=10087385)
[    0.595806] pid_max: default: 262144 minimum: 2048
[    0.597561] Mount-cache hash table entries: 131072 (order: 7, 1048576 bytes, linear)
[    0.597734] Mountpoint-cache hash table entries: 131072 (order: 7, 1048576 bytes, linear)
[    0.599292] *** VALIDATE proc ***
[    0.600100] *** VALIDATE cgroup1 ***
[    0.600132] *** VALIDATE cgroup2 ***
[    0.603039] rcu: Hierarchical SRCU implementation.
[    0.626581] smp: Bringing up secondary CPUs ...
[    0.708488] smp: Brought up 1 node, 32 CPUs
[    0.715624] devtmpfs: initialized
[    0.721940] Performance events: 
[    0.721993] Testing NMI watchdog ... 
[    0.922113] OK.
[    0.922287] Supported PMU type is 'niagara5'
[    0.922603] random: get_random_u32 called from bucket_table_alloc.isra.4+0x184/0x1c0 with crng_init=0
[    0.923476] ldc.c:v1.1 (July 22, 2008)
[    0.926489] clocksource: jiffies: mask: 0xffffffff max_cycles: 0xffffffff, max_idle_ns: 19112604462750000 ns
[    0.926596] futex hash table entries: 65536 (order: 10, 8388608 bytes, linear)
[    0.936092] NET: Registered protocol family 16
[    0.945839] VIO: Adding device channel-devices (tx_ino = ffffffffffffffff, rx_ino = ffffffffffffffff)
[    0.946105] VIO: Adding device vnet-port-0-0 (tx_ino = 0, rx_ino = 1)
[    0.946322] VIO: Adding device vnet-port-0-1 (tx_ino = 2, rx_ino = 3)
[    0.946509] VIO: Adding device vnet-port-0-2 (tx_ino = 4, rx_ino = 5)
[    0.946699] VIO: Adding device vnet-port-0-3 (tx_ino = 6, rx_ino = 7)
[    0.946889] VIO: Adding device vnet-port-0-4 (tx_ino = 8, rx_ino = 9)
[    0.947072] VIO: Adding device vnet-port-0-5 (tx_ino = 16, rx_ino = 17)
[    0.947261] VIO: Adding device vdc-port-3-0 (tx_ino = a, rx_ino = b)
[    0.947445] VIO: Adding device vdc-port-2-0 (tx_ino = c, rx_ino = d)
[    0.947686] VIO: Adding device vdc-port-1-0 (tx_ino = e, rx_ino = f)
[    0.947869] VIO: Adding device vdc-port-0-0 (tx_ino = 10, rx_ino = 11)
[    0.948059] VIO: Adding device vlds-port-0-0 (tx_ino = 12, rx_ino = 13)
[    0.948253] VIO: Adding device domain-services-port-0 (tx_ino = 12, rx_ino = 13)
[    0.948663] audit: initializing netlink subsys (disabled)
[    0.949093] audit: type=2000 audit(0.500:1): state=initialized audit_enabled=0 res=1
[    0.993791] HugeTLB registered 64.0 KiB page size, pre-allocated 0 pages
[    0.993847] HugeTLB registered 8.00 MiB page size, pre-allocated 0 pages
[    0.993892] HugeTLB registered 256 MiB page size, pre-allocated 0 pages
[    0.993937] HugeTLB registered 2.00 GiB page size, pre-allocated 0 pages
[    1.041321] alg: No test for lzo-rle (lzo-rle-generic)
[    1.041880] alg: No test for lzo-rle (lzo-rle-scomp)
[    1.060615] SUN4V: Reboot data supported (maj=1,min=0).
[    1.061082] ds.c:v1.0 (Jul 11, 2007)
[    1.061511] ds-0: ds_conn_reset() from send_events.isra.3
[    1.063031] clocksource: Switched to clocksource stick
[    1.344662] VFS: Disk quotas dquot_6.6.0
[    1.345148] VFS: Dquot-cache hash table entries: 1024 (order 0, 8192 bytes)
[    1.345788] *** VALIDATE hugetlbfs ***
[    1.364376] NET: Registered protocol family 2
[    1.366886] tcp_listen_portaddr_hash hash table entries: 32768 (order: 8, 2359296 bytes, linear)
[    1.370284] TCP established hash table entries: 524288 (order: 9, 4194304 bytes, linear)
[    1.372340] TCP bind hash table entries: 65536 (order: 9, 4194304 bytes, linear)
[    1.378071] TCP: Hash tables configured (established 524288 bind 65536)
[    1.384722] UDP hash table entries: 32768 (order: 9, 5242880 bytes, linear)
[    1.391938] UDP-Lite hash table entries: 32768 (order: 9, 5242880 bytes, linear)
[    1.405632] NET: Registered protocol family 1
[    1.406714] Trying to unpack rootfs image as initramfs...
[    1.727167] Freeing initrd memory: 10416K
[    1.762578] workingset: timestamp_bits=46 max_order=23 bucket_order=0
[    1.768317] SGI XFS with ACLs, security attributes, debug enabled
[    1.798548] Block layer SCSI generic (bsg) driver version 0.4 loaded (major 252)
[    1.800382] io scheduler mq-deadline registered
[    1.802394] f029b788: ttyHV0 at I/O 0x0 (irq = 1, base_baud = 115200) is a SUN4V HCONS
[    1.808856] printk: console [ttyHV0] enabled
[    1.814732] sunvdc.c:v1.2 (November 24, 2014)
[    1.822420] sunvdc: Virtual CDROM vdiskd
[    1.822494] sunvdc: vdiskd: 403160 sectors (196 MB) protocol 1.2
[    1.824162]  vdiskd: vdiskd1 vdiskd2 vdiskd3 vdiskd4 vdiskd5 vdiskd6 vdiskd7
[    1.882620] sunvdc: Virtual Hard disk vdiskc
[    1.882677] sunvdc: vdiskc: 104857600 sectors (51200 MB) protocol 1.2
[    1.936926] sunvdc: Virtual Hard disk vdiskb
[    1.936982] sunvdc: vdiskb: 62914560 sectors (30720 MB) protocol 1.2
[    1.942341]  vdiskb: vdiskb1
[    1.996001] sunvdc: Virtual Hard disk vdiska
[    1.996057] sunvdc: vdiska: 31457280 sectors (15360 MB) protocol 1.2
[    1.997322]  vdiska: vdiska1 vdiska2 vdiska3 vdiska4
[    2.045992] sunvnet: sunvnet 2.0 (February 3, 2017)
[    2.049649] vnet_port vnet-port-0-0 eth0: Sun LDOM vnet 00:14:4f:f8:12:a3
[    2.050285] sunvnet: eth0: PORT ( remote-mac 00:14:4f:fa:f3:f0 switch-port )
[    2.051757] sunvnet: eth0: PORT ( remote-mac 00:14:4f:f8:e5:f3 )
[    2.053170] sunvnet: eth0: PORT ( remote-mac 00:14:4f:f9:b4:97 )
[    2.054599] sunvnet: eth0: PORT ( remote-mac 00:14:4f:f9:8b:83 )
[    2.055931] sunvnet: eth0: PORT ( remote-mac 00:14:4f:f8:3f:1e )
[    2.057269] sunvnet: eth0: PORT ( remote-mac 00:14:4f:f8:fe:47 )
[    2.058982] rtc-sun4v rtc-sun4v: registered as rtc0
[    2.059480] device-mapper: uevent: version 1.0.3
[    2.060718] device-mapper: ioctl: 4.40.0-ioctl (2019-01-18) initialised: dm-devel@redhat.com
[    2.062487] NET: Registered protocol family 17
[    2.073466] zswap: default zpool zbud not available
[    2.073555] zswap: pool creation failed
[    2.127509] Key type big_key registered
[    2.128476] rtc-sun4v rtc-sun4v: setting system clock to 2019-07-17T07:53:33 UTC (1563350013)
[    2.133003] This architecture does not have kernel memory protection.
[    2.133070] Run /init as init process
[    3.048490] crc32c_sparc64: Using sparc64 crc32c opcode optimized CRC32C implementation
[    3.134407] random: fast init done
[    3.603002] raid6: int64x8  gen()  2085 MB/s
[    3.772995] raid6: int64x8  xor()  1548 MB/s
[    3.942977] raid6: int64x4  gen()  3381 MB/s
[    4.112980] raid6: int64x4  xor()  1960 MB/s
[    4.282990] raid6: int64x2  gen()  2809 MB/s
[    4.452969] raid6: int64x2  xor()  1966 MB/s
[    4.622978] raid6: int64x1  gen()  2736 MB/s
[    4.792993] raid6: int64x1  xor()  1606 MB/s
[    4.793044] raid6: using algorithm int64x4 gen() 3381 MB/s
[    4.793085] raid6: .... xor() 1960 MB/s, rmw enabled
[    4.793122] raid6: using intx1 recovery algorithm
[    4.794125] async_tx: api initialized (async)
[    4.794859] xor: automatically using best checksumming function   Niagara   
[    5.046213] EXT4-fs (vdiska2): mounted filesystem with ordered data mode. Opts: (null)
[    6.915913] systemd[1]: Inserted module 'autofs4'
[    6.929152] NET: Registered protocol family 10
[    6.942245] Segment Routing with IPv6
[    7.025708] systemd[1]: systemd 241 running in system mode. (+PAM +AUDIT +SELINUX +IMA +APPARMOR +SMACK +SYSVINIT +UTMP +LIBCRYPTSETUP +GCRYPT +GNUTLS +ACL +XZ +LZ4 -SECCOMP +BLKID +ELFUTILS +KMOD -IDN2 +IDN +PCRE2 default-hierarchy=hybrid)
[    7.026348] systemd[1]: Detected architecture sparc64.
[    7.070238] systemd[1]: Set hostname to <ttip>.
[    7.075863] systemd[1]: Failed to bump fs.file-max, ignoring: Invalid argument
[    8.169817] random: lvmconfig: uninitialized urandom read (4 bytes read)
[    9.116773] systemd[1]: /lib/systemd/system/smbd.service:9: PIDFile= references path below legacy directory /var/run/, updating /var/run/samba/smbd.pid → /run/samba/smbd.pid; please update the unit file accordingly.
[    9.120644] systemd[1]: /lib/systemd/system/nmbd.service:9: PIDFile= references path below legacy directory /var/run/, updating /var/run/samba/nmbd.pid → /run/samba/nmbd.pid; please update the unit file accordingly.
[    9.434214] random: systemd: uninitialized urandom read (16 bytes read)
[    9.441849] random: systemd: uninitialized urandom read (16 bytes read)
[    9.442744] systemd[1]: Started Forward Password Requests to Wall Directory Watch.
[    9.443691] random: systemd: uninitialized urandom read (16 bytes read)
[    9.444331] systemd[1]: Listening on Device-mapper event daemon FIFOs.
[    9.445774] systemd[1]: Listening on Journal Audit Socket.
[    9.448387] systemd[1]: Listening on Syslog Socket.
[    9.816094] EXT4-fs (vdiska2): re-mounted. Opts: errors=remount-ro
[   10.054687] systemd-journald[454]: Received request to flush runtime journal from PID 1
[   11.521361] sha1_sparc64: Using sparc64 sha1 opcode optimized SHA-1 implementation
[   11.575795] sha256_sparc64: Using sparc64 sha256 opcode optimized SHA-256/SHA-224 implementation
[   11.624198] n2rng v0.3 (Jan 7, 2017)
[   11.624290] n2rng f029b104: Registered RNG HVAPI major 2 minor 0
[   11.624355] n2rng f029b104: Found multi-unit-capable RNG, units: 2
[   11.625523] n2rng f029b104: RNG ready
[   11.631140] sha512_sparc64: Using sparc64 sha512 opcode optimized SHA-512/SHA-384 implementation
[   11.655478] md5_sparc64: Using sparc64 md5 opcode optimized MD5 implementation
[   11.684993] aes_sparc64: Using sparc64 aes opcodes optimized AES implementation
[   11.783803] des_sparc64: Using sparc64 des opcodes optimized DES implementation
[   11.833002] camellia_sparc64: Using sparc64 camellia opcodes optimized CAMELLIA implementation
[   13.104321] XFS (dm-0): Mounting V5 Filesystem
[   13.259571] XFS (dm-0): Ending clean mount
[   15.213082] Adding 787176k swap on /dev/vdiska4.  Priority:-2 extents:1 across:787176k FS
[   15.420466] EXT4-fs (vdiska1): mounting ext3 file system using the ext4 subsystem
[   15.438970] EXT4-fs (vdiska1): mounted filesystem with ordered data mode. Opts: (null)
