[    0.000018] PROMLIB: Sun IEEE Boot Prom 'OBP 4.38.12 2018/03/28 14:54'
[    0.000031] PROMLIB: Root node compatible: sun4v
[    0.000084] Linux version 5.5.0-04998-g15d663249653 (mator@ttip) (gcc version 9.2.1 20200123 (Debian 9.2.1-25)) #1351 SMP Thu Jan 30 19:33:02 MSK 2020
[    0.000403] printk: bootconsole [earlyprom0] enabled
[    0.000454] ARCH: SUN4V
[    0.000503] Ethernet address: 00:14:4f:fa:06:f2
[    0.000556] MM: PAGE_OFFSET is 0xfff8000000000000 (max_phys_bits == 47)
[    0.000619] MM: VMALLOC [0x0000000100000000 --> 0x0006000000000000]
[    0.000682] MM: VMEMMAP [0x0006000000000000 --> 0x000c000000000000]
[    0.012523] Kernel: Using 5 locked TLB entries for main kernel image.
[    0.012607] Remapping the kernel... 
[    0.012634] done.
[    0.046223] OF stdout device is: /virtual-devices@100/console@1
[    0.046300] PROM: Built device tree with 88003 bytes of memory.
[    0.046366] MDESC: Size is 36960 bytes.
[    0.046488] PLATFORM: banner-name [SPARC T5-2]
[    0.046540] PLATFORM: name [ORCL,SPARC-T5-2]
[    0.046586] PLATFORM: hostid [84fa06f2]
[    0.046628] PLATFORM: serial# [0035260e]
[    0.046671] PLATFORM: stick-frequency [3b9aca00]
[    0.046718] PLATFORM: mac-address [144ffa06f2]
[    0.046766] PLATFORM: watchdog-resolution [1000 ms]
[    0.046816] PLATFORM: watchdog-max-timeout [31536000000 ms]
[    0.046871] PLATFORM: max-cpus [1024]
[    0.046972] Top of RAM: 0x24af938000, Total RAM: 0x87f354000
[    0.047034] Memory hole size: 115461MB
[    0.051688] Allocated 40960 bytes for kernel page tables.
[    0.051776] Zone ranges:
[    0.051818]   Normal   [mem 0x0000000030400000-0x00000024af937fff]
[    0.051880] Movable zone start for each node
[    0.051926] Early memory node ranges
[    0.051966]   node   0: [mem 0x0000000030400000-0x000000006fe7ffff]
[    0.052028]   node   0: [mem 0x000000006ff00000-0x000000006ff25fff]
[    0.052091]   node   0: [mem 0x0000000070000000-0x000000042fffffff]
[    0.052153]   node   0: [mem 0x0000002030000000-0x00000024af87ffff]
[    0.052213]   node   0: [mem 0x00000024af900000-0x00000024af925fff]
[    0.052274]   node   0: [mem 0x00000024af930000-0x00000024af937fff]
[    0.059673] Zeroed struct page in unavailable ranges: 230130 pages
[    0.059682] Initmem setup node 0 [mem 0x0000000030400000-0x00000024af937fff]
[    0.059840] On node 0 totalpages: 4454826
[    0.059850]   Normal zone: 39154 pages used for memmap
[    0.059856]   Normal zone: 0 pages reserved
[    0.059861]   Normal zone: 4454826 pages, LIFO batch:31
[    0.070661] Booting Linux...
[    0.070746] CPU CAPS: [flush,stbar,swap,muldiv,v9,blkinit,n2,mul32]
[    0.070829] CPU CAPS: [div32,v8plus,popc,vis,vis2,ASIBlkInit,fmaf,vis3]
[    0.070908] CPU CAPS: [hpc,ima,pause,cbcond,aes,des,kasumi,camellia]
[    0.070980] CPU CAPS: [md5,sha1,sha256,sha512,mpmul,montmul,montsqr,crc32c]
[    0.100926] percpu: Embedded 27 pages/cpu s182344 r8192 d30648 u262144
[    0.101184] pcpu-alloc: s182344 r8192 d30648 u262144 alloc=1*4194304
[    0.101192] pcpu-alloc: [0] 000 001 002 003 004 005 006 007 008 009 010 011 012 013 014 015 
[    0.101220] pcpu-alloc: [0] 016 017 018 019 020 021 022 023 024 025 026 027 028 029 030 031 
[    0.101248] pcpu-alloc: [0] 032 033 034 035 036 037 038 039 040 041 042 043 044 045 046 047 
[    0.101275] pcpu-alloc: [0] 048 049 050 051 052 053 054 055 056 057 058 059 060 061 062 063 
[    0.101303] pcpu-alloc: [0] 064 065 066 067 068 069 070 071 072 073 074 075 076 077 078 079 
[    0.101330] pcpu-alloc: [0] 080 081 082 083 084 085 086 087 088 089 090 091 092 093 094 095 
[    0.101358] pcpu-alloc: [0] 096 097 098 099 100 101 102 103 104 105 106 107 108 109 110 111 
[    0.101385] pcpu-alloc: [0] 112 113 114 115 116 117 118 119 120 121 122 123 124 125 126 127 
[    0.101912] SUN4V: Mondo queue sizes [cpu(131072) dev(16384) r(8192) nr(256)]
[    0.102273] Built 1 zonelists, mobility grouping on.  Total pages: 4415672
[    0.102362] Kernel command line: BOOT_IMAGE=/vmlinux-5.5.0-04998-g15d663249653 root=/dev/vdiska2 ro zswap.enabled=1
[    0.104755] printk: log_buf_len individual max cpu contribution: 4096 bytes
[    0.104827] printk: log_buf_len total cpu_extra contributions: 520192 bytes
[    0.104892] printk: log_buf_len min size: 131072 bytes
[    0.105166] printk: log_buf_len: 1048576 bytes
[    0.105217] printk: early log buf free: 126648(96%)
[    0.111549] Dentry cache hash table entries: 8388608 (order: 13, 67108864 bytes, linear)
[    0.114816] Inode-cache hash table entries: 4194304 (order: 12, 33554432 bytes, linear)
[    0.114903] Sorting __ex_table...
[    0.115166] mem auto-init: stack:off, heap alloc:off, heap free:off
[    0.173176] Memory: 1305232K/35638608K available (7655K kernel code, 1042K rwdata, 2288K rodata, 632K init, 6742K bss, 508832K reserved, 0K cma-reserved)
[    0.173847] SLUB: HWalign=32, Order=0-3, MinObjects=0, CPUs=128, Nodes=1
[    0.174148] ftrace: allocating 21459 entries in 42 pages
[    0.182355] ftrace: allocated 42 pages with 3 groups
[    0.185156] Running RCU self tests
[    0.185224] rcu: Hierarchical RCU implementation.
[    0.185277] rcu: 	RCU event tracing is enabled.
[    0.185323] rcu: 	RCU lockdep checking is enabled.
[    0.185374] 	Tasks RCU enabled.
[    0.185410] rcu: RCU calculated value of scheduler-enlistment delay is 10 jiffies.
[    0.189675] NR_IRQS: 2048, nr_irqs: 2048, preallocated irqs: 1
[    0.189771] SUN4V: Using IRQ API major 3, cookie only virqs enabled
[    0.192218] clocksource: stick: mask: 0xffffffffffffffff max_cycles: 0x1cd42e4dffb, max_idle_ns: 881590591483 ns
[    0.192347] clocksource: mult[800000] shift[23]
[    0.192397] clockevent: mult[80000000] shift[31]
[    0.193931] Console: colour dummy device 80x25
[    0.193994] printk: console [tty0] enabled
[    0.194069] printk: bootconsole [earlyprom0] disabled
[    0.194153] Lock dependency validator: Copyright (c) 2006 Red Hat, Inc., Ingo Molnar
[    0.194201] ... MAX_LOCKDEP_SUBCLASSES:  8
[    0.194231] ... MAX_LOCK_DEPTH:          48
[    0.194261] ... MAX_LOCKDEP_KEYS:        8192
[    0.194293] ... CLASSHASH_SIZE:          4096
[    0.194324] ... MAX_LOCKDEP_ENTRIES:     16384
[    0.194355] ... MAX_LOCKDEP_CHAINS:      32768
[    0.194386] ... CHAINHASH_SIZE:          16384
[    0.194417]  memory used by lock dependency info: 3855 kB
[    0.194453]  memory used for stack traces: 2112 kB
[    0.194486]  per task-struct memory footprint: 1920 bytes
[    0.343890] Calibrating delay using timer specific routine.. 2010.61 BogoMIPS (lpj=10053082)
[    0.343959] pid_max: default: 131072 minimum: 1024
[    0.344246] LSM: Security Framework initializing
[    0.344397] AppArmor: AppArmor initialized
[    0.344668] Mount-cache hash table entries: 131072 (order: 7, 1048576 bytes, linear)
[    0.344833] Mountpoint-cache hash table entries: 131072 (order: 7, 1048576 bytes, linear)
[    0.344961] *** VALIDATE tmpfs ***
[    0.345827] *** VALIDATE proc ***
[    0.346325] *** VALIDATE cgroup1 ***
[    0.346357] *** VALIDATE cgroup2 ***
[    0.348454] rcu: Hierarchical SRCU implementation.
[    0.356474] smp: Bringing up secondary CPUs ...
[    0.400226] smp: Brought up 1 node, 32 CPUs
[    0.591047] node 0 initialised, 4228068 pages in 190ms
[    0.592354] devtmpfs: initialized
[    0.597048] Performance events: 
[    0.597094] Testing NMI watchdog ... 
[    0.797174] OK.
[    0.797302] Supported PMU type is 'niagara5'
[    0.797499] random: get_random_u32 called from bucket_table_alloc.isra.0+0x188/0x1c0 with crng_init=0
[    0.798207] ldc.c:v1.1 (July 22, 2008)
[    0.800603] clocksource: jiffies: mask: 0xffffffff max_cycles: 0xffffffff, max_idle_ns: 19112604462750000 ns
[    0.800692] futex hash table entries: 32768 (order: 9, 4194304 bytes, linear)
[    0.805777] NET: Registered protocol family 16
[    0.814221] VIO: Adding device channel-devices (tx_ino = ffffffffffffffff, rx_ino = ffffffffffffffff)
[    0.814447] VIO: Adding device vnet-port-0-0 (tx_ino = 0, rx_ino = 1)
[    0.814649] VIO: Adding device vnet-port-0-1 (tx_ino = 2, rx_ino = 3)
[    0.814815] VIO: Adding device vnet-port-0-2 (tx_ino = 4, rx_ino = 5)
[    0.814987] VIO: Adding device vnet-port-0-4 (tx_ino = 8, rx_ino = 9)
[    0.815153] VIO: Adding device vnet-port-0-5 (tx_ino = a, rx_ino = b)
[    0.815318] VIO: Adding device vnet-port-0-6 (tx_ino = c, rx_ino = d)
[    0.815483] VIO: Adding device vdc-port-3-0 (tx_ino = e, rx_ino = f)
[    0.815653] VIO: Adding device vdc-port-2-0 (tx_ino = 10, rx_ino = 11)
[    0.815818] VIO: Adding device vdc-port-1-0 (tx_ino = 12, rx_ino = 13)
[    0.815983] VIO: Adding device vdc-port-0-0 (tx_ino = 14, rx_ino = 15)
[    0.816153] VIO: Adding device vdc-port-4-0 (tx_ino = 16, rx_ino = 17)
[    0.816320] VIO: Adding device vlds-port-0-0 (tx_ino = 18, rx_ino = 19)
[    0.816488] VIO: Adding device domain-services-port-0 (tx_ino = 18, rx_ino = 19)
[    0.816774] audit: initializing netlink subsys (disabled)
[    0.817096] audit: type=2000 audit(0.420:1): state=initialized audit_enabled=0 res=1
[    0.842371] HugeTLB registered 64.0 KiB page size, pre-allocated 0 pages
[    0.842427] HugeTLB registered 8.00 MiB page size, pre-allocated 0 pages
[    0.842472] HugeTLB registered 256 MiB page size, pre-allocated 0 pages
[    0.842516] HugeTLB registered 2.00 GiB page size, pre-allocated 0 pages
[    0.844110] alg: extra crypto tests enabled.  This is intended for developer use only.
[    0.869997] cryptd: max_cpu_qlen set to 1000
[    0.979192] NetLabel: Initializing
[    0.979230] NetLabel:  domain hash size = 128
[    0.979263] NetLabel:  protocols = UNLABELED CIPSOv4 CALIPSO
[    0.979387] NetLabel:  unlabeled traffic allowed by default
[    0.980364] SUN4V: Reboot data supported (maj=1,min=0).
[    0.980728] ds.c:v1.0 (Jul 11, 2007)
[    0.981072] ds-0: ds_conn_reset() from send_events.isra.0
[    0.982533] clocksource: Switched to clocksource stick
[    1.180013] *** VALIDATE bpf ***
[    1.181249] VFS: Disk quotas dquot_6.6.0
[    1.181371] VFS: Dquot-cache hash table entries: 1024 (order 0, 8192 bytes)
[    1.181573] *** VALIDATE ramfs ***
[    1.181623] *** VALIDATE hugetlbfs ***
[    1.183208] AppArmor: AppArmor Filesystem Enabled
[    1.195804] NET: Registered protocol family 2
[    1.197667] tcp_listen_portaddr_hash hash table entries: 32768 (order: 8, 2359296 bytes, linear)
[    1.200646] TCP established hash table entries: 524288 (order: 9, 4194304 bytes, linear)
[    1.202767] TCP bind hash table entries: 65536 (order: 9, 4194304 bytes, linear)
[    1.208843] TCP: Hash tables configured (established 524288 bind 65536)
[    1.211267] UDP hash table entries: 32768 (order: 9, 5242880 bytes, linear)
[    1.217595] UDP-Lite hash table entries: 32768 (order: 9, 5242880 bytes, linear)
[    1.225546] NET: Registered protocol family 1
[    1.225614] NET: Registered protocol family 44
[    1.226300] Trying to unpack rootfs image as initramfs...
[    1.420463] Freeing initrd memory: 14720K
[    1.421372] aes_sparc64: Using sparc64 aes opcodes optimized AES implementation
[    1.717865] des_sparc64: Using sparc64 des opcodes optimized DES implementation
[    2.238956] camellia_sparc64: Using sparc64 camellia opcodes optimized CAMELLIA implementation
[    2.434812] workingset: timestamp_bits=46 max_order=23 bucket_order=0
[    2.455410] SGI XFS with ACLs, security attributes, quota, fatal assert, debug enabled
[    2.461397] *** VALIDATE xfs ***
[    2.476380] Block layer SCSI generic (bsg) driver version 0.4 loaded (major 252)
[    2.477290] io scheduler mq-deadline registered
[    2.480026] f029b788: ttyHV0 at I/O 0x0 (irq = 1, base_baud = 115200) is a SUN4V HCONS
[    2.486956] printk: console [ttyHV0] enabled
[    2.490599] sunvdc.c:v1.2 (November 24, 2014)
[    2.516146] sunvdc: Virtual CDROM vdiskd
[    2.516202] sunvdc: vdiskd: 403160 sectors (196 MB) protocol 1.2
[    2.518062]  vdiskd: vdiskd1 vdiskd2 vdiskd3 vdiskd4 vdiskd5 vdiskd6 vdiskd7
[    2.538264] sunvdc: Virtual Hard disk vdiskc
[    2.538310] sunvdc: vdiskc: 104857600 sectors (51200 MB) protocol 1.2
[    2.608835] sunvdc: Virtual Hard disk vdiskb
[    2.608886] sunvdc: vdiskb: 62914560 sectors (30720 MB) protocol 1.2
[    2.610284]  vdiskb: vdiskb1
[    2.628545] sunvdc: Virtual Hard disk vdiska
[    2.628588] sunvdc: vdiska: 31457280 sectors (15360 MB) protocol 1.2
[    2.629973]  vdiska: vdiska1 vdiska2 vdiska3 vdiska4
[    2.682181] sunvdc: Virtual Hard disk vdiske
[    2.682232] sunvdc: vdiske: 20971520 sectors (10240 MB) protocol 1.2
[    2.683829]  vdiske: vdiske1 vdiske2
[    2.701162] sunvnet: sunvnet 2.0 (February 3, 2017)
[    2.703375] vnet_port vnet-port-0-0 eth0: Sun LDOM vnet 00:14:4f:f8:12:a3
[    2.703605] sunvnet: eth0: PORT ( remote-mac 00:14:4f:fa:f3:f0 switch-port )
[    2.703972] sunvnet: eth0: PORT ( remote-mac 00:14:4f:f8:e5:f3 )
[    2.704307] sunvnet: eth0: PORT ( remote-mac 00:14:4f:f9:b4:97 )
[    2.704640] sunvnet: eth0: PORT ( remote-mac 00:14:4f:f8:3f:1e )
[    2.704988] sunvnet: eth0: PORT ( remote-mac 00:14:4f:f8:fe:47 )
[    2.705466] sunvnet: eth0: PORT ( remote-mac 00:14:4f:f9:8b:83 )
[    2.706673] rtc-sun4v rtc-sun4v: registered as rtc0
[    2.707205] sun4v_wdt: initialized (timeout=60s, nowayout=0)
[    2.707585] device-mapper: uevent: version 1.0.3
[    2.708548] device-mapper: ioctl: 4.41.0-ioctl (2019-09-16) initialised: dm-devel@redhat.com
[    2.709541] NET: Registered protocol family 17
[    2.710119] registered taskstats version 1
[    2.717733] zswap: default zpool zbud not available
[    2.717791] zswap: pool creation failed
[    3.054765] Key type big_key registered
[    3.054836] AppArmor: AppArmor sha1 policy hashing enabled
[    3.055625] rtc-sun4v rtc-sun4v: setting system clock to 2020-01-30T16:52:56 UTC (1580403176)
[    3.060042] This architecture does not have kernel memory protection.
[    3.060091] Run /init as init process
[    3.554187] crc32c_sparc64: Using sparc64 crc32c opcode optimized CRC32C implementation
[    4.162566] random: fast init done
[    4.188301] md127: WARNING: vdiske1 appears to be on the same physical disk as vdiske2.
[    4.188403] True protection against single-disk failure might be compromised.
[    4.189231] md/raid1:md127: active with 2 out of 2 mirrors
[    4.189574] md127: detected capacity change from 0 to 26148864
[    4.472503] raid6: int64x8  gen()  2155 MB/s
[    4.642521] raid6: int64x8  xor()  1534 MB/s
[    4.812505] raid6: int64x4  gen()  3418 MB/s
[    4.982503] raid6: int64x4  xor()  1478 MB/s
[    5.152493] raid6: int64x2  gen()  2790 MB/s
[    5.322489] raid6: int64x2  xor()  1167 MB/s
[    5.492499] raid6: int64x1  gen()  1385 MB/s
[    5.662493] raid6: int64x1  xor()   666 MB/s
[    5.662543] raid6: using algorithm int64x4 gen() 3418 MB/s
[    5.662585] raid6: .... xor() 1478 MB/s, rmw enabled
[    5.662622] raid6: using intx1 recovery algorithm
[    5.663579] async_tx: api initialized (async)
[    5.664163] xor: automatically using best checksumming function   Niagara   
[    5.984606] EXT4-fs (vdiska2): mounted filesystem with ordered data mode. Opts: (null)
[    9.855624] systemd[1]: Inserted module 'autofs4'
[    9.975614] NET: Registered protocol family 10
[    9.981755] Segment Routing with IPv6
[   10.124536] systemd[1]: systemd 244.1-1 running in system mode. (+PAM +AUDIT +SELINUX +IMA +APPARMOR +SMACK +SYSVINIT +UTMP +LIBCRYPTSETUP +GCRYPT +GNUTLS +ACL +XZ +LZ4 -SECCOMP +BLKID +ELFUTILS +KMOD +IDN2 -IDN +PCRE2 default-hierarchy=hybrid)
[   10.125191] systemd[1]: Detected architecture sparc64.
[   10.247869] systemd[1]: Set hostname to <ttip>.
[   10.285483] systemd[1]: Couldn't move remaining userspace processes, ignoring: Input/output error
[   11.464503] random: lvmconfig: uninitialized urandom read (4 bytes read)
[   12.454770] systemd[1]: /lib/systemd/system/dbus.socket:5: ListenStream= references a path below legacy directory /var/run/, updating /var/run/dbus/system_bus_socket â†’ /run/dbus/system_bus_socket; please update the unit file accordingly.
[   12.882421] random: systemd: uninitialized urandom read (16 bytes read)
[   12.893737] systemd[1]: Created slice system-getty.slice.
[   12.894556] random: systemd: uninitialized urandom read (16 bytes read)
[   12.898131] systemd[1]: Created slice system-openvpn\x2dclient.slice.
[   12.898580] random: systemd: uninitialized urandom read (16 bytes read)
[   12.902061] systemd[1]: Created slice system-postfix.slice.
[   12.907439] systemd[1]: Created slice system-systemd\x2dfsck.slice.
[   12.911303] systemd[1]: Created slice User and Session Slice.
[   12.912410] systemd[1]: Started Dispatch Password Requests to Console Directory Watch.
[   12.913430] systemd[1]: Started Forward Password Requests to Wall Directory Watch.
[   12.915672] systemd[1]: Set up automount Arbitrary Executable File Formats File System Automount Point.
[   12.916270] systemd[1]: Reached target Local Encrypted Volumes.
[   12.916780] systemd[1]: Reached target Paths.
[   12.917231] systemd[1]: Reached target Remote File Systems.
[   12.917673] systemd[1]: Reached target Slices.
[   12.918649] systemd[1]: Listening on Device-mapper event daemon FIFOs.
[   12.919780] systemd[1]: Listening on LVM2 poll daemon socket.
[   12.936572] systemd[1]: Listening on Syslog Socket.
[   12.937798] systemd[1]: Listening on fsck to fsckd communication Socket.
[   12.938575] systemd[1]: Listening on initctl Compatibility Named Pipe.
[   12.939856] systemd[1]: Listening on Journal Audit Socket.
[   12.940838] systemd[1]: Listening on Journal Socket (/dev/log).
[   12.942018] systemd[1]: Listening on Journal Socket.
[   12.943157] systemd[1]: Listening on udev Control Socket.
[   12.943985] systemd[1]: Listening on udev Kernel Socket.
[   12.954054] systemd[1]: Mounting Huge Pages File System...
[   12.963179] systemd[1]: Mounting POSIX Message Queue File System...
[   12.972434] systemd[1]: Mounting Kernel Debug File System...
[   12.981171] systemd[1]: Starting Availability of block devices...
[   12.995109] systemd[1]: Starting Wait for network to be configured by ifupdown...
[   13.004111] systemd[1]: Starting Create list of static device nodes for the current kernel...
[   13.012776] systemd[1]: Starting Monitoring of LVM2 mirrors, snapshots etc. using dmeventd or progress polling...
[   13.021141] systemd[1]: Starting nftables...
[   13.043865] systemd[1]: Condition check resulted in Set Up Additional Binary Formats being skipped.
[   13.044152] systemd[1]: Condition check resulted in File System Check on Root Device being skipped.
[   13.056683] systemd[1]: Starting Journal Service...
[   13.068689] systemd[1]: Starting Load Kernel Modules...
[   13.077525] systemd[1]: Starting Remount Root and Kernel File Systems...
[   13.088652] systemd[1]: Starting udev Coldplug all Devices...
[   13.096134] systemd[1]: Mounted Huge Pages File System.
[   13.097717] systemd[1]: Mounted POSIX Message Queue File System.
[   13.099108] systemd[1]: Mounted Kernel Debug File System.
[   13.107153] systemd[1]: Started Availability of block devices.
[   13.113903] systemd[1]: Started Wait for network to be configured by ifupdown.
[   13.120119] systemd[1]: Started Create list of static device nodes for the current kernel.
[   13.171140] systemd[1]: Started Load Kernel Modules.
[   13.174437] systemd[1]: Condition check resulted in FUSE Control File System being skipped.
[   13.174842] systemd[1]: Condition check resulted in Kernel Configuration File System being skipped.
[   13.176013] EXT4-fs (vdiska2): re-mounted. Opts: errors=remount-ro
[   13.183631] systemd[1]: Starting Apply Kernel Variables...
[   13.202176] systemd[1]: Started Remount Root and Kernel File Systems.
[   13.326308] systemd[1]: Starting Initial Check File System Quotas...
[   13.364262] systemd[1]: Condition check resulted in Rebuild Hardware Database being skipped.
[   13.372694] systemd[1]: Starting Load/Save Random Seed...
[   13.381304] systemd[1]: Starting Create System Users...
[   13.383032] systemd[1]: Started Journal Service.
[   13.464127] systemd-journald[560]: Received client request to flush runtime journal.
[   15.650390] sha1_sparc64: Using sparc64 sha1 opcode optimized SHA-1 implementation
[   15.753395] n2rng v0.3 (Jan 7, 2017)
[   15.753492] n2rng f029b104: Registered RNG HVAPI major 2 minor 0
[   15.753566] n2rng f029b104: Found multi-unit-capable RNG, units: 2
[   15.754782] n2rng f029b104: RNG ready
[   15.849210] sha256_sparc64: Using sparc64 sha256 opcode optimized SHA-256/SHA-224 implementation
[   16.070372] pktcdvd: setup of pktcdvd device failed
[   16.095790] sha512_sparc64: Using sparc64 sha512 opcode optimized SHA-512/SHA-384 implementation
[   16.109337] md5_sparc64: Using sparc64 md5 opcode optimized MD5 implementation
[   16.128068] pktcdvd: setup of pktcdvd device failed
[   16.131293] pktcdvd: setup of pktcdvd device failed
[   16.134534] pktcdvd: setup of pktcdvd device failed
[   16.137699] pktcdvd: setup of pktcdvd device failed
[   16.141756] pktcdvd: setup of pktcdvd device failed
[   16.145011] pktcdvd: setup of pktcdvd device failed
[   16.148560] pktcdvd: setup of pktcdvd device failed
[   16.442651] Adding 787176k swap on /dev/vdiska4.  Priority:-2 extents:1 across:787176k FS
[   16.499966] XFS (dm-0): Mounting V5 Filesystem
[   16.745489] XFS (dm-0): Ending clean mount
[   16.831942] xfs filesystem being mounted at /1 supports timestamps until 2038 (0x7fffffff)
[   16.973421] EXT4-fs (vdiska1): mounting ext3 file system using the ext4 subsystem
[   17.205002] EXT4-fs (vdiska1): mounted filesystem with ordered data mode. Opts: (null)
[   17.205189] ext3 filesystem being mounted at /boot supports timestamps until 2038 (0x7fffffff)
[   18.002976] random: crng init done
[   18.003115] random: 6 urandom warning(s) missed due to ratelimiting
[   18.454834] Kernel unaligned access at TPC[88a378] aa_dfa_unpack+0x38/0x5a0
[   18.454955] Kernel unaligned access at TPC[88a398] aa_dfa_unpack+0x58/0x5a0
[   18.455011] Kernel unaligned access at TPC[88a454] aa_dfa_unpack+0x114/0x5a0
[   18.455068] Kernel unaligned access at TPC[88a534] aa_dfa_unpack+0x1f4/0x5a0
[   18.455123] Kernel unaligned access at TPC[88a548] aa_dfa_unpack+0x208/0x5a0
[   18.463472] audit: type=1400 audit(1580403191.900:2): apparmor="STATUS" operation="profile_load" profile="unconfined" name="/usr/sbin/haveged" pid=757 comm="apparmor_parser"
[   18.464263] audit: type=1400 audit(1580403191.900:3): apparmor="STATUS" operation="profile_load" profile="unconfined" name="nvidia_modprobe" pid=758 comm="apparmor_parser"
[   18.464401] audit: type=1400 audit(1580403191.900:4): apparmor="STATUS" operation="profile_load" profile="unconfined" name="nvidia_modprobe//kmod" pid=758 comm="apparmor_parser"
[   18.508776] audit: type=1400 audit(1580403191.940:5): apparmor="STATUS" operation="profile_load" profile="unconfined" name="lsb_release" pid=762 comm="apparmor_parser"
[   18.541201] audit: type=1400 audit(1580403191.970:6): apparmor="STATUS" operation="profile_load" profile="unconfined" name="/usr/bin/man" pid=759 comm="apparmor_parser"
[   18.541332] audit: type=1400 audit(1580403191.970:7): apparmor="STATUS" operation="profile_load" profile="unconfined" name="man_filter" pid=759 comm="apparmor_parser"
[   18.541442] audit: type=1400 audit(1580403191.970:8): apparmor="STATUS" operation="profile_load" profile="unconfined" name="man_groff" pid=759 comm="apparmor_parser"
[   18.623352] audit: type=1400 audit(1580403192.060:9): apparmor="STATUS" operation="profile_load" profile="unconfined" name="/usr/sbin/named" pid=761 comm="apparmor_parser"
[   18.647570] audit: type=1400 audit(1580403192.080:10): apparmor="STATUS" operation="profile_load" profile="unconfined" name="/usr/sbin/tcpdump" pid=760 comm="apparmor_parser"
