[    0.000020] PROMLIB: Sun IEEE Boot Prom 'OBP 4.38.12 2018/03/28 14:54'
[    0.000032] PROMLIB: Root node compatible: sun4v
[    0.000079] Linux version 5.4.0-rc4-00224-gf877bee5ea0b-dirty (mator@ttip.nvglabs.local) (gcc version 9.2.1 20191022 (Debian 9.2.1-12)) #1286 SMP Sat Oct 26 14:57:43 MSK 2019
[    0.000411] printk: bootconsole [earlyprom0] enabled
[    0.000461] ARCH: SUN4V
[    0.000512] Ethernet address: 00:14:4f:fa:06:f2
[    0.000563] MM: PAGE_OFFSET is 0xfff8000000000000 (max_phys_bits == 47)
[    0.000628] MM: VMALLOC [0x0000000100000000 --> 0x0006000000000000]
[    0.000690] MM: VMEMMAP [0x0006000000000000 --> 0x000c000000000000]
[    0.013145] Kernel: Using 6 locked TLB entries for main kernel image.
[    0.013213] Remapping the kernel... 
[    0.013240] done.
[    0.049393] OF stdout device is: /virtual-devices@100/console@1
[    0.049456] PROM: Built device tree with 87467 bytes of memory.
[    0.049517] MDESC: Size is 36960 bytes.
[    0.049637] PLATFORM: banner-name [SPARC T5-2]
[    0.049688] PLATFORM: name [ORCL,SPARC-T5-2]
[    0.049734] PLATFORM: hostid [84fa06f2]
[    0.049776] PLATFORM: serial# [0035260e]
[    0.049819] PLATFORM: stick-frequency [3b9aca00]
[    0.049868] PLATFORM: mac-address [144ffa06f2]
[    0.049916] PLATFORM: watchdog-resolution [1000 ms]
[    0.049965] PLATFORM: watchdog-max-timeout [31536000000 ms]
[    0.050022] PLATFORM: max-cpus [1024]
[    0.050090] Top of RAM: 0x24af936000, Total RAM: 0x87f352000
[    0.050148] Memory hole size: 115461MB
[    0.287447] Allocated 35708928 bytes for kernel page tables.
[    0.287535] Zone ranges:
[    0.287576]   Normal   [mem 0x0000000030400000-0x00000024af935fff]
[    0.287638] Movable zone start for each node
[    0.287685] Early memory node ranges
[    0.287724]   node   0: [mem 0x0000000030400000-0x000000006fe7ffff]
[    0.287789]   node   0: [mem 0x000000006ff00000-0x000000006ff25fff]
[    0.287850]   node   0: [mem 0x0000000070000000-0x000000042fffffff]
[    0.287911]   node   0: [mem 0x0000002030000000-0x00000024af87ffff]
[    0.287975]   node   0: [mem 0x00000024af900000-0x00000024af925fff]
[    0.288036]   node   0: [mem 0x00000024af930000-0x00000024af935fff]
[    0.295444] Zeroed struct page in unavailable ranges: 230130 pages
[    0.295452] Initmem setup node 0 [mem 0x0000000030400000-0x00000024af935fff]
[    0.295612] On node 0 totalpages: 4454825
[    0.295622]   Normal zone: 39154 pages used for memmap
[    0.295627]   Normal zone: 0 pages reserved
[    0.295633]   Normal zone: 4454825 pages, LIFO batch:31
[    0.306419] Booting Linux...
[    0.306505] CPU CAPS: [flush,stbar,swap,muldiv,v9,blkinit,n2,mul32]
[    0.306586] CPU CAPS: [div32,v8plus,popc,vis,vis2,ASIBlkInit,fmaf,vis3]
[    0.306664] CPU CAPS: [hpc,ima,pause,cbcond,aes,des,kasumi,camellia]
[    0.306734] CPU CAPS: [md5,sha1,sha256,sha512,mpmul,montmul,montsqr,crc32c]
[    0.340774] percpu: Embedded 27 pages/cpu s181896 r8192 d31096 u262144
[    0.341020] pcpu-alloc: s181896 r8192 d31096 u262144 alloc=1*4194304
[    0.341027] pcpu-alloc: [0] 000 001 002 003 004 005 006 007 008 009 010 011 012 013 014 015 
[    0.341054] pcpu-alloc: [0] 016 017 018 019 020 021 022 023 024 025 026 027 028 029 030 031 
[    0.341081] pcpu-alloc: [0] 032 033 034 035 036 037 038 039 040 041 042 043 044 045 046 047 
[    0.341108] pcpu-alloc: [0] 048 049 050 051 052 053 054 055 056 057 058 059 060 061 062 063 
[    0.341135] pcpu-alloc: [0] 064 065 066 067 068 069 070 071 072 073 074 075 076 077 078 079 
[    0.341162] pcpu-alloc: [0] 080 081 082 083 084 085 086 087 088 089 090 091 092 093 094 095 
[    0.341189] pcpu-alloc: [0] 096 097 098 099 100 101 102 103 104 105 106 107 108 109 110 111 
[    0.341216] pcpu-alloc: [0] 112 113 114 115 116 117 118 119 120 121 122 123 124 125 126 127 
[    0.341749] SUN4V: Mondo queue sizes [cpu(131072) dev(16384) r(8192) nr(256)]
[    0.342194] Built 1 zonelists, mobility grouping on.  Total pages: 4415671
[    0.342285] Kernel command line: BOOT_IMAGE=/vmlinux-5.4.0-rc4-00224-gf877bee5ea0b-dirty root=/dev/vdiska2 ro zswap.enabled=1
[    0.344646] printk: log_buf_len individual max cpu contribution: 4096 bytes
[    0.344720] printk: log_buf_len total cpu_extra contributions: 520192 bytes
[    0.344784] printk: log_buf_len min size: 131072 bytes
[    0.346110] printk: log_buf_len: 1048576 bytes
[    0.346163] printk: early log buf free: 126608(96%)
[    0.355774] Dentry cache hash table entries: 8388608 (order: 13, 67108864 bytes, linear)
[    0.360674] Inode-cache hash table entries: 4194304 (order: 12, 33554432 bytes, linear)
[    0.360756] Sorting __ex_table...
[    0.361023] mem auto-init: stack:off, heap alloc:off, heap free:off
[    0.424013] Memory: 1305232K/35638600K available (7436K kernel code, 957K rwdata, 2184K rodata, 704K init, 12359K bss, 544592K reserved, 0K cma-reserved)
[    0.434064] SLUB: HWalign=32, Order=0-3, MinObjects=0, CPUs=128, Nodes=1
[    0.439028] ftrace: allocating 21252 entries in 42 pages
[    0.455237] Running RCU self tests
[    0.455288] rcu: Hierarchical RCU implementation.
[    0.455338] rcu: 	RCU event tracing is enabled.
[    0.455386] rcu: 	RCU lockdep checking is enabled.
[    0.455437] 	Tasks RCU enabled.
[    0.455475] rcu: RCU calculated value of scheduler-enlistment delay is 10 jiffies.
[    0.464425] NR_IRQS: 2048, nr_irqs: 2048, preallocated irqs: 1
[    0.464864] SUN4V: Using IRQ API major 3, cookie only virqs enabled
[    0.468734] clocksource: stick: mask: 0xffffffffffffffff max_cycles: 0x1cd42e4dffb, max_idle_ns: 881590591483 ns
[    0.468865] clocksource: mult[800000] shift[23]
[    0.468914] clockevent: mult[80000000] shift[31]
[    0.472650] Console: colour dummy device 80x25
[    0.472714] printk: console [tty0] enabled
[    0.472790] printk: bootconsole [earlyprom0] disabled
[    0.472876] Lock dependency validator: Copyright (c) 2006 Red Hat, Inc., Ingo Molnar
[    0.472924] ... MAX_LOCKDEP_SUBCLASSES:  8
[    0.472953] ... MAX_LOCK_DEPTH:          48
[    0.472984] ... MAX_LOCKDEP_KEYS:        8192
[    0.473014] ... CLASSHASH_SIZE:          4096
[    0.473045] ... MAX_LOCKDEP_ENTRIES:     16384
[    0.473076] ... MAX_LOCKDEP_CHAINS:      32768
[    0.473108] ... CHAINHASH_SIZE:          16384
[    0.473139]  memory used by lock dependency info: 3855 kB
[    0.473174]  memory used for stack traces: 2112 kB
[    0.473207]  per task-struct memory footprint: 1920 bytes
[    0.619141] Calibrating delay using timer specific routine.. 2003.89 BogoMIPS (lpj=10019463)
[    0.619200] pid_max: default: 131072 minimum: 1024
[    0.626491] LSM: Security Framework initializing
[    0.628541] AppArmor: AppArmor initialized
[    0.631623] Mount-cache hash table entries: 131072 (order: 7, 1048576 bytes, linear)
[    0.631865] Mountpoint-cache hash table entries: 131072 (order: 7, 1048576 bytes, linear)
[    0.633365] *** VALIDATE tmpfs ***
[    0.642255] *** VALIDATE proc ***
[    0.647901] *** VALIDATE cgroup1 ***
[    0.647934] *** VALIDATE cgroup2 ***
[    0.653896] rcu: Hierarchical SRCU implementation.
[    0.666313] smp: Bringing up secondary CPUs ...
[    0.738163] smp: Brought up 1 node, 32 CPUs
[    0.944793] node 0 initialised, 4223597 pages in 190ms
[    0.950003] devtmpfs: initialized
[    0.960494] Performance events: 
[    0.960585] Testing NMI watchdog ... 
[    1.160800] OK.
[    1.160918] Supported PMU type is 'niagara5'
[    1.162552] random: get_random_u32 called from bucket_table_alloc.isra.0+0x188/0x1c0 with crng_init=0
[    1.164379] ldc.c:v1.1 (July 22, 2008)
[    1.168222] clocksource: jiffies: mask: 0xffffffff max_cycles: 0xffffffff, max_idle_ns: 19112604462750000 ns
[    1.168322] futex hash table entries: 32768 (order: 9, 4194304 bytes, linear)
[    1.187838] NET: Registered protocol family 16
[    1.202086] VIO: Adding device channel-devices (tx_ino = ffffffffffffffff, rx_ino = ffffffffffffffff)
[    1.202392] VIO: Adding device vnet-port-0-0 (tx_ino = 0, rx_ino = 1)
[    1.202677] VIO: Adding device vnet-port-0-1 (tx_ino = 2, rx_ino = 3)
[    1.202934] VIO: Adding device vnet-port-0-2 (tx_ino = 4, rx_ino = 5)
[    1.203196] VIO: Adding device vnet-port-0-4 (tx_ino = 8, rx_ino = 9)
[    1.203453] VIO: Adding device vnet-port-0-5 (tx_ino = a, rx_ino = b)
[    1.203703] VIO: Adding device vnet-port-0-6 (tx_ino = c, rx_ino = d)
[    1.203966] VIO: Adding device vdc-port-3-0 (tx_ino = e, rx_ino = f)
[    1.204226] VIO: Adding device vdc-port-2-0 (tx_ino = 10, rx_ino = 11)
[    1.204477] VIO: Adding device vdc-port-1-0 (tx_ino = 12, rx_ino = 13)
[    1.204739] VIO: Adding device vdc-port-0-0 (tx_ino = 14, rx_ino = 15)
[    1.204988] VIO: Adding device vdc-port-4-0 (tx_ino = 16, rx_ino = 17)
[    1.205248] VIO: Adding device vlds-port-0-0 (tx_ino = 18, rx_ino = 19)
[    1.205505] VIO: Adding device domain-services-port-0 (tx_ino = 18, rx_ino = 19)
[    1.206525] audit: initializing netlink subsys (disabled)
[    1.206970] audit: type=2000 audit(0.540:1): state=initialized audit_enabled=0 res=1
[    1.263334] HugeTLB registered 64.0 KiB page size, pre-allocated 0 pages
[    1.263386] HugeTLB registered 8.00 MiB page size, pre-allocated 0 pages
[    1.263433] HugeTLB registered 256 MiB page size, pre-allocated 0 pages
[    1.263478] HugeTLB registered 2.00 GiB page size, pre-allocated 0 pages
[    1.268693] alg: extra crypto tests enabled.  This is intended for developer use only.
[    1.297641] cryptd: max_cpu_qlen set to 1000
[    1.438113] NetLabel: Initializing
[    1.438149] NetLabel:  domain hash size = 128
[    1.438182] NetLabel:  protocols = UNLABELED CIPSOv4 CALIPSO
[    1.438427] NetLabel:  unlabeled traffic allowed by default
[    1.439716] SUN4V: Reboot data supported (maj=1,min=0).
[    1.441474] ds.c:v1.0 (Jul 11, 2007)
[    1.442004] ds-0: ds_conn_reset() from send_events.isra.0
[    1.443519] clocksource: Switched to clocksource stick
[    1.732585] *** VALIDATE bpf ***
[    1.740940] VFS: Disk quotas dquot_6.6.0
[    1.745591] VFS: Dquot-cache hash table entries: 1024 (order 0, 8192 bytes)
[    1.745968] *** VALIDATE ramfs ***
[    1.746624] *** VALIDATE hugetlbfs ***
[    1.759730] AppArmor: AppArmor Filesystem Enabled
[    1.787410] NET: Registered protocol family 2
[    1.797277] tcp_listen_portaddr_hash hash table entries: 32768 (order: 8, 2359296 bytes, linear)
[    1.800976] TCP established hash table entries: 524288 (order: 9, 4194304 bytes, linear)
[    1.803208] TCP bind hash table entries: 65536 (order: 9, 4194304 bytes, linear)
[    1.809805] TCP: Hash tables configured (established 524288 bind 65536)
[    1.814545] UDP hash table entries: 32768 (order: 9, 5242880 bytes, linear)
[    1.821144] UDP-Lite hash table entries: 32768 (order: 9, 5242880 bytes, linear)
[    1.836683] NET: Registered protocol family 1
[    1.836769] NET: Registered protocol family 44
[    1.837443] Trying to unpack rootfs image as initramfs...
[    2.162366] Freeing initrd memory: 10360K
[    2.167520] aes_sparc64: Using sparc64 aes opcodes optimized AES implementation
[    2.468555] des_sparc64: Using sparc64 des opcodes optimized DES implementation
[    3.005114] camellia_sparc64: Using sparc64 camellia opcodes optimized CAMELLIA implementation
[    3.226364] workingset: timestamp_bits=46 max_order=23 bucket_order=0
[    3.272781] SGI XFS with ACLs, security attributes, debug enabled
[    3.317546] Block layer SCSI generic (bsg) driver version 0.4 loaded (major 252)
[    3.319255] io scheduler mq-deadline registered
[    3.326362] f029b788: ttyHV0 at I/O 0x0 (irq = 1, base_baud = 115200) is a SUN4V HCONS
[    3.333202] printk: console [ttyHV0] enabled
[    3.340731] sunvdc.c:v1.2 (November 24, 2014)
[    3.356231] sunvdc: Virtual CDROM vdiskd
[    3.356286] sunvdc: vdiskd: 403160 sectors (196 MB) protocol 1.2
[    3.359835]  vdiskd: vdiskd1 vdiskd2 vdiskd3 vdiskd4 vdiskd5 vdiskd6 vdiskd7
[    3.413066] sunvdc: Virtual Hard disk vdiskc
[    3.413113] sunvdc: vdiskc: 104857600 sectors (51200 MB) protocol 1.2
[    3.458691] sunvdc: Virtual Hard disk vdiskb
[    3.458737] sunvdc: vdiskb: 62914560 sectors (30720 MB) protocol 1.2
[    3.461862]  vdiskb: vdiskb1
[    3.505852] sunvdc: Virtual Hard disk vdiska
[    3.505901] sunvdc: vdiska: 31457280 sectors (15360 MB) protocol 1.2
[    3.509193]  vdiska: vdiska1 vdiska2 vdiska3 vdiska4
[    3.557640] sunvdc: Virtual Hard disk vdiske
[    3.557685] sunvdc: vdiske: 20971520 sectors (10240 MB) protocol 1.2
[    3.561847]  vdiske: vdiske1 vdiske2 vdiske3
[    3.592869] sunvnet: sunvnet 2.0 (February 3, 2017)
[    3.598567] vnet_port vnet-port-0-0 eth0: Sun LDOM vnet 00:14:4f:f8:12:a3
[    3.598883] sunvnet: eth0: PORT ( remote-mac 00:14:4f:fa:f3:f0 switch-port )
[    3.600701] sunvnet: eth0: PORT ( remote-mac 00:14:4f:f8:e5:f3 )
[    3.602552] sunvnet: eth0: PORT ( remote-mac 00:14:4f:f9:b4:97 )
[    3.604430] sunvnet: eth0: PORT ( remote-mac 00:14:4f:f8:3f:1e )
[    3.606213] sunvnet: eth0: PORT ( remote-mac 00:14:4f:f8:fe:47 )
[    3.608003] sunvnet: eth0: PORT ( remote-mac 00:14:4f:f9:8b:83 )
[    3.609715] rtc-sun4v rtc-sun4v: registered as rtc0
[    3.610524] sun4v_wdt: initialized (timeout=60s, nowayout=0)
[    3.611586] device-mapper: uevent: version 1.0.3
[    3.614093] device-mapper: ioctl: 4.41.0-ioctl (2019-09-16) initialised: dm-devel@redhat.com
[    3.615778] NET: Registered protocol family 17
[    3.616670] registered taskstats version 1
[    3.626375] zswap: default zpool zbud not available
[    3.626430] zswap: pool creation failed
[    3.627388] kmemleak: Kernel memory leak detector initialized (mem pool available: 6234)
[    3.627400] kmemleak: Automatic memory scanning thread started
[    3.921024] Key type big_key registered
[    3.921099] AppArmor: AppArmor sha1 policy hashing enabled
[    3.922074] rtc-sun4v rtc-sun4v: setting system clock to 2019-10-26T17:53:48 UTC (1572112428)
[    3.931300] This architecture does not have kernel memory protection.
[    3.931348] Run /init as init process
[    4.739823] crc32c_sparc64: Using sparc64 crc32c opcode optimized CRC32C implementation
[    4.900562] random: fast init done
[    5.313422] raid6: int64x8  gen()  2163 MB/s
[    5.483413] raid6: int64x8  xor()  1568 MB/s
[    5.653411] raid6: int64x4  gen()  3469 MB/s
[    5.823421] raid6: int64x4  xor()  2002 MB/s
[    5.993421] raid6: int64x2  gen()  2873 MB/s
[    6.163408] raid6: int64x2  xor()  1994 MB/s
[    6.333425] raid6: int64x1  gen()  2850 MB/s
[    6.503398] raid6: int64x1  xor()  1623 MB/s
[    6.503439] raid6: using algorithm int64x4 gen() 3469 MB/s
[    6.503479] raid6: .... xor() 2002 MB/s, rmw enabled
[    6.503517] raid6: using intx1 recovery algorithm
[    6.504909] async_tx: api initialized (async)
[    6.505970] xor: automatically using best checksumming function   Niagara   
[    6.826896] EXT4-fs (vdiska2): mounted filesystem with ordered data mode. Opts: (null)
[    8.960901] systemd[1]: Inserted module 'autofs4'
[    8.981426] NET: Registered protocol family 10
[    8.997043] Segment Routing with IPv6
[    9.072846] systemd[1]: systemd 242 running in system mode. (+PAM +AUDIT +SELINUX +IMA +APPARMOR +SMACK +SYSVINIT +UTMP +LIBCRYPTSETUP +GCRYPT +GNUTLS +ACL +XZ +LZ4 -SECCOMP +BLKID +ELFUTILS +KMOD +IDN2 -IDN +PCRE2 default-hierarchy=hybrid)
[    9.073870] systemd[1]: Detected architecture sparc64.
[    9.277463] systemd[1]: Set hostname to <ttip.nvglabs.local>.
[    9.313968] systemd[1]: Failed to bump fs.file-max, ignoring: Invalid argument
[   10.332533] random: lvmconfig: uninitialized urandom read (4 bytes read)
[   11.151396] systemd[1]: /lib/systemd/system/dbus.socket:4: ListenStream= references a path below legacy directory /var/run/, updating /var/run/dbus/system_bus_socket → /run/dbus/system_bus_socket; please update the unit file accordingly.
[   11.623681] systemd[1]: /lib/systemd/system/pcscd.socket:4: ListenStream= references a path below legacy directory /var/run/, updating /var/run/pcscd/pcscd.comm → /run/pcscd/pcscd.comm; please update the unit file accordingly.
[   11.679246] random: systemd: uninitialized urandom read (16 bytes read)
[   11.683136] systemd[1]: Set up automount Arbitrary Executable File Formats File System Automount Point.
[   11.684849] random: systemd: uninitialized urandom read (16 bytes read)
[   11.685576] systemd[1]: Listening on udev Kernel Socket.
[   11.686131] random: systemd: uninitialized urandom read (16 bytes read)
[   11.720033] systemd[1]: Created slice system-postfix.slice.
[   11.733728] systemd[1]: Created slice User and Session Slice.
[   12.157309] EXT4-fs (vdiska2): re-mounted. Opts: errors=remount-ro
[   12.580986] systemd-journald[548]: Received request to flush runtime journal from PID 1
[   13.925042] sha1_sparc64: Using sparc64 sha1 opcode optimized SHA-1 implementation
[   14.184218] sha256_sparc64: Using sparc64 sha256 opcode optimized SHA-256/SHA-224 implementation
[   14.189717] n2rng v0.3 (Jan 7, 2017)
[   14.189879] n2rng f029b104: Registered RNG HVAPI major 2 minor 0
[   14.190037] n2rng f029b104: Found multi-unit-capable RNG, units: 2
[   14.193809] n2rng f029b104: RNG ready
[   14.491618] sha512_sparc64: Using sparc64 sha512 opcode optimized SHA-512/SHA-384 implementation
[   14.500075] md5_sparc64: Using sparc64 md5 opcode optimized MD5 implementation
[   14.641340] pktcdvd: setup of pktcdvd device failed
[   14.735625] pktcdvd: setup of pktcdvd device failed
[   14.755673] pktcdvd: setup of pktcdvd device failed
[   14.775052] pktcdvd: setup of pktcdvd device failed
[   14.794223] pktcdvd: setup of pktcdvd device failed
[   14.812549] pktcdvd: setup of pktcdvd device failed
[   14.831654] pktcdvd: setup of pktcdvd device failed
[   14.849011] pktcdvd: setup of pktcdvd device failed
[   16.741340] XFS (dm-0): Mounting V5 Filesystem
[   17.623560] Adding 787176k swap on /dev/vdiska4.  Priority:-2 extents:1 across:787176k FS
[   17.938181] EXT4-fs (vdiska1): mounting ext3 file system using the ext4 subsystem
[   17.965685] EXT4-fs (vdiska1): mounted filesystem with ordered data mode. Opts: (null)
[   17.967543] Mounted ext3 file system at /boot supports timestamps until 2038 (0x7fffffff)
[   18.248460] XFS (dm-0): Ending clean mount
[   18.282637] Mounted xfs file system at /1 supports timestamps until 2038 (0x7fffffff)
[   19.609205] Kernel unaligned access at TPC[86e658] aa_dfa_unpack+0x38/0x5c0
[   19.609324] Kernel unaligned access at TPC[86e678] aa_dfa_unpack+0x58/0x5c0
[   19.609379] Kernel unaligned access at TPC[86e740] aa_dfa_unpack+0x120/0x5c0
[   19.609448] Kernel unaligned access at TPC[86e820] aa_dfa_unpack+0x200/0x5c0
[   19.609503] Kernel unaligned access at TPC[86e834] aa_dfa_unpack+0x214/0x5c0
[   20.380885] random: crng init done
[   20.380937] random: 6 urandom warning(s) missed due to ratelimiting
[   23.791811] tun: Universal TUN/TAP device driver, 1.6

[   25.276408] ======================================================
[   25.276416] WARNING: possible circular locking dependency detected
[   25.276426] 5.4.0-rc4-00224-gf877bee5ea0b-dirty #1286 Not tainted
[   25.276433] ------------------------------------------------------
[   25.276440] iptables-restor/992 is trying to acquire lock:
[   25.276448] 0000000010574120 (&table[i].mutex){+.+.}, at: nfnl_lock+0x24/0x40 [nfnetlink]
[   25.276469] 
               but task is already holding lock:
[   25.276476] 0000000000e2c020 (&net->nft.commit_mutex){+.+.}, at: nf_tables_valid_genid+0x10/0x60 [nf_tables]
[   25.276505] 
               which lock already depends on the new lock.

[   25.276513] 
               the existing dependency chain (in reverse order) is:
[   25.276521] 
               -> #1 (&net->nft.commit_mutex){+.+.}:
[   25.276539]        __mutex_lock+0xac/0x9a0
[   25.276547]        mutex_lock_nested+0x1c/0x40
[   25.276557]        nf_tables_valid_genid+0x10/0x60 [nf_tables]
[   25.276565]        nfnetlink_rcv_batch+0x228/0x620 [nfnetlink]
[   25.276573]        nfnetlink_rcv+0x110/0x140 [nfnetlink]
[   25.276582]        netlink_unicast+0x128/0x200
[   25.276589]        netlink_sendmsg+0x338/0x380
[   25.276600]        sock_sendmsg+0x34/0x80
[   25.276606]        ___sys_sendmsg+0x238/0x260
[   25.276614]        __sys_sendmsg+0x48/0x80
[   25.276621]        sys_sendmsg+0x18/0x40
[   25.276630]        linux_sparc_syscall+0x34/0x44
[   25.276636] 
               -> #0 (&table[i].mutex){+.+.}:
[   25.276648]        __lock_acquire+0x1b18/0x2520
[   25.276654]        lock_acquire+0x1ac/0x1e0
[   25.276661]        __mutex_lock+0xac/0x9a0
[   25.276668]        mutex_lock_nested+0x1c/0x40
[   25.276675]        nfnl_lock+0x24/0x40 [nfnetlink]
[   25.276686]        ip_set_nfnl_get_byindex+0x190/0x280 [ip_set]
[   25.276697]        set_match_v1_checkentry+0x14/0xc0 [xt_set]
[   25.276710]        xt_check_match+0x240/0x280 [x_tables]
[   25.276719]        __nft_match_init+0x174/0x1a0 [nft_compat]
[   25.276727]        nft_match_init+0x18/0x40 [nft_compat]
[   25.276738]        nf_tables_newrule+0x510/0x7a0 [nf_tables]
[   25.276746]        nfnetlink_rcv_batch+0x3d8/0x620 [nfnetlink]
[   25.276753]        nfnetlink_rcv+0x110/0x140 [nfnetlink]
[   25.276760]        netlink_unicast+0x128/0x200
[   25.276767]        netlink_sendmsg+0x338/0x380
[   25.276773]        sock_sendmsg+0x34/0x80
[   25.276780]        ___sys_sendmsg+0x238/0x260
[   25.276787]        __sys_sendmsg+0x48/0x80
[   25.276793]        sys_sendmsg+0x18/0x40
[   25.276800]        linux_sparc_syscall+0x34/0x44
[   25.276806] 
               other info that might help us debug this:

[   25.276814]  Possible unsafe locking scenario:

[   25.276820]        CPU0                    CPU1
[   25.276826]        ----                    ----
[   25.276831]   lock(&net->nft.commit_mutex);
[   25.276838]                                lock(&table[i].mutex);
[   25.276845]                                lock(&net->nft.commit_mutex);
[   25.276853]   lock(&table[i].mutex);
[   25.276860] 
                *** DEADLOCK ***

[   25.276868] 1 lock held by iptables-restor/992:
[   25.276873]  #0: 0000000000e2c020 (&net->nft.commit_mutex){+.+.}, at: nf_tables_valid_genid+0x10/0x60 [nf_tables]
[   25.276890] 
               stack backtrace:
[   25.276898] CPU: 26 PID: 992 Comm: iptables-restor Not tainted 5.4.0-rc4-00224-gf877bee5ea0b-dirty #1286
[   25.276907] Call Trace:
[   25.276919]  [00000000004d419c] print_circular_bug.isra.0+0x1bc/0x1e0
[   25.276927]  [00000000004d43e0] check_noncircular+0x220/0x240
[   25.276934]  [00000000004d8d38] __lock_acquire+0x1b18/0x2520
[   25.276941]  [00000000004da0cc] lock_acquire+0x1ac/0x1e0
[   25.276949]  [0000000000b401cc] __mutex_lock+0xac/0x9a0
[   25.276956]  [0000000000b40adc] mutex_lock_nested+0x1c/0x40
[   25.276964]  [0000000010572024] nfnl_lock+0x24/0x40 [nfnetlink]
[   25.276973]  [000000001057f310] ip_set_nfnl_get_byindex+0x190/0x280 [ip_set]
[   25.276981]  [00000000105f8694] set_match_v1_checkentry+0x14/0xc0 [xt_set]
[   25.276990]  [000000001039e8a0] xt_check_match+0x240/0x280 [x_tables]
[   25.276999]  [00000000105d2c54] __nft_match_init+0x174/0x1a0 [nft_compat]
[   25.277007]  [00000000105d2d18] nft_match_init+0x18/0x40 [nft_compat]
[   25.277018]  [00000000105afe70] nf_tables_newrule+0x510/0x7a0 [nf_tables]
[   25.277026]  [0000000010572898] nfnetlink_rcv_batch+0x3d8/0x620 [nfnetlink]
[   25.277034]  [0000000010572bf0] nfnetlink_rcv+0x110/0x140 [nfnetlink]
[   25.277041]  [0000000000a38508] netlink_unicast+0x128/0x200
