[    0.000021] PROMLIB: Sun IEEE Boot Prom 'OBP 4.38.12 2018/03/28 14:54'
[    0.000034] PROMLIB: Root node compatible: sun4v
[    0.000085] Linux version 5.8.0-12299-g00e4db51259a (mator@ttip) (gcc (Debian 10.1.0-6) 10.1.0, GNU ld (GNU Binutils for Debian) 2.35) #24 SMP Tue Aug 11 12:28:59 MSK 2020
[    0.000423] printk: bootconsole [earlyprom0] enabled
[    0.000475] ARCH: SUN4V
[    0.000528] Ethernet address: 00:14:4f:fa:06:f2
[    0.000581] MM: PAGE_OFFSET is 0xfff8000000000000 (max_phys_bits == 47)
[    0.000647] MM: VMALLOC [0x0000000100000000 --> 0x0006000000000000]
[    0.000709] MM: VMEMMAP [0x0006000000000000 --> 0x000c000000000000]
[    0.013028] Kernel: Using 5 locked TLB entries for main kernel image.
[    0.013099] Remapping the kernel... 
[    0.013123] done.
[    0.046278] OF stdout device is: /virtual-devices@100/console@1
[    0.046344] PROM: Built device tree with 86758 bytes of memory.
[    0.046407] MDESC: Size is 36512 bytes.
[    0.046523] PLATFORM: banner-name [SPARC T5-2]
[    0.046574] PLATFORM: name [ORCL,SPARC-T5-2]
[    0.046623] PLATFORM: hostid [84fa06f2]
[    0.046667] PLATFORM: serial# [0035260e]
[    0.046712] PLATFORM: stick-frequency [3b9aca00]
[    0.046761] PLATFORM: mac-address [144ffa06f2]
[    0.046810] PLATFORM: watchdog-resolution [1000 ms]
[    0.046862] PLATFORM: watchdog-max-timeout [31536000000 ms]
[    0.046919] PLATFORM: max-cpus [1024]
[    0.051671] Allocated 40960 bytes for kernel page tables.
[    0.051762] Zone ranges:
[    0.051803]   Normal   [mem 0x0000000030400000-0x00000024af937fff]
[    0.051867] Movable zone start for each node
[    0.051914] Early memory node ranges
[    0.051956]   node   0: [mem 0x0000000030400000-0x000000006fe7ffff]
[    0.052021]   node   0: [mem 0x000000006ff00000-0x000000006ff25fff]
[    0.052084]   node   0: [mem 0x0000000070000000-0x000000042fffffff]
[    0.052147]   node   0: [mem 0x0000002030000000-0x00000024af87ffff]
[    0.052211]   node   0: [mem 0x00000024af900000-0x00000024af925fff]
[    0.052273]   node   0: [mem 0x00000024af930000-0x00000024af937fff]
[    0.067372] Zeroed struct page in unavailable ranges: 263766 pages
[    0.067381] Initmem setup node 0 [mem 0x0000000030400000-0x00000024af937fff]
[    0.067543] On node 0 totalpages: 4454826
[    0.067552]   Normal zone: 39154 pages used for memmap
[    0.067558]   Normal zone: 0 pages reserved
[    0.067564]   Normal zone: 4454826 pages, LIFO batch:31
[    0.226495] Booting Linux...
[    0.226580] CPU CAPS: [flush,stbar,swap,muldiv,v9,blkinit,n2,mul32]
[    0.226664] CPU CAPS: [div32,v8plus,popc,vis,vis2,ASIBlkInit,fmaf,vis3]
[    0.227745] CPU CAPS: [hpc,ima,pause,cbcond,aes,des,kasumi,camellia]
[    0.227819] CPU CAPS: [md5,sha1,sha256,sha512,mpmul,montmul,montsqr,crc32c]
[    0.257668] percpu: Embedded 28 pages/cpu s184656 r8192 d36528 u262144
[    0.257883] pcpu-alloc: s184656 r8192 d36528 u262144 alloc=1*4194304
[    0.257891] pcpu-alloc: [0] 000 001 002 003 004 005 006 007 008 009 010 011 012 013 014 015 
[    0.257919] pcpu-alloc: [0] 016 017 018 019 020 021 022 023 024 025 026 027 028 029 030 031 
[    0.257947] pcpu-alloc: [0] 032 033 034 035 036 037 038 039 040 041 042 043 044 045 046 047 
[    0.257975] pcpu-alloc: [0] 048 049 050 051 052 053 054 055 056 057 058 059 060 061 062 063 
[    0.258003] pcpu-alloc: [0] 064 065 066 067 068 069 070 071 072 073 074 075 076 077 078 079 
[    0.258031] pcpu-alloc: [0] 080 081 082 083 084 085 086 087 088 089 090 091 092 093 094 095 
[    0.258058] pcpu-alloc: [0] 096 097 098 099 100 101 102 103 104 105 106 107 108 109 110 111 
[    0.258087] pcpu-alloc: [0] 112 113 114 115 116 117 118 119 120 121 122 123 124 125 126 127 
[    0.258526] SUN4V: Mondo queue sizes [cpu(131072) dev(16384) r(8192) nr(256)]
[    0.258905] Built 1 zonelists, mobility grouping on.  Total pages: 4415672
[    0.258975] Policy zone: Normal
[    0.259034] Kernel command line: BOOT_IMAGE=/vmlinux-5.8.0-12299-g00e4db51259a root=/dev/vdiska2 ro zswap.enabled=1
[    0.261702] printk: log_buf_len individual max cpu contribution: 4096 bytes
[    0.261773] printk: log_buf_len total cpu_extra contributions: 520192 bytes
[    0.261842] printk: log_buf_len min size: 131072 bytes
[    0.262116] printk: log_buf_len: 1048576 bytes
[    0.262168] printk: early log buf free: 126704(96%)
[    0.268483] Dentry cache hash table entries: 8388608 (order: 13, 67108864 bytes, linear)
[    0.271719] Inode-cache hash table entries: 4194304 (order: 12, 33554432 bytes, linear)
[    0.271796] Sorting __ex_table...
[    0.272030] mem auto-init: stack:off, heap alloc:off, heap free:off
[    0.379090] Memory: 35128000K/35638608K available (8083K kernel code, 1081K rwdata, 2360K rodata, 664K init, 6853K bss, 510608K reserved, 0K cma-reserved)
[    0.379790] SLUB: HWalign=32, Order=0-3, MinObjects=0, CPUs=128, Nodes=32
[    0.380083] ftrace: allocating 22061 entries in 44 pages
[    0.388414] ftrace: allocated 44 pages with 3 groups
[    0.391371] Running RCU self tests
[    0.391803] rcu: Hierarchical RCU implementation.
[    0.391856] rcu: 	RCU event tracing is enabled.
[    0.391906] rcu: 	RCU lockdep checking is enabled.
[    0.391958] 	Trampoline variant of Tasks RCU enabled.
[    0.392010] 	Rude variant of Tasks RCU enabled.
[    0.392059] 	Tracing variant of Tasks RCU enabled.
[    0.392110] rcu: RCU calculated value of scheduler-enlistment delay is 10 jiffies.
[    0.396510] NR_IRQS: 2048, nr_irqs: 2048, preallocated irqs: 1
[    0.396587] SUN4V: Using IRQ API major 3, cookie only virqs enabled
[    0.399227] clocksource: stick: mask: 0xffffffffffffffff max_cycles: 0x1cd42e4dffb, max_idle_ns: 881590591483 ns
[    0.399357] clocksource: mult[800000] shift[23]
[    0.399407] clockevent: mult[80000000] shift[31]
[    0.399800] Console: colour dummy device 80x25
[    0.399865] printk: console [tty0] enabled
[    0.399946] printk: bootconsole [earlyprom0] disabled
[    0.400037] Lock dependency validator: Copyright (c) 2006 Red Hat, Inc., Ingo Molnar
[    0.400091] ... MAX_LOCKDEP_SUBCLASSES:  8
[    0.400124] ... MAX_LOCK_DEPTH:          48
[    0.400158] ... MAX_LOCKDEP_KEYS:        8192
[    0.400193] ... CLASSHASH_SIZE:          4096
[    0.400227] ... MAX_LOCKDEP_ENTRIES:     16384
[    0.400262] ... MAX_LOCKDEP_CHAINS:      32768
[    0.400297] ... CHAINHASH_SIZE:          16384
[    0.400332]  memory used by lock dependency info: 3919 kB
[    0.400373]  memory used for stack traces: 2112 kB
[    0.400409]  per task-struct memory footprint: 1920 bytes
[    0.549644] Calibrating delay using timer specific routine.. 2003.76 BogoMIPS (lpj=10018834)
[    0.549708] pid_max: default: 131072 minimum: 1024
[    0.550023] LSM: Security Framework initializing
[    0.550190] AppArmor: AppArmor initialized
[    0.550499] Mount-cache hash table entries: 131072 (order: 7, 1048576 bytes, linear)
[    0.550670] Mountpoint-cache hash table entries: 131072 (order: 7, 1048576 bytes, linear)
[    0.556111] rcu: Hierarchical SRCU implementation.
[    0.565465] smp: Bringing up secondary CPUs ...
[    0.614042] smp: Brought up 1 node, 32 CPUs
[    0.620218] devtmpfs: initialized
[    0.625612] Performance events: 
[    0.625652] Testing NMI watchdog ... 
[    0.825727] OK.
[    0.825819] Supported PMU type is 'niagara5'
[    0.826014] random: get_random_u32 called from bucket_table_alloc.isra.0+0x198/0x1c0 with crng_init=0
[    0.826576] ldc.c:v1.1 (July 22, 2008)
[    0.829710] clocksource: jiffies: mask: 0xffffffff max_cycles: 0xffffffff, max_idle_ns: 19112604462750000 ns
[    0.829811] futex hash table entries: 32768 (order: 9, 4194304 bytes, linear)
[    0.835487] NET: Registered protocol family 16
[    0.845309] VIO: Adding device channel-devices (tx_ino = ffffffffffffffff, rx_ino = ffffffffffffffff)
[    0.845540] VIO: Adding device vnet-port-0-0 (tx_ino = 0, rx_ino = 1)
[    0.845769] VIO: Adding device vnet-port-0-1 (tx_ino = 2, rx_ino = 3)
[    0.845990] VIO: Adding device vnet-port-0-2 (tx_ino = 4, rx_ino = 5)
[    0.846181] VIO: Adding device vnet-port-0-3 (tx_ino = 6, rx_ino = 7)
[    0.846377] VIO: Adding device vnet-port-0-4 (tx_ino = 8, rx_ino = 9)
[    0.846568] VIO: Adding device vnet-port-0-5 (tx_ino = a, rx_ino = b)
[    0.846756] VIO: Adding device vdc-port-2-0 (tx_ino = c, rx_ino = d)
[    0.846950] VIO: Adding device vdc-port-1-0 (tx_ino = e, rx_ino = f)
[    0.847140] VIO: Adding device vdc-port-0-0 (tx_ino = 10, rx_ino = 11)
[    0.847329] VIO: Adding device vdc-port-3-0 (tx_ino = 12, rx_ino = 13)
[    0.847525] VIO: Adding device vlds-port-0-0 (tx_ino = 14, rx_ino = 15)
[    0.847719] VIO: Adding device domain-services-port-0 (tx_ino = 14, rx_ino = 15)
[    0.848033] audit: initializing netlink subsys (disabled)
[    0.848327] audit: type=2000 audit(0.250:1): state=initialized audit_enabled=0 res=1
[    0.879476] HugeTLB registered 64.0 KiB page size, pre-allocated 0 pages
[    0.879529] HugeTLB registered 8.00 MiB page size, pre-allocated 0 pages
[    0.879579] HugeTLB registered 256 MiB page size, pre-allocated 0 pages
[    0.879628] HugeTLB registered 2.00 GiB page size, pre-allocated 0 pages
[    0.882148] alg: extra crypto tests enabled.  This is intended for developer use only.
[    0.904775] cryptd: max_cpu_qlen set to 1000
[    1.014937] NetLabel: Initializing
[    1.014976] NetLabel:  domain hash size = 128
[    1.015013] NetLabel:  protocols = UNLABELED CIPSOv4 CALIPSO
[    1.015143] NetLabel:  unlabeled traffic allowed by default
[    1.016299] SUN4V: Reboot data supported (maj=1,min=0).
[    1.016721] ds.c:v1.0 (Jul 11, 2007)
[    1.017087] ds-0: ds_conn_reset() from send_events
[    1.018585] clocksource: Switched to clocksource stick
[    1.244505] VFS: Disk quotas dquot_6.6.0
[    1.244655] VFS: Dquot-cache hash table entries: 1024 (order 0, 8192 bytes)
[    1.247065] AppArmor: AppArmor Filesystem Enabled
[    1.261297] NET: Registered protocol family 2
[    1.263244] tcp_listen_portaddr_hash hash table entries: 32768 (order: 8, 2621440 bytes, linear)
[    1.266159] TCP established hash table entries: 524288 (order: 9, 4194304 bytes, linear)
[    1.268678] TCP bind hash table entries: 65536 (order: 9, 4718592 bytes, linear)
[    1.274245] TCP: Hash tables configured (established 524288 bind 65536)
[    1.276937] UDP hash table entries: 32768 (order: 9, 5242880 bytes, linear)
[    1.283365] UDP-Lite hash table entries: 32768 (order: 9, 5242880 bytes, linear)
[    1.291617] NET: Registered protocol family 1
[    1.291684] NET: Registered protocol family 44
[    1.292415] Trying to unpack rootfs image as initramfs...
[    1.507690] Freeing initrd memory: 14784K
[    1.509142] aes_sparc64: Using sparc64 aes opcodes optimized AES implementation
[    1.765127] des_sparc64: Using sparc64 des opcodes optimized DES implementation
[    2.211278] camellia_sparc64: Using sparc64 camellia opcodes optimized CAMELLIA implementation
[    2.385493] workingset: timestamp_bits=41 max_order=23 bucket_order=0
[    2.407848] zbud: loaded
[    2.410598] SGI XFS with ACLs, security attributes, quota, fatal assert, debug enabled
[    2.437459] Block layer SCSI generic (bsg) driver version 0.4 loaded (major 252)
[    2.438478] io scheduler mq-deadline registered
[    2.441804] f029b788: ttyHV0 at I/O 0x0 (irq = 1, base_baud = 115200) is a SUN4V HCONS
[    2.442853] printk: console [ttyHV0] enabled
[    2.447734] sunvdc.c:v1.2 (November 24, 2014)
[    2.451234] sunvdc: Virtual Hard disk vdiskc
[    2.451277] sunvdc: vdiskc: 104857600 sectors (51200 MB) protocol 1.2
[    2.476007] sunvdc: Virtual Hard disk vdiskb
[    2.476053] sunvdc: vdiskb: 62914560 sectors (30720 MB) protocol 1.2
[    2.477780]  vdiskb: vdiskb1
[    2.500542] sunvdc: Virtual Hard disk vdiska
[    2.500587] sunvdc: vdiska: 31457280 sectors (15360 MB) protocol 1.2
[    2.501906]  vdiska: vdiska1 vdiska2 vdiska3 vdiska4
[    2.525976] sunvdc: Virtual CDROM vdiskd
[    2.526025] sunvdc: vdiskd: 453848 sectors (221 MB) protocol 1.2
[    2.527335]  vdiskd: vdiskd1 vdiskd2 vdiskd3 vdiskd4 vdiskd5 vdiskd6 vdiskd7
[    2.549207] sunvnet: sunvnet 2.0 (February 3, 2017)
[    2.551990] vnet_port vnet-port-0-0 eth0: Sun LDOM vnet 00:14:4f:f8:12:a3
[    2.552223] sunvnet: eth0: PORT ( remote-mac 00:14:4f:fa:f3:f0 switch-port )
[    2.552905] sunvnet: eth0: PORT ( remote-mac 00:14:4f:f8:e5:f3 )
[    2.553691] sunvnet: eth0: PORT ( remote-mac 00:14:4f:f9:b4:97 )
[    2.554364] sunvnet: eth0: PORT ( remote-mac 00:14:4f:f8:3f:1e )
[    2.555028] sunvnet: eth0: PORT ( remote-mac 00:14:4f:f8:fe:47 )
[    2.555699] sunvnet: eth0: PORT ( remote-mac 00:14:4f:fb:b5:00 )
[    2.557063] rtc-sun4v rtc-sun4v: registered as rtc0
[    2.557206] rtc-sun4v rtc-sun4v: setting system clock to 2020-08-11T09:42:24 UTC (1597138944)
[    2.557849] sun4v_wdt: initialized (timeout=60s, nowayout=0)
[    2.558249] device-mapper: uevent: version 1.0.3
[    2.559345] device-mapper: ioctl: 4.42.0-ioctl (2020-02-27) initialised: dm-devel@redhat.com
[    2.560426] NET: Registered protocol family 17
[    2.560834] registered taskstats version 1
[    2.561898] zswap: loaded using pool lzo/zbud
[    2.563537] AppArmor: AppArmor sha1 policy hashing enabled
[    2.569376] This architecture does not have kernel memory protection.
[    2.569440] Run /init as init process
[    2.569475]   with arguments:
[    2.569482]     /init
[    2.569489]   with environment:
[    2.569496]     HOME=/
[    2.569503]     TERM=linux
[    2.569510]     BOOT_IMAGE=/vmlinux-5.8.0-12299-g00e4db51259a
[    3.094224] crc32c_sparc64: Using sparc64 crc32c opcode optimized CRC32C implementation
[    3.100929] random: lvm: uninitialized urandom read (4 bytes read)
[    3.161072] random: lvm: uninitialized urandom read (2 bytes read)
[    3.808530] raid6: int64x8  gen()  2155 MB/s
[    3.978522] raid6: int64x8  xor()  1521 MB/s
[    4.148544] raid6: int64x4  gen()  3394 MB/s
[    4.318524] raid6: int64x4  xor()  1461 MB/s
[    4.488532] raid6: int64x2  gen()  2910 MB/s
[    4.658539] raid6: int64x2  xor()  1132 MB/s
[    4.828552] raid6: int64x1  gen()  1429 MB/s
[    4.998531] raid6: int64x1  xor()   711 MB/s
[    4.998573] raid6: using algorithm int64x4 gen() 3394 MB/s
[    4.998618] raid6: .... xor() 1461 MB/s, rmw enabled
[    4.998660] raid6: using intx1 recovery algorithm
[    4.999563] async_tx: api initialized (async)
[    5.000221] xor: automatically using best checksumming function   Niagara   
[    5.108100] random: fast init done
[    5.223980] process '/usr/bin/fstype' started with executable stack
[    5.343151] EXT4-fs (vdiska2): mounted filesystem with ordered data mode. Opts: (null)
[    7.174084] systemd[1]: Inserted module 'autofs4'
[    7.192485] NET: Registered protocol family 10
[    7.199129] Segment Routing with IPv6
[    7.261651] systemd[1]: systemd 246-2 running in system mode. (+PAM +AUDIT +SELINUX +IMA +APPARMOR +SMACK +SYSVINIT +UTMP +LIBCRYPTSETUP +GCRYPT +GNUTLS +ACL +XZ +LZ4 +ZSTD -SECCOMP +BLKID +ELFUTILS +KMOD +IDN2 -IDN +PCRE2 default-hierarchy=hybrid)
[    7.262283] systemd[1]: Detected architecture sparc64.
[    7.371053] systemd[1]: Set hostname to <ttip>.
[    8.258901] random: lvmconfig: uninitialized urandom read (4 bytes read)
[    9.714650] systemd[1]: Queued start job for default target Multi-User System.
[    9.715516] random: systemd: uninitialized urandom read (16 bytes read)
[    9.762711] systemd[1]: Created slice system-getty.slice.
[    9.763537] random: systemd: uninitialized urandom read (16 bytes read)
[    9.773793] systemd[1]: Created slice system-modprobe.slice.
[    9.774280] random: systemd: uninitialized urandom read (16 bytes read)
[    9.783664] systemd[1]: Created slice system-openvpn\x2dclient.slice.
[    9.826929] systemd[1]: Created slice system-postfix.slice.
[    9.838096] systemd[1]: Created slice system-systemd\x2dfsck.slice.
[    9.847936] systemd[1]: Created slice User and Session Slice.
[    9.849090] systemd[1]: Started Dispatch Password Requests to Console Directory Watch.
[    9.850011] systemd[1]: Started Forward Password Requests to Wall Directory Watch.
[    9.853131] systemd[1]: Set up automount Arbitrary Executable File Formats File System Automount Point.
[    9.853770] systemd[1]: Reached target Local Encrypted Volumes.
[    9.854333] systemd[1]: Reached target Paths.
[    9.854853] systemd[1]: Reached target Slices.
[    9.855891] systemd[1]: Listening on Device-mapper event daemon FIFOs.
[    9.857032] systemd[1]: Listening on LVM2 poll daemon socket.
[    9.905357] systemd[1]: Listening on RPCbind Server Activation Socket.
[    9.906846] systemd[1]: Listening on Syslog Socket.
[    9.908019] systemd[1]: Listening on fsck to fsckd communication Socket.
[    9.908938] systemd[1]: Listening on initctl Compatibility Named Pipe.
[    9.910235] systemd[1]: Listening on Journal Audit Socket.
[    9.911323] systemd[1]: Listening on Journal Socket (/dev/log).
[    9.912637] systemd[1]: Listening on Journal Socket.
[    9.913974] systemd[1]: Listening on udev Control Socket.
[    9.915002] systemd[1]: Listening on udev Kernel Socket.
[    9.930403] systemd[1]: Mounting Huge Pages File System...
[    9.947114] systemd[1]: Mounting POSIX Message Queue File System...
[   10.028018] systemd[1]: Mounting RPC Pipe File System...
[   10.043978] systemd[1]: Mounting Kernel Debug File System...
[   10.060749] systemd[1]: Mounting Kernel Trace File System...
[   10.061662] systemd[1]: Condition check resulted in Kernel Module supporting RPCSEC_GSS being skipped.
[   10.077114] systemd[1]: Starting Availability of block devices...
[   10.092413] systemd[1]: Starting Wait for network to be configured by ifupdown...
[   10.109996] systemd[1]: Starting Create list of static device nodes for the current kernel...
[   10.126550] systemd[1]: Starting Monitoring of LVM2 mirrors, snapshots etc. using dmeventd or progress polling...
[   10.138360] RPC: Registered named UNIX socket transport module.
[   10.138442] RPC: Registered udp transport module.
[   10.138486] RPC: Registered tcp transport module.
[   10.138572] RPC: Registered tcp NFSv4.1 backchannel transport module.
[   10.143141] systemd[1]: Starting Load Kernel Module drm...
[   10.159260] systemd[1]: Starting nftables...
[   10.172116] systemd[1]: Condition check resulted in Set Up Additional Binary Formats being skipped.
[   10.172418] systemd[1]: Condition check resulted in File System Check on Root Device being skipped.
[   10.191604] systemd[1]: Starting Journal Service...
[   10.210015] systemd[1]: Starting Load Kernel Modules...
[   10.226082] systemd[1]: Starting Remount Root and Kernel File Systems...
[   10.344403] systemd[1]: Starting Coldplug All udev Devices...
[   10.357312] systemd[1]: Mounted Huge Pages File System.
[   10.359105] systemd[1]: Mounted POSIX Message Queue File System.
[   10.360714] systemd[1]: Mounted RPC Pipe File System.
[   10.362311] systemd[1]: Mounted Kernel Debug File System.
[   10.363910] systemd[1]: Mounted Kernel Trace File System.
[   10.372469] systemd[1]: Finished Availability of block devices.
[   10.380404] systemd[1]: Finished Wait for network to be configured by ifupdown.
[   10.389061] systemd[1]: Finished Create list of static device nodes for the current kernel.
[   10.393060] systemd[1]: modprobe@drm.service: Succeeded.
[   10.399362] systemd[1]: Finished Load Kernel Module drm.
[   10.407810] systemd[1]: Finished Load Kernel Modules.
[   10.410660] systemd[1]: Condition check resulted in FUSE Control File System being skipped.
[   10.411099] systemd[1]: Condition check resulted in Kernel Configuration File System being skipped.
[   10.430827] systemd[1]: Starting Apply Kernel Variables...
[   10.445199] systemd[1]: Started Journal Service.
[   10.448294] EXT4-fs (vdiska2): re-mounted. Opts: errors=remount-ro
[   12.474734] sha1_sparc64: Using sparc64 sha1 opcode optimized SHA-1 implementation
[   12.646856] sha256_sparc64: Using sparc64 sha256 opcode optimized SHA-256/SHA-224 implementation
[   12.663752] n2rng v0.3 (Jan 7, 2017)
[   12.663851] n2rng f029b104: Registered RNG HVAPI major 2 minor 0
[   12.663937] n2rng f029b104: Found multi-unit-capable RNG, units: 2
[   12.665120] n2rng f029b104: RNG ready
[   12.805116] pktcdvd: setup of pktcdvd device failed
[   12.855050] sha512_sparc64: Using sparc64 sha512 opcode optimized SHA-512/SHA-384 implementation
[   12.858030] pktcdvd: setup of pktcdvd device failed
[   12.859727] md5_sparc64: Using sparc64 md5 opcode optimized MD5 implementation
[   12.862394] pktcdvd: setup of pktcdvd device failed
[   12.866636] pktcdvd: setup of pktcdvd device failed
[   12.871163] pktcdvd: setup of pktcdvd device failed
[   12.874377] pktcdvd: setup of pktcdvd device failed
[   12.878141] pktcdvd: setup of pktcdvd device failed
[   12.881552] pktcdvd: setup of pktcdvd device failed
[   13.006834] XFS (dm-0): Mounting V5 Filesystem
[   13.092594] XFS (dm-0): Starting recovery (logdev: internal)
[   13.102053] XFS (dm-0): Ending recovery (logdev: internal)
[   13.104645] xfs filesystem being mounted at /1 supports timestamps until 2038 (0x7fffffff)
[   13.108662] Adding 787176k swap on /dev/vdiska4.  Priority:-2 extents:1 across:787176k FS
[   13.531481] EXT4-fs (vdiska1): mounting ext3 file system using the ext4 subsystem
[   13.865057] EXT4-fs (vdiska1): mounted filesystem with ordered data mode. Opts: (null)
[   13.865256] ext3 filesystem being mounted at /boot supports timestamps until 2038 (0x7fffffff)
[   14.852598] Kernel unaligned access at TPC[8c4edc] aa_dfa_unpack+0x3c/0x640
[   14.852726] Kernel unaligned access at TPC[8c4ef0] aa_dfa_unpack+0x50/0x640
[   14.852805] Kernel unaligned access at TPC[8c4fb4] aa_dfa_unpack+0x114/0x640
[   14.852885] Kernel unaligned access at TPC[8c5084] aa_dfa_unpack+0x1e4/0x640
[   14.852963] Kernel unaligned access at TPC[8c5098] aa_dfa_unpack+0x1f8/0x640
[   14.859450] audit: type=1400 audit(1597138956.800:2): apparmor="STATUS" operation="profile_load" profile="unconfined" name="/usr/sbin/haveged" pid=696 comm="apparmor_parser"
[   14.864083] audit: type=1400 audit(1597138956.800:3): apparmor="STATUS" operation="profile_load" profile="unconfined" name="nvidia_modprobe" pid=698 comm="apparmor_parser"
[   14.864242] audit: type=1400 audit(1597138956.800:4): apparmor="STATUS" operation="profile_load" profile="unconfined" name="nvidia_modprobe//kmod" pid=698 comm="apparmor_parser"
[   14.882634] audit: type=1400 audit(1597138956.820:5): apparmor="STATUS" operation="profile_load" profile="unconfined" name="lsb_release" pid=702 comm="apparmor_parser"
[   14.907129] audit: type=1400 audit(1597138956.840:6): apparmor="STATUS" operation="profile_load" profile="unconfined" name="/usr/bin/man" pid=699 comm="apparmor_parser"
[   14.907284] audit: type=1400 audit(1597138956.840:7): apparmor="STATUS" operation="profile_load" profile="unconfined" name="man_filter" pid=699 comm="apparmor_parser"
[   14.907434] audit: type=1400 audit(1597138956.840:8): apparmor="STATUS" operation="profile_load" profile="unconfined" name="man_groff" pid=699 comm="apparmor_parser"
[   14.990009] audit: type=1400 audit(1597138956.930:9): apparmor="STATUS" operation="profile_load" profile="unconfined" name="named" pid=701 comm="apparmor_parser"
[   14.994116] audit: type=1400 audit(1597138956.930:10): apparmor="STATUS" operation="profile_load" profile="unconfined" name="tcpdump" pid=700 comm="apparmor_parser"
[   15.219160] random: crng init done
[   15.219274] random: 4 urandom warning(s) missed due to ratelimiting
