[    0.000018] PROMLIB: Sun IEEE Boot Prom 'OBP 4.38.12 2018/03/28 14:54'
[    0.000030] PROMLIB: Root node compatible: sun4v
[    0.000078] Linux version 5.5.0-rc1-00021-gc4e71212a245 (mator@ttip) (gcc version 9.2.1 20200123 (Debian 9.2.1-25)) #1361 SMP Fri Jan 31 15:03:50 MSK 2020
[    0.000398] printk: bootconsole [earlyprom0] enabled
[    0.000450] ARCH: SUN4V
[    0.000498] Ethernet address: 00:14:4f:fa:06:f2
[    0.000551] MM: PAGE_OFFSET is 0xfff8000000000000 (max_phys_bits == 47)
[    0.000614] MM: VMALLOC [0x0000000100000000 --> 0x0006000000000000]
[    0.000675] MM: VMEMMAP [0x0006000000000000 --> 0x000c000000000000]
[    0.012554] Kernel: Using 5 locked TLB entries for main kernel image.
[    0.012624] Remapping the kernel... 
[    0.012650] done.
[    0.046161] OF stdout device is: /virtual-devices@100/console@1
[    0.046232] PROM: Built device tree with 88003 bytes of memory.
[    0.046294] MDESC: Size is 36960 bytes.
[    0.046415] PLATFORM: banner-name [SPARC T5-2]
[    0.046466] PLATFORM: name [ORCL,SPARC-T5-2]
[    0.046510] PLATFORM: hostid [84fa06f2]
[    0.046554] PLATFORM: serial# [0035260e]
[    0.046595] PLATFORM: stick-frequency [3b9aca00]
[    0.046643] PLATFORM: mac-address [144ffa06f2]
[    0.046689] PLATFORM: watchdog-resolution [1000 ms]
[    0.046740] PLATFORM: watchdog-max-timeout [31536000000 ms]
[    0.046794] PLATFORM: max-cpus [1024]
[    0.046888] Top of RAM: 0x24af938000, Total RAM: 0x87f354000
[    0.046948] Memory hole size: 115461MB
[    0.051600] Allocated 40960 bytes for kernel page tables.
[    0.051689] Zone ranges:
[    0.051729]   Normal   [mem 0x0000000030400000-0x00000024af937fff]
[    0.051791] Movable zone start for each node
[    0.051837] Early memory node ranges
[    0.051878]   node   0: [mem 0x0000000030400000-0x000000006fe7ffff]
[    0.051940]   node   0: [mem 0x000000006ff00000-0x000000006ff25fff]
[    0.052002]   node   0: [mem 0x0000000070000000-0x000000042fffffff]
[    0.052063]   node   0: [mem 0x0000002030000000-0x00000024af87ffff]
[    0.052124]   node   0: [mem 0x00000024af900000-0x00000024af925fff]
[    0.052186]   node   0: [mem 0x00000024af930000-0x00000024af937fff]
[    0.059582] Zeroed struct page in unavailable ranges: 230130 pages
[    0.059590] Initmem setup node 0 [mem 0x0000000030400000-0x00000024af937fff]
[    0.059749] On node 0 totalpages: 4454826
[    0.059758]   Normal zone: 39154 pages used for memmap
[    0.059763]   Normal zone: 0 pages reserved
[    0.059769]   Normal zone: 4454826 pages, LIFO batch:31
[    0.070570] Booting Linux...
[    0.070656] CPU CAPS: [flush,stbar,swap,muldiv,v9,blkinit,n2,mul32]
[    0.070740] CPU CAPS: [div32,v8plus,popc,vis,vis2,ASIBlkInit,fmaf,vis3]
[    0.071819] CPU CAPS: [hpc,ima,pause,cbcond,aes,des,kasumi,camellia]
[    0.071893] CPU CAPS: [md5,sha1,sha256,sha512,mpmul,montmul,montsqr,crc32c]
[    0.101802] percpu: Embedded 27 pages/cpu s182024 r8192 d30968 u262144
[    0.102034] pcpu-alloc: s182024 r8192 d30968 u262144 alloc=1*4194304
[    0.102041] pcpu-alloc: [0] 000 001 002 003 004 005 006 007 008 009 010 011 012 013 014 015 
[    0.102069] pcpu-alloc: [0] 016 017 018 019 020 021 022 023 024 025 026 027 028 029 030 031 
[    0.102097] pcpu-alloc: [0] 032 033 034 035 036 037 038 039 040 041 042 043 044 045 046 047 
[    0.102124] pcpu-alloc: [0] 048 049 050 051 052 053 054 055 056 057 058 059 060 061 062 063 
[    0.102152] pcpu-alloc: [0] 064 065 066 067 068 069 070 071 072 073 074 075 076 077 078 079 
[    0.102179] pcpu-alloc: [0] 080 081 082 083 084 085 086 087 088 089 090 091 092 093 094 095 
[    0.102207] pcpu-alloc: [0] 096 097 098 099 100 101 102 103 104 105 106 107 108 109 110 111 
[    0.102234] pcpu-alloc: [0] 112 113 114 115 116 117 118 119 120 121 122 123 124 125 126 127 
[    0.102757] SUN4V: Mondo queue sizes [cpu(131072) dev(16384) r(8192) nr(256)]
[    0.103128] Built 1 zonelists, mobility grouping on.  Total pages: 4415672
[    0.103216] Kernel command line: BOOT_IMAGE=/vmlinux-5.5.0-rc1-00021-gc4e71212a245 root=/dev/vdiska2 ro zswap.enabled=1
[    0.105645] printk: log_buf_len individual max cpu contribution: 4096 bytes
[    0.105717] printk: log_buf_len total cpu_extra contributions: 520192 bytes
[    0.105781] printk: log_buf_len min size: 131072 bytes
[    0.106053] printk: log_buf_len: 1048576 bytes
[    0.106106] printk: early log buf free: 126640(96%)
[    0.112423] Dentry cache hash table entries: 8388608 (order: 13, 67108864 bytes, linear)
[    0.115661] Inode-cache hash table entries: 4194304 (order: 12, 33554432 bytes, linear)
[    0.115739] Sorting __ex_table...
[    0.115975] mem auto-init: stack:off, heap alloc:off, heap free:off
[    0.175043] Memory: 1305232K/35638608K available (7600K kernel code, 973K rwdata, 2272K rodata, 704K init, 6742K bss, 508824K reserved, 0K cma-reserved)
[    0.175700] SLUB: HWalign=32, Order=0-3, MinObjects=0, CPUs=128, Nodes=1
[    0.175995] ftrace: allocating 21318 entries in 42 pages
[    0.184119] ftrace: allocated 42 pages with 3 groups
[    0.186962] Running RCU self tests
[    0.187008] rcu: Hierarchical RCU implementation.
[    0.187059] rcu: 	RCU event tracing is enabled.
[    0.187109] rcu: 	RCU lockdep checking is enabled.
[    0.187157] 	Tasks RCU enabled.
[    0.187195] rcu: RCU calculated value of scheduler-enlistment delay is 10 jiffies.
[    0.191429] NR_IRQS: 2048, nr_irqs: 2048, preallocated irqs: 1
[    0.191510] SUN4V: Using IRQ API major 3, cookie only virqs enabled
[    0.193985] clocksource: stick: mask: 0xffffffffffffffff max_cycles: 0x1cd42e4dffb, max_idle_ns: 881590591483 ns
[    0.194116] clocksource: mult[800000] shift[23]
[    0.194165] clockevent: mult[80000000] shift[31]
[    0.194692] Console: colour dummy device 80x25
[    0.194755] printk: console [tty0] enabled
[    0.194830] printk: bootconsole [earlyprom0] disabled
[    0.194915] Lock dependency validator: Copyright (c) 2006 Red Hat, Inc., Ingo Molnar
[    0.194963] ... MAX_LOCKDEP_SUBCLASSES:  8
[    0.194993] ... MAX_LOCK_DEPTH:          48
[    0.195023] ... MAX_LOCKDEP_KEYS:        8192
[    0.195055] ... CLASSHASH_SIZE:          4096
[    0.195086] ... MAX_LOCKDEP_ENTRIES:     16384
[    0.195118] ... MAX_LOCKDEP_CHAINS:      32768
[    0.195149] ... CHAINHASH_SIZE:          16384
[    0.195180]  memory used by lock dependency info: 3855 kB
[    0.195216]  memory used for stack traces: 2112 kB
[    0.195249]  per task-struct memory footprint: 1920 bytes
[    0.344730] Calibrating delay using timer specific routine.. 2014.34 BogoMIPS (lpj=10071744)
[    0.344800] pid_max: default: 131072 minimum: 1024
[    0.345092] LSM: Security Framework initializing
[    0.345242] AppArmor: AppArmor initialized
[    0.345510] Mount-cache hash table entries: 131072 (order: 7, 1048576 bytes, linear)
[    0.345676] Mountpoint-cache hash table entries: 131072 (order: 7, 1048576 bytes, linear)
[    0.345807] *** VALIDATE tmpfs ***
[    0.346666] *** VALIDATE proc ***
[    0.347164] *** VALIDATE cgroup1 ***
[    0.347197] *** VALIDATE cgroup2 ***
[    0.349266] rcu: Hierarchical SRCU implementation.
[    0.357190] smp: Bringing up secondary CPUs ...
[    0.400213] smp: Brought up 1 node, 32 CPUs
[    0.591571] node 0 initialised, 4228069 pages in 190ms
[    0.592886] devtmpfs: initialized
[    0.597512] Performance events: 
[    0.597558] Testing NMI watchdog ... 
[    0.797637] OK.
[    0.797762] Supported PMU type is 'niagara5'
[    0.797963] random: get_random_u32 called from bucket_table_alloc.isra.0+0x188/0x1c0 with crng_init=0
[    0.798674] ldc.c:v1.1 (July 22, 2008)
[    0.801002] clocksource: jiffies: mask: 0xffffffff max_cycles: 0xffffffff, max_idle_ns: 19112604462750000 ns
[    0.801089] futex hash table entries: 32768 (order: 9, 4194304 bytes, linear)
[    0.806170] NET: Registered protocol family 16
[    0.814524] VIO: Adding device channel-devices (tx_ino = ffffffffffffffff, rx_ino = ffffffffffffffff)
[    0.814734] VIO: Adding device vnet-port-0-0 (tx_ino = 0, rx_ino = 1)
[    0.814932] VIO: Adding device vnet-port-0-1 (tx_ino = 2, rx_ino = 3)
[    0.815097] VIO: Adding device vnet-port-0-2 (tx_ino = 4, rx_ino = 5)
[    0.815267] VIO: Adding device vnet-port-0-4 (tx_ino = 8, rx_ino = 9)
[    0.815431] VIO: Adding device vnet-port-0-5 (tx_ino = a, rx_ino = b)
[    0.815594] VIO: Adding device vnet-port-0-6 (tx_ino = c, rx_ino = d)
[    0.815757] VIO: Adding device vdc-port-3-0 (tx_ino = e, rx_ino = f)
[    0.815926] VIO: Adding device vdc-port-2-0 (tx_ino = 10, rx_ino = 11)
[    0.816090] VIO: Adding device vdc-port-1-0 (tx_ino = 12, rx_ino = 13)
[    0.816254] VIO: Adding device vdc-port-0-0 (tx_ino = 14, rx_ino = 15)
[    0.816422] VIO: Adding device vdc-port-4-0 (tx_ino = 16, rx_ino = 17)
[    0.816586] VIO: Adding device vlds-port-0-0 (tx_ino = 18, rx_ino = 19)
[    0.816753] VIO: Adding device domain-services-port-0 (tx_ino = 18, rx_ino = 19)
[    0.817039] audit: initializing netlink subsys (disabled)
[    0.817323] audit: type=2000 audit(0.420:1): state=initialized audit_enabled=0 res=1
[    0.842483] HugeTLB registered 64.0 KiB page size, pre-allocated 0 pages
[    0.842539] HugeTLB registered 8.00 MiB page size, pre-allocated 0 pages
[    0.842585] HugeTLB registered 256 MiB page size, pre-allocated 0 pages
[    0.842630] HugeTLB registered 2.00 GiB page size, pre-allocated 0 pages
[    0.844229] alg: extra crypto tests enabled.  This is intended for developer use only.
[    0.869745] cryptd: max_cpu_qlen set to 1000
[    0.969062] NetLabel: Initializing
[    0.969100] NetLabel:  domain hash size = 128
[    0.969133] NetLabel:  protocols = UNLABELED CIPSOv4 CALIPSO
[    0.969266] NetLabel:  unlabeled traffic allowed by default
[    0.970224] SUN4V: Reboot data supported (maj=1,min=0).
[    0.970585] ds.c:v1.0 (Jul 11, 2007)
[    0.970932] ds-0: ds_conn_reset() from send_events.isra.0
[    0.972399] clocksource: Switched to clocksource stick
[    1.170053] *** VALIDATE bpf ***
[    1.171303] VFS: Disk quotas dquot_6.6.0
[    1.171429] VFS: Dquot-cache hash table entries: 1024 (order 0, 8192 bytes)
[    1.171645] *** VALIDATE ramfs ***
[    1.171694] *** VALIDATE hugetlbfs ***
[    1.173200] AppArmor: AppArmor Filesystem Enabled
[    1.186239] NET: Registered protocol family 2
[    1.187988] tcp_listen_portaddr_hash hash table entries: 32768 (order: 8, 2359296 bytes, linear)
[    1.190884] TCP established hash table entries: 524288 (order: 9, 4194304 bytes, linear)
[    1.192906] TCP bind hash table entries: 65536 (order: 9, 4194304 bytes, linear)
[    1.198979] TCP: Hash tables configured (established 524288 bind 65536)
[    1.201395] UDP hash table entries: 32768 (order: 9, 5242880 bytes, linear)
[    1.207671] UDP-Lite hash table entries: 32768 (order: 9, 5242880 bytes, linear)
[    1.215492] NET: Registered protocol family 1
[    1.215558] NET: Registered protocol family 44
[    1.216078] Trying to unpack rootfs image as initramfs...
[    1.412929] Freeing initrd memory: 14776K
[    1.413996] aes_sparc64: Using sparc64 aes opcodes optimized AES implementation
[    1.692737] des_sparc64: Using sparc64 des opcodes optimized DES implementation
[    2.178344] camellia_sparc64: Using sparc64 camellia opcodes optimized CAMELLIA implementation
[    2.366698] workingset: timestamp_bits=46 max_order=23 bucket_order=0
[    2.387224] SGI XFS with ACLs, security attributes, quota, fatal assert, debug enabled
[    2.393205] *** VALIDATE xfs ***
[    2.407993] Block layer SCSI generic (bsg) driver version 0.4 loaded (major 252)
[    2.408907] io scheduler mq-deadline registered
[    2.411535] f029b788: ttyHV0 at I/O 0x0 (irq = 1, base_baud = 115200) is a SUN4V HCONS
[    2.418524] printk: console [ttyHV0] enabled
[    2.422121] sunvdc.c:v1.2 (November 24, 2014)
[    2.423773] sunvdc: Virtual CDROM vdiskd
[    2.423816] sunvdc: vdiskd: 403160 sectors (196 MB) protocol 1.2
[    2.425581]  vdiskd: vdiskd1 vdiskd2 vdiskd3 vdiskd4 vdiskd5 vdiskd6 vdiskd7
[    2.445696] sunvdc: Virtual Hard disk vdiskc
[    2.445744] sunvdc: vdiskc: 104857600 sectors (51200 MB) protocol 1.2
[    2.465171] sunvdc: Virtual Hard disk vdiskb
[    2.465220] sunvdc: vdiskb: 62914560 sectors (30720 MB) protocol 1.2
[    2.466623]  vdiskb: vdiskb1
[    2.484926] sunvdc: Virtual Hard disk vdiska
[    2.484976] sunvdc: vdiska: 31457280 sectors (15360 MB) protocol 1.2
[    2.486428]  vdiska: vdiska1 vdiska2 vdiska3 vdiska4
[    2.506023] sunvdc: Virtual Hard disk vdiske
[    2.506072] sunvdc: vdiske: 20971520 sectors (10240 MB) protocol 1.2
[    2.507602]  vdiske: vdiske1 vdiske2
[    2.525046] sunvnet: sunvnet 2.0 (February 3, 2017)
[    2.527288] vnet_port vnet-port-0-0 eth0: Sun LDOM vnet 00:14:4f:f8:12:a3
[    2.527522] sunvnet: eth0: PORT ( remote-mac 00:14:4f:fa:f3:f0 switch-port )
[    2.528132] sunvnet: eth0: PORT ( remote-mac 00:14:4f:f8:e5:f3 )
[    2.528710] sunvnet: eth0: PORT ( remote-mac 00:14:4f:f9:b4:97 )
[    2.529279] sunvnet: eth0: PORT ( remote-mac 00:14:4f:f8:3f:1e )
[    2.529873] sunvnet: eth0: PORT ( remote-mac 00:14:4f:f8:fe:47 )
[    2.530452] sunvnet: eth0: PORT ( remote-mac 00:14:4f:f9:8b:83 )
[    2.531724] rtc-sun4v rtc-sun4v: registered as rtc0
[    2.532257] sun4v_wdt: initialized (timeout=60s, nowayout=0)
[    2.532683] device-mapper: uevent: version 1.0.3
[    2.533640] device-mapper: ioctl: 4.41.0-ioctl (2019-09-16) initialised: dm-devel@redhat.com
[    2.534640] NET: Registered protocol family 17
[    2.535214] registered taskstats version 1
[    2.542778] zswap: default zpool zbud not available
[    2.542838] zswap: pool creation failed
[    2.742044] Key type big_key registered
[    2.742116] AppArmor: AppArmor sha1 policy hashing enabled
[    2.742969] rtc-sun4v rtc-sun4v: setting system clock to 2020-01-31T12:07:32 UTC (1580472452)
[    2.747303] This architecture does not have kernel memory protection.
[    2.747351] Run /init as init process
[    3.248729] random: fast init done
[    3.251437] crc32c_sparc64: Using sparc64 crc32c opcode optimized CRC32C implementation
[    3.300893] md127: WARNING: vdiske2 appears to be on the same physical disk as vdiske1.
[    3.300981] True protection against single-disk failure might be compromised.
[    3.301685] md/raid1:md127: active with 2 out of 2 mirrors
[    3.302027] md127: detected capacity change from 0 to 26148864
[    3.842365] raid6: int64x8  gen()  2157 MB/s
[    4.012338] raid6: int64x8  xor()  1570 MB/s
[    4.182354] raid6: int64x4  gen()  3462 MB/s
[    4.352361] raid6: int64x4  xor()  1993 MB/s
[    4.522366] raid6: int64x2  gen()  2853 MB/s
[    4.692371] raid6: int64x2  xor()  1986 MB/s
[    4.862348] raid6: int64x1  gen()  2840 MB/s
[    5.032361] raid6: int64x1  xor()  1621 MB/s
[    5.032411] raid6: using algorithm int64x4 gen() 3462 MB/s
[    5.032452] raid6: .... xor() 1993 MB/s, rmw enabled
[    5.032490] raid6: using intx1 recovery algorithm
[    5.033413] async_tx: api initialized (async)
[    5.033996] xor: automatically using best checksumming function   Niagara   
[    5.226471] EXT4-fs (vdiska2): mounted filesystem with ordered data mode. Opts: (null)
[    5.448836] systemd[1]: Inserted module 'autofs4'
[    5.460948] NET: Registered protocol family 10
[    5.467042] Segment Routing with IPv6
[    5.486490] systemd[1]: systemd 244.1-1 running in system mode. (+PAM +AUDIT +SELINUX +IMA +APPARMOR +SMACK +SYSVINIT +UTMP +LIBCRYPTSETUP +GCRYPT +GNUTLS +ACL +XZ +LZ4 -SECCOMP +BLKID +ELFUTILS +KMOD +IDN2 -IDN +PCRE2 default-hierarchy=hybrid)
[    5.487118] systemd[1]: Detected architecture sparc64.
[    5.560566] systemd[1]: Set hostname to <ttip>.
[    5.570939] systemd[1]: Couldn't move remaining userspace processes, ignoring: Input/output error
[    5.635517] random: lvmconfig: uninitialized urandom read (4 bytes read)
[    5.879636] systemd[1]: /lib/systemd/system/dbus.socket:5: ListenStream= references a path below legacy directory /var/run/, updating /var/run/dbus/system_bus_socket → /run/dbus/system_bus_socket; please update the unit file accordingly.
[    5.943246] systemd[1]: systemd-tmpfiles-setup.service: Found ordering cycle on systemd-journal-flush.service/start
[    5.943340] systemd[1]: systemd-tmpfiles-setup.service: Found dependency on systemd-journald.service/start
[    5.943415] systemd[1]: systemd-tmpfiles-setup.service: Found dependency on haveged.service/start
[    5.943484] systemd[1]: systemd-tmpfiles-setup.service: Found dependency on systemd-tmpfiles-setup.service/start
[    5.943561] systemd[1]: systemd-tmpfiles-setup.service: Job systemd-journal-flush.service/start deleted to break ordering cycle starting with systemd-tmpfiles-setup.service/start
[    5.944611] systemd[1]: systemd-tmpfiles-setup.service: Found ordering cycle on systemd-journald.service/start
[    5.944689] systemd[1]: systemd-tmpfiles-setup.service: Found dependency on haveged.service/start
[    5.944758] systemd[1]: systemd-tmpfiles-setup.service: Found dependency on systemd-tmpfiles-setup.service/start
[    5.944835] systemd[1]: systemd-tmpfiles-setup.service: Job systemd-journald.service/start deleted to break ordering cycle starting with systemd-tmpfiles-setup.service/start
[    5.946913] random: systemd: uninitialized urandom read (16 bytes read)
[    5.957621] systemd[1]: Created slice system-getty.slice.
[    5.958094] random: systemd: uninitialized urandom read (16 bytes read)
[    5.961614] systemd[1]: Created slice system-openvpn\x2dclient.slice.
[    5.965586] systemd[1]: Created slice system-postfix.slice.
[    5.970790] systemd[1]: Created slice system-systemd\x2dfsck.slice.
[    5.975300] systemd[1]: Created slice User and Session Slice.
[    5.976267] systemd[1]: Started Dispatch Password Requests to Console Directory Watch.
[    5.977083] systemd[1]: Started Forward Password Requests to Wall Directory Watch.
[    5.979249] systemd[1]: Set up automount Arbitrary Executable File Formats File System Automount Point.
[    5.979829] systemd[1]: Reached target Local Encrypted Volumes.
[    5.980322] systemd[1]: Reached target Paths.
[    5.980765] systemd[1]: Reached target Remote File Systems.
[    5.981205] systemd[1]: Reached target Slices.
[    5.982149] systemd[1]: Listening on Device-mapper event daemon FIFOs.
[    5.983315] systemd[1]: Listening on LVM2 poll daemon socket.
[    5.985525] systemd[1]: Listening on Syslog Socket.
[    5.986552] systemd[1]: Listening on fsck to fsckd communication Socket.
[    5.987314] systemd[1]: Listening on initctl Compatibility Named Pipe.
[    5.988568] systemd[1]: Listening on Journal Audit Socket.
[    5.989552] systemd[1]: Listening on Journal Socket (/dev/log).
[    5.990725] systemd[1]: Listening on Journal Socket.
[    5.991811] systemd[1]: Listening on udev Control Socket.
[    5.992993] systemd[1]: Listening on udev Kernel Socket.
[    6.001946] systemd[1]: Mounting Huge Pages File System...
[    6.010845] systemd[1]: Mounting POSIX Message Queue File System...
[    6.019968] systemd[1]: Mounting Kernel Debug File System...
[    6.028848] systemd[1]: Starting Availability of block devices...
[    6.043019] systemd[1]: Starting Wait for network to be configured by ifupdown...
[    6.052152] systemd[1]: Starting Create list of static device nodes for the current kernel...
[    6.061137] systemd[1]: Starting Monitoring of LVM2 mirrors, snapshots etc. using dmeventd or progress polling...
[    6.069814] systemd[1]: Starting nftables...
[    6.071507] systemd[1]: Condition check resulted in Set Up Additional Binary Formats being skipped.
[    6.071725] systemd[1]: Condition check resulted in File System Check on Root Device being skipped.
[    6.081349] systemd[1]: Starting Load Kernel Modules...
[    6.090304] systemd[1]: Starting Remount Root and Kernel File Systems...
[    6.100425] systemd[1]: Starting udev Coldplug all Devices...
[    6.107653] systemd[1]: Mounted Huge Pages File System.
[    6.109689] systemd[1]: Mounted POSIX Message Queue File System.
[    6.111563] systemd[1]: Mounted Kernel Debug File System.
[    6.123262] systemd[1]: Started Availability of block devices.
[    6.132165] systemd[1]: Started Wait for network to be configured by ifupdown.
[    6.140443] systemd[1]: Started Create list of static device nodes for the current kernel.
[    6.142961] EXT4-fs (vdiska2): re-mounted. Opts: errors=remount-ro
[    6.153500] systemd[1]: Started Load Kernel Modules.
[    6.155476] systemd[1]: systemd-journald.service: Found ordering cycle on haveged.service/start
[    6.155565] systemd[1]: systemd-journald.service: Found dependency on systemd-tmpfiles-setup.service/start
[    6.155656] systemd[1]: systemd-journald.service: Found dependency on systemd-journald.service/start
[    6.155742] systemd[1]: systemd-journald.service: Unable to break cycle starting with systemd-journald.service/start
[    6.155846] systemd[1]: Requested transaction contains an unfixable cyclic ordering dependency: Transaction order is cyclic. See system logs for details.
[    6.155971] systemd[1]: systemd-journald.socket: Failed to queue service startup job (Maybe the service file is missing or not a non-template unit?): Transaction order is cyclic. See system logs for details.
[    6.156633] systemd[1]: systemd-journald.socket: Failed with result 'resources'.
[    6.159234] systemd[1]: Condition check resulted in FUSE Control File System being skipped.
[    6.159668] systemd[1]: Condition check resulted in Kernel Configuration File System being skipped.
[    6.170771] systemd[1]: Starting Apply Kernel Variables...
[    6.175138] systemd[571]: systemd-sysctl.service: Failed to connect stdout to the journal socket, ignoring: Connection refused
[    6.182682] systemd[572]: systemd-udev-trigger.service: Failed to connect stdout to the journal socket, ignoring: Connection refused
[    6.186334] systemd[1]: Started Remount Root and Kernel File Systems.
[    6.198150] systemd[1]: Starting Initial Check File System Quotas...
[    6.199689] systemd[1]: Condition check resulted in Rebuild Hardware Database being skipped.
[    6.204655] systemd[573]: quota.service: Failed to connect stdout to the journal socket, ignoring: Connection refused
[    6.208371] systemd[1]: Starting Load/Save Random Seed...
[    6.213920] systemd[574]: systemd-random-seed.service: Failed to connect stdout to the journal socket, ignoring: Connection refused
[    6.217534] systemd[1]: Starting Create System Users...
[    6.223365] systemd[576]: systemd-sysusers.service: Failed to connect stdout to the journal socket, ignoring: Connection refused
[    6.225783] systemd[1]: Started Apply Kernel Variables.
[    6.242864] systemd-random-seed[574]: Kernel entropy pool is not initialized yet, waiting until it is.
[    6.270424] systemd[1]: Started Create System Users.
[    6.280041] systemd[1]: Starting Create Static Device Nodes in /dev...
[    6.284922] systemd[584]: systemd-tmpfiles-setup-dev.service: Failed to connect stdout to the journal socket, ignoring: Connection refused
[    6.287745] systemd[1]: Started Initial Check File System Quotas.
[    6.320708] systemd-tmpfiles[584]: /usr/lib/tmpfiles.d/vsftpd.conf:1: Line references path below legacy directory /var/run/, updating /var/run/vsftpd/empty → /run/vsftpd/empty; please update the tmpfiles.d/ drop-in file accordingly.
[    6.333327] systemd[1]: Started Create Static Device Nodes in /dev.
[    6.343665] systemd[1]: Starting udev Kernel Device Manager...
[    6.348514] systemd[585]: systemd-udevd.service: Failed to connect stdout to the journal socket, ignoring: Connection refused
[    6.413894] systemd[1]: Started udev Kernel Device Manager.
[    6.485219] systemd[1]: Started Monitoring of LVM2 mirrors, snapshots etc. using dmeventd or progress polling.
[    6.486226] systemd[1]: Reached target Local File Systems (Pre).
[    6.583061] systemd-udevd[593]: Using default interface naming scheme 'v243'.
[    6.587417] systemd-udevd[593]: ethtool: autonegotiation is unset or enabled, the speed and duplex are not writable.
[    6.628678] n2rng v0.3 (Jan 7, 2017)
[    6.628817] n2rng f029b104: Registered RNG HVAPI major 2 minor 0
[    6.628968] n2rng f029b104: Found multi-unit-capable RNG, units: 2
[    6.630503] n2rng f029b104: RNG ready
[    6.633602] sha1_sparc64: Using sparc64 sha1 opcode optimized SHA-1 implementation
[    6.660744] systemd[1]: Started udev Coldplug all Devices.
[    6.664949] pktcdvd: setup of pktcdvd device failed
[    6.666010] systemd-udevd[599]: vdiskd: Process '/usr/sbin/pktsetup 254:24' failed with exit code 1.
[    6.668269] systemd[1]: Found device /dev/disk/by-label/swapvol1.
[    6.673032] systemd[1]: Found device /dev/vdiska1.
[    6.714264] systemd[1]: Created slice system-lvm2\x2dpvscan.slice.
[    6.720717] pktcdvd: setup of pktcdvd device failed
[    6.721856] systemd-udevd[640]: vdiskd1: Process '/usr/sbin/pktsetup 254:25' failed with exit code 1.
[    6.724316] pktcdvd: setup of pktcdvd device failed
[    6.725059] systemd[1]: Activating swap /dev/disk/by-label/swapvol1...
[    6.725364] systemd-udevd[599]: vdiskd3: Process '/usr/sbin/pktsetup 254:27' failed with exit code 1.
[    6.728326] pktcdvd: setup of pktcdvd device failed
[    6.729311] systemd-udevd[641]: vdiskd4: Process '/usr/sbin/pktsetup 254:28' failed with exit code 1.
[    6.732311] systemd[665]: dev-disk-by\x2dlabel-swapvol1.swap: Failed to connect stdout to the journal socket, ignoring: Connection refused
[    6.732364] pktcdvd: setup of pktcdvd device failed
[    6.733513] systemd-udevd[642]: vdiskd2: Process '/usr/sbin/pktsetup 254:26' failed with exit code 1.
[    6.736595] pktcdvd: setup of pktcdvd device failed
[    6.737177] systemd[1]: Starting Helper to synchronize boot up for ifupdown...
[    6.737678] systemd-udevd[648]: vdiskd7: Process '/usr/sbin/pktsetup 254:31' failed with exit code 1.
[    6.740728] pktcdvd: setup of pktcdvd device failed
[    6.741867] systemd-udevd[646]: vdiskd6: Process '/usr/sbin/pktsetup 254:30' failed with exit code 1.
[    6.745081] systemd[666]: ifupdown-pre.service: Failed to connect stdout to the journal socket, ignoring: Connection refused
[    6.745182] pktcdvd: setup of pktcdvd device failed
[    6.746406] systemd-udevd[645]: vdiskd5: Process '/usr/sbin/pktsetup 254:29' failed with exit code 1.
[    6.749032] systemd[1]: Starting LVM event activation on device 254:16...
[    6.755310] systemd-udevd[645]: ethtool: autonegotiation is unset or enabled, the speed and duplex are not writable.
[    6.756224] systemd[667]: lvm2-pvscan@254:16.service: Failed to connect stdout to the journal socket, ignoring: Connection refused
[    6.760468] systemd[1]: Starting File System Check on /dev/vdiska1...
[    6.767549] systemd[669]: systemd-fsck@dev-vdiska1.service: Failed to connect stdout to the journal socket, ignoring: Connection refused
[    6.811037] systemd[1]: Started File System Check Daemon to report status.
[    6.816781] systemd[676]: systemd-fsckd.service: Failed to connect stdout to the journal socket, ignoring: Connection refused
[    6.828623] systemd[1]: Started MD array monitor.
[    6.833177] systemd[678]: mdmonitor.service: Failed to connect stdout to the journal socket, ignoring: Connection refused
[    6.837303] sha256_sparc64: Using sparc64 sha256 opcode optimized SHA-256/SHA-224 implementation
[    6.882764] Adding 787176k swap on /dev/vdiska4.  Priority:-2 extents:1 across:787176k FS
[    6.891086] systemd[1]: Activated swap /dev/disk/by-label/swapvol1.
[    6.891725] systemd[1]: Reached target Swap.
[    6.904272] systemd[1]: Mounting /tmp...
[    6.909989] systemd[692]: tmp.mount: Failed to connect stdout to the journal socket, ignoring: Connection refused
[    6.912721] systemd[1]: Started File System Check on /dev/vdiska1.
[    6.924373] systemd[1]: Found device /dev/ttipvg1/vol1.
[    6.930975] systemd[1]: Mounted /tmp.
[    6.940829] systemd[1]: Mounting /boot...
[    6.947702] systemd[695]: boot.mount: Failed to connect stdout to the journal socket, ignoring: Connection refused
[    6.949608] systemd[1]: Starting File System Check on /dev/ttipvg1/vol1...
[    6.955009] systemd[697]: systemd-fsck@dev-ttipvg1-vol1.service: Failed to connect stdout to the journal socket, ignoring: Connection refused
[    6.960948] EXT4-fs (vdiska1): mounting ext3 file system using the ext4 subsystem
[    6.974976] EXT4-fs (vdiska1): mounted filesystem with ordered data mode. Opts: (null)
[    6.975164] ext3 filesystem being mounted at /boot supports timestamps until 2038 (0x7fffffff)
[    6.980477] systemd[1]: Mounted /boot.
[    6.996500] sha512_sparc64: Using sparc64 sha512 opcode optimized SHA-512/SHA-384 implementation
[    6.998787] md5_sparc64: Using sparc64 md5 opcode optimized MD5 implementation
[    7.017520] systemd[1]: Started File System Check on /dev/ttipvg1/vol1.
[    7.031384] systemd[1]: Mounting /1...
[    7.037415] systemd[707]: 1.mount: Failed to connect stdout to the journal socket, ignoring: Connection refused
[    7.056764] XFS (dm-0): Mounting V5 Filesystem
[    7.075116] XFS (dm-0): Ending clean mount
[    7.077496] xfs filesystem being mounted at /1 supports timestamps until 2038 (0x7fffffff)
[    7.083388] systemd[1]: Mounted /1.
[    7.084726] systemd[1]: Reached target Local File Systems.
[    7.093603] systemd[1]: Starting Load AppArmor profiles...
[    7.098894] systemd[715]: apparmor.service: Failed to connect stdout to the journal socket, ignoring: Connection refused
[    7.102275] systemd[1]: Starting Enable support for additional executable binary formats...
[    7.103146] systemd[1]: Condition check resulted in Mark the need to relabel after reboot being skipped.
[    7.103471] systemd[1]: Condition check resulted in Commit a transient machine-id on disk being skipped.
[    7.108126] systemd[716]: binfmt-support.service: Failed to connect stdout to the journal socket, ignoring: Connection refused
[    7.111829] systemd[1]: Starting Create Volatile Files and Directories...
[    7.116568] systemd[1]: proc-sys-fs-binfmt_misc.automount: Got automount request for /proc/sys/fs/binfmt_misc, triggered by 716 (update-binfmts)
[    7.117015] systemd[717]: systemd-tmpfiles-setup.service: Failed to connect stdout to the journal socket, ignoring: Connection refused
[    7.125568] systemd[1]: Mounting Arbitrary Executable File Formats File System...
[    7.131821] systemd[719]: proc-sys-fs-binfmt_misc.mount: Failed to connect stdout to the journal socket, ignoring: Connection refused
[    7.147444] systemd-tmpfiles[717]: /usr/lib/tmpfiles.d/vsftpd.conf:1: Line references path below legacy directory /var/run/, updating /var/run/vsftpd/empty → /run/vsftpd/empty; please update the tmpfiles.d/ drop-in file accordingly.
[    7.157708] systemd[1]: Mounted Arbitrary Executable File Formats File System.
[    7.189370] Kernel unaligned access at TPC[8838f8] aa_dfa_unpack+0x38/0x5c0
[    7.189502] Kernel unaligned access at TPC[883918] aa_dfa_unpack+0x58/0x5c0
[    7.189571] Kernel unaligned access at TPC[8839e0] aa_dfa_unpack+0x120/0x5c0
[    7.189641] Kernel unaligned access at TPC[883ac0] aa_dfa_unpack+0x200/0x5c0
[    7.189709] Kernel unaligned access at TPC[883ad4] aa_dfa_unpack+0x214/0x5c0
[    7.193212] audit: type=1400 audit(1580472456.940:2): apparmor="STATUS" operation="profile_load" profile="unconfined" name="/usr/sbin/haveged" pid=724 comm="apparmor_parser"
[    7.193786] systemd[1]: systemd-journald.service: Found ordering cycle on haveged.service/start
[    7.193877] systemd[1]: systemd-journald.service: Found dependency on systemd-tmpfiles-setup.service/start
[    7.193980] systemd[1]: systemd-journald.service: Found dependency on systemd-journald.service/start
[    7.194079] systemd[1]: systemd-journald.service: Unable to break cycle starting with systemd-journald.service/start
[    7.194199] systemd[1]: Requested transaction contains an unfixable cyclic ordering dependency: Transaction order is cyclic. See system logs for details.
[    7.194341] systemd[1]: systemd-journald-audit.socket: Failed to queue service startup job (Maybe the service file is missing or not a non-template unit?): Transaction order is cyclic. See system logs for details.
[    7.195018] systemd[1]: systemd-journald-audit.socket: Failed with result 'resources'.
[    7.197006] audit: type=1400 audit(1580472456.940:3): apparmor="STATUS" operation="profile_load" profile="unconfined" name="lsb_release" pid=731 comm="apparmor_parser"
[    7.199324] audit: type=1400 audit(1580472456.940:4): apparmor="STATUS" operation="profile_load" profile="unconfined" name="/usr/sbin/named" pid=730 comm="apparmor_parser"
[    7.200810] audit: type=1400 audit(1580472456.940:5): apparmor="STATUS" operation="profile_load" profile="unconfined" name="nvidia_modprobe" pid=726 comm="apparmor_parser"
[    7.200975] audit: type=1400 audit(1580472456.940:6): apparmor="STATUS" operation="profile_load" profile="unconfined" name="nvidia_modprobe//kmod" pid=726 comm="apparmor_parser"
[    7.205333] audit: type=1400 audit(1580472456.950:7): apparmor="STATUS" operation="profile_load" profile="unconfined" name="/usr/sbin/tcpdump" pid=729 comm="apparmor_parser"
[    7.207547] systemd[1]: Started Create Volatile Files and Directories.
[    7.216739] audit: type=1400 audit(1580472456.960:8): apparmor="STATUS" operation="profile_load" profile="unconfined" name="/usr/bin/man" pid=727 comm="apparmor_parser"
[    7.216874] audit: type=1400 audit(1580472456.960:9): apparmor="STATUS" operation="profile_load" profile="unconfined" name="man_filter" pid=727 comm="apparmor_parser"
[    7.216994] audit: type=1400 audit(1580472456.960:10): apparmor="STATUS" operation="profile_load" profile="unconfined" name="man_groff" pid=727 comm="apparmor_parser"
[    7.217028] systemd[1]: Starting Security Auditing Service...
[    7.223157] systemd[732]: auditd.service: Failed to connect stdout to the journal socket, ignoring: Connection refused
[    7.230973] systemd[1]: Starting Network Time Synchronization...
[    7.237147] systemd[1]: Started Load AppArmor profiles.
[    7.251379] systemd[1]: Started Entropy Daemon based on the HAVEGE algorithm.
[    7.256323] systemd[1]: Listening on Journal Audit Socket.
[    7.258260] systemd[1]: Listening on Journal Socket.
[    7.271772] systemd[1]: Starting Journal Service...
[    7.285901] systemd[1]: Started Enable support for additional executable binary formats.
[    7.331973] systemd[1]: Started Helper to synchronize boot up for ifupdown.
[    7.344897] systemd[1]: Started Security Auditing Service.
[    7.356572] systemd[1]: Starting Update UTMP about System Boot/Shutdown...
[    7.372100] systemd[1]: Started LVM event activation on device 254:16.
[    7.377464] systemd[1]: Started Journal Service.
[    7.778139] random: crng init done
[    7.778182] random: 7 urandom warning(s) missed due to ratelimiting
