[    0.000019] PROMLIB: Sun IEEE Boot Prom 'OBP 4.38.12 2018/03/28 14:54'
[    0.000031] PROMLIB: Root node compatible: sun4v
[    0.000079] Linux version 5.4.0-rc1-00227-g9819a30c11ea-dirty (mator@ttip.nvglabs.local) (gcc version 9.2.1 20190909 (Debian 9.2.1-8)) #1262 SMP Tue Oct 8 17:28:24 MSK 2019
[    0.000407] printk: bootconsole [earlyprom0] enabled
[    0.000459] ARCH: SUN4V
[    0.000508] Ethernet address: 00:14:4f:fa:06:f2
[    0.000561] MM: PAGE_OFFSET is 0xfff8000000000000 (max_phys_bits == 47)
[    0.000624] MM: VMALLOC [0x0000000100000000 --> 0x0006000000000000]
[    0.000686] MM: VMEMMAP [0x0006000000000000 --> 0x000c000000000000]
[    0.013810] Kernel: Using 6 locked TLB entries for main kernel image.
[    0.013879] Remapping the kernel... 
[    0.013906] done.
[    0.050064] OF stdout device is: /virtual-devices@100/console@1
[    0.050135] PROM: Built device tree with 87467 bytes of memory.
[    0.050195] MDESC: Size is 37248 bytes.
[    0.050320] PLATFORM: banner-name [SPARC T5-2]
[    0.050371] PLATFORM: name [ORCL,SPARC-T5-2]
[    0.050415] PLATFORM: hostid [84fa06f2]
[    0.050459] PLATFORM: serial# [0035260e]
[    0.050501] PLATFORM: stick-frequency [3b9aca00]
[    0.050549] PLATFORM: mac-address [144ffa06f2]
[    0.050595] PLATFORM: watchdog-resolution [1000 ms]
[    0.050644] PLATFORM: watchdog-max-timeout [31536000000 ms]
[    0.050699] PLATFORM: max-cpus [1024]
[    0.050775] Top of RAM: 0x24af936000, Total RAM: 0x87f352000
[    0.050836] Memory hole size: 115461MB
[    0.288287] Allocated 35708928 bytes for kernel page tables.
[    0.288373] Zone ranges:
[    0.288412]   Normal   [mem 0x0000000030400000-0x00000024af935fff]
[    0.288476] Movable zone start for each node
[    0.288520] Early memory node ranges
[    0.288560]   node   0: [mem 0x0000000030400000-0x000000006fe7ffff]
[    0.288622]   node   0: [mem 0x000000006ff00000-0x000000006ff25fff]
[    0.288684]   node   0: [mem 0x0000000070000000-0x000000042fffffff]
[    0.288746]   node   0: [mem 0x0000002030000000-0x00000024af87ffff]
[    0.288809]   node   0: [mem 0x00000024af900000-0x00000024af925fff]
[    0.288868]   node   0: [mem 0x00000024af930000-0x00000024af935fff]
[    0.296268] Zeroed struct page in unavailable ranges: 230130 pages
[    0.296276] Initmem setup node 0 [mem 0x0000000030400000-0x00000024af935fff]
[    0.296435] On node 0 totalpages: 4454825
[    0.296444]   Normal zone: 39154 pages used for memmap
[    0.296450]   Normal zone: 0 pages reserved
[    0.296456]   Normal zone: 4454825 pages, LIFO batch:31
[    0.307267] Booting Linux...
[    0.307352] CPU CAPS: [flush,stbar,swap,muldiv,v9,blkinit,n2,mul32]
[    0.307434] CPU CAPS: [div32,v8plus,popc,vis,vis2,ASIBlkInit,fmaf,vis3]
[    0.307511] CPU CAPS: [hpc,ima,pause,cbcond,aes,des,kasumi,camellia]
[    0.307583] CPU CAPS: [md5,sha1,sha256,sha512,mpmul,montmul,montsqr,crc32c]
[    0.341611] percpu: Embedded 27 pages/cpu s181896 r8192 d31096 u262144
[    0.341856] pcpu-alloc: s181896 r8192 d31096 u262144 alloc=1*4194304
[    0.341864] pcpu-alloc: [0] 000 001 002 003 004 005 006 007 008 009 010 011 012 013 014 015 
[    0.341891] pcpu-alloc: [0] 016 017 018 019 020 021 022 023 024 025 026 027 028 029 030 031 
[    0.341918] pcpu-alloc: [0] 032 033 034 035 036 037 038 039 040 041 042 043 044 045 046 047 
[    0.341945] pcpu-alloc: [0] 048 049 050 051 052 053 054 055 056 057 058 059 060 061 062 063 
[    0.341972] pcpu-alloc: [0] 064 065 066 067 068 069 070 071 072 073 074 075 076 077 078 079 
[    0.341999] pcpu-alloc: [0] 080 081 082 083 084 085 086 087 088 089 090 091 092 093 094 095 
[    0.342025] pcpu-alloc: [0] 096 097 098 099 100 101 102 103 104 105 106 107 108 109 110 111 
[    0.342053] pcpu-alloc: [0] 112 113 114 115 116 117 118 119 120 121 122 123 124 125 126 127 
[    0.342586] SUN4V: Mondo queue sizes [cpu(131072) dev(16384) r(8192) nr(256)]
[    0.343032] Built 1 zonelists, mobility grouping on.  Total pages: 4415671
[    0.343121] Kernel command line: BOOT_IMAGE=/vmlinux-5.4.0-rc1-00227-g9819a30c11ea-dirty root=/dev/vdiska2 ro zswap.enabled=1
[    0.345551] printk: log_buf_len individual max cpu contribution: 4096 bytes
[    0.345621] printk: log_buf_len total cpu_extra contributions: 520192 bytes
[    0.345688] printk: log_buf_len min size: 131072 bytes
[    0.346009] printk: log_buf_len: 1048576 bytes
[    0.346061] printk: early log buf free: 126616(96%)
[    0.355675] Dentry cache hash table entries: 8388608 (order: 13, 67108864 bytes, linear)
[    0.360577] Inode-cache hash table entries: 4194304 (order: 12, 33554432 bytes, linear)
[    0.360660] Sorting __ex_table...
[    0.360928] mem auto-init: stack:off, heap alloc:off, heap free:off
[    0.423018] Memory: 1305232K/35638600K available (7343K kernel code, 951K rwdata, 2168K rodata, 704K init, 12359K bss, 544472K reserved, 0K cma-reserved)
[    0.434879] SLUB: HWalign=32, Order=0-3, MinObjects=0, CPUs=128, Nodes=1
[    0.440004] ftrace: allocating 21126 entries in 42 pages
[    0.456440] Running RCU self tests
[    0.456489] rcu: Hierarchical RCU implementation.
[    0.456539] rcu: 	RCU event tracing is enabled.
[    0.456587] rcu: 	RCU lockdep checking is enabled.
[    0.456636] 	Tasks RCU enabled.
[    0.456673] rcu: RCU calculated value of scheduler-enlistment delay is 10 jiffies.
[    0.465563] NR_IRQS: 2048, nr_irqs: 2048, preallocated irqs: 1
[    0.466005] SUN4V: Using IRQ API major 3, cookie only virqs enabled
[    0.469840] clocksource: stick: mask: 0xffffffffffffffff max_cycles: 0x1cd42e4dffb, max_idle_ns: 881590591483 ns
[    0.469968] clocksource: mult[800000] shift[23]
[    0.470017] clockevent: mult[80000000] shift[31]
[    0.473736] Console: colour dummy device 80x25
[    0.473801] printk: console [tty0] enabled
[    0.473877] printk: bootconsole [earlyprom0] disabled
[    0.473962] Lock dependency validator: Copyright (c) 2006 Red Hat, Inc., Ingo Molnar
[    0.474010] ... MAX_LOCKDEP_SUBCLASSES:  8
[    0.474039] ... MAX_LOCK_DEPTH:          48
[    0.474069] ... MAX_LOCKDEP_KEYS:        8192
[    0.474100] ... CLASSHASH_SIZE:          4096
[    0.474130] ... MAX_LOCKDEP_ENTRIES:     16384
[    0.474161] ... MAX_LOCKDEP_CHAINS:      32768
[    0.474192] ... CHAINHASH_SIZE:          16384
[    0.474223]  memory used by lock dependency info: 3855 kB
[    0.474258]  memory used for stack traces: 2112 kB
[    0.474291]  per task-struct memory footprint: 1920 bytes
[    0.620239] Calibrating delay using timer specific routine.. 2003.75 BogoMIPS (lpj=10018764)
[    0.620295] pid_max: default: 131072 minimum: 1024
[    0.627593] LSM: Security Framework initializing
[    0.629621] AppArmor: AppArmor initialized
[    0.632697] Mount-cache hash table entries: 131072 (order: 7, 1048576 bytes, linear)
[    0.632938] Mountpoint-cache hash table entries: 131072 (order: 7, 1048576 bytes, linear)
[    0.634432] *** VALIDATE tmpfs ***
[    0.643353] *** VALIDATE proc ***
[    0.649011] *** VALIDATE cgroup1 ***
[    0.649043] *** VALIDATE cgroup2 ***
[    0.655024] rcu: Hierarchical SRCU implementation.
[    0.667384] smp: Bringing up secondary CPUs ...
[    0.739173] smp: Brought up 1 node, 32 CPUs
[    0.944626] node 0 initialised, 4223612 pages in 190ms
[    0.949863] devtmpfs: initialized
[    0.960127] Performance events: 
[    0.960189] Testing NMI watchdog ... 
[    1.160393] OK.
[    1.160557] Supported PMU type is 'niagara5'
[    1.161992] random: get_random_u32 called from bucket_table_alloc.isra.0+0x188/0x1c0 with crng_init=0
[    1.163670] ldc.c:v1.1 (July 22, 2008)
[    1.167917] clocksource: jiffies: mask: 0xffffffff max_cycles: 0xffffffff, max_idle_ns: 19112604462750000 ns
[    1.168014] futex hash table entries: 32768 (order: 9, 4194304 bytes, linear)
[    1.187680] NET: Registered protocol family 16
[    1.202014] VIO: Adding device channel-devices (tx_ino = ffffffffffffffff, rx_ino = ffffffffffffffff)
[    1.202312] VIO: Adding device vnet-port-0-0 (tx_ino = 0, rx_ino = 1)
[    1.202598] VIO: Adding device vnet-port-0-1 (tx_ino = 2, rx_ino = 3)
[    1.202864] VIO: Adding device vnet-port-0-2 (tx_ino = 4, rx_ino = 5)
[    1.203117] VIO: Adding device vnet-port-0-4 (tx_ino = 8, rx_ino = 9)
[    1.203371] VIO: Adding device vnet-port-0-5 (tx_ino = a, rx_ino = b)
[    1.203627] VIO: Adding device vnet-port-0-6 (tx_ino = c, rx_ino = d)
[    1.203879] VIO: Adding device vnet-port-0-3 (tx_ino = 6, rx_ino = 7)
[    1.204136] VIO: Adding device vdc-port-3-0 (tx_ino = e, rx_ino = f)
[    1.204388] VIO: Adding device vdc-port-2-0 (tx_ino = 10, rx_ino = 11)
[    1.204642] VIO: Adding device vdc-port-1-0 (tx_ino = 12, rx_ino = 13)
[    1.204887] VIO: Adding device vdc-port-0-0 (tx_ino = 14, rx_ino = 15)
[    1.205150] VIO: Adding device vdc-port-4-0 (tx_ino = 16, rx_ino = 17)
[    1.205399] VIO: Adding device vlds-port-0-0 (tx_ino = 18, rx_ino = 19)
[    1.205652] VIO: Adding device domain-services-port-0 (tx_ino = 18, rx_ino = 19)
[    1.206681] audit: initializing netlink subsys (disabled)
[    1.207059] audit: type=2000 audit(0.730:1): state=initialized audit_enabled=0 res=1
[    1.263685] HugeTLB registered 64.0 KiB page size, pre-allocated 0 pages
[    1.263735] HugeTLB registered 8.00 MiB page size, pre-allocated 0 pages
[    1.263780] HugeTLB registered 256 MiB page size, pre-allocated 0 pages
[    1.263825] HugeTLB registered 2.00 GiB page size, pre-allocated 0 pages
[    1.374345] NetLabel: Initializing
[    1.374380] NetLabel:  domain hash size = 128
[    1.374412] NetLabel:  protocols = UNLABELED CIPSOv4 CALIPSO
[    1.374665] NetLabel:  unlabeled traffic allowed by default
[    1.375939] SUN4V: Reboot data supported (maj=1,min=0).
[    1.377651] ds.c:v1.0 (Jul 11, 2007)
[    1.378187] ds-0: ds_conn_reset() from send_events.isra.0
[    1.378858] clocksource: Switched to clocksource stick
[    1.709295] *** VALIDATE bpf ***
[    1.717524] VFS: Disk quotas dquot_6.6.0
[    1.722119] VFS: Dquot-cache hash table entries: 1024 (order 0, 8192 bytes)
[    1.722496] *** VALIDATE ramfs ***
[    1.723145] *** VALIDATE hugetlbfs ***
[    1.736109] AppArmor: AppArmor Filesystem Enabled
[    1.762535] NET: Registered protocol family 2
[    1.771786] tcp_listen_portaddr_hash hash table entries: 32768 (order: 8, 2359296 bytes, linear)
[    1.775498] TCP established hash table entries: 524288 (order: 9, 4194304 bytes, linear)
[    1.777746] TCP bind hash table entries: 65536 (order: 9, 4194304 bytes, linear)
[    1.783997] TCP: Hash tables configured (established 524288 bind 65536)
[    1.788802] UDP hash table entries: 32768 (order: 9, 5242880 bytes, linear)
[    1.795410] UDP-Lite hash table entries: 32768 (order: 9, 5242880 bytes, linear)
[    1.811358] NET: Registered protocol family 1
[    1.811444] NET: Registered protocol family 44
[    1.812264] Trying to unpack rootfs image as initramfs...
[    2.136896] Freeing initrd memory: 10360K
[    2.167749] workingset: timestamp_bits=46 max_order=23 bucket_order=0
[    2.215300] SGI XFS with ACLs, security attributes, debug enabled
[    2.260324] Block layer SCSI generic (bsg) driver version 0.4 loaded (major 252)
[    2.262063] io scheduler mq-deadline registered
[    2.269194] f029b788: ttyHV0 at I/O 0x0 (irq = 1, base_baud = 115200) is a SUN4V HCONS
[    2.275724] printk: console [ttyHV0] enabled
[    2.283216] sunvdc.c:v1.2 (November 24, 2014)
[    2.298922] sunvdc: Virtual CDROM vdiskd
[    2.298977] sunvdc: vdiskd: 403160 sectors (196 MB) protocol 1.2
[    2.303367]  vdiskd: vdiskd1 vdiskd2 vdiskd3 vdiskd4 vdiskd5 vdiskd6 vdiskd7
[    2.356601] sunvdc: Virtual Hard disk vdiskc
[    2.356648] sunvdc: vdiskc: 104857600 sectors (51200 MB) protocol 1.2
[    2.401592] sunvdc: Virtual Hard disk vdiskb
[    2.401636] sunvdc: vdiskb: 62914560 sectors (30720 MB) protocol 1.2
[    2.404813]  vdiskb: vdiskb1
[    2.448552] sunvdc: Virtual Hard disk vdiska
[    2.448599] sunvdc: vdiska: 31457280 sectors (15360 MB) protocol 1.2
[    2.451920]  vdiska: vdiska1 vdiska2 vdiska3 vdiska4
[    2.500115] sunvdc: Virtual Hard disk vdiske
[    2.500159] sunvdc: vdiske: 20971520 sectors (10240 MB) protocol 1.2
[    2.504187]  vdiske: vdiske1 vdiske2 vdiske3
[    2.535096] sunvnet: sunvnet 2.0 (February 3, 2017)
[    2.540877] vnet_port vnet-port-0-0 eth0: Sun LDOM vnet 00:14:4f:f8:12:a3
[    2.541190] sunvnet: eth0: PORT ( remote-mac 00:14:4f:fa:f3:f0 switch-port )
[    2.543020] sunvnet: eth0: PORT ( remote-mac 00:14:4f:f8:e5:f3 )
[    2.544852] sunvnet: eth0: PORT ( remote-mac 00:14:4f:f9:b4:97 )
[    2.546688] sunvnet: eth0: PORT ( remote-mac 00:14:4f:f8:3f:1e )
[    2.548462] sunvnet: eth0: PORT ( remote-mac 00:14:4f:f8:fe:47 )
[    2.550323] sunvnet: eth0: PORT ( remote-mac 00:14:4f:f9:8b:83 )
[    2.552111] sunvnet: eth0: PORT ( remote-mac 00:14:4f:f9:6c:d1 )
[    2.554007] rtc-sun4v rtc-sun4v: registered as rtc0
[    2.554796] sun4v_wdt: initialized (timeout=60s, nowayout=0)
[    2.555844] device-mapper: uevent: version 1.0.3
[    2.558369] device-mapper: ioctl: 4.41.0-ioctl (2019-09-16) initialised: dm-devel@redhat.com
[    2.560205] NET: Registered protocol family 17
[    2.561091] registered taskstats version 1
[    2.571065] zswap: default zpool zbud not available
[    2.571120] zswap: pool creation failed
[    2.572065] kmemleak: Kernel memory leak detector initialized (mem pool available: 6234)
[    2.572075] kmemleak: Automatic memory scanning thread started
[    2.620930] Key type big_key registered
[    2.620998] AppArmor: AppArmor sha1 policy hashing enabled
[    2.621952] rtc-sun4v rtc-sun4v: setting system clock to 2019-10-08T14:54:21 UTC (1570546461)
[    2.631030] This architecture does not have kernel memory protection.
[    2.631078] Run /init as init process
[    3.432835] crc32c_sparc64: Using sparc64 crc32c opcode optimized CRC32C implementation
[    3.436221] random: fast init done
[    3.868768] raid6: int64x8  gen()  2160 MB/s
[    4.038765] raid6: int64x8  xor()  1567 MB/s
[    4.208752] raid6: int64x4  gen()  3473 MB/s
[    4.378758] raid6: int64x4  xor()  2001 MB/s
[    4.548767] raid6: int64x2  gen()  2863 MB/s
[    4.718769] raid6: int64x2  xor()  1994 MB/s
[    4.888769] raid6: int64x1  gen()  2844 MB/s
[    5.058749] raid6: int64x1  xor()  1622 MB/s
[    5.058793] raid6: using algorithm int64x4 gen() 3473 MB/s
[    5.058833] raid6: .... xor() 2001 MB/s, rmw enabled
[    5.058872] raid6: using intx1 recovery algorithm
[    5.060405] async_tx: api initialized (async)
[    5.061449] xor: automatically using best checksumming function   Niagara   
[    5.306078] EXT4-fs (vdiska2): mounted filesystem with ordered data mode. Opts: (null)
[    5.583995] systemd[1]: Inserted module 'autofs4'
[    5.605420] NET: Registered protocol family 10
[    5.621236] Segment Routing with IPv6
[    5.666401] systemd[1]: systemd 242 running in system mode. (+PAM +AUDIT +SELINUX +IMA +APPARMOR +SMACK +SYSVINIT +UTMP +LIBCRYPTSETUP +GCRYPT +GNUTLS +ACL +XZ +LZ4 -SECCOMP +BLKID +ELFUTILS +KMOD +IDN2 -IDN +PCRE2 default-hierarchy=hybrid)
[    5.667081] systemd[1]: Detected architecture sparc64.
[    5.778459] systemd[1]: Set hostname to <ttip.nvglabs.local>.
[    5.787736] systemd[1]: Failed to bump fs.file-max, ignoring: Invalid argument
[    5.951208] random: lvmconfig: uninitialized urandom read (4 bytes read)
[    6.428140] systemd[1]: /lib/systemd/system/dbus.socket:4: ListenStream= references a path below legacy directory /var/run/, updating /var/run/dbus/system_bus_socket → /run/dbus/system_bus_socket; please update the unit file accordingly.
[    6.471103] systemd[1]: /lib/systemd/system/pcscd.socket:4: ListenStream= references a path below legacy directory /var/run/, updating /var/run/pcscd/pcscd.comm → /run/pcscd/pcscd.comm; please update the unit file accordingly.
[    6.487308] random: systemd: uninitialized urandom read (16 bytes read)
[    6.506741] systemd[1]: Created slice User and Session Slice.
[    6.507814] random: systemd: uninitialized urandom read (16 bytes read)
[    6.507906] systemd[1]: Reached target Remote File Systems.
[    6.540809] systemd[1]: Created slice system-postfix.slice.
[    6.542215] systemd[1]: Started Dispatch Password Requests to Console Directory Watch.
[    6.997916] EXT4-fs (vdiska2): re-mounted. Opts: errors=remount-ro
[    7.220222] systemd-journald[465]: Received request to flush runtime journal from PID 1
[    7.892320] sha1_sparc64: Using sparc64 sha1 opcode optimized SHA-1 implementation
[    7.901458] n2rng v0.3 (Jan 7, 2017)
[    7.901591] n2rng f029b104: Registered RNG HVAPI major 2 minor 0
[    7.901707] n2rng f029b104: Found multi-unit-capable RNG, units: 2
[    7.903226] n2rng f029b104: RNG ready
[    7.980110] sha256_sparc64: Using sparc64 sha256 opcode optimized SHA-256/SHA-224 implementation
[    8.039773] sha512_sparc64: Using sparc64 sha512 opcode optimized SHA-512/SHA-384 implementation
[    8.045039] md5_sparc64: Using sparc64 md5 opcode optimized MD5 implementation
[    8.067775] aes_sparc64: Using sparc64 aes opcodes optimized AES implementation
[    8.118179] pktcdvd: setup of pktcdvd device failed
[    8.163356] des_sparc64: Using sparc64 des opcodes optimized DES implementation
[    8.322228] camellia_sparc64: Using sparc64 camellia opcodes optimized CAMELLIA implementation
[    8.405760] pktcdvd: setup of pktcdvd device failed
[    8.545351] pktcdvd: setup of pktcdvd device failed
[    8.568917] pktcdvd: setup of pktcdvd device failed
[    8.593936] pktcdvd: setup of pktcdvd device failed
[    8.622844] pktcdvd: setup of pktcdvd device failed
[    8.655458] pktcdvd: setup of pktcdvd device failed
[    8.679881] pktcdvd: setup of pktcdvd device failed
[   10.619433] XFS (dm-0): Mounting V5 Filesystem
[   10.639662] XFS (dm-0): Ending clean mount
[   10.644794] Mounted xfs file system at /1 supports timestamps until 2038 (0x7fffffff)
[   11.328906] Adding 787176k swap on /dev/vdiska4.  Priority:-2 extents:1 across:787176k FS
[   11.471616] EXT4-fs (vdiska1): mounting ext3 file system using the ext4 subsystem
[   11.503173] EXT4-fs (vdiska1): mounted filesystem with ordered data mode. Opts: (null)
[   11.505110] Mounted ext3 file system at /boot supports timestamps until 2038 (0x7fffffff)
[   11.774107] Kernel unaligned access at TPC[8648b8] aa_dfa_unpack+0x38/0x5a0
[   11.774242] Kernel unaligned access at TPC[8648d8] aa_dfa_unpack+0x58/0x5a0
[   11.774309] Kernel unaligned access at TPC[864990] aa_dfa_unpack+0x110/0x5a0
[   11.774392] Kernel unaligned access at TPC[864a70] aa_dfa_unpack+0x1f0/0x5a0
[   11.774459] Kernel unaligned access at TPC[864a84] aa_dfa_unpack+0x204/0x5a0
[   11.776753] audit: type=1400 audit(1570546470.640:2): apparmor="STATUS" operation="profile_load" profile="unconfined" name="/usr/sbin/haveged" pid=660 comm="apparmor_parser"
[   11.781757] audit: type=1400 audit(1570546470.650:3): apparmor="STATUS" operation="profile_load" profile="unconfined" name="lsb_release" pid=667 comm="apparmor_parser"
[   11.782587] audit: type=1400 audit(1570546470.650:4): apparmor="STATUS" operation="profile_load" profile="unconfined" name="nvidia_modprobe" pid=661 comm="apparmor_parser"
[   11.782841] audit: type=1400 audit(1570546470.650:5): apparmor="STATUS" operation="profile_load" profile="unconfined" name="nvidia_modprobe//kmod" pid=661 comm="apparmor_parser"
[   11.786046] audit: type=1400 audit(1570546470.650:6): apparmor="STATUS" operation="profile_load" profile="unconfined" name="/usr/sbin/named" pid=665 comm="apparmor_parser"
[   11.788358] audit: type=1400 audit(1570546470.650:7): apparmor="STATUS" operation="profile_load" profile="unconfined" name="/usr/sbin/tcpdump" pid=664 comm="apparmor_parser"
[   11.803823] audit: type=1400 audit(1570546470.670:8): apparmor="STATUS" operation="profile_load" profile="unconfined" name="/usr/bin/man" pid=663 comm="apparmor_parser"
[   11.804050] audit: type=1400 audit(1570546470.670:9): apparmor="STATUS" operation="profile_load" profile="unconfined" name="man_filter" pid=663 comm="apparmor_parser"
[   11.804264] audit: type=1400 audit(1570546470.670:10): apparmor="STATUS" operation="profile_load" profile="unconfined" name="man_groff" pid=663 comm="apparmor_parser"
[   12.582370] random: crng init done
[   12.582431] random: 7 urandom warning(s) missed due to ratelimiting
[   14.670161] tun: Universal TUN/TAP device driver, 1.6

[   14.971607] ======================================================
[   14.971618] WARNING: possible circular locking dependency detected
[   14.971630] 5.4.0-rc1-00227-g9819a30c11ea-dirty #1262 Not tainted
[   14.971639] ------------------------------------------------------
[   14.971650] iptables-restor/927 is trying to acquire lock:
[   14.971660] 00000000104c6120 (&table[i].mutex){+.+.}, at: nfnl_lock+0x24/0x40 [nfnetlink]
[   14.971689] 
               but task is already holding lock:
[   14.971699] 0000000000e0e4a0 (&net->nft.commit_mutex){+.+.}, at: nf_tables_valid_genid+0x10/0x60 [nf_tables]
[   14.971736] 
               which lock already depends on the new lock.

[   14.971747] 
               the existing dependency chain (in reverse order) is:
[   14.971757] 
               -> #1 (&net->nft.commit_mutex){+.+.}:
[   14.971779]        __mutex_lock+0xac/0x9a0
[   14.971789]        mutex_lock_nested+0x1c/0x40
[   14.971804]        nf_tables_valid_genid+0x10/0x60 [nf_tables]
[   14.971815]        nfnetlink_rcv_batch+0x228/0x620 [nfnetlink]
[   14.971826]        nfnetlink_rcv+0x110/0x140 [nfnetlink]
[   14.971840]        netlink_unicast+0x128/0x200
[   14.971850]        netlink_sendmsg+0x334/0x380
[   14.971870]        sock_sendmsg+0x34/0x80
[   14.971880]        ___sys_sendmsg+0x234/0x260
[   14.971890]        __sys_sendmsg+0x48/0x80
[   14.971899]        sys_sendmsg+0x18/0x40
[   14.971915]        linux_sparc_syscall+0x34/0x44
[   14.971923] 
               -> #0 (&table[i].mutex){+.+.}:
[   14.971946]        __lock_acquire+0x1af0/0x2500
[   14.971955]        lock_acquire+0x1a4/0x1c0
[   14.971964]        __mutex_lock+0xac/0x9a0
[   14.971972]        mutex_lock_nested+0x1c/0x40
[   14.971982]        nfnl_lock+0x24/0x40 [nfnetlink]
[   14.971996]        ip_set_nfnl_get_byindex+0x18c/0x280 [ip_set]
[   14.972008]        set_match_v1_checkentry+0x14/0xc0 [xt_set]
[   14.972024]        xt_check_match+0x23c/0x280 [x_tables]
[   14.972037]        __nft_match_init+0x160/0x180 [nft_compat]
[   14.972047]        nft_match_init+0x18/0x40 [nft_compat]
[   14.972062]        nf_tables_newrule+0x50c/0x780 [nf_tables]
[   14.972072]        nfnetlink_rcv_batch+0x3d0/0x620 [nfnetlink]
[   14.972082]        nfnetlink_rcv+0x110/0x140 [nfnetlink]
[   14.972092]        netlink_unicast+0x128/0x200
[   14.972100]        netlink_sendmsg+0x334/0x380
[   14.972109]        sock_sendmsg+0x34/0x80
[   14.972119]        ___sys_sendmsg+0x234/0x260
[   14.972127]        __sys_sendmsg+0x48/0x80
[   14.972136]        sys_sendmsg+0x18/0x40
[   14.972144]        linux_sparc_syscall+0x34/0x44
[   14.972152] 
               other info that might help us debug this:

[   14.972163]  Possible unsafe locking scenario:

[   14.972172]        CPU0                    CPU1
[   14.972179]        ----                    ----
[   14.972186]   lock(&net->nft.commit_mutex);
[   14.972195]                                lock(&table[i].mutex);
[   14.972205]                                lock(&net->nft.commit_mutex);
[   14.972215]   lock(&table[i].mutex);
[   14.972224] 
                *** DEADLOCK ***

[   14.972235] 1 lock held by iptables-restor/927:
[   14.972242]  #0: 0000000000e0e4a0 (&net->nft.commit_mutex){+.+.}, at: nf_tables_valid_genid+0x10/0x60 [nf_tables]
[   14.972265] 
               stack backtrace:
[   14.972275] CPU: 17 PID: 927 Comm: iptables-restor Not tainted 5.4.0-rc1-00227-g9819a30c11ea-dirty #1262
[   14.972287] Call Trace:
[   14.972297]  [00000000004cef7c] print_circular_bug.isra.0+0x1bc/0x1e0
[   14.972307]  [00000000004cf1b8] check_noncircular+0x218/0x240
[   14.972316]  [00000000004d3ad0] __lock_acquire+0x1af0/0x2500
[   14.972326]  [00000000004d4e64] lock_acquire+0x1a4/0x1c0
[   14.972335]  [0000000000b28c4c] __mutex_lock+0xac/0x9a0
[   14.972345]  [0000000000b2955c] mutex_lock_nested+0x1c/0x40
[   14.972355]  [00000000104c4024] nfnl_lock+0x24/0x40 [nfnetlink]
[   14.972367]  [00000000104ff2ac] ip_set_nfnl_get_byindex+0x18c/0x280 [ip_set]
[   14.972378]  [00000000105365b4] set_match_v1_checkentry+0x14/0xc0 [xt_set]
[   14.972390]  [00000000102ec89c] xt_check_match+0x23c/0x280 [x_tables]
[   14.972401]  [0000000010524c40] __nft_match_init+0x160/0x180 [nft_compat]
[   14.972411]  [0000000010524cf8] nft_match_init+0x18/0x40 [nft_compat]
[   14.972426]  [00000000104d9dcc] nf_tables_newrule+0x50c/0x780 [nf_tables]
[   14.972437]  [00000000104c4890] nfnetlink_rcv_batch+0x3d0/0x620 [nfnetlink]
[   14.972448]  [00000000104c4bf0] nfnetlink_rcv+0x110/0x140 [nfnetlink]
[   14.972459]  [0000000000a22108] netlink_unicast+0x128/0x200
