[    0.000019] PROMLIB: Sun IEEE Boot Prom 'OBP 4.38.12 2018/03/28 14:54'
[    0.000030] PROMLIB: Root node compatible: sun4v
[    0.000076] Linux version 5.3.0-00878-g399eb9b6cbf3 (mator@ttip) (gcc version 9.3.0 (Debian 9.3.0-11)) #79 SMP Mon Apr 27 17:46:02 MSK 2020
[    0.000380] printk: bootconsole [earlyprom0] enabled
[    0.000434] ARCH: SUN4V
[    0.000483] Ethernet address: 00:14:4f:fa:06:f2
[    0.000537] MM: PAGE_OFFSET is 0xfff8000000000000 (max_phys_bits == 47)
[    0.000603] MM: VMALLOC [0x0000000100000000 --> 0x0006000000000000]
[    0.000663] MM: VMEMMAP [0x0006000000000000 --> 0x000c000000000000]
[    0.012098] Kernel: Using 5 locked TLB entries for main kernel image.
[    0.012169] Remapping the kernel... 
[    0.012196] done.
[    0.045165] OF stdout device is: /virtual-devices@100/console@1
[    0.045229] PROM: Built device tree with 86230 bytes of memory.
[    0.045289] MDESC: Size is 36512 bytes.
[    0.045403] PLATFORM: banner-name [SPARC T5-2]
[    0.045454] PLATFORM: name [ORCL,SPARC-T5-2]
[    0.045500] PLATFORM: hostid [84fa06f2]
[    0.045544] PLATFORM: serial# [0035260e]
[    0.045587] PLATFORM: stick-frequency [3b9aca00]
[    0.045636] PLATFORM: mac-address [144ffa06f2]
[    0.045682] PLATFORM: watchdog-resolution [1000 ms]
[    0.045733] PLATFORM: watchdog-max-timeout [31536000000 ms]
[    0.045789] PLATFORM: max-cpus [1024]
[    0.045878] Top of RAM: 0x24af938000, Total RAM: 0x87f354000
[    0.045938] Memory hole size: 115461MB
[    0.050524] Allocated 40960 bytes for kernel page tables.
[    0.050606] Zone ranges:
[    0.050647]   Normal   [mem 0x0000000030400000-0x00000024af937fff]
[    0.050709] Movable zone start for each node
[    0.050756] Early memory node ranges
[    0.050797]   node   0: [mem 0x0000000030400000-0x000000006fe7ffff]
[    0.050859]   node   0: [mem 0x000000006ff00000-0x000000006ff25fff]
[    0.050921]   node   0: [mem 0x0000000070000000-0x000000042fffffff]
[    0.050983]   node   0: [mem 0x0000002030000000-0x00000024af87ffff]
[    0.051044]   node   0: [mem 0x00000024af900000-0x00000024af925fff]
[    0.051104]   node   0: [mem 0x00000024af930000-0x00000024af937fff]
[    0.058463] Zeroed struct page in unavailable ranges: 230130 pages
[    0.058471] Initmem setup node 0 [mem 0x0000000030400000-0x00000024af937fff]
[    0.058632] On node 0 totalpages: 4454826
[    0.058642]   Normal zone: 39154 pages used for memmap
[    0.058647]   Normal zone: 0 pages reserved
[    0.058653]   Normal zone: 4454826 pages, LIFO batch:31
[    0.067797] Booting Linux...
[    0.067880] CPU CAPS: [flush,stbar,swap,muldiv,v9,blkinit,n2,mul32]
[    0.067962] CPU CAPS: [div32,v8plus,popc,vis,vis2,ASIBlkInit,fmaf,vis3]
[    0.069044] CPU CAPS: [hpc,ima,pause,cbcond,aes,des,kasumi,camellia]
[    0.069117] CPU CAPS: [md5,sha1,sha256,sha512,mpmul,montmul,montsqr,crc32c]
[    0.098712] percpu: Embedded 27 pages/cpu s180424 r8192 d32568 u262144
[    0.098924] pcpu-alloc: s180424 r8192 d32568 u262144 alloc=1*4194304
[    0.098932] pcpu-alloc: [0] 000 001 002 003 004 005 006 007 008 009 010 011 012 013 014 015 
[    0.098958] pcpu-alloc: [0] 016 017 018 019 020 021 022 023 024 025 026 027 028 029 030 031 
[    0.098985] pcpu-alloc: [0] 032 033 034 035 036 037 038 039 040 041 042 043 044 045 046 047 
[    0.099012] pcpu-alloc: [0] 048 049 050 051 052 053 054 055 056 057 058 059 060 061 062 063 
[    0.099039] pcpu-alloc: [0] 064 065 066 067 068 069 070 071 072 073 074 075 076 077 078 079 
[    0.099065] pcpu-alloc: [0] 080 081 082 083 084 085 086 087 088 089 090 091 092 093 094 095 
[    0.099092] pcpu-alloc: [0] 096 097 098 099 100 101 102 103 104 105 106 107 108 109 110 111 
[    0.099119] pcpu-alloc: [0] 112 113 114 115 116 117 118 119 120 121 122 123 124 125 126 127 
[    0.099608] SUN4V: Mondo queue sizes [cpu(131072) dev(16384) r(8192) nr(256)]
[    0.099981] Built 1 zonelists, mobility grouping on.  Total pages: 4415672
[    0.100070] Kernel command line: BOOT_IMAGE=/vmlinux-5.3.0-00878-g399eb9b6cbf3 root=/dev/vdiska2 ro zswap.enabled=1
[    0.102305] printk: log_buf_len individual max cpu contribution: 4096 bytes
[    0.102375] printk: log_buf_len total cpu_extra contributions: 520192 bytes
[    0.102442] printk: log_buf_len min size: 131072 bytes
[    0.102713] printk: log_buf_len: 1048576 bytes
[    0.102764] printk: early log buf free: 126664(96%)
[    0.109078] Dentry cache hash table entries: 8388608 (order: 13, 67108864 bytes, linear)
[    0.112323] Inode-cache hash table entries: 4194304 (order: 12, 33554432 bytes, linear)
[    0.112400] Sorting __ex_table...
[    0.112629] mem auto-init: stack:off, heap alloc:off, heap free:off
[    0.171292] Memory: 1305232K/35638608K available (7348K kernel code, 952K rwdata, 2152K rodata, 704K init, 6667K bss, 508352K reserved, 0K cma-reserved)
[    0.171970] SLUB: HWalign=32, Order=0-3, MinObjects=0, CPUs=128, Nodes=1
[    0.172258] ftrace: allocating 21114 entries in 42 pages
[    0.183010] Running RCU self tests
[    0.183073] rcu: Hierarchical RCU implementation.
[    0.183129] rcu: 	RCU event tracing is enabled.
[    0.183180] rcu: 	RCU lockdep checking is enabled.
[    0.184232] 	Tasks RCU enabled.
[    0.184269] rcu: RCU calculated value of scheduler-enlistment delay is 10 jiffies.
[    0.188438] NR_IRQS: 2048, nr_irqs: 2048, preallocated irqs: 1
[    0.188522] SUN4V: Using IRQ API major 3, cookie only virqs enabled
[    0.190967] clocksource: stick: mask: 0xffffffffffffffff max_cycles: 0x1cd42e4dffb, max_idle_ns: 881590591483 ns
[    0.191093] clocksource: mult[800000] shift[23]
[    0.191143] clockevent: mult[80000000] shift[31]
[    0.191649] Console: colour dummy device 80x25
[    0.191710] printk: console [tty0] enabled
[    0.191786] printk: bootconsole [earlyprom0] disabled
[    0.191871] Lock dependency validator: Copyright (c) 2006 Red Hat, Inc., Ingo Molnar
[    0.191920] ... MAX_LOCKDEP_SUBCLASSES:  8
[    0.191950] ... MAX_LOCK_DEPTH:          48
[    0.191981] ... MAX_LOCKDEP_KEYS:        8192
[    0.192012] ... CLASSHASH_SIZE:          4096
[    0.192042] ... MAX_LOCKDEP_ENTRIES:     16384
[    0.192074] ... MAX_LOCKDEP_CHAINS:      32768
[    0.192105] ... CHAINHASH_SIZE:          16384
[    0.192136]  memory used by lock dependency info: 3855 kB
[    0.192172]  per task-struct memory footprint: 1920 bytes
[    0.341474] Calibrating delay using timer specific routine.. 2006.54 BogoMIPS (lpj=10032702)
[    0.341544] pid_max: default: 131072 minimum: 1024
[    0.341825] LSM: Security Framework initializing
[    0.342066] AppArmor: AppArmor initialized
[    0.342341] Mount-cache hash table entries: 131072 (order: 7, 1048576 bytes, linear)
[    0.342505] Mountpoint-cache hash table entries: 131072 (order: 7, 1048576 bytes, linear)
[    0.343451] *** VALIDATE proc ***
[    0.343928] *** VALIDATE cgroup1 ***
[    0.343959] *** VALIDATE cgroup2 ***
[    0.345981] rcu: Hierarchical SRCU implementation.
[    0.353605] smp: Bringing up secondary CPUs ...
[    0.395578] smp: Brought up 1 node, 32 CPUs
[    0.584838] node 0 initialised, 4228128 pages in 190ms
[    0.586137] devtmpfs: initialized
[    0.590614] Performance events: 
[    0.590656] Testing NMI watchdog ... 
[    0.790726] OK.
[    0.790877] Supported PMU type is 'niagara5'
[    0.791067] random: get_random_u32 called from bucket_table_alloc.isra.0+0x188/0x1c0 with crng_init=0
[    0.791641] ldc.c:v1.1 (July 22, 2008)
[    0.793819] clocksource: jiffies: mask: 0xffffffff max_cycles: 0xffffffff, max_idle_ns: 19112604462750000 ns
[    0.793912] futex hash table entries: 32768 (order: 9, 4194304 bytes, linear)
[    0.798816] NET: Registered protocol family 16
[    0.806487] VIO: Adding device channel-devices (tx_ino = ffffffffffffffff, rx_ino = ffffffffffffffff)
[    0.806685] VIO: Adding device vnet-port-0-0 (tx_ino = 0, rx_ino = 1)
[    0.806878] VIO: Adding device vnet-port-0-1 (tx_ino = 2, rx_ino = 3)
[    0.807039] VIO: Adding device vnet-port-0-2 (tx_ino = 4, rx_ino = 5)
[    0.807198] VIO: Adding device vnet-port-0-3 (tx_ino = 6, rx_ino = 7)
[    0.807362] VIO: Adding device vnet-port-0-4 (tx_ino = 8, rx_ino = 9)
[    0.807520] VIO: Adding device vnet-port-0-5 (tx_ino = a, rx_ino = b)
[    0.807679] VIO: Adding device vdc-port-2-0 (tx_ino = c, rx_ino = d)
[    0.807842] VIO: Adding device vdc-port-1-0 (tx_ino = e, rx_ino = f)
[    0.808001] VIO: Adding device vdc-port-0-0 (tx_ino = 10, rx_ino = 11)
[    0.808159] VIO: Adding device vdc-port-3-0 (tx_ino = 12, rx_ino = 13)
[    0.808322] VIO: Adding device vlds-port-0-0 (tx_ino = 14, rx_ino = 15)
[    0.808484] VIO: Adding device domain-services-port-0 (tx_ino = 14, rx_ino = 15)
[    0.808752] audit: initializing netlink subsys (disabled)
[    0.808998] audit: type=2000 audit(0.610:1): state=initialized audit_enabled=0 res=1
[    0.832839] HugeTLB registered 64.0 KiB page size, pre-allocated 0 pages
[    0.832888] HugeTLB registered 8.00 MiB page size, pre-allocated 0 pages
[    0.832940] HugeTLB registered 256 MiB page size, pre-allocated 0 pages
[    0.832985] HugeTLB registered 2.00 GiB page size, pre-allocated 0 pages
[    0.834563] alg: extra crypto tests enabled.  This is intended for developer use only.
[    0.859826] cryptd: max_cpu_qlen set to 1000
[    0.890378] alg: No test for lzo-rle (lzo-rle-generic)
[    0.890814] alg: No test for lzo-rle (lzo-rle-scomp)
[    0.942415] NetLabel: Initializing
[    0.942447] NetLabel:  domain hash size = 128
[    0.942480] NetLabel:  protocols = UNLABELED CIPSOv4 CALIPSO
[    0.942610] NetLabel:  unlabeled traffic allowed by default
[    0.943546] SUN4V: Reboot data supported (maj=1,min=0).
[    0.943888] ds.c:v1.0 (Jul 11, 2007)
[    0.944218] ds-0: ds_conn_reset() from send_events.isra.0
[    0.945677] clocksource: Switched to clocksource stick
[    1.137152] VFS: Disk quotas dquot_6.6.0
[    1.137286] VFS: Dquot-cache hash table entries: 1024 (order 0, 8192 bytes)
[    1.137506] *** VALIDATE hugetlbfs ***
[    1.139040] AppArmor: AppArmor Filesystem Enabled
[    1.151345] NET: Registered protocol family 2
[    1.153138] tcp_listen_portaddr_hash hash table entries: 32768 (order: 8, 2359296 bytes, linear)
[    1.156099] TCP established hash table entries: 524288 (order: 9, 4194304 bytes, linear)
[    1.158068] TCP bind hash table entries: 65536 (order: 9, 4194304 bytes, linear)
[    1.164139] TCP: Hash tables configured (established 524288 bind 65536)
[    1.166553] UDP hash table entries: 32768 (order: 9, 5242880 bytes, linear)
[    1.173021] UDP-Lite hash table entries: 32768 (order: 9, 5242880 bytes, linear)
[    1.180971] NET: Registered protocol family 1
[    1.181033] NET: Registered protocol family 44
[    1.182428] Trying to unpack rootfs image as initramfs...
[    1.376381] Freeing initrd memory: 14768K
[    1.377044] aes_sparc64: Using sparc64 aes opcodes optimized AES implementation
[    1.639854] des_sparc64: Using sparc64 des opcodes optimized DES implementation
[    2.102639] camellia_sparc64: Using sparc64 camellia opcodes optimized CAMELLIA implementation
[    2.278449] workingset: timestamp_bits=46 max_order=23 bucket_order=0
[    2.296323] zbud: loaded
[    2.298498] SGI XFS with ACLs, security attributes, debug enabled
[    2.318199] Block layer SCSI generic (bsg) driver version 0.4 loaded (major 252)
[    2.318979] io scheduler mq-deadline registered
[    2.321620] f029b788: ttyHV0 at I/O 0x0 (irq = 1, base_baud = 115200) is a SUN4V HCONS
[    2.328322] printk: console [ttyHV0] enabled
[    2.331741] sunvdc.c:v1.2 (November 24, 2014)
[    2.333386] sunvdc: Virtual Hard disk vdiskc
[    2.333425] sunvdc: vdiskc: 104857600 sectors (51200 MB) protocol 1.2
[    2.352380] sunvdc: Virtual Hard disk vdiskb
[    2.352421] sunvdc: vdiskb: 62914560 sectors (30720 MB) protocol 1.2
[    2.353048]  vdiskb: vdiskb1
[    2.371124] sunvdc: Virtual Hard disk vdiska
[    2.371168] sunvdc: vdiska: 31457280 sectors (15360 MB) protocol 1.2
[    2.371862]  vdiska: vdiska1 vdiska2 vdiska3 vdiska4
[    2.390527] sunvdc: Virtual CDROM vdiskd
[    2.390569] sunvdc: vdiskd: 453848 sectors (221 MB) protocol 1.2
[    2.391193]  vdiskd: vdiskd1 vdiskd2 vdiskd3 vdiskd4 vdiskd5 vdiskd6 vdiskd7
[    2.409275] sunvnet: sunvnet 2.0 (February 3, 2017)
[    2.411290] vnet_port vnet-port-0-0 eth0: Sun LDOM vnet 00:14:4f:f8:12:a3
[    2.411502] sunvnet: eth0: PORT ( remote-mac 00:14:4f:fa:f3:f0 switch-port )
[    2.411862] sunvnet: eth0: PORT ( remote-mac 00:14:4f:f8:e5:f3 )
[    2.412190] sunvnet: eth0: PORT ( remote-mac 00:14:4f:f9:b4:97 )
[    2.412550] sunvnet: eth0: PORT ( remote-mac 00:14:4f:f8:3f:1e )
[    2.412879] sunvnet: eth0: PORT ( remote-mac 00:14:4f:f8:fe:47 )
[    2.413246] sunvnet: eth0: PORT ( remote-mac 00:14:4f:f9:8b:83 )
[    2.414410] rtc-sun4v rtc-sun4v: registered as rtc0
[    2.414937] sun4v_wdt: initialized (timeout=60s, nowayout=0)
[    2.415187] device-mapper: uevent: version 1.0.3
[    2.415953] device-mapper: ioctl: 4.40.0-ioctl (2019-01-18) initialised: dm-devel@redhat.com
[    2.416831] NET: Registered protocol family 17
[    2.417894] registered taskstats version 1
[    2.418692] zswap: loaded using pool lzo/zbud
[    2.599458] Key type big_key registered
[    2.599528] AppArmor: AppArmor sha1 policy hashing enabled
[    2.600294] rtc-sun4v rtc-sun4v: setting system clock to 2020-04-28T08:09:17 UTC (1588061357)
[    2.604222] This architecture does not have kernel memory protection.
[    2.604271] Run /init as init process
[    3.088869] crc32c_sparc64: Using sparc64 crc32c opcode optimized CRC32C implementation
[    3.136555] random: fast init done
[    3.625631] raid6: int64x8  gen()  2173 MB/s
[    3.795643] raid6: int64x8  xor()  1573 MB/s
[    3.965650] raid6: int64x4  gen()  3477 MB/s
[    4.135646] raid6: int64x4  xor()  2012 MB/s
[    4.305642] raid6: int64x2  gen()  2875 MB/s
[    4.475648] raid6: int64x2  xor()  2001 MB/s
[    4.645648] raid6: int64x1  gen()  2800 MB/s
[    4.815648] raid6: int64x1  xor()  1657 MB/s
[    4.815684] raid6: using algorithm int64x4 gen() 3477 MB/s
[    4.815725] raid6: .... xor() 2012 MB/s, rmw enabled
[    4.815762] raid6: using intx1 recovery algorithm
[    4.816575] async_tx: api initialized (async)
[    4.817054] xor: automatically using best checksumming function   Niagara   
[    5.104869] EXT4-fs (vdiska2): mounted filesystem with ordered data mode. Opts: (null)
[    6.861614] systemd[1]: Inserted module 'autofs4'
[    6.874024] NET: Registered protocol family 10
[    6.878928] Segment Routing with IPv6
[    6.934974] systemd[1]: systemd 245.5-1 running in system mode. (+PAM +AUDIT +SELINUX +IMA +APPARMOR +SMACK +SYSVINIT +UTMP +LIBCRYPTSETUP +GCRYPT +GNUTLS +ACL +XZ +LZ4 -SECCOMP +BLKID +ELFUTILS +KMOD +IDN2 -IDN +PCRE2 default-hierarchy=hybrid)
[    6.935847] systemd[1]: Detected architecture sparc64.
[    6.961964] systemd[1]: Set hostname to <ttip>.
[    7.749301] random: lvmconfig: uninitialized urandom read (4 bytes read)
[    8.742112] systemd[1]: /lib/systemd/system/dbus.socket:5: ListenStream= references a path below legacy directory /var/run/, updating /var/run/dbus/system_bus_socket â†’ /run/dbus/system_bus_socket; please update the unit file accordingly.
[    9.107607] random: systemd: uninitialized urandom read (16 bytes read)
[    9.117521] systemd[1]: Created slice system-getty.slice.
[    9.118208] random: systemd: uninitialized urandom read (16 bytes read)
[    9.121683] systemd[1]: Created slice system-modprobe.slice.
[    9.122105] random: systemd: uninitialized urandom read (16 bytes read)
[    9.126562] systemd[1]: Created slice system-openvpn\x2dclient.slice.
[    9.131662] systemd[1]: Created slice system-postfix.slice.
[    9.135526] systemd[1]: Created slice system-systemd\x2dfsck.slice.
[    9.139442] systemd[1]: Created slice User and Session Slice.
[    9.140332] systemd[1]: Started Dispatch Password Requests to Console Directory Watch.
[    9.141144] systemd[1]: Started Forward Password Requests to Wall Directory Watch.
[    9.143245] systemd[1]: Set up automount Arbitrary Executable File Formats File System Automount Point.
[    9.143787] systemd[1]: Reached target Local Encrypted Volumes.
[    9.144261] systemd[1]: Reached target Paths.
[    9.144690] systemd[1]: Reached target Remote File Systems.
[    9.145128] systemd[1]: Reached target Slices.
[    9.146043] systemd[1]: Listening on Device-mapper event daemon FIFOs.
[    9.147152] systemd[1]: Listening on LVM2 poll daemon socket.
[    9.166709] systemd[1]: Listening on Syslog Socket.
[    9.167690] systemd[1]: Listening on fsck to fsckd communication Socket.
[    9.168452] systemd[1]: Listening on initctl Compatibility Named Pipe.
[    9.169660] systemd[1]: Listening on Journal Audit Socket.
[    9.170634] systemd[1]: Listening on Journal Socket (/dev/log).
[    9.171784] systemd[1]: Listening on Journal Socket.
[    9.172851] systemd[1]: Listening on udev Control Socket.
[    9.173666] systemd[1]: Listening on udev Kernel Socket.
[    9.183444] systemd[1]: Mounting Huge Pages File System...
[    9.192243] systemd[1]: Mounting POSIX Message Queue File System...
[    9.201092] systemd[1]: Mounting Kernel Debug File System...
[    9.212667] systemd[1]: Mounting Kernel Trace File System...
[    9.221616] systemd[1]: Starting Availability of block devices...
[    9.231663] systemd[1]: Starting Wait for network to be configured by ifupdown...
[    9.241311] systemd[1]: Starting Create list of static device nodes for the current kernel...
[    9.250075] systemd[1]: Starting Monitoring of LVM2 mirrors, snapshots etc. using dmeventd or progress polling...
[    9.258727] systemd[1]: Starting Load Kernel Module drm...
[    9.267358] systemd[1]: Starting nftables...
[    9.295272] systemd[1]: Condition check resulted in Set Up Additional Binary Formats being skipped.
[    9.295576] systemd[1]: Condition check resulted in File System Check on Root Device being skipped.
[    9.309373] systemd[1]: Starting Journal Service...
[    9.321710] systemd[1]: Starting Load Kernel Modules...
[    9.331768] systemd[1]: Starting Remount Root and Kernel File Systems...
[    9.342718] systemd[1]: Starting udev Coldplug all Devices...
[    9.351404] systemd[1]: Mounted Huge Pages File System.
[    9.352991] systemd[1]: Mounted POSIX Message Queue File System.
[    9.354665] systemd[1]: Mounted Kernel Debug File System.
[    9.356478] systemd[1]: Mounted Kernel Trace File System.
[    9.363799] systemd[1]: Finished Availability of block devices.
[    9.370941] systemd[1]: Finished Wait for network to be configured by ifupdown.
[    9.378960] systemd[1]: Finished Create list of static device nodes for the current kernel.
[    9.382811] systemd[1]: modprobe@drm.service: Succeeded.
[    9.388067] systemd[1]: Finished Load Kernel Module drm.
[    9.408014] EXT4-fs (vdiska2): re-mounted. Opts: errors=remount-ro
[    9.417846] systemd[1]: Finished Load Kernel Modules.
[    9.419283] systemd[1]: Condition check resulted in FUSE Control File System being skipped.
[    9.419637] systemd[1]: Condition check resulted in Kernel Configuration File System being skipped.
[    9.427881] systemd[1]: Starting Apply Kernel Variables...
[    9.444708] systemd[1]: Finished Remount Root and Kernel File Systems.
[    9.499439] systemd[1]: Starting Initial Check File System Quotas...
[    9.531778] systemd[1]: Condition check resulted in Rebuild Hardware Database being skipped.
[    9.532094] systemd[1]: Condition check resulted in Platform Persistent Storage Archival being skipped.
[    9.540953] systemd[1]: Starting Load/Save Random Seed...
[    9.549918] systemd[1]: Starting Create System Users...
[    9.551558] systemd[1]: Started Journal Service.
[    9.637152] systemd-journald[553]: Received client request to flush runtime journal.
[   10.962775] sha1_sparc64: Using sparc64 sha1 opcode optimized SHA-1 implementation
[   11.074019] n2rng v0.3 (Jan 7, 2017)
[   11.074098] n2rng f029b104: Registered RNG HVAPI major 2 minor 0
[   11.074159] n2rng f029b104: Found multi-unit-capable RNG, units: 2
[   11.075188] n2rng f029b104: RNG ready
[   11.167514] ------------[ cut here ]------------
[   11.167593] WARNING: CPU: 4 PID: 671 at drivers/block/pktcdvd.c:2597 pkt_setup_dev+0x2e4/0x5a0 [pktcdvd]
[   11.167658] Attempt to register a non-SCSI queue
[   11.167695] Modules linked in: pktcdvd cdrom n2_rng rng_core flash sha256_sparc64(+) sha1_sparc64 nf_tables nfnetlink ip_tables x_tables ipv6 crc_ccitt nf_defrag_ipv6 autofs4 ext4 crc16 mbcache jbd2 raid10 raid456 async_raid6_recov async_memcpy async_pq async_xor xor async_tx raid6_pq raid1 raid0 multipath linear md_mod crc32c_sparc64
[   11.167942] CPU: 4 PID: 671 Comm: pktsetup Not tainted 5.3.0-00878-g399eb9b6cbf3 #79
[   11.167997] Call Trace:
[   11.168026]  [00000000004682c0] __warn+0xc0/0x100
[   11.168064]  [0000000000468334] warn_slowpath_fmt+0x34/0x60
[   11.168108]  [0000000010453264] pkt_setup_dev+0x2e4/0x5a0 [pktcdvd]
[   11.168156]  [0000000010454d14] pkt_ctl_ioctl+0x94/0x240 [pktcdvd]
[   11.168204]  [00000000006ba910] do_vfs_ioctl+0x630/0x6e0
[   11.168244]  [00000000006baa08] ksys_ioctl+0x48/0x80
[   11.168283]  [00000000006baa54] sys_ioctl+0x14/0x40
[   11.168323]  [0000000000406294] linux_sparc_syscall+0x34/0x44
[   11.168366] irq event stamp: 3469
[   11.168399] hardirqs last  enabled at (3477): [<00000000004e4a84>] console_unlock+0x644/0x6e0
[   11.168460] hardirqs last disabled at (3484): [<00000000004e4544>] console_unlock+0x104/0x6e0
[   11.168523] softirqs last  enabled at (3268): [<0000000000b31368>] __do_softirq+0x4a8/0x520
[   11.168588] softirqs last disabled at (3161): [<000000000042cfb4>] do_softirq_own_stack+0x34/0x60
[   11.168649] ---[ end trace 041310a24a93ed8d ]---
[   11.169517] pktcdvd: setup of pktcdvd device failed
[   11.173685] sha256_sparc64: Using sparc64 sha256 opcode optimized SHA-256/SHA-224 implementation
[   11.216610] pktcdvd: setup of pktcdvd device failed
[   11.220604] pktcdvd: setup of pktcdvd device failed
[   11.223805] pktcdvd: setup of pktcdvd device failed
[   11.227261] pktcdvd: setup of pktcdvd device failed
[   11.230623] pktcdvd: setup of pktcdvd device failed
[   11.233446] pktcdvd: setup of pktcdvd device failed
[   11.236513] pktcdvd: setup of pktcdvd device failed
[   11.349412] sha512_sparc64: Using sparc64 sha512 opcode optimized SHA-512/SHA-384 implementation
[   11.351900] md5_sparc64: Using sparc64 md5 opcode optimized MD5 implementation
[   11.542305] XFS (dm-0): Mounting V5 Filesystem
[   11.575771] Adding 787176k swap on /dev/vdiska4.  Priority:-2 extents:1 across:787176k FS
[   11.845198] XFS (dm-0): Ending clean mount
[   12.021485] EXT4-fs (vdiska1): mounting ext3 file system using the ext4 subsystem
[   12.283295] EXT4-fs (vdiska1): mounted filesystem with ordered data mode. Opts: (null)
[   13.412040] Kernel unaligned access at TPC[85f6f8] aa_dfa_unpack+0x38/0x5c0
[   13.412155] Kernel unaligned access at TPC[85f718] aa_dfa_unpack+0x58/0x5c0
[   13.412211] Kernel unaligned access at TPC[85f7e0] aa_dfa_unpack+0x120/0x5c0
[   13.412269] Kernel unaligned access at TPC[85f8c0] aa_dfa_unpack+0x200/0x5c0
[   13.412323] Kernel unaligned access at TPC[85f8d4] aa_dfa_unpack+0x214/0x5c0
[   13.419322] audit: type=1400 audit(1588061368.310:2): apparmor="STATUS" operation="profile_load" profile="unconfined" name="nvidia_modprobe" pid=739 comm="apparmor_parser"
[   13.419466] audit: type=1400 audit(1588061368.310:3): apparmor="STATUS" operation="profile_load" profile="unconfined" name="nvidia_modprobe//kmod" pid=739 comm="apparmor_parser"
[   13.420135] audit: type=1400 audit(1588061368.310:4): apparmor="STATUS" operation="profile_load" profile="unconfined" name="/usr/sbin/haveged" pid=737 comm="apparmor_parser"
[   13.433959] audit: type=1400 audit(1588061368.320:5): apparmor="STATUS" operation="profile_load" profile="unconfined" name="lsb_release" pid=743 comm="apparmor_parser"
[   13.484843] audit: type=1400 audit(1588061368.370:6): apparmor="STATUS" operation="profile_load" profile="unconfined" name="/usr/bin/man" pid=740 comm="apparmor_parser"
[   13.484966] audit: type=1400 audit(1588061368.370:7): apparmor="STATUS" operation="profile_load" profile="unconfined" name="man_filter" pid=740 comm="apparmor_parser"
[   13.485077] audit: type=1400 audit(1588061368.370:8): apparmor="STATUS" operation="profile_load" profile="unconfined" name="man_groff" pid=740 comm="apparmor_parser"
[   13.516098] audit: type=1400 audit(1588061368.410:9): apparmor="STATUS" operation="profile_load" profile="unconfined" name="/usr/sbin/named" pid=742 comm="apparmor_parser"
[   13.517614] audit: type=1400 audit(1588061368.410:10): apparmor="STATUS" operation="profile_load" profile="unconfined" name="/usr/sbin/tcpdump" pid=741 comm="apparmor_parser"
[   14.235074] random: crng init done
[   14.235137] random: 6 urandom warning(s) missed due to ratelimiting
