[    0.000019] PROMLIB: Sun IEEE Boot Prom 'OBP 4.38.12 2018/03/28 14:54'
[    0.000032] PROMLIB: Root node compatible: sun4v
[    0.000078] Linux version 5.2.0-rc1-00002-g8f3220a80654 (mator@ttip) (gcc version 8.3.0 (Debian 8.3.0-7)) #1068 SMP Sat Jul 13 22:29:53 MSK 2019
[    0.000389] printk: bootconsole [earlyprom0] enabled
[    0.000440] ARCH: SUN4V
[    0.000490] Ethernet address: 00:14:4f:fa:06:f2
[    0.000540] MM: PAGE_OFFSET is 0xfff8000000000000 (max_phys_bits == 47)
[    0.000606] MM: VMALLOC [0x0000000100000000 --> 0x0006000000000000]
[    0.000667] MM: VMEMMAP [0x0006000000000000 --> 0x000c000000000000]
[    0.012133] Kernel: Using 5 locked TLB entries for main kernel image.
[    0.012218] Remapping the kernel... 
[    0.012243] done.
[    0.047475] OF stdout device is: /virtual-devices@100/console@1
[    0.047558] PROM: Built device tree with 86230 bytes of memory.
[    0.047625] MDESC: Size is 36560 bytes.
[    0.047757] PLATFORM: banner-name [SPARC T5-2]
[    0.047809] PLATFORM: name [ORCL,SPARC-T5-2]
[    0.047856] PLATFORM: hostid [84fa06f2]
[    0.047901] PLATFORM: serial# [0035260e]
[    0.047943] PLATFORM: stick-frequency [3b9aca00]
[    0.047991] PLATFORM: mac-address [144ffa06f2]
[    0.048037] PLATFORM: watchdog-resolution [1000 ms]
[    0.048088] PLATFORM: watchdog-max-timeout [31536000000 ms]
[    0.048144] PLATFORM: max-cpus [1024]
[    0.048254] Top of RAM: 0x24af938000, Total RAM: 0x87f354000
[    0.048317] Memory hole size: 115461MB
[    0.053143] Allocated 40960 bytes for kernel page tables.
[    0.053264] Zone ranges:
[    0.053310]   Normal   [mem 0x0000000030400000-0x00000024af937fff]
[    0.053375] Movable zone start for each node
[    0.054439] Early memory node ranges
[    0.054493]   node   0: [mem 0x0000000030400000-0x000000006fe7ffff]
[    0.054559]   node   0: [mem 0x000000006ff00000-0x000000006ff25fff]
[    0.054624]   node   0: [mem 0x0000000070000000-0x000000042fffffff]
[    0.054688]   node   0: [mem 0x0000002030000000-0x00000024af87ffff]
[    0.054752]   node   0: [mem 0x00000024af900000-0x00000024af925fff]
[    0.054813]   node   0: [mem 0x00000024af930000-0x00000024af937fff]
[    0.062282] Zeroed struct page in unavailable ranges: 230130 pages
[    0.062291] Initmem setup node 0 [mem 0x0000000030400000-0x00000024af937fff]
[    0.062454] On node 0 totalpages: 4454826
[    0.062463]   Normal zone: 39154 pages used for memmap
[    0.062468]   Normal zone: 0 pages reserved
[    0.062474]   Normal zone: 4454826 pages, LIFO batch:31
[    0.260825] Booting Linux...
[    0.260912] CPU CAPS: [flush,stbar,swap,muldiv,v9,blkinit,n2,mul32]
[    0.260995] CPU CAPS: [div32,v8plus,popc,vis,vis2,ASIBlkInit,fmaf,vis3]
[    0.262076] CPU CAPS: [hpc,ima,pause,cbcond,aes,des,kasumi,camellia]
[    0.262149] CPU CAPS: [md5,sha1,sha256,sha512,mpmul,montmul,montsqr,crc32c]
[    0.323128] percpu: Embedded 27 pages/cpu s179528 r8192 d33464 u262144
[    0.323393] pcpu-alloc: s179528 r8192 d33464 u262144 alloc=1*4194304
[    0.323401] pcpu-alloc: [0] 000 001 002 003 004 005 006 007 008 009 010 011 012 013 014 015 
[    0.323428] pcpu-alloc: [0] 016 017 018 019 020 021 022 023 024 025 026 027 028 029 030 031 
[    0.323455] pcpu-alloc: [0] 032 033 034 035 036 037 038 039 040 041 042 043 044 045 046 047 
[    0.323483] pcpu-alloc: [0] 048 049 050 051 052 053 054 055 056 057 058 059 060 061 062 063 
[    0.323510] pcpu-alloc: [0] 064 065 066 067 068 069 070 071 072 073 074 075 076 077 078 079 
[    0.323537] pcpu-alloc: [0] 080 081 082 083 084 085 086 087 088 089 090 091 092 093 094 095 
[    0.323564] pcpu-alloc: [0] 096 097 098 099 100 101 102 103 104 105 106 107 108 109 110 111 
[    0.323591] pcpu-alloc: [0] 112 113 114 115 116 117 118 119 120 121 122 123 124 125 126 127 
[    0.323619] pcpu-alloc: [0] 128 129 130 131 132 133 134 135 136 137 138 139 140 141 142 143 
[    0.323646] pcpu-alloc: [0] 144 145 146 147 148 149 150 151 152 153 154 155 156 157 158 159 
[    0.323673] pcpu-alloc: [0] 160 161 162 163 164 165 166 167 168 169 170 171 172 173 174 175 
[    0.323700] pcpu-alloc: [0] 176 177 178 179 180 181 182 183 184 185 186 187 188 189 190 191 
[    0.323727] pcpu-alloc: [0] 192 193 194 195 196 197 198 199 200 201 202 203 204 205 206 207 
[    0.323754] pcpu-alloc: [0] 208 209 210 211 212 213 214 215 216 217 218 219 220 221 222 223 
[    0.323781] pcpu-alloc: [0] 224 225 226 227 228 229 230 231 232 233 234 235 236 237 238 239 
[    0.323808] pcpu-alloc: [0] 240 241 242 243 244 245 246 247 248 249 250 251 252 253 254 255 
[    0.324321] SUN4V: Mondo queue sizes [cpu(131072) dev(16384) r(8192) nr(256)]
[    0.324717] Built 1 zonelists, mobility grouping on.  Total pages: 4415672
[    0.324815] Kernel command line: BOOT_IMAGE=/vmlinuz-5.2.0-rc1-00002-g8f3220a80654 root=/dev/vdiska2 ro zswap.enabled=1
[    0.326976] printk: log_buf_len individual max cpu contribution: 4096 bytes
[    0.327073] printk: log_buf_len total cpu_extra contributions: 1044480 bytes
[    0.327144] printk: log_buf_len min size: 131072 bytes
[    0.328564] printk: log_buf_len: 2097152 bytes
[    0.328636] printk: early log buf free: 125880(96%)
[    0.335411] Dentry cache hash table entries: 8388608 (order: 13, 67108864 bytes)
[    0.338989] Inode-cache hash table entries: 4194304 (order: 12, 33554432 bytes)
[    0.339095] Sorting __ex_table...
[    0.419328] Memory: 35102488K/35638608K available (6752K kernel code, 956K rwdata, 2024K rodata, 984K init, 6716K bss, 536120K reserved, 0K cma-reserved)
[    0.420402] kmemleak: Kernel memory leak detector disabled
[    0.421023] ftrace: allocating 19661 entries in 39 pages
[    0.435016] Running RCU self tests
[    0.435092] rcu: Hierarchical RCU implementation.
[    0.435144] rcu: 	RCU event tracing is enabled.
[    0.435195] rcu: 	RCU lockdep checking is enabled.
[    0.435245] 	Tasks RCU enabled.
[    0.436297] rcu: RCU calculated value of scheduler-enlistment delay is 11 jiffies.
[    0.443191] NR_IRQS: 2048, nr_irqs: 2048, preallocated irqs: 1
[    0.443324] SUN4V: Using IRQ API major 3, cookie only virqs enabled
[    0.447732] clocksource: stick: mask: 0xffffffffffffffff max_cycles: 0x1cd42e4dffb, max_idle_ns: 881590591483 ns
[    0.447866] clocksource: mult[800000] shift[23]
[    0.447914] clockevent: mult[80000000] shift[31]
[    0.451815] Console: colour dummy device 80x25
[    0.451906] printk: console [tty0] enabled
[    0.451987] printk: bootconsole [earlyprom0] disabled
[    0.452073] Lock dependency validator: Copyright (c) 2006 Red Hat, Inc., Ingo Molnar
[    0.452121] ... MAX_LOCKDEP_SUBCLASSES:  8
[    0.452150] ... MAX_LOCK_DEPTH:          48
[    0.452180] ... MAX_LOCKDEP_KEYS:        8191
[    0.452210] ... CLASSHASH_SIZE:          4096
[    0.452241] ... MAX_LOCKDEP_ENTRIES:     16384
[    0.452271] ... MAX_LOCKDEP_CHAINS:      32768
[    0.452301] ... CHAINHASH_SIZE:          16384
[    0.452331]  memory used by lock dependency info: 3853 kB
[    0.452365]  per task-struct memory footprint: 1920 bytes
[    0.452576] kmemleak: Early log buffer exceeded (4999), please increase DEBUG_KMEMLEAK_EARLY_LOG_SIZE
[    0.598644] Calibrating delay using timer specific routine.. 2018.19 BogoMIPS (lpj=10090988)
[    0.598711] pid_max: default: 262144 minimum: 2048
[    0.600393] Mount-cache hash table entries: 131072 (order: 7, 1048576 bytes)
[    0.600559] Mountpoint-cache hash table entries: 131072 (order: 7, 1048576 bytes)
[    0.602076] *** VALIDATE proc ***
[    0.602769] *** VALIDATE cgroup1 ***
[    0.602800] *** VALIDATE cgroup2 ***
[    0.605620] rcu: Hierarchical SRCU implementation.
[    0.628774] smp: Bringing up secondary CPUs ...
[    0.711145] smp: Brought up 1 node, 32 CPUs
[    0.718419] devtmpfs: initialized
[    0.724860] Performance events: 
[    0.724918] Testing NMI watchdog ... 
[    0.925048] OK.
[    0.925208] Supported PMU type is 'niagara5'
[    0.925528] random: get_random_u32 called from bucket_table_alloc.isra.4+0x184/0x1c0 with crng_init=0
[    0.926447] ldc.c:v1.1 (July 22, 2008)
[    0.929847] clocksource: jiffies: mask: 0xffffffff max_cycles: 0xffffffff, max_idle_ns: 19112604462750000 ns
[    0.929956] futex hash table entries: 65536 (order: 10, 8388608 bytes)
[    0.939686] NET: Registered protocol family 16
[    0.950467] VIO: Adding device channel-devices (tx_ino = ffffffffffffffff, rx_ino = ffffffffffffffff)
[    0.950808] VIO: Adding device vnet-port-0-0 (tx_ino = 0, rx_ino = 1)
[    0.951030] VIO: Adding device vnet-port-0-1 (tx_ino = 2, rx_ino = 3)
[    0.951224] VIO: Adding device vnet-port-0-2 (tx_ino = 4, rx_ino = 5)
[    0.951435] VIO: Adding device vnet-port-0-3 (tx_ino = 6, rx_ino = 7)
[    0.951632] VIO: Adding device vnet-port-0-4 (tx_ino = 8, rx_ino = 9)
[    0.951828] VIO: Adding device vnet-port-0-5 (tx_ino = 16, rx_ino = 17)
[    0.952033] VIO: Adding device vdc-port-3-0 (tx_ino = a, rx_ino = b)
[    0.952239] VIO: Adding device vdc-port-2-0 (tx_ino = c, rx_ino = d)
[    0.952440] VIO: Adding device vdc-port-1-0 (tx_ino = e, rx_ino = f)
[    0.952639] VIO: Adding device vdc-port-0-0 (tx_ino = 10, rx_ino = 11)
[    0.952845] VIO: Adding device vlds-port-0-0 (tx_ino = 12, rx_ino = 13)
[    0.953077] VIO: Adding device domain-services-port-0 (tx_ino = 12, rx_ino = 13)
[    0.953518] audit: initializing netlink subsys (disabled)
[    0.953943] audit: type=2000 audit(0.500:1): state=initialized audit_enabled=0 res=1
[    1.001239] HugeTLB registered 64.0 KiB page size, pre-allocated 0 pages
[    1.001295] HugeTLB registered 8.00 MiB page size, pre-allocated 0 pages
[    1.001338] HugeTLB registered 256 MiB page size, pre-allocated 0 pages
[    1.001381] HugeTLB registered 2.00 GiB page size, pre-allocated 0 pages
[    1.049489] alg: No test for lzo-rle (lzo-rle-generic)
[    1.050028] alg: No test for lzo-rle (lzo-rle-scomp)
[    1.066480] SUN4V: Reboot data supported (maj=1,min=0).
[    1.066991] ds.c:v1.0 (Jul 11, 2007)
[    1.067420] ds-0: ds_conn_reset() from send_events.isra.3
[    1.068904] clocksource: Switched to clocksource stick
[    1.352552] VFS: Disk quotas dquot_6.6.0
[    1.353070] VFS: Dquot-cache hash table entries: 1024 (order 0, 8192 bytes)
[    1.353709] *** VALIDATE hugetlbfs ***
[    1.372599] NET: Registered protocol family 2
[    1.375274] tcp_listen_portaddr_hash hash table entries: 32768 (order: 8, 2359296 bytes)
[    1.378598] TCP established hash table entries: 524288 (order: 9, 4194304 bytes)
[    1.380746] TCP bind hash table entries: 65536 (order: 9, 4194304 bytes)
[    1.386908] TCP: Hash tables configured (established 524288 bind 65536)
[    1.393855] UDP hash table entries: 32768 (order: 9, 5242880 bytes)
[    1.401164] UDP-Lite hash table entries: 32768 (order: 9, 5242880 bytes)
[    1.415183] NET: Registered protocol family 1
[    1.416276] Trying to unpack rootfs image as initramfs...
[    1.730307] Freeing initrd memory: 10288K
[    1.765551] workingset: timestamp_bits=46 max_order=23 bucket_order=0
[    1.771373] SGI XFS with ACLs, security attributes, debug enabled
[    1.785245] Block layer SCSI generic (bsg) driver version 0.4 loaded (major 252)
[    1.786977] io scheduler mq-deadline registered
[    1.789769] f029b788: ttyS0 at I/O 0x0 (irq = 1, base_baud = 115200) is a SUN4V HCONS
[    1.795469] printk: console [ttyHV0] enabled
[    1.799416] sunvdc.c:v1.2 (November 24, 2014)
[    1.805785] sunvdc: Virtual CDROM vdiskd
[    1.805858] sunvdc: vdiskd: 403160 sectors (196 MB) protocol 1.2
[    1.807381]  vdiskd: vdiskd1 vdiskd2 vdiskd3 vdiskd4 vdiskd5 vdiskd6 vdiskd7
[    1.862859] sunvdc: Virtual Hard disk vdiskc
[    1.862912] sunvdc: vdiskc: 104857600 sectors (51200 MB) protocol 1.2
[    1.914787] sunvdc: Virtual Hard disk vdiskb
[    1.914840] sunvdc: vdiskb: 62914560 sectors (30720 MB) protocol 1.2
[    1.916839]  vdiskb: vdiskb1
[    1.968971] sunvdc: Virtual Hard disk vdiska
[    1.969025] sunvdc: vdiska: 31457280 sectors (15360 MB) protocol 1.2
[    1.970002]  vdiska: vdiska1 vdiska2 vdiska3 vdiska4
[    2.015784] sunvnet: sunvnet 2.0 (February 3, 2017)
[    2.019472] vnet_port vnet-port-0-0 eth0: Sun LDOM vnet 00:14:4f:f8:12:a3
[    2.020098] sunvnet: eth0: PORT ( remote-mac 00:14:4f:fa:f3:f0 switch-port )
[    2.021578] sunvnet: eth0: PORT ( remote-mac 00:14:4f:f8:e5:f3 )
[    2.022934] sunvnet: eth0: PORT ( remote-mac 00:14:4f:f9:b4:97 )
[    2.024391] sunvnet: eth0: PORT ( remote-mac 00:14:4f:f9:8b:83 )
[    2.025744] sunvnet: eth0: PORT ( remote-mac 00:14:4f:f8:3f:1e )
[    2.027141] sunvnet: eth0: PORT ( remote-mac 00:14:4f:f8:fe:47 )
[    2.028937] rtc-sun4v rtc-sun4v: registered as rtc0
[    2.029440] device-mapper: uevent: version 1.0.3
[    2.030724] device-mapper: ioctl: 4.40.0-ioctl (2019-01-18) initialised: dm-devel@redhat.com
[    2.032460] NET: Registered protocol family 17
[    2.043468] zswap: default zpool zbud not available
[    2.043535] zswap: pool creation failed
[    2.094458] Key type big_key registered
[    2.095403] rtc-sun4v rtc-sun4v: setting system clock to 2019-07-13T19:33:29 UTC (1563046409)
[    2.099808] This architecture does not have kernel memory protection.
[    2.099872] Run /init as init process
[    3.026358] crc32c_sparc64: Using sparc64 crc32c opcode optimized CRC32C implementation
[    3.029957] random: fast init done
[    3.498898] raid6: int64x8  gen()  2113 MB/s
[    3.668855] raid6: int64x8  xor()  1549 MB/s
[    3.838853] raid6: int64x4  gen()  3367 MB/s
[    4.008857] raid6: int64x4  xor()  1959 MB/s
[    4.178868] raid6: int64x2  gen()  2960 MB/s
[    4.348860] raid6: int64x2  xor()  1967 MB/s
[    4.518876] raid6: int64x1  gen()  2714 MB/s
[    4.688859] raid6: int64x1  xor()  1604 MB/s
[    4.688912] raid6: using algorithm int64x4 gen() 3367 MB/s
[    4.688951] raid6: .... xor() 1959 MB/s, rmw enabled
[    4.688987] raid6: using intx1 recovery algorithm
[    4.689972] async_tx: api initialized (async)
[    4.690673] xor: automatically using best checksumming function   Niagara   
[    4.902120] EXT4-fs (vdiska2): mounted filesystem with ordered data mode. Opts: (null)
[    5.159082] systemd[1]: Inserted module 'autofs4'
[    5.169751] NET: Registered protocol family 10
[    5.182619] Segment Routing with IPv6
[    5.212527] systemd[1]: systemd 241 running in system mode. (+PAM +AUDIT +SELINUX +IMA +APPARMOR +SMACK +SYSVINIT +UTMP +LIBCRYPTSETUP +GCRYPT +GNUTLS +ACL +XZ +LZ4 -SECCOMP +BLKID +ELFUTILS +KMOD -IDN2 +IDN +PCRE2 default-hierarchy=hybrid)
[    5.213130] systemd[1]: Detected architecture sparc64.
[    5.230928] systemd[1]: Set hostname to <ttip>.
[    5.236469] systemd[1]: Failed to bump fs.file-max, ignoring: Invalid argument
[    5.363037] random: lvmconfig: uninitialized urandom read (4 bytes read)
[    5.649032] systemd[1]: /lib/systemd/system/smbd.service:9: PIDFile= references path below legacy directory /var/run/, updating /var/run/samba/smbd.pid → /run/samba/smbd.pid; please update the unit file accordingly.
[    5.649772] systemd[1]: /lib/systemd/system/nmbd.service:9: PIDFile= references path below legacy directory /var/run/, updating /var/run/samba/nmbd.pid → /run/samba/nmbd.pid; please update the unit file accordingly.
[    5.689275] random: systemd: uninitialized urandom read (16 bytes read)
[    5.697264] random: systemd: uninitialized urandom read (16 bytes read)
[    5.710672] systemd[1]: Created slice system-openvpn\x2dclient.slice.
[    5.712389] systemd[1]: Listening on udev Kernel Socket.
[    5.717425] systemd[1]: Created slice User and Session Slice.
[    5.720459] systemd[1]: Listening on Syslog Socket.
[    5.914172] EXT4-fs (vdiska2): re-mounted. Opts: errors=remount-ro
[    6.152578] systemd-journald[438]: Received request to flush runtime journal from PID 1
[    6.941943] sha1_sparc64: Using sparc64 sha1 opcode optimized SHA-1 implementation
[    6.950019] n2rng v0.3 (Jan 7, 2017)
[    6.950132] n2rng f029b104: Registered RNG HVAPI major 2 minor 0
[    6.950223] n2rng f029b104: Found multi-unit-capable RNG, units: 2
[    6.951200] n2rng f029b104: RNG ready
[    6.980574] sha256_sparc64: Using sparc64 sha256 opcode optimized SHA-256/SHA-224 implementation
[    7.005675] sha512_sparc64: Using sparc64 sha512 opcode optimized SHA-512/SHA-384 implementation
[    7.007232] md5_sparc64: Using sparc64 md5 opcode optimized MD5 implementation
[    7.017807] aes_sparc64: Using sparc64 aes opcodes optimized AES implementation
[    7.090943] des_sparc64: Using sparc64 des opcodes optimized DES implementation
[    7.159055] camellia_sparc64: Using sparc64 camellia opcodes optimized CAMELLIA implementation
[    8.279074] XFS (dm-0): Mounting V5 Filesystem
[    8.297984] XFS (dm-0): Ending clean mount
[   10.471701] Adding 787176k swap on /dev/vdiska4.  Priority:-2 extents:1 across:787176k FS
[   10.597175] EXT4-fs (vdiska1): mounting ext3 file system using the ext4 subsystem
[   10.619907] EXT4-fs (vdiska1): mounted filesystem with ordered data mode. Opts: (null)
[   11.295075] random: crng init done
[   11.295133] random: 7 urandom warning(s) missed due to ratelimiting
