[    0.000018] PROMLIB: Sun IEEE Boot Prom 'OBP 4.38.12 2018/03/28 14:54'
[    0.000030] PROMLIB: Root node compatible: sun4v
[    0.000075] Linux version 5.2.0-rc1-00205-g9395da4efbd4 (mator@ttip) (gcc version 9.3.0 (Debian 9.3.0-11)) #97 SMP Tue Apr 28 16:28:24 MSK 2020
[    0.000377] printk: bootconsole [earlyprom0] enabled
[    0.000428] ARCH: SUN4V
[    0.000476] Ethernet address: 00:14:4f:fa:06:f2
[    0.000527] MM: PAGE_OFFSET is 0xfff8000000000000 (max_phys_bits == 47)
[    0.000591] MM: VMALLOC [0x0000000100000000 --> 0x0006000000000000]
[    0.000652] MM: VMEMMAP [0x0006000000000000 --> 0x000c000000000000]
[    0.012245] Kernel: Using 5 locked TLB entries for main kernel image.
[    0.012315] Remapping the kernel... 
[    0.012340] done.
[    0.045328] OF stdout device is: /virtual-devices@100/console@1
[    0.045394] PROM: Built device tree with 86230 bytes of memory.
[    0.045452] MDESC: Size is 36512 bytes.
[    0.045567] PLATFORM: banner-name [SPARC T5-2]
[    0.045616] PLATFORM: name [ORCL,SPARC-T5-2]
[    0.045663] PLATFORM: hostid [84fa06f2]
[    0.045704] PLATFORM: serial# [0035260e]
[    0.045747] PLATFORM: stick-frequency [3b9aca00]
[    0.045795] PLATFORM: mac-address [144ffa06f2]
[    0.045841] PLATFORM: watchdog-resolution [1000 ms]
[    0.045891] PLATFORM: watchdog-max-timeout [31536000000 ms]
[    0.045945] PLATFORM: max-cpus [1024]
[    0.046034] Top of RAM: 0x24af938000, Total RAM: 0x87f354000
[    0.046097] Memory hole size: 115461MB
[    0.050697] Allocated 40960 bytes for kernel page tables.
[    0.050781] Zone ranges:
[    0.050821]   Normal   [mem 0x0000000030400000-0x00000024af937fff]
[    0.050883] Movable zone start for each node
[    0.050926] Early memory node ranges
[    0.050967]   node   0: [mem 0x0000000030400000-0x000000006fe7ffff]
[    0.051027]   node   0: [mem 0x000000006ff00000-0x000000006ff25fff]
[    0.051088]   node   0: [mem 0x0000000070000000-0x000000042fffffff]
[    0.051149]   node   0: [mem 0x0000002030000000-0x00000024af87ffff]
[    0.051210]   node   0: [mem 0x00000024af900000-0x00000024af925fff]
[    0.051270]   node   0: [mem 0x00000024af930000-0x00000024af937fff]
[    0.058626] Zeroed struct page in unavailable ranges: 230130 pages
[    0.058634] Initmem setup node 0 [mem 0x0000000030400000-0x00000024af937fff]
[    0.058792] On node 0 totalpages: 4454826
[    0.058802]   Normal zone: 39154 pages used for memmap
[    0.058807]   Normal zone: 0 pages reserved
[    0.058812]   Normal zone: 4454826 pages, LIFO batch:31
[    0.066454] Booting Linux...
[    0.066538] CPU CAPS: [flush,stbar,swap,muldiv,v9,blkinit,n2,mul32]
[    0.066618] CPU CAPS: [div32,v8plus,popc,vis,vis2,ASIBlkInit,fmaf,vis3]
[    0.067696] CPU CAPS: [hpc,ima,pause,cbcond,aes,des,kasumi,camellia]
[    0.067769] CPU CAPS: [md5,sha1,sha256,sha512,mpmul,montmul,montsqr,crc32c]
[    0.097298] percpu: Embedded 27 pages/cpu s179080 r8192 d33912 u262144
[    0.097512] pcpu-alloc: s179080 r8192 d33912 u262144 alloc=1*4194304
[    0.097519] pcpu-alloc: [0] 000 001 002 003 004 005 006 007 008 009 010 011 012 013 014 015 
[    0.097546] pcpu-alloc: [0] 016 017 018 019 020 021 022 023 024 025 026 027 028 029 030 031 
[    0.097573] pcpu-alloc: [0] 032 033 034 035 036 037 038 039 040 041 042 043 044 045 046 047 
[    0.097599] pcpu-alloc: [0] 048 049 050 051 052 053 054 055 056 057 058 059 060 061 062 063 
[    0.097626] pcpu-alloc: [0] 064 065 066 067 068 069 070 071 072 073 074 075 076 077 078 079 
[    0.097652] pcpu-alloc: [0] 080 081 082 083 084 085 086 087 088 089 090 091 092 093 094 095 
[    0.097678] pcpu-alloc: [0] 096 097 098 099 100 101 102 103 104 105 106 107 108 109 110 111 
[    0.097705] pcpu-alloc: [0] 112 113 114 115 116 117 118 119 120 121 122 123 124 125 126 127 
[    0.098136] SUN4V: Mondo queue sizes [cpu(131072) dev(16384) r(8192) nr(256)]
[    0.098504] Built 1 zonelists, mobility grouping on.  Total pages: 4415672
[    0.098591] Kernel command line: BOOT_IMAGE=/vmlinux-5.2.0-rc1-00205-g9395da4efbd4 root=/dev/vdiska2 ro zswap.enabled=1
[    0.100844] printk: log_buf_len individual max cpu contribution: 4096 bytes
[    0.100916] printk: log_buf_len total cpu_extra contributions: 520192 bytes
[    0.100983] printk: log_buf_len min size: 131072 bytes
[    0.101255] printk: log_buf_len: 1048576 bytes
[    0.101307] printk: early log buf free: 126648(96%)
[    0.107622] Dentry cache hash table entries: 8388608 (order: 13, 67108864 bytes)
[    0.110851] Inode-cache hash table entries: 4194304 (order: 12, 33554432 bytes)
[    0.110922] Sorting __ex_table...
[    0.168436] Memory: 1305232K/35638608K available (7222K kernel code, 956K rwdata, 2128K rodata, 688K init, 6666K bss, 508096K reserved, 0K cma-reserved)
[    0.169127] SLUB: HWalign=32, Order=0-3, MinObjects=0, CPUs=128, Nodes=1
[    0.169424] ftrace: allocating 20939 entries in 41 pages
[    0.179881] Running RCU self tests
[    0.179927] rcu: Hierarchical RCU implementation.
[    0.179976] rcu: 	RCU event tracing is enabled.
[    0.180026] rcu: 	RCU lockdep checking is enabled.
[    0.180075] 	Tasks RCU enabled.
[    0.180112] rcu: RCU calculated value of scheduler-enlistment delay is 10 jiffies.
[    0.184262] NR_IRQS: 2048, nr_irqs: 2048, preallocated irqs: 1
[    0.184338] SUN4V: Using IRQ API major 3, cookie only virqs enabled
[    0.186747] clocksource: stick: mask: 0xffffffffffffffff max_cycles: 0x1cd42e4dffb, max_idle_ns: 881590591483 ns
[    0.186879] clocksource: mult[800000] shift[23]
[    0.186927] clockevent: mult[80000000] shift[31]
[    0.187454] Console: colour dummy device 80x25
[    0.187516] printk: console [tty0] enabled
[    0.187590] printk: bootconsole [earlyprom0] disabled
[    0.187673] Lock dependency validator: Copyright (c) 2006 Red Hat, Inc., Ingo Molnar
[    0.187720] ... MAX_LOCKDEP_SUBCLASSES:  8
[    0.187749] ... MAX_LOCK_DEPTH:          48
[    0.187778] ... MAX_LOCKDEP_KEYS:        8191
[    0.187808] ... CLASSHASH_SIZE:          4096
[    0.187838] ... MAX_LOCKDEP_ENTRIES:     16384
[    0.187868] ... MAX_LOCKDEP_CHAINS:      32768
[    0.187898] ... CHAINHASH_SIZE:          16384
[    0.187928]  memory used by lock dependency info: 3853 kB
[    0.187963]  per task-struct memory footprint: 1920 bytes
[    0.337140] Calibrating delay using timer specific routine.. 2003.68 BogoMIPS (lpj=10018444)
[    0.337194] pid_max: default: 131072 minimum: 1024
[    0.337438] LSM: Security Framework initializing
[    0.337667] AppArmor: AppArmor initialized
[    0.337936] Mount-cache hash table entries: 131072 (order: 7, 1048576 bytes)
[    0.338095] Mountpoint-cache hash table entries: 131072 (order: 7, 1048576 bytes)
[    0.338877] *** VALIDATE proc ***
[    0.339302] *** VALIDATE cgroup1 ***
[    0.339333] *** VALIDATE cgroup2 ***
[    0.341315] rcu: Hierarchical SRCU implementation.
[    0.348713] smp: Bringing up secondary CPUs ...
[    0.389988] smp: Brought up 1 node, 32 CPUs
[    0.580250] node 0 initialised, 4228160 pages in 190ms
[    0.581711] devtmpfs: initialized
[    0.586191] Performance events: 
[    0.586232] Testing NMI watchdog ... 
[    0.786301] OK.
[    0.786389] Supported PMU type is 'niagara5'
[    0.786569] random: get_random_u32 called from bucket_table_alloc.isra.0+0x188/0x1c0 with crng_init=0
[    0.787161] ldc.c:v1.1 (July 22, 2008)
[    0.789495] clocksource: jiffies: mask: 0xffffffff max_cycles: 0xffffffff, max_idle_ns: 19112604462750000 ns
[    0.789584] futex hash table entries: 32768 (order: 9, 4194304 bytes)
[    0.794565] NET: Registered protocol family 16
[    0.802099] VIO: Adding device channel-devices (tx_ino = ffffffffffffffff, rx_ino = ffffffffffffffff)
[    0.802293] VIO: Adding device vnet-port-0-0 (tx_ino = 0, rx_ino = 1)
[    0.802485] VIO: Adding device vnet-port-0-1 (tx_ino = 2, rx_ino = 3)
[    0.802644] VIO: Adding device vnet-port-0-2 (tx_ino = 4, rx_ino = 5)
[    0.802802] VIO: Adding device vnet-port-0-3 (tx_ino = 6, rx_ino = 7)
[    0.802964] VIO: Adding device vnet-port-0-4 (tx_ino = 8, rx_ino = 9)
[    0.803121] VIO: Adding device vnet-port-0-5 (tx_ino = a, rx_ino = b)
[    0.803277] VIO: Adding device vdc-port-2-0 (tx_ino = c, rx_ino = d)
[    0.803437] VIO: Adding device vdc-port-1-0 (tx_ino = e, rx_ino = f)
[    0.803594] VIO: Adding device vdc-port-0-0 (tx_ino = 10, rx_ino = 11)
[    0.803751] VIO: Adding device vdc-port-3-0 (tx_ino = 12, rx_ino = 13)
[    0.803912] VIO: Adding device vlds-port-0-0 (tx_ino = 14, rx_ino = 15)
[    0.804073] VIO: Adding device domain-services-port-0 (tx_ino = 14, rx_ino = 15)
[    0.804342] audit: initializing netlink subsys (disabled)
[    0.804590] audit: type=2000 audit(0.410:1): state=initialized audit_enabled=0 res=1
[    0.827414] HugeTLB registered 64.0 KiB page size, pre-allocated 0 pages
[    0.827460] HugeTLB registered 8.00 MiB page size, pre-allocated 0 pages
[    0.827504] HugeTLB registered 256 MiB page size, pre-allocated 0 pages
[    0.827547] HugeTLB registered 2.00 GiB page size, pre-allocated 0 pages
[    0.829713] alg: extra crypto tests enabled.  This is intended for developer use only.
[    0.847855] cryptd: max_cpu_qlen set to 1000
[    0.875290] alg: No test for lzo-rle (lzo-rle-generic)
[    0.875702] alg: No test for lzo-rle (lzo-rle-scomp)
[    0.918862] NetLabel: Initializing
[    0.918891] NetLabel:  domain hash size = 128
[    0.918922] NetLabel:  protocols = UNLABELED CIPSOv4 CALIPSO
[    0.919050] NetLabel:  unlabeled traffic allowed by default
[    0.919963] SUN4V: Reboot data supported (maj=1,min=0).
[    0.920315] ds.c:v1.0 (Jul 11, 2007)
[    0.920636] ds-0: ds_conn_reset() from send_events.isra.0
[    0.922064] clocksource: Switched to clocksource stick
[    1.110928] VFS: Disk quotas dquot_6.6.0
[    1.111056] VFS: Dquot-cache hash table entries: 1024 (order 0, 8192 bytes)
[    1.111275] *** VALIDATE hugetlbfs ***
[    1.112882] AppArmor: AppArmor Filesystem Enabled
[    1.125030] NET: Registered protocol family 2
[    1.126431] tcp_listen_portaddr_hash hash table entries: 32768 (order: 8, 2359296 bytes)
[    1.129324] TCP established hash table entries: 524288 (order: 9, 4194304 bytes)
[    1.131277] TCP bind hash table entries: 65536 (order: 9, 4194304 bytes)
[    1.137053] TCP: Hash tables configured (established 524288 bind 65536)
[    1.139414] UDP hash table entries: 32768 (order: 9, 5242880 bytes)
[    1.145672] UDP-Lite hash table entries: 32768 (order: 9, 5242880 bytes)
[    1.153542] NET: Registered protocol family 1
[    1.153603] NET: Registered protocol family 44
[    1.154095] Trying to unpack rootfs image as initramfs...
[    1.346866] Freeing initrd memory: 14688K
[    1.347613] aes_sparc64: Using sparc64 aes opcodes optimized AES implementation
[    1.615068] des_sparc64: Using sparc64 des opcodes optimized DES implementation
[    2.087547] camellia_sparc64: Using sparc64 camellia opcodes optimized CAMELLIA implementation
[    2.266664] workingset: timestamp_bits=46 max_order=23 bucket_order=0
[    2.284261] zbud: loaded
[    2.286396] SGI XFS with ACLs, security attributes, debug enabled
[    2.293453] Block layer SCSI generic (bsg) driver version 0.4 loaded (major 252)
[    2.294209] io scheduler mq-deadline registered
[    2.296766] f029b788: ttyS0 at I/O 0x0 (irq = 1, base_baud = 115200) is a SUN4V HCONS
[    2.303103] printk: console [ttyHV0] enabled
[    2.305457] sunvdc.c:v1.2 (November 24, 2014)
[    2.307069] sunvdc: Virtual Hard disk vdiskc
[    2.307106] sunvdc: vdiskc: 104857600 sectors (51200 MB) protocol 1.2
[    2.325862] sunvdc: Virtual Hard disk vdiskb
[    2.325901] sunvdc: vdiskb: 62914560 sectors (30720 MB) protocol 1.2
[    2.326502]  vdiskb: vdiskb1
[    2.344317] sunvdc: Virtual Hard disk vdiska
[    2.344361] sunvdc: vdiska: 31457280 sectors (15360 MB) protocol 1.2
[    2.345058]  vdiska: vdiska1 vdiska2 vdiska3 vdiska4
[    2.363510] sunvdc: Virtual CDROM vdiskd
[    2.363551] sunvdc: vdiskd: 453848 sectors (221 MB) protocol 1.2
[    2.364166]  vdiskd: vdiskd1 vdiskd2 vdiskd3 vdiskd4 vdiskd5 vdiskd6 vdiskd7
[    2.381974] sunvnet: sunvnet 2.0 (February 3, 2017)
[    2.384084] vnet_port vnet-port-0-0 eth0: Sun LDOM vnet 00:14:4f:f8:12:a3
[    2.384287] sunvnet: eth0: PORT ( remote-mac 00:14:4f:fa:f3:f0 switch-port )
[    2.384619] sunvnet: eth0: PORT ( remote-mac 00:14:4f:f8:e5:f3 )
[    2.384951] sunvnet: eth0: PORT ( remote-mac 00:14:4f:f9:b4:97 )
[    2.385280] sunvnet: eth0: PORT ( remote-mac 00:14:4f:f8:3f:1e )
[    2.385599] sunvnet: eth0: PORT ( remote-mac 00:14:4f:f8:fe:47 )
[    2.385922] sunvnet: eth0: PORT ( remote-mac 00:14:4f:f9:8b:83 )
[    2.387068] rtc-sun4v rtc-sun4v: registered as rtc0
[    2.387565] sun4v_wdt: initialized (timeout=60s, nowayout=0)
[    2.387796] device-mapper: uevent: version 1.0.3
[    2.388478] device-mapper: ioctl: 4.40.0-ioctl (2019-01-18) initialised: dm-devel@redhat.com
[    2.389321] NET: Registered protocol family 17
[    2.390360] registered taskstats version 1
[    2.391115] zswap: loaded using pool lzo/zbud
[    2.568411] Key type big_key registered
[    2.568480] AppArmor: AppArmor sha1 policy hashing enabled
[    2.569247] rtc-sun4v rtc-sun4v: setting system clock to 2020-04-28T13:30:55 UTC (1588080655)
[    2.573179] This architecture does not have kernel memory protection.
[    2.573225] Run /init as init process
[    3.061636] crc32c_sparc64: Using sparc64 crc32c opcode optimized CRC32C implementation
[    3.602056] raid6: int64x8  gen()  2190 MB/s
[    3.772018] raid6: int64x8  xor()  1573 MB/s
[    3.942032] raid6: int64x4  gen()  3466 MB/s
[    4.112041] raid6: int64x4  xor()  2012 MB/s
[    4.282029] raid6: int64x2  gen()  2892 MB/s
[    4.452042] raid6: int64x2  xor()  2001 MB/s
[    4.622048] raid6: int64x1  gen()  2794 MB/s
[    4.792032] raid6: int64x1  xor()  1657 MB/s
[    4.792069] raid6: using algorithm int64x4 gen() 3466 MB/s
[    4.792107] raid6: .... xor() 2012 MB/s, rmw enabled
[    4.792144] raid6: using intx1 recovery algorithm
[    4.792954] async_tx: api initialized (async)
[    4.793499] xor: automatically using best checksumming function   Niagara   
[    4.864134] random: fast init done
[    5.048550] EXT4-fs (vdiska2): mounted filesystem with ordered data mode. Opts: (null)
[    5.260609] systemd[1]: Inserted module 'autofs4'
[    5.269724] NET: Registered protocol family 10
[    5.274440] Segment Routing with IPv6
[    5.290941] systemd[1]: systemd 245.5-2 running in system mode. (+PAM +AUDIT +SELINUX +IMA +APPARMOR +SMACK +SYSVINIT +UTMP +LIBCRYPTSETUP +GCRYPT +GNUTLS +ACL +XZ +LZ4 -SECCOMP +BLKID +ELFUTILS +KMOD +IDN2 -IDN +PCRE2 default-hierarchy=hybrid)
[    5.291547] systemd[1]: Detected architecture sparc64.
[    5.299552] systemd[1]: Set hostname to <ttip>.
[    5.410730] random: lvmconfig: uninitialized urandom read (4 bytes read)
[    5.655410] systemd[1]: /lib/systemd/system/dbus.socket:5: ListenStream= references a path below legacy directory /var/run/, updating /var/run/dbus/system_bus_socket â†’ /run/dbus/system_bus_socket; please update the unit file accordingly.
[    5.720301] random: systemd: uninitialized urandom read (16 bytes read)
[    5.727508] systemd[1]: Created slice system-getty.slice.
[    5.728192] random: systemd: uninitialized urandom read (16 bytes read)
[    5.730703] systemd[1]: Created slice system-modprobe.slice.
[    5.734050] systemd[1]: Created slice system-openvpn\x2dclient.slice.
[    5.738603] systemd[1]: Created slice system-postfix.slice.
[    5.741923] systemd[1]: Created slice system-systemd\x2dfsck.slice.
[    5.745387] systemd[1]: Created slice User and Session Slice.
[    5.746262] systemd[1]: Started Dispatch Password Requests to Console Directory Watch.
[    5.747068] systemd[1]: Started Forward Password Requests to Wall Directory Watch.
[    5.749153] systemd[1]: Set up automount Arbitrary Executable File Formats File System Automount Point.
[    5.749707] systemd[1]: Reached target Local Encrypted Volumes.
[    5.750197] systemd[1]: Reached target Paths.
[    5.750635] systemd[1]: Reached target Remote File Systems.
[    5.751075] systemd[1]: Reached target Slices.
[    5.751951] systemd[1]: Listening on Device-mapper event daemon FIFOs.
[    5.753019] systemd[1]: Listening on LVM2 poll daemon socket.
[    5.755125] systemd[1]: Listening on Syslog Socket.
[    5.756090] systemd[1]: Listening on fsck to fsckd communication Socket.
[    5.756852] systemd[1]: Listening on initctl Compatibility Named Pipe.
[    5.758040] systemd[1]: Listening on Journal Audit Socket.
[    5.759021] systemd[1]: Listening on Journal Socket (/dev/log).
[    5.760164] systemd[1]: Listening on Journal Socket.
[    5.761221] systemd[1]: Listening on udev Control Socket.
[    5.762193] systemd[1]: Listening on udev Kernel Socket.
[    5.770495] systemd[1]: Mounting Huge Pages File System...
[    5.779702] systemd[1]: Mounting POSIX Message Queue File System...
[    5.788161] systemd[1]: Mounting Kernel Debug File System...
[    5.799375] systemd[1]: Mounting Kernel Trace File System...
[    5.807240] systemd[1]: Starting Availability of block devices...
[    5.815178] systemd[1]: Starting Wait for network to be configured by ifupdown...
[    5.824369] systemd[1]: Starting Create list of static device nodes for the current kernel...
[    5.832736] systemd[1]: Starting Monitoring of LVM2 mirrors, snapshots etc. using dmeventd or progress polling...
[    5.841040] systemd[1]: Starting Load Kernel Module drm...
[    5.849176] systemd[1]: Starting nftables...
[    5.850942] systemd[1]: Condition check resulted in Set Up Additional Binary Formats being skipped.
[    5.851169] systemd[1]: Condition check resulted in File System Check on Root Device being skipped.
[    5.863247] systemd[1]: Starting Journal Service...
[    5.875514] systemd[1]: Starting Load Kernel Modules...
[    5.883574] systemd[1]: Starting Remount Root and Kernel File Systems...
[    5.893400] systemd[1]: Starting udev Coldplug all Devices...
[    5.903831] systemd[1]: Mounted Huge Pages File System.
[    5.905998] systemd[1]: Mounted POSIX Message Queue File System.
[    5.907833] systemd[1]: Mounted Kernel Debug File System.
[    5.909683] systemd[1]: Mounted Kernel Trace File System.
[    5.920787] systemd[1]: Finished Availability of block devices.
[    5.929205] systemd[1]: Finished Wait for network to be configured by ifupdown.
[    5.938920] EXT4-fs (vdiska2): re-mounted. Opts: errors=remount-ro
[    5.950756] systemd[1]: Started Journal Service.
[    6.047187] systemd-journald[544]: Received client request to flush runtime journal.
[    6.415427] sha1_sparc64: Using sparc64 sha1 opcode optimized SHA-1 implementation
[    6.417552] n2rng v0.3 (Jan 7, 2017)
[    6.417637] n2rng f029b104: Registered RNG HVAPI major 2 minor 0
[    6.417720] n2rng f029b104: Found multi-unit-capable RNG, units: 2
[    6.418661] n2rng f029b104: RNG ready
[    6.462767] ------------[ cut here ]------------
[    6.462844] WARNING: CPU: 21 PID: 612 at drivers/block/pktcdvd.c:2597 pkt_setup_dev+0x2e4/0x5a0 [pktcdvd]
[    6.462908] Attempt to register a non-SCSI queue
[    6.462944] Modules linked in: pktcdvd cdrom n2_rng sha1_sparc64(+) rng_core flash nf_tables nfnetlink ip_tables x_tables ipv6 crc_ccitt autofs4 ext4 crc16 mbcache jbd2 raid10 raid456 async_raid6_recov async_memcpy async_pq async_xor xor async_tx raid6_pq raid1 raid0 multipath linear md_mod crc32c_sparc64
[    6.463164] CPU: 21 PID: 612 Comm: pktsetup Not tainted 5.2.0-rc1-00205-g9395da4efbd4 #97
[    6.463219] Call Trace:
[    6.463247]  [0000000000468480] __warn+0xc0/0x100
[    6.463283]  [00000000004684f4] warn_slowpath_fmt+0x34/0x60
[    6.463326]  [00000000102f9264] pkt_setup_dev+0x2e4/0x5a0 [pktcdvd]
[    6.463371]  [00000000102fad14] pkt_ctl_ioctl+0x94/0x240 [pktcdvd]
[    6.463417]  [00000000006aca10] do_vfs_ioctl+0x630/0x6e0
[    6.463456]  [00000000006acb08] ksys_ioctl+0x48/0x80
[    6.463493]  [00000000006acb54] sys_ioctl+0x14/0x40
[    6.463532]  [0000000000406294] linux_sparc_syscall+0x34/0x44
[    6.463573] irq event stamp: 3409
[    6.463606] hardirqs last  enabled at (3417): [<00000000004e0f24>] console_unlock+0x644/0x6e0
[    6.463663] hardirqs last disabled at (3424): [<00000000004e09e4>] console_unlock+0x104/0x6e0
[    6.463723] softirqs last  enabled at (3272): [<0000000000b11808>] __do_softirq+0x4a8/0x520
[    6.463783] softirqs last disabled at (3261): [<000000000042d014>] do_softirq_own_stack+0x34/0x60
[    6.463842] ---[ end trace e3c168e8612151e0 ]---
[    6.464693] pktcdvd: setup of pktcdvd device failed
[    6.521500] pktcdvd: setup of pktcdvd device failed
[    6.525851] pktcdvd: setup of pktcdvd device failed
[    6.529991] pktcdvd: setup of pktcdvd device failed
[    6.535093] pktcdvd: setup of pktcdvd device failed
[    6.538473] pktcdvd: setup of pktcdvd device failed
[    6.541639] Adding 787176k swap on /dev/vdiska4.  Priority:-2 extents:1 across:787176k FS
[    6.542843] pktcdvd: setup of pktcdvd device failed
[    6.545738] pktcdvd: setup of pktcdvd device failed
[    6.651672] sha256_sparc64: Using sparc64 sha256 opcode optimized SHA-256/SHA-224 implementation
[    6.678109] EXT4-fs (vdiska1): mounting ext3 file system using the ext4 subsystem
[    6.691346] EXT4-fs (vdiska1): mounted filesystem with ordered data mode. Opts: (null)
[    6.788937] sha512_sparc64: Using sparc64 sha512 opcode optimized SHA-512/SHA-384 implementation
[    6.790425] md5_sparc64: Using sparc64 md5 opcode optimized MD5 implementation
[    6.827064] XFS (dm-0): Mounting V5 Filesystem
[    6.846453] XFS (dm-0): Ending clean mount
[    6.955376] Kernel unaligned access at TPC[84e298] aa_dfa_unpack+0x38/0x5c0
[    6.955553] Kernel unaligned access at TPC[84e2b8] aa_dfa_unpack+0x58/0x5c0
[    6.955664] Kernel unaligned access at TPC[84e380] aa_dfa_unpack+0x120/0x5c0
[    6.955765] Kernel unaligned access at TPC[84e460] aa_dfa_unpack+0x200/0x5c0
[    6.955883] Kernel unaligned access at TPC[84e474] aa_dfa_unpack+0x214/0x5c0
[    6.957156] audit: type=1400 audit(1588080659.880:2): apparmor="STATUS" operation="profile_load" profile="unconfined" name="/usr/sbin/haveged" pid=711 comm="apparmor_parser"
[    6.958195] audit: type=1400 audit(1588080659.880:3): apparmor="STATUS" operation="profile_load" profile="unconfined" name="lsb_release" pid=716 comm="apparmor_parser"
[    6.959568] audit: type=1400 audit(1588080659.880:4): apparmor="STATUS" operation="profile_load" profile="unconfined" name="/usr/sbin/named" pid=715 comm="apparmor_parser"
[    6.961541] audit: type=1400 audit(1588080659.880:5): apparmor="STATUS" operation="profile_load" profile="unconfined" name="/usr/sbin/tcpdump" pid=714 comm="apparmor_parser"
[    6.964227] audit: type=1400 audit(1588080659.890:6): apparmor="STATUS" operation="profile_load" profile="unconfined" name="nvidia_modprobe" pid=712 comm="apparmor_parser"
[    6.964366] audit: type=1400 audit(1588080659.890:7): apparmor="STATUS" operation="profile_load" profile="unconfined" name="nvidia_modprobe//kmod" pid=712 comm="apparmor_parser"
[    6.978977] audit: type=1400 audit(1588080659.900:8): apparmor="STATUS" operation="profile_load" profile="unconfined" name="/usr/bin/man" pid=713 comm="apparmor_parser"
[    6.979113] audit: type=1400 audit(1588080659.900:9): apparmor="STATUS" operation="profile_load" profile="unconfined" name="man_filter" pid=713 comm="apparmor_parser"
[    6.979247] audit: type=1400 audit(1588080659.900:10): apparmor="STATUS" operation="profile_load" profile="unconfined" name="man_groff" pid=713 comm="apparmor_parser"
[    7.457347] random: crng init done
[    7.457403] random: 7 urandom warning(s) missed due to ratelimiting
