[    0.000020] PROMLIB: Sun IEEE Boot Prom 'OBP 4.38.12 2018/03/28 14:54'
[    0.000031] PROMLIB: Root node compatible: sun4v
[    0.000078] Linux version 5.2.0-05719-g7b9afb86b632 (mator@ttip) (gcc version 8.3.0 (Debian 8.3.0-19)) #1100 SMP Wed Jul 17 20:09:27 MSK 2019
[    0.000387] printk: bootconsole [earlyprom0] enabled
[    0.000440] ARCH: SUN4V
[    0.000490] Ethernet address: 00:14:4f:fa:06:f2
[    0.000541] MM: PAGE_OFFSET is 0xfff8000000000000 (max_phys_bits == 47)
[    0.000607] MM: VMALLOC [0x0000000100000000 --> 0x0006000000000000]
[    0.000668] MM: VMEMMAP [0x0006000000000000 --> 0x000c000000000000]
[    0.012592] Kernel: Using 5 locked TLB entries for main kernel image.
[    0.012681] Remapping the kernel... 
[    0.012705] done.
[    0.047863] OF stdout device is: /virtual-devices@100/console@1
[    0.047941] PROM: Built device tree with 86230 bytes of memory.
[    0.048008] MDESC: Size is 36560 bytes.
[    0.048137] PLATFORM: banner-name [SPARC T5-2]
[    0.048188] PLATFORM: name [ORCL,SPARC-T5-2]
[    0.048235] PLATFORM: hostid [84fa06f2]
[    0.048278] PLATFORM: serial# [0035260e]
[    0.048320] PLATFORM: stick-frequency [3b9aca00]
[    0.048369] PLATFORM: mac-address [144ffa06f2]
[    0.048415] PLATFORM: watchdog-resolution [1000 ms]
[    0.048466] PLATFORM: watchdog-max-timeout [31536000000 ms]
[    0.048522] PLATFORM: max-cpus [1024]
[    0.048634] Top of RAM: 0x24af938000, Total RAM: 0x87f354000
[    0.048698] Memory hole size: 115461MB
[    0.053483] Allocated 40960 bytes for kernel page tables.
[    0.053597] Zone ranges:
[    0.053642]   Normal   [mem 0x0000000030400000-0x00000024af937fff]
[    0.053708] Movable zone start for each node
[    0.053754] Early memory node ranges
[    0.053794]   node   0: [mem 0x0000000030400000-0x000000006fe7ffff]
[    0.053856]   node   0: [mem 0x000000006ff00000-0x000000006ff25fff]
[    0.053916]   node   0: [mem 0x0000000070000000-0x000000042fffffff]
[    0.053977]   node   0: [mem 0x0000002030000000-0x00000024af87ffff]
[    0.054038]   node   0: [mem 0x00000024af900000-0x00000024af925fff]
[    0.054097]   node   0: [mem 0x00000024af930000-0x00000024af937fff]
[    0.061484] Zeroed struct page in unavailable ranges: 230130 pages
[    0.061491] Initmem setup node 0 [mem 0x0000000030400000-0x00000024af937fff]
[    0.061648] On node 0 totalpages: 4454826
[    0.061657]   Normal zone: 39154 pages used for memmap
[    0.061663]   Normal zone: 0 pages reserved
[    0.061668]   Normal zone: 4454826 pages, LIFO batch:31
[    0.259134] Booting Linux...
[    0.259218] CPU CAPS: [flush,stbar,swap,muldiv,v9,blkinit,n2,mul32]
[    0.259299] CPU CAPS: [div32,v8plus,popc,vis,vis2,ASIBlkInit,fmaf,vis3]
[    0.259375] CPU CAPS: [hpc,ima,pause,cbcond,aes,des,kasumi,camellia]
[    0.260456] CPU CAPS: [md5,sha1,sha256,sha512,mpmul,montmul,montsqr,crc32c]
[    0.321169] percpu: Embedded 27 pages/cpu s180680 r8192 d32312 u262144
[    0.321431] pcpu-alloc: s180680 r8192 d32312 u262144 alloc=1*4194304
[    0.321438] pcpu-alloc: [0] 000 001 002 003 004 005 006 007 008 009 010 011 012 013 014 015 
[    0.321464] pcpu-alloc: [0] 016 017 018 019 020 021 022 023 024 025 026 027 028 029 030 031 
[    0.321490] pcpu-alloc: [0] 032 033 034 035 036 037 038 039 040 041 042 043 044 045 046 047 
[    0.321516] pcpu-alloc: [0] 048 049 050 051 052 053 054 055 056 057 058 059 060 061 062 063 
[    0.321542] pcpu-alloc: [0] 064 065 066 067 068 069 070 071 072 073 074 075 076 077 078 079 
[    0.321567] pcpu-alloc: [0] 080 081 082 083 084 085 086 087 088 089 090 091 092 093 094 095 
[    0.321593] pcpu-alloc: [0] 096 097 098 099 100 101 102 103 104 105 106 107 108 109 110 111 
[    0.321619] pcpu-alloc: [0] 112 113 114 115 116 117 118 119 120 121 122 123 124 125 126 127 
[    0.321645] pcpu-alloc: [0] 128 129 130 131 132 133 134 135 136 137 138 139 140 141 142 143 
[    0.321671] pcpu-alloc: [0] 144 145 146 147 148 149 150 151 152 153 154 155 156 157 158 159 
[    0.321697] pcpu-alloc: [0] 160 161 162 163 164 165 166 167 168 169 170 171 172 173 174 175 
[    0.321722] pcpu-alloc: [0] 176 177 178 179 180 181 182 183 184 185 186 187 188 189 190 191 
[    0.321748] pcpu-alloc: [0] 192 193 194 195 196 197 198 199 200 201 202 203 204 205 206 207 
[    0.321774] pcpu-alloc: [0] 208 209 210 211 212 213 214 215 216 217 218 219 220 221 222 223 
[    0.321800] pcpu-alloc: [0] 224 225 226 227 228 229 230 231 232 233 234 235 236 237 238 239 
[    0.321826] pcpu-alloc: [0] 240 241 242 243 244 245 246 247 248 249 250 251 252 253 254 255 
[    0.322350] SUN4V: Mondo queue sizes [cpu(131072) dev(16384) r(8192) nr(256)]
[    0.322730] Built 1 zonelists, mobility grouping on.  Total pages: 4415672
[    0.322827] Kernel command line: BOOT_IMAGE=/vmlinux-5.2.0-05719-g7b9afb86b632 root=/dev/vdiska2 ro zswap.enabled=1
[    0.325132] printk: log_buf_len individual max cpu contribution: 4096 bytes
[    0.325227] printk: log_buf_len total cpu_extra contributions: 1044480 bytes
[    0.325295] printk: log_buf_len min size: 131072 bytes
[    0.326698] printk: log_buf_len: 2097152 bytes
[    0.326762] printk: early log buf free: 125888(96%)
[    0.333471] Dentry cache hash table entries: 8388608 (order: 13, 67108864 bytes)
[    0.336870] Inode-cache hash table entries: 4194304 (order: 12, 33554432 bytes)
[    0.336975] Sorting __ex_table...
[    0.416047] Memory: 35102232K/35638608K available (6845K kernel code, 962K rwdata, 2048K rodata, 992K init, 6716K bss, 536376K reserved, 0K cma-reserved)
[    0.417082] kmemleak: Kernel memory leak detector disabled
[    0.417682] ftrace: allocating 19816 entries in 39 pages
[    0.431881] Running RCU self tests
[    0.431956] rcu: Hierarchical RCU implementation.
[    0.432008] rcu: 	RCU event tracing is enabled.
[    0.432060] rcu: 	RCU lockdep checking is enabled.
[    0.432110] 	Tasks RCU enabled.
[    0.433180] rcu: RCU calculated value of scheduler-enlistment delay is 11 jiffies.
[    0.440385] NR_IRQS: 2048, nr_irqs: 2048, preallocated irqs: 1
[    0.440514] SUN4V: Using IRQ API major 3, cookie only virqs enabled
[    0.444986] clocksource: stick: mask: 0xffffffffffffffff max_cycles: 0x1cd42e4dffb, max_idle_ns: 881590591483 ns
[    0.445121] clocksource: mult[800000] shift[23]
[    0.445170] clockevent: mult[80000000] shift[31]
[    0.449259] Console: colour dummy device 80x25
[    0.449350] printk: console [tty0] enabled
[    0.449435] printk: bootconsole [earlyprom0] disabled
[    0.449522] Lock dependency validator: Copyright (c) 2006 Red Hat, Inc., Ingo Molnar
[    0.449571] ... MAX_LOCKDEP_SUBCLASSES:  8
[    0.449601] ... MAX_LOCK_DEPTH:          48
[    0.449631] ... MAX_LOCKDEP_KEYS:        8192
[    0.449662] ... CLASSHASH_SIZE:          4096
[    0.449693] ... MAX_LOCKDEP_ENTRIES:     16384
[    0.449724] ... MAX_LOCKDEP_CHAINS:      32768
[    0.449756] ... CHAINHASH_SIZE:          16384
[    0.449787]  memory used by lock dependency info: 3855 kB
[    0.449823]  per task-struct memory footprint: 1920 bytes
[    0.450032] kmemleak: Early log buffer exceeded (5008), please increase DEBUG_KMEMLEAK_EARLY_LOG_SIZE
[    0.595879] Calibrating delay using timer specific routine.. 2017.61 BogoMIPS (lpj=10088071)
[    0.595948] pid_max: default: 262144 minimum: 2048
[    0.597663] Mount-cache hash table entries: 131072 (order: 7, 1048576 bytes)
[    0.597829] Mountpoint-cache hash table entries: 131072 (order: 7, 1048576 bytes)
[    0.599336] *** VALIDATE proc ***
[    0.600133] *** VALIDATE cgroup1 ***
[    0.600165] *** VALIDATE cgroup2 ***
[    0.602954] rcu: Hierarchical SRCU implementation.
[    0.626014] smp: Bringing up secondary CPUs ...
[    0.712726] smp: Brought up 1 node, 32 CPUs
[    0.719987] devtmpfs: initialized
[    0.726406] Performance events: 
[    0.726462] Testing NMI watchdog ... 
[    0.926590] OK.
[    0.926763] Supported PMU type is 'niagara5'
[    0.927082] random: get_random_u32 called from bucket_table_alloc.isra.4+0x184/0x1c0 with crng_init=0
[    0.928034] ldc.c:v1.1 (July 22, 2008)
[    0.931175] clocksource: jiffies: mask: 0xffffffff max_cycles: 0xffffffff, max_idle_ns: 19112604462750000 ns
[    0.931285] futex hash table entries: 65536 (order: 10, 8388608 bytes)
[    0.940794] NET: Registered protocol family 16
[    0.950802] VIO: Adding device channel-devices (tx_ino = ffffffffffffffff, rx_ino = ffffffffffffffff)
[    0.951081] VIO: Adding device vnet-port-0-0 (tx_ino = 0, rx_ino = 1)
[    0.951301] VIO: Adding device vnet-port-0-1 (tx_ino = 2, rx_ino = 3)
[    0.951490] VIO: Adding device vnet-port-0-2 (tx_ino = 4, rx_ino = 5)
[    0.951682] VIO: Adding device vnet-port-0-3 (tx_ino = 6, rx_ino = 7)
[    0.951873] VIO: Adding device vnet-port-0-4 (tx_ino = 8, rx_ino = 9)
[    0.952057] VIO: Adding device vnet-port-0-5 (tx_ino = 16, rx_ino = 17)
[    0.952251] VIO: Adding device vdc-port-3-0 (tx_ino = a, rx_ino = b)
[    0.952438] VIO: Adding device vdc-port-2-0 (tx_ino = c, rx_ino = d)
[    0.952630] VIO: Adding device vdc-port-1-0 (tx_ino = e, rx_ino = f)
[    0.952816] VIO: Adding device vdc-port-0-0 (tx_ino = 10, rx_ino = 11)
[    0.953013] VIO: Adding device vlds-port-0-0 (tx_ino = 12, rx_ino = 13)
[    0.953219] VIO: Adding device domain-services-port-0 (tx_ino = 12, rx_ino = 13)
[    0.953652] audit: initializing netlink subsys (disabled)
[    0.954064] audit: type=2000 audit(0.500:1): state=initialized audit_enabled=0 res=1
[    0.999607] HugeTLB registered 64.0 KiB page size, pre-allocated 0 pages
[    0.999662] HugeTLB registered 8.00 MiB page size, pre-allocated 0 pages
[    0.999707] HugeTLB registered 256 MiB page size, pre-allocated 0 pages
[    0.999752] HugeTLB registered 2.00 GiB page size, pre-allocated 0 pages
[    1.048738] alg: No test for lzo-rle (lzo-rle-generic)
[    1.049377] alg: No test for lzo-rle (lzo-rle-scomp)
[    1.068193] SUN4V: Reboot data supported (maj=1,min=0).
[    1.068675] ds.c:v1.0 (Jul 11, 2007)
[    1.069110] ds-0: ds_conn_reset() from send_events.isra.3
[    1.070570] clocksource: Switched to clocksource stick
[    1.357929] VFS: Disk quotas dquot_6.6.0
[    1.358447] VFS: Dquot-cache hash table entries: 1024 (order 0, 8192 bytes)
[    1.359102] *** VALIDATE hugetlbfs ***
[    1.378290] NET: Registered protocol family 2
[    1.380853] tcp_listen_portaddr_hash hash table entries: 32768 (order: 8, 2359296 bytes)
[    1.384263] TCP established hash table entries: 524288 (order: 9, 4194304 bytes)
[    1.386345] TCP bind hash table entries: 65536 (order: 9, 4194304 bytes)
[    1.392612] TCP: Hash tables configured (established 524288 bind 65536)
[    1.399089] UDP hash table entries: 32768 (order: 9, 5242880 bytes)
[    1.406372] UDP-Lite hash table entries: 32768 (order: 9, 5242880 bytes)
[    1.420110] NET: Registered protocol family 1
[    1.421295] Trying to unpack rootfs image as initramfs...
[    1.758115] Freeing initrd memory: 10416K
[    1.793704] workingset: timestamp_bits=46 max_order=23 bucket_order=0
[    1.799346] SGI XFS with ACLs, security attributes, debug enabled
[    1.830027] Block layer SCSI generic (bsg) driver version 0.4 loaded (major 252)
[    1.831990] io scheduler mq-deadline registered
[    1.834276] f029b788: ttyS0 at I/O 0x0 (irq = 1, base_baud = 115200) is a SUN4V HCONS
[    1.840875] printk: console [ttyHV0] enabled
[    1.846311] sunvdc.c:v1.2 (November 24, 2014)
[    1.854233] sunvdc: Virtual CDROM vdiskd
[    1.854306] sunvdc: vdiskd: 403160 sectors (196 MB) protocol 1.2
[    1.856020]  vdiskd: vdiskd1 vdiskd2 vdiskd3 vdiskd4 vdiskd5 vdiskd6 vdiskd7
[    1.914594] sunvdc: Virtual Hard disk vdiskc
[    1.914650] sunvdc: vdiskc: 104857600 sectors (51200 MB) protocol 1.2
[    1.969042] sunvdc: Virtual Hard disk vdiskb
[    1.969098] sunvdc: vdiskb: 62914560 sectors (30720 MB) protocol 1.2
[    1.971062]  vdiskb: vdiskb1
[    2.024898] sunvdc: Virtual Hard disk vdiska
[    2.024953] sunvdc: vdiska: 31457280 sectors (15360 MB) protocol 1.2
[    2.025947]  vdiska: vdiska1 vdiska2 vdiska3 vdiska4
[    2.075315] sunvnet: sunvnet 2.0 (February 3, 2017)
[    2.079056] vnet_port vnet-port-0-0 eth0: Sun LDOM vnet 00:14:4f:f8:12:a3
[    2.079716] sunvnet: eth0: PORT ( remote-mac 00:14:4f:fa:f3:f0 switch-port )
[    2.081189] sunvnet: eth0: PORT ( remote-mac 00:14:4f:f8:e5:f3 )
[    2.082600] sunvnet: eth0: PORT ( remote-mac 00:14:4f:f9:b4:97 )
[    2.084021] sunvnet: eth0: PORT ( remote-mac 00:14:4f:f9:8b:83 )
[    2.085430] sunvnet: eth0: PORT ( remote-mac 00:14:4f:f8:3f:1e )
[    2.086856] sunvnet: eth0: PORT ( remote-mac 00:14:4f:f8:fe:47 )
[    2.088688] rtc-sun4v rtc-sun4v: registered as rtc0
[    2.089199] device-mapper: uevent: version 1.0.3
[    2.090583] device-mapper: ioctl: 4.40.0-ioctl (2019-01-18) initialised: dm-devel@redhat.com
[    2.092373] NET: Registered protocol family 17
[    2.103808] zswap: default zpool zbud not available
[    2.103899] zswap: pool creation failed
[    2.155450] Key type big_key registered
[    2.156382] rtc-sun4v rtc-sun4v: setting system clock to 2019-07-17T17:11:07 UTC (1563383467)
[    2.160850] This architecture does not have kernel memory protection.
[    2.160916] Run /init as init process
[    3.135588] crc32c_sparc64: Using sparc64 crc32c opcode optimized CRC32C implementation
[    3.740610] raid6: int64x8  gen()  2071 MB/s
[    3.910581] raid6: int64x8  xor()  1535 MB/s
[    4.080567] raid6: int64x4  gen()  3246 MB/s
[    4.250550] raid6: int64x4  xor()  1918 MB/s
[    4.420577] raid6: int64x2  gen()  2731 MB/s
[    4.590568] raid6: int64x2  xor()  1951 MB/s
[    4.760573] raid6: int64x1  gen()  2617 MB/s
[    4.930554] raid6: int64x1  xor()  1574 MB/s
[    4.930605] raid6: using algorithm int64x4 gen() 3246 MB/s
[    4.930645] raid6: .... xor() 1918 MB/s, rmw enabled
[    4.930683] raid6: using intx1 recovery algorithm
[    4.931662] async_tx: api initialized (async)
[    4.932293] xor: automatically using best checksumming function   Niagara   
[    5.068945] random: fast init done
[    5.152160] EXT4-fs (vdiska2): mounted filesystem with ordered data mode. Opts: (null)
[    5.415707] systemd[1]: Inserted module 'autofs4'
[    5.430699] NET: Registered protocol family 10
[    5.443637] Segment Routing with IPv6
[    5.476995] systemd[1]: systemd 241 running in system mode. (+PAM +AUDIT +SELINUX +IMA +APPARMOR +SMACK +SYSVINIT +UTMP +LIBCRYPTSETUP +GCRYPT +GNUTLS +ACL +XZ +LZ4 -SECCOMP +BLKID +ELFUTILS +KMOD -IDN2 +IDN +PCRE2 default-hierarchy=hybrid)
[    5.477672] systemd[1]: Detected architecture sparc64.
[    5.498475] systemd[1]: Set hostname to <ttip>.
[    5.504321] systemd[1]: Failed to bump fs.file-max, ignoring: Invalid argument
[    5.618933] random: lvmconfig: uninitialized urandom read (4 bytes read)
[    5.906026] systemd[1]: /lib/systemd/system/smbd.service:9: PIDFile= references path below legacy directory /var/run/, updating /var/run/samba/smbd.pid → /run/samba/smbd.pid; please update the unit file accordingly.
[    5.906717] systemd[1]: /lib/systemd/system/nmbd.service:9: PIDFile= references path below legacy directory /var/run/, updating /var/run/samba/nmbd.pid → /run/samba/nmbd.pid; please update the unit file accordingly.
[    5.944759] random: systemd: uninitialized urandom read (16 bytes read)
[    5.952052] random: systemd: uninitialized urandom read (16 bytes read)
[    5.969490] systemd[1]: Created slice system-postfix.slice.
[    5.971702] systemd[1]: Listening on udev Control Socket.
[    5.973109] systemd[1]: Listening on Journal Audit Socket.
[    5.974454] systemd[1]: Listening on Journal Socket (/dev/log).
[    6.227194] EXT4-fs (vdiska2): re-mounted. Opts: errors=remount-ro
[    6.375146] systemd-journald[447]: Received request to flush runtime journal from PID 1
[    7.184214] sha1_sparc64: Using sparc64 sha1 opcode optimized SHA-1 implementation
[    7.216822] n2rng v0.3 (Jan 7, 2017)
[    7.216934] n2rng f029b104: Registered RNG HVAPI major 2 minor 0
[    7.217026] n2rng f029b104: Found multi-unit-capable RNG, units: 2
[    7.218311] n2rng f029b104: RNG ready
[    7.221599] sha256_sparc64: Using sparc64 sha256 opcode optimized SHA-256/SHA-224 implementation
[    7.249029] sha512_sparc64: Using sparc64 sha512 opcode optimized SHA-512/SHA-384 implementation
[    7.251080] md5_sparc64: Using sparc64 md5 opcode optimized MD5 implementation
[    7.262954] aes_sparc64: Using sparc64 aes opcodes optimized AES implementation
[    7.328544] des_sparc64: Using sparc64 des opcodes optimized DES implementation
[    7.388975] camellia_sparc64: Using sparc64 camellia opcodes optimized CAMELLIA implementation
[    8.556845] XFS (dm-0): Mounting V5 Filesystem
[    8.577199] XFS (dm-0): Ending clean mount
[   10.540686] Adding 787176k swap on /dev/vdiska4.  Priority:-2 extents:1 across:787176k FS
[   10.634567] EXT4-fs (vdiska1): mounting ext3 file system using the ext4 subsystem
[   10.653144] EXT4-fs (vdiska1): mounted filesystem with ordered data mode. Opts: (null)
[   11.385194] random: crng init done
[   11.385257] random: 7 urandom warning(s) missed due to ratelimiting
