[    0.000018] PROMLIB: Sun IEEE Boot Prom 'OBP 4.38.12 2018/03/28 14:54'
[    0.000030] PROMLIB: Root node compatible: sun4v
[    0.000078] Linux version 5.0.0-rc2-00141-g47bfa6d9dc8c (mator@ttip) (gcc version 8.2.0 (Debian 8.2.0-14)) #877 SMP Wed Jan 16 12:36:58 MSK 2019
[    0.000391] printk: bootconsole [earlyprom0] enabled
[    0.000444] ARCH: SUN4V
[    0.000494] Ethernet address: 00:14:4f:fa:06:f2
[    0.000547] MM: PAGE_OFFSET is 0xfff8000000000000 (max_phys_bits == 47)
[    0.000613] MM: VMALLOC [0x0000000100000000 --> 0x0006000000000000]
[    0.000675] MM: VMEMMAP [0x0006000000000000 --> 0x000c000000000000]
[    0.012139] Kernel: Using 5 locked TLB entries for main kernel image.
[    0.012225] Remapping the kernel... 
[    0.012248] done.
[    0.041265] OF stdout device is: /virtual-devices@100/console@1
[    0.041344] PROM: Built device tree with 72847 bytes of memory.
[    0.041414] MDESC: Size is 30768 bytes.
[    0.041529] PLATFORM: banner-name [SPARC T5-2]
[    0.041580] PLATFORM: name [ORCL,SPARC-T5-2]
[    0.041626] PLATFORM: hostid [84fa06f2]
[    0.041668] PLATFORM: serial# [0035260e]
[    0.041713] PLATFORM: stick-frequency [3b9aca00]
[    0.041762] PLATFORM: mac-address [144ffa06f2]
[    0.041810] PLATFORM: watchdog-resolution [1000 ms]
[    0.041861] PLATFORM: watchdog-max-timeout [31536000000 ms]
[    0.041918] PLATFORM: max-cpus [1024]
[    0.042023] Top of RAM: 0x24af948000, Total RAM: 0x87f386000
[    0.042085] Memory hole size: 115461MB
[    0.046361] Allocated 40960 bytes for kernel page tables.
[    0.046478] Zone ranges:
[    0.046522]   Normal   [mem 0x0000000030400000-0x00000024af947fff]
[    0.046589] Movable zone start for each node
[    0.046634] Early memory node ranges
[    0.046677]   node   0: [mem 0x0000000030400000-0x000000006febffff]
[    0.046738]   node   0: [mem 0x000000006ff40000-0x000000006ff47fff]
[    0.046799]   node   0: [mem 0x0000000070000000-0x000000042fffffff]
[    0.046860]   node   0: [mem 0x0000002030000000-0x00000024af8b5fff]
[    0.046921]   node   0: [mem 0x00000024af940000-0x00000024af947fff]
[    0.054317] Zeroed struct page in unavailable ranges: 230113 pages
[    0.054326] Initmem setup node 0 [mem 0x0000000030400000-0x00000024af947fff]
[    0.054484] On node 0 totalpages: 4454851
[    0.054493]   Normal zone: 39154 pages used for memmap
[    0.054499]   Normal zone: 0 pages reserved
[    0.054504]   Normal zone: 4454851 pages, LIFO batch:31
[    0.255200] Booting Linux...
[    0.255286] CPU CAPS: [flush,stbar,swap,muldiv,v9,blkinit,n2,mul32]
[    0.255369] CPU CAPS: [div32,v8plus,popc,vis,vis2,ASIBlkInit,fmaf,vis3]
[    0.256449] CPU CAPS: [hpc,ima,pause,cbcond,aes,des,kasumi,camellia]
[    0.256524] CPU CAPS: [md5,sha1,sha256,sha512,mpmul,montmul,montsqr,crc32c]
[    0.307890] percpu: Embedded 20 pages/cpu @(____ptrval____) s121928 r8192 d33720 u262144
[    0.308158] pcpu-alloc: s121928 r8192 d33720 u262144 alloc=1*4194304
[    0.308165] pcpu-alloc: [0] 000 001 002 003 004 005 006 007 008 009 010 011 012 013 014 015 
[    0.308194] pcpu-alloc: [0] 016 017 018 019 020 021 022 023 024 025 026 027 028 029 030 031 
[    0.308222] pcpu-alloc: [0] 032 033 034 035 036 037 038 039 040 041 042 043 044 045 046 047 
[    0.308251] pcpu-alloc: [0] 048 049 050 051 052 053 054 055 056 057 058 059 060 061 062 063 
[    0.308279] pcpu-alloc: [0] 064 065 066 067 068 069 070 071 072 073 074 075 076 077 078 079 
[    0.308307] pcpu-alloc: [0] 080 081 082 083 084 085 086 087 088 089 090 091 092 093 094 095 
[    0.308335] pcpu-alloc: [0] 096 097 098 099 100 101 102 103 104 105 106 107 108 109 110 111 
[    0.308364] pcpu-alloc: [0] 112 113 114 115 116 117 118 119 120 121 122 123 124 125 126 127 
[    0.308392] pcpu-alloc: [0] 128 129 130 131 132 133 134 135 136 137 138 139 140 141 142 143 
[    0.308421] pcpu-alloc: [0] 144 145 146 147 148 149 150 151 152 153 154 155 156 157 158 159 
[    0.308449] pcpu-alloc: [0] 160 161 162 163 164 165 166 167 168 169 170 171 172 173 174 175 
[    0.308477] pcpu-alloc: [0] 176 177 178 179 180 181 182 183 184 185 186 187 188 189 190 191 
[    0.308506] pcpu-alloc: [0] 192 193 194 195 196 197 198 199 200 201 202 203 204 205 206 207 
[    0.308534] pcpu-alloc: [0] 208 209 210 211 212 213 214 215 216 217 218 219 220 221 222 223 
[    0.308563] pcpu-alloc: [0] 224 225 226 227 228 229 230 231 232 233 234 235 236 237 238 239 
[    0.308591] pcpu-alloc: [0] 240 241 242 243 244 245 246 247 248 249 250 251 252 253 254 255 
[    0.309042] SUN4V: Mondo queue sizes [cpu(131072) dev(16384) r(8192) nr(256)]
[    0.309343] Built 1 zonelists, mobility grouping on.  Total pages: 4415697
[    0.309434] Kernel command line: BOOT_IMAGE=/vmlinuz-5.0.0-rc2-00141-g47bfa6d9dc8c root=/dev/vdiska2 ro zswap.enabled=1 elevator=deadline
[    0.311791] printk: log_buf_len individual max cpu contribution: 4096 bytes
[    0.311879] printk: log_buf_len total cpu_extra contributions: 1044480 bytes
[    0.311948] printk: log_buf_len min size: 131072 bytes
[    0.312324] printk: log_buf_len: 2097152 bytes
[    0.312376] printk: early log buf free: 125920(96%)
[    0.318745] Dentry cache hash table entries: 8388608 (order: 13, 67108864 bytes)
[    0.322041] Inode-cache hash table entries: 4194304 (order: 12, 33554432 bytes)
[    0.322129] Sorting __ex_table...
[    0.405674] Memory: 35118488K/35638808K available (6089K kernel code, 827K rwdata, 1760K rodata, 880K init, 7992K bss, 520320K reserved, 0K cma-reserved)
[    0.406036] kmemleak: Kernel memory leak detector disabled
[    0.407376] ftrace: allocating 18541 entries in 37 pages
[    0.421225] Running RCU self tests
[    0.421300] rcu: Hierarchical RCU implementation.
[    0.421354] rcu: 	RCU event tracing is enabled.
[    0.421405] rcu: 	RCU lockdep checking is enabled.
[    0.422468] rcu: RCU calculated value of scheduler-enlistment delay is 11 jiffies.
[    0.427987] NR_IRQS: 2048, nr_irqs: 2048, preallocated irqs: 1
[    0.428117] SUN4V: Using IRQ API major 3, cookie only virqs enabled
[    0.432239] clocksource: stick: mask: 0xffffffffffffffff max_cycles: 0x1cd42e4dffb, max_idle_ns: 881590591483 ns
[    0.432370] clocksource: mult[800000] shift[23]
[    0.432419] clockevent: mult[80000000] shift[31]
[    0.436374] Console: colour dummy device 80x25
[    0.436461] printk: console [tty0] enabled
[    0.436539] printk: bootconsole [earlyprom0] disabled
[    0.436623] Lock dependency validator: Copyright (c) 2006 Red Hat, Inc., Ingo Molnar
[    0.436669] ... MAX_LOCKDEP_SUBCLASSES:  8
[    0.436697] ... MAX_LOCK_DEPTH:          48
[    0.436727] ... MAX_LOCKDEP_KEYS:        8191
[    0.436756] ... CLASSHASH_SIZE:          4096
[    0.436786] ... MAX_LOCKDEP_ENTRIES:     16384
[    0.436815] ... MAX_LOCKDEP_CHAINS:      32768
[    0.436846] ... CHAINHASH_SIZE:          16384
[    0.436875]  memory used by lock dependency info: 4959 kB
[    0.436910]  per task-struct memory footprint: 1920 bytes
[    0.437089] kmemleak: Early log buffer exceeded (36559), please increase DEBUG_KMEMLEAK_EARLY_LOG_SIZE
[    0.583109] Calibrating delay using timer specific routine.. 2017.09 BogoMIPS (lpj=10085463)
[    0.583175] pid_max: default: 262144 minimum: 2048
[    0.584298] LSM: Security Framework initializing
[    0.584339] AppArmor: AppArmor disabled by boot time parameter
[    0.585019] Mount-cache hash table entries: 131072 (order: 7, 1048576 bytes)
[    0.585182] Mountpoint-cache hash table entries: 131072 (order: 7, 1048576 bytes)
[    0.590124] rcu: Hierarchical SRCU implementation.
[    0.613516] smp: Bringing up secondary CPUs ...
[    0.677488] smp: Brought up 1 node, 24 CPUs
[    0.681855] devtmpfs: initialized
[    0.687662] Performance events: 
[    0.687711] Testing NMI watchdog ... 
[    0.887831] OK.
[    0.887998] Supported PMU type is 'niagara5'
[    0.888333] random: get_random_u32 called from bucket_table_alloc.isra.4+0x140/0x1c0 with crng_init=0
[    0.889206] ldc.c:v1.1 (July 22, 2008)
[    0.892027] clocksource: jiffies: mask: 0xffffffff max_cycles: 0xffffffff, max_idle_ns: 19112604462750000 ns
[    0.892129] futex hash table entries: 65536 (order: 10, 8388608 bytes)
[    0.901947] NET: Registered protocol family 16
[    0.911553] VIO: Adding device channel-devices (tx_ino = ffffffffffffffff, rx_ino = ffffffffffffffff)
[    0.911825] VIO: Adding device vnet-port-0-0 (tx_ino = 0, rx_ino = 1)
[    0.912059] VIO: Adding device vnet-port-0-1 (tx_ino = 2, rx_ino = 3)
[    0.912265] VIO: Adding device vnet-port-0-2 (tx_ino = 4, rx_ino = 5)
[    0.912462] VIO: Adding device vnet-port-0-3 (tx_ino = 6, rx_ino = 7)
[    0.912668] VIO: Adding device vnet-port-0-4 (tx_ino = 8, rx_ino = 9)
[    0.912867] VIO: Adding device vdc-port-3-0 (tx_ino = a, rx_ino = b)
[    0.913069] VIO: Adding device vdc-port-2-0 (tx_ino = c, rx_ino = d)
[    0.913276] VIO: Adding device vdc-port-1-0 (tx_ino = e, rx_ino = f)
[    0.913476] VIO: Adding device vdc-port-0-0 (tx_ino = 10, rx_ino = 11)
[    0.913684] VIO: Adding device vlds-port-0-0 (tx_ino = 12, rx_ino = 13)
[    0.913893] VIO: Adding device domain-services-port-0 (tx_ino = 12, rx_ino = 13)
[    0.914327] audit: initializing netlink subsys (disabled)
[    0.914736] audit: type=2000 audit(0.470:1): state=initialized audit_enabled=0 res=1
[    0.962119] HugeTLB registered 64.0 KiB page size, pre-allocated 0 pages
[    0.962174] HugeTLB registered 8.00 MiB page size, pre-allocated 0 pages
[    0.962217] HugeTLB registered 256 MiB page size, pre-allocated 0 pages
[    0.962260] HugeTLB registered 2.00 GiB page size, pre-allocated 0 pages
[    0.974773] SUN4V: Reboot data supported (maj=1,min=0).
[    0.975257] ds.c:v1.0 (Jul 11, 2007)
[    0.975685] ds-0: ds_conn_reset() from send_events.isra.3
[    0.977167] clocksource: Switched to clocksource stick
[    1.164020] VFS: Disk quotas dquot_6.6.0
[    1.164509] VFS: Dquot-cache hash table entries: 1024 (order 0, 8192 bytes)
[    1.185480] NET: Registered protocol family 2
[    1.188050] tcp_listen_portaddr_hash hash table entries: 32768 (order: 8, 2359296 bytes)
[    1.191383] TCP established hash table entries: 524288 (order: 9, 4194304 bytes)
[    1.193456] TCP bind hash table entries: 65536 (order: 9, 4194304 bytes)
[    1.199120] TCP: Hash tables configured (established 524288 bind 65536)
[    1.205922] UDP hash table entries: 32768 (order: 9, 5242880 bytes)
[    1.213356] UDP-Lite hash table entries: 32768 (order: 9, 5242880 bytes)
[    1.227718] NET: Registered protocol family 1
[    1.228616] Unpacking initramfs...
[    1.511340] Freeing initrd memory: 8728K
[    1.549488] Kprobe smoke test: started
[    1.559748] Kprobe smoke test: passed successfully
[    1.561024] workingset: timestamp_bits=46 max_order=23 bucket_order=0
[    1.562398] zbud: loaded
[    1.735631] Block layer SCSI generic (bsg) driver version 0.4 loaded (major 252)
[    1.737500] io scheduler mq-deadline registered
[    1.737539] io scheduler kyber registered
[    1.739181] f029b788: ttyS0 at I/O 0x0 (irq = 1, base_baud = 115200) is a SUN4V HCONS
[    1.744790] printk: console [ttyHV0] enabled
[    1.748398] sunvdc.c:v1.2 (November 24, 2014)
[    1.755143] sunvdc: Virtual CDROM vdiskd
[    1.755215] sunvdc: vdiskd: 403160 sectors (196 MB) protocol 1.2
[    1.756862]  vdiskd: vdiskd1 vdiskd2 vdiskd3 vdiskd4 vdiskd5 vdiskd6 vdiskd7
[    1.813166] sunvdc: Virtual Hard disk vdiskc
[    1.813218] sunvdc: vdiskc: 104857600 sectors (51200 MB) protocol 1.2
[    1.865554] sunvdc: Virtual Hard disk vdiskb
[    1.865608] sunvdc: vdiskb: 62914560 sectors (30720 MB) protocol 1.2
[    1.871494]  vdiskb: vdiskb1
[    1.925929] sunvdc: Virtual Hard disk vdiska
[    1.925982] sunvdc: vdiska: 31457280 sectors (15360 MB) protocol 1.2
[    1.927341]  vdiska: vdiska1 vdiska2 vdiska3 vdiska4
[    1.973579] sunvnet: sunvnet 2.0 (February 3, 2017)
[    1.977283] vnet_port vnet-port-0-0 eth0: Sun LDOM vnet 00:14:4f:f8:12:a3
[    1.977898] sunvnet: eth0: PORT ( remote-mac 00:14:4f:fa:f3:f0 switch-port )
[    1.979276] sunvnet: eth0: PORT ( remote-mac 00:14:4f:f8:e5:f3 )
[    1.980794] sunvnet: eth0: PORT ( remote-mac 00:14:4f:f9:b4:97 )
[    1.982135] sunvnet: eth0: PORT ( remote-mac 00:14:4f:f9:8b:83 )
[    1.983468] sunvnet: eth0: PORT ( remote-mac 00:14:4f:f8:3f:1e )
[    1.984598] mousedev: PS/2 mouse device common for all mice
[    1.985817] rtc-sun4v rtc-sun4v: registered as rtc0
[    1.986989] device-mapper: uevent: version 1.0.3
[    1.988209] device-mapper: ioctl: 4.39.0-ioctl (2018-04-03) initialised: dm-devel@redhat.com
[    1.989807] NET: Registered protocol family 17
[    1.991102] registered taskstats version 1
[    1.994230] zswap: loaded using pool lzo/zbud
[    2.027329] Key type big_key registered
[    2.028267] rtc-sun4v rtc-sun4v: setting system clock to 2019-01-16T09:41:20 UTC (1547631680)
[    2.032876] This architecture does not have kernel memory protection.
[    2.032936] Run /init as init process
[    2.920005] crc32c_sparc64: Using sparc64 crc32c opcode optimized CRC32C implementation
[    3.407157] raid6: int64x8  gen()  2066 MB/s
[    3.577148] raid6: int64x8  xor()  1525 MB/s
[    3.747148] raid6: int64x4  gen()  3244 MB/s
[    3.917133] raid6: int64x4  xor()  1927 MB/s
[    4.087159] raid6: int64x2  gen()  2791 MB/s
[    4.257162] raid6: int64x2  xor()  1915 MB/s
[    4.427134] raid6: int64x1  gen()  2540 MB/s
[    4.597163] raid6: int64x1  xor()  1611 MB/s
[    4.597212] raid6: using algorithm int64x4 gen() 3244 MB/s
[    4.597250] raid6: .... xor() 1927 MB/s, rmw enabled
[    4.597285] raid6: using intx1 recovery algorithm
[    4.598290] async_tx: api initialized (async)
[    4.599025] xor: automatically using best checksumming function   Niagara   
[    4.755216] random: fast init done
[    4.825500] EXT4-fs (vdiska2): mounted filesystem with ordered data mode. Opts: (null)
[    6.798679] systemd[1]: Inserted module 'autofs4'
[    6.816774] NET: Registered protocol family 10
[    6.829430] Segment Routing with IPv6
[    6.901158] systemd[1]: systemd 240 running in system mode. (+PAM +AUDIT +SELINUX +IMA +APPARMOR +SMACK +SYSVINIT +UTMP +LIBCRYPTSETUP +GCRYPT +GNUTLS +ACL +XZ +LZ4 -SECCOMP +BLKID +ELFUTILS +KMOD -IDN2 +IDN -PCRE2 default-hierarchy=hybrid)
[    6.901720] systemd[1]: Detected architecture sparc64.
[    6.976178] systemd[1]: Set hostname to <ttip>.
[    7.879938] random: lvmconfig: uninitialized urandom read (4 bytes read)
[    8.897748] systemd[1]: File /lib/systemd/system/systemd-journald.service:12 configures an IP firewall (IPAddressDeny=any), but the local system does not support BPF/cgroup based firewalling.
[    8.897874] systemd[1]: Proceeding WITHOUT firewalling in effect! (This warning is only shown for the first loaded unit using IP firewalling.)
[    8.937901] systemd[1]: /lib/systemd/system/auditd.service:11: PIDFile= references path below legacy directory /var/run/, updating /var/run/auditd.pid → /run/auditd.pid; please update the unit file accordingly.
[    9.387488] systemd[1]: /lib/systemd/system/smbd.service:9: PIDFile= references path below legacy directory /var/run/, updating /var/run/samba/smbd.pid → /run/samba/smbd.pid; please update the unit file accordingly.
[    9.391416] systemd[1]: /lib/systemd/system/nmbd.service:9: PIDFile= references path below legacy directory /var/run/, updating /var/run/samba/nmbd.pid → /run/samba/nmbd.pid; please update the unit file accordingly.
[    9.650950] random: systemd: uninitialized urandom read (16 bytes read)
[    9.656665] random: systemd: uninitialized urandom read (16 bytes read)
[    9.657593] systemd[1]: Listening on Journal Audit Socket.
[    9.658753] random: systemd: uninitialized urandom read (16 bytes read)
[    9.659837] systemd[1]: Listening on udev Control Socket.
[    9.850312] EXT4-fs (vdiska2): re-mounted. Opts: errors=remount-ro
[   10.239071] systemd-journald[395]: Received request to flush runtime journal from PID 1
[   12.355362] sha1_sparc64: Using sparc64 sha1 opcode optimized SHA-1 implementation
[   12.402058] sha256_sparc64: Using sparc64 sha256 opcode optimized SHA-256/SHA-224 implementation
[   12.503310] n2rng v0.3 (Jan 7, 2017)
[   12.503404] n2rng f029b104: Registered RNG HVAPI major 2 minor 0
[   12.503466] n2rng f029b104: Found multi-unit-capable RNG, units: 2
[   12.504564] n2rng f029b104: RNG ready
[   12.514738] sha512_sparc64: Using sparc64 sha512 opcode optimized SHA-512/SHA-384 implementation
[   12.570677] md5_sparc64: Using sparc64 md5 opcode optimized MD5 implementation
[   12.586279] aes_sparc64: Using sparc64 aes opcodes optimized AES implementation
[   12.721515] des_sparc64: Using sparc64 des opcodes optimized DES implementation
[   12.763827] camellia_sparc64: Using sparc64 camellia opcodes optimized CAMELLIA implementation
[   14.901714] SGI XFS with ACLs, security attributes, debug enabled
[   14.936487] XFS (dm-0): Mounting V5 Filesystem
[   15.101686] XFS (dm-0): Ending clean mount
[   15.733677] Adding 787176k swap on /dev/vdiska4.  Priority:-2 extents:1 across:787176k FS
[   16.117939] EXT4-fs (vdiska1): mounting ext3 file system using the ext4 subsystem
[   16.128781] EXT4-fs (vdiska1): mounted filesystem with ordered data mode. Opts: (null)
