[    0.000018] PROMLIB: Sun IEEE Boot Prom 'OBP 4.38.12 2018/03/28 14:54'
[    0.000031] PROMLIB: Root node compatible: sun4v
[    0.000079] Linux version 5.6.0-03013-gdfabb077d625 (mator@ttip) (gcc version 9.3.0 (Debian 9.3.0-8)) #45 SMP Thu Apr 2 11:39:20 MSK 2020
[    0.000391] printk: bootconsole [earlyprom0] enabled
[    0.000443] ARCH: SUN4V
[    0.000492] Ethernet address: 00:14:4f:fa:06:f2
[    0.000543] MM: PAGE_OFFSET is 0xfff8000000000000 (max_phys_bits == 47)
[    0.000610] MM: VMALLOC [0x0000000100000000 --> 0x0006000000000000]
[    0.000673] MM: VMEMMAP [0x0006000000000000 --> 0x000c000000000000]
[    0.012923] Kernel: Using 5 locked TLB entries for main kernel image.
[    0.013008] Remapping the kernel... 
[    0.013036] done.
[    0.046788] OF stdout device is: /virtual-devices@100/console@1
[    0.046868] PROM: Built device tree with 86758 bytes of memory.
[    0.046935] MDESC: Size is 36512 bytes.
[    0.047065] PLATFORM: banner-name [SPARC T5-2]
[    0.047114] PLATFORM: name [ORCL,SPARC-T5-2]
[    0.047162] PLATFORM: hostid [84fa06f2]
[    0.047204] PLATFORM: serial# [0035260e]
[    0.047248] PLATFORM: stick-frequency [3b9aca00]
[    0.047296] PLATFORM: mac-address [144ffa06f2]
[    0.047344] PLATFORM: watchdog-resolution [1000 ms]
[    0.047393] PLATFORM: watchdog-max-timeout [31536000000 ms]
[    0.047450] PLATFORM: max-cpus [1024]
[    0.047558] Top of RAM: 0x24af938000, Total RAM: 0x87f354000
[    0.047621] Memory hole size: 115461MB
[    0.052229] Allocated 40960 bytes for kernel page tables.
[    0.052336] Zone ranges:
[    0.052380]   Normal   [mem 0x0000000030400000-0x00000024af937fff]
[    0.052445] Movable zone start for each node
[    0.052490] Early memory node ranges
[    0.052530]   node   0: [mem 0x0000000030400000-0x000000006fe7ffff]
[    0.052593]   node   0: [mem 0x000000006ff00000-0x000000006ff25fff]
[    0.052654]   node   0: [mem 0x0000000070000000-0x000000042fffffff]
[    0.052716]   node   0: [mem 0x0000002030000000-0x00000024af87ffff]
[    0.052778]   node   0: [mem 0x00000024af900000-0x00000024af925fff]
[    0.052839]   node   0: [mem 0x00000024af930000-0x00000024af937fff]
[    0.064580] Zeroed struct page in unavailable ranges: 263766 pages
[    0.064589] Initmem setup node 0 [mem 0x0000000030400000-0x00000024af937fff]
[    0.064748] On node 0 totalpages: 4454826
[    0.064758]   Normal zone: 39154 pages used for memmap
[    0.064763]   Normal zone: 0 pages reserved
[    0.064769]   Normal zone: 4454826 pages, LIFO batch:31
[    0.076039] Booting Linux...
[    0.076126] CPU CAPS: [flush,stbar,swap,muldiv,v9,blkinit,n2,mul32]
[    0.076209] CPU CAPS: [div32,v8plus,popc,vis,vis2,ASIBlkInit,fmaf,vis3]
[    0.077292] CPU CAPS: [hpc,ima,pause,cbcond,aes,des,kasumi,camellia]
[    0.077368] CPU CAPS: [md5,sha1,sha256,sha512,mpmul,montmul,montsqr,crc32c]
[    0.107181] percpu: Embedded 27 pages/cpu s182992 r8192 d30000 u262144
[    0.107428] pcpu-alloc: s182992 r8192 d30000 u262144 alloc=1*4194304
[    0.107436] pcpu-alloc: [0] 000 001 002 003 004 005 006 007 008 009 010 011 012 013 014 015 
[    0.107463] pcpu-alloc: [0] 016 017 018 019 020 021 022 023 024 025 026 027 028 029 030 031 
[    0.107491] pcpu-alloc: [0] 032 033 034 035 036 037 038 039 040 041 042 043 044 045 046 047 
[    0.107518] pcpu-alloc: [0] 048 049 050 051 052 053 054 055 056 057 058 059 060 061 062 063 
[    0.107545] pcpu-alloc: [0] 064 065 066 067 068 069 070 071 072 073 074 075 076 077 078 079 
[    0.107573] pcpu-alloc: [0] 080 081 082 083 084 085 086 087 088 089 090 091 092 093 094 095 
[    0.107600] pcpu-alloc: [0] 096 097 098 099 100 101 102 103 104 105 106 107 108 109 110 111 
[    0.107627] pcpu-alloc: [0] 112 113 114 115 116 117 118 119 120 121 122 123 124 125 126 127 
[    0.108107] SUN4V: Mondo queue sizes [cpu(131072) dev(16384) r(8192) nr(256)]
[    0.108485] Built 1 zonelists, mobility grouping on.  Total pages: 4415672
[    0.108576] Kernel command line: BOOT_IMAGE=/vmlinux-5.6.0-03013-gdfabb077d625 root=/dev/vdiska2 ro zswap.enabled=1
[    0.111066] printk: log_buf_len individual max cpu contribution: 4096 bytes
[    0.111152] printk: log_buf_len total cpu_extra contributions: 520192 bytes
[    0.111218] printk: log_buf_len min size: 131072 bytes
[    0.111496] printk: log_buf_len: 1048576 bytes
[    0.111549] printk: early log buf free: 126664(96%)
[    0.117953] Dentry cache hash table entries: 8388608 (order: 13, 67108864 bytes, linear)
[    0.121283] Inode-cache hash table entries: 4194304 (order: 12, 33554432 bytes, linear)
[    0.121387] Sorting __ex_table...
[    0.121624] mem auto-init: stack:off, heap alloc:off, heap free:off
[    0.181190] Memory: 1305232K/35638608K available (7717K kernel code, 1051K rwdata, 2280K rodata, 640K init, 6814K bss, 509032K reserved, 0K cma-reserved)
[    0.181852] SLUB: HWalign=32, Order=0-3, MinObjects=0, CPUs=128, Nodes=1
[    0.182144] ftrace: allocating 21546 entries in 43 pages
[    0.190604] ftrace: allocated 43 pages with 4 groups
[    0.193635] Running RCU self tests
[    0.193724] rcu: Hierarchical RCU implementation.
[    0.193777] rcu: 	RCU event tracing is enabled.
[    0.193828] rcu: 	RCU lockdep checking is enabled.
[    0.193879] 	Tasks RCU enabled.
[    0.193917] rcu: RCU calculated value of scheduler-enlistment delay is 10 jiffies.
[    0.198328] NR_IRQS: 2048, nr_irqs: 2048, preallocated irqs: 1
[    0.198422] SUN4V: Using IRQ API major 3, cookie only virqs enabled
[    0.200869] clocksource: stick: mask: 0xffffffffffffffff max_cycles: 0x1cd42e4dffb, max_idle_ns: 881590591483 ns
[    0.201002] clocksource: mult[800000] shift[23]
[    0.201051] clockevent: mult[80000000] shift[31]
[    0.201617] Console: colour dummy device 80x25
[    0.201681] printk: console [tty0] enabled
[    0.201761] printk: bootconsole [earlyprom0] disabled
[    0.201850] Lock dependency validator: Copyright (c) 2006 Red Hat, Inc., Ingo Molnar
[    0.201901] ... MAX_LOCKDEP_SUBCLASSES:  8
[    0.201933] ... MAX_LOCK_DEPTH:          48
[    0.201965] ... MAX_LOCKDEP_KEYS:        8192
[    0.201998] ... CLASSHASH_SIZE:          4096
[    0.202031] ... MAX_LOCKDEP_ENTRIES:     16384
[    0.202064] ... MAX_LOCKDEP_CHAINS:      32768
[    0.202097] ... CHAINHASH_SIZE:          16384
[    0.202130]  memory used by lock dependency info: 3919 kB
[    0.202168]  memory used for stack traces: 2112 kB
[    0.202203]  per task-struct memory footprint: 1920 bytes
[    0.351763] Calibrating delay using timer specific routine.. 2018.24 BogoMIPS (lpj=10091232)
[    0.351838] pid_max: default: 131072 minimum: 1024
[    0.352144] LSM: Security Framework initializing
[    0.352300] AppArmor: AppArmor initialized
[    0.352579] Mount-cache hash table entries: 131072 (order: 7, 1048576 bytes, linear)
[    0.352747] Mountpoint-cache hash table entries: 131072 (order: 7, 1048576 bytes, linear)
[    0.352896] *** VALIDATE tmpfs ***
[    0.353767] *** VALIDATE proc ***
[    0.354288] *** VALIDATE cgroup ***
[    0.354322] *** VALIDATE cgroup2 ***
[    0.356488] rcu: Hierarchical SRCU implementation.
[    0.364832] smp: Bringing up secondary CPUs ...
[    0.410449] smp: Brought up 1 node, 32 CPUs
[    0.604300] node 0 initialised, 4228043 pages in 190ms
[    0.605518] devtmpfs: initialized
[    0.610326] Performance events: 
[    0.610377] Testing NMI watchdog ... 
[    0.810476] OK.
[    0.810661] Supported PMU type is 'niagara5'
[    0.810886] random: get_random_u32 called from bucket_table_alloc.isra.0+0x198/0x1c0 with crng_init=0
[    0.811564] ldc.c:v1.1 (July 22, 2008)
[    0.814059] clocksource: jiffies: mask: 0xffffffff max_cycles: 0xffffffff, max_idle_ns: 19112604462750000 ns
[    0.814151] futex hash table entries: 32768 (order: 9, 4194304 bytes, linear)
[    0.819427] NET: Registered protocol family 16
[    0.828028] VIO: Adding device channel-devices (tx_ino = ffffffffffffffff, rx_ino = ffffffffffffffff)
[    0.828275] VIO: Adding device vnet-port-0-0 (tx_ino = 0, rx_ino = 1)
[    0.828490] VIO: Adding device vnet-port-0-1 (tx_ino = 2, rx_ino = 3)
[    0.828664] VIO: Adding device vnet-port-0-2 (tx_ino = 4, rx_ino = 5)
[    0.828841] VIO: Adding device vnet-port-0-3 (tx_ino = 6, rx_ino = 7)
[    0.829023] VIO: Adding device vnet-port-0-4 (tx_ino = 8, rx_ino = 9)
[    0.829196] VIO: Adding device vnet-port-0-5 (tx_ino = a, rx_ino = b)
[    0.829368] VIO: Adding device vdc-port-2-0 (tx_ino = c, rx_ino = d)
[    0.829545] VIO: Adding device vdc-port-1-0 (tx_ino = e, rx_ino = f)
[    0.829718] VIO: Adding device vdc-port-0-0 (tx_ino = 10, rx_ino = 11)
[    0.829900] VIO: Adding device vdc-port-3-0 (tx_ino = 12, rx_ino = 13)
[    0.830079] VIO: Adding device vlds-port-0-0 (tx_ino = 14, rx_ino = 15)
[    0.830257] VIO: Adding device domain-services-port-0 (tx_ino = 14, rx_ino = 15)
[    0.830573] audit: initializing netlink subsys (disabled)
[    0.830954] audit: type=2000 audit(0.620:1): state=initialized audit_enabled=0 res=1
[    0.858322] HugeTLB registered 64.0 KiB page size, pre-allocated 0 pages
[    0.858381] HugeTLB registered 8.00 MiB page size, pre-allocated 0 pages
[    0.858429] HugeTLB registered 256 MiB page size, pre-allocated 0 pages
[    0.858478] HugeTLB registered 2.00 GiB page size, pre-allocated 0 pages
[    0.860275] alg: extra crypto tests enabled.  This is intended for developer use only.
[    0.888210] cryptd: max_cpu_qlen set to 1000
[    1.000098] NetLabel: Initializing
[    1.000139] NetLabel:  domain hash size = 128
[    1.000175] NetLabel:  protocols = UNLABELED CIPSOv4 CALIPSO
[    1.000307] NetLabel:  unlabeled traffic allowed by default
[    1.001426] SUN4V: Reboot data supported (maj=1,min=0).
[    1.001839] ds.c:v1.0 (Jul 11, 2007)
[    1.002235] ds-0: ds_conn_reset() from send_events.isra.0
[    1.002738] clocksource: Switched to clocksource stick
[    1.213623] *** VALIDATE bpf ***
[    1.214894] VFS: Disk quotas dquot_6.6.0
[    1.215026] VFS: Dquot-cache hash table entries: 1024 (order 0, 8192 bytes)
[    1.215249] *** VALIDATE ramfs ***
[    1.215304] *** VALIDATE hugetlbfs ***
[    1.216949] AppArmor: AppArmor Filesystem Enabled
[    1.229777] NET: Registered protocol family 2
[    1.231586] tcp_listen_portaddr_hash hash table entries: 32768 (order: 8, 2621440 bytes, linear)
[    1.234602] TCP established hash table entries: 524288 (order: 9, 4194304 bytes, linear)
[    1.237107] TCP bind hash table entries: 65536 (order: 9, 4718592 bytes, linear)
[    1.242774] TCP: Hash tables configured (established 524288 bind 65536)
[    1.245309] UDP hash table entries: 32768 (order: 9, 5242880 bytes, linear)
[    1.251591] UDP-Lite hash table entries: 32768 (order: 9, 5242880 bytes, linear)
[    1.259635] NET: Registered protocol family 1
[    1.259708] NET: Registered protocol family 44
[    1.260407] Trying to unpack rootfs image as initramfs...
[    1.460315] Freeing initrd memory: 14776K
[    1.461322] aes_sparc64: Using sparc64 aes opcodes optimized AES implementation
[    1.765711] des_sparc64: Using sparc64 des opcodes optimized DES implementation
[    2.310231] camellia_sparc64: Using sparc64 camellia opcodes optimized CAMELLIA implementation
[    2.515262] workingset: timestamp_bits=46 max_order=23 bucket_order=0
[    2.534941] zbud: loaded
[    2.537336] SGI XFS with ACLs, security attributes, quota, fatal assert, debug enabled
[    2.543774] *** VALIDATE xfs ***
[    2.559101] Block layer SCSI generic (bsg) driver version 0.4 loaded (major 252)
[    2.560107] io scheduler mq-deadline registered
[    2.563003] f029b788: ttyHV0 at I/O 0x0 (irq = 1, base_baud = 115200) is a SUN4V HCONS
[    2.564062] printk: console [ttyHV0] enabled
[    2.567955] sunvdc.c:v1.2 (November 24, 2014)
[    2.569826] sunvdc: Virtual Hard disk vdiskc
[    2.569872] sunvdc: vdiskc: 104857600 sectors (51200 MB) protocol 1.2
[    2.591448] sunvdc: Virtual Hard disk vdiskb
[    2.591504] sunvdc: vdiskb: 62914560 sectors (30720 MB) protocol 1.2
[    2.593299]  vdiskb: vdiskb1
[    2.613071] sunvdc: Virtual Hard disk vdiska
[    2.613126] sunvdc: vdiska: 31457280 sectors (15360 MB) protocol 1.2
[    2.615021]  vdiska: vdiska1 vdiska2 vdiska3 vdiska4
[    2.635548] sunvdc: Virtual CDROM vdiskd
[    2.635610] sunvdc: vdiskd: 453848 sectors (221 MB) protocol 1.2
[    2.636796]  vdiskd: vdiskd1 vdiskd2 vdiskd3 vdiskd4 vdiskd5 vdiskd6 vdiskd7
[    2.656822] sunvnet: sunvnet 2.0 (February 3, 2017)
[    2.659110] vnet_port vnet-port-0-0 eth0: Sun LDOM vnet 00:14:4f:f8:12:a3
[    2.659357] sunvnet: eth0: PORT ( remote-mac 00:14:4f:fa:f3:f0 switch-port )
[    2.659741] sunvnet: eth0: PORT ( remote-mac 00:14:4f:f8:e5:f3 )
[    2.660113] sunvnet: eth0: PORT ( remote-mac 00:14:4f:f9:b4:97 )
[    2.660464] sunvnet: eth0: PORT ( remote-mac 00:14:4f:f8:3f:1e )
[    2.660814] sunvnet: eth0: PORT ( remote-mac 00:14:4f:f8:fe:47 )
[    2.661189] sunvnet: eth0: PORT ( remote-mac 00:14:4f:f9:8b:83 )
[    2.662541] rtc-sun4v rtc-sun4v: registered as rtc0
[    2.663174] sun4v_wdt: initialized (timeout=60s, nowayout=0)
[    2.663445] device-mapper: uevent: version 1.0.3
[    2.664245] device-mapper: ioctl: 4.42.0-ioctl (2020-02-27) initialised: dm-devel@redhat.com
[    2.665341] NET: Registered protocol family 17
[    2.665758] registered taskstats version 1
[    2.666694] zswap: loaded using pool lzo/zbud
[    3.007188] Key type big_key registered
[    3.007264] AppArmor: AppArmor sha1 policy hashing enabled
[    3.008067] rtc-sun4v rtc-sun4v: setting system clock to 2020-04-02T09:01:38 UTC (1585818098)
[    3.012746] This architecture does not have kernel memory protection.
[    3.012814] Run /init as init process
[    3.012849]   with arguments:
[    3.012856]     /init
[    3.012863]   with environment:
[    3.012869]     HOME=/
[    3.012876]     TERM=linux
[    3.012882]     BOOT_IMAGE=/vmlinux-5.6.0-03013-gdfabb077d625
[    3.524308] crc32c_sparc64: Using sparc64 crc32c opcode optimized CRC32C implementation
[    4.132722] raid6: int64x8  gen()  2081 MB/s
[    4.302727] raid6: int64x8  xor()  1478 MB/s
[    4.472714] raid6: int64x4  gen()  3309 MB/s
[    4.642719] raid6: int64x4  xor()  1472 MB/s
[    4.812714] raid6: int64x2  gen()  2706 MB/s
[    4.982729] raid6: int64x2  xor()  1154 MB/s
[    5.152748] raid6: int64x1  gen()  1336 MB/s
[    5.322736] raid6: int64x1  xor()   671 MB/s
[    5.322789] raid6: using algorithm int64x4 gen() 3309 MB/s
[    5.322833] raid6: .... xor() 1472 MB/s, rmw enabled
[    5.322873] raid6: using intx1 recovery algorithm
[    5.323824] async_tx: api initialized (async)
[    5.324454] xor: automatically using best checksumming function   Niagara   
[    5.428352] process '/usr/bin/fstype' started with executable stack
[    5.452669] random: fast init done
[    5.572011] EXT4-fs (vdiska2): mounted filesystem with ordered data mode. Opts: (null)
[    7.675380] systemd[1]: Inserted module 'autofs4'
[    7.689138] NET: Registered protocol family 10
[    7.695924] Segment Routing with IPv6
[    7.729210] systemd[1]: systemd 245.2-1 running in system mode. (+PAM +AUDIT +SELINUX +IMA +APPARMOR +SMACK +SYSVINIT +UTMP +LIBCRYPTSETUP +GCRYPT +GNUTLS +ACL +XZ +LZ4 -SECCOMP +BLKID +ELFUTILS +KMOD +IDN2 -IDN +PCRE2 default-hierarchy=hybrid)
[    7.729876] systemd[1]: Detected architecture sparc64.
[    7.810382] systemd[1]: Set hostname to <ttip>.
[    8.734334] random: lvmconfig: uninitialized urandom read (4 bytes read)
[    9.636882] systemd[1]: /lib/systemd/system/dbus.socket:5: ListenStream= references a path below legacy directory /var/run/, updating /var/run/dbus/system_bus_socket â†’ /run/dbus/system_bus_socket; please update the unit file accordingly.
[   10.004557] random: systemd: uninitialized urandom read (16 bytes read)
[   10.015907] systemd[1]: Created slice system-getty.slice.
[   10.016763] random: systemd: uninitialized urandom read (16 bytes read)
[   10.020535] systemd[1]: Created slice system-modprobe.slice.
[   10.021117] random: systemd: uninitialized urandom read (16 bytes read)
[   10.025067] systemd[1]: Created slice system-openvpn\x2dclient.slice.
[   10.030744] systemd[1]: Created slice system-postfix.slice.
[   10.035038] systemd[1]: Created slice system-systemd\x2dfsck.slice.
[   10.038999] systemd[1]: Created slice User and Session Slice.
[   10.040079] systemd[1]: Started Dispatch Password Requests to Console Directory Watch.
[   10.040929] systemd[1]: Started Forward Password Requests to Wall Directory Watch.
[   10.043320] systemd[1]: Set up automount Arbitrary Executable File Formats File System Automount Point.
[   10.043943] systemd[1]: Reached target Local Encrypted Volumes.
[   10.044450] systemd[1]: Reached target Paths.
[   10.044909] systemd[1]: Reached target Remote File Systems.
[   10.045372] systemd[1]: Reached target Slices.
[   10.046382] systemd[1]: Listening on Device-mapper event daemon FIFOs.
[   10.047544] systemd[1]: Listening on LVM2 poll daemon socket.
[   10.064231] systemd[1]: Listening on Syslog Socket.
[   10.065490] systemd[1]: Listening on fsck to fsckd communication Socket.
[   10.066314] systemd[1]: Listening on initctl Compatibility Named Pipe.
[   10.067618] systemd[1]: Listening on Journal Audit Socket.
[   10.068646] systemd[1]: Listening on Journal Socket (/dev/log).
[   10.069897] systemd[1]: Listening on Journal Socket.
[   10.071123] systemd[1]: Listening on udev Control Socket.
[   10.071977] systemd[1]: Listening on udev Kernel Socket.
[   10.081616] systemd[1]: Mounting Huge Pages File System...
[   10.092162] systemd[1]: Mounting POSIX Message Queue File System...
[   10.101921] systemd[1]: Mounting Kernel Debug File System...
[   10.114032] systemd[1]: Mounting Kernel Trace File System...
[   10.124578] systemd[1]: Starting Availability of block devices...
[   10.134262] systemd[1]: Starting Wait for network to be configured by ifupdown...
[   10.144557] systemd[1]: Starting Create list of static device nodes for the current kernel...
[   10.153757] systemd[1]: Starting Monitoring of LVM2 mirrors, snapshots etc. using dmeventd or progress polling...
[   10.163875] systemd[1]: Starting Load Kernel Module drm...
[   10.173232] systemd[1]: Starting nftables...
[   10.207983] systemd[1]: Condition check resulted in Set Up Additional Binary Formats being skipped.
[   10.208223] systemd[1]: Condition check resulted in File System Check on Root Device being skipped.
[   10.220576] systemd[1]: Starting Journal Service...
[   10.232453] systemd[1]: Starting Load Kernel Modules...
[   10.243009] systemd[1]: Starting Remount Root and Kernel File Systems...
[   10.252395] systemd[1]: Starting udev Coldplug all Devices...
[   10.262972] systemd[1]: Mounted Huge Pages File System.
[   10.264682] systemd[1]: Mounted POSIX Message Queue File System.
[   10.266136] systemd[1]: Mounted Kernel Debug File System.
[   10.267608] systemd[1]: Mounted Kernel Trace File System.
[   10.275585] systemd[1]: Finished Availability of block devices.
[   10.282496] systemd[1]: Finished Wait for network to be configured by ifupdown.
[   10.289130] systemd[1]: Finished Create list of static device nodes for the current kernel.
[   10.292240] systemd[1]: modprobe@drm.service: Succeeded.
[   10.296495] systemd[1]: Finished Load Kernel Module drm.
[   10.347607] systemd[1]: Finished Load Kernel Modules.
[   10.349786] systemd[1]: Condition check resulted in FUSE Control File System being skipped.
[   10.350162] systemd[1]: Condition check resulted in Kernel Configuration File System being skipped.
[   10.364330] systemd[1]: Starting Apply Kernel Variables...
[   10.399211] EXT4-fs (vdiska2): re-mounted. Opts: errors=remount-ro
[   10.417960] systemd[1]: Finished Remount Root and Kernel File Systems.
[   10.537269] systemd[1]: Starting Initial Check File System Quotas...
[   10.667598] systemd[1]: Condition check resulted in Rebuild Hardware Database being skipped.
[   10.678544] systemd[1]: Starting Load/Save Random Seed...
[   10.690607] systemd[1]: Starting Create System Users...
[   10.692772] systemd[1]: Started Journal Service.
[   10.811937] systemd-journald[547]: Received client request to flush runtime journal.
[   12.531642] sha1_sparc64: Using sparc64 sha1 opcode optimized SHA-1 implementation
[   12.749431] sha256_sparc64: Using sparc64 sha256 opcode optimized SHA-256/SHA-224 implementation
[   12.754974] n2rng v0.3 (Jan 7, 2017)
[   12.755094] n2rng f029b104: Registered RNG HVAPI major 2 minor 0
[   12.755207] n2rng f029b104: Found multi-unit-capable RNG, units: 2
[   12.756532] n2rng f029b104: RNG ready
[   12.931559] sha512_sparc64: Using sparc64 sha512 opcode optimized SHA-512/SHA-384 implementation
[   12.973434] md5_sparc64: Using sparc64 md5 opcode optimized MD5 implementation
[   13.141641] pktcdvd: setup of pktcdvd device failed
[   13.194606] pktcdvd: setup of pktcdvd device failed
[   13.197842] pktcdvd: setup of pktcdvd device failed
[   13.201001] pktcdvd: setup of pktcdvd device failed
[   13.204484] pktcdvd: setup of pktcdvd device failed
[   13.208564] pktcdvd: setup of pktcdvd device failed
[   13.211527] pktcdvd: setup of pktcdvd device failed
[   13.214613] pktcdvd: setup of pktcdvd device failed
[   13.497998] XFS (dm-0): Mounting V5 Filesystem
[   13.572926] Adding 787176k swap on /dev/vdiska4.  Priority:-2 extents:1 across:787176k FS
[   13.630146] XFS (dm-0): Ending clean mount
[   13.632745] xfs filesystem being mounted at /1 supports timestamps until 2038 (0x7fffffff)
[   13.921290] EXT4-fs (vdiska1): mounting ext3 file system using the ext4 subsystem
[   14.120027] EXT4-fs (vdiska1): mounted filesystem with ordered data mode. Opts: (null)
[   14.120223] ext3 filesystem being mounted at /boot supports timestamps until 2038 (0x7fffffff)
[   15.325371] Kernel unaligned access at TPC[896a58] aa_dfa_unpack+0x38/0x5a0
[   15.325527] Kernel unaligned access at TPC[896a78] aa_dfa_unpack+0x58/0x5a0
[   15.325624] Kernel unaligned access at TPC[896b34] aa_dfa_unpack+0x114/0x5a0
[   15.325725] Kernel unaligned access at TPC[896c14] aa_dfa_unpack+0x1f4/0x5a0
[   15.325813] Kernel unaligned access at TPC[896c28] aa_dfa_unpack+0x208/0x5a0
[   15.327810] audit: type=1400 audit(1585818110.810:2): apparmor="STATUS" operation="profile_load" profile="unconfined" name="/usr/sbin/haveged" pid=747 comm="apparmor_parser"
[   15.335886] audit: type=1400 audit(1585818110.820:3): apparmor="STATUS" operation="profile_load" profile="unconfined" name="nvidia_modprobe" pid=748 comm="apparmor_parser"
[   15.336055] audit: type=1400 audit(1585818110.820:4): apparmor="STATUS" operation="profile_load" profile="unconfined" name="nvidia_modprobe//kmod" pid=748 comm="apparmor_parser"
[   15.343641] audit: type=1400 audit(1585818110.830:5): apparmor="STATUS" operation="profile_load" profile="unconfined" name="lsb_release" pid=752 comm="apparmor_parser"
[   15.397172] audit: type=1400 audit(1585818110.880:6): apparmor="STATUS" operation="profile_load" profile="unconfined" name="/usr/bin/man" pid=749 comm="apparmor_parser"
[   15.397310] audit: type=1400 audit(1585818110.880:7): apparmor="STATUS" operation="profile_load" profile="unconfined" name="man_filter" pid=749 comm="apparmor_parser"
[   15.397428] audit: type=1400 audit(1585818110.880:8): apparmor="STATUS" operation="profile_load" profile="unconfined" name="man_groff" pid=749 comm="apparmor_parser"
[   15.403403] random: crng init done
[   15.403549] random: 6 urandom warning(s) missed due to ratelimiting
[   15.418290] audit: type=1400 audit(1585818110.900:9): apparmor="STATUS" operation="profile_load" profile="unconfined" name="/usr/sbin/named" pid=751 comm="apparmor_parser"
[   15.468997] audit: type=1400 audit(1585818110.950:10): apparmor="STATUS" operation="profile_load" profile="unconfined" name="/usr/sbin/tcpdump" pid=750 comm="apparmor_parser"
