[    0.000018] PROMLIB: Sun IEEE Boot Prom 'OBP 4.38.12 2018/03/28 14:54'
[    0.000030] PROMLIB: Root node compatible: sun4v
[    0.000074] Linux version 5.0.0-rc7-00064-g40e196a906d9 (mator@ttip) (gcc version 9.3.0 (Debian 9.3.0-11)) #115 SMP Wed Apr 29 13:03:26 MSK 2020
[    0.000383] printk: bootconsole [earlyprom0] enabled
[    0.000434] ARCH: SUN4V
[    0.000484] Ethernet address: 00:14:4f:fa:06:f2
[    0.000534] MM: PAGE_OFFSET is 0xfff8000000000000 (max_phys_bits == 47)
[    0.000600] MM: VMALLOC [0x0000000100000000 --> 0x0006000000000000]
[    0.000661] MM: VMEMMAP [0x0006000000000000 --> 0x000c000000000000]
[    0.012455] Kernel: Using 5 locked TLB entries for main kernel image.
[    0.012524] Remapping the kernel... 
[    0.012548] done.
[    0.045789] OF stdout device is: /virtual-devices@100/console@1
[    0.045854] PROM: Built device tree with 82854 bytes of memory.
[    0.045913] MDESC: Size is 36512 bytes.
[    0.046026] PLATFORM: banner-name [SPARC T5-2]
[    0.046076] PLATFORM: name [ORCL,SPARC-T5-2]
[    0.046122] PLATFORM: hostid [84fa06f2]
[    0.046166] PLATFORM: serial# [0035260e]
[    0.046208] PLATFORM: stick-frequency [3b9aca00]
[    0.046257] PLATFORM: mac-address [144ffa06f2]
[    0.046302] PLATFORM: watchdog-resolution [1000 ms]
[    0.046354] PLATFORM: watchdog-max-timeout [31536000000 ms]
[    0.046409] PLATFORM: max-cpus [1024]
[    0.046497] Top of RAM: 0x24af938000, Total RAM: 0x87f354000
[    0.046556] Memory hole size: 115461MB
[    0.051206] Allocated 40960 bytes for kernel page tables.
[    0.051289] Zone ranges:
[    0.051328]   Normal   [mem 0x0000000030400000-0x00000024af937fff]
[    0.051391] Movable zone start for each node
[    0.051435] Early memory node ranges
[    0.051476]   node   0: [mem 0x0000000030400000-0x000000006fe7ffff]
[    0.051535]   node   0: [mem 0x000000006ff00000-0x000000006ff25fff]
[    0.052596]   node   0: [mem 0x0000000070000000-0x000000042fffffff]
[    0.052656]   node   0: [mem 0x0000002030000000-0x00000024af87ffff]
[    0.052716]   node   0: [mem 0x00000024af900000-0x00000024af925fff]
[    0.052777]   node   0: [mem 0x00000024af930000-0x00000024af937fff]
[    0.060133] Zeroed struct page in unavailable ranges: 230130 pages
[    0.060142] Initmem setup node 0 [mem 0x0000000030400000-0x00000024af937fff]
[    0.060300] On node 0 totalpages: 4454826
[    0.060309]   Normal zone: 39154 pages used for memmap
[    0.060314]   Normal zone: 0 pages reserved
[    0.060320]   Normal zone: 4454826 pages, LIFO batch:31
[    0.067968] Booting Linux...
[    0.068050] CPU CAPS: [flush,stbar,swap,muldiv,v9,blkinit,n2,mul32]
[    0.068131] CPU CAPS: [div32,v8plus,popc,vis,vis2,ASIBlkInit,fmaf,vis3]
[    0.069209] CPU CAPS: [hpc,ima,pause,cbcond,aes,des,kasumi,camellia]
[    0.069281] CPU CAPS: [md5,sha1,sha256,sha512,mpmul,montmul,montsqr,crc32c]
[    0.096487] percpu: Embedded 20 pages/cpu @(____ptrval____) s121672 r8192 d33976 u262144
[    0.096712] pcpu-alloc: s121672 r8192 d33976 u262144 alloc=1*4194304
[    0.096719] pcpu-alloc: [0] 000 001 002 003 004 005 006 007 008 009 010 011 012 013 014 015 
[    0.096745] pcpu-alloc: [0] 016 017 018 019 020 021 022 023 024 025 026 027 028 029 030 031 
[    0.096771] pcpu-alloc: [0] 032 033 034 035 036 037 038 039 040 041 042 043 044 045 046 047 
[    0.096797] pcpu-alloc: [0] 048 049 050 051 052 053 054 055 056 057 058 059 060 061 062 063 
[    0.096823] pcpu-alloc: [0] 064 065 066 067 068 069 070 071 072 073 074 075 076 077 078 079 
[    0.096848] pcpu-alloc: [0] 080 081 082 083 084 085 086 087 088 089 090 091 092 093 094 095 
[    0.096874] pcpu-alloc: [0] 096 097 098 099 100 101 102 103 104 105 106 107 108 109 110 111 
[    0.096900] pcpu-alloc: [0] 112 113 114 115 116 117 118 119 120 121 122 123 124 125 126 127 
[    0.097329] SUN4V: Mondo queue sizes [cpu(131072) dev(16384) r(8192) nr(256)]
[    0.097693] Built 1 zonelists, mobility grouping on.  Total pages: 4415672
[    0.097780] Kernel command line: BOOT_IMAGE=/vmlinux-5.0.0-rc7-00064-g40e196a906d9 root=/dev/vdiska2 ro zswap.enabled=1
[    0.100977] printk: log_buf_len individual max cpu contribution: 4096 bytes
[    0.101047] printk: log_buf_len total cpu_extra contributions: 520192 bytes
[    0.101112] printk: log_buf_len min size: 131072 bytes
[    0.101384] printk: log_buf_len: 1048576 bytes
[    0.101435] printk: early log buf free: 126632(96%)
[    0.107750] Dentry cache hash table entries: 8388608 (order: 13, 67108864 bytes)
[    0.110980] Inode-cache hash table entries: 4194304 (order: 12, 33554432 bytes)
[    0.111051] Sorting __ex_table...
[    0.168552] Memory: 1305232K/35638608K available (7037K kernel code, 926K rwdata, 2048K rodata, 608K init, 7892K bss, 501824K reserved, 0K cma-reserved)
[    0.169245] SLUB: HWalign=32, Order=0-3, MinObjects=0, CPUs=128, Nodes=1
[    0.169530] ftrace: allocating 20538 entries in 41 pages
[    0.180363] Running RCU self tests
[    0.180407] rcu: Hierarchical RCU implementation.
[    0.180455] rcu: 	RCU event tracing is enabled.
[    0.180503] rcu: 	RCU lockdep checking is enabled.
[    0.180551] 	Tasks RCU enabled.
[    0.180589] rcu: RCU calculated value of scheduler-enlistment delay is 10 jiffies.
[    0.184359] NR_IRQS: 2048, nr_irqs: 2048, preallocated irqs: 1
[    0.184432] SUN4V: Using IRQ API major 3, cookie only virqs enabled
[    0.186724] clocksource: stick: mask: 0xffffffffffffffff max_cycles: 0x1cd42e4dffb, max_idle_ns: 881590591483 ns
[    0.186852] clocksource: mult[800000] shift[23]
[    0.186900] clockevent: mult[80000000] shift[31]
[    0.187430] Console: colour dummy device 80x25
[    0.187491] printk: console [tty0] enabled
[    0.187562] printk: bootconsole [earlyprom0] disabled
[    0.187644] Lock dependency validator: Copyright (c) 2006 Red Hat, Inc., Ingo Molnar
[    0.187690] ... MAX_LOCKDEP_SUBCLASSES:  8
[    0.187718] ... MAX_LOCK_DEPTH:          48
[    0.187747] ... MAX_LOCKDEP_KEYS:        8191
[    0.187776] ... CLASSHASH_SIZE:          4096
[    0.187805] ... MAX_LOCKDEP_ENTRIES:     16384
[    0.187835] ... MAX_LOCKDEP_CHAINS:      32768
[    0.187864] ... CHAINHASH_SIZE:          16384
[    0.187894]  memory used by lock dependency info: 4959 kB
[    0.187928]  per task-struct memory footprint: 1920 bytes
[    0.337110] Calibrating delay using timer specific routine.. 2003.64 BogoMIPS (lpj=10018206)
[    0.337164] pid_max: default: 131072 minimum: 1024
[    0.337416] LSM: Security Framework initializing
[    0.337615] AppArmor: AppArmor initialized
[    0.337898] Mount-cache hash table entries: 131072 (order: 7, 1048576 bytes)
[    0.338056] Mountpoint-cache hash table entries: 131072 (order: 7, 1048576 bytes)
[    0.341084] rcu: Hierarchical SRCU implementation.
[    0.348147] smp: Bringing up secondary CPUs ...
[    0.388906] smp: Brought up 1 node, 32 CPUs
[    0.623245] node 0 initialised, 4228944 pages in 230ms
[    0.624630] devtmpfs: initialized
[    0.629204] Performance events: 
[    0.629245] Testing NMI watchdog ... 
[    0.829313] OK.
[    0.829442] Supported PMU type is 'niagara5'
[    0.829628] random: get_random_u32 called from bucket_table_alloc.isra.0+0x144/0x1c0 with crng_init=0
[    0.830171] ldc.c:v1.1 (July 22, 2008)
[    0.832324] clocksource: jiffies: mask: 0xffffffff max_cycles: 0xffffffff, max_idle_ns: 19112604462750000 ns
[    0.832408] futex hash table entries: 32768 (order: 9, 4194304 bytes)
[    0.837650] NET: Registered protocol family 16
[    0.845119] VIO: Adding device channel-devices (tx_ino = ffffffffffffffff, rx_ino = ffffffffffffffff)
[    0.845311] VIO: Adding device vnet-port-0-0 (tx_ino = 0, rx_ino = 1)
[    0.845501] VIO: Adding device vnet-port-0-1 (tx_ino = 2, rx_ino = 3)
[    0.845660] VIO: Adding device vnet-port-0-2 (tx_ino = 4, rx_ino = 5)
[    0.845818] VIO: Adding device vnet-port-0-3 (tx_ino = 6, rx_ino = 7)
[    0.845979] VIO: Adding device vnet-port-0-4 (tx_ino = 8, rx_ino = 9)
[    0.846136] VIO: Adding device vnet-port-0-5 (tx_ino = a, rx_ino = b)
[    0.846293] VIO: Adding device vdc-port-2-0 (tx_ino = c, rx_ino = d)
[    0.846453] VIO: Adding device vdc-port-1-0 (tx_ino = e, rx_ino = f)
[    0.846610] VIO: Adding device vdc-port-0-0 (tx_ino = 10, rx_ino = 11)
[    0.846767] VIO: Adding device vdc-port-3-0 (tx_ino = 12, rx_ino = 13)
[    0.846928] VIO: Adding device vlds-port-0-0 (tx_ino = 14, rx_ino = 15)
[    0.847088] VIO: Adding device domain-services-port-0 (tx_ino = 14, rx_ino = 15)
[    0.847355] audit: initializing netlink subsys (disabled)
[    0.847601] audit: type=2000 audit(0.650:1): state=initialized audit_enabled=0 res=1
[    0.870346] HugeTLB registered 64.0 KiB page size, pre-allocated 0 pages
[    0.870392] HugeTLB registered 8.00 MiB page size, pre-allocated 0 pages
[    0.870435] HugeTLB registered 256 MiB page size, pre-allocated 0 pages
[    0.870477] HugeTLB registered 2.00 GiB page size, pre-allocated 0 pages
[    0.872486] cryptd: max_cpu_qlen set to 1000
[    0.875277] NetLabel: Initializing
[    0.875306] NetLabel:  domain hash size = 128
[    0.875337] NetLabel:  protocols = UNLABELED CIPSOv4 CALIPSO
[    0.875461] NetLabel:  unlabeled traffic allowed by default
[    0.876348] SUN4V: Reboot data supported (maj=1,min=0).
[    0.876684] ds.c:v1.0 (Jul 11, 2007)
[    0.877006] ds-0: ds_conn_reset() from send_events.isra.0
[    0.878434] clocksource: Switched to clocksource stick
[    1.061291] VFS: Disk quotas dquot_6.6.0
[    1.061423] VFS: Dquot-cache hash table entries: 1024 (order 0, 8192 bytes)
[    1.063055] AppArmor: AppArmor Filesystem Enabled
[    1.075289] NET: Registered protocol family 2
[    1.076754] tcp_listen_portaddr_hash hash table entries: 32768 (order: 8, 2359296 bytes)
[    1.079693] TCP established hash table entries: 524288 (order: 9, 4194304 bytes)
[    1.081639] TCP bind hash table entries: 65536 (order: 9, 4194304 bytes)
[    1.087738] TCP: Hash tables configured (established 524288 bind 65536)
[    1.090194] UDP hash table entries: 32768 (order: 9, 5242880 bytes)
[    1.096553] UDP-Lite hash table entries: 32768 (order: 9, 5242880 bytes)
[    1.104422] NET: Registered protocol family 1
[    1.104481] NET: Registered protocol family 44
[    1.104987] Unpacking initramfs...
[    1.296957] Freeing initrd memory: 14728K
[    1.297832] aes_sparc64: Using sparc64 aes opcodes optimized AES implementation
[    1.323594] des_sparc64: Using sparc64 des opcodes optimized DES implementation
[    1.360176] camellia_sparc64: Using sparc64 camellia opcodes optimized CAMELLIA implementation
[    1.391942] workingset: timestamp_bits=46 max_order=23 bucket_order=0
[    1.409814] zbud: loaded
[    1.411838] SGI XFS with ACLs, security attributes, debug enabled
[    1.620423] Block layer SCSI generic (bsg) driver version 0.4 loaded (major 252)
[    1.621305] io scheduler mq-deadline registered
[    1.623904] f029b788: ttyS0 at I/O 0x0 (irq = 1, base_baud = 115200) is a SUN4V HCONS
[    1.629947] printk: console [ttyHV0] enabled
[    1.632464] sunvdc.c:v1.2 (November 24, 2014)
[    1.634218] sunvdc: Virtual Hard disk vdiskc
[    1.634255] sunvdc: vdiskc: 104857600 sectors (51200 MB) protocol 1.2
[    1.652978] sunvdc: Virtual Hard disk vdiskb
[    1.653018] sunvdc: vdiskb: 62914560 sectors (30720 MB) protocol 1.2
[    1.653643]  vdiskb: vdiskb1
[    1.671092] sunvdc: Virtual Hard disk vdiska
[    1.671130] sunvdc: vdiska: 31457280 sectors (15360 MB) protocol 1.2
[    1.671742]  vdiska: vdiska1 vdiska2 vdiska3 vdiska4
[    1.689962] sunvdc: Virtual CDROM vdiskd
[    1.690002] sunvdc: vdiskd: 453848 sectors (221 MB) protocol 1.2
[    1.690616]  vdiskd: vdiskd1 vdiskd2 vdiskd3 vdiskd4 vdiskd5 vdiskd6 vdiskd7
[    1.708181] sunvnet: sunvnet 2.0 (February 3, 2017)
[    1.710342] vnet_port vnet-port-0-0 eth0: Sun LDOM vnet 00:14:4f:f8:12:a3
[    1.710550] sunvnet: eth0: PORT ( remote-mac 00:14:4f:fa:f3:f0 switch-port )
[    1.710881] sunvnet: eth0: PORT ( remote-mac 00:14:4f:f8:e5:f3 )
[    1.711208] sunvnet: eth0: PORT ( remote-mac 00:14:4f:f9:b4:97 )
[    1.711536] sunvnet: eth0: PORT ( remote-mac 00:14:4f:f8:3f:1e )
[    1.711860] sunvnet: eth0: PORT ( remote-mac 00:14:4f:f8:fe:47 )
[    1.712180] sunvnet: eth0: PORT ( remote-mac 00:14:4f:f9:8b:83 )
[    1.713329] rtc-sun4v rtc-sun4v: registered as rtc0
[    1.713867] sun4v_wdt: initialized (timeout=60s, nowayout=0)
[    1.714463] device-mapper: uevent: version 1.0.3
[    1.715223] device-mapper: ioctl: 4.39.0-ioctl (2018-04-03) initialised: dm-devel@redhat.com
[    1.716084] NET: Registered protocol family 17
[    1.717112] registered taskstats version 1
[    1.717863] zswap: loaded using pool lzo/zbud
[    1.737308] Key type big_key registered
[    1.737363] AppArmor: AppArmor sha1 policy hashing enabled
[    1.738059] rtc-sun4v rtc-sun4v: setting system clock to 2020-04-29T10:11:57 UTC (1588155117)
[    1.742062] This architecture does not have kernel memory protection.
[    1.742108] Run /init as init process
[    2.227432] crc32c_sparc64: Using sparc64 crc32c opcode optimized CRC32C implementation
[    2.708394] raid6: int64x8  gen()  2171 MB/s
[    2.878396] raid6: int64x8  xor()  1571 MB/s
[    3.048408] raid6: int64x4  gen()  3474 MB/s
[    3.218410] raid6: int64x4  xor()  2003 MB/s
[    3.388400] raid6: int64x2  gen()  2864 MB/s
[    3.558391] raid6: int64x2  xor()  1994 MB/s
[    3.728411] raid6: int64x1  gen()  2850 MB/s
[    3.898407] raid6: int64x1  xor()  1626 MB/s
[    3.898443] raid6: using algorithm int64x4 gen() 3474 MB/s
[    3.898481] raid6: .... xor() 2003 MB/s, rmw enabled
[    3.898518] raid6: using intx1 recovery algorithm
[    3.899323] async_tx: api initialized (async)
[    3.899852] xor: automatically using best checksumming function   Niagara   
[    3.974541] random: fast init done
[    4.155929] EXT4-fs (vdiska2): mounted filesystem with ordered data mode. Opts: (null)
[    4.364481] systemd[1]: Inserted module 'autofs4'
[    4.373412] NET: Registered protocol family 10
[    4.378104] Segment Routing with IPv6
[    4.394909] systemd[1]: systemd 245.5-2 running in system mode. (+PAM +AUDIT +SELINUX +IMA +APPARMOR +SMACK +SYSVINIT +UTMP +LIBCRYPTSETUP +GCRYPT +GNUTLS +ACL +XZ +LZ4 -SECCOMP +BLKID +ELFUTILS +KMOD +IDN2 -IDN +PCRE2 default-hierarchy=hybrid)
[    4.395512] systemd[1]: Detected architecture sparc64.
[    4.403489] systemd[1]: Set hostname to <ttip>.
[    4.501399] random: lvmconfig: uninitialized urandom read (4 bytes read)
[    4.763720] systemd[1]: /lib/systemd/system/dbus.socket:5: ListenStream= references a path below legacy directory /var/run/, updating /var/run/dbus/system_bus_socket â†’ /run/dbus/system_bus_socket; please update the unit file accordingly.
[    4.826923] random: systemd: uninitialized urandom read (16 bytes read)
[    4.833894] systemd[1]: Created slice system-getty.slice.
[    4.834557] random: systemd: uninitialized urandom read (16 bytes read)
[    4.836759] systemd[1]: Created slice system-modprobe.slice.
[    4.840216] systemd[1]: Created slice system-openvpn\x2dclient.slice.
[    4.844699] systemd[1]: Created slice system-postfix.slice.
[    4.847960] systemd[1]: Created slice system-systemd\x2dfsck.slice.
[    4.851242] systemd[1]: Created slice User and Session Slice.
[    4.852151] systemd[1]: Started Dispatch Password Requests to Console Directory Watch.
[    4.852939] systemd[1]: Started Forward Password Requests to Wall Directory Watch.
[    4.855052] systemd[1]: Set up automount Arbitrary Executable File Formats File System Automount Point.
[    4.855591] systemd[1]: Reached target Local Encrypted Volumes.
[    4.856054] systemd[1]: Reached target Paths.
[    4.856478] systemd[1]: Reached target Remote File Systems.
[    4.856907] systemd[1]: Reached target Slices.
[    4.857842] systemd[1]: Listening on Device-mapper event daemon FIFOs.
[    4.859012] systemd[1]: Listening on LVM2 poll daemon socket.
[    4.861167] systemd[1]: Listening on Syslog Socket.
[    4.862134] systemd[1]: Listening on fsck to fsckd communication Socket.
[    4.862887] systemd[1]: Listening on initctl Compatibility Named Pipe.
[    4.864073] systemd[1]: Listening on Journal Audit Socket.
[    4.865030] systemd[1]: Listening on Journal Socket (/dev/log).
[    4.866171] systemd[1]: Listening on Journal Socket.
[    4.867289] systemd[1]: Listening on udev Control Socket.
[    4.868092] systemd[1]: Listening on udev Kernel Socket.
[    4.876535] systemd[1]: Mounting Huge Pages File System...
[    4.885907] systemd[1]: Mounting POSIX Message Queue File System...
[    4.894283] systemd[1]: Mounting Kernel Debug File System...
[    4.904393] systemd[1]: Mounting Kernel Trace File System...
[    4.912244] systemd[1]: Starting Availability of block devices...
[    4.921364] systemd[1]: Starting Wait for network to be configured by ifupdown...
[    4.930046] systemd[1]: Starting Create list of static device nodes for the current kernel...
[    4.938236] systemd[1]: Starting Monitoring of LVM2 mirrors, snapshots etc. using dmeventd or progress polling...
[    4.946252] systemd[1]: Starting Load Kernel Module drm...
[    4.953995] systemd[1]: Starting nftables...
[    4.955532] systemd[1]: Condition check resulted in Set Up Additional Binary Formats being skipped.
[    4.955740] systemd[1]: Condition check resulted in File System Check on Root Device being skipped.
[    4.966247] systemd[1]: Starting Journal Service...
[    4.975604] systemd[1]: Starting Load Kernel Modules...
[    4.985241] systemd[1]: Starting Remount Root and Kernel File Systems...
[    4.993544] systemd[1]: Starting udev Coldplug all Devices...
[    5.003949] systemd[1]: Mounted Huge Pages File System.
[    5.006047] systemd[1]: Mounted POSIX Message Queue File System.
[    5.007764] systemd[1]: Mounted Kernel Debug File System.
[    5.009798] systemd[1]: Mounted Kernel Trace File System.
[    5.018725] systemd[1]: Finished Availability of block devices.
[    5.026217] systemd[1]: Finished Wait for network to be configured by ifupdown.
[    5.034279] systemd[1]: Finished Create list of static device nodes for the current kernel.
[    5.042050] EXT4-fs (vdiska2): re-mounted. Opts: errors=remount-ro
[    5.051851] systemd[1]: modprobe@drm.service: Succeeded.
[    5.056585] systemd[1]: Finished Load Kernel Module drm.
[    5.057766] systemd[1]: Started Journal Service.
[    5.152651] systemd-journald[477]: Received client request to flush runtime journal.
[    5.523653] sha1_sparc64: Using sparc64 sha1 opcode optimized SHA-1 implementation
[    5.525973] n2rng v0.3 (Jan 7, 2017)
[    5.526052] n2rng f029b104: Registered RNG HVAPI major 2 minor 0
[    5.526130] n2rng f029b104: Found multi-unit-capable RNG, units: 2
[    5.527181] n2rng f029b104: RNG ready
[    5.552379] sha256_sparc64: Using sparc64 sha256 opcode optimized SHA-256/SHA-224 implementation
[    5.569339] ------------[ cut here ]------------
[    5.569442] WARNING: CPU: 10 PID: 548 at drivers/block/pktcdvd.c:2597 pkt_setup_dev+0x2e8/0x5c0 [pktcdvd]
[    5.569520] Attempt to register a non-SCSI queue
[    5.569569] Modules linked in: pktcdvd cdrom sha512_sparc64(+) sha256_sparc64 n2_rng flash rng_core sha1_sparc64 nf_tables nfnetlink ip_tables x_tables ipv6 crc_ccitt autofs4 ext4 crc16 mbcache jbd2 raid10 raid456 async_raid6_recov async_memcpy async_pq async_xor xor async_tx raid6_pq raid1 raid0 multipath linear md_mod crc32c_sparc64
[    5.570067] CPU: 10 PID: 548 Comm: pktsetup Not tainted 5.0.0-rc7-00064-g40e196a906d9 #115
[    5.570076] Call Trace:
[    5.570087]  [0000000000467f20] __warn+0xc0/0x100
[    5.570231]  [0000000000467f94] warn_slowpath_fmt+0x34/0x60
[    5.570282]  [000000001048d268] pkt_setup_dev+0x2e8/0x5c0 [pktcdvd]
[    5.570338]  [000000001048ed34] pkt_ctl_ioctl+0x94/0x240 [pktcdvd]
[    5.570396]  [000000000069df50] do_vfs_ioctl+0x630/0x6e0
[    5.570443]  [000000000069e048] ksys_ioctl+0x48/0x80
[    5.570489]  [000000000069e094] sys_ioctl+0x14/0x40
[    5.570547]  [0000000000406294] linux_sparc_syscall+0x34/0x44
[    5.570599] irq event stamp: 3319
[    5.570639] hardirqs last  enabled at (3327): [<00000000004dcb40>] console_unlock+0x680/0x700
[    5.570712] hardirqs last disabled at (3334): [<00000000004dc5c8>] console_unlock+0x108/0x700
[    5.570783] softirqs last  enabled at (3178): [<0000000000ae3608>] __do_softirq+0x4a8/0x520
[    5.570859] softirqs last disabled at (3167): [<000000000042cd54>] do_softirq_own_stack+0x34/0x60
[    5.570929] ---[ end trace f2809e32dfdef855 ]---
[    5.571833] pktcdvd: setup of pktcdvd device failed
[    5.573877] sha512_sparc64: Using sparc64 sha512 opcode optimized SHA-512/SHA-384 implementation
[    5.575496] md5_sparc64: Using sparc64 md5 opcode optimized MD5 implementation
[    5.620734] pktcdvd: setup of pktcdvd device failed
[    5.625109] pktcdvd: setup of pktcdvd device failed
[    5.632974] pktcdvd: setup of pktcdvd device failed
[    5.636525] pktcdvd: setup of pktcdvd device failed
[    5.640739] pktcdvd: setup of pktcdvd device failed
[    5.644698] pktcdvd: setup of pktcdvd device failed
[    5.648625] pktcdvd: setup of pktcdvd device failed
[    5.650012] Adding 787176k swap on /dev/vdiska4.  Priority:-2 extents:1 across:787176k FS
[    5.776285] EXT4-fs (vdiska1): mounting ext3 file system using the ext4 subsystem
[    5.784760] EXT4-fs (vdiska1): mounted filesystem with ordered data mode. Opts: (null)
[    5.912220] XFS (dm-0): Mounting V5 Filesystem
[    5.959218] XFS (dm-0): Ending clean mount
[    6.077516] Kernel unaligned access at TPC[8305b8] aa_dfa_unpack+0x38/0x5c0
[    6.077676] Kernel unaligned access at TPC[8305d8] aa_dfa_unpack+0x58/0x5c0
[    6.077752] Kernel unaligned access at TPC[8306a4] aa_dfa_unpack+0x124/0x5c0
[    6.077831] Kernel unaligned access at TPC[830784] aa_dfa_unpack+0x204/0x5c0
[    6.077907] Kernel unaligned access at TPC[830798] aa_dfa_unpack+0x218/0x5c0
[    6.079827] audit: type=1400 audit(1588155121.840:2): apparmor="STATUS" operation="profile_load" profile="unconfined" name="/usr/sbin/haveged" pid=634 comm="apparmor_parser"
[    6.080452] audit: type=1400 audit(1588155121.840:3): apparmor="STATUS" operation="profile_load" profile="unconfined" name="lsb_release" pid=639 comm="apparmor_parser"
[    6.082988] audit: type=1400 audit(1588155121.840:4): apparmor="STATUS" operation="profile_load" profile="unconfined" name="/usr/sbin/named" pid=638 comm="apparmor_parser"
[    6.084216] audit: type=1400 audit(1588155121.840:5): apparmor="STATUS" operation="profile_load" profile="unconfined" name="/usr/sbin/tcpdump" pid=637 comm="apparmor_parser"
[    6.085519] audit: type=1400 audit(1588155121.840:6): apparmor="STATUS" operation="profile_load" profile="unconfined" name="nvidia_modprobe" pid=635 comm="apparmor_parser"
[    6.085647] audit: type=1400 audit(1588155121.840:7): apparmor="STATUS" operation="profile_load" profile="unconfined" name="nvidia_modprobe//kmod" pid=635 comm="apparmor_parser"
[    6.101566] audit: type=1400 audit(1588155121.860:8): apparmor="STATUS" operation="profile_load" profile="unconfined" name="/usr/bin/man" pid=636 comm="apparmor_parser"
[    6.101682] audit: type=1400 audit(1588155121.860:9): apparmor="STATUS" operation="profile_load" profile="unconfined" name="man_filter" pid=636 comm="apparmor_parser"
[    6.101788] audit: type=1400 audit(1588155121.860:10): apparmor="STATUS" operation="profile_load" profile="unconfined" name="man_groff" pid=636 comm="apparmor_parser"
[    6.556988] random: crng init done
[    6.557037] random: 7 urandom warning(s) missed due to ratelimiting
