[    0.000023] PROMLIB: Sun IEEE Boot Prom 'OBP 4.38.12 2018/03/28 14:54'
[    0.000035] PROMLIB: Root node compatible: sun4v
[    0.000085] Linux version 5.1.0-05705-gb3a5e648f591 (mator@ttip) (gcc version 8.3.0 (Debian 8.3.0-7)) #1043 SMP Sat Jul 13 13:01:15 MSK 2019
[    0.000392] printk: bootconsole [earlyprom0] enabled
[    0.000444] ARCH: SUN4V
[    0.000493] Ethernet address: 00:14:4f:fa:06:f2
[    0.000543] MM: PAGE_OFFSET is 0xfff8000000000000 (max_phys_bits == 47)
[    0.000608] MM: VMALLOC [0x0000000100000000 --> 0x0006000000000000]
[    0.000669] MM: VMEMMAP [0x0006000000000000 --> 0x000c000000000000]
[    0.012123] Kernel: Using 5 locked TLB entries for main kernel image.
[    0.012210] Remapping the kernel... 
[    0.012235] done.
[    0.046871] OF stdout device is: /virtual-devices@100/console@1
[    0.046953] PROM: Built device tree with 86230 bytes of memory.
[    0.047019] MDESC: Size is 36560 bytes.
[    0.047143] PLATFORM: banner-name [SPARC T5-2]
[    0.047195] PLATFORM: name [ORCL,SPARC-T5-2]
[    0.047240] PLATFORM: hostid [84fa06f2]
[    0.047285] PLATFORM: serial# [0035260e]
[    0.047327] PLATFORM: stick-frequency [3b9aca00]
[    0.047377] PLATFORM: mac-address [144ffa06f2]
[    0.047422] PLATFORM: watchdog-resolution [1000 ms]
[    0.047474] PLATFORM: watchdog-max-timeout [31536000000 ms]
[    0.047528] PLATFORM: max-cpus [1024]
[    0.047641] Top of RAM: 0x24af938000, Total RAM: 0x87f354000
[    0.047702] Memory hole size: 115461MB
[    0.052373] Allocated 40960 bytes for kernel page tables.
[    0.052477] Zone ranges:
[    0.052520]   Normal   [mem 0x0000000030400000-0x00000024af937fff]
[    0.052584] Movable zone start for each node
[    0.052630] Early memory node ranges
[    0.052670]   node   0: [mem 0x0000000030400000-0x000000006fe7ffff]
[    0.052731]   node   0: [mem 0x000000006ff00000-0x000000006ff25fff]
[    0.052792]   node   0: [mem 0x0000000070000000-0x000000042fffffff]
[    0.052851]   node   0: [mem 0x0000002030000000-0x00000024af87ffff]
[    0.052912]   node   0: [mem 0x00000024af900000-0x00000024af925fff]
[    0.052974]   node   0: [mem 0x00000024af930000-0x00000024af937fff]
[    0.060347] Zeroed struct page in unavailable ranges: 230130 pages
[    0.060355] Initmem setup node 0 [mem 0x0000000030400000-0x00000024af937fff]
[    0.060512] On node 0 totalpages: 4454826
[    0.060523]   Normal zone: 39154 pages used for memmap
[    0.060528]   Normal zone: 0 pages reserved
[    0.060534]   Normal zone: 4454826 pages, LIFO batch:31
[    0.257908] Booting Linux...
[    0.257993] CPU CAPS: [flush,stbar,swap,muldiv,v9,blkinit,n2,mul32]
[    0.258077] CPU CAPS: [div32,v8plus,popc,vis,vis2,ASIBlkInit,fmaf,vis3]
[    0.258153] CPU CAPS: [hpc,ima,pause,cbcond,aes,des,kasumi,camellia]
[    0.259229] CPU CAPS: [md5,sha1,sha256,sha512,mpmul,montmul,montsqr,crc32c]
[    0.319099] percpu: Embedded 27 pages/cpu s179528 r8192 d33464 u262144
[    0.319356] pcpu-alloc: s179528 r8192 d33464 u262144 alloc=1*4194304
[    0.319363] pcpu-alloc: [0] 000 001 002 003 004 005 006 007 008 009 010 011 012 013 014 015 
[    0.319390] pcpu-alloc: [0] 016 017 018 019 020 021 022 023 024 025 026 027 028 029 030 031 
[    0.319417] pcpu-alloc: [0] 032 033 034 035 036 037 038 039 040 041 042 043 044 045 046 047 
[    0.319443] pcpu-alloc: [0] 048 049 050 051 052 053 054 055 056 057 058 059 060 061 062 063 
[    0.319469] pcpu-alloc: [0] 064 065 066 067 068 069 070 071 072 073 074 075 076 077 078 079 
[    0.319496] pcpu-alloc: [0] 080 081 082 083 084 085 086 087 088 089 090 091 092 093 094 095 
[    0.319522] pcpu-alloc: [0] 096 097 098 099 100 101 102 103 104 105 106 107 108 109 110 111 
[    0.319549] pcpu-alloc: [0] 112 113 114 115 116 117 118 119 120 121 122 123 124 125 126 127 
[    0.319576] pcpu-alloc: [0] 128 129 130 131 132 133 134 135 136 137 138 139 140 141 142 143 
[    0.319603] pcpu-alloc: [0] 144 145 146 147 148 149 150 151 152 153 154 155 156 157 158 159 
[    0.319629] pcpu-alloc: [0] 160 161 162 163 164 165 166 167 168 169 170 171 172 173 174 175 
[    0.319656] pcpu-alloc: [0] 176 177 178 179 180 181 182 183 184 185 186 187 188 189 190 191 
[    0.319683] pcpu-alloc: [0] 192 193 194 195 196 197 198 199 200 201 202 203 204 205 206 207 
[    0.319710] pcpu-alloc: [0] 208 209 210 211 212 213 214 215 216 217 218 219 220 221 222 223 
[    0.319737] pcpu-alloc: [0] 224 225 226 227 228 229 230 231 232 233 234 235 236 237 238 239 
[    0.319763] pcpu-alloc: [0] 240 241 242 243 244 245 246 247 248 249 250 251 252 253 254 255 
[    0.320246] SUN4V: Mondo queue sizes [cpu(131072) dev(16384) r(8192) nr(256)]
[    0.320620] Built 1 zonelists, mobility grouping on.  Total pages: 4415672
[    0.320711] Kernel command line: BOOT_IMAGE=/vmlinuz-5.1.0-05705-gb3a5e648f591 root=/dev/vdiska2 ro zswap.enabled=1
[    0.324208] printk: log_buf_len individual max cpu contribution: 4096 bytes
[    0.324290] printk: log_buf_len total cpu_extra contributions: 1044480 bytes
[    0.324357] printk: log_buf_len min size: 131072 bytes
[    0.324735] printk: log_buf_len: 2097152 bytes
[    0.324787] printk: early log buf free: 125896(96%)
[    0.331140] Dentry cache hash table entries: 8388608 (order: 13, 67108864 bytes)
[    0.334418] Inode-cache hash table entries: 4194304 (order: 12, 33554432 bytes)
[    0.334499] Sorting __ex_table...
[    0.413331] Memory: 35102504K/35638608K available (6745K kernel code, 956K rwdata, 2024K rodata, 976K init, 6722K bss, 536104K reserved, 0K cma-reserved)
[    0.414423] kmemleak: Kernel memory leak detector disabled
[    0.415044] ftrace: allocating 19671 entries in 39 pages
[    0.429163] Running RCU self tests
[    0.429235] rcu: Hierarchical RCU implementation.
[    0.429288] rcu: 	RCU event tracing is enabled.
[    0.429340] rcu: 	RCU lockdep checking is enabled.
[    0.429389] 	Tasks RCU enabled.
[    0.430431] rcu: RCU calculated value of scheduler-enlistment delay is 11 jiffies.
[    0.437357] NR_IRQS: 2048, nr_irqs: 2048, preallocated irqs: 1
[    0.437475] SUN4V: Using IRQ API major 3, cookie only virqs enabled
[    0.441880] clocksource: stick: mask: 0xffffffffffffffff max_cycles: 0x1cd42e4dffb, max_idle_ns: 881590591483 ns
[    0.442012] clocksource: mult[800000] shift[23]
[    0.442061] clockevent: mult[80000000] shift[31]
[    0.446194] Console: colour dummy device 80x25
[    0.446267] printk: console [tty0] enabled
[    0.446344] printk: bootconsole [earlyprom0] disabled
[    0.446428] Lock dependency validator: Copyright (c) 2006 Red Hat, Inc., Ingo Molnar
[    0.446474] ... MAX_LOCKDEP_SUBCLASSES:  8
[    0.446502] ... MAX_LOCK_DEPTH:          48
[    0.446531] ... MAX_LOCKDEP_KEYS:        8191
[    0.446560] ... CLASSHASH_SIZE:          4096
[    0.446590] ... MAX_LOCKDEP_ENTRIES:     16384
[    0.446620] ... MAX_LOCKDEP_CHAINS:      32768
[    0.446650] ... CHAINHASH_SIZE:          16384
[    0.446680]  memory used by lock dependency info: 3853 kB
[    0.446714]  per task-struct memory footprint: 1920 bytes
[    0.446923] kmemleak: Early log buffer exceeded (4966), please increase DEBUG_KMEMLEAK_EARLY_LOG_SIZE
[    0.592752] Calibrating delay using timer specific routine.. 2017.60 BogoMIPS (lpj=10088037)
[    0.592821] pid_max: default: 262144 minimum: 2048
[    0.594490] Mount-cache hash table entries: 131072 (order: 7, 1048576 bytes)
[    0.594649] Mountpoint-cache hash table entries: 131072 (order: 7, 1048576 bytes)
[    0.596093] *** VALIDATE proc ***
[    0.596763] *** VALIDATE cgroup1 ***
[    0.596793] *** VALIDATE cgroup2 ***
[    0.599562] rcu: Hierarchical SRCU implementation.
[    0.621750] smp: Bringing up secondary CPUs ...
[    0.701745] smp: Brought up 1 node, 32 CPUs
[    0.708907] devtmpfs: initialized
[    0.715166] Performance events: 
[    0.715220] Testing NMI watchdog ... 
[    0.915332] OK.
[    0.915514] Supported PMU type is 'niagara5'
[    0.915833] random: get_random_u32 called from bucket_table_alloc.isra.4+0x184/0x1c0 with crng_init=0
[    0.916704] ldc.c:v1.1 (July 22, 2008)
[    0.919630] clocksource: jiffies: mask: 0xffffffff max_cycles: 0xffffffff, max_idle_ns: 19112604462750000 ns
[    0.919732] futex hash table entries: 65536 (order: 10, 8388608 bytes)
[    0.929172] NET: Registered protocol family 16
[    0.938977] VIO: Adding device channel-devices (tx_ino = ffffffffffffffff, rx_ino = ffffffffffffffff)
[    0.939241] VIO: Adding device vnet-port-0-0 (tx_ino = 0, rx_ino = 1)
[    0.939453] VIO: Adding device vnet-port-0-1 (tx_ino = 2, rx_ino = 3)
[    0.939639] VIO: Adding device vnet-port-0-2 (tx_ino = 4, rx_ino = 5)
[    0.939826] VIO: Adding device vnet-port-0-3 (tx_ino = 6, rx_ino = 7)
[    0.940013] VIO: Adding device vnet-port-0-4 (tx_ino = 8, rx_ino = 9)
[    0.940194] VIO: Adding device vnet-port-0-5 (tx_ino = 16, rx_ino = 17)
[    0.940381] VIO: Adding device vdc-port-3-0 (tx_ino = a, rx_ino = b)
[    0.940562] VIO: Adding device vdc-port-2-0 (tx_ino = c, rx_ino = d)
[    0.940748] VIO: Adding device vdc-port-1-0 (tx_ino = e, rx_ino = f)
[    0.940927] VIO: Adding device vdc-port-0-0 (tx_ino = 10, rx_ino = 11)
[    0.941114] VIO: Adding device vlds-port-0-0 (tx_ino = 12, rx_ino = 13)
[    0.941298] VIO: Adding device domain-services-port-0 (tx_ino = 12, rx_ino = 13)
[    0.941706] audit: initializing netlink subsys (disabled)
[    0.942129] audit: type=2000 audit(0.490:1): state=initialized audit_enabled=0 res=1
[    0.986758] HugeTLB registered 64.0 KiB page size, pre-allocated 0 pages
[    0.986812] HugeTLB registered 8.00 MiB page size, pre-allocated 0 pages
[    0.986856] HugeTLB registered 256 MiB page size, pre-allocated 0 pages
[    0.986899] HugeTLB registered 2.00 GiB page size, pre-allocated 0 pages
[    1.034590] alg: No test for lzo-rle (lzo-rle-generic)
[    1.035202] alg: No test for lzo-rle (lzo-rle-scomp)
[    1.050712] SUN4V: Reboot data supported (maj=1,min=0).
[    1.051156] ds.c:v1.0 (Jul 11, 2007)
[    1.051582] ds-0: ds_conn_reset() from send_events.isra.3
[    1.053015] clocksource: Switched to clocksource stick
[    1.327219] VFS: Disk quotas dquot_6.6.0
[    1.327731] VFS: Dquot-cache hash table entries: 1024 (order 0, 8192 bytes)
[    1.328360] *** VALIDATE hugetlbfs ***
[    1.347020] NET: Registered protocol family 2
[    1.349427] tcp_listen_portaddr_hash hash table entries: 32768 (order: 8, 2359296 bytes)
[    1.352735] TCP established hash table entries: 524288 (order: 9, 4194304 bytes)
[    1.354860] TCP bind hash table entries: 65536 (order: 9, 4194304 bytes)
[    1.361065] TCP: Hash tables configured (established 524288 bind 65536)
[    1.367838] UDP hash table entries: 32768 (order: 9, 5242880 bytes)
[    1.375140] UDP-Lite hash table entries: 32768 (order: 9, 5242880 bytes)
[    1.388990] NET: Registered protocol family 1
[    1.390092] Unpacking initramfs...
[    1.709606] Freeing initrd memory: 10280K
[    1.746522] workingset: timestamp_bits=46 max_order=23 bucket_order=0
[    1.753007] SGI XFS with ACLs, security attributes, debug enabled
[    1.767918] Block layer SCSI generic (bsg) driver version 0.4 loaded (major 252)
[    1.769869] io scheduler mq-deadline registered
[    1.772830] f029b788: ttyS0 at I/O 0x0 (irq = 1, base_baud = 115200) is a SUN4V HCONS
[    1.778898] printk: console [ttyHV0] enabled
[    1.783411] sunvdc.c:v1.2 (November 24, 2014)
[    1.791435] sunvdc: Virtual CDROM vdiskd
[    1.791518] sunvdc: vdiskd: 403160 sectors (196 MB) protocol 1.2
[    1.793280]  vdiskd: vdiskd1 vdiskd2 vdiskd3 vdiskd4 vdiskd5 vdiskd6 vdiskd7
[    1.851430] sunvdc: Virtual Hard disk vdiskc
[    1.851485] sunvdc: vdiskc: 104857600 sectors (51200 MB) protocol 1.2
[    1.904596] sunvdc: Virtual Hard disk vdiskb
[    1.904651] sunvdc: vdiskb: 62914560 sectors (30720 MB) protocol 1.2
[    1.906589]  vdiskb: vdiskb1
[    1.960868] sunvdc: Virtual Hard disk vdiska
[    1.960923] sunvdc: vdiska: 31457280 sectors (15360 MB) protocol 1.2
[    1.961898]  vdiska: vdiska1 vdiska2 vdiska3 vdiska4
[    2.009136] sunvnet: sunvnet 2.0 (February 3, 2017)
[    2.012815] vnet_port vnet-port-0-0 eth0: Sun LDOM vnet 00:14:4f:f8:12:a3
[    2.013515] sunvnet: eth0: PORT ( remote-mac 00:14:4f:fa:f3:f0 switch-port )
[    2.014929] sunvnet: eth0: PORT ( remote-mac 00:14:4f:f8:e5:f3 )
[    2.016259] sunvnet: eth0: PORT ( remote-mac 00:14:4f:f9:b4:97 )
[    2.017627] sunvnet: eth0: PORT ( remote-mac 00:14:4f:f9:8b:83 )
[    2.018918] sunvnet: eth0: PORT ( remote-mac 00:14:4f:f8:3f:1e )
[    2.020244] sunvnet: eth0: PORT ( remote-mac 00:14:4f:f8:fe:47 )
[    2.021909] rtc-sun4v rtc-sun4v: registered as rtc0
[    2.022379] device-mapper: uevent: version 1.0.3
[    2.023577] device-mapper: ioctl: 4.40.0-ioctl (2019-01-18) initialised: dm-devel@redhat.com
[    2.025273] NET: Registered protocol family 17
[    2.036237] zswap: default zpool zbud not available
[    2.036301] zswap: pool creation failed
[    2.086526] Key type big_key registered
[    2.087457] rtc-sun4v rtc-sun4v: setting system clock to 2019-07-13T10:03:40 UTC (1563012220)
[    2.091824] This architecture does not have kernel memory protection.
[    2.091886] Run /init as init process
[    3.035275] random: fast init done
[    3.041370] crc32c_sparc64: Using sparc64 crc32c opcode optimized CRC32C implementation
[    3.673032] raid6: int64x8  gen()  2016 MB/s
[    3.842996] raid6: int64x8  xor()  1515 MB/s
[    4.013000] raid6: int64x4  gen()  3275 MB/s
[    4.183016] raid6: int64x4  xor()  1935 MB/s
[    4.353044] raid6: int64x2  gen()  2669 MB/s
[    4.523008] raid6: int64x2  xor()  1931 MB/s
[    4.693007] raid6: int64x1  gen()  2502 MB/s
[    4.863014] raid6: int64x1  xor()  1608 MB/s
[    4.863065] raid6: using algorithm int64x4 gen() 3275 MB/s
[    4.863103] raid6: .... xor() 1935 MB/s, rmw enabled
[    4.863139] raid6: using intx1 recovery algorithm
[    4.864189] async_tx: api initialized (async)
[    4.864994] xor: automatically using best checksumming function   Niagara   
[    5.110905] EXT4-fs (vdiska2): mounted filesystem with ordered data mode. Opts: (null)
[    5.401598] systemd[1]: Inserted module 'autofs4'
[    5.411921] NET: Registered protocol family 10
[    5.424660] Segment Routing with IPv6
[    5.453576] systemd[1]: systemd 241 running in system mode. (+PAM +AUDIT +SELINUX +IMA +APPARMOR +SMACK +SYSVINIT +UTMP +LIBCRYPTSETUP +GCRYPT +GNUTLS +ACL +XZ +LZ4 -SECCOMP +BLKID +ELFUTILS +KMOD -IDN2 +IDN +PCRE2 default-hierarchy=hybrid)
[    5.454171] systemd[1]: Detected architecture sparc64.
[    5.471725] systemd[1]: Set hostname to <ttip>.
[    5.600310] random: lvmconfig: uninitialized urandom read (4 bytes read)
[    5.890192] systemd[1]: /lib/systemd/system/smbd.service:9: PIDFile= references path below legacy directory /var/run/, updating /var/run/samba/smbd.pid → /run/samba/smbd.pid; please update the unit file accordingly.
[    5.890893] systemd[1]: /lib/systemd/system/nmbd.service:9: PIDFile= references path below legacy directory /var/run/, updating /var/run/samba/nmbd.pid → /run/samba/nmbd.pid; please update the unit file accordingly.
[    5.927399] random: systemd: uninitialized urandom read (16 bytes read)
[    5.934994] random: systemd: uninitialized urandom read (16 bytes read)
[    5.935910] systemd[1]: Started Forward Password Requests to Wall Directory Watch.
[    5.937939] systemd[1]: Listening on Journal Socket (/dev/log).
[    5.939331] systemd[1]: Listening on udev Control Socket.
[    5.940341] systemd[1]: Listening on udev Kernel Socket.
[    5.954642] systemd[1]: Created slice system-systemd\x2dfsck.slice.
[    6.202092] EXT4-fs (vdiska2): re-mounted. Opts: errors=remount-ro
[    6.328304] systemd-journald[448]: Received request to flush runtime journal from PID 1
[    7.044420] sha1_sparc64: Using sparc64 sha1 opcode optimized SHA-1 implementation
[    7.053081] n2rng v0.3 (Jan 7, 2017)
[    7.053204] n2rng f029b104: Registered RNG HVAPI major 2 minor 0
[    7.053300] n2rng f029b104: Found multi-unit-capable RNG, units: 2
[    7.054985] n2rng f029b104: RNG ready
[    7.081607] sha256_sparc64: Using sparc64 sha256 opcode optimized SHA-256/SHA-224 implementation
[    7.109484] sha512_sparc64: Using sparc64 sha512 opcode optimized SHA-512/SHA-384 implementation
[    7.111758] md5_sparc64: Using sparc64 md5 opcode optimized MD5 implementation
[    7.123482] aes_sparc64: Using sparc64 aes opcodes optimized AES implementation
[    7.194523] des_sparc64: Using sparc64 des opcodes optimized DES implementation
[    7.262661] camellia_sparc64: Using sparc64 camellia opcodes optimized CAMELLIA implementation
[    8.361215] XFS (dm-0): Mounting V5 Filesystem
[    8.379711] XFS (dm-0): Ending clean mount
[   10.368415] Adding 787176k swap on /dev/vdiska4.  Priority:-2 extents:1 across:787176k FS
[   10.468451] EXT4-fs (vdiska1): mounting ext3 file system using the ext4 subsystem
[   10.486438] EXT4-fs (vdiska1): mounted filesystem with ordered data mode. Opts: (null)
[   11.126582] random: crng init done
[   11.126632] random: 7 urandom warning(s) missed due to ratelimiting
