[    0.000018] PROMLIB: Sun IEEE Boot Prom 'OBP 4.38.12 2018/03/28 14:54'
[    0.000030] PROMLIB: Root node compatible: sun4v
[    0.000078] Linux version 5.2.0-06782-gd72619706abc (mator@ttip) (gcc version 8.3.0 (Debian 8.3.0-19)) #1157 SMP Wed Aug 14 01:43:16 MSK 2019
[    0.000385] printk: bootconsole [earlyprom0] enabled
[    0.000437] ARCH: SUN4V
[    0.000486] Ethernet address: 00:14:4f:fa:06:f2
[    0.000537] MM: PAGE_OFFSET is 0xfff8000000000000 (max_phys_bits == 47)
[    0.000602] MM: VMALLOC [0x0000000100000000 --> 0x0006000000000000]
[    0.000661] MM: VMEMMAP [0x0006000000000000 --> 0x000c000000000000]
[    0.012144] Kernel: Using 5 locked TLB entries for main kernel image.
[    0.012220] Remapping the kernel... 
[    0.012244] done.
[    0.047566] OF stdout device is: /virtual-devices@100/console@1
[    0.047646] PROM: Built device tree with 87467 bytes of memory.
[    0.047710] MDESC: Size is 37248 bytes.
[    0.047836] PLATFORM: banner-name [SPARC T5-2]
[    0.047888] PLATFORM: name [ORCL,SPARC-T5-2]
[    0.047933] PLATFORM: hostid [84fa06f2]
[    0.047977] PLATFORM: serial# [0035260e]
[    0.048019] PLATFORM: stick-frequency [3b9aca00]
[    0.048067] PLATFORM: mac-address [144ffa06f2]
[    0.048113] PLATFORM: watchdog-resolution [1000 ms]
[    0.048164] PLATFORM: watchdog-max-timeout [31536000000 ms]
[    0.048218] PLATFORM: max-cpus [1024]
[    0.048306] Top of RAM: 0x24af938000, Total RAM: 0x87f354000
[    0.048368] Memory hole size: 115461MB
[    0.101288] kmemleak: Kernel memory leak detector disabled
[    0.282062] Allocated 35708928 bytes for kernel page tables.
[    0.282168] Zone ranges:
[    0.282209]   Normal   [mem 0x0000000030400000-0x00000024af937fff]
[    0.282274] Movable zone start for each node
[    0.283321] Early memory node ranges
[    0.283361]   node   0: [mem 0x0000000030400000-0x000000006fe7ffff]
[    0.283422]   node   0: [mem 0x000000006ff00000-0x000000006ff25fff]
[    0.283481]   node   0: [mem 0x0000000070000000-0x000000042fffffff]
[    0.283541]   node   0: [mem 0x0000002030000000-0x00000024af87ffff]
[    0.283601]   node   0: [mem 0x00000024af900000-0x00000024af925fff]
[    0.283660]   node   0: [mem 0x00000024af930000-0x00000024af937fff]
[    0.291021] Zeroed struct page in unavailable ranges: 230130 pages
[    0.291029] Initmem setup node 0 [mem 0x0000000030400000-0x00000024af937fff]
[    0.291186] On node 0 totalpages: 4454826
[    0.291196]   Normal zone: 39154 pages used for memmap
[    0.291201]   Normal zone: 0 pages reserved
[    0.291206]   Normal zone: 4454826 pages, LIFO batch:31
[    0.488459] Booting Linux...
[    0.488547] CPU CAPS: [flush,stbar,swap,muldiv,v9,blkinit,n2,mul32]
[    0.488630] CPU CAPS: [div32,v8plus,popc,vis,vis2,ASIBlkInit,fmaf,vis3]
[    0.489707] CPU CAPS: [hpc,ima,pause,cbcond,aes,des,kasumi,camellia]
[    0.489778] CPU CAPS: [md5,sha1,sha256,sha512,mpmul,montmul,montsqr,crc32c]
[    0.556530] percpu: Embedded 27 pages/cpu s180680 r8192 d32312 u262144
[    0.556809] pcpu-alloc: s180680 r8192 d32312 u262144 alloc=1*4194304
[    0.556816] pcpu-alloc: [0] 000 001 002 003 004 005 006 007 008 009 010 011 012 013 014 015 
[    0.556843] pcpu-alloc: [0] 016 017 018 019 020 021 022 023 024 025 026 027 028 029 030 031 
[    0.556869] pcpu-alloc: [0] 032 033 034 035 036 037 038 039 040 041 042 043 044 045 046 047 
[    0.556895] pcpu-alloc: [0] 048 049 050 051 052 053 054 055 056 057 058 059 060 061 062 063 
[    0.556922] pcpu-alloc: [0] 064 065 066 067 068 069 070 071 072 073 074 075 076 077 078 079 
[    0.556948] pcpu-alloc: [0] 080 081 082 083 084 085 086 087 088 089 090 091 092 093 094 095 
[    0.556974] pcpu-alloc: [0] 096 097 098 099 100 101 102 103 104 105 106 107 108 109 110 111 
[    0.557001] pcpu-alloc: [0] 112 113 114 115 116 117 118 119 120 121 122 123 124 125 126 127 
[    0.557028] pcpu-alloc: [0] 128 129 130 131 132 133 134 135 136 137 138 139 140 141 142 143 
[    0.557055] pcpu-alloc: [0] 144 145 146 147 148 149 150 151 152 153 154 155 156 157 158 159 
[    0.557081] pcpu-alloc: [0] 160 161 162 163 164 165 166 167 168 169 170 171 172 173 174 175 
[    0.557108] pcpu-alloc: [0] 176 177 178 179 180 181 182 183 184 185 186 187 188 189 190 191 
[    0.557135] pcpu-alloc: [0] 192 193 194 195 196 197 198 199 200 201 202 203 204 205 206 207 
[    0.557161] pcpu-alloc: [0] 208 209 210 211 212 213 214 215 216 217 218 219 220 221 222 223 
[    0.557188] pcpu-alloc: [0] 224 225 226 227 228 229 230 231 232 233 234 235 236 237 238 239 
[    0.557215] pcpu-alloc: [0] 240 241 242 243 244 245 246 247 248 249 250 251 252 253 254 255 
[    0.557717] SUN4V: Mondo queue sizes [cpu(131072) dev(16384) r(8192) nr(256)]
[    0.558280] Built 1 zonelists, mobility grouping on.  Total pages: 4415672
[    0.558374] Kernel command line: BOOT_IMAGE=/vmlinux-5.2.0-06782-gd72619706abc root=/dev/vdiska2 ro zswap.enabled=1
[    0.560718] printk: log_buf_len individual max cpu contribution: 4096 bytes
[    0.560791] printk: log_buf_len total cpu_extra contributions: 1044480 bytes
[    0.560854] printk: log_buf_len min size: 131072 bytes
[    0.561335] printk: log_buf_len: 2097152 bytes
[    0.561386] printk: early log buf free: 125824(95%)
[    0.571151] Dentry cache hash table entries: 8388608 (order: 13, 67108864 bytes)
[    0.576162] Inode-cache hash table entries: 4194304 (order: 12, 33554432 bytes)
[    0.576262] Sorting __ex_table...
[    0.655347] Memory: 35067248K/35638608K available (6861K kernel code, 962K rwdata, 2048K rodata, 1000K init, 6716K bss, 571360K reserved, 0K cma-reserved)
[    0.672510] ftrace: allocating 19815 entries in 39 pages
[    0.691267] Running RCU self tests
[    0.691341] rcu: Hierarchical RCU implementation.
[    0.691392] rcu: 	RCU event tracing is enabled.
[    0.691443] rcu: 	RCU lockdep checking is enabled.
[    0.691492] 	Tasks RCU enabled.
[    0.692535] rcu: RCU calculated value of scheduler-enlistment delay is 11 jiffies.
[    0.700836] NR_IRQS: 2048, nr_irqs: 2048, preallocated irqs: 1
[    0.701242] SUN4V: Using IRQ API major 3, cookie only virqs enabled
[    0.707636] clocksource: stick: mask: 0xffffffffffffffff max_cycles: 0x1cd42e4dffb, max_idle_ns: 881590591483 ns
[    0.707770] clocksource: mult[800000] shift[23]
[    0.707818] clockevent: mult[80000000] shift[31]
[    0.730524] Console: colour dummy device 80x25
[    0.730618] printk: console [tty0] enabled
[    0.730700] printk: bootconsole [earlyprom0] disabled
[    0.730786] Lock dependency validator: Copyright (c) 2006 Red Hat, Inc., Ingo Molnar
[    0.730835] ... MAX_LOCKDEP_SUBCLASSES:  8
[    0.730865] ... MAX_LOCK_DEPTH:          48
[    0.730895] ... MAX_LOCKDEP_KEYS:        8192
[    0.730926] ... CLASSHASH_SIZE:          4096
[    0.730957] ... MAX_LOCKDEP_ENTRIES:     16384
[    0.730988] ... MAX_LOCKDEP_CHAINS:      32768
[    0.731020] ... CHAINHASH_SIZE:          16384
[    0.731052]  memory used by lock dependency info: 3855 kB
[    0.731088]  per task-struct memory footprint: 1920 bytes
[    0.731827] kmemleak: Early log buffer exceeded (9377), please increase DEBUG_KMEMLEAK_EARLY_LOG_SIZE
[    0.878548] Calibrating delay using timer specific routine.. 2016.67 BogoMIPS (lpj=10083371)
[    0.878620] pid_max: default: 262144 minimum: 2048
[    0.885942] Mount-cache hash table entries: 131072 (order: 7, 1048576 bytes)
[    0.886180] Mountpoint-cache hash table entries: 131072 (order: 7, 1048576 bytes)
[    0.891075] *** VALIDATE proc ***
[    0.893839] *** VALIDATE cgroup1 ***
[    0.893874] *** VALIDATE cgroup2 ***
[    0.898398] rcu: Hierarchical SRCU implementation.
[    0.922691] smp: Bringing up secondary CPUs ...
[    1.020269] smp: Brought up 1 node, 32 CPUs
[    1.031084] devtmpfs: initialized
[    1.037507] Performance events: 
[    1.037581] Testing NMI watchdog ... 
[    1.237961] OK.
[    1.238135] Supported PMU type is 'niagara5'
[    1.238917] random: get_random_u32 called from bucket_table_alloc.isra.4+0x184/0x1c0 with crng_init=0
[    1.240065] ldc.c:v1.1 (July 22, 2008)
[    1.243945] clocksource: jiffies: mask: 0xffffffff max_cycles: 0xffffffff, max_idle_ns: 19112604462750000 ns
[    1.244053] futex hash table entries: 65536 (order: 10, 8388608 bytes)
[    1.258929] NET: Registered protocol family 16
[    1.269271] VIO: Adding device channel-devices (tx_ino = ffffffffffffffff, rx_ino = ffffffffffffffff)
[    1.269531] VIO: Adding device vnet-port-0-0 (tx_ino = 0, rx_ino = 1)
[    1.269757] VIO: Adding device vnet-port-0-1 (tx_ino = 2, rx_ino = 3)
[    1.269942] VIO: Adding device vnet-port-0-2 (tx_ino = 4, rx_ino = 5)
[    1.270128] VIO: Adding device vnet-port-0-4 (tx_ino = 8, rx_ino = 9)
[    1.270362] VIO: Adding device vnet-port-0-5 (tx_ino = a, rx_ino = b)
[    1.270559] VIO: Adding device vnet-port-0-6 (tx_ino = c, rx_ino = d)
[    1.270745] VIO: Adding device vnet-port-0-3 (tx_ino = 6, rx_ino = 7)
[    1.270931] VIO: Adding device vdc-port-3-0 (tx_ino = e, rx_ino = f)
[    1.271131] VIO: Adding device vdc-port-2-0 (tx_ino = 10, rx_ino = 11)
[    1.271316] VIO: Adding device vdc-port-1-0 (tx_ino = 12, rx_ino = 13)
[    1.271512] VIO: Adding device vdc-port-0-0 (tx_ino = 14, rx_ino = 15)
[    1.271698] VIO: Adding device vdc-port-4-0 (tx_ino = 16, rx_ino = 17)
[    1.271899] VIO: Adding device vlds-port-0-0 (tx_ino = 18, rx_ino = 19)
[    1.272090] VIO: Adding device domain-services-port-0 (tx_ino = 18, rx_ino = 19)
[    1.272809] audit: initializing netlink subsys (disabled)
[    1.273258] audit: type=2000 audit(0.560:1): state=initialized audit_enabled=0 res=1
[    1.322988] HugeTLB registered 64.0 KiB page size, pre-allocated 0 pages
[    1.323046] HugeTLB registered 8.00 MiB page size, pre-allocated 0 pages
[    1.323091] HugeTLB registered 256 MiB page size, pre-allocated 0 pages
[    1.323136] HugeTLB registered 2.00 GiB page size, pre-allocated 0 pages
[    1.373425] alg: No test for lzo-rle (lzo-rle-generic)
[    1.374013] alg: No test for lzo-rle (lzo-rle-scomp)
[    1.394874] SUN4V: Reboot data supported (maj=1,min=0).
[    1.395875] ds.c:v1.0 (Jul 11, 2007)
[    1.396494] ds-0: ds_conn_reset() from send_events.isra.3
[    1.398132] clocksource: Switched to clocksource stick
[    1.693093] VFS: Disk quotas dquot_6.6.0
[    1.694678] VFS: Dquot-cache hash table entries: 1024 (order 0, 8192 bytes)
[    1.695356] *** VALIDATE hugetlbfs ***
[    1.716629] NET: Registered protocol family 2
[    1.720049] tcp_listen_portaddr_hash hash table entries: 32768 (order: 8, 2359296 bytes)
[    1.723419] TCP established hash table entries: 524288 (order: 9, 4194304 bytes)
[    1.725721] TCP bind hash table entries: 65536 (order: 9, 4194304 bytes)
[    1.731426] TCP: Hash tables configured (established 524288 bind 65536)
[    1.738446] UDP hash table entries: 32768 (order: 9, 5242880 bytes)
[    1.746070] UDP-Lite hash table entries: 32768 (order: 9, 5242880 bytes)
[    1.760555] NET: Registered protocol family 1
[    1.761651] Trying to unpack rootfs image as initramfs...
[    2.085050] Freeing initrd memory: 10416K
[    2.121155] workingset: timestamp_bits=46 max_order=23 bucket_order=0
[    2.127516] SGI XFS with ACLs, security attributes, debug enabled
[    2.158491] Block layer SCSI generic (bsg) driver version 0.4 loaded (major 252)
[    2.160559] io scheduler mq-deadline registered
[    2.162628] f029b788: ttyS0 at I/O 0x0 (irq = 1, base_baud = 115200) is a SUN4V HCONS
[    2.169042] printk: console [ttyHV0] enabled
[    2.175101] sunvdc.c:v1.2 (November 24, 2014)
[    2.182819] sunvdc: Virtual CDROM vdiskd
[    2.182890] sunvdc: vdiskd: 403160 sectors (196 MB) protocol 1.2
[    2.184614]  vdiskd: vdiskd1 vdiskd2 vdiskd3 vdiskd4 vdiskd5 vdiskd6 vdiskd7
[    2.243143] sunvdc: Virtual Hard disk vdiskc
[    2.243197] sunvdc: vdiskc: 104857600 sectors (51200 MB) protocol 1.2
[    2.298277] sunvdc: Virtual Hard disk vdiskb
[    2.298332] sunvdc: vdiskb: 62914560 sectors (30720 MB) protocol 1.2
[    2.300191]  vdiskb: vdiskb1
[    2.354956] sunvdc: Virtual Hard disk vdiska
[    2.355012] sunvdc: vdiska: 31457280 sectors (15360 MB) protocol 1.2
[    2.356002]  vdiska: vdiska1 vdiska2 vdiska3 vdiska4
[    2.412581] sunvdc: Virtual Hard disk vdiske
[    2.412637] sunvdc: vdiske: 20971520 sectors (10240 MB) protocol 1.2
[    2.414489]  vdiske: vdiske1 vdiske2 vdiske3
[    2.462461] sunvnet: sunvnet 2.0 (February 3, 2017)
[    2.466085] vnet_port vnet-port-0-0 eth0: Sun LDOM vnet 00:14:4f:f8:12:a3
[    2.466687] sunvnet: eth0: PORT ( remote-mac 00:14:4f:fa:f3:f0 switch-port )
[    2.468134] sunvnet: eth0: PORT ( remote-mac 00:14:4f:f8:e5:f3 )
[    2.469506] sunvnet: eth0: PORT ( remote-mac 00:14:4f:f9:b4:97 )
[    2.470825] sunvnet: eth0: PORT ( remote-mac 00:14:4f:f8:3f:1e )
[    2.472198] sunvnet: eth0: PORT ( remote-mac 00:14:4f:f8:fe:47 )
[    2.473525] sunvnet: eth0: PORT ( remote-mac 00:14:4f:f9:8b:83 )
[    2.474835] sunvnet: eth0: PORT ( remote-mac 00:14:4f:f9:6c:d1 )
[    2.476618] rtc-sun4v rtc-sun4v: registered as rtc0
[    2.477297] sun4v_wdt: initialized (timeout=60s, nowayout=0)
[    2.477728] device-mapper: uevent: version 1.0.3
[    2.478924] device-mapper: ioctl: 4.40.0-ioctl (2019-01-18) initialised: dm-devel@redhat.com
[    2.480949] NET: Registered protocol family 17
[    2.491897] zswap: default zpool zbud not available
[    2.491978] zswap: pool creation failed
[    2.541737] Key type big_key registered
[    2.542874] rtc-sun4v rtc-sun4v: setting system clock to 2019-08-13T22:45:52 UTC (1565736352)
[    2.547360] This architecture does not have kernel memory protection.
[    2.547416] Run /init as init process
[    3.480722] crc32c_sparc64: Using sparc64 crc32c opcode optimized CRC32C implementation
[    3.497090] random: fast init done
[    4.057914] raid6: int64x8  gen()  2145 MB/s
[    4.227911] raid6: int64x8  xor()  1570 MB/s
[    4.397928] raid6: int64x4  gen()  3467 MB/s
[    4.567926] raid6: int64x4  xor()  1981 MB/s
[    4.737927] raid6: int64x2  gen()  2864 MB/s
[    4.907928] raid6: int64x2  xor()  1985 MB/s
[    5.077921] raid6: int64x1  gen()  2791 MB/s
[    5.247925] raid6: int64x1  xor()  1621 MB/s
[    5.247976] raid6: using algorithm int64x4 gen() 3467 MB/s
[    5.248016] raid6: .... xor() 1981 MB/s, rmw enabled
[    5.248054] raid6: using intx1 recovery algorithm
[    5.249125] async_tx: api initialized (async)
[    5.249847] xor: automatically using best checksumming function   Niagara   
[    5.464435] EXT4-fs (vdiska2): mounted filesystem with ordered data mode. Opts: (null)
[    5.709206] systemd[1]: Inserted module 'autofs4'
[    5.722336] NET: Registered protocol family 10
[    5.735064] Segment Routing with IPv6
[    5.764729] systemd[1]: systemd 241 running in system mode. (+PAM +AUDIT +SELINUX +IMA +APPARMOR +SMACK +SYSVINIT +UTMP +LIBCRYPTSETUP +GCRYPT +GNUTLS +ACL +XZ +LZ4 -SECCOMP +BLKID +ELFUTILS +KMOD -IDN2 +IDN +PCRE2 default-hierarchy=hybrid)
[    5.765346] systemd[1]: Detected architecture sparc64.
[    5.787255] systemd[1]: Set hostname to <ttip>.
[    5.793147] systemd[1]: Failed to bump fs.file-max, ignoring: Invalid argument
[    5.925646] random: lvmconfig: uninitialized urandom read (4 bytes read)
[    6.187790] systemd[1]: /lib/systemd/system/smbd.service:9: PIDFile= references path below legacy directory /var/run/, updating /var/run/samba/smbd.pid → /run/samba/smbd.pid; please update the unit file accordingly.
[    6.188520] systemd[1]: /lib/systemd/system/nmbd.service:9: PIDFile= references path below legacy directory /var/run/, updating /var/run/samba/nmbd.pid → /run/samba/nmbd.pid; please update the unit file accordingly.
[    6.223347] random: systemd: uninitialized urandom read (16 bytes read)
[    6.233987] random: systemd: uninitialized urandom read (16 bytes read)
[    6.234089] systemd[1]: Reached target Remote File Systems.
[    6.235684] systemd[1]: Listening on Device-mapper event daemon FIFOs.
[    6.246371] systemd[1]: Created slice User and Session Slice.
[    6.246891] systemd[1]: Reached target Slices.
[    6.507996] EXT4-fs (vdiska2): re-mounted. Opts: errors=remount-ro
[    6.713836] systemd-journald[448]: Received request to flush runtime journal from PID 1
[    7.427340] sha1_sparc64: Using sparc64 sha1 opcode optimized SHA-1 implementation
[    7.440674] n2rng v0.3 (Jan 7, 2017)
[    7.440797] n2rng f029b104: Registered RNG HVAPI major 2 minor 0
[    7.440891] n2rng f029b104: Found multi-unit-capable RNG, units: 2
[    7.442560] n2rng f029b104: RNG ready
[    7.467834] sha256_sparc64: Using sparc64 sha256 opcode optimized SHA-256/SHA-224 implementation
[    7.495356] sha512_sparc64: Using sparc64 sha512 opcode optimized SHA-512/SHA-384 implementation
[    7.497765] md5_sparc64: Using sparc64 md5 opcode optimized MD5 implementation
[    7.513661] aes_sparc64: Using sparc64 aes opcodes optimized AES implementation
[    7.595848] des_sparc64: Using sparc64 des opcodes optimized DES implementation
[    7.675293] camellia_sparc64: Using sparc64 camellia opcodes optimized CAMELLIA implementation
[    9.146192] XFS (dm-0): Mounting V5 Filesystem
[   10.891124] Adding 787176k swap on /dev/vdiska4.  Priority:-2 extents:1 across:787176k FS
[   11.007599] EXT4-fs (vdiska1): mounting ext3 file system using the ext4 subsystem
[   11.026302] EXT4-fs (vdiska1): mounted filesystem with ordered data mode. Opts: (null)
[   12.817975] XFS (dm-0): Ending clean mount
