[    0.000019] PROMLIB: Sun IEEE Boot Prom 'OBP 4.38.12 2018/03/28 14:54'
[    0.000031] PROMLIB: Root node compatible: sun4v
[    0.000079] Linux version 5.2.0-07605-g39ceda5ce1b0 (mator@ttip) (gcc version 8.3.0 (Debian 8.3.0-19)) #1092 SMP Wed Jul 17 17:59:05 MSK 2019
[    0.000388] printk: bootconsole [earlyprom0] enabled
[    0.000440] ARCH: SUN4V
[    0.000490] Ethernet address: 00:14:4f:fa:06:f2
[    0.000541] MM: PAGE_OFFSET is 0xfff8000000000000 (max_phys_bits == 47)
[    0.000609] MM: VMALLOC [0x0000000100000000 --> 0x0006000000000000]
[    0.000669] MM: VMEMMAP [0x0006000000000000 --> 0x000c000000000000]
[    0.012038] Kernel: Using 5 locked TLB entries for main kernel image.
[    0.012124] Remapping the kernel... 
[    0.012149] done.
[    0.047171] OF stdout device is: /virtual-devices@100/console@1
[    0.047251] PROM: Built device tree with 86230 bytes of memory.
[    0.047318] MDESC: Size is 36560 bytes.
[    0.047445] PLATFORM: banner-name [SPARC T5-2]
[    0.047496] PLATFORM: name [ORCL,SPARC-T5-2]
[    0.047542] PLATFORM: hostid [84fa06f2]
[    0.047585] PLATFORM: serial# [0035260e]
[    0.047628] PLATFORM: stick-frequency [3b9aca00]
[    0.047677] PLATFORM: mac-address [144ffa06f2]
[    0.047724] PLATFORM: watchdog-resolution [1000 ms]
[    0.047775] PLATFORM: watchdog-max-timeout [31536000000 ms]
[    0.047830] PLATFORM: max-cpus [1024]
[    0.047940] Top of RAM: 0x24af938000, Total RAM: 0x87f354000
[    0.048002] Memory hole size: 115461MB
[    0.052765] Allocated 40960 bytes for kernel page tables.
[    0.052876] Zone ranges:
[    0.052919]   Normal   [mem 0x0000000030400000-0x00000024af937fff]
[    0.052982] Movable zone start for each node
[    0.053029] Early memory node ranges
[    0.053068]   node   0: [mem 0x0000000030400000-0x000000006fe7ffff]
[    0.053129]   node   0: [mem 0x000000006ff00000-0x000000006ff25fff]
[    0.053188]   node   0: [mem 0x0000000070000000-0x000000042fffffff]
[    0.053248]   node   0: [mem 0x0000002030000000-0x00000024af87ffff]
[    0.053309]   node   0: [mem 0x00000024af900000-0x00000024af925fff]
[    0.053368]   node   0: [mem 0x00000024af930000-0x00000024af937fff]
[    0.060747] Zeroed struct page in unavailable ranges: 230130 pages
[    0.060754] Initmem setup node 0 [mem 0x0000000030400000-0x00000024af937fff]
[    0.060912] On node 0 totalpages: 4454826
[    0.060921]   Normal zone: 39154 pages used for memmap
[    0.060926]   Normal zone: 0 pages reserved
[    0.060932]   Normal zone: 4454826 pages, LIFO batch:31
[    0.258527] Booting Linux...
[    0.258611] CPU CAPS: [flush,stbar,swap,muldiv,v9,blkinit,n2,mul32]
[    0.258693] CPU CAPS: [div32,v8plus,popc,vis,vis2,ASIBlkInit,fmaf,vis3]
[    0.259772] CPU CAPS: [hpc,ima,pause,cbcond,aes,des,kasumi,camellia]
[    0.259847] CPU CAPS: [md5,sha1,sha256,sha512,mpmul,montmul,montsqr,crc32c]
[    0.320607] percpu: Embedded 27 pages/cpu s180680 r8192 d32312 u262144
[    0.320871] pcpu-alloc: s180680 r8192 d32312 u262144 alloc=1*4194304
[    0.320878] pcpu-alloc: [0] 000 001 002 003 004 005 006 007 008 009 010 011 012 013 014 015 
[    0.320905] pcpu-alloc: [0] 016 017 018 019 020 021 022 023 024 025 026 027 028 029 030 031 
[    0.320931] pcpu-alloc: [0] 032 033 034 035 036 037 038 039 040 041 042 043 044 045 046 047 
[    0.320958] pcpu-alloc: [0] 048 049 050 051 052 053 054 055 056 057 058 059 060 061 062 063 
[    0.320984] pcpu-alloc: [0] 064 065 066 067 068 069 070 071 072 073 074 075 076 077 078 079 
[    0.321011] pcpu-alloc: [0] 080 081 082 083 084 085 086 087 088 089 090 091 092 093 094 095 
[    0.321037] pcpu-alloc: [0] 096 097 098 099 100 101 102 103 104 105 106 107 108 109 110 111 
[    0.321064] pcpu-alloc: [0] 112 113 114 115 116 117 118 119 120 121 122 123 124 125 126 127 
[    0.321091] pcpu-alloc: [0] 128 129 130 131 132 133 134 135 136 137 138 139 140 141 142 143 
[    0.321118] pcpu-alloc: [0] 144 145 146 147 148 149 150 151 152 153 154 155 156 157 158 159 
[    0.321145] pcpu-alloc: [0] 160 161 162 163 164 165 166 167 168 169 170 171 172 173 174 175 
[    0.321172] pcpu-alloc: [0] 176 177 178 179 180 181 182 183 184 185 186 187 188 189 190 191 
[    0.321199] pcpu-alloc: [0] 192 193 194 195 196 197 198 199 200 201 202 203 204 205 206 207 
[    0.321226] pcpu-alloc: [0] 208 209 210 211 212 213 214 215 216 217 218 219 220 221 222 223 
[    0.321253] pcpu-alloc: [0] 224 225 226 227 228 229 230 231 232 233 234 235 236 237 238 239 
[    0.321280] pcpu-alloc: [0] 240 241 242 243 244 245 246 247 248 249 250 251 252 253 254 255 
[    0.321797] SUN4V: Mondo queue sizes [cpu(131072) dev(16384) r(8192) nr(256)]
[    0.322166] Built 1 zonelists, mobility grouping on.  Total pages: 4415672
[    0.322258] Kernel command line: BOOT_IMAGE=/vmlinux-5.2.0-07605-g39ceda5ce1b0 root=/dev/vdiska2 ro zswap.enabled=1
[    0.324561] printk: log_buf_len individual max cpu contribution: 4096 bytes
[    0.324646] printk: log_buf_len total cpu_extra contributions: 1044480 bytes
[    0.324713] printk: log_buf_len min size: 131072 bytes
[    0.325127] printk: log_buf_len: 2097152 bytes
[    0.325179] printk: early log buf free: 125888(96%)
[    0.331870] Dentry cache hash table entries: 8388608 (order: 13, 67108864 bytes, linear)
[    0.335347] Inode-cache hash table entries: 4194304 (order: 12, 33554432 bytes, linear)
[    0.335449] Sorting __ex_table...
[    0.335679] mem auto-init: stack:off, heap alloc:off, heap free:off
[    0.415427] Memory: 35102232K/35638608K available (6844K kernel code, 962K rwdata, 2048K rodata, 992K init, 6716K bss, 536376K reserved, 0K cma-reserved)
[    0.416431] kmemleak: Kernel memory leak detector disabled
[    0.417038] ftrace: allocating 19821 entries in 39 pages
[    0.431082] Running RCU self tests
[    0.431156] rcu: Hierarchical RCU implementation.
[    0.431208] rcu: 	RCU event tracing is enabled.
[    0.431258] rcu: 	RCU lockdep checking is enabled.
[    0.431307] 	Tasks RCU enabled.
[    0.432351] rcu: RCU calculated value of scheduler-enlistment delay is 11 jiffies.
[    0.439127] NR_IRQS: 2048, nr_irqs: 2048, preallocated irqs: 1
[    0.439254] SUN4V: Using IRQ API major 3, cookie only virqs enabled
[    0.443790] clocksource: stick: mask: 0xffffffffffffffff max_cycles: 0x1cd42e4dffb, max_idle_ns: 881590591483 ns
[    0.443923] clocksource: mult[800000] shift[23]
[    0.443972] clockevent: mult[80000000] shift[31]
[    0.448132] Console: colour dummy device 80x25
[    0.448218] printk: console [tty0] enabled
[    0.448298] printk: bootconsole [earlyprom0] disabled
[    0.448385] Lock dependency validator: Copyright (c) 2006 Red Hat, Inc., Ingo Molnar
[    0.448433] ... MAX_LOCKDEP_SUBCLASSES:  8
[    0.448463] ... MAX_LOCK_DEPTH:          48
[    0.448492] ... MAX_LOCKDEP_KEYS:        8192
[    0.448523] ... CLASSHASH_SIZE:          4096
[    0.448554] ... MAX_LOCKDEP_ENTRIES:     16384
[    0.448585] ... MAX_LOCKDEP_CHAINS:      32768
[    0.448616] ... CHAINHASH_SIZE:          16384
[    0.448647]  memory used by lock dependency info: 3855 kB
[    0.448683]  per task-struct memory footprint: 1920 bytes
[    0.448889] kmemleak: Early log buffer exceeded (5008), please increase DEBUG_KMEMLEAK_EARLY_LOG_SIZE
[    0.594675] Calibrating delay using timer specific routine.. 2017.62 BogoMIPS (lpj=10088131)
[    0.594744] pid_max: default: 262144 minimum: 2048
[    0.596453] Mount-cache hash table entries: 131072 (order: 7, 1048576 bytes, linear)
[    0.596621] Mountpoint-cache hash table entries: 131072 (order: 7, 1048576 bytes, linear)
[    0.598118] *** VALIDATE proc ***
[    0.598917] *** VALIDATE cgroup1 ***
[    0.598949] *** VALIDATE cgroup2 ***
[    0.601768] rcu: Hierarchical SRCU implementation.
[    0.625323] smp: Bringing up secondary CPUs ...
[    0.714709] smp: Brought up 1 node, 32 CPUs
[    0.722272] devtmpfs: initialized
[    0.728837] Performance events: 
[    0.728894] Testing NMI watchdog ... 
[    0.929014] OK.
[    0.929200] Supported PMU type is 'niagara5'
[    0.929522] random: get_random_u32 called from bucket_table_alloc.isra.4+0x184/0x1c0 with crng_init=0
[    0.930394] ldc.c:v1.1 (July 22, 2008)
[    0.933478] clocksource: jiffies: mask: 0xffffffff max_cycles: 0xffffffff, max_idle_ns: 19112604462750000 ns
[    0.933581] futex hash table entries: 65536 (order: 10, 8388608 bytes, linear)
[    0.943115] NET: Registered protocol family 16
[    0.953009] VIO: Adding device channel-devices (tx_ino = ffffffffffffffff, rx_ino = ffffffffffffffff)
[    0.953283] VIO: Adding device vnet-port-0-0 (tx_ino = 0, rx_ino = 1)
[    0.953499] VIO: Adding device vnet-port-0-1 (tx_ino = 2, rx_ino = 3)
[    0.953689] VIO: Adding device vnet-port-0-2 (tx_ino = 4, rx_ino = 5)
[    0.953880] VIO: Adding device vnet-port-0-3 (tx_ino = 6, rx_ino = 7)
[    0.954069] VIO: Adding device vnet-port-0-4 (tx_ino = 8, rx_ino = 9)
[    0.954254] VIO: Adding device vnet-port-0-5 (tx_ino = 16, rx_ino = 17)
[    0.954443] VIO: Adding device vdc-port-3-0 (tx_ino = a, rx_ino = b)
[    0.954628] VIO: Adding device vdc-port-2-0 (tx_ino = c, rx_ino = d)
[    0.954816] VIO: Adding device vdc-port-1-0 (tx_ino = e, rx_ino = f)
[    0.955000] VIO: Adding device vdc-port-0-0 (tx_ino = 10, rx_ino = 11)
[    0.955189] VIO: Adding device vlds-port-0-0 (tx_ino = 12, rx_ino = 13)
[    0.955387] VIO: Adding device domain-services-port-0 (tx_ino = 12, rx_ino = 13)
[    0.955803] audit: initializing netlink subsys (disabled)
[    0.956205] audit: type=2000 audit(0.500:1): state=initialized audit_enabled=0 res=1
[    1.001814] HugeTLB registered 64.0 KiB page size, pre-allocated 0 pages
[    1.001872] HugeTLB registered 8.00 MiB page size, pre-allocated 0 pages
[    1.001917] HugeTLB registered 256 MiB page size, pre-allocated 0 pages
[    1.001963] HugeTLB registered 2.00 GiB page size, pre-allocated 0 pages
[    1.051413] alg: No test for lzo-rle (lzo-rle-generic)
[    1.052080] alg: No test for lzo-rle (lzo-rle-scomp)
[    1.070758] SUN4V: Reboot data supported (maj=1,min=0).
[    1.071217] ds.c:v1.0 (Jul 11, 2007)
[    1.071644] ds-0: ds_conn_reset() from send_events.isra.3
[    1.073096] clocksource: Switched to clocksource stick
[    1.360453] VFS: Disk quotas dquot_6.6.0
[    1.360963] VFS: Dquot-cache hash table entries: 1024 (order 0, 8192 bytes)
[    1.361602] *** VALIDATE hugetlbfs ***
[    1.380567] NET: Registered protocol family 2
[    1.383000] tcp_listen_portaddr_hash hash table entries: 32768 (order: 8, 2359296 bytes, linear)
[    1.386432] TCP established hash table entries: 524288 (order: 9, 4194304 bytes, linear)
[    1.388507] TCP bind hash table entries: 65536 (order: 9, 4194304 bytes, linear)
[    1.394747] TCP: Hash tables configured (established 524288 bind 65536)
[    1.401179] UDP hash table entries: 32768 (order: 9, 5242880 bytes, linear)
[    1.408523] UDP-Lite hash table entries: 32768 (order: 9, 5242880 bytes, linear)
[    1.422122] NET: Registered protocol family 1
[    1.423279] Trying to unpack rootfs image as initramfs...
[    1.750743] Freeing initrd memory: 10416K
[    1.787852] workingset: timestamp_bits=46 max_order=23 bucket_order=0
[    1.793689] SGI XFS with ACLs, security attributes, debug enabled
[    1.824667] Block layer SCSI generic (bsg) driver version 0.4 loaded (major 252)
[    1.826570] io scheduler mq-deadline registered
[    1.828869] f029b788: ttyS0 at I/O 0x0 (irq = 1, base_baud = 115200) is a SUN4V HCONS
[    1.835554] printk: console [ttyHV0] enabled
[    1.840956] sunvdc.c:v1.2 (November 24, 2014)
[    1.849074] sunvdc: Virtual CDROM vdiskd
[    1.849148] sunvdc: vdiskd: 403160 sectors (196 MB) protocol 1.2
[    1.850863]  vdiskd: vdiskd1 vdiskd2 vdiskd3 vdiskd4 vdiskd5 vdiskd6 vdiskd7
[    1.910280] sunvdc: Virtual Hard disk vdiskc
[    1.910337] sunvdc: vdiskc: 104857600 sectors (51200 MB) protocol 1.2
[    1.966175] sunvdc: Virtual Hard disk vdiskb
[    1.966232] sunvdc: vdiskb: 62914560 sectors (30720 MB) protocol 1.2
[    1.968216]  vdiskb: vdiskb1
[    2.022006] sunvdc: Virtual Hard disk vdiska
[    2.022061] sunvdc: vdiska: 31457280 sectors (15360 MB) protocol 1.2
[    2.023091]  vdiska: vdiska1 vdiska2 vdiska3 vdiska4
[    2.071181] sunvnet: sunvnet 2.0 (February 3, 2017)
[    2.074940] vnet_port vnet-port-0-0 eth0: Sun LDOM vnet 00:14:4f:f8:12:a3
[    2.075580] sunvnet: eth0: PORT ( remote-mac 00:14:4f:fa:f3:f0 switch-port )
[    2.077012] sunvnet: eth0: PORT ( remote-mac 00:14:4f:f8:e5:f3 )
[    2.078411] sunvnet: eth0: PORT ( remote-mac 00:14:4f:f9:b4:97 )
[    2.079821] sunvnet: eth0: PORT ( remote-mac 00:14:4f:f9:8b:83 )
[    2.081232] sunvnet: eth0: PORT ( remote-mac 00:14:4f:f8:3f:1e )
[    2.082610] sunvnet: eth0: PORT ( remote-mac 00:14:4f:f8:fe:47 )
[    2.084550] rtc-sun4v rtc-sun4v: registered as rtc0
[    2.085038] device-mapper: uevent: version 1.0.3
[    2.086305] device-mapper: ioctl: 4.40.0-ioctl (2019-01-18) initialised: dm-devel@redhat.com
[    2.088101] NET: Registered protocol family 17
[    2.099224] zswap: default zpool zbud not available
[    2.099316] zswap: pool creation failed
[    2.152739] Key type big_key registered
[    2.153782] rtc-sun4v rtc-sun4v: setting system clock to 2019-07-17T15:00:54 UTC (1563375654)
[    2.158250] This architecture does not have kernel memory protection.
[    2.158320] Run /init as init process
[    3.089269] crc32c_sparc64: Using sparc64 crc32c opcode optimized CRC32C implementation
[    3.119510] random: fast init done
[    3.713113] raid6: int64x8  gen()  2110 MB/s
[    3.883099] raid6: int64x8  xor()  1545 MB/s
[    4.053105] raid6: int64x4  gen()  3228 MB/s
[    4.223092] raid6: int64x4  xor()  1946 MB/s
[    4.393098] raid6: int64x2  gen()  2967 MB/s
[    4.563095] raid6: int64x2  xor()  1956 MB/s
[    4.733083] raid6: int64x1  gen()  2581 MB/s
[    4.903078] raid6: int64x1  xor()  1588 MB/s
[    4.903130] raid6: using algorithm int64x4 gen() 3228 MB/s
[    4.903170] raid6: .... xor() 1946 MB/s, rmw enabled
[    4.903210] raid6: using intx1 recovery algorithm
[    4.904223] async_tx: api initialized (async)
[    4.904861] xor: automatically using best checksumming function   Niagara   
[    5.126413] EXT4-fs (vdiska2): mounted filesystem with ordered data mode. Opts: (null)
[    5.366680] systemd[1]: Inserted module 'autofs4'
[    5.378872] NET: Registered protocol family 10
[    5.391178] Segment Routing with IPv6
[    5.420200] systemd[1]: systemd 241 running in system mode. (+PAM +AUDIT +SELINUX +IMA +APPARMOR +SMACK +SYSVINIT +UTMP +LIBCRYPTSETUP +GCRYPT +GNUTLS +ACL +XZ +LZ4 -SECCOMP +BLKID +ELFUTILS +KMOD -IDN2 +IDN +PCRE2 default-hierarchy=hybrid)
[    5.420836] systemd[1]: Detected architecture sparc64.
[    5.439794] systemd[1]: Set hostname to <ttip>.
[    5.445046] systemd[1]: Failed to bump fs.file-max, ignoring: Invalid argument
[    5.560862] random: lvmconfig: uninitialized urandom read (4 bytes read)
[    5.851787] systemd[1]: /lib/systemd/system/smbd.service:9: PIDFile= references path below legacy directory /var/run/, updating /var/run/samba/smbd.pid → /run/samba/smbd.pid; please update the unit file accordingly.
[    5.852487] systemd[1]: /lib/systemd/system/nmbd.service:9: PIDFile= references path below legacy directory /var/run/, updating /var/run/samba/nmbd.pid → /run/samba/nmbd.pid; please update the unit file accordingly.
[    5.890983] random: systemd: uninitialized urandom read (16 bytes read)
[    5.898568] random: systemd: uninitialized urandom read (16 bytes read)
[    5.899507] systemd[1]: Started Forward Password Requests to Wall Directory Watch.
[    5.901351] systemd[1]: Listening on fsck to fsckd communication Socket.
[    5.920231] systemd[1]: Created slice system-getty.slice.
[    5.921629] systemd[1]: Listening on Device-mapper event daemon FIFOs.
[    6.193158] EXT4-fs (vdiska2): re-mounted. Opts: errors=remount-ro
[    6.382737] systemd-journald[452]: Received request to flush runtime journal from PID 1
[    7.095497] sha1_sparc64: Using sparc64 sha1 opcode optimized SHA-1 implementation
[    7.131029] sha256_sparc64: Using sparc64 sha256 opcode optimized SHA-256/SHA-224 implementation
[    7.156373] sha512_sparc64: Using sparc64 sha512 opcode optimized SHA-512/SHA-384 implementation
[    7.159057] md5_sparc64: Using sparc64 md5 opcode optimized MD5 implementation
[    7.176043] aes_sparc64: Using sparc64 aes opcodes optimized AES implementation
[    7.186367] n2rng v0.3 (Jan 7, 2017)
[    7.186480] n2rng f029b104: Registered RNG HVAPI major 2 minor 0
[    7.186573] n2rng f029b104: Found multi-unit-capable RNG, units: 2
[    7.187922] n2rng f029b104: RNG ready
[    7.258627] des_sparc64: Using sparc64 des opcodes optimized DES implementation
[    7.328955] camellia_sparc64: Using sparc64 camellia opcodes optimized CAMELLIA implementation
[    8.501168] XFS (dm-0): Mounting V5 Filesystem
[    8.521922] XFS (dm-0): Ending clean mount
[   10.353252] Adding 787176k swap on /dev/vdiska4.  Priority:-2 extents:1 across:787176k FS
[   10.443328] EXT4-fs (vdiska1): mounting ext3 file system using the ext4 subsystem
[   10.462324] EXT4-fs (vdiska1): mounted filesystem with ordered data mode. Opts: (null)
[   11.147258] random: crng init done
[   11.147311] random: 7 urandom warning(s) missed due to ratelimiting
