[    0.000020] PROMLIB: Sun IEEE Boot Prom 'OBP 4.38.12 2018/03/28 14:54'
[    0.000032] PROMLIB: Root node compatible: sun4v
[    0.000081] Linux version 5.9.0-rc8-00246-g3dd0130f2430 (mator@ttip) (gcc (Debian 10.2.0-13) 10.2.0, GNU ld (GNU Binutils for Debian) 2.35.1) #85 SMP Mon Oct 12 18:32:53 MSK 2020
[    0.000419] printk: bootconsole [earlyprom0] enabled
[    0.000470] ARCH: SUN4V
[    0.000520] Ethernet address: 00:14:4f:fa:06:f2
[    0.000571] MM: PAGE_OFFSET is 0xfff8000000000000 (max_phys_bits == 47)
[    0.000636] MM: VMALLOC [0x0000000100000000 --> 0x0006000000000000]
[    0.000698] MM: VMEMMAP [0x0006000000000000 --> 0x000c000000000000]
[    0.013034] Kernel: Using 5 locked TLB entries for main kernel image.
[    0.013103] Remapping the kernel... 
[    0.013125] done.
[    0.046105] OF stdout device is: /virtual-devices@100/console@1
[    0.046173] PROM: Built device tree with 86758 bytes of memory.
[    0.046236] MDESC: Size is 36512 bytes.
[    0.046353] PLATFORM: banner-name [SPARC T5-2]
[    0.046404] PLATFORM: name [ORCL,SPARC-T5-2]
[    0.046448] PLATFORM: hostid [84fa06f2]
[    0.046491] PLATFORM: serial# [0035260e]
[    0.046533] PLATFORM: stick-frequency [3b9aca00]
[    0.046582] PLATFORM: mac-address [144ffa06f2]
[    0.046626] PLATFORM: watchdog-resolution [1000 ms]
[    0.046677] PLATFORM: watchdog-max-timeout [31536000000 ms]
[    0.046732] PLATFORM: max-cpus [1024]
[    0.051483] Allocated 40960 bytes for kernel page tables.
[    0.051574] Zone ranges:
[    0.051613]   Normal   [mem 0x0000000030400000-0x00000024af937fff]
[    0.051678] Movable zone start for each node
[    0.051722] Early memory node ranges
[    0.051763]   node   0: [mem 0x0000000030400000-0x000000006fe7ffff]
[    0.051826]   node   0: [mem 0x000000006ff00000-0x000000006ff25fff]
[    0.051886]   node   0: [mem 0x0000000070000000-0x000000042fffffff]
[    0.051948]   node   0: [mem 0x0000002030000000-0x00000024af87ffff]
[    0.052012]   node   0: [mem 0x00000024af900000-0x00000024af925fff]
[    0.052071]   node   0: [mem 0x00000024af930000-0x00000024af937fff]
[    0.065865] Zeroed struct page in unavailable ranges: 263766 pages
[    0.065874] Initmem setup node 0 [mem 0x0000000030400000-0x00000024af937fff]
[    0.066034] On node 0 totalpages: 4454826
[    0.066044]   Normal zone: 39154 pages used for memmap
[    0.066049]   Normal zone: 0 pages reserved
[    0.066054]   Normal zone: 4454826 pages, LIFO batch:31
[    0.224813] Booting Linux...
[    0.224898] CPU CAPS: [flush,stbar,swap,muldiv,v9,blkinit,n2,mul32]
[    0.224978] CPU CAPS: [div32,v8plus,popc,vis,vis2,ASIBlkInit,fmaf,vis3]
[    0.226057] CPU CAPS: [hpc,ima,pause,cbcond,aes,des,kasumi,camellia]
[    0.226130] CPU CAPS: [md5,sha1,sha256,sha512,mpmul,montmul,montsqr,crc32c]
[    0.255945] percpu: Embedded 28 pages/cpu s184784 r8192 d36400 u262144
[    0.256162] pcpu-alloc: s184784 r8192 d36400 u262144 alloc=1*4194304
[    0.256168] pcpu-alloc: [0] 000 001 002 003 004 005 006 007 008 009 010 011 012 013 014 015 
[    0.256194] pcpu-alloc: [0] 016 017 018 019 020 021 022 023 024 025 026 027 028 029 030 031 
[    0.256219] pcpu-alloc: [0] 032 033 034 035 036 037 038 039 040 041 042 043 044 045 046 047 
[    0.256245] pcpu-alloc: [0] 048 049 050 051 052 053 054 055 056 057 058 059 060 061 062 063 
[    0.256270] pcpu-alloc: [0] 064 065 066 067 068 069 070 071 072 073 074 075 076 077 078 079 
[    0.256296] pcpu-alloc: [0] 080 081 082 083 084 085 086 087 088 089 090 091 092 093 094 095 
[    0.256321] pcpu-alloc: [0] 096 097 098 099 100 101 102 103 104 105 106 107 108 109 110 111 
[    0.256346] pcpu-alloc: [0] 112 113 114 115 116 117 118 119 120 121 122 123 124 125 126 127 
[    0.256786] SUN4V: Mondo queue sizes [cpu(131072) dev(16384) r(8192) nr(256)]
[    0.257162] Built 1 zonelists, mobility grouping on.  Total pages: 4415672
[    0.257231] Policy zone: Normal
[    0.257287] Kernel command line: BOOT_IMAGE=/vmlinux-5.9.0-rc8-00246-g3dd0130f2430 root=/dev/vdiska2 ro zswap.enabled=1
[    0.259938] printk: log_buf_len individual max cpu contribution: 4096 bytes
[    0.260007] printk: log_buf_len total cpu_extra contributions: 520192 bytes
[    0.260075] printk: log_buf_len min size: 131072 bytes
[    0.260345] printk: log_buf_len: 1048576 bytes
[    0.260396] printk: early log buf free: 126688(96%)
[    0.266709] Dentry cache hash table entries: 8388608 (order: 13, 67108864 bytes, linear)
[    0.269947] Inode-cache hash table entries: 4194304 (order: 12, 33554432 bytes, linear)
[    0.270025] Sorting __ex_table...
[    0.270269] mem auto-init: stack:off, heap alloc:off, heap free:off
[    0.378207] Memory: 35127576K/35638608K available (8328K kernel code, 1094K rwdata, 2480K rodata, 680K init, 6856K bss, 511032K reserved, 0K cma-reserved)
[    0.378900] SLUB: HWalign=32, Order=0-3, MinObjects=0, CPUs=128, Nodes=32
[    0.379185] ftrace: allocating 23122 entries in 46 pages
[    0.388329] ftrace: allocated 46 pages with 4 groups
[    0.391182] Running RCU self tests
[    0.391568] rcu: Hierarchical RCU implementation.
[    0.391621] rcu: 	RCU event tracing is enabled.
[    0.391667] rcu: 	RCU lockdep checking is enabled.
[    0.391719] 	Trampoline variant of Tasks RCU enabled.
[    0.391769] 	Rude variant of Tasks RCU enabled.
[    0.391816] 	Tracing variant of Tasks RCU enabled.
[    0.391865] rcu: RCU calculated value of scheduler-enlistment delay is 10 jiffies.
[    0.396451] NR_IRQS: 2048, nr_irqs: 2048, preallocated irqs: 1
[    0.396528] SUN4V: Using IRQ API major 3, cookie only virqs enabled
[    0.398997] clocksource: stick: mask: 0xffffffffffffffff max_cycles: 0x1cd42e4dffb, max_idle_ns: 881590591483 ns
[    0.399130] clocksource: mult[800000] shift[23]
[    0.399178] clockevent: mult[80000000] shift[31]
[    0.399577] Console: colour dummy device 80x25
[    0.399640] printk: console [tty0] enabled
[    0.399720] printk: bootconsole [earlyprom0] disabled
[    0.399809] Lock dependency validator: Copyright (c) 2006 Red Hat, Inc., Ingo Molnar
[    0.399863] ... MAX_LOCKDEP_SUBCLASSES:  8
[    0.399896] ... MAX_LOCK_DEPTH:          48
[    0.399929] ... MAX_LOCKDEP_KEYS:        8192
[    0.399963] ... CLASSHASH_SIZE:          4096
[    0.399997] ... MAX_LOCKDEP_ENTRIES:     16384
[    0.400031] ... MAX_LOCKDEP_CHAINS:      32768
[    0.400065] ... CHAINHASH_SIZE:          16384
[    0.400099]  memory used by lock dependency info: 3919 kB
[    0.400139]  memory used for stack traces: 2112 kB
[    0.400175]  per task-struct memory footprint: 1920 bytes
[    0.549468] Calibrating delay using timer specific routine.. 2005.41 BogoMIPS (lpj=10027063)
[    0.549545] pid_max: default: 131072 minimum: 1024
[    0.549833] LSM: Security Framework initializing
[    0.550008] AppArmor: AppArmor initialized
[    0.550290] Mount-cache hash table entries: 131072 (order: 7, 1048576 bytes, linear)
[    0.550461] Mountpoint-cache hash table entries: 131072 (order: 7, 1048576 bytes, linear)
[    0.556161] rcu: Hierarchical SRCU implementation.
[    0.567203] smp: Bringing up secondary CPUs ...
[    0.568467] ------------[ cut here ]------------
[    0.568497] WARNING: CPU: 0 PID: 1 at kernel/locking/lockdep.c:4890 check_flags+0x9c/0x2c0
[    0.568523] DEBUG_LOCKS_WARN_ON(lockdep_hardirqs_enabled())
[    0.568525] Modules linked in:
[    0.568560] CPU: 0 PID: 1 Comm: swapper/0 Not tainted 5.9.0-rc8-00246-g3dd0130f2430 #85
[    0.568586] Call Trace:
[    0.568602] [<00000000004727a8>] __warn+0xa8/0x120
[    0.568621] [<0000000000472c10>] warn_slowpath_fmt+0x64/0x74
[    0.568641] [<00000000004e881c>] check_flags+0x9c/0x2c0
[    0.568663] [<0000000000c19a60>] lock_is_held_type+0x20/0x140
[    0.568685] [<0000000000509894>] rcu_read_lock_sched_held+0x54/0xa0
[    0.568707] [<00000000004ed740>] lock_acquire+0x120/0x4a0
[    0.568728] [<0000000000c233d0>] _raw_spin_lock+0x30/0x60
[    0.568751] [<00000000009bb43c>] p1275_cmd_direct+0x1c/0x60
[    0.568770] [<00000000009bb310>] prom_startcpu_cpuid+0x30/0x40
[    0.568792] [<00000000004427e4>] __cpu_up+0x184/0x3a0
[    0.568811] [<0000000000474600>] bringup_cpu+0x20/0x120
[    0.568830] [<000000000047378c>] cpuhp_invoke_callback+0xec/0x340
[    0.568851] [<0000000000475494>] cpu_up+0x154/0x220
[    0.568870] [<0000000000475d20>] bringup_nonboot_cpus+0x60/0xa0
[    0.568895] [<0000000000fbc338>] smp_init+0x28/0xa0
[    0.568917] [<0000000000fad3b4>] kernel_init_freeable+0x18c/0x300
[    0.568937] irq event stamp: 5135
[    0.568952] hardirqs last  enabled at (5135): [<0000000000c237e8>] _raw_spin_unlock_irqrestore+0x28/0x60
[    0.568982] hardirqs last disabled at (5134): [<0000000000c235a0>] _raw_spin_lock_irqsave+0x20/0x80
[    0.569012] softirqs last  enabled at (1506): [<0000000000c26360>] __do_softirq+0x4e0/0x560
[    0.569042] softirqs last disabled at (1499): [<000000000042d394>] do_softirq_own_stack+0x34/0x60
[    0.569073] random: get_random_bytes called from __warn+0xc8/0x120 with crng_init=0
[    0.569079] ---[ end trace 77feb40639eeaded ]---
[    0.569116] possible reason: unannotated irqs-off.
[    0.569133] irq event stamp: 5135
[    0.569147] hardirqs last  enabled at (5135): [<0000000000c237e8>] _raw_spin_unlock_irqrestore+0x28/0x60
[    0.569177] hardirqs last disabled at (5134): [<0000000000c235a0>] _raw_spin_lock_irqsave+0x20/0x80
[    0.569206] softirqs last  enabled at (1506): [<0000000000c26360>] __do_softirq+0x4e0/0x560
[    0.569233] softirqs last disabled at (1499): [<000000000042d394>] do_softirq_own_stack+0x34/0x60
[    0.590904] smp: Brought up 1 node, 32 CPUs
[    0.593862] devtmpfs: initialized
[    0.596003] Performance events: 
[    0.596035] Testing NMI watchdog ... 
[    0.796099] OK.
[    0.796157] Supported PMU type is 'niagara5'
[    0.796670] ldc.c:v1.1 (July 22, 2008)
[    0.798006] clocksource: jiffies: mask: 0xffffffff max_cycles: 0xffffffff, max_idle_ns: 19112604462750000 ns
[    0.798058] futex hash table entries: 32768 (order: 9, 4194304 bytes, linear)
[    0.800735] NET: Registered protocol family 16
[    0.805661] VIO: Adding device channel-devices (tx_ino = ffffffffffffffff, rx_ino = ffffffffffffffff)
[    0.805765] VIO: Adding device vnet-port-0-0 (tx_ino = 0, rx_ino = 1)
[    0.805851] VIO: Adding device vnet-port-0-1 (tx_ino = 2, rx_ino = 3)
[    0.805936] VIO: Adding device vnet-port-0-2 (tx_ino = 4, rx_ino = 5)
[    0.806024] VIO: Adding device vnet-port-0-3 (tx_ino = 6, rx_ino = 7)
[    0.806112] VIO: Adding device vnet-port-0-4 (tx_ino = 8, rx_ino = 9)
[    0.806221] VIO: Adding device vnet-port-0-5 (tx_ino = a, rx_ino = b)
[    0.806313] VIO: Adding device vdc-port-2-0 (tx_ino = c, rx_ino = d)
[    0.806397] VIO: Adding device vdc-port-1-0 (tx_ino = e, rx_ino = f)
[    0.806481] VIO: Adding device vdc-port-0-0 (tx_ino = 10, rx_ino = 11)
[    0.806568] VIO: Adding device vdc-port-3-0 (tx_ino = 12, rx_ino = 13)
[    0.806652] VIO: Adding device vlds-port-0-0 (tx_ino = 14, rx_ino = 15)
[    0.806739] VIO: Adding device domain-services-port-0 (tx_ino = 14, rx_ino = 15)
[    0.806882] audit: initializing netlink subsys (disabled)
[    0.807064] audit: type=2000 audit(0.400:1): state=initialized audit_enabled=0 res=1
[    0.822372] HugeTLB registered 64.0 KiB page size, pre-allocated 0 pages
[    0.822402] HugeTLB registered 8.00 MiB page size, pre-allocated 0 pages
[    0.822425] HugeTLB registered 256 MiB page size, pre-allocated 0 pages
[    0.822447] HugeTLB registered 2.00 GiB page size, pre-allocated 0 pages
[    0.823517] alg: extra crypto tests enabled.  This is intended for developer use only.
[    0.843914] cryptd: max_cpu_qlen set to 1000
[    0.912129] vgaarb: loaded
[    0.912796] NetLabel: Initializing
[    0.912812] NetLabel:  domain hash size = 128
[    0.912829] NetLabel:  protocols = UNLABELED CIPSOv4 CALIPSO
[    0.912891] NetLabel:  unlabeled traffic allowed by default
[    0.913533] SUN4V: Reboot data supported (maj=1,min=0).
[    0.913732] ds.c:v1.0 (Jul 11, 2007)
[    0.913928] ds-0: ds_conn_reset() from send_events
[    0.914126] clocksource: Switched to clocksource stick
[    1.025423] VFS: Disk quotas dquot_6.6.0
[    1.025519] VFS: Dquot-cache hash table entries: 1024 (order 0, 8192 bytes)
[    1.026582] AppArmor: AppArmor Filesystem Enabled
[    1.033090] NET: Registered protocol family 2
[    1.034065] tcp_listen_portaddr_hash hash table entries: 32768 (order: 8, 2621440 bytes, linear)
[    1.035307] TCP established hash table entries: 524288 (order: 9, 4194304 bytes, linear)
[    1.037486] TCP bind hash table entries: 65536 (order: 9, 4718592 bytes, linear)
[    1.039677] TCP: Hash tables configured (established 524288 bind 65536)
[    1.040921] UDP hash table entries: 32768 (order: 9, 5242880 bytes, linear)
[    1.043612] UDP-Lite hash table entries: 32768 (order: 9, 5242880 bytes, linear)
[    1.047685] NET: Registered protocol family 1
[    1.047722] NET: Registered protocol family 44
[    1.047760] PCI: CLS 0 bytes, default 64
[    1.047986] Trying to unpack rootfs image as initramfs...
[    1.197661] Freeing initrd memory: 14800K
[    1.198248] aes_sparc64: Using sparc64 aes opcodes optimized AES implementation
[    1.431270] des_sparc64: Using sparc64 des opcodes optimized DES implementation
[    1.862471] camellia_sparc64: Using sparc64 camellia opcodes optimized CAMELLIA implementation
[    2.012910] workingset: timestamp_bits=41 max_order=23 bucket_order=0
[    2.021513] zbud: loaded
[    2.024280] SGI XFS with ACLs, security attributes, quota, fatal assert, debug enabled
[    2.050561] Block layer SCSI generic (bsg) driver version 0.4 loaded (major 252)
[    2.051143] io scheduler mq-deadline registered
[    2.052982] f029b788: ttyHV0 at I/O 0x0 (irq = 1, base_baud = 115200) is a SUN4V HCONS
[    2.053590] printk: console [ttyHV0] enabled
[    2.055964] sunvdc.c:v1.2 (November 24, 2014)
[    2.059326] sunvdc: Virtual Hard disk vdiskc
[    2.059347] sunvdc: vdiskc: 104857600 sectors (51200 MB) protocol 1.2
[    2.072088] sunvdc: Virtual Hard disk vdiskb
[    2.072113] sunvdc: vdiskb: 62914560 sectors (30720 MB) protocol 1.2
[    2.073140]  vdiskb: vdiskb1
[    2.085203] sunvdc: Virtual Hard disk vdiska
[    2.085227] sunvdc: vdiska: 31457280 sectors (15360 MB) protocol 1.2
[    2.086032]  vdiska: vdiska1 vdiska2 vdiska3 vdiska4
[    2.098752] sunvdc: Virtual CDROM vdiskd
[    2.098778] sunvdc: vdiskd: 453848 sectors (221 MB) protocol 1.2
[    2.099548]  vdiskd: vdiskd1 vdiskd2 vdiskd3 vdiskd4 vdiskd5 vdiskd6 vdiskd7
[    2.109819] sunvnet: sunvnet 2.0 (February 3, 2017)
[    2.111122] vnet_port vnet-port-0-0 eth0: Sun LDOM vnet 00:14:4f:f8:12:a3
[    2.111236] sunvnet: eth0: PORT ( remote-mac 00:14:4f:fa:f3:f0 switch-port )
[    2.111707] sunvnet: eth0: PORT ( remote-mac 00:14:4f:f8:e5:f3 )
[    2.112280] sunvnet: eth0: PORT ( remote-mac 00:14:4f:f9:b4:97 )
[    2.112754] sunvnet: eth0: PORT ( remote-mac 00:14:4f:f8:3f:1e )
[    2.113209] sunvnet: eth0: PORT ( remote-mac 00:14:4f:f8:fe:47 )
[    2.113654] sunvnet: eth0: PORT ( remote-mac 00:14:4f:fb:b5:00 )
[    2.114590] rtc-sun4v rtc-sun4v: registered as rtc0
[    2.114664] rtc-sun4v rtc-sun4v: setting system clock to 2020-10-12T20:37:25 UTC (1602535045)
[    2.114915] sun4v_wdt: initialized (timeout=60s, nowayout=0)
[    2.115162] device-mapper: uevent: version 1.0.3
[    2.115742] device-mapper: ioctl: 4.42.0-ioctl (2020-02-27) initialised: dm-devel@redhat.com
[    2.116399] NET: Registered protocol family 17
[    2.116615] registered taskstats version 1
[    2.117026] zswap: loaded using pool lzo/zbud
[    2.117832] AppArmor: AppArmor sha1 policy hashing enabled
[    2.120477] This architecture does not have kernel memory protection.
[    2.120509] Run /init as init process
[    2.120527]   with arguments:
[    2.120542]     /init
[    2.120556]   with environment:
[    2.120571]     HOME=/
[    2.120584]     TERM=linux
[    2.120599]     BOOT_IMAGE=/vmlinux-5.9.0-rc8-00246-g3dd0130f2430
[    2.407442] crc32c_sparc64: Using sparc64 crc32c opcode optimized CRC32C implementation
[    2.410954] random: lvm: uninitialized urandom read (4 bytes read)
[    2.445208] random: lvm: uninitialized urandom read (2 bytes read)
[    2.603344] random: fast init done
[    2.954113] raid6: int64x8  gen()  2149 MB/s
[    3.124141] raid6: int64x8  xor()  1513 MB/s
[    3.294111] raid6: int64x4  gen()  3384 MB/s
[    3.464101] raid6: int64x4  xor()  1461 MB/s
[    3.634118] raid6: int64x2  gen()  2895 MB/s
[    3.804113] raid6: int64x2  xor()  1049 MB/s
[    3.974116] raid6: int64x1  gen()  1405 MB/s
[    4.144126] raid6: int64x1  xor()   710 MB/s
[    4.144160] raid6: using algorithm int64x4 gen() 3384 MB/s
[    4.144181] raid6: .... xor() 1461 MB/s, rmw enabled
[    4.144201] raid6: using intx1 recovery algorithm
[    4.144776] async_tx: api initialized (async)
[    4.145043] xor: automatically using best checksumming function   Niagara   
[    4.368479] EXT4-fs (vdiska2): mounted filesystem with ordered data mode. Opts: (null)
[    6.261624] systemd[1]: Inserted module 'autofs4'
[    6.269305] NET: Registered protocol family 10
[    6.273610] Segment Routing with IPv6
[    6.331542] systemd[1]: systemd 246.6-1 running in system mode. (+PAM +AUDIT +SELINUX +IMA +APPARMOR +SMACK +SYSVINIT +UTMP +LIBCRYPTSETUP +GCRYPT +GNUTLS +ACL +XZ +LZ4 +ZSTD -SECCOMP +BLKID +ELFUTILS +KMOD +IDN2 -IDN +PCRE2 default-hierarchy=hybrid)
[    6.331991] systemd[1]: Detected architecture sparc64.
[    6.396459] systemd[1]: Set hostname to <ttip>.
[    7.254818] random: lvmconfig: uninitialized urandom read (4 bytes read)
[    9.411568] systemd[1]: Queued start job for default target Multi-User System.
[    9.412386] random: systemd: uninitialized urandom read (16 bytes read)
[    9.438102] systemd[1]: Created slice system-getty.slice.
[    9.438606] random: systemd: uninitialized urandom read (16 bytes read)
[    9.447365] systemd[1]: Created slice system-modprobe.slice.
[    9.447633] random: systemd: uninitialized urandom read (16 bytes read)
[    9.456142] systemd[1]: Created slice system-openvpn\x2dclient.slice.
[    9.478553] systemd[1]: Created slice system-postfix.slice.
[    9.487612] systemd[1]: Created slice system-systemd\x2dfsck.slice.
[    9.496556] systemd[1]: Created slice User and Session Slice.
[    9.497180] systemd[1]: Started Dispatch Password Requests to Console Directory Watch.
[    9.497676] systemd[1]: Started Forward Password Requests to Wall Directory Watch.
[    9.499283] systemd[1]: Set up automount Arbitrary Executable File Formats File System Automount Point.
[    9.499689] systemd[1]: Reached target Local Encrypted Volumes.
[    9.500036] systemd[1]: Reached target Paths.
[    9.500340] systemd[1]: Reached target Slices.
[    9.500936] systemd[1]: Listening on Device-mapper event daemon FIFOs.
[    9.501609] systemd[1]: Listening on LVM2 poll daemon socket.
[    9.529305] systemd[1]: Listening on RPCbind Server Activation Socket.
[    9.530266] systemd[1]: Listening on Syslog Socket.
[    9.530968] systemd[1]: Listening on fsck to fsckd communication Socket.
[    9.531435] systemd[1]: Listening on initctl Compatibility Named Pipe.
[    9.532220] systemd[1]: Listening on Journal Audit Socket.
[    9.532832] systemd[1]: Listening on Journal Socket (/dev/log).
[    9.533574] systemd[1]: Listening on Journal Socket.
[    9.534378] systemd[1]: Listening on udev Control Socket.
[    9.534941] systemd[1]: Listening on udev Kernel Socket.
[    9.546543] systemd[1]: Mounting Huge Pages File System...
[    9.558204] systemd[1]: Mounting POSIX Message Queue File System...
[    9.588414] systemd[1]: Mounting RPC Pipe File System...
[    9.600499] systemd[1]: Mounting Kernel Debug File System...
[    9.612505] systemd[1]: Mounting Kernel Trace File System...
[    9.613041] systemd[1]: Condition check resulted in Kernel Module supporting RPCSEC_GSS being skipped.
[    9.613851] systemd[1]: Finished Availability of block devices.
[    9.625578] systemd[1]: Starting Wait for network to be configured by ifupdown...
[    9.637578] systemd[1]: Starting Create list of static device nodes for the current kernel...
[    9.649540] systemd[1]: Starting Monitoring of LVM2 mirrors, snapshots etc. using dmeventd or progress polling...
[    9.661210] systemd[1]: Starting Load Kernel Module drm...
[    9.673274] systemd[1]: Starting nftables...
[    9.686418] systemd[1]: Condition check resulted in Set Up Additional Binary Formats being skipped.
[    9.686597] systemd[1]: Condition check resulted in File System Check on Root Device being skipped.
[    9.687204] RPC: Registered named UNIX socket transport module.
[    9.687230] RPC: Registered udp transport module.
[    9.687250] RPC: Registered tcp transport module.
[    9.687269] RPC: Registered tcp NFSv4.1 backchannel transport module.
[    9.700895] systemd[1]: Starting Journal Service...
[    9.713851] systemd[1]: Starting Load Kernel Modules...
[    9.725503] systemd[1]: Starting Remount Root and Kernel File Systems...
[    9.737355] systemd[1]: Starting Coldplug All udev Devices...
[    9.744466] systemd[1]: Mounted Huge Pages File System.
[    9.745418] systemd[1]: Mounted POSIX Message Queue File System.
[    9.746293] systemd[1]: Mounted RPC Pipe File System.
[    9.747174] systemd[1]: Mounted Kernel Debug File System.
[    9.748052] systemd[1]: Mounted Kernel Trace File System.
[    9.751321] systemd[1]: Finished Wait for network to be configured by ifupdown.
[    9.754820] systemd[1]: Finished Create list of static device nodes for the current kernel.
[    9.756478] systemd[1]: modprobe@drm.service: Succeeded.
[    9.758792] systemd[1]: Finished Load Kernel Module drm.
[    9.794358] EXT4-fs (vdiska2): re-mounted. Opts: errors=remount-ro
[    9.799116] systemd[1]: Finished Load Kernel Modules.
[    9.800113] systemd[1]: Condition check resulted in FUSE Control File System being skipped.
[    9.800357] systemd[1]: Condition check resulted in Kernel Configuration File System being skipped.
[    9.842565] systemd[1]: Starting Apply Kernel Variables...
[    9.848590] systemd[1]: Finished Remount Root and Kernel File Systems.
[    9.911395] systemd[1]: Starting Initial Check File System Quotas...
[    9.932389] systemd[1]: Condition check resulted in Rebuild Hardware Database being skipped.
[    9.932637] systemd[1]: Condition check resulted in Platform Persistent Storage Archival being skipped.
[    9.944129] systemd[1]: Starting Load/Save Random Seed...
[    9.956661] systemd[1]: Starting Create System Users...
[    9.958253] systemd[1]: Started Journal Service.
[   11.697975] sha1_sparc64: Using sparc64 sha1 opcode optimized SHA-1 implementation
[   11.765427] n2rng v0.3 (Jan 7, 2017)
[   11.765476] n2rng f029b104: Registered RNG HVAPI major 2 minor 0
[   11.765504] n2rng f029b104: Found multi-unit-capable RNG, units: 2
[   11.765771] n2rng f029b104: RNG ready
[   11.797161] pktcdvd: setup of pktcdvd device failed
[   11.825667] pktcdvd: setup of pktcdvd device failed
[   11.836683] pktcdvd: setup of pktcdvd device failed
[   11.839240] pktcdvd: setup of pktcdvd device failed
[   11.842164] pktcdvd: setup of pktcdvd device failed
[   11.844693] pktcdvd: setup of pktcdvd device failed
[   11.847586] pktcdvd: setup of pktcdvd device failed
[   11.850398] pktcdvd: setup of pktcdvd device failed
[   11.881608] sha256_sparc64: Using sparc64 sha256 opcode optimized SHA-256/SHA-224 implementation
[   12.039997] XFS (dm-0): Mounting V5 Filesystem
[   12.057154] sha512_sparc64: Using sparc64 sha512 opcode optimized SHA-512/SHA-384 implementation
[   12.060643] md5_sparc64: Using sparc64 md5 opcode optimized MD5 implementation
[   12.229396] XFS (dm-0): Ending clean mount
[   12.235648] xfs filesystem being mounted at /1 supports timestamps until 2038 (0x7fffffff)
[   12.264160] Adding 787176k swap on /dev/vdiska4.  Priority:-2 extents:1 across:787176k FS
[   12.805412] EXT4-fs (vdiska1): mounting ext3 file system using the ext4 subsystem
[   13.300732] EXT4-fs (vdiska1): mounted filesystem with ordered data mode. Opts: (null)
[   13.300870] ext3 filesystem being mounted at /boot supports timestamps until 2038 (0x7fffffff)
[   14.334289] random: crng init done
[   14.334319] random: 4 urandom warning(s) missed due to ratelimiting
[   14.484638] Kernel unaligned access at TPC[8d5dfc] aa_dfa_unpack+0x3c/0x640
[   14.484680] Kernel unaligned access at TPC[8d5e10] aa_dfa_unpack+0x50/0x640
[   14.484709] Kernel unaligned access at TPC[8d5ed4] aa_dfa_unpack+0x114/0x640
[   14.484739] Kernel unaligned access at TPC[8d5fa4] aa_dfa_unpack+0x1e4/0x640
[   14.484767] Kernel unaligned access at TPC[8d5fb8] aa_dfa_unpack+0x1f8/0x640
[   14.492476] audit: type=1400 audit(1602535057.860:2): apparmor="STATUS" operation="profile_load" profile="unconfined" name="nvidia_modprobe" pid=679 comm="apparmor_parser"
[   14.492556] audit: type=1400 audit(1602535057.860:3): apparmor="STATUS" operation="profile_load" profile="unconfined" name="nvidia_modprobe//kmod" pid=679 comm="apparmor_parser"
[   14.495788] audit: type=1400 audit(1602535057.870:4): apparmor="STATUS" operation="profile_load" profile="unconfined" name="/usr/sbin/haveged" pid=677 comm="apparmor_parser"
[   14.543022] audit: type=1400 audit(1602535057.910:5): apparmor="STATUS" operation="profile_load" profile="unconfined" name="lsb_release" pid=683 comm="apparmor_parser"
[   14.559662] audit: type=1400 audit(1602535057.930:6): apparmor="STATUS" operation="profile_load" profile="unconfined" name="/usr/bin/man" pid=680 comm="apparmor_parser"
[   14.559742] audit: type=1400 audit(1602535057.930:7): apparmor="STATUS" operation="profile_load" profile="unconfined" name="man_filter" pid=680 comm="apparmor_parser"
[   14.559808] audit: type=1400 audit(1602535057.930:8): apparmor="STATUS" operation="profile_load" profile="unconfined" name="man_groff" pid=680 comm="apparmor_parser"
[   14.620380] audit: type=1400 audit(1602535057.990:9): apparmor="STATUS" operation="profile_load" profile="unconfined" name="named" pid=682 comm="apparmor_parser"
[   14.624203] audit: type=1400 audit(1602535058.000:10): apparmor="STATUS" operation="profile_load" profile="unconfined" name="tcpdump" pid=681 comm="apparmor_parser"
