[    0.000020] PROMLIB: Sun IEEE Boot Prom 'OBP 4.38.12 2018/03/28 14:54'
[    0.000033] PROMLIB: Root node compatible: sun4v
[    0.000079] Linux version 5.3.0-12025-g4c07e2ddab5b-dirty (mator@ttip.nvglabs.local) (gcc version 9.2.1 20190909 (Debian 9.2.1-8)) #1241 SMP Tue Sep 24 11:20:32 MSK 2019
[    0.000406] printk: bootconsole [earlyprom0] enabled
[    0.000458] ARCH: SUN4V
[    0.000507] Ethernet address: 00:14:4f:fa:06:f2
[    0.000560] MM: PAGE_OFFSET is 0xfff8000000000000 (max_phys_bits == 47)
[    0.000625] MM: VMALLOC [0x0000000100000000 --> 0x0006000000000000]
[    0.000687] MM: VMEMMAP [0x0006000000000000 --> 0x000c000000000000]
[    0.012460] Kernel: Using 5 locked TLB entries for main kernel image.
[    0.012539] Remapping the kernel... 
[    0.012563] done.
[    0.047292] OF stdout device is: /virtual-devices@100/console@1
[    0.047366] PROM: Built device tree with 87467 bytes of memory.
[    0.047430] MDESC: Size is 37248 bytes.
[    0.047557] PLATFORM: banner-name [SPARC T5-2]
[    0.047608] PLATFORM: name [ORCL,SPARC-T5-2]
[    0.047654] PLATFORM: hostid [84fa06f2]
[    0.047697] PLATFORM: serial# [0035260e]
[    0.047741] PLATFORM: stick-frequency [3b9aca00]
[    0.047789] PLATFORM: mac-address [144ffa06f2]
[    0.047836] PLATFORM: watchdog-resolution [1000 ms]
[    0.047886] PLATFORM: watchdog-max-timeout [31536000000 ms]
[    0.047942] PLATFORM: max-cpus [1024]
[    0.048021] Top of RAM: 0x24af938000, Total RAM: 0x87f354000
[    0.048084] Memory hole size: 115461MB
[    0.100094] kmemleak: Kernel memory leak detector disabled
[    0.277945] Allocated 35708928 bytes for kernel page tables.
[    0.278050] Zone ranges:
[    0.278091]   Normal   [mem 0x0000000030400000-0x00000024af937fff]
[    0.278156] Movable zone start for each node
[    0.278201] Early memory node ranges
[    0.278242]   node   0: [mem 0x0000000030400000-0x000000006fe7ffff]
[    0.278307]   node   0: [mem 0x000000006ff00000-0x000000006ff25fff]
[    0.278370]   node   0: [mem 0x0000000070000000-0x000000042fffffff]
[    0.278433]   node   0: [mem 0x0000002030000000-0x00000024af87ffff]
[    0.278498]   node   0: [mem 0x00000024af900000-0x00000024af925fff]
[    0.278560]   node   0: [mem 0x00000024af930000-0x00000024af937fff]
[    0.285933] Zeroed struct page in unavailable ranges: 230130 pages
[    0.285941] Initmem setup node 0 [mem 0x0000000030400000-0x00000024af937fff]
[    0.286100] On node 0 totalpages: 4454826
[    0.286109]   Normal zone: 39154 pages used for memmap
[    0.286115]   Normal zone: 0 pages reserved
[    0.286120]   Normal zone: 4454826 pages, LIFO batch:31
[    0.294879] Booting Linux...
[    0.294964] CPU CAPS: [flush,stbar,swap,muldiv,v9,blkinit,n2,mul32]
[    0.295049] CPU CAPS: [div32,v8plus,popc,vis,vis2,ASIBlkInit,fmaf,vis3]
[    0.295126] CPU CAPS: [hpc,ima,pause,cbcond,aes,des,kasumi,camellia]
[    0.295200] CPU CAPS: [md5,sha1,sha256,sha512,mpmul,montmul,montsqr,crc32c]
[    0.328338] percpu: Embedded 27 pages/cpu s180680 r8192 d32312 u262144
[    0.328600] pcpu-alloc: s180680 r8192 d32312 u262144 alloc=1*4194304
[    0.328608] pcpu-alloc: [0] 000 001 002 003 004 005 006 007 008 009 010 011 012 013 014 015 
[    0.328635] pcpu-alloc: [0] 016 017 018 019 020 021 022 023 024 025 026 027 028 029 030 031 
[    0.328663] pcpu-alloc: [0] 032 033 034 035 036 037 038 039 040 041 042 043 044 045 046 047 
[    0.328690] pcpu-alloc: [0] 048 049 050 051 052 053 054 055 056 057 058 059 060 061 062 063 
[    0.328717] pcpu-alloc: [0] 064 065 066 067 068 069 070 071 072 073 074 075 076 077 078 079 
[    0.328744] pcpu-alloc: [0] 080 081 082 083 084 085 086 087 088 089 090 091 092 093 094 095 
[    0.328772] pcpu-alloc: [0] 096 097 098 099 100 101 102 103 104 105 106 107 108 109 110 111 
[    0.328799] pcpu-alloc: [0] 112 113 114 115 116 117 118 119 120 121 122 123 124 125 126 127 
[    0.329331] SUN4V: Mondo queue sizes [cpu(131072) dev(16384) r(8192) nr(256)]
[    0.329781] Built 1 zonelists, mobility grouping on.  Total pages: 4415672
[    0.329868] Kernel command line: BOOT_IMAGE=/vmlinux-5.3.0-12025-g4c07e2ddab5b-dirty root=/dev/vdiska2 ro zswap.enabled=1
[    0.332211] printk: log_buf_len individual max cpu contribution: 4096 bytes
[    0.332281] printk: log_buf_len total cpu_extra contributions: 520192 bytes
[    0.332348] printk: log_buf_len min size: 131072 bytes
[    0.332668] printk: log_buf_len: 1048576 bytes
[    0.332719] printk: early log buf free: 126560(96%)
[    0.342376] Dentry cache hash table entries: 8388608 (order: 13, 67108864 bytes, linear)
[    0.347302] Inode-cache hash table entries: 4194304 (order: 12, 33554432 bytes, linear)
[    0.347388] Sorting __ex_table...
[    0.347632] mem auto-init: stack:off, heap alloc:off, heap free:off
[    0.412822] Memory: 1305232K/35638608K available (7340K kernel code, 953K rwdata, 2184K rodata, 1024K init, 6732K bss, 539192K reserved, 0K cma-reserved)
[    0.416838] SLUB: HWalign=32, Order=0-3, MinObjects=0, CPUs=128, Nodes=1
[    0.418411] ftrace: allocating 21366 entries in 42 pages
[    0.431719] Running RCU self tests
[    0.431783] rcu: Hierarchical RCU implementation.
[    0.431835] rcu: 	RCU event tracing is enabled.
[    0.431884] rcu: 	RCU lockdep checking is enabled.
[    0.431934] 	Tasks RCU enabled.
[    0.431973] rcu: RCU calculated value of scheduler-enlistment delay is 10 jiffies.
[    0.436808] NR_IRQS: 2048, nr_irqs: 2048, preallocated irqs: 1
[    0.437023] SUN4V: Using IRQ API major 3, cookie only virqs enabled
[    0.440617] clocksource: stick: mask: 0xffffffffffffffff max_cycles: 0x1cd42e4dffb, max_idle_ns: 881590591483 ns
[    0.440748] clocksource: mult[800000] shift[23]
[    0.440798] clockevent: mult[80000000] shift[31]
[    0.442380] Console: colour dummy device 80x25
[    0.442443] printk: console [tty0] enabled
[    0.442518] printk: bootconsole [earlyprom0] disabled
[    0.442603] Lock dependency validator: Copyright (c) 2006 Red Hat, Inc., Ingo Molnar
[    0.442652] ... MAX_LOCKDEP_SUBCLASSES:  8
[    0.442681] ... MAX_LOCK_DEPTH:          48
[    0.442711] ... MAX_LOCKDEP_KEYS:        8192
[    0.442741] ... CLASSHASH_SIZE:          4096
[    0.442772] ... MAX_LOCKDEP_ENTRIES:     16384
[    0.442802] ... MAX_LOCKDEP_CHAINS:      32768
[    0.442833] ... CHAINHASH_SIZE:          16384
[    0.442864]  memory used by lock dependency info: 3855 kB
[    0.442899]  memory used for stack traces: 2112 kB
[    0.442932]  per task-struct memory footprint: 1920 bytes
[    0.443267] kmemleak: Early log buffer exceeded (2001), please increase DEBUG_KMEMLEAK_EARLY_LOG_SIZE
[    0.591298] Calibrating delay using timer specific routine.. 2011.45 BogoMIPS (lpj=10057285)
[    0.591369] pid_max: default: 131072 minimum: 1024
[    0.593448] LSM: Security Framework initializing
[    0.594157] Smack:  Initializing.
[    0.594183] Smack:  IPv6 port labeling enabled.
[    0.595171] Mount-cache hash table entries: 131072 (order: 7, 1048576 bytes, linear)
[    0.595406] Mountpoint-cache hash table entries: 131072 (order: 7, 1048576 bytes, linear)
[    0.595929] *** VALIDATE tmpfs ***
[    0.598495] *** VALIDATE proc ***
[    0.600145] *** VALIDATE cgroup1 ***
[    0.600177] *** VALIDATE cgroup2 ***
[    0.603505] rcu: Hierarchical SRCU implementation.
[    0.611728] smp: Bringing up secondary CPUs ...
[    0.662415] smp: Brought up 1 node, 32 CPUs
[    0.854686] node 0 initialised, 4224273 pages in 190ms
[    0.856435] devtmpfs: initialized
[    0.861029] Performance events: 
[    0.861084] Testing NMI watchdog ... 
[    1.061303] OK.
[    1.061474] Supported PMU type is 'niagara5'
[    1.061902] random: get_random_u32 called from bucket_table_alloc.isra.0+0x188/0x1c0 with crng_init=0
[    1.062781] ldc.c:v1.1 (July 22, 2008)
[    1.065457] clocksource: jiffies: mask: 0xffffffff max_cycles: 0xffffffff, max_idle_ns: 19112604462750000 ns
[    1.065547] futex hash table entries: 32768 (order: 9, 4194304 bytes, linear)
[    1.073751] NET: Registered protocol family 16
[    1.081852] VIO: Adding device channel-devices (tx_ino = ffffffffffffffff, rx_ino = ffffffffffffffff)
[    1.082064] VIO: Adding device vnet-port-0-0 (tx_ino = 0, rx_ino = 1)
[    1.082260] VIO: Adding device vnet-port-0-1 (tx_ino = 2, rx_ino = 3)
[    1.082431] VIO: Adding device vnet-port-0-2 (tx_ino = 4, rx_ino = 5)
[    1.082595] VIO: Adding device vnet-port-0-4 (tx_ino = 8, rx_ino = 9)
[    1.082757] VIO: Adding device vnet-port-0-5 (tx_ino = a, rx_ino = b)
[    1.082924] VIO: Adding device vnet-port-0-6 (tx_ino = c, rx_ino = d)
[    1.083125] VIO: Adding device vnet-port-0-3 (tx_ino = 6, rx_ino = 7)
[    1.083290] VIO: Adding device vdc-port-3-0 (tx_ino = e, rx_ino = f)
[    1.083457] VIO: Adding device vdc-port-2-0 (tx_ino = 10, rx_ino = 11)
[    1.083619] VIO: Adding device vdc-port-1-0 (tx_ino = 12, rx_ino = 13)
[    1.083781] VIO: Adding device vdc-port-0-0 (tx_ino = 14, rx_ino = 15)
[    1.083950] VIO: Adding device vdc-port-4-0 (tx_ino = 16, rx_ino = 17)
[    1.084112] VIO: Adding device vlds-port-0-0 (tx_ino = 18, rx_ino = 19)
[    1.084277] VIO: Adding device domain-services-port-0 (tx_ino = 18, rx_ino = 19)
[    1.084696] audit: initializing netlink subsys (disabled)
[    1.085006] audit: type=2000 audit(0.640:1): state=initialized audit_enabled=0 res=1
[    1.112363] HugeTLB registered 64.0 KiB page size, pre-allocated 0 pages
[    1.112419] HugeTLB registered 8.00 MiB page size, pre-allocated 0 pages
[    1.112464] HugeTLB registered 256 MiB page size, pre-allocated 0 pages
[    1.112508] HugeTLB registered 2.00 GiB page size, pre-allocated 0 pages
[    1.188490] NetLabel: Initializing
[    1.188529] NetLabel:  domain hash size = 128
[    1.188562] NetLabel:  protocols = UNLABELED CIPSOv4 CALIPSO
[    1.188700] NetLabel:  unlabeled traffic allowed by default
[    1.189734] SUN4V: Reboot data supported (maj=1,min=0).
[    1.190369] ds.c:v1.0 (Jul 11, 2007)
[    1.190837] ds-0: ds_conn_reset() from send_events.isra.0
[    1.192421] clocksource: Switched to clocksource stick
[    1.424626] VFS: Disk quotas dquot_6.6.0
[    1.425380] VFS: Dquot-cache hash table entries: 1024 (order 0, 8192 bytes)
[    1.425599] *** VALIDATE ramfs ***
[    1.425771] *** VALIDATE hugetlbfs ***
[    1.442619] NET: Registered protocol family 2
[    1.445961] tcp_listen_portaddr_hash hash table entries: 32768 (order: 8, 2359296 bytes, linear)
[    1.449162] TCP established hash table entries: 524288 (order: 9, 4194304 bytes, linear)
[    1.451412] TCP bind hash table entries: 65536 (order: 9, 4194304 bytes, linear)
[    1.457323] TCP: Hash tables configured (established 524288 bind 65536)
[    1.460356] UDP hash table entries: 32768 (order: 9, 5242880 bytes, linear)
[    1.467144] UDP-Lite hash table entries: 32768 (order: 9, 5242880 bytes, linear)
[    1.476908] NET: Registered protocol family 1
[    1.476978] NET: Registered protocol family 44
[    1.478593] Trying to unpack rootfs image as initramfs...
[    1.784833] Freeing initrd memory: 10368K
[    1.801478] workingset: timestamp_bits=46 max_order=23 bucket_order=0
[    1.824292] SGI XFS with ACLs, security attributes, debug enabled
[    1.849951] Block layer SCSI generic (bsg) driver version 0.4 loaded (major 252)
[    1.851107] io scheduler mq-deadline registered
[    1.854569] f029b788: ttyHV0 at I/O 0x0 (irq = 1, base_baud = 115200) is a SUN4V HCONS
[    1.861263] printk: console [ttyHV0] enabled
[    1.865477] sunvdc.c:v1.2 (November 24, 2014)
[    1.869084] sunvdc: Virtual CDROM vdiskd
[    1.869129] sunvdc: vdiskd: 403160 sectors (196 MB) protocol 1.2
[    1.871347]  vdiskd: vdiskd1 vdiskd2 vdiskd3 vdiskd4 vdiskd5 vdiskd6 vdiskd7
[    1.898427] sunvdc: Virtual Hard disk vdiskc
[    1.898478] sunvdc: vdiskc: 104857600 sectors (51200 MB) protocol 1.2
[    1.924084] sunvdc: Virtual Hard disk vdiskb
[    1.924136] sunvdc: vdiskb: 62914560 sectors (30720 MB) protocol 1.2
[    1.926105]  vdiskb: vdiskb1
[    1.949987] sunvdc: Virtual Hard disk vdiska
[    1.950037] sunvdc: vdiska: 31457280 sectors (15360 MB) protocol 1.2
[    1.952017]  vdiska: vdiska1 vdiska2 vdiska3 vdiska4
[    1.977735] sunvdc: Virtual Hard disk vdiske
[    1.977787] sunvdc: vdiske: 20971520 sectors (10240 MB) protocol 1.2
[    1.980620]  vdiske: vdiske1 vdiske2 vdiske3
[    2.002056] sunvnet: sunvnet 2.0 (February 3, 2017)
[    2.004590] vnet_port vnet-port-0-0 eth0: Sun LDOM vnet 00:14:4f:f8:12:a3
[    2.004845] sunvnet: eth0: PORT ( remote-mac 00:14:4f:fa:f3:f0 switch-port )
[    2.005481] sunvnet: eth0: PORT ( remote-mac 00:14:4f:f8:e5:f3 )
[    2.006103] sunvnet: eth0: PORT ( remote-mac 00:14:4f:f9:b4:97 )
[    2.006732] sunvnet: eth0: PORT ( remote-mac 00:14:4f:f8:3f:1e )
[    2.007358] sunvnet: eth0: PORT ( remote-mac 00:14:4f:f8:fe:47 )
[    2.007976] sunvnet: eth0: PORT ( remote-mac 00:14:4f:f9:8b:83 )
[    2.008608] sunvnet: eth0: PORT ( remote-mac 00:14:4f:f9:6c:d1 )
[    2.009985] rtc-sun4v rtc-sun4v: registered as rtc0
[    2.010572] sun4v_wdt: initialized (timeout=60s, nowayout=0)
[    2.010978] device-mapper: uevent: version 1.0.3
[    2.012049] device-mapper: ioctl: 4.41.0-ioctl (2019-09-16) initialised: dm-devel@redhat.com
[    2.013365] NET: Registered protocol family 17
[    2.014059] registered taskstats version 1
[    2.022081] zswap: default zpool zbud not available
[    2.022144] zswap: pool creation failed
[    2.065174] Key type big_key registered
[    2.066131] rtc-sun4v rtc-sun4v: setting system clock to 2019-09-24T08:38:18 UTC (1569314298)
[    2.070450] This architecture does not have kernel memory protection.
[    2.070512] Run /init as init process
[    2.626891] crc32c_sparc64: Using sparc64 crc32c opcode optimized CRC32C implementation
[    2.681288] random: fast init done
[    3.162321] raid6: int64x8  gen()  2157 MB/s
[    3.332338] raid6: int64x8  xor()  1567 MB/s
[    3.502326] raid6: int64x4  gen()  3457 MB/s
[    3.672323] raid6: int64x4  xor()  2000 MB/s
[    3.842321] raid6: int64x2  gen()  2862 MB/s
[    4.012310] raid6: int64x2  xor()  1993 MB/s
[    4.182328] raid6: int64x1  gen()  2778 MB/s
[    4.352312] raid6: int64x1  xor()  1650 MB/s
[    4.352362] raid6: using algorithm int64x4 gen() 3457 MB/s
[    4.352403] raid6: .... xor() 2000 MB/s, rmw enabled
[    4.352441] raid6: using intx1 recovery algorithm
[    4.353342] async_tx: api initialized (async)
[    4.353881] xor: automatically using best checksumming function   Niagara   
[    4.568021] EXT4-fs (vdiska2): mounted filesystem with ordered data mode. Opts: (null)
[    6.512558] systemd[1]: Inserted module 'autofs4'
[    6.526147] NET: Registered protocol family 10
[    6.532873] Segment Routing with IPv6
[    6.605015] systemd[1]: systemd 242 running in system mode. (+PAM +AUDIT +SELINUX +IMA +APPARMOR +SMACK +SYSVINIT +UTMP +LIBCRYPTSETUP +GCRYPT +GNUTLS +ACL +XZ +LZ4 -SECCOMP +BLKID +ELFUTILS +KMOD +IDN2 -IDN +PCRE2 default-hierarchy=hybrid)
[    6.605620] systemd[1]: Detected architecture sparc64.
[    6.718082] systemd[1]: Set hostname to <ttip.nvglabs.local>.
[    6.722445] systemd[1]: Failed to bump fs.file-max, ignoring: Invalid argument
[    8.309320] random: lvmconfig: uninitialized urandom read (4 bytes read)
[    9.383064] systemd[1]: /lib/systemd/system/dbus.socket:4: ListenStream= references a path below legacy directory /var/run/, updating /var/run/dbus/system_bus_socket → /run/dbus/system_bus_socket; please update the unit file accordingly.
[    9.684013] systemd[1]: /lib/systemd/system/pcscd.socket:4: ListenStream= references a path below legacy directory /var/run/, updating /var/run/pcscd/pcscd.comm → /run/pcscd/pcscd.comm; please update the unit file accordingly.
[    9.744862] random: systemd: uninitialized urandom read (16 bytes read)
[    9.745906] systemd[1]: Listening on udev Control Socket.
[    9.747090] random: systemd: uninitialized urandom read (16 bytes read)
[    9.747520] systemd[1]: Listening on udev Kernel Socket.
[    9.747963] random: systemd: uninitialized urandom read (16 bytes read)
[    9.748493] systemd[1]: Listening on initctl Compatibility Named Pipe.
[    9.749380] systemd[1]: Listening on Device-mapper event daemon FIFOs.
[    9.987739] EXT4-fs (vdiska2): re-mounted. Opts: errors=remount-ro
[   10.235736] systemd-journald[478]: Received request to flush runtime journal from PID 1
[   11.344855] sha1_sparc64: Using sparc64 sha1 opcode optimized SHA-1 implementation
[   11.403475] sha256_sparc64: Using sparc64 sha256 opcode optimized SHA-256/SHA-224 implementation
[   11.445368] sha512_sparc64: Using sparc64 sha512 opcode optimized SHA-512/SHA-384 implementation
[   11.465304] md5_sparc64: Using sparc64 md5 opcode optimized MD5 implementation
[   11.465503] n2rng v0.3 (Jan 7, 2017)
[   11.465573] n2rng f029b104: Registered RNG HVAPI major 2 minor 0
[   11.465637] n2rng f029b104: Found multi-unit-capable RNG, units: 2
[   11.466692] n2rng f029b104: RNG ready
[   11.536795] aes_sparc64: Using sparc64 aes opcodes optimized AES implementation
[   11.609093] des_sparc64: Using sparc64 des opcodes optimized DES implementation
[   11.668834] camellia_sparc64: Using sparc64 camellia opcodes optimized CAMELLIA implementation
[   11.675579] ------------[ cut here ]------------
[   11.675681] WARNING: CPU: 20 PID: 601 at drivers/block/pktcdvd.c:2597 pkt_setup_dev+0x2e4/0x5a0 [pktcdvd]
[   11.675761] Attempt to register a non-SCSI queue
[   11.675808] Modules linked in: pktcdvd camellia_sparc64(+) des_sparc64 cdrom libdes aes_sparc64 n2_rng md5_sparc64 rng_core sha512_sparc64 flash sha256_sparc64 sha1_sparc64 ip_tables x_tables ipv6 crc_ccitt nf_defrag_ipv6 autofs4 ext4 crc16 mbcache jbd2 raid10 raid456 async_raid6_recov async_memcpy async_pq async_xor xor async_tx raid6_pq raid1 raid0 multipath linear md_mod crc32c_sparc64
[   11.676158] CPU: 20 PID: 601 Comm: pktsetup Not tainted 5.3.0-12025-g4c07e2ddab5b-dirty #1241
[   11.676230] Call Trace:
[   11.676274]  [0000000000463e40] __warn+0xc0/0x100
[   11.676322]  [0000000000463eb4] warn_slowpath_fmt+0x34/0x60
[   11.676377]  [00000000104e7244] pkt_setup_dev+0x2e4/0x5a0 [pktcdvd]
[   11.676437]  [00000000104e8cf4] pkt_ctl_ioctl+0x94/0x220 [pktcdvd]
[   11.676498]  [00000000006ba108] do_vfs_ioctl+0x628/0x6e0
[   11.676549]  [00000000006ba208] ksys_ioctl+0x48/0x80
[   11.676597]  [00000000006ba254] sys_ioctl+0x14/0x40
[   11.676652]  [0000000000406294] linux_sparc_syscall+0x34/0x44
[   11.676705] irq event stamp: 3947
[   11.676746] hardirqs last  enabled at (3955): [<00000000004e1354>] console_unlock+0x634/0x6c0
[   11.676818] hardirqs last disabled at (3962): [<00000000004e0e20>] console_unlock+0x100/0x6c0
[   11.676903] softirqs last  enabled at (3682): [<0000000000b2f098>] __do_softirq+0x498/0x520
[   11.676985] softirqs last disabled at (3673): [<000000000042cfb4>] do_softirq_own_stack+0x34/0x60
[   11.677061] ---[ end trace 8c3dc84d64243eda ]---
[   11.678074] pktcdvd: setup of pktcdvd device failed
[   11.723170] pktcdvd: setup of pktcdvd device failed
[   11.726021] pktcdvd: setup of pktcdvd device failed
[   11.728873] pktcdvd: setup of pktcdvd device failed
[   11.741613] pktcdvd: setup of pktcdvd device failed
[   11.744711] pktcdvd: setup of pktcdvd device failed
[   11.747743] pktcdvd: setup of pktcdvd device failed
[   11.750677] pktcdvd: setup of pktcdvd device failed
[   13.075073] XFS (dm-0): Mounting V5 Filesystem
[   13.153091] XFS (dm-0): Ending clean mount
[   13.155918] Mounted xfs file system at /1 supports timestamps until 2038 (0x7fffffff)
[   14.592469] Adding 787176k swap on /dev/vdiska4.  Priority:-2 extents:1 across:787176k FS
[   14.847992] EXT4-fs (vdiska1): mounting ext3 file system using the ext4 subsystem
[   14.861544] EXT4-fs (vdiska1): mounted filesystem with ordered data mode. Opts: (null)
[   14.861971] Mounted ext3 file system at /boot supports timestamps until 2038 (0x7fffffff)
[   15.731246] random: crng init done
[   15.731292] random: 6 urandom warning(s) missed due to ratelimiting
[   18.458448] tun: Universal TUN/TAP device driver, 1.6

[   19.009315] ======================================================
[   19.009323] WARNING: possible circular locking dependency detected
[   19.009334] 5.3.0-12025-g4c07e2ddab5b-dirty #1241 Tainted: G        W        
[   19.009341] ------------------------------------------------------
[   19.009349] iptables-restor/920 is trying to acquire lock:
[   19.009356] 0000000010502120 (&table[i].mutex){+.+.}, at: nfnl_lock+0x24/0x40 [nfnetlink]
[   19.009376] 
               but task is already holding lock:
[   19.009384] 0000000000e12e20 (&net->nft.commit_mutex){+.+.}, at: nf_tables_valid_genid+0x10/0x60 [nf_tables]
[   19.009411] 
               which lock already depends on the new lock.

[   19.009419] 
               the existing dependency chain (in reverse order) is:
[   19.009426] 
               -> #1 (&net->nft.commit_mutex){+.+.}:
[   19.009444]        __mutex_lock+0xa8/0x960
[   19.009451]        mutex_lock_nested+0x1c/0x40
[   19.009462]        nf_tables_valid_genid+0x10/0x60 [nf_tables]
[   19.009470]        nfnetlink_rcv_batch+0x244/0x620 [nfnetlink]
[   19.009478]        nfnetlink_rcv+0x110/0x140 [nfnetlink]
[   19.009492]        netlink_unicast+0x128/0x200
[   19.009499]        netlink_sendmsg+0x334/0x380
[   19.009507]        sock_sendmsg+0x34/0x80
[   19.009515]        ___sys_sendmsg+0x234/0x260
[   19.009524]        __sys_sendmsg+0x48/0x80
[   19.009530]        sys_sendmsg+0x18/0x40
[   19.009540]        linux_sparc_syscall+0x34/0x44
[   19.009546] 
               -> #0 (&table[i].mutex){+.+.}:
[   19.009563]        __lock_acquire+0x1ca0/0x2760
[   19.009570]        lock_acquire+0x1a4/0x1c0
[   19.009576]        __mutex_lock+0xa8/0x960
[   19.009582]        mutex_lock_nested+0x1c/0x40
[   19.009589]        nfnl_lock+0x24/0x40 [nfnetlink]
[   19.009602]        ip_set_nfnl_get_byindex+0x18c/0x280 [ip_set]
[   19.009612]        set_match_v1_checkentry+0x14/0xc0 [xt_set]
[   19.009624]        xt_check_match+0x23c/0x280 [x_tables]
[   19.009635]        __nft_match_init+0x160/0x180 [nft_compat]
[   19.009642]        nft_match_init+0x18/0x40 [nft_compat]
[   19.009653]        nf_tables_newrule+0x504/0x780 [nf_tables]
[   19.009660]        nfnetlink_rcv_batch+0x3ec/0x620 [nfnetlink]
[   19.009668]        nfnetlink_rcv+0x110/0x140 [nfnetlink]
[   19.009676]        netlink_unicast+0x128/0x200
[   19.009682]        netlink_sendmsg+0x334/0x380
[   19.009689]        sock_sendmsg+0x34/0x80
[   19.009695]        ___sys_sendmsg+0x234/0x260
[   19.009701]        __sys_sendmsg+0x48/0x80
[   19.009708]        sys_sendmsg+0x18/0x40
[   19.009715]        linux_sparc_syscall+0x34/0x44
[   19.009720] 
               other info that might help us debug this:

[   19.009728]  Possible unsafe locking scenario:

[   19.009735]        CPU0                    CPU1
[   19.009740]        ----                    ----
[   19.009745]   lock(&net->nft.commit_mutex);
[   19.009752]                                lock(&table[i].mutex);
[   19.009760]                                lock(&net->nft.commit_mutex);
[   19.009767]   lock(&table[i].mutex);
[   19.009774] 
                *** DEADLOCK ***

[   19.009782] 1 lock held by iptables-restor/920:
[   19.009788]  #0: 0000000000e12e20 (&net->nft.commit_mutex){+.+.}, at: nf_tables_valid_genid+0x10/0x60 [nf_tables]
[   19.009805] 
               stack backtrace:
[   19.009813] CPU: 26 PID: 920 Comm: iptables-restor Tainted: G        W         5.3.0-12025-g4c07e2ddab5b-dirty #1241
[   19.009822] Call Trace:
[   19.009829]  [00000000004d1484] print_circular_bug.isra.0+0x304/0x320
[   19.009837]  [00000000004d16a8] check_noncircular+0x208/0x220
[   19.009844]  [00000000004d6420] __lock_acquire+0x1ca0/0x2760
[   19.009851]  [00000000004d7844] lock_acquire+0x1a4/0x1c0
[   19.009858]  [0000000000b27808] __mutex_lock+0xa8/0x960
[   19.009865]  [0000000000b280dc] mutex_lock_nested+0x1c/0x40
[   19.009873]  [0000000010500024] nfnl_lock+0x24/0x40 [nfnetlink]
[   19.009882]  [000000001050c82c] ip_set_nfnl_get_byindex+0x18c/0x280 [ip_set]
[   19.009890]  [00000000105885b4] set_match_v1_checkentry+0x14/0xc0 [xt_set]
[   19.009899]  [000000001032ee7c] xt_check_match+0x23c/0x280 [x_tables]
[   19.009908]  [0000000010562c40] __nft_match_init+0x160/0x180 [nft_compat]
[   19.009916]  [0000000010562cf8] nft_match_init+0x18/0x40 [nft_compat]
[   19.009926]  [000000001053d9a4] nf_tables_newrule+0x504/0x780 [nf_tables]
[   19.009935]  [00000000105011cc] nfnetlink_rcv_batch+0x3ec/0x620 [nfnetlink]
[   19.009943]  [0000000010501510] nfnetlink_rcv+0x110/0x140 [nfnetlink]
[   19.009951]  [0000000000a232e8] netlink_unicast+0x128/0x200
