[    0.000018] PROMLIB: Sun IEEE Boot Prom 'OBP 4.38.12 2018/03/28 14:54'
[    0.000030] PROMLIB: Root node compatible: sun4v
[    0.000078] Linux version 5.1.0-01199-g71ae5fc87c34 (mator@ttip) (gcc version 8.3.0 (Debian 8.3.0-7)) #964 SMP Tue May 7 14:34:48 MSK 2019
[    0.000380] printk: bootconsole [earlyprom0] enabled
[    0.000434] ARCH: SUN4V
[    0.000483] Ethernet address: 00:14:4f:fa:06:f2
[    0.000535] MM: PAGE_OFFSET is 0xfff8000000000000 (max_phys_bits == 47)
[    0.000600] MM: VMALLOC [0x0000000100000000 --> 0x0006000000000000]
[    0.000662] MM: VMEMMAP [0x0006000000000000 --> 0x000c000000000000]
[    0.012278] Kernel: Using 5 locked TLB entries for main kernel image.
[    0.012363] Remapping the kernel... 
[    0.012387] done.
[    0.039270] OF stdout device is: /virtual-devices@100/console@1
[    0.039349] PROM: Built device tree with 75126 bytes of memory.
[    0.039414] MDESC: Size is 31056 bytes.
[    0.039526] PLATFORM: banner-name [SPARC T5-2]
[    0.039575] PLATFORM: name [ORCL,SPARC-T5-2]
[    0.039620] PLATFORM: hostid [84fa06f2]
[    0.039663] PLATFORM: serial# [0035260e]
[    0.039706] PLATFORM: stick-frequency [3b9aca00]
[    0.039753] PLATFORM: mac-address [144ffa06f2]
[    0.039799] PLATFORM: watchdog-resolution [1000 ms]
[    0.039850] PLATFORM: watchdog-max-timeout [31536000000 ms]
[    0.039906] PLATFORM: max-cpus [1024]
[    0.040003] Top of RAM: 0x24af948000, Total RAM: 0x87f386000
[    0.040065] Memory hole size: 115461MB
[    0.044159] Allocated 40960 bytes for kernel page tables.
[    0.044247] Zone ranges:
[    0.044288]   Normal   [mem 0x0000000030400000-0x00000024af947fff]
[    0.044350] Movable zone start for each node
[    0.044395] Early memory node ranges
[    0.044437]   node   0: [mem 0x0000000030400000-0x000000006febffff]
[    0.044497]   node   0: [mem 0x000000006ff40000-0x000000006ff47fff]
[    0.044560]   node   0: [mem 0x0000000070000000-0x000000042fffffff]
[    0.044621]   node   0: [mem 0x0000002030000000-0x00000024af8b5fff]
[    0.044682]   node   0: [mem 0x00000024af940000-0x00000024af947fff]
[    0.052046] Zeroed struct page in unavailable ranges: 230113 pages
[    0.052054] Initmem setup node 0 [mem 0x0000000030400000-0x00000024af947fff]
[    0.052211] On node 0 totalpages: 4454851
[    0.052220]   Normal zone: 39154 pages used for memmap
[    0.052225]   Normal zone: 0 pages reserved
[    0.052231]   Normal zone: 4454851 pages, LIFO batch:31
[    0.249313] Booting Linux...
[    0.249399] CPU CAPS: [flush,stbar,swap,muldiv,v9,blkinit,n2,mul32]
[    0.249481] CPU CAPS: [div32,v8plus,popc,vis,vis2,ASIBlkInit,fmaf,vis3]
[    0.250560] CPU CAPS: [hpc,ima,pause,cbcond,aes,des,kasumi,camellia]
[    0.250631] CPU CAPS: [md5,sha1,sha256,sha512,mpmul,montmul,montsqr,crc32c]
[    0.305769] percpu: Embedded 27 pages/cpu s179592 r8192 d33400 u262144
[    0.306020] pcpu-alloc: s179592 r8192 d33400 u262144 alloc=1*4194304
[    0.306027] pcpu-alloc: [0] 000 001 002 003 004 005 006 007 008 009 010 011 012 013 014 015 
[    0.306054] pcpu-alloc: [0] 016 017 018 019 020 021 022 023 024 025 026 027 028 029 030 031 
[    0.306080] pcpu-alloc: [0] 032 033 034 035 036 037 038 039 040 041 042 043 044 045 046 047 
[    0.306106] pcpu-alloc: [0] 048 049 050 051 052 053 054 055 056 057 058 059 060 061 062 063 
[    0.306131] pcpu-alloc: [0] 064 065 066 067 068 069 070 071 072 073 074 075 076 077 078 079 
[    0.306157] pcpu-alloc: [0] 080 081 082 083 084 085 086 087 088 089 090 091 092 093 094 095 
[    0.306183] pcpu-alloc: [0] 096 097 098 099 100 101 102 103 104 105 106 107 108 109 110 111 
[    0.306210] pcpu-alloc: [0] 112 113 114 115 116 117 118 119 120 121 122 123 124 125 126 127 
[    0.306236] pcpu-alloc: [0] 128 129 130 131 132 133 134 135 136 137 138 139 140 141 142 143 
[    0.306262] pcpu-alloc: [0] 144 145 146 147 148 149 150 151 152 153 154 155 156 157 158 159 
[    0.306289] pcpu-alloc: [0] 160 161 162 163 164 165 166 167 168 169 170 171 172 173 174 175 
[    0.306315] pcpu-alloc: [0] 176 177 178 179 180 181 182 183 184 185 186 187 188 189 190 191 
[    0.306342] pcpu-alloc: [0] 192 193 194 195 196 197 198 199 200 201 202 203 204 205 206 207 
[    0.306368] pcpu-alloc: [0] 208 209 210 211 212 213 214 215 216 217 218 219 220 221 222 223 
[    0.306394] pcpu-alloc: [0] 224 225 226 227 228 229 230 231 232 233 234 235 236 237 238 239 
[    0.306421] pcpu-alloc: [0] 240 241 242 243 244 245 246 247 248 249 250 251 252 253 254 255 
[    0.306857] SUN4V: Mondo queue sizes [cpu(131072) dev(16384) r(8192) nr(256)]
[    0.307151] Built 1 zonelists, mobility grouping on.  Total pages: 4415697
[    0.307240] Kernel command line: BOOT_IMAGE=/vmlinuz-5.1.0-01199-g71ae5fc87c34 root=/dev/vdiska2 ro zswap.enabled=1
[    0.309751] printk: log_buf_len individual max cpu contribution: 4096 bytes
[    0.309820] printk: log_buf_len total cpu_extra contributions: 1044480 bytes
[    0.309888] printk: log_buf_len min size: 131072 bytes
[    0.310262] printk: log_buf_len: 2097152 bytes
[    0.310313] printk: early log buf free: 125968(96%)
[    0.316653] Dentry cache hash table entries: 8388608 (order: 13, 67108864 bytes)
[    0.319907] Inode-cache hash table entries: 4194304 (order: 12, 33554432 bytes)
[    0.319982] Sorting __ex_table...
[    0.398334] Memory: 35103688K/35638808K available (6135K kernel code, 834K rwdata, 1824K rodata, 944K init, 6771K bss, 535120K reserved, 0K cma-reserved)
[    0.400029] ftrace: allocating 18655 entries in 37 pages
[    0.409139] kmemleak: Kernel memory leak detector disabled
[    0.413788] Running RCU self tests
[    0.413842] rcu: Hierarchical RCU implementation.
[    0.413895] rcu: 	RCU event tracing is enabled.
[    0.413946] rcu: 	RCU lockdep checking is enabled.
[    0.413998] 	Tasks RCU enabled.
[    0.414036] rcu: RCU calculated value of scheduler-enlistment delay is 11 jiffies.
[    0.419562] NR_IRQS: 2048, nr_irqs: 2048, preallocated irqs: 1
[    0.419679] SUN4V: Using IRQ API major 3, cookie only virqs enabled
[    0.423861] clocksource: stick: mask: 0xffffffffffffffff max_cycles: 0x1cd42e4dffb, max_idle_ns: 881590591483 ns
[    0.423997] clocksource: mult[800000] shift[23]
[    0.424047] clockevent: mult[80000000] shift[31]
[    0.428338] Console: colour dummy device 80x25
[    0.428404] printk: console [tty0] enabled
[    0.428480] printk: bootconsole [earlyprom0] disabled
[    0.428564] Lock dependency validator: Copyright (c) 2006 Red Hat, Inc., Ingo Molnar
[    0.428610] ... MAX_LOCKDEP_SUBCLASSES:  8
[    0.428638] ... MAX_LOCK_DEPTH:          48
[    0.428667] ... MAX_LOCKDEP_KEYS:        8191
[    0.428696] ... CLASSHASH_SIZE:          4096
[    0.428726] ... MAX_LOCKDEP_ENTRIES:     16384
[    0.428755] ... MAX_LOCKDEP_CHAINS:      32768
[    0.428785] ... CHAINHASH_SIZE:          16384
[    0.428815]  memory used by lock dependency info: 3853 kB
[    0.428849]  per task-struct memory footprint: 1920 bytes
[    0.429059] kmemleak: Early log buffer exceeded (4321), please increase DEBUG_KMEMLEAK_EARLY_LOG_SIZE
[    0.574723] Calibrating delay using timer specific routine.. 2016.98 BogoMIPS (lpj=10084917)
[    0.574790] pid_max: default: 262144 minimum: 2048
[    0.575919] LSM: Security Framework initializing
[    0.576184] SELinux:  Initializing.
[    0.576838] *** VALIDATE SELinux ***
[    0.577418] Mount-cache hash table entries: 131072 (order: 7, 1048576 bytes)
[    0.577578] Mountpoint-cache hash table entries: 131072 (order: 7, 1048576 bytes)
[    0.579106] *** VALIDATE proc ***
[    0.579767] *** VALIDATE cgroup1 ***
[    0.579799] *** VALIDATE cgroup2 ***
[    0.582836] rcu: Hierarchical SRCU implementation.
[    0.606755] smp: Bringing up secondary CPUs ...
[    0.670911] smp: Brought up 1 node, 24 CPUs
[    0.678484] devtmpfs: initialized
[    0.684032] Performance events: 
[    0.684079] Testing NMI watchdog ... 
[    0.884196] OK.
[    0.884367] Supported PMU type is 'niagara5'
[    0.884695] random: get_random_u32 called from bucket_table_alloc.isra.4+0x13c/0x1c0 with crng_init=0
[    0.885575] ldc.c:v1.1 (July 22, 2008)
[    0.888748] clocksource: jiffies: mask: 0xffffffff max_cycles: 0xffffffff, max_idle_ns: 19112604462750000 ns
[    0.888859] futex hash table entries: 65536 (order: 10, 8388608 bytes)
[    0.898710] NET: Registered protocol family 16
[    0.908084] VIO: Adding device channel-devices (tx_ino = ffffffffffffffff, rx_ino = ffffffffffffffff)
[    0.908328] VIO: Adding device vnet-port-0-0 (tx_ino = 0, rx_ino = 1)
[    0.908557] VIO: Adding device vnet-port-0-1 (tx_ino = 2, rx_ino = 3)
[    0.908751] VIO: Adding device vnet-port-0-2 (tx_ino = 4, rx_ino = 5)
[    0.908951] VIO: Adding device vnet-port-0-3 (tx_ino = 6, rx_ino = 7)
[    0.909165] VIO: Adding device vnet-port-0-4 (tx_ino = 8, rx_ino = 9)
[    0.909358] VIO: Adding device vnet-port-0-5 (tx_ino = 16, rx_ino = 17)
[    0.909553] VIO: Adding device vdc-port-3-0 (tx_ino = a, rx_ino = b)
[    0.909755] VIO: Adding device vdc-port-2-0 (tx_ino = c, rx_ino = d)
[    0.909951] VIO: Adding device vdc-port-1-0 (tx_ino = e, rx_ino = f)
[    0.910148] VIO: Adding device vdc-port-0-0 (tx_ino = 10, rx_ino = 11)
[    0.910341] VIO: Adding device vlds-port-0-0 (tx_ino = 12, rx_ino = 13)
[    0.910543] VIO: Adding device domain-services-port-0 (tx_ino = 12, rx_ino = 13)
[    0.910938] audit: initializing netlink subsys (disabled)
[    0.911308] audit: type=2000 audit(0.480:1): state=initialized audit_enabled=0 res=1
[    0.958132] HugeTLB registered 64.0 KiB page size, pre-allocated 0 pages
[    0.958186] HugeTLB registered 8.00 MiB page size, pre-allocated 0 pages
[    0.958229] HugeTLB registered 256 MiB page size, pre-allocated 0 pages
[    0.958272] HugeTLB registered 2.00 GiB page size, pre-allocated 0 pages
[    1.005190] alg: No test for lzo-rle (lzo-rle-generic)
[    1.005763] alg: No test for lzo-rle (lzo-rle-scomp)
[    1.023515] SUN4V: Reboot data supported (maj=1,min=0).
[    1.023950] ds.c:v1.0 (Jul 11, 2007)
[    1.024371] ds-0: ds_conn_reset() from send_events.isra.3
[    1.025876] clocksource: Switched to clocksource stick
[    1.249260] VFS: Disk quotas dquot_6.6.0
[    1.249744] VFS: Dquot-cache hash table entries: 1024 (order 0, 8192 bytes)
[    1.250365] *** VALIDATE hugetlbfs ***
[    1.270596] NET: Registered protocol family 2
[    1.273148] tcp_listen_portaddr_hash hash table entries: 32768 (order: 8, 2359296 bytes)
[    1.276493] TCP established hash table entries: 524288 (order: 9, 4194304 bytes)
[    1.278514] TCP bind hash table entries: 65536 (order: 9, 4194304 bytes)
[    1.283742] TCP: Hash tables configured (established 524288 bind 65536)
[    1.291547] UDP hash table entries: 32768 (order: 9, 5242880 bytes)
[    1.298655] UDP-Lite hash table entries: 32768 (order: 9, 5242880 bytes)
[    1.313774] NET: Registered protocol family 1
[    1.314780] Unpacking initramfs...
[    1.637116] Freeing initrd memory: 10240K
[    1.675357] workingset: timestamp_bits=46 max_order=23 bucket_order=0
[    1.676872] zbud: loaded
[    1.683605] Block layer SCSI generic (bsg) driver version 0.4 loaded (major 252)
[    1.685252] io scheduler mq-deadline registered
[    1.686863] f029b788: ttyS0 at I/O 0x0 (irq = 1, base_baud = 115200) is a SUN4V HCONS
[    1.692510] printk: console [ttyHV0] enabled
[    1.696410] sunvdc.c:v1.2 (November 24, 2014)
[    1.703670] sunvdc: Virtual CDROM vdiskd
[    1.703723] sunvdc: vdiskd: 403160 sectors (196 MB) protocol 1.2
[    1.705222]  vdiskd: vdiskd1 vdiskd2 vdiskd3 vdiskd4 vdiskd5 vdiskd6 vdiskd7
[    1.770204] sunvdc: Virtual Hard disk vdiskc
[    1.770257] sunvdc: vdiskc: 104857600 sectors (51200 MB) protocol 1.2
[    1.830088] sunvdc: Virtual Hard disk vdiskb
[    1.830137] sunvdc: vdiskb: 62914560 sectors (30720 MB) protocol 1.2
[    1.838989]  vdiskb: vdiskb1
[    1.898715] sunvdc: Virtual Hard disk vdiska
[    1.898764] sunvdc: vdiska: 31457280 sectors (15360 MB) protocol 1.2
[    1.899783]  vdiska: vdiska1 vdiska2 vdiska3 vdiska4
[    1.953481] sunvnet: sunvnet 2.0 (February 3, 2017)
[    1.957074] vnet_port vnet-port-0-0 eth0: Sun LDOM vnet 00:14:4f:f8:12:a3
[    1.957672] sunvnet: eth0: PORT ( remote-mac 00:14:4f:fa:f3:f0 switch-port )
[    1.958998] sunvnet: eth0: PORT ( remote-mac 00:14:4f:f8:e5:f3 )
[    1.960335] sunvnet: eth0: PORT ( remote-mac 00:14:4f:f9:b4:97 )
[    1.961627] sunvnet: eth0: PORT ( remote-mac 00:14:4f:f9:8b:83 )
[    1.962907] sunvnet: eth0: PORT ( remote-mac 00:14:4f:f8:3f:1e )
[    1.964182] sunvnet: eth0: PORT ( remote-mac 00:14:4f:f8:fe:47 )
[    1.965371] mousedev: PS/2 mouse device common for all mice
[    1.966677] rtc-sun4v rtc-sun4v: registered as rtc0
[    1.967193] device-mapper: uevent: version 1.0.3
[    1.968438] device-mapper: ioctl: 4.40.0-ioctl (2019-01-18) initialised: dm-devel@redhat.com
[    1.970070] NET: Registered protocol family 17
[    1.971464] registered taskstats version 1
[    1.974498] zswap: loaded using pool lzo/zbud
[    2.023903] Key type big_key registered
[    2.024884] rtc-sun4v rtc-sun4v: setting system clock to 2019-05-07T12:13:37 UTC (1557231217)
[    2.029483] This architecture does not have kernel memory protection.
[    2.029532] Run /init as init process
[    2.998246] crc32c_sparc64: Using sparc64 crc32c opcode optimized CRC32C implementation
[    3.090404] random: fast init done
[    3.465834] raid6: int64x8  gen()  2179 MB/s
[    3.635858] raid6: int64x8  xor()  1562 MB/s
[    3.805820] raid6: int64x4  gen()  3443 MB/s
[    3.975821] raid6: int64x4  xor()  1987 MB/s
[    4.145825] raid6: int64x2  gen()  3014 MB/s
[    4.315841] raid6: int64x2  xor()  1993 MB/s
[    4.485857] raid6: int64x1  gen()  2778 MB/s
[    4.655829] raid6: int64x1  xor()  1651 MB/s
[    4.655878] raid6: using algorithm int64x4 gen() 3443 MB/s
[    4.655917] raid6: .... xor() 1987 MB/s, rmw enabled
[    4.655953] raid6: using intx1 recovery algorithm
[    4.656972] async_tx: api initialized (async)
[    4.657602] xor: automatically using best checksumming function   Niagara   
[    4.906991] EXT4-fs (vdiska2): mounted filesystem with ordered data mode. Opts: (null)
[    6.550698] systemd[1]: Inserted module 'autofs4'
[    6.560469] NET: Registered protocol family 10
[    6.574037] Segment Routing with IPv6
[    6.649521] systemd[1]: systemd 241 running in system mode. (+PAM +AUDIT +SELINUX +IMA +APPARMOR +SMACK +SYSVINIT +UTMP +LIBCRYPTSETUP +GCRYPT +GNUTLS +ACL +XZ +LZ4 -SECCOMP +BLKID +ELFUTILS +KMOD -IDN2 +IDN -PCRE2 default-hierarchy=hybrid)
[    6.650110] systemd[1]: Detected architecture sparc64.
[    6.697975] systemd[1]: Set hostname to <ttip>.
[    7.751573] random: lvmconfig: uninitialized urandom read (4 bytes read)
[    8.221101] systemd[1]: File /lib/systemd/system/systemd-journald.service:12 configures an IP firewall (IPAddressDeny=any), but the local system does not support BPF/cgroup based firewalling.
[    8.221230] systemd[1]: Proceeding WITHOUT firewalling in effect! (This warning is only shown for the first loaded unit using IP firewalling.)
[    8.272861] systemd[1]: /lib/systemd/system/auditd.service:11: PIDFile= references path below legacy directory /var/run/, updating /var/run/auditd.pid → /run/auditd.pid; please update the unit file accordingly.
[    8.685760] systemd[1]: /lib/systemd/system/smbd.service:9: PIDFile= references path below legacy directory /var/run/, updating /var/run/samba/smbd.pid → /run/samba/smbd.pid; please update the unit file accordingly.
[    8.689256] systemd[1]: /lib/systemd/system/nmbd.service:9: PIDFile= references path below legacy directory /var/run/, updating /var/run/samba/nmbd.pid → /run/samba/nmbd.pid; please update the unit file accordingly.
[    8.884700] random: systemd: uninitialized urandom read (16 bytes read)
[    8.892143] random: systemd: uninitialized urandom read (16 bytes read)
[    8.893247] systemd[1]: Listening on fsck to fsckd communication Socket.
[    8.894271] random: systemd: uninitialized urandom read (16 bytes read)
[    8.895192] systemd[1]: Listening on LVM2 poll daemon socket.
[    9.076416] EXT4-fs (vdiska2): re-mounted. Opts: errors=remount-ro
[    9.433130] systemd-journald[403]: Received request to flush runtime journal from PID 1
[   10.720842] sha1_sparc64: Using sparc64 sha1 opcode optimized SHA-1 implementation
[   10.755172] sha256_sparc64: Using sparc64 sha256 opcode optimized SHA-256/SHA-224 implementation
[   10.780000] sha512_sparc64: Using sparc64 sha512 opcode optimized SHA-512/SHA-384 implementation
[   10.796995] md5_sparc64: Using sparc64 md5 opcode optimized MD5 implementation
[   10.816873] aes_sparc64: Using sparc64 aes opcodes optimized AES implementation
[   10.861934] n2rng v0.3 (Jan 7, 2017)
[   10.862066] n2rng f029b104: Registered RNG HVAPI major 2 minor 0
[   10.862167] n2rng f029b104: Found multi-unit-capable RNG, units: 2
[   10.863309] n2rng f029b104: RNG ready
[   10.947055] des_sparc64: Using sparc64 des opcodes optimized DES implementation
[   11.006807] camellia_sparc64: Using sparc64 camellia opcodes optimized CAMELLIA implementation
[   14.195822] SGI XFS with ACLs, security attributes, debug enabled
[   14.233775] XFS (dm-0): Mounting V5 Filesystem
[   14.254689] XFS (dm-0): Ending clean mount
[   14.261258] Adding 787176k swap on /dev/vdiska4.  Priority:-2 extents:1 across:787176k FS
[   14.548023] EXT4-fs (vdiska1): mounting ext3 file system using the ext4 subsystem
[   14.557541] EXT4-fs (vdiska1): mounted filesystem with ordered data mode. Opts: (null)
[   16.666005] random: crng init done
[   16.666067] random: 6 urandom warning(s) missed due to ratelimiting

[   17.466655] ======================================================
[   17.466662] WARNING: possible circular locking dependency detected
[   17.466672] 5.1.0-01199-g71ae5fc87c34 #964 Not tainted
[   17.466679] ------------------------------------------------------
[   17.466686] iptables-restor/748 is trying to acquire lock:
[   17.466696] 00000000e97b74b0 (&table[i].mutex){+.+.}, at: nfnl_lock+0x24/0x40 [nfnetlink]
[   17.466720] 
               but task is already holding lock:
[   17.466728] 00000000bea9be34 (&net->nft.commit_mutex){+.+.}, at: nf_tables_valid_genid+0x18/0x60 [nf_tables]
[   17.466750] 
               which lock already depends on the new lock.

[   17.466758] 
               the existing dependency chain (in reverse order) is:
[   17.466766] 
               -> #1 (&net->nft.commit_mutex){+.+.}:
[   17.466783]        __mutex_lock+0x48/0x920
[   17.466791]        mutex_lock_nested+0x1c/0x40
[   17.466800]        nf_tables_valid_genid+0x18/0x60 [nf_tables]
[   17.466808]        nfnetlink_rcv_batch+0x24c/0x620 [nfnetlink]
[   17.466816]        nfnetlink_rcv+0x10c/0x140 [nfnetlink]
[   17.466826]        netlink_unicast+0x12c/0x1e0
[   17.466832]        netlink_sendmsg+0x324/0x360
[   17.466842]        sock_sendmsg+0x34/0x80
[   17.466849]        ___sys_sendmsg+0x228/0x240
[   17.466856]        __sys_sendmsg+0x4c/0x80
[   17.466863]        sys_sendmsg+0x18/0x40
[   17.466871]        linux_sparc_syscall+0x34/0x44
[   17.466877] 
               -> #0 (&table[i].mutex){+.+.}:
[   17.466890]        lock_acquire+0x1a4/0x1c0
[   17.466897]        __mutex_lock+0x48/0x920
[   17.466903]        mutex_lock_nested+0x1c/0x40
[   17.466910]        nfnl_lock+0x24/0x40 [nfnetlink]
[   17.466922]        ip_set_nfnl_get_byindex+0x19c/0x280 [ip_set]
[   17.466932]        set_match_v1_checkentry+0x14/0xc0 [xt_set]
[   17.466943]        xt_check_match+0x238/0x260 [x_tables]
[   17.466952]        __nft_match_init+0x160/0x180 [nft_compat]
[   17.466960]        nft_match_init+0x18/0x40 [nft_compat]
[   17.466970]        nf_tables_newrule+0x57c/0x7a0 [nf_tables]
[   17.466977]        nfnetlink_rcv_batch+0x3f4/0x620 [nfnetlink]
[   17.466985]        nfnetlink_rcv+0x10c/0x140 [nfnetlink]
[   17.466992]        netlink_unicast+0x12c/0x1e0
[   17.466998]        netlink_sendmsg+0x324/0x360
[   17.467005]        sock_sendmsg+0x34/0x80
[   17.467011]        ___sys_sendmsg+0x228/0x240
[   17.467018]        __sys_sendmsg+0x4c/0x80
[   17.467024]        sys_sendmsg+0x18/0x40
[   17.467030]        linux_sparc_syscall+0x34/0x44
[   17.467036] 
               other info that might help us debug this:

[   17.467044]  Possible unsafe locking scenario:

[   17.467051]        CPU0                    CPU1
[   17.467056]        ----                    ----
[   17.467061]   lock(&net->nft.commit_mutex);
[   17.467068]                                lock(&table[i].mutex);
[   17.467075]                                lock(&net->nft.commit_mutex);
[   17.467083]   lock(&table[i].mutex);
[   17.467089] 
                *** DEADLOCK ***

[   17.467097] 1 lock held by iptables-restor/748:
[   17.467102]  #0: 00000000bea9be34 (&net->nft.commit_mutex){+.+.}, at: nf_tables_valid_genid+0x18/0x60 [nf_tables]
[   17.467118] 
               stack backtrace:
[   17.467126] CPU: 22 PID: 748 Comm: iptables-restor Not tainted 5.1.0-01199-g71ae5fc87c34 #964
[   17.467134] Call Trace:
[   17.467142]  [00000000004cf360] print_circular_bug+0x2e0/0x320
[   17.467149]  [00000000004d4158] __lock_acquire+0x1d38/0x2900
[   17.467156]  [00000000004d5604] lock_acquire+0x1a4/0x1c0
[   17.467163]  [00000000009fa508] __mutex_lock+0x48/0x920
[   17.467170]  [00000000009fadfc] mutex_lock_nested+0x1c/0x40
[   17.467178]  [0000000010738024] nfnl_lock+0x24/0x40 [nfnetlink]
[   17.467187]  [00000000107448bc] ip_set_nfnl_get_byindex+0x19c/0x280 [ip_set]
[   17.467195]  [00000000107a65d4] set_match_v1_checkentry+0x14/0xc0 [xt_set]
[   17.467204]  [000000001031ed58] xt_check_match+0x238/0x260 [x_tables]
[   17.467212]  [0000000010794c00] __nft_match_init+0x160/0x180 [nft_compat]
[   17.467219]  [0000000010794cb8] nft_match_init+0x18/0x40 [nft_compat]
[   17.467230]  [00000000107738bc] nf_tables_newrule+0x57c/0x7a0 [nf_tables]
[   17.467238]  [0000000010739214] nfnetlink_rcv_batch+0x3f4/0x620 [nfnetlink]
[   17.467246]  [000000001073954c] nfnetlink_rcv+0x10c/0x140 [nfnetlink]
[   17.467253]  [000000000093512c] netlink_unicast+0x12c/0x1e0
[   17.467260]  [0000000000935d84] netlink_sendmsg+0x324/0x360
[   18.115849] tun: Universal TUN/TAP device driver, 1.6
