[    0.000017] PROMLIB: Sun IEEE Boot Prom 'OBP 4.38.12 2018/03/28 14:54'
[    0.000029] PROMLIB: Root node compatible: sun4v
[    0.000075] Linux version 5.0.0-rc1-00024-g4064e47c8281 (mator@ttip) (gcc version 8.2.0 (Debian 8.2.0-14)) #870 SMP Thu Jan 10 14:00:53 MSK 2019
[    0.000383] printk: bootconsole [earlyprom0] enabled
[    0.000434] ARCH: SUN4V
[    0.000484] Ethernet address: 00:14:4f:fa:06:f2
[    0.000537] MM: PAGE_OFFSET is 0xfff8000000000000 (max_phys_bits == 47)
[    0.000601] MM: VMALLOC [0x0000000100000000 --> 0x0006000000000000]
[    0.000662] MM: VMEMMAP [0x0006000000000000 --> 0x000c000000000000]
[    0.011517] Kernel: Using 5 locked TLB entries for main kernel image.
[    0.011585] Remapping the kernel... 
[    0.011606] done.
[    0.040078] OF stdout device is: /virtual-devices@100/console@1
[    0.040143] PROM: Built device tree with 72847 bytes of memory.
[    0.040203] MDESC: Size is 30768 bytes.
[    0.040309] PLATFORM: banner-name [SPARC T5-2]
[    0.040359] PLATFORM: name [ORCL,SPARC-T5-2]
[    0.040405] PLATFORM: hostid [84fa06f2]
[    0.040447] PLATFORM: serial# [0035260e]
[    0.040490] PLATFORM: stick-frequency [3b9aca00]
[    0.040538] PLATFORM: mac-address [144ffa06f2]
[    0.040585] PLATFORM: watchdog-resolution [1000 ms]
[    0.040637] PLATFORM: watchdog-max-timeout [31536000000 ms]
[    0.040693] PLATFORM: max-cpus [1024]
[    0.040780] Top of RAM: 0x24af948000, Total RAM: 0x87f388000
[    0.040842] Memory hole size: 115461MB
[    0.045053] Allocated 40960 bytes for kernel page tables.
[    0.045133] Zone ranges:
[    0.045172]   Normal   [mem 0x0000000030400000-0x00000024af947fff]
[    0.045235] Movable zone start for each node
[    0.045281] Early memory node ranges
[    0.045321]   node   0: [mem 0x0000000030400000-0x000000006febffff]
[    0.045385]   node   0: [mem 0x000000006ff40000-0x000000006ff47fff]
[    0.045446]   node   0: [mem 0x0000000070000000-0x000000042fffffff]
[    0.045508]   node   0: [mem 0x0000002030000000-0x00000024af8b7fff]
[    0.045569]   node   0: [mem 0x00000024af940000-0x00000024af947fff]
[    0.052949] Zeroed struct page in unavailable ranges: 230112 pages
[    0.052957] Initmem setup node 0 [mem 0x0000000030400000-0x00000024af947fff]
[    0.053114] On node 0 totalpages: 4454852
[    0.053123]   Normal zone: 39154 pages used for memmap
[    0.053129]   Normal zone: 0 pages reserved
[    0.053135]   Normal zone: 4454852 pages, LIFO batch:31
[    0.254821] Booting Linux...
[    0.254906] CPU CAPS: [flush,stbar,swap,muldiv,v9,blkinit,n2,mul32]
[    0.254987] CPU CAPS: [div32,v8plus,popc,vis,vis2,ASIBlkInit,fmaf,vis3]
[    0.256066] CPU CAPS: [hpc,ima,pause,cbcond,aes,des,kasumi,camellia]
[    0.256140] CPU CAPS: [md5,sha1,sha256,sha512,mpmul,montmul,montsqr,crc32c]
[    0.307215] percpu: Embedded 20 pages/cpu @(____ptrval____) s121928 r8192 d33720 u262144
[    0.307446] pcpu-alloc: s121928 r8192 d33720 u262144 alloc=1*4194304
[    0.307453] pcpu-alloc: [0] 000 001 002 003 004 005 006 007 008 009 010 011 012 013 014 015 
[    0.307480] pcpu-alloc: [0] 016 017 018 019 020 021 022 023 024 025 026 027 028 029 030 031 
[    0.307506] pcpu-alloc: [0] 032 033 034 035 036 037 038 039 040 041 042 043 044 045 046 047 
[    0.307533] pcpu-alloc: [0] 048 049 050 051 052 053 054 055 056 057 058 059 060 061 062 063 
[    0.307559] pcpu-alloc: [0] 064 065 066 067 068 069 070 071 072 073 074 075 076 077 078 079 
[    0.307586] pcpu-alloc: [0] 080 081 082 083 084 085 086 087 088 089 090 091 092 093 094 095 
[    0.307612] pcpu-alloc: [0] 096 097 098 099 100 101 102 103 104 105 106 107 108 109 110 111 
[    0.307638] pcpu-alloc: [0] 112 113 114 115 116 117 118 119 120 121 122 123 124 125 126 127 
[    0.307665] pcpu-alloc: [0] 128 129 130 131 132 133 134 135 136 137 138 139 140 141 142 143 
[    0.307692] pcpu-alloc: [0] 144 145 146 147 148 149 150 151 152 153 154 155 156 157 158 159 
[    0.307719] pcpu-alloc: [0] 160 161 162 163 164 165 166 167 168 169 170 171 172 173 174 175 
[    0.307746] pcpu-alloc: [0] 176 177 178 179 180 181 182 183 184 185 186 187 188 189 190 191 
[    0.307772] pcpu-alloc: [0] 192 193 194 195 196 197 198 199 200 201 202 203 204 205 206 207 
[    0.307799] pcpu-alloc: [0] 208 209 210 211 212 213 214 215 216 217 218 219 220 221 222 223 
[    0.307825] pcpu-alloc: [0] 224 225 226 227 228 229 230 231 232 233 234 235 236 237 238 239 
[    0.307852] pcpu-alloc: [0] 240 241 242 243 244 245 246 247 248 249 250 251 252 253 254 255 
[    0.308271] SUN4V: Mondo queue sizes [cpu(131072) dev(16384) r(8192) nr(256)]
[    0.308578] Built 1 zonelists, mobility grouping on.  Total pages: 4415698
[    0.308665] Kernel command line: BOOT_IMAGE=/vmlinuz-5.0.0-rc1-00024-g4064e47c8281 root=/dev/vdiska2 ro zswap.enabled=1 elevator=deadline
[    0.311037] printk: log_buf_len individual max cpu contribution: 4096 bytes
[    0.311109] printk: log_buf_len total cpu_extra contributions: 1044480 bytes
[    0.311176] printk: log_buf_len min size: 131072 bytes
[    0.311545] printk: log_buf_len: 2097152 bytes
[    0.311596] printk: early log buf free: 125920(96%)
[    0.317918] Dentry cache hash table entries: 8388608 (order: 13, 67108864 bytes)
[    0.321154] Inode-cache hash table entries: 4194304 (order: 12, 33554432 bytes)
[    0.321224] Sorting __ex_table...
[    0.407067] Memory: 35120032K/35638816K available (6085K kernel code, 835K rwdata, 1760K rodata, 880K init, 7992K bss, 518784K reserved, 0K cma-reserved)
[    0.407427] kmemleak: Kernel memory leak detector disabled
[    0.408885] ftrace: allocating 18530 entries in 37 pages
[    0.422441] Running RCU self tests
[    0.422511] rcu: Hierarchical RCU implementation.
[    0.422564] rcu: 	RCU event tracing is enabled.
[    0.422616] rcu: 	RCU lockdep checking is enabled.
[    0.422665] rcu: RCU calculated value of scheduler-enlistment delay is 11 jiffies.
[    0.427907] NR_IRQS: 2048, nr_irqs: 2048, preallocated irqs: 1
[    0.428001] SUN4V: Using IRQ API major 3, cookie only virqs enabled
[    0.432102] clocksource: stick: mask: 0xffffffffffffffff max_cycles: 0x1cd42e4dffb, max_idle_ns: 881590591483 ns
[    0.432234] clocksource: mult[800000] shift[23]
[    0.432283] clockevent: mult[80000000] shift[31]
[    0.436458] Console: colour dummy device 80x25
[    0.436526] printk: console [tty0] enabled
[    0.436600] printk: bootconsole [earlyprom0] disabled
[    0.436683] Lock dependency validator: Copyright (c) 2006 Red Hat, Inc., Ingo Molnar
[    0.436728] ... MAX_LOCKDEP_SUBCLASSES:  8
[    0.436756] ... MAX_LOCK_DEPTH:          48
[    0.436784] ... MAX_LOCKDEP_KEYS:        8191
[    0.436813] ... CLASSHASH_SIZE:          4096
[    0.436842] ... MAX_LOCKDEP_ENTRIES:     16384
[    0.436871] ... MAX_LOCKDEP_CHAINS:      32768
[    0.436900] ... CHAINHASH_SIZE:          16384
[    0.436929]  memory used by lock dependency info: 4959 kB
[    0.436963]  per task-struct memory footprint: 1920 bytes
[    0.437130] kmemleak: Early log buffer exceeded (36559), please increase DEBUG_KMEMLEAK_EARLY_LOG_SIZE
[    0.582691] Calibrating delay using timer specific routine.. 2009.26 BogoMIPS (lpj=10046334)
[    0.582757] pid_max: default: 262144 minimum: 2048
[    0.583874] LSM: Security Framework initializing
[    0.583915] AppArmor: AppArmor disabled by boot time parameter
[    0.584571] Mount-cache hash table entries: 131072 (order: 7, 1048576 bytes)
[    0.584730] Mountpoint-cache hash table entries: 131072 (order: 7, 1048576 bytes)
[    0.589545] rcu: Hierarchical SRCU implementation.
[    0.612103] smp: Bringing up secondary CPUs ...
[    0.672438] smp: Brought up 1 node, 24 CPUs
[    0.676640] devtmpfs: initialized
[    0.682127] Performance events: 
[    0.682165] Testing NMI watchdog ... 
[    0.882270] OK.
[    0.882444] Supported PMU type is 'niagara5'
[    0.882772] random: get_random_u32 called from bucket_table_alloc.isra.4+0x140/0x1c0 with crng_init=0
[    0.883636] ldc.c:v1.1 (July 22, 2008)
[    0.886387] clocksource: jiffies: mask: 0xffffffff max_cycles: 0xffffffff, max_idle_ns: 19112604462750000 ns
[    0.886490] futex hash table entries: 65536 (order: 10, 8388608 bytes)
[    0.896237] NET: Registered protocol family 16
[    0.905504] VIO: Adding device channel-devices (tx_ino = ffffffffffffffff, rx_ino = ffffffffffffffff)
[    0.905752] VIO: Adding device vnet-port-0-0 (tx_ino = 0, rx_ino = 1)
[    0.905981] VIO: Adding device vnet-port-0-1 (tx_ino = 2, rx_ino = 3)
[    0.906182] VIO: Adding device vnet-port-0-2 (tx_ino = 4, rx_ino = 5)
[    0.906375] VIO: Adding device vnet-port-0-3 (tx_ino = 6, rx_ino = 7)
[    0.906575] VIO: Adding device vnet-port-0-4 (tx_ino = 8, rx_ino = 9)
[    0.906767] VIO: Adding device vdc-port-3-0 (tx_ino = a, rx_ino = b)
[    0.906966] VIO: Adding device vdc-port-2-0 (tx_ino = c, rx_ino = d)
[    0.907164] VIO: Adding device vdc-port-1-0 (tx_ino = e, rx_ino = f)
[    0.907359] VIO: Adding device vdc-port-0-0 (tx_ino = 10, rx_ino = 11)
[    0.907559] VIO: Adding device vlds-port-0-0 (tx_ino = 12, rx_ino = 13)
[    0.907761] VIO: Adding device domain-services-port-0 (tx_ino = 12, rx_ino = 13)
[    0.908174] audit: initializing netlink subsys (disabled)
[    0.908583] audit: type=2000 audit(0.470:1): state=initialized audit_enabled=0 res=1
[    0.954548] HugeTLB registered 64.0 KiB page size, pre-allocated 0 pages
[    0.954602] HugeTLB registered 8.00 MiB page size, pre-allocated 0 pages
[    0.954644] HugeTLB registered 256 MiB page size, pre-allocated 0 pages
[    0.954686] HugeTLB registered 2.00 GiB page size, pre-allocated 0 pages
[    0.966792] SUN4V: Reboot data supported (maj=1,min=0).
[    0.967238] ds.c:v1.0 (Jul 11, 2007)
[    0.967661] ds-0: ds_conn_reset() from send_events.isra.3
[    0.969132] clocksource: Switched to clocksource stick
[    1.152187] VFS: Disk quotas dquot_6.6.0
[    1.152692] VFS: Dquot-cache hash table entries: 1024 (order 0, 8192 bytes)
[    1.173262] NET: Registered protocol family 2
[    1.175655] tcp_listen_portaddr_hash hash table entries: 32768 (order: 8, 2359296 bytes)
[    1.179003] TCP established hash table entries: 524288 (order: 9, 4194304 bytes)
[    1.181186] TCP bind hash table entries: 65536 (order: 9, 4194304 bytes)
[    1.186792] TCP: Hash tables configured (established 524288 bind 65536)
[    1.193608] UDP hash table entries: 32768 (order: 9, 5242880 bytes)
[    1.200842] UDP-Lite hash table entries: 32768 (order: 9, 5242880 bytes)
[    1.215053] NET: Registered protocol family 1
[    1.215970] Unpacking initramfs...
[    1.456297] Freeing initrd memory: 7192K
[    1.492895] Kprobe smoke test: started
[    1.501943] Kprobe smoke test: passed successfully
[    1.503170] workingset: timestamp_bits=46 max_order=23 bucket_order=0
[    1.504556] zbud: loaded
[    1.666026] Block layer SCSI generic (bsg) driver version 0.4 loaded (major 252)
[    1.667685] io scheduler mq-deadline registered
[    1.667722] io scheduler kyber registered
[    1.669298] f029b788: ttyS0 at I/O 0x0 (irq = 1, base_baud = 115200) is a SUN4V HCONS
[    1.674738] printk: console [ttyHV0] enabled
[    1.678097] sunvdc.c:v1.2 (November 24, 2014)
[    1.684985] sunvdc: Virtual CDROM vdiskd
[    1.685059] sunvdc: vdiskd: 403160 sectors (196 MB) protocol 1.2
[    1.686676]  vdiskd: vdiskd1 vdiskd2 vdiskd3 vdiskd4 vdiskd5 vdiskd6 vdiskd7
[    1.742767] sunvdc: Virtual Hard disk vdiskc
[    1.742820] sunvdc: vdiskc: 104857600 sectors (51200 MB) protocol 1.2
[    1.795896] sunvdc: Virtual Hard disk vdiskb
[    1.795950] sunvdc: vdiskb: 62914560 sectors (30720 MB) protocol 1.2
[    1.803897]  vdiskb: vdiskb1
[    1.857639] sunvdc: Virtual Hard disk vdiska
[    1.857691] sunvdc: vdiska: 31457280 sectors (15360 MB) protocol 1.2
[    1.858999]  vdiska: vdiska1 vdiska2 vdiska3 vdiska4
[    1.904509] sunvnet: sunvnet 2.0 (February 3, 2017)
[    1.908046] vnet_port vnet-port-0-0 eth0: Sun LDOM vnet 00:14:4f:f8:12:a3
[    1.908623] sunvnet: eth0: PORT ( remote-mac 00:14:4f:fa:f3:f0 switch-port )
[    1.909996] sunvnet: eth0: PORT ( remote-mac 00:14:4f:f8:e5:f3 )
[    1.911293] sunvnet: eth0: PORT ( remote-mac 00:14:4f:f9:b4:97 )
[    1.912587] sunvnet: eth0: PORT ( remote-mac 00:14:4f:f9:8b:83 )
[    1.913915] sunvnet: eth0: PORT ( remote-mac 00:14:4f:f8:3f:1e )
[    1.914971] mousedev: PS/2 mouse device common for all mice
[    1.916124] rtc-sun4v rtc-sun4v: registered as rtc0
[    1.917262] device-mapper: uevent: version 1.0.3
[    1.918347] device-mapper: ioctl: 4.39.0-ioctl (2018-04-03) initialised: dm-devel@redhat.com
[    1.920019] NET: Registered protocol family 17
[    1.921246] registered taskstats version 1
[    1.924257] zswap: loaded using pool lzo/zbud
[    1.954187] Key type big_key registered
[    1.955104] rtc-sun4v rtc-sun4v: setting system clock to 2019-01-10T11:18:36 UTC (1547119116)
[    1.959729] This architecture does not have kernel memory protection.
[    1.959776] Run /init as init process
[    2.815629] crc32c_sparc64: Using sparc64 crc32c opcode optimized CRC32C implementation
[    3.279119] raid6: int64x8  gen()  2148 MB/s
[    3.449124] raid6: int64x8  xor()  1551 MB/s
[    3.619118] raid6: int64x4  gen()  3380 MB/s
[    3.789127] raid6: int64x4  xor()  1976 MB/s
[    3.959130] raid6: int64x2  gen()  2810 MB/s
[    4.129113] raid6: int64x2  xor()  1954 MB/s
[    4.299118] raid6: int64x1  gen()  2745 MB/s
[    4.469110] raid6: int64x1  xor()  1641 MB/s
[    4.469157] raid6: using algorithm int64x4 gen() 3380 MB/s
[    4.469195] raid6: .... xor() 1976 MB/s, rmw enabled
[    4.469231] raid6: using intx1 recovery algorithm
[    4.470248] async_tx: api initialized (async)
[    4.470959] xor: automatically using best checksumming function   Niagara   
[    4.667467] EXT4-fs (vdiska2): mounted filesystem with ordered data mode. Opts: (null)
[    4.686301] random: fast init done
[    6.043910] systemd[1]: Inserted module 'autofs4'
[    6.053367] NET: Registered protocol family 10
[    6.065481] Segment Routing with IPv6
[    6.116797] systemd[1]: systemd 240 running in system mode. (+PAM +AUDIT +SELINUX +IMA +APPARMOR +SMACK +SYSVINIT +UTMP +LIBCRYPTSETUP +GCRYPT +GNUTLS +ACL +XZ +LZ4 -SECCOMP +BLKID +ELFUTILS +KMOD -IDN2 +IDN -PCRE2 default-hierarchy=hybrid)
[    6.117344] systemd[1]: Detected architecture sparc64.
[    6.171207] systemd[1]: Set hostname to <ttip>.
[    6.972597] random: lvmconfig: uninitialized urandom read (4 bytes read)
[    7.699516] systemd[1]: File /lib/systemd/system/systemd-journald.service:12 configures an IP firewall (IPAddressDeny=any), but the local system does not support BPF/cgroup based firewalling.
[    7.699640] systemd[1]: Proceeding WITHOUT firewalling in effect! (This warning is only shown for the first loaded unit using IP firewalling.)
[    7.748260] systemd[1]: /lib/systemd/system/auditd.service:11: PIDFile= references path below legacy directory /var/run/, updating /var/run/auditd.pid → /run/auditd.pid; please update the unit file accordingly.
[    8.029521] systemd[1]: /lib/systemd/system/smbd.service:9: PIDFile= references path below legacy directory /var/run/, updating /var/run/samba/smbd.pid → /run/samba/smbd.pid; please update the unit file accordingly.
[    8.033259] systemd[1]: /lib/systemd/system/nmbd.service:9: PIDFile= references path below legacy directory /var/run/, updating /var/run/samba/nmbd.pid → /run/samba/nmbd.pid; please update the unit file accordingly.
[    8.272444] random: systemd: uninitialized urandom read (16 bytes read)
[    8.277605] random: systemd: uninitialized urandom read (16 bytes read)
[    8.278398] systemd[1]: Listening on Journal Audit Socket.
[    8.279541] random: systemd: uninitialized urandom read (16 bytes read)
[    8.292306] systemd[1]: Created slice system-postfix.slice.
[    8.608005] EXT4-fs (vdiska2): re-mounted. Opts: errors=remount-ro
[    8.803544] systemd-journald[393]: Received request to flush runtime journal from PID 1
[   10.253428] sha1_sparc64: Using sparc64 sha1 opcode optimized SHA-1 implementation
[   10.291953] sha256_sparc64: Using sparc64 sha256 opcode optimized SHA-256/SHA-224 implementation
[   10.310149] sha512_sparc64: Using sparc64 sha512 opcode optimized SHA-512/SHA-384 implementation
[   10.358611] md5_sparc64: Using sparc64 md5 opcode optimized MD5 implementation
[   10.403940] aes_sparc64: Using sparc64 aes opcodes optimized AES implementation
[   10.457322] n2rng v0.3 (Jan 7, 2017)
[   10.457444] n2rng f029b104: Registered RNG HVAPI major 2 minor 0
[   10.457531] n2rng f029b104: Found multi-unit-capable RNG, units: 2
[   10.458798] n2rng f029b104: RNG ready
[   10.498992] des_sparc64: Using sparc64 des opcodes optimized DES implementation
[   10.564238] camellia_sparc64: Using sparc64 camellia opcodes optimized CAMELLIA implementation
[   12.192534] SGI XFS with ACLs, security attributes, debug enabled
[   12.226407] XFS (dm-0): Mounting V5 Filesystem
[   12.510047] XFS (dm-0): Ending clean mount
[   13.996006] Adding 787176k swap on /dev/vdiska4.  Priority:-2 extents:1 across:787176k FS
[   14.296153] EXT4-fs (vdiska1): mounting ext3 file system using the ext4 subsystem
[   14.307561] EXT4-fs (vdiska1): mounted filesystem with ordered data mode. Opts: (null)
[   15.938501] random: crng init done
[   15.938554] random: 6 urandom warning(s) missed due to ratelimiting
