[    0.000020] PROMLIB: Sun IEEE Boot Prom 'OBP 4.38.12 2018/03/28 14:54'
[    0.000031] PROMLIB: Root node compatible: sun4v
[    0.000076] Linux version 5.2.0-11144-g57a8ec387e14 (mator@ttip) (gcc version 8.3.0 (Debian 8.3.0-19)) #1163 SMP Thu Aug 15 00:24:42 MSK 2019
[    0.000391] printk: bootconsole [earlyprom0] enabled
[    0.000443] ARCH: SUN4V
[    0.000492] Ethernet address: 00:14:4f:fa:06:f2
[    0.000543] MM: PAGE_OFFSET is 0xfff8000000000000 (max_phys_bits == 47)
[    0.000609] MM: VMALLOC [0x0000000100000000 --> 0x0006000000000000]
[    0.000670] MM: VMEMMAP [0x0006000000000000 --> 0x000c000000000000]
[    0.012355] Kernel: Using 5 locked TLB entries for main kernel image.
[    0.012439] Remapping the kernel... 
[    0.012463] done.
[    0.047876] OF stdout device is: /virtual-devices@100/console@1
[    0.047956] PROM: Built device tree with 87467 bytes of memory.
[    0.051032] MDESC: Size is 37248 bytes.
[    0.051162] PLATFORM: banner-name [SPARC T5-2]
[    0.051214] PLATFORM: name [ORCL,SPARC-T5-2]
[    0.051261] PLATFORM: hostid [84fa06f2]
[    0.051305] PLATFORM: serial# [0035260e]
[    0.051347] PLATFORM: stick-frequency [3b9aca00]
[    0.051397] PLATFORM: mac-address [144ffa06f2]
[    0.051443] PLATFORM: watchdog-resolution [1000 ms]
[    0.051495] PLATFORM: watchdog-max-timeout [31536000000 ms]
[    0.051550] PLATFORM: max-cpus [1024]
[    0.051639] Top of RAM: 0x24af938000, Total RAM: 0x87f354000
[    0.051700] Memory hole size: 115461MB
[    0.104546] kmemleak: Kernel memory leak detector disabled
[    0.285328] Allocated 35708928 bytes for kernel page tables.
[    0.285437] Zone ranges:
[    0.285479]   Normal   [mem 0x0000000030400000-0x00000024af937fff]
[    0.285546] Movable zone start for each node
[    0.286594] Early memory node ranges
[    0.286635]   node   0: [mem 0x0000000030400000-0x000000006fe7ffff]
[    0.286698]   node   0: [mem 0x000000006ff00000-0x000000006ff25fff]
[    0.286758]   node   0: [mem 0x0000000070000000-0x000000042fffffff]
[    0.286818]   node   0: [mem 0x0000002030000000-0x00000024af87ffff]
[    0.286881]   node   0: [mem 0x00000024af900000-0x00000024af925fff]
[    0.286941]   node   0: [mem 0x00000024af930000-0x00000024af937fff]
[    0.294312] Zeroed struct page in unavailable ranges: 230130 pages
[    0.294320] Initmem setup node 0 [mem 0x0000000030400000-0x00000024af937fff]
[    0.294479] On node 0 totalpages: 4454826
[    0.294489]   Normal zone: 39154 pages used for memmap
[    0.294494]   Normal zone: 0 pages reserved
[    0.294500]   Normal zone: 4454826 pages, LIFO batch:31
[    0.491972] Booting Linux...
[    0.492059] CPU CAPS: [flush,stbar,swap,muldiv,v9,blkinit,n2,mul32]
[    0.492142] CPU CAPS: [div32,v8plus,popc,vis,vis2,ASIBlkInit,fmaf,vis3]
[    0.493222] CPU CAPS: [hpc,ima,pause,cbcond,aes,des,kasumi,camellia]
[    0.493295] CPU CAPS: [md5,sha1,sha256,sha512,mpmul,montmul,montsqr,crc32c]
[    0.559967] percpu: Embedded 27 pages/cpu s180680 r8192 d32312 u262144
[    0.560249] pcpu-alloc: s180680 r8192 d32312 u262144 alloc=1*4194304
[    0.560256] pcpu-alloc: [0] 000 001 002 003 004 005 006 007 008 009 010 011 012 013 014 015 
[    0.560283] pcpu-alloc: [0] 016 017 018 019 020 021 022 023 024 025 026 027 028 029 030 031 
[    0.560310] pcpu-alloc: [0] 032 033 034 035 036 037 038 039 040 041 042 043 044 045 046 047 
[    0.560337] pcpu-alloc: [0] 048 049 050 051 052 053 054 055 056 057 058 059 060 061 062 063 
[    0.560364] pcpu-alloc: [0] 064 065 066 067 068 069 070 071 072 073 074 075 076 077 078 079 
[    0.560391] pcpu-alloc: [0] 080 081 082 083 084 085 086 087 088 089 090 091 092 093 094 095 
[    0.560417] pcpu-alloc: [0] 096 097 098 099 100 101 102 103 104 105 106 107 108 109 110 111 
[    0.560444] pcpu-alloc: [0] 112 113 114 115 116 117 118 119 120 121 122 123 124 125 126 127 
[    0.560471] pcpu-alloc: [0] 128 129 130 131 132 133 134 135 136 137 138 139 140 141 142 143 
[    0.560498] pcpu-alloc: [0] 144 145 146 147 148 149 150 151 152 153 154 155 156 157 158 159 
[    0.560525] pcpu-alloc: [0] 160 161 162 163 164 165 166 167 168 169 170 171 172 173 174 175 
[    0.560552] pcpu-alloc: [0] 176 177 178 179 180 181 182 183 184 185 186 187 188 189 190 191 
[    0.560579] pcpu-alloc: [0] 192 193 194 195 196 197 198 199 200 201 202 203 204 205 206 207 
[    0.560606] pcpu-alloc: [0] 208 209 210 211 212 213 214 215 216 217 218 219 220 221 222 223 
[    0.560633] pcpu-alloc: [0] 224 225 226 227 228 229 230 231 232 233 234 235 236 237 238 239 
[    0.560660] pcpu-alloc: [0] 240 241 242 243 244 245 246 247 248 249 250 251 252 253 254 255 
[    0.561163] SUN4V: Mondo queue sizes [cpu(131072) dev(16384) r(8192) nr(256)]
[    0.561719] Built 1 zonelists, mobility grouping on.  Total pages: 4415672
[    0.561815] Kernel command line: BOOT_IMAGE=/vmlinux-5.2.0-11144-g57a8ec387e14 root=/dev/vdiska2 ro zswap.enabled=1
[    0.564269] printk: log_buf_len individual max cpu contribution: 4096 bytes
[    0.564340] printk: log_buf_len total cpu_extra contributions: 1044480 bytes
[    0.564408] printk: log_buf_len min size: 131072 bytes
[    0.564882] printk: log_buf_len: 2097152 bytes
[    0.564935] printk: early log buf free: 125824(95%)
[    0.574593] Dentry cache hash table entries: 8388608 (order: 13, 67108864 bytes, linear)
[    0.579517] Inode-cache hash table entries: 4194304 (order: 12, 33554432 bytes, linear)
[    0.579602] Sorting __ex_table...
[    0.579848] mem auto-init: stack:off, heap alloc:off, heap free:off
[    0.657840] Memory: 35067208K/35638608K available (6873K kernel code, 972K rwdata, 2056K rodata, 1000K init, 6717K bss, 571400K reserved, 0K cma-reserved)
[    0.674915] ftrace: allocating 19820 entries in 39 pages
[    0.693610] Running RCU self tests
[    0.693685] rcu: Hierarchical RCU implementation.
[    0.693737] rcu: 	RCU event tracing is enabled.
[    0.693789] rcu: 	RCU lockdep checking is enabled.
[    0.693838] 	Tasks RCU enabled.
[    0.694880] rcu: RCU calculated value of scheduler-enlistment delay is 11 jiffies.
[    0.703251] NR_IRQS: 2048, nr_irqs: 2048, preallocated irqs: 1
[    0.703671] SUN4V: Using IRQ API major 3, cookie only virqs enabled
[    0.710098] clocksource: stick: mask: 0xffffffffffffffff max_cycles: 0x1cd42e4dffb, max_idle_ns: 881590591483 ns
[    0.710233] clocksource: mult[800000] shift[23]
[    0.710282] clockevent: mult[80000000] shift[31]
[    0.732978] Console: colour dummy device 80x25
[    0.733071] printk: console [tty0] enabled
[    0.733153] printk: bootconsole [earlyprom0] disabled
[    0.733241] Lock dependency validator: Copyright (c) 2006 Red Hat, Inc., Ingo Molnar
[    0.733290] ... MAX_LOCKDEP_SUBCLASSES:  8
[    0.733320] ... MAX_LOCK_DEPTH:          48
[    0.733351] ... MAX_LOCKDEP_KEYS:        8192
[    0.733382] ... CLASSHASH_SIZE:          4096
[    0.733413] ... MAX_LOCKDEP_ENTRIES:     16384
[    0.733445] ... MAX_LOCKDEP_CHAINS:      32768
[    0.733477] ... CHAINHASH_SIZE:          16384
[    0.733509]  memory used by lock dependency info: 3855 kB
[    0.733545]  per task-struct memory footprint: 1920 bytes
[    0.734299] kmemleak: Early log buffer exceeded (9381), please increase DEBUG_KMEMLEAK_EARLY_LOG_SIZE
[    0.880891] Calibrating delay using timer specific routine.. 2013.53 BogoMIPS (lpj=10067699)
[    0.880961] pid_max: default: 262144 minimum: 2048
[    0.888339] Mount-cache hash table entries: 131072 (order: 7, 1048576 bytes, linear)
[    0.888580] Mountpoint-cache hash table entries: 131072 (order: 7, 1048576 bytes, linear)
[    0.893493] *** VALIDATE proc ***
[    0.896226] *** VALIDATE cgroup1 ***
[    0.896259] *** VALIDATE cgroup2 ***
[    0.900775] rcu: Hierarchical SRCU implementation.
[    0.924815] smp: Bringing up secondary CPUs ...
[    1.020284] smp: Brought up 1 node, 32 CPUs
[    1.030973] devtmpfs: initialized
[    1.037463] Performance events: 
[    1.037529] Testing NMI watchdog ... 
[    1.237883] OK.
[    1.238074] Supported PMU type is 'niagara5'
[    1.238871] random: get_random_u32 called from bucket_table_alloc.isra.4+0x184/0x1c0 with crng_init=0
[    1.240042] ldc.c:v1.1 (July 22, 2008)
[    1.243876] clocksource: jiffies: mask: 0xffffffff max_cycles: 0xffffffff, max_idle_ns: 19112604462750000 ns
[    1.243980] futex hash table entries: 65536 (order: 10, 8388608 bytes, linear)
[    1.258776] NET: Registered protocol family 16
[    1.269021] VIO: Adding device channel-devices (tx_ino = ffffffffffffffff, rx_ino = ffffffffffffffff)
[    1.269272] VIO: Adding device vnet-port-0-0 (tx_ino = 0, rx_ino = 1)
[    1.269496] VIO: Adding device vnet-port-0-1 (tx_ino = 2, rx_ino = 3)
[    1.269683] VIO: Adding device vnet-port-0-2 (tx_ino = 4, rx_ino = 5)
[    1.269870] VIO: Adding device vnet-port-0-4 (tx_ino = 8, rx_ino = 9)
[    1.270064] VIO: Adding device vnet-port-0-5 (tx_ino = a, rx_ino = b)
[    1.270259] VIO: Adding device vnet-port-0-6 (tx_ino = c, rx_ino = d)
[    1.270445] VIO: Adding device vnet-port-0-3 (tx_ino = 6, rx_ino = 7)
[    1.270631] VIO: Adding device vdc-port-3-0 (tx_ino = e, rx_ino = f)
[    1.270828] VIO: Adding device vdc-port-2-0 (tx_ino = 10, rx_ino = 11)
[    1.271013] VIO: Adding device vdc-port-1-0 (tx_ino = 12, rx_ino = 13)
[    1.271210] VIO: Adding device vdc-port-0-0 (tx_ino = 14, rx_ino = 15)
[    1.271396] VIO: Adding device vdc-port-4-0 (tx_ino = 16, rx_ino = 17)
[    1.271595] VIO: Adding device vlds-port-0-0 (tx_ino = 18, rx_ino = 19)
[    1.271783] VIO: Adding device domain-services-port-0 (tx_ino = 18, rx_ino = 19)
[    1.272488] audit: initializing netlink subsys (disabled)
[    1.272933] audit: type=2000 audit(0.560:1): state=initialized audit_enabled=0 res=1
[    1.321770] HugeTLB registered 64.0 KiB page size, pre-allocated 0 pages
[    1.321827] HugeTLB registered 8.00 MiB page size, pre-allocated 0 pages
[    1.321873] HugeTLB registered 256 MiB page size, pre-allocated 0 pages
[    1.321918] HugeTLB registered 2.00 GiB page size, pre-allocated 0 pages
[    1.372007] alg: No test for lzo-rle (lzo-rle-generic)
[    1.372573] alg: No test for lzo-rle (lzo-rle-scomp)
[    1.394174] SUN4V: Reboot data supported (maj=1,min=0).
[    1.395189] ds.c:v1.0 (Jul 11, 2007)
[    1.395808] ds-0: ds_conn_reset() from send_events.isra.3
[    1.397445] clocksource: Switched to clocksource stick
[    1.689468] VFS: Disk quotas dquot_6.6.0
[    1.691058] VFS: Dquot-cache hash table entries: 1024 (order 0, 8192 bytes)
[    1.691705] *** VALIDATE hugetlbfs ***
[    1.712563] NET: Registered protocol family 2
[    1.715921] tcp_listen_portaddr_hash hash table entries: 32768 (order: 8, 2359296 bytes, linear)
[    1.719432] TCP established hash table entries: 524288 (order: 9, 4194304 bytes, linear)
[    1.721700] TCP bind hash table entries: 65536 (order: 9, 4194304 bytes, linear)
[    1.727690] TCP: Hash tables configured (established 524288 bind 65536)
[    1.734514] UDP hash table entries: 32768 (order: 9, 5242880 bytes, linear)
[    1.742081] UDP-Lite hash table entries: 32768 (order: 9, 5242880 bytes, linear)
[    1.756282] NET: Registered protocol family 1
[    1.757488] Trying to unpack rootfs image as initramfs...
[    2.078988] Freeing initrd memory: 10424K
[    2.115105] workingset: timestamp_bits=46 max_order=23 bucket_order=0
[    2.121583] SGI XFS with ACLs, security attributes, debug enabled
[    2.152840] Block layer SCSI generic (bsg) driver version 0.4 loaded (major 252)
[    2.154782] io scheduler mq-deadline registered
[    2.156840] f029b788: ttyHV0 at I/O 0x0 (irq = 1, base_baud = 115200) is a SUN4V HCONS
[    2.163490] printk: console [ttyHV0] enabled
[    2.169477] sunvdc.c:v1.2 (November 24, 2014)
[    2.177061] sunvdc: Virtual CDROM vdiskd
[    2.177119] sunvdc: vdiskd: 403160 sectors (196 MB) protocol 1.2
[    2.178688]  vdiskd: vdiskd1 vdiskd2 vdiskd3 vdiskd4 vdiskd5 vdiskd6 vdiskd7
[    2.236541] sunvdc: Virtual Hard disk vdiskc
[    2.236593] sunvdc: vdiskc: 104857600 sectors (51200 MB) protocol 1.2
[    2.290793] sunvdc: Virtual Hard disk vdiskb
[    2.290850] sunvdc: vdiskb: 62914560 sectors (30720 MB) protocol 1.2
[    2.292817]  vdiskb: vdiskb1
[    2.346806] sunvdc: Virtual Hard disk vdiska
[    2.346860] sunvdc: vdiska: 31457280 sectors (15360 MB) protocol 1.2
[    2.347844]  vdiska: vdiska1 vdiska2 vdiska3 vdiska4
[    2.403451] sunvdc: Virtual Hard disk vdiske
[    2.403504] sunvdc: vdiske: 20971520 sectors (10240 MB) protocol 1.2
[    2.405264]  vdiske: vdiske1 vdiske2 vdiske3
[    2.452372] sunvnet: sunvnet 2.0 (February 3, 2017)
[    2.455943] vnet_port vnet-port-0-0 eth0: Sun LDOM vnet 00:14:4f:f8:12:a3
[    2.456548] sunvnet: eth0: PORT ( remote-mac 00:14:4f:fa:f3:f0 switch-port )
[    2.457941] sunvnet: eth0: PORT ( remote-mac 00:14:4f:f8:e5:f3 )
[    2.459264] sunvnet: eth0: PORT ( remote-mac 00:14:4f:f9:b4:97 )
[    2.460614] sunvnet: eth0: PORT ( remote-mac 00:14:4f:f8:3f:1e )
[    2.461919] sunvnet: eth0: PORT ( remote-mac 00:14:4f:f8:fe:47 )
[    2.463243] sunvnet: eth0: PORT ( remote-mac 00:14:4f:f9:8b:83 )
[    2.464574] sunvnet: eth0: PORT ( remote-mac 00:14:4f:f9:6c:d1 )
[    2.466318] rtc-sun4v rtc-sun4v: registered as rtc0
[    2.466992] sun4v_wdt: initialized (timeout=60s, nowayout=0)
[    2.467506] device-mapper: uevent: version 1.0.3
[    2.468632] device-mapper: ioctl: 4.40.0-ioctl (2019-01-18) initialised: dm-devel@redhat.com
[    2.470651] NET: Registered protocol family 17
[    2.481444] zswap: default zpool zbud not available
[    2.481507] zswap: pool creation failed
[    2.527012] Key type big_key registered
[    2.528210] rtc-sun4v rtc-sun4v: setting system clock to 2019-08-14T21:28:45 UTC (1565818125)
[    2.532716] This architecture does not have kernel memory protection.
[    2.532767] Run /init as init process
[    3.474788] random: fast init done
[    3.486915] crc32c_sparc64: Using sparc64 crc32c opcode optimized CRC32C implementation
[    4.067238] raid6: int64x8  gen()  2170 MB/s
[    4.237235] raid6: int64x8  xor()  1569 MB/s
[    4.407220] raid6: int64x4  gen()  3467 MB/s
[    4.577236] raid6: int64x4  xor()  1980 MB/s
[    4.747213] raid6: int64x2  gen()  2853 MB/s
[    4.917211] raid6: int64x2  xor()  1991 MB/s
[    5.087234] raid6: int64x1  gen()  2805 MB/s
[    5.257241] raid6: int64x1  xor()  1624 MB/s
[    5.257294] raid6: using algorithm int64x4 gen() 3467 MB/s
[    5.257335] raid6: .... xor() 1980 MB/s, rmw enabled
[    5.257373] raid6: using intx1 recovery algorithm
[    5.258439] async_tx: api initialized (async)
[    5.259085] xor: automatically using best checksumming function   Niagara   
[    5.471091] EXT4-fs (vdiska2): mounted filesystem with ordered data mode. Opts: (null)
[    5.713312] systemd[1]: Inserted module 'autofs4'
[    5.726871] NET: Registered protocol family 10
[    5.739669] Segment Routing with IPv6
[    5.770895] systemd[1]: systemd 241 running in system mode. (+PAM +AUDIT +SELINUX +IMA +APPARMOR +SMACK +SYSVINIT +UTMP +LIBCRYPTSETUP +GCRYPT +GNUTLS +ACL +XZ +LZ4 -SECCOMP +BLKID +ELFUTILS +KMOD -IDN2 +IDN +PCRE2 default-hierarchy=hybrid)
[    5.771505] systemd[1]: Detected architecture sparc64.
[    5.793233] systemd[1]: Set hostname to <ttip>.
[    5.800517] systemd[1]: Failed to bump fs.file-max, ignoring: Invalid argument
[    5.926571] random: lvmconfig: uninitialized urandom read (4 bytes read)
[    6.195710] systemd[1]: /lib/systemd/system/smbd.service:9: PIDFile= references path below legacy directory /var/run/, updating /var/run/samba/smbd.pid → /run/samba/smbd.pid; please update the unit file accordingly.
[    6.196413] systemd[1]: /lib/systemd/system/nmbd.service:9: PIDFile= references path below legacy directory /var/run/, updating /var/run/samba/nmbd.pid → /run/samba/nmbd.pid; please update the unit file accordingly.
[    6.233432] random: systemd: uninitialized urandom read (16 bytes read)
[    6.244039] random: systemd: uninitialized urandom read (16 bytes read)
[    6.260371] systemd[1]: Created slice system-systemd\x2dfsck.slice.
[    6.262609] systemd[1]: Listening on Journal Socket.
[    6.275101] systemd[1]: Starting Wait for network to be configured by ifupdown...
[    6.289783] systemd[1]: Starting Availability of block devices...
[    6.522398] EXT4-fs (vdiska2): re-mounted. Opts: errors=remount-ro
[    6.717943] systemd-journald[449]: Received request to flush runtime journal from PID 1
[    7.468881] sha1_sparc64: Using sparc64 sha1 opcode optimized SHA-1 implementation
[    7.473941] n2rng v0.3 (Jan 7, 2017)
[    7.474062] n2rng f029b104: Registered RNG HVAPI major 2 minor 0
[    7.474154] n2rng f029b104: Found multi-unit-capable RNG, units: 2
[    7.475816] n2rng f029b104: RNG ready
[    7.502958] sha256_sparc64: Using sparc64 sha256 opcode optimized SHA-256/SHA-224 implementation
[    7.528138] sha512_sparc64: Using sparc64 sha512 opcode optimized SHA-512/SHA-384 implementation
[    7.530498] md5_sparc64: Using sparc64 md5 opcode optimized MD5 implementation
[    7.545296] aes_sparc64: Using sparc64 aes opcodes optimized AES implementation
[    7.628740] des_sparc64: Using sparc64 des opcodes optimized DES implementation
[    7.707657] camellia_sparc64: Using sparc64 camellia opcodes optimized CAMELLIA implementation
[    9.069984] XFS (dm-0): Mounting V5 Filesystem
[    9.265671] XFS (dm-0): Ending clean mount
[   10.847351] Adding 787176k swap on /dev/vdiska4.  Priority:-2 extents:1 across:787176k FS
[   10.935484] EXT4-fs (vdiska1): mounting ext3 file system using the ext4 subsystem
[   10.953825] EXT4-fs (vdiska1): mounted filesystem with ordered data mode. Opts: (null)
