[    0.000018] PROMLIB: Sun IEEE Boot Prom 'OBP 4.38.12 2018/03/28 14:54'
[    0.000030] PROMLIB: Root node compatible: sun4v
[    0.000076] Linux version 5.3.0-01886-g772c1d06bd40 (mator@ttip) (gcc version 9.3.0 (Debian 9.3.0-11)) #77 SMP Mon Apr 27 14:06:14 MSK 2020
[    0.000393] printk: bootconsole [earlyprom0] enabled
[    0.000444] ARCH: SUN4V
[    0.000494] Ethernet address: 00:14:4f:fa:06:f2
[    0.000546] MM: PAGE_OFFSET is 0xfff8000000000000 (max_phys_bits == 47)
[    0.000612] MM: VMALLOC [0x0000000100000000 --> 0x0006000000000000]
[    0.000674] MM: VMEMMAP [0x0006000000000000 --> 0x000c000000000000]
[    0.012360] Kernel: Using 5 locked TLB entries for main kernel image.
[    0.012429] Remapping the kernel... 
[    0.012455] done.
[    0.045393] OF stdout device is: /virtual-devices@100/console@1
[    0.045457] PROM: Built device tree with 86230 bytes of memory.
[    0.045518] MDESC: Size is 36512 bytes.
[    0.045632] PLATFORM: banner-name [SPARC T5-2]
[    0.045683] PLATFORM: name [ORCL,SPARC-T5-2]
[    0.045728] PLATFORM: hostid [84fa06f2]
[    0.045772] PLATFORM: serial# [0035260e]
[    0.045814] PLATFORM: stick-frequency [3b9aca00]
[    0.045863] PLATFORM: mac-address [144ffa06f2]
[    0.045907] PLATFORM: watchdog-resolution [1000 ms]
[    0.045957] PLATFORM: watchdog-max-timeout [31536000000 ms]
[    0.046012] PLATFORM: max-cpus [1024]
[    0.046100] Top of RAM: 0x24af938000, Total RAM: 0x87f354000
[    0.046158] Memory hole size: 115461MB
[    0.050752] Allocated 40960 bytes for kernel page tables.
[    0.050835] Zone ranges:
[    0.050876]   Normal   [mem 0x0000000030400000-0x00000024af937fff]
[    0.050939] Movable zone start for each node
[    0.050984] Early memory node ranges
[    0.051024]   node   0: [mem 0x0000000030400000-0x000000006fe7ffff]
[    0.051086]   node   0: [mem 0x000000006ff00000-0x000000006ff25fff]
[    0.051148]   node   0: [mem 0x0000000070000000-0x000000042fffffff]
[    0.051210]   node   0: [mem 0x0000002030000000-0x00000024af87ffff]
[    0.051270]   node   0: [mem 0x00000024af900000-0x00000024af925fff]
[    0.051330]   node   0: [mem 0x00000024af930000-0x00000024af937fff]
[    0.058700] Zeroed struct page in unavailable ranges: 230130 pages
[    0.058708] Initmem setup node 0 [mem 0x0000000030400000-0x00000024af937fff]
[    0.058867] On node 0 totalpages: 4454826
[    0.058877]   Normal zone: 39154 pages used for memmap
[    0.058882]   Normal zone: 0 pages reserved
[    0.058887]   Normal zone: 4454826 pages, LIFO batch:31
[    0.067530] Booting Linux...
[    0.067610] CPU CAPS: [flush,stbar,swap,muldiv,v9,blkinit,n2,mul32]
[    0.067692] CPU CAPS: [div32,v8plus,popc,vis,vis2,ASIBlkInit,fmaf,vis3]
[    0.067769] CPU CAPS: [hpc,ima,pause,cbcond,aes,des,kasumi,camellia]
[    0.067840] CPU CAPS: [md5,sha1,sha256,sha512,mpmul,montmul,montsqr,crc32c]
[    0.097451] percpu: Embedded 27 pages/cpu s180616 r8192 d32376 u262144
[    0.097663] pcpu-alloc: s180616 r8192 d32376 u262144 alloc=1*4194304
[    0.097670] pcpu-alloc: [0] 000 001 002 003 004 005 006 007 008 009 010 011 012 013 014 015 
[    0.097696] pcpu-alloc: [0] 016 017 018 019 020 021 022 023 024 025 026 027 028 029 030 031 
[    0.097723] pcpu-alloc: [0] 032 033 034 035 036 037 038 039 040 041 042 043 044 045 046 047 
[    0.097749] pcpu-alloc: [0] 048 049 050 051 052 053 054 055 056 057 058 059 060 061 062 063 
[    0.097775] pcpu-alloc: [0] 064 065 066 067 068 069 070 071 072 073 074 075 076 077 078 079 
[    0.097802] pcpu-alloc: [0] 080 081 082 083 084 085 086 087 088 089 090 091 092 093 094 095 
[    0.097828] pcpu-alloc: [0] 096 097 098 099 100 101 102 103 104 105 106 107 108 109 110 111 
[    0.097854] pcpu-alloc: [0] 112 113 114 115 116 117 118 119 120 121 122 123 124 125 126 127 
[    0.098342] SUN4V: Mondo queue sizes [cpu(131072) dev(16384) r(8192) nr(256)]
[    0.098715] Built 1 zonelists, mobility grouping on.  Total pages: 4415672
[    0.098802] Kernel command line: BOOT_IMAGE=/vmlinux-5.3.0-01886-g772c1d06bd40 root=/dev/vdiska2 ro zswap.enabled=1
[    0.101085] printk: log_buf_len individual max cpu contribution: 4096 bytes
[    0.101155] printk: log_buf_len total cpu_extra contributions: 520192 bytes
[    0.101222] printk: log_buf_len min size: 131072 bytes
[    0.101491] printk: log_buf_len: 1048576 bytes
[    0.101543] printk: early log buf free: 126664(96%)
[    0.107866] Dentry cache hash table entries: 8388608 (order: 13, 67108864 bytes, linear)
[    0.111105] Inode-cache hash table entries: 4194304 (order: 12, 33554432 bytes, linear)
[    0.111181] Sorting __ex_table...
[    0.111429] mem auto-init: stack:off, heap alloc:off, heap free:off
[    0.168947] Memory: 1305232K/35638608K available (7352K kernel code, 953K rwdata, 2160K rodata, 704K init, 6731K bss, 508440K reserved, 0K cma-reserved)
[    0.169645] SLUB: HWalign=32, Order=0-3, MinObjects=0, CPUs=128, Nodes=1
[    0.169943] ftrace: allocating 21128 entries in 42 pages
[    0.180554] Running RCU self tests
[    0.180599] rcu: Hierarchical RCU implementation.
[    0.180647] rcu: 	RCU event tracing is enabled.
[    0.180697] rcu: 	RCU lockdep checking is enabled.
[    0.180746] 	Tasks RCU enabled.
[    0.180783] rcu: RCU calculated value of scheduler-enlistment delay is 10 jiffies.
[    0.185009] NR_IRQS: 2048, nr_irqs: 2048, preallocated irqs: 1
[    0.185085] SUN4V: Using IRQ API major 3, cookie only virqs enabled
[    0.187519] clocksource: stick: mask: 0xffffffffffffffff max_cycles: 0x1cd42e4dffb, max_idle_ns: 881590591483 ns
[    0.187649] clocksource: mult[800000] shift[23]
[    0.187698] clockevent: mult[80000000] shift[31]
[    0.188219] Console: colour dummy device 80x25
[    0.188282] printk: console [tty0] enabled
[    0.188356] printk: bootconsole [earlyprom0] disabled
[    0.188440] Lock dependency validator: Copyright (c) 2006 Red Hat, Inc., Ingo Molnar
[    0.188488] ... MAX_LOCKDEP_SUBCLASSES:  8
[    0.188517] ... MAX_LOCK_DEPTH:          48
[    0.188547] ... MAX_LOCKDEP_KEYS:        8192
[    0.188577] ... CLASSHASH_SIZE:          4096
[    0.188608] ... MAX_LOCKDEP_ENTRIES:     16384
[    0.188638] ... MAX_LOCKDEP_CHAINS:      32768
[    0.188669] ... CHAINHASH_SIZE:          16384
[    0.188700]  memory used by lock dependency info: 3855 kB
[    0.188735]  memory used for stack traces: 2112 kB
[    0.188767]  per task-struct memory footprint: 1920 bytes
[    0.337927] Calibrating delay using timer specific routine.. 2003.96 BogoMIPS (lpj=10019845)
[    0.337984] pid_max: default: 131072 minimum: 1024
[    0.338246] LSM: Security Framework initializing
[    0.338484] AppArmor: AppArmor initialized
[    0.338754] Mount-cache hash table entries: 131072 (order: 7, 1048576 bytes, linear)
[    0.338920] Mountpoint-cache hash table entries: 131072 (order: 7, 1048576 bytes, linear)
[    0.339888] *** VALIDATE proc ***
[    0.340368] *** VALIDATE cgroup1 ***
[    0.340402] *** VALIDATE cgroup2 ***
[    0.342440] rcu: Hierarchical SRCU implementation.
[    0.349964] smp: Bringing up secondary CPUs ...
[    0.391856] smp: Brought up 1 node, 32 CPUs
[    0.583610] node 0 initialised, 4228117 pages in 190ms
[    0.584989] devtmpfs: initialized
[    0.589463] Performance events: 
[    0.589506] Testing NMI watchdog ... 
[    0.789576] OK.
[    0.789676] Supported PMU type is 'niagara5'
[    0.789854] random: get_random_u32 called from bucket_table_alloc.isra.0+0x188/0x1c0 with crng_init=0
[    0.790392] ldc.c:v1.1 (July 22, 2008)
[    0.792721] clocksource: jiffies: mask: 0xffffffff max_cycles: 0xffffffff, max_idle_ns: 19112604462750000 ns
[    0.792809] futex hash table entries: 32768 (order: 9, 4194304 bytes, linear)
[    0.797794] NET: Registered protocol family 16
[    0.805412] VIO: Adding device channel-devices (tx_ino = ffffffffffffffff, rx_ino = ffffffffffffffff)
[    0.805610] VIO: Adding device vnet-port-0-0 (tx_ino = 0, rx_ino = 1)
[    0.805804] VIO: Adding device vnet-port-0-1 (tx_ino = 2, rx_ino = 3)
[    0.805963] VIO: Adding device vnet-port-0-2 (tx_ino = 4, rx_ino = 5)
[    0.806121] VIO: Adding device vnet-port-0-3 (tx_ino = 6, rx_ino = 7)
[    0.806284] VIO: Adding device vnet-port-0-4 (tx_ino = 8, rx_ino = 9)
[    0.806441] VIO: Adding device vnet-port-0-5 (tx_ino = a, rx_ino = b)
[    0.806597] VIO: Adding device vdc-port-2-0 (tx_ino = c, rx_ino = d)
[    0.806758] VIO: Adding device vdc-port-1-0 (tx_ino = e, rx_ino = f)
[    0.806915] VIO: Adding device vdc-port-0-0 (tx_ino = 10, rx_ino = 11)
[    0.807072] VIO: Adding device vdc-port-3-0 (tx_ino = 12, rx_ino = 13)
[    0.807234] VIO: Adding device vlds-port-0-0 (tx_ino = 14, rx_ino = 15)
[    0.807394] VIO: Adding device domain-services-port-0 (tx_ino = 14, rx_ino = 15)
[    0.807660] audit: initializing netlink subsys (disabled)
[    0.807912] audit: type=2000 audit(0.420:1): state=initialized audit_enabled=0 res=1
[    0.831839] HugeTLB registered 64.0 KiB page size, pre-allocated 0 pages
[    0.831886] HugeTLB registered 8.00 MiB page size, pre-allocated 0 pages
[    0.831931] HugeTLB registered 256 MiB page size, pre-allocated 0 pages
[    0.831975] HugeTLB registered 2.00 GiB page size, pre-allocated 0 pages
[    0.833567] alg: extra crypto tests enabled.  This is intended for developer use only.
[    0.859021] cryptd: max_cpu_qlen set to 1000
[    0.889639] alg: No test for lzo-rle (lzo-rle-generic)
[    0.890220] alg: No test for lzo-rle (lzo-rle-scomp)
[    0.941719] NetLabel: Initializing
[    0.941749] NetLabel:  domain hash size = 128
[    0.941782] NetLabel:  protocols = UNLABELED CIPSOv4 CALIPSO
[    0.941910] NetLabel:  unlabeled traffic allowed by default
[    0.942833] SUN4V: Reboot data supported (maj=1,min=0).
[    0.943189] ds.c:v1.0 (Jul 11, 2007)
[    0.943510] ds-0: ds_conn_reset() from send_events.isra.0
[    0.944959] clocksource: Switched to clocksource stick
[    1.136291] VFS: Disk quotas dquot_6.6.0
[    1.136427] VFS: Dquot-cache hash table entries: 1024 (order 0, 8192 bytes)
[    1.136649] *** VALIDATE hugetlbfs ***
[    1.138195] AppArmor: AppArmor Filesystem Enabled
[    1.150434] NET: Registered protocol family 2
[    1.151893] tcp_listen_portaddr_hash hash table entries: 32768 (order: 8, 2359296 bytes, linear)
[    1.154778] TCP established hash table entries: 524288 (order: 9, 4194304 bytes, linear)
[    1.156810] TCP bind hash table entries: 65536 (order: 9, 4194304 bytes, linear)
[    1.162881] TCP: Hash tables configured (established 524288 bind 65536)
[    1.165336] UDP hash table entries: 32768 (order: 9, 5242880 bytes, linear)
[    1.171687] UDP-Lite hash table entries: 32768 (order: 9, 5242880 bytes, linear)
[    1.179578] NET: Registered protocol family 1
[    1.179639] NET: Registered protocol family 44
[    1.181114] Trying to unpack rootfs image as initramfs...
[    1.374141] Freeing initrd memory: 14776K
[    1.374805] aes_sparc64: Using sparc64 aes opcodes optimized AES implementation
[    1.637119] des_sparc64: Using sparc64 des opcodes optimized DES implementation
[    2.101068] camellia_sparc64: Using sparc64 camellia opcodes optimized CAMELLIA implementation
[    2.279418] workingset: timestamp_bits=46 max_order=23 bucket_order=0
[    2.297058] zbud: loaded
[    2.299203] SGI XFS with ACLs, security attributes, debug enabled
[    2.319328] Block layer SCSI generic (bsg) driver version 0.4 loaded (major 252)
[    2.320094] io scheduler mq-deadline registered
[    2.322700] f029b788: ttyHV0 at I/O 0x0 (irq = 1, base_baud = 115200) is a SUN4V HCONS
[    2.329473] printk: console [ttyHV0] enabled
[    2.332886] sunvdc.c:v1.2 (November 24, 2014)
[    2.334506] sunvdc: Virtual Hard disk vdiskc
[    2.334545] sunvdc: vdiskc: 104857600 sectors (51200 MB) protocol 1.2
[    2.353381] sunvdc: Virtual Hard disk vdiskb
[    2.353421] sunvdc: vdiskb: 62914560 sectors (30720 MB) protocol 1.2
[    2.354030]  vdiskb: vdiskb1
[    2.371795] sunvdc: Virtual Hard disk vdiska
[    2.371834] sunvdc: vdiska: 31457280 sectors (15360 MB) protocol 1.2
[    2.372445]  vdiska: vdiska1 vdiska2 vdiska3 vdiska4
[    2.390958] sunvdc: Virtual CDROM vdiskd
[    2.391000] sunvdc: vdiskd: 453848 sectors (221 MB) protocol 1.2
[    2.391621]  vdiskd: vdiskd1 vdiskd2 vdiskd3 vdiskd4 vdiskd5 vdiskd6 vdiskd7
[    2.409662] sunvnet: sunvnet 2.0 (February 3, 2017)
[    2.411639] vnet_port vnet-port-0-0 eth0: Sun LDOM vnet 00:14:4f:f8:12:a3
[    2.411853] sunvnet: eth0: PORT ( remote-mac 00:14:4f:fa:f3:f0 switch-port )
[    2.412211] sunvnet: eth0: PORT ( remote-mac 00:14:4f:f8:e5:f3 )
[    2.412537] sunvnet: eth0: PORT ( remote-mac 00:14:4f:f9:b4:97 )
[    2.412918] sunvnet: eth0: PORT ( remote-mac 00:14:4f:f8:3f:1e )
[    2.413245] sunvnet: eth0: PORT ( remote-mac 00:14:4f:f8:fe:47 )
[    2.413587] sunvnet: eth0: PORT ( remote-mac 00:14:4f:f9:8b:83 )
[    2.414771] rtc-sun4v rtc-sun4v: registered as rtc0
[    2.415349] sun4v_wdt: initialized (timeout=60s, nowayout=0)
[    2.415606] device-mapper: uevent: version 1.0.3
[    2.416322] device-mapper: ioctl: 4.40.0-ioctl (2019-01-18) initialised: dm-devel@redhat.com
[    2.417183] NET: Registered protocol family 17
[    2.418304] registered taskstats version 1
[    2.419095] zswap: loaded using pool lzo/zbud
[    2.602688] Key type big_key registered
[    2.602755] AppArmor: AppArmor sha1 policy hashing enabled
[    2.603515] rtc-sun4v rtc-sun4v: setting system clock to 2020-04-27T14:33:31 UTC (1587998011)
[    2.607481] This architecture does not have kernel memory protection.
[    2.607529] Run /init as init process
[    3.081689] crc32c_sparc64: Using sparc64 crc32c opcode optimized CRC32C implementation
[    3.154368] random: fast init done
[    3.614941] raid6: int64x8  gen()  2183 MB/s
[    3.784924] raid6: int64x8  xor()  1570 MB/s
[    3.954918] raid6: int64x4  gen()  3457 MB/s
[    4.124926] raid6: int64x4  xor()  2007 MB/s
[    4.294930] raid6: int64x2  gen()  2872 MB/s
[    4.464938] raid6: int64x2  xor()  1996 MB/s
[    4.634931] raid6: int64x1  gen()  2787 MB/s
[    4.804932] raid6: int64x1  xor()  1651 MB/s
[    4.804976] raid6: using algorithm int64x4 gen() 3457 MB/s
[    4.805017] raid6: .... xor() 2007 MB/s, rmw enabled
[    4.805054] raid6: using intx1 recovery algorithm
[    4.805867] async_tx: api initialized (async)
[    4.806349] xor: automatically using best checksumming function   Niagara   
[    5.098260] EXT4-fs (vdiska2): mounted filesystem with ordered data mode. Opts: (null)
[    6.965809] systemd[1]: Inserted module 'autofs4'
[    6.977737] NET: Registered protocol family 10
[    6.982569] Segment Routing with IPv6
[    7.054628] systemd[1]: systemd 245.5-1 running in system mode. (+PAM +AUDIT +SELINUX +IMA +APPARMOR +SMACK +SYSVINIT +UTMP +LIBCRYPTSETUP +GCRYPT +GNUTLS +ACL +XZ +LZ4 -SECCOMP +BLKID +ELFUTILS +KMOD +IDN2 -IDN +PCRE2 default-hierarchy=hybrid)
[    7.055353] systemd[1]: Detected architecture sparc64.
[    7.084101] systemd[1]: Set hostname to <ttip>.
[    8.432347] random: lvmconfig: uninitialized urandom read (4 bytes read)
[    9.281066] systemd[1]: /lib/systemd/system/dbus.socket:5: ListenStream= references a path below legacy directory /var/run/, updating /var/run/dbus/system_bus_socket â†’ /run/dbus/system_bus_socket; please update the unit file accordingly.
[    9.687833] random: systemd: uninitialized urandom read (16 bytes read)
[    9.697667] systemd[1]: Created slice system-getty.slice.
[    9.698343] random: systemd: uninitialized urandom read (16 bytes read)
[    9.701811] systemd[1]: Created slice system-modprobe.slice.
[    9.702226] random: systemd: uninitialized urandom read (16 bytes read)
[    9.706608] systemd[1]: Created slice system-openvpn\x2dclient.slice.
[    9.711728] systemd[1]: Created slice system-postfix.slice.
[    9.715589] systemd[1]: Created slice system-systemd\x2dfsck.slice.
[    9.719433] systemd[1]: Created slice User and Session Slice.
[    9.720327] systemd[1]: Started Dispatch Password Requests to Console Directory Watch.
[    9.721136] systemd[1]: Started Forward Password Requests to Wall Directory Watch.
[    9.723221] systemd[1]: Set up automount Arbitrary Executable File Formats File System Automount Point.
[    9.723768] systemd[1]: Reached target Local Encrypted Volumes.
[    9.724241] systemd[1]: Reached target Paths.
[    9.724677] systemd[1]: Reached target Remote File Systems.
[    9.725153] systemd[1]: Reached target Slices.
[    9.726033] systemd[1]: Listening on Device-mapper event daemon FIFOs.
[    9.727329] systemd[1]: Listening on LVM2 poll daemon socket.
[    9.748867] systemd[1]: Listening on Syslog Socket.
[    9.749839] systemd[1]: Listening on fsck to fsckd communication Socket.
[    9.750594] systemd[1]: Listening on initctl Compatibility Named Pipe.
[    9.751785] systemd[1]: Listening on Journal Audit Socket.
[    9.752748] systemd[1]: Listening on Journal Socket (/dev/log).
[    9.753885] systemd[1]: Listening on Journal Socket.
[    9.755683] systemd[1]: Listening on udev Control Socket.
[    9.756491] systemd[1]: Listening on udev Kernel Socket.
[    9.765333] systemd[1]: Mounting Huge Pages File System...
[    9.773937] systemd[1]: Mounting POSIX Message Queue File System...
[    9.782829] systemd[1]: Mounting Kernel Debug File System...
[    9.793595] systemd[1]: Mounting Kernel Trace File System...
[    9.801989] systemd[1]: Starting Availability of block devices...
[    9.811825] systemd[1]: Starting Wait for network to be configured by ifupdown...
[    9.820845] systemd[1]: Starting Create list of static device nodes for the current kernel...
[    9.829328] systemd[1]: Starting Monitoring of LVM2 mirrors, snapshots etc. using dmeventd or progress polling...
[    9.837821] systemd[1]: Starting Load Kernel Module drm...
[    9.846159] systemd[1]: Starting nftables...
[    9.881538] systemd[1]: Condition check resulted in Set Up Additional Binary Formats being skipped.
[    9.881828] systemd[1]: Condition check resulted in File System Check on Root Device being skipped.
[    9.895630] systemd[1]: Starting Journal Service...
[    9.956144] systemd[1]: Starting Load Kernel Modules...
[    9.965056] systemd[1]: Starting Remount Root and Kernel File Systems...
[    9.974659] systemd[1]: Starting udev Coldplug all Devices...
[    9.984498] systemd[1]: Mounted Huge Pages File System.
[    9.986211] systemd[1]: Mounted POSIX Message Queue File System.
[    9.987635] systemd[1]: Mounted Kernel Debug File System.
[    9.989030] systemd[1]: Mounted Kernel Trace File System.
[    9.997380] systemd[1]: Finished Availability of block devices.
[   10.003838] systemd[1]: Finished Wait for network to be configured by ifupdown.
[   10.009736] systemd[1]: Finished Create list of static device nodes for the current kernel.
[   10.012536] systemd[1]: modprobe@drm.service: Succeeded.
[   10.016536] systemd[1]: Finished Load Kernel Module drm.
[   10.036605] systemd[1]: Finished Load Kernel Modules.
[   10.038513] systemd[1]: Condition check resulted in FUSE Control File System being skipped.
[   10.038874] systemd[1]: Condition check resulted in Kernel Configuration File System being skipped.
[   10.047807] systemd[1]: Starting Apply Kernel Variables...
[   10.062405] EXT4-fs (vdiska2): re-mounted. Opts: errors=remount-ro
[   10.092971] systemd[1]: Finished Remount Root and Kernel File Systems.
[   10.135750] systemd[1]: Starting Initial Check File System Quotas...
[   10.169192] systemd[1]: Condition check resulted in Rebuild Hardware Database being skipped.
[   10.169462] systemd[1]: Condition check resulted in Platform Persistent Storage Archival being skipped.
[   10.177744] systemd[1]: Starting Load/Save Random Seed...
[   10.186856] systemd[1]: Starting Create System Users...
[   10.189333] systemd[1]: Started Journal Service.
[   10.287779] systemd-journald[558]: Received client request to flush runtime journal.
[   11.824008] sha1_sparc64: Using sparc64 sha1 opcode optimized SHA-1 implementation
[   11.967398] n2rng v0.3 (Jan 7, 2017)
[   11.967482] n2rng f029b104: Registered RNG HVAPI major 2 minor 0
[   11.967553] n2rng f029b104: Found multi-unit-capable RNG, units: 2
[   11.968575] n2rng f029b104: RNG ready
[   12.014283] sha256_sparc64: Using sparc64 sha256 opcode optimized SHA-256/SHA-224 implementation
[   12.056755] ------------[ cut here ]------------
[   12.056835] WARNING: CPU: 16 PID: 672 at drivers/block/pktcdvd.c:2597 pkt_setup_dev+0x2e4/0x5a0 [pktcdvd]
[   12.056900] Attempt to register a non-SCSI queue
[   12.056937] Modules linked in: pktcdvd sha512_generic cdrom sha512_sparc64(+) n2_rng rng_core flash sha256_sparc64 sha1_sparc64 nf_tables nfnetlink ip_tables x_tables ipv6 crc_ccitt nf_defrag_ipv6 autofs4 ext4 crc16 mbcache jbd2 raid10 raid456 async_raid6_recov async_memcpy async_pq async_xor xor async_tx raid6_pq raid1 raid0 multipath linear md_mod crc32c_sparc64
[   12.057201] CPU: 16 PID: 672 Comm: pktsetup Not tainted 5.3.0-01886-g772c1d06bd40 #77
[   12.057257] Call Trace:
[   12.057287]  [0000000000468260] __warn+0xc0/0x100
[   12.057326]  [00000000004682d4] warn_slowpath_fmt+0x34/0x60
[   12.057370]  [0000000010493264] pkt_setup_dev+0x2e4/0x5a0 [pktcdvd]
[   12.057418]  [0000000010494d14] pkt_ctl_ioctl+0x94/0x240 [pktcdvd]
[   12.057467]  [00000000006bb6d0] do_vfs_ioctl+0x630/0x6e0
[   12.057508]  [00000000006bb7c8] ksys_ioctl+0x48/0x80
[   12.057548]  [00000000006bb814] sys_ioctl+0x14/0x40
[   12.057590]  [0000000000406294] linux_sparc_syscall+0x34/0x44
[   12.057633] irq event stamp: 3311
[   12.057670] hardirqs last  enabled at (3319): [<00000000004e51a4>] console_unlock+0x644/0x6e0
[   12.057732] hardirqs last disabled at (3326): [<00000000004e4c64>] console_unlock+0x104/0x6e0
[   12.057798] softirqs last  enabled at (3108): [<0000000000b31fa8>] __do_softirq+0x4a8/0x520
[   12.057861] softirqs last disabled at (3099): [<000000000042cfb4>] do_softirq_own_stack+0x34/0x60
[   12.057923] ---[ end trace 9d2e05b5ac7fd31b ]---
[   12.058646] pktcdvd: setup of pktcdvd device failed
[   12.102836] pktcdvd: setup of pktcdvd device failed
[   12.107174] pktcdvd: setup of pktcdvd device failed
[   12.110510] pktcdvd: setup of pktcdvd device failed
[   12.113625] pktcdvd: setup of pktcdvd device failed
[   12.117641] pktcdvd: setup of pktcdvd device failed
[   12.121302] pktcdvd: setup of pktcdvd device failed
[   12.124046] pktcdvd: setup of pktcdvd device failed
[   12.163941] sha512_sparc64: Using sparc64 sha512 opcode optimized SHA-512/SHA-384 implementation
[   12.175031] md5_sparc64: Using sparc64 md5 opcode optimized MD5 implementation
[   12.425083] Adding 787176k swap on /dev/vdiska4.  Priority:-2 extents:1 across:787176k FS
[   12.522072] XFS (dm-0): Mounting V5 Filesystem
[   12.726558] XFS (dm-0): Ending clean mount
[   12.875209] EXT4-fs (vdiska1): mounting ext3 file system using the ext4 subsystem
[   13.158444] EXT4-fs (vdiska1): mounted filesystem with ordered data mode. Opts: (null)
[   14.261403] Kernel unaligned access at TPC[860278] aa_dfa_unpack+0x38/0x5c0
[   14.261515] Kernel unaligned access at TPC[860298] aa_dfa_unpack+0x58/0x5c0
[   14.261570] Kernel unaligned access at TPC[860360] aa_dfa_unpack+0x120/0x5c0
[   14.261627] Kernel unaligned access at TPC[860440] aa_dfa_unpack+0x200/0x5c0
[   14.261681] Kernel unaligned access at TPC[860454] aa_dfa_unpack+0x214/0x5c0
[   14.262168] audit: type=1400 audit(1587998023.150:2): apparmor="STATUS" operation="profile_load" profile="unconfined" name="/usr/sbin/haveged" pid=739 comm="apparmor_parser"
[   14.268354] audit: type=1400 audit(1587998023.160:3): apparmor="STATUS" operation="profile_load" profile="unconfined" name="nvidia_modprobe" pid=740 comm="apparmor_parser"
[   14.268475] audit: type=1400 audit(1587998023.160:4): apparmor="STATUS" operation="profile_load" profile="unconfined" name="nvidia_modprobe//kmod" pid=740 comm="apparmor_parser"
[   14.303398] audit: type=1400 audit(1587998023.190:5): apparmor="STATUS" operation="profile_load" profile="unconfined" name="lsb_release" pid=745 comm="apparmor_parser"
[   14.348894] audit: type=1400 audit(1587998023.240:6): apparmor="STATUS" operation="profile_load" profile="unconfined" name="/usr/bin/man" pid=741 comm="apparmor_parser"
[   14.349019] audit: type=1400 audit(1587998023.240:7): apparmor="STATUS" operation="profile_load" profile="unconfined" name="man_filter" pid=741 comm="apparmor_parser"
[   14.349130] audit: type=1400 audit(1587998023.240:8): apparmor="STATUS" operation="profile_load" profile="unconfined" name="man_groff" pid=741 comm="apparmor_parser"
[   14.356185] audit: type=1400 audit(1587998023.250:9): apparmor="STATUS" operation="profile_load" profile="unconfined" name="/usr/sbin/named" pid=744 comm="apparmor_parser"
[   14.389956] audit: type=1400 audit(1587998023.280:10): apparmor="STATUS" operation="profile_load" profile="unconfined" name="/usr/sbin/tcpdump" pid=743 comm="apparmor_parser"
[   14.993350] random: crng init done
[   14.993393] random: 6 urandom warning(s) missed due to ratelimiting
