[    0.000018] PROMLIB: Sun IEEE Boot Prom 'OBP 4.38.12 2018/03/28 14:54'
[    0.000031] PROMLIB: Root node compatible: sun4v
[    0.000078] Linux version 5.1.0-00433-g0bc40e549aee (mator@ttip) (gcc version 8.3.0 (Debian 8.3.0-7)) #1047 SMP Sat Jul 13 13:23:13 MSK 2019
[    0.000385] printk: bootconsole [earlyprom0] enabled
[    0.000438] ARCH: SUN4V
[    0.000488] Ethernet address: 00:14:4f:fa:06:f2
[    0.000541] MM: PAGE_OFFSET is 0xfff8000000000000 (max_phys_bits == 47)
[    0.000607] MM: VMALLOC [0x0000000100000000 --> 0x0006000000000000]
[    0.000667] MM: VMEMMAP [0x0006000000000000 --> 0x000c000000000000]
[    0.012138] Kernel: Using 5 locked TLB entries for main kernel image.
[    0.012226] Remapping the kernel... 
[    0.012251] done.
[    0.047210] OF stdout device is: /virtual-devices@100/console@1
[    0.047293] PROM: Built device tree with 86230 bytes of memory.
[    0.047359] MDESC: Size is 36560 bytes.
[    0.047483] PLATFORM: banner-name [SPARC T5-2]
[    0.047535] PLATFORM: name [ORCL,SPARC-T5-2]
[    0.047580] PLATFORM: hostid [84fa06f2]
[    0.047624] PLATFORM: serial# [0035260e]
[    0.047666] PLATFORM: stick-frequency [3b9aca00]
[    0.047715] PLATFORM: mac-address [144ffa06f2]
[    0.047761] PLATFORM: watchdog-resolution [1000 ms]
[    0.047812] PLATFORM: watchdog-max-timeout [31536000000 ms]
[    0.047867] PLATFORM: max-cpus [1024]
[    0.047978] Top of RAM: 0x24af938000, Total RAM: 0x87f354000
[    0.048039] Memory hole size: 115461MB
[    0.052720] Allocated 40960 bytes for kernel page tables.
[    0.052831] Zone ranges:
[    0.052873]   Normal   [mem 0x0000000030400000-0x00000024af937fff]
[    0.052936] Movable zone start for each node
[    0.052982] Early memory node ranges
[    0.053021]   node   0: [mem 0x0000000030400000-0x000000006fe7ffff]
[    0.053084]   node   0: [mem 0x000000006ff00000-0x000000006ff25fff]
[    0.053143]   node   0: [mem 0x0000000070000000-0x000000042fffffff]
[    0.053203]   node   0: [mem 0x0000002030000000-0x00000024af87ffff]
[    0.053266]   node   0: [mem 0x00000024af900000-0x00000024af925fff]
[    0.053327]   node   0: [mem 0x00000024af930000-0x00000024af937fff]
[    0.060712] Zeroed struct page in unavailable ranges: 230130 pages
[    0.060720] Initmem setup node 0 [mem 0x0000000030400000-0x00000024af937fff]
[    0.060881] On node 0 totalpages: 4454826
[    0.060889]   Normal zone: 39154 pages used for memmap
[    0.060895]   Normal zone: 0 pages reserved
[    0.060901]   Normal zone: 4454826 pages, LIFO batch:31
[    0.258510] Booting Linux...
[    0.258597] CPU CAPS: [flush,stbar,swap,muldiv,v9,blkinit,n2,mul32]
[    0.258680] CPU CAPS: [div32,v8plus,popc,vis,vis2,ASIBlkInit,fmaf,vis3]
[    0.259758] CPU CAPS: [hpc,ima,pause,cbcond,aes,des,kasumi,camellia]
[    0.259831] CPU CAPS: [md5,sha1,sha256,sha512,mpmul,montmul,montsqr,crc32c]
[    0.320429] percpu: Embedded 27 pages/cpu s179464 r8192 d33528 u262144
[    0.320686] pcpu-alloc: s179464 r8192 d33528 u262144 alloc=1*4194304
[    0.320694] pcpu-alloc: [0] 000 001 002 003 004 005 006 007 008 009 010 011 012 013 014 015 
[    0.320721] pcpu-alloc: [0] 016 017 018 019 020 021 022 023 024 025 026 027 028 029 030 031 
[    0.320747] pcpu-alloc: [0] 032 033 034 035 036 037 038 039 040 041 042 043 044 045 046 047 
[    0.320774] pcpu-alloc: [0] 048 049 050 051 052 053 054 055 056 057 058 059 060 061 062 063 
[    0.320800] pcpu-alloc: [0] 064 065 066 067 068 069 070 071 072 073 074 075 076 077 078 079 
[    0.320826] pcpu-alloc: [0] 080 081 082 083 084 085 086 087 088 089 090 091 092 093 094 095 
[    0.320852] pcpu-alloc: [0] 096 097 098 099 100 101 102 103 104 105 106 107 108 109 110 111 
[    0.320879] pcpu-alloc: [0] 112 113 114 115 116 117 118 119 120 121 122 123 124 125 126 127 
[    0.320905] pcpu-alloc: [0] 128 129 130 131 132 133 134 135 136 137 138 139 140 141 142 143 
[    0.320932] pcpu-alloc: [0] 144 145 146 147 148 149 150 151 152 153 154 155 156 157 158 159 
[    0.320958] pcpu-alloc: [0] 160 161 162 163 164 165 166 167 168 169 170 171 172 173 174 175 
[    0.320984] pcpu-alloc: [0] 176 177 178 179 180 181 182 183 184 185 186 187 188 189 190 191 
[    0.321011] pcpu-alloc: [0] 192 193 194 195 196 197 198 199 200 201 202 203 204 205 206 207 
[    0.321037] pcpu-alloc: [0] 208 209 210 211 212 213 214 215 216 217 218 219 220 221 222 223 
[    0.321063] pcpu-alloc: [0] 224 225 226 227 228 229 230 231 232 233 234 235 236 237 238 239 
[    0.321090] pcpu-alloc: [0] 240 241 242 243 244 245 246 247 248 249 250 251 252 253 254 255 
[    0.321572] SUN4V: Mondo queue sizes [cpu(131072) dev(16384) r(8192) nr(256)]
[    0.321947] Built 1 zonelists, mobility grouping on.  Total pages: 4415672
[    0.322037] Kernel command line: BOOT_IMAGE=/vmlinuz-5.1.0-00433-g0bc40e549aee root=/dev/vdiska2 ro zswap.enabled=1
[    0.325528] printk: log_buf_len individual max cpu contribution: 4096 bytes
[    0.325618] printk: log_buf_len total cpu_extra contributions: 1044480 bytes
[    0.325687] printk: log_buf_len min size: 131072 bytes
[    0.327089] printk: log_buf_len: 2097152 bytes
[    0.327141] printk: early log buf free: 125896(96%)
[    0.334095] Dentry cache hash table entries: 8388608 (order: 13, 67108864 bytes)
[    0.337525] Inode-cache hash table entries: 4194304 (order: 12, 33554432 bytes)
[    0.337626] Sorting __ex_table...
[    0.416487] Memory: 35102464K/35638608K available (6804K kernel code, 965K rwdata, 1992K rodata, 976K init, 6725K bss, 536144K reserved, 0K cma-reserved)
[    0.417571] kmemleak: Kernel memory leak detector disabled
[    0.418178] ftrace: allocating 19800 entries in 39 pages
[    0.432492] Running RCU self tests
[    0.432567] rcu: Hierarchical RCU implementation.
[    0.432619] rcu: 	RCU event tracing is enabled.
[    0.432670] rcu: 	RCU lockdep checking is enabled.
[    0.432719] 	Tasks RCU enabled.
[    0.433762] rcu: RCU calculated value of scheduler-enlistment delay is 11 jiffies.
[    0.440357] NR_IRQS: 2048, nr_irqs: 2048, preallocated irqs: 1
[    0.440487] SUN4V: Using IRQ API major 3, cookie only virqs enabled
[    0.444787] clocksource: stick: mask: 0xffffffffffffffff max_cycles: 0x1cd42e4dffb, max_idle_ns: 881590591483 ns
[    0.444923] clocksource: mult[800000] shift[23]
[    0.444972] clockevent: mult[80000000] shift[31]
[    0.448971] Console: colour dummy device 80x25
[    0.449059] printk: console [tty0] enabled
[    0.449139] printk: bootconsole [earlyprom0] disabled
[    0.449224] Lock dependency validator: Copyright (c) 2006 Red Hat, Inc., Ingo Molnar
[    0.449271] ... MAX_LOCKDEP_SUBCLASSES:  8
[    0.449299] ... MAX_LOCK_DEPTH:          48
[    0.449328] ... MAX_LOCKDEP_KEYS:        8191
[    0.449358] ... CLASSHASH_SIZE:          4096
[    0.449387] ... MAX_LOCKDEP_ENTRIES:     16384
[    0.449418] ... MAX_LOCKDEP_CHAINS:      32768
[    0.449447] ... CHAINHASH_SIZE:          16384
[    0.449477]  memory used by lock dependency info: 3853 kB
[    0.449512]  per task-struct memory footprint: 1920 bytes
[    0.449717] kmemleak: Early log buffer exceeded (4953), please increase DEBUG_KMEMLEAK_EARLY_LOG_SIZE
[    0.595682] Calibrating delay using timer specific routine.. 2017.81 BogoMIPS (lpj=10089087)
[    0.595750] pid_max: default: 262144 minimum: 2048
[    0.597419] Mount-cache hash table entries: 131072 (order: 7, 1048576 bytes)
[    0.597579] Mountpoint-cache hash table entries: 131072 (order: 7, 1048576 bytes)
[    0.599033] *** VALIDATE proc ***
[    0.599705] *** VALIDATE cgroup1 ***
[    0.599736] *** VALIDATE cgroup2 ***
[    0.602534] rcu: Hierarchical SRCU implementation.
[    0.625649] smp: Bringing up secondary CPUs ...
[    0.709508] smp: Brought up 1 node, 32 CPUs
[    0.716994] devtmpfs: initialized
[    0.723585] Performance events: 
[    0.723646] Testing NMI watchdog ... 
[    0.923773] OK.
[    0.923882] Supported PMU type is 'niagara5'
[    0.924207] random: get_random_u32 called from bucket_table_alloc.isra.4+0x13c/0x1c0 with crng_init=0
[    0.925108] ldc.c:v1.1 (July 22, 2008)
[    0.928380] clocksource: jiffies: mask: 0xffffffff max_cycles: 0xffffffff, max_idle_ns: 19112604462750000 ns
[    0.928480] futex hash table entries: 65536 (order: 10, 8388608 bytes)
[    0.938267] NET: Registered protocol family 16
[    0.948441] VIO: Adding device channel-devices (tx_ino = ffffffffffffffff, rx_ino = ffffffffffffffff)
[    0.948706] VIO: Adding device vnet-port-0-0 (tx_ino = 0, rx_ino = 1)
[    0.948922] VIO: Adding device vnet-port-0-1 (tx_ino = 2, rx_ino = 3)
[    0.949112] VIO: Adding device vnet-port-0-2 (tx_ino = 4, rx_ino = 5)
[    0.949311] VIO: Adding device vnet-port-0-3 (tx_ino = 6, rx_ino = 7)
[    0.949502] VIO: Adding device vnet-port-0-4 (tx_ino = 8, rx_ino = 9)
[    0.949693] VIO: Adding device vnet-port-0-5 (tx_ino = 16, rx_ino = 17)
[    0.949898] VIO: Adding device vdc-port-3-0 (tx_ino = a, rx_ino = b)
[    0.950098] VIO: Adding device vdc-port-2-0 (tx_ino = c, rx_ino = d)
[    0.950286] VIO: Adding device vdc-port-1-0 (tx_ino = e, rx_ino = f)
[    0.950481] VIO: Adding device vdc-port-0-0 (tx_ino = 10, rx_ino = 11)
[    0.950672] VIO: Adding device vlds-port-0-0 (tx_ino = 12, rx_ino = 13)
[    0.950890] VIO: Adding device domain-services-port-0 (tx_ino = 12, rx_ino = 13)
[    0.951320] audit: initializing netlink subsys (disabled)
[    0.951734] audit: type=2000 audit(0.300:1): state=initialized audit_enabled=0 res=1
[    0.996950] HugeTLB registered 64.0 KiB page size, pre-allocated 0 pages
[    0.997004] HugeTLB registered 8.00 MiB page size, pre-allocated 0 pages
[    0.997048] HugeTLB registered 256 MiB page size, pre-allocated 0 pages
[    0.997090] HugeTLB registered 2.00 GiB page size, pre-allocated 0 pages
[    1.010082] SUN4V: Reboot data supported (maj=1,min=0).
[    1.010594] ds.c:v1.0 (Jul 11, 2007)
[    1.011041] ds-0: ds_conn_reset() from send_events.isra.3
[    1.012519] clocksource: Switched to clocksource stick
[    1.295187] VFS: Disk quotas dquot_6.6.0
[    1.295710] VFS: Dquot-cache hash table entries: 1024 (order 0, 8192 bytes)
[    1.296357] *** VALIDATE hugetlbfs ***
[    1.315888] NET: Registered protocol family 2
[    1.320727] tcp_listen_portaddr_hash hash table entries: 32768 (order: 8, 2359296 bytes)
[    1.324201] TCP established hash table entries: 524288 (order: 9, 4194304 bytes)
[    1.326287] TCP bind hash table entries: 65536 (order: 9, 4194304 bytes)
[    1.332537] TCP: Hash tables configured (established 524288 bind 65536)
[    1.339297] UDP hash table entries: 32768 (order: 9, 5242880 bytes)
[    1.346682] UDP-Lite hash table entries: 32768 (order: 9, 5242880 bytes)
[    1.360745] NET: Registered protocol family 1
[    1.361487] Unpacking initramfs...
[    1.689168] Freeing initrd memory: 10280K
[    1.724788] workingset: timestamp_bits=46 max_order=23 bucket_order=0
[    1.731492] SGI XFS with ACLs, security attributes, debug enabled
[    1.885341] alg: No test for lzo-rle (lzo-rle-generic)
[    1.893193] alg: No test for lzo-rle (lzo-rle-scomp)
[    2.004054] Block layer SCSI generic (bsg) driver version 0.4 loaded (major 252)
[    2.005831] io scheduler mq-deadline registered
[    2.007780] f029b788: ttyS0 at I/O 0x0 (irq = 1, base_baud = 115200) is a SUN4V HCONS
[    2.013637] printk: console [ttyHV0] enabled
[    2.018116] sunvdc.c:v1.2 (November 24, 2014)
[    2.026078] sunvdc: Virtual CDROM vdiskd
[    2.026161] sunvdc: vdiskd: 403160 sectors (196 MB) protocol 1.2
[    2.027803]  vdiskd: vdiskd1 vdiskd2 vdiskd3 vdiskd4 vdiskd5 vdiskd6 vdiskd7
[    2.087091] sunvdc: Virtual Hard disk vdiskc
[    2.087148] sunvdc: vdiskc: 104857600 sectors (51200 MB) protocol 1.2
[    2.142664] sunvdc: Virtual Hard disk vdiskb
[    2.142719] sunvdc: vdiskb: 62914560 sectors (30720 MB) protocol 1.2
[    2.144637]  vdiskb: vdiskb1
[    2.199254] sunvdc: Virtual Hard disk vdiska
[    2.199309] sunvdc: vdiska: 31457280 sectors (15360 MB) protocol 1.2
[    2.200308]  vdiska: vdiska1 vdiska2 vdiska3 vdiska4
[    2.248040] sunvnet: sunvnet 2.0 (February 3, 2017)
[    2.251692] vnet_port vnet-port-0-0 eth0: Sun LDOM vnet 00:14:4f:f8:12:a3
[    2.252332] sunvnet: eth0: PORT ( remote-mac 00:14:4f:fa:f3:f0 switch-port )
[    2.253812] sunvnet: eth0: PORT ( remote-mac 00:14:4f:f8:e5:f3 )
[    2.255211] sunvnet: eth0: PORT ( remote-mac 00:14:4f:f9:b4:97 )
[    2.256615] sunvnet: eth0: PORT ( remote-mac 00:14:4f:f9:8b:83 )
[    2.257997] sunvnet: eth0: PORT ( remote-mac 00:14:4f:f8:3f:1e )
[    2.259386] sunvnet: eth0: PORT ( remote-mac 00:14:4f:f8:fe:47 )
[    2.261195] rtc-sun4v rtc-sun4v: registered as rtc0
[    2.261700] device-mapper: uevent: version 1.0.3
[    2.263054] device-mapper: ioctl: 4.40.0-ioctl (2019-01-18) initialised: dm-devel@redhat.com
[    2.264828] NET: Registered protocol family 17
[    2.275959] zswap: default zpool zbud not available
[    2.276047] zswap: pool creation failed
[    2.327935] Key type big_key registered
[    2.328876] rtc-sun4v rtc-sun4v: setting system clock to 2019-07-13T10:25:53 UTC (1563013553)
[    2.333435] This architecture does not have kernel memory protection.
[    2.333500] Run /init as init process
[    3.248372] crc32c_sparc64: Using sparc64 crc32c opcode optimized CRC32C implementation
[    3.263615] random: fast init done
[    3.882519] raid6: int64x8  gen()  2109 MB/s
[    4.052492] raid6: int64x8  xor()  1531 MB/s
[    4.222471] raid6: int64x4  gen()  3353 MB/s
[    4.392485] raid6: int64x4  xor()  1931 MB/s
[    4.562507] raid6: int64x2  gen()  2823 MB/s
[    4.732484] raid6: int64x2  xor()  1975 MB/s
[    4.902500] raid6: int64x1  gen()  2728 MB/s
[    5.072490] raid6: int64x1  xor()  1638 MB/s
[    5.072541] raid6: using algorithm int64x4 gen() 3353 MB/s
[    5.072580] raid6: .... xor() 1931 MB/s, rmw enabled
[    5.072616] raid6: using intx1 recovery algorithm
[    5.073629] async_tx: api initialized (async)
[    5.074277] xor: automatically using best checksumming function   Niagara   
[    5.286368] EXT4-fs (vdiska2): mounted filesystem with ordered data mode. Opts: (null)
[    5.535877] systemd[1]: Inserted module 'autofs4'
[    5.547399] NET: Registered protocol family 10
[    5.560380] Segment Routing with IPv6
[    5.591266] systemd[1]: systemd 241 running in system mode. (+PAM +AUDIT +SELINUX +IMA +APPARMOR +SMACK +SYSVINIT +UTMP +LIBCRYPTSETUP +GCRYPT +GNUTLS +ACL +XZ +LZ4 -SECCOMP +BLKID +ELFUTILS +KMOD -IDN2 +IDN +PCRE2 default-hierarchy=hybrid)
[    5.591902] systemd[1]: Detected architecture sparc64.
[    5.610010] systemd[1]: Set hostname to <ttip>.
[    5.738977] random: lvmconfig: uninitialized urandom read (4 bytes read)
[    6.017372] systemd[1]: /lib/systemd/system/smbd.service:9: PIDFile= references path below legacy directory /var/run/, updating /var/run/samba/smbd.pid → /run/samba/smbd.pid; please update the unit file accordingly.
[    6.018057] systemd[1]: /lib/systemd/system/nmbd.service:9: PIDFile= references path below legacy directory /var/run/, updating /var/run/samba/nmbd.pid → /run/samba/nmbd.pid; please update the unit file accordingly.
[    6.054191] random: systemd: uninitialized urandom read (16 bytes read)
[    6.061994] random: systemd: uninitialized urandom read (16 bytes read)
[    6.064059] systemd[1]: Set up automount Arbitrary Executable File Formats File System Automount Point.
[    6.065544] systemd[1]: Listening on Device-mapper event daemon FIFOs.
[    6.066844] systemd[1]: Listening on LVM2 poll daemon socket.
[    6.067347] systemd[1]: Reached target Remote File Systems.
[    6.068249] systemd[1]: Listening on initctl Compatibility Named Pipe.
[    6.275700] EXT4-fs (vdiska2): re-mounted. Opts: errors=remount-ro
[    6.461936] systemd-journald[452]: Received request to flush runtime journal from PID 1
[    7.224518] sha1_sparc64: Using sparc64 sha1 opcode optimized SHA-1 implementation
[    7.227243] n2rng v0.3 (Jan 7, 2017)
[    7.227326] n2rng f029b104: Registered RNG HVAPI major 2 minor 0
[    7.227388] n2rng f029b104: Found multi-unit-capable RNG, units: 2
[    7.228410] n2rng f029b104: RNG ready
[    7.256586] sha256_sparc64: Using sparc64 sha256 opcode optimized SHA-256/SHA-224 implementation
[    7.282136] sha512_sparc64: Using sparc64 sha512 opcode optimized SHA-512/SHA-384 implementation
[    7.284492] md5_sparc64: Using sparc64 md5 opcode optimized MD5 implementation
[    7.298496] aes_sparc64: Using sparc64 aes opcodes optimized AES implementation
[    7.369879] des_sparc64: Using sparc64 des opcodes optimized DES implementation
[    7.434984] camellia_sparc64: Using sparc64 camellia opcodes optimized CAMELLIA implementation
[    8.619452] XFS (dm-0): Mounting V5 Filesystem
[    8.774348] XFS (dm-0): Ending clean mount
[   10.687790] Adding 787176k swap on /dev/vdiska4.  Priority:-2 extents:1 across:787176k FS
[   10.811781] EXT4-fs (vdiska1): mounting ext3 file system using the ext4 subsystem
[   10.822787] EXT4-fs (vdiska1): mounted filesystem with ordered data mode. Opts: (null)
[   11.580594] random: crng init done
[   11.580646] random: 7 urandom warning(s) missed due to ratelimiting
