[    0.000019] PROMLIB: Sun IEEE Boot Prom 'OBP 4.38.12 2018/03/28 14:54'
[    0.000032] PROMLIB: Root node compatible: sun4v
[    0.000079] Linux version 5.4.0-rc6-00008-g26bc67213424-dirty (mator@ttip.nvglabs.local) (gcc version 9.2.1 20191030 (Debian 9.2.1-16)) #1292 SMP Wed Nov 6 12:12:08 MSK 2019
[    0.000409] printk: bootconsole [earlyprom0] enabled
[    0.000462] ARCH: SUN4V
[    0.000512] Ethernet address: 00:14:4f:fa:06:f2
[    0.000565] MM: PAGE_OFFSET is 0xfff8000000000000 (max_phys_bits == 47)
[    0.000629] MM: VMALLOC [0x0000000100000000 --> 0x0006000000000000]
[    0.000692] MM: VMEMMAP [0x0006000000000000 --> 0x000c000000000000]
[    0.013279] Kernel: Using 6 locked TLB entries for main kernel image.
[    0.013354] Remapping the kernel... 
[    0.013380] done.
[    0.049673] OF stdout device is: /virtual-devices@100/console@1
[    0.049751] PROM: Built device tree with 87467 bytes of memory.
[    0.049816] MDESC: Size is 36960 bytes.
[    0.049942] PLATFORM: banner-name [SPARC T5-2]
[    0.049992] PLATFORM: name [ORCL,SPARC-T5-2]
[    0.050039] PLATFORM: hostid [84fa06f2]
[    0.050082] PLATFORM: serial# [0035260e]
[    0.050124] PLATFORM: stick-frequency [3b9aca00]
[    0.050172] PLATFORM: mac-address [144ffa06f2]
[    0.050221] PLATFORM: watchdog-resolution [1000 ms]
[    0.050272] PLATFORM: watchdog-max-timeout [31536000000 ms]
[    0.050329] PLATFORM: max-cpus [1024]
[    0.050413] Top of RAM: 0x24af936000, Total RAM: 0x87f352000
[    0.050477] Memory hole size: 115461MB
[    0.616885] Allocated 35708928 bytes for kernel page tables.
[    0.616991] Zone ranges:
[    0.617033]   Normal   [mem 0x0000000030400000-0x00000024af935fff]
[    0.617099] Movable zone start for each node
[    0.617144] Early memory node ranges
[    0.617184]   node   0: [mem 0x0000000030400000-0x000000006fe7ffff]
[    0.617248]   node   0: [mem 0x000000006ff00000-0x000000006ff25fff]
[    0.617308]   node   0: [mem 0x0000000070000000-0x000000042fffffff]
[    0.617370]   node   0: [mem 0x0000002030000000-0x00000024af87ffff]
[    0.617434]   node   0: [mem 0x00000024af900000-0x00000024af925fff]
[    0.617495]   node   0: [mem 0x00000024af930000-0x00000024af935fff]
[    0.624865] Zeroed struct page in unavailable ranges: 230130 pages
[    0.624873] Initmem setup node 0 [mem 0x0000000030400000-0x00000024af935fff]
[    0.625031] On node 0 totalpages: 4454825
[    0.625041]   Normal zone: 39154 pages used for memmap
[    0.625046]   Normal zone: 0 pages reserved
[    0.625052]   Normal zone: 4454825 pages, LIFO batch:31
[    0.635909] Booting Linux...
[    0.635995] CPU CAPS: [flush,stbar,swap,muldiv,v9,blkinit,n2,mul32]
[    0.636073] CPU CAPS: [div32,v8plus,popc,vis,vis2,ASIBlkInit,fmaf,vis3]
[    0.636150] CPU CAPS: [hpc,ima,pause,cbcond,aes,des,kasumi,camellia]
[    0.637226] CPU CAPS: [md5,sha1,sha256,sha512,mpmul,montmul,montsqr,crc32c]
[    0.671327] percpu: Embedded 27 pages/cpu s181896 r8192 d31096 u262144
[    0.671609] pcpu-alloc: s181896 r8192 d31096 u262144 alloc=1*4194304
[    0.671616] pcpu-alloc: [0] 000 001 002 003 004 005 006 007 008 009 010 011 012 013 014 015 
[    0.671643] pcpu-alloc: [0] 016 017 018 019 020 021 022 023 024 025 026 027 028 029 030 031 
[    0.671671] pcpu-alloc: [0] 032 033 034 035 036 037 038 039 040 041 042 043 044 045 046 047 
[    0.671698] pcpu-alloc: [0] 048 049 050 051 052 053 054 055 056 057 058 059 060 061 062 063 
[    0.671726] pcpu-alloc: [0] 064 065 066 067 068 069 070 071 072 073 074 075 076 077 078 079 
[    0.671753] pcpu-alloc: [0] 080 081 082 083 084 085 086 087 088 089 090 091 092 093 094 095 
[    0.671780] pcpu-alloc: [0] 096 097 098 099 100 101 102 103 104 105 106 107 108 109 110 111 
[    0.671808] pcpu-alloc: [0] 112 113 114 115 116 117 118 119 120 121 122 123 124 125 126 127 
[    0.672347] SUN4V: Mondo queue sizes [cpu(131072) dev(16384) r(8192) nr(256)]
[    0.672806] Built 1 zonelists, mobility grouping on.  Total pages: 4415671
[    0.672899] Kernel command line: BOOT_IMAGE=/vmlinux-5.4.0-rc6-00008-g26bc67213424-dirty root=/dev/vdiska2 ro zswap.enabled=1
[    0.675285] printk: log_buf_len individual max cpu contribution: 4096 bytes
[    0.675357] printk: log_buf_len total cpu_extra contributions: 520192 bytes
[    0.675422] printk: log_buf_len min size: 131072 bytes
[    0.675749] printk: log_buf_len: 1048576 bytes
[    0.675801] printk: early log buf free: 126608(96%)
[    0.685434] Dentry cache hash table entries: 8388608 (order: 13, 67108864 bytes, linear)
[    0.690353] Inode-cache hash table entries: 4194304 (order: 12, 33554432 bytes, linear)
[    0.690443] Sorting __ex_table...
[    0.690711] mem auto-init: stack:off, heap alloc:off, heap free:off
[    0.752341] Memory: 1305232K/35638600K available (7481K kernel code, 949K rwdata, 2192K rodata, 704K init, 12357K bss, 544648K reserved, 0K cma-reserved)
[    0.761726] SLUB: HWalign=32, Order=0-3, MinObjects=0, CPUs=128, Nodes=1
[    0.766710] ftrace: allocating 21277 entries in 42 pages
[    0.783257] Running RCU self tests
[    0.783321] rcu: Hierarchical RCU implementation.
[    0.783373] rcu: 	RCU event tracing is enabled.
[    0.783422] rcu: 	RCU lockdep checking is enabled.
[    0.783472] 	Tasks RCU enabled.
[    0.783510] rcu: RCU calculated value of scheduler-enlistment delay is 10 jiffies.
[    0.792555] NR_IRQS: 2048, nr_irqs: 2048, preallocated irqs: 1
[    0.793031] SUN4V: Using IRQ API major 3, cookie only virqs enabled
[    0.796893] clocksource: stick: mask: 0xffffffffffffffff max_cycles: 0x1cd42e4dffb, max_idle_ns: 881590591483 ns
[    0.797024] clocksource: mult[800000] shift[23]
[    0.797074] clockevent: mult[80000000] shift[31]
[    0.800798] Console: colour dummy device 80x25
[    0.800862] printk: console [tty0] enabled
[    0.800938] printk: bootconsole [earlyprom0] disabled
[    0.801022] Lock dependency validator: Copyright (c) 2006 Red Hat, Inc., Ingo Molnar
[    0.801071] ... MAX_LOCKDEP_SUBCLASSES:  8
[    0.801100] ... MAX_LOCK_DEPTH:          48
[    0.801130] ... MAX_LOCKDEP_KEYS:        8192
[    0.801161] ... CLASSHASH_SIZE:          4096
[    0.801192] ... MAX_LOCKDEP_ENTRIES:     16384
[    0.801223] ... MAX_LOCKDEP_CHAINS:      32768
[    0.801254] ... CHAINHASH_SIZE:          16384
[    0.801285]  memory used by lock dependency info: 3855 kB
[    0.801320]  memory used for stack traces: 2112 kB
[    0.801353]  per task-struct memory footprint: 1920 bytes
[    0.947511] Calibrating delay using timer specific routine.. 2010.28 BogoMIPS (lpj=10051440)
[    0.947581] pid_max: default: 131072 minimum: 1024
[    0.955229] LSM: Security Framework initializing
[    0.957291] AppArmor: AppArmor initialized
[    0.960391] Mount-cache hash table entries: 131072 (order: 7, 1048576 bytes, linear)
[    0.960633] Mountpoint-cache hash table entries: 131072 (order: 7, 1048576 bytes, linear)
[    0.962130] *** VALIDATE tmpfs ***
[    0.971089] *** VALIDATE proc ***
[    0.976789] *** VALIDATE cgroup1 ***
[    0.976823] *** VALIDATE cgroup2 ***
[    0.982867] rcu: Hierarchical SRCU implementation.
[    0.995451] smp: Bringing up secondary CPUs ...
[    1.068636] smp: Brought up 1 node, 32 CPUs
[    1.277520] node 0 initialised, 4223590 pages in 180ms
[    1.282842] devtmpfs: initialized
[    1.293261] Performance events: 
[    1.293328] Testing NMI watchdog ... 
[    1.493544] OK.
[    1.493730] Supported PMU type is 'niagara5'
[    1.495268] random: get_random_u32 called from bucket_table_alloc.isra.0+0x188/0x1c0 with crng_init=0
[    1.496706] ldc.c:v1.1 (July 22, 2008)
[    1.504462] clocksource: jiffies: mask: 0xffffffff max_cycles: 0xffffffff, max_idle_ns: 19112604462750000 ns
[    1.504565] futex hash table entries: 32768 (order: 9, 4194304 bytes, linear)
[    1.524610] NET: Registered protocol family 16
[    1.539029] VIO: Adding device channel-devices (tx_ino = ffffffffffffffff, rx_ino = ffffffffffffffff)
[    1.539355] VIO: Adding device vnet-port-0-0 (tx_ino = 0, rx_ino = 1)
[    1.539678] VIO: Adding device vnet-port-0-1 (tx_ino = 2, rx_ino = 3)
[    1.539944] VIO: Adding device vnet-port-0-2 (tx_ino = 4, rx_ino = 5)
[    1.540202] VIO: Adding device vnet-port-0-4 (tx_ino = 8, rx_ino = 9)
[    1.540460] VIO: Adding device vnet-port-0-5 (tx_ino = a, rx_ino = b)
[    1.540715] VIO: Adding device vnet-port-0-6 (tx_ino = c, rx_ino = d)
[    1.540973] VIO: Adding device vdc-port-3-0 (tx_ino = e, rx_ino = f)
[    1.541225] VIO: Adding device vdc-port-2-0 (tx_ino = 10, rx_ino = 11)
[    1.541488] VIO: Adding device vdc-port-1-0 (tx_ino = 12, rx_ino = 13)
[    1.541736] VIO: Adding device vdc-port-0-0 (tx_ino = 14, rx_ino = 15)
[    1.541994] VIO: Adding device vdc-port-4-0 (tx_ino = 16, rx_ino = 17)
[    1.542259] VIO: Adding device vlds-port-0-0 (tx_ino = 18, rx_ino = 19)
[    1.542521] VIO: Adding device domain-services-port-0 (tx_ino = 18, rx_ino = 19)
[    1.543771] audit: initializing netlink subsys (disabled)
[    1.544294] audit: type=2000 audit(0.740:1): state=initialized audit_enabled=0 res=1
[    1.601423] HugeTLB registered 64.0 KiB page size, pre-allocated 0 pages
[    1.601480] HugeTLB registered 8.00 MiB page size, pre-allocated 0 pages
[    1.601525] HugeTLB registered 256 MiB page size, pre-allocated 0 pages
[    1.601570] HugeTLB registered 2.00 GiB page size, pre-allocated 0 pages
[    1.606941] alg: extra crypto tests enabled.  This is intended for developer use only.
[    1.638769] cryptd: max_cpu_qlen set to 1000
[    1.782476] NetLabel: Initializing
[    1.782516] NetLabel:  domain hash size = 128
[    1.782548] NetLabel:  protocols = UNLABELED CIPSOv4 CALIPSO
[    1.782794] NetLabel:  unlabeled traffic allowed by default
[    1.784091] SUN4V: Reboot data supported (maj=1,min=0).
[    1.786433] ds.c:v1.0 (Jul 11, 2007)
[    1.786973] ds-0: ds_conn_reset() from send_events.isra.0
[    1.787669] clocksource: Switched to clocksource stick
[    2.082728] *** VALIDATE bpf ***
[    2.091113] VFS: Disk quotas dquot_6.6.0
[    2.095768] VFS: Dquot-cache hash table entries: 1024 (order 0, 8192 bytes)
[    2.096151] *** VALIDATE ramfs ***
[    2.096835] *** VALIDATE hugetlbfs ***
[    2.110274] AppArmor: AppArmor Filesystem Enabled
[    2.136984] NET: Registered protocol family 2
[    2.146878] tcp_listen_portaddr_hash hash table entries: 32768 (order: 8, 2359296 bytes, linear)
[    2.150844] TCP established hash table entries: 524288 (order: 9, 4194304 bytes, linear)
[    2.153122] TCP bind hash table entries: 65536 (order: 9, 4194304 bytes, linear)
[    2.159601] TCP: Hash tables configured (established 524288 bind 65536)
[    2.164485] UDP hash table entries: 32768 (order: 9, 5242880 bytes, linear)
[    2.171361] UDP-Lite hash table entries: 32768 (order: 9, 5242880 bytes, linear)
[    2.187182] NET: Registered protocol family 1
[    2.187278] NET: Registered protocol family 44
[    2.188093] Trying to unpack rootfs image as initramfs...
[    2.511999] Freeing initrd memory: 10368K
[    2.513085] aes_sparc64: Using sparc64 aes opcodes optimized AES implementation
[    2.837186] des_sparc64: Using sparc64 des opcodes optimized DES implementation
[    3.377947] camellia_sparc64: Using sparc64 camellia opcodes optimized CAMELLIA implementation
[    3.597457] workingset: timestamp_bits=46 max_order=23 bucket_order=0
[    3.644446] SGI XFS with ACLs, security attributes, debug enabled
[    3.689416] Block layer SCSI generic (bsg) driver version 0.4 loaded (major 252)
[    3.691116] io scheduler mq-deadline registered
[    3.698465] f029b788: ttyHV0 at I/O 0x0 (irq = 1, base_baud = 115200) is a SUN4V HCONS
[    3.705326] printk: console [ttyHV0] enabled
[    3.712949] sunvdc.c:v1.2 (November 24, 2014)
[    3.727904] sunvdc: Virtual CDROM vdiskd
[    3.727960] sunvdc: vdiskd: 403160 sectors (196 MB) protocol 1.2
[    3.731543]  vdiskd: vdiskd1 vdiskd2 vdiskd3 vdiskd4 vdiskd5 vdiskd6 vdiskd7
[    3.784891] sunvdc: Virtual Hard disk vdiskc
[    3.784937] sunvdc: vdiskc: 104857600 sectors (51200 MB) protocol 1.2
[    3.850638] sunvdc: Virtual Hard disk vdiskb
[    3.850684] sunvdc: vdiskb: 62914560 sectors (30720 MB) protocol 1.2
[    3.853630]  vdiskb: vdiskb1
[    3.897289] sunvdc: Virtual Hard disk vdiska
[    3.897333] sunvdc: vdiska: 31457280 sectors (15360 MB) protocol 1.2
[    3.900678]  vdiska: vdiska1 vdiska2 vdiska3 vdiska4
[    3.949113] sunvdc: Virtual Hard disk vdiske
[    3.949157] sunvdc: vdiske: 20971520 sectors (10240 MB) protocol 1.2
[    3.978960]  vdiske: vdiske1 vdiske2 vdiske3
[    4.010014] sunvnet: sunvnet 2.0 (February 3, 2017)
[    4.015727] vnet_port vnet-port-0-0 eth0: Sun LDOM vnet 00:14:4f:f8:12:a3
[    4.016042] sunvnet: eth0: PORT ( remote-mac 00:14:4f:fa:f3:f0 switch-port )
[    4.017870] sunvnet: eth0: PORT ( remote-mac 00:14:4f:f8:e5:f3 )
[    4.019707] sunvnet: eth0: PORT ( remote-mac 00:14:4f:f9:b4:97 )
[    4.021470] sunvnet: eth0: PORT ( remote-mac 00:14:4f:f8:3f:1e )
[    4.023223] sunvnet: eth0: PORT ( remote-mac 00:14:4f:f8:fe:47 )
[    4.024978] sunvnet: eth0: PORT ( remote-mac 00:14:4f:f9:8b:83 )
[    4.026704] rtc-sun4v rtc-sun4v: registered as rtc0
[    4.027564] sun4v_wdt: initialized (timeout=60s, nowayout=0)
[    4.028632] device-mapper: uevent: version 1.0.3
[    4.031097] device-mapper: ioctl: 4.41.0-ioctl (2019-09-16) initialised: dm-devel@redhat.com
[    4.032795] NET: Registered protocol family 17
[    4.033709] registered taskstats version 1
[    4.043690] zswap: default zpool zbud not available
[    4.043743] zswap: pool creation failed
[    4.044696] kmemleak: Kernel memory leak detector initialized (mem pool available: 6234)
[    4.044707] kmemleak: Automatic memory scanning thread started
[    4.342934] Key type big_key registered
[    4.343009] AppArmor: AppArmor sha1 policy hashing enabled
[    4.344014] rtc-sun4v rtc-sun4v: setting system clock to 2019-11-06T11:14:04 UTC (1573038844)
[    4.353245] This architecture does not have kernel memory protection.
[    4.353293] Run /init as init process
[    5.126038] crc32c_sparc64: Using sparc64 crc32c opcode optimized CRC32C implementation
[    5.233270] random: fast init done
[    5.807554] raid6: int64x8  gen()  2171 MB/s
[    5.977547] raid6: int64x8  xor()  1569 MB/s
[    6.147542] raid6: int64x4  gen()  3476 MB/s
[    6.317550] raid6: int64x4  xor()  2002 MB/s
[    6.487558] raid6: int64x2  gen()  2864 MB/s
[    6.657562] raid6: int64x2  xor()  1996 MB/s
[    6.827541] raid6: int64x1  gen()  2851 MB/s
[    6.997549] raid6: int64x1  xor()  1624 MB/s
[    6.997585] raid6: using algorithm int64x4 gen() 3476 MB/s
[    6.997625] raid6: .... xor() 2002 MB/s, rmw enabled
[    6.997662] raid6: using intx1 recovery algorithm
[    6.999063] async_tx: api initialized (async)
[    7.000047] xor: automatically using best checksumming function   Niagara   
[    7.276719] EXT4-fs (vdiska2): mounted filesystem with ordered data mode. Opts: (null)
[    9.359761] systemd[1]: Inserted module 'autofs4'
[    9.484715] NET: Registered protocol family 10
[    9.500385] Segment Routing with IPv6
[    9.592978] systemd[1]: systemd 242 running in system mode. (+PAM +AUDIT +SELINUX +IMA +APPARMOR +SMACK +SYSVINIT +UTMP +LIBCRYPTSETUP +GCRYPT +GNUTLS +ACL +XZ +LZ4 -SECCOMP +BLKID +ELFUTILS +KMOD +IDN2 -IDN +PCRE2 default-hierarchy=hybrid)
[    9.593653] systemd[1]: Detected architecture sparc64.
[    9.739363] systemd[1]: Set hostname to <ttip.nvglabs.local>.
[    9.775249] systemd[1]: Failed to bump fs.file-max, ignoring: Invalid argument
[   10.817671] random: lvmconfig: uninitialized urandom read (4 bytes read)
[   11.780745] systemd[1]: /lib/systemd/system/dbus.socket:4: ListenStream= references a path below legacy directory /var/run/, updating /var/run/dbus/system_bus_socket → /run/dbus/system_bus_socket; please update the unit file accordingly.
[   12.118367] systemd[1]: /lib/systemd/system/pcscd.socket:4: ListenStream= references a path below legacy directory /var/run/, updating /var/run/pcscd/pcscd.comm → /run/pcscd/pcscd.comm; please update the unit file accordingly.
[   12.187486] random: systemd: uninitialized urandom read (16 bytes read)
[   12.221422] systemd[1]: Created slice system-systemd\x2dfsck.slice.
[   12.222517] random: systemd: uninitialized urandom read (16 bytes read)
[   12.236372] systemd[1]: Created slice User and Session Slice.
[   12.237089] random: systemd: uninitialized urandom read (16 bytes read)
[   12.237186] systemd[1]: Reached target Remote File Systems.
[   12.238582] systemd[1]: Started Dispatch Password Requests to Console Directory Watch.
[   12.529962] EXT4-fs (vdiska2): re-mounted. Opts: errors=remount-ro
[   13.083042] systemd-journald[556]: Received request to flush runtime journal from PID 1
[   14.402790] sha1_sparc64: Using sparc64 sha1 opcode optimized SHA-1 implementation
[   14.606143] n2rng v0.3 (Jan 7, 2017)
[   14.606319] n2rng f029b104: Registered RNG HVAPI major 2 minor 0
[   14.606453] n2rng f029b104: Found multi-unit-capable RNG, units: 2
[   14.608706] n2rng f029b104: RNG ready
[   14.679481] sha256_sparc64: Using sparc64 sha256 opcode optimized SHA-256/SHA-224 implementation
[   14.948925] sha512_sparc64: Using sparc64 sha512 opcode optimized SHA-512/SHA-384 implementation
[   14.954174] md5_sparc64: Using sparc64 md5 opcode optimized MD5 implementation
[   14.999846] pktcdvd: setup of pktcdvd device failed
[   15.091670] pktcdvd: setup of pktcdvd device failed
[   15.112288] pktcdvd: setup of pktcdvd device failed
[   15.133545] pktcdvd: setup of pktcdvd device failed
[   15.153087] pktcdvd: setup of pktcdvd device failed
[   15.171658] pktcdvd: setup of pktcdvd device failed
[   15.189902] pktcdvd: setup of pktcdvd device failed
[   15.207379] pktcdvd: setup of pktcdvd device failed
[   17.303239] XFS (dm-0): Mounting V5 Filesystem
[   17.522677] XFS (dm-0): Ending clean mount
[   17.589884] Mounted xfs file system at /1 supports timestamps until 2038 (0x7fffffff)
[   18.247699] Adding 787176k swap on /dev/vdiska4.  Priority:-2 extents:1 across:787176k FS
[   18.669762] EXT4-fs (vdiska1): mounting ext3 file system using the ext4 subsystem
[   18.695794] EXT4-fs (vdiska1): mounted filesystem with ordered data mode. Opts: (null)
[   18.697649] Mounted ext3 file system at /boot supports timestamps until 2038 (0x7fffffff)
[   20.027870] Kernel unaligned access at TPC[878e78] aa_dfa_unpack+0x38/0x5c0
[   20.027997] Kernel unaligned access at TPC[878e98] aa_dfa_unpack+0x58/0x5c0
[   20.028052] Kernel unaligned access at TPC[878f60] aa_dfa_unpack+0x120/0x5c0
[   20.028121] Kernel unaligned access at TPC[879040] aa_dfa_unpack+0x200/0x5c0
[   20.028176] Kernel unaligned access at TPC[879054] aa_dfa_unpack+0x214/0x5c0
[   20.836559] random: crng init done
[   20.836629] random: 6 urandom warning(s) missed due to ratelimiting
[   24.196511] tun: Universal TUN/TAP device driver, 1.6

[   25.659986] ======================================================
[   25.659993] WARNING: possible circular locking dependency detected
[   25.660003] 5.4.0-rc6-00008-g26bc67213424-dirty #1292 Not tainted
[   25.660011] ------------------------------------------------------
[   25.660018] iptables-restor/986 is trying to acquire lock:
[   25.660025] 00000000105a2120 (&table[i].mutex){+.+.}, at: nfnl_lock+0x24/0x40 [nfnetlink]
[   25.660045] 
               but task is already holding lock:
[   25.660052] 0000000000e38060 (&net->nft.commit_mutex){+.+.}, at: nf_tables_valid_genid+0x10/0x60 [nf_tables]
[   25.660078] 
               which lock already depends on the new lock.

[   25.660086] 
               the existing dependency chain (in reverse order) is:
[   25.660094] 
               -> #1 (&net->nft.commit_mutex){+.+.}:
[   25.660110]        __mutex_lock+0xac/0x9a0
[   25.660117]        mutex_lock_nested+0x1c/0x40
[   25.660127]        nf_tables_valid_genid+0x10/0x60 [nf_tables]
[   25.660136]        nfnetlink_rcv_batch+0x228/0x620 [nfnetlink]
[   25.660144]        nfnetlink_rcv+0x110/0x140 [nfnetlink]
[   25.660154]        netlink_unicast+0x128/0x200
[   25.660161]        netlink_sendmsg+0x338/0x380
[   25.660170]        sock_sendmsg+0x34/0x80
[   25.660177]        ___sys_sendmsg+0x238/0x260
[   25.660184]        __sys_sendmsg+0x48/0x80
[   25.660191]        sys_sendmsg+0x18/0x40
[   25.660201]        linux_sparc_syscall+0x34/0x44
[   25.660207] 
               -> #0 (&table[i].mutex){+.+.}:
[   25.660219]        __lock_acquire+0x1b18/0x2520
[   25.660225]        lock_acquire+0x1ac/0x1e0
[   25.660232]        __mutex_lock+0xac/0x9a0
[   25.660238]        mutex_lock_nested+0x1c/0x40
[   25.660245]        nfnl_lock+0x24/0x40 [nfnetlink]
[   25.660257]        ip_set_nfnl_get_byindex+0x190/0x280 [ip_set]
[   25.660265]        set_match_v1_checkentry+0x14/0xc0 [xt_set]
[   25.660278]        xt_check_match+0x240/0x280 [x_tables]
[   25.660287]        __nft_match_init+0x174/0x1a0 [nft_compat]
[   25.660295]        nft_match_init+0x18/0x40 [nft_compat]
[   25.660306]        nf_tables_newrule+0x510/0x7a0 [nf_tables]
[   25.660314]        nfnetlink_rcv_batch+0x3d8/0x620 [nfnetlink]
[   25.660321]        nfnetlink_rcv+0x110/0x140 [nfnetlink]
[   25.660328]        netlink_unicast+0x128/0x200
[   25.660334]        netlink_sendmsg+0x338/0x380
[   25.660341]        sock_sendmsg+0x34/0x80
[   25.660348]        ___sys_sendmsg+0x238/0x260
[   25.660354]        __sys_sendmsg+0x48/0x80
[   25.660361]        sys_sendmsg+0x18/0x40
[   25.660368]        linux_sparc_syscall+0x34/0x44
[   25.660373] 
               other info that might help us debug this:

[   25.660382]  Possible unsafe locking scenario:

[   25.660388]        CPU0                    CPU1
[   25.660394]        ----                    ----
[   25.660399]   lock(&net->nft.commit_mutex);
[   25.660406]                                lock(&table[i].mutex);
[   25.660413]                                lock(&net->nft.commit_mutex);
[   25.660421]   lock(&table[i].mutex);
[   25.660427] 
                *** DEADLOCK ***

[   25.660435] 1 lock held by iptables-restor/986:
[   25.660441]  #0: 0000000000e38060 (&net->nft.commit_mutex){+.+.}, at: nf_tables_valid_genid+0x10/0x60 [nf_tables]
[   25.660458] 
               stack backtrace:
[   25.660466] CPU: 2 PID: 986 Comm: iptables-restor Not tainted 5.4.0-rc6-00008-g26bc67213424-dirty #1292
[   25.660474] Call Trace:
[   25.660486]  [00000000004d47bc] print_circular_bug.isra.0+0x1bc/0x1e0
[   25.660494]  [00000000004d4a00] check_noncircular+0x220/0x240
[   25.660501]  [00000000004d8f78] __lock_acquire+0x1b18/0x2520
[   25.660508]  [00000000004da30c] lock_acquire+0x1ac/0x1e0
[   25.660515]  [0000000000b4b54c] __mutex_lock+0xac/0x9a0
[   25.660522]  [0000000000b4be5c] mutex_lock_nested+0x1c/0x40
[   25.660530]  [00000000105a0024] nfnl_lock+0x24/0x40 [nfnetlink]
[   25.660539]  [00000000105ad310] ip_set_nfnl_get_byindex+0x190/0x280 [ip_set]
[   25.660547]  [0000000010612694] set_match_v1_checkentry+0x14/0xc0 [xt_set]
[   25.660556]  [000000001039e8a0] xt_check_match+0x240/0x280 [x_tables]
[   25.660565]  [0000000010600c54] __nft_match_init+0x174/0x1a0 [nft_compat]
[   25.660573]  [0000000010600d18] nft_match_init+0x18/0x40 [nft_compat]
[   25.660584]  [00000000105cbe70] nf_tables_newrule+0x510/0x7a0 [nf_tables]
[   25.660592]  [00000000105a0898] nfnetlink_rcv_batch+0x3d8/0x620 [nfnetlink]
[   25.660600]  [00000000105a0bf0] nfnetlink_rcv+0x110/0x140 [nfnetlink]
[   25.660607]  [0000000000a43848] netlink_unicast+0x128/0x200
