[    0.000021] PROMLIB: Sun IEEE Boot Prom 'OBP 4.38.12 2018/03/28 14:54'
[    0.000034] PROMLIB: Root node compatible: sun4v
[    0.000081] Linux version 5.1.0-02152-gcf482a49af56 (mator@ttip) (gcc version 8.3.0 (Debian 8.3.0-7)) #1045 SMP Sat Jul 13 13:11:17 MSK 2019
[    0.000385] printk: bootconsole [earlyprom0] enabled
[    0.000438] ARCH: SUN4V
[    0.000487] Ethernet address: 00:14:4f:fa:06:f2
[    0.000540] MM: PAGE_OFFSET is 0xfff8000000000000 (max_phys_bits == 47)
[    0.000604] MM: VMALLOC [0x0000000100000000 --> 0x0006000000000000]
[    0.000664] MM: VMEMMAP [0x0006000000000000 --> 0x000c000000000000]
[    0.012107] Kernel: Using 5 locked TLB entries for main kernel image.
[    0.012195] Remapping the kernel... 
[    0.012219] done.
[    0.046815] OF stdout device is: /virtual-devices@100/console@1
[    0.046897] PROM: Built device tree with 86230 bytes of memory.
[    0.046964] MDESC: Size is 36560 bytes.
[    0.047089] PLATFORM: banner-name [SPARC T5-2]
[    0.047139] PLATFORM: name [ORCL,SPARC-T5-2]
[    0.047186] PLATFORM: hostid [84fa06f2]
[    0.047228] PLATFORM: serial# [0035260e]
[    0.047270] PLATFORM: stick-frequency [3b9aca00]
[    0.047320] PLATFORM: mac-address [144ffa06f2]
[    0.047367] PLATFORM: watchdog-resolution [1000 ms]
[    0.047417] PLATFORM: watchdog-max-timeout [31536000000 ms]
[    0.047473] PLATFORM: max-cpus [1024]
[    0.047586] Top of RAM: 0x24af938000, Total RAM: 0x87f354000
[    0.047651] Memory hole size: 115461MB
[    0.052327] Allocated 40960 bytes for kernel page tables.
[    0.052434] Zone ranges:
[    0.052477]   Normal   [mem 0x0000000030400000-0x00000024af937fff]
[    0.052543] Movable zone start for each node
[    0.052588] Early memory node ranges
[    0.052628]   node   0: [mem 0x0000000030400000-0x000000006fe7ffff]
[    0.052689]   node   0: [mem 0x000000006ff00000-0x000000006ff25fff]
[    0.052750]   node   0: [mem 0x0000000070000000-0x000000042fffffff]
[    0.052809]   node   0: [mem 0x0000002030000000-0x00000024af87ffff]
[    0.052870]   node   0: [mem 0x00000024af900000-0x00000024af925fff]
[    0.052931]   node   0: [mem 0x00000024af930000-0x00000024af937fff]
[    0.060311] Zeroed struct page in unavailable ranges: 230130 pages
[    0.060319] Initmem setup node 0 [mem 0x0000000030400000-0x00000024af937fff]
[    0.060477] On node 0 totalpages: 4454826
[    0.060487]   Normal zone: 39154 pages used for memmap
[    0.060492]   Normal zone: 0 pages reserved
[    0.060498]   Normal zone: 4454826 pages, LIFO batch:31
[    0.258132] Booting Linux...
[    0.258218] CPU CAPS: [flush,stbar,swap,muldiv,v9,blkinit,n2,mul32]
[    0.258303] CPU CAPS: [div32,v8plus,popc,vis,vis2,ASIBlkInit,fmaf,vis3]
[    0.259385] CPU CAPS: [hpc,ima,pause,cbcond,aes,des,kasumi,camellia]
[    0.259460] CPU CAPS: [md5,sha1,sha256,sha512,mpmul,montmul,montsqr,crc32c]
[    0.319342] percpu: Embedded 27 pages/cpu s179528 r8192 d33464 u262144
[    0.319600] pcpu-alloc: s179528 r8192 d33464 u262144 alloc=1*4194304
[    0.319607] pcpu-alloc: [0] 000 001 002 003 004 005 006 007 008 009 010 011 012 013 014 015 
[    0.319635] pcpu-alloc: [0] 016 017 018 019 020 021 022 023 024 025 026 027 028 029 030 031 
[    0.319662] pcpu-alloc: [0] 032 033 034 035 036 037 038 039 040 041 042 043 044 045 046 047 
[    0.319690] pcpu-alloc: [0] 048 049 050 051 052 053 054 055 056 057 058 059 060 061 062 063 
[    0.319717] pcpu-alloc: [0] 064 065 066 067 068 069 070 071 072 073 074 075 076 077 078 079 
[    0.319744] pcpu-alloc: [0] 080 081 082 083 084 085 086 087 088 089 090 091 092 093 094 095 
[    0.319771] pcpu-alloc: [0] 096 097 098 099 100 101 102 103 104 105 106 107 108 109 110 111 
[    0.319798] pcpu-alloc: [0] 112 113 114 115 116 117 118 119 120 121 122 123 124 125 126 127 
[    0.319825] pcpu-alloc: [0] 128 129 130 131 132 133 134 135 136 137 138 139 140 141 142 143 
[    0.319852] pcpu-alloc: [0] 144 145 146 147 148 149 150 151 152 153 154 155 156 157 158 159 
[    0.319878] pcpu-alloc: [0] 160 161 162 163 164 165 166 167 168 169 170 171 172 173 174 175 
[    0.319905] pcpu-alloc: [0] 176 177 178 179 180 181 182 183 184 185 186 187 188 189 190 191 
[    0.319932] pcpu-alloc: [0] 192 193 194 195 196 197 198 199 200 201 202 203 204 205 206 207 
[    0.319960] pcpu-alloc: [0] 208 209 210 211 212 213 214 215 216 217 218 219 220 221 222 223 
[    0.319987] pcpu-alloc: [0] 224 225 226 227 228 229 230 231 232 233 234 235 236 237 238 239 
[    0.320014] pcpu-alloc: [0] 240 241 242 243 244 245 246 247 248 249 250 251 252 253 254 255 
[    0.320495] SUN4V: Mondo queue sizes [cpu(131072) dev(16384) r(8192) nr(256)]
[    0.320868] Built 1 zonelists, mobility grouping on.  Total pages: 4415672
[    0.320957] Kernel command line: BOOT_IMAGE=/vmlinuz-5.1.0-02152-gcf482a49af56 root=/dev/vdiska2 ro zswap.enabled=1
[    0.324413] printk: log_buf_len individual max cpu contribution: 4096 bytes
[    0.324496] printk: log_buf_len total cpu_extra contributions: 1044480 bytes
[    0.324562] printk: log_buf_len min size: 131072 bytes
[    0.324944] printk: log_buf_len: 2097152 bytes
[    0.324995] printk: early log buf free: 125896(96%)
[    0.331351] Dentry cache hash table entries: 8388608 (order: 13, 67108864 bytes)
[    0.334628] Inode-cache hash table entries: 4194304 (order: 12, 33554432 bytes)
[    0.334709] Sorting __ex_table...
[    0.413440] Memory: 35102432K/35638608K available (6815K kernel code, 960K rwdata, 2024K rodata, 976K init, 6725K bss, 536176K reserved, 0K cma-reserved)
[    0.414544] kmemleak: Kernel memory leak detector disabled
[    0.415160] ftrace: allocating 19827 entries in 39 pages
[    0.429351] Running RCU self tests
[    0.429423] rcu: Hierarchical RCU implementation.
[    0.429475] rcu: 	RCU event tracing is enabled.
[    0.429526] rcu: 	RCU lockdep checking is enabled.
[    0.429575] 	Tasks RCU enabled.
[    0.430619] rcu: RCU calculated value of scheduler-enlistment delay is 11 jiffies.
[    0.437681] NR_IRQS: 2048, nr_irqs: 2048, preallocated irqs: 1
[    0.437798] SUN4V: Using IRQ API major 3, cookie only virqs enabled
[    0.442098] clocksource: stick: mask: 0xffffffffffffffff max_cycles: 0x1cd42e4dffb, max_idle_ns: 881590591483 ns
[    0.442231] clocksource: mult[800000] shift[23]
[    0.442280] clockevent: mult[80000000] shift[31]
[    0.446366] Console: colour dummy device 80x25
[    0.446445] printk: console [tty0] enabled
[    0.446523] printk: bootconsole [earlyprom0] disabled
[    0.446608] Lock dependency validator: Copyright (c) 2006 Red Hat, Inc., Ingo Molnar
[    0.446655] ... MAX_LOCKDEP_SUBCLASSES:  8
[    0.446684] ... MAX_LOCK_DEPTH:          48
[    0.446713] ... MAX_LOCKDEP_KEYS:        8191
[    0.446743] ... CLASSHASH_SIZE:          4096
[    0.446773] ... MAX_LOCKDEP_ENTRIES:     16384
[    0.446803] ... MAX_LOCKDEP_CHAINS:      32768
[    0.446833] ... CHAINHASH_SIZE:          16384
[    0.446864]  memory used by lock dependency info: 3853 kB
[    0.446898]  per task-struct memory footprint: 1920 bytes
[    0.447107] kmemleak: Early log buffer exceeded (4964), please increase DEBUG_KMEMLEAK_EARLY_LOG_SIZE
[    0.592978] Calibrating delay using timer specific routine.. 2017.53 BogoMIPS (lpj=10087663)
[    0.593045] pid_max: default: 262144 minimum: 2048
[    0.594718] Mount-cache hash table entries: 131072 (order: 7, 1048576 bytes)
[    0.594878] Mountpoint-cache hash table entries: 131072 (order: 7, 1048576 bytes)
[    0.596347] *** VALIDATE proc ***
[    0.597030] *** VALIDATE cgroup1 ***
[    0.597062] *** VALIDATE cgroup2 ***
[    0.599877] rcu: Hierarchical SRCU implementation.
[    0.622367] smp: Bringing up secondary CPUs ...
[    0.702400] smp: Brought up 1 node, 32 CPUs
[    0.709592] devtmpfs: initialized
[    0.715932] Performance events: 
[    0.715987] Testing NMI watchdog ... 
[    0.916107] OK.
[    0.916267] Supported PMU type is 'niagara5'
[    0.916589] random: get_random_u32 called from bucket_table_alloc.isra.4+0x13c/0x1c0 with crng_init=0
[    0.917468] ldc.c:v1.1 (July 22, 2008)
[    0.920568] clocksource: jiffies: mask: 0xffffffff max_cycles: 0xffffffff, max_idle_ns: 19112604462750000 ns
[    0.920671] futex hash table entries: 65536 (order: 10, 8388608 bytes)
[    0.930593] NET: Registered protocol family 16
[    0.940831] VIO: Adding device channel-devices (tx_ino = ffffffffffffffff, rx_ino = ffffffffffffffff)
[    0.941099] VIO: Adding device vnet-port-0-0 (tx_ino = 0, rx_ino = 1)
[    0.941315] VIO: Adding device vnet-port-0-1 (tx_ino = 2, rx_ino = 3)
[    0.941502] VIO: Adding device vnet-port-0-2 (tx_ino = 4, rx_ino = 5)
[    0.941699] VIO: Adding device vnet-port-0-3 (tx_ino = 6, rx_ino = 7)
[    0.941884] VIO: Adding device vnet-port-0-4 (tx_ino = 8, rx_ino = 9)
[    0.942068] VIO: Adding device vnet-port-0-5 (tx_ino = 16, rx_ino = 17)
[    0.942262] VIO: Adding device vdc-port-3-0 (tx_ino = a, rx_ino = b)
[    0.942460] VIO: Adding device vdc-port-2-0 (tx_ino = c, rx_ino = d)
[    0.942651] VIO: Adding device vdc-port-1-0 (tx_ino = e, rx_ino = f)
[    0.942842] VIO: Adding device vdc-port-0-0 (tx_ino = 10, rx_ino = 11)
[    0.943040] VIO: Adding device vlds-port-0-0 (tx_ino = 12, rx_ino = 13)
[    0.943247] VIO: Adding device domain-services-port-0 (tx_ino = 12, rx_ino = 13)
[    0.943675] audit: initializing netlink subsys (disabled)
[    0.944087] audit: type=2000 audit(0.490:1): state=initialized audit_enabled=0 res=1
[    0.991078] HugeTLB registered 64.0 KiB page size, pre-allocated 0 pages
[    0.991134] HugeTLB registered 8.00 MiB page size, pre-allocated 0 pages
[    0.991178] HugeTLB registered 256 MiB page size, pre-allocated 0 pages
[    0.991221] HugeTLB registered 2.00 GiB page size, pre-allocated 0 pages
[    1.040258] alg: No test for lzo-rle (lzo-rle-generic)
[    1.040819] alg: No test for lzo-rle (lzo-rle-scomp)
[    1.057020] SUN4V: Reboot data supported (maj=1,min=0).
[    1.057491] ds.c:v1.0 (Jul 11, 2007)
[    1.057910] ds-0: ds_conn_reset() from send_events.isra.3
[    1.059384] clocksource: Switched to clocksource stick
[    1.331734] VFS: Disk quotas dquot_6.6.0
[    1.332233] VFS: Dquot-cache hash table entries: 1024 (order 0, 8192 bytes)
[    1.332852] *** VALIDATE hugetlbfs ***
[    1.351255] NET: Registered protocol family 2
[    1.355904] tcp_listen_portaddr_hash hash table entries: 32768 (order: 8, 2359296 bytes)
[    1.359214] TCP established hash table entries: 524288 (order: 9, 4194304 bytes)
[    1.361324] TCP bind hash table entries: 65536 (order: 9, 4194304 bytes)
[    1.367528] TCP: Hash tables configured (established 524288 bind 65536)
[    1.374187] UDP hash table entries: 32768 (order: 9, 5242880 bytes)
[    1.381647] UDP-Lite hash table entries: 32768 (order: 9, 5242880 bytes)
[    1.395383] NET: Registered protocol family 1
[    1.396100] Unpacking initramfs...
[    1.706859] Freeing initrd memory: 10280K
[    1.742045] workingset: timestamp_bits=46 max_order=23 bucket_order=0
[    1.747908] SGI XFS with ACLs, security attributes, debug enabled
[    1.762654] Block layer SCSI generic (bsg) driver version 0.4 loaded (major 252)
[    1.764321] io scheduler mq-deadline registered
[    1.766281] f029b788: ttyS0 at I/O 0x0 (irq = 1, base_baud = 115200) is a SUN4V HCONS
[    1.772006] printk: console [ttyHV0] enabled
[    1.775906] sunvdc.c:v1.2 (November 24, 2014)
[    1.782347] sunvdc: Virtual CDROM vdiskd
[    1.782416] sunvdc: vdiskd: 403160 sectors (196 MB) protocol 1.2
[    1.783922]  vdiskd: vdiskd1 vdiskd2 vdiskd3 vdiskd4 vdiskd5 vdiskd6 vdiskd7
[    1.839738] sunvdc: Virtual Hard disk vdiskc
[    1.839790] sunvdc: vdiskc: 104857600 sectors (51200 MB) protocol 1.2
[    1.891926] sunvdc: Virtual Hard disk vdiskb
[    1.891979] sunvdc: vdiskb: 62914560 sectors (30720 MB) protocol 1.2
[    1.893828]  vdiskb: vdiskb1
[    1.945759] sunvdc: Virtual Hard disk vdiska
[    1.945811] sunvdc: vdiska: 31457280 sectors (15360 MB) protocol 1.2
[    1.946806]  vdiska: vdiska1 vdiska2 vdiska3 vdiska4
[    1.992694] sunvnet: sunvnet 2.0 (February 3, 2017)
[    1.996178] vnet_port vnet-port-0-0 eth0: Sun LDOM vnet 00:14:4f:f8:12:a3
[    1.996768] sunvnet: eth0: PORT ( remote-mac 00:14:4f:fa:f3:f0 switch-port )
[    1.998104] sunvnet: eth0: PORT ( remote-mac 00:14:4f:f8:e5:f3 )
[    1.999453] sunvnet: eth0: PORT ( remote-mac 00:14:4f:f9:b4:97 )
[    2.000780] sunvnet: eth0: PORT ( remote-mac 00:14:4f:f9:8b:83 )
[    2.002060] sunvnet: eth0: PORT ( remote-mac 00:14:4f:f8:3f:1e )
[    2.003345] sunvnet: eth0: PORT ( remote-mac 00:14:4f:f8:fe:47 )
[    2.005004] rtc-sun4v rtc-sun4v: registered as rtc0
[    2.005477] device-mapper: uevent: version 1.0.3
[    2.006620] device-mapper: ioctl: 4.40.0-ioctl (2019-01-18) initialised: dm-devel@redhat.com
[    2.008336] NET: Registered protocol family 17
[    2.019112] zswap: default zpool zbud not available
[    2.019176] zswap: pool creation failed
[    2.067846] Key type big_key registered
[    2.068988] rtc-sun4v rtc-sun4v: setting system clock to 2019-07-13T10:15:37 UTC (1563012937)
[    2.073297] This architecture does not have kernel memory protection.
[    2.073352] Run /init as init process
[    3.003488] random: fast init done
[    3.014266] crc32c_sparc64: Using sparc64 crc32c opcode optimized CRC32C implementation
[    3.619342] raid6: int64x8  gen()  1999 MB/s
[    3.789359] raid6: int64x8  xor()  1523 MB/s
[    3.959339] raid6: int64x4  gen()  3143 MB/s
[    4.129345] raid6: int64x4  xor()  1910 MB/s
[    4.299353] raid6: int64x2  gen()  2594 MB/s
[    4.469344] raid6: int64x2  xor()  1971 MB/s
[    4.639375] raid6: int64x1  gen()  2716 MB/s
[    4.809355] raid6: int64x1  xor()  1629 MB/s
[    4.809404] raid6: using algorithm int64x4 gen() 3143 MB/s
[    4.809443] raid6: .... xor() 1910 MB/s, rmw enabled
[    4.809478] raid6: using intx1 recovery algorithm
[    4.810510] async_tx: api initialized (async)
[    4.811144] xor: automatically using best checksumming function   Niagara   
[    5.023982] EXT4-fs (vdiska2): mounted filesystem with ordered data mode. Opts: (null)
[    5.287025] systemd[1]: Inserted module 'autofs4'
[    5.298120] NET: Registered protocol family 10
[    5.311142] Segment Routing with IPv6
[    5.339992] systemd[1]: systemd 241 running in system mode. (+PAM +AUDIT +SELINUX +IMA +APPARMOR +SMACK +SYSVINIT +UTMP +LIBCRYPTSETUP +GCRYPT +GNUTLS +ACL +XZ +LZ4 -SECCOMP +BLKID +ELFUTILS +KMOD -IDN2 +IDN +PCRE2 default-hierarchy=hybrid)
[    5.340593] systemd[1]: Detected architecture sparc64.
[    5.358155] systemd[1]: Set hostname to <ttip>.
[    5.481646] random: lvmconfig: uninitialized urandom read (4 bytes read)
[    5.789666] systemd[1]: /lib/systemd/system/smbd.service:9: PIDFile= references path below legacy directory /var/run/, updating /var/run/samba/smbd.pid → /run/samba/smbd.pid; please update the unit file accordingly.
[    5.790352] systemd[1]: /lib/systemd/system/nmbd.service:9: PIDFile= references path below legacy directory /var/run/, updating /var/run/samba/nmbd.pid → /run/samba/nmbd.pid; please update the unit file accordingly.
[    5.826842] random: systemd: uninitialized urandom read (16 bytes read)
[    5.834929] random: systemd: uninitialized urandom read (16 bytes read)
[    5.835741] systemd[1]: Listening on Device-mapper event daemon FIFOs.
[    5.851139] systemd[1]: Created slice system-systemd\x2dfsck.slice.
[    5.853022] systemd[1]: Listening on Journal Socket (/dev/log).
[    5.853698] systemd[1]: Reached target Remote File Systems.
[    5.861143] systemd[1]: Created slice system-getty.slice.
[    6.056028] EXT4-fs (vdiska2): re-mounted. Opts: errors=remount-ro
[    6.264870] systemd-journald[458]: Received request to flush runtime journal from PID 1
[    7.059860] sha1_sparc64: Using sparc64 sha1 opcode optimized SHA-1 implementation
[    7.063724] n2rng v0.3 (Jan 7, 2017)
[    7.063810] n2rng f029b104: Registered RNG HVAPI major 2 minor 0
[    7.063871] n2rng f029b104: Found multi-unit-capable RNG, units: 2
[    7.064901] n2rng f029b104: RNG ready
[    7.091318] sha256_sparc64: Using sparc64 sha256 opcode optimized SHA-256/SHA-224 implementation
[    7.114919] sha512_sparc64: Using sparc64 sha512 opcode optimized SHA-512/SHA-384 implementation
[    7.116506] md5_sparc64: Using sparc64 md5 opcode optimized MD5 implementation
[    7.126107] aes_sparc64: Using sparc64 aes opcodes optimized AES implementation
[    7.189420] des_sparc64: Using sparc64 des opcodes optimized DES implementation
[    7.252871] camellia_sparc64: Using sparc64 camellia opcodes optimized CAMELLIA implementation
[    8.395326] XFS (dm-0): Mounting V5 Filesystem
[    8.414447] XFS (dm-0): Ending clean mount
[   10.505762] Adding 787176k swap on /dev/vdiska4.  Priority:-2 extents:1 across:787176k FS
[   10.606732] EXT4-fs (vdiska1): mounting ext3 file system using the ext4 subsystem
[   10.618035] EXT4-fs (vdiska1): mounted filesystem with ordered data mode. Opts: (null)
[   11.366080] random: crng init done
[   11.366126] random: 7 urandom warning(s) missed due to ratelimiting
