[    0.000021] PROMLIB: Sun IEEE Boot Prom 'OBP 4.38.12 2018/03/28 14:54'
[    0.000033] PROMLIB: Root node compatible: sun4v
[    0.000082] Linux version 5.9.0-rc8-00236-gbc4fe4cdd602 (mator@ttip) (gcc (Debian 10.2.0-13) 10.2.0, GNU ld (GNU Binutils for Debian) 2.35.1) #83 SMP Mon Oct 12 17:48:15 MSK 2020
[    0.000422] printk: bootconsole [earlyprom0] enabled
[    0.000472] ARCH: SUN4V
[    0.000522] Ethernet address: 00:14:4f:fa:06:f2
[    0.000574] MM: PAGE_OFFSET is 0xfff8000000000000 (max_phys_bits == 47)
[    0.000637] MM: VMALLOC [0x0000000100000000 --> 0x0006000000000000]
[    0.000697] MM: VMEMMAP [0x0006000000000000 --> 0x000c000000000000]
[    0.012855] Kernel: Using 5 locked TLB entries for main kernel image.
[    0.012925] Remapping the kernel... 
[    0.012947] done.
[    0.045876] OF stdout device is: /virtual-devices@100/console@1
[    0.045939] PROM: Built device tree with 86758 bytes of memory.
[    0.045998] MDESC: Size is 36512 bytes.
[    0.046114] PLATFORM: banner-name [SPARC T5-2]
[    0.046164] PLATFORM: name [ORCL,SPARC-T5-2]
[    0.046210] PLATFORM: hostid [84fa06f2]
[    0.046254] PLATFORM: serial# [0035260e]
[    0.046295] PLATFORM: stick-frequency [3b9aca00]
[    0.046344] PLATFORM: mac-address [144ffa06f2]
[    0.046390] PLATFORM: watchdog-resolution [1000 ms]
[    0.046440] PLATFORM: watchdog-max-timeout [31536000000 ms]
[    0.046495] PLATFORM: max-cpus [1024]
[    0.051241] Allocated 40960 bytes for kernel page tables.
[    0.051328] Zone ranges:
[    0.051368]   Normal   [mem 0x0000000030400000-0x00000024af937fff]
[    0.051432] Movable zone start for each node
[    0.051476] Early memory node ranges
[    0.051517]   node   0: [mem 0x0000000030400000-0x000000006fe7ffff]
[    0.051578]   node   0: [mem 0x000000006ff00000-0x000000006ff25fff]
[    0.051638]   node   0: [mem 0x0000000070000000-0x000000042fffffff]
[    0.051700]   node   0: [mem 0x0000002030000000-0x00000024af87ffff]
[    0.051761]   node   0: [mem 0x00000024af900000-0x00000024af925fff]
[    0.051818]   node   0: [mem 0x00000024af930000-0x00000024af937fff]
[    0.065183] Zeroed struct page in unavailable ranges: 263766 pages
[    0.065192] Initmem setup node 0 [mem 0x0000000030400000-0x00000024af937fff]
[    0.065353] On node 0 totalpages: 4454826
[    0.065362]   Normal zone: 39154 pages used for memmap
[    0.065367]   Normal zone: 0 pages reserved
[    0.065373]   Normal zone: 4454826 pages, LIFO batch:31
[    0.224348] Booting Linux...
[    0.224434] CPU CAPS: [flush,stbar,swap,muldiv,v9,blkinit,n2,mul32]
[    0.224515] CPU CAPS: [div32,v8plus,popc,vis,vis2,ASIBlkInit,fmaf,vis3]
[    0.225593] CPU CAPS: [hpc,ima,pause,cbcond,aes,des,kasumi,camellia]
[    0.225665] CPU CAPS: [md5,sha1,sha256,sha512,mpmul,montmul,montsqr,crc32c]
[    0.255458] percpu: Embedded 28 pages/cpu s184784 r8192 d36400 u262144
[    0.255672] pcpu-alloc: s184784 r8192 d36400 u262144 alloc=1*4194304
[    0.255678] pcpu-alloc: [0] 000 001 002 003 004 005 006 007 008 009 010 011 012 013 014 015 
[    0.255705] pcpu-alloc: [0] 016 017 018 019 020 021 022 023 024 025 026 027 028 029 030 031 
[    0.255730] pcpu-alloc: [0] 032 033 034 035 036 037 038 039 040 041 042 043 044 045 046 047 
[    0.255756] pcpu-alloc: [0] 048 049 050 051 052 053 054 055 056 057 058 059 060 061 062 063 
[    0.255781] pcpu-alloc: [0] 064 065 066 067 068 069 070 071 072 073 074 075 076 077 078 079 
[    0.255807] pcpu-alloc: [0] 080 081 082 083 084 085 086 087 088 089 090 091 092 093 094 095 
[    0.255832] pcpu-alloc: [0] 096 097 098 099 100 101 102 103 104 105 106 107 108 109 110 111 
[    0.255858] pcpu-alloc: [0] 112 113 114 115 116 117 118 119 120 121 122 123 124 125 126 127 
[    0.256298] SUN4V: Mondo queue sizes [cpu(131072) dev(16384) r(8192) nr(256)]
[    0.256673] Built 1 zonelists, mobility grouping on.  Total pages: 4415672
[    0.256743] Policy zone: Normal
[    0.256798] Kernel command line: BOOT_IMAGE=/vmlinux-5.9.0-rc8-00236-gbc4fe4cdd602 root=/dev/vdiska2 ro zswap.enabled=1
[    0.259421] printk: log_buf_len individual max cpu contribution: 4096 bytes
[    0.259492] printk: log_buf_len total cpu_extra contributions: 520192 bytes
[    0.259559] printk: log_buf_len min size: 131072 bytes
[    0.259830] printk: log_buf_len: 1048576 bytes
[    0.259881] printk: early log buf free: 126688(96%)
[    0.266192] Dentry cache hash table entries: 8388608 (order: 13, 67108864 bytes, linear)
[    0.269428] Inode-cache hash table entries: 4194304 (order: 12, 33554432 bytes, linear)
[    0.269503] Sorting __ex_table...
[    0.269748] mem auto-init: stack:off, heap alloc:off, heap free:off
[    0.375721] Memory: 35127576K/35638608K available (8328K kernel code, 1094K rwdata, 2480K rodata, 680K init, 6856K bss, 511032K reserved, 0K cma-reserved)
[    0.376412] SLUB: HWalign=32, Order=0-3, MinObjects=0, CPUs=128, Nodes=32
[    0.376698] ftrace: allocating 23120 entries in 46 pages
[    0.385776] ftrace: allocated 46 pages with 4 groups
[    0.388602] Running RCU self tests
[    0.388977] rcu: Hierarchical RCU implementation.
[    0.389029] rcu: 	RCU event tracing is enabled.
[    0.389076] rcu: 	RCU lockdep checking is enabled.
[    0.389127] 	Trampoline variant of Tasks RCU enabled.
[    0.389177] 	Rude variant of Tasks RCU enabled.
[    0.389223] 	Tracing variant of Tasks RCU enabled.
[    0.389273] rcu: RCU calculated value of scheduler-enlistment delay is 10 jiffies.
[    0.393823] NR_IRQS: 2048, nr_irqs: 2048, preallocated irqs: 1
[    0.393900] SUN4V: Using IRQ API major 3, cookie only virqs enabled
[    0.396359] clocksource: stick: mask: 0xffffffffffffffff max_cycles: 0x1cd42e4dffb, max_idle_ns: 881590591483 ns
[    0.396489] clocksource: mult[800000] shift[23]
[    0.396538] clockevent: mult[80000000] shift[31]
[    0.396936] Console: colour dummy device 80x25
[    0.397001] printk: console [tty0] enabled
[    0.397078] printk: bootconsole [earlyprom0] disabled
[    0.397165] Lock dependency validator: Copyright (c) 2006 Red Hat, Inc., Ingo Molnar
[    0.397218] ... MAX_LOCKDEP_SUBCLASSES:  8
[    0.397251] ... MAX_LOCK_DEPTH:          48
[    0.397284] ... MAX_LOCKDEP_KEYS:        8192
[    0.397317] ... CLASSHASH_SIZE:          4096
[    0.397351] ... MAX_LOCKDEP_ENTRIES:     16384
[    0.397385] ... MAX_LOCKDEP_CHAINS:      32768
[    0.397419] ... CHAINHASH_SIZE:          16384
[    0.397453]  memory used by lock dependency info: 3919 kB
[    0.397491]  memory used for stack traces: 2112 kB
[    0.397527]  per task-struct memory footprint: 1920 bytes
[    0.546757] Calibrating delay using timer specific routine.. 2003.22 BogoMIPS (lpj=10016120)
[    0.546820] pid_max: default: 131072 minimum: 1024
[    0.547125] LSM: Security Framework initializing
[    0.547292] AppArmor: AppArmor initialized
[    0.547597] Mount-cache hash table entries: 131072 (order: 7, 1048576 bytes, linear)
[    0.547768] Mountpoint-cache hash table entries: 131072 (order: 7, 1048576 bytes, linear)
[    0.553511] rcu: Hierarchical SRCU implementation.
[    0.564400] smp: Bringing up secondary CPUs ...
[    0.565637] ------------[ cut here ]------------
[    0.565668] WARNING: CPU: 0 PID: 1 at kernel/locking/lockdep.c:4890 check_flags+0x9c/0x2c0
[    0.565694] DEBUG_LOCKS_WARN_ON(lockdep_hardirqs_enabled())
[    0.565695] Modules linked in:
[    0.565730] CPU: 0 PID: 1 Comm: swapper/0 Not tainted 5.9.0-rc8-00236-gbc4fe4cdd602 #83
[    0.565756] Call Trace:
[    0.565772] [<00000000004727a8>] __warn+0xa8/0x120
[    0.565791] [<0000000000472c10>] warn_slowpath_fmt+0x64/0x74
[    0.565811] [<00000000004e881c>] check_flags+0x9c/0x2c0
[    0.565833] [<0000000000c199a0>] lock_is_held_type+0x20/0x140
[    0.565855] [<0000000000509894>] rcu_read_lock_sched_held+0x54/0xa0
[    0.565877] [<00000000004ed740>] lock_acquire+0x120/0x4a0
[    0.565898] [<0000000000c23310>] _raw_spin_lock+0x30/0x60
[    0.565920] [<00000000009bb39c>] p1275_cmd_direct+0x1c/0x60
[    0.565940] [<00000000009bb270>] prom_startcpu_cpuid+0x30/0x40
[    0.565962] [<00000000004427e4>] __cpu_up+0x184/0x3a0
[    0.565981] [<0000000000474600>] bringup_cpu+0x20/0x120
[    0.566000] [<000000000047378c>] cpuhp_invoke_callback+0xec/0x340
[    0.566021] [<0000000000475494>] cpu_up+0x154/0x220
[    0.566039] [<0000000000475d20>] bringup_nonboot_cpus+0x60/0xa0
[    0.566063] [<0000000000fbc338>] smp_init+0x28/0xa0
[    0.566084] [<0000000000fad3b4>] kernel_init_freeable+0x18c/0x300
[    0.566104] irq event stamp: 5135
[    0.566119] hardirqs last  enabled at (5135): [<0000000000c23728>] _raw_spin_unlock_irqrestore+0x28/0x60
[    0.566149] hardirqs last disabled at (5134): [<0000000000c234e0>] _raw_spin_lock_irqsave+0x20/0x80
[    0.566179] softirqs last  enabled at (1502): [<0000000000c262a0>] __do_softirq+0x4e0/0x560
[    0.566208] softirqs last disabled at (1495): [<000000000042d394>] do_softirq_own_stack+0x34/0x60
[    0.566238] random: get_random_bytes called from __warn+0xc8/0x120 with crng_init=0
[    0.566244] ---[ end trace 9a113240295e5164 ]---
[    0.566281] possible reason: unannotated irqs-off.
[    0.566298] irq event stamp: 5135
[    0.566312] hardirqs last  enabled at (5135): [<0000000000c23728>] _raw_spin_unlock_irqrestore+0x28/0x60
[    0.566342] hardirqs last disabled at (5134): [<0000000000c234e0>] _raw_spin_lock_irqsave+0x20/0x80
[    0.566371] softirqs last  enabled at (1502): [<0000000000c262a0>] __do_softirq+0x4e0/0x560
[    0.566398] softirqs last disabled at (1495): [<000000000042d394>] do_softirq_own_stack+0x34/0x60
[    0.588084] smp: Brought up 1 node, 32 CPUs
[    0.591013] devtmpfs: initialized
[    0.593178] Performance events: 
[    0.593205] Testing NMI watchdog ... 
[    0.793264] OK.
[    0.793315] Supported PMU type is 'niagara5'
[    0.793710] ldc.c:v1.1 (July 22, 2008)
[    0.794974] clocksource: jiffies: mask: 0xffffffff max_cycles: 0xffffffff, max_idle_ns: 19112604462750000 ns
[    0.795024] futex hash table entries: 32768 (order: 9, 4194304 bytes, linear)
[    0.797699] NET: Registered protocol family 16
[    0.802573] VIO: Adding device channel-devices (tx_ino = ffffffffffffffff, rx_ino = ffffffffffffffff)
[    0.802677] VIO: Adding device vnet-port-0-0 (tx_ino = 0, rx_ino = 1)
[    0.802762] VIO: Adding device vnet-port-0-1 (tx_ino = 2, rx_ino = 3)
[    0.802846] VIO: Adding device vnet-port-0-2 (tx_ino = 4, rx_ino = 5)
[    0.802933] VIO: Adding device vnet-port-0-3 (tx_ino = 6, rx_ino = 7)
[    0.803021] VIO: Adding device vnet-port-0-4 (tx_ino = 8, rx_ino = 9)
[    0.803104] VIO: Adding device vnet-port-0-5 (tx_ino = a, rx_ino = b)
[    0.803190] VIO: Adding device vdc-port-2-0 (tx_ino = c, rx_ino = d)
[    0.803273] VIO: Adding device vdc-port-1-0 (tx_ino = e, rx_ino = f)
[    0.803381] VIO: Adding device vdc-port-0-0 (tx_ino = 10, rx_ino = 11)
[    0.803473] VIO: Adding device vdc-port-3-0 (tx_ino = 12, rx_ino = 13)
[    0.803557] VIO: Adding device vlds-port-0-0 (tx_ino = 14, rx_ino = 15)
[    0.803643] VIO: Adding device domain-services-port-0 (tx_ino = 14, rx_ino = 15)
[    0.803784] audit: initializing netlink subsys (disabled)
[    0.803956] audit: type=2000 audit(0.400:1): state=initialized audit_enabled=0 res=1
[    0.819042] HugeTLB registered 64.0 KiB page size, pre-allocated 0 pages
[    0.819066] HugeTLB registered 8.00 MiB page size, pre-allocated 0 pages
[    0.819089] HugeTLB registered 256 MiB page size, pre-allocated 0 pages
[    0.819112] HugeTLB registered 2.00 GiB page size, pre-allocated 0 pages
[    0.820188] alg: extra crypto tests enabled.  This is intended for developer use only.
[    0.840437] cryptd: max_cpu_qlen set to 1000
[    0.908497] vgaarb: loaded
[    0.909138] NetLabel: Initializing
[    0.909154] NetLabel:  domain hash size = 128
[    0.909171] NetLabel:  protocols = UNLABELED CIPSOv4 CALIPSO
[    0.909230] NetLabel:  unlabeled traffic allowed by default
[    0.909828] SUN4V: Reboot data supported (maj=1,min=0).
[    0.910018] ds.c:v1.0 (Jul 11, 2007)
[    0.910204] ds-0: ds_conn_reset() from send_events
[    0.910413] clocksource: Switched to clocksource stick
[    1.021531] VFS: Disk quotas dquot_6.6.0
[    1.021628] VFS: Dquot-cache hash table entries: 1024 (order 0, 8192 bytes)
[    1.022682] AppArmor: AppArmor Filesystem Enabled
[    1.029237] NET: Registered protocol family 2
[    1.030060] tcp_listen_portaddr_hash hash table entries: 32768 (order: 8, 2621440 bytes, linear)
[    1.031338] TCP established hash table entries: 524288 (order: 9, 4194304 bytes, linear)
[    1.033506] TCP bind hash table entries: 65536 (order: 9, 4718592 bytes, linear)
[    1.035700] TCP: Hash tables configured (established 524288 bind 65536)
[    1.036932] UDP hash table entries: 32768 (order: 9, 5242880 bytes, linear)
[    1.039629] UDP-Lite hash table entries: 32768 (order: 9, 5242880 bytes, linear)
[    1.043723] NET: Registered protocol family 1
[    1.043759] NET: Registered protocol family 44
[    1.043797] PCI: CLS 0 bytes, default 64
[    1.043999] Trying to unpack rootfs image as initramfs...
[    1.192704] Freeing initrd memory: 14800K
[    1.193719] aes_sparc64: Using sparc64 aes opcodes optimized AES implementation
[    1.432544] des_sparc64: Using sparc64 des opcodes optimized DES implementation
[    1.865406] camellia_sparc64: Using sparc64 camellia opcodes optimized CAMELLIA implementation
[    2.020969] workingset: timestamp_bits=41 max_order=23 bucket_order=0
[    2.029776] zbud: loaded
[    2.032458] SGI XFS with ACLs, security attributes, quota, fatal assert, debug enabled
[    2.058022] Block layer SCSI generic (bsg) driver version 0.4 loaded (major 252)
[    2.058570] io scheduler mq-deadline registered
[    2.060515] f029b788: ttyHV0 at I/O 0x0 (irq = 1, base_baud = 115200) is a SUN4V HCONS
[    2.061104] printk: console [ttyHV0] enabled
[    2.063319] sunvdc.c:v1.2 (November 24, 2014)
[    2.066578] sunvdc: Virtual Hard disk vdiskc
[    2.066598] sunvdc: vdiskc: 104857600 sectors (51200 MB) protocol 1.2
[    2.079038] sunvdc: Virtual Hard disk vdiskb
[    2.079060] sunvdc: vdiskb: 62914560 sectors (30720 MB) protocol 1.2
[    2.079781]  vdiskb: vdiskb1
[    2.091677] sunvdc: Virtual Hard disk vdiska
[    2.091699] sunvdc: vdiska: 31457280 sectors (15360 MB) protocol 1.2
[    2.092456]  vdiska: vdiska1 vdiska2 vdiska3 vdiska4
[    2.104946] sunvdc: Virtual CDROM vdiskd
[    2.104970] sunvdc: vdiskd: 453848 sectors (221 MB) protocol 1.2
[    2.105682]  vdiskd: vdiskd1 vdiskd2 vdiskd3 vdiskd4 vdiskd5 vdiskd6 vdiskd7
[    2.115820] sunvnet: sunvnet 2.0 (February 3, 2017)
[    2.117130] vnet_port vnet-port-0-0 eth0: Sun LDOM vnet 00:14:4f:f8:12:a3
[    2.117245] sunvnet: eth0: PORT ( remote-mac 00:14:4f:fa:f3:f0 switch-port )
[    2.117702] sunvnet: eth0: PORT ( remote-mac 00:14:4f:f8:e5:f3 )
[    2.118167] sunvnet: eth0: PORT ( remote-mac 00:14:4f:f9:b4:97 )
[    2.118623] sunvnet: eth0: PORT ( remote-mac 00:14:4f:f8:3f:1e )
[    2.119076] sunvnet: eth0: PORT ( remote-mac 00:14:4f:f8:fe:47 )
[    2.119525] sunvnet: eth0: PORT ( remote-mac 00:14:4f:fb:b5:00 )
[    2.120452] rtc-sun4v rtc-sun4v: registered as rtc0
[    2.120528] rtc-sun4v rtc-sun4v: setting system clock to 2020-10-12T14:50:50 UTC (1602514250)
[    2.120773] sun4v_wdt: initialized (timeout=60s, nowayout=0)
[    2.121006] device-mapper: uevent: version 1.0.3
[    2.121575] device-mapper: ioctl: 4.42.0-ioctl (2020-02-27) initialised: dm-devel@redhat.com
[    2.122182] NET: Registered protocol family 17
[    2.122390] registered taskstats version 1
[    2.122982] zswap: loaded using pool lzo/zbud
[    2.123810] AppArmor: AppArmor sha1 policy hashing enabled
[    2.126509] This architecture does not have kernel memory protection.
[    2.126542] Run /init as init process
[    2.126559]   with arguments:
[    2.126574]     /init
[    2.126588]   with environment:
[    2.126604]     HOME=/
[    2.126617]     TERM=linux
[    2.126631]     BOOT_IMAGE=/vmlinux-5.9.0-rc8-00236-gbc4fe4cdd602
[    2.414992] random: lvm: uninitialized urandom read (4 bytes read)
[    2.424641] crc32c_sparc64: Using sparc64 crc32c opcode optimized CRC32C implementation
[    2.454243] random: lvm: uninitialized urandom read (2 bytes read)
[    2.950405] raid6: int64x8  gen()  2158 MB/s
[    3.120392] raid6: int64x8  xor()  1521 MB/s
[    3.290386] raid6: int64x4  gen()  3397 MB/s
[    3.460379] raid6: int64x4  xor()  1462 MB/s
[    3.630387] raid6: int64x2  gen()  2912 MB/s
[    3.800405] raid6: int64x2  xor()  1100 MB/s
[    3.970420] raid6: int64x1  gen()  1417 MB/s
[    4.140395] raid6: int64x1  xor()   712 MB/s
[    4.140416] raid6: using algorithm int64x4 gen() 3397 MB/s
[    4.140438] raid6: .... xor() 1462 MB/s, rmw enabled
[    4.140457] raid6: using intx1 recovery algorithm
[    4.141060] async_tx: api initialized (async)
[    4.141332] xor: automatically using best checksumming function   Niagara   
[    4.217245] random: fast init done
[    4.340293] EXT4-fs (vdiska2): mounted filesystem with ordered data mode. Opts: (null)
[    4.475356] systemd[1]: Inserted module 'autofs4'
[    4.482925] NET: Registered protocol family 10
[    4.487117] Segment Routing with IPv6
[    4.498703] systemd[1]: systemd 246.6-1 running in system mode. (+PAM +AUDIT +SELINUX +IMA +APPARMOR +SMACK +SYSVINIT +UTMP +LIBCRYPTSETUP +GCRYPT +GNUTLS +ACL +XZ +LZ4 +ZSTD -SECCOMP +BLKID +ELFUTILS +KMOD +IDN2 -IDN +PCRE2 default-hierarchy=hybrid)
[    4.499123] systemd[1]: Detected architecture sparc64.
[    4.585862] systemd[1]: Set hostname to <ttip>.
[    4.653498] random: lvmconfig: uninitialized urandom read (4 bytes read)
[    4.895552] systemd[1]: Queued start job for default target Multi-User System.
[    4.896428] random: systemd: uninitialized urandom read (16 bytes read)
[    4.922231] systemd[1]: Created slice system-getty.slice.
[    4.922666] random: systemd: uninitialized urandom read (16 bytes read)
[    4.931594] systemd[1]: Created slice system-modprobe.slice.
[    4.940116] systemd[1]: Created slice system-openvpn\x2dclient.slice.
[    4.958916] systemd[1]: Created slice system-postfix.slice.
[    4.967790] systemd[1]: Created slice system-systemd\x2dfsck.slice.
[    4.980613] systemd[1]: Created slice User and Session Slice.
[    4.981189] systemd[1]: Started Dispatch Password Requests to Console Directory Watch.
[    4.981688] systemd[1]: Started Forward Password Requests to Wall Directory Watch.
[    4.983295] systemd[1]: Set up automount Arbitrary Executable File Formats File System Automount Point.
[    4.983676] systemd[1]: Reached target Local Encrypted Volumes.
[    4.984016] systemd[1]: Reached target Paths.
[    4.984311] systemd[1]: Reached target Slices.
[    4.984875] systemd[1]: Listening on Device-mapper event daemon FIFOs.
[    4.985534] systemd[1]: Listening on LVM2 poll daemon socket.
[    5.012697] systemd[1]: Listening on RPCbind Server Activation Socket.
[    5.013578] systemd[1]: Listening on Syslog Socket.
[    5.014257] systemd[1]: Listening on fsck to fsckd communication Socket.
[    5.014727] systemd[1]: Listening on initctl Compatibility Named Pipe.
[    5.015502] systemd[1]: Listening on Journal Audit Socket.
[    5.016113] systemd[1]: Listening on Journal Socket (/dev/log).
[    5.016844] systemd[1]: Listening on Journal Socket.
[    5.017598] systemd[1]: Listening on udev Control Socket.
[    5.018171] systemd[1]: Listening on udev Kernel Socket.
[    5.029652] systemd[1]: Mounting Huge Pages File System...
[    5.041311] systemd[1]: Mounting POSIX Message Queue File System...
[    5.072135] systemd[1]: Mounting RPC Pipe File System...
[    5.084003] systemd[1]: Mounting Kernel Debug File System...
[    5.096111] systemd[1]: Mounting Kernel Trace File System...
[    5.096693] systemd[1]: Condition check resulted in Kernel Module supporting RPCSEC_GSS being skipped.
[    5.097493] systemd[1]: Finished Availability of block devices.
[    5.109141] systemd[1]: Starting Wait for network to be configured by ifupdown...
[    5.113636] RPC: Registered named UNIX socket transport module.
[    5.113661] RPC: Registered udp transport module.
[    5.113681] RPC: Registered tcp transport module.
[    5.113700] RPC: Registered tcp NFSv4.1 backchannel transport module.
[    5.121067] systemd[1]: Starting Create list of static device nodes for the current kernel...
[    5.136449] systemd[1]: Starting Monitoring of LVM2 mirrors, snapshots etc. using dmeventd or progress polling...
[    5.147852] systemd[1]: Starting Load Kernel Module drm...
[    5.159106] systemd[1]: Starting nftables...
[    5.160499] systemd[1]: Condition check resulted in Set Up Additional Binary Formats being skipped.
[    5.160675] systemd[1]: Condition check resulted in File System Check on Root Device being skipped.
[    5.174494] systemd[1]: Starting Journal Service...
[    5.186903] systemd[1]: Starting Load Kernel Modules...
[    5.198548] systemd[1]: Starting Remount Root and Kernel File Systems...
[    5.211898] systemd[1]: Starting Coldplug All udev Devices...
[    5.221213] systemd[1]: Mounted Huge Pages File System.
[    5.222493] systemd[1]: Mounted POSIX Message Queue File System.
[    5.223597] systemd[1]: Mounted RPC Pipe File System.
[    5.224711] systemd[1]: Mounted Kernel Debug File System.
[    5.225814] systemd[1]: Mounted Kernel Trace File System.
[    5.229771] systemd[1]: Finished Wait for network to be configured by ifupdown.
[    5.233827] systemd[1]: Finished Create list of static device nodes for the current kernel.
[    5.235755] systemd[1]: modprobe@drm.service: Succeeded.
[    5.238465] systemd[1]: Finished Load Kernel Module drm.
[    5.241086] EXT4-fs (vdiska2): re-mounted. Opts: errors=remount-ro
[    5.244200] systemd[1]: Started Journal Service.
[    5.622531] n2rng v0.3 (Jan 7, 2017)
[    5.622605] n2rng f029b104: Registered RNG HVAPI major 2 minor 0
[    5.622650] n2rng f029b104: Found multi-unit-capable RNG, units: 2
[    5.622770] n2rng f029b104: RNG ready
[    5.623245] sha1_sparc64: Using sparc64 sha1 opcode optimized SHA-1 implementation
[    5.643026] pktcdvd: setup of pktcdvd device failed
[    5.676932] pktcdvd: setup of pktcdvd device failed
[    5.680173] pktcdvd: setup of pktcdvd device failed
[    5.683104] pktcdvd: setup of pktcdvd device failed
[    5.685857] pktcdvd: setup of pktcdvd device failed
[    5.688838] pktcdvd: setup of pktcdvd device failed
[    5.691618] pktcdvd: setup of pktcdvd device failed
[    5.694903] pktcdvd: setup of pktcdvd device failed
[    5.800515] Adding 787176k swap on /dev/vdiska4.  Priority:-2 extents:1 across:787176k FS
[    5.813358] sha256_sparc64: Using sparc64 sha256 opcode optimized SHA-256/SHA-224 implementation
[    5.853871] EXT4-fs (vdiska1): mounting ext3 file system using the ext4 subsystem
[    5.862680] EXT4-fs (vdiska1): mounted filesystem with ordered data mode. Opts: (null)
[    5.862806] ext3 filesystem being mounted at /boot supports timestamps until 2038 (0x7fffffff)
[    5.882595] XFS (dm-0): Mounting V5 Filesystem
[    5.896245] XFS (dm-0): Ending clean mount
[    5.898129] xfs filesystem being mounted at /1 supports timestamps until 2038 (0x7fffffff)
[    5.935161] sha512_sparc64: Using sparc64 sha512 opcode optimized SHA-512/SHA-384 implementation
[    5.936107] md5_sparc64: Using sparc64 md5 opcode optimized MD5 implementation
[    5.985605] Kernel unaligned access at TPC[8d5d5c] aa_dfa_unpack+0x3c/0x640
[    5.985668] Kernel unaligned access at TPC[8d5d70] aa_dfa_unpack+0x50/0x640
[    5.985715] Kernel unaligned access at TPC[8d5e34] aa_dfa_unpack+0x114/0x640
[    5.985758] Kernel unaligned access at TPC[8d5f04] aa_dfa_unpack+0x1e4/0x640
[    5.985794] Kernel unaligned access at TPC[8d5f18] aa_dfa_unpack+0x1f8/0x640
[    5.986999] audit: type=1400 audit(1602514254.350:2): apparmor="STATUS" operation="profile_load" profile="unconfined" name="lsb_release" pid=664 comm="apparmor_parser"
[    5.988280] audit: type=1400 audit(1602514254.350:3): apparmor="STATUS" operation="profile_load" profile="unconfined" name="/usr/sbin/haveged" pid=657 comm="apparmor_parser"
[    5.994371] audit: type=1400 audit(1602514254.360:4): apparmor="STATUS" operation="profile_load" profile="unconfined" name="named" pid=663 comm="apparmor_parser"
[    5.999334] audit: type=1400 audit(1602514254.360:5): apparmor="STATUS" operation="profile_load" profile="unconfined" name="nvidia_modprobe" pid=659 comm="apparmor_parser"
[    5.999406] audit: type=1400 audit(1602514254.360:6): apparmor="STATUS" operation="profile_load" profile="unconfined" name="nvidia_modprobe//kmod" pid=659 comm="apparmor_parser"
[    6.000922] audit: type=1400 audit(1602514254.370:7): apparmor="STATUS" operation="profile_load" profile="unconfined" name="tcpdump" pid=661 comm="apparmor_parser"
[    6.011848] audit: type=1400 audit(1602514254.380:8): apparmor="STATUS" operation="profile_load" profile="unconfined" name="/usr/bin/man" pid=660 comm="apparmor_parser"
[    6.011914] audit: type=1400 audit(1602514254.380:9): apparmor="STATUS" operation="profile_load" profile="unconfined" name="man_filter" pid=660 comm="apparmor_parser"
[    6.011972] audit: type=1400 audit(1602514254.380:10): apparmor="STATUS" operation="profile_load" profile="unconfined" name="man_groff" pid=660 comm="apparmor_parser"
[    6.461429] random: crng init done
[    6.461460] random: 5 urandom warning(s) missed due to ratelimiting
