[    0.000021] PROMLIB: Sun IEEE Boot Prom 'OBP 4.38.12 2018/03/28 14:54'
[    0.000033] PROMLIB: Root node compatible: sun4v
[    0.000081] Linux version 5.9.0-rc8-00240-g5b697f86f9f1 (mator@ttip) (gcc (Debian 10.2.0-13) 10.2.0, GNU ld (GNU Binutils for Debian) 2.35.1) #82 SMP Mon Oct 12 17:23:48 MSK 2020
[    0.000419] printk: bootconsole [earlyprom0] enabled
[    0.000469] ARCH: SUN4V
[    0.000520] Ethernet address: 00:14:4f:fa:06:f2
[    0.000571] MM: PAGE_OFFSET is 0xfff8000000000000 (max_phys_bits == 47)
[    0.000635] MM: VMALLOC [0x0000000100000000 --> 0x0006000000000000]
[    0.000697] MM: VMEMMAP [0x0006000000000000 --> 0x000c000000000000]
[    0.013072] Kernel: Using 5 locked TLB entries for main kernel image.
[    0.013141] Remapping the kernel... 
[    0.013163] done.
[    0.046058] OF stdout device is: /virtual-devices@100/console@1
[    0.046122] PROM: Built device tree with 86758 bytes of memory.
[    0.046181] MDESC: Size is 36512 bytes.
[    0.046294] PLATFORM: banner-name [SPARC T5-2]
[    0.046344] PLATFORM: name [ORCL,SPARC-T5-2]
[    0.046388] PLATFORM: hostid [84fa06f2]
[    0.046432] PLATFORM: serial# [0035260e]
[    0.046473] PLATFORM: stick-frequency [3b9aca00]
[    0.046522] PLATFORM: mac-address [144ffa06f2]
[    0.046566] PLATFORM: watchdog-resolution [1000 ms]
[    0.046617] PLATFORM: watchdog-max-timeout [31536000000 ms]
[    0.046672] PLATFORM: max-cpus [1024]
[    0.051419] Allocated 40960 bytes for kernel page tables.
[    0.051507] Zone ranges:
[    0.051546]   Normal   [mem 0x0000000030400000-0x00000024af937fff]
[    0.051608] Movable zone start for each node
[    0.051653] Early memory node ranges
[    0.051694]   node   0: [mem 0x0000000030400000-0x000000006fe7ffff]
[    0.051755]   node   0: [mem 0x000000006ff00000-0x000000006ff25fff]
[    0.051816]   node   0: [mem 0x0000000070000000-0x000000042fffffff]
[    0.051878]   node   0: [mem 0x0000002030000000-0x00000024af87ffff]
[    0.051940]   node   0: [mem 0x00000024af900000-0x00000024af925fff]
[    0.051999]   node   0: [mem 0x00000024af930000-0x00000024af937fff]
[    0.065739] Zeroed struct page in unavailable ranges: 263766 pages
[    0.065748] Initmem setup node 0 [mem 0x0000000030400000-0x00000024af937fff]
[    0.065906] On node 0 totalpages: 4454826
[    0.065916]   Normal zone: 39154 pages used for memmap
[    0.065921]   Normal zone: 0 pages reserved
[    0.065926]   Normal zone: 4454826 pages, LIFO batch:31
[    0.224896] Booting Linux...
[    0.224981] CPU CAPS: [flush,stbar,swap,muldiv,v9,blkinit,n2,mul32]
[    0.225066] CPU CAPS: [div32,v8plus,popc,vis,vis2,ASIBlkInit,fmaf,vis3]
[    0.226143] CPU CAPS: [hpc,ima,pause,cbcond,aes,des,kasumi,camellia]
[    0.226215] CPU CAPS: [md5,sha1,sha256,sha512,mpmul,montmul,montsqr,crc32c]
[    0.256011] percpu: Embedded 28 pages/cpu s184784 r8192 d36400 u262144
[    0.256225] pcpu-alloc: s184784 r8192 d36400 u262144 alloc=1*4194304
[    0.256231] pcpu-alloc: [0] 000 001 002 003 004 005 006 007 008 009 010 011 012 013 014 015 
[    0.256257] pcpu-alloc: [0] 016 017 018 019 020 021 022 023 024 025 026 027 028 029 030 031 
[    0.256283] pcpu-alloc: [0] 032 033 034 035 036 037 038 039 040 041 042 043 044 045 046 047 
[    0.256309] pcpu-alloc: [0] 048 049 050 051 052 053 054 055 056 057 058 059 060 061 062 063 
[    0.256335] pcpu-alloc: [0] 064 065 066 067 068 069 070 071 072 073 074 075 076 077 078 079 
[    0.256361] pcpu-alloc: [0] 080 081 082 083 084 085 086 087 088 089 090 091 092 093 094 095 
[    0.256386] pcpu-alloc: [0] 096 097 098 099 100 101 102 103 104 105 106 107 108 109 110 111 
[    0.256412] pcpu-alloc: [0] 112 113 114 115 116 117 118 119 120 121 122 123 124 125 126 127 
[    0.256852] SUN4V: Mondo queue sizes [cpu(131072) dev(16384) r(8192) nr(256)]
[    0.257231] Built 1 zonelists, mobility grouping on.  Total pages: 4415672
[    0.257300] Policy zone: Normal
[    0.257355] Kernel command line: BOOT_IMAGE=/vmlinux-5.9.0-rc8-00240-g5b697f86f9f1 root=/dev/vdiska2 ro zswap.enabled=1
[    0.259988] printk: log_buf_len individual max cpu contribution: 4096 bytes
[    0.260057] printk: log_buf_len total cpu_extra contributions: 520192 bytes
[    0.260124] printk: log_buf_len min size: 131072 bytes
[    0.260395] printk: log_buf_len: 1048576 bytes
[    0.260446] printk: early log buf free: 126688(96%)
[    0.266758] Dentry cache hash table entries: 8388608 (order: 13, 67108864 bytes, linear)
[    0.269990] Inode-cache hash table entries: 4194304 (order: 12, 33554432 bytes, linear)
[    0.270066] Sorting __ex_table...
[    0.270309] mem auto-init: stack:off, heap alloc:off, heap free:off
[    0.376455] Memory: 35127576K/35638608K available (8328K kernel code, 1094K rwdata, 2480K rodata, 680K init, 6856K bss, 511032K reserved, 0K cma-reserved)
[    0.377152] SLUB: HWalign=32, Order=0-3, MinObjects=0, CPUs=128, Nodes=32
[    0.377439] ftrace: allocating 23120 entries in 46 pages
[    0.386418] ftrace: allocated 46 pages with 4 groups
[    0.389272] Running RCU self tests
[    0.389650] rcu: Hierarchical RCU implementation.
[    0.389702] rcu: 	RCU event tracing is enabled.
[    0.389748] rcu: 	RCU lockdep checking is enabled.
[    0.389799] 	Trampoline variant of Tasks RCU enabled.
[    0.389849] 	Rude variant of Tasks RCU enabled.
[    0.389895] 	Tracing variant of Tasks RCU enabled.
[    0.389945] rcu: RCU calculated value of scheduler-enlistment delay is 10 jiffies.
[    0.394473] NR_IRQS: 2048, nr_irqs: 2048, preallocated irqs: 1
[    0.394550] SUN4V: Using IRQ API major 3, cookie only virqs enabled
[    0.397015] clocksource: stick: mask: 0xffffffffffffffff max_cycles: 0x1cd42e4dffb, max_idle_ns: 881590591483 ns
[    0.397145] clocksource: mult[800000] shift[23]
[    0.397194] clockevent: mult[80000000] shift[31]
[    0.397593] Console: colour dummy device 80x25
[    0.397658] printk: console [tty0] enabled
[    0.397737] printk: bootconsole [earlyprom0] disabled
[    0.397826] Lock dependency validator: Copyright (c) 2006 Red Hat, Inc., Ingo Molnar
[    0.397879] ... MAX_LOCKDEP_SUBCLASSES:  8
[    0.397912] ... MAX_LOCK_DEPTH:          48
[    0.397945] ... MAX_LOCKDEP_KEYS:        8192
[    0.397979] ... CLASSHASH_SIZE:          4096
[    0.398013] ... MAX_LOCKDEP_ENTRIES:     16384
[    0.398047] ... MAX_LOCKDEP_CHAINS:      32768
[    0.398081] ... CHAINHASH_SIZE:          16384
[    0.398115]  memory used by lock dependency info: 3919 kB
[    0.398155]  memory used for stack traces: 2112 kB
[    0.398191]  per task-struct memory footprint: 1920 bytes
[    0.547411] Calibrating delay using timer specific routine.. 2003.18 BogoMIPS (lpj=10015936)
[    0.547475] pid_max: default: 131072 minimum: 1024
[    0.547779] LSM: Security Framework initializing
[    0.547944] AppArmor: AppArmor initialized
[    0.548245] Mount-cache hash table entries: 131072 (order: 7, 1048576 bytes, linear)
[    0.548415] Mountpoint-cache hash table entries: 131072 (order: 7, 1048576 bytes, linear)
[    0.554181] rcu: Hierarchical SRCU implementation.
[    0.565089] smp: Bringing up secondary CPUs ...
[    0.566325] ------------[ cut here ]------------
[    0.566355] WARNING: CPU: 0 PID: 1 at kernel/locking/lockdep.c:4890 check_flags+0x9c/0x2c0
[    0.566382] DEBUG_LOCKS_WARN_ON(lockdep_hardirqs_enabled())
[    0.566383] Modules linked in:
[    0.566418] CPU: 0 PID: 1 Comm: swapper/0 Not tainted 5.9.0-rc8-00240-g5b697f86f9f1 #82
[    0.566444] Call Trace:
[    0.566460] [<00000000004727a8>] __warn+0xa8/0x120
[    0.566479] [<0000000000472c10>] warn_slowpath_fmt+0x64/0x74
[    0.566499] [<00000000004e881c>] check_flags+0x9c/0x2c0
[    0.566521] [<0000000000c199a0>] lock_is_held_type+0x20/0x140
[    0.566544] [<0000000000509894>] rcu_read_lock_sched_held+0x54/0xa0
[    0.566565] [<00000000004ed740>] lock_acquire+0x120/0x4a0
[    0.566587] [<0000000000c23310>] _raw_spin_lock+0x30/0x60
[    0.566609] [<00000000009bb39c>] p1275_cmd_direct+0x1c/0x60
[    0.566628] [<00000000009bb270>] prom_startcpu_cpuid+0x30/0x40
[    0.566650] [<00000000004427e4>] __cpu_up+0x184/0x3a0
[    0.566669] [<0000000000474600>] bringup_cpu+0x20/0x120
[    0.566688] [<000000000047378c>] cpuhp_invoke_callback+0xec/0x340
[    0.566709] [<0000000000475494>] cpu_up+0x154/0x220
[    0.566727] [<0000000000475d20>] bringup_nonboot_cpus+0x60/0xa0
[    0.566752] [<0000000000fbc338>] smp_init+0x28/0xa0
[    0.566772] [<0000000000fad3b4>] kernel_init_freeable+0x18c/0x300
[    0.566793] irq event stamp: 5135
[    0.566807] hardirqs last  enabled at (5135): [<0000000000c23728>] _raw_spin_unlock_irqrestore+0x28/0x60
[    0.566837] hardirqs last disabled at (5134): [<0000000000c234e0>] _raw_spin_lock_irqsave+0x20/0x80
[    0.566867] softirqs last  enabled at (1496): [<0000000000c262a0>] __do_softirq+0x4e0/0x560
[    0.566896] softirqs last disabled at (1489): [<000000000042d394>] do_softirq_own_stack+0x34/0x60
[    0.566927] random: get_random_bytes called from __warn+0xc8/0x120 with crng_init=0
[    0.566932] ---[ end trace 6b14827969f607ca ]---
[    0.566970] possible reason: unannotated irqs-off.
[    0.566986] irq event stamp: 5135
[    0.567001] hardirqs last  enabled at (5135): [<0000000000c23728>] _raw_spin_unlock_irqrestore+0x28/0x60
[    0.567031] hardirqs last disabled at (5134): [<0000000000c234e0>] _raw_spin_lock_irqsave+0x20/0x80
[    0.567060] softirqs last  enabled at (1496): [<0000000000c262a0>] __do_softirq+0x4e0/0x560
[    0.567087] softirqs last disabled at (1489): [<000000000042d394>] do_softirq_own_stack+0x34/0x60
[    0.588786] smp: Brought up 1 node, 32 CPUs
[    0.591716] devtmpfs: initialized
[    0.593887] Performance events: 
[    0.593914] Testing NMI watchdog ... 
[    0.793976] OK.
[    0.794033] Supported PMU type is 'niagara5'
[    0.794509] ldc.c:v1.1 (July 22, 2008)
[    0.795855] clocksource: jiffies: mask: 0xffffffff max_cycles: 0xffffffff, max_idle_ns: 19112604462750000 ns
[    0.795906] futex hash table entries: 32768 (order: 9, 4194304 bytes, linear)
[    0.798510] NET: Registered protocol family 16
[    0.803399] VIO: Adding device channel-devices (tx_ino = ffffffffffffffff, rx_ino = ffffffffffffffff)
[    0.803504] VIO: Adding device vnet-port-0-0 (tx_ino = 0, rx_ino = 1)
[    0.803588] VIO: Adding device vnet-port-0-1 (tx_ino = 2, rx_ino = 3)
[    0.803671] VIO: Adding device vnet-port-0-2 (tx_ino = 4, rx_ino = 5)
[    0.803759] VIO: Adding device vnet-port-0-3 (tx_ino = 6, rx_ino = 7)
[    0.803846] VIO: Adding device vnet-port-0-4 (tx_ino = 8, rx_ino = 9)
[    0.803929] VIO: Adding device vnet-port-0-5 (tx_ino = a, rx_ino = b)
[    0.804024] VIO: Adding device vdc-port-2-0 (tx_ino = c, rx_ino = d)
[    0.804124] VIO: Adding device vdc-port-1-0 (tx_ino = e, rx_ino = f)
[    0.804209] VIO: Adding device vdc-port-0-0 (tx_ino = 10, rx_ino = 11)
[    0.804296] VIO: Adding device vdc-port-3-0 (tx_ino = 12, rx_ino = 13)
[    0.804379] VIO: Adding device vlds-port-0-0 (tx_ino = 14, rx_ino = 15)
[    0.804465] VIO: Adding device domain-services-port-0 (tx_ino = 14, rx_ino = 15)
[    0.804606] audit: initializing netlink subsys (disabled)
[    0.804771] audit: type=2000 audit(0.400:1): state=initialized audit_enabled=0 res=1
[    0.819858] HugeTLB registered 64.0 KiB page size, pre-allocated 0 pages
[    0.819884] HugeTLB registered 8.00 MiB page size, pre-allocated 0 pages
[    0.819907] HugeTLB registered 256 MiB page size, pre-allocated 0 pages
[    0.819931] HugeTLB registered 2.00 GiB page size, pre-allocated 0 pages
[    0.821010] alg: extra crypto tests enabled.  This is intended for developer use only.
[    0.841380] cryptd: max_cpu_qlen set to 1000
[    0.909168] vgaarb: loaded
[    0.909803] NetLabel: Initializing
[    0.909820] NetLabel:  domain hash size = 128
[    0.909837] NetLabel:  protocols = UNLABELED CIPSOv4 CALIPSO
[    0.909896] NetLabel:  unlabeled traffic allowed by default
[    0.910491] SUN4V: Reboot data supported (maj=1,min=0).
[    0.910680] ds.c:v1.0 (Jul 11, 2007)
[    0.910871] ds-0: ds_conn_reset() from send_events
[    0.911075] clocksource: Switched to clocksource stick
[    1.022100] VFS: Disk quotas dquot_6.6.0
[    1.022201] VFS: Dquot-cache hash table entries: 1024 (order 0, 8192 bytes)
[    1.023256] AppArmor: AppArmor Filesystem Enabled
[    1.029813] NET: Registered protocol family 2
[    1.030645] tcp_listen_portaddr_hash hash table entries: 32768 (order: 8, 2621440 bytes, linear)
[    1.031947] TCP established hash table entries: 524288 (order: 9, 4194304 bytes, linear)
[    1.034119] TCP bind hash table entries: 65536 (order: 9, 4718592 bytes, linear)
[    1.036314] TCP: Hash tables configured (established 524288 bind 65536)
[    1.037547] UDP hash table entries: 32768 (order: 9, 5242880 bytes, linear)
[    1.040240] UDP-Lite hash table entries: 32768 (order: 9, 5242880 bytes, linear)
[    1.044344] NET: Registered protocol family 1
[    1.044380] NET: Registered protocol family 44
[    1.044417] PCI: CLS 0 bytes, default 64
[    1.044618] Trying to unpack rootfs image as initramfs...
[    1.194289] Freeing initrd memory: 14800K
[    1.194814] aes_sparc64: Using sparc64 aes opcodes optimized AES implementation
[    1.431724] des_sparc64: Using sparc64 des opcodes optimized DES implementation
[    1.851602] camellia_sparc64: Using sparc64 camellia opcodes optimized CAMELLIA implementation
[    2.002814] workingset: timestamp_bits=41 max_order=23 bucket_order=0
[    2.011549] zbud: loaded
[    2.014201] SGI XFS with ACLs, security attributes, quota, fatal assert, debug enabled
[    2.040272] Block layer SCSI generic (bsg) driver version 0.4 loaded (major 252)
[    2.040811] io scheduler mq-deadline registered
[    2.042694] f029b788: ttyHV0 at I/O 0x0 (irq = 1, base_baud = 115200) is a SUN4V HCONS
[    2.043294] printk: console [ttyHV0] enabled
[    2.045516] sunvdc.c:v1.2 (November 24, 2014)
[    2.048725] sunvdc: Virtual Hard disk vdiskc
[    2.048745] sunvdc: vdiskc: 104857600 sectors (51200 MB) protocol 1.2
[    2.061168] sunvdc: Virtual Hard disk vdiskb
[    2.061190] sunvdc: vdiskb: 62914560 sectors (30720 MB) protocol 1.2
[    2.061910]  vdiskb: vdiskb1
[    2.073694] sunvdc: Virtual Hard disk vdiska
[    2.073715] sunvdc: vdiska: 31457280 sectors (15360 MB) protocol 1.2
[    2.074477]  vdiska: vdiska1 vdiska2 vdiska3 vdiska4
[    2.087013] sunvdc: Virtual CDROM vdiskd
[    2.087037] sunvdc: vdiskd: 453848 sectors (221 MB) protocol 1.2
[    2.087761]  vdiskd: vdiskd1 vdiskd2 vdiskd3 vdiskd4 vdiskd5 vdiskd6 vdiskd7
[    2.097971] sunvnet: sunvnet 2.0 (February 3, 2017)
[    2.099249] vnet_port vnet-port-0-0 eth0: Sun LDOM vnet 00:14:4f:f8:12:a3
[    2.099358] sunvnet: eth0: PORT ( remote-mac 00:14:4f:fa:f3:f0 switch-port )
[    2.099819] sunvnet: eth0: PORT ( remote-mac 00:14:4f:f8:e5:f3 )
[    2.100275] sunvnet: eth0: PORT ( remote-mac 00:14:4f:f9:b4:97 )
[    2.100736] sunvnet: eth0: PORT ( remote-mac 00:14:4f:f8:3f:1e )
[    2.101240] sunvnet: eth0: PORT ( remote-mac 00:14:4f:f8:fe:47 )
[    2.101703] sunvnet: eth0: PORT ( remote-mac 00:14:4f:fb:b5:00 )
[    2.102622] rtc-sun4v rtc-sun4v: registered as rtc0
[    2.102699] rtc-sun4v rtc-sun4v: setting system clock to 2020-10-12T14:32:03 UTC (1602513123)
[    2.102941] sun4v_wdt: initialized (timeout=60s, nowayout=0)
[    2.103181] device-mapper: uevent: version 1.0.3
[    2.103751] device-mapper: ioctl: 4.42.0-ioctl (2020-02-27) initialised: dm-devel@redhat.com
[    2.104354] NET: Registered protocol family 17
[    2.104562] registered taskstats version 1
[    2.105142] zswap: loaded using pool lzo/zbud
[    2.105976] AppArmor: AppArmor sha1 policy hashing enabled
[    2.108598] This architecture does not have kernel memory protection.
[    2.108630] Run /init as init process
[    2.108648]   with arguments:
[    2.108663]     /init
[    2.108677]   with environment:
[    2.108692]     HOME=/
[    2.108705]     TERM=linux
[    2.108719]     BOOT_IMAGE=/vmlinux-5.9.0-rc8-00240-g5b697f86f9f1
[    2.389050] random: fast init done
[    2.390590] random: lvm: uninitialized urandom read (4 bytes read)
[    2.402401] crc32c_sparc64: Using sparc64 crc32c opcode optimized CRC32C implementation
[    2.428928] random: lvm: uninitialized urandom read (2 bytes read)
[    2.961049] raid6: int64x8  gen()  2159 MB/s
[    3.131051] raid6: int64x8  xor()  1522 MB/s
[    3.301048] raid6: int64x4  gen()  3398 MB/s
[    3.471053] raid6: int64x4  xor()  1465 MB/s
[    3.641042] raid6: int64x2  gen()  2912 MB/s
[    3.811058] raid6: int64x2  xor()  1081 MB/s
[    3.981049] raid6: int64x1  gen()  1432 MB/s
[    4.151043] raid6: int64x1  xor()   712 MB/s
[    4.151065] raid6: using algorithm int64x4 gen() 3398 MB/s
[    4.151086] raid6: .... xor() 1465 MB/s, rmw enabled
[    4.151106] raid6: using intx1 recovery algorithm
[    4.151670] async_tx: api initialized (async)
[    4.151981] xor: automatically using best checksumming function   Niagara   
[    4.382072] EXT4-fs (vdiska2): mounted filesystem with ordered data mode. Opts: (null)
[    4.518966] systemd[1]: Inserted module 'autofs4'
[    4.525922] NET: Registered protocol family 10
[    4.530117] Segment Routing with IPv6
[    4.541744] systemd[1]: systemd 246.6-1 running in system mode. (+PAM +AUDIT +SELINUX +IMA +APPARMOR +SMACK +SYSVINIT +UTMP +LIBCRYPTSETUP +GCRYPT +GNUTLS +ACL +XZ +LZ4 +ZSTD -SECCOMP +BLKID +ELFUTILS +KMOD +IDN2 -IDN +PCRE2 default-hierarchy=hybrid)
[    4.542163] systemd[1]: Detected architecture sparc64.
[    4.635029] systemd[1]: Set hostname to <ttip>.
[    4.701748] random: lvmconfig: uninitialized urandom read (4 bytes read)
[    4.951159] systemd[1]: Queued start job for default target Multi-User System.
[    4.952017] random: systemd: uninitialized urandom read (16 bytes read)
[    4.977973] systemd[1]: Created slice system-getty.slice.
[    4.978415] random: systemd: uninitialized urandom read (16 bytes read)
[    4.987192] systemd[1]: Created slice system-modprobe.slice.
[    4.995933] systemd[1]: Created slice system-openvpn\x2dclient.slice.
[    5.015266] systemd[1]: Created slice system-postfix.slice.
[    5.024088] systemd[1]: Created slice system-systemd\x2dfsck.slice.
[    5.033003] systemd[1]: Created slice User and Session Slice.
[    5.033564] systemd[1]: Started Dispatch Password Requests to Console Directory Watch.
[    5.034060] systemd[1]: Started Forward Password Requests to Wall Directory Watch.
[    5.035687] systemd[1]: Set up automount Arbitrary Executable File Formats File System Automount Point.
[    5.036070] systemd[1]: Reached target Local Encrypted Volumes.
[    5.036414] systemd[1]: Reached target Paths.
[    5.036711] systemd[1]: Reached target Slices.
[    5.037277] systemd[1]: Listening on Device-mapper event daemon FIFOs.
[    5.037955] systemd[1]: Listening on LVM2 poll daemon socket.
[    5.064712] systemd[1]: Listening on RPCbind Server Activation Socket.
[    5.065512] systemd[1]: Listening on Syslog Socket.
[    5.066173] systemd[1]: Listening on fsck to fsckd communication Socket.
[    5.066637] systemd[1]: Listening on initctl Compatibility Named Pipe.
[    5.067399] systemd[1]: Listening on Journal Audit Socket.
[    5.067999] systemd[1]: Listening on Journal Socket (/dev/log).
[    5.068740] systemd[1]: Listening on Journal Socket.
[    5.069466] systemd[1]: Listening on udev Control Socket.
[    5.070032] systemd[1]: Listening on udev Kernel Socket.
[    5.081562] systemd[1]: Mounting Huge Pages File System...
[    5.093331] systemd[1]: Mounting POSIX Message Queue File System...
[    5.124035] systemd[1]: Mounting RPC Pipe File System...
[    5.136212] systemd[1]: Mounting Kernel Debug File System...
[    5.148232] systemd[1]: Mounting Kernel Trace File System...
[    5.148799] systemd[1]: Condition check resulted in Kernel Module supporting RPCSEC_GSS being skipped.
[    5.149552] systemd[1]: Finished Availability of block devices.
[    5.161545] systemd[1]: Starting Wait for network to be configured by ifupdown...
[    5.166125] RPC: Registered named UNIX socket transport module.
[    5.166151] RPC: Registered udp transport module.
[    5.166171] RPC: Registered tcp transport module.
[    5.166190] RPC: Registered tcp NFSv4.1 backchannel transport module.
[    5.173588] systemd[1]: Starting Create list of static device nodes for the current kernel...
[    5.184978] systemd[1]: Starting Monitoring of LVM2 mirrors, snapshots etc. using dmeventd or progress polling...
[    5.197096] systemd[1]: Starting Load Kernel Module drm...
[    5.208583] systemd[1]: Starting nftables...
[    5.209955] systemd[1]: Condition check resulted in Set Up Additional Binary Formats being skipped.
[    5.210122] systemd[1]: Condition check resulted in File System Check on Root Device being skipped.
[    5.223869] systemd[1]: Starting Journal Service...
[    5.236883] systemd[1]: Starting Load Kernel Modules...
[    5.251543] systemd[1]: Starting Remount Root and Kernel File Systems...
[    5.265208] systemd[1]: Starting Coldplug All udev Devices...
[    5.273955] systemd[1]: Mounted Huge Pages File System.
[    5.275219] systemd[1]: Mounted POSIX Message Queue File System.
[    5.276293] systemd[1]: Mounted RPC Pipe File System.
[    5.277379] systemd[1]: Mounted Kernel Debug File System.
[    5.278486] systemd[1]: Mounted Kernel Trace File System.
[    5.282631] systemd[1]: Finished Wait for network to be configured by ifupdown.
[    5.286824] systemd[1]: Finished Create list of static device nodes for the current kernel.
[    5.288788] systemd[1]: modprobe@drm.service: Succeeded.
[    5.291640] systemd[1]: Finished Load Kernel Module drm.
[    5.292864] EXT4-fs (vdiska2): re-mounted. Opts: errors=remount-ro
[    5.301400] systemd[1]: Finished Load Kernel Modules.
[    5.302169] systemd[1]: Started Journal Service.
[    5.657436] sha1_sparc64: Using sparc64 sha1 opcode optimized SHA-1 implementation
[    5.659327] n2rng v0.3 (Jan 7, 2017)
[    5.659384] n2rng f029b104: Registered RNG HVAPI major 2 minor 0
[    5.659420] n2rng f029b104: Found multi-unit-capable RNG, units: 2
[    5.659923] n2rng f029b104: RNG ready
[    5.674777] pktcdvd: setup of pktcdvd device failed
[    5.707977] pktcdvd: setup of pktcdvd device failed
[    5.712175] pktcdvd: setup of pktcdvd device failed
[    5.715279] pktcdvd: setup of pktcdvd device failed
[    5.718516] pktcdvd: setup of pktcdvd device failed
[    5.721215] pktcdvd: setup of pktcdvd device failed
[    5.724105] pktcdvd: setup of pktcdvd device failed
[    5.727002] pktcdvd: setup of pktcdvd device failed
[    5.850845] sha256_sparc64: Using sparc64 sha256 opcode optimized SHA-256/SHA-224 implementation
[    5.851473] Adding 787176k swap on /dev/vdiska4.  Priority:-2 extents:1 across:787176k FS
[    5.916147] EXT4-fs (vdiska1): mounting ext3 file system using the ext4 subsystem
[    5.916709] XFS (dm-0): Mounting V5 Filesystem
[    5.925854] EXT4-fs (vdiska1): mounted filesystem with ordered data mode. Opts: (null)
[    5.925995] ext3 filesystem being mounted at /boot supports timestamps until 2038 (0x7fffffff)
[    5.975721] sha512_sparc64: Using sparc64 sha512 opcode optimized SHA-512/SHA-384 implementation
[    5.976701] md5_sparc64: Using sparc64 md5 opcode optimized MD5 implementation
[    8.734507] XFS (dm-0): Ending clean mount
[    8.736376] xfs filesystem being mounted at /1 supports timestamps until 2038 (0x7fffffff)
[    8.819049] Kernel unaligned access at TPC[8d5d5c] aa_dfa_unpack+0x3c/0x640
[    8.819105] Kernel unaligned access at TPC[8d5d70] aa_dfa_unpack+0x50/0x640
[    8.819143] Kernel unaligned access at TPC[8d5e34] aa_dfa_unpack+0x114/0x640
[    8.819181] Kernel unaligned access at TPC[8d5f04] aa_dfa_unpack+0x1e4/0x640
[    8.819219] Kernel unaligned access at TPC[8d5f18] aa_dfa_unpack+0x1f8/0x640
[    8.820737] audit: type=1400 audit(1602513130.200:2): apparmor="STATUS" operation="profile_load" profile="unconfined" name="/usr/sbin/haveged" pid=659 comm="apparmor_parser"
[    8.822496] audit: type=1400 audit(1602513130.210:3): apparmor="STATUS" operation="profile_load" profile="unconfined" name="lsb_release" pid=666 comm="apparmor_parser"
[    8.825894] audit: type=1400 audit(1602513130.210:4): apparmor="STATUS" operation="profile_load" profile="unconfined" name="named" pid=665 comm="apparmor_parser"
[    8.828512] audit: type=1400 audit(1602513130.210:5): apparmor="STATUS" operation="profile_load" profile="unconfined" name="nvidia_modprobe" pid=661 comm="apparmor_parser"
[    8.828586] audit: type=1400 audit(1602513130.210:6): apparmor="STATUS" operation="profile_load" profile="unconfined" name="nvidia_modprobe//kmod" pid=661 comm="apparmor_parser"
[    8.830791] audit: type=1400 audit(1602513130.210:7): apparmor="STATUS" operation="profile_load" profile="unconfined" name="tcpdump" pid=663 comm="apparmor_parser"
[    8.842524] audit: type=1400 audit(1602513130.230:8): apparmor="STATUS" operation="profile_load" profile="unconfined" name="/usr/bin/man" pid=662 comm="apparmor_parser"
[    8.842602] audit: type=1400 audit(1602513130.230:9): apparmor="STATUS" operation="profile_load" profile="unconfined" name="man_filter" pid=662 comm="apparmor_parser"
[    8.842675] audit: type=1400 audit(1602513130.230:10): apparmor="STATUS" operation="profile_load" profile="unconfined" name="man_groff" pid=662 comm="apparmor_parser"
[    8.861234] random: crng init done
[    8.861260] random: 5 urandom warning(s) missed due to ratelimiting
