[    0.000020] PROMLIB: Sun IEEE Boot Prom 'OBP 4.38.12 2018/03/28 14:54'
[    0.000032] PROMLIB: Root node compatible: sun4v
[    0.000079] Linux version 5.2.0-rc5-01884-g3729fe2bc2a0 (mator@ttip) (gcc version 8.3.0 (Debian 8.3.0-19)) #1088 SMP Wed Jul 17 17:31:32 MSK 2019
[    0.000403] printk: bootconsole [earlyprom0] enabled
[    0.000456] ARCH: SUN4V
[    0.000510] Ethernet address: 00:14:4f:fa:06:f2
[    0.000563] MM: PAGE_OFFSET is 0xfff8000000000000 (max_phys_bits == 47)
[    0.000630] MM: VMALLOC [0x0000000100000000 --> 0x0006000000000000]
[    0.000693] MM: VMEMMAP [0x0006000000000000 --> 0x000c000000000000]
[    0.012910] Kernel: Using 5 locked TLB entries for main kernel image.
[    0.012998] Remapping the kernel... 
[    0.013023] done.
[    0.049376] OF stdout device is: /virtual-devices@100/console@1
[    0.049459] PROM: Built device tree with 86230 bytes of memory.
[    0.049527] MDESC: Size is 36560 bytes.
[    0.049652] PLATFORM: banner-name [SPARC T5-2]
[    0.049705] PLATFORM: name [ORCL,SPARC-T5-2]
[    0.049751] PLATFORM: hostid [84fa06f2]
[    0.049794] PLATFORM: serial# [0035260e]
[    0.049836] PLATFORM: stick-frequency [3b9aca00]
[    0.049884] PLATFORM: mac-address [144ffa06f2]
[    0.049929] PLATFORM: watchdog-resolution [1000 ms]
[    0.049980] PLATFORM: watchdog-max-timeout [31536000000 ms]
[    0.050034] PLATFORM: max-cpus [1024]
[    0.050148] Top of RAM: 0x24af938000, Total RAM: 0x87f354000
[    0.050211] Memory hole size: 115461MB
[    0.055034] Allocated 40960 bytes for kernel page tables.
[    0.055154] Zone ranges:
[    0.055199]   Normal   [mem 0x0000000030400000-0x00000024af937fff]
[    0.055264] Movable zone start for each node
[    0.056331] Early memory node ranges
[    0.056381]   node   0: [mem 0x0000000030400000-0x000000006fe7ffff]
[    0.056445]   node   0: [mem 0x000000006ff00000-0x000000006ff25fff]
[    0.056509]   node   0: [mem 0x0000000070000000-0x000000042fffffff]
[    0.056572]   node   0: [mem 0x0000002030000000-0x00000024af87ffff]
[    0.056630]   node   0: [mem 0x00000024af900000-0x00000024af925fff]
[    0.056690]   node   0: [mem 0x00000024af930000-0x00000024af937fff]
[    0.064132] Zeroed struct page in unavailable ranges: 230130 pages
[    0.064140] Initmem setup node 0 [mem 0x0000000030400000-0x00000024af937fff]
[    0.064298] On node 0 totalpages: 4454826
[    0.064308]   Normal zone: 39154 pages used for memmap
[    0.064313]   Normal zone: 0 pages reserved
[    0.064319]   Normal zone: 4454826 pages, LIFO batch:31
[    0.262340] Booting Linux...
[    0.262428] CPU CAPS: [flush,stbar,swap,muldiv,v9,blkinit,n2,mul32]
[    0.262510] CPU CAPS: [div32,v8plus,popc,vis,vis2,ASIBlkInit,fmaf,vis3]
[    0.263610] CPU CAPS: [hpc,ima,pause,cbcond,aes,des,kasumi,camellia]
[    0.263705] CPU CAPS: [md5,sha1,sha256,sha512,mpmul,montmul,montsqr,crc32c]
[    0.324792] percpu: Embedded 27 pages/cpu s179528 r8192 d33464 u262144
[    0.325056] pcpu-alloc: s179528 r8192 d33464 u262144 alloc=1*4194304
[    0.325063] pcpu-alloc: [0] 000 001 002 003 004 005 006 007 008 009 010 011 012 013 014 015 
[    0.325089] pcpu-alloc: [0] 016 017 018 019 020 021 022 023 024 025 026 027 028 029 030 031 
[    0.325116] pcpu-alloc: [0] 032 033 034 035 036 037 038 039 040 041 042 043 044 045 046 047 
[    0.325142] pcpu-alloc: [0] 048 049 050 051 052 053 054 055 056 057 058 059 060 061 062 063 
[    0.325168] pcpu-alloc: [0] 064 065 066 067 068 069 070 071 072 073 074 075 076 077 078 079 
[    0.325194] pcpu-alloc: [0] 080 081 082 083 084 085 086 087 088 089 090 091 092 093 094 095 
[    0.325220] pcpu-alloc: [0] 096 097 098 099 100 101 102 103 104 105 106 107 108 109 110 111 
[    0.325246] pcpu-alloc: [0] 112 113 114 115 116 117 118 119 120 121 122 123 124 125 126 127 
[    0.325272] pcpu-alloc: [0] 128 129 130 131 132 133 134 135 136 137 138 139 140 141 142 143 
[    0.325298] pcpu-alloc: [0] 144 145 146 147 148 149 150 151 152 153 154 155 156 157 158 159 
[    0.325325] pcpu-alloc: [0] 160 161 162 163 164 165 166 167 168 169 170 171 172 173 174 175 
[    0.325351] pcpu-alloc: [0] 176 177 178 179 180 181 182 183 184 185 186 187 188 189 190 191 
[    0.325377] pcpu-alloc: [0] 192 193 194 195 196 197 198 199 200 201 202 203 204 205 206 207 
[    0.325404] pcpu-alloc: [0] 208 209 210 211 212 213 214 215 216 217 218 219 220 221 222 223 
[    0.325430] pcpu-alloc: [0] 224 225 226 227 228 229 230 231 232 233 234 235 236 237 238 239 
[    0.325457] pcpu-alloc: [0] 240 241 242 243 244 245 246 247 248 249 250 251 252 253 254 255 
[    0.325963] SUN4V: Mondo queue sizes [cpu(131072) dev(16384) r(8192) nr(256)]
[    0.326361] Built 1 zonelists, mobility grouping on.  Total pages: 4415672
[    0.326459] Kernel command line: BOOT_IMAGE=/vmlinux-5.2.0-rc5-01884-g3729fe2bc2a0 root=/dev/vdiska2 ro zswap.enabled=1
[    0.328593] printk: log_buf_len individual max cpu contribution: 4096 bytes
[    0.328691] printk: log_buf_len total cpu_extra contributions: 1044480 bytes
[    0.328760] printk: log_buf_len min size: 131072 bytes
[    0.329151] printk: log_buf_len: 2097152 bytes
[    0.329202] printk: early log buf free: 125880(96%)
[    0.335932] Dentry cache hash table entries: 8388608 (order: 13, 67108864 bytes)
[    0.339419] Inode-cache hash table entries: 4194304 (order: 12, 33554432 bytes)
[    0.339527] Sorting __ex_table...
[    0.418815] Memory: 35102384K/35638608K available (6736K kernel code, 956K rwdata, 2024K rodata, 976K init, 6716K bss, 536224K reserved, 0K cma-reserved)
[    0.419794] kmemleak: Kernel memory leak detector disabled
[    0.420400] ftrace: allocating 19671 entries in 39 pages
[    0.435036] Running RCU self tests
[    0.435114] rcu: Hierarchical RCU implementation.
[    0.435167] rcu: 	RCU event tracing is enabled.
[    0.435218] rcu: 	RCU lockdep checking is enabled.
[    0.435267] 	Tasks RCU enabled.
[    0.436337] rcu: RCU calculated value of scheduler-enlistment delay is 11 jiffies.
[    0.443534] NR_IRQS: 2048, nr_irqs: 2048, preallocated irqs: 1
[    0.443665] SUN4V: Using IRQ API major 3, cookie only virqs enabled
[    0.448209] clocksource: stick: mask: 0xffffffffffffffff max_cycles: 0x1cd42e4dffb, max_idle_ns: 881590591483 ns
[    0.448342] clocksource: mult[800000] shift[23]
[    0.448390] clockevent: mult[80000000] shift[31]
[    0.452317] Console: colour dummy device 80x25
[    0.452406] printk: console [tty0] enabled
[    0.452487] printk: bootconsole [earlyprom0] disabled
[    0.452573] Lock dependency validator: Copyright (c) 2006 Red Hat, Inc., Ingo Molnar
[    0.452621] ... MAX_LOCKDEP_SUBCLASSES:  8
[    0.452650] ... MAX_LOCK_DEPTH:          48
[    0.452678] ... MAX_LOCKDEP_KEYS:        8191
[    0.452708] ... CLASSHASH_SIZE:          4096
[    0.452738] ... MAX_LOCKDEP_ENTRIES:     16384
[    0.452768] ... MAX_LOCKDEP_CHAINS:      32768
[    0.452798] ... CHAINHASH_SIZE:          16384
[    0.452827]  memory used by lock dependency info: 3853 kB
[    0.452862]  per task-struct memory footprint: 1920 bytes
[    0.453090] kmemleak: Early log buffer exceeded (4999), please increase DEBUG_KMEMLEAK_EARLY_LOG_SIZE
[    0.599108] Calibrating delay using timer specific routine.. 2017.79 BogoMIPS (lpj=10088983)
[    0.599175] pid_max: default: 262144 minimum: 2048
[    0.600814] Mount-cache hash table entries: 131072 (order: 7, 1048576 bytes)
[    0.600976] Mountpoint-cache hash table entries: 131072 (order: 7, 1048576 bytes)
[    0.602431] *** VALIDATE proc ***
[    0.603197] *** VALIDATE cgroup1 ***
[    0.603227] *** VALIDATE cgroup2 ***
[    0.606014] rcu: Hierarchical SRCU implementation.
[    0.628447] smp: Bringing up secondary CPUs ...
[    0.708696] smp: Brought up 1 node, 32 CPUs
[    0.715981] devtmpfs: initialized
[    0.722330] Performance events: 
[    0.722385] Testing NMI watchdog ... 
[    0.922499] OK.
[    0.922676] Supported PMU type is 'niagara5'
[    0.922998] random: get_random_u32 called from bucket_table_alloc.isra.4+0x184/0x1c0 with crng_init=0
[    0.923855] ldc.c:v1.1 (July 22, 2008)
[    0.926822] clocksource: jiffies: mask: 0xffffffff max_cycles: 0xffffffff, max_idle_ns: 19112604462750000 ns
[    0.926924] futex hash table entries: 65536 (order: 10, 8388608 bytes)
[    0.936693] NET: Registered protocol family 16
[    0.946515] VIO: Adding device channel-devices (tx_ino = ffffffffffffffff, rx_ino = ffffffffffffffff)
[    0.946782] VIO: Adding device vnet-port-0-0 (tx_ino = 0, rx_ino = 1)
[    0.946997] VIO: Adding device vnet-port-0-1 (tx_ino = 2, rx_ino = 3)
[    0.947182] VIO: Adding device vnet-port-0-2 (tx_ino = 4, rx_ino = 5)
[    0.947377] VIO: Adding device vnet-port-0-3 (tx_ino = 6, rx_ino = 7)
[    0.947559] VIO: Adding device vnet-port-0-4 (tx_ino = 8, rx_ino = 9)
[    0.947739] VIO: Adding device vnet-port-0-5 (tx_ino = 16, rx_ino = 17)
[    0.947928] VIO: Adding device vdc-port-3-0 (tx_ino = a, rx_ino = b)
[    0.948120] VIO: Adding device vdc-port-2-0 (tx_ino = c, rx_ino = d)
[    0.948305] VIO: Adding device vdc-port-1-0 (tx_ino = e, rx_ino = f)
[    0.948487] VIO: Adding device vdc-port-0-0 (tx_ino = 10, rx_ino = 11)
[    0.948677] VIO: Adding device vlds-port-0-0 (tx_ino = 12, rx_ino = 13)
[    0.948885] VIO: Adding device domain-services-port-0 (tx_ino = 12, rx_ino = 13)
[    0.949308] audit: initializing netlink subsys (disabled)
[    0.949727] audit: type=2000 audit(0.490:1): state=initialized audit_enabled=0 res=1
[    0.995076] HugeTLB registered 64.0 KiB page size, pre-allocated 0 pages
[    0.995131] HugeTLB registered 8.00 MiB page size, pre-allocated 0 pages
[    0.995176] HugeTLB registered 256 MiB page size, pre-allocated 0 pages
[    0.995220] HugeTLB registered 2.00 GiB page size, pre-allocated 0 pages
[    1.044142] alg: No test for lzo-rle (lzo-rle-generic)
[    1.044763] alg: No test for lzo-rle (lzo-rle-scomp)
[    1.060896] SUN4V: Reboot data supported (maj=1,min=0).
[    1.061352] ds.c:v1.0 (Jul 11, 2007)
[    1.061786] ds-0: ds_conn_reset() from send_events.isra.3
[    1.063271] clocksource: Switched to clocksource stick
[    1.339937] VFS: Disk quotas dquot_6.6.0
[    1.340426] VFS: Dquot-cache hash table entries: 1024 (order 0, 8192 bytes)
[    1.341055] *** VALIDATE hugetlbfs ***
[    1.360322] NET: Registered protocol family 2
[    1.363528] tcp_listen_portaddr_hash hash table entries: 32768 (order: 8, 2359296 bytes)
[    1.366871] TCP established hash table entries: 524288 (order: 9, 4194304 bytes)
[    1.368940] TCP bind hash table entries: 65536 (order: 9, 4194304 bytes)
[    1.375179] TCP: Hash tables configured (established 524288 bind 65536)
[    1.382539] UDP hash table entries: 32768 (order: 9, 5242880 bytes)
[    1.389828] UDP-Lite hash table entries: 32768 (order: 9, 5242880 bytes)
[    1.404096] NET: Registered protocol family 1
[    1.405175] Trying to unpack rootfs image as initramfs...
[    1.725872] Freeing initrd memory: 10416K
[    1.762982] workingset: timestamp_bits=46 max_order=23 bucket_order=0
[    1.769467] SGI XFS with ACLs, security attributes, debug enabled
[    1.793806] Block layer SCSI generic (bsg) driver version 0.4 loaded (major 252)
[    1.795669] io scheduler mq-deadline registered
[    1.797903] f029b788: ttyS0 at I/O 0x0 (irq = 1, base_baud = 115200) is a SUN4V HCONS
[    1.803814] printk: console [ttyHV0] enabled
[    1.808317] sunvdc.c:v1.2 (November 24, 2014)
[    1.816378] sunvdc: Virtual CDROM vdiskd
[    1.816451] sunvdc: vdiskd: 403160 sectors (196 MB) protocol 1.2
[    1.818113]  vdiskd: vdiskd1 vdiskd2 vdiskd3 vdiskd4 vdiskd5 vdiskd6 vdiskd7
[    1.874955] sunvdc: Virtual Hard disk vdiskc
[    1.875011] sunvdc: vdiskc: 104857600 sectors (51200 MB) protocol 1.2
[    1.927107] sunvdc: Virtual Hard disk vdiskb
[    1.927161] sunvdc: vdiskb: 62914560 sectors (30720 MB) protocol 1.2
[    1.929024]  vdiskb: vdiskb1
[    1.980732] sunvdc: Virtual Hard disk vdiska
[    1.980785] sunvdc: vdiska: 31457280 sectors (15360 MB) protocol 1.2
[    1.981753]  vdiska: vdiska1 vdiska2 vdiska3 vdiska4
[    2.027303] sunvnet: sunvnet 2.0 (February 3, 2017)
[    2.030892] vnet_port vnet-port-0-0 eth0: Sun LDOM vnet 00:14:4f:f8:12:a3
[    2.031532] sunvnet: eth0: PORT ( remote-mac 00:14:4f:fa:f3:f0 switch-port )
[    2.032932] sunvnet: eth0: PORT ( remote-mac 00:14:4f:f8:e5:f3 )
[    2.034320] sunvnet: eth0: PORT ( remote-mac 00:14:4f:f9:b4:97 )
[    2.035706] sunvnet: eth0: PORT ( remote-mac 00:14:4f:f9:8b:83 )
[    2.037022] sunvnet: eth0: PORT ( remote-mac 00:14:4f:f8:3f:1e )
[    2.038307] sunvnet: eth0: PORT ( remote-mac 00:14:4f:f8:fe:47 )
[    2.039991] rtc-sun4v rtc-sun4v: registered as rtc0
[    2.040469] device-mapper: uevent: version 1.0.3
[    2.041693] device-mapper: ioctl: 4.40.0-ioctl (2019-01-18) initialised: dm-devel@redhat.com
[    2.043464] NET: Registered protocol family 17
[    2.054309] zswap: default zpool zbud not available
[    2.054394] zswap: pool creation failed
[    2.105656] Key type big_key registered
[    2.106599] rtc-sun4v rtc-sun4v: setting system clock to 2019-07-17T14:40:04 UTC (1563374404)
[    2.110972] This architecture does not have kernel memory protection.
[    2.111038] Run /init as init process
[    3.021185] crc32c_sparc64: Using sparc64 crc32c opcode optimized CRC32C implementation
[    3.048341] random: fast init done
[    3.503227] raid6: int64x8  gen()  2077 MB/s
[    3.673240] raid6: int64x8  xor()  1549 MB/s
[    3.843233] raid6: int64x4  gen()  3321 MB/s
[    4.013233] raid6: int64x4  xor()  1940 MB/s
[    4.183243] raid6: int64x2  gen()  2815 MB/s
[    4.353234] raid6: int64x2  xor()  1961 MB/s
[    4.523221] raid6: int64x1  gen()  2633 MB/s
[    4.693219] raid6: int64x1  xor()  1605 MB/s
[    4.693270] raid6: using algorithm int64x4 gen() 3321 MB/s
[    4.693309] raid6: .... xor() 1940 MB/s, rmw enabled
[    4.693345] raid6: using intx1 recovery algorithm
[    4.694325] async_tx: api initialized (async)
[    4.694982] xor: automatically using best checksumming function   Niagara   
[    4.907186] EXT4-fs (vdiska2): mounted filesystem with ordered data mode. Opts: (null)
[    5.172317] systemd[1]: Inserted module 'autofs4'
[    5.183593] NET: Registered protocol family 10
[    5.196724] Segment Routing with IPv6
[    5.226968] systemd[1]: systemd 241 running in system mode. (+PAM +AUDIT +SELINUX +IMA +APPARMOR +SMACK +SYSVINIT +UTMP +LIBCRYPTSETUP +GCRYPT +GNUTLS +ACL +XZ +LZ4 -SECCOMP +BLKID +ELFUTILS +KMOD -IDN2 +IDN +PCRE2 default-hierarchy=hybrid)
[    5.227586] systemd[1]: Detected architecture sparc64.
[    5.245286] systemd[1]: Set hostname to <ttip>.
[    5.250724] systemd[1]: Failed to bump fs.file-max, ignoring: Invalid argument
[    5.378182] random: lvmconfig: uninitialized urandom read (4 bytes read)
[    5.661917] systemd[1]: /lib/systemd/system/smbd.service:9: PIDFile= references path below legacy directory /var/run/, updating /var/run/samba/smbd.pid → /run/samba/smbd.pid; please update the unit file accordingly.
[    5.662604] systemd[1]: /lib/systemd/system/nmbd.service:9: PIDFile= references path below legacy directory /var/run/, updating /var/run/samba/nmbd.pid → /run/samba/nmbd.pid; please update the unit file accordingly.
[    5.699846] random: systemd: uninitialized urandom read (16 bytes read)
[    5.707363] random: systemd: uninitialized urandom read (16 bytes read)
[    5.708103] systemd[1]: Listening on Journal Audit Socket.
[    5.709731] systemd[1]: Started Dispatch Password Requests to Console Directory Watch.
[    5.711260] systemd[1]: Listening on Journal Socket.
[    5.712525] systemd[1]: Listening on fsck to fsckd communication Socket.
[    5.967156] EXT4-fs (vdiska2): re-mounted. Opts: errors=remount-ro
[    6.148669] systemd-journald[458]: Received request to flush runtime journal from PID 1
[    6.809632] sha1_sparc64: Using sparc64 sha1 opcode optimized SHA-1 implementation
[    6.839514] sha256_sparc64: Using sparc64 sha256 opcode optimized SHA-256/SHA-224 implementation
[    6.844904] n2rng v0.3 (Jan 7, 2017)
[    6.844999] n2rng f029b104: Registered RNG HVAPI major 2 minor 0
[    6.845071] n2rng f029b104: Found multi-unit-capable RNG, units: 2
[    6.846121] n2rng f029b104: RNG ready
[    6.863929] sha512_sparc64: Using sparc64 sha512 opcode optimized SHA-512/SHA-384 implementation
[    6.865677] md5_sparc64: Using sparc64 md5 opcode optimized MD5 implementation
[    6.878219] aes_sparc64: Using sparc64 aes opcodes optimized AES implementation
[    6.941813] des_sparc64: Using sparc64 des opcodes optimized DES implementation
[    7.004951] camellia_sparc64: Using sparc64 camellia opcodes optimized CAMELLIA implementation
[    8.148081] XFS (dm-0): Mounting V5 Filesystem
[    8.167523] XFS (dm-0): Ending clean mount
[   10.119157] Adding 787176k swap on /dev/vdiska4.  Priority:-2 extents:1 across:787176k FS
[   10.210519] EXT4-fs (vdiska1): mounting ext3 file system using the ext4 subsystem
[   10.227711] EXT4-fs (vdiska1): mounted filesystem with ordered data mode. Opts: (null)
[   10.976123] random: crng init done
[   10.976187] random: 7 urandom warning(s) missed due to ratelimiting
