[    0.000018] PROMLIB: Sun IEEE Boot Prom 'OBP 4.38.12 2018/03/28 14:54'
[    0.000031] PROMLIB: Root node compatible: sun4v
[    0.000082] Linux version 5.5.0-11386-gfdfa3a6778b1 (mator@ttip) (gcc version 9.2.1 20200203 (Debian 9.2.1-28)) #17 SMP Sun Feb 9 18:02:46 MSK 2020
[    0.000397] printk: bootconsole [earlyprom0] enabled
[    0.000451] ARCH: SUN4V
[    0.000501] Ethernet address: 00:14:4f:fa:06:f2
[    0.000554] MM: PAGE_OFFSET is 0xfff8000000000000 (max_phys_bits == 47)
[    0.000619] MM: VMALLOC [0x0000000100000000 --> 0x0006000000000000]
[    0.000680] MM: VMEMMAP [0x0006000000000000 --> 0x000c000000000000]
[    0.012916] Kernel: Using 5 locked TLB entries for main kernel image.
[    0.012984] Remapping the kernel... 
[    0.013011] done.
[    0.046500] OF stdout device is: /virtual-devices@100/console@1
[    0.046563] PROM: Built device tree with 88003 bytes of memory.
[    0.046624] MDESC: Size is 36960 bytes.
[    0.046739] PLATFORM: banner-name [SPARC T5-2]
[    0.046789] PLATFORM: name [ORCL,SPARC-T5-2]
[    0.046836] PLATFORM: hostid [84fa06f2]
[    0.046878] PLATFORM: serial# [0035260e]
[    0.046921] PLATFORM: stick-frequency [3b9aca00]
[    0.046969] PLATFORM: mac-address [144ffa06f2]
[    0.047016] PLATFORM: watchdog-resolution [1000 ms]
[    0.047067] PLATFORM: watchdog-max-timeout [31536000000 ms]
[    0.047123] PLATFORM: max-cpus [1024]
[    0.047212] Top of RAM: 0x24af938000, Total RAM: 0x87f354000
[    0.047275] Memory hole size: 115461MB
[    0.051926] Allocated 40960 bytes for kernel page tables.
[    0.052013] Zone ranges:
[    0.052053]   Normal   [mem 0x0000000030400000-0x00000024af937fff]
[    0.052116] Movable zone start for each node
[    0.052163] Early memory node ranges
[    0.052204]   node   0: [mem 0x0000000030400000-0x000000006fe7ffff]
[    0.052268]   node   0: [mem 0x000000006ff00000-0x000000006ff25fff]
[    0.052330]   node   0: [mem 0x0000000070000000-0x000000042fffffff]
[    0.052394]   node   0: [mem 0x0000002030000000-0x00000024af87ffff]
[    0.052455]   node   0: [mem 0x00000024af900000-0x00000024af925fff]
[    0.052516]   node   0: [mem 0x00000024af930000-0x00000024af937fff]
[    0.064101] Zeroed struct page in unavailable ranges: 263766 pages
[    0.064109] Initmem setup node 0 [mem 0x0000000030400000-0x00000024af937fff]
[    0.064268] On node 0 totalpages: 4454826
[    0.064277]   Normal zone: 39154 pages used for memmap
[    0.064283]   Normal zone: 0 pages reserved
[    0.064289]   Normal zone: 4454826 pages, LIFO batch:31
[    0.075394] Booting Linux...
[    0.075477] CPU CAPS: [flush,stbar,swap,muldiv,v9,blkinit,n2,mul32]
[    0.075559] CPU CAPS: [div32,v8plus,popc,vis,vis2,ASIBlkInit,fmaf,vis3]
[    0.075635] CPU CAPS: [hpc,ima,pause,cbcond,aes,des,kasumi,camellia]
[    0.075709] CPU CAPS: [md5,sha1,sha256,sha512,mpmul,montmul,montsqr,crc32c]
[    0.105624] percpu: Embedded 27 pages/cpu s182344 r8192 d30648 u262144
[    0.105852] pcpu-alloc: s182344 r8192 d30648 u262144 alloc=1*4194304
[    0.105859] pcpu-alloc: [0] 000 001 002 003 004 005 006 007 008 009 010 011 012 013 014 015 
[    0.105887] pcpu-alloc: [0] 016 017 018 019 020 021 022 023 024 025 026 027 028 029 030 031 
[    0.105914] pcpu-alloc: [0] 032 033 034 035 036 037 038 039 040 041 042 043 044 045 046 047 
[    0.105941] pcpu-alloc: [0] 048 049 050 051 052 053 054 055 056 057 058 059 060 061 062 063 
[    0.105968] pcpu-alloc: [0] 064 065 066 067 068 069 070 071 072 073 074 075 076 077 078 079 
[    0.105995] pcpu-alloc: [0] 080 081 082 083 084 085 086 087 088 089 090 091 092 093 094 095 
[    0.106022] pcpu-alloc: [0] 096 097 098 099 100 101 102 103 104 105 106 107 108 109 110 111 
[    0.106049] pcpu-alloc: [0] 112 113 114 115 116 117 118 119 120 121 122 123 124 125 126 127 
[    0.106586] SUN4V: Mondo queue sizes [cpu(131072) dev(16384) r(8192) nr(256)]
[    0.106966] Built 1 zonelists, mobility grouping on.  Total pages: 4415672
[    0.107054] Kernel command line: BOOT_IMAGE=/vmlinux-5.5.0-11386-gfdfa3a6778b1 root=/dev/vdiska2 ro zswap.enabled=1
[    0.109457] printk: log_buf_len individual max cpu contribution: 4096 bytes
[    0.109527] printk: log_buf_len total cpu_extra contributions: 520192 bytes
[    0.109595] printk: log_buf_len min size: 131072 bytes
[    0.109871] printk: log_buf_len: 1048576 bytes
[    0.109922] printk: early log buf free: 126656(96%)
[    0.116240] Dentry cache hash table entries: 8388608 (order: 13, 67108864 bytes, linear)
[    0.119477] Inode-cache hash table entries: 4194304 (order: 12, 33554432 bytes, linear)
[    0.119552] Sorting __ex_table...
[    0.119794] mem auto-init: stack:off, heap alloc:off, heap free:off
[    0.179222] Memory: 1305232K/35638608K available (7674K kernel code, 1035K rwdata, 2288K rodata, 648K init, 6747K bss, 508888K reserved, 0K cma-reserved)
[    0.179901] SLUB: HWalign=32, Order=0-3, MinObjects=0, CPUs=128, Nodes=1
[    0.180205] ftrace: allocating 21508 entries in 43 pages
[    0.188540] ftrace: allocated 43 pages with 4 groups
[    0.191347] Running RCU self tests
[    0.191416] rcu: Hierarchical RCU implementation.
[    0.191467] rcu: 	RCU event tracing is enabled.
[    0.191515] rcu: 	RCU lockdep checking is enabled.
[    0.191566] 	Tasks RCU enabled.
[    0.191603] rcu: RCU calculated value of scheduler-enlistment delay is 10 jiffies.
[    0.195903] NR_IRQS: 2048, nr_irqs: 2048, preallocated irqs: 1
[    0.195979] SUN4V: Using IRQ API major 3, cookie only virqs enabled
[    0.198393] clocksource: stick: mask: 0xffffffffffffffff max_cycles: 0x1cd42e4dffb, max_idle_ns: 881590591483 ns
[    0.198522] clocksource: mult[800000] shift[23]
[    0.198572] clockevent: mult[80000000] shift[31]
[    0.199093] Console: colour dummy device 80x25
[    0.199155] printk: console [tty0] enabled
[    0.199231] printk: bootconsole [earlyprom0] disabled
[    0.199316] Lock dependency validator: Copyright (c) 2006 Red Hat, Inc., Ingo Molnar
[    0.199365] ... MAX_LOCKDEP_SUBCLASSES:  8
[    0.199395] ... MAX_LOCK_DEPTH:          48
[    0.199425] ... MAX_LOCKDEP_KEYS:        8192
[    0.199456] ... CLASSHASH_SIZE:          4096
[    0.199487] ... MAX_LOCKDEP_ENTRIES:     16384
[    0.199518] ... MAX_LOCKDEP_CHAINS:      32768
[    0.199549] ... CHAINHASH_SIZE:          16384
[    0.199580]  memory used by lock dependency info: 3855 kB
[    0.199615]  memory used for stack traces: 2112 kB
[    0.199648]  per task-struct memory footprint: 1920 bytes
[    0.348874] Calibrating delay using timer specific routine.. 2006.50 BogoMIPS (lpj=10032511)
[    0.348943] pid_max: default: 131072 minimum: 1024
[    0.349235] LSM: Security Framework initializing
[    0.349386] AppArmor: AppArmor initialized
[    0.349660] Mount-cache hash table entries: 131072 (order: 7, 1048576 bytes, linear)
[    0.349824] Mountpoint-cache hash table entries: 131072 (order: 7, 1048576 bytes, linear)
[    0.349955] *** VALIDATE tmpfs ***
[    0.350826] *** VALIDATE proc ***
[    0.351332] *** VALIDATE cgroup ***
[    0.351363] *** VALIDATE cgroup2 ***
[    0.353454] rcu: Hierarchical SRCU implementation.
[    0.361404] smp: Bringing up secondary CPUs ...
[    0.404800] smp: Brought up 1 node, 32 CPUs
[    0.596772] node 0 initialised, 4228061 pages in 190ms
[    0.598116] devtmpfs: initialized
[    0.602821] Performance events: 
[    0.602865] Testing NMI watchdog ... 
[    0.802938] OK.
[    0.803040] Supported PMU type is 'niagara5'
[    0.803221] random: get_random_u32 called from bucket_table_alloc.isra.0+0x188/0x1c0 with crng_init=0
[    0.803773] ldc.c:v1.1 (July 22, 2008)
[    0.806173] clocksource: jiffies: mask: 0xffffffff max_cycles: 0xffffffff, max_idle_ns: 19112604462750000 ns
[    0.806260] futex hash table entries: 32768 (order: 9, 4194304 bytes, linear)
[    0.811300] NET: Registered protocol family 16
[    0.819672] VIO: Adding device channel-devices (tx_ino = ffffffffffffffff, rx_ino = ffffffffffffffff)
[    0.819880] VIO: Adding device vnet-port-0-0 (tx_ino = 0, rx_ino = 1)
[    0.820079] VIO: Adding device vnet-port-0-1 (tx_ino = 2, rx_ino = 3)
[    0.820246] VIO: Adding device vnet-port-0-2 (tx_ino = 4, rx_ino = 5)
[    0.820417] VIO: Adding device vnet-port-0-4 (tx_ino = 8, rx_ino = 9)
[    0.820582] VIO: Adding device vnet-port-0-5 (tx_ino = a, rx_ino = b)
[    0.820747] VIO: Adding device vnet-port-0-6 (tx_ino = c, rx_ino = d)
[    0.820912] VIO: Adding device vdc-port-3-0 (tx_ino = e, rx_ino = f)
[    0.821082] VIO: Adding device vdc-port-2-0 (tx_ino = 10, rx_ino = 11)
[    0.821247] VIO: Adding device vdc-port-1-0 (tx_ino = 12, rx_ino = 13)
[    0.821412] VIO: Adding device vdc-port-0-0 (tx_ino = 14, rx_ino = 15)
[    0.821581] VIO: Adding device vdc-port-4-0 (tx_ino = 16, rx_ino = 17)
[    0.821748] VIO: Adding device vlds-port-0-0 (tx_ino = 18, rx_ino = 19)
[    0.821916] VIO: Adding device domain-services-port-0 (tx_ino = 18, rx_ino = 19)
[    0.822191] audit: initializing netlink subsys (disabled)
[    0.822456] audit: type=2000 audit(0.420:1): state=initialized audit_enabled=0 res=1
[    0.847349] HugeTLB registered 64.0 KiB page size, pre-allocated 0 pages
[    0.847397] HugeTLB registered 8.00 MiB page size, pre-allocated 0 pages
[    0.847443] HugeTLB registered 256 MiB page size, pre-allocated 0 pages
[    0.847488] HugeTLB registered 2.00 GiB page size, pre-allocated 0 pages
[    0.849094] alg: extra crypto tests enabled.  This is intended for developer use only.
[    0.874307] cryptd: max_cpu_qlen set to 1000
[    0.980320] NetLabel: Initializing
[    0.980353] NetLabel:  domain hash size = 128
[    0.980385] NetLabel:  protocols = UNLABELED CIPSOv4 CALIPSO
[    0.980511] NetLabel:  unlabeled traffic allowed by default
[    0.981456] SUN4V: Reboot data supported (maj=1,min=0).
[    0.981822] ds.c:v1.0 (Jul 11, 2007)
[    0.982141] ds-0: ds_conn_reset() from send_events.isra.0
[    0.982642] clocksource: Switched to clocksource stick
[    1.180632] *** VALIDATE bpf ***
[    1.181845] VFS: Disk quotas dquot_6.6.0
[    1.181971] VFS: Dquot-cache hash table entries: 1024 (order 0, 8192 bytes)
[    1.182178] *** VALIDATE ramfs ***
[    1.182230] *** VALIDATE hugetlbfs ***
[    1.183882] AppArmor: AppArmor Filesystem Enabled
[    1.196457] NET: Registered protocol family 2
[    1.198328] tcp_listen_portaddr_hash hash table entries: 32768 (order: 8, 2359296 bytes, linear)
[    1.201225] TCP established hash table entries: 524288 (order: 9, 4194304 bytes, linear)
[    1.203311] TCP bind hash table entries: 65536 (order: 9, 4194304 bytes, linear)
[    1.209381] TCP: Hash tables configured (established 524288 bind 65536)
[    1.211751] UDP hash table entries: 32768 (order: 9, 5242880 bytes, linear)
[    1.218300] UDP-Lite hash table entries: 32768 (order: 9, 5242880 bytes, linear)
[    1.226503] NET: Registered protocol family 1
[    1.226564] NET: Registered protocol family 44
[    1.227238] Trying to unpack rootfs image as initramfs...
[    1.420376] Freeing initrd memory: 14736K
[    1.421238] aes_sparc64: Using sparc64 aes opcodes optimized AES implementation
[    1.709416] des_sparc64: Using sparc64 des opcodes optimized DES implementation
[    2.220620] camellia_sparc64: Using sparc64 camellia opcodes optimized CAMELLIA implementation
[    2.413940] workingset: timestamp_bits=46 max_order=23 bucket_order=0
[    2.434430] SGI XFS with ACLs, security attributes, quota, fatal assert, debug enabled
[    2.440325] *** VALIDATE xfs ***
[    2.454306] Block layer SCSI generic (bsg) driver version 0.4 loaded (major 252)
[    2.455067] io scheduler mq-deadline registered
[    2.457749] f029b788: ttyHV0 at I/O 0x0 (irq = 1, base_baud = 115200) is a SUN4V HCONS
[    2.458714] printk: console [ttyHV0] enabled
[    2.462202] sunvdc.c:v1.2 (November 24, 2014)
[    2.463769] sunvdc: Virtual CDROM vdiskd
[    2.463812] sunvdc: vdiskd: 403160 sectors (196 MB) protocol 1.2
[    2.465498]  vdiskd: vdiskd1 vdiskd2 vdiskd3 vdiskd4 vdiskd5 vdiskd6 vdiskd7
[    2.485755] sunvdc: Virtual Hard disk vdiskc
[    2.485794] sunvdc: vdiskc: 104857600 sectors (51200 MB) protocol 1.2
[    2.504765] sunvdc: Virtual Hard disk vdiskb
[    2.504805] sunvdc: vdiskb: 62914560 sectors (30720 MB) protocol 1.2
[    2.505975]  vdiskb: vdiskb1
[    2.524034] sunvdc: Virtual Hard disk vdiska
[    2.524072] sunvdc: vdiska: 31457280 sectors (15360 MB) protocol 1.2
[    2.525395]  vdiska: vdiska1 vdiska2 vdiska3 vdiska4
[    2.544378] sunvdc: Virtual Hard disk vdiske
[    2.544417] sunvdc: vdiske: 20971520 sectors (10240 MB) protocol 1.2
[    2.545732]  vdiske: vdiske1 vdiske2
[    2.562865] sunvnet: sunvnet 2.0 (February 3, 2017)
[    2.564989] vnet_port vnet-port-0-0 eth0: Sun LDOM vnet 00:14:4f:f8:12:a3
[    2.565203] sunvnet: eth0: PORT ( remote-mac 00:14:4f:fa:f3:f0 switch-port )
[    2.565571] sunvnet: eth0: PORT ( remote-mac 00:14:4f:f8:e5:f3 )
[    2.565909] sunvnet: eth0: PORT ( remote-mac 00:14:4f:f9:b4:97 )
[    2.566349] sunvnet: eth0: PORT ( remote-mac 00:14:4f:f8:3f:1e )
[    2.566699] sunvnet: eth0: PORT ( remote-mac 00:14:4f:f8:fe:47 )
[    2.567184] sunvnet: eth0: PORT ( remote-mac 00:14:4f:f9:8b:83 )
[    2.568358] rtc-sun4v rtc-sun4v: registered as rtc0
[    2.568882] sun4v_wdt: initialized (timeout=60s, nowayout=0)
[    2.569263] device-mapper: uevent: version 1.0.3
[    2.570227] device-mapper: ioctl: 4.41.0-ioctl (2019-09-16) initialised: dm-devel@redhat.com
[    2.571225] NET: Registered protocol family 17
[    2.571799] registered taskstats version 1
[    2.579343] zswap: default zpool zbud not available
[    2.579397] zswap: pool creation failed
[    2.906220] Key type big_key registered
[    2.906286] AppArmor: AppArmor sha1 policy hashing enabled
[    2.907050] rtc-sun4v rtc-sun4v: setting system clock to 2020-02-09T15:17:24 UTC (1581261444)
[    2.911446] This architecture does not have kernel memory protection.
[    2.911495] Run /init as init process
[    2.911526]   with arguments:
[    2.911533]     /init
[    2.911540]   with environment:
[    2.911546]     HOME=/
[    2.911552]     TERM=linux
[    2.911558]     BOOT_IMAGE=/vmlinux-5.5.0-11386-gfdfa3a6778b1
[    3.399181] crc32c_sparc64: Using sparc64 crc32c opcode optimized CRC32C implementation
[    3.455573] random: fast init done
[    3.497908] md127: WARNING: vdiske1 appears to be on the same physical disk as vdiske2.
[    3.497994] True protection against single-disk failure might be compromised.
[    3.498691] md/raid1:md127: active with 2 out of 2 mirrors
[    3.498964] md127: detected capacity change from 0 to 26148864
[    3.962602] raid6: int64x8  gen()  2158 MB/s
[    4.132586] raid6: int64x8  xor()  1531 MB/s
[    4.302594] raid6: int64x4  gen()  3414 MB/s
[    4.472591] raid6: int64x4  xor()  1474 MB/s
[    4.642610] raid6: int64x2  gen()  2782 MB/s
[    4.812608] raid6: int64x2  xor()  1163 MB/s
[    4.982593] raid6: int64x1  gen()  1365 MB/s
[    5.152607] raid6: int64x1  xor()   665 MB/s
[    5.152651] raid6: using algorithm int64x4 gen() 3414 MB/s
[    5.152692] raid6: .... xor() 1474 MB/s, rmw enabled
[    5.152729] raid6: using intx1 recovery algorithm
[    5.153622] async_tx: api initialized (async)
[    5.154204] xor: automatically using best checksumming function   Niagara   
[    5.248072] process '/usr/bin/fstype' started with executable stack
[    5.356108] EXT4-fs (vdiska2): mounted filesystem with ordered data mode. Opts: (null)
[    6.704190] systemd[1]: Inserted module 'autofs4'
[    6.716809] NET: Registered protocol family 10
[    6.722961] Segment Routing with IPv6
[    6.742132] systemd[1]: systemd 244.2-1 running in system mode. (+PAM +AUDIT +SELINUX +IMA +APPARMOR +SMACK +SYSVINIT +UTMP +LIBCRYPTSETUP +GCRYPT +GNUTLS +ACL +XZ +LZ4 -SECCOMP +BLKID +ELFUTILS +KMOD +IDN2 -IDN +PCRE2 default-hierarchy=hybrid)
[    6.742780] systemd[1]: Detected architecture sparc64.
[    6.866825] systemd[1]: Set hostname to <ttip>.
[    6.891554] systemd[1]: Couldn't move remaining userspace processes, ignoring: Input/output error
[    7.701056] random: lvmconfig: uninitialized urandom read (4 bytes read)
[    8.237002] systemd[1]: /lib/systemd/system/dbus.socket:5: ListenStream= references a path below legacy directory /var/run/, updating /var/run/dbus/system_bus_socket â†’ /run/dbus/system_bus_socket; please update the unit file accordingly.
[    8.446613] random: systemd: uninitialized urandom read (16 bytes read)
[    8.457564] systemd[1]: Created slice system-getty.slice.
[    8.458255] random: systemd: uninitialized urandom read (16 bytes read)
[    8.461724] systemd[1]: Created slice system-openvpn\x2dclient.slice.
[    8.465602] systemd[1]: Created slice system-postfix.slice.
[    8.470825] systemd[1]: Created slice system-systemd\x2dfsck.slice.
[    8.474721] systemd[1]: Created slice User and Session Slice.
[    8.475599] systemd[1]: Started Dispatch Password Requests to Console Directory Watch.
[    8.476413] systemd[1]: Started Forward Password Requests to Wall Directory Watch.
[    8.478495] systemd[1]: Set up automount Arbitrary Executable File Formats File System Automount Point.
[    8.479048] systemd[1]: Reached target Local Encrypted Volumes.
[    8.479528] systemd[1]: Reached target Paths.
[    8.479967] systemd[1]: Reached target Remote File Systems.
[    8.480400] systemd[1]: Reached target Slices.
[    8.481298] systemd[1]: Listening on Device-mapper event daemon FIFOs.
[    8.482338] systemd[1]: Listening on LVM2 poll daemon socket.
[    8.484653] systemd[1]: Listening on Syslog Socket.
[    8.485621] systemd[1]: Listening on fsck to fsckd communication Socket.
[    8.486368] systemd[1]: Listening on initctl Compatibility Named Pipe.
[    8.487579] systemd[1]: Listening on Journal Audit Socket.
[    8.488549] systemd[1]: Listening on Journal Socket (/dev/log).
[    8.489688] systemd[1]: Listening on Journal Socket.
[    8.490751] systemd[1]: Listening on udev Control Socket.
[    8.491560] systemd[1]: Listening on udev Kernel Socket.
[    8.500376] systemd[1]: Mounting Huge Pages File System...
[    8.508889] systemd[1]: Mounting POSIX Message Queue File System...
[    8.517489] systemd[1]: Mounting Kernel Debug File System...
[    8.526067] systemd[1]: Starting Availability of block devices...
[    8.539592] systemd[1]: Starting Wait for network to be configured by ifupdown...
[    8.548730] systemd[1]: Starting Create list of static device nodes for the current kernel...
[    8.557111] systemd[1]: Starting Monitoring of LVM2 mirrors, snapshots etc. using dmeventd or progress polling...
[    8.566491] systemd[1]: Starting nftables...
[    8.578828] systemd[1]: Condition check resulted in Set Up Additional Binary Formats being skipped.
[    8.579043] systemd[1]: Condition check resulted in File System Check on Root Device being skipped.
[    8.590265] systemd[1]: Starting Journal Service...
[    8.603533] systemd[1]: Starting Load Kernel Modules...
[    8.614726] systemd[1]: Starting Remount Root and Kernel File Systems...
[    8.626126] systemd[1]: Starting udev Coldplug all Devices...
[    8.635908] systemd[1]: Mounted Huge Pages File System.
[    8.637920] systemd[1]: Mounted POSIX Message Queue File System.
[    8.639352] systemd[1]: Mounted Kernel Debug File System.
[    8.646831] systemd[1]: Started Availability of block devices.
[    8.653129] systemd[1]: Started Wait for network to be configured by ifupdown.
[    8.659883] systemd[1]: Started Create list of static device nodes for the current kernel.
[    8.667509] systemd[1]: Started Load Kernel Modules.
[    8.671528] systemd[1]: Condition check resulted in FUSE Control File System being skipped.
[    8.672125] systemd[1]: Condition check resulted in Kernel Configuration File System being skipped.
[    8.673527] EXT4-fs (vdiska2): re-mounted. Opts: errors=remount-ro
[    8.681037] systemd[1]: Starting Apply Kernel Variables...
[    8.712793] systemd[1]: Started Remount Root and Kernel File Systems.
[    8.714018] systemd[1]: Started Journal Service.
[    8.914166] systemd-journald[566]: Received client request to flush runtime journal.
[   10.345110] sha1_sparc64: Using sparc64 sha1 opcode optimized SHA-1 implementation
[   10.393518] n2rng v0.3 (Jan 7, 2017)
[   10.393622] n2rng f029b104: Registered RNG HVAPI major 2 minor 0
[   10.393704] n2rng f029b104: Found multi-unit-capable RNG, units: 2
[   10.395195] n2rng f029b104: RNG ready
[   10.514174] pktcdvd: setup of pktcdvd device failed
[   10.556158] sha256_sparc64: Using sparc64 sha256 opcode optimized SHA-256/SHA-224 implementation
[   10.564118] pktcdvd: setup of pktcdvd device failed
[   10.567590] pktcdvd: setup of pktcdvd device failed
[   10.571470] pktcdvd: setup of pktcdvd device failed
[   10.574897] pktcdvd: setup of pktcdvd device failed
[   10.578515] pktcdvd: setup of pktcdvd device failed
[   10.582078] pktcdvd: setup of pktcdvd device failed
[   10.585570] pktcdvd: setup of pktcdvd device failed
[   10.748307] sha512_sparc64: Using sparc64 sha512 opcode optimized SHA-512/SHA-384 implementation
[   10.775027] md5_sparc64: Using sparc64 md5 opcode optimized MD5 implementation
[   10.893729] XFS (dm-0): Mounting V5 Filesystem
[   10.932722] Adding 787176k swap on /dev/vdiska4.  Priority:-2 extents:1 across:787176k FS
[   10.968688] XFS (dm-0): Ending clean mount
[   10.971011] xfs filesystem being mounted at /1 supports timestamps until 2038 (0x7fffffff)
[   11.355554] EXT4-fs (vdiska1): mounting ext3 file system using the ext4 subsystem
[   11.642566] EXT4-fs (vdiska1): mounted filesystem with ordered data mode. Opts: (null)
[   11.642799] ext3 filesystem being mounted at /boot supports timestamps until 2038 (0x7fffffff)
[   12.602178] Kernel unaligned access at TPC[88fd38] aa_dfa_unpack+0x38/0x5a0
[   12.602320] Kernel unaligned access at TPC[88fd58] aa_dfa_unpack+0x58/0x5a0
[   12.602407] Kernel unaligned access at TPC[88fe14] aa_dfa_unpack+0x114/0x5a0
[   12.602490] Kernel unaligned access at TPC[88fef4] aa_dfa_unpack+0x1f4/0x5a0
[   12.602638] Kernel unaligned access at TPC[88ff08] aa_dfa_unpack+0x208/0x5a0
[   12.604910] audit: type=1400 audit(1581261454.190:2): apparmor="STATUS" operation="profile_load" profile="unconfined" name="/usr/sbin/haveged" pid=745 comm="apparmor_parser"
[   12.613364] audit: type=1400 audit(1581261454.200:3): apparmor="STATUS" operation="profile_load" profile="unconfined" name="nvidia_modprobe" pid=746 comm="apparmor_parser"
[   12.613532] audit: type=1400 audit(1581261454.200:4): apparmor="STATUS" operation="profile_load" profile="unconfined" name="nvidia_modprobe//kmod" pid=746 comm="apparmor_parser"
[   12.632966] audit: type=1400 audit(1581261454.220:5): apparmor="STATUS" operation="profile_load" profile="unconfined" name="lsb_release" pid=750 comm="apparmor_parser"
[   12.663510] audit: type=1400 audit(1581261454.250:6): apparmor="STATUS" operation="profile_load" profile="unconfined" name="/usr/bin/man" pid=747 comm="apparmor_parser"
[   12.663649] audit: type=1400 audit(1581261454.250:7): apparmor="STATUS" operation="profile_load" profile="unconfined" name="man_filter" pid=747 comm="apparmor_parser"
[   12.663781] audit: type=1400 audit(1581261454.250:8): apparmor="STATUS" operation="profile_load" profile="unconfined" name="man_groff" pid=747 comm="apparmor_parser"
[   12.715581] audit: type=1400 audit(1581261454.300:9): apparmor="STATUS" operation="profile_load" profile="unconfined" name="/usr/sbin/named" pid=749 comm="apparmor_parser"
[   12.718880] audit: type=1400 audit(1581261454.300:10): apparmor="STATUS" operation="profile_load" profile="unconfined" name="/usr/sbin/tcpdump" pid=748 comm="apparmor_parser"
[   13.393143] random: crng init done
[   13.393289] random: 7 urandom warning(s) missed due to ratelimiting
