[    0.000018] PROMLIB: Sun IEEE Boot Prom 'OBP 4.38.12 2018/03/28 14:54'
[    0.000031] PROMLIB: Root node compatible: sun4v
[    0.000078] Linux version 5.2.0-rc5-01810-ga8b79105239d (mator@ttip) (gcc version 9.3.0 (Debian 9.3.0-11)) #88 SMP Tue Apr 28 13:57:58 MSK 2020
[    0.000383] printk: bootconsole [earlyprom0] enabled
[    0.000435] ARCH: SUN4V
[    0.000484] Ethernet address: 00:14:4f:fa:06:f2
[    0.000535] MM: PAGE_OFFSET is 0xfff8000000000000 (max_phys_bits == 47)
[    0.000601] MM: VMALLOC [0x0000000100000000 --> 0x0006000000000000]
[    0.000661] MM: VMEMMAP [0x0006000000000000 --> 0x000c000000000000]
[    0.012931] Kernel: Using 5 locked TLB entries for main kernel image.
[    0.013002] Remapping the kernel... 
[    0.013029] done.
[    0.045756] OF stdout device is: /virtual-devices@100/console@1
[    0.045826] PROM: Built device tree with 86230 bytes of memory.
[    0.045888] MDESC: Size is 36512 bytes.
[    0.046006] PLATFORM: banner-name [SPARC T5-2]
[    0.046055] PLATFORM: name [ORCL,SPARC-T5-2]
[    0.046099] PLATFORM: hostid [84fa06f2]
[    0.046141] PLATFORM: serial# [0035260e]
[    0.046183] PLATFORM: stick-frequency [3b9aca00]
[    0.046231] PLATFORM: mac-address [144ffa06f2]
[    0.046278] PLATFORM: watchdog-resolution [1000 ms]
[    0.046327] PLATFORM: watchdog-max-timeout [31536000000 ms]
[    0.046381] PLATFORM: max-cpus [1024]
[    0.046475] Top of RAM: 0x24af938000, Total RAM: 0x87f354000
[    0.046536] Memory hole size: 115461MB
[    0.051132] Allocated 40960 bytes for kernel page tables.
[    0.051222] Zone ranges:
[    0.051263]   Normal   [mem 0x0000000030400000-0x00000024af937fff]
[    0.051324] Movable zone start for each node
[    0.051370] Early memory node ranges
[    0.051410]   node   0: [mem 0x0000000030400000-0x000000006fe7ffff]
[    0.051470]   node   0: [mem 0x000000006ff00000-0x000000006ff25fff]
[    0.051531]   node   0: [mem 0x0000000070000000-0x000000042fffffff]
[    0.051589]   node   0: [mem 0x0000002030000000-0x00000024af87ffff]
[    0.051647]   node   0: [mem 0x00000024af900000-0x00000024af925fff]
[    0.051707]   node   0: [mem 0x00000024af930000-0x00000024af937fff]
[    0.059064] Zeroed struct page in unavailable ranges: 230130 pages
[    0.059072] Initmem setup node 0 [mem 0x0000000030400000-0x00000024af937fff]
[    0.059228] On node 0 totalpages: 4454826
[    0.059238]   Normal zone: 39154 pages used for memmap
[    0.059243]   Normal zone: 0 pages reserved
[    0.059248]   Normal zone: 4454826 pages, LIFO batch:31
[    0.066923] Booting Linux...
[    0.067009] CPU CAPS: [flush,stbar,swap,muldiv,v9,blkinit,n2,mul32]
[    0.067092] CPU CAPS: [div32,v8plus,popc,vis,vis2,ASIBlkInit,fmaf,vis3]
[    0.067168] CPU CAPS: [hpc,ima,pause,cbcond,aes,des,kasumi,camellia]
[    0.067239] CPU CAPS: [md5,sha1,sha256,sha512,mpmul,montmul,montsqr,crc32c]
[    0.096826] percpu: Embedded 27 pages/cpu s180232 r8192 d32760 u262144
[    0.097053] pcpu-alloc: s180232 r8192 d32760 u262144 alloc=1*4194304
[    0.097060] pcpu-alloc: [0] 000 001 002 003 004 005 006 007 008 009 010 011 012 013 014 015 
[    0.097086] pcpu-alloc: [0] 016 017 018 019 020 021 022 023 024 025 026 027 028 029 030 031 
[    0.097113] pcpu-alloc: [0] 032 033 034 035 036 037 038 039 040 041 042 043 044 045 046 047 
[    0.097139] pcpu-alloc: [0] 048 049 050 051 052 053 054 055 056 057 058 059 060 061 062 063 
[    0.097166] pcpu-alloc: [0] 064 065 066 067 068 069 070 071 072 073 074 075 076 077 078 079 
[    0.097192] pcpu-alloc: [0] 080 081 082 083 084 085 086 087 088 089 090 091 092 093 094 095 
[    0.097218] pcpu-alloc: [0] 096 097 098 099 100 101 102 103 104 105 106 107 108 109 110 111 
[    0.097244] pcpu-alloc: [0] 112 113 114 115 116 117 118 119 120 121 122 123 124 125 126 127 
[    0.097678] SUN4V: Mondo queue sizes [cpu(131072) dev(16384) r(8192) nr(256)]
[    0.098048] Built 1 zonelists, mobility grouping on.  Total pages: 4415672
[    0.098136] Kernel command line: BOOT_IMAGE=/vmlinux-5.2.0-rc5-01810-ga8b79105239d root=/dev/vdiska2 ro zswap.enabled=1
[    0.100312] printk: log_buf_len individual max cpu contribution: 4096 bytes
[    0.100382] printk: log_buf_len total cpu_extra contributions: 520192 bytes
[    0.100449] printk: log_buf_len min size: 131072 bytes
[    0.100721] printk: log_buf_len: 1048576 bytes
[    0.100772] printk: early log buf free: 126648(96%)
[    0.107089] Dentry cache hash table entries: 8388608 (order: 13, 67108864 bytes)
[    0.110323] Inode-cache hash table entries: 4194304 (order: 12, 33554432 bytes)
[    0.110394] Sorting __ex_table...
[    0.167522] Memory: 1305232K/35638608K available (7284K kernel code, 950K rwdata, 2136K rodata, 696K init, 6666K bss, 508200K reserved, 0K cma-reserved)
[    0.168215] SLUB: HWalign=32, Order=0-3, MinObjects=0, CPUs=128, Nodes=1
[    0.168512] ftrace: allocating 21005 entries in 42 pages
[    0.179111] Running RCU self tests
[    0.179160] rcu: Hierarchical RCU implementation.
[    0.179209] rcu: 	RCU event tracing is enabled.
[    0.179258] rcu: 	RCU lockdep checking is enabled.
[    0.179307] 	Tasks RCU enabled.
[    0.179344] rcu: RCU calculated value of scheduler-enlistment delay is 10 jiffies.
[    0.183513] NR_IRQS: 2048, nr_irqs: 2048, preallocated irqs: 1
[    0.183596] SUN4V: Using IRQ API major 3, cookie only virqs enabled
[    0.186020] clocksource: stick: mask: 0xffffffffffffffff max_cycles: 0x1cd42e4dffb, max_idle_ns: 881590591483 ns
[    0.186150] clocksource: mult[800000] shift[23]
[    0.186199] clockevent: mult[80000000] shift[31]
[    0.186734] Console: colour dummy device 80x25
[    0.186796] printk: console [tty0] enabled
[    0.186871] printk: bootconsole [earlyprom0] disabled
[    0.186954] Lock dependency validator: Copyright (c) 2006 Red Hat, Inc., Ingo Molnar
[    0.187001] ... MAX_LOCKDEP_SUBCLASSES:  8
[    0.187029] ... MAX_LOCK_DEPTH:          48
[    0.187058] ... MAX_LOCKDEP_KEYS:        8191
[    0.187088] ... CLASSHASH_SIZE:          4096
[    0.187118] ... MAX_LOCKDEP_ENTRIES:     16384
[    0.187148] ... MAX_LOCKDEP_CHAINS:      32768
[    0.187178] ... CHAINHASH_SIZE:          16384
[    0.187208]  memory used by lock dependency info: 3853 kB
[    0.187243]  per task-struct memory footprint: 1920 bytes
[    0.336516] Calibrating delay using timer specific routine.. 2007.38 BogoMIPS (lpj=10036917)
[    0.336584] pid_max: default: 131072 minimum: 1024
[    0.336862] LSM: Security Framework initializing
[    0.337102] AppArmor: AppArmor initialized
[    0.337374] Mount-cache hash table entries: 131072 (order: 7, 1048576 bytes)
[    0.337533] Mountpoint-cache hash table entries: 131072 (order: 7, 1048576 bytes)
[    0.338325] *** VALIDATE proc ***
[    0.338810] *** VALIDATE cgroup1 ***
[    0.338840] *** VALIDATE cgroup2 ***
[    0.340837] rcu: Hierarchical SRCU implementation.
[    0.348218] smp: Bringing up secondary CPUs ...
[    0.390102] smp: Brought up 1 node, 32 CPUs
[    0.581358] node 0 initialised, 4228147 pages in 190ms
[    0.582811] devtmpfs: initialized
[    0.587245] Performance events: 
[    0.587292] Testing NMI watchdog ... 
[    0.787366] OK.
[    0.787486] Supported PMU type is 'niagara5'
[    0.787678] random: get_random_u32 called from bucket_table_alloc.isra.0+0x188/0x1c0 with crng_init=0
[    0.788357] ldc.c:v1.1 (July 22, 2008)
[    0.790701] clocksource: jiffies: mask: 0xffffffff max_cycles: 0xffffffff, max_idle_ns: 19112604462750000 ns
[    0.790787] futex hash table entries: 32768 (order: 9, 4194304 bytes)
[    0.795711] NET: Registered protocol family 16
[    0.803318] VIO: Adding device channel-devices (tx_ino = ffffffffffffffff, rx_ino = ffffffffffffffff)
[    0.803514] VIO: Adding device vnet-port-0-0 (tx_ino = 0, rx_ino = 1)
[    0.803705] VIO: Adding device vnet-port-0-1 (tx_ino = 2, rx_ino = 3)
[    0.803863] VIO: Adding device vnet-port-0-2 (tx_ino = 4, rx_ino = 5)
[    0.804020] VIO: Adding device vnet-port-0-3 (tx_ino = 6, rx_ino = 7)
[    0.804181] VIO: Adding device vnet-port-0-4 (tx_ino = 8, rx_ino = 9)
[    0.804337] VIO: Adding device vnet-port-0-5 (tx_ino = a, rx_ino = b)
[    0.804493] VIO: Adding device vdc-port-2-0 (tx_ino = c, rx_ino = d)
[    0.804652] VIO: Adding device vdc-port-1-0 (tx_ino = e, rx_ino = f)
[    0.804809] VIO: Adding device vdc-port-0-0 (tx_ino = 10, rx_ino = 11)
[    0.804965] VIO: Adding device vdc-port-3-0 (tx_ino = 12, rx_ino = 13)
[    0.805125] VIO: Adding device vlds-port-0-0 (tx_ino = 14, rx_ino = 15)
[    0.805285] VIO: Adding device domain-services-port-0 (tx_ino = 14, rx_ino = 15)
[    0.805548] audit: initializing netlink subsys (disabled)
[    0.805795] audit: type=2000 audit(0.420:1): state=initialized audit_enabled=0 res=1
[    0.828986] HugeTLB registered 64.0 KiB page size, pre-allocated 0 pages
[    0.829040] HugeTLB registered 8.00 MiB page size, pre-allocated 0 pages
[    0.829085] HugeTLB registered 256 MiB page size, pre-allocated 0 pages
[    0.829129] HugeTLB registered 2.00 GiB page size, pre-allocated 0 pages
[    0.831359] alg: extra crypto tests enabled.  This is intended for developer use only.
[    0.849510] cryptd: max_cpu_qlen set to 1000
[    0.877261] alg: No test for lzo-rle (lzo-rle-generic)
[    0.877817] alg: No test for lzo-rle (lzo-rle-scomp)
[    0.920454] NetLabel: Initializing
[    0.920489] NetLabel:  domain hash size = 128
[    0.920520] NetLabel:  protocols = UNLABELED CIPSOv4 CALIPSO
[    0.920648] NetLabel:  unlabeled traffic allowed by default
[    0.921595] SUN4V: Reboot data supported (maj=1,min=0).
[    0.921941] ds.c:v1.0 (Jul 11, 2007)
[    0.922268] ds-0: ds_conn_reset() from send_events.isra.0
[    0.923695] clocksource: Switched to clocksource stick
[    1.114094] VFS: Disk quotas dquot_6.6.0
[    1.114224] VFS: Dquot-cache hash table entries: 1024 (order 0, 8192 bytes)
[    1.114443] *** VALIDATE hugetlbfs ***
[    1.116001] AppArmor: AppArmor Filesystem Enabled
[    1.128411] NET: Registered protocol family 2
[    1.129873] tcp_listen_portaddr_hash hash table entries: 32768 (order: 8, 2359296 bytes)
[    1.132769] TCP established hash table entries: 524288 (order: 9, 4194304 bytes)
[    1.134836] TCP bind hash table entries: 65536 (order: 9, 4194304 bytes)
[    1.140937] TCP: Hash tables configured (established 524288 bind 65536)
[    1.143395] UDP hash table entries: 32768 (order: 9, 5242880 bytes)
[    1.149774] UDP-Lite hash table entries: 32768 (order: 9, 5242880 bytes)
[    1.157805] NET: Registered protocol family 1
[    1.157870] NET: Registered protocol family 44
[    1.159369] Trying to unpack rootfs image as initramfs...
[    1.352641] Freeing initrd memory: 14712K
[    1.353330] aes_sparc64: Using sparc64 aes opcodes optimized AES implementation
[    1.626432] des_sparc64: Using sparc64 des opcodes optimized DES implementation
[    2.113252] camellia_sparc64: Using sparc64 camellia opcodes optimized CAMELLIA implementation
[    2.298492] workingset: timestamp_bits=46 max_order=23 bucket_order=0
[    2.315919] zbud: loaded
[    2.318050] SGI XFS with ACLs, security attributes, debug enabled
[    2.331542] Block layer SCSI generic (bsg) driver version 0.4 loaded (major 252)
[    2.332339] io scheduler mq-deadline registered
[    2.335002] f029b788: ttyS0 at I/O 0x0 (irq = 1, base_baud = 115200) is a SUN4V HCONS
[    2.341323] printk: console [ttyHV0] enabled
[    2.343800] sunvdc.c:v1.2 (November 24, 2014)
[    2.345641] sunvdc: Virtual Hard disk vdiskc
[    2.345678] sunvdc: vdiskc: 104857600 sectors (51200 MB) protocol 1.2
[    2.364487] sunvdc: Virtual Hard disk vdiskb
[    2.364532] sunvdc: vdiskb: 62914560 sectors (30720 MB) protocol 1.2
[    2.365290]  vdiskb: vdiskb1
[    2.383096] sunvdc: Virtual Hard disk vdiska
[    2.383139] sunvdc: vdiska: 31457280 sectors (15360 MB) protocol 1.2
[    2.384115]  vdiska: vdiska1 vdiska2 vdiska3 vdiska4
[    2.402656] sunvdc: Virtual CDROM vdiskd
[    2.402714] sunvdc: vdiskd: 453848 sectors (221 MB) protocol 1.2
[    2.403607]  vdiskd: vdiskd1 vdiskd2 vdiskd3 vdiskd4 vdiskd5 vdiskd6 vdiskd7
[    2.421559] sunvnet: sunvnet 2.0 (February 3, 2017)
[    2.423587] vnet_port vnet-port-0-0 eth0: Sun LDOM vnet 00:14:4f:f8:12:a3
[    2.423833] sunvnet: eth0: PORT ( remote-mac 00:14:4f:fa:f3:f0 switch-port )
[    2.424179] sunvnet: eth0: PORT ( remote-mac 00:14:4f:f8:e5:f3 )
[    2.424536] sunvnet: eth0: PORT ( remote-mac 00:14:4f:f9:b4:97 )
[    2.424860] sunvnet: eth0: PORT ( remote-mac 00:14:4f:f8:3f:1e )
[    2.425190] sunvnet: eth0: PORT ( remote-mac 00:14:4f:f8:fe:47 )
[    2.425519] sunvnet: eth0: PORT ( remote-mac 00:14:4f:f9:8b:83 )
[    2.426706] rtc-sun4v rtc-sun4v: registered as rtc0
[    2.427224] sun4v_wdt: initialized (timeout=60s, nowayout=0)
[    2.427466] device-mapper: uevent: version 1.0.3
[    2.428162] device-mapper: ioctl: 4.40.0-ioctl (2019-01-18) initialised: dm-devel@redhat.com
[    2.429044] NET: Registered protocol family 17
[    2.430073] registered taskstats version 1
[    2.430891] zswap: loaded using pool lzo/zbud
[    2.618331] Key type big_key registered
[    2.618405] AppArmor: AppArmor sha1 policy hashing enabled
[    2.619187] rtc-sun4v rtc-sun4v: setting system clock to 2020-04-28T11:10:25 UTC (1588072225)
[    2.623046] This architecture does not have kernel memory protection.
[    2.623092] Run /init as init process
[    3.118785] crc32c_sparc64: Using sparc64 crc32c opcode optimized CRC32C implementation
[    3.733716] raid6: int64x8  gen()  2158 MB/s
[    3.903691] raid6: int64x8  xor()  1567 MB/s
[    4.073703] raid6: int64x4  gen()  3467 MB/s
[    4.243667] raid6: int64x4  xor()  2008 MB/s
[    4.413665] raid6: int64x2  gen()  2869 MB/s
[    4.583668] raid6: int64x2  xor()  1994 MB/s
[    4.753712] raid6: int64x1  gen()  2791 MB/s
[    4.923696] raid6: int64x1  xor()  1650 MB/s
[    4.923752] raid6: using algorithm int64x4 gen() 3467 MB/s
[    4.923792] raid6: .... xor() 2008 MB/s, rmw enabled
[    4.923828] raid6: using intx1 recovery algorithm
[    4.924651] async_tx: api initialized (async)
[    4.925129] xor: automatically using best checksumming function   Niagara   
[    4.998669] random: fast init done
[    5.190614] EXT4-fs (vdiska2): mounted filesystem with ordered data mode. Opts: (null)
[    5.400792] systemd[1]: Inserted module 'autofs4'
[    5.411513] NET: Registered protocol family 10
[    5.416285] Segment Routing with IPv6
[    5.432606] systemd[1]: systemd 245.5-2 running in system mode. (+PAM +AUDIT +SELINUX +IMA +APPARMOR +SMACK +SYSVINIT +UTMP +LIBCRYPTSETUP +GCRYPT +GNUTLS +ACL +XZ +LZ4 -SECCOMP +BLKID +ELFUTILS +KMOD +IDN2 -IDN +PCRE2 default-hierarchy=hybrid)
[    5.433229] systemd[1]: Detected architecture sparc64.
[    5.441314] systemd[1]: Set hostname to <ttip>.
[    5.533628] random: lvmconfig: uninitialized urandom read (4 bytes read)
[    5.810980] systemd[1]: /lib/systemd/system/dbus.socket:5: ListenStream= references a path below legacy directory /var/run/, updating /var/run/dbus/system_bus_socket â†’ /run/dbus/system_bus_socket; please update the unit file accordingly.
[    5.876389] random: systemd: uninitialized urandom read (16 bytes read)
[    5.885558] systemd[1]: Created slice system-getty.slice.
[    5.886306] random: systemd: uninitialized urandom read (16 bytes read)
[    5.889823] systemd[1]: Created slice system-modprobe.slice.
[    5.894738] systemd[1]: Created slice system-openvpn\x2dclient.slice.
[    5.899836] systemd[1]: Created slice system-postfix.slice.
[    5.904299] systemd[1]: Created slice system-systemd\x2dfsck.slice.
[    5.908162] systemd[1]: Created slice User and Session Slice.
[    5.909068] systemd[1]: Started Dispatch Password Requests to Console Directory Watch.
[    5.909880] systemd[1]: Started Forward Password Requests to Wall Directory Watch.
[    5.912083] systemd[1]: Set up automount Arbitrary Executable File Formats File System Automount Point.
[    5.912649] systemd[1]: Reached target Local Encrypted Volumes.
[    5.913132] systemd[1]: Reached target Paths.
[    5.913571] systemd[1]: Reached target Remote File Systems.
[    5.914040] systemd[1]: Reached target Slices.
[    5.914926] systemd[1]: Listening on Device-mapper event daemon FIFOs.
[    5.916019] systemd[1]: Listening on LVM2 poll daemon socket.
[    5.918202] systemd[1]: Listening on Syslog Socket.
[    5.919179] systemd[1]: Listening on fsck to fsckd communication Socket.
[    5.919938] systemd[1]: Listening on initctl Compatibility Named Pipe.
[    5.921138] systemd[1]: Listening on Journal Audit Socket.
[    5.922110] systemd[1]: Listening on Journal Socket (/dev/log).
[    5.923260] systemd[1]: Listening on Journal Socket.
[    5.924793] systemd[1]: Listening on udev Control Socket.
[    5.925604] systemd[1]: Listening on udev Kernel Socket.
[    5.934508] systemd[1]: Mounting Huge Pages File System...
[    5.943292] systemd[1]: Mounting POSIX Message Queue File System...
[    5.952099] systemd[1]: Mounting Kernel Debug File System...
[    5.962706] systemd[1]: Mounting Kernel Trace File System...
[    5.972508] systemd[1]: Starting Availability of block devices...
[    5.981831] systemd[1]: Starting Wait for network to be configured by ifupdown...
[    5.990558] systemd[1]: Starting Create list of static device nodes for the current kernel...
[    5.998743] systemd[1]: Starting Monitoring of LVM2 mirrors, snapshots etc. using dmeventd or progress polling...
[    6.007843] systemd[1]: Starting Load Kernel Module drm...
[    6.016357] systemd[1]: Starting nftables...
[    6.018052] systemd[1]: Condition check resulted in Set Up Additional Binary Formats being skipped.
[    6.018284] systemd[1]: Condition check resulted in File System Check on Root Device being skipped.
[    6.031489] systemd[1]: Starting Journal Service...
[    6.042750] systemd[1]: Starting Load Kernel Modules...
[    6.055395] systemd[1]: Starting Remount Root and Kernel File Systems...
[    6.066614] systemd[1]: Starting udev Coldplug all Devices...
[    6.077044] systemd[1]: Mounted Huge Pages File System.
[    6.078957] systemd[1]: Mounted POSIX Message Queue File System.
[    6.080695] systemd[1]: Mounted Kernel Debug File System.
[    6.082528] systemd[1]: Mounted Kernel Trace File System.
[    6.092514] systemd[1]: Finished Availability of block devices.
[    6.100807] systemd[1]: Finished Wait for network to be configured by ifupdown.
[    6.109109] systemd[1]: Finished Create list of static device nodes for the current kernel.
[    6.115888] EXT4-fs (vdiska2): re-mounted. Opts: errors=remount-ro
[    6.126425] systemd[1]: Started Journal Service.
[    6.220009] systemd-journald[543]: Received client request to flush runtime journal.
[    6.634986] sha1_sparc64: Using sparc64 sha1 opcode optimized SHA-1 implementation
[    6.638724] n2rng v0.3 (Jan 7, 2017)
[    6.638815] n2rng f029b104: Registered RNG HVAPI major 2 minor 0
[    6.638903] n2rng f029b104: Found multi-unit-capable RNG, units: 2
[    6.640061] n2rng f029b104: RNG ready
[    6.682585] ------------[ cut here ]------------
[    6.682662] WARNING: CPU: 22 PID: 615 at drivers/block/pktcdvd.c:2597 pkt_setup_dev+0x2e4/0x5a0 [pktcdvd]
[    6.682727] Attempt to register a non-SCSI queue
[    6.682763] Modules linked in: pktcdvd cdrom n2_rng rng_core sha1_sparc64(+) flash nf_tables nfnetlink ip_tables x_tables ipv6 crc_ccitt nf_defrag_ipv6 autofs4 ext4 crc16 mbcache jbd2 raid10 raid456 async_raid6_recov async_memcpy async_pq async_xor xor async_tx raid6_pq raid1 raid0 multipath linear md_mod crc32c_sparc64
[    6.682996] CPU: 22 PID: 615 Comm: pktsetup Not tainted 5.2.0-rc5-01810-ga8b79105239d #88
[    6.683052] Call Trace:
[    6.683082]  [0000000000468620] __warn+0xc0/0x100
[    6.683119]  [0000000000468694] warn_slowpath_fmt+0x34/0x60
[    6.683162]  [0000000010217264] pkt_setup_dev+0x2e4/0x5a0 [pktcdvd]
[    6.683208]  [0000000010218d14] pkt_ctl_ioctl+0x94/0x240 [pktcdvd]
[    6.683254]  [00000000006b0990] do_vfs_ioctl+0x630/0x6e0
[    6.683294]  [00000000006b0a88] ksys_ioctl+0x48/0x80
[    6.683332]  [00000000006b0ad4] sys_ioctl+0x14/0x40
[    6.683375]  [0000000000406294] linux_sparc_syscall+0x34/0x44
[    6.683417] irq event stamp: 3333
[    6.683452] hardirqs last  enabled at (3341): [<00000000004e1284>] console_unlock+0x644/0x6e0
[    6.683511] hardirqs last disabled at (3348): [<00000000004e0d44>] console_unlock+0x104/0x6e0
[    6.683574] softirqs last  enabled at (0): [<0000000000465f34>] copy_process.isra.0+0x4f4/0x1720
[    6.683728] softirqs last disabled at (3365): [<000000000042d014>] do_softirq_own_stack+0x34/0x60
[    6.683799] ---[ end trace bfb27808b7a76a0b ]---
[    6.684783] pktcdvd: setup of pktcdvd device failed
[    6.742735] pktcdvd: setup of pktcdvd device failed
[    6.750637] pktcdvd: setup of pktcdvd device failed
[    6.754373] pktcdvd: setup of pktcdvd device failed
[    6.757902] pktcdvd: setup of pktcdvd device failed
[    6.761555] pktcdvd: setup of pktcdvd device failed
[    6.765475] pktcdvd: setup of pktcdvd device failed
[    6.767614] Adding 787176k swap on /dev/vdiska4.  Priority:-2 extents:1 across:787176k FS
[    6.768844] pktcdvd: setup of pktcdvd device failed
[    6.881926] sha256_sparc64: Using sparc64 sha256 opcode optimized SHA-256/SHA-224 implementation
[    6.904171] EXT4-fs (vdiska1): mounting ext3 file system using the ext4 subsystem
[    6.919813] EXT4-fs (vdiska1): mounted filesystem with ordered data mode. Opts: (null)
[    7.034993] sha512_sparc64: Using sparc64 sha512 opcode optimized SHA-512/SHA-384 implementation
[    7.036542] md5_sparc64: Using sparc64 md5 opcode optimized MD5 implementation
[    7.074067] XFS (dm-0): Mounting V5 Filesystem
[    7.092608] XFS (dm-0): Ending clean mount
[    7.203441] Kernel unaligned access at TPC[8521b8] aa_dfa_unpack+0x38/0x5c0
[    7.203621] Kernel unaligned access at TPC[8521d8] aa_dfa_unpack+0x58/0x5c0
[    7.203892] Kernel unaligned access at TPC[8522a0] aa_dfa_unpack+0x120/0x5c0
[    7.203979] Kernel unaligned access at TPC[852380] aa_dfa_unpack+0x200/0x5c0
[    7.204074] Kernel unaligned access at TPC[852394] aa_dfa_unpack+0x214/0x5c0
[    7.204525] audit: type=1400 audit(1588072230.080:2): apparmor="STATUS" operation="profile_load" profile="unconfined" name="/usr/sbin/haveged" pid=708 comm="apparmor_parser"
[    7.205353] audit: type=1400 audit(1588072230.080:3): apparmor="STATUS" operation="profile_load" profile="unconfined" name="lsb_release" pid=713 comm="apparmor_parser"
[    7.208468] audit: type=1400 audit(1588072230.080:4): apparmor="STATUS" operation="profile_load" profile="unconfined" name="/usr/sbin/named" pid=712 comm="apparmor_parser"
[    7.209377] audit: type=1400 audit(1588072230.080:5): apparmor="STATUS" operation="profile_load" profile="unconfined" name="/usr/sbin/tcpdump" pid=711 comm="apparmor_parser"
[    7.211879] audit: type=1400 audit(1588072230.080:6): apparmor="STATUS" operation="profile_load" profile="unconfined" name="nvidia_modprobe" pid=709 comm="apparmor_parser"
[    7.211994] audit: type=1400 audit(1588072230.080:7): apparmor="STATUS" operation="profile_load" profile="unconfined" name="nvidia_modprobe//kmod" pid=709 comm="apparmor_parser"
[    7.228733] audit: type=1400 audit(1588072230.100:8): apparmor="STATUS" operation="profile_load" profile="unconfined" name="/usr/bin/man" pid=710 comm="apparmor_parser"
[    7.228855] audit: type=1400 audit(1588072230.100:9): apparmor="STATUS" operation="profile_load" profile="unconfined" name="man_filter" pid=710 comm="apparmor_parser"
[    7.228964] audit: type=1400 audit(1588072230.100:10): apparmor="STATUS" operation="profile_load" profile="unconfined" name="man_groff" pid=710 comm="apparmor_parser"
[    7.718337] random: crng init done
[    7.718402] random: 7 urandom warning(s) missed due to ratelimiting
