[    0.000018] PROMLIB: Sun IEEE Boot Prom 'OBP 4.38.12 2018/03/28 14:54'
[    0.000030] PROMLIB: Root node compatible: sun4v
[    0.000076] Linux version 5.1.0-rc4-00004-g43c6afee48d4 (mator@ttip) (gcc version 8.3.0 (Debian 8.3.0-7)) #1060 SMP Sat Jul 13 15:01:25 MSK 2019
[    0.000391] printk: bootconsole [earlyprom0] enabled
[    0.000442] ARCH: SUN4V
[    0.000491] Ethernet address: 00:14:4f:fa:06:f2
[    0.000544] MM: PAGE_OFFSET is 0xfff8000000000000 (max_phys_bits == 47)
[    0.000609] MM: VMALLOC [0x0000000100000000 --> 0x0006000000000000]
[    0.000669] MM: VMEMMAP [0x0006000000000000 --> 0x000c000000000000]
[    0.012110] Kernel: Using 5 locked TLB entries for main kernel image.
[    0.012195] Remapping the kernel... 
[    0.012219] done.
[    0.046724] OF stdout device is: /virtual-devices@100/console@1
[    0.046805] PROM: Built device tree with 86230 bytes of memory.
[    0.046869] MDESC: Size is 36560 bytes.
[    0.046993] PLATFORM: banner-name [SPARC T5-2]
[    0.047044] PLATFORM: name [ORCL,SPARC-T5-2]
[    0.047089] PLATFORM: hostid [84fa06f2]
[    0.047133] PLATFORM: serial# [0035260e]
[    0.047176] PLATFORM: stick-frequency [3b9aca00]
[    0.047224] PLATFORM: mac-address [144ffa06f2]
[    0.047270] PLATFORM: watchdog-resolution [1000 ms]
[    0.047322] PLATFORM: watchdog-max-timeout [31536000000 ms]
[    0.047377] PLATFORM: max-cpus [1024]
[    0.047492] Top of RAM: 0x24af938000, Total RAM: 0x87f354000
[    0.047553] Memory hole size: 115461MB
[    0.052227] Allocated 40960 bytes for kernel page tables.
[    0.052334] Zone ranges:
[    0.052376]   Normal   [mem 0x0000000030400000-0x00000024af937fff]
[    0.052440] Movable zone start for each node
[    0.052486] Early memory node ranges
[    0.052525]   node   0: [mem 0x0000000030400000-0x000000006fe7ffff]
[    0.052587]   node   0: [mem 0x000000006ff00000-0x000000006ff25fff]
[    0.052648]   node   0: [mem 0x0000000070000000-0x000000042fffffff]
[    0.052706]   node   0: [mem 0x0000002030000000-0x00000024af87ffff]
[    0.052767]   node   0: [mem 0x00000024af900000-0x00000024af925fff]
[    0.052828]   node   0: [mem 0x00000024af930000-0x00000024af937fff]
[    0.060223] Zeroed struct page in unavailable ranges: 230130 pages
[    0.060231] Initmem setup node 0 [mem 0x0000000030400000-0x00000024af937fff]
[    0.060390] On node 0 totalpages: 4454826
[    0.060399]   Normal zone: 39154 pages used for memmap
[    0.060404]   Normal zone: 0 pages reserved
[    0.060409]   Normal zone: 4454826 pages, LIFO batch:31
[    0.257986] Booting Linux...
[    0.258071] CPU CAPS: [flush,stbar,swap,muldiv,v9,blkinit,n2,mul32]
[    0.258153] CPU CAPS: [div32,v8plus,popc,vis,vis2,ASIBlkInit,fmaf,vis3]
[    0.259232] CPU CAPS: [hpc,ima,pause,cbcond,aes,des,kasumi,camellia]
[    0.259303] CPU CAPS: [md5,sha1,sha256,sha512,mpmul,montmul,montsqr,crc32c]
[    0.314375] percpu: Embedded 20 pages/cpu @(____ptrval____) s122120 r8192 d33528 u262144
[    0.314647] pcpu-alloc: s122120 r8192 d33528 u262144 alloc=1*4194304
[    0.314654] pcpu-alloc: [0] 000 001 002 003 004 005 006 007 008 009 010 011 012 013 014 015 
[    0.314680] pcpu-alloc: [0] 016 017 018 019 020 021 022 023 024 025 026 027 028 029 030 031 
[    0.314707] pcpu-alloc: [0] 032 033 034 035 036 037 038 039 040 041 042 043 044 045 046 047 
[    0.314733] pcpu-alloc: [0] 048 049 050 051 052 053 054 055 056 057 058 059 060 061 062 063 
[    0.314759] pcpu-alloc: [0] 064 065 066 067 068 069 070 071 072 073 074 075 076 077 078 079 
[    0.314785] pcpu-alloc: [0] 080 081 082 083 084 085 086 087 088 089 090 091 092 093 094 095 
[    0.314811] pcpu-alloc: [0] 096 097 098 099 100 101 102 103 104 105 106 107 108 109 110 111 
[    0.314837] pcpu-alloc: [0] 112 113 114 115 116 117 118 119 120 121 122 123 124 125 126 127 
[    0.314863] pcpu-alloc: [0] 128 129 130 131 132 133 134 135 136 137 138 139 140 141 142 143 
[    0.314889] pcpu-alloc: [0] 144 145 146 147 148 149 150 151 152 153 154 155 156 157 158 159 
[    0.314915] pcpu-alloc: [0] 160 161 162 163 164 165 166 167 168 169 170 171 172 173 174 175 
[    0.314941] pcpu-alloc: [0] 176 177 178 179 180 181 182 183 184 185 186 187 188 189 190 191 
[    0.314967] pcpu-alloc: [0] 192 193 194 195 196 197 198 199 200 201 202 203 204 205 206 207 
[    0.314993] pcpu-alloc: [0] 208 209 210 211 212 213 214 215 216 217 218 219 220 221 222 223 
[    0.315019] pcpu-alloc: [0] 224 225 226 227 228 229 230 231 232 233 234 235 236 237 238 239 
[    0.315045] pcpu-alloc: [0] 240 241 242 243 244 245 246 247 248 249 250 251 252 253 254 255 
[    0.315531] SUN4V: Mondo queue sizes [cpu(131072) dev(16384) r(8192) nr(256)]
[    0.315900] Built 1 zonelists, mobility grouping on.  Total pages: 4415672
[    0.315992] Kernel command line: BOOT_IMAGE=/vmlinuz-5.1.0-rc4-00004-g43c6afee48d4 root=/dev/vdiska2 ro zswap.enabled=1
[    0.319460] printk: log_buf_len individual max cpu contribution: 4096 bytes
[    0.319557] printk: log_buf_len total cpu_extra contributions: 1044480 bytes
[    0.319626] printk: log_buf_len min size: 131072 bytes
[    0.321025] printk: log_buf_len: 2097152 bytes
[    0.321079] printk: early log buf free: 125864(96%)
[    0.327546] Dentry cache hash table entries: 8388608 (order: 13, 67108864 bytes)
[    0.330894] Inode-cache hash table entries: 4194304 (order: 12, 33554432 bytes)
[    0.330998] Sorting __ex_table...
[    0.409284] Memory: 35115448K/35638608K available (6803K kernel code, 968K rwdata, 1992K rodata, 920K init, 8129K bss, 523160K reserved, 0K cma-reserved)
[    0.410352] kmemleak: Kernel memory leak detector disabled
[    0.410937] ftrace: allocating 19800 entries in 39 pages
[    0.425232] Running RCU self tests
[    0.425307] rcu: Hierarchical RCU implementation.
[    0.425358] rcu: 	RCU event tracing is enabled.
[    0.425408] rcu: 	RCU lockdep checking is enabled.
[    0.425458] 	Tasks RCU enabled.
[    0.426503] rcu: RCU calculated value of scheduler-enlistment delay is 11 jiffies.
[    0.432914] NR_IRQS: 2048, nr_irqs: 2048, preallocated irqs: 1
[    0.433037] SUN4V: Using IRQ API major 3, cookie only virqs enabled
[    0.437334] clocksource: stick: mask: 0xffffffffffffffff max_cycles: 0x1cd42e4dffb, max_idle_ns: 881590591483 ns
[    0.437468] clocksource: mult[800000] shift[23]
[    0.437517] clockevent: mult[80000000] shift[31]
[    0.441629] Console: colour dummy device 80x25
[    0.441709] printk: console [tty0] enabled
[    0.441787] printk: bootconsole [earlyprom0] disabled
[    0.441872] Lock dependency validator: Copyright (c) 2006 Red Hat, Inc., Ingo Molnar
[    0.441917] ... MAX_LOCKDEP_SUBCLASSES:  8
[    0.441945] ... MAX_LOCK_DEPTH:          48
[    0.441974] ... MAX_LOCKDEP_KEYS:        8191
[    0.442003] ... CLASSHASH_SIZE:          4096
[    0.442032] ... MAX_LOCKDEP_ENTRIES:     16384
[    0.442062] ... MAX_LOCKDEP_CHAINS:      32768
[    0.442091] ... CHAINHASH_SIZE:          16384
[    0.442121]  memory used by lock dependency info: 5261 kB
[    0.442155]  per task-struct memory footprint: 1920 bytes
[    0.442357] kmemleak: Early log buffer exceeded (4941), please increase DEBUG_KMEMLEAK_EARLY_LOG_SIZE
[    0.588208] Calibrating delay using timer specific routine.. 2017.24 BogoMIPS (lpj=10086202)
[    0.588275] pid_max: default: 262144 minimum: 2048
[    0.589940] Mount-cache hash table entries: 131072 (order: 7, 1048576 bytes)
[    0.590098] Mountpoint-cache hash table entries: 131072 (order: 7, 1048576 bytes)
[    0.591568] *** VALIDATE proc ***
[    0.592240] *** VALIDATE cgroup1 ***
[    0.592270] *** VALIDATE cgroup2 ***
[    0.595034] rcu: Hierarchical SRCU implementation.
[    0.617200] smp: Bringing up secondary CPUs ...
[    0.700450] smp: Brought up 1 node, 32 CPUs
[    0.707715] devtmpfs: initialized
[    0.714039] Performance events: 
[    0.714094] Testing NMI watchdog ... 
[    0.914216] OK.
[    0.914324] Supported PMU type is 'niagara5'
[    0.914647] random: get_random_u32 called from bucket_table_alloc.isra.4+0x13c/0x1c0 with crng_init=0
[    0.915540] ldc.c:v1.1 (July 22, 2008)
[    0.918723] clocksource: jiffies: mask: 0xffffffff max_cycles: 0xffffffff, max_idle_ns: 19112604462750000 ns
[    0.918831] futex hash table entries: 65536 (order: 10, 8388608 bytes)
[    0.928625] NET: Registered protocol family 16
[    0.938261] VIO: Adding device channel-devices (tx_ino = ffffffffffffffff, rx_ino = ffffffffffffffff)
[    0.938507] VIO: Adding device vnet-port-0-0 (tx_ino = 0, rx_ino = 1)
[    0.938722] VIO: Adding device vnet-port-0-1 (tx_ino = 2, rx_ino = 3)
[    0.938904] VIO: Adding device vnet-port-0-2 (tx_ino = 4, rx_ino = 5)
[    0.939097] VIO: Adding device vnet-port-0-3 (tx_ino = 6, rx_ino = 7)
[    0.939275] VIO: Adding device vnet-port-0-4 (tx_ino = 8, rx_ino = 9)
[    0.939454] VIO: Adding device vnet-port-0-5 (tx_ino = 16, rx_ino = 17)
[    0.939639] VIO: Adding device vdc-port-3-0 (tx_ino = a, rx_ino = b)
[    0.939827] VIO: Adding device vdc-port-2-0 (tx_ino = c, rx_ino = d)
[    0.940004] VIO: Adding device vdc-port-1-0 (tx_ino = e, rx_ino = f)
[    0.940188] VIO: Adding device vdc-port-0-0 (tx_ino = 10, rx_ino = 11)
[    0.940366] VIO: Adding device vlds-port-0-0 (tx_ino = 12, rx_ino = 13)
[    0.940557] VIO: Adding device domain-services-port-0 (tx_ino = 12, rx_ino = 13)
[    0.940957] audit: initializing netlink subsys (disabled)
[    0.941358] audit: type=2000 audit(0.300:1): state=initialized audit_enabled=0 res=1
[    0.985515] HugeTLB registered 64.0 KiB page size, pre-allocated 0 pages
[    0.985569] HugeTLB registered 8.00 MiB page size, pre-allocated 0 pages
[    0.985612] HugeTLB registered 256 MiB page size, pre-allocated 0 pages
[    0.985654] HugeTLB registered 2.00 GiB page size, pre-allocated 0 pages
[    0.997908] SUN4V: Reboot data supported (maj=1,min=0).
[    0.998384] ds.c:v1.0 (Jul 11, 2007)
[    0.998821] ds-0: ds_conn_reset() from send_events.isra.3
[    1.000293] clocksource: Switched to clocksource stick
[    1.269990] VFS: Disk quotas dquot_6.6.0
[    1.270538] VFS: Dquot-cache hash table entries: 1024 (order 0, 8192 bytes)
[    1.271161] *** VALIDATE hugetlbfs ***
[    1.290037] NET: Registered protocol family 2
[    1.294824] tcp_listen_portaddr_hash hash table entries: 32768 (order: 8, 2359296 bytes)
[    1.298199] TCP established hash table entries: 524288 (order: 9, 4194304 bytes)
[    1.300324] TCP bind hash table entries: 65536 (order: 9, 4194304 bytes)
[    1.305928] TCP: Hash tables configured (established 524288 bind 65536)
[    1.312600] UDP hash table entries: 32768 (order: 9, 5242880 bytes)
[    1.319804] UDP-Lite hash table entries: 32768 (order: 9, 5242880 bytes)
[    1.333607] NET: Registered protocol family 1
[    1.334349] Unpacking initramfs...
[    1.649505] Freeing initrd memory: 10280K
[    1.684458] workingset: timestamp_bits=46 max_order=23 bucket_order=0
[    1.689961] SGI XFS with ACLs, security attributes, debug enabled
[    1.837530] alg: No test for lzo-rle (lzo-rle-generic)
[    1.845314] alg: No test for lzo-rle (lzo-rle-scomp)
[    1.951211] Block layer SCSI generic (bsg) driver version 0.4 loaded (major 252)
[    1.952991] io scheduler mq-deadline registered
[    1.954942] f029b788: ttyS0 at I/O 0x0 (irq = 1, base_baud = 115200) is a SUN4V HCONS
[    1.960738] printk: console [ttyHV0] enabled
[    1.965157] sunvdc.c:v1.2 (November 24, 2014)
[    1.972749] sunvdc: Virtual CDROM vdiskd
[    1.972818] sunvdc: vdiskd: 403160 sectors (196 MB) protocol 1.2
[    1.974394]  vdiskd: vdiskd1 vdiskd2 vdiskd3 vdiskd4 vdiskd5 vdiskd6 vdiskd7
[    2.030703] sunvdc: Virtual Hard disk vdiskc
[    2.030757] sunvdc: vdiskc: 104857600 sectors (51200 MB) protocol 1.2
[    2.085101] sunvdc: Virtual Hard disk vdiskb
[    2.085156] sunvdc: vdiskb: 62914560 sectors (30720 MB) protocol 1.2
[    2.087087]  vdiskb: vdiskb1
[    2.139649] sunvdc: Virtual Hard disk vdiska
[    2.139703] sunvdc: vdiska: 31457280 sectors (15360 MB) protocol 1.2
[    2.140730]  vdiska: vdiska1 vdiska2 vdiska3 vdiska4
[    2.187755] sunvnet: sunvnet 2.0 (February 3, 2017)
[    2.191489] vnet_port vnet-port-0-0 eth0: Sun LDOM vnet 00:14:4f:f8:12:a3
[    2.192130] sunvnet: eth0: PORT ( remote-mac 00:14:4f:fa:f3:f0 switch-port )
[    2.193540] sunvnet: eth0: PORT ( remote-mac 00:14:4f:f8:e5:f3 )
[    2.194957] sunvnet: eth0: PORT ( remote-mac 00:14:4f:f9:b4:97 )
[    2.196366] sunvnet: eth0: PORT ( remote-mac 00:14:4f:f9:8b:83 )
[    2.197762] sunvnet: eth0: PORT ( remote-mac 00:14:4f:f8:3f:1e )
[    2.199133] sunvnet: eth0: PORT ( remote-mac 00:14:4f:f8:fe:47 )
[    2.200965] rtc-sun4v rtc-sun4v: registered as rtc0
[    2.201478] device-mapper: uevent: version 1.0.3
[    2.202731] device-mapper: ioctl: 4.40.0-ioctl (2019-01-18) initialised: dm-devel@redhat.com
[    2.204466] NET: Registered protocol family 17
[    2.214904] zswap: default zpool zbud not available
[    2.214989] zswap: pool creation failed
[    2.264649] Key type big_key registered
[    2.265621] rtc-sun4v rtc-sun4v: setting system clock to 2019-07-13T12:04:03 UTC (1563019443)
[    2.270068] This architecture does not have kernel memory protection.
[    2.270135] Run /init as init process
[    3.209546] crc32c_sparc64: Using sparc64 crc32c opcode optimized CRC32C implementation
[    3.217343] random: fast init done
[    3.790254] raid6: int64x8  gen()  2062 MB/s
[    3.960253] raid6: int64x8  xor()  1546 MB/s
[    4.130258] raid6: int64x4  gen()  3264 MB/s
[    4.300251] raid6: int64x4  xor()  1966 MB/s
[    4.470253] raid6: int64x2  gen()  2719 MB/s
[    4.640247] raid6: int64x2  xor()  1969 MB/s
[    4.810273] raid6: int64x1  gen()  2691 MB/s
[    4.980243] raid6: int64x1  xor()  1618 MB/s
[    4.980292] raid6: using algorithm int64x4 gen() 3264 MB/s
[    4.980331] raid6: .... xor() 1966 MB/s, rmw enabled
[    4.980367] raid6: using intx1 recovery algorithm
[    4.981365] async_tx: api initialized (async)
[    4.982019] xor: automatically using best checksumming function   Niagara   
[    5.193503] EXT4-fs (vdiska2): mounted filesystem with ordered data mode. Opts: (null)
[    5.443831] systemd[1]: Inserted module 'autofs4'
[    5.454544] NET: Registered protocol family 10
[    5.467964] Segment Routing with IPv6
[    5.499754] systemd[1]: systemd 241 running in system mode. (+PAM +AUDIT +SELINUX +IMA +APPARMOR +SMACK +SYSVINIT +UTMP +LIBCRYPTSETUP +GCRYPT +GNUTLS +ACL +XZ +LZ4 -SECCOMP +BLKID +ELFUTILS +KMOD -IDN2 +IDN +PCRE2 default-hierarchy=hybrid)
[    5.500407] systemd[1]: Detected architecture sparc64.
[    5.517952] systemd[1]: Set hostname to <ttip>.
[    5.635673] random: lvmconfig: uninitialized urandom read (4 bytes read)
[    5.939641] systemd[1]: /lib/systemd/system/smbd.service:9: PIDFile= references path below legacy directory /var/run/, updating /var/run/samba/smbd.pid → /run/samba/smbd.pid; please update the unit file accordingly.
[    5.940400] systemd[1]: /lib/systemd/system/nmbd.service:9: PIDFile= references path below legacy directory /var/run/, updating /var/run/samba/nmbd.pid → /run/samba/nmbd.pid; please update the unit file accordingly.
[    5.978955] random: systemd: uninitialized urandom read (16 bytes read)
[    5.986332] random: systemd: uninitialized urandom read (16 bytes read)
[    5.987768] systemd[1]: Listening on Journal Socket.
[    5.988894] systemd[1]: Reached target Remote File Systems.
[    6.008544] systemd[1]: Mounting Kernel Debug File System...
[    6.010282] systemd[1]: Started Forward Password Requests to Wall Directory Watch.
[    6.012697] systemd[1]: Listening on udev Control Socket.
[    6.195841] EXT4-fs (vdiska2): re-mounted. Opts: errors=remount-ro
[    6.425266] systemd-journald[462]: Received request to flush runtime journal from PID 1
[    7.123098] sha1_sparc64: Using sparc64 sha1 opcode optimized SHA-1 implementation
[    7.128479] n2rng v0.3 (Jan 7, 2017)
[    7.128563] n2rng f029b104: Registered RNG HVAPI major 2 minor 0
[    7.128625] n2rng f029b104: Found multi-unit-capable RNG, units: 2
[    7.129578] n2rng f029b104: RNG ready
[    7.153886] sha256_sparc64: Using sparc64 sha256 opcode optimized SHA-256/SHA-224 implementation
[    7.178591] sha512_sparc64: Using sparc64 sha512 opcode optimized SHA-512/SHA-384 implementation
[    7.180506] md5_sparc64: Using sparc64 md5 opcode optimized MD5 implementation
[    7.191162] aes_sparc64: Using sparc64 aes opcodes optimized AES implementation
[    7.248758] des_sparc64: Using sparc64 des opcodes optimized DES implementation
[    7.310556] camellia_sparc64: Using sparc64 camellia opcodes optimized CAMELLIA implementation
[    8.424387] XFS (dm-0): Mounting V5 Filesystem
[    8.445040] XFS (dm-0): Ending clean mount
[   10.436414] Adding 787176k swap on /dev/vdiska4.  Priority:-2 extents:1 across:787176k FS
[   10.547577] EXT4-fs (vdiska1): mounting ext3 file system using the ext4 subsystem
[   10.557833] EXT4-fs (vdiska1): mounted filesystem with ordered data mode. Opts: (null)
[   11.265116] random: crng init done
[   11.265162] random: 7 urandom warning(s) missed due to ratelimiting
