[    0.000019] PROMLIB: Sun IEEE Boot Prom 'OBP 4.38.12 2018/03/28 14:54'
[    0.000032] PROMLIB: Root node compatible: sun4v
[    0.000081] Linux version 5.2.0-rc6-00001-g9014143bab2f (mator@ttip) (gcc version 8.3.0 (Debian 8.3.0-7)) #1064 SMP Sat Jul 13 21:36:42 MSK 2019
[    0.000392] printk: bootconsole [earlyprom0] enabled
[    0.000444] ARCH: SUN4V
[    0.000493] Ethernet address: 00:14:4f:fa:06:f2
[    0.000545] MM: PAGE_OFFSET is 0xfff8000000000000 (max_phys_bits == 47)
[    0.000610] MM: VMALLOC [0x0000000100000000 --> 0x0006000000000000]
[    0.000668] MM: VMEMMAP [0x0006000000000000 --> 0x000c000000000000]
[    0.012062] Kernel: Using 5 locked TLB entries for main kernel image.
[    0.012151] Remapping the kernel... 
[    0.012176] done.
[    0.047120] OF stdout device is: /virtual-devices@100/console@1
[    0.047201] PROM: Built device tree with 86230 bytes of memory.
[    0.047268] MDESC: Size is 36560 bytes.
[    0.047396] PLATFORM: banner-name [SPARC T5-2]
[    0.047446] PLATFORM: name [ORCL,SPARC-T5-2]
[    0.047491] PLATFORM: hostid [84fa06f2]
[    0.047533] PLATFORM: serial# [0035260e]
[    0.047575] PLATFORM: stick-frequency [3b9aca00]
[    0.047623] PLATFORM: mac-address [144ffa06f2]
[    0.047668] PLATFORM: watchdog-resolution [1000 ms]
[    0.047719] PLATFORM: watchdog-max-timeout [31536000000 ms]
[    0.047773] PLATFORM: max-cpus [1024]
[    0.047884] Top of RAM: 0x24af938000, Total RAM: 0x87f354000
[    0.047944] Memory hole size: 115461MB
[    0.052702] Allocated 40960 bytes for kernel page tables.
[    0.052809] Zone ranges:
[    0.052852]   Normal   [mem 0x0000000030400000-0x00000024af937fff]
[    0.052915] Movable zone start for each node
[    0.052960] Early memory node ranges
[    0.053000]   node   0: [mem 0x0000000030400000-0x000000006fe7ffff]
[    0.053062]   node   0: [mem 0x000000006ff00000-0x000000006ff25fff]
[    0.053120]   node   0: [mem 0x0000000070000000-0x000000042fffffff]
[    0.053179]   node   0: [mem 0x0000002030000000-0x00000024af87ffff]
[    0.053240]   node   0: [mem 0x00000024af900000-0x00000024af925fff]
[    0.053300]   node   0: [mem 0x00000024af930000-0x00000024af937fff]
[    0.060686] Zeroed struct page in unavailable ranges: 230130 pages
[    0.060695] Initmem setup node 0 [mem 0x0000000030400000-0x00000024af937fff]
[    0.060853] On node 0 totalpages: 4454826
[    0.060862]   Normal zone: 39154 pages used for memmap
[    0.060867]   Normal zone: 0 pages reserved
[    0.060872]   Normal zone: 4454826 pages, LIFO batch:31
[    0.258494] Booting Linux...
[    0.258579] CPU CAPS: [flush,stbar,swap,muldiv,v9,blkinit,n2,mul32]
[    0.258663] CPU CAPS: [div32,v8plus,popc,vis,vis2,ASIBlkInit,fmaf,vis3]
[    0.259743] CPU CAPS: [hpc,ima,pause,cbcond,aes,des,kasumi,camellia]
[    0.259817] CPU CAPS: [md5,sha1,sha256,sha512,mpmul,montmul,montsqr,crc32c]
[    0.320284] percpu: Embedded 27 pages/cpu s180616 r8192 d32376 u262144
[    0.320549] pcpu-alloc: s180616 r8192 d32376 u262144 alloc=1*4194304
[    0.320556] pcpu-alloc: [0] 000 001 002 003 004 005 006 007 008 009 010 011 012 013 014 015 
[    0.320583] pcpu-alloc: [0] 016 017 018 019 020 021 022 023 024 025 026 027 028 029 030 031 
[    0.320610] pcpu-alloc: [0] 032 033 034 035 036 037 038 039 040 041 042 043 044 045 046 047 
[    0.320637] pcpu-alloc: [0] 048 049 050 051 052 053 054 055 056 057 058 059 060 061 062 063 
[    0.320663] pcpu-alloc: [0] 064 065 066 067 068 069 070 071 072 073 074 075 076 077 078 079 
[    0.320690] pcpu-alloc: [0] 080 081 082 083 084 085 086 087 088 089 090 091 092 093 094 095 
[    0.320717] pcpu-alloc: [0] 096 097 098 099 100 101 102 103 104 105 106 107 108 109 110 111 
[    0.320744] pcpu-alloc: [0] 112 113 114 115 116 117 118 119 120 121 122 123 124 125 126 127 
[    0.320771] pcpu-alloc: [0] 128 129 130 131 132 133 134 135 136 137 138 139 140 141 142 143 
[    0.320797] pcpu-alloc: [0] 144 145 146 147 148 149 150 151 152 153 154 155 156 157 158 159 
[    0.320825] pcpu-alloc: [0] 160 161 162 163 164 165 166 167 168 169 170 171 172 173 174 175 
[    0.320852] pcpu-alloc: [0] 176 177 178 179 180 181 182 183 184 185 186 187 188 189 190 191 
[    0.320878] pcpu-alloc: [0] 192 193 194 195 196 197 198 199 200 201 202 203 204 205 206 207 
[    0.320905] pcpu-alloc: [0] 208 209 210 211 212 213 214 215 216 217 218 219 220 221 222 223 
[    0.320932] pcpu-alloc: [0] 224 225 226 227 228 229 230 231 232 233 234 235 236 237 238 239 
[    0.320959] pcpu-alloc: [0] 240 241 242 243 244 245 246 247 248 249 250 251 252 253 254 255 
[    0.321478] SUN4V: Mondo queue sizes [cpu(131072) dev(16384) r(8192) nr(256)]
[    0.321856] Built 1 zonelists, mobility grouping on.  Total pages: 4415672
[    0.321947] Kernel command line: BOOT_IMAGE=/vmlinuz-5.2.0-rc6-00001-g9014143bab2f root=/dev/vdiska2 ro zswap.enabled=1
[    0.324084] printk: log_buf_len individual max cpu contribution: 4096 bytes
[    0.324172] printk: log_buf_len total cpu_extra contributions: 1044480 bytes
[    0.324243] printk: log_buf_len min size: 131072 bytes
[    0.324634] printk: log_buf_len: 2097152 bytes
[    0.324685] printk: early log buf free: 125880(96%)
[    0.331144] Dentry cache hash table entries: 8388608 (order: 13, 67108864 bytes)
[    0.334483] Inode-cache hash table entries: 4194304 (order: 12, 33554432 bytes)
[    0.334584] Sorting __ex_table...
[    0.413235] Memory: 35102472K/35638608K available (6757K kernel code, 957K rwdata, 2024K rodata, 992K init, 6716K bss, 536136K reserved, 0K cma-reserved)
[    0.414329] kmemleak: Kernel memory leak detector disabled
[    0.414982] ftrace: allocating 19668 entries in 39 pages
[    0.428959] Running RCU self tests
[    0.429031] rcu: Hierarchical RCU implementation.
[    0.429083] rcu: 	RCU event tracing is enabled.
[    0.429133] rcu: 	RCU lockdep checking is enabled.
[    0.429182] 	Tasks RCU enabled.
[    0.430224] rcu: RCU calculated value of scheduler-enlistment delay is 11 jiffies.
[    0.436961] NR_IRQS: 2048, nr_irqs: 2048, preallocated irqs: 1
[    0.437082] SUN4V: Using IRQ API major 3, cookie only virqs enabled
[    0.441558] clocksource: stick: mask: 0xffffffffffffffff max_cycles: 0x1cd42e4dffb, max_idle_ns: 881590591483 ns
[    0.441691] clocksource: mult[800000] shift[23]
[    0.441740] clockevent: mult[80000000] shift[31]
[    0.445800] Console: colour dummy device 80x25
[    0.445879] printk: console [tty0] enabled
[    0.445957] printk: bootconsole [earlyprom0] disabled
[    0.446042] Lock dependency validator: Copyright (c) 2006 Red Hat, Inc., Ingo Molnar
[    0.446089] ... MAX_LOCKDEP_SUBCLASSES:  8
[    0.446118] ... MAX_LOCK_DEPTH:          48
[    0.446147] ... MAX_LOCKDEP_KEYS:        8191
[    0.446177] ... CLASSHASH_SIZE:          4096
[    0.446207] ... MAX_LOCKDEP_ENTRIES:     16384
[    0.446237] ... MAX_LOCKDEP_CHAINS:      32768
[    0.446267] ... CHAINHASH_SIZE:          16384
[    0.446298]  memory used by lock dependency info: 3853 kB
[    0.446332]  per task-struct memory footprint: 1920 bytes
[    0.446539] kmemleak: Early log buffer exceeded (4999), please increase DEBUG_KMEMLEAK_EARLY_LOG_SIZE
[    0.592443] Calibrating delay using timer specific routine.. 2017.57 BogoMIPS (lpj=10087890)
[    0.592511] pid_max: default: 262144 minimum: 2048
[    0.594227] Mount-cache hash table entries: 131072 (order: 7, 1048576 bytes)
[    0.594392] Mountpoint-cache hash table entries: 131072 (order: 7, 1048576 bytes)
[    0.595892] *** VALIDATE proc ***
[    0.596684] *** VALIDATE cgroup1 ***
[    0.596715] *** VALIDATE cgroup2 ***
[    0.599519] rcu: Hierarchical SRCU implementation.
[    0.622355] smp: Bringing up secondary CPUs ...
[    0.705952] smp: Brought up 1 node, 32 CPUs
[    0.713248] devtmpfs: initialized
[    0.719560] Performance events: 
[    0.719619] Testing NMI watchdog ... 
[    0.919739] OK.
[    0.919906] Supported PMU type is 'niagara5'
[    0.920232] random: get_random_u32 called from bucket_table_alloc.isra.4+0x184/0x1c0 with crng_init=0
[    0.921095] ldc.c:v1.1 (July 22, 2008)
[    0.923988] clocksource: jiffies: mask: 0xffffffff max_cycles: 0xffffffff, max_idle_ns: 19112604462750000 ns
[    0.924088] futex hash table entries: 65536 (order: 10, 8388608 bytes)
[    0.933434] NET: Registered protocol family 16
[    0.943259] VIO: Adding device channel-devices (tx_ino = ffffffffffffffff, rx_ino = ffffffffffffffff)
[    0.943522] VIO: Adding device vnet-port-0-0 (tx_ino = 0, rx_ino = 1)
[    0.943733] VIO: Adding device vnet-port-0-1 (tx_ino = 2, rx_ino = 3)
[    0.943918] VIO: Adding device vnet-port-0-2 (tx_ino = 4, rx_ino = 5)
[    0.944110] VIO: Adding device vnet-port-0-3 (tx_ino = 6, rx_ino = 7)
[    0.944344] VIO: Adding device vnet-port-0-4 (tx_ino = 8, rx_ino = 9)
[    0.944524] VIO: Adding device vnet-port-0-5 (tx_ino = 16, rx_ino = 17)
[    0.944709] VIO: Adding device vdc-port-3-0 (tx_ino = a, rx_ino = b)
[    0.944897] VIO: Adding device vdc-port-2-0 (tx_ino = c, rx_ino = d)
[    0.945076] VIO: Adding device vdc-port-1-0 (tx_ino = e, rx_ino = f)
[    0.945254] VIO: Adding device vdc-port-0-0 (tx_ino = 10, rx_ino = 11)
[    0.945438] VIO: Adding device vlds-port-0-0 (tx_ino = 12, rx_ino = 13)
[    0.945639] VIO: Adding device domain-services-port-0 (tx_ino = 12, rx_ino = 13)
[    0.946041] audit: initializing netlink subsys (disabled)
[    0.946443] audit: type=2000 audit(0.500:1): state=initialized audit_enabled=0 res=1
[    0.991147] HugeTLB registered 64.0 KiB page size, pre-allocated 0 pages
[    0.991201] HugeTLB registered 8.00 MiB page size, pre-allocated 0 pages
[    0.991244] HugeTLB registered 256 MiB page size, pre-allocated 0 pages
[    0.991287] HugeTLB registered 2.00 GiB page size, pre-allocated 0 pages
[    1.039397] alg: No test for lzo-rle (lzo-rle-generic)
[    1.039976] alg: No test for lzo-rle (lzo-rle-scomp)
[    1.057534] SUN4V: Reboot data supported (maj=1,min=0).
[    1.057997] ds.c:v1.0 (Jul 11, 2007)
[    1.058433] ds-0: ds_conn_reset() from send_events.isra.3
[    1.059905] clocksource: Switched to clocksource stick
[    1.336340] VFS: Disk quotas dquot_6.6.0
[    1.336817] VFS: Dquot-cache hash table entries: 1024 (order 0, 8192 bytes)
[    1.337466] *** VALIDATE hugetlbfs ***
[    1.356364] NET: Registered protocol family 2
[    1.358803] tcp_listen_portaddr_hash hash table entries: 32768 (order: 8, 2359296 bytes)
[    1.362239] TCP established hash table entries: 524288 (order: 9, 4194304 bytes)
[    1.364280] TCP bind hash table entries: 65536 (order: 9, 4194304 bytes)
[    1.370546] TCP: Hash tables configured (established 524288 bind 65536)
[    1.377225] UDP hash table entries: 32768 (order: 9, 5242880 bytes)
[    1.384529] UDP-Lite hash table entries: 32768 (order: 9, 5242880 bytes)
[    1.398494] NET: Registered protocol family 1
[    1.399606] Trying to unpack rootfs image as initramfs...
[    1.717392] Freeing initrd memory: 10288K
[    1.752523] workingset: timestamp_bits=46 max_order=23 bucket_order=0
[    1.757988] SGI XFS with ACLs, security attributes, debug enabled
[    1.781105] Block layer SCSI generic (bsg) driver version 0.4 loaded (major 252)
[    1.782894] io scheduler mq-deadline registered
[    1.784884] f029b788: ttyS0 at I/O 0x0 (irq = 1, base_baud = 115200) is a SUN4V HCONS
[    1.790735] printk: console [ttyHV0] enabled
[    1.794554] sunvdc.c:v1.2 (November 24, 2014)
[    1.801539] sunvdc: Virtual CDROM vdiskd
[    1.801606] sunvdc: vdiskd: 403160 sectors (196 MB) protocol 1.2
[    1.803101]  vdiskd: vdiskd1 vdiskd2 vdiskd3 vdiskd4 vdiskd5 vdiskd6 vdiskd7
[    1.859371] sunvdc: Virtual Hard disk vdiskc
[    1.859426] sunvdc: vdiskc: 104857600 sectors (51200 MB) protocol 1.2
[    1.912004] sunvdc: Virtual Hard disk vdiskb
[    1.912059] sunvdc: vdiskb: 62914560 sectors (30720 MB) protocol 1.2
[    1.913976]  vdiskb: vdiskb1
[    1.966529] sunvdc: Virtual Hard disk vdiska
[    1.966584] sunvdc: vdiska: 31457280 sectors (15360 MB) protocol 1.2
[    1.967557]  vdiska: vdiska1 vdiska2 vdiska3 vdiska4
[    2.013762] sunvnet: sunvnet 2.0 (February 3, 2017)
[    2.017306] vnet_port vnet-port-0-0 eth0: Sun LDOM vnet 00:14:4f:f8:12:a3
[    2.017932] sunvnet: eth0: PORT ( remote-mac 00:14:4f:fa:f3:f0 switch-port )
[    2.019312] sunvnet: eth0: PORT ( remote-mac 00:14:4f:f8:e5:f3 )
[    2.020758] sunvnet: eth0: PORT ( remote-mac 00:14:4f:f9:b4:97 )
[    2.022141] sunvnet: eth0: PORT ( remote-mac 00:14:4f:f9:8b:83 )
[    2.023423] sunvnet: eth0: PORT ( remote-mac 00:14:4f:f8:3f:1e )
[    2.024740] sunvnet: eth0: PORT ( remote-mac 00:14:4f:f8:fe:47 )
[    2.026434] rtc-sun4v rtc-sun4v: registered as rtc0
[    2.026887] device-mapper: uevent: version 1.0.3
[    2.028088] device-mapper: ioctl: 4.40.0-ioctl (2019-01-18) initialised: dm-devel@redhat.com
[    2.029746] NET: Registered protocol family 17
[    2.040307] zswap: default zpool zbud not available
[    2.040393] zswap: pool creation failed
[    2.090466] Key type big_key registered
[    2.091422] rtc-sun4v rtc-sun4v: setting system clock to 2019-07-13T18:39:26 UTC (1563043166)
[    2.095849] This architecture does not have kernel memory protection.
[    2.095915] Run /init as init process
[    3.042128] crc32c_sparc64: Using sparc64 crc32c opcode optimized CRC32C implementation
[    3.559883] raid6: int64x8  gen()  2004 MB/s
[    3.729864] raid6: int64x8  xor()  1535 MB/s
[    3.899864] raid6: int64x4  gen()  3305 MB/s
[    4.069861] raid6: int64x4  xor()  1953 MB/s
[    4.239855] raid6: int64x2  gen()  2738 MB/s
[    4.409865] raid6: int64x2  xor()  1960 MB/s
[    4.579890] raid6: int64x1  gen()  2640 MB/s
[    4.749876] raid6: int64x1  xor()  1606 MB/s
[    4.749925] raid6: using algorithm int64x4 gen() 3305 MB/s
[    4.749964] raid6: .... xor() 1953 MB/s, rmw enabled
[    4.750000] raid6: using intx1 recovery algorithm
[    4.750997] async_tx: api initialized (async)
[    4.751637] xor: automatically using best checksumming function   Niagara   
[    4.897451] random: fast init done
[    4.976636] EXT4-fs (vdiska2): mounted filesystem with ordered data mode. Opts: (null)
[    5.227993] systemd[1]: Inserted module 'autofs4'
[    5.238083] NET: Registered protocol family 10
[    5.251072] Segment Routing with IPv6
[    5.280337] systemd[1]: systemd 241 running in system mode. (+PAM +AUDIT +SELINUX +IMA +APPARMOR +SMACK +SYSVINIT +UTMP +LIBCRYPTSETUP +GCRYPT +GNUTLS +ACL +XZ +LZ4 -SECCOMP +BLKID +ELFUTILS +KMOD -IDN2 +IDN +PCRE2 default-hierarchy=hybrid)
[    5.280962] systemd[1]: Detected architecture sparc64.
[    5.298612] systemd[1]: Set hostname to <ttip>.
[    5.304065] systemd[1]: Failed to bump fs.file-max, ignoring: Invalid argument
[    5.422924] random: lvmconfig: uninitialized urandom read (4 bytes read)
[    5.715122] systemd[1]: /lib/systemd/system/smbd.service:9: PIDFile= references path below legacy directory /var/run/, updating /var/run/samba/smbd.pid → /run/samba/smbd.pid; please update the unit file accordingly.
[    5.715854] systemd[1]: /lib/systemd/system/nmbd.service:9: PIDFile= references path below legacy directory /var/run/, updating /var/run/samba/nmbd.pid → /run/samba/nmbd.pid; please update the unit file accordingly.
[    5.752869] random: systemd: uninitialized urandom read (16 bytes read)
[    5.760224] random: systemd: uninitialized urandom read (16 bytes read)
[    5.761220] systemd[1]: Listening on fsck to fsckd communication Socket.
[    5.762803] systemd[1]: Listening on Device-mapper event daemon FIFOs.
[    5.779359] systemd[1]: Created slice system-systemd\x2dfsck.slice.
[    5.780824] systemd[1]: Listening on udev Kernel Socket.
[    5.985865] EXT4-fs (vdiska2): re-mounted. Opts: errors=remount-ro
[    6.184167] systemd-journald[447]: Received request to flush runtime journal from PID 1
[    6.996209] sha1_sparc64: Using sparc64 sha1 opcode optimized SHA-1 implementation
[    6.999334] n2rng v0.3 (Jan 7, 2017)
[    6.999455] n2rng f029b104: Registered RNG HVAPI major 2 minor 0
[    6.999545] n2rng f029b104: Found multi-unit-capable RNG, units: 2
[    7.000970] n2rng f029b104: RNG ready
[    7.029893] sha256_sparc64: Using sparc64 sha256 opcode optimized SHA-256/SHA-224 implementation
[    7.054943] sha512_sparc64: Using sparc64 sha512 opcode optimized SHA-512/SHA-384 implementation
[    7.057006] md5_sparc64: Using sparc64 md5 opcode optimized MD5 implementation
[    7.073248] aes_sparc64: Using sparc64 aes opcodes optimized AES implementation
[    7.140531] des_sparc64: Using sparc64 des opcodes optimized DES implementation
[    7.212058] camellia_sparc64: Using sparc64 camellia opcodes optimized CAMELLIA implementation
[    8.304774] XFS (dm-0): Mounting V5 Filesystem
[    8.326533] XFS (dm-0): Ending clean mount
[   10.273855] Adding 787176k swap on /dev/vdiska4.  Priority:-2 extents:1 across:787176k FS
[   10.390071] EXT4-fs (vdiska1): mounting ext3 file system using the ext4 subsystem
[   10.407841] EXT4-fs (vdiska1): mounted filesystem with ordered data mode. Opts: (null)
[   11.106832] random: crng init done
[   11.106897] random: 7 urandom warning(s) missed due to ratelimiting
