[    0.000019] PROMLIB: Sun IEEE Boot Prom 'OBP 4.38.12 2018/03/28 14:54'
[    0.000030] PROMLIB: Root node compatible: sun4v
[    0.000078] Linux version 5.2.0-05713-g39656e83dab9 (mator@ttip) (gcc version 8.3.0 (Debian 8.3.0-19)) #1098 SMP Wed Jul 17 19:51:58 MSK 2019
[    0.000382] printk: bootconsole [earlyprom0] enabled
[    0.000435] ARCH: SUN4V
[    0.000484] Ethernet address: 00:14:4f:fa:06:f2
[    0.000536] MM: PAGE_OFFSET is 0xfff8000000000000 (max_phys_bits == 47)
[    0.000600] MM: VMALLOC [0x0000000100000000 --> 0x0006000000000000]
[    0.000660] MM: VMEMMAP [0x0006000000000000 --> 0x000c000000000000]
[    0.012040] Kernel: Using 5 locked TLB entries for main kernel image.
[    0.012126] Remapping the kernel... 
[    0.012150] done.
[    0.047209] OF stdout device is: /virtual-devices@100/console@1
[    0.047291] PROM: Built device tree with 86230 bytes of memory.
[    0.047356] MDESC: Size is 36560 bytes.
[    0.047481] PLATFORM: banner-name [SPARC T5-2]
[    0.047533] PLATFORM: name [ORCL,SPARC-T5-2]
[    0.047577] PLATFORM: hostid [84fa06f2]
[    0.047621] PLATFORM: serial# [0035260e]
[    0.047663] PLATFORM: stick-frequency [3b9aca00]
[    0.047711] PLATFORM: mac-address [144ffa06f2]
[    0.047756] PLATFORM: watchdog-resolution [1000 ms]
[    0.047806] PLATFORM: watchdog-max-timeout [31536000000 ms]
[    0.047860] PLATFORM: max-cpus [1024]
[    0.047971] Top of RAM: 0x24af938000, Total RAM: 0x87f354000
[    0.048032] Memory hole size: 115461MB
[    0.052789] Allocated 40960 bytes for kernel page tables.
[    0.052897] Zone ranges:
[    0.052939]   Normal   [mem 0x0000000030400000-0x00000024af937fff]
[    0.053001] Movable zone start for each node
[    0.053046] Early memory node ranges
[    0.053085]   node   0: [mem 0x0000000030400000-0x000000006fe7ffff]
[    0.053146]   node   0: [mem 0x000000006ff00000-0x000000006ff25fff]
[    0.053204]   node   0: [mem 0x0000000070000000-0x000000042fffffff]
[    0.053265]   node   0: [mem 0x0000002030000000-0x00000024af87ffff]
[    0.053326]   node   0: [mem 0x00000024af900000-0x00000024af925fff]
[    0.053386]   node   0: [mem 0x00000024af930000-0x00000024af937fff]
[    0.060760] Zeroed struct page in unavailable ranges: 230130 pages
[    0.060768] Initmem setup node 0 [mem 0x0000000030400000-0x00000024af937fff]
[    0.060926] On node 0 totalpages: 4454826
[    0.060935]   Normal zone: 39154 pages used for memmap
[    0.060941]   Normal zone: 0 pages reserved
[    0.060946]   Normal zone: 4454826 pages, LIFO batch:31
[    0.258226] Booting Linux...
[    0.258310] CPU CAPS: [flush,stbar,swap,muldiv,v9,blkinit,n2,mul32]
[    0.258393] CPU CAPS: [div32,v8plus,popc,vis,vis2,ASIBlkInit,fmaf,vis3]
[    0.259473] CPU CAPS: [hpc,ima,pause,cbcond,aes,des,kasumi,camellia]
[    0.259545] CPU CAPS: [md5,sha1,sha256,sha512,mpmul,montmul,montsqr,crc32c]
[    0.320347] percpu: Embedded 27 pages/cpu s180680 r8192 d32312 u262144
[    0.320610] pcpu-alloc: s180680 r8192 d32312 u262144 alloc=1*4194304
[    0.320617] pcpu-alloc: [0] 000 001 002 003 004 005 006 007 008 009 010 011 012 013 014 015 
[    0.320644] pcpu-alloc: [0] 016 017 018 019 020 021 022 023 024 025 026 027 028 029 030 031 
[    0.320670] pcpu-alloc: [0] 032 033 034 035 036 037 038 039 040 041 042 043 044 045 046 047 
[    0.320696] pcpu-alloc: [0] 048 049 050 051 052 053 054 055 056 057 058 059 060 061 062 063 
[    0.320722] pcpu-alloc: [0] 064 065 066 067 068 069 070 071 072 073 074 075 076 077 078 079 
[    0.320748] pcpu-alloc: [0] 080 081 082 083 084 085 086 087 088 089 090 091 092 093 094 095 
[    0.320775] pcpu-alloc: [0] 096 097 098 099 100 101 102 103 104 105 106 107 108 109 110 111 
[    0.320801] pcpu-alloc: [0] 112 113 114 115 116 117 118 119 120 121 122 123 124 125 126 127 
[    0.320827] pcpu-alloc: [0] 128 129 130 131 132 133 134 135 136 137 138 139 140 141 142 143 
[    0.320854] pcpu-alloc: [0] 144 145 146 147 148 149 150 151 152 153 154 155 156 157 158 159 
[    0.320880] pcpu-alloc: [0] 160 161 162 163 164 165 166 167 168 169 170 171 172 173 174 175 
[    0.320907] pcpu-alloc: [0] 176 177 178 179 180 181 182 183 184 185 186 187 188 189 190 191 
[    0.320933] pcpu-alloc: [0] 192 193 194 195 196 197 198 199 200 201 202 203 204 205 206 207 
[    0.320959] pcpu-alloc: [0] 208 209 210 211 212 213 214 215 216 217 218 219 220 221 222 223 
[    0.320986] pcpu-alloc: [0] 224 225 226 227 228 229 230 231 232 233 234 235 236 237 238 239 
[    0.321012] pcpu-alloc: [0] 240 241 242 243 244 245 246 247 248 249 250 251 252 253 254 255 
[    0.321546] SUN4V: Mondo queue sizes [cpu(131072) dev(16384) r(8192) nr(256)]
[    0.321940] Built 1 zonelists, mobility grouping on.  Total pages: 4415672
[    0.322038] Kernel command line: BOOT_IMAGE=/vmlinux-5.2.0-05713-g39656e83dab9 root=/dev/vdiska2 ro zswap.enabled=1
[    0.324392] printk: log_buf_len individual max cpu contribution: 4096 bytes
[    0.324491] printk: log_buf_len total cpu_extra contributions: 1044480 bytes
[    0.324562] printk: log_buf_len min size: 131072 bytes
[    0.324958] printk: log_buf_len: 2097152 bytes
[    0.325010] printk: early log buf free: 125888(96%)
[    0.331824] Dentry cache hash table entries: 8388608 (order: 13, 67108864 bytes)
[    0.335228] Inode-cache hash table entries: 4194304 (order: 12, 33554432 bytes)
[    0.335315] Sorting __ex_table...
[    0.413378] Memory: 35102232K/35638608K available (6845K kernel code, 962K rwdata, 2048K rodata, 992K init, 6716K bss, 536376K reserved, 0K cma-reserved)
[    0.414466] kmemleak: Kernel memory leak detector disabled
[    0.415129] ftrace: allocating 19817 entries in 39 pages
[    0.429715] Running RCU self tests
[    0.429794] rcu: Hierarchical RCU implementation.
[    0.429847] rcu: 	RCU event tracing is enabled.
[    0.429899] rcu: 	RCU lockdep checking is enabled.
[    0.429948] 	Tasks RCU enabled.
[    0.431011] rcu: RCU calculated value of scheduler-enlistment delay is 11 jiffies.
[    0.438118] NR_IRQS: 2048, nr_irqs: 2048, preallocated irqs: 1
[    0.438246] SUN4V: Using IRQ API major 3, cookie only virqs enabled
[    0.442741] clocksource: stick: mask: 0xffffffffffffffff max_cycles: 0x1cd42e4dffb, max_idle_ns: 881590591483 ns
[    0.442875] clocksource: mult[800000] shift[23]
[    0.442924] clockevent: mult[80000000] shift[31]
[    0.446920] Console: colour dummy device 80x25
[    0.447010] printk: console [tty0] enabled
[    0.447091] printk: bootconsole [earlyprom0] disabled
[    0.447178] Lock dependency validator: Copyright (c) 2006 Red Hat, Inc., Ingo Molnar
[    0.447227] ... MAX_LOCKDEP_SUBCLASSES:  8
[    0.447256] ... MAX_LOCK_DEPTH:          48
[    0.447287] ... MAX_LOCKDEP_KEYS:        8192
[    0.447317] ... CLASSHASH_SIZE:          4096
[    0.447348] ... MAX_LOCKDEP_ENTRIES:     16384
[    0.447379] ... MAX_LOCKDEP_CHAINS:      32768
[    0.447411] ... CHAINHASH_SIZE:          16384
[    0.447442]  memory used by lock dependency info: 3855 kB
[    0.447478]  per task-struct memory footprint: 1920 bytes
[    0.447683] kmemleak: Early log buffer exceeded (5008), please increase DEBUG_KMEMLEAK_EARLY_LOG_SIZE
[    0.593641] Calibrating delay using timer specific routine.. 2017.83 BogoMIPS (lpj=10089169)
[    0.593712] pid_max: default: 262144 minimum: 2048
[    0.595420] Mount-cache hash table entries: 131072 (order: 7, 1048576 bytes)
[    0.595583] Mountpoint-cache hash table entries: 131072 (order: 7, 1048576 bytes)
[    0.597071] *** VALIDATE proc ***
[    0.597874] *** VALIDATE cgroup1 ***
[    0.597906] *** VALIDATE cgroup2 ***
[    0.600680] rcu: Hierarchical SRCU implementation.
[    0.623772] smp: Bringing up secondary CPUs ...
[    0.707570] smp: Brought up 1 node, 32 CPUs
[    0.714865] devtmpfs: initialized
[    0.721243] Performance events: 
[    0.721301] Testing NMI watchdog ... 
[    0.921428] OK.
[    0.921600] Supported PMU type is 'niagara5'
[    0.921925] random: get_random_u32 called from bucket_table_alloc.isra.4+0x184/0x1c0 with crng_init=0
[    0.922825] ldc.c:v1.1 (July 22, 2008)
[    0.925914] clocksource: jiffies: mask: 0xffffffff max_cycles: 0xffffffff, max_idle_ns: 19112604462750000 ns
[    0.926017] futex hash table entries: 65536 (order: 10, 8388608 bytes)
[    0.935471] NET: Registered protocol family 16
[    0.945436] VIO: Adding device channel-devices (tx_ino = ffffffffffffffff, rx_ino = ffffffffffffffff)
[    0.945778] VIO: Adding device vnet-port-0-0 (tx_ino = 0, rx_ino = 1)
[    0.945997] VIO: Adding device vnet-port-0-1 (tx_ino = 2, rx_ino = 3)
[    0.946190] VIO: Adding device vnet-port-0-2 (tx_ino = 4, rx_ino = 5)
[    0.946384] VIO: Adding device vnet-port-0-3 (tx_ino = 6, rx_ino = 7)
[    0.946580] VIO: Adding device vnet-port-0-4 (tx_ino = 8, rx_ino = 9)
[    0.946773] VIO: Adding device vnet-port-0-5 (tx_ino = 16, rx_ino = 17)
[    0.946976] VIO: Adding device vdc-port-3-0 (tx_ino = a, rx_ino = b)
[    0.947175] VIO: Adding device vdc-port-2-0 (tx_ino = c, rx_ino = d)
[    0.947374] VIO: Adding device vdc-port-1-0 (tx_ino = e, rx_ino = f)
[    0.947567] VIO: Adding device vdc-port-0-0 (tx_ino = 10, rx_ino = 11)
[    0.947767] VIO: Adding device vlds-port-0-0 (tx_ino = 12, rx_ino = 13)
[    0.947984] VIO: Adding device domain-services-port-0 (tx_ino = 12, rx_ino = 13)
[    0.948427] audit: initializing netlink subsys (disabled)
[    0.948844] audit: type=2000 audit(0.500:1): state=initialized audit_enabled=0 res=1
[    0.995846] HugeTLB registered 64.0 KiB page size, pre-allocated 0 pages
[    0.995902] HugeTLB registered 8.00 MiB page size, pre-allocated 0 pages
[    0.995947] HugeTLB registered 256 MiB page size, pre-allocated 0 pages
[    0.995993] HugeTLB registered 2.00 GiB page size, pre-allocated 0 pages
[    1.045169] alg: No test for lzo-rle (lzo-rle-generic)
[    1.045762] alg: No test for lzo-rle (lzo-rle-scomp)
[    1.064212] SUN4V: Reboot data supported (maj=1,min=0).
[    1.064674] ds.c:v1.0 (Jul 11, 2007)
[    1.065099] ds-0: ds_conn_reset() from send_events.isra.3
[    1.066559] clocksource: Switched to clocksource stick
[    1.355906] VFS: Disk quotas dquot_6.6.0
[    1.356456] VFS: Dquot-cache hash table entries: 1024 (order 0, 8192 bytes)
[    1.357254] *** VALIDATE hugetlbfs ***
[    1.376606] NET: Registered protocol family 2
[    1.379314] tcp_listen_portaddr_hash hash table entries: 32768 (order: 8, 2359296 bytes)
[    1.382738] TCP established hash table entries: 524288 (order: 9, 4194304 bytes)
[    1.384846] TCP bind hash table entries: 65536 (order: 9, 4194304 bytes)
[    1.391087] TCP: Hash tables configured (established 524288 bind 65536)
[    1.397691] UDP hash table entries: 32768 (order: 9, 5242880 bytes)
[    1.404929] UDP-Lite hash table entries: 32768 (order: 9, 5242880 bytes)
[    1.418928] NET: Registered protocol family 1
[    1.420005] Trying to unpack rootfs image as initramfs...
[    1.747968] Freeing initrd memory: 10416K
[    1.783821] workingset: timestamp_bits=46 max_order=23 bucket_order=0
[    1.789636] SGI XFS with ACLs, security attributes, debug enabled
[    1.820781] Block layer SCSI generic (bsg) driver version 0.4 loaded (major 252)
[    1.822669] io scheduler mq-deadline registered
[    1.824937] f029b788: ttyS0 at I/O 0x0 (irq = 1, base_baud = 115200) is a SUN4V HCONS
[    1.831460] printk: console [ttyHV0] enabled
[    1.836903] sunvdc.c:v1.2 (November 24, 2014)
[    1.844695] sunvdc: Virtual CDROM vdiskd
[    1.844769] sunvdc: vdiskd: 403160 sectors (196 MB) protocol 1.2
[    1.846432]  vdiskd: vdiskd1 vdiskd2 vdiskd3 vdiskd4 vdiskd5 vdiskd6 vdiskd7
[    1.906241] sunvdc: Virtual Hard disk vdiskc
[    1.906297] sunvdc: vdiskc: 104857600 sectors (51200 MB) protocol 1.2
[    1.962449] sunvdc: Virtual Hard disk vdiskb
[    1.962506] sunvdc: vdiskb: 62914560 sectors (30720 MB) protocol 1.2
[    1.964460]  vdiskb: vdiskb1
[    2.020579] sunvdc: Virtual Hard disk vdiska
[    2.020635] sunvdc: vdiska: 31457280 sectors (15360 MB) protocol 1.2
[    2.021646]  vdiska: vdiska1 vdiska2 vdiska3 vdiska4
[    2.071978] sunvnet: sunvnet 2.0 (February 3, 2017)
[    2.075852] vnet_port vnet-port-0-0 eth0: Sun LDOM vnet 00:14:4f:f8:12:a3
[    2.076556] sunvnet: eth0: PORT ( remote-mac 00:14:4f:fa:f3:f0 switch-port )
[    2.078035] sunvnet: eth0: PORT ( remote-mac 00:14:4f:f8:e5:f3 )
[    2.079472] sunvnet: eth0: PORT ( remote-mac 00:14:4f:f9:b4:97 )
[    2.080930] sunvnet: eth0: PORT ( remote-mac 00:14:4f:f9:8b:83 )
[    2.082378] sunvnet: eth0: PORT ( remote-mac 00:14:4f:f8:3f:1e )
[    2.083782] sunvnet: eth0: PORT ( remote-mac 00:14:4f:f8:fe:47 )
[    2.085450] rtc-sun4v rtc-sun4v: registered as rtc0
[    2.085909] device-mapper: uevent: version 1.0.3
[    2.087214] device-mapper: ioctl: 4.40.0-ioctl (2019-01-18) initialised: dm-devel@redhat.com
[    2.088939] NET: Registered protocol family 17
[    2.099886] zswap: default zpool zbud not available
[    2.099973] zswap: pool creation failed
[    2.150862] Key type big_key registered
[    2.151785] rtc-sun4v rtc-sun4v: setting system clock to 2019-07-17T16:53:38 UTC (1563382418)
[    2.156182] This architecture does not have kernel memory protection.
[    2.156247] Run /init as init process
[    3.130697] crc32c_sparc64: Using sparc64 crc32c opcode optimized CRC32C implementation
[    3.133264] random: fast init done
[    3.686547] raid6: int64x8  gen()  1921 MB/s
[    3.856572] raid6: int64x8  xor()  1486 MB/s
[    4.026550] raid6: int64x4  gen()  3137 MB/s
[    4.196561] raid6: int64x4  xor()  1868 MB/s
[    4.366543] raid6: int64x2  gen()  2905 MB/s
[    4.536563] raid6: int64x2  xor()  1957 MB/s
[    4.706584] raid6: int64x1  gen()  2645 MB/s
[    4.876562] raid6: int64x1  xor()  1564 MB/s
[    4.876612] raid6: using algorithm int64x4 gen() 3137 MB/s
[    4.876652] raid6: .... xor() 1868 MB/s, rmw enabled
[    4.876689] raid6: using intx1 recovery algorithm
[    4.877656] async_tx: api initialized (async)
[    4.878282] xor: automatically using best checksumming function   Niagara   
[    5.090195] EXT4-fs (vdiska2): mounted filesystem with ordered data mode. Opts: (null)
[    5.337284] systemd[1]: Inserted module 'autofs4'
[    5.350091] NET: Registered protocol family 10
[    5.362682] Segment Routing with IPv6
[    5.392422] systemd[1]: systemd 241 running in system mode. (+PAM +AUDIT +SELINUX +IMA +APPARMOR +SMACK +SYSVINIT +UTMP +LIBCRYPTSETUP +GCRYPT +GNUTLS +ACL +XZ +LZ4 -SECCOMP +BLKID +ELFUTILS +KMOD -IDN2 +IDN +PCRE2 default-hierarchy=hybrid)
[    5.393060] systemd[1]: Detected architecture sparc64.
[    5.412171] systemd[1]: Set hostname to <ttip>.
[    5.417569] systemd[1]: Failed to bump fs.file-max, ignoring: Invalid argument
[    5.552200] random: lvmconfig: uninitialized urandom read (4 bytes read)
[    5.807131] systemd[1]: /lib/systemd/system/smbd.service:9: PIDFile= references path below legacy directory /var/run/, updating /var/run/samba/smbd.pid → /run/samba/smbd.pid; please update the unit file accordingly.
[    5.807838] systemd[1]: /lib/systemd/system/nmbd.service:9: PIDFile= references path below legacy directory /var/run/, updating /var/run/samba/nmbd.pid → /run/samba/nmbd.pid; please update the unit file accordingly.
[    5.845866] random: systemd: uninitialized urandom read (16 bytes read)
[    5.853368] random: systemd: uninitialized urandom read (16 bytes read)
[    5.854288] systemd[1]: Started Dispatch Password Requests to Console Directory Watch.
[    5.856274] systemd[1]: Listening on Journal Audit Socket.
[    5.857577] systemd[1]: Listening on fsck to fsckd communication Socket.
[    5.869781] systemd[1]: Created slice User and Session Slice.
[    6.140092] EXT4-fs (vdiska2): re-mounted. Opts: errors=remount-ro
[    6.314078] systemd-journald[451]: Received request to flush runtime journal from PID 1
[    7.048901] sha1_sparc64: Using sparc64 sha1 opcode optimized SHA-1 implementation
[    7.070933] n2rng v0.3 (Jan 7, 2017)
[    7.071024] n2rng f029b104: Registered RNG HVAPI major 2 minor 0
[    7.071087] n2rng f029b104: Found multi-unit-capable RNG, units: 2
[    7.072075] n2rng f029b104: RNG ready
[    7.078386] sha256_sparc64: Using sparc64 sha256 opcode optimized SHA-256/SHA-224 implementation
[    7.098707] sha512_sparc64: Using sparc64 sha512 opcode optimized SHA-512/SHA-384 implementation
[    7.100512] md5_sparc64: Using sparc64 md5 opcode optimized MD5 implementation
[    7.114306] aes_sparc64: Using sparc64 aes opcodes optimized AES implementation
[    7.177845] des_sparc64: Using sparc64 des opcodes optimized DES implementation
[    7.245857] camellia_sparc64: Using sparc64 camellia opcodes optimized CAMELLIA implementation
[    8.468866] XFS (dm-0): Mounting V5 Filesystem
[    8.499962] XFS (dm-0): Ending clean mount
[   10.446756] Adding 787176k swap on /dev/vdiska4.  Priority:-2 extents:1 across:787176k FS
[   10.523998] EXT4-fs (vdiska1): mounting ext3 file system using the ext4 subsystem
[   10.666233] EXT4-fs (vdiska1): mounted filesystem with ordered data mode. Opts: (null)
[   11.348717] random: crng init done
[   11.348776] random: 7 urandom warning(s) missed due to ratelimiting
