[    0.000020] PROMLIB: Sun IEEE Boot Prom 'OBP 4.38.12 2018/03/28 14:54'
[    0.000033] PROMLIB: Root node compatible: sun4v
[    0.000080] Linux version 5.5.0-rc1-00287-g510c9788991c (mator@ttip.nvglabs.local) (gcc version 9.2.1 20191130 (Debian 9.2.1-21)) #1324 SMP Sun Dec 15 13:35:12 MSK 2019
[    0.000410] printk: bootconsole [earlyprom0] enabled
[    0.000462] ARCH: SUN4V
[    0.000511] Ethernet address: 00:14:4f:fa:06:f2
[    0.000564] MM: PAGE_OFFSET is 0xfff8000000000000 (max_phys_bits == 47)
[    0.000628] MM: VMALLOC [0x0000000100000000 --> 0x0006000000000000]
[    0.000689] MM: VMEMMAP [0x0006000000000000 --> 0x000c000000000000]
[    0.012615] Kernel: Using 5 locked TLB entries for main kernel image.
[    0.012687] Remapping the kernel... 
[    0.012714] done.
[    0.046356] OF stdout device is: /virtual-devices@100/console@1
[    0.046426] PROM: Built device tree with 88003 bytes of memory.
[    0.046489] MDESC: Size is 36960 bytes.
[    0.046609] PLATFORM: banner-name [SPARC T5-2]
[    0.046659] PLATFORM: name [ORCL,SPARC-T5-2]
[    0.046706] PLATFORM: hostid [84fa06f2]
[    0.046749] PLATFORM: serial# [0035260e]
[    0.046792] PLATFORM: stick-frequency [3b9aca00]
[    0.046840] PLATFORM: mac-address [144ffa06f2]
[    0.046887] PLATFORM: watchdog-resolution [1000 ms]
[    0.046939] PLATFORM: watchdog-max-timeout [31536000000 ms]
[    0.046995] PLATFORM: max-cpus [1024]
[    0.047093] Top of RAM: 0x24af938000, Total RAM: 0x87f354000
[    0.047155] Memory hole size: 115461MB
[    0.051807] Allocated 40960 bytes for kernel page tables.
[    0.051894] Zone ranges:
[    0.051933]   Normal   [mem 0x0000000030400000-0x00000024af937fff]
[    0.051996] Movable zone start for each node
[    0.052041] Early memory node ranges
[    0.052083]   node   0: [mem 0x0000000030400000-0x000000006fe7ffff]
[    0.052146]   node   0: [mem 0x000000006ff00000-0x000000006ff25fff]
[    0.052207]   node   0: [mem 0x0000000070000000-0x000000042fffffff]
[    0.052268]   node   0: [mem 0x0000002030000000-0x00000024af87ffff]
[    0.052329]   node   0: [mem 0x00000024af900000-0x00000024af925fff]
[    0.052390]   node   0: [mem 0x00000024af930000-0x00000024af937fff]
[    0.059764] Zeroed struct page in unavailable ranges: 230130 pages
[    0.059772] Initmem setup node 0 [mem 0x0000000030400000-0x00000024af937fff]
[    0.059932] On node 0 totalpages: 4454826
[    0.059941]   Normal zone: 39154 pages used for memmap
[    0.059946]   Normal zone: 0 pages reserved
[    0.059952]   Normal zone: 4454826 pages, LIFO batch:31
[    0.070802] Booting Linux...
[    0.070884] CPU CAPS: [flush,stbar,swap,muldiv,v9,blkinit,n2,mul32]
[    0.070966] CPU CAPS: [div32,v8plus,popc,vis,vis2,ASIBlkInit,fmaf,vis3]
[    0.071045] CPU CAPS: [hpc,ima,pause,cbcond,aes,des,kasumi,camellia]
[    0.071119] CPU CAPS: [md5,sha1,sha256,sha512,mpmul,montmul,montsqr,crc32c]
[    0.101036] percpu: Embedded 27 pages/cpu s182024 r8192 d30968 u262144
[    0.101265] pcpu-alloc: s182024 r8192 d30968 u262144 alloc=1*4194304
[    0.101272] pcpu-alloc: [0] 000 001 002 003 004 005 006 007 008 009 010 011 012 013 014 015 
[    0.101300] pcpu-alloc: [0] 016 017 018 019 020 021 022 023 024 025 026 027 028 029 030 031 
[    0.101328] pcpu-alloc: [0] 032 033 034 035 036 037 038 039 040 041 042 043 044 045 046 047 
[    0.101356] pcpu-alloc: [0] 048 049 050 051 052 053 054 055 056 057 058 059 060 061 062 063 
[    0.101384] pcpu-alloc: [0] 064 065 066 067 068 069 070 071 072 073 074 075 076 077 078 079 
[    0.101412] pcpu-alloc: [0] 080 081 082 083 084 085 086 087 088 089 090 091 092 093 094 095 
[    0.101440] pcpu-alloc: [0] 096 097 098 099 100 101 102 103 104 105 106 107 108 109 110 111 
[    0.101468] pcpu-alloc: [0] 112 113 114 115 116 117 118 119 120 121 122 123 124 125 126 127 
[    0.101989] SUN4V: Mondo queue sizes [cpu(131072) dev(16384) r(8192) nr(256)]
[    0.102359] Built 1 zonelists, mobility grouping on.  Total pages: 4415672
[    0.102448] Kernel command line: BOOT_IMAGE=/vmlinux-5.5.0-rc1-00287-g510c9788991c root=/dev/vdiska2 ro zswap.enabled=1
[    0.104867] printk: log_buf_len individual max cpu contribution: 4096 bytes
[    0.104937] printk: log_buf_len total cpu_extra contributions: 520192 bytes
[    0.105005] printk: log_buf_len min size: 131072 bytes
[    0.105279] printk: log_buf_len: 1048576 bytes
[    0.105329] printk: early log buf free: 126624(96%)
[    0.111646] Dentry cache hash table entries: 8388608 (order: 13, 67108864 bytes, linear)
[    0.114880] Inode-cache hash table entries: 4194304 (order: 12, 33554432 bytes, linear)
[    0.114955] Sorting __ex_table...
[    0.115192] mem auto-init: stack:off, heap alloc:off, heap free:off
[    0.173164] Memory: 1305232K/35638608K available (7583K kernel code, 965K rwdata, 2272K rodata, 712K init, 6742K bss, 504568K reserved, 0K cma-reserved)
[    0.173835] SLUB: HWalign=32, Order=0-3, MinObjects=0, CPUs=128, Nodes=1
[    0.174139] ftrace: allocating 21320 entries in 42 pages
[    0.182233] ftrace: allocated 42 pages with 3 groups
[    0.185037] Running RCU self tests
[    0.185083] rcu: Hierarchical RCU implementation.
[    0.185134] rcu: 	RCU event tracing is enabled.
[    0.185182] rcu: 	RCU lockdep checking is enabled.
[    0.185233] 	Tasks RCU enabled.
[    0.185270] rcu: RCU calculated value of scheduler-enlistment delay is 10 jiffies.
[    0.189429] NR_IRQS: 2048, nr_irqs: 2048, preallocated irqs: 1
[    0.189505] SUN4V: Using IRQ API major 3, cookie only virqs enabled
[    0.191945] clocksource: stick: mask: 0xffffffffffffffff max_cycles: 0x1cd42e4dffb, max_idle_ns: 881590591483 ns
[    0.192079] clocksource: mult[800000] shift[23]
[    0.192129] clockevent: mult[80000000] shift[31]
[    0.192653] Console: colour dummy device 80x25
[    0.192716] printk: console [tty0] enabled
[    0.192791] printk: bootconsole [earlyprom0] disabled
[    0.192875] Lock dependency validator: Copyright (c) 2006 Red Hat, Inc., Ingo Molnar
[    0.192923] ... MAX_LOCKDEP_SUBCLASSES:  8
[    0.192953] ... MAX_LOCK_DEPTH:          48
[    0.192983] ... MAX_LOCKDEP_KEYS:        8192
[    0.193014] ... CLASSHASH_SIZE:          4096
[    0.193044] ... MAX_LOCKDEP_ENTRIES:     16384
[    0.193075] ... MAX_LOCKDEP_CHAINS:      32768
[    0.193106] ... CHAINHASH_SIZE:          16384
[    0.193138]  memory used by lock dependency info: 3855 kB
[    0.193173]  memory used for stack traces: 2112 kB
[    0.193206]  per task-struct memory footprint: 1920 bytes
[    0.342350] Calibrating delay using timer specific routine.. 2003.83 BogoMIPS (lpj=10019197)
[    0.342406] pid_max: default: 131072 minimum: 1024
[    0.342671] LSM: Security Framework initializing
[    0.342807] AppArmor: AppArmor initialized
[    0.343074] Mount-cache hash table entries: 131072 (order: 7, 1048576 bytes, linear)
[    0.343238] Mountpoint-cache hash table entries: 131072 (order: 7, 1048576 bytes, linear)
[    0.343367] *** VALIDATE tmpfs ***
[    0.344221] *** VALIDATE proc ***
[    0.344712] *** VALIDATE cgroup1 ***
[    0.344744] *** VALIDATE cgroup2 ***
[    0.346804] rcu: Hierarchical SRCU implementation.
[    0.354713] smp: Bringing up secondary CPUs ...
[    0.397729] smp: Brought up 1 node, 32 CPUs
[    0.586314] node 0 initialised, 4228601 pages in 190ms
[    0.587654] devtmpfs: initialized
[    0.592288] Performance events: 
[    0.592330] Testing NMI watchdog ... 
[    0.792400] OK.
[    0.792484] Supported PMU type is 'niagara5'
[    0.792666] random: get_random_u32 called from bucket_table_alloc.isra.0+0x188/0x1c0 with crng_init=0
[    0.793271] ldc.c:v1.1 (July 22, 2008)
[    0.795562] clocksource: jiffies: mask: 0xffffffff max_cycles: 0xffffffff, max_idle_ns: 19112604462750000 ns
[    0.795648] futex hash table entries: 32768 (order: 9, 4194304 bytes, linear)
[    0.800674] NET: Registered protocol family 16
[    0.808946] VIO: Adding device channel-devices (tx_ino = ffffffffffffffff, rx_ino = ffffffffffffffff)
[    0.809155] VIO: Adding device vnet-port-0-0 (tx_ino = 0, rx_ino = 1)
[    0.809353] VIO: Adding device vnet-port-0-1 (tx_ino = 2, rx_ino = 3)
[    0.809519] VIO: Adding device vnet-port-0-2 (tx_ino = 4, rx_ino = 5)
[    0.809690] VIO: Adding device vnet-port-0-4 (tx_ino = 8, rx_ino = 9)
[    0.809855] VIO: Adding device vnet-port-0-5 (tx_ino = a, rx_ino = b)
[    0.810019] VIO: Adding device vnet-port-0-6 (tx_ino = c, rx_ino = d)
[    0.810183] VIO: Adding device vdc-port-3-0 (tx_ino = e, rx_ino = f)
[    0.810353] VIO: Adding device vdc-port-2-0 (tx_ino = 10, rx_ino = 11)
[    0.810517] VIO: Adding device vdc-port-1-0 (tx_ino = 12, rx_ino = 13)
[    0.810682] VIO: Adding device vdc-port-0-0 (tx_ino = 14, rx_ino = 15)
[    0.810850] VIO: Adding device vdc-port-4-0 (tx_ino = 16, rx_ino = 17)
[    0.811016] VIO: Adding device vlds-port-0-0 (tx_ino = 18, rx_ino = 19)
[    0.811183] VIO: Adding device domain-services-port-0 (tx_ino = 18, rx_ino = 19)
[    0.811462] audit: initializing netlink subsys (disabled)
[    0.811729] audit: type=2000 audit(0.410:1): state=initialized audit_enabled=0 res=1
[    0.836364] HugeTLB registered 64.0 KiB page size, pre-allocated 0 pages
[    0.836412] HugeTLB registered 8.00 MiB page size, pre-allocated 0 pages
[    0.836457] HugeTLB registered 256 MiB page size, pre-allocated 0 pages
[    0.836502] HugeTLB registered 2.00 GiB page size, pre-allocated 0 pages
[    0.838080] alg: extra crypto tests enabled.  This is intended for developer use only.
[    0.863173] cryptd: max_cpu_qlen set to 1000
[    0.962627] NetLabel: Initializing
[    0.962704] NetLabel:  domain hash size = 128
[    0.962740] NetLabel:  protocols = UNLABELED CIPSOv4 CALIPSO
[    0.962873] NetLabel:  unlabeled traffic allowed by default
[    0.963808] SUN4V: Reboot data supported (maj=1,min=0).
[    0.964162] ds.c:v1.0 (Jul 11, 2007)
[    0.964489] ds-0: ds_conn_reset() from send_events.isra.0
[    0.965952] clocksource: Switched to clocksource stick
[    1.162958] *** VALIDATE bpf ***
[    1.164216] VFS: Disk quotas dquot_6.6.0
[    1.164343] VFS: Dquot-cache hash table entries: 1024 (order 0, 8192 bytes)
[    1.164558] *** VALIDATE ramfs ***
[    1.164607] *** VALIDATE hugetlbfs ***
[    1.166088] AppArmor: AppArmor Filesystem Enabled
[    1.179345] NET: Registered protocol family 2
[    1.181006] tcp_listen_portaddr_hash hash table entries: 32768 (order: 8, 2359296 bytes, linear)
[    1.183908] TCP established hash table entries: 524288 (order: 9, 4194304 bytes, linear)
[    1.185908] TCP bind hash table entries: 65536 (order: 9, 4194304 bytes, linear)
[    1.192017] TCP: Hash tables configured (established 524288 bind 65536)
[    1.194419] UDP hash table entries: 32768 (order: 9, 5242880 bytes, linear)
[    1.200939] UDP-Lite hash table entries: 32768 (order: 9, 5242880 bytes, linear)
[    1.208754] NET: Registered protocol family 1
[    1.208815] NET: Registered protocol family 44
[    1.209320] Trying to unpack rootfs image as initramfs...
[    1.492105] Freeing initrd memory: 10544K
[    1.492840] aes_sparc64: Using sparc64 aes opcodes optimized AES implementation
[    1.766608] des_sparc64: Using sparc64 des opcodes optimized DES implementation
[    2.246087] camellia_sparc64: Using sparc64 camellia opcodes optimized CAMELLIA implementation
[    2.429734] workingset: timestamp_bits=46 max_order=23 bucket_order=0
[    2.449979] SGI XFS with ACLs, security attributes, quota, fatal assert, debug enabled
[    2.455830] *** VALIDATE xfs ***
[    2.469618] Block layer SCSI generic (bsg) driver version 0.4 loaded (major 252)
[    2.470377] io scheduler mq-deadline registered
[    2.473042] f029b788: ttyHV0 at I/O 0x0 (irq = 1, base_baud = 115200) is a SUN4V HCONS
[    2.479982] printk: console [ttyHV0] enabled
[    2.483401] sunvdc.c:v1.2 (November 24, 2014)
[    2.484961] sunvdc: Virtual CDROM vdiskd
[    2.485004] sunvdc: vdiskd: 403160 sectors (196 MB) protocol 1.2
[    2.486734]  vdiskd: vdiskd1 vdiskd2 vdiskd3 vdiskd4 vdiskd5 vdiskd6 vdiskd7
[    2.506615] sunvdc: Virtual Hard disk vdiskc
[    2.506656] sunvdc: vdiskc: 104857600 sectors (51200 MB) protocol 1.2
[    2.542088] sunvdc: Virtual Hard disk vdiskb
[    2.542127] sunvdc: vdiskb: 62914560 sectors (30720 MB) protocol 1.2
[    2.543315]  vdiskb: vdiskb1
[    2.561349] sunvdc: Virtual Hard disk vdiska
[    2.561391] sunvdc: vdiska: 31457280 sectors (15360 MB) protocol 1.2
[    2.562740]  vdiska: vdiska1 vdiska2 vdiska3 vdiska4
[    2.591253] sunvdc: Virtual Hard disk vdiske
[    2.591293] sunvdc: vdiske: 20971520 sectors (10240 MB) protocol 1.2
[    2.592613]  vdiske: vdiske1 vdiske2
[    2.609866] sunvnet: sunvnet 2.0 (February 3, 2017)
[    2.612052] vnet_port vnet-port-0-0 eth0: Sun LDOM vnet 00:14:4f:f8:12:a3
[    2.612268] sunvnet: eth0: PORT ( remote-mac 00:14:4f:fa:f3:f0 switch-port )
[    2.612866] sunvnet: eth0: PORT ( remote-mac 00:14:4f:f8:e5:f3 )
[    2.613450] sunvnet: eth0: PORT ( remote-mac 00:14:4f:f9:b4:97 )
[    2.614024] sunvnet: eth0: PORT ( remote-mac 00:14:4f:f8:3f:1e )
[    2.614615] sunvnet: eth0: PORT ( remote-mac 00:14:4f:f8:fe:47 )
[    2.615194] sunvnet: eth0: PORT ( remote-mac 00:14:4f:f9:8b:83 )
[    2.616409] rtc-sun4v rtc-sun4v: registered as rtc0
[    2.616936] sun4v_wdt: initialized (timeout=60s, nowayout=0)
[    2.617307] device-mapper: uevent: version 1.0.3
[    2.618260] device-mapper: ioctl: 4.41.0-ioctl (2019-09-16) initialised: dm-devel@redhat.com
[    2.619259] NET: Registered protocol family 17
[    2.619825] registered taskstats version 1
[    2.627092] zswap: default zpool zbud not available
[    2.627144] zswap: pool creation failed
[    2.817968] Key type big_key registered
[    2.818026] AppArmor: AppArmor sha1 policy hashing enabled
[    2.818749] rtc-sun4v rtc-sun4v: setting system clock to 2019-12-15T11:32:09 UTC (1576409529)
[    2.823054] This architecture does not have kernel memory protection.
[    2.823101] Run /init as init process
[    3.310629] crc32c_sparc64: Using sparc64 crc32c opcode optimized CRC32C implementation
[    3.405762] random: fast init done
[    3.435295] md127: WARNING: vdiske1 appears to be on the same physical disk as vdiske2.
[    3.435412] True protection against single-disk failure might be compromised.
[    3.436236] md/raid1:md127: active with 2 out of 2 mirrors
[    3.436514] md127: detected capacity change from 0 to 26148864
[    3.805903] raid6: int64x8  gen()  2176 MB/s
[    3.975890] raid6: int64x8  xor()  1571 MB/s
[    4.145920] raid6: int64x4  gen()  3473 MB/s
[    4.315901] raid6: int64x4  xor()  2004 MB/s
[    4.485904] raid6: int64x2  gen()  2866 MB/s
[    4.655905] raid6: int64x2  xor()  1995 MB/s
[    4.825892] raid6: int64x1  gen()  2857 MB/s
[    4.995907] raid6: int64x1  xor()  1625 MB/s
[    4.995945] raid6: using algorithm int64x4 gen() 3473 MB/s
[    4.995985] raid6: .... xor() 2004 MB/s, rmw enabled
[    4.996023] raid6: using intx1 recovery algorithm
[    4.996832] async_tx: api initialized (async)
[    4.997323] xor: automatically using best checksumming function   Niagara   
[    5.194418] EXT4-fs (vdiska2): mounted filesystem with ordered data mode. Opts: (null)
[    7.629721] systemd[1]: Inserted module 'autofs4'
[    7.727921] NET: Registered protocol family 10
[    7.734050] Segment Routing with IPv6
[    7.857559] systemd[1]: systemd 243-9 running in system mode. (+PAM +AUDIT +SELINUX +IMA +APPARMOR +SMACK +SYSVINIT +UTMP +LIBCRYPTSETUP +GCRYPT +GNUTLS +ACL +XZ +LZ4 -SECCOMP +BLKID +ELFUTILS +KMOD +IDN2 -IDN +PCRE2 default-hierarchy=hybrid)
[    7.858199] systemd[1]: Detected architecture sparc64.
[    7.946580] systemd[1]: Set hostname to <ttip.nvglabs.local>.
[    8.003090] systemd[1]: Couldn't move remaining userspace processes, ignoring: Input/output error
[    8.791501] random: lvmconfig: uninitialized urandom read (4 bytes read)
[    9.840347] systemd[1]: /lib/systemd/system/dbus.socket:5: ListenStream= references a path below legacy directory /var/run/, updating /var/run/dbus/system_bus_socket → /run/dbus/system_bus_socket; please update the unit file accordingly.
[   10.211454] systemd[1]: /lib/systemd/system/pcscd.socket:5: ListenStream= references a path below legacy directory /var/run/, updating /var/run/pcscd/pcscd.comm → /run/pcscd/pcscd.comm; please update the unit file accordingly.
[   10.242952] random: systemd: uninitialized urandom read (16 bytes read)
[   10.253491] systemd[1]: Created slice system-getty.slice.
[   10.254165] random: systemd: uninitialized urandom read (16 bytes read)
[   10.257639] systemd[1]: Created slice system-openvpn\x2dclient.slice.
[   10.258064] random: systemd: uninitialized urandom read (16 bytes read)
[   10.261482] systemd[1]: Created slice system-postfix.slice.
[   10.266659] systemd[1]: Created slice system-systemd\x2dfsck.slice.
[   10.527003] EXT4-fs (vdiska2): re-mounted. Opts: errors=remount-ro
[   10.740979] systemd-journald[564]: Received client request to flush runtime journal.
[   12.660385] sha1_sparc64: Using sparc64 sha1 opcode optimized SHA-1 implementation
[   12.745283] n2rng v0.3 (Jan 7, 2017)
[   12.745349] n2rng f029b104: Registered RNG HVAPI major 2 minor 0
[   12.745400] n2rng f029b104: Found multi-unit-capable RNG, units: 2
[   12.746318] n2rng f029b104: RNG ready
[   12.893148] sha256_sparc64: Using sparc64 sha256 opcode optimized SHA-256/SHA-224 implementation
[   12.995444] pktcdvd: setup of pktcdvd device failed
[   13.039992] pktcdvd: setup of pktcdvd device failed
[   13.043821] pktcdvd: setup of pktcdvd device failed
[   13.047488] pktcdvd: setup of pktcdvd device failed
[   13.051399] pktcdvd: setup of pktcdvd device failed
[   13.054838] pktcdvd: setup of pktcdvd device failed
[   13.058510] pktcdvd: setup of pktcdvd device failed
[   13.062079] pktcdvd: setup of pktcdvd device failed
[   13.122327] sha512_sparc64: Using sparc64 sha512 opcode optimized SHA-512/SHA-384 implementation
[   13.149820] md5_sparc64: Using sparc64 md5 opcode optimized MD5 implementation
[   13.685083] XFS (dm-0): Mounting V5 Filesystem
[   13.869483] XFS (dm-0): Ending clean mount
[   13.917619] xfs filesystem being mounted at /1 supports timestamps until 2038 (0x7fffffff)
[   15.146468] random: crng init done
[   15.146598] random: 6 urandom warning(s) missed due to ratelimiting
[   15.965972] Adding 787176k swap on /dev/vdiska4.  Priority:-2 extents:1 across:787176k FS
[   16.277863] EXT4-fs (vdiska1): mounting ext3 file system using the ext4 subsystem
[   16.291049] EXT4-fs (vdiska1): mounted filesystem with ordered data mode. Opts: (null)
[   16.291222] ext3 filesystem being mounted at /boot supports timestamps until 2038 (0x7fffffff)
[   17.646522] Kernel unaligned access at TPC[883818] aa_dfa_unpack+0x38/0x5c0
[   17.646644] Kernel unaligned access at TPC[883838] aa_dfa_unpack+0x58/0x5c0
[   17.646701] Kernel unaligned access at TPC[883900] aa_dfa_unpack+0x120/0x5c0
[   17.646759] Kernel unaligned access at TPC[8839e0] aa_dfa_unpack+0x200/0x5c0
[   17.646814] Kernel unaligned access at TPC[8839f4] aa_dfa_unpack+0x214/0x5c0
[   20.675421] tun: Universal TUN/TAP device driver, 1.6

[   22.526349] ======================================================
[   22.526356] WARNING: possible circular locking dependency detected
[   22.526365] 5.5.0-rc1-00287-g510c9788991c #1324 Not tainted
[   22.526372] ------------------------------------------------------
[   22.526379] iptables-restor/1020 is trying to acquire lock:
[   22.526387] 000000001056e120 (&table[i].mutex){+.+.}, at: nfnl_lock+0x24/0x40 [nfnetlink]
[   22.526408] 
               but task is already holding lock:
[   22.526415] 0000000000e676a0 (&net->nft.commit_mutex){+.+.}, at: nf_tables_valid_genid+0x10/0x60 [nf_tables]
[   22.526439] 
               which lock already depends on the new lock.

[   22.526448] 
               the existing dependency chain (in reverse order) is:
[   22.526455] 
               -> #1 (&net->nft.commit_mutex){+.+.}:
[   22.526472]        __mutex_lock+0xac/0x9a0
[   22.526479]        mutex_lock_nested+0x1c/0x40
[   22.526490]        nf_tables_valid_genid+0x10/0x60 [nf_tables]
[   22.526498]        nfnetlink_rcv_batch+0x228/0x620 [nfnetlink]
[   22.526506]        nfnetlink_rcv+0x110/0x140 [nfnetlink]
[   22.526517]        netlink_unicast+0x150/0x260
[   22.526524]        netlink_sendmsg+0x3d8/0x460
[   22.526533]        sock_sendmsg+0x34/0x80
[   22.526539]        ____sys_sendmsg+0x1e4/0x200
[   22.526548]        ___sys_sendmsg+0x48/0x80
[   22.526554]        __sys_sendmsg+0x48/0x80
[   22.526561]        sys_sendmsg+0x18/0x40
[   22.526573]        linux_sparc_syscall+0x34/0x44
[   22.526579] 
               -> #0 (&table[i].mutex){+.+.}:
[   22.526592]        __lock_acquire+0x1b18/0x2520
[   22.526598]        lock_acquire+0x1ac/0x1e0
[   22.526605]        __mutex_lock+0xac/0x9a0
[   22.526611]        mutex_lock_nested+0x1c/0x40
[   22.526618]        nfnl_lock+0x24/0x40 [nfnetlink]
[   22.526630]        ip_set_nfnl_get_byindex+0x190/0x280 [ip_set]
[   22.526639]        set_match_v1_checkentry+0x14/0xc0 [xt_set]
[   22.526655]        xt_check_match+0x240/0x280 [x_tables]
[   22.526665]        __nft_match_init+0x174/0x1a0 [nft_compat]
[   22.526673]        nft_match_init+0x18/0x40 [nft_compat]
[   22.526684]        nf_tables_newrule+0x510/0x7a0 [nf_tables]
[   22.526692]        nfnetlink_rcv_batch+0x3d8/0x620 [nfnetlink]
[   22.526699]        nfnetlink_rcv+0x110/0x140 [nfnetlink]
[   22.526707]        netlink_unicast+0x150/0x260
[   22.526713]        netlink_sendmsg+0x3d8/0x460
[   22.526720]        sock_sendmsg+0x34/0x80
[   22.526726]        ____sys_sendmsg+0x1e4/0x200
[   22.526733]        ___sys_sendmsg+0x48/0x80
[   22.526739]        __sys_sendmsg+0x48/0x80
[   22.526745]        sys_sendmsg+0x18/0x40
[   22.526752]        linux_sparc_syscall+0x34/0x44
[   22.526758] 
               other info that might help us debug this:

[   22.526766]  Possible unsafe locking scenario:

[   22.526773]        CPU0                    CPU1
[   22.526778]        ----                    ----
[   22.526783]   lock(&net->nft.commit_mutex);
[   22.526790]                                lock(&table[i].mutex);
[   22.526797]                                lock(&net->nft.commit_mutex);
[   22.526805]   lock(&table[i].mutex);
[   22.526811] 
                *** DEADLOCK ***

[   22.526819] 1 lock held by iptables-restor/1020:
[   22.526825]  #0: 0000000000e676a0 (&net->nft.commit_mutex){+.+.}, at: nf_tables_valid_genid+0x10/0x60 [nf_tables]
[   22.526842] 
               stack backtrace:
[   22.526850] CPU: 2 PID: 1020 Comm: iptables-restor Not tainted 5.5.0-rc1-00287-g510c9788991c #1324
[   22.526858] Call Trace:
[   22.526866]  [00000000004d529c] print_circular_bug.isra.0+0x1bc/0x1e0
[   22.526873]  [00000000004d54e0] check_noncircular+0x220/0x240
[   22.526880]  [00000000004d9a58] __lock_acquire+0x1b18/0x2520
[   22.526887]  [00000000004dadec] lock_acquire+0x1ac/0x1e0
[   22.526894]  [0000000000b6500c] __mutex_lock+0xac/0x9a0
[   22.526902]  [0000000000b6591c] mutex_lock_nested+0x1c/0x40
[   22.526909]  [000000001056c024] nfnl_lock+0x24/0x40 [nfnetlink]
[   22.526919]  [00000000105791d0] ip_set_nfnl_get_byindex+0x190/0x280 [ip_set]
[   22.526927]  [00000000105f4694] set_match_v1_checkentry+0x14/0xc0 [xt_set]
[   22.526937]  [00000000103de900] xt_check_match+0x240/0x280 [x_tables]
[   22.526945]  [00000000105e2c54] __nft_match_init+0x174/0x1a0 [nft_compat]
[   22.526953]  [00000000105e2d18] nft_match_init+0x18/0x40 [nft_compat]
[   22.526964]  [00000000105aa190] nf_tables_newrule+0x510/0x7a0 [nf_tables]
[   22.526972]  [000000001056c898] nfnetlink_rcv_batch+0x3d8/0x620 [nfnetlink]
[   22.526980]  [000000001056cbf0] nfnetlink_rcv+0x110/0x140 [nfnetlink]
[   22.526988]  [0000000000a59910] netlink_unicast+0x150/0x260
