[    0.000019] PROMLIB: Sun IEEE Boot Prom 'OBP 4.38.12 2018/03/28 14:54'
[    0.000030] PROMLIB: Root node compatible: sun4v
[    0.000081] Linux version 5.5.0-rc2-00385-gb8e382a185eb (mator@ttip.nvglabs.local) (gcc version 9.2.1 20191130 (Debian 9.2.1-21)) #1328 SMP Mon Dec 23 01:48:23 MSK 2019
[    0.000406] printk: bootconsole [earlyprom0] enabled
[    0.000457] ARCH: SUN4V
[    0.000508] Ethernet address: 00:14:4f:fa:06:f2
[    0.000561] MM: PAGE_OFFSET is 0xfff8000000000000 (max_phys_bits == 47)
[    0.000626] MM: VMALLOC [0x0000000100000000 --> 0x0006000000000000]
[    0.000687] MM: VMEMMAP [0x0006000000000000 --> 0x000c000000000000]
[    0.012532] Kernel: Using 5 locked TLB entries for main kernel image.
[    0.012611] Remapping the kernel... 
[    0.012637] done.
[    0.046544] OF stdout device is: /virtual-devices@100/console@1
[    0.046621] PROM: Built device tree with 88003 bytes of memory.
[    0.046687] MDESC: Size is 36960 bytes.
[    0.046812] PLATFORM: banner-name [SPARC T5-2]
[    0.046862] PLATFORM: name [ORCL,SPARC-T5-2]
[    0.046908] PLATFORM: hostid [84fa06f2]
[    0.046951] PLATFORM: serial# [0035260e]
[    0.046994] PLATFORM: stick-frequency [3b9aca00]
[    0.047043] PLATFORM: mac-address [144ffa06f2]
[    0.047090] PLATFORM: watchdog-resolution [1000 ms]
[    0.047140] PLATFORM: watchdog-max-timeout [31536000000 ms]
[    0.047196] PLATFORM: max-cpus [1024]
[    0.047296] Top of RAM: 0x24af938000, Total RAM: 0x87f354000
[    0.047359] Memory hole size: 115461MB
[    0.052011] Allocated 40960 bytes for kernel page tables.
[    0.052099] Zone ranges:
[    0.052139]   Normal   [mem 0x0000000030400000-0x00000024af937fff]
[    0.052204] Movable zone start for each node
[    0.052249] Early memory node ranges
[    0.052291]   node   0: [mem 0x0000000030400000-0x000000006fe7ffff]
[    0.052355]   node   0: [mem 0x000000006ff00000-0x000000006ff25fff]
[    0.052417]   node   0: [mem 0x0000000070000000-0x000000042fffffff]
[    0.052479]   node   0: [mem 0x0000002030000000-0x00000024af87ffff]
[    0.052541]   node   0: [mem 0x00000024af900000-0x00000024af925fff]
[    0.052602]   node   0: [mem 0x00000024af930000-0x00000024af937fff]
[    0.060001] Zeroed struct page in unavailable ranges: 230130 pages
[    0.060009] Initmem setup node 0 [mem 0x0000000030400000-0x00000024af937fff]
[    0.060168] On node 0 totalpages: 4454826
[    0.060178]   Normal zone: 39154 pages used for memmap
[    0.060183]   Normal zone: 0 pages reserved
[    0.060189]   Normal zone: 4454826 pages, LIFO batch:31
[    0.070989] Booting Linux...
[    0.071073] CPU CAPS: [flush,stbar,swap,muldiv,v9,blkinit,n2,mul32]
[    0.071156] CPU CAPS: [div32,v8plus,popc,vis,vis2,ASIBlkInit,fmaf,vis3]
[    0.071235] CPU CAPS: [hpc,ima,pause,cbcond,aes,des,kasumi,camellia]
[    0.071308] CPU CAPS: [md5,sha1,sha256,sha512,mpmul,montmul,montsqr,crc32c]
[    0.101257] percpu: Embedded 27 pages/cpu s182024 r8192 d30968 u262144
[    0.101516] pcpu-alloc: s182024 r8192 d30968 u262144 alloc=1*4194304
[    0.101524] pcpu-alloc: [0] 000 001 002 003 004 005 006 007 008 009 010 011 012 013 014 015 
[    0.101551] pcpu-alloc: [0] 016 017 018 019 020 021 022 023 024 025 026 027 028 029 030 031 
[    0.101577] pcpu-alloc: [0] 032 033 034 035 036 037 038 039 040 041 042 043 044 045 046 047 
[    0.101604] pcpu-alloc: [0] 048 049 050 051 052 053 054 055 056 057 058 059 060 061 062 063 
[    0.101631] pcpu-alloc: [0] 064 065 066 067 068 069 070 071 072 073 074 075 076 077 078 079 
[    0.101657] pcpu-alloc: [0] 080 081 082 083 084 085 086 087 088 089 090 091 092 093 094 095 
[    0.101684] pcpu-alloc: [0] 096 097 098 099 100 101 102 103 104 105 106 107 108 109 110 111 
[    0.101710] pcpu-alloc: [0] 112 113 114 115 116 117 118 119 120 121 122 123 124 125 126 127 
[    0.102236] SUN4V: Mondo queue sizes [cpu(131072) dev(16384) r(8192) nr(256)]
[    0.102603] Built 1 zonelists, mobility grouping on.  Total pages: 4415672
[    0.102691] Kernel command line: BOOT_IMAGE=/vmlinux-5.5.0-rc2-00385-gb8e382a185eb root=/dev/vdiska2 ro zswap.enabled=1
[    0.105207] printk: log_buf_len individual max cpu contribution: 4096 bytes
[    0.105277] printk: log_buf_len total cpu_extra contributions: 520192 bytes
[    0.105344] printk: log_buf_len min size: 131072 bytes
[    0.105617] printk: log_buf_len: 1048576 bytes
[    0.105668] printk: early log buf free: 126624(96%)
[    0.111995] Dentry cache hash table entries: 8388608 (order: 13, 67108864 bytes, linear)
[    0.115249] Inode-cache hash table entries: 4194304 (order: 12, 33554432 bytes, linear)
[    0.115330] Sorting __ex_table...
[    0.115567] mem auto-init: stack:off, heap alloc:off, heap free:off
[    0.175871] Memory: 1305232K/35638608K available (7586K kernel code, 973K rwdata, 2272K rodata, 712K init, 6742K bss, 504584K reserved, 0K cma-reserved)
[    0.176532] SLUB: HWalign=32, Order=0-3, MinObjects=0, CPUs=128, Nodes=1
[    0.176830] ftrace: allocating 21336 entries in 42 pages
[    0.185226] ftrace: allocated 42 pages with 3 groups
[    0.188067] Running RCU self tests
[    0.188114] rcu: Hierarchical RCU implementation.
[    0.188164] rcu: 	RCU event tracing is enabled.
[    0.188212] rcu: 	RCU lockdep checking is enabled.
[    0.188263] 	Tasks RCU enabled.
[    0.188300] rcu: RCU calculated value of scheduler-enlistment delay is 10 jiffies.
[    0.192585] NR_IRQS: 2048, nr_irqs: 2048, preallocated irqs: 1
[    0.192669] SUN4V: Using IRQ API major 3, cookie only virqs enabled
[    0.195116] clocksource: stick: mask: 0xffffffffffffffff max_cycles: 0x1cd42e4dffb, max_idle_ns: 881590591483 ns
[    0.195246] clocksource: mult[800000] shift[23]
[    0.195295] clockevent: mult[80000000] shift[31]
[    0.195822] Console: colour dummy device 80x25
[    0.195885] printk: console [tty0] enabled
[    0.195961] printk: bootconsole [earlyprom0] disabled
[    0.196047] Lock dependency validator: Copyright (c) 2006 Red Hat, Inc., Ingo Molnar
[    0.196096] ... MAX_LOCKDEP_SUBCLASSES:  8
[    0.196126] ... MAX_LOCK_DEPTH:          48
[    0.196156] ... MAX_LOCKDEP_KEYS:        8192
[    0.196187] ... CLASSHASH_SIZE:          4096
[    0.196218] ... MAX_LOCKDEP_ENTRIES:     16384
[    0.196249] ... MAX_LOCKDEP_CHAINS:      32768
[    0.196281] ... CHAINHASH_SIZE:          16384
[    0.196312]  memory used by lock dependency info: 3855 kB
[    0.196348]  memory used for stack traces: 2112 kB
[    0.196381]  per task-struct memory footprint: 1920 bytes
[    0.345814] Calibrating delay using timer specific routine.. 2011.99 BogoMIPS (lpj=10059951)
[    0.345883] pid_max: default: 131072 minimum: 1024
[    0.346171] LSM: Security Framework initializing
[    0.346322] AppArmor: AppArmor initialized
[    0.346590] Mount-cache hash table entries: 131072 (order: 7, 1048576 bytes, linear)
[    0.346754] Mountpoint-cache hash table entries: 131072 (order: 7, 1048576 bytes, linear)
[    0.346885] *** VALIDATE tmpfs ***
[    0.347750] *** VALIDATE proc ***
[    0.348250] *** VALIDATE cgroup1 ***
[    0.348283] *** VALIDATE cgroup2 ***
[    0.350372] rcu: Hierarchical SRCU implementation.
[    0.358374] smp: Bringing up secondary CPUs ...
[    0.401821] smp: Brought up 1 node, 32 CPUs
[    0.592446] node 0 initialised, 4228599 pages in 190ms
[    0.593773] devtmpfs: initialized
[    0.598425] Performance events: 
[    0.598469] Testing NMI watchdog ... 
[    0.798553] OK.
[    0.798686] Supported PMU type is 'niagara5'
[    0.798883] random: get_random_u32 called from bucket_table_alloc.isra.0+0x188/0x1c0 with crng_init=0
[    0.799603] ldc.c:v1.1 (July 22, 2008)
[    0.801947] clocksource: jiffies: mask: 0xffffffff max_cycles: 0xffffffff, max_idle_ns: 19112604462750000 ns
[    0.802036] futex hash table entries: 32768 (order: 9, 4194304 bytes, linear)
[    0.807205] NET: Registered protocol family 16
[    0.815603] VIO: Adding device channel-devices (tx_ino = ffffffffffffffff, rx_ino = ffffffffffffffff)
[    0.815813] VIO: Adding device vnet-port-0-0 (tx_ino = 0, rx_ino = 1)
[    0.816013] VIO: Adding device vnet-port-0-1 (tx_ino = 2, rx_ino = 3)
[    0.816181] VIO: Adding device vnet-port-0-2 (tx_ino = 4, rx_ino = 5)
[    0.816353] VIO: Adding device vnet-port-0-4 (tx_ino = 8, rx_ino = 9)
[    0.816519] VIO: Adding device vnet-port-0-5 (tx_ino = a, rx_ino = b)
[    0.816684] VIO: Adding device vnet-port-0-6 (tx_ino = c, rx_ino = d)
[    0.816850] VIO: Adding device vdc-port-3-0 (tx_ino = e, rx_ino = f)
[    0.817022] VIO: Adding device vdc-port-2-0 (tx_ino = 10, rx_ino = 11)
[    0.817188] VIO: Adding device vdc-port-1-0 (tx_ino = 12, rx_ino = 13)
[    0.817353] VIO: Adding device vdc-port-0-0 (tx_ino = 14, rx_ino = 15)
[    0.817523] VIO: Adding device vdc-port-4-0 (tx_ino = 16, rx_ino = 17)
[    0.817690] VIO: Adding device vlds-port-0-0 (tx_ino = 18, rx_ino = 19)
[    0.817859] VIO: Adding device domain-services-port-0 (tx_ino = 18, rx_ino = 19)
[    0.818141] audit: initializing netlink subsys (disabled)
[    0.818442] audit: type=2000 audit(0.420:1): state=initialized audit_enabled=0 res=1
[    0.843472] HugeTLB registered 64.0 KiB page size, pre-allocated 0 pages
[    0.843527] HugeTLB registered 8.00 MiB page size, pre-allocated 0 pages
[    0.843573] HugeTLB registered 256 MiB page size, pre-allocated 0 pages
[    0.843618] HugeTLB registered 2.00 GiB page size, pre-allocated 0 pages
[    0.845256] alg: extra crypto tests enabled.  This is intended for developer use only.
[    0.871100] cryptd: max_cpu_qlen set to 1000
[    0.971471] NetLabel: Initializing
[    0.971510] NetLabel:  domain hash size = 128
[    0.971543] NetLabel:  protocols = UNLABELED CIPSOv4 CALIPSO
[    0.971677] NetLabel:  unlabeled traffic allowed by default
[    0.972630] SUN4V: Reboot data supported (maj=1,min=0).
[    0.972991] ds.c:v1.0 (Jul 11, 2007)
[    0.973345] ds-0: ds_conn_reset() from send_events.isra.0
[    0.974809] clocksource: Switched to clocksource stick
[    1.171733] *** VALIDATE bpf ***
[    1.173012] VFS: Disk quotas dquot_6.6.0
[    1.173141] VFS: Dquot-cache hash table entries: 1024 (order 0, 8192 bytes)
[    1.173354] *** VALIDATE ramfs ***
[    1.173403] *** VALIDATE hugetlbfs ***
[    1.174897] AppArmor: AppArmor Filesystem Enabled
[    1.188436] NET: Registered protocol family 2
[    1.190179] tcp_listen_portaddr_hash hash table entries: 32768 (order: 8, 2359296 bytes, linear)
[    1.193077] TCP established hash table entries: 524288 (order: 9, 4194304 bytes, linear)
[    1.195097] TCP bind hash table entries: 65536 (order: 9, 4194304 bytes, linear)
[    1.201169] TCP: Hash tables configured (established 524288 bind 65536)
[    1.203608] UDP hash table entries: 32768 (order: 9, 5242880 bytes, linear)
[    1.210141] UDP-Lite hash table entries: 32768 (order: 9, 5242880 bytes, linear)
[    1.218248] NET: Registered protocol family 1
[    1.218314] NET: Registered protocol family 44
[    1.218850] Trying to unpack rootfs image as initramfs...
[    1.504920] Freeing initrd memory: 10544K
[    1.505617] aes_sparc64: Using sparc64 aes opcodes optimized AES implementation
[    1.788884] des_sparc64: Using sparc64 des opcodes optimized DES implementation
[    2.267501] camellia_sparc64: Using sparc64 camellia opcodes optimized CAMELLIA implementation
[    2.456962] workingset: timestamp_bits=46 max_order=23 bucket_order=0
[    2.477357] SGI XFS with ACLs, security attributes, quota, fatal assert, debug enabled
[    2.483318] *** VALIDATE xfs ***
[    2.498010] Block layer SCSI generic (bsg) driver version 0.4 loaded (major 252)
[    2.498909] io scheduler mq-deadline registered
[    2.501630] f029b788: ttyHV0 at I/O 0x0 (irq = 1, base_baud = 115200) is a SUN4V HCONS
[    2.508617] printk: console [ttyHV0] enabled
[    2.512239] sunvdc.c:v1.2 (November 24, 2014)
[    2.513832] sunvdc: Virtual CDROM vdiskd
[    2.513875] sunvdc: vdiskd: 403160 sectors (196 MB) protocol 1.2
[    2.515694]  vdiskd: vdiskd1 vdiskd2 vdiskd3 vdiskd4 vdiskd5 vdiskd6 vdiskd7
[    2.535929] sunvdc: Virtual Hard disk vdiskc
[    2.535978] sunvdc: vdiskc: 104857600 sectors (51200 MB) protocol 1.2
[    2.555510] sunvdc: Virtual Hard disk vdiskb
[    2.555560] sunvdc: vdiskb: 62914560 sectors (30720 MB) protocol 1.2
[    2.556958]  vdiskb: vdiskb1
[    2.575302] sunvdc: Virtual Hard disk vdiska
[    2.575352] sunvdc: vdiska: 31457280 sectors (15360 MB) protocol 1.2
[    2.576884]  vdiska: vdiska1 vdiska2 vdiska3 vdiska4
[    2.596400] sunvdc: Virtual Hard disk vdiske
[    2.596450] sunvdc: vdiske: 20971520 sectors (10240 MB) protocol 1.2
[    2.597828]  vdiske: vdiske1 vdiske2
[    2.615312] sunvnet: sunvnet 2.0 (February 3, 2017)
[    2.617549] vnet_port vnet-port-0-0 eth0: Sun LDOM vnet 00:14:4f:f8:12:a3
[    2.617776] sunvnet: eth0: PORT ( remote-mac 00:14:4f:fa:f3:f0 switch-port )
[    2.618392] sunvnet: eth0: PORT ( remote-mac 00:14:4f:f8:e5:f3 )
[    2.618982] sunvnet: eth0: PORT ( remote-mac 00:14:4f:f9:b4:97 )
[    2.619579] sunvnet: eth0: PORT ( remote-mac 00:14:4f:f8:3f:1e )
[    2.620163] sunvnet: eth0: PORT ( remote-mac 00:14:4f:f8:fe:47 )
[    2.620744] sunvnet: eth0: PORT ( remote-mac 00:14:4f:f9:8b:83 )
[    2.621986] rtc-sun4v rtc-sun4v: registered as rtc0
[    2.622501] sun4v_wdt: initialized (timeout=60s, nowayout=0)
[    2.622856] device-mapper: uevent: version 1.0.3
[    2.623823] device-mapper: ioctl: 4.41.0-ioctl (2019-09-16) initialised: dm-devel@redhat.com
[    2.624877] NET: Registered protocol family 17
[    2.625478] registered taskstats version 1
[    2.632911] zswap: default zpool zbud not available
[    2.632980] zswap: pool creation failed
[    2.830317] Key type big_key registered
[    2.830392] AppArmor: AppArmor sha1 policy hashing enabled
[    2.831170] rtc-sun4v rtc-sun4v: setting system clock to 2019-12-22T22:50:02 UTC (1577055002)
[    2.835588] This architecture does not have kernel memory protection.
[    2.835638] Run /init as init process
[    3.337867] crc32c_sparc64: Using sparc64 crc32c opcode optimized CRC32C implementation
[    3.451630] random: fast init done
[    3.453389] md127: WARNING: vdiske2 appears to be on the same physical disk as vdiske1.
[    3.453478] True protection against single-disk failure might be compromised.
[    3.454261] md/raid1:md127: active with 2 out of 2 mirrors
[    3.454631] md127: detected capacity change from 0 to 26148864
[    3.954799] raid6: int64x8  gen()  2153 MB/s
[    4.124784] raid6: int64x8  xor()  1562 MB/s
[    4.294767] raid6: int64x4  gen()  3451 MB/s
[    4.464775] raid6: int64x4  xor()  1996 MB/s
[    4.634794] raid6: int64x2  gen()  2848 MB/s
[    4.804769] raid6: int64x2  xor()  1989 MB/s
[    4.974767] raid6: int64x1  gen()  2829 MB/s
[    5.144764] raid6: int64x1  xor()  1618 MB/s
[    5.144814] raid6: using algorithm int64x4 gen() 3451 MB/s
[    5.144854] raid6: .... xor() 1996 MB/s, rmw enabled
[    5.144891] raid6: using intx1 recovery algorithm
[    5.145725] async_tx: api initialized (async)
[    5.146216] xor: automatically using best checksumming function   Niagara   
[    5.351183] EXT4-fs (vdiska2): mounted filesystem with ordered data mode. Opts: (null)
[    7.916886] systemd[1]: Inserted module 'autofs4'
[    7.950329] NET: Registered protocol family 10
[    7.956568] Segment Routing with IPv6
[    8.016940] systemd[1]: systemd 243-9 running in system mode. (+PAM +AUDIT +SELINUX +IMA +APPARMOR +SMACK +SYSVINIT +UTMP +LIBCRYPTSETUP +GCRYPT +GNUTLS +ACL +XZ +LZ4 -SECCOMP +BLKID +ELFUTILS +KMOD +IDN2 -IDN +PCRE2 default-hierarchy=hybrid)
[    8.017601] systemd[1]: Detected architecture sparc64.
[    8.095500] systemd[1]: Set hostname to <ttip.nvglabs.local>.
[    8.130604] systemd[1]: Couldn't move remaining userspace processes, ignoring: Input/output error
[    9.149369] random: lvmconfig: uninitialized urandom read (4 bytes read)
[   10.029220] systemd[1]: /lib/systemd/system/dbus.socket:5: ListenStream= references a path below legacy directory /var/run/, updating /var/run/dbus/system_bus_socket → /run/dbus/system_bus_socket; please update the unit file accordingly.
[   10.371241] systemd[1]: /lib/systemd/system/pcscd.socket:5: ListenStream= references a path below legacy directory /var/run/, updating /var/run/pcscd/pcscd.comm → /run/pcscd/pcscd.comm; please update the unit file accordingly.
[   10.407809] random: systemd: uninitialized urandom read (16 bytes read)
[   10.418658] systemd[1]: Created slice system-getty.slice.
[   10.419207] random: systemd: uninitialized urandom read (16 bytes read)
[   10.422680] systemd[1]: Created slice system-openvpn\x2dclient.slice.
[   10.422941] random: systemd: uninitialized urandom read (16 bytes read)
[   10.426456] systemd[1]: Created slice system-postfix.slice.
[   10.431497] systemd[1]: Created slice system-systemd\x2dfsck.slice.
[   10.726440] EXT4-fs (vdiska2): re-mounted. Opts: errors=remount-ro
[   10.948382] systemd-journald[566]: Received client request to flush runtime journal.
[   12.239617] sha1_sparc64: Using sparc64 sha1 opcode optimized SHA-1 implementation
[   12.267967] n2rng v0.3 (Jan 7, 2017)
[   12.268091] n2rng f029b104: Registered RNG HVAPI major 2 minor 0
[   12.268217] n2rng f029b104: Found multi-unit-capable RNG, units: 2
[   12.269531] n2rng f029b104: RNG ready
[   12.455696] sha256_sparc64: Using sparc64 sha256 opcode optimized SHA-256/SHA-224 implementation
[   12.508346] pktcdvd: setup of pktcdvd device failed
[   12.554280] pktcdvd: setup of pktcdvd device failed
[   12.557781] pktcdvd: setup of pktcdvd device failed
[   12.561424] pktcdvd: setup of pktcdvd device failed
[   12.564361] pktcdvd: setup of pktcdvd device failed
[   12.567754] pktcdvd: setup of pktcdvd device failed
[   12.571558] pktcdvd: setup of pktcdvd device failed
[   12.574319] pktcdvd: setup of pktcdvd device failed
[   12.622222] sha512_sparc64: Using sparc64 sha512 opcode optimized SHA-512/SHA-384 implementation
[   12.632883] md5_sparc64: Using sparc64 md5 opcode optimized MD5 implementation
[   13.203132] XFS (dm-0): Mounting V5 Filesystem
[   13.910902] XFS (dm-0): Ending clean mount
[   13.913400] xfs filesystem being mounted at /1 supports timestamps until 2038 (0x7fffffff)
[   14.575324] random: crng init done
[   14.575451] random: 6 urandom warning(s) missed due to ratelimiting
[   15.274884] Adding 787176k swap on /dev/vdiska4.  Priority:-2 extents:1 across:787176k FS
[   15.704620] EXT4-fs (vdiska1): mounting ext3 file system using the ext4 subsystem
[   15.779820] EXT4-fs (vdiska1): mounted filesystem with ordered data mode. Opts: (null)
[   15.780003] ext3 filesystem being mounted at /boot supports timestamps until 2038 (0x7fffffff)
[   17.145444] Kernel unaligned access at TPC[884438] aa_dfa_unpack+0x38/0x5c0
[   17.145589] Kernel unaligned access at TPC[884458] aa_dfa_unpack+0x58/0x5c0
[   17.145647] Kernel unaligned access at TPC[884520] aa_dfa_unpack+0x120/0x5c0
[   17.145883] Kernel unaligned access at TPC[884600] aa_dfa_unpack+0x200/0x5c0
[   17.145895] Kernel unaligned access at TPC[884614] aa_dfa_unpack+0x214/0x5c0
[   20.068141] tun: Universal TUN/TAP device driver, 1.6

[   20.555343] ======================================================
[   20.555353] WARNING: possible circular locking dependency detected
[   20.555365] 5.5.0-rc2-00385-gb8e382a185eb #1328 Not tainted
[   20.555375] ------------------------------------------------------
[   20.555384] iptables-restor/1030 is trying to acquire lock:
[   20.555395] 0000000010516120 (&table[i].mutex){+.+.}, at: nfnl_lock+0x24/0x40 [nfnetlink]
[   20.555422] 
               but task is already holding lock:
[   20.555431] 0000000000e6b6a0 (&net->nft.commit_mutex){+.+.}, at: nf_tables_valid_genid+0x10/0x60 [nf_tables]
[   20.555469] 
               which lock already depends on the new lock.

[   20.555481] 
               the existing dependency chain (in reverse order) is:
[   20.555490] 
               -> #1 (&net->nft.commit_mutex){+.+.}:
[   20.555515]        __mutex_lock+0xac/0x9a0
[   20.555525]        mutex_lock_nested+0x1c/0x40
[   20.555539]        nf_tables_valid_genid+0x10/0x60 [nf_tables]
[   20.555551]        nfnetlink_rcv_batch+0x228/0x620 [nfnetlink]
[   20.555561]        nfnetlink_rcv+0x110/0x140 [nfnetlink]
[   20.555578]        netlink_unicast+0x150/0x260
[   20.555587]        netlink_sendmsg+0x3d8/0x460
[   20.555599]        sock_sendmsg+0x34/0x80
[   20.555608]        ____sys_sendmsg+0x1e4/0x200
[   20.555620]        ___sys_sendmsg+0x48/0x80
[   20.555629]        __sys_sendmsg+0x48/0x80
[   20.555637]        sys_sendmsg+0x18/0x40
[   20.555653]        linux_sparc_syscall+0x34/0x44
[   20.555661] 
               -> #0 (&table[i].mutex){+.+.}:
[   20.555677]        __lock_acquire+0x1b18/0x2520
[   20.555686]        lock_acquire+0x1ac/0x1e0
[   20.555695]        __mutex_lock+0xac/0x9a0
[   20.555704]        mutex_lock_nested+0x1c/0x40
[   20.555713]        nfnl_lock+0x24/0x40 [nfnetlink]
[   20.555730]        ip_set_nfnl_get_byindex+0x190/0x280 [ip_set]
[   20.555742]        set_match_v1_checkentry+0x14/0xc0 [xt_set]
[   20.555763]        xt_check_match+0x240/0x280 [x_tables]
[   20.555775]        __nft_match_init+0x174/0x1a0 [nft_compat]
[   20.555785]        nft_match_init+0x18/0x40 [nft_compat]
[   20.555800]        nf_tables_newrule+0x510/0x7a0 [nf_tables]
[   20.555810]        nfnetlink_rcv_batch+0x3d8/0x620 [nfnetlink]
[   20.555821]        nfnetlink_rcv+0x110/0x140 [nfnetlink]
[   20.555831]        netlink_unicast+0x150/0x260
[   20.555839]        netlink_sendmsg+0x3d8/0x460
[   20.555848]        sock_sendmsg+0x34/0x80
[   20.555857]        ____sys_sendmsg+0x1e4/0x200
[   20.555866]        ___sys_sendmsg+0x48/0x80
[   20.555874]        __sys_sendmsg+0x48/0x80
[   20.555883]        sys_sendmsg+0x18/0x40
[   20.555892]        linux_sparc_syscall+0x34/0x44
[   20.555900] 
               other info that might help us debug this:

[   20.555911]  Possible unsafe locking scenario:

[   20.555920]        CPU0                    CPU1
[   20.555927]        ----                    ----
[   20.555934]   lock(&net->nft.commit_mutex);
[   20.555944]                                lock(&table[i].mutex);
[   20.555954]                                lock(&net->nft.commit_mutex);
[   20.555964]   lock(&table[i].mutex);
[   20.555972] 
                *** DEADLOCK ***

[   20.555984] 1 lock held by iptables-restor/1030:
[   20.555991]  #0: 0000000000e6b6a0 (&net->nft.commit_mutex){+.+.}, at: nf_tables_valid_genid+0x10/0x60 [nf_tables]
[   20.556015] 
               stack backtrace:
[   20.556026] CPU: 27 PID: 1030 Comm: iptables-restor Not tainted 5.5.0-rc2-00385-gb8e382a185eb #1328
[   20.556037] Call Trace:
[   20.556046]  [00000000004d537c] print_circular_bug.isra.0+0x1bc/0x1e0
[   20.556056]  [00000000004d55c0] check_noncircular+0x220/0x240
[   20.556066]  [00000000004d9b38] __lock_acquire+0x1b18/0x2520
[   20.556077]  [00000000004daecc] lock_acquire+0x1ac/0x1e0
[   20.556088]  [0000000000b65bec] __mutex_lock+0xac/0x9a0
[   20.556097]  [0000000000b664fc] mutex_lock_nested+0x1c/0x40
[   20.556108]  [0000000010514024] nfnl_lock+0x24/0x40 [nfnetlink]
[   20.556121]  [00000000105211d0] ip_set_nfnl_get_byindex+0x190/0x280 [ip_set]
[   20.556131]  [000000001059c694] set_match_v1_checkentry+0x14/0xc0 [xt_set]
[   20.556143]  [00000000103de900] xt_check_match+0x240/0x280 [x_tables]
[   20.556154]  [0000000010576c54] __nft_match_init+0x174/0x1a0 [nft_compat]
[   20.556166]  [0000000010576d18] nft_match_init+0x18/0x40 [nft_compat]
[   20.556180]  [0000000010552190] nf_tables_newrule+0x510/0x7a0 [nf_tables]
[   20.556192]  [0000000010514898] nfnetlink_rcv_batch+0x3d8/0x620 [nfnetlink]
[   20.556203]  [0000000010514bf0] nfnetlink_rcv+0x110/0x140 [nfnetlink]
[   20.556214]  [0000000000a5a570] netlink_unicast+0x150/0x260
