[    0.000018] PROMLIB: Sun IEEE Boot Prom 'OBP 4.38.12 2018/03/28 14:54'
[    0.000030] PROMLIB: Root node compatible: sun4v
[    0.000079] Linux version 5.4.0-11180-g76bb8b05960c (mator@ttip.nvglabs.local) (gcc version 9.2.1 20191130 (Debian 9.2.1-21)) #1313 SMP Tue Dec 3 12:15:58 MSK 2019
[    0.000400] printk: bootconsole [earlyprom0] enabled
[    0.000452] ARCH: SUN4V
[    0.000502] Ethernet address: 00:14:4f:fa:06:f2
[    0.000555] MM: PAGE_OFFSET is 0xfff8000000000000 (max_phys_bits == 47)
[    0.000620] MM: VMALLOC [0x0000000100000000 --> 0x0006000000000000]
[    0.000682] MM: VMEMMAP [0x0006000000000000 --> 0x000c000000000000]
[    0.012514] Kernel: Using 5 locked TLB entries for main kernel image.
[    0.012584] Remapping the kernel... 
[    0.012610] done.
[    0.046087] OF stdout device is: /virtual-devices@100/console@1
[    0.046151] PROM: Built device tree with 88003 bytes of memory.
[    0.046212] MDESC: Size is 36960 bytes.
[    0.046328] PLATFORM: banner-name [SPARC T5-2]
[    0.046378] PLATFORM: name [ORCL,SPARC-T5-2]
[    0.046425] PLATFORM: hostid [84fa06f2]
[    0.046467] PLATFORM: serial# [0035260e]
[    0.046510] PLATFORM: stick-frequency [3b9aca00]
[    0.046559] PLATFORM: mac-address [144ffa06f2]
[    0.046606] PLATFORM: watchdog-resolution [1000 ms]
[    0.046657] PLATFORM: watchdog-max-timeout [31536000000 ms]
[    0.046713] PLATFORM: max-cpus [1024]
[    0.046801] Top of RAM: 0x24af938000, Total RAM: 0x87f354000
[    0.046861] Memory hole size: 115461MB
[    0.051512] Allocated 40960 bytes for kernel page tables.
[    0.051597] Zone ranges:
[    0.051637]   Normal   [mem 0x0000000030400000-0x00000024af937fff]
[    0.051702] Movable zone start for each node
[    0.051747] Early memory node ranges
[    0.051789]   node   0: [mem 0x0000000030400000-0x000000006fe7ffff]
[    0.051851]   node   0: [mem 0x000000006ff00000-0x000000006ff25fff]
[    0.051912]   node   0: [mem 0x0000000070000000-0x000000042fffffff]
[    0.051975]   node   0: [mem 0x0000002030000000-0x00000024af87ffff]
[    0.052037]   node   0: [mem 0x00000024af900000-0x00000024af925fff]
[    0.052099]   node   0: [mem 0x00000024af930000-0x00000024af937fff]
[    0.059488] Zeroed struct page in unavailable ranges: 230130 pages
[    0.059496] Initmem setup node 0 [mem 0x0000000030400000-0x00000024af937fff]
[    0.059655] On node 0 totalpages: 4454826
[    0.059664]   Normal zone: 39154 pages used for memmap
[    0.059669]   Normal zone: 0 pages reserved
[    0.059675]   Normal zone: 4454826 pages, LIFO batch:31
[    0.070468] Booting Linux...
[    0.070551] CPU CAPS: [flush,stbar,swap,muldiv,v9,blkinit,n2,mul32]
[    0.070633] CPU CAPS: [div32,v8plus,popc,vis,vis2,ASIBlkInit,fmaf,vis3]
[    0.070712] CPU CAPS: [hpc,ima,pause,cbcond,aes,des,kasumi,camellia]
[    0.070786] CPU CAPS: [md5,sha1,sha256,sha512,mpmul,montmul,montsqr,crc32c]
[    0.100705] percpu: Embedded 27 pages/cpu s182024 r8192 d30968 u262144
[    0.100934] pcpu-alloc: s182024 r8192 d30968 u262144 alloc=1*4194304
[    0.100941] pcpu-alloc: [0] 000 001 002 003 004 005 006 007 008 009 010 011 012 013 014 015 
[    0.100968] pcpu-alloc: [0] 016 017 018 019 020 021 022 023 024 025 026 027 028 029 030 031 
[    0.100996] pcpu-alloc: [0] 032 033 034 035 036 037 038 039 040 041 042 043 044 045 046 047 
[    0.101024] pcpu-alloc: [0] 048 049 050 051 052 053 054 055 056 057 058 059 060 061 062 063 
[    0.101051] pcpu-alloc: [0] 064 065 066 067 068 069 070 071 072 073 074 075 076 077 078 079 
[    0.101079] pcpu-alloc: [0] 080 081 082 083 084 085 086 087 088 089 090 091 092 093 094 095 
[    0.101107] pcpu-alloc: [0] 096 097 098 099 100 101 102 103 104 105 106 107 108 109 110 111 
[    0.101134] pcpu-alloc: [0] 112 113 114 115 116 117 118 119 120 121 122 123 124 125 126 127 
[    0.101657] SUN4V: Mondo queue sizes [cpu(131072) dev(16384) r(8192) nr(256)]
[    0.102031] Built 1 zonelists, mobility grouping on.  Total pages: 4415672
[    0.102119] Kernel command line: BOOT_IMAGE=/vmlinux-5.4.0-11180-g76bb8b05960c root=/dev/vdiska2 ro zswap.enabled=1
[    0.104518] printk: log_buf_len individual max cpu contribution: 4096 bytes
[    0.104588] printk: log_buf_len total cpu_extra contributions: 520192 bytes
[    0.104655] printk: log_buf_len min size: 131072 bytes
[    0.104929] printk: log_buf_len: 1048576 bytes
[    0.104980] printk: early log buf free: 126640(96%)
[    0.111297] Dentry cache hash table entries: 8388608 (order: 13, 67108864 bytes, linear)
[    0.114532] Inode-cache hash table entries: 4194304 (order: 12, 33554432 bytes, linear)
[    0.114609] Sorting __ex_table...
[    0.114866] mem auto-init: stack:off, heap alloc:off, heap free:off
[    0.182172] Memory: 1305232K/35638608K available (7557K kernel code, 973K rwdata, 2208K rodata, 712K init, 6740K bss, 504464K reserved, 0K cma-reserved)
[    0.182840] SLUB: HWalign=32, Order=0-3, MinObjects=0, CPUs=128, Nodes=1
[    0.183139] ftrace: allocating 21307 entries in 42 pages
[    0.191281] ftrace: allocated 42 pages with 3 groups
[    0.194088] Running RCU self tests
[    0.194133] rcu: Hierarchical RCU implementation.
[    0.194183] rcu: 	RCU event tracing is enabled.
[    0.194232] rcu: 	RCU lockdep checking is enabled.
[    0.194283] 	Tasks RCU enabled.
[    0.194320] rcu: RCU calculated value of scheduler-enlistment delay is 10 jiffies.
[    0.198500] NR_IRQS: 2048, nr_irqs: 2048, preallocated irqs: 1
[    0.198577] SUN4V: Using IRQ API major 3, cookie only virqs enabled
[    0.201024] clocksource: stick: mask: 0xffffffffffffffff max_cycles: 0x1cd42e4dffb, max_idle_ns: 881590591483 ns
[    0.201154] clocksource: mult[800000] shift[23]
[    0.201203] clockevent: mult[80000000] shift[31]
[    0.201730] Console: colour dummy device 80x25
[    0.201793] printk: console [tty0] enabled
[    0.201869] printk: bootconsole [earlyprom0] disabled
[    0.201954] Lock dependency validator: Copyright (c) 2006 Red Hat, Inc., Ingo Molnar
[    0.202002] ... MAX_LOCKDEP_SUBCLASSES:  8
[    0.202032] ... MAX_LOCK_DEPTH:          48
[    0.202062] ... MAX_LOCKDEP_KEYS:        8192
[    0.202093] ... CLASSHASH_SIZE:          4096
[    0.202124] ... MAX_LOCKDEP_ENTRIES:     16384
[    0.202155] ... MAX_LOCKDEP_CHAINS:      32768
[    0.202187] ... CHAINHASH_SIZE:          16384
[    0.202218]  memory used by lock dependency info: 3855 kB
[    0.202254]  memory used for stack traces: 2112 kB
[    0.202287]  per task-struct memory footprint: 1920 bytes
[    0.351420] Calibrating delay using timer specific routine.. 2003.75 BogoMIPS (lpj=10018754)
[    0.351477] pid_max: default: 131072 minimum: 1024
[    0.351740] LSM: Security Framework initializing
[    0.351984] AppArmor: AppArmor initialized
[    0.352251] Mount-cache hash table entries: 131072 (order: 7, 1048576 bytes, linear)
[    0.352416] Mountpoint-cache hash table entries: 131072 (order: 7, 1048576 bytes, linear)
[    0.352545] *** VALIDATE tmpfs ***
[    0.353402] *** VALIDATE proc ***
[    0.353903] *** VALIDATE cgroup1 ***
[    0.353935] *** VALIDATE cgroup2 ***
[    0.355998] rcu: Hierarchical SRCU implementation.
[    0.363873] smp: Bringing up secondary CPUs ...
[    0.407092] smp: Brought up 1 node, 32 CPUs
[    0.597725] node 0 initialised, 4228614 pages in 190ms
[    0.599063] devtmpfs: initialized
[    0.603641] Performance events: 
[    0.603687] Testing NMI watchdog ... 
[    0.803762] OK.
[    0.803878] Supported PMU type is 'niagara5'
[    0.804077] random: get_random_u32 called from bucket_table_alloc.isra.0+0x188/0x1c0 with crng_init=0
[    0.804775] ldc.c:v1.1 (July 22, 2008)
[    0.807096] clocksource: jiffies: mask: 0xffffffff max_cycles: 0xffffffff, max_idle_ns: 19112604462750000 ns
[    0.807185] futex hash table entries: 32768 (order: 9, 4194304 bytes, linear)
[    0.812210] NET: Registered protocol family 16
[    0.820477] VIO: Adding device channel-devices (tx_ino = ffffffffffffffff, rx_ino = ffffffffffffffff)
[    0.820683] VIO: Adding device vnet-port-0-0 (tx_ino = 0, rx_ino = 1)
[    0.820881] VIO: Adding device vnet-port-0-1 (tx_ino = 2, rx_ino = 3)
[    0.821046] VIO: Adding device vnet-port-0-2 (tx_ino = 4, rx_ino = 5)
[    0.821215] VIO: Adding device vnet-port-0-4 (tx_ino = 8, rx_ino = 9)
[    0.821379] VIO: Adding device vnet-port-0-5 (tx_ino = a, rx_ino = b)
[    0.821541] VIO: Adding device vnet-port-0-6 (tx_ino = c, rx_ino = d)
[    0.821702] VIO: Adding device vdc-port-3-0 (tx_ino = e, rx_ino = f)
[    0.821871] VIO: Adding device vdc-port-2-0 (tx_ino = 10, rx_ino = 11)
[    0.822034] VIO: Adding device vdc-port-1-0 (tx_ino = 12, rx_ino = 13)
[    0.822196] VIO: Adding device vdc-port-0-0 (tx_ino = 14, rx_ino = 15)
[    0.822363] VIO: Adding device vdc-port-4-0 (tx_ino = 16, rx_ino = 17)
[    0.822528] VIO: Adding device vlds-port-0-0 (tx_ino = 18, rx_ino = 19)
[    0.822694] VIO: Adding device domain-services-port-0 (tx_ino = 18, rx_ino = 19)
[    0.822968] audit: initializing netlink subsys (disabled)
[    0.823234] audit: type=2000 audit(0.420:1): state=initialized audit_enabled=0 res=1
[    0.847490] HugeTLB registered 64.0 KiB page size, pre-allocated 0 pages
[    0.847542] HugeTLB registered 8.00 MiB page size, pre-allocated 0 pages
[    0.847587] HugeTLB registered 256 MiB page size, pre-allocated 0 pages
[    0.847631] HugeTLB registered 2.00 GiB page size, pre-allocated 0 pages
[    0.849207] alg: extra crypto tests enabled.  This is intended for developer use only.
[    0.874219] cryptd: max_cpu_qlen set to 1000
[    0.973771] NetLabel: Initializing
[    0.973804] NetLabel:  domain hash size = 128
[    0.973836] NetLabel:  protocols = UNLABELED CIPSOv4 CALIPSO
[    0.973968] NetLabel:  unlabeled traffic allowed by default
[    0.974928] SUN4V: Reboot data supported (maj=1,min=0).
[    0.975279] ds.c:v1.0 (Jul 11, 2007)
[    0.975615] ds-0: ds_conn_reset() from send_events.isra.0
[    0.977057] clocksource: Switched to clocksource stick
[    1.174080] *** VALIDATE bpf ***
[    1.175312] VFS: Disk quotas dquot_6.6.0
[    1.175438] VFS: Dquot-cache hash table entries: 1024 (order 0, 8192 bytes)
[    1.175640] *** VALIDATE ramfs ***
[    1.175688] *** VALIDATE hugetlbfs ***
[    1.177209] AppArmor: AppArmor Filesystem Enabled
[    1.189890] NET: Registered protocol family 2
[    1.191782] tcp_listen_portaddr_hash hash table entries: 32768 (order: 8, 2359296 bytes, linear)
[    1.194671] TCP established hash table entries: 524288 (order: 9, 4194304 bytes, linear)
[    1.196632] TCP bind hash table entries: 65536 (order: 9, 4194304 bytes, linear)
[    1.202206] TCP: Hash tables configured (established 524288 bind 65536)
[    1.204586] UDP hash table entries: 32768 (order: 9, 5242880 bytes, linear)
[    1.210865] UDP-Lite hash table entries: 32768 (order: 9, 5242880 bytes, linear)
[    1.218703] NET: Registered protocol family 1
[    1.218765] NET: Registered protocol family 44
[    1.219294] Trying to unpack rootfs image as initramfs...
[    1.501350] Freeing initrd memory: 10520K
[    1.502336] aes_sparc64: Using sparc64 aes opcodes optimized AES implementation
[    1.772125] des_sparc64: Using sparc64 des opcodes optimized DES implementation
[    2.265121] camellia_sparc64: Using sparc64 camellia opcodes optimized CAMELLIA implementation
[    2.449658] workingset: timestamp_bits=46 max_order=23 bucket_order=0
[    2.469840] SGI XFS with ACLs, security attributes, quota, fatal assert, debug enabled
[    2.475716] *** VALIDATE xfs ***
[    2.490670] Block layer SCSI generic (bsg) driver version 0.4 loaded (major 252)
[    2.491610] io scheduler mq-deadline registered
[    2.494320] f029b788: ttyHV0 at I/O 0x0 (irq = 1, base_baud = 115200) is a SUN4V HCONS
[    2.501310] printk: console [ttyHV0] enabled
[    2.504748] sunvdc.c:v1.2 (November 24, 2014)
[    2.506315] sunvdc: Virtual CDROM vdiskd
[    2.506357] sunvdc: vdiskd: 403160 sectors (196 MB) protocol 1.2
[    2.508128]  vdiskd: vdiskd1 vdiskd2 vdiskd3 vdiskd4 vdiskd5 vdiskd6 vdiskd7
[    2.528018] sunvdc: Virtual Hard disk vdiskc
[    2.528057] sunvdc: vdiskc: 104857600 sectors (51200 MB) protocol 1.2
[    2.546922] sunvdc: Virtual Hard disk vdiskb
[    2.546962] sunvdc: vdiskb: 62914560 sectors (30720 MB) protocol 1.2
[    2.548194]  vdiskb: vdiskb1
[    2.566177] sunvdc: Virtual Hard disk vdiska
[    2.566215] sunvdc: vdiska: 31457280 sectors (15360 MB) protocol 1.2
[    2.567606]  vdiska: vdiska1 vdiska2 vdiska3 vdiska4
[    2.586780] sunvdc: Virtual Hard disk vdiske
[    2.586819] sunvdc: vdiske: 20971520 sectors (10240 MB) protocol 1.2
[    2.588994]  vdiske: vdiske1 vdiske2 vdiske3
[    2.606759] sunvnet: sunvnet 2.0 (February 3, 2017)
[    2.609240] vnet_port vnet-port-0-0 eth0: Sun LDOM vnet 00:14:4f:f8:12:a3
[    2.609460] sunvnet: eth0: PORT ( remote-mac 00:14:4f:fa:f3:f0 switch-port )
[    2.610055] sunvnet: eth0: PORT ( remote-mac 00:14:4f:f8:e5:f3 )
[    2.610647] sunvnet: eth0: PORT ( remote-mac 00:14:4f:f9:b4:97 )
[    2.611237] sunvnet: eth0: PORT ( remote-mac 00:14:4f:f8:3f:1e )
[    2.611810] sunvnet: eth0: PORT ( remote-mac 00:14:4f:f8:fe:47 )
[    2.612383] sunvnet: eth0: PORT ( remote-mac 00:14:4f:f9:8b:83 )
[    2.613569] rtc-sun4v rtc-sun4v: registered as rtc0
[    2.614093] sun4v_wdt: initialized (timeout=60s, nowayout=0)
[    2.614460] device-mapper: uevent: version 1.0.3
[    2.615410] device-mapper: ioctl: 4.41.0-ioctl (2019-09-16) initialised: dm-devel@redhat.com
[    2.616393] NET: Registered protocol family 17
[    2.616963] registered taskstats version 1
[    2.624137] zswap: default zpool zbud not available
[    2.624192] zswap: pool creation failed
[    2.822015] Key type big_key registered
[    2.822087] AppArmor: AppArmor sha1 policy hashing enabled
[    2.822865] rtc-sun4v rtc-sun4v: setting system clock to 2019-12-03T09:33:50 UTC (1575365630)
[    2.827248] This architecture does not have kernel memory protection.
[    2.827295] Run /init as init process
[    3.313388] crc32c_sparc64: Using sparc64 crc32c opcode optimized CRC32C implementation
[    3.400119] random: fast init done
[    3.867041] raid6: int64x8  gen()  2168 MB/s
[    4.037028] raid6: int64x8  xor()  1568 MB/s
[    4.207019] raid6: int64x4  gen()  3460 MB/s
[    4.377006] raid6: int64x4  xor()  2004 MB/s
[    4.547034] raid6: int64x2  gen()  2870 MB/s
[    4.717013] raid6: int64x2  xor()  1996 MB/s
[    4.887018] raid6: int64x1  gen()  2830 MB/s
[    5.057012] raid6: int64x1  xor()  1625 MB/s
[    5.057048] raid6: using algorithm int64x4 gen() 3460 MB/s
[    5.057089] raid6: .... xor() 2004 MB/s, rmw enabled
[    5.057126] raid6: using intx1 recovery algorithm
[    5.057944] async_tx: api initialized (async)
[    5.058427] xor: automatically using best checksumming function   Niagara   
[    5.263566] EXT4-fs (vdiska2): mounted filesystem with ordered data mode. Opts: (null)
[    7.223676] systemd[1]: Inserted module 'autofs4'
[    7.249205] NET: Registered protocol family 10
[    7.255253] Segment Routing with IPv6
[    7.331865] systemd[1]: systemd 243-9 running in system mode. (+PAM +AUDIT +SELINUX +IMA +APPARMOR +SMACK +SYSVINIT +UTMP +LIBCRYPTSETUP +GCRYPT +GNUTLS +ACL +XZ +LZ4 -SECCOMP +BLKID +ELFUTILS +KMOD +IDN2 -IDN +PCRE2 default-hierarchy=hybrid)
[    7.332496] systemd[1]: Detected architecture sparc64.
[    7.481358] systemd[1]: Set hostname to <ttip.nvglabs.local>.
[    7.509220] systemd[1]: Couldn't move remaining userspace processes, ignoring: Input/output error
[    8.307748] random: lvmconfig: uninitialized urandom read (4 bytes read)
[    9.387553] systemd[1]: /lib/systemd/system/dbus.socket:5: ListenStream= references a path below legacy directory /var/run/, updating /var/run/dbus/system_bus_socket → /run/dbus/system_bus_socket; please update the unit file accordingly.
[    9.744398] systemd[1]: /lib/systemd/system/pcscd.socket:5: ListenStream= references a path below legacy directory /var/run/, updating /var/run/pcscd/pcscd.comm → /run/pcscd/pcscd.comm; please update the unit file accordingly.
[    9.771263] random: systemd: uninitialized urandom read (16 bytes read)
[    9.781899] systemd[1]: Created slice system-getty.slice.
[    9.782583] random: systemd: uninitialized urandom read (16 bytes read)
[    9.785964] systemd[1]: Created slice system-openvpn\x2dclient.slice.
[    9.786393] random: systemd: uninitialized urandom read (16 bytes read)
[    9.789833] systemd[1]: Created slice system-postfix.slice.
[    9.794906] systemd[1]: Created slice system-systemd\x2dfsck.slice.
[   10.035959] EXT4-fs (vdiska2): re-mounted. Opts: errors=remount-ro
[   10.217242] systemd-journald[556]: Received client request to flush runtime journal.
[   11.550435] sha1_sparc64: Using sparc64 sha1 opcode optimized SHA-1 implementation
[   11.684244] n2rng v0.3 (Jan 7, 2017)
[   11.684340] n2rng f029b104: Registered RNG HVAPI major 2 minor 0
[   11.684417] n2rng f029b104: Found multi-unit-capable RNG, units: 2
[   11.685417] n2rng f029b104: RNG ready
[   11.747833] sha256_sparc64: Using sparc64 sha256 opcode optimized SHA-256/SHA-224 implementation
[   11.763108] pktcdvd: setup of pktcdvd device failed
[   11.808179] pktcdvd: setup of pktcdvd device failed
[   11.811466] pktcdvd: setup of pktcdvd device failed
[   11.815189] pktcdvd: setup of pktcdvd device failed
[   11.818810] pktcdvd: setup of pktcdvd device failed
[   11.822469] pktcdvd: setup of pktcdvd device failed
[   11.826595] pktcdvd: setup of pktcdvd device failed
[   11.830639] pktcdvd: setup of pktcdvd device failed
[   11.938006] sha512_sparc64: Using sparc64 sha512 opcode optimized SHA-512/SHA-384 implementation
[   11.950357] md5_sparc64: Using sparc64 md5 opcode optimized MD5 implementation
[   12.500755] XFS (dm-0): Mounting V5 Filesystem
[   12.637919] XFS (dm-0): Ending clean mount
[   12.640340] xfs filesystem being mounted at /1 supports timestamps until 2038 (0x7fffffff)
[   14.597581] random: crng init done
[   14.597720] random: 6 urandom warning(s) missed due to ratelimiting
[   14.967071] Adding 787176k swap on /dev/vdiska4.  Priority:-2 extents:1 across:787176k FS
[   15.213224] EXT4-fs (vdiska1): mounting ext3 file system using the ext4 subsystem
[   15.226267] EXT4-fs (vdiska1): mounted filesystem with ordered data mode. Opts: (null)
[   15.226438] ext3 filesystem being mounted at /boot supports timestamps until 2038 (0x7fffffff)
[   16.356921] Kernel unaligned access at TPC[881d78] aa_dfa_unpack+0x38/0x5c0
[   16.357086] Kernel unaligned access at TPC[881d98] aa_dfa_unpack+0x58/0x5c0
[   16.357143] Kernel unaligned access at TPC[881e60] aa_dfa_unpack+0x120/0x5c0
[   16.357200] Kernel unaligned access at TPC[881f40] aa_dfa_unpack+0x200/0x5c0
[   16.357255] Kernel unaligned access at TPC[881f54] aa_dfa_unpack+0x214/0x5c0
[   19.582558] tun: Universal TUN/TAP device driver, 1.6

[   21.457492] ======================================================
[   21.457500] WARNING: possible circular locking dependency detected
[   21.457508] 5.4.0-11180-g76bb8b05960c #1313 Not tainted
[   21.457515] ------------------------------------------------------
[   21.457523] iptables-restor/984 is trying to acquire lock:
[   21.457531] 0000000010538120 (&table[i].mutex){+.+.}, at: nfnl_lock+0x24/0x40 [nfnetlink]
[   21.457550] 
               but task is already holding lock:
[   21.457557] 0000000000e536a0 (&net->nft.commit_mutex){+.+.}, at: nf_tables_valid_genid+0x10/0x60 [nf_tables]
[   21.457581] 
               which lock already depends on the new lock.

[   21.457589] 
               the existing dependency chain (in reverse order) is:
[   21.457596] 
               -> #1 (&net->nft.commit_mutex){+.+.}:
[   21.457615]        __mutex_lock+0xac/0x9a0
[   21.457622]        mutex_lock_nested+0x1c/0x40
[   21.457632]        nf_tables_valid_genid+0x10/0x60 [nf_tables]
[   21.457640]        nfnetlink_rcv_batch+0x228/0x620 [nfnetlink]
[   21.457648]        nfnetlink_rcv+0x110/0x140 [nfnetlink]
[   21.457660]        netlink_unicast+0x150/0x260
[   21.457667]        netlink_sendmsg+0x3b8/0x400
[   21.457675]        sock_sendmsg+0x34/0x80
[   21.457682]        ____sys_sendmsg+0x1e4/0x200
[   21.457688]        ___sys_sendmsg+0x68/0xa0
[   21.457695]        __sys_sendmsg+0x48/0x80
[   21.457701]        sys_sendmsg+0x18/0x40
[   21.457714]        linux_sparc_syscall+0x34/0x44
[   21.457720] 
               -> #0 (&table[i].mutex){+.+.}:
[   21.457732]        __lock_acquire+0x1b18/0x2520
[   21.457739]        lock_acquire+0x1ac/0x1e0
[   21.457745]        __mutex_lock+0xac/0x9a0
[   21.457752]        mutex_lock_nested+0x1c/0x40
[   21.457759]        nfnl_lock+0x24/0x40 [nfnetlink]
[   21.457769]        ip_set_nfnl_get_byindex+0x190/0x280 [ip_set]
[   21.457778]        set_match_v1_checkentry+0x14/0xc0 [xt_set]
[   21.457791]        xt_check_match+0x240/0x280 [x_tables]
[   21.457801]        __nft_match_init+0x174/0x1a0 [nft_compat]
[   21.457808]        nft_match_init+0x18/0x40 [nft_compat]
[   21.457819]        nf_tables_newrule+0x510/0x7a0 [nf_tables]
[   21.457827]        nfnetlink_rcv_batch+0x3d8/0x620 [nfnetlink]
[   21.457835]        nfnetlink_rcv+0x110/0x140 [nfnetlink]
[   21.457842]        netlink_unicast+0x150/0x260
[   21.457848]        netlink_sendmsg+0x3b8/0x400
[   21.457855]        sock_sendmsg+0x34/0x80
[   21.457861]        ____sys_sendmsg+0x1e4/0x200
[   21.457867]        ___sys_sendmsg+0x68/0xa0
[   21.457873]        __sys_sendmsg+0x48/0x80
[   21.457880]        sys_sendmsg+0x18/0x40
[   21.457886]        linux_sparc_syscall+0x34/0x44
[   21.457892] 
               other info that might help us debug this:

[   21.457900]  Possible unsafe locking scenario:

[   21.457907]        CPU0                    CPU1
[   21.457912]        ----                    ----
[   21.457917]   lock(&net->nft.commit_mutex);
[   21.457924]                                lock(&table[i].mutex);
[   21.457931]                                lock(&net->nft.commit_mutex);
[   21.457939]   lock(&table[i].mutex);
[   21.457945] 
                *** DEADLOCK ***

[   21.457953] 1 lock held by iptables-restor/984:
[   21.457959]  #0: 0000000000e536a0 (&net->nft.commit_mutex){+.+.}, at: nf_tables_valid_genid+0x10/0x60 [nf_tables]
[   21.457976] 
               stack backtrace:
[   21.457984] CPU: 9 PID: 984 Comm: iptables-restor Not tainted 5.4.0-11180-g76bb8b05960c #1313
[   21.457992] Call Trace:
[   21.457999]  [00000000004d52bc] print_circular_bug.isra.0+0x1bc/0x1e0
[   21.458006]  [00000000004d5500] check_noncircular+0x220/0x240
[   21.458013]  [00000000004d9a78] __lock_acquire+0x1b18/0x2520
[   21.458020]  [00000000004dae0c] lock_acquire+0x1ac/0x1e0
[   21.458028]  [0000000000b5e78c] __mutex_lock+0xac/0x9a0
[   21.458035]  [0000000000b5f09c] mutex_lock_nested+0x1c/0x40
[   21.458043]  [0000000010536024] nfnl_lock+0x24/0x40 [nfnetlink]
[   21.458052]  [00000000105431d0] ip_set_nfnl_get_byindex+0x190/0x280 [ip_set]
[   21.458060]  [00000000105bc694] set_match_v1_checkentry+0x14/0xc0 [xt_set]
[   21.458069]  [00000000103dc8a0] xt_check_match+0x240/0x280 [x_tables]
[   21.458077]  [00000000105aac54] __nft_match_init+0x174/0x1a0 [nft_compat]
[   21.458085]  [00000000105aad18] nft_match_init+0x18/0x40 [nft_compat]
[   21.458096]  [0000000010574190] nf_tables_newrule+0x510/0x7a0 [nf_tables]
[   21.458104]  [0000000010536898] nfnetlink_rcv_batch+0x3d8/0x620 [nfnetlink]
[   21.458112]  [0000000010536bf0] nfnetlink_rcv+0x110/0x140 [nfnetlink]
[   21.458120]  [0000000000a534d0] netlink_unicast+0x150/0x260
