[    0.000020] PROMLIB: Sun IEEE Boot Prom 'OBP 4.38.12 2018/03/28 14:54'
[    0.000031] PROMLIB: Root node compatible: sun4v
[    0.000083] Linux version 5.9.0-rc4-00034-g7fe10096c150-dirty (mator@ttip) (gcc (Debian 10.2.0-6) 10.2.0, GNU ld (GNU Binutils for Debian) 2.35) #63 SMP Thu Sep 10 16:59:47 MSK 2020
[    0.000426] printk: bootconsole [earlyprom0] enabled
[    0.000477] ARCH: SUN4V
[    0.000528] Ethernet address: 00:14:4f:fa:06:f2
[    0.000581] MM: PAGE_OFFSET is 0xfff8000000000000 (max_phys_bits == 47)
[    0.000644] MM: VMALLOC [0x0000000100000000 --> 0x0006000000000000]
[    0.000706] MM: VMEMMAP [0x0006000000000000 --> 0x000c000000000000]
[    0.012875] Kernel: Using 5 locked TLB entries for main kernel image.
[    0.012945] Remapping the kernel... 
[    0.012968] done.
[    0.045960] OF stdout device is: /virtual-devices@100/console@1
[    0.046023] PROM: Built device tree with 86758 bytes of memory.
[    0.046085] MDESC: Size is 36512 bytes.
[    0.046199] PLATFORM: banner-name [SPARC T5-2]
[    0.046250] PLATFORM: name [ORCL,SPARC-T5-2]
[    0.046296] PLATFORM: hostid [84fa06f2]
[    0.046338] PLATFORM: serial# [0035260e]
[    0.046381] PLATFORM: stick-frequency [3b9aca00]
[    0.046430] PLATFORM: mac-address [144ffa06f2]
[    0.046477] PLATFORM: watchdog-resolution [1000 ms]
[    0.046530] PLATFORM: watchdog-max-timeout [31536000000 ms]
[    0.046585] PLATFORM: max-cpus [1024]
[    0.051336] Allocated 40960 bytes for kernel page tables.
[    0.051428] Zone ranges:
[    0.051468]   Normal   [mem 0x0000000030400000-0x00000024af937fff]
[    0.051530] Movable zone start for each node
[    0.051575] Early memory node ranges
[    0.051615]   node   0: [mem 0x0000000030400000-0x000000006fe7ffff]
[    0.051678]   node   0: [mem 0x000000006ff00000-0x000000006ff25fff]
[    0.051739]   node   0: [mem 0x0000000070000000-0x000000042fffffff]
[    0.051802]   node   0: [mem 0x0000002030000000-0x00000024af87ffff]
[    0.051865]   node   0: [mem 0x00000024af900000-0x00000024af925fff]
[    0.051925]   node   0: [mem 0x00000024af930000-0x00000024af937fff]
[    0.066493] Zeroed struct page in unavailable ranges: 263766 pages
[    0.066501] Initmem setup node 0 [mem 0x0000000030400000-0x00000024af937fff]
[    0.066660] On node 0 totalpages: 4454826
[    0.066670]   Normal zone: 39154 pages used for memmap
[    0.066675]   Normal zone: 0 pages reserved
[    0.066680]   Normal zone: 4454826 pages, LIFO batch:31
[    0.224861] Booting Linux...
[    0.224947] CPU CAPS: [flush,stbar,swap,muldiv,v9,blkinit,n2,mul32]
[    0.225026] CPU CAPS: [div32,v8plus,popc,vis,vis2,ASIBlkInit,fmaf,vis3]
[    0.226104] CPU CAPS: [hpc,ima,pause,cbcond,aes,des,kasumi,camellia]
[    0.226176] CPU CAPS: [md5,sha1,sha256,sha512,mpmul,montmul,montsqr,crc32c]
[    0.256091] percpu: Embedded 28 pages/cpu s184784 r8192 d36400 u262144
[    0.256332] pcpu-alloc: s184784 r8192 d36400 u262144 alloc=1*4194304
[    0.256339] pcpu-alloc: [0] 000 001 002 003 004 005 006 007 008 009 010 011 012 013 014 015 
[    0.256365] pcpu-alloc: [0] 016 017 018 019 020 021 022 023 024 025 026 027 028 029 030 031 
[    0.256390] pcpu-alloc: [0] 032 033 034 035 036 037 038 039 040 041 042 043 044 045 046 047 
[    0.256415] pcpu-alloc: [0] 048 049 050 051 052 053 054 055 056 057 058 059 060 061 062 063 
[    0.256440] pcpu-alloc: [0] 064 065 066 067 068 069 070 071 072 073 074 075 076 077 078 079 
[    0.256465] pcpu-alloc: [0] 080 081 082 083 084 085 086 087 088 089 090 091 092 093 094 095 
[    0.256490] pcpu-alloc: [0] 096 097 098 099 100 101 102 103 104 105 106 107 108 109 110 111 
[    0.256515] pcpu-alloc: [0] 112 113 114 115 116 117 118 119 120 121 122 123 124 125 126 127 
[    0.256957] SUN4V: Mondo queue sizes [cpu(131072) dev(16384) r(8192) nr(256)]
[    0.257330] Built 1 zonelists, mobility grouping on.  Total pages: 4415672
[    0.257398] Policy zone: Normal
[    0.257457] Kernel command line: BOOT_IMAGE=/vmlinux-5.9.0-rc4-00034-g7fe10096c150-dirty root=/dev/vdiska2 ro zswap.enabled=1
[    0.260102] printk: log_buf_len individual max cpu contribution: 4096 bytes
[    0.260172] printk: log_buf_len total cpu_extra contributions: 520192 bytes
[    0.260239] printk: log_buf_len min size: 131072 bytes
[    0.260512] printk: log_buf_len: 1048576 bytes
[    0.260564] printk: early log buf free: 126672(96%)
[    0.266878] Dentry cache hash table entries: 8388608 (order: 13, 67108864 bytes, linear)
[    0.270114] Inode-cache hash table entries: 4194304 (order: 12, 33554432 bytes, linear)
[    0.270190] Sorting __ex_table...
[    0.270433] mem auto-init: stack:off, heap alloc:off, heap free:off
[    0.376277] Memory: 35127720K/35638608K available (8321K kernel code, 1102K rwdata, 2480K rodata, 680K init, 6856K bss, 510888K reserved, 0K cma-reserved)
[    0.376957] SLUB: HWalign=32, Order=0-3, MinObjects=0, CPUs=128, Nodes=32
[    0.377240] ftrace: allocating 23109 entries in 46 pages
[    0.386117] ftrace: allocated 46 pages with 4 groups
[    0.388986] Running RCU self tests
[    0.389371] rcu: Hierarchical RCU implementation.
[    0.389423] rcu: 	RCU event tracing is enabled.
[    0.389472] rcu: 	RCU lockdep checking is enabled.
[    0.389522] 	Trampoline variant of Tasks RCU enabled.
[    0.389573] 	Rude variant of Tasks RCU enabled.
[    0.389619] 	Tracing variant of Tasks RCU enabled.
[    0.389668] rcu: RCU calculated value of scheduler-enlistment delay is 10 jiffies.
[    0.394053] NR_IRQS: 2048, nr_irqs: 2048, preallocated irqs: 1
[    0.394130] SUN4V: Using IRQ API major 3, cookie only virqs enabled
[    0.396630] clocksource: stick: mask: 0xffffffffffffffff max_cycles: 0x1cd42e4dffb, max_idle_ns: 881590591483 ns
[    0.396761] clocksource: mult[800000] shift[23]
[    0.396809] clockevent: mult[80000000] shift[31]
[    0.397208] Console: colour dummy device 80x25
[    0.397272] printk: console [tty0] enabled
[    0.397351] printk: bootconsole [earlyprom0] disabled
[    0.397440] Lock dependency validator: Copyright (c) 2006 Red Hat, Inc., Ingo Molnar
[    0.397494] ... MAX_LOCKDEP_SUBCLASSES:  8
[    0.397527] ... MAX_LOCK_DEPTH:          48
[    0.397561] ... MAX_LOCKDEP_KEYS:        8192
[    0.397595] ... CLASSHASH_SIZE:          4096
[    0.397629] ... MAX_LOCKDEP_ENTRIES:     16384
[    0.397663] ... MAX_LOCKDEP_CHAINS:      32768
[    0.397697] ... CHAINHASH_SIZE:          16384
[    0.397731]  memory used by lock dependency info: 3919 kB
[    0.397770]  memory used for stack traces: 2112 kB
[    0.397806]  per task-struct memory footprint: 1920 bytes
[    0.547347] Calibrating delay using timer specific routine.. 2011.81 BogoMIPS (lpj=10059067)
[    0.547426] pid_max: default: 131072 minimum: 1024
[    0.547713] LSM: Security Framework initializing
[    0.547889] AppArmor: AppArmor initialized
[    0.548169] Mount-cache hash table entries: 131072 (order: 7, 1048576 bytes, linear)
[    0.548339] Mountpoint-cache hash table entries: 131072 (order: 7, 1048576 bytes, linear)
[    0.554004] rcu: Hierarchical SRCU implementation.
[    0.564899] smp: Bringing up secondary CPUs ...
[    0.621095] smp: Brought up 1 node, 32 CPUs
[    0.627788] devtmpfs: initialized
[    0.634170] Performance events: 
[    0.634208] Testing NMI watchdog ... 
[    0.834308] OK.
[    0.834525] Supported PMU type is 'niagara5'
[    0.834754] random: get_random_u32 called from bucket_table_alloc.isra.0+0x198/0x1c0 with crng_init=0
[    0.835425] ldc.c:v1.1 (July 22, 2008)
[    0.838661] clocksource: jiffies: mask: 0xffffffff max_cycles: 0xffffffff, max_idle_ns: 19112604462750000 ns
[    0.838794] futex hash table entries: 32768 (order: 9, 4194304 bytes, linear)
[    0.844822] NET: Registered protocol family 16
[    0.856700] VIO: Adding device channel-devices (tx_ino = ffffffffffffffff, rx_ino = ffffffffffffffff)
[    0.857001] VIO: Adding device vnet-port-0-0 (tx_ino = 0, rx_ino = 1)
[    0.857274] VIO: Adding device vnet-port-0-1 (tx_ino = 2, rx_ino = 3)
[    0.857533] VIO: Adding device vnet-port-0-2 (tx_ino = 4, rx_ino = 5)
[    0.857772] VIO: Adding device vnet-port-0-3 (tx_ino = 6, rx_ino = 7)
[    0.858012] VIO: Adding device vnet-port-0-4 (tx_ino = 8, rx_ino = 9)
[    0.858256] VIO: Adding device vnet-port-0-5 (tx_ino = a, rx_ino = b)
[    0.858492] VIO: Adding device vdc-port-2-0 (tx_ino = c, rx_ino = d)
[    0.858755] VIO: Adding device vdc-port-1-0 (tx_ino = e, rx_ino = f)
[    0.859001] VIO: Adding device vdc-port-0-0 (tx_ino = 10, rx_ino = 11)
[    0.859238] VIO: Adding device vdc-port-3-0 (tx_ino = 12, rx_ino = 13)
[    0.859476] VIO: Adding device vlds-port-0-0 (tx_ino = 14, rx_ino = 15)
[    0.859723] VIO: Adding device domain-services-port-0 (tx_ino = 14, rx_ino = 15)
[    0.860114] audit: initializing netlink subsys (disabled)
[    0.860497] audit: type=2000 audit(0.460:1): state=initialized audit_enabled=0 res=1
[    0.900317] HugeTLB registered 64.0 KiB page size, pre-allocated 0 pages
[    0.900401] HugeTLB registered 8.00 MiB page size, pre-allocated 0 pages
[    0.900473] HugeTLB registered 256 MiB page size, pre-allocated 0 pages
[    0.900544] HugeTLB registered 2.00 GiB page size, pre-allocated 0 pages
[    0.902278] alg: extra crypto tests enabled.  This is intended for developer use only.
[    0.931730] cryptd: max_cpu_qlen set to 1000
[    1.056243] vgaarb: loaded
[    1.058044] NetLabel: Initializing
[    1.058090] NetLabel:  domain hash size = 128
[    1.058142] NetLabel:  protocols = UNLABELED CIPSOv4 CALIPSO
[    1.058297] NetLabel:  unlabeled traffic allowed by default
[    1.059519] SUN4V: Reboot data supported (maj=1,min=0).
[    1.060009] ds.c:v1.0 (Jul 11, 2007)
[    1.060416] ds-0: ds_conn_reset() from send_events
[    1.061915] clocksource: Switched to clocksource stick
[    1.329620] VFS: Disk quotas dquot_6.6.0
[    1.329785] VFS: Dquot-cache hash table entries: 1024 (order 0, 8192 bytes)
[    1.332725] AppArmor: AppArmor Filesystem Enabled
[    1.350141] NET: Registered protocol family 2
[    1.352178] tcp_listen_portaddr_hash hash table entries: 32768 (order: 8, 2621440 bytes, linear)
[    1.355156] TCP established hash table entries: 524288 (order: 9, 4194304 bytes, linear)
[    1.357609] TCP bind hash table entries: 65536 (order: 9, 4718592 bytes, linear)
[    1.363869] TCP: Hash tables configured (established 524288 bind 65536)
[    1.366866] UDP hash table entries: 32768 (order: 9, 5242880 bytes, linear)
[    1.373305] UDP-Lite hash table entries: 32768 (order: 9, 5242880 bytes, linear)
[    1.382218] NET: Registered protocol family 1
[    1.382311] NET: Registered protocol family 44
[    1.382388] PCI: CLS 0 bytes, default 64
[    1.383128] Trying to unpack rootfs image as initramfs...
[    1.600543] Freeing initrd memory: 14656K
[    1.601468] aes_sparc64: Using sparc64 aes opcodes optimized AES implementation
[    2.301256] des_sparc64: Using sparc64 des opcodes optimized DES implementation
[    3.350366] camellia_sparc64: Using sparc64 camellia opcodes optimized CAMELLIA implementation
[    3.828847] workingset: timestamp_bits=41 max_order=23 bucket_order=0
[    3.856673] zbud: loaded
[    3.861450] SGI XFS with ACLs, security attributes, quota, fatal assert, debug enabled
[    3.892722] Block layer SCSI generic (bsg) driver version 0.4 loaded (major 252)
[    3.893819] io scheduler mq-deadline registered
[    3.897705] f029b788: ttyHV0 at I/O 0x0 (irq = 1, base_baud = 115200) is a SUN4V HCONS
[    3.898971] printk: console [ttyHV0] enabled
[    3.904697] sunvdc.c:v1.2 (November 24, 2014)
[    3.908266] sunvdc: Virtual Hard disk vdiskc
[    3.908324] sunvdc: vdiskc: 104857600 sectors (51200 MB) protocol 1.2
[    3.937499] sunvdc: Virtual Hard disk vdiskb
[    3.937565] sunvdc: vdiskb: 62914560 sectors (30720 MB) protocol 1.2
[    3.939771]  vdiskb: vdiskb1
[    3.967151] sunvdc: Virtual Hard disk vdiska
[    3.967217] sunvdc: vdiska: 31457280 sectors (15360 MB) protocol 1.2
[    3.969514]  vdiska: vdiska1 vdiska2 vdiska3 vdiska4
[    3.997971] sunvdc: Virtual CDROM vdiskd
[    3.998042] sunvdc: vdiskd: 453848 sectors (221 MB) protocol 1.2
[    4.000280]  vdiskd: vdiskd1 vdiskd2 vdiskd3 vdiskd4 vdiskd5 vdiskd6 vdiskd7
[    4.026714] sunvnet: sunvnet 2.0 (February 3, 2017)
[    4.029991] vnet_port vnet-port-0-0 eth0: Sun LDOM vnet 00:14:4f:f8:12:a3
[    4.030280] sunvnet: eth0: PORT ( remote-mac 00:14:4f:fa:f3:f0 switch-port )
[    4.031044] sunvnet: eth0: PORT ( remote-mac 00:14:4f:f8:e5:f3 )
[    4.031816] sunvnet: eth0: PORT ( remote-mac 00:14:4f:f9:b4:97 )
[    4.032611] sunvnet: eth0: PORT ( remote-mac 00:14:4f:f8:3f:1e )
[    4.033374] sunvnet: eth0: PORT ( remote-mac 00:14:4f:f8:fe:47 )
[    4.034133] sunvnet: eth0: PORT ( remote-mac 00:14:4f:fb:b5:00 )
[    4.035952] rtc-sun4v rtc-sun4v: registered as rtc0
[    4.036110] rtc-sun4v rtc-sun4v: setting system clock to 2020-09-10T14:16:30 UTC (1599747390)
[    4.036830] sun4v_wdt: initialized (timeout=60s, nowayout=0)
[    4.037294] device-mapper: uevent: version 1.0.3
[    4.038492] device-mapper: ioctl: 4.42.0-ioctl (2020-02-27) initialised: dm-devel@redhat.com
[    4.039659] NET: Registered protocol family 17
[    4.040148] registered taskstats version 1
[    4.041269] zswap: loaded using pool lzo/zbud
[    4.043135] AppArmor: AppArmor sha1 policy hashing enabled
[    4.049444] This architecture does not have kernel memory protection.
[    4.049529] Run /init as init process
[    4.049578]   with arguments:
[    4.049586]     /init
[    4.049594]   with environment:
[    4.049602]     HOME=/
[    4.049609]     TERM=linux
[    4.049617]     BOOT_IMAGE=/vmlinux-5.9.0-rc4-00034-g7fe10096c150-dirty
[    4.668976] crc32c_sparc64: Using sparc64 crc32c opcode optimized CRC32C implementation
[    4.671536] random: lvm: uninitialized urandom read (4 bytes read)
[    4.741605] random: lvm: uninitialized urandom read (2 bytes read)
[    5.551864] raid6: int64x8  gen()  2144 MB/s
[    5.721881] raid6: int64x8  xor()  1519 MB/s
[    5.891860] raid6: int64x4  gen()  3387 MB/s
[    6.061851] raid6: int64x4  xor()  1460 MB/s
[    6.231858] raid6: int64x2  gen()  2904 MB/s
[    6.401882] raid6: int64x2  xor()  1131 MB/s
[    6.571857] raid6: int64x1  gen()  1415 MB/s
[    6.741856] raid6: int64x1  xor()   711 MB/s
[    6.741921] raid6: using algorithm int64x4 gen() 3387 MB/s
[    6.741984] raid6: .... xor() 1460 MB/s, rmw enabled
[    6.742042] raid6: using intx1 recovery algorithm
[    6.743124] async_tx: api initialized (async)
[    6.743801] xor: automatically using best checksumming function   Niagara   
[    6.867420] random: fast init done
[    7.142852] EXT4-fs (vdiska2): mounted filesystem with ordered data mode. Opts: (null)
[   11.700084] systemd[1]: Inserted module 'autofs4'
[   12.009234] NET: Registered protocol family 10
[   12.017482] Segment Routing with IPv6
[   12.316713] systemd[1]: systemd 246.4-1 running in system mode. (+PAM +AUDIT +SELINUX +IMA +APPARMOR +SMACK +SYSVINIT +UTMP +LIBCRYPTSETUP +GCRYPT +GNUTLS +ACL +XZ +LZ4 +ZSTD -SECCOMP +BLKID +ELFUTILS +KMOD +IDN2 -IDN +PCRE2 default-hierarchy=hybrid)
[   12.317477] systemd[1]: Detected architecture sparc64.
[   12.560806] systemd[1]: Set hostname to <ttip>.
[   14.994712] random: lvmconfig: uninitialized urandom read (4 bytes read)
[   18.800192] systemd[1]: Queued start job for default target Multi-User System.
[   18.801159] random: systemd: uninitialized urandom read (16 bytes read)
[   18.855571] systemd[1]: Created slice system-getty.slice.
[   18.856614] random: systemd: uninitialized urandom read (16 bytes read)
[   18.868484] systemd[1]: Created slice system-modprobe.slice.
[   18.869062] random: systemd: uninitialized urandom read (16 bytes read)
[   18.884114] systemd[1]: Created slice system-openvpn\x2dclient.slice.
[   18.934304] systemd[1]: Created slice system-postfix.slice.
[   18.946255] systemd[1]: Created slice system-systemd\x2dfsck.slice.
[   18.958705] systemd[1]: Created slice User and Session Slice.
[   18.960102] systemd[1]: Started Dispatch Password Requests to Console Directory Watch.
[   18.961184] systemd[1]: Started Forward Password Requests to Wall Directory Watch.
[   18.964889] systemd[1]: Set up automount Arbitrary Executable File Formats File System Automount Point.
[   18.965634] systemd[1]: Reached target Local Encrypted Volumes.
[   18.966290] systemd[1]: Reached target Paths.
[   18.966884] systemd[1]: Reached target Slices.
[   18.968083] systemd[1]: Listening on Device-mapper event daemon FIFOs.
[   18.969453] systemd[1]: Listening on LVM2 poll daemon socket.
[   19.032151] systemd[1]: Listening on RPCbind Server Activation Socket.
[   19.035281] systemd[1]: Listening on Syslog Socket.
[   19.036662] systemd[1]: Listening on fsck to fsckd communication Socket.
[   19.037695] systemd[1]: Listening on initctl Compatibility Named Pipe.
[   19.039192] systemd[1]: Listening on Journal Audit Socket.
[   19.040489] systemd[1]: Listening on Journal Socket (/dev/log).
[   19.042081] systemd[1]: Listening on Journal Socket.
[   19.043601] systemd[1]: Listening on udev Control Socket.
[   19.044793] systemd[1]: Listening on udev Kernel Socket.
[   19.063358] systemd[1]: Mounting Huge Pages File System...
[   19.082541] systemd[1]: Mounting POSIX Message Queue File System...
[   19.178624] systemd[1]: Mounting RPC Pipe File System...
[   19.198456] systemd[1]: Mounting Kernel Debug File System...
[   19.218154] systemd[1]: Mounting Kernel Trace File System...
[   19.219179] systemd[1]: Condition check resulted in Kernel Module supporting RPCSEC_GSS being skipped.
[   19.220936] systemd[1]: Finished Availability of block devices.
[   19.240095] systemd[1]: Starting Wait for network to be configured by ifupdown...
[   19.264087] systemd[1]: Starting Create list of static device nodes for the current kernel...
[   19.286344] systemd[1]: Starting Monitoring of LVM2 mirrors, snapshots etc. using dmeventd or progress polling...
[   19.294840] RPC: Registered named UNIX socket transport module.
[   19.294959] RPC: Registered udp transport module.
[   19.295030] RPC: Registered tcp transport module.
[   19.295101] RPC: Registered tcp NFSv4.1 backchannel transport module.
[   19.308244] systemd[1]: Starting Load Kernel Module drm...
[   19.326779] systemd[1]: Starting nftables...
[   19.350867] systemd[1]: Condition check resulted in Set Up Additional Binary Formats being skipped.
[   19.351174] systemd[1]: Condition check resulted in File System Check on Root Device being skipped.
[   19.375228] systemd[1]: Starting Journal Service...
[   19.396361] systemd[1]: Starting Load Kernel Modules...
[   19.415171] systemd[1]: Starting Remount Root and Kernel File Systems...
[   19.434535] systemd[1]: Starting Coldplug All udev Devices...
[   19.448941] systemd[1]: Mounted Huge Pages File System.
[   19.451038] systemd[1]: Mounted POSIX Message Queue File System.
[   19.453110] systemd[1]: Mounted RPC Pipe File System.
[   19.455027] systemd[1]: Mounted Kernel Debug File System.
[   19.456954] systemd[1]: Mounted Kernel Trace File System.
[   19.466922] systemd[1]: Finished Wait for network to be configured by ifupdown.
[   19.475735] systemd[1]: Finished Create list of static device nodes for the current kernel.
[   19.479680] systemd[1]: modprobe@drm.service: Succeeded.
[   19.486120] systemd[1]: Finished Load Kernel Module drm.
[   19.554722] EXT4-fs (vdiska2): re-mounted. Opts: errors=remount-ro
[   19.566190] systemd[1]: Finished Load Kernel Modules.
[   19.568044] systemd[1]: Condition check resulted in FUSE Control File System being skipped.
[   19.568453] systemd[1]: Condition check resulted in Kernel Configuration File System being skipped.
[   19.730882] systemd[1]: Starting Apply Kernel Variables...
[   19.760181] systemd[1]: Finished Remount Root and Kernel File Systems.
[   19.866866] systemd[1]: Starting Initial Check File System Quotas...
[   19.886892] systemd[1]: Condition check resulted in Rebuild Hardware Database being skipped.
[   19.887317] systemd[1]: Condition check resulted in Platform Persistent Storage Archival being skipped.
[   19.905419] systemd[1]: Starting Load/Save Random Seed...
[   19.924996] systemd[1]: Starting Create System Users...
[   19.927535] systemd[1]: Started Journal Service.
[   23.785066] sha1_sparc64: Using sparc64 sha1 opcode optimized SHA-1 implementation
[   24.002054] n2rng v0.3 (Jan 7, 2017)
[   24.002226] n2rng f029b104: Registered RNG HVAPI major 2 minor 0
[   24.002406] n2rng f029b104: Found multi-unit-capable RNG, units: 2
[   24.005763] n2rng f029b104: RNG ready
[   24.139282] pktcdvd: setup of pktcdvd device failed
[   24.206561] pktcdvd: setup of pktcdvd device failed
[   24.210168] pktcdvd: setup of pktcdvd device failed
[   24.214913] pktcdvd: setup of pktcdvd device failed
[   24.218675] pktcdvd: setup of pktcdvd device failed
[   24.223380] pktcdvd: setup of pktcdvd device failed
[   24.226718] pktcdvd: setup of pktcdvd device failed
[   24.230142] pktcdvd: setup of pktcdvd device failed
[   24.370502] XFS (dm-0): Mounting V5 Filesystem
[   24.422655] random: crng init done
[   24.422788] random: 4 urandom warning(s) missed due to ratelimiting
[   24.427908] sha256_sparc64: Using sparc64 sha256 opcode optimized SHA-256/SHA-224 implementation
[   24.502159] Adding 787176k swap on /dev/vdiska4.  Priority:-2 extents:1 across:787176k FS
[   24.701524] XFS (dm-0): Ending clean mount
[   24.802763] xfs filesystem being mounted at /1 supports timestamps until 2038 (0x7fffffff)
[   24.959819] sha512_sparc64: Using sparc64 sha512 opcode optimized SHA-512/SHA-384 implementation
[   24.989554] md5_sparc64: Using sparc64 md5 opcode optimized MD5 implementation
[   25.609466] EXT4-fs (vdiska1): mounting ext3 file system using the ext4 subsystem
[   26.036961] EXT4-fs (vdiska1): mounted filesystem with ordered data mode. Opts: (null)
[   26.037189] ext3 filesystem being mounted at /boot supports timestamps until 2038 (0x7fffffff)
[   27.302329] Kernel unaligned access at TPC[8d477c] aa_dfa_unpack+0x3c/0x640
[   27.302474] Kernel unaligned access at TPC[8d4790] aa_dfa_unpack+0x50/0x640
[   27.302560] Kernel unaligned access at TPC[8d4854] aa_dfa_unpack+0x114/0x640
[   27.302648] Kernel unaligned access at TPC[8d4924] aa_dfa_unpack+0x1e4/0x640
[   27.302734] Kernel unaligned access at TPC[8d4938] aa_dfa_unpack+0x1f8/0x640
[   27.314489] audit: type=1400 audit(1599747413.770:2): apparmor="STATUS" operation="profile_load" profile="unconfined" name="nvidia_modprobe" pid=695 comm="apparmor_parser"
[   27.314682] audit: type=1400 audit(1599747413.770:3): apparmor="STATUS" operation="profile_load" profile="unconfined" name="nvidia_modprobe//kmod" pid=695 comm="apparmor_parser"
[   27.332982] audit: type=1400 audit(1599747413.790:4): apparmor="STATUS" operation="profile_load" profile="unconfined" name="/usr/sbin/haveged" pid=692 comm="apparmor_parser"
[   27.462343] audit: type=1400 audit(1599747413.920:5): apparmor="STATUS" operation="profile_load" profile="unconfined" name="lsb_release" pid=699 comm="apparmor_parser"
[   27.506920] audit: type=1400 audit(1599747413.960:6): apparmor="STATUS" operation="profile_load" profile="unconfined" name="/usr/bin/man" pid=696 comm="apparmor_parser"
[   27.507147] audit: type=1400 audit(1599747413.960:7): apparmor="STATUS" operation="profile_load" profile="unconfined" name="man_filter" pid=696 comm="apparmor_parser"
[   27.507355] audit: type=1400 audit(1599747413.960:8): apparmor="STATUS" operation="profile_load" profile="unconfined" name="man_groff" pid=696 comm="apparmor_parser"
[   27.550218] audit: type=1400 audit(1599747414.000:9): apparmor="STATUS" operation="profile_load" profile="unconfined" name="named" pid=698 comm="apparmor_parser"
[   27.576814] audit: type=1400 audit(1599747414.030:10): apparmor="STATUS" operation="profile_load" profile="unconfined" name="tcpdump" pid=697 comm="apparmor_parser"
