[    0.000019] PROMLIB: Sun IEEE Boot Prom 'OBP 4.38.12 2018/03/28 14:54'
[    0.000031] PROMLIB: Root node compatible: sun4v
[    0.000080] Linux version 5.2.0-08236-g192f0f8e9db7-dirty (mator@ttip) (gcc version 8.3.0 (Debian 8.3.0-7)) #1071 SMP Sun Jul 14 10:04:39 MSK 2019
[    0.000394] printk: bootconsole [earlyprom0] enabled
[    0.000447] ARCH: SUN4V
[    0.000496] Ethernet address: 00:14:4f:fa:06:f2
[    0.000549] MM: PAGE_OFFSET is 0xfff8000000000000 (max_phys_bits == 47)
[    0.000616] MM: VMALLOC [0x0000000100000000 --> 0x0006000000000000]
[    0.000676] MM: VMEMMAP [0x0006000000000000 --> 0x000c000000000000]
[    0.012917] Kernel: Using 5 locked TLB entries for main kernel image.
[    0.013008] Remapping the kernel... 
[    0.013033] done.
[    0.048252] OF stdout device is: /virtual-devices@100/console@1
[    0.048330] PROM: Built device tree with 86230 bytes of memory.
[    0.048397] MDESC: Size is 36560 bytes.
[    0.048523] PLATFORM: banner-name [SPARC T5-2]
[    0.048572] PLATFORM: name [ORCL,SPARC-T5-2]
[    0.048619] PLATFORM: hostid [84fa06f2]
[    0.048662] PLATFORM: serial# [0035260e]
[    0.048705] PLATFORM: stick-frequency [3b9aca00]
[    0.048753] PLATFORM: mac-address [144ffa06f2]
[    0.048800] PLATFORM: watchdog-resolution [1000 ms]
[    0.048850] PLATFORM: watchdog-max-timeout [31536000000 ms]
[    0.048906] PLATFORM: max-cpus [1024]
[    0.049018] Top of RAM: 0x24af938000, Total RAM: 0x87f354000
[    0.049082] Memory hole size: 115461MB
[    0.053861] Allocated 40960 bytes for kernel page tables.
[    0.053976] Zone ranges:
[    0.054019]   Normal   [mem 0x0000000030400000-0x00000024af937fff]
[    0.054085] Movable zone start for each node
[    0.054132] Early memory node ranges
[    0.054172]   node   0: [mem 0x0000000030400000-0x000000006fe7ffff]
[    0.054233]   node   0: [mem 0x000000006ff00000-0x000000006ff25fff]
[    0.054293]   node   0: [mem 0x0000000070000000-0x000000042fffffff]
[    0.054354]   node   0: [mem 0x0000002030000000-0x00000024af87ffff]
[    0.054415]   node   0: [mem 0x00000024af900000-0x00000024af925fff]
[    0.054474]   node   0: [mem 0x00000024af930000-0x00000024af937fff]
[    0.061886] Zeroed struct page in unavailable ranges: 230130 pages
[    0.061893] Initmem setup node 0 [mem 0x0000000030400000-0x00000024af937fff]
[    0.062055] On node 0 totalpages: 4454826
[    0.062064]   Normal zone: 39154 pages used for memmap
[    0.062070]   Normal zone: 0 pages reserved
[    0.062075]   Normal zone: 4454826 pages, LIFO batch:31
[    0.260221] Booting Linux...
[    0.260307] CPU CAPS: [flush,stbar,swap,muldiv,v9,blkinit,n2,mul32]
[    0.260390] CPU CAPS: [div32,v8plus,popc,vis,vis2,ASIBlkInit,fmaf,vis3]
[    0.261469] CPU CAPS: [hpc,ima,pause,cbcond,aes,des,kasumi,camellia]
[    0.261542] CPU CAPS: [md5,sha1,sha256,sha512,mpmul,montmul,montsqr,crc32c]
[    0.322646] percpu: Embedded 27 pages/cpu s180680 r8192 d32312 u262144
[    0.322910] pcpu-alloc: s180680 r8192 d32312 u262144 alloc=1*4194304
[    0.322917] pcpu-alloc: [0] 000 001 002 003 004 005 006 007 008 009 010 011 012 013 014 015 
[    0.322944] pcpu-alloc: [0] 016 017 018 019 020 021 022 023 024 025 026 027 028 029 030 031 
[    0.322970] pcpu-alloc: [0] 032 033 034 035 036 037 038 039 040 041 042 043 044 045 046 047 
[    0.322996] pcpu-alloc: [0] 048 049 050 051 052 053 054 055 056 057 058 059 060 061 062 063 
[    0.323022] pcpu-alloc: [0] 064 065 066 067 068 069 070 071 072 073 074 075 076 077 078 079 
[    0.323048] pcpu-alloc: [0] 080 081 082 083 084 085 086 087 088 089 090 091 092 093 094 095 
[    0.323074] pcpu-alloc: [0] 096 097 098 099 100 101 102 103 104 105 106 107 108 109 110 111 
[    0.323101] pcpu-alloc: [0] 112 113 114 115 116 117 118 119 120 121 122 123 124 125 126 127 
[    0.323127] pcpu-alloc: [0] 128 129 130 131 132 133 134 135 136 137 138 139 140 141 142 143 
[    0.323153] pcpu-alloc: [0] 144 145 146 147 148 149 150 151 152 153 154 155 156 157 158 159 
[    0.323179] pcpu-alloc: [0] 160 161 162 163 164 165 166 167 168 169 170 171 172 173 174 175 
[    0.323205] pcpu-alloc: [0] 176 177 178 179 180 181 182 183 184 185 186 187 188 189 190 191 
[    0.323231] pcpu-alloc: [0] 192 193 194 195 196 197 198 199 200 201 202 203 204 205 206 207 
[    0.323257] pcpu-alloc: [0] 208 209 210 211 212 213 214 215 216 217 218 219 220 221 222 223 
[    0.323283] pcpu-alloc: [0] 224 225 226 227 228 229 230 231 232 233 234 235 236 237 238 239 
[    0.323309] pcpu-alloc: [0] 240 241 242 243 244 245 246 247 248 249 250 251 252 253 254 255 
[    0.323840] SUN4V: Mondo queue sizes [cpu(131072) dev(16384) r(8192) nr(256)]
[    0.324229] Built 1 zonelists, mobility grouping on.  Total pages: 4415672
[    0.324327] Kernel command line: BOOT_IMAGE=/vmlinuz-5.2.0-08236-g192f0f8e9db7-dirty root=/dev/vdiska2 ro zswap.enabled=1
[    0.326684] printk: log_buf_len individual max cpu contribution: 4096 bytes
[    0.326784] printk: log_buf_len total cpu_extra contributions: 1044480 bytes
[    0.326854] printk: log_buf_len min size: 131072 bytes
[    0.327246] printk: log_buf_len: 2097152 bytes
[    0.327298] printk: early log buf free: 125880(96%)
[    0.334071] Dentry cache hash table entries: 8388608 (order: 13, 67108864 bytes, linear)
[    0.337561] Inode-cache hash table entries: 4194304 (order: 12, 33554432 bytes, linear)
[    0.337674] Sorting __ex_table...
[    0.337903] mem auto-init: stack:off, heap alloc:off, heap free:off
[    0.416946] Memory: 35102320K/35638608K available (6868K kernel code, 972K rwdata, 2048K rodata, 1000K init, 6717K bss, 536288K reserved, 0K cma-reserved)
[    0.417950] kmemleak: Kernel memory leak detector disabled
[    0.418564] ftrace: allocating 19798 entries in 39 pages
[    0.433094] Running RCU self tests
[    0.433171] rcu: Hierarchical RCU implementation.
[    0.433223] rcu: 	RCU event tracing is enabled.
[    0.433274] rcu: 	RCU lockdep checking is enabled.
[    0.433325] 	Tasks RCU enabled.
[    0.434385] rcu: RCU calculated value of scheduler-enlistment delay is 11 jiffies.
[    0.441605] NR_IRQS: 2048, nr_irqs: 2048, preallocated irqs: 1
[    0.441735] SUN4V: Using IRQ API major 3, cookie only virqs enabled
[    0.446185] clocksource: stick: mask: 0xffffffffffffffff max_cycles: 0x1cd42e4dffb, max_idle_ns: 881590591483 ns
[    0.446319] clocksource: mult[800000] shift[23]
[    0.446367] clockevent: mult[80000000] shift[31]
[    0.450432] Console: colour dummy device 80x25
[    0.450524] printk: console [tty0] enabled
[    0.450608] printk: bootconsole [earlyprom0] disabled
[    0.450696] Lock dependency validator: Copyright (c) 2006 Red Hat, Inc., Ingo Molnar
[    0.450745] ... MAX_LOCKDEP_SUBCLASSES:  8
[    0.450775] ... MAX_LOCK_DEPTH:          48
[    0.450806] ... MAX_LOCKDEP_KEYS:        8192
[    0.450837] ... CLASSHASH_SIZE:          4096
[    0.450868] ... MAX_LOCKDEP_ENTRIES:     16384
[    0.450899] ... MAX_LOCKDEP_CHAINS:      32768
[    0.450930] ... CHAINHASH_SIZE:          16384
[    0.450962]  memory used by lock dependency info: 3855 kB
[    0.450999]  per task-struct memory footprint: 1920 bytes
[    0.451213] kmemleak: Early log buffer exceeded (5012), please increase DEBUG_KMEMLEAK_EARLY_LOG_SIZE
[    0.597098] Calibrating delay using timer specific routine.. 2018.07 BogoMIPS (lpj=10090398)
[    0.597167] pid_max: default: 262144 minimum: 2048
[    0.598954] Mount-cache hash table entries: 131072 (order: 7, 1048576 bytes, linear)
[    0.599128] Mountpoint-cache hash table entries: 131072 (order: 7, 1048576 bytes, linear)
[    0.600720] *** VALIDATE proc ***
[    0.601548] *** VALIDATE cgroup1 ***
[    0.601583] *** VALIDATE cgroup2 ***
[    0.604572] rcu: Hierarchical SRCU implementation.
[    0.628605] smp: Bringing up secondary CPUs ...
[    0.718745] smp: Brought up 1 node, 32 CPUs
[    0.726295] devtmpfs: initialized
[    0.732962] Performance events: 
[    0.733020] Testing NMI watchdog ... 
[    0.933140] OK.
[    0.933330] Supported PMU type is 'niagara5'
[    0.933653] random: get_random_u32 called from bucket_table_alloc.isra.4+0x184/0x1c0 with crng_init=0
[    0.934522] ldc.c:v1.1 (July 22, 2008)
[    0.937487] clocksource: jiffies: mask: 0xffffffff max_cycles: 0xffffffff, max_idle_ns: 19112604462750000 ns
[    0.937592] futex hash table entries: 65536 (order: 10, 8388608 bytes, linear)
[    0.947067] NET: Registered protocol family 16
[    0.956850] VIO: Adding device channel-devices (tx_ino = ffffffffffffffff, rx_ino = ffffffffffffffff)
[    0.957120] VIO: Adding device vnet-port-0-0 (tx_ino = 0, rx_ino = 1)
[    0.957337] VIO: Adding device vnet-port-0-1 (tx_ino = 2, rx_ino = 3)
[    0.957525] VIO: Adding device vnet-port-0-2 (tx_ino = 4, rx_ino = 5)
[    0.957715] VIO: Adding device vnet-port-0-3 (tx_ino = 6, rx_ino = 7)
[    0.957906] VIO: Adding device vnet-port-0-4 (tx_ino = 8, rx_ino = 9)
[    0.958090] VIO: Adding device vnet-port-0-5 (tx_ino = 16, rx_ino = 17)
[    0.958281] VIO: Adding device vdc-port-3-0 (tx_ino = a, rx_ino = b)
[    0.958466] VIO: Adding device vdc-port-2-0 (tx_ino = c, rx_ino = d)
[    0.958655] VIO: Adding device vdc-port-1-0 (tx_ino = e, rx_ino = f)
[    0.958837] VIO: Adding device vdc-port-0-0 (tx_ino = 10, rx_ino = 11)
[    0.959027] VIO: Adding device vlds-port-0-0 (tx_ino = 12, rx_ino = 13)
[    0.959275] VIO: Adding device domain-services-port-0 (tx_ino = 12, rx_ino = 13)
[    0.959688] audit: initializing netlink subsys (disabled)
[    0.960113] audit: type=2000 audit(0.510:1): state=initialized audit_enabled=0 res=1
[    1.004794] HugeTLB registered 64.0 KiB page size, pre-allocated 0 pages
[    1.004849] HugeTLB registered 8.00 MiB page size, pre-allocated 0 pages
[    1.004894] HugeTLB registered 256 MiB page size, pre-allocated 0 pages
[    1.004939] HugeTLB registered 2.00 GiB page size, pre-allocated 0 pages
[    1.052297] alg: No test for lzo-rle (lzo-rle-generic)
[    1.052900] alg: No test for lzo-rle (lzo-rle-scomp)
[    1.071112] SUN4V: Reboot data supported (maj=1,min=0).
[    1.071567] ds.c:v1.0 (Jul 11, 2007)
[    1.071984] ds-0: ds_conn_reset() from send_events.isra.3
[    1.072510] clocksource: Switched to clocksource stick
[    1.354630] VFS: Disk quotas dquot_6.6.0
[    1.355143] VFS: Dquot-cache hash table entries: 1024 (order 0, 8192 bytes)
[    1.355785] *** VALIDATE hugetlbfs ***
[    1.374897] NET: Registered protocol family 2
[    1.377333] tcp_listen_portaddr_hash hash table entries: 32768 (order: 8, 2359296 bytes, linear)
[    1.380702] TCP established hash table entries: 524288 (order: 9, 4194304 bytes, linear)
[    1.382804] TCP bind hash table entries: 65536 (order: 9, 4194304 bytes, linear)
[    1.388963] TCP: Hash tables configured (established 524288 bind 65536)
[    1.395486] UDP hash table entries: 32768 (order: 9, 5242880 bytes, linear)
[    1.402757] UDP-Lite hash table entries: 32768 (order: 9, 5242880 bytes, linear)
[    1.416360] NET: Registered protocol family 1
[    1.417430] Trying to unpack rootfs image as initramfs...
[    1.731501] Freeing initrd memory: 10288K
[    1.766798] workingset: timestamp_bits=46 max_order=23 bucket_order=0
[    1.772620] SGI XFS with ACLs, security attributes, debug enabled
[    1.802549] Block layer SCSI generic (bsg) driver version 0.4 loaded (major 252)
[    1.804299] io scheduler mq-deadline registered
[    1.806247] f029b788: ttyHV0 at I/O 0x0 (irq = 1, base_baud = 115200) is a SUN4V HCONS
[    1.812676] printk: console [ttyHV0] enabled
[    1.817792] sunvdc.c:v1.2 (November 24, 2014)
[    1.825444] sunvdc: Virtual CDROM vdiskd
[    1.825518] sunvdc: vdiskd: 403160 sectors (196 MB) protocol 1.2
[    1.827113]  vdiskd: vdiskd1 vdiskd2 vdiskd3 vdiskd4 vdiskd5 vdiskd6 vdiskd7
[    1.884874] sunvdc: Virtual Hard disk vdiskc
[    1.884930] sunvdc: vdiskc: 104857600 sectors (51200 MB) protocol 1.2
[    1.938752] sunvdc: Virtual Hard disk vdiskb
[    1.938806] sunvdc: vdiskb: 62914560 sectors (30720 MB) protocol 1.2
[    1.946077]  vdiskb: vdiskb1
[    1.999646] sunvdc: Virtual Hard disk vdiska
[    1.999702] sunvdc: vdiska: 31457280 sectors (15360 MB) protocol 1.2
[    2.000682]  vdiska: vdiska1 vdiska2 vdiska3 vdiska4
[    2.048228] sunvnet: sunvnet 2.0 (February 3, 2017)
[    2.051845] vnet_port vnet-port-0-0 eth0: Sun LDOM vnet 00:14:4f:f8:12:a3
[    2.052527] sunvnet: eth0: PORT ( remote-mac 00:14:4f:fa:f3:f0 switch-port )
[    2.053913] sunvnet: eth0: PORT ( remote-mac 00:14:4f:f8:e5:f3 )
[    2.055241] sunvnet: eth0: PORT ( remote-mac 00:14:4f:f9:b4:97 )
[    2.056581] sunvnet: eth0: PORT ( remote-mac 00:14:4f:f9:8b:83 )
[    2.057929] sunvnet: eth0: PORT ( remote-mac 00:14:4f:f8:3f:1e )
[    2.059236] sunvnet: eth0: PORT ( remote-mac 00:14:4f:f8:fe:47 )
[    2.060907] rtc-sun4v rtc-sun4v: registered as rtc0
[    2.061369] device-mapper: uevent: version 1.0.3
[    2.062634] device-mapper: ioctl: 4.40.0-ioctl (2019-01-18) initialised: dm-devel@redhat.com
[    2.064336] NET: Registered protocol family 17
[    2.075054] zswap: default zpool zbud not available
[    2.075141] zswap: pool creation failed
[    2.125876] Key type big_key registered
[    2.126782] rtc-sun4v rtc-sun4v: setting system clock to 2019-07-14T07:06:38 UTC (1563087998)
[    2.131118] This architecture does not have kernel memory protection.
[    2.131179] Run /init as init process
[    3.046680] crc32c_sparc64: Using sparc64 crc32c opcode optimized CRC32C implementation
[    3.712533] raid6: int64x8  gen()  1910 MB/s
[    3.882503] raid6: int64x8  xor()  1519 MB/s
[    4.052487] raid6: int64x4  gen()  3120 MB/s
[    4.222489] raid6: int64x4  xor()  1892 MB/s
[    4.392491] raid6: int64x2  gen()  2600 MB/s
[    4.562506] raid6: int64x2  xor()  1915 MB/s
[    4.732524] raid6: int64x1  gen()  2556 MB/s
[    4.902507] raid6: int64x1  xor()  1604 MB/s
[    4.902557] raid6: using algorithm int64x4 gen() 3120 MB/s
[    4.902597] raid6: .... xor() 1892 MB/s, rmw enabled
[    4.902635] raid6: using intx1 recovery algorithm
[    4.903638] async_tx: api initialized (async)
[    4.904374] xor: automatically using best checksumming function   Niagara   
[    5.039792] random: fast init done
[    5.158993] EXT4-fs (vdiska2): mounted filesystem with ordered data mode. Opts: (null)
[    7.273692] systemd[1]: Inserted module 'autofs4'
[    7.285986] NET: Registered protocol family 10
[    7.298635] Segment Routing with IPv6
[    7.476113] systemd[1]: systemd 241 running in system mode. (+PAM +AUDIT +SELINUX +IMA +APPARMOR +SMACK +SYSVINIT +UTMP +LIBCRYPTSETUP +GCRYPT +GNUTLS +ACL +XZ +LZ4 -SECCOMP +BLKID +ELFUTILS +KMOD -IDN2 +IDN +PCRE2 default-hierarchy=hybrid)
[    7.476653] systemd[1]: Detected architecture sparc64.
[    7.524848] systemd[1]: Set hostname to <ttip>.
[    7.530214] systemd[1]: Failed to bump fs.file-max, ignoring: Invalid argument
[    8.431450] random: lvmconfig: uninitialized urandom read (4 bytes read)
[    9.590666] systemd[1]: /lib/systemd/system/smbd.service:9: PIDFile= references path below legacy directory /var/run/, updating /var/run/samba/smbd.pid → /run/samba/smbd.pid; please update the unit file accordingly.
[    9.594548] systemd[1]: /lib/systemd/system/nmbd.service:9: PIDFile= references path below legacy directory /var/run/, updating /var/run/samba/nmbd.pid → /run/samba/nmbd.pid; please update the unit file accordingly.
[    9.842751] random: systemd: uninitialized urandom read (16 bytes read)
[    9.853988] random: systemd: uninitialized urandom read (16 bytes read)
[    9.854804] systemd[1]: Listening on Device-mapper event daemon FIFOs.
[    9.855905] random: systemd: uninitialized urandom read (16 bytes read)
[    9.856579] systemd[1]: Listening on udev Kernel Socket.
[    9.885318] systemd[1]: Listening on Syslog Socket.
[    9.886873] systemd[1]: Listening on udev Control Socket.
[   10.230222] EXT4-fs (vdiska2): re-mounted. Opts: errors=remount-ro
[   10.476074] systemd-journald[447]: Received request to flush runtime journal from PID 1
[   11.889939] sha1_sparc64: Using sparc64 sha1 opcode optimized SHA-1 implementation
[   11.933418] sha256_sparc64: Using sparc64 sha256 opcode optimized SHA-256/SHA-224 implementation
[   11.956249] sha512_sparc64: Using sparc64 sha512 opcode optimized SHA-512/SHA-384 implementation
[   11.969183] md5_sparc64: Using sparc64 md5 opcode optimized MD5 implementation
[   12.020945] aes_sparc64: Using sparc64 aes opcodes optimized AES implementation
[   12.062375] n2rng v0.3 (Jan 7, 2017)
[   12.062548] n2rng f029b104: Registered RNG HVAPI major 2 minor 0
[   12.062642] n2rng f029b104: Found multi-unit-capable RNG, units: 2
[   12.063720] n2rng f029b104: RNG ready
[   12.149178] des_sparc64: Using sparc64 des opcodes optimized DES implementation
[   12.223401] camellia_sparc64: Using sparc64 camellia opcodes optimized CAMELLIA implementation
[   13.568639] XFS (dm-0): Mounting V5 Filesystem
[   13.686150] XFS (dm-0): Ending clean mount
[   15.382710] Adding 787176k swap on /dev/vdiska4.  Priority:-2 extents:1 across:787176k FS
[   15.724371] EXT4-fs (vdiska1): mounting ext3 file system using the ext4 subsystem
[   15.741954] EXT4-fs (vdiska1): mounted filesystem with ordered data mode. Opts: (null)
[   17.773499] random: crng init done
[   17.773561] random: 6 urandom warning(s) missed due to ratelimiting
