[    0.000021] PROMLIB: Sun IEEE Boot Prom 'OBP 4.38.12 2018/03/28 14:54'
[    0.000033] PROMLIB: Root node compatible: sun4v
[    0.000081] Linux version 5.9.0-rc8-00233-gda690031a5d6 (mator@ttip) (gcc (Debian 10.2.0-13) 10.2.0, GNU ld (GNU Binutils for Debian) 2.35.1) #81 SMP Mon Oct 12 16:54:19 MSK 2020
[    0.000418] printk: bootconsole [earlyprom0] enabled
[    0.000467] ARCH: SUN4V
[    0.000517] Ethernet address: 00:14:4f:fa:06:f2
[    0.000569] MM: PAGE_OFFSET is 0xfff8000000000000 (max_phys_bits == 47)
[    0.000631] MM: VMALLOC [0x0000000100000000 --> 0x0006000000000000]
[    0.000693] MM: VMEMMAP [0x0006000000000000 --> 0x000c000000000000]
[    0.012912] Kernel: Using 5 locked TLB entries for main kernel image.
[    0.012986] Remapping the kernel... 
[    0.013009] done.
[    0.046015] OF stdout device is: /virtual-devices@100/console@1
[    0.046082] PROM: Built device tree with 86758 bytes of memory.
[    0.046143] MDESC: Size is 36512 bytes.
[    0.046261] PLATFORM: banner-name [SPARC T5-2]
[    0.046309] PLATFORM: name [ORCL,SPARC-T5-2]
[    0.046357] PLATFORM: hostid [84fa06f2]
[    0.046398] PLATFORM: serial# [0035260e]
[    0.046442] PLATFORM: stick-frequency [3b9aca00]
[    0.046489] PLATFORM: mac-address [144ffa06f2]
[    0.046536] PLATFORM: watchdog-resolution [1000 ms]
[    0.046584] PLATFORM: watchdog-max-timeout [31536000000 ms]
[    0.046639] PLATFORM: max-cpus [1024]
[    0.051397] Allocated 40960 bytes for kernel page tables.
[    0.051486] Zone ranges:
[    0.051526]   Normal   [mem 0x0000000030400000-0x00000024af937fff]
[    0.051589] Movable zone start for each node
[    0.051635] Early memory node ranges
[    0.051676]   node   0: [mem 0x0000000030400000-0x000000006fe7ffff]
[    0.051740]   node   0: [mem 0x000000006ff00000-0x000000006ff25fff]
[    0.051800]   node   0: [mem 0x0000000070000000-0x000000042fffffff]
[    0.051862]   node   0: [mem 0x0000002030000000-0x00000024af87ffff]
[    0.051923]   node   0: [mem 0x00000024af900000-0x00000024af925fff]
[    0.051982]   node   0: [mem 0x00000024af930000-0x00000024af937fff]
[    0.065595] Zeroed struct page in unavailable ranges: 263766 pages
[    0.065604] Initmem setup node 0 [mem 0x0000000030400000-0x00000024af937fff]
[    0.065762] On node 0 totalpages: 4454826
[    0.065772]   Normal zone: 39154 pages used for memmap
[    0.065777]   Normal zone: 0 pages reserved
[    0.065782]   Normal zone: 4454826 pages, LIFO batch:31
[    0.224818] Booting Linux...
[    0.224901] CPU CAPS: [flush,stbar,swap,muldiv,v9,blkinit,n2,mul32]
[    0.224984] CPU CAPS: [div32,v8plus,popc,vis,vis2,ASIBlkInit,fmaf,vis3]
[    0.226062] CPU CAPS: [hpc,ima,pause,cbcond,aes,des,kasumi,camellia]
[    0.226136] CPU CAPS: [md5,sha1,sha256,sha512,mpmul,montmul,montsqr,crc32c]
[    0.255932] percpu: Embedded 28 pages/cpu s184784 r8192 d36400 u262144
[    0.256146] pcpu-alloc: s184784 r8192 d36400 u262144 alloc=1*4194304
[    0.256152] pcpu-alloc: [0] 000 001 002 003 004 005 006 007 008 009 010 011 012 013 014 015 
[    0.256179] pcpu-alloc: [0] 016 017 018 019 020 021 022 023 024 025 026 027 028 029 030 031 
[    0.256206] pcpu-alloc: [0] 032 033 034 035 036 037 038 039 040 041 042 043 044 045 046 047 
[    0.256233] pcpu-alloc: [0] 048 049 050 051 052 053 054 055 056 057 058 059 060 061 062 063 
[    0.256259] pcpu-alloc: [0] 064 065 066 067 068 069 070 071 072 073 074 075 076 077 078 079 
[    0.256285] pcpu-alloc: [0] 080 081 082 083 084 085 086 087 088 089 090 091 092 093 094 095 
[    0.256312] pcpu-alloc: [0] 096 097 098 099 100 101 102 103 104 105 106 107 108 109 110 111 
[    0.256338] pcpu-alloc: [0] 112 113 114 115 116 117 118 119 120 121 122 123 124 125 126 127 
[    0.256780] SUN4V: Mondo queue sizes [cpu(131072) dev(16384) r(8192) nr(256)]
[    0.257158] Built 1 zonelists, mobility grouping on.  Total pages: 4415672
[    0.257227] Policy zone: Normal
[    0.257283] Kernel command line: BOOT_IMAGE=/vmlinux-5.9.0-rc8-00233-gda690031a5d6 root=/dev/vdiska2 ro zswap.enabled=1
[    0.259909] printk: log_buf_len individual max cpu contribution: 4096 bytes
[    0.259979] printk: log_buf_len total cpu_extra contributions: 520192 bytes
[    0.260046] printk: log_buf_len min size: 131072 bytes
[    0.260318] printk: log_buf_len: 1048576 bytes
[    0.260370] printk: early log buf free: 126688(96%)
[    0.266683] Dentry cache hash table entries: 8388608 (order: 13, 67108864 bytes, linear)
[    0.269918] Inode-cache hash table entries: 4194304 (order: 12, 33554432 bytes, linear)
[    0.269993] Sorting __ex_table...
[    0.270238] mem auto-init: stack:off, heap alloc:off, heap free:off
[    0.375997] Memory: 35127576K/35638608K available (8328K kernel code, 1094K rwdata, 2480K rodata, 680K init, 6856K bss, 511032K reserved, 0K cma-reserved)
[    0.376690] SLUB: HWalign=32, Order=0-3, MinObjects=0, CPUs=128, Nodes=32
[    0.376978] ftrace: allocating 23120 entries in 46 pages
[    0.385961] ftrace: allocated 46 pages with 4 groups
[    0.388791] Running RCU self tests
[    0.389169] rcu: Hierarchical RCU implementation.
[    0.389221] rcu: 	RCU event tracing is enabled.
[    0.389268] rcu: 	RCU lockdep checking is enabled.
[    0.389319] 	Trampoline variant of Tasks RCU enabled.
[    0.389370] 	Rude variant of Tasks RCU enabled.
[    0.389416] 	Tracing variant of Tasks RCU enabled.
[    0.389466] rcu: RCU calculated value of scheduler-enlistment delay is 10 jiffies.
[    0.394014] NR_IRQS: 2048, nr_irqs: 2048, preallocated irqs: 1
[    0.394090] SUN4V: Using IRQ API major 3, cookie only virqs enabled
[    0.396543] clocksource: stick: mask: 0xffffffffffffffff max_cycles: 0x1cd42e4dffb, max_idle_ns: 881590591483 ns
[    0.396673] clocksource: mult[800000] shift[23]
[    0.396722] clockevent: mult[80000000] shift[31]
[    0.397119] Console: colour dummy device 80x25
[    0.397183] printk: console [tty0] enabled
[    0.397263] printk: bootconsole [earlyprom0] disabled
[    0.397350] Lock dependency validator: Copyright (c) 2006 Red Hat, Inc., Ingo Molnar
[    0.397404] ... MAX_LOCKDEP_SUBCLASSES:  8
[    0.397436] ... MAX_LOCK_DEPTH:          48
[    0.397469] ... MAX_LOCKDEP_KEYS:        8192
[    0.397503] ... CLASSHASH_SIZE:          4096
[    0.397537] ... MAX_LOCKDEP_ENTRIES:     16384
[    0.397571] ... MAX_LOCKDEP_CHAINS:      32768
[    0.397605] ... CHAINHASH_SIZE:          16384
[    0.397640]  memory used by lock dependency info: 3919 kB
[    0.397679]  memory used for stack traces: 2112 kB
[    0.397715]  per task-struct memory footprint: 1920 bytes
[    0.546941] Calibrating delay using timer specific routine.. 2003.20 BogoMIPS (lpj=10016035)
[    0.547005] pid_max: default: 131072 minimum: 1024
[    0.547308] LSM: Security Framework initializing
[    0.547473] AppArmor: AppArmor initialized
[    0.547777] Mount-cache hash table entries: 131072 (order: 7, 1048576 bytes, linear)
[    0.547947] Mountpoint-cache hash table entries: 131072 (order: 7, 1048576 bytes, linear)
[    0.553707] rcu: Hierarchical SRCU implementation.
[    0.564611] smp: Bringing up secondary CPUs ...
[    0.565847] ------------[ cut here ]------------
[    0.565877] WARNING: CPU: 0 PID: 1 at kernel/locking/lockdep.c:4890 check_flags+0x9c/0x2c0
[    0.565904] DEBUG_LOCKS_WARN_ON(lockdep_hardirqs_enabled())
[    0.565905] Modules linked in:
[    0.565940] CPU: 0 PID: 1 Comm: swapper/0 Not tainted 5.9.0-rc8-00233-gda690031a5d6 #81
[    0.565968] Call Trace:
[    0.565984] [<00000000004727a8>] __warn+0xa8/0x120
[    0.566003] [<0000000000472c10>] warn_slowpath_fmt+0x64/0x74
[    0.566023] [<00000000004e881c>] check_flags+0x9c/0x2c0
[    0.566045] [<0000000000c199a0>] lock_is_held_type+0x20/0x140
[    0.566068] [<0000000000509894>] rcu_read_lock_sched_held+0x54/0xa0
[    0.566089] [<00000000004ed740>] lock_acquire+0x120/0x4a0
[    0.566111] [<0000000000c23310>] _raw_spin_lock+0x30/0x60
[    0.566133] [<00000000009bb39c>] p1275_cmd_direct+0x1c/0x60
[    0.566152] [<00000000009bb270>] prom_startcpu_cpuid+0x30/0x40
[    0.566174] [<00000000004427e4>] __cpu_up+0x184/0x3a0
[    0.566193] [<0000000000474600>] bringup_cpu+0x20/0x120
[    0.566212] [<000000000047378c>] cpuhp_invoke_callback+0xec/0x340
[    0.566233] [<0000000000475494>] cpu_up+0x154/0x220
[    0.566251] [<0000000000475d20>] bringup_nonboot_cpus+0x60/0xa0
[    0.566276] [<0000000000fbc338>] smp_init+0x28/0xa0
[    0.566296] [<0000000000fad3b4>] kernel_init_freeable+0x18c/0x300
[    0.566316] irq event stamp: 5135
[    0.566331] hardirqs last  enabled at (5135): [<0000000000c23728>] _raw_spin_unlock_irqrestore+0x28/0x60
[    0.566361] hardirqs last disabled at (5134): [<0000000000c234e0>] _raw_spin_lock_irqsave+0x20/0x80
[    0.566391] softirqs last  enabled at (1500): [<0000000000c262a0>] __do_softirq+0x4e0/0x560
[    0.566420] softirqs last disabled at (1493): [<000000000042d394>] do_softirq_own_stack+0x34/0x60
[    0.566451] random: get_random_bytes called from __warn+0xc8/0x120 with crng_init=0
[    0.566456] ---[ end trace efc337c301ae4320 ]---
[    0.566493] possible reason: unannotated irqs-off.
[    0.566510] irq event stamp: 5135
[    0.566525] hardirqs last  enabled at (5135): [<0000000000c23728>] _raw_spin_unlock_irqrestore+0x28/0x60
[    0.566555] hardirqs last disabled at (5134): [<0000000000c234e0>] _raw_spin_lock_irqsave+0x20/0x80
[    0.566583] softirqs last  enabled at (1500): [<0000000000c262a0>] __do_softirq+0x4e0/0x560
[    0.566610] softirqs last disabled at (1493): [<000000000042d394>] do_softirq_own_stack+0x34/0x60
[    0.588289] smp: Brought up 1 node, 32 CPUs
[    0.591209] devtmpfs: initialized
[    0.593382] Performance events: 
[    0.593410] Testing NMI watchdog ... 
[    0.793469] OK.
[    0.793520] Supported PMU type is 'niagara5'
[    0.793916] ldc.c:v1.1 (July 22, 2008)
[    0.795174] clocksource: jiffies: mask: 0xffffffff max_cycles: 0xffffffff, max_idle_ns: 19112604462750000 ns
[    0.795225] futex hash table entries: 32768 (order: 9, 4194304 bytes, linear)
[    0.797895] NET: Registered protocol family 16
[    0.802738] VIO: Adding device channel-devices (tx_ino = ffffffffffffffff, rx_ino = ffffffffffffffff)
[    0.802842] VIO: Adding device vnet-port-0-0 (tx_ino = 0, rx_ino = 1)
[    0.802928] VIO: Adding device vnet-port-0-1 (tx_ino = 2, rx_ino = 3)
[    0.803012] VIO: Adding device vnet-port-0-2 (tx_ino = 4, rx_ino = 5)
[    0.803099] VIO: Adding device vnet-port-0-3 (tx_ino = 6, rx_ino = 7)
[    0.803188] VIO: Adding device vnet-port-0-4 (tx_ino = 8, rx_ino = 9)
[    0.803271] VIO: Adding device vnet-port-0-5 (tx_ino = a, rx_ino = b)
[    0.803357] VIO: Adding device vdc-port-2-0 (tx_ino = c, rx_ino = d)
[    0.803440] VIO: Adding device vdc-port-1-0 (tx_ino = e, rx_ino = f)
[    0.803536] VIO: Adding device vdc-port-0-0 (tx_ino = 10, rx_ino = 11)
[    0.803632] VIO: Adding device vdc-port-3-0 (tx_ino = 12, rx_ino = 13)
[    0.803717] VIO: Adding device vlds-port-0-0 (tx_ino = 14, rx_ino = 15)
[    0.803803] VIO: Adding device domain-services-port-0 (tx_ino = 14, rx_ino = 15)
[    0.803945] audit: initializing netlink subsys (disabled)
[    0.804118] audit: type=2000 audit(0.400:1): state=initialized audit_enabled=0 res=1
[    0.819239] HugeTLB registered 64.0 KiB page size, pre-allocated 0 pages
[    0.819264] HugeTLB registered 8.00 MiB page size, pre-allocated 0 pages
[    0.819287] HugeTLB registered 256 MiB page size, pre-allocated 0 pages
[    0.819310] HugeTLB registered 2.00 GiB page size, pre-allocated 0 pages
[    0.820394] alg: extra crypto tests enabled.  This is intended for developer use only.
[    0.840744] cryptd: max_cpu_qlen set to 1000
[    0.908643] vgaarb: loaded
[    0.909281] NetLabel: Initializing
[    0.909297] NetLabel:  domain hash size = 128
[    0.909314] NetLabel:  protocols = UNLABELED CIPSOv4 CALIPSO
[    0.909374] NetLabel:  unlabeled traffic allowed by default
[    0.909967] SUN4V: Reboot data supported (maj=1,min=0).
[    0.910156] ds.c:v1.0 (Jul 11, 2007)
[    0.910350] ds-0: ds_conn_reset() from send_events
[    0.910556] clocksource: Switched to clocksource stick
[    1.022065] VFS: Disk quotas dquot_6.6.0
[    1.022161] VFS: Dquot-cache hash table entries: 1024 (order 0, 8192 bytes)
[    1.023240] AppArmor: AppArmor Filesystem Enabled
[    1.029989] NET: Registered protocol family 2
[    1.031091] tcp_listen_portaddr_hash hash table entries: 32768 (order: 8, 2621440 bytes, linear)
[    1.032314] TCP established hash table entries: 524288 (order: 9, 4194304 bytes, linear)
[    1.034476] TCP bind hash table entries: 65536 (order: 9, 4718592 bytes, linear)
[    1.036667] TCP: Hash tables configured (established 524288 bind 65536)
[    1.037902] UDP hash table entries: 32768 (order: 9, 5242880 bytes, linear)
[    1.040642] UDP-Lite hash table entries: 32768 (order: 9, 5242880 bytes, linear)
[    1.044663] NET: Registered protocol family 1
[    1.044698] NET: Registered protocol family 44
[    1.044737] PCI: CLS 0 bytes, default 64
[    1.044973] Trying to unpack rootfs image as initramfs...
[    1.193450] Freeing initrd memory: 14800K
[    1.194471] aes_sparc64: Using sparc64 aes opcodes optimized AES implementation
[    1.427550] des_sparc64: Using sparc64 des opcodes optimized DES implementation
[    1.857108] camellia_sparc64: Using sparc64 camellia opcodes optimized CAMELLIA implementation
[    2.013782] workingset: timestamp_bits=41 max_order=23 bucket_order=0
[    2.022443] zbud: loaded
[    2.025080] SGI XFS with ACLs, security attributes, quota, fatal assert, debug enabled
[    2.050805] Block layer SCSI generic (bsg) driver version 0.4 loaded (major 252)
[    2.051347] io scheduler mq-deadline registered
[    2.053214] f029b788: ttyHV0 at I/O 0x0 (irq = 1, base_baud = 115200) is a SUN4V HCONS
[    2.053814] printk: console [ttyHV0] enabled
[    2.056049] sunvdc.c:v1.2 (November 24, 2014)
[    2.059368] sunvdc: Virtual Hard disk vdiskc
[    2.059389] sunvdc: vdiskc: 104857600 sectors (51200 MB) protocol 1.2
[    2.071918] sunvdc: Virtual Hard disk vdiskb
[    2.071940] sunvdc: vdiskb: 62914560 sectors (30720 MB) protocol 1.2
[    2.072664]  vdiskb: vdiskb1
[    2.084542] sunvdc: Virtual Hard disk vdiska
[    2.084564] sunvdc: vdiska: 31457280 sectors (15360 MB) protocol 1.2
[    2.085314]  vdiska: vdiska1 vdiska2 vdiska3 vdiska4
[    2.097870] sunvdc: Virtual CDROM vdiskd
[    2.097895] sunvdc: vdiskd: 453848 sectors (221 MB) protocol 1.2
[    2.098621]  vdiskd: vdiskd1 vdiskd2 vdiskd3 vdiskd4 vdiskd5 vdiskd6 vdiskd7
[    2.108801] sunvnet: sunvnet 2.0 (February 3, 2017)
[    2.110109] vnet_port vnet-port-0-0 eth0: Sun LDOM vnet 00:14:4f:f8:12:a3
[    2.110222] sunvnet: eth0: PORT ( remote-mac 00:14:4f:fa:f3:f0 switch-port )
[    2.110760] sunvnet: eth0: PORT ( remote-mac 00:14:4f:f8:e5:f3 )
[    2.111221] sunvnet: eth0: PORT ( remote-mac 00:14:4f:f9:b4:97 )
[    2.111717] sunvnet: eth0: PORT ( remote-mac 00:14:4f:f8:3f:1e )
[    2.112188] sunvnet: eth0: PORT ( remote-mac 00:14:4f:f8:fe:47 )
[    2.112661] sunvnet: eth0: PORT ( remote-mac 00:14:4f:fb:b5:00 )
[    2.114208] rtc-sun4v rtc-sun4v: registered as rtc0
[    2.114283] rtc-sun4v rtc-sun4v: setting system clock to 2020-10-12T13:57:27 UTC (1602511047)
[    2.114525] sun4v_wdt: initialized (timeout=60s, nowayout=0)
[    2.114763] device-mapper: uevent: version 1.0.3
[    2.115328] device-mapper: ioctl: 4.42.0-ioctl (2020-02-27) initialised: dm-devel@redhat.com
[    2.115943] NET: Registered protocol family 17
[    2.116157] registered taskstats version 1
[    2.116750] zswap: loaded using pool lzo/zbud
[    2.117583] AppArmor: AppArmor sha1 policy hashing enabled
[    2.120210] This architecture does not have kernel memory protection.
[    2.120243] Run /init as init process
[    2.120261]   with arguments:
[    2.120276]     /init
[    2.120290]   with environment:
[    2.120306]     HOME=/
[    2.120319]     TERM=linux
[    2.120334]     BOOT_IMAGE=/vmlinux-5.9.0-rc8-00233-gda690031a5d6
[    2.407557] random: lvm: uninitialized urandom read (4 bytes read)
[    2.407733] random: fast init done
[    2.416667] crc32c_sparc64: Using sparc64 crc32c opcode optimized CRC32C implementation
[    2.442951] random: lvm: uninitialized urandom read (2 bytes read)
[    2.930524] raid6: int64x8  gen()  2159 MB/s
[    3.100522] raid6: int64x8  xor()  1522 MB/s
[    3.270533] raid6: int64x4  gen()  3400 MB/s
[    3.440531] raid6: int64x4  xor()  1463 MB/s
[    3.610529] raid6: int64x2  gen()  2914 MB/s
[    3.780516] raid6: int64x2  xor()  1133 MB/s
[    3.950522] raid6: int64x1  gen()  1433 MB/s
[    4.120534] raid6: int64x1  xor()   712 MB/s
[    4.120561] raid6: using algorithm int64x4 gen() 3400 MB/s
[    4.120582] raid6: .... xor() 1463 MB/s, rmw enabled
[    4.120602] raid6: using intx1 recovery algorithm
[    4.121196] async_tx: api initialized (async)
[    4.121468] xor: automatically using best checksumming function   Niagara   
[    4.310005] EXT4-fs (vdiska2): mounted filesystem with ordered data mode. Opts: (null)
[    4.445900] systemd[1]: Inserted module 'autofs4'
[    4.453450] NET: Registered protocol family 10
[    4.457678] Segment Routing with IPv6
[    4.469301] systemd[1]: systemd 246.6-1 running in system mode. (+PAM +AUDIT +SELINUX +IMA +APPARMOR +SMACK +SYSVINIT +UTMP +LIBCRYPTSETUP +GCRYPT +GNUTLS +ACL +XZ +LZ4 +ZSTD -SECCOMP +BLKID +ELFUTILS +KMOD +IDN2 -IDN +PCRE2 default-hierarchy=hybrid)
[    4.469798] systemd[1]: Detected architecture sparc64.
[    4.609014] systemd[1]: Set hostname to <ttip>.
[    4.677434] random: lvmconfig: uninitialized urandom read (4 bytes read)
[    4.932365] systemd[1]: Queued start job for default target Multi-User System.
[    4.933365] random: systemd: uninitialized urandom read (16 bytes read)
[    4.959238] systemd[1]: Created slice system-getty.slice.
[    4.959752] random: systemd: uninitialized urandom read (16 bytes read)
[    4.968574] systemd[1]: Created slice system-modprobe.slice.
[    4.977381] systemd[1]: Created slice system-openvpn\x2dclient.slice.
[    4.996509] systemd[1]: Created slice system-postfix.slice.
[    5.005333] systemd[1]: Created slice system-systemd\x2dfsck.slice.
[    5.017818] systemd[1]: Created slice User and Session Slice.
[    5.018386] systemd[1]: Started Dispatch Password Requests to Console Directory Watch.
[    5.018874] systemd[1]: Started Forward Password Requests to Wall Directory Watch.
[    5.020479] systemd[1]: Set up automount Arbitrary Executable File Formats File System Automount Point.
[    5.020878] systemd[1]: Reached target Local Encrypted Volumes.
[    5.021233] systemd[1]: Reached target Paths.
[    5.021543] systemd[1]: Reached target Slices.
[    5.022134] systemd[1]: Listening on Device-mapper event daemon FIFOs.
[    5.022822] systemd[1]: Listening on LVM2 poll daemon socket.
[    5.053678] systemd[1]: Listening on RPCbind Server Activation Socket.
[    5.054554] systemd[1]: Listening on Syslog Socket.
[    5.055231] systemd[1]: Listening on fsck to fsckd communication Socket.
[    5.055708] systemd[1]: Listening on initctl Compatibility Named Pipe.
[    5.056504] systemd[1]: Listening on Journal Audit Socket.
[    5.057111] systemd[1]: Listening on Journal Socket (/dev/log).
[    5.057843] systemd[1]: Listening on Journal Socket.
[    5.058586] systemd[1]: Listening on udev Control Socket.
[    5.059159] systemd[1]: Listening on udev Kernel Socket.
[    5.070782] systemd[1]: Mounting Huge Pages File System...
[    5.082611] systemd[1]: Mounting POSIX Message Queue File System...
[    5.113070] systemd[1]: Mounting RPC Pipe File System...
[    5.125509] systemd[1]: Mounting Kernel Debug File System...
[    5.137632] systemd[1]: Mounting Kernel Trace File System...
[    5.138200] systemd[1]: Condition check resulted in Kernel Module supporting RPCSEC_GSS being skipped.
[    5.138987] systemd[1]: Finished Availability of block devices.
[    5.150806] systemd[1]: Starting Wait for network to be configured by ifupdown...
[    5.155070] RPC: Registered named UNIX socket transport module.
[    5.155096] RPC: Registered udp transport module.
[    5.155116] RPC: Registered tcp transport module.
[    5.155135] RPC: Registered tcp NFSv4.1 backchannel transport module.
[    5.163115] systemd[1]: Starting Create list of static device nodes for the current kernel...
[    5.174458] systemd[1]: Starting Monitoring of LVM2 mirrors, snapshots etc. using dmeventd or progress polling...
[    5.186005] systemd[1]: Starting Load Kernel Module drm...
[    5.197535] systemd[1]: Starting nftables...
[    5.198885] systemd[1]: Condition check resulted in Set Up Additional Binary Formats being skipped.
[    5.199047] systemd[1]: Condition check resulted in File System Check on Root Device being skipped.
[    5.213653] systemd[1]: Starting Journal Service...
[    5.228990] systemd[1]: Starting Load Kernel Modules...
[    5.243973] systemd[1]: Starting Remount Root and Kernel File Systems...
[    5.260437] systemd[1]: Starting Coldplug All udev Devices...
[    5.268836] systemd[1]: Mounted Huge Pages File System.
[    5.269847] systemd[1]: Mounted POSIX Message Queue File System.
[    5.270798] systemd[1]: Mounted RPC Pipe File System.
[    5.271792] systemd[1]: Mounted Kernel Debug File System.
[    5.272759] systemd[1]: Mounted Kernel Trace File System.
[    5.276340] systemd[1]: Finished Wait for network to be configured by ifupdown.
[    5.279818] systemd[1]: Finished Create list of static device nodes for the current kernel.
[    5.281741] systemd[1]: modprobe@drm.service: Succeeded.
[    5.284326] systemd[1]: Finished Load Kernel Module drm.
[    5.288378] systemd[1]: Finished Load Kernel Modules.
[    5.291813] systemd[1]: Started Journal Service.
[    5.298204] EXT4-fs (vdiska2): re-mounted. Opts: errors=remount-ro
[    5.669277] sha1_sparc64: Using sparc64 sha1 opcode optimized SHA-1 implementation
[    5.670767] n2rng v0.3 (Jan 7, 2017)
[    5.670826] n2rng f029b104: Registered RNG HVAPI major 2 minor 0
[    5.670872] n2rng f029b104: Found multi-unit-capable RNG, units: 2
[    5.671266] n2rng f029b104: RNG ready
[    5.700716] pktcdvd: setup of pktcdvd device failed
[    5.731559] pktcdvd: setup of pktcdvd device failed
[    5.734628] pktcdvd: setup of pktcdvd device failed
[    5.737977] pktcdvd: setup of pktcdvd device failed
[    5.740862] pktcdvd: setup of pktcdvd device failed
[    5.743350] pktcdvd: setup of pktcdvd device failed
[    5.745985] pktcdvd: setup of pktcdvd device failed
[    5.748796] pktcdvd: setup of pktcdvd device failed
[    5.870978] sha256_sparc64: Using sparc64 sha256 opcode optimized SHA-256/SHA-224 implementation
[    5.910816] Adding 787176k swap on /dev/vdiska4.  Priority:-2 extents:1 across:787176k FS
[    5.954247] XFS (dm-0): Mounting V5 Filesystem
[    5.976024] EXT4-fs (vdiska1): mounting ext3 file system using the ext4 subsystem
[    5.985001] EXT4-fs (vdiska1): mounted filesystem with ordered data mode. Opts: (null)
[    5.985126] ext3 filesystem being mounted at /boot supports timestamps until 2038 (0x7fffffff)
[    6.000855] sha512_sparc64: Using sparc64 sha512 opcode optimized SHA-512/SHA-384 implementation
[    6.001822] md5_sparc64: Using sparc64 md5 opcode optimized MD5 implementation
[    7.377647] XFS (dm-0): Ending clean mount
[    7.379560] xfs filesystem being mounted at /1 supports timestamps until 2038 (0x7fffffff)
[    7.460169] Kernel unaligned access at TPC[8d5d5c] aa_dfa_unpack+0x3c/0x640
[    7.460210] Kernel unaligned access at TPC[8d5d70] aa_dfa_unpack+0x50/0x640
[    7.460240] Kernel unaligned access at TPC[8d5e34] aa_dfa_unpack+0x114/0x640
[    7.460270] Kernel unaligned access at TPC[8d5f04] aa_dfa_unpack+0x1e4/0x640
[    7.460299] Kernel unaligned access at TPC[8d5f18] aa_dfa_unpack+0x1f8/0x640
[    7.463372] audit: type=1400 audit(1602511052.840:2): apparmor="STATUS" operation="profile_load" profile="unconfined" name="/usr/sbin/haveged" pid=658 comm="apparmor_parser"
[    7.464921] audit: type=1400 audit(1602511052.840:3): apparmor="STATUS" operation="profile_load" profile="unconfined" name="lsb_release" pid=666 comm="apparmor_parser"
[    7.466845] audit: type=1400 audit(1602511052.840:4): apparmor="STATUS" operation="profile_load" profile="unconfined" name="named" pid=665 comm="apparmor_parser"
[    7.469266] audit: type=1400 audit(1602511052.840:5): apparmor="STATUS" operation="profile_load" profile="unconfined" name="nvidia_modprobe" pid=662 comm="apparmor_parser"
[    7.469353] audit: type=1400 audit(1602511052.840:6): apparmor="STATUS" operation="profile_load" profile="unconfined" name="nvidia_modprobe//kmod" pid=662 comm="apparmor_parser"
[    7.471288] audit: type=1400 audit(1602511052.850:7): apparmor="STATUS" operation="profile_load" profile="unconfined" name="tcpdump" pid=664 comm="apparmor_parser"
[    7.483890] audit: type=1400 audit(1602511052.860:8): apparmor="STATUS" operation="profile_load" profile="unconfined" name="/usr/bin/man" pid=663 comm="apparmor_parser"
[    7.483963] audit: type=1400 audit(1602511052.860:9): apparmor="STATUS" operation="profile_load" profile="unconfined" name="man_filter" pid=663 comm="apparmor_parser"
[    7.484027] audit: type=1400 audit(1602511052.860:10): apparmor="STATUS" operation="profile_load" profile="unconfined" name="man_groff" pid=663 comm="apparmor_parser"
[    7.999906] random: crng init done
[    7.999940] random: 5 urandom warning(s) missed due to ratelimiting
