[    0.000019] PROMLIB: Sun IEEE Boot Prom 'OBP 4.38.12 2018/03/28 14:54'
[    0.000031] PROMLIB: Root node compatible: sun4v
[    0.000081] Linux version 5.4.0-12941-gb0d4beaa5a4b (mator@ttip.nvglabs.local) (gcc version 9.2.1 20191130 (Debian 9.2.1-21)) #1316 SMP Fri Dec 6 12:37:13 MSK 2019
[    0.000405] printk: bootconsole [earlyprom0] enabled
[    0.000457] ARCH: SUN4V
[    0.000506] Ethernet address: 00:14:4f:fa:06:f2
[    0.000559] MM: PAGE_OFFSET is 0xfff8000000000000 (max_phys_bits == 47)
[    0.000623] MM: VMALLOC [0x0000000100000000 --> 0x0006000000000000]
[    0.000684] MM: VMEMMAP [0x0006000000000000 --> 0x000c000000000000]
[    0.012478] Kernel: Using 5 locked TLB entries for main kernel image.
[    0.012562] Remapping the kernel... 
[    0.012589] done.
[    0.046714] OF stdout device is: /virtual-devices@100/console@1
[    0.046795] PROM: Built device tree with 88003 bytes of memory.
[    0.046862] MDESC: Size is 36960 bytes.
[    0.046989] PLATFORM: banner-name [SPARC T5-2]
[    0.047041] PLATFORM: name [ORCL,SPARC-T5-2]
[    0.047087] PLATFORM: hostid [84fa06f2]
[    0.047130] PLATFORM: serial# [0035260e]
[    0.047173] PLATFORM: stick-frequency [3b9aca00]
[    0.047223] PLATFORM: mac-address [144ffa06f2]
[    0.047270] PLATFORM: watchdog-resolution [1000 ms]
[    0.047320] PLATFORM: watchdog-max-timeout [31536000000 ms]
[    0.047377] PLATFORM: max-cpus [1024]
[    0.047483] Top of RAM: 0x24af938000, Total RAM: 0x87f354000
[    0.047548] Memory hole size: 115461MB
[    0.052245] Allocated 40960 bytes for kernel page tables.
[    0.052356] Zone ranges:
[    0.052398]   Normal   [mem 0x0000000030400000-0x00000024af937fff]
[    0.052464] Movable zone start for each node
[    0.052510] Early memory node ranges
[    0.052550]   node   0: [mem 0x0000000030400000-0x000000006fe7ffff]
[    0.052614]   node   0: [mem 0x000000006ff00000-0x000000006ff25fff]
[    0.052676]   node   0: [mem 0x0000000070000000-0x000000042fffffff]
[    0.052739]   node   0: [mem 0x0000002030000000-0x00000024af87ffff]
[    0.052803]   node   0: [mem 0x00000024af900000-0x00000024af925fff]
[    0.052866]   node   0: [mem 0x00000024af930000-0x00000024af937fff]
[    0.060303] Zeroed struct page in unavailable ranges: 230130 pages
[    0.060311] Initmem setup node 0 [mem 0x0000000030400000-0x00000024af937fff]
[    0.060469] On node 0 totalpages: 4454826
[    0.060478]   Normal zone: 39154 pages used for memmap
[    0.060484]   Normal zone: 0 pages reserved
[    0.060489]   Normal zone: 4454826 pages, LIFO batch:31
[    0.071363] Booting Linux...
[    0.071448] CPU CAPS: [flush,stbar,swap,muldiv,v9,blkinit,n2,mul32]
[    0.071532] CPU CAPS: [div32,v8plus,popc,vis,vis2,ASIBlkInit,fmaf,vis3]
[    0.071609] CPU CAPS: [hpc,ima,pause,cbcond,aes,des,kasumi,camellia]
[    0.071682] CPU CAPS: [md5,sha1,sha256,sha512,mpmul,montmul,montsqr,crc32c]
[    0.101720] percpu: Embedded 27 pages/cpu s182024 r8192 d30968 u262144
[    0.101982] pcpu-alloc: s182024 r8192 d30968 u262144 alloc=1*4194304
[    0.101989] pcpu-alloc: [0] 000 001 002 003 004 005 006 007 008 009 010 011 012 013 014 015 
[    0.102016] pcpu-alloc: [0] 016 017 018 019 020 021 022 023 024 025 026 027 028 029 030 031 
[    0.102043] pcpu-alloc: [0] 032 033 034 035 036 037 038 039 040 041 042 043 044 045 046 047 
[    0.102069] pcpu-alloc: [0] 048 049 050 051 052 053 054 055 056 057 058 059 060 061 062 063 
[    0.102096] pcpu-alloc: [0] 064 065 066 067 068 069 070 071 072 073 074 075 076 077 078 079 
[    0.102123] pcpu-alloc: [0] 080 081 082 083 084 085 086 087 088 089 090 091 092 093 094 095 
[    0.102149] pcpu-alloc: [0] 096 097 098 099 100 101 102 103 104 105 106 107 108 109 110 111 
[    0.102176] pcpu-alloc: [0] 112 113 114 115 116 117 118 119 120 121 122 123 124 125 126 127 
[    0.102700] SUN4V: Mondo queue sizes [cpu(131072) dev(16384) r(8192) nr(256)]
[    0.103064] Built 1 zonelists, mobility grouping on.  Total pages: 4415672
[    0.103152] Kernel command line: BOOT_IMAGE=/vmlinux-5.4.0-12941-gb0d4beaa5a4b root=/dev/vdiska2 ro zswap.enabled=1
[    0.105569] printk: log_buf_len individual max cpu contribution: 4096 bytes
[    0.105646] printk: log_buf_len total cpu_extra contributions: 520192 bytes
[    0.105715] printk: log_buf_len min size: 131072 bytes
[    0.105992] printk: log_buf_len: 1048576 bytes
[    0.106043] printk: early log buf free: 126640(96%)
[    0.112379] Dentry cache hash table entries: 8388608 (order: 13, 67108864 bytes, linear)
[    0.115645] Inode-cache hash table entries: 4194304 (order: 12, 33554432 bytes, linear)
[    0.115729] Sorting __ex_table...
[    0.115983] mem auto-init: stack:off, heap alloc:off, heap free:off
[    0.173255] Memory: 1305232K/35638608K available (7584K kernel code, 973K rwdata, 2272K rodata, 712K init, 6742K bss, 504568K reserved, 0K cma-reserved)
[    0.173895] SLUB: HWalign=32, Order=0-3, MinObjects=0, CPUs=128, Nodes=1
[    0.174187] ftrace: allocating 21311 entries in 42 pages
[    0.182406] ftrace: allocated 42 pages with 3 groups
[    0.185302] Running RCU self tests
[    0.185353] rcu: Hierarchical RCU implementation.
[    0.185404] rcu: 	RCU event tracing is enabled.
[    0.185454] rcu: 	RCU lockdep checking is enabled.
[    0.185505] 	Tasks RCU enabled.
[    0.185542] rcu: RCU calculated value of scheduler-enlistment delay is 10 jiffies.
[    0.189861] NR_IRQS: 2048, nr_irqs: 2048, preallocated irqs: 1
[    0.189959] SUN4V: Using IRQ API major 3, cookie only virqs enabled
[    0.192410] clocksource: stick: mask: 0xffffffffffffffff max_cycles: 0x1cd42e4dffb, max_idle_ns: 881590591483 ns
[    0.192544] clocksource: mult[800000] shift[23]
[    0.192594] clockevent: mult[80000000] shift[31]
[    0.193119] Console: colour dummy device 80x25
[    0.193182] printk: console [tty0] enabled
[    0.193258] printk: bootconsole [earlyprom0] disabled
[    0.193343] Lock dependency validator: Copyright (c) 2006 Red Hat, Inc., Ingo Molnar
[    0.193393] ... MAX_LOCKDEP_SUBCLASSES:  8
[    0.193423] ... MAX_LOCK_DEPTH:          48
[    0.193453] ... MAX_LOCKDEP_KEYS:        8192
[    0.193484] ... CLASSHASH_SIZE:          4096
[    0.193516] ... MAX_LOCKDEP_ENTRIES:     16384
[    0.193547] ... MAX_LOCKDEP_CHAINS:      32768
[    0.193579] ... CHAINHASH_SIZE:          16384
[    0.193610]  memory used by lock dependency info: 3855 kB
[    0.193646]  memory used for stack traces: 2112 kB
[    0.193679]  per task-struct memory footprint: 1920 bytes
[    0.343229] Calibrating delay using timer specific routine.. 2015.12 BogoMIPS (lpj=10075617)
[    0.343298] pid_max: default: 131072 minimum: 1024
[    0.343587] LSM: Security Framework initializing
[    0.343740] AppArmor: AppArmor initialized
[    0.344007] Mount-cache hash table entries: 131072 (order: 7, 1048576 bytes, linear)
[    0.344172] Mountpoint-cache hash table entries: 131072 (order: 7, 1048576 bytes, linear)
[    0.344303] *** VALIDATE tmpfs ***
[    0.345167] *** VALIDATE proc ***
[    0.345670] *** VALIDATE cgroup1 ***
[    0.345702] *** VALIDATE cgroup2 ***
[    0.347780] rcu: Hierarchical SRCU implementation.
[    0.355834] smp: Bringing up secondary CPUs ...
[    0.399606] smp: Brought up 1 node, 32 CPUs
[    0.590310] node 0 initialised, 4228601 pages in 190ms
[    0.591603] devtmpfs: initialized
[    0.596264] Performance events: 
[    0.596313] Testing NMI watchdog ... 
[    0.796396] OK.
[    0.796524] Supported PMU type is 'niagara5'
[    0.796723] random: get_random_u32 called from bucket_table_alloc.isra.0+0x188/0x1c0 with crng_init=0
[    0.797439] ldc.c:v1.1 (July 22, 2008)
[    0.799792] clocksource: jiffies: mask: 0xffffffff max_cycles: 0xffffffff, max_idle_ns: 19112604462750000 ns
[    0.799882] futex hash table entries: 32768 (order: 9, 4194304 bytes, linear)
[    0.805048] NET: Registered protocol family 16
[    0.813482] VIO: Adding device channel-devices (tx_ino = ffffffffffffffff, rx_ino = ffffffffffffffff)
[    0.813692] VIO: Adding device vnet-port-0-0 (tx_ino = 0, rx_ino = 1)
[    0.813894] VIO: Adding device vnet-port-0-1 (tx_ino = 2, rx_ino = 3)
[    0.814061] VIO: Adding device vnet-port-0-2 (tx_ino = 4, rx_ino = 5)
[    0.814233] VIO: Adding device vnet-port-0-4 (tx_ino = 8, rx_ino = 9)
[    0.814398] VIO: Adding device vnet-port-0-5 (tx_ino = a, rx_ino = b)
[    0.814562] VIO: Adding device vnet-port-0-6 (tx_ino = c, rx_ino = d)
[    0.814726] VIO: Adding device vdc-port-3-0 (tx_ino = e, rx_ino = f)
[    0.814895] VIO: Adding device vdc-port-2-0 (tx_ino = 10, rx_ino = 11)
[    0.815060] VIO: Adding device vdc-port-1-0 (tx_ino = 12, rx_ino = 13)
[    0.815223] VIO: Adding device vdc-port-0-0 (tx_ino = 14, rx_ino = 15)
[    0.815391] VIO: Adding device vdc-port-4-0 (tx_ino = 16, rx_ino = 17)
[    0.815556] VIO: Adding device vlds-port-0-0 (tx_ino = 18, rx_ino = 19)
[    0.815723] VIO: Adding device domain-services-port-0 (tx_ino = 18, rx_ino = 19)
[    0.815999] audit: initializing netlink subsys (disabled)
[    0.816293] audit: type=2000 audit(0.420:1): state=initialized audit_enabled=0 res=1
[    0.841586] HugeTLB registered 64.0 KiB page size, pre-allocated 0 pages
[    0.841641] HugeTLB registered 8.00 MiB page size, pre-allocated 0 pages
[    0.841686] HugeTLB registered 256 MiB page size, pre-allocated 0 pages
[    0.841731] HugeTLB registered 2.00 GiB page size, pre-allocated 0 pages
[    0.843341] alg: extra crypto tests enabled.  This is intended for developer use only.
[    0.868996] cryptd: max_cpu_qlen set to 1000
[    0.967578] NetLabel: Initializing
[    0.967616] NetLabel:  domain hash size = 128
[    0.967649] NetLabel:  protocols = UNLABELED CIPSOv4 CALIPSO
[    0.967788] NetLabel:  unlabeled traffic allowed by default
[    0.968741] SUN4V: Reboot data supported (maj=1,min=0).
[    0.969108] ds.c:v1.0 (Jul 11, 2007)
[    0.969454] ds-0: ds_conn_reset() from send_events.isra.0
[    0.970925] clocksource: Switched to clocksource stick
[    1.169505] *** VALIDATE bpf ***
[    1.170756] VFS: Disk quotas dquot_6.6.0
[    1.170913] VFS: Dquot-cache hash table entries: 1024 (order 0, 8192 bytes)
[    1.171132] *** VALIDATE ramfs ***
[    1.171182] *** VALIDATE hugetlbfs ***
[    1.172641] AppArmor: AppArmor Filesystem Enabled
[    1.185690] NET: Registered protocol family 2
[    1.187383] tcp_listen_portaddr_hash hash table entries: 32768 (order: 8, 2359296 bytes, linear)
[    1.190279] TCP established hash table entries: 524288 (order: 9, 4194304 bytes, linear)
[    1.192282] TCP bind hash table entries: 65536 (order: 9, 4194304 bytes, linear)
[    1.197789] TCP: Hash tables configured (established 524288 bind 65536)
[    1.200201] UDP hash table entries: 32768 (order: 9, 5242880 bytes, linear)
[    1.206504] UDP-Lite hash table entries: 32768 (order: 9, 5242880 bytes, linear)
[    1.214319] NET: Registered protocol family 1
[    1.214384] NET: Registered protocol family 44
[    1.214918] Trying to unpack rootfs image as initramfs...
[    1.499310] Freeing initrd memory: 10528K
[    1.500033] aes_sparc64: Using sparc64 aes opcodes optimized AES implementation
[    1.782356] des_sparc64: Using sparc64 des opcodes optimized DES implementation
[    2.281725] camellia_sparc64: Using sparc64 camellia opcodes optimized CAMELLIA implementation
[    2.476397] workingset: timestamp_bits=46 max_order=23 bucket_order=0
[    2.496738] SGI XFS with ACLs, security attributes, quota, fatal assert, debug enabled
[    2.502766] *** VALIDATE xfs ***
[    2.517876] Block layer SCSI generic (bsg) driver version 0.4 loaded (major 252)
[    2.518862] io scheduler mq-deadline registered
[    2.521725] f029b788: ttyHV0 at I/O 0x0 (irq = 1, base_baud = 115200) is a SUN4V HCONS
[    2.528741] printk: console [ttyHV0] enabled
[    2.532445] sunvdc.c:v1.2 (November 24, 2014)
[    2.534095] sunvdc: Virtual CDROM vdiskd
[    2.534141] sunvdc: vdiskd: 403160 sectors (196 MB) protocol 1.2
[    2.536129]  vdiskd: vdiskd1 vdiskd2 vdiskd3 vdiskd4 vdiskd5 vdiskd6 vdiskd7
[    2.556747] sunvdc: Virtual Hard disk vdiskc
[    2.556799] sunvdc: vdiskc: 104857600 sectors (51200 MB) protocol 1.2
[    2.576850] sunvdc: Virtual Hard disk vdiskb
[    2.576902] sunvdc: vdiskb: 62914560 sectors (30720 MB) protocol 1.2
[    2.578493]  vdiskb: vdiskb1
[    2.597049] sunvdc: Virtual Hard disk vdiska
[    2.597101] sunvdc: vdiska: 31457280 sectors (15360 MB) protocol 1.2
[    2.598714]  vdiska: vdiska1 vdiska2 vdiska3 vdiska4
[    2.618608] sunvdc: Virtual Hard disk vdiske
[    2.618660] sunvdc: vdiske: 20971520 sectors (10240 MB) protocol 1.2
[    2.620241]  vdiske: vdiske1 vdiske2
[    2.637926] sunvnet: sunvnet 2.0 (February 3, 2017)
[    2.640170] vnet_port vnet-port-0-0 eth0: Sun LDOM vnet 00:14:4f:f8:12:a3
[    2.640405] sunvnet: eth0: PORT ( remote-mac 00:14:4f:fa:f3:f0 switch-port )
[    2.641067] sunvnet: eth0: PORT ( remote-mac 00:14:4f:f8:e5:f3 )
[    2.641647] sunvnet: eth0: PORT ( remote-mac 00:14:4f:f9:b4:97 )
[    2.642228] sunvnet: eth0: PORT ( remote-mac 00:14:4f:f8:3f:1e )
[    2.642812] sunvnet: eth0: PORT ( remote-mac 00:14:4f:f8:fe:47 )
[    2.643395] sunvnet: eth0: PORT ( remote-mac 00:14:4f:f9:8b:83 )
[    2.644693] rtc-sun4v rtc-sun4v: registered as rtc0
[    2.645231] sun4v_wdt: initialized (timeout=60s, nowayout=0)
[    2.645614] device-mapper: uevent: version 1.0.3
[    2.646592] device-mapper: ioctl: 4.41.0-ioctl (2019-09-16) initialised: dm-devel@redhat.com
[    2.647626] NET: Registered protocol family 17
[    2.648212] registered taskstats version 1
[    2.655868] zswap: default zpool zbud not available
[    2.655952] zswap: pool creation failed
[    2.857655] Key type big_key registered
[    2.857728] AppArmor: AppArmor sha1 policy hashing enabled
[    2.858522] rtc-sun4v rtc-sun4v: setting system clock to 2019-12-06T10:47:57 UTC (1575629277)
[    2.862857] This architecture does not have kernel memory protection.
[    2.862907] Run /init as init process
[    3.359853] crc32c_sparc64: Using sparc64 crc32c opcode optimized CRC32C implementation
[    3.453220] random: fast init done
[    3.476061] md127: WARNING: vdiske1 appears to be on the same physical disk as vdiske2.
[    3.476162] True protection against single-disk failure might be compromised.
[    3.476960] md/raid1:md127: active with 2 out of 2 mirrors
[    3.477235] md127: detected capacity change from 0 to 26148864
[    3.940924] raid6: int64x8  gen()  2102 MB/s
[    4.110905] raid6: int64x8  xor()  1547 MB/s
[    4.280892] raid6: int64x4  gen()  3391 MB/s
[    4.450889] raid6: int64x4  xor()  1981 MB/s
[    4.620886] raid6: int64x2  gen()  2838 MB/s
[    4.790884] raid6: int64x2  xor()  1984 MB/s
[    4.960875] raid6: int64x1  gen()  2821 MB/s
[    5.130897] raid6: int64x1  xor()  1613 MB/s
[    5.130955] raid6: using algorithm int64x4 gen() 3391 MB/s
[    5.131005] raid6: .... xor() 1981 MB/s, rmw enabled
[    5.131048] raid6: using intx1 recovery algorithm
[    5.131978] async_tx: api initialized (async)
[    5.132478] xor: automatically using best checksumming function   Niagara   
[    5.348300] EXT4-fs (vdiska2): mounted filesystem with ordered data mode. Opts: (null)
[    7.524371] systemd[1]: Inserted module 'autofs4'
[    7.538435] NET: Registered protocol family 10
[    7.544663] Segment Routing with IPv6
[    7.612262] systemd[1]: systemd 243-9 running in system mode. (+PAM +AUDIT +SELINUX +IMA +APPARMOR +SMACK +SYSVINIT +UTMP +LIBCRYPTSETUP +GCRYPT +GNUTLS +ACL +XZ +LZ4 -SECCOMP +BLKID +ELFUTILS +KMOD +IDN2 -IDN +PCRE2 default-hierarchy=hybrid)
[    7.612875] systemd[1]: Detected architecture sparc64.
[    7.691950] systemd[1]: Set hostname to <ttip.nvglabs.local>.
[    7.736414] systemd[1]: Couldn't move remaining userspace processes, ignoring: Input/output error
[    8.523533] random: lvmconfig: uninitialized urandom read (4 bytes read)
[   10.517587] systemd[1]: /lib/systemd/system/dbus.socket:5: ListenStream= references a path below legacy directory /var/run/, updating /var/run/dbus/system_bus_socket → /run/dbus/system_bus_socket; please update the unit file accordingly.
[   10.859322] systemd[1]: /lib/systemd/system/pcscd.socket:5: ListenStream= references a path below legacy directory /var/run/, updating /var/run/pcscd/pcscd.comm → /run/pcscd/pcscd.comm; please update the unit file accordingly.
[   10.900281] random: systemd: uninitialized urandom read (16 bytes read)
[   10.910961] systemd[1]: Created slice system-getty.slice.
[   10.911696] random: systemd: uninitialized urandom read (16 bytes read)
[   10.915156] systemd[1]: Created slice system-openvpn\x2dclient.slice.
[   10.915593] random: systemd: uninitialized urandom read (16 bytes read)
[   10.919015] systemd[1]: Created slice system-postfix.slice.
[   10.924178] systemd[1]: Created slice system-systemd\x2dfsck.slice.
[   11.127356] EXT4-fs (vdiska2): re-mounted. Opts: errors=remount-ro
[   11.373599] systemd-journald[568]: Received client request to flush runtime journal.
[   12.719442] sha1_sparc64: Using sparc64 sha1 opcode optimized SHA-1 implementation
[   12.823885] n2rng v0.3 (Jan 7, 2017)
[   12.823980] n2rng f029b104: Registered RNG HVAPI major 2 minor 0
[   12.824060] n2rng f029b104: Found multi-unit-capable RNG, units: 2
[   12.825332] n2rng f029b104: RNG ready
[   12.926513] sha256_sparc64: Using sparc64 sha256 opcode optimized SHA-256/SHA-224 implementation
[   13.020134] pktcdvd: setup of pktcdvd device failed
[   13.061977] pktcdvd: setup of pktcdvd device failed
[   13.067801] pktcdvd: setup of pktcdvd device failed
[   13.071130] pktcdvd: setup of pktcdvd device failed
[   13.074486] pktcdvd: setup of pktcdvd device failed
[   13.078270] pktcdvd: setup of pktcdvd device failed
[   13.081829] pktcdvd: setup of pktcdvd device failed
[   13.085718] pktcdvd: setup of pktcdvd device failed
[   13.139867] sha512_sparc64: Using sparc64 sha512 opcode optimized SHA-512/SHA-384 implementation
[   13.152480] md5_sparc64: Using sparc64 md5 opcode optimized MD5 implementation
[   13.632554] XFS (dm-0): Mounting V5 Filesystem
[   15.471445] random: crng init done
[   15.471582] random: 6 urandom warning(s) missed due to ratelimiting
[   16.111052] Adding 787176k swap on /dev/vdiska4.  Priority:-2 extents:1 across:787176k FS
[   16.301214] XFS (dm-0): Ending clean mount
[   16.303640] xfs filesystem being mounted at /1 supports timestamps until 2038 (0x7fffffff)
[   16.488432] EXT4-fs (vdiska1): mounting ext3 file system using the ext4 subsystem
[   16.502217] EXT4-fs (vdiska1): mounted filesystem with ordered data mode. Opts: (null)
[   16.502400] ext3 filesystem being mounted at /boot supports timestamps until 2038 (0x7fffffff)
[   17.718236] Kernel unaligned access at TPC[882fb8] aa_dfa_unpack+0x38/0x5c0
[   17.718390] Kernel unaligned access at TPC[882fd8] aa_dfa_unpack+0x58/0x5c0
[   17.718463] Kernel unaligned access at TPC[8830a0] aa_dfa_unpack+0x120/0x5c0
[   17.718542] Kernel unaligned access at TPC[883180] aa_dfa_unpack+0x200/0x5c0
[   17.718618] Kernel unaligned access at TPC[883194] aa_dfa_unpack+0x214/0x5c0
[   20.942876] tun: Universal TUN/TAP device driver, 1.6

[   22.691284] ======================================================
[   22.691291] WARNING: possible circular locking dependency detected
[   22.691301] 5.4.0-12941-gb0d4beaa5a4b #1316 Not tainted
[   22.691307] ------------------------------------------------------
[   22.691315] iptables-restor/1031 is trying to acquire lock:
[   22.691322] 00000000104ae120 (&table[i].mutex){+.+.}, at: nfnl_lock+0x24/0x40 [nfnetlink]
[   22.691343] 
               but task is already holding lock:
[   22.691351] 0000000000e6b6a0 (&net->nft.commit_mutex){+.+.}, at: nf_tables_valid_genid+0x10/0x60 [nf_tables]
[   22.691374] 
               which lock already depends on the new lock.

[   22.691382] 
               the existing dependency chain (in reverse order) is:
[   22.691389] 
               -> #1 (&net->nft.commit_mutex){+.+.}:
[   22.691406]        __mutex_lock+0xac/0x9a0
[   22.691413]        mutex_lock_nested+0x1c/0x40
[   22.691424]        nf_tables_valid_genid+0x10/0x60 [nf_tables]
[   22.691432]        nfnetlink_rcv_batch+0x228/0x620 [nfnetlink]
[   22.691440]        nfnetlink_rcv+0x110/0x140 [nfnetlink]
[   22.691450]        netlink_unicast+0x150/0x260
[   22.691458]        netlink_sendmsg+0x3d8/0x460
[   22.691467]        sock_sendmsg+0x34/0x80
[   22.691473]        ____sys_sendmsg+0x1e4/0x200
[   22.691480]        ___sys_sendmsg+0x68/0xa0
[   22.691487]        __sys_sendmsg+0x48/0x80
[   22.691493]        sys_sendmsg+0x18/0x40
[   22.691506]        linux_sparc_syscall+0x34/0x44
[   22.691512] 
               -> #0 (&table[i].mutex){+.+.}:
[   22.691524]        __lock_acquire+0x1b18/0x2520
[   22.691530]        lock_acquire+0x1ac/0x1e0
[   22.691537]        __mutex_lock+0xac/0x9a0
[   22.691543]        mutex_lock_nested+0x1c/0x40
[   22.691550]        nfnl_lock+0x24/0x40 [nfnetlink]
[   22.691562]        ip_set_nfnl_get_byindex+0x190/0x280 [ip_set]
[   22.691572]        set_match_v1_checkentry+0x14/0xc0 [xt_set]
[   22.691587]        xt_check_match+0x240/0x280 [x_tables]
[   22.691596]        __nft_match_init+0x174/0x1a0 [nft_compat]
[   22.691604]        nft_match_init+0x18/0x40 [nft_compat]
[   22.691615]        nf_tables_newrule+0x510/0x7a0 [nf_tables]
[   22.691623]        nfnetlink_rcv_batch+0x3d8/0x620 [nfnetlink]
[   22.691630]        nfnetlink_rcv+0x110/0x140 [nfnetlink]
[   22.691637]        netlink_unicast+0x150/0x260
[   22.691644]        netlink_sendmsg+0x3d8/0x460
[   22.691650]        sock_sendmsg+0x34/0x80
[   22.691657]        ____sys_sendmsg+0x1e4/0x200
[   22.691663]        ___sys_sendmsg+0x68/0xa0
[   22.691669]        __sys_sendmsg+0x48/0x80
[   22.691676]        sys_sendmsg+0x18/0x40
[   22.691682]        linux_sparc_syscall+0x34/0x44
[   22.691688] 
               other info that might help us debug this:

[   22.691696]  Possible unsafe locking scenario:

[   22.691702]        CPU0                    CPU1
[   22.691708]        ----                    ----
[   22.691713]   lock(&net->nft.commit_mutex);
[   22.691720]                                lock(&table[i].mutex);
[   22.691727]                                lock(&net->nft.commit_mutex);
[   22.691734]   lock(&table[i].mutex);
[   22.691741] 
                *** DEADLOCK ***

[   22.691749] 1 lock held by iptables-restor/1031:
[   22.691754]  #0: 0000000000e6b6a0 (&net->nft.commit_mutex){+.+.}, at: nf_tables_valid_genid+0x10/0x60 [nf_tables]
[   22.691771] 
               stack backtrace:
[   22.691780] CPU: 29 PID: 1031 Comm: iptables-restor Not tainted 5.4.0-12941-gb0d4beaa5a4b #1316
[   22.691788] Call Trace:
[   22.691795]  [00000000004d529c] print_circular_bug.isra.0+0x1bc/0x1e0
[   22.691802]  [00000000004d54e0] check_noncircular+0x220/0x240
[   22.691809]  [00000000004d9a58] __lock_acquire+0x1b18/0x2520
[   22.691816]  [00000000004dadec] lock_acquire+0x1ac/0x1e0
[   22.691823]  [0000000000b6514c] __mutex_lock+0xac/0x9a0
[   22.691830]  [0000000000b65a5c] mutex_lock_nested+0x1c/0x40
[   22.691838]  [00000000104ac024] nfnl_lock+0x24/0x40 [nfnetlink]
[   22.691847]  [00000000104b91d0] ip_set_nfnl_get_byindex+0x190/0x280 [ip_set]
[   22.691856]  [0000000010520694] set_match_v1_checkentry+0x14/0xc0 [xt_set]
[   22.691865]  [00000000103de900] xt_check_match+0x240/0x280 [x_tables]
[   22.691874]  [000000001050ec54] __nft_match_init+0x174/0x1a0 [nft_compat]
[   22.691882]  [000000001050ed18] nft_match_init+0x18/0x40 [nft_compat]
[   22.691893]  [00000000104ea190] nf_tables_newrule+0x510/0x7a0 [nf_tables]
[   22.691901]  [00000000104ac898] nfnetlink_rcv_batch+0x3d8/0x620 [nfnetlink]
[   22.691909]  [00000000104acbf0] nfnetlink_rcv+0x110/0x140 [nfnetlink]
[   22.691917]  [0000000000a59a70] netlink_unicast+0x150/0x260
