[    0.000020] PROMLIB: Sun IEEE Boot Prom 'OBP 4.38.12 2018/03/28 14:54'
[    0.000034] PROMLIB: Root node compatible: sun4v
[    0.000082] Linux version 5.4.0-rc8-00108-g6b8a79467876 (mator@ttip.nvglabs.local) (gcc version 9.2.1 20191109 (Debian 9.2.1-19)) #1301 SMP Sun Nov 24 01:13:49 MSK 2019
[    0.000409] printk: bootconsole [earlyprom0] enabled
[    0.000461] ARCH: SUN4V
[    0.000511] Ethernet address: 00:14:4f:fa:06:f2
[    0.000564] MM: PAGE_OFFSET is 0xfff8000000000000 (max_phys_bits == 47)
[    0.000629] MM: VMALLOC [0x0000000100000000 --> 0x0006000000000000]
[    0.000693] MM: VMEMMAP [0x0006000000000000 --> 0x000c000000000000]
[    0.011981] Kernel: Using 5 locked TLB entries for main kernel image.
[    0.012049] Remapping the kernel... 
[    0.012076] done.
[    0.045657] OF stdout device is: /virtual-devices@100/console@1
[    0.045720] PROM: Built device tree with 87467 bytes of memory.
[    0.045782] MDESC: Size is 36960 bytes.
[    0.045897] PLATFORM: banner-name [SPARC T5-2]
[    0.045949] PLATFORM: name [ORCL,SPARC-T5-2]
[    0.045997] PLATFORM: hostid [84fa06f2]
[    0.046040] PLATFORM: serial# [0035260e]
[    0.046083] PLATFORM: stick-frequency [3b9aca00]
[    0.046132] PLATFORM: mac-address [144ffa06f2]
[    0.046181] PLATFORM: watchdog-resolution [1000 ms]
[    0.046231] PLATFORM: watchdog-max-timeout [31536000000 ms]
[    0.046286] PLATFORM: max-cpus [1024]
[    0.046376] Top of RAM: 0x24af938000, Total RAM: 0x87f354000
[    0.046438] Memory hole size: 115461MB
[    0.051091] Allocated 40960 bytes for kernel page tables.
[    0.051177] Zone ranges:
[    0.051217]   Normal   [mem 0x0000000030400000-0x00000024af937fff]
[    0.051281] Movable zone start for each node
[    0.051328] Early memory node ranges
[    0.051369]   node   0: [mem 0x0000000030400000-0x000000006fe7ffff]
[    0.051433]   node   0: [mem 0x000000006ff00000-0x000000006ff25fff]
[    0.051496]   node   0: [mem 0x0000000070000000-0x000000042fffffff]
[    0.051559]   node   0: [mem 0x0000002030000000-0x00000024af87ffff]
[    0.051622]   node   0: [mem 0x00000024af900000-0x00000024af925fff]
[    0.051683]   node   0: [mem 0x00000024af930000-0x00000024af937fff]
[    0.059069] Zeroed struct page in unavailable ranges: 230130 pages
[    0.059077] Initmem setup node 0 [mem 0x0000000030400000-0x00000024af937fff]
[    0.059234] On node 0 totalpages: 4454826
[    0.059244]   Normal zone: 39154 pages used for memmap
[    0.059249]   Normal zone: 0 pages reserved
[    0.059255]   Normal zone: 4454826 pages, LIFO batch:31
[    0.070100] Booting Linux...
[    0.070185] CPU CAPS: [flush,stbar,swap,muldiv,v9,blkinit,n2,mul32]
[    0.070267] CPU CAPS: [div32,v8plus,popc,vis,vis2,ASIBlkInit,fmaf,vis3]
[    0.070345] CPU CAPS: [hpc,ima,pause,cbcond,aes,des,kasumi,camellia]
[    0.070422] CPU CAPS: [md5,sha1,sha256,sha512,mpmul,montmul,montsqr,crc32c]
[    0.100318] percpu: Embedded 27 pages/cpu s181896 r8192 d31096 u262144
[    0.100548] pcpu-alloc: s181896 r8192 d31096 u262144 alloc=1*4194304
[    0.100556] pcpu-alloc: [0] 000 001 002 003 004 005 006 007 008 009 010 011 012 013 014 015 
[    0.100583] pcpu-alloc: [0] 016 017 018 019 020 021 022 023 024 025 026 027 028 029 030 031 
[    0.100610] pcpu-alloc: [0] 032 033 034 035 036 037 038 039 040 041 042 043 044 045 046 047 
[    0.100637] pcpu-alloc: [0] 048 049 050 051 052 053 054 055 056 057 058 059 060 061 062 063 
[    0.100663] pcpu-alloc: [0] 064 065 066 067 068 069 070 071 072 073 074 075 076 077 078 079 
[    0.100690] pcpu-alloc: [0] 080 081 082 083 084 085 086 087 088 089 090 091 092 093 094 095 
[    0.100717] pcpu-alloc: [0] 096 097 098 099 100 101 102 103 104 105 106 107 108 109 110 111 
[    0.100744] pcpu-alloc: [0] 112 113 114 115 116 117 118 119 120 121 122 123 124 125 126 127 
[    0.101266] SUN4V: Mondo queue sizes [cpu(131072) dev(16384) r(8192) nr(256)]
[    0.101637] Built 1 zonelists, mobility grouping on.  Total pages: 4415672
[    0.101724] Kernel command line: BOOT_IMAGE=/vmlinux-5.4.0-rc8-00108-g6b8a79467876 root=/dev/vdiska2 ro zswap.enabled=1
[    0.104102] printk: log_buf_len individual max cpu contribution: 4096 bytes
[    0.104173] printk: log_buf_len total cpu_extra contributions: 520192 bytes
[    0.104239] printk: log_buf_len min size: 131072 bytes
[    0.104513] printk: log_buf_len: 1048576 bytes
[    0.104565] printk: early log buf free: 126624(96%)
[    0.110884] Dentry cache hash table entries: 8388608 (order: 13, 67108864 bytes, linear)
[    0.114175] Inode-cache hash table entries: 4194304 (order: 12, 33554432 bytes, linear)
[    0.114255] Sorting __ex_table...
[    0.114517] mem auto-init: stack:off, heap alloc:off, heap free:off
[    0.172111] Memory: 1305232K/35638608K available (7424K kernel code, 956K rwdata, 2176K rodata, 704K init, 6732K bss, 504360K reserved, 0K cma-reserved)
[    0.172805] SLUB: HWalign=32, Order=0-3, MinObjects=0, CPUs=128, Nodes=1
[    0.173107] ftrace: allocating 21221 entries in 42 pages
[    0.184262] Running RCU self tests
[    0.184308] rcu: Hierarchical RCU implementation.
[    0.184358] rcu: 	RCU event tracing is enabled.
[    0.184405] rcu: 	RCU lockdep checking is enabled.
[    0.184455] 	Tasks RCU enabled.
[    0.184492] rcu: RCU calculated value of scheduler-enlistment delay is 10 jiffies.
[    0.188656] NR_IRQS: 2048, nr_irqs: 2048, preallocated irqs: 1
[    0.188731] SUN4V: Using IRQ API major 3, cookie only virqs enabled
[    0.191164] clocksource: stick: mask: 0xffffffffffffffff max_cycles: 0x1cd42e4dffb, max_idle_ns: 881590591483 ns
[    0.191294] clocksource: mult[800000] shift[23]
[    0.191344] clockevent: mult[80000000] shift[31]
[    0.191872] Console: colour dummy device 80x25
[    0.191934] printk: console [tty0] enabled
[    0.192009] printk: bootconsole [earlyprom0] disabled
[    0.192094] Lock dependency validator: Copyright (c) 2006 Red Hat, Inc., Ingo Molnar
[    0.192143] ... MAX_LOCKDEP_SUBCLASSES:  8
[    0.192173] ... MAX_LOCK_DEPTH:          48
[    0.192203] ... MAX_LOCKDEP_KEYS:        8192
[    0.192234] ... CLASSHASH_SIZE:          4096
[    0.192265] ... MAX_LOCKDEP_ENTRIES:     16384
[    0.192296] ... MAX_LOCKDEP_CHAINS:      32768
[    0.192327] ... CHAINHASH_SIZE:          16384
[    0.192359]  memory used by lock dependency info: 3855 kB
[    0.192394]  memory used for stack traces: 2112 kB
[    0.192427]  per task-struct memory footprint: 1920 bytes
[    0.341565] Calibrating delay using timer specific routine.. 2003.87 BogoMIPS (lpj=10019350)
[    0.341622] pid_max: default: 131072 minimum: 1024
[    0.341880] LSM: Security Framework initializing
[    0.342113] AppArmor: AppArmor initialized
[    0.342382] Mount-cache hash table entries: 131072 (order: 7, 1048576 bytes, linear)
[    0.342546] Mountpoint-cache hash table entries: 131072 (order: 7, 1048576 bytes, linear)
[    0.342678] *** VALIDATE tmpfs ***
[    0.343536] *** VALIDATE proc ***
[    0.344037] *** VALIDATE cgroup1 ***
[    0.344069] *** VALIDATE cgroup2 ***
[    0.346131] rcu: Hierarchical SRCU implementation.
[    0.353808] smp: Bringing up secondary CPUs ...
[    0.396812] smp: Brought up 1 node, 32 CPUs
[    0.586999] node 0 initialised, 4228627 pages in 190ms
[    0.588351] devtmpfs: initialized
[    0.593018] Performance events: 
[    0.593061] Testing NMI watchdog ... 
[    0.793130] OK.
[    0.793231] Supported PMU type is 'niagara5'
[    0.793405] random: get_random_u32 called from bucket_table_alloc.isra.0+0x188/0x1c0 with crng_init=0
[    0.794028] ldc.c:v1.1 (July 22, 2008)
[    0.796413] clocksource: jiffies: mask: 0xffffffff max_cycles: 0xffffffff, max_idle_ns: 19112604462750000 ns
[    0.796503] futex hash table entries: 32768 (order: 9, 4194304 bytes, linear)
[    0.801555] NET: Registered protocol family 16
[    0.809457] VIO: Adding device channel-devices (tx_ino = ffffffffffffffff, rx_ino = ffffffffffffffff)
[    0.809667] VIO: Adding device vnet-port-0-0 (tx_ino = 0, rx_ino = 1)
[    0.809864] VIO: Adding device vnet-port-0-1 (tx_ino = 2, rx_ino = 3)
[    0.810030] VIO: Adding device vnet-port-0-2 (tx_ino = 4, rx_ino = 5)
[    0.810201] VIO: Adding device vnet-port-0-4 (tx_ino = 8, rx_ino = 9)
[    0.810366] VIO: Adding device vnet-port-0-5 (tx_ino = a, rx_ino = b)
[    0.810531] VIO: Adding device vnet-port-0-6 (tx_ino = c, rx_ino = d)
[    0.810700] VIO: Adding device vdc-port-3-0 (tx_ino = e, rx_ino = f)
[    0.810865] VIO: Adding device vdc-port-2-0 (tx_ino = 10, rx_ino = 11)
[    0.811030] VIO: Adding device vdc-port-1-0 (tx_ino = 12, rx_ino = 13)
[    0.811199] VIO: Adding device vdc-port-0-0 (tx_ino = 14, rx_ino = 15)
[    0.811363] VIO: Adding device vdc-port-4-0 (tx_ino = 16, rx_ino = 17)
[    0.811529] VIO: Adding device vlds-port-0-0 (tx_ino = 18, rx_ino = 19)
[    0.811702] VIO: Adding device domain-services-port-0 (tx_ino = 18, rx_ino = 19)
[    0.811978] audit: initializing netlink subsys (disabled)
[    0.812249] audit: type=2000 audit(0.420:1): state=initialized audit_enabled=0 res=1
[    0.836583] HugeTLB registered 64.0 KiB page size, pre-allocated 0 pages
[    0.836631] HugeTLB registered 8.00 MiB page size, pre-allocated 0 pages
[    0.836677] HugeTLB registered 256 MiB page size, pre-allocated 0 pages
[    0.836722] HugeTLB registered 2.00 GiB page size, pre-allocated 0 pages
[    0.838344] alg: extra crypto tests enabled.  This is intended for developer use only.
[    0.863694] cryptd: max_cpu_qlen set to 1000
[    0.961905] NetLabel: Initializing
[    0.961939] NetLabel:  domain hash size = 128
[    0.961971] NetLabel:  protocols = UNLABELED CIPSOv4 CALIPSO
[    0.962103] NetLabel:  unlabeled traffic allowed by default
[    0.963048] SUN4V: Reboot data supported (maj=1,min=0).
[    0.963463] ds.c:v1.0 (Jul 11, 2007)
[    0.963806] ds-0: ds_conn_reset() from send_events.isra.0
[    0.965252] clocksource: Switched to clocksource stick
[    1.160090] *** VALIDATE bpf ***
[    1.161141] VFS: Disk quotas dquot_6.6.0
[    1.161270] VFS: Dquot-cache hash table entries: 1024 (order 0, 8192 bytes)
[    1.161475] *** VALIDATE ramfs ***
[    1.161524] *** VALIDATE hugetlbfs ***
[    1.163103] AppArmor: AppArmor Filesystem Enabled
[    1.175770] NET: Registered protocol family 2
[    1.177634] tcp_listen_portaddr_hash hash table entries: 32768 (order: 8, 2359296 bytes, linear)
[    1.180530] TCP established hash table entries: 524288 (order: 9, 4194304 bytes, linear)
[    1.182490] TCP bind hash table entries: 65536 (order: 9, 4194304 bytes, linear)
[    1.188736] TCP: Hash tables configured (established 524288 bind 65536)
[    1.191133] UDP hash table entries: 32768 (order: 9, 5242880 bytes, linear)
[    1.197681] UDP-Lite hash table entries: 32768 (order: 9, 5242880 bytes, linear)
[    1.205838] NET: Registered protocol family 1
[    1.205900] NET: Registered protocol family 44
[    1.206403] Trying to unpack rootfs image as initramfs...
[    1.492030] Freeing initrd memory: 10608K
[    1.492692] aes_sparc64: Using sparc64 aes opcodes optimized AES implementation
[    1.762733] des_sparc64: Using sparc64 des opcodes optimized DES implementation
[    2.250485] camellia_sparc64: Using sparc64 camellia opcodes optimized CAMELLIA implementation
[    2.429441] workingset: timestamp_bits=46 max_order=23 bucket_order=0
[    2.449812] SGI XFS with ACLs, security attributes, debug enabled
[    2.469493] Block layer SCSI generic (bsg) driver version 0.4 loaded (major 252)
[    2.470281] io scheduler mq-deadline registered
[    2.472924] f029b788: ttyHV0 at I/O 0x0 (irq = 1, base_baud = 115200) is a SUN4V HCONS
[    2.479816] printk: console [ttyHV0] enabled
[    2.483250] sunvdc.c:v1.2 (November 24, 2014)
[    2.484776] sunvdc: Virtual CDROM vdiskd
[    2.484819] sunvdc: vdiskd: 403160 sectors (196 MB) protocol 1.2
[    2.486594]  vdiskd: vdiskd1 vdiskd2 vdiskd3 vdiskd4 vdiskd5 vdiskd6 vdiskd7
[    2.506441] sunvdc: Virtual Hard disk vdiskc
[    2.506481] sunvdc: vdiskc: 104857600 sectors (51200 MB) protocol 1.2
[    2.525468] sunvdc: Virtual Hard disk vdiskb
[    2.525508] sunvdc: vdiskb: 62914560 sectors (30720 MB) protocol 1.2
[    2.526644]  vdiskb: vdiskb1
[    2.544616] sunvdc: Virtual Hard disk vdiska
[    2.544655] sunvdc: vdiska: 31457280 sectors (15360 MB) protocol 1.2
[    2.546014]  vdiska: vdiska1 vdiska2 vdiska3 vdiska4
[    2.564851] sunvdc: Virtual Hard disk vdiske
[    2.564890] sunvdc: vdiske: 20971520 sectors (10240 MB) protocol 1.2
[    2.567107]  vdiske: vdiske1 vdiske2 vdiske3
[    2.584498] sunvnet: sunvnet 2.0 (February 3, 2017)
[    2.586664] vnet_port vnet-port-0-0 eth0: Sun LDOM vnet 00:14:4f:f8:12:a3
[    2.586884] sunvnet: eth0: PORT ( remote-mac 00:14:4f:fa:f3:f0 switch-port )
[    2.587228] sunvnet: eth0: PORT ( remote-mac 00:14:4f:f8:e5:f3 )
[    2.587588] sunvnet: eth0: PORT ( remote-mac 00:14:4f:f9:b4:97 )
[    2.587927] sunvnet: eth0: PORT ( remote-mac 00:14:4f:f8:3f:1e )
[    2.588262] sunvnet: eth0: PORT ( remote-mac 00:14:4f:f8:fe:47 )
[    2.588592] sunvnet: eth0: PORT ( remote-mac 00:14:4f:f9:8b:83 )
[    2.589869] rtc-sun4v rtc-sun4v: registered as rtc0
[    2.590409] sun4v_wdt: initialized (timeout=60s, nowayout=0)
[    2.590664] device-mapper: uevent: version 1.0.3
[    2.591391] device-mapper: ioctl: 4.41.0-ioctl (2019-09-16) initialised: dm-devel@redhat.com
[    2.592429] NET: Registered protocol family 17
[    2.593010] registered taskstats version 1
[    2.600132] zswap: default zpool zbud not available
[    2.600185] zswap: pool creation failed
[    2.780356] Key type big_key registered
[    2.780418] AppArmor: AppArmor sha1 policy hashing enabled
[    2.781181] rtc-sun4v rtc-sun4v: setting system clock to 2019-11-23T22:16:29 UTC (1574547389)
[    2.785167] This architecture does not have kernel memory protection.
[    2.785249] Run /init as init process
[    3.274682] crc32c_sparc64: Using sparc64 crc32c opcode optimized CRC32C implementation
[    3.343503] random: fast init done
[    3.795221] raid6: int64x8  gen()  2169 MB/s
[    3.965223] raid6: int64x8  xor()  1568 MB/s
[    4.135264] raid6: int64x4  gen()  3427 MB/s
[    4.305232] raid6: int64x4  xor()  2000 MB/s
[    4.475237] raid6: int64x2  gen()  3127 MB/s
[    4.645224] raid6: int64x2  xor()  1993 MB/s
[    4.815236] raid6: int64x1  gen()  2814 MB/s
[    4.985212] raid6: int64x1  xor()  1622 MB/s
[    4.985252] raid6: using algorithm int64x4 gen() 3427 MB/s
[    4.985292] raid6: .... xor() 2000 MB/s, rmw enabled
[    4.985330] raid6: using intx1 recovery algorithm
[    4.986156] async_tx: api initialized (async)
[    4.986665] xor: automatically using best checksumming function   Niagara   
[    5.194001] EXT4-fs (vdiska2): mounted filesystem with ordered data mode. Opts: (null)
[    5.756887] systemd[1]: Inserted module 'autofs4'
[    5.770082] NET: Registered protocol family 10
[    5.776102] Segment Routing with IPv6
[    5.821441] systemd[1]: systemd 243-8 running in system mode. (+PAM +AUDIT +SELINUX +IMA +APPARMOR +SMACK +SYSVINIT +UTMP +LIBCRYPTSETUP +GCRYPT +GNUTLS +ACL +XZ +LZ4 -SECCOMP +BLKID +ELFUTILS +KMOD +IDN2 -IDN +PCRE2 default-hierarchy=hybrid)
[    5.822011] systemd[1]: Detected architecture sparc64.
[    5.885287] systemd[1]: Set hostname to <ttip.nvglabs.local>.
[    6.232912] random: lvmconfig: uninitialized urandom read (4 bytes read)
[    6.925534] systemd[1]: /lib/systemd/system/dbus.socket:5: ListenStream= references a path below legacy directory /var/run/, updating /var/run/dbus/system_bus_socket → /run/dbus/system_bus_socket; please update the unit file accordingly.
[    7.215754] systemd[1]: /lib/systemd/system/pcscd.socket:5: ListenStream= references a path below legacy directory /var/run/, updating /var/run/pcscd/pcscd.comm → /run/pcscd/pcscd.comm; please update the unit file accordingly.
[    7.259918] random: systemd: uninitialized urandom read (16 bytes read)
[    7.270598] systemd[1]: Created slice system-getty.slice.
[    7.271290] random: systemd: uninitialized urandom read (16 bytes read)
[    7.274686] systemd[1]: Created slice system-openvpn\x2dclient.slice.
[    7.275115] random: systemd: uninitialized urandom read (16 bytes read)
[    7.278566] systemd[1]: Created slice system-postfix.slice.
[    7.283657] systemd[1]: Created slice system-systemd\x2dfsck.slice.
[    7.287504] systemd[1]: Created slice User and Session Slice.
[    7.495000] EXT4-fs (vdiska2): re-mounted. Opts: errors=remount-ro
[    7.650360] systemd-journald[562]: Received client request to flush runtime journal.
[    8.351153] sha1_sparc64: Using sparc64 sha1 opcode optimized SHA-1 implementation
[    8.442111] n2rng v0.3 (Jan 7, 2017)
[    8.442226] n2rng f029b104: Registered RNG HVAPI major 2 minor 0
[    8.442342] n2rng f029b104: Found multi-unit-capable RNG, units: 2
[    8.443476] n2rng f029b104: RNG ready
[    8.545615] sha256_sparc64: Using sparc64 sha256 opcode optimized SHA-256/SHA-224 implementation
[    8.552593] pktcdvd: setup of pktcdvd device failed
[    8.597461] pktcdvd: setup of pktcdvd device failed
[    8.602823] pktcdvd: setup of pktcdvd device failed
[    8.605596] pktcdvd: setup of pktcdvd device failed
[    8.611811] pktcdvd: setup of pktcdvd device failed
[    8.615572] pktcdvd: setup of pktcdvd device failed
[    8.618880] pktcdvd: setup of pktcdvd device failed
[    8.622872] pktcdvd: setup of pktcdvd device failed
[    8.709007] sha512_sparc64: Using sparc64 sha512 opcode optimized SHA-512/SHA-384 implementation
[    8.710733] md5_sparc64: Using sparc64 md5 opcode optimized MD5 implementation
[    9.078972] XFS (dm-0): Mounting V5 Filesystem
[    9.194149] XFS (dm-0): Ending clean mount
[    9.196596] xfs filesystem being mounted at /1 supports timestamps until 2038 (0x7fffffff)
[   11.585318] Adding 787176k swap on /dev/vdiska4.  Priority:-2 extents:1 across:787176k FS
[   11.830870] EXT4-fs (vdiska1): mounting ext3 file system using the ext4 subsystem
[   11.843315] EXT4-fs (vdiska1): mounted filesystem with ordered data mode. Opts: (null)
[   11.843484] ext3 filesystem being mounted at /boot supports timestamps until 2038 (0x7fffffff)
[   12.020771] random: crng init done
[   12.020817] random: 6 urandom warning(s) missed due to ratelimiting
[   12.777043] Kernel unaligned access at TPC[86bc78] aa_dfa_unpack+0x38/0x5c0
[   12.777161] Kernel unaligned access at TPC[86bc98] aa_dfa_unpack+0x58/0x5c0
[   12.777216] Kernel unaligned access at TPC[86bd60] aa_dfa_unpack+0x120/0x5c0
[   12.777274] Kernel unaligned access at TPC[86be40] aa_dfa_unpack+0x200/0x5c0
[   12.777329] Kernel unaligned access at TPC[86be54] aa_dfa_unpack+0x214/0x5c0
[   15.350081] tun: Universal TUN/TAP device driver, 1.6

[   15.905649] ======================================================
[   15.905657] WARNING: possible circular locking dependency detected
[   15.905667] 5.4.0-rc8-00108-g6b8a79467876 #1301 Not tainted
[   15.905673] ------------------------------------------------------
[   15.905681] iptables-restor/1023 is trying to acquire lock:
[   15.905689] 000000001055a120 (&table[i].mutex){+.+.}, at: nfnl_lock+0x24/0x40 [nfnetlink]
[   15.905710] 
               but task is already holding lock:
[   15.905718] 0000000000e27ea0 (&net->nft.commit_mutex){+.+.}, at: nf_tables_valid_genid+0x10/0x60 [nf_tables]
[   15.905743] 
               which lock already depends on the new lock.

[   15.905752] 
               the existing dependency chain (in reverse order) is:
[   15.905759] 
               -> #1 (&net->nft.commit_mutex){+.+.}:
[   15.905776]        __mutex_lock+0xac/0x9a0
[   15.905783]        mutex_lock_nested+0x1c/0x40
[   15.905793]        nf_tables_valid_genid+0x10/0x60 [nf_tables]
[   15.905802]        nfnetlink_rcv_batch+0x228/0x620 [nfnetlink]
[   15.905810]        nfnetlink_rcv+0x110/0x140 [nfnetlink]
[   15.905821]        netlink_unicast+0x128/0x200
[   15.905827]        netlink_sendmsg+0x338/0x380
[   15.905836]        sock_sendmsg+0x34/0x80
[   15.905843]        ___sys_sendmsg+0x238/0x260
[   15.905851]        __sys_sendmsg+0x48/0x80
[   15.905857]        sys_sendmsg+0x18/0x40
[   15.905868]        linux_sparc_syscall+0x34/0x44
[   15.905874] 
               -> #0 (&table[i].mutex){+.+.}:
[   15.905886]        __lock_acquire+0x1b18/0x2520
[   15.905893]        lock_acquire+0x1ac/0x1e0
[   15.905900]        __mutex_lock+0xac/0x9a0
[   15.905907]        mutex_lock_nested+0x1c/0x40
[   15.905914]        nfnl_lock+0x24/0x40 [nfnetlink]
[   15.905925]        ip_set_nfnl_get_byindex+0x190/0x280 [ip_set]
[   15.905936]        set_match_v1_checkentry+0x14/0xc0 [xt_set]
[   15.905948]        xt_check_match+0x240/0x280 [x_tables]
[   15.905958]        __nft_match_init+0x174/0x1a0 [nft_compat]
[   15.905966]        nft_match_init+0x18/0x40 [nft_compat]
[   15.905976]        nf_tables_newrule+0x510/0x7a0 [nf_tables]
[   15.905984]        nfnetlink_rcv_batch+0x3d8/0x620 [nfnetlink]
[   15.905992]        nfnetlink_rcv+0x110/0x140 [nfnetlink]
[   15.906000]        netlink_unicast+0x128/0x200
[   15.906006]        netlink_sendmsg+0x338/0x380
[   15.906013]        sock_sendmsg+0x34/0x80
[   15.906019]        ___sys_sendmsg+0x238/0x260
[   15.906026]        __sys_sendmsg+0x48/0x80
[   15.906032]        sys_sendmsg+0x18/0x40
[   15.906039]        linux_sparc_syscall+0x34/0x44
[   15.906044] 
               other info that might help us debug this:

[   15.906053]  Possible unsafe locking scenario:

[   15.906060]        CPU0                    CPU1
[   15.906065]        ----                    ----
[   15.906070]   lock(&net->nft.commit_mutex);
[   15.906077]                                lock(&table[i].mutex);
[   15.906085]                                lock(&net->nft.commit_mutex);
[   15.906092]   lock(&table[i].mutex);
[   15.906099] 
                *** DEADLOCK ***

[   15.906107] 1 lock held by iptables-restor/1023:
[   15.906112]  #0: 0000000000e27ea0 (&net->nft.commit_mutex){+.+.}, at: nf_tables_valid_genid+0x10/0x60 [nf_tables]
[   15.906129] 
               stack backtrace:
[   15.906138] CPU: 12 PID: 1023 Comm: iptables-restor Not tainted 5.4.0-rc8-00108-g6b8a79467876 #1301
[   15.906146] Call Trace:
[   15.906155]  [00000000004d47bc] print_circular_bug.isra.0+0x1bc/0x1e0
[   15.906163]  [00000000004d4a00] check_noncircular+0x220/0x240
[   15.906170]  [00000000004d8f78] __lock_acquire+0x1b18/0x2520
[   15.906177]  [00000000004da30c] lock_acquire+0x1ac/0x1e0
[   15.906185]  [0000000000b3d28c] __mutex_lock+0xac/0x9a0
[   15.906192]  [0000000000b3db9c] mutex_lock_nested+0x1c/0x40
[   15.906200]  [0000000010558024] nfnl_lock+0x24/0x40 [nfnetlink]
[   15.906209]  [0000000010565310] ip_set_nfnl_get_byindex+0x190/0x280 [ip_set]
[   15.906217]  [00000000105de694] set_match_v1_checkentry+0x14/0xc0 [xt_set]
[   15.906227]  [00000000103de8a0] xt_check_match+0x240/0x280 [x_tables]
[   15.906235]  [00000000105ccc54] __nft_match_init+0x174/0x1a0 [nft_compat]
[   15.906243]  [00000000105ccd18] nft_match_init+0x18/0x40 [nft_compat]
[   15.906254]  [0000000010583e70] nf_tables_newrule+0x510/0x7a0 [nf_tables]
[   15.906262]  [0000000010558898] nfnetlink_rcv_batch+0x3d8/0x620 [nfnetlink]
[   15.906270]  [0000000010558bf0] nfnetlink_rcv+0x110/0x140 [nfnetlink]
[   15.906278]  [0000000000a35e08] netlink_unicast+0x128/0x200
