[    0.000019] PROMLIB: Sun IEEE Boot Prom 'OBP 4.38.12 2018/03/28 14:54'
[    0.000032] PROMLIB: Root node compatible: sun4v
[    0.000081] Linux version 5.8.0-rc2-00001-g625d3449788f (mator@ttip) (gcc (Debian 9.3.0-14) 9.3.0, GNU ld (GNU Binutils for Debian) 2.34) #1 SMP Mon Jun 22 15:21:50 MSK 2020
[    0.000419] printk: bootconsole [earlyprom0] enabled
[    0.000474] ARCH: SUN4V
[    0.000524] Ethernet address: 00:14:4f:fa:06:f2
[    0.000578] MM: PAGE_OFFSET is 0xfff8000000000000 (max_phys_bits == 47)
[    0.000644] MM: VMALLOC [0x0000000100000000 --> 0x0006000000000000]
[    0.000707] MM: VMEMMAP [0x0006000000000000 --> 0x000c000000000000]
[    0.012935] Kernel: Using 5 locked TLB entries for main kernel image.
[    0.013004] Remapping the kernel... 
[    0.013029] done.
[    0.046019] OF stdout device is: /virtual-devices@100/console@1
[    0.046084] PROM: Built device tree with 86758 bytes of memory.
[    0.046147] MDESC: Size is 36224 bytes.
[    0.046263] PLATFORM: banner-name [SPARC T5-2]
[    0.046315] PLATFORM: name [ORCL,SPARC-T5-2]
[    0.046362] PLATFORM: hostid [84fa06f2]
[    0.046406] PLATFORM: serial# [0035260e]
[    0.046450] PLATFORM: stick-frequency [3b9aca00]
[    0.046499] PLATFORM: mac-address [144ffa06f2]
[    0.046547] PLATFORM: watchdog-resolution [1000 ms]
[    0.046598] PLATFORM: watchdog-max-timeout [31536000000 ms]
[    0.046654] PLATFORM: max-cpus [1024]
[    0.051436] Allocated 40960 bytes for kernel page tables.
[    0.051525] Zone ranges:
[    0.051566]   Normal   [mem 0x0000000030400000-0x00000024af937fff]
[    0.051631] Movable zone start for each node
[    0.051677] Early memory node ranges
[    0.051719]   node   0: [mem 0x0000000030400000-0x000000006fe7ffff]
[    0.051783]   node   0: [mem 0x000000006ff00000-0x000000006ff25fff]
[    0.051845]   node   0: [mem 0x0000000070000000-0x000000042fffffff]
[    0.051907]   node   0: [mem 0x0000002030000000-0x00000024af87ffff]
[    0.051969]   node   0: [mem 0x00000024af900000-0x00000024af925fff]
[    0.052030]   node   0: [mem 0x00000024af930000-0x00000024af937fff]
[    0.067090] Zeroed struct page in unavailable ranges: 263766 pages
[    0.067099] Initmem setup node 0 [mem 0x0000000030400000-0x00000024af937fff]
[    0.067258] On node 0 totalpages: 4454826
[    0.067268]   Normal zone: 39154 pages used for memmap
[    0.067274]   Normal zone: 0 pages reserved
[    0.067280]   Normal zone: 4454826 pages, LIFO batch:31
[    0.226292] Booting Linux...
[    0.226381] CPU CAPS: [flush,stbar,swap,muldiv,v9,blkinit,n2,mul32]
[    0.226467] CPU CAPS: [div32,v8plus,popc,vis,vis2,ASIBlkInit,fmaf,vis3]
[    0.227549] CPU CAPS: [hpc,ima,pause,cbcond,aes,des,kasumi,camellia]
[    0.227626] CPU CAPS: [md5,sha1,sha256,sha512,mpmul,montmul,montsqr,crc32c]
[    0.257421] percpu: Embedded 28 pages/cpu s184528 r8192 d36656 u262144
[    0.257634] pcpu-alloc: s184528 r8192 d36656 u262144 alloc=1*4194304
[    0.257642] pcpu-alloc: [0] 000 001 002 003 004 005 006 007 008 009 010 011 012 013 014 015 
[    0.257670] pcpu-alloc: [0] 016 017 018 019 020 021 022 023 024 025 026 027 028 029 030 031 
[    0.257697] pcpu-alloc: [0] 032 033 034 035 036 037 038 039 040 041 042 043 044 045 046 047 
[    0.257724] pcpu-alloc: [0] 048 049 050 051 052 053 054 055 056 057 058 059 060 061 062 063 
[    0.257751] pcpu-alloc: [0] 064 065 066 067 068 069 070 071 072 073 074 075 076 077 078 079 
[    0.257778] pcpu-alloc: [0] 080 081 082 083 084 085 086 087 088 089 090 091 092 093 094 095 
[    0.257805] pcpu-alloc: [0] 096 097 098 099 100 101 102 103 104 105 106 107 108 109 110 111 
[    0.257833] pcpu-alloc: [0] 112 113 114 115 116 117 118 119 120 121 122 123 124 125 126 127 
[    0.258268] SUN4V: Mondo queue sizes [cpu(131072) dev(16384) r(8192) nr(256)]
[    0.258646] Built 1 zonelists, mobility grouping on.  Total pages: 4415672
[    0.258716] Policy zone: Normal
[    0.258774] Kernel command line: BOOT_IMAGE=/vmlinux-5.8.0-rc2-00001-g625d3449788f root=/dev/vdiska2 ro zswap.enabled=1
[    0.261675] printk: log_buf_len individual max cpu contribution: 4096 bytes
[    0.261746] printk: log_buf_len total cpu_extra contributions: 520192 bytes
[    0.261814] printk: log_buf_len min size: 131072 bytes
[    0.262084] printk: log_buf_len: 1048576 bytes
[    0.262136] printk: early log buf free: 126688(96%)
[    0.268454] Dentry cache hash table entries: 8388608 (order: 13, 67108864 bytes, linear)
[    0.271689] Inode-cache hash table entries: 4194304 (order: 12, 33554432 bytes, linear)
[    0.271766] Sorting __ex_table...
[    0.271998] mem auto-init: stack:off, heap alloc:off, heap free:off
[    0.373231] Memory: 35128016K/35638608K available (7967K kernel code, 1075K rwdata, 2368K rodata, 664K init, 6852K bss, 510592K reserved, 0K cma-reserved)
[    0.373916] SLUB: HWalign=32, Order=0-3, MinObjects=0, CPUs=128, Nodes=32
[    0.374212] ftrace: allocating 22347 entries in 44 pages
[    0.382748] ftrace: allocated 44 pages with 3 groups
[    0.385628] Running RCU self tests
[    0.385718] rcu: Hierarchical RCU implementation.
[    0.385770] rcu: 	RCU event tracing is enabled.
[    0.385820] rcu: 	RCU lockdep checking is enabled.
[    0.385871] 	Trampoline variant of Tasks RCU enabled.
[    0.385922] 	Rude variant of Tasks RCU enabled.
[    0.385970] 	Tracing variant of Tasks RCU enabled.
[    0.386020] rcu: RCU calculated value of scheduler-enlistment delay is 10 jiffies.
[    0.390542] NR_IRQS: 2048, nr_irqs: 2048, preallocated irqs: 1
[    0.390620] SUN4V: Using IRQ API major 3, cookie only virqs enabled
[    0.393212] clocksource: stick: mask: 0xffffffffffffffff max_cycles: 0x1cd42e4dffb, max_idle_ns: 881590591483 ns
[    0.393342] clocksource: mult[800000] shift[23]
[    0.393393] clockevent: mult[80000000] shift[31]
[    0.393787] Console: colour dummy device 80x25
[    0.393851] printk: console [tty0] enabled
[    0.393929] printk: bootconsole [earlyprom0] disabled
[    0.394019] Lock dependency validator: Copyright (c) 2006 Red Hat, Inc., Ingo Molnar
[    0.394071] ... MAX_LOCKDEP_SUBCLASSES:  8
[    0.394103] ... MAX_LOCK_DEPTH:          48
[    0.394136] ... MAX_LOCKDEP_KEYS:        8192
[    0.394169] ... CLASSHASH_SIZE:          4096
[    0.394202] ... MAX_LOCKDEP_ENTRIES:     16384
[    0.394236] ... MAX_LOCKDEP_CHAINS:      32768
[    0.394270] ... CHAINHASH_SIZE:          16384
[    0.394303]  memory used by lock dependency info: 3919 kB
[    0.394342]  memory used for stack traces: 2112 kB
[    0.394377]  per task-struct memory footprint: 1920 bytes
[    0.543658] Calibrating delay using timer specific routine.. 2004.76 BogoMIPS (lpj=10023800)
[    0.543730] pid_max: default: 131072 minimum: 1024
[    0.544031] LSM: Security Framework initializing
[    0.544207] AppArmor: AppArmor initialized
[    0.544486] Mount-cache hash table entries: 131072 (order: 7, 1048576 bytes, linear)
[    0.544655] Mountpoint-cache hash table entries: 131072 (order: 7, 1048576 bytes, linear)
[    0.549908] rcu: Hierarchical SRCU implementation.
[    0.558698] smp: Bringing up secondary CPUs ...
[    0.605060] smp: Brought up 1 node, 32 CPUs
[    0.610707] devtmpfs: initialized
[    0.615816] Performance events: 
[    0.615849] Testing NMI watchdog ... 
[    0.815927] OK.
[    0.816093] Supported PMU type is 'niagara5'
[    0.816304] random: get_random_u32 called from bucket_table_alloc.isra.0+0x198/0x1c0 with crng_init=0
[    0.816881] ldc.c:v1.1 (July 22, 2008)
[    0.819535] clocksource: jiffies: mask: 0xffffffff max_cycles: 0xffffffff, max_idle_ns: 19112604462750000 ns
[    0.819631] futex hash table entries: 32768 (order: 9, 4194304 bytes, linear)
[    0.825008] NET: Registered protocol family 16
[    0.834346] VIO: Adding device channel-devices (tx_ino = ffffffffffffffff, rx_ino = ffffffffffffffff)
[    0.834601] VIO: Adding device vnet-port-0-0 (tx_ino = 0, rx_ino = 1)
[    0.834817] VIO: Adding device vnet-port-0-1 (tx_ino = 2, rx_ino = 3)
[    0.834999] VIO: Adding device vnet-port-0-2 (tx_ino = 4, rx_ino = 5)
[    0.835185] VIO: Adding device vnet-port-0-3 (tx_ino = 6, rx_ino = 7)
[    0.835375] VIO: Adding device vnet-port-0-4 (tx_ino = 8, rx_ino = 9)
[    0.835556] VIO: Adding device vdc-port-2-0 (tx_ino = c, rx_ino = d)
[    0.835741] VIO: Adding device vdc-port-1-0 (tx_ino = e, rx_ino = f)
[    0.835920] VIO: Adding device vdc-port-0-0 (tx_ino = 10, rx_ino = 11)
[    0.836136] VIO: Adding device vdc-port-3-0 (tx_ino = 12, rx_ino = 13)
[    0.836325] VIO: Adding device vlds-port-0-0 (tx_ino = 14, rx_ino = 15)
[    0.836509] VIO: Adding device domain-services-port-0 (tx_ino = 14, rx_ino = 15)
[    0.836816] audit: initializing netlink subsys (disabled)
[    0.837083] audit: type=2000 audit(0.440:1): state=initialized audit_enabled=0 res=1
[    0.866824] HugeTLB registered 64.0 KiB page size, pre-allocated 0 pages
[    0.866875] HugeTLB registered 8.00 MiB page size, pre-allocated 0 pages
[    0.866923] HugeTLB registered 256 MiB page size, pre-allocated 0 pages
[    0.866971] HugeTLB registered 2.00 GiB page size, pre-allocated 0 pages
[    0.869969] alg: extra crypto tests enabled.  This is intended for developer use only.
[    0.893260] cryptd: max_cpu_qlen set to 1000
[    0.997456] NetLabel: Initializing
[    0.997489] NetLabel:  domain hash size = 128
[    0.997524] NetLabel:  protocols = UNLABELED CIPSOv4 CALIPSO
[    0.997655] NetLabel:  unlabeled traffic allowed by default
[    0.998641] SUN4V: Reboot data supported (maj=1,min=0).
[    0.999043] ds.c:v1.0 (Jul 11, 2007)
[    0.999397] ds-0: ds_conn_reset() from send_events.isra.0
[    1.000866] clocksource: Switched to clocksource stick
[    1.213653] VFS: Disk quotas dquot_6.6.0
[    1.213801] VFS: Dquot-cache hash table entries: 1024 (order 0, 8192 bytes)
[    1.216080] AppArmor: AppArmor Filesystem Enabled
[    1.229589] NET: Registered protocol family 2
[    1.231600] tcp_listen_portaddr_hash hash table entries: 32768 (order: 8, 2621440 bytes, linear)
[    1.234520] TCP established hash table entries: 524288 (order: 9, 4194304 bytes, linear)
[    1.236965] TCP bind hash table entries: 65536 (order: 9, 4718592 bytes, linear)
[    1.242601] TCP: Hash tables configured (established 524288 bind 65536)
[    1.245140] UDP hash table entries: 32768 (order: 9, 5242880 bytes, linear)
[    1.251723] UDP-Lite hash table entries: 32768 (order: 9, 5242880 bytes, linear)
[    1.259748] NET: Registered protocol family 1
[    1.259812] NET: Registered protocol family 44
[    1.260340] Trying to unpack rootfs image as initramfs...
[    1.461461] Freeing initrd memory: 14888K
[    1.462188] aes_sparc64: Using sparc64 aes opcodes optimized AES implementation
[    1.710425] des_sparc64: Using sparc64 des opcodes optimized DES implementation
[    2.158326] camellia_sparc64: Using sparc64 camellia opcodes optimized CAMELLIA implementation
[    2.325917] workingset: timestamp_bits=41 max_order=23 bucket_order=0
[    2.347320] zbud: loaded
[    2.350031] SGI XFS with ACLs, security attributes, quota, fatal assert, debug enabled
[    2.377536] Block layer SCSI generic (bsg) driver version 0.4 loaded (major 252)
[    2.378501] io scheduler mq-deadline registered
[    2.381419] f029b788: ttyHV0 at I/O 0x0 (irq = 1, base_baud = 115200) is a SUN4V HCONS
[    2.382406] printk: console [ttyHV0] enabled
[    2.386689] sunvdc.c:v1.2 (November 24, 2014)
[    2.389956] sunvdc: Virtual Hard disk vdiskc
[    2.389998] sunvdc: vdiskc: 104857600 sectors (51200 MB) protocol 1.2
[    2.413446] sunvdc: Virtual Hard disk vdiskb
[    2.413491] sunvdc: vdiskb: 62914560 sectors (30720 MB) protocol 1.2
[    2.415007]  vdiskb: vdiskb1
[    2.436740] sunvdc: Virtual Hard disk vdiska
[    2.436784] sunvdc: vdiska: 31457280 sectors (15360 MB) protocol 1.2
[    2.437853]  vdiska: vdiska1 vdiska2 vdiska3 vdiska4
[    2.461022] sunvdc: Virtual CDROM vdiskd
[    2.461068] sunvdc: vdiskd: 453848 sectors (221 MB) protocol 1.2
[    2.462171]  vdiskd: vdiskd1 vdiskd2 vdiskd3 vdiskd4 vdiskd5 vdiskd6 vdiskd7
[    2.483176] sunvnet: sunvnet 2.0 (February 3, 2017)
[    2.485803] vnet_port vnet-port-0-0 eth0: Sun LDOM vnet 00:14:4f:f8:12:a3
[    2.486026] sunvnet: eth0: PORT ( remote-mac 00:14:4f:fa:f3:f0 switch-port )
[    2.486656] sunvnet: eth0: PORT ( remote-mac 00:14:4f:f8:e5:f3 )
[    2.487256] sunvnet: eth0: PORT ( remote-mac 00:14:4f:f9:b4:97 )
[    2.487857] sunvnet: eth0: PORT ( remote-mac 00:14:4f:f8:3f:1e )
[    2.488452] sunvnet: eth0: PORT ( remote-mac 00:14:4f:f8:fe:47 )
[    2.489704] rtc-sun4v rtc-sun4v: registered as rtc0
[    2.489827] rtc-sun4v rtc-sun4v: setting system clock to 2020-06-22T12:48:54 UTC (1592830134)
[    2.490462] sun4v_wdt: initialized (timeout=60s, nowayout=0)
[    2.490916] device-mapper: uevent: version 1.0.3
[    2.491960] device-mapper: ioctl: 4.42.0-ioctl (2020-02-27) initialised: dm-devel@redhat.com
[    2.492984] NET: Registered protocol family 17
[    2.493421] registered taskstats version 1
[    2.494322] zswap: loaded using pool lzo/zbud
[    2.495729] AppArmor: AppArmor sha1 policy hashing enabled
[    2.500971] This architecture does not have kernel memory protection.
[    2.501031] Run /init as init process
[    2.501064]   with arguments:
[    2.501071]     /init
[    2.501078]   with environment:
[    2.501085]     HOME=/
[    2.501091]     TERM=linux
[    2.501098]     BOOT_IMAGE=/vmlinux-5.8.0-rc2-00001-g625d3449788f
[    2.990268] crc32c_sparc64: Using sparc64 crc32c opcode optimized CRC32C implementation
[    3.062083] random: fast init done
[    3.550806] raid6: int64x8  gen()  2163 MB/s
[    3.720800] raid6: int64x8  xor()  1537 MB/s
[    3.890798] raid6: int64x4  gen()  3430 MB/s
[    4.060800] raid6: int64x4  xor()  1479 MB/s
[    4.230805] raid6: int64x2  gen()  2794 MB/s
[    4.400802] raid6: int64x2  xor()  1162 MB/s
[    4.570812] raid6: int64x1  gen()  1391 MB/s
[    4.740807] raid6: int64x1  xor()   670 MB/s
[    4.740858] raid6: using algorithm int64x4 gen() 3430 MB/s
[    4.740902] raid6: .... xor() 1479 MB/s, rmw enabled
[    4.740943] raid6: using intx1 recovery algorithm
[    4.741796] async_tx: api initialized (async)
[    4.742326] xor: automatically using best checksumming function   Niagara   
[    4.946221] process '/usr/bin/fstype' started with executable stack
[    5.067777] EXT4-fs (vdiska2): mounted filesystem with ordered data mode. Opts: (null)
[    6.826878] systemd[1]: Inserted module 'autofs4'
[    6.839266] NET: Registered protocol family 10
[    6.845740] Segment Routing with IPv6
[    6.909592] systemd[1]: systemd 245.6-1 running in system mode. (+PAM +AUDIT +SELINUX +IMA +APPARMOR +SMACK +SYSVINIT +UTMP +LIBCRYPTSETUP +GCRYPT +GNUTLS +ACL +XZ +LZ4 -SECCOMP +BLKID +ELFUTILS +KMOD +IDN2 -IDN +PCRE2 default-hierarchy=hybrid)
[    6.910218] systemd[1]: Detected architecture sparc64.
[    7.035828] systemd[1]: Set hostname to <ttip>.
[    7.948547] random: lvmconfig: uninitialized urandom read (4 bytes read)
[    9.365761] random: systemd: uninitialized urandom read (16 bytes read)
[    9.411066] systemd[1]: Created slice system-getty.slice.
[    9.411829] random: systemd: uninitialized urandom read (16 bytes read)
[    9.422003] systemd[1]: Created slice system-modprobe.slice.
[    9.422476] random: systemd: uninitialized urandom read (16 bytes read)
[    9.432543] systemd[1]: Created slice system-openvpn\x2dclient.slice.
[    9.472578] systemd[1]: Created slice system-postfix.slice.
[    9.483071] systemd[1]: Created slice system-systemd\x2dfsck.slice.
[    9.492524] systemd[1]: Created slice User and Session Slice.
[    9.493531] systemd[1]: Started Dispatch Password Requests to Console Directory Watch.
[    9.494402] systemd[1]: Started Forward Password Requests to Wall Directory Watch.
[    9.497356] systemd[1]: Set up automount Arbitrary Executable File Formats File System Automount Point.
[    9.497943] systemd[1]: Reached target Local Encrypted Volumes.
[    9.498458] systemd[1]: Reached target Paths.
[    9.498922] systemd[1]: Reached target Remote File Systems.
[    9.499396] systemd[1]: Reached target Slices.
[    9.500340] systemd[1]: Listening on Device-mapper event daemon FIFOs.
[    9.501530] systemd[1]: Listening on LVM2 poll daemon socket.
[    9.502644] systemd[1]: Listening on Syslog Socket.
[    9.503668] systemd[1]: Listening on fsck to fsckd communication Socket.
[    9.504474] systemd[1]: Listening on initctl Compatibility Named Pipe.
[    9.505767] systemd[1]: Listening on Journal Audit Socket.
[    9.506784] systemd[1]: Listening on Journal Socket (/dev/log).
[    9.507989] systemd[1]: Listening on Journal Socket.
[    9.509107] systemd[1]: Listening on udev Control Socket.
[    9.509957] systemd[1]: Listening on udev Kernel Socket.
[    9.526259] systemd[1]: Mounting Huge Pages File System...
[    9.541826] systemd[1]: Mounting POSIX Message Queue File System...
[    9.557655] systemd[1]: Mounting Kernel Debug File System...
[    9.625959] systemd[1]: Mounting Kernel Trace File System...
[    9.640640] systemd[1]: Starting Availability of block devices...
[    9.656800] systemd[1]: Starting Wait for network to be configured by ifupdown...
[    9.673017] systemd[1]: Starting Create list of static device nodes for the current kernel...
[    9.688526] systemd[1]: Starting Monitoring of LVM2 mirrors, snapshots etc. using dmeventd or progress polling...
[    9.703508] systemd[1]: Starting Load Kernel Module drm...
[    9.717779] systemd[1]: Starting nftables...
[    9.735180] systemd[1]: Condition check resulted in Set Up Additional Binary Formats being skipped.
[    9.735471] systemd[1]: Condition check resulted in File System Check on Root Device being skipped.
[    9.757250] systemd[1]: Starting Journal Service...
[    9.776804] systemd[1]: Starting Load Kernel Modules...
[    9.795064] systemd[1]: Starting Remount Root and Kernel File Systems...
[    9.810392] systemd[1]: Starting udev Coldplug all Devices...
[    9.819253] systemd[1]: Mounted Huge Pages File System.
[    9.820853] systemd[1]: Mounted POSIX Message Queue File System.
[    9.822393] systemd[1]: Mounted Kernel Debug File System.
[    9.823881] systemd[1]: Mounted Kernel Trace File System.
[    9.831855] systemd[1]: Finished Availability of block devices.
[    9.838867] systemd[1]: Finished Wait for network to be configured by ifupdown.
[    9.845507] systemd[1]: Finished Create list of static device nodes for the current kernel.
[    9.848353] systemd[1]: modprobe@drm.service: Succeeded.
[    9.852900] systemd[1]: Finished Load Kernel Module drm.
[    9.876268] systemd[1]: Finished Load Kernel Modules.
[    9.878365] systemd[1]: Condition check resulted in FUSE Control File System being skipped.
[    9.878732] systemd[1]: Condition check resulted in Kernel Configuration File System being skipped.
[    9.893183] systemd[1]: Starting Apply Kernel Variables...
[    9.905083] EXT4-fs (vdiska2): re-mounted. Opts: errors=remount-ro
[    9.935386] systemd[1]: Finished Remount Root and Kernel File Systems.
[   10.037514] systemd[1]: Starting Initial Check File System Quotas...
[   10.063244] systemd[1]: Condition check resulted in Rebuild Hardware Database being skipped.
[   10.063669] systemd[1]: Condition check resulted in Platform Persistent Storage Archival being skipped.
[   10.082412] systemd[1]: Starting Load/Save Random Seed...
[   10.100039] systemd[1]: Starting Create System Users...
[   10.103588] systemd[1]: Started Journal Service.
[   10.198137] systemd-journald[496]: Received client request to flush runtime journal.
[   11.908967] sha1_sparc64: Using sparc64 sha1 opcode optimized SHA-1 implementation
[   12.009480] n2rng v0.3 (Jan 7, 2017)
[   12.009608] n2rng f029b104: Registered RNG HVAPI major 2 minor 0
[   12.009726] n2rng f029b104: Found multi-unit-capable RNG, units: 2
[   12.011328] n2rng f029b104: RNG ready
[   12.111453] sha256_sparc64: Using sparc64 sha256 opcode optimized SHA-256/SHA-224 implementation
[   12.131019] pktcdvd: setup of pktcdvd device failed
[   12.175269] pktcdvd: setup of pktcdvd device failed
[   12.178850] pktcdvd: setup of pktcdvd device failed
[   12.182056] pktcdvd: setup of pktcdvd device failed
[   12.185997] pktcdvd: setup of pktcdvd device failed
[   12.190030] pktcdvd: setup of pktcdvd device failed
[   12.195829] pktcdvd: setup of pktcdvd device failed
[   12.199217] pktcdvd: setup of pktcdvd device failed
[   12.278499] sha512_sparc64: Using sparc64 sha512 opcode optimized SHA-512/SHA-384 implementation
[   12.284535] md5_sparc64: Using sparc64 md5 opcode optimized MD5 implementation
[   12.491117] Adding 787176k swap on /dev/vdiska4.  Priority:-2 extents:1 across:787176k FS
[   12.713834] XFS (dm-0): Mounting V5 Filesystem
[   12.731553] XFS (dm-0): Ending clean mount
[   12.734240] xfs filesystem being mounted at /1 supports timestamps until 2038 (0x7fffffff)
[   12.900314] EXT4-fs (vdiska1): mounting ext3 file system using the ext4 subsystem
[   13.277192] EXT4-fs (vdiska1): mounted filesystem with ordered data mode. Opts: (null)
[   13.277428] ext3 filesystem being mounted at /boot supports timestamps until 2038 (0x7fffffff)
[   14.413649] Kernel unaligned access at TPC[8bfad8] aa_dfa_unpack+0x38/0x640
[   14.413818] Kernel unaligned access at TPC[8bfaf8] aa_dfa_unpack+0x58/0x640
[   14.413940] Kernel unaligned access at TPC[8bfbbc] aa_dfa_unpack+0x11c/0x640
[   14.414051] Kernel unaligned access at TPC[8bfc8c] aa_dfa_unpack+0x1ec/0x640
[   14.414160] Kernel unaligned access at TPC[8bfca0] aa_dfa_unpack+0x200/0x640
[   14.558640] random: crng init done
[   14.558709] random: 6 urandom warning(s) missed due to ratelimiting
