[    0.000019] PROMLIB: Sun IEEE Boot Prom 'OBP 4.38.12 2018/03/28 14:54'
[    0.000031] PROMLIB: Root node compatible: sun4v
[    0.000083] Linux version 5.2.0-03311-g5450e8a316a6 (mator@ttip) (gcc version 8.3.0 (Debian 8.3.0-7)) #1019 SMP Thu Jul 11 12:12:18 MSK 2019
[    0.000390] printk: bootconsole [earlyprom0] enabled
[    0.000442] ARCH: SUN4V
[    0.000491] Ethernet address: 00:14:4f:fa:06:f2
[    0.000541] MM: PAGE_OFFSET is 0xfff8000000000000 (max_phys_bits == 47)
[    0.000607] MM: VMALLOC [0x0000000100000000 --> 0x0006000000000000]
[    0.000667] MM: VMEMMAP [0x0006000000000000 --> 0x000c000000000000]
[    0.012704] Kernel: Using 5 locked TLB entries for main kernel image.
[    0.012789] Remapping the kernel... 
[    0.012812] done.
[    0.047684] OF stdout device is: /virtual-devices@100/console@1
[    0.047765] PROM: Built device tree with 86230 bytes of memory.
[    0.047830] MDESC: Size is 36560 bytes.
[    0.047954] PLATFORM: banner-name [SPARC T5-2]
[    0.048007] PLATFORM: name [ORCL,SPARC-T5-2]
[    0.048051] PLATFORM: hostid [84fa06f2]
[    0.048095] PLATFORM: serial# [0035260e]
[    0.048137] PLATFORM: stick-frequency [3b9aca00]
[    0.048187] PLATFORM: mac-address [144ffa06f2]
[    0.048231] PLATFORM: watchdog-resolution [1000 ms]
[    0.048282] PLATFORM: watchdog-max-timeout [31536000000 ms]
[    0.048337] PLATFORM: max-cpus [1024]
[    0.048448] Top of RAM: 0x24af938000, Total RAM: 0x87f354000
[    0.048510] Memory hole size: 115461MB
[    0.053268] Allocated 40960 bytes for kernel page tables.
[    0.053373] Zone ranges:
[    0.053414]   Normal   [mem 0x0000000030400000-0x00000024af937fff]
[    0.053478] Movable zone start for each node
[    0.053524] Early memory node ranges
[    0.053564]   node   0: [mem 0x0000000030400000-0x000000006fe7ffff]
[    0.053625]   node   0: [mem 0x000000006ff00000-0x000000006ff25fff]
[    0.053687]   node   0: [mem 0x0000000070000000-0x000000042fffffff]
[    0.053746]   node   0: [mem 0x0000002030000000-0x00000024af87ffff]
[    0.053806]   node   0: [mem 0x00000024af900000-0x00000024af925fff]
[    0.053867]   node   0: [mem 0x00000024af930000-0x00000024af937fff]
[    0.061245] Zeroed struct page in unavailable ranges: 230130 pages
[    0.061254] Initmem setup node 0 [mem 0x0000000030400000-0x00000024af937fff]
[    0.061415] On node 0 totalpages: 4454826
[    0.061425]   Normal zone: 39154 pages used for memmap
[    0.061431]   Normal zone: 0 pages reserved
[    0.061436]   Normal zone: 4454826 pages, LIFO batch:31
[    0.259038] Booting Linux...
[    0.259124] CPU CAPS: [flush,stbar,swap,muldiv,v9,blkinit,n2,mul32]
[    0.259207] CPU CAPS: [div32,v8plus,popc,vis,vis2,ASIBlkInit,fmaf,vis3]
[    0.260287] CPU CAPS: [hpc,ima,pause,cbcond,aes,des,kasumi,camellia]
[    0.260359] CPU CAPS: [md5,sha1,sha256,sha512,mpmul,montmul,montsqr,crc32c]
[    0.320586] percpu: Embedded 27 pages/cpu s180744 r8192 d32248 u262144
[    0.320851] pcpu-alloc: s180744 r8192 d32248 u262144 alloc=1*4194304
[    0.320858] pcpu-alloc: [0] 000 001 002 003 004 005 006 007 008 009 010 011 012 013 014 015 
[    0.320885] pcpu-alloc: [0] 016 017 018 019 020 021 022 023 024 025 026 027 028 029 030 031 
[    0.320911] pcpu-alloc: [0] 032 033 034 035 036 037 038 039 040 041 042 043 044 045 046 047 
[    0.320937] pcpu-alloc: [0] 048 049 050 051 052 053 054 055 056 057 058 059 060 061 062 063 
[    0.320963] pcpu-alloc: [0] 064 065 066 067 068 069 070 071 072 073 074 075 076 077 078 079 
[    0.320989] pcpu-alloc: [0] 080 081 082 083 084 085 086 087 088 089 090 091 092 093 094 095 
[    0.321015] pcpu-alloc: [0] 096 097 098 099 100 101 102 103 104 105 106 107 108 109 110 111 
[    0.321042] pcpu-alloc: [0] 112 113 114 115 116 117 118 119 120 121 122 123 124 125 126 127 
[    0.321069] pcpu-alloc: [0] 128 129 130 131 132 133 134 135 136 137 138 139 140 141 142 143 
[    0.321095] pcpu-alloc: [0] 144 145 146 147 148 149 150 151 152 153 154 155 156 157 158 159 
[    0.321122] pcpu-alloc: [0] 160 161 162 163 164 165 166 167 168 169 170 171 172 173 174 175 
[    0.321149] pcpu-alloc: [0] 176 177 178 179 180 181 182 183 184 185 186 187 188 189 190 191 
[    0.321175] pcpu-alloc: [0] 192 193 194 195 196 197 198 199 200 201 202 203 204 205 206 207 
[    0.321202] pcpu-alloc: [0] 208 209 210 211 212 213 214 215 216 217 218 219 220 221 222 223 
[    0.321229] pcpu-alloc: [0] 224 225 226 227 228 229 230 231 232 233 234 235 236 237 238 239 
[    0.321255] pcpu-alloc: [0] 240 241 242 243 244 245 246 247 248 249 250 251 252 253 254 255 
[    0.321770] SUN4V: Mondo queue sizes [cpu(131072) dev(16384) r(8192) nr(256)]
[    0.322143] Built 1 zonelists, mobility grouping on.  Total pages: 4415672
[    0.322234] Kernel command line: BOOT_IMAGE=/vmlinuz-5.2.0-03311-g5450e8a316a6 root=/dev/vdiska2 ro zswap.enabled=1
[    0.324432] printk: log_buf_len individual max cpu contribution: 4096 bytes
[    0.324505] printk: log_buf_len total cpu_extra contributions: 1044480 bytes
[    0.324571] printk: log_buf_len min size: 131072 bytes
[    0.324948] printk: log_buf_len: 2097152 bytes
[    0.325000] printk: early log buf free: 125896(96%)
[    0.331342] Dentry cache hash table entries: 8388608 (order: 13, 67108864 bytes)
[    0.334614] Inode-cache hash table entries: 4194304 (order: 12, 33554432 bytes)
[    0.334696] Sorting __ex_table...
[    0.413274] Memory: 35102464K/35638608K available (6772K kernel code, 958K rwdata, 2024K rodata, 992K init, 6716K bss, 536144K reserved, 0K cma-reserved)
[    0.414370] kmemleak: Kernel memory leak detector disabled
[    0.415016] ftrace: allocating 19701 entries in 39 pages
[    0.429038] Running RCU self tests
[    0.429109] rcu: Hierarchical RCU implementation.
[    0.429161] rcu: 	RCU event tracing is enabled.
[    0.429211] rcu: 	RCU lockdep checking is enabled.
[    0.429260] 	Tasks RCU enabled.
[    0.430302] rcu: RCU calculated value of scheduler-enlistment delay is 11 jiffies.
[    0.436854] NR_IRQS: 2048, nr_irqs: 2048, preallocated irqs: 1
[    0.436970] SUN4V: Using IRQ API major 3, cookie only virqs enabled
[    0.441411] clocksource: stick: mask: 0xffffffffffffffff max_cycles: 0x1cd42e4dffb, max_idle_ns: 881590591483 ns
[    0.441543] clocksource: mult[800000] shift[23]
[    0.441592] clockevent: mult[80000000] shift[31]
[    0.445698] Console: colour dummy device 80x25
[    0.445770] printk: console [tty0] enabled
[    0.445846] printk: bootconsole [earlyprom0] disabled
[    0.445930] Lock dependency validator: Copyright (c) 2006 Red Hat, Inc., Ingo Molnar
[    0.445979] ... MAX_LOCKDEP_SUBCLASSES:  8
[    0.446009] ... MAX_LOCK_DEPTH:          48
[    0.446039] ... MAX_LOCKDEP_KEYS:        8192
[    0.446070] ... CLASSHASH_SIZE:          4096
[    0.446101] ... MAX_LOCKDEP_ENTRIES:     16384
[    0.446132] ... MAX_LOCKDEP_CHAINS:      32768
[    0.446164] ... CHAINHASH_SIZE:          16384
[    0.446195]  memory used by lock dependency info: 3855 kB
[    0.446231]  per task-struct memory footprint: 1920 bytes
[    0.446460] kmemleak: Early log buffer exceeded (5009), please increase DEBUG_KMEMLEAK_EARLY_LOG_SIZE
[    0.592286] Calibrating delay using timer specific routine.. 2017.68 BogoMIPS (lpj=10088449)
[    0.592356] pid_max: default: 262144 minimum: 2048
[    0.594022] Mount-cache hash table entries: 131072 (order: 7, 1048576 bytes)
[    0.594182] Mountpoint-cache hash table entries: 131072 (order: 7, 1048576 bytes)
[    0.595636] *** VALIDATE proc ***
[    0.596381] *** VALIDATE cgroup1 ***
[    0.596413] *** VALIDATE cgroup2 ***
[    0.599401] rcu: Hierarchical SRCU implementation.
[    0.622982] smp: Bringing up secondary CPUs ...
[    0.708129] smp: Brought up 1 node, 32 CPUs
[    0.715240] devtmpfs: initialized
[    0.721477] Performance events: 
[    0.721527] Testing NMI watchdog ... 
[    0.921643] OK.
[    0.921818] Supported PMU type is 'niagara5'
[    0.922136] random: get_random_u32 called from bucket_table_alloc.isra.4+0x184/0x1c0 with crng_init=0
[    0.923033] ldc.c:v1.1 (July 22, 2008)
[    0.926073] clocksource: jiffies: mask: 0xffffffff max_cycles: 0xffffffff, max_idle_ns: 19112604462750000 ns
[    0.926177] futex hash table entries: 65536 (order: 10, 8388608 bytes)
[    0.935629] NET: Registered protocol family 16
[    0.945299] VIO: Adding device channel-devices (tx_ino = ffffffffffffffff, rx_ino = ffffffffffffffff)
[    0.945550] VIO: Adding device vnet-port-0-0 (tx_ino = 0, rx_ino = 1)
[    0.945772] VIO: Adding device vnet-port-0-1 (tx_ino = 2, rx_ino = 3)
[    0.945960] VIO: Adding device vnet-port-0-2 (tx_ino = 4, rx_ino = 5)
[    0.946149] VIO: Adding device vnet-port-0-3 (tx_ino = 6, rx_ino = 7)
[    0.946331] VIO: Adding device vnet-port-0-4 (tx_ino = 8, rx_ino = 9)
[    0.946518] VIO: Adding device vnet-port-0-5 (tx_ino = 16, rx_ino = 17)
[    0.946707] VIO: Adding device vdc-port-3-0 (tx_ino = a, rx_ino = b)
[    0.946890] VIO: Adding device vdc-port-2-0 (tx_ino = c, rx_ino = d)
[    0.947071] VIO: Adding device vdc-port-1-0 (tx_ino = e, rx_ino = f)
[    0.947257] VIO: Adding device vdc-port-0-0 (tx_ino = 10, rx_ino = 11)
[    0.947445] VIO: Adding device vlds-port-0-0 (tx_ino = 12, rx_ino = 13)
[    0.947639] VIO: Adding device domain-services-port-0 (tx_ino = 12, rx_ino = 13)
[    0.948031] audit: initializing netlink subsys (disabled)
[    0.948469] audit: type=2000 audit(0.500:1): state=initialized audit_enabled=0 res=1
[    0.992659] HugeTLB registered 64.0 KiB page size, pre-allocated 0 pages
[    0.992714] HugeTLB registered 8.00 MiB page size, pre-allocated 0 pages
[    0.992758] HugeTLB registered 256 MiB page size, pre-allocated 0 pages
[    0.992803] HugeTLB registered 2.00 GiB page size, pre-allocated 0 pages
[    1.039921] alg: No test for lzo-rle (lzo-rle-generic)
[    1.040563] alg: No test for lzo-rle (lzo-rle-scomp)
[    1.059219] SUN4V: Reboot data supported (maj=1,min=0).
[    1.059659] ds.c:v1.0 (Jul 11, 2007)
[    1.060072] ds-0: ds_conn_reset() from send_events.isra.3
[    1.061526] clocksource: Switched to clocksource stick
[    1.342734] VFS: Disk quotas dquot_6.6.0
[    1.343233] VFS: Dquot-cache hash table entries: 1024 (order 0, 8192 bytes)
[    1.343882] *** VALIDATE hugetlbfs ***
[    1.362342] NET: Registered protocol family 2
[    1.364883] tcp_listen_portaddr_hash hash table entries: 32768 (order: 8, 2359296 bytes)
[    1.368189] TCP established hash table entries: 524288 (order: 9, 4194304 bytes)
[    1.370223] TCP bind hash table entries: 65536 (order: 9, 4194304 bytes)
[    1.375928] TCP: Hash tables configured (established 524288 bind 65536)
[    1.382666] UDP hash table entries: 32768 (order: 9, 5242880 bytes)
[    1.389905] UDP-Lite hash table entries: 32768 (order: 9, 5242880 bytes)
[    1.403874] NET: Registered protocol family 1
[    1.405010] Trying to unpack rootfs image as initramfs...
[    1.718902] Freeing initrd memory: 10280K
[    1.754300] workingset: timestamp_bits=46 max_order=23 bucket_order=0
[    1.756189] zbud: loaded
[    1.760512] SGI XFS with ACLs, security attributes, debug enabled
[    1.791009] Block layer SCSI generic (bsg) driver version 0.4 loaded (major 252)
[    1.792979] io scheduler mq-deadline registered
[    1.795282] f029b788: ttyS0 at I/O 0x0 (irq = 1, base_baud = 115200) is a SUN4V HCONS
[    1.801749] printk: console [ttyHV0] enabled
[    1.807541] sunvdc.c:v1.2 (November 24, 2014)
[    1.815426] sunvdc: Virtual CDROM vdiskd
[    1.815496] sunvdc: vdiskd: 403160 sectors (196 MB) protocol 1.2
[    1.817094]  vdiskd: vdiskd1 vdiskd2 vdiskd3 vdiskd4 vdiskd5 vdiskd6 vdiskd7
[    1.875110] sunvdc: Virtual Hard disk vdiskc
[    1.875166] sunvdc: vdiskc: 104857600 sectors (51200 MB) protocol 1.2
[    1.929073] sunvdc: Virtual Hard disk vdiskb
[    1.929129] sunvdc: vdiskb: 62914560 sectors (30720 MB) protocol 1.2
[    1.931061]  vdiskb: vdiskb1
[    1.985653] sunvdc: Virtual Hard disk vdiska
[    1.985711] sunvdc: vdiska: 31457280 sectors (15360 MB) protocol 1.2
[    1.986721]  vdiska: vdiska1 vdiska2 vdiska3 vdiska4
[    2.035454] sunvnet: sunvnet 2.0 (February 3, 2017)
[    2.039007] vnet_port vnet-port-0-0 eth0: Sun LDOM vnet 00:14:4f:f8:12:a3
[    2.039629] sunvnet: eth0: PORT ( remote-mac 00:14:4f:fa:f3:f0 switch-port )
[    2.040977] sunvnet: eth0: PORT ( remote-mac 00:14:4f:f8:e5:f3 )
[    2.042356] sunvnet: eth0: PORT ( remote-mac 00:14:4f:f9:b4:97 )
[    2.043685] sunvnet: eth0: PORT ( remote-mac 00:14:4f:f9:8b:83 )
[    2.045024] sunvnet: eth0: PORT ( remote-mac 00:14:4f:f8:3f:1e )
[    2.046371] sunvnet: eth0: PORT ( remote-mac 00:14:4f:f8:fe:47 )
[    2.048162] rtc-sun4v rtc-sun4v: registered as rtc0
[    2.048665] device-mapper: uevent: version 1.0.3
[    2.049942] device-mapper: ioctl: 4.40.0-ioctl (2019-01-18) initialised: dm-devel@redhat.com
[    2.051841] NET: Registered protocol family 17
[    2.053155] registered taskstats version 1
[    2.057163] zswap: loaded using pool lzo/zbud
[    2.109158] Key type big_key registered
[    2.110068] rtc-sun4v rtc-sun4v: setting system clock to 2019-07-11T09:24:15 UTC (1562837055)
[    2.114465] This architecture does not have kernel memory protection.
[    2.114523] Run /init as init process
[    3.020096] crc32c_sparc64: Using sparc64 crc32c opcode optimized CRC32C implementation
[    3.041598] random: fast init done
[    3.511519] raid6: int64x8  gen()  2074 MB/s
[    3.681531] raid6: int64x8  xor()  1518 MB/s
[    3.851530] raid6: int64x4  gen()  3168 MB/s
[    4.021520] raid6: int64x4  xor()  1948 MB/s
[    4.191511] raid6: int64x2  gen()  2778 MB/s
[    4.361515] raid6: int64x2  xor()  1958 MB/s
[    4.531530] raid6: int64x1  gen()  2692 MB/s
[    4.701530] raid6: int64x1  xor()  1600 MB/s
[    4.701588] raid6: using algorithm int64x4 gen() 3168 MB/s
[    4.701630] raid6: .... xor() 1948 MB/s, rmw enabled
[    4.701667] raid6: using intx1 recovery algorithm
[    4.702653] async_tx: api initialized (async)
[    4.703286] xor: automatically using best checksumming function   Niagara   
[    4.913868] EXT4-fs (vdiska2): mounted filesystem with ordered data mode. Opts: (null)
[    5.155996] systemd[1]: Inserted module 'autofs4'
[    5.165824] NET: Registered protocol family 10
[    5.178485] Segment Routing with IPv6
[    5.207139] systemd[1]: systemd 241 running in system mode. (+PAM +AUDIT +SELINUX +IMA +APPARMOR +SMACK +SYSVINIT +UTMP +LIBCRYPTSETUP +GCRYPT +GNUTLS +ACL +XZ +LZ4 -SECCOMP +BLKID +ELFUTILS +KMOD -IDN2 +IDN -PCRE2 default-hierarchy=hybrid)
[    5.207729] systemd[1]: Detected architecture sparc64.
[    5.226113] systemd[1]: Set hostname to <ttip>.
[    5.231440] systemd[1]: Failed to bump fs.file-max, ignoring: Invalid argument
[    5.346196] random: lvmconfig: uninitialized urandom read (4 bytes read)
[    5.533078] systemd[1]: File /lib/systemd/system/systemd-journald.service:12 configures an IP firewall (IPAddressDeny=any), but the local system does not support BPF/cgroup based firewalling.
[    5.533208] systemd[1]: Proceeding WITHOUT firewalling in effect! (This warning is only shown for the first loaded unit using IP firewalling.)
[    5.651081] systemd[1]: /lib/systemd/system/smbd.service:9: PIDFile= references path below legacy directory /var/run/, updating /var/run/samba/smbd.pid → /run/samba/smbd.pid; please update the unit file accordingly.
[    5.651838] systemd[1]: /lib/systemd/system/nmbd.service:9: PIDFile= references path below legacy directory /var/run/, updating /var/run/samba/nmbd.pid → /run/samba/nmbd.pid; please update the unit file accordingly.
[    5.689476] random: systemd: uninitialized urandom read (16 bytes read)
[    5.697181] random: systemd: uninitialized urandom read (16 bytes read)
[    5.698483] systemd[1]: Listening on Journal Socket (/dev/log).
[    5.701967] systemd[1]: Listening on Syslog Socket.
[    5.890957] EXT4-fs (vdiska2): re-mounted. Opts: errors=remount-ro
[    6.159454] systemd-journald[446]: Received request to flush runtime journal from PID 1
[    6.166166] systemd-journald[446]: File /var/log/journal/c02366aaa6e44182ba0caa130d880aac/system.journal corrupted or uncleanly shut down, renaming and replacing.
[    6.958622] sha1_sparc64: Using sparc64 sha1 opcode optimized SHA-1 implementation
[    6.962710] n2rng v0.3 (Jan 7, 2017)
[    6.962856] n2rng f029b104: Registered RNG HVAPI major 2 minor 0
[    6.962983] n2rng f029b104: Found multi-unit-capable RNG, units: 2
[    6.964635] n2rng f029b104: RNG ready
[    6.995379] sha256_sparc64: Using sparc64 sha256 opcode optimized SHA-256/SHA-224 implementation
[    7.022886] sha512_sparc64: Using sparc64 sha512 opcode optimized SHA-512/SHA-384 implementation
[    7.024837] md5_sparc64: Using sparc64 md5 opcode optimized MD5 implementation
[    7.041407] aes_sparc64: Using sparc64 aes opcodes optimized AES implementation
[    7.098641] des_sparc64: Using sparc64 des opcodes optimized DES implementation
[    7.164061] camellia_sparc64: Using sparc64 camellia opcodes optimized CAMELLIA implementation
[    8.286945] XFS (dm-0): Mounting V5 Filesystem
[    8.644193] XFS (dm-0): Ending clean mount
[   10.365617] Adding 787176k swap on /dev/vdiska4.  Priority:-2 extents:1 across:787176k FS
[   10.456547] EXT4-fs (vdiska1): mounting ext3 file system using the ext4 subsystem
[   10.472706] EXT4-fs (vdiska1): mounted filesystem with ordered data mode. Opts: (null)
[   11.148795] random: crng init done
[   11.148855] random: 7 urandom warning(s) missed due to ratelimiting

[   12.132507] ======================================================
[   12.132517] WARNING: possible circular locking dependency detected
[   12.132530] 5.2.0-03311-g5450e8a316a6 #1019 Not tainted
[   12.132539] ------------------------------------------------------
[   12.132550] iptables-restor/797 is trying to acquire lock:
[   12.132563] 0000000041e5afee (&table[i].mutex){+.+.}, at: nfnl_lock+0x24/0x40 [nfnetlink]
[   12.132588] 
               but task is already holding lock:
[   12.132598] 000000009c4be72d (&net->nft.commit_mutex){+.+.}, at: nf_tables_valid_genid+0x18/0x60 [nf_tables]
[   12.132626] 
               which lock already depends on the new lock.

[   12.132638] 
               the existing dependency chain (in reverse order) is:
[   12.132648] 
               -> #1 (&net->nft.commit_mutex){+.+.}:
[   12.132677]        __mutex_lock+0x48/0x920
[   12.132688]        mutex_lock_nested+0x1c/0x40
[   12.132701]        nf_tables_valid_genid+0x18/0x60 [nf_tables]
[   12.132713]        nfnetlink_rcv_batch+0x24c/0x620 [nfnetlink]
[   12.132723]        nfnetlink_rcv+0x110/0x140 [nfnetlink]
[   12.132741]        netlink_unicast+0x12c/0x1e0
[   12.132751]        netlink_sendmsg+0x334/0x380
[   12.132770]        sock_sendmsg+0x1c/0x60
[   12.132780]        ___sys_sendmsg+0x228/0x240
[   12.132791]        __sys_sendmsg+0x4c/0x80
[   12.132799]        sys_sendmsg+0x18/0x40
[   12.132815]        linux_sparc_syscall+0x34/0x44
[   12.132823] 
               -> #0 (&table[i].mutex){+.+.}:
[   12.132844]        __lock_acquire+0x1cf8/0x27c0
[   12.132853]        lock_acquire+0x1a4/0x1c0
[   12.132862]        __mutex_lock+0x48/0x920
[   12.132871]        mutex_lock_nested+0x1c/0x40
[   12.132881]        nfnl_lock+0x24/0x40 [nfnetlink]
[   12.132897]        ip_set_nfnl_get_byindex+0x19c/0x280 [ip_set]
[   12.132909]        set_match_v1_checkentry+0x14/0xc0 [xt_set]
[   12.132928]        xt_check_match+0x238/0x260 [x_tables]
[   12.132942]        __nft_match_init+0x160/0x180 [nft_compat]
[   12.132953]        nft_match_init+0x18/0x40 [nft_compat]
[   12.132966]        nf_tables_newrule+0x57c/0x7a0 [nf_tables]
[   12.132977]        nfnetlink_rcv_batch+0x3f8/0x620 [nfnetlink]
[   12.132987]        nfnetlink_rcv+0x110/0x140 [nfnetlink]
[   12.132997]        netlink_unicast+0x12c/0x1e0
[   12.133006]        netlink_sendmsg+0x334/0x380
[   12.133016]        sock_sendmsg+0x1c/0x60
[   12.133025]        ___sys_sendmsg+0x228/0x240
[   12.133034]        __sys_sendmsg+0x4c/0x80
[   12.133042]        sys_sendmsg+0x18/0x40
[   12.133051]        linux_sparc_syscall+0x34/0x44
[   12.133059] 
               other info that might help us debug this:

[   12.133071]  Possible unsafe locking scenario:

[   12.133080]        CPU0                    CPU1
[   12.133088]        ----                    ----
[   12.133095]   lock(&net->nft.commit_mutex);
[   12.133104]                                lock(&table[i].mutex);
[   12.133114]                                lock(&net->nft.commit_mutex);
[   12.133125]   lock(&table[i].mutex);
[   12.133133] 
                *** DEADLOCK ***

[   12.133144] 1 lock held by iptables-restor/797:
[   12.133152]  #0: 000000009c4be72d (&net->nft.commit_mutex){+.+.}, at: nf_tables_valid_genid+0x18/0x60 [nf_tables]
[   12.133175] 
               stack backtrace:
[   12.133186] CPU: 7 PID: 797 Comm: iptables-restor Not tainted 5.2.0-03311-g5450e8a316a6 #1019
[   12.133197] Call Trace:
[   12.133207]  [00000000004d3144] print_circular_bug+0x304/0x320
[   12.133218]  [00000000004d3374] check_noncircular+0x214/0x240
[   12.133228]  [00000000004d81b8] __lock_acquire+0x1cf8/0x27c0
[   12.133238]  [00000000004d95e4] lock_acquire+0x1a4/0x1c0
[   12.133248]  [0000000000a99988] __mutex_lock+0x48/0x920
[   12.133257]  [0000000000a9a27c] mutex_lock_nested+0x1c/0x40
[   12.133268]  [00000000104f0024] nfnl_lock+0x24/0x40 [nfnetlink]
[   12.133280]  [00000000105288dc] ip_set_nfnl_get_byindex+0x19c/0x280 [ip_set]
[   12.133292]  [00000000105605d4] set_match_v1_checkentry+0x14/0xc0 [xt_set]
[   12.133305]  [00000000102c8ed8] xt_check_match+0x238/0x260 [x_tables]
[   12.133316]  [000000001054ec00] __nft_match_init+0x160/0x180 [nft_compat]
[   12.133327]  [000000001054ecb8] nft_match_init+0x18/0x40 [nft_compat]
[   12.133341]  [0000000010505c3c] nf_tables_newrule+0x57c/0x7a0 [nf_tables]
[   12.133353]  [00000000104f1238] nfnetlink_rcv_batch+0x3f8/0x620 [nfnetlink]
[   12.133364]  [00000000104f1570] nfnetlink_rcv+0x110/0x140 [nfnetlink]
[   12.133375]  [00000000009ce44c] netlink_unicast+0x12c/0x1e0
[   12.550367] tun: Universal TUN/TAP device driver, 1.6
