[    0.000021] PROMLIB: Sun IEEE Boot Prom 'OBP 4.38.12 2018/03/28 14:54'
[    0.000034] PROMLIB: Root node compatible: sun4v
[    0.000086] Linux version 5.9.0-00858-g865c50e1d279 (mator@ttip) (gcc (Debian 10.2.0-13) 10.2.0, GNU ld (GNU Binutils for Debian) 2.35.1) #87 SMP Tue Oct 13 11:13:56 MSK 2020
[    0.000425] printk: bootconsole [earlyprom0] enabled
[    0.000476] ARCH: SUN4V
[    0.000526] Ethernet address: 00:14:4f:fa:06:f2
[    0.000578] MM: PAGE_OFFSET is 0xfff8000000000000 (max_phys_bits == 47)
[    0.000644] MM: VMALLOC [0x0000000100000000 --> 0x0006000000000000]
[    0.000706] MM: VMEMMAP [0x0006000000000000 --> 0x000c000000000000]
[    0.012922] Kernel: Using 5 locked TLB entries for main kernel image.
[    0.012996] Remapping the kernel... 
[    0.013018] done.
[    0.046002] OF stdout device is: /virtual-devices@100/console@1
[    0.046075] PROM: Built device tree with 86758 bytes of memory.
[    0.046137] MDESC: Size is 36512 bytes.
[    0.046259] PLATFORM: banner-name [SPARC T5-2]
[    0.046309] PLATFORM: name [ORCL,SPARC-T5-2]
[    0.046357] PLATFORM: hostid [84fa06f2]
[    0.046398] PLATFORM: serial# [0035260e]
[    0.046442] PLATFORM: stick-frequency [3b9aca00]
[    0.046489] PLATFORM: mac-address [144ffa06f2]
[    0.046537] PLATFORM: watchdog-resolution [1000 ms]
[    0.046584] PLATFORM: watchdog-max-timeout [31536000000 ms]
[    0.046640] PLATFORM: max-cpus [1024]
[    0.051381] Allocated 40960 bytes for kernel page tables.
[    0.051472] Zone ranges:
[    0.051512]   Normal   [mem 0x0000000030400000-0x00000024af937fff]
[    0.051576] Movable zone start for each node
[    0.051620] Early memory node ranges
[    0.051661]   node   0: [mem 0x0000000030400000-0x000000006fe7ffff]
[    0.051723]   node   0: [mem 0x000000006ff00000-0x000000006ff25fff]
[    0.051782]   node   0: [mem 0x0000000070000000-0x000000042fffffff]
[    0.051844]   node   0: [mem 0x0000002030000000-0x00000024af87ffff]
[    0.051904]   node   0: [mem 0x00000024af900000-0x00000024af925fff]
[    0.051963]   node   0: [mem 0x00000024af930000-0x00000024af937fff]
[    0.065446] Zeroed struct page in unavailable ranges: 263766 pages
[    0.065455] Initmem setup node 0 [mem 0x0000000030400000-0x00000024af937fff]
[    0.065613] On node 0 totalpages: 4454826
[    0.065622]   Normal zone: 39154 pages used for memmap
[    0.065627]   Normal zone: 0 pages reserved
[    0.065633]   Normal zone: 4454826 pages, LIFO batch:31
[    0.224502] Booting Linux...
[    0.224586] CPU CAPS: [flush,stbar,swap,muldiv,v9,blkinit,n2,mul32]
[    0.224668] CPU CAPS: [div32,v8plus,popc,vis,vis2,ASIBlkInit,fmaf,vis3]
[    0.225746] CPU CAPS: [hpc,ima,pause,cbcond,aes,des,kasumi,camellia]
[    0.225817] CPU CAPS: [md5,sha1,sha256,sha512,mpmul,montmul,montsqr,crc32c]
[    0.255702] percpu: Embedded 28 pages/cpu s184784 r8192 d36400 u262144
[    0.255918] pcpu-alloc: s184784 r8192 d36400 u262144 alloc=1*4194304
[    0.255925] pcpu-alloc: [0] 000 001 002 003 004 005 006 007 008 009 010 011 012 013 014 015 
[    0.255951] pcpu-alloc: [0] 016 017 018 019 020 021 022 023 024 025 026 027 028 029 030 031 
[    0.255978] pcpu-alloc: [0] 032 033 034 035 036 037 038 039 040 041 042 043 044 045 046 047 
[    0.256004] pcpu-alloc: [0] 048 049 050 051 052 053 054 055 056 057 058 059 060 061 062 063 
[    0.256030] pcpu-alloc: [0] 064 065 066 067 068 069 070 071 072 073 074 075 076 077 078 079 
[    0.256057] pcpu-alloc: [0] 080 081 082 083 084 085 086 087 088 089 090 091 092 093 094 095 
[    0.256083] pcpu-alloc: [0] 096 097 098 099 100 101 102 103 104 105 106 107 108 109 110 111 
[    0.256109] pcpu-alloc: [0] 112 113 114 115 116 117 118 119 120 121 122 123 124 125 126 127 
[    0.256551] SUN4V: Mondo queue sizes [cpu(131072) dev(16384) r(8192) nr(256)]
[    0.256931] Built 1 zonelists, mobility grouping on.  Total pages: 4415672
[    0.257000] Policy zone: Normal
[    0.257056] Kernel command line: BOOT_IMAGE=/vmlinux-5.9.0-00858-g865c50e1d279 root=/dev/vdiska2 ro zswap.enabled=1
[    0.259841] printk: log_buf_len individual max cpu contribution: 4096 bytes
[    0.259912] printk: log_buf_len total cpu_extra contributions: 520192 bytes
[    0.259979] printk: log_buf_len min size: 131072 bytes
[    0.260251] printk: log_buf_len: 1048576 bytes
[    0.260302] printk: early log buf free: 126696(96%)
[    0.266615] Dentry cache hash table entries: 8388608 (order: 13, 67108864 bytes, linear)
[    0.269851] Inode-cache hash table entries: 4194304 (order: 12, 33554432 bytes, linear)
[    0.269928] Sorting __ex_table...
[    0.270154] mem auto-init: stack:off, heap alloc:off, heap free:off
[    0.378137] Memory: 35127336K/35638608K available (8377K kernel code, 1131K rwdata, 2520K rodata, 688K init, 6920K bss, 511272K reserved, 0K cma-reserved)
[    0.378815] SLUB: HWalign=32, Order=0-3, MinObjects=0, CPUs=128, Nodes=32
[    0.379097] ftrace: allocating 24020 entries in 47 pages
[    0.388266] ftrace: allocated 47 pages with 5 groups
[    0.391191] Running RCU self tests
[    0.391573] rcu: Hierarchical RCU implementation.
[    0.391628] rcu: 	RCU event tracing is enabled.
[    0.391675] rcu: 	RCU lockdep checking is enabled.
[    0.391725] 	Trampoline variant of Tasks RCU enabled.
[    0.391775] 	Rude variant of Tasks RCU enabled.
[    0.391822] 	Tracing variant of Tasks RCU enabled.
[    0.391873] rcu: RCU calculated value of scheduler-enlistment delay is 10 jiffies.
[    0.396470] NR_IRQS: 2048, nr_irqs: 2048, preallocated irqs: 1
[    0.396560] SUN4V: Using IRQ API major 3, cookie only virqs enabled
[    0.399069] clocksource: stick: mask: 0xffffffffffffffff max_cycles: 0x1cd42e4dffb, max_idle_ns: 881590591483 ns
[    0.399202] clocksource: mult[800000] shift[23]
[    0.399251] clockevent: mult[80000000] shift[31]
[    0.399648] Console: colour dummy device 80x25
[    0.399713] printk: console [tty0] enabled
[    0.399793] printk: bootconsole [earlyprom0] disabled
[    0.399881] Lock dependency validator: Copyright (c) 2006 Red Hat, Inc., Ingo Molnar
[    0.399935] ... MAX_LOCKDEP_SUBCLASSES:  8
[    0.399968] ... MAX_LOCK_DEPTH:          48
[    0.400001] ... MAX_LOCKDEP_KEYS:        8192
[    0.400036] ... CLASSHASH_SIZE:          4096
[    0.400070] ... MAX_LOCKDEP_ENTRIES:     16384
[    0.400104] ... MAX_LOCKDEP_CHAINS:      32768
[    0.400139] ... CHAINHASH_SIZE:          16384
[    0.400173]  memory used by lock dependency info: 3983 kB
[    0.400213]  memory used for stack traces: 2112 kB
[    0.400249]  per task-struct memory footprint: 1920 bytes
[    0.549647] Calibrating delay using timer specific routine.. 2007.98 BogoMIPS (lpj=10039945)
[    0.549723] pid_max: default: 131072 minimum: 1024
[    0.550020] LSM: Security Framework initializing
[    0.550195] AppArmor: AppArmor initialized
[    0.550480] Mount-cache hash table entries: 131072 (order: 7, 1048576 bytes, linear)
[    0.550652] Mountpoint-cache hash table entries: 131072 (order: 7, 1048576 bytes, linear)
[    0.556370] rcu: Hierarchical SRCU implementation.
[    0.567351] smp: Bringing up secondary CPUs ...
[    0.568612] ------------[ cut here ]------------
[    0.568632] WARNING: CPU: 0 PID: 1 at kernel/locking/lockdep.c:5286 check_flags+0x9c/0x2c0
[    0.568641] DEBUG_LOCKS_WARN_ON(lockdep_hardirqs_enabled())
[    0.568642] Modules linked in:
[    0.568657] CPU: 0 PID: 1 Comm: swapper/0 Not tainted 5.9.0-00858-g865c50e1d279 #87
[    0.568665] Call Trace:
[    0.568676] [<00000000004707a8>] __warn+0xa8/0x120
[    0.568686] [<0000000000c1ff2c>] warn_slowpath_fmt+0x64/0x74
[    0.568693] [<00000000004e743c>] check_flags+0x9c/0x2c0
[    0.568702] [<0000000000c25e48>] lock_is_held_type+0x128/0x180
[    0.568713] [<0000000000508034>] rcu_read_lock_sched_held+0x54/0xa0
[    0.568721] [<00000000004ec6e8>] lock_acquire+0x128/0x4e0
[    0.568731] [<0000000000c2f7d0>] _raw_spin_lock+0x30/0x60
[    0.568742] [<00000000009bfd5c>] p1275_cmd_direct+0x1c/0x60
[    0.568749] [<00000000009bfc30>] prom_startcpu_cpuid+0x30/0x40
[    0.568757] [<00000000004414a4>] __cpu_up+0x184/0x3a0
[    0.568765] [<0000000000472320>] bringup_cpu+0x20/0x120
[    0.568772] [<0000000000471b2c>] cpuhp_invoke_callback+0xec/0x340
[    0.568779] [<00000000004731b4>] cpu_up+0x154/0x220
[    0.568786] [<0000000000473a40>] bringup_nonboot_cpus+0x60/0xa0
[    0.568799] [<0000000000fdc2f4>] smp_init+0x28/0xa0
[    0.568811] [<0000000000fcd3b4>] kernel_init_freeable+0x18c/0x300
[    0.568818] irq event stamp: 5135
[    0.568825] hardirqs last  enabled at (5135): [<0000000000c2fbe8>] _raw_spin_unlock_irqrestore+0x28/0x60
[    0.568834] hardirqs last disabled at (5134): [<0000000000c2f9a0>] _raw_spin_lock_irqsave+0x20/0x80
[    0.568845] softirqs last  enabled at (1500): [<0000000000c326f0>] __do_softirq+0x4f0/0x580
[    0.568856] softirqs last disabled at (1493): [<000000000042c1f4>] do_softirq_own_stack+0x34/0x60
[    0.568868] random: get_random_bytes called from __warn+0xc8/0x120 with crng_init=0
[    0.568873] ---[ end trace b8ce705b4d9468c6 ]---
[    0.568884] possible reason: unannotated irqs-off.
[    0.568890] irq event stamp: 5135
[    0.568896] hardirqs last  enabled at (5135): [<0000000000c2fbe8>] _raw_spin_unlock_irqrestore+0x28/0x60
[    0.568905] hardirqs last disabled at (5134): [<0000000000c2f9a0>] _raw_spin_lock_irqsave+0x20/0x80
[    0.568915] softirqs last  enabled at (1500): [<0000000000c326f0>] __do_softirq+0x4f0/0x580
[    0.568924] softirqs last disabled at (1493): [<000000000042c1f4>] do_softirq_own_stack+0x34/0x60
[    0.584964] smp: Brought up 1 node, 32 CPUs
[    0.587360] devtmpfs: initialized
[    0.588798] Performance events: 
[    0.588827] Testing NMI watchdog ... 
[    0.788882] OK.
[    0.788925] Supported PMU type is 'niagara5'
[    0.789401] ldc.c:v1.1 (July 22, 2008)
[    0.790522] clocksource: jiffies: mask: 0xffffffff max_cycles: 0xffffffff, max_idle_ns: 19112604462750000 ns
[    0.790555] futex hash table entries: 32768 (order: 9, 4194304 bytes, linear)
[    0.792970] NET: Registered protocol family 16
[    0.796702] VIO: Adding device channel-devices (tx_ino = ffffffffffffffff, rx_ino = ffffffffffffffff)
[    0.796769] VIO: Adding device vnet-port-0-0 (tx_ino = 0, rx_ino = 1)
[    0.796824] VIO: Adding device vnet-port-0-1 (tx_ino = 2, rx_ino = 3)
[    0.796877] VIO: Adding device vnet-port-0-2 (tx_ino = 4, rx_ino = 5)
[    0.796933] VIO: Adding device vnet-port-0-3 (tx_ino = 6, rx_ino = 7)
[    0.796989] VIO: Adding device vnet-port-0-4 (tx_ino = 8, rx_ino = 9)
[    0.797041] VIO: Adding device vnet-port-0-5 (tx_ino = a, rx_ino = b)
[    0.797097] VIO: Adding device vdc-port-2-0 (tx_ino = c, rx_ino = d)
[    0.797149] VIO: Adding device vdc-port-1-0 (tx_ino = e, rx_ino = f)
[    0.797200] VIO: Adding device vdc-port-0-0 (tx_ino = 10, rx_ino = 11)
[    0.797255] VIO: Adding device vdc-port-3-0 (tx_ino = 12, rx_ino = 13)
[    0.797307] VIO: Adding device vlds-port-0-0 (tx_ino = 14, rx_ino = 15)
[    0.797361] VIO: Adding device domain-services-port-0 (tx_ino = 14, rx_ino = 15)
[    0.797465] audit: initializing netlink subsys (disabled)
[    0.797630] audit: type=2000 audit(0.390:1): state=initialized audit_enabled=0 res=1
[    0.808798] HugeTLB registered 64.0 KiB page size, pre-allocated 0 pages
[    0.808809] HugeTLB registered 8.00 MiB page size, pre-allocated 0 pages
[    0.808818] HugeTLB registered 256 MiB page size, pre-allocated 0 pages
[    0.808826] HugeTLB registered 2.00 GiB page size, pre-allocated 0 pages
[    0.809739] alg: extra crypto tests enabled.  This is intended for developer use only.
[    0.830168] cryptd: max_cpu_qlen set to 1000
[    0.893597] vgaarb: loaded
[    0.894127] NetLabel: Initializing
[    0.894135] NetLabel:  domain hash size = 128
[    0.894142] NetLabel:  protocols = UNLABELED CIPSOv4 CALIPSO
[    0.894184] NetLabel:  unlabeled traffic allowed by default
[    0.894705] SUN4V: Reboot data supported (maj=1,min=0).
[    0.894858] ds.c:v1.0 (Jul 11, 2007)
[    0.895027] ds-0: ds_conn_reset() from send_events
[    0.895195] clocksource: Switched to clocksource stick
[    0.977021] VFS: Disk quotas dquot_6.6.0
[    0.977106] VFS: Dquot-cache hash table entries: 1024 (order 0, 8192 bytes)
[    0.977880] AppArmor: AppArmor Filesystem Enabled
[    0.982755] NET: Registered protocol family 2
[    0.983702] tcp_listen_portaddr_hash hash table entries: 32768 (order: 8, 2621440 bytes, linear)
[    0.984924] TCP established hash table entries: 524288 (order: 9, 4194304 bytes, linear)
[    0.987101] TCP bind hash table entries: 65536 (order: 9, 4718592 bytes, linear)
[    0.989275] TCP: Hash tables configured (established 524288 bind 65536)
[    0.990283] UDP hash table entries: 32768 (order: 9, 5242880 bytes, linear)
[    0.992972] UDP-Lite hash table entries: 32768 (order: 9, 5242880 bytes, linear)
[    0.996658] NET: Registered protocol family 1
[    0.996683] NET: Registered protocol family 44
[    0.996710] PCI: CLS 0 bytes, default 64
[    0.996905] Trying to unpack rootfs image as initramfs...
[    1.135644] Freeing initrd memory: 14840K
[    1.135976] aes_sparc64: Using sparc64 aes opcodes optimized AES implementation
[    1.370187] des_sparc64: Using sparc64 des opcodes optimized DES implementation
[    1.797230] camellia_sparc64: Using sparc64 camellia opcodes optimized CAMELLIA implementation
[    1.947511] workingset: timestamp_bits=41 max_order=23 bucket_order=0
[    1.953023] zbud: loaded
[    1.955447] SGI XFS with ACLs, security attributes, quota, fatal assert, debug enabled
[    1.980653] Block layer SCSI generic (bsg) driver version 0.4 loaded (major 252)
[    1.981109] io scheduler mq-deadline registered
[    1.982714] f029b788: ttyHV0 at I/O 0x0 (irq = 1, base_baud = 115200) is a SUN4V HCONS
[    1.983142] printk: console [ttyHV0] enabled
[    1.984930] sunvdc.c:v1.2 (November 24, 2014)
[    1.988169] sunvdc: Virtual Hard disk vdiskc
[    1.988180] sunvdc: vdiskc: 104857600 sectors (51200 MB) protocol 1.2
[    1.998082] sunvdc: Virtual Hard disk vdiskb
[    1.998095] sunvdc: vdiskb: 62914560 sectors (30720 MB) protocol 1.2
[    1.998951]  vdiskb: vdiskb1
[    2.008246] sunvdc: Virtual Hard disk vdiska
[    2.008258] sunvdc: vdiska: 31457280 sectors (15360 MB) protocol 1.2
[    2.008909]  vdiska: vdiska1 vdiska2 vdiska3 vdiska4
[    2.018827] sunvdc: Virtual CDROM vdiskd
[    2.018842] sunvdc: vdiskd: 453848 sectors (221 MB) protocol 1.2
[    2.019454]  vdiskd: vdiskd1 vdiskd2 vdiskd3 vdiskd4 vdiskd5 vdiskd6 vdiskd7
[    2.026844] sunvnet: sunvnet 2.0 (February 3, 2017)
[    2.027855] vnet_port vnet-port-0-0 eth0: Sun LDOM vnet 00:14:4f:f8:12:a3
[    2.027939] sunvnet: eth0: PORT ( remote-mac 00:14:4f:fa:f3:f0 switch-port )
[    2.028349] sunvnet: eth0: PORT ( remote-mac 00:14:4f:f8:e5:f3 )
[    2.028779] sunvnet: eth0: PORT ( remote-mac 00:14:4f:f9:b4:97 )
[    2.029193] sunvnet: eth0: PORT ( remote-mac 00:14:4f:f8:3f:1e )
[    2.029599] sunvnet: eth0: PORT ( remote-mac 00:14:4f:f8:fe:47 )
[    2.030005] sunvnet: eth0: PORT ( remote-mac 00:14:4f:fb:b5:00 )
[    2.030767] rtc-sun4v rtc-sun4v: registered as rtc0
[    2.030824] rtc-sun4v rtc-sun4v: setting system clock to 2020-10-13T08:46:02 UTC (1602578762)
[    2.031000] sun4v_wdt: initialized (timeout=60s, nowayout=0)
[    2.031212] device-mapper: uevent: version 1.0.3
[    2.031695] device-mapper: ioctl: 4.42.0-ioctl (2020-02-27) initialised: dm-devel@redhat.com
[    2.032264] NET: Registered protocol family 17
[    2.032418] registered taskstats version 1
[    2.032734] zswap: loaded using pool lzo/zbud
[    2.033382] AppArmor: AppArmor sha1 policy hashing enabled
[    2.035426] This architecture does not have kernel memory protection.
[    2.035445] Run /init as init process
[    2.035453]   with arguments:
[    2.035460]     /init
[    2.035467]   with environment:
[    2.035474]     HOME=/
[    2.035480]     TERM=linux
[    2.035487]     BOOT_IMAGE=/vmlinux-5.9.0-00858-g865c50e1d279
[    2.265324] crc32c_sparc64: Using sparc64 crc32c opcode optimized CRC32C implementation
[    2.265391] random: lvm: uninitialized urandom read (4 bytes read)
[    2.297980] random: lvm: uninitialized urandom read (2 bytes read)
[    2.775176] raid6: int64x8  gen()  2157 MB/s
[    2.945186] raid6: int64x8  xor()  1521 MB/s
[    3.115189] raid6: int64x4  gen()  3395 MB/s
[    3.285180] raid6: int64x4  xor()  1462 MB/s
[    3.455177] raid6: int64x2  gen()  2901 MB/s
[    3.625176] raid6: int64x2  xor()  1110 MB/s
[    3.795185] raid6: int64x1  gen()  1420 MB/s
[    3.965198] raid6: int64x1  xor()   712 MB/s
[    3.965216] raid6: using algorithm int64x4 gen() 3395 MB/s
[    3.965225] raid6: .... xor() 1462 MB/s, rmw enabled
[    3.965234] raid6: using intx1 recovery algorithm
[    3.965727] async_tx: api initialized (async)
[    3.965972] xor: automatically using best checksumming function   Niagara   
[    4.024323] random: fast init done
[    4.137150] EXT4-fs (vdiska2): mounted filesystem with ordered data mode. Opts: (null)
[    4.429822] systemd[1]: Inserted module 'autofs4'
[    4.560225] NET: Registered protocol family 10
[    4.564100] Segment Routing with IPv6
[    4.600702] systemd[1]: systemd 246.6-1 running in system mode. (+PAM +AUDIT +SELINUX +IMA +APPARMOR +SMACK +SYSVINIT +UTMP +LIBCRYPTSETUP +GCRYPT +GNUTLS +ACL +XZ +LZ4 +ZSTD -SECCOMP +BLKID +ELFUTILS +KMOD +IDN2 -IDN +PCRE2 default-hierarchy=hybrid)
[    4.601127] systemd[1]: Detected architecture sparc64.
[    4.659257] systemd[1]: Set hostname to <ttip>.
[    4.722200] random: lvmconfig: uninitialized urandom read (4 bytes read)
[    4.975706] systemd[1]: Queued start job for default target Multi-User System.
[    4.976730] random: systemd: uninitialized urandom read (16 bytes read)
[    4.999836] systemd[1]: Created slice system-getty.slice.
[    5.000296] random: systemd: uninitialized urandom read (16 bytes read)
[    5.009161] systemd[1]: Created slice system-modprobe.slice.
[    5.017478] systemd[1]: Created slice system-openvpn\x2dclient.slice.
[    5.036364] systemd[1]: Created slice system-postfix.slice.
[    5.044988] systemd[1]: Created slice system-systemd\x2dfsck.slice.
[    5.053685] systemd[1]: Created slice User and Session Slice.
[    5.054256] systemd[1]: Started Dispatch Password Requests to Console Directory Watch.
[    5.054641] systemd[1]: Started Forward Password Requests to Wall Directory Watch.
[    5.055986] systemd[1]: Set up automount Arbitrary Executable File Formats File System Automount Point.
[    5.056295] systemd[1]: Reached target Local Encrypted Volumes.
[    5.056583] systemd[1]: Reached target Paths.
[    5.056846] systemd[1]: Reached target Slices.
[    5.057327] systemd[1]: Listening on Device-mapper event daemon FIFOs.
[    5.057901] systemd[1]: Listening on LVM2 poll daemon socket.
[    5.080594] systemd[1]: Listening on RPCbind Server Activation Socket.
[    5.081389] systemd[1]: Listening on Syslog Socket.
[    5.081939] systemd[1]: Listening on fsck to fsckd communication Socket.
[    5.082307] systemd[1]: Listening on initctl Compatibility Named Pipe.
[    5.082995] systemd[1]: Listening on Journal Audit Socket.
[    5.083481] systemd[1]: Listening on Journal Socket (/dev/log).
[    5.084070] systemd[1]: Listening on Journal Socket.
[    5.084651] systemd[1]: Listening on udev Control Socket.
[    5.085103] systemd[1]: Listening on udev Kernel Socket.
[    5.095775] systemd[1]: Mounting Huge Pages File System...
[    5.106622] systemd[1]: Mounting POSIX Message Queue File System...
[    5.130566] systemd[1]: Mounting RPC Pipe File System...
[    5.141660] systemd[1]: Mounting Kernel Debug File System...
[    5.152928] systemd[1]: Mounting Kernel Trace File System...
[    5.153434] systemd[1]: Condition check resulted in Kernel Module supporting RPCSEC_GSS being skipped.
[    5.154001] systemd[1]: Finished Availability of block devices.
[    5.164767] systemd[1]: Starting Wait for network to be configured by ifupdown...
[    5.176138] systemd[1]: Starting Create list of static device nodes for the current kernel...
[    5.186846] systemd[1]: Starting Monitoring of LVM2 mirrors, snapshots etc. using dmeventd or progress polling...
[    5.195862] RPC: Registered named UNIX socket transport module.
[    5.195882] RPC: Registered udp transport module.
[    5.195891] RPC: Registered tcp transport module.
[    5.195900] RPC: Registered tcp NFSv4.1 backchannel transport module.
[    5.197492] systemd[1]: Starting Load Kernel Module drm...
[    5.208074] systemd[1]: Starting nftables...
[    5.210409] systemd[1]: Condition check resulted in Set Up Additional Binary Formats being skipped.
[    5.210533] systemd[1]: Condition check resulted in File System Check on Root Device being skipped.
[    5.222649] systemd[1]: Starting Journal Service...
[    5.234750] systemd[1]: Starting Load Kernel Modules...
[    5.246879] systemd[1]: Starting Remount Root and Kernel File Systems...
[    5.261136] systemd[1]: Starting Coldplug All udev Devices...
[    5.269011] systemd[1]: Mounted Huge Pages File System.
[    5.270174] systemd[1]: Mounted POSIX Message Queue File System.
[    5.271142] systemd[1]: Mounted RPC Pipe File System.
[    5.272070] systemd[1]: Mounted Kernel Debug File System.
[    5.272927] systemd[1]: Mounted Kernel Trace File System.
[    5.275916] systemd[1]: Finished Wait for network to be configured by ifupdown.
[    5.279099] systemd[1]: Finished Create list of static device nodes for the current kernel.
[    5.280636] systemd[1]: modprobe@drm.service: Succeeded.
[    5.282688] systemd[1]: Finished Load Kernel Module drm.
[    5.285856] systemd[1]: Finished Load Kernel Modules.
[    5.292019] EXT4-fs (vdiska2): re-mounted. Opts: errors=remount-ro
[    5.293921] ------------[ cut here ]------------
[    5.293955] WARNING: CPU: 5 PID: 501 at net/netfilter/nf_tables_api.c:622 nft_chain_parse_hook+0x7c/0x360 [nf_tables]
[    5.293973] Modules linked in: nf_tables nfnetlink sunrpc ip_tables x_tables ipv6 crc_ccitt autofs4 ext4 crc16 mbcache jbd2 raid10 raid456 async_raid6_recov async_memcpy async_pq async_xor xor async_tx raid6_pq raid1 raid0 multipath linear md_mod crc32c_sparc64
[    5.294042] CPU: 5 PID: 501 Comm: nft Tainted: G        W         5.9.0-00858-g865c50e1d279 #87
[    5.294055] Call Trace:
[    5.294072] [<00000000004707a8>] __warn+0xa8/0x120
[    5.294086] [<0000000000c1fefc>] warn_slowpath_fmt+0x34/0x74
[    5.294103] [<00000000100c79fc>] nft_chain_parse_hook+0x7c/0x360 [nf_tables]
[    5.294123] [<00000000100caca8>] nf_tables_addchain.constprop.0+0x48/0x5a0 [nf_tables]
[    5.294141] [<00000000100cb908>] nf_tables_newchain+0x708/0x820 [nf_tables]
[    5.294156] [<00000000100b49c4>] nfnetlink_rcv_batch+0x4a4/0x780 [nfnetlink]
[    5.294168] [<00000000100b4db0>] nfnetlink_rcv+0x110/0x140 [nfnetlink]
[    5.294185] [<0000000000b2e750>] netlink_unicast+0x150/0x2a0
[    5.294196] [<0000000000b2f6bc>] netlink_sendmsg+0x3dc/0x460
[    5.294218] [<0000000000a9a6b4>] sock_sendmsg+0x34/0x80
[    5.294228] [<0000000000a9bd8c>] ____sys_sendmsg+0x1ac/0x220
[    5.294240] [<0000000000a9de28>] ___sys_sendmsg+0x48/0x80
[    5.294250] [<0000000000a9df08>] __sys_sendmsg+0x48/0x80
[    5.294259] [<0000000000a9df58>] sys_sendmsg+0x18/0x40
[    5.294276] [<00000000004062b4>] linux_sparc_syscall+0x34/0x44
[    5.294285] irq event stamp: 0
[    5.294295] hardirqs last  enabled at (0): [<0000000000000000>] 0x0
[    5.294307] hardirqs last disabled at (0): [<000000000046e3d4>] copy_process+0x734/0x1860
[    5.294320] softirqs last  enabled at (0): [<000000000046e3d4>] copy_process+0x734/0x1860
[    5.294332] softirqs last disabled at (0): [<0000000000000000>] 0x0
[    5.294344] ---[ end trace b8ce705b4d9468c8 ]---
[    5.294930] systemd[1]: Condition check resulted in FUSE Control File System being skipped.
[    5.295291] systemd[1]: Condition check resulted in Kernel Configuration File System being skipped.
[    5.330698] systemd[1]: Starting Apply Kernel Variables...
[    5.333897] systemd[1]: Started Journal Service.
[    5.842480] sha1_sparc64: Using sparc64 sha1 opcode optimized SHA-1 implementation
[    5.888157] n2rng v0.3 (Jan 7, 2017)
[    5.888193] n2rng f029b104: Registered RNG HVAPI major 2 minor 0
[    5.888206] n2rng f029b104: Found multi-unit-capable RNG, units: 2
[    5.888508] n2rng f029b104: RNG ready
[    5.910564] pktcdvd: setup of pktcdvd device failed
[    5.934964] pktcdvd: setup of pktcdvd device failed
[    5.937369] pktcdvd: setup of pktcdvd device failed
[    5.939801] pktcdvd: setup of pktcdvd device failed
[    5.942508] pktcdvd: setup of pktcdvd device failed
[    5.944752] pktcdvd: setup of pktcdvd device failed
[    5.947557] pktcdvd: setup of pktcdvd device failed
[    5.950184] pktcdvd: setup of pktcdvd device failed
[    6.010387] XFS (dm-0): Mounting V5 Filesystem
[    6.020711] sha256_sparc64: Using sparc64 sha256 opcode optimized SHA-256/SHA-224 implementation
[    6.024620] XFS (dm-0): Ending clean mount
[    6.025356] Adding 787176k swap on /dev/vdiska4.  Priority:-2 extents:1 across:787176k FS
[    6.026706] xfs filesystem being mounted at /1 supports timestamps until 2038 (0x7fffffff)
[    6.079567] EXT4-fs (vdiska1): mounting ext3 file system using the ext4 subsystem
[    6.087433] EXT4-fs (vdiska1): mounted filesystem with ordered data mode. Opts: (null)
[    6.087541] ext3 filesystem being mounted at /boot supports timestamps until 2038 (0x7fffffff)
[    6.141890] sha512_sparc64: Using sparc64 sha512 opcode optimized SHA-512/SHA-384 implementation
[    6.160504] md5_sparc64: Using sparc64 md5 opcode optimized MD5 implementation
[    6.180938] Kernel unaligned access at TPC[8da97c] aa_dfa_unpack+0x3c/0x640
[    6.180966] Kernel unaligned access at TPC[8da990] aa_dfa_unpack+0x50/0x640
[    6.180979] Kernel unaligned access at TPC[8daa54] aa_dfa_unpack+0x114/0x640
[    6.180993] Kernel unaligned access at TPC[8dab24] aa_dfa_unpack+0x1e4/0x640
[    6.181006] Kernel unaligned access at TPC[8dab38] aa_dfa_unpack+0x1f8/0x640
[    6.184048] audit: type=1400 audit(1602578766.640:2): apparmor="STATUS" operation="profile_load" profile="unconfined" name="lsb_release" pid=671 comm="apparmor_parser"
[    6.184647] audit: type=1400 audit(1602578766.640:3): apparmor="STATUS" operation="profile_load" profile="unconfined" name="/usr/sbin/haveged" pid=664 comm="apparmor_parser"
[    6.188068] audit: type=1400 audit(1602578766.650:4): apparmor="STATUS" operation="profile_load" profile="unconfined" name="nvidia_modprobe" pid=666 comm="apparmor_parser"
[    6.188105] audit: type=1400 audit(1602578766.650:5): apparmor="STATUS" operation="profile_load" profile="unconfined" name="nvidia_modprobe//kmod" pid=666 comm="apparmor_parser"
[    6.189829] audit: type=1400 audit(1602578766.650:6): apparmor="STATUS" operation="profile_load" profile="unconfined" name="named" pid=670 comm="apparmor_parser"
[    6.194499] audit: type=1400 audit(1602578766.650:7): apparmor="STATUS" operation="profile_load" profile="unconfined" name="tcpdump" pid=669 comm="apparmor_parser"
[    6.199703] audit: type=1400 audit(1602578766.660:8): apparmor="STATUS" operation="profile_load" profile="unconfined" name="/usr/bin/man" pid=668 comm="apparmor_parser"
[    6.199739] audit: type=1400 audit(1602578766.660:9): apparmor="STATUS" operation="profile_load" profile="unconfined" name="man_filter" pid=668 comm="apparmor_parser"
[    6.199766] audit: type=1400 audit(1602578766.660:10): apparmor="STATUS" operation="profile_load" profile="unconfined" name="man_groff" pid=668 comm="apparmor_parser"
[    6.584519] random: crng init done
[    6.584547] random: 5 urandom warning(s) missed due to ratelimiting
