[    0.000019] PROMLIB: Sun IEEE Boot Prom 'OBP 4.38.12 2018/03/28 14:54'
[    0.000031] PROMLIB: Root node compatible: sun4v
[    0.000080] Linux version 5.8.0-rc4-00128-g42f82040ee66-dirty (mator@ttip) (gcc (Debian 9.3.0-14) 9.3.0, GNU ld (GNU Binutils for Debian) 2.34.90.20200706) #9 SMP Fri Jul 10 15:58:58 MSK 2020
[    0.000427] printk: bootconsole [earlyprom0] enabled
[    0.000480] ARCH: SUN4V
[    0.000530] Ethernet address: 00:14:4f:fa:06:f2
[    0.000583] MM: PAGE_OFFSET is 0xfff8000000000000 (max_phys_bits == 47)
[    0.000649] MM: VMALLOC [0x0000000100000000 --> 0x0006000000000000]
[    0.000712] MM: VMEMMAP [0x0006000000000000 --> 0x000c000000000000]
[    0.012281] Kernel: Using 5 locked TLB entries for main kernel image.
[    0.012351] Remapping the kernel... 
[    0.012375] done.
[    0.045306] OF stdout device is: /virtual-devices@100/console@1
[    0.045372] PROM: Built device tree with 86758 bytes of memory.
[    0.045434] MDESC: Size is 36512 bytes.
[    0.045550] PLATFORM: banner-name [SPARC T5-2]
[    0.045602] PLATFORM: name [ORCL,SPARC-T5-2]
[    0.045649] PLATFORM: hostid [84fa06f2]
[    0.045692] PLATFORM: serial# [0035260e]
[    0.045736] PLATFORM: stick-frequency [3b9aca00]
[    0.045785] PLATFORM: mac-address [144ffa06f2]
[    0.045833] PLATFORM: watchdog-resolution [1000 ms]
[    0.045884] PLATFORM: watchdog-max-timeout [31536000000 ms]
[    0.045941] PLATFORM: max-cpus [1024]
[    0.050726] Allocated 40960 bytes for kernel page tables.
[    0.050815] Zone ranges:
[    0.050856]   Normal   [mem 0x0000000030400000-0x00000024af937fff]
[    0.050920] Movable zone start for each node
[    0.050966] Early memory node ranges
[    0.051007]   node   0: [mem 0x0000000030400000-0x000000006fe7ffff]
[    0.051073]   node   0: [mem 0x000000006ff00000-0x000000006ff25fff]
[    0.051135]   node   0: [mem 0x0000000070000000-0x000000042fffffff]
[    0.051197]   node   0: [mem 0x0000002030000000-0x00000024af87ffff]
[    0.051258]   node   0: [mem 0x00000024af900000-0x00000024af925fff]
[    0.051322]   node   0: [mem 0x00000024af930000-0x00000024af937fff]
[    0.065714] Zeroed struct page in unavailable ranges: 263766 pages
[    0.065723] Initmem setup node 0 [mem 0x0000000030400000-0x00000024af937fff]
[    0.065882] On node 0 totalpages: 4454826
[    0.065893]   Normal zone: 39154 pages used for memmap
[    0.065899]   Normal zone: 0 pages reserved
[    0.065905]   Normal zone: 4454826 pages, LIFO batch:31
[    0.224823] Booting Linux...
[    0.224911] CPU CAPS: [flush,stbar,swap,muldiv,v9,blkinit,n2,mul32]
[    0.224994] CPU CAPS: [div32,v8plus,popc,vis,vis2,ASIBlkInit,fmaf,vis3]
[    0.225072] CPU CAPS: [hpc,ima,pause,cbcond,aes,des,kasumi,camellia]
[    0.225147] CPU CAPS: [md5,sha1,sha256,sha512,mpmul,montmul,montsqr,crc32c]
[    0.254955] percpu: Embedded 28 pages/cpu s184528 r8192 d36656 u262144
[    0.255189] pcpu-alloc: s184528 r8192 d36656 u262144 alloc=1*4194304
[    0.255196] pcpu-alloc: [0] 000 001 002 003 004 005 006 007 008 009 010 011 012 013 014 015 
[    0.255224] pcpu-alloc: [0] 016 017 018 019 020 021 022 023 024 025 026 027 028 029 030 031 
[    0.255252] pcpu-alloc: [0] 032 033 034 035 036 037 038 039 040 041 042 043 044 045 046 047 
[    0.255280] pcpu-alloc: [0] 048 049 050 051 052 053 054 055 056 057 058 059 060 061 062 063 
[    0.255307] pcpu-alloc: [0] 064 065 066 067 068 069 070 071 072 073 074 075 076 077 078 079 
[    0.255335] pcpu-alloc: [0] 080 081 082 083 084 085 086 087 088 089 090 091 092 093 094 095 
[    0.255362] pcpu-alloc: [0] 096 097 098 099 100 101 102 103 104 105 106 107 108 109 110 111 
[    0.255389] pcpu-alloc: [0] 112 113 114 115 116 117 118 119 120 121 122 123 124 125 126 127 
[    0.255829] SUN4V: Mondo queue sizes [cpu(131072) dev(16384) r(8192) nr(256)]
[    0.256205] Built 1 zonelists, mobility grouping on.  Total pages: 4415672
[    0.256274] Policy zone: Normal
[    0.256334] Kernel command line: BOOT_IMAGE=/vmlinux-5.8.0-rc4-00128-g42f82040ee66-dirty root=/dev/vdiska2 ro zswap.enabled=1
[    0.259175] printk: log_buf_len individual max cpu contribution: 4096 bytes
[    0.259246] printk: log_buf_len total cpu_extra contributions: 520192 bytes
[    0.259313] printk: log_buf_len min size: 131072 bytes
[    0.259582] printk: log_buf_len: 1048576 bytes
[    0.259633] printk: early log buf free: 126664(96%)
[    0.265950] Dentry cache hash table entries: 8388608 (order: 13, 67108864 bytes, linear)
[    0.269183] Inode-cache hash table entries: 4194304 (order: 12, 33554432 bytes, linear)
[    0.269262] Sorting __ex_table...
[    0.269506] mem auto-init: stack:off, heap alloc:off, heap free:off
[    0.373814] Memory: 35128016K/35638608K available (7972K kernel code, 1083K rwdata, 2368K rodata, 664K init, 6851K bss, 510592K reserved, 0K cma-reserved)
[    0.374512] SLUB: HWalign=32, Order=0-3, MinObjects=0, CPUs=128, Nodes=32
[    0.374821] ftrace: allocating 22358 entries in 44 pages
[    0.383544] ftrace: allocated 44 pages with 3 groups
[    0.386473] Running RCU self tests
[    0.386563] rcu: Hierarchical RCU implementation.
[    0.386616] rcu: 	RCU event tracing is enabled.
[    0.386665] rcu: 	RCU lockdep checking is enabled.
[    0.386717] 	Trampoline variant of Tasks RCU enabled.
[    0.386769] 	Rude variant of Tasks RCU enabled.
[    0.386817] 	Tracing variant of Tasks RCU enabled.
[    0.386868] rcu: RCU calculated value of scheduler-enlistment delay is 10 jiffies.
[    0.391322] NR_IRQS: 2048, nr_irqs: 2048, preallocated irqs: 1
[    0.391400] SUN4V: Using IRQ API major 3, cookie only virqs enabled
[    0.393965] clocksource: stick: mask: 0xffffffffffffffff max_cycles: 0x1cd42e4dffb, max_idle_ns: 881590591483 ns
[    0.394100] clocksource: mult[800000] shift[23]
[    0.394150] clockevent: mult[80000000] shift[31]
[    0.394552] Console: colour dummy device 80x25
[    0.394617] printk: console [tty0] enabled
[    0.394695] printk: bootconsole [earlyprom0] disabled
[    0.394783] Lock dependency validator: Copyright (c) 2006 Red Hat, Inc., Ingo Molnar
[    0.394836] ... MAX_LOCKDEP_SUBCLASSES:  8
[    0.394868] ... MAX_LOCK_DEPTH:          48
[    0.394900] ... MAX_LOCKDEP_KEYS:        8192
[    0.394933] ... CLASSHASH_SIZE:          4096
[    0.394967] ... MAX_LOCKDEP_ENTRIES:     16384
[    0.395000] ... MAX_LOCKDEP_CHAINS:      32768
[    0.395034] ... CHAINHASH_SIZE:          16384
[    0.395067]  memory used by lock dependency info: 3919 kB
[    0.395106]  memory used for stack traces: 2112 kB
[    0.395142]  per task-struct memory footprint: 1920 bytes
[    0.544375] Calibrating delay using timer specific routine.. 2003.93 BogoMIPS (lpj=10019668)
[    0.544436] pid_max: default: 131072 minimum: 1024
[    0.544749] LSM: Security Framework initializing
[    0.544912] AppArmor: AppArmor initialized
[    0.545211] Mount-cache hash table entries: 131072 (order: 7, 1048576 bytes, linear)
[    0.545381] Mountpoint-cache hash table entries: 131072 (order: 7, 1048576 bytes, linear)
[    0.550759] rcu: Hierarchical SRCU implementation.
[    0.559521] smp: Bringing up secondary CPUs ...
[    0.605390] smp: Brought up 1 node, 32 CPUs
[    0.611066] devtmpfs: initialized
[    0.616192] Performance events: 
[    0.616225] Testing NMI watchdog ... 
[    0.816302] OK.
[    0.816461] Supported PMU type is 'niagara5'
[    0.816660] random: get_random_u32 called from bucket_table_alloc.isra.0+0x198/0x1c0 with crng_init=0
[    0.817186] ldc.c:v1.1 (July 22, 2008)
[    0.819794] clocksource: jiffies: mask: 0xffffffff max_cycles: 0xffffffff, max_idle_ns: 19112604462750000 ns
[    0.819890] futex hash table entries: 32768 (order: 9, 4194304 bytes, linear)
[    0.825321] NET: Registered protocol family 16
[    0.834594] VIO: Adding device channel-devices (tx_ino = ffffffffffffffff, rx_ino = ffffffffffffffff)
[    0.834819] VIO: Adding device vnet-port-0-0 (tx_ino = 0, rx_ino = 1)
[    0.835035] VIO: Adding device vnet-port-0-1 (tx_ino = 2, rx_ino = 3)
[    0.835218] VIO: Adding device vnet-port-0-2 (tx_ino = 4, rx_ino = 5)
[    0.835439] VIO: Adding device vnet-port-0-3 (tx_ino = 6, rx_ino = 7)
[    0.835629] VIO: Adding device vnet-port-0-4 (tx_ino = 8, rx_ino = 9)
[    0.835811] VIO: Adding device vnet-port-0-5 (tx_ino = a, rx_ino = b)
[    0.835997] VIO: Adding device vdc-port-2-0 (tx_ino = c, rx_ino = d)
[    0.836177] VIO: Adding device vdc-port-1-0 (tx_ino = e, rx_ino = f)
[    0.836357] VIO: Adding device vdc-port-0-0 (tx_ino = 10, rx_ino = 11)
[    0.836578] VIO: Adding device vdc-port-3-0 (tx_ino = 12, rx_ino = 13)
[    0.836761] VIO: Adding device vlds-port-0-0 (tx_ino = 14, rx_ino = 15)
[    0.836944] VIO: Adding device domain-services-port-0 (tx_ino = 14, rx_ino = 15)
[    0.837254] audit: initializing netlink subsys (disabled)
[    0.837524] audit: type=2000 audit(0.440:1): state=initialized audit_enabled=0 res=1
[    0.867183] HugeTLB registered 64.0 KiB page size, pre-allocated 0 pages
[    0.867234] HugeTLB registered 8.00 MiB page size, pre-allocated 0 pages
[    0.867283] HugeTLB registered 256 MiB page size, pre-allocated 0 pages
[    0.867331] HugeTLB registered 2.00 GiB page size, pre-allocated 0 pages
[    0.870283] alg: extra crypto tests enabled.  This is intended for developer use only.
[    0.893362] cryptd: max_cpu_qlen set to 1000
[    0.996767] NetLabel: Initializing
[    0.996801] NetLabel:  domain hash size = 128
[    0.996837] NetLabel:  protocols = UNLABELED CIPSOv4 CALIPSO
[    0.996968] NetLabel:  unlabeled traffic allowed by default
[    0.997949] SUN4V: Reboot data supported (maj=1,min=0).
[    0.998353] ds.c:v1.0 (Jul 11, 2007)
[    0.998717] ds-0: ds_conn_reset() from send_events.isra.0
[    1.000196] clocksource: Switched to clocksource stick
[    1.209916] VFS: Disk quotas dquot_6.6.0
[    1.210064] VFS: Dquot-cache hash table entries: 1024 (order 0, 8192 bytes)
[    1.212376] AppArmor: AppArmor Filesystem Enabled
[    1.225873] NET: Registered protocol family 2
[    1.227614] tcp_listen_portaddr_hash hash table entries: 32768 (order: 8, 2621440 bytes, linear)
[    1.230598] TCP established hash table entries: 524288 (order: 9, 4194304 bytes, linear)
[    1.233067] TCP bind hash table entries: 65536 (order: 9, 4718592 bytes, linear)
[    1.238644] TCP: Hash tables configured (established 524288 bind 65536)
[    1.241271] UDP hash table entries: 32768 (order: 9, 5242880 bytes, linear)
[    1.247671] UDP-Lite hash table entries: 32768 (order: 9, 5242880 bytes, linear)
[    1.255772] NET: Registered protocol family 1
[    1.255836] NET: Registered protocol family 44
[    1.256489] Trying to unpack rootfs image as initramfs...
[    1.458522] Freeing initrd memory: 14872K
[    1.459506] aes_sparc64: Using sparc64 aes opcodes optimized AES implementation
[    1.712400] des_sparc64: Using sparc64 des opcodes optimized DES implementation
[    2.170337] camellia_sparc64: Using sparc64 camellia opcodes optimized CAMELLIA implementation
[    2.339649] workingset: timestamp_bits=41 max_order=23 bucket_order=0
[    2.361105] zbud: loaded
[    2.363844] SGI XFS with ACLs, security attributes, quota, fatal assert, debug enabled
[    2.391604] Block layer SCSI generic (bsg) driver version 0.4 loaded (major 252)
[    2.392559] io scheduler mq-deadline registered
[    2.395441] f029b788: ttyHV0 at I/O 0x0 (irq = 1, base_baud = 115200) is a SUN4V HCONS
[    2.396434] printk: console [ttyHV0] enabled
[    2.400887] sunvdc.c:v1.2 (November 24, 2014)
[    2.404190] sunvdc: Virtual Hard disk vdiskc
[    2.404232] sunvdc: vdiskc: 104857600 sectors (51200 MB) protocol 1.2
[    2.427494] sunvdc: Virtual Hard disk vdiskb
[    2.427538] sunvdc: vdiskb: 62914560 sectors (30720 MB) protocol 1.2
[    2.428997]  vdiskb: vdiskb1
[    2.450667] sunvdc: Virtual Hard disk vdiska
[    2.450709] sunvdc: vdiska: 31457280 sectors (15360 MB) protocol 1.2
[    2.451775]  vdiska: vdiska1 vdiska2 vdiska3 vdiska4
[    2.474676] sunvdc: Virtual CDROM vdiskd
[    2.474722] sunvdc: vdiskd: 453848 sectors (221 MB) protocol 1.2
[    2.475825]  vdiskd: vdiskd1 vdiskd2 vdiskd3 vdiskd4 vdiskd5 vdiskd6 vdiskd7
[    2.496651] sunvnet: sunvnet 2.0 (February 3, 2017)
[    2.499354] vnet_port vnet-port-0-0 eth0: Sun LDOM vnet 00:14:4f:f8:12:a3
[    2.499581] sunvnet: eth0: PORT ( remote-mac 00:14:4f:fa:f3:f0 switch-port )
[    2.500279] sunvnet: eth0: PORT ( remote-mac 00:14:4f:f8:e5:f3 )
[    2.500928] sunvnet: eth0: PORT ( remote-mac 00:14:4f:f9:b4:97 )
[    2.501578] sunvnet: eth0: PORT ( remote-mac 00:14:4f:f8:3f:1e )
[    2.502211] sunvnet: eth0: PORT ( remote-mac 00:14:4f:f8:fe:47 )
[    2.502853] sunvnet: eth0: PORT ( remote-mac 00:14:4f:fb:b5:00 )
[    2.504120] rtc-sun4v rtc-sun4v: registered as rtc0
[    2.504268] rtc-sun4v rtc-sun4v: setting system clock to 2020-07-10T13:07:14 UTC (1594386434)
[    2.504867] sun4v_wdt: initialized (timeout=60s, nowayout=0)
[    2.505258] device-mapper: uevent: version 1.0.3
[    2.506276] device-mapper: ioctl: 4.42.0-ioctl (2020-02-27) initialised: dm-devel@redhat.com
[    2.507309] NET: Registered protocol family 17
[    2.507699] registered taskstats version 1
[    2.508740] zswap: loaded using pool lzo/zbud
[    2.510354] AppArmor: AppArmor sha1 policy hashing enabled
[    2.515680] This architecture does not have kernel memory protection.
[    2.515740] Run /init as init process
[    2.515774]   with arguments:
[    2.515781]     /init
[    2.515788]   with environment:
[    2.515794]     HOME=/
[    2.515801]     TERM=linux
[    2.515808]     BOOT_IMAGE=/vmlinux-5.8.0-rc4-00128-g42f82040ee66-dirty
[    3.016536] crc32c_sparc64: Using sparc64 crc32c opcode optimized CRC32C implementation
[    3.117464] random: fast init done
[    3.570142] raid6: int64x8  gen()  2165 MB/s
[    3.740142] raid6: int64x8  xor()  1538 MB/s
[    3.910141] raid6: int64x4  gen()  3430 MB/s
[    4.080139] raid6: int64x4  xor()  1480 MB/s
[    4.250134] raid6: int64x2  gen()  2794 MB/s
[    4.420130] raid6: int64x2  xor()  1169 MB/s
[    4.590152] raid6: int64x1  gen()  1384 MB/s
[    4.760128] raid6: int64x1  xor()   670 MB/s
[    4.760174] raid6: using algorithm int64x4 gen() 3430 MB/s
[    4.760217] raid6: .... xor() 1480 MB/s, rmw enabled
[    4.760258] raid6: using intx1 recovery algorithm
[    4.761178] async_tx: api initialized (async)
[    4.761699] xor: automatically using best checksumming function   Niagara   
[    4.965150] process '/usr/bin/fstype' started with executable stack
[    5.072780] EXT4-fs (vdiska2): mounted filesystem with ordered data mode. Opts: (null)
[    8.291000] systemd[1]: Inserted module 'autofs4'
[    8.345958] NET: Registered protocol family 10
[    8.352301] Segment Routing with IPv6
[    8.408442] systemd[1]: systemd 245.6-2 running in system mode. (+PAM +AUDIT +SELINUX +IMA +APPARMOR +SMACK +SYSVINIT +UTMP +LIBCRYPTSETUP +GCRYPT +GNUTLS +ACL +XZ +LZ4 -SECCOMP +BLKID +ELFUTILS +KMOD +IDN2 -IDN +PCRE2 default-hierarchy=hybrid)
[    8.409060] systemd[1]: Detected architecture sparc64.
[    8.473088] systemd[1]: Set hostname to <ttip>.
[   10.548517] random: lvmconfig: uninitialized urandom read (4 bytes read)
[   12.154827] random: systemd: uninitialized urandom read (16 bytes read)
[   12.199803] systemd[1]: Created slice system-getty.slice.
[   12.200578] random: systemd: uninitialized urandom read (16 bytes read)
[   12.210700] systemd[1]: Created slice system-modprobe.slice.
[   12.211143] random: systemd: uninitialized urandom read (16 bytes read)
[   12.221169] systemd[1]: Created slice system-openvpn\x2dclient.slice.
[   12.260702] systemd[1]: Created slice system-postfix.slice.
[   12.271477] systemd[1]: Created slice system-systemd\x2dfsck.slice.
[   12.281097] systemd[1]: Created slice User and Session Slice.
[   12.282265] systemd[1]: Started Dispatch Password Requests to Console Directory Watch.
[   12.283252] systemd[1]: Started Forward Password Requests to Wall Directory Watch.
[   12.286617] systemd[1]: Set up automount Arbitrary Executable File Formats File System Automount Point.
[   12.287204] systemd[1]: Reached target Local Encrypted Volumes.
[   12.287716] systemd[1]: Reached target Paths.
[   12.288176] systemd[1]: Reached target Remote File Systems.
[   12.288641] systemd[1]: Reached target Slices.
[   12.289587] systemd[1]: Listening on Device-mapper event daemon FIFOs.
[   12.290773] systemd[1]: Listening on LVM2 poll daemon socket.
[   12.291883] systemd[1]: Listening on Syslog Socket.
[   12.292899] systemd[1]: Listening on fsck to fsckd communication Socket.
[   12.293692] systemd[1]: Listening on initctl Compatibility Named Pipe.
[   12.294980] systemd[1]: Listening on Journal Audit Socket.
[   12.295987] systemd[1]: Listening on Journal Socket (/dev/log).
[   12.297183] systemd[1]: Listening on Journal Socket.
[   12.298288] systemd[1]: Listening on udev Control Socket.
[   12.299130] systemd[1]: Listening on udev Kernel Socket.
[   12.321947] systemd[1]: Mounting Huge Pages File System...
[   12.336578] systemd[1]: Mounting POSIX Message Queue File System...
[   12.352712] systemd[1]: Mounting Kernel Debug File System...
[   12.421954] systemd[1]: Mounting Kernel Trace File System...
[   12.436095] systemd[1]: Starting Availability of block devices...
[   12.452135] systemd[1]: Starting Wait for network to be configured by ifupdown...
[   12.468213] systemd[1]: Starting Create list of static device nodes for the current kernel...
[   12.483959] systemd[1]: Starting Monitoring of LVM2 mirrors, snapshots etc. using dmeventd or progress polling...
[   12.499181] systemd[1]: Starting Load Kernel Module drm...
[   12.513485] systemd[1]: Starting nftables...
[   12.542620] systemd[1]: Condition check resulted in Set Up Additional Binary Formats being skipped.
[   12.542849] systemd[1]: Condition check resulted in File System Check on Root Device being skipped.
[   12.562399] systemd[1]: Starting Journal Service...
[   12.578903] systemd[1]: Starting Load Kernel Modules...
[   12.595327] systemd[1]: Starting Remount Root and Kernel File Systems...
[   12.611301] systemd[1]: Starting udev Coldplug all Devices...
[   12.620393] systemd[1]: Mounted Huge Pages File System.
[   12.621931] systemd[1]: Mounted POSIX Message Queue File System.
[   12.623419] systemd[1]: Mounted Kernel Debug File System.
[   12.624928] systemd[1]: Mounted Kernel Trace File System.
[   12.633187] systemd[1]: Finished Availability of block devices.
[   12.640308] systemd[1]: Finished Wait for network to be configured by ifupdown.
[   12.646902] systemd[1]: Finished Create list of static device nodes for the current kernel.
[   12.649728] systemd[1]: modprobe@drm.service: Succeeded.
[   12.654339] systemd[1]: Finished Load Kernel Module drm.
[   12.694696] EXT4-fs (vdiska2): re-mounted. Opts: errors=remount-ro
[   12.705325] systemd[1]: Finished Load Kernel Modules.
[   12.711728] systemd[1]: Finished Remount Root and Kernel File Systems.
[   12.713265] systemd[1]: Condition check resulted in FUSE Control File System being skipped.
[   12.713639] systemd[1]: Condition check resulted in Kernel Configuration File System being skipped.
[   12.788040] systemd[1]: Starting Initial Check File System Quotas...
[   12.816855] systemd[1]: Condition check resulted in Rebuild Hardware Database being skipped.
[   12.817196] systemd[1]: Condition check resulted in Platform Persistent Storage Archival being skipped.
[   12.831485] systemd[1]: Starting Load/Save Random Seed...
[   12.847135] systemd[1]: Starting Apply Kernel Variables...
[   12.864518] systemd[1]: Starting Create System Users...
[   12.867095] systemd[1]: Started Journal Service.
[   12.945794] systemd-journald[498]: Received client request to flush runtime journal.
[   14.626440] sha1_sparc64: Using sparc64 sha1 opcode optimized SHA-1 implementation
[   14.754821] n2rng v0.3 (Jan 7, 2017)
[   14.754894] n2rng f029b104: Registered RNG HVAPI major 2 minor 0
[   14.754950] n2rng f029b104: Found multi-unit-capable RNG, units: 2
[   14.755710] n2rng f029b104: RNG ready
[   14.821281] sha256_sparc64: Using sparc64 sha256 opcode optimized SHA-256/SHA-224 implementation
[   14.981464] sha512_sparc64: Using sparc64 sha512 opcode optimized SHA-512/SHA-384 implementation
[   14.995028] md5_sparc64: Using sparc64 md5 opcode optimized MD5 implementation
[   15.002187] pktcdvd: setup of pktcdvd device failed
[   15.045681] pktcdvd: setup of pktcdvd device failed
[   15.049172] pktcdvd: setup of pktcdvd device failed
[   15.052648] pktcdvd: setup of pktcdvd device failed
[   15.055868] pktcdvd: setup of pktcdvd device failed
[   15.058984] pktcdvd: setup of pktcdvd device failed
[   15.061971] pktcdvd: setup of pktcdvd device failed
[   15.065130] pktcdvd: setup of pktcdvd device failed
[   15.801662] XFS (dm-0): Mounting V5 Filesystem
[   15.870281] Adding 787176k swap on /dev/vdiska4.  Priority:-2 extents:1 across:787176k FS
[   15.911990] XFS (dm-0): Ending clean mount
[   15.914708] xfs filesystem being mounted at /1 supports timestamps until 2038 (0x7fffffff)
[   16.298825] EXT4-fs (vdiska1): mounting ext3 file system using the ext4 subsystem
[   17.203659] EXT4-fs (vdiska1): mounted filesystem with ordered data mode. Opts: (null)
[   17.203853] ext3 filesystem being mounted at /boot supports timestamps until 2038 (0x7fffffff)
[   17.480703] random: crng init done
[   17.480835] random: 6 urandom warning(s) missed due to ratelimiting
[   21.747209] Kernel unaligned access at TPC[8c0c18] aa_dfa_unpack+0x38/0x640
[   21.747306] Kernel unaligned access at TPC[8c0c38] aa_dfa_unpack+0x58/0x640
[   21.747367] Kernel unaligned access at TPC[8c0cfc] aa_dfa_unpack+0x11c/0x640
[   21.747429] Kernel unaligned access at TPC[8c0dcc] aa_dfa_unpack+0x1ec/0x640
[   21.747489] Kernel unaligned access at TPC[8c0de0] aa_dfa_unpack+0x200/0x640
[   21.757485] audit: type=1400 audit(1594386453.740:2): apparmor="STATUS" operation="profile_load" profile="unconfined" name="nvidia_modprobe" pid=687 comm="apparmor_parser"
[   21.757613] audit: type=1400 audit(1594386453.740:3): apparmor="STATUS" operation="profile_load" profile="unconfined" name="nvidia_modprobe//kmod" pid=687 comm="apparmor_parser"
[   21.793853] audit: type=1400 audit(1594386453.780:4): apparmor="STATUS" operation="profile_load" profile="unconfined" name="/usr/sbin/haveged" pid=685 comm="apparmor_parser"
[   21.831421] audit: type=1400 audit(1594386453.820:5): apparmor="STATUS" operation="profile_load" profile="unconfined" name="lsb_release" pid=693 comm="apparmor_parser"
[   21.855090] audit: type=1400 audit(1594386453.840:6): apparmor="STATUS" operation="profile_load" profile="unconfined" name="/usr/bin/man" pid=688 comm="apparmor_parser"
[   21.855242] audit: type=1400 audit(1594386453.840:7): apparmor="STATUS" operation="profile_load" profile="unconfined" name="man_filter" pid=688 comm="apparmor_parser"
[   21.855390] audit: type=1400 audit(1594386453.840:8): apparmor="STATUS" operation="profile_load" profile="unconfined" name="man_groff" pid=688 comm="apparmor_parser"
