[    0.000020] PROMLIB: Sun IEEE Boot Prom 'OBP 4.38.12 2018/03/28 14:54'
[    0.000031] PROMLIB: Root node compatible: sun4v
[    0.000079] Linux version 5.4.0-rc2-00038-ge3280b54afed-dirty (mator@ttip.nvglabs.local) (gcc version 9.2.1 20190909 (Debian 9.2.1-8)) #1271 SMP Wed Oct 9 17:05:27 MSK 2019
[    0.000411] printk: bootconsole [earlyprom0] enabled
[    0.000462] ARCH: SUN4V
[    0.000513] Ethernet address: 00:14:4f:fa:06:f2
[    0.000564] MM: PAGE_OFFSET is 0xfff8000000000000 (max_phys_bits == 47)
[    0.000630] MM: VMALLOC [0x0000000100000000 --> 0x0006000000000000]
[    0.000692] MM: VMEMMAP [0x0006000000000000 --> 0x000c000000000000]
[    0.013834] Kernel: Using 6 locked TLB entries for main kernel image.
[    0.013906] Remapping the kernel... 
[    0.013932] done.
[    0.050144] OF stdout device is: /virtual-devices@100/console@1
[    0.050210] PROM: Built device tree with 87467 bytes of memory.
[    0.050269] MDESC: Size is 37248 bytes.
[    0.050391] PLATFORM: banner-name [SPARC T5-2]
[    0.050442] PLATFORM: name [ORCL,SPARC-T5-2]
[    0.050487] PLATFORM: hostid [84fa06f2]
[    0.050531] PLATFORM: serial# [0035260e]
[    0.050573] PLATFORM: stick-frequency [3b9aca00]
[    0.050622] PLATFORM: mac-address [144ffa06f2]
[    0.050668] PLATFORM: watchdog-resolution [1000 ms]
[    0.050719] PLATFORM: watchdog-max-timeout [31536000000 ms]
[    0.050774] PLATFORM: max-cpus [1024]
[    0.050844] Top of RAM: 0x24af936000, Total RAM: 0x87f352000
[    0.050905] Memory hole size: 115461MB
[    0.288438] Allocated 35708928 bytes for kernel page tables.
[    0.288538] Zone ranges:
[    0.288579]   Normal   [mem 0x0000000030400000-0x00000024af935fff]
[    0.288646] Movable zone start for each node
[    0.288689] Early memory node ranges
[    0.288730]   node   0: [mem 0x0000000030400000-0x000000006fe7ffff]
[    0.288793]   node   0: [mem 0x000000006ff00000-0x000000006ff25fff]
[    0.288856]   node   0: [mem 0x0000000070000000-0x000000042fffffff]
[    0.288919]   node   0: [mem 0x0000002030000000-0x00000024af87ffff]
[    0.288982]   node   0: [mem 0x00000024af900000-0x00000024af925fff]
[    0.289043]   node   0: [mem 0x00000024af930000-0x00000024af935fff]
[    0.296445] Zeroed struct page in unavailable ranges: 230130 pages
[    0.296454] Initmem setup node 0 [mem 0x0000000030400000-0x00000024af935fff]
[    0.296612] On node 0 totalpages: 4454825
[    0.296622]   Normal zone: 39154 pages used for memmap
[    0.296627]   Normal zone: 0 pages reserved
[    0.296633]   Normal zone: 4454825 pages, LIFO batch:31
[    0.307489] Booting Linux...
[    0.307574] CPU CAPS: [flush,stbar,swap,muldiv,v9,blkinit,n2,mul32]
[    0.307656] CPU CAPS: [div32,v8plus,popc,vis,vis2,ASIBlkInit,fmaf,vis3]
[    0.307733] CPU CAPS: [hpc,ima,pause,cbcond,aes,des,kasumi,camellia]
[    0.307806] CPU CAPS: [md5,sha1,sha256,sha512,mpmul,montmul,montsqr,crc32c]
[    0.341835] percpu: Embedded 27 pages/cpu s181896 r8192 d31096 u262144
[    0.342081] pcpu-alloc: s181896 r8192 d31096 u262144 alloc=1*4194304
[    0.342089] pcpu-alloc: [0] 000 001 002 003 004 005 006 007 008 009 010 011 012 013 014 015 
[    0.342116] pcpu-alloc: [0] 016 017 018 019 020 021 022 023 024 025 026 027 028 029 030 031 
[    0.342143] pcpu-alloc: [0] 032 033 034 035 036 037 038 039 040 041 042 043 044 045 046 047 
[    0.342171] pcpu-alloc: [0] 048 049 050 051 052 053 054 055 056 057 058 059 060 061 062 063 
[    0.342198] pcpu-alloc: [0] 064 065 066 067 068 069 070 071 072 073 074 075 076 077 078 079 
[    0.342226] pcpu-alloc: [0] 080 081 082 083 084 085 086 087 088 089 090 091 092 093 094 095 
[    0.342253] pcpu-alloc: [0] 096 097 098 099 100 101 102 103 104 105 106 107 108 109 110 111 
[    0.342281] pcpu-alloc: [0] 112 113 114 115 116 117 118 119 120 121 122 123 124 125 126 127 
[    0.342815] SUN4V: Mondo queue sizes [cpu(131072) dev(16384) r(8192) nr(256)]
[    0.343262] Built 1 zonelists, mobility grouping on.  Total pages: 4415671
[    0.343353] Kernel command line: BOOT_IMAGE=/vmlinux-5.4.0-rc2-00038-ge3280b54afed-dirty root=/dev/vdiska2 ro zswap.enabled=1
[    0.345692] printk: log_buf_len individual max cpu contribution: 4096 bytes
[    0.345764] printk: log_buf_len total cpu_extra contributions: 520192 bytes
[    0.345829] printk: log_buf_len min size: 131072 bytes
[    0.346151] printk: log_buf_len: 1048576 bytes
[    0.346203] printk: early log buf free: 126616(96%)
[    0.355822] Dentry cache hash table entries: 8388608 (order: 13, 67108864 bytes, linear)
[    0.360726] Inode-cache hash table entries: 4194304 (order: 12, 33554432 bytes, linear)
[    0.360807] Sorting __ex_table...
[    0.361049] mem auto-init: stack:off, heap alloc:off, heap free:off
[    0.422749] Memory: 1305232K/35638600K available (7345K kernel code, 943K rwdata, 2168K rodata, 704K init, 12359K bss, 544464K reserved, 0K cma-reserved)
[    0.433496] SLUB: HWalign=32, Order=0-3, MinObjects=0, CPUs=128, Nodes=1
[    0.438646] ftrace: allocating 21127 entries in 42 pages
[    0.454853] Running RCU self tests
[    0.454908] rcu: Hierarchical RCU implementation.
[    0.454959] rcu: 	RCU event tracing is enabled.
[    0.455007] rcu: 	RCU lockdep checking is enabled.
[    0.455056] 	Tasks RCU enabled.
[    0.455093] rcu: RCU calculated value of scheduler-enlistment delay is 10 jiffies.
[    0.464135] NR_IRQS: 2048, nr_irqs: 2048, preallocated irqs: 1
[    0.464574] SUN4V: Using IRQ API major 3, cookie only virqs enabled
[    0.468362] clocksource: stick: mask: 0xffffffffffffffff max_cycles: 0x1cd42e4dffb, max_idle_ns: 881590591483 ns
[    0.468490] clocksource: mult[800000] shift[23]
[    0.468539] clockevent: mult[80000000] shift[31]
[    0.472247] Console: colour dummy device 80x25
[    0.472311] printk: console [tty0] enabled
[    0.472387] printk: bootconsole [earlyprom0] disabled
[    0.472472] Lock dependency validator: Copyright (c) 2006 Red Hat, Inc., Ingo Molnar
[    0.472520] ... MAX_LOCKDEP_SUBCLASSES:  8
[    0.472549] ... MAX_LOCK_DEPTH:          48
[    0.472579] ... MAX_LOCKDEP_KEYS:        8192
[    0.472610] ... CLASSHASH_SIZE:          4096
[    0.472640] ... MAX_LOCKDEP_ENTRIES:     16384
[    0.472671] ... MAX_LOCKDEP_CHAINS:      32768
[    0.472702] ... CHAINHASH_SIZE:          16384
[    0.472732]  memory used by lock dependency info: 3855 kB
[    0.472768]  memory used for stack traces: 2112 kB
[    0.472800]  per task-struct memory footprint: 1920 bytes
[    0.618773] Calibrating delay using timer specific routine.. 2004.05 BogoMIPS (lpj=10020280)
[    0.618832] pid_max: default: 131072 minimum: 1024
[    0.626193] LSM: Security Framework initializing
[    0.628237] AppArmor: AppArmor initialized
[    0.631336] Mount-cache hash table entries: 131072 (order: 7, 1048576 bytes, linear)
[    0.631574] Mountpoint-cache hash table entries: 131072 (order: 7, 1048576 bytes, linear)
[    0.633070] *** VALIDATE tmpfs ***
[    0.641997] *** VALIDATE proc ***
[    0.647659] *** VALIDATE cgroup1 ***
[    0.647690] *** VALIDATE cgroup2 ***
[    0.653666] rcu: Hierarchical SRCU implementation.
[    0.666141] smp: Bringing up secondary CPUs ...
[    0.738227] smp: Brought up 1 node, 32 CPUs
[    0.947142] node 0 initialised, 4223613 pages in 190ms
[    0.952384] devtmpfs: initialized
[    0.962607] Performance events: 
[    0.962667] Testing NMI watchdog ... 
[    1.162874] OK.
[    1.163039] Supported PMU type is 'niagara5'
[    1.164446] random: get_random_u32 called from bucket_table_alloc.isra.0+0x188/0x1c0 with crng_init=0
[    1.165827] ldc.c:v1.1 (July 22, 2008)
[    1.169286] clocksource: jiffies: mask: 0xffffffff max_cycles: 0xffffffff, max_idle_ns: 19112604462750000 ns
[    1.169383] futex hash table entries: 32768 (order: 9, 4194304 bytes, linear)
[    1.189280] NET: Registered protocol family 16
[    1.203522] VIO: Adding device channel-devices (tx_ino = ffffffffffffffff, rx_ino = ffffffffffffffff)
[    1.203823] VIO: Adding device vnet-port-0-0 (tx_ino = 0, rx_ino = 1)
[    1.204117] VIO: Adding device vnet-port-0-1 (tx_ino = 2, rx_ino = 3)
[    1.204372] VIO: Adding device vnet-port-0-2 (tx_ino = 4, rx_ino = 5)
[    1.204632] VIO: Adding device vnet-port-0-4 (tx_ino = 8, rx_ino = 9)
[    1.204879] VIO: Adding device vnet-port-0-5 (tx_ino = a, rx_ino = b)
[    1.205136] VIO: Adding device vnet-port-0-6 (tx_ino = c, rx_ino = d)
[    1.205383] VIO: Adding device vnet-port-0-3 (tx_ino = 6, rx_ino = 7)
[    1.205639] VIO: Adding device vdc-port-3-0 (tx_ino = e, rx_ino = f)
[    1.205893] VIO: Adding device vdc-port-2-0 (tx_ino = 10, rx_ino = 11)
[    1.206147] VIO: Adding device vdc-port-1-0 (tx_ino = 12, rx_ino = 13)
[    1.206396] VIO: Adding device vdc-port-0-0 (tx_ino = 14, rx_ino = 15)
[    1.206660] VIO: Adding device vdc-port-4-0 (tx_ino = 16, rx_ino = 17)
[    1.206910] VIO: Adding device vlds-port-0-0 (tx_ino = 18, rx_ino = 19)
[    1.207165] VIO: Adding device domain-services-port-0 (tx_ino = 18, rx_ino = 19)
[    1.208220] audit: initializing netlink subsys (disabled)
[    1.208683] audit: type=2000 audit(0.730:1): state=initialized audit_enabled=0 res=1
[    1.265280] HugeTLB registered 64.0 KiB page size, pre-allocated 0 pages
[    1.265334] HugeTLB registered 8.00 MiB page size, pre-allocated 0 pages
[    1.265379] HugeTLB registered 256 MiB page size, pre-allocated 0 pages
[    1.265423] HugeTLB registered 2.00 GiB page size, pre-allocated 0 pages
[    1.376205] NetLabel: Initializing
[    1.376244] NetLabel:  domain hash size = 128
[    1.376276] NetLabel:  protocols = UNLABELED CIPSOv4 CALIPSO
[    1.376517] NetLabel:  unlabeled traffic allowed by default
[    1.377786] SUN4V: Reboot data supported (maj=1,min=0).
[    1.379494] ds.c:v1.0 (Jul 11, 2007)
[    1.380006] ds-0: ds_conn_reset() from send_events.isra.0
[    1.381523] clocksource: Switched to clocksource stick
[    1.713489] *** VALIDATE bpf ***
[    1.721790] VFS: Disk quotas dquot_6.6.0
[    1.726347] VFS: Dquot-cache hash table entries: 1024 (order 0, 8192 bytes)
[    1.726717] *** VALIDATE ramfs ***
[    1.727361] *** VALIDATE hugetlbfs ***
[    1.740498] AppArmor: AppArmor Filesystem Enabled
[    1.767790] NET: Registered protocol family 2
[    1.777591] tcp_listen_portaddr_hash hash table entries: 32768 (order: 8, 2359296 bytes, linear)
[    1.781290] TCP established hash table entries: 524288 (order: 9, 4194304 bytes, linear)
[    1.783581] TCP bind hash table entries: 65536 (order: 9, 4194304 bytes, linear)
[    1.789384] TCP: Hash tables configured (established 524288 bind 65536)
[    1.794262] UDP hash table entries: 32768 (order: 9, 5242880 bytes, linear)
[    1.800495] UDP-Lite hash table entries: 32768 (order: 9, 5242880 bytes, linear)
[    1.815960] NET: Registered protocol family 1
[    1.816051] NET: Registered protocol family 44
[    1.816799] Trying to unpack rootfs image as initramfs...
[    2.140852] Freeing initrd memory: 10352K
[    2.171515] workingset: timestamp_bits=46 max_order=23 bucket_order=0
[    2.220093] SGI XFS with ACLs, security attributes, debug enabled
[    2.265512] Block layer SCSI generic (bsg) driver version 0.4 loaded (major 252)
[    2.267340] io scheduler mq-deadline registered
[    2.274520] f029b788: ttyHV0 at I/O 0x0 (irq = 1, base_baud = 115200) is a SUN4V HCONS
[    2.281176] printk: console [ttyHV0] enabled
[    2.288689] sunvdc.c:v1.2 (November 24, 2014)
[    2.305593] sunvdc: Virtual CDROM vdiskd
[    2.305648] sunvdc: vdiskd: 403160 sectors (196 MB) protocol 1.2
[    2.310078]  vdiskd: vdiskd1 vdiskd2 vdiskd3 vdiskd4 vdiskd5 vdiskd6 vdiskd7
[    2.362999] sunvdc: Virtual Hard disk vdiskc
[    2.363047] sunvdc: vdiskc: 104857600 sectors (51200 MB) protocol 1.2
[    2.407762] sunvdc: Virtual Hard disk vdiskb
[    2.407808] sunvdc: vdiskb: 62914560 sectors (30720 MB) protocol 1.2
[    2.410975]  vdiskb: vdiskb1
[    2.454206] sunvdc: Virtual Hard disk vdiska
[    2.454252] sunvdc: vdiska: 31457280 sectors (15360 MB) protocol 1.2
[    2.457492]  vdiska: vdiska1 vdiska2 vdiska3 vdiska4
[    2.508742] sunvdc: Virtual Hard disk vdiske
[    2.508791] sunvdc: vdiske: 20971520 sectors (10240 MB) protocol 1.2
[    2.512992]  vdiske: vdiske1 vdiske2 vdiske3
[    2.543702] sunvnet: sunvnet 2.0 (February 3, 2017)
[    2.549298] vnet_port vnet-port-0-0 eth0: Sun LDOM vnet 00:14:4f:f8:12:a3
[    2.549612] sunvnet: eth0: PORT ( remote-mac 00:14:4f:fa:f3:f0 switch-port )
[    2.551338] sunvnet: eth0: PORT ( remote-mac 00:14:4f:f8:e5:f3 )
[    2.553161] sunvnet: eth0: PORT ( remote-mac 00:14:4f:f9:b4:97 )
[    2.554911] sunvnet: eth0: PORT ( remote-mac 00:14:4f:f8:3f:1e )
[    2.556625] sunvnet: eth0: PORT ( remote-mac 00:14:4f:f8:fe:47 )
[    2.558357] sunvnet: eth0: PORT ( remote-mac 00:14:4f:f9:8b:83 )
[    2.560084] sunvnet: eth0: PORT ( remote-mac 00:14:4f:f9:6c:d1 )
[    2.561846] rtc-sun4v rtc-sun4v: registered as rtc0
[    2.562643] sun4v_wdt: initialized (timeout=60s, nowayout=0)
[    2.563685] device-mapper: uevent: version 1.0.3
[    2.566137] device-mapper: ioctl: 4.41.0-ioctl (2019-09-16) initialised: dm-devel@redhat.com
[    2.567885] NET: Registered protocol family 17
[    2.568768] registered taskstats version 1
[    2.578670] zswap: default zpool zbud not available
[    2.578726] zswap: pool creation failed
[    2.579709] kmemleak: Kernel memory leak detector initialized (mem pool available: 6234)
[    2.579720] kmemleak: Automatic memory scanning thread started
[    2.628864] Key type big_key registered
[    2.628932] AppArmor: AppArmor sha1 policy hashing enabled
[    2.629908] rtc-sun4v rtc-sun4v: setting system clock to 2019-10-09T14:10:41 UTC (1570630241)
[    2.638965] This architecture does not have kernel memory protection.
[    2.639013] Run /init as init process
[    3.464764] random: fast init done
[    3.472145] crc32c_sparc64: Using sparc64 crc32c opcode optimized CRC32C implementation
[    3.961419] raid6: int64x8  gen()  2158 MB/s
[    4.131434] raid6: int64x8  xor()  1569 MB/s
[    4.301413] raid6: int64x4  gen()  3467 MB/s
[    4.471418] raid6: int64x4  xor()  2003 MB/s
[    4.641408] raid6: int64x2  gen()  2862 MB/s
[    4.811415] raid6: int64x2  xor()  1992 MB/s
[    4.981427] raid6: int64x1  gen()  2847 MB/s
[    5.151424] raid6: int64x1  xor()  1622 MB/s
[    5.151475] raid6: using algorithm int64x4 gen() 3467 MB/s
[    5.151515] raid6: .... xor() 2003 MB/s, rmw enabled
[    5.151555] raid6: using intx1 recovery algorithm
[    5.152986] async_tx: api initialized (async)
[    5.154080] xor: automatically using best checksumming function   Niagara   
[    5.409471] EXT4-fs (vdiska2): mounted filesystem with ordered data mode. Opts: (null)
[    5.697694] systemd[1]: Inserted module 'autofs4'
[    5.719698] NET: Registered protocol family 10
[    5.735651] Segment Routing with IPv6
[    5.778699] systemd[1]: systemd 242 running in system mode. (+PAM +AUDIT +SELINUX +IMA +APPARMOR +SMACK +SYSVINIT +UTMP +LIBCRYPTSETUP +GCRYPT +GNUTLS +ACL +XZ +LZ4 -SECCOMP +BLKID +ELFUTILS +KMOD +IDN2 -IDN +PCRE2 default-hierarchy=hybrid)
[    5.779388] systemd[1]: Detected architecture sparc64.
[    5.901065] systemd[1]: Set hostname to <ttip.nvglabs.local>.
[    5.910393] systemd[1]: Failed to bump fs.file-max, ignoring: Invalid argument
[    6.076329] random: lvmconfig: uninitialized urandom read (4 bytes read)
[    6.551144] systemd[1]: /lib/systemd/system/dbus.socket:4: ListenStream= references a path below legacy directory /var/run/, updating /var/run/dbus/system_bus_socket → /run/dbus/system_bus_socket; please update the unit file accordingly.
[    6.598209] systemd[1]: /lib/systemd/system/pcscd.socket:4: ListenStream= references a path below legacy directory /var/run/, updating /var/run/pcscd/pcscd.comm → /run/pcscd/pcscd.comm; please update the unit file accordingly.
[    6.615399] random: systemd: uninitialized urandom read (16 bytes read)
[    6.616203] systemd[1]: Listening on initctl Compatibility Named Pipe.
[    6.617357] random: systemd: uninitialized urandom read (16 bytes read)
[    6.618240] systemd[1]: Listening on fsck to fsckd communication Socket.
[    6.620882] systemd[1]: Listening on LVM2 poll daemon socket.
[    6.655004] systemd[1]: Created slice system-openvpn\x2dclient.slice.
[    7.031171] EXT4-fs (vdiska2): re-mounted. Opts: errors=remount-ro
[    7.443914] systemd-journald[475]: Received request to flush runtime journal from PID 1
[    7.989492] sha1_sparc64: Using sparc64 sha1 opcode optimized SHA-1 implementation
[    8.000580] n2rng v0.3 (Jan 7, 2017)
[    8.000730] n2rng f029b104: Registered RNG HVAPI major 2 minor 0
[    8.000864] n2rng f029b104: Found multi-unit-capable RNG, units: 2
[    8.004734] n2rng f029b104: RNG ready
[    8.066890] sha256_sparc64: Using sparc64 sha256 opcode optimized SHA-256/SHA-224 implementation
[    8.124417] sha512_sparc64: Using sparc64 sha512 opcode optimized SHA-512/SHA-384 implementation
[    8.129047] md5_sparc64: Using sparc64 md5 opcode optimized MD5 implementation
[    8.150050] aes_sparc64: Using sparc64 aes opcodes optimized AES implementation
[    8.185413] pktcdvd: setup of pktcdvd device failed
[    8.277067] des_sparc64: Using sparc64 des opcodes optimized DES implementation
[    8.494339] camellia_sparc64: Using sparc64 camellia opcodes optimized CAMELLIA implementation
[    8.519720] pktcdvd: setup of pktcdvd device failed
[    8.644666] pktcdvd: setup of pktcdvd device failed
[    8.710705] pktcdvd: setup of pktcdvd device failed
[    8.729538] pktcdvd: setup of pktcdvd device failed
[    8.748427] pktcdvd: setup of pktcdvd device failed
[    8.768610] pktcdvd: setup of pktcdvd device failed
[    8.789731] pktcdvd: setup of pktcdvd device failed
[   10.726855] XFS (dm-0): Mounting V5 Filesystem
[   10.749673] XFS (dm-0): Ending clean mount
[   10.755725] Mounted xfs file system at /1 supports timestamps until 2038 (0x7fffffff)
[   11.711521] Adding 787176k swap on /dev/vdiska4.  Priority:-2 extents:1 across:787176k FS
[   11.838893] EXT4-fs (vdiska1): mounting ext3 file system using the ext4 subsystem
[   11.874618] EXT4-fs (vdiska1): mounted filesystem with ordered data mode. Opts: (null)
[   11.876852] Mounted ext3 file system at /boot supports timestamps until 2038 (0x7fffffff)
[   12.118666] Kernel unaligned access at TPC[865298] aa_dfa_unpack+0x38/0x5a0
[   12.118800] Kernel unaligned access at TPC[8652b8] aa_dfa_unpack+0x58/0x5a0
[   12.118870] Kernel unaligned access at TPC[865370] aa_dfa_unpack+0x110/0x5a0
[   12.118952] Kernel unaligned access at TPC[865450] aa_dfa_unpack+0x1f0/0x5a0
[   12.119021] Kernel unaligned access at TPC[865464] aa_dfa_unpack+0x204/0x5a0
[   12.121236] audit: type=1400 audit(1570630250.980:2): apparmor="STATUS" operation="profile_load" profile="unconfined" name="/usr/sbin/haveged" pid=668 comm="apparmor_parser"
[   12.126068] audit: type=1400 audit(1570630250.990:3): apparmor="STATUS" operation="profile_load" profile="unconfined" name="lsb_release" pid=673 comm="apparmor_parser"
[   12.126900] audit: type=1400 audit(1570630250.990:4): apparmor="STATUS" operation="profile_load" profile="unconfined" name="nvidia_modprobe" pid=669 comm="apparmor_parser"
[   12.127152] audit: type=1400 audit(1570630250.990:5): apparmor="STATUS" operation="profile_load" profile="unconfined" name="nvidia_modprobe//kmod" pid=669 comm="apparmor_parser"
[   12.129419] audit: type=1400 audit(1570630250.990:6): apparmor="STATUS" operation="profile_load" profile="unconfined" name="/usr/sbin/named" pid=672 comm="apparmor_parser"
[   12.131780] audit: type=1400 audit(1570630251.000:7): apparmor="STATUS" operation="profile_load" profile="unconfined" name="/usr/sbin/tcpdump" pid=671 comm="apparmor_parser"
[   12.148296] audit: type=1400 audit(1570630251.010:8): apparmor="STATUS" operation="profile_load" profile="unconfined" name="/usr/bin/man" pid=670 comm="apparmor_parser"
[   12.148513] audit: type=1400 audit(1570630251.010:9): apparmor="STATUS" operation="profile_load" profile="unconfined" name="man_filter" pid=670 comm="apparmor_parser"
[   12.148721] audit: type=1400 audit(1570630251.010:10): apparmor="STATUS" operation="profile_load" profile="unconfined" name="man_groff" pid=670 comm="apparmor_parser"
[   12.963797] random: crng init done
[   12.963849] random: 7 urandom warning(s) missed due to ratelimiting
[   14.824004] tun: Universal TUN/TAP device driver, 1.6

[   15.234405] ======================================================
[   15.234412] WARNING: possible circular locking dependency detected
[   15.234422] 5.4.0-rc2-00038-ge3280b54afed-dirty #1271 Not tainted
[   15.234429] ------------------------------------------------------
[   15.234437] iptables-restor/944 is trying to acquire lock:
[   15.234444] 0000000010518120 (&table[i].mutex){+.+.}, at: nfnl_lock+0x24/0x40 [nfnetlink]
[   15.234468] 
               but task is already holding lock:
[   15.234475] 0000000000e0e4a0 (&net->nft.commit_mutex){+.+.}, at: nf_tables_valid_genid+0x10/0x60 [nf_tables]
[   15.234500] 
               which lock already depends on the new lock.

[   15.234509] 
               the existing dependency chain (in reverse order) is:
[   15.234516] 
               -> #1 (&net->nft.commit_mutex){+.+.}:
[   15.234533]        __mutex_lock+0xac/0x9a0
[   15.234541]        mutex_lock_nested+0x1c/0x40
[   15.234551]        nf_tables_valid_genid+0x10/0x60 [nf_tables]
[   15.234559]        nfnetlink_rcv_batch+0x228/0x620 [nfnetlink]
[   15.234567]        nfnetlink_rcv+0x110/0x140 [nfnetlink]
[   15.234578]        netlink_unicast+0x128/0x200
[   15.234585]        netlink_sendmsg+0x334/0x380
[   15.234595]        sock_sendmsg+0x34/0x80
[   15.234602]        ___sys_sendmsg+0x234/0x260
[   15.234609]        __sys_sendmsg+0x48/0x80
[   15.234615]        sys_sendmsg+0x18/0x40
[   15.234628]        linux_sparc_syscall+0x34/0x44
[   15.234634] 
               -> #0 (&table[i].mutex){+.+.}:
[   15.234649]        __lock_acquire+0x1af0/0x2500
[   15.234656]        lock_acquire+0x1a4/0x1c0
[   15.234662]        __mutex_lock+0xac/0x9a0
[   15.234668]        mutex_lock_nested+0x1c/0x40
[   15.234675]        nfnl_lock+0x24/0x40 [nfnetlink]
[   15.234686]        ip_set_nfnl_get_byindex+0x18c/0x280 [ip_set]
[   15.234697]        set_match_v1_checkentry+0x14/0xc0 [xt_set]
[   15.234709]        xt_check_match+0x23c/0x280 [x_tables]
[   15.234719]        __nft_match_init+0x160/0x180 [nft_compat]
[   15.234727]        nft_match_init+0x18/0x40 [nft_compat]
[   15.234737]        nf_tables_newrule+0x50c/0x780 [nf_tables]
[   15.234745]        nfnetlink_rcv_batch+0x3d0/0x620 [nfnetlink]
[   15.234753]        nfnetlink_rcv+0x110/0x140 [nfnetlink]
[   15.234760]        netlink_unicast+0x128/0x200
[   15.234766]        netlink_sendmsg+0x334/0x380
[   15.234773]        sock_sendmsg+0x34/0x80
[   15.234780]        ___sys_sendmsg+0x234/0x260
[   15.234786]        __sys_sendmsg+0x48/0x80
[   15.234792]        sys_sendmsg+0x18/0x40
[   15.234799]        linux_sparc_syscall+0x34/0x44
[   15.234804] 
               other info that might help us debug this:

[   15.234812]  Possible unsafe locking scenario:

[   15.234819]        CPU0                    CPU1
[   15.234824]        ----                    ----
[   15.234829]   lock(&net->nft.commit_mutex);
[   15.234836]                                lock(&table[i].mutex);
[   15.234844]                                lock(&net->nft.commit_mutex);
[   15.234851]   lock(&table[i].mutex);
[   15.234858] 
                *** DEADLOCK ***

[   15.234866] 1 lock held by iptables-restor/944:
[   15.234871]  #0: 0000000000e0e4a0 (&net->nft.commit_mutex){+.+.}, at: nf_tables_valid_genid+0x10/0x60 [nf_tables]
[   15.234888] 
               stack backtrace:
[   15.234895] CPU: 4 PID: 944 Comm: iptables-restor Not tainted 5.4.0-rc2-00038-ge3280b54afed-dirty #1271
[   15.234904] Call Trace:
[   15.234911]  [00000000004ceefc] print_circular_bug.isra.0+0x1bc/0x1e0
[   15.234919]  [00000000004cf138] check_noncircular+0x218/0x240
[   15.234927]  [00000000004d3a50] __lock_acquire+0x1af0/0x2500
[   15.234934]  [00000000004d4de4] lock_acquire+0x1a4/0x1c0
[   15.234941]  [0000000000b2960c] __mutex_lock+0xac/0x9a0
[   15.234948]  [0000000000b29f1c] mutex_lock_nested+0x1c/0x40
[   15.234956]  [0000000010516024] nfnl_lock+0x24/0x40 [nfnetlink]
[   15.234965]  [00000000105512ac] ip_set_nfnl_get_byindex+0x18c/0x280 [ip_set]
[   15.234974]  [00000000105885b4] set_match_v1_checkentry+0x14/0xc0 [xt_set]
[   15.234983]  [000000001036489c] xt_check_match+0x23c/0x280 [x_tables]
[   15.234991]  [0000000010576c40] __nft_match_init+0x160/0x180 [nft_compat]
[   15.234999]  [0000000010576cf8] nft_match_init+0x18/0x40 [nft_compat]
[   15.235010]  [000000001052bdcc] nf_tables_newrule+0x50c/0x780 [nf_tables]
[   15.235018]  [0000000010516890] nfnetlink_rcv_batch+0x3d0/0x620 [nfnetlink]
[   15.235026]  [0000000010516bf0] nfnetlink_rcv+0x110/0x140 [nfnetlink]
[   15.235034]  [0000000000a22ae8] netlink_unicast+0x128/0x200
