[    0.000019] PROMLIB: Sun IEEE Boot Prom 'OBP 4.38.12 2018/03/28 14:54'
[    0.000030] PROMLIB: Root node compatible: sun4v
[    0.000078] Linux version 5.5.0-09824-g90568ecf5615 (mator@ttip) (gcc version 9.2.1 20200203 (Debian 9.2.1-28)) #16 SMP Fri Feb 7 09:47:28 MSK 2020
[    0.000390] printk: bootconsole [earlyprom0] enabled
[    0.000443] ARCH: SUN4V
[    0.000492] Ethernet address: 00:14:4f:fa:06:f2
[    0.000547] MM: PAGE_OFFSET is 0xfff8000000000000 (max_phys_bits == 47)
[    0.000612] MM: VMALLOC [0x0000000100000000 --> 0x0006000000000000]
[    0.000673] MM: VMEMMAP [0x0006000000000000 --> 0x000c000000000000]
[    0.012836] Kernel: Using 5 locked TLB entries for main kernel image.
[    0.012915] Remapping the kernel... 
[    0.012943] done.
[    0.046724] OF stdout device is: /virtual-devices@100/console@1
[    0.046799] PROM: Built device tree with 88003 bytes of memory.
[    0.046867] MDESC: Size is 36960 bytes.
[    0.046993] PLATFORM: banner-name [SPARC T5-2]
[    0.047044] PLATFORM: name [ORCL,SPARC-T5-2]
[    0.047089] PLATFORM: hostid [84fa06f2]
[    0.047132] PLATFORM: serial# [0035260e]
[    0.047176] PLATFORM: stick-frequency [3b9aca00]
[    0.047222] PLATFORM: mac-address [144ffa06f2]
[    0.047270] PLATFORM: watchdog-resolution [1000 ms]
[    0.047321] PLATFORM: watchdog-max-timeout [31536000000 ms]
[    0.047377] PLATFORM: max-cpus [1024]
[    0.047482] Top of RAM: 0x24af938000, Total RAM: 0x87f354000
[    0.047545] Memory hole size: 115461MB
[    0.052212] Allocated 40960 bytes for kernel page tables.
[    0.052309] Zone ranges:
[    0.052352]   Normal   [mem 0x0000000030400000-0x00000024af937fff]
[    0.052416] Movable zone start for each node
[    0.052462] Early memory node ranges
[    0.052503]   node   0: [mem 0x0000000030400000-0x000000006fe7ffff]
[    0.052566]   node   0: [mem 0x000000006ff00000-0x000000006ff25fff]
[    0.052628]   node   0: [mem 0x0000000070000000-0x000000042fffffff]
[    0.052692]   node   0: [mem 0x0000002030000000-0x00000024af87ffff]
[    0.052755]   node   0: [mem 0x00000024af900000-0x00000024af925fff]
[    0.052817]   node   0: [mem 0x00000024af930000-0x00000024af937fff]
[    0.064501] Zeroed struct page in unavailable ranges: 263766 pages
[    0.064510] Initmem setup node 0 [mem 0x0000000030400000-0x00000024af937fff]
[    0.064670] On node 0 totalpages: 4454826
[    0.064679]   Normal zone: 39154 pages used for memmap
[    0.064685]   Normal zone: 0 pages reserved
[    0.064691]   Normal zone: 4454826 pages, LIFO batch:31
[    0.075831] Booting Linux...
[    0.075916] CPU CAPS: [flush,stbar,swap,muldiv,v9,blkinit,n2,mul32]
[    0.075998] CPU CAPS: [div32,v8plus,popc,vis,vis2,ASIBlkInit,fmaf,vis3]
[    0.076074] CPU CAPS: [hpc,ima,pause,cbcond,aes,des,kasumi,camellia]
[    0.076147] CPU CAPS: [md5,sha1,sha256,sha512,mpmul,montmul,montsqr,crc32c]
[    0.106112] percpu: Embedded 27 pages/cpu s182344 r8192 d30648 u262144
[    0.106371] pcpu-alloc: s182344 r8192 d30648 u262144 alloc=1*4194304
[    0.106378] pcpu-alloc: [0] 000 001 002 003 004 005 006 007 008 009 010 011 012 013 014 015 
[    0.106406] pcpu-alloc: [0] 016 017 018 019 020 021 022 023 024 025 026 027 028 029 030 031 
[    0.106432] pcpu-alloc: [0] 032 033 034 035 036 037 038 039 040 041 042 043 044 045 046 047 
[    0.106459] pcpu-alloc: [0] 048 049 050 051 052 053 054 055 056 057 058 059 060 061 062 063 
[    0.106486] pcpu-alloc: [0] 064 065 066 067 068 069 070 071 072 073 074 075 076 077 078 079 
[    0.106513] pcpu-alloc: [0] 080 081 082 083 084 085 086 087 088 089 090 091 092 093 094 095 
[    0.106539] pcpu-alloc: [0] 096 097 098 099 100 101 102 103 104 105 106 107 108 109 110 111 
[    0.106566] pcpu-alloc: [0] 112 113 114 115 116 117 118 119 120 121 122 123 124 125 126 127 
[    0.107105] SUN4V: Mondo queue sizes [cpu(131072) dev(16384) r(8192) nr(256)]
[    0.107475] Built 1 zonelists, mobility grouping on.  Total pages: 4415672
[    0.107563] Kernel command line: BOOT_IMAGE=/vmlinux-5.5.0-09824-g90568ecf5615 root=/dev/vdiska2 ro zswap.enabled=1
[    0.109885] printk: log_buf_len individual max cpu contribution: 4096 bytes
[    0.109957] printk: log_buf_len total cpu_extra contributions: 520192 bytes
[    0.110024] printk: log_buf_len min size: 131072 bytes
[    0.110301] printk: log_buf_len: 1048576 bytes
[    0.110352] printk: early log buf free: 126656(96%)
[    0.116681] Dentry cache hash table entries: 8388608 (order: 13, 67108864 bytes, linear)
[    0.119920] Inode-cache hash table entries: 4194304 (order: 12, 33554432 bytes, linear)
[    0.119997] Sorting __ex_table...
[    0.120255] mem auto-init: stack:off, heap alloc:off, heap free:off
[    0.178424] Memory: 1305232K/35638608K available (7673K kernel code, 1035K rwdata, 2288K rodata, 648K init, 6747K bss, 508872K reserved, 0K cma-reserved)
[    0.179099] SLUB: HWalign=32, Order=0-3, MinObjects=0, CPUs=128, Nodes=1
[    0.179403] ftrace: allocating 21496 entries in 42 pages
[    0.187809] ftrace: allocated 42 pages with 3 groups
[    0.190625] Running RCU self tests
[    0.190696] rcu: Hierarchical RCU implementation.
[    0.190750] rcu: 	RCU event tracing is enabled.
[    0.190797] rcu: 	RCU lockdep checking is enabled.
[    0.190848] 	Tasks RCU enabled.
[    0.190884] rcu: RCU calculated value of scheduler-enlistment delay is 10 jiffies.
[    0.195174] NR_IRQS: 2048, nr_irqs: 2048, preallocated irqs: 1
[    0.195261] SUN4V: Using IRQ API major 3, cookie only virqs enabled
[    0.197699] clocksource: stick: mask: 0xffffffffffffffff max_cycles: 0x1cd42e4dffb, max_idle_ns: 881590591483 ns
[    0.197831] clocksource: mult[800000] shift[23]
[    0.197880] clockevent: mult[80000000] shift[31]
[    0.198402] Console: colour dummy device 80x25
[    0.198465] printk: console [tty0] enabled
[    0.198540] printk: bootconsole [earlyprom0] disabled
[    0.198625] Lock dependency validator: Copyright (c) 2006 Red Hat, Inc., Ingo Molnar
[    0.198672] ... MAX_LOCKDEP_SUBCLASSES:  8
[    0.198701] ... MAX_LOCK_DEPTH:          48
[    0.198731] ... MAX_LOCKDEP_KEYS:        8192
[    0.198762] ... CLASSHASH_SIZE:          4096
[    0.198792] ... MAX_LOCKDEP_ENTRIES:     16384
[    0.198824] ... MAX_LOCKDEP_CHAINS:      32768
[    0.198855] ... CHAINHASH_SIZE:          16384
[    0.198886]  memory used by lock dependency info: 3855 kB
[    0.198922]  memory used for stack traces: 2112 kB
[    0.198955]  per task-struct memory footprint: 1920 bytes
[    0.348285] Calibrating delay using timer specific routine.. 2009.30 BogoMIPS (lpj=10046547)
[    0.348356] pid_max: default: 131072 minimum: 1024
[    0.348647] LSM: Security Framework initializing
[    0.348801] AppArmor: AppArmor initialized
[    0.349074] Mount-cache hash table entries: 131072 (order: 7, 1048576 bytes, linear)
[    0.349239] Mountpoint-cache hash table entries: 131072 (order: 7, 1048576 bytes, linear)
[    0.349368] *** VALIDATE tmpfs ***
[    0.350244] *** VALIDATE proc ***
[    0.350752] *** VALIDATE cgroup1 ***
[    0.350784] *** VALIDATE cgroup2 ***
[    0.352875] rcu: Hierarchical SRCU implementation.
[    0.360856] smp: Bringing up secondary CPUs ...
[    0.404217] smp: Brought up 1 node, 32 CPUs
[    0.595598] node 0 initialised, 4228063 pages in 190ms
[    0.596909] devtmpfs: initialized
[    0.601535] Performance events: 
[    0.601583] Testing NMI watchdog ... 
[    0.801674] OK.
[    0.801806] Supported PMU type is 'niagara5'
[    0.802008] random: get_random_u32 called from bucket_table_alloc.isra.0+0x188/0x1c0 with crng_init=0
[    0.802664] ldc.c:v1.1 (July 22, 2008)
[    0.805111] clocksource: jiffies: mask: 0xffffffff max_cycles: 0xffffffff, max_idle_ns: 19112604462750000 ns
[    0.805199] futex hash table entries: 32768 (order: 9, 4194304 bytes, linear)
[    0.810394] NET: Registered protocol family 16
[    0.818727] VIO: Adding device channel-devices (tx_ino = ffffffffffffffff, rx_ino = ffffffffffffffff)
[    0.818947] VIO: Adding device vnet-port-0-0 (tx_ino = 0, rx_ino = 1)
[    0.819146] VIO: Adding device vnet-port-0-1 (tx_ino = 2, rx_ino = 3)
[    0.819312] VIO: Adding device vnet-port-0-2 (tx_ino = 4, rx_ino = 5)
[    0.819482] VIO: Adding device vnet-port-0-4 (tx_ino = 8, rx_ino = 9)
[    0.819646] VIO: Adding device vnet-port-0-5 (tx_ino = a, rx_ino = b)
[    0.819809] VIO: Adding device vnet-port-0-6 (tx_ino = c, rx_ino = d)
[    0.819973] VIO: Adding device vdc-port-3-0 (tx_ino = e, rx_ino = f)
[    0.820141] VIO: Adding device vdc-port-2-0 (tx_ino = 10, rx_ino = 11)
[    0.820305] VIO: Adding device vdc-port-1-0 (tx_ino = 12, rx_ino = 13)
[    0.820468] VIO: Adding device vdc-port-0-0 (tx_ino = 14, rx_ino = 15)
[    0.820637] VIO: Adding device vdc-port-4-0 (tx_ino = 16, rx_ino = 17)
[    0.820802] VIO: Adding device vlds-port-0-0 (tx_ino = 18, rx_ino = 19)
[    0.820970] VIO: Adding device domain-services-port-0 (tx_ino = 18, rx_ino = 19)
[    0.821256] audit: initializing netlink subsys (disabled)
[    0.821591] audit: type=2000 audit(0.420:1): state=initialized audit_enabled=0 res=1
[    0.846726] HugeTLB registered 64.0 KiB page size, pre-allocated 0 pages
[    0.846782] HugeTLB registered 8.00 MiB page size, pre-allocated 0 pages
[    0.846828] HugeTLB registered 256 MiB page size, pre-allocated 0 pages
[    0.846872] HugeTLB registered 2.00 GiB page size, pre-allocated 0 pages
[    0.848472] alg: extra crypto tests enabled.  This is intended for developer use only.
[    0.874366] cryptd: max_cpu_qlen set to 1000
[    0.982408] NetLabel: Initializing
[    0.982448] NetLabel:  domain hash size = 128
[    0.982481] NetLabel:  protocols = UNLABELED CIPSOv4 CALIPSO
[    0.982606] NetLabel:  unlabeled traffic allowed by default
[    0.983579] SUN4V: Reboot data supported (maj=1,min=0).
[    0.983945] ds.c:v1.0 (Jul 11, 2007)
[    0.984295] ds-0: ds_conn_reset() from send_events.isra.0
[    0.985758] clocksource: Switched to clocksource stick
[    1.183476] *** VALIDATE bpf ***
[    1.184714] VFS: Disk quotas dquot_6.6.0
[    1.184840] VFS: Dquot-cache hash table entries: 1024 (order 0, 8192 bytes)
[    1.185050] *** VALIDATE ramfs ***
[    1.185102] *** VALIDATE hugetlbfs ***
[    1.186756] AppArmor: AppArmor Filesystem Enabled
[    1.199202] NET: Registered protocol family 2
[    1.201104] tcp_listen_portaddr_hash hash table entries: 32768 (order: 8, 2359296 bytes, linear)
[    1.204001] TCP established hash table entries: 524288 (order: 9, 4194304 bytes, linear)
[    1.206112] TCP bind hash table entries: 65536 (order: 9, 4194304 bytes, linear)
[    1.212187] TCP: Hash tables configured (established 524288 bind 65536)
[    1.214601] UDP hash table entries: 32768 (order: 9, 5242880 bytes, linear)
[    1.220913] UDP-Lite hash table entries: 32768 (order: 9, 5242880 bytes, linear)
[    1.228864] NET: Registered protocol family 1
[    1.228929] NET: Registered protocol family 44
[    1.229596] Trying to unpack rootfs image as initramfs...
[    1.421701] Freeing initrd memory: 14720K
[    1.422556] aes_sparc64: Using sparc64 aes opcodes optimized AES implementation
[    1.719529] des_sparc64: Using sparc64 des opcodes optimized DES implementation
[    2.244903] camellia_sparc64: Using sparc64 camellia opcodes optimized CAMELLIA implementation
[    2.446382] workingset: timestamp_bits=46 max_order=23 bucket_order=0
[    2.466552] SGI XFS with ACLs, security attributes, quota, fatal assert, debug enabled
[    2.472447] *** VALIDATE xfs ***
[    2.487277] Block layer SCSI generic (bsg) driver version 0.4 loaded (major 252)
[    2.488192] io scheduler mq-deadline registered
[    2.490806] f029b788: ttyHV0 at I/O 0x0 (irq = 1, base_baud = 115200) is a SUN4V HCONS
[    2.491781] printk: console [ttyHV0] enabled
[    2.495251] sunvdc.c:v1.2 (November 24, 2014)
[    2.496867] sunvdc: Virtual CDROM vdiskd
[    2.496910] sunvdc: vdiskd: 403160 sectors (196 MB) protocol 1.2
[    2.498654]  vdiskd: vdiskd1 vdiskd2 vdiskd3 vdiskd4 vdiskd5 vdiskd6 vdiskd7
[    2.518822] sunvdc: Virtual Hard disk vdiskc
[    2.518872] sunvdc: vdiskc: 104857600 sectors (51200 MB) protocol 1.2
[    2.538359] sunvdc: Virtual Hard disk vdiskb
[    2.538410] sunvdc: vdiskb: 62914560 sectors (30720 MB) protocol 1.2
[    2.539789]  vdiskb: vdiskb1
[    2.558065] sunvdc: Virtual Hard disk vdiska
[    2.558114] sunvdc: vdiska: 31457280 sectors (15360 MB) protocol 1.2
[    2.559641]  vdiska: vdiska1 vdiska2 vdiska3 vdiska4
[    2.578895] sunvdc: Virtual Hard disk vdiske
[    2.578944] sunvdc: vdiske: 20971520 sectors (10240 MB) protocol 1.2
[    2.580471]  vdiske: vdiske1 vdiske2
[    2.597753] sunvnet: sunvnet 2.0 (February 3, 2017)
[    2.599926] vnet_port vnet-port-0-0 eth0: Sun LDOM vnet 00:14:4f:f8:12:a3
[    2.600161] sunvnet: eth0: PORT ( remote-mac 00:14:4f:fa:f3:f0 switch-port )
[    2.600526] sunvnet: eth0: PORT ( remote-mac 00:14:4f:f8:e5:f3 )
[    2.600859] sunvnet: eth0: PORT ( remote-mac 00:14:4f:f9:b4:97 )
[    2.601193] sunvnet: eth0: PORT ( remote-mac 00:14:4f:f8:3f:1e )
[    2.601545] sunvnet: eth0: PORT ( remote-mac 00:14:4f:f8:fe:47 )
[    2.602025] sunvnet: eth0: PORT ( remote-mac 00:14:4f:f9:8b:83 )
[    2.603260] rtc-sun4v rtc-sun4v: registered as rtc0
[    2.603780] sun4v_wdt: initialized (timeout=60s, nowayout=0)
[    2.604164] device-mapper: uevent: version 1.0.3
[    2.605122] device-mapper: ioctl: 4.41.0-ioctl (2019-09-16) initialised: dm-devel@redhat.com
[    2.606187] NET: Registered protocol family 17
[    2.606760] registered taskstats version 1
[    2.614228] zswap: default zpool zbud not available
[    2.614288] zswap: pool creation failed
[    2.955903] Key type big_key registered
[    2.955975] AppArmor: AppArmor sha1 policy hashing enabled
[    2.956742] rtc-sun4v rtc-sun4v: setting system clock to 2020-02-07T07:07:19 UTC (1581059239)
[    2.961161] This architecture does not have kernel memory protection.
[    2.961209] Run /init as init process
[    2.961241]   with arguments:
[    2.961247]     /init
[    2.961254]   with environment:
[    2.961260]     HOME=/
[    2.961267]     TERM=linux
[    2.961273]     BOOT_IMAGE=/vmlinux-5.5.0-09824-g90568ecf5615
[    3.444520] crc32c_sparc64: Using sparc64 crc32c opcode optimized CRC32C implementation
[    3.533049] random: fast init done
[    3.556895] md127: WARNING: vdiske2 appears to be on the same physical disk as vdiske1.
[    3.557035] True protection against single-disk failure might be compromised.
[    3.557985] md/raid1:md127: active with 2 out of 2 mirrors
[    3.558373] md127: detected capacity change from 0 to 26148864
[    4.055731] raid6: int64x8  gen()  2144 MB/s
[    4.225723] raid6: int64x8  xor()  1485 MB/s
[    4.395726] raid6: int64x4  gen()  3418 MB/s
[    4.565717] raid6: int64x4  xor()  1480 MB/s
[    4.735744] raid6: int64x2  gen()  2773 MB/s
[    4.905727] raid6: int64x2  xor()  1165 MB/s
[    5.075751] raid6: int64x1  gen()  1359 MB/s
[    5.245745] raid6: int64x1  xor()   665 MB/s
[    5.245796] raid6: using algorithm int64x4 gen() 3418 MB/s
[    5.245836] raid6: .... xor() 1480 MB/s, rmw enabled
[    5.245874] raid6: using intx1 recovery algorithm
[    5.246794] async_tx: api initialized (async)
[    5.247369] xor: automatically using best checksumming function   Niagara   
[    5.341225] process '/usr/bin/fstype' started with executable stack
[    5.462996] EXT4-fs (vdiska2): mounted filesystem with ordered data mode. Opts: (null)
[    7.068281] systemd[1]: Inserted module 'autofs4'
[    7.080970] NET: Registered protocol family 10
[    7.087154] Segment Routing with IPv6
[    7.168106] systemd[1]: systemd 244.1-3 running in system mode. (+PAM +AUDIT +SELINUX +IMA +APPARMOR +SMACK +SYSVINIT +UTMP +LIBCRYPTSETUP +GCRYPT +GNUTLS +ACL +XZ +LZ4 -SECCOMP +BLKID +ELFUTILS +KMOD +IDN2 -IDN +PCRE2 default-hierarchy=hybrid)
[    7.168747] systemd[1]: Detected architecture sparc64.
[    7.253882] systemd[1]: Set hostname to <ttip>.
[    7.287938] systemd[1]: Couldn't move remaining userspace processes, ignoring: Input/output error
[    8.250431] random: lvmconfig: uninitialized urandom read (4 bytes read)
[    8.981338] systemd[1]: /lib/systemd/system/dbus.socket:5: ListenStream= references a path below legacy directory /var/run/, updating /var/run/dbus/system_bus_socket â†’ /run/dbus/system_bus_socket; please update the unit file accordingly.
[    9.304859] systemd[1]: haveged.service: Found ordering cycle on systemd-tmpfiles-setup.service/start
[    9.304951] systemd[1]: haveged.service: Found dependency on systemd-journal-flush.service/start
[    9.305022] systemd[1]: haveged.service: Found dependency on systemd-journald.service/start
[    9.305089] systemd[1]: haveged.service: Found dependency on haveged.service/start
[    9.305154] systemd[1]: haveged.service: Job systemd-tmpfiles-setup.service/start deleted to break ordering cycle starting with haveged.service/start
[    9.307796] random: systemd: uninitialized urandom read (16 bytes read)
[    9.318968] systemd[1]: Created slice system-getty.slice.
[    9.319539] random: systemd: uninitialized urandom read (16 bytes read)
[    9.323031] systemd[1]: Created slice system-openvpn\x2dclient.slice.
[    9.323461] random: systemd: uninitialized urandom read (16 bytes read)
[    9.327040] systemd[1]: Created slice system-postfix.slice.
[    9.332332] systemd[1]: Created slice system-systemd\x2dfsck.slice.
[    9.336232] systemd[1]: Created slice User and Session Slice.
[    9.337234] systemd[1]: Started Dispatch Password Requests to Console Directory Watch.
[    9.338033] systemd[1]: Started Forward Password Requests to Wall Directory Watch.
[    9.340277] systemd[1]: Set up automount Arbitrary Executable File Formats File System Automount Point.
[    9.340848] systemd[1]: Reached target Local Encrypted Volumes.
[    9.341333] systemd[1]: Reached target Paths.
[    9.341772] systemd[1]: Reached target Remote File Systems.
[    9.342207] systemd[1]: Reached target Slices.
[    9.343126] systemd[1]: Listening on Device-mapper event daemon FIFOs.
[    9.344219] systemd[1]: Listening on LVM2 poll daemon socket.
[    9.362057] systemd[1]: Listening on Syslog Socket.
[    9.363211] systemd[1]: Listening on fsck to fsckd communication Socket.
[    9.363976] systemd[1]: Listening on initctl Compatibility Named Pipe.
[    9.365244] systemd[1]: Listening on Journal Audit Socket.
[    9.367097] systemd[1]: Listening on Journal Socket (/dev/log).
[    9.368247] systemd[1]: Listening on Journal Socket.
[    9.369319] systemd[1]: Listening on udev Control Socket.
[    9.370127] systemd[1]: Listening on udev Kernel Socket.
[    9.379229] systemd[1]: Mounting Huge Pages File System...
[    9.388494] systemd[1]: Mounting POSIX Message Queue File System...
[    9.397525] systemd[1]: Mounting Kernel Debug File System...
[    9.406336] systemd[1]: Starting Availability of block devices...
[    9.421624] systemd[1]: Starting Wait for network to be configured by ifupdown...
[    9.431127] systemd[1]: Starting Create list of static device nodes for the current kernel...
[    9.440185] systemd[1]: Starting Monitoring of LVM2 mirrors, snapshots etc. using dmeventd or progress polling...
[    9.448542] systemd[1]: Starting nftables...
[    9.484300] systemd[1]: Condition check resulted in Set Up Additional Binary Formats being skipped.
[    9.484586] systemd[1]: Condition check resulted in File System Check on Root Device being skipped.
[    9.495873] systemd[1]: Starting Load Kernel Modules...
[    9.504273] systemd[1]: Starting Remount Root and Kernel File Systems...
[    9.513863] systemd[1]: Starting udev Coldplug all Devices...
[    9.521160] systemd[1]: Mounted Huge Pages File System.
[    9.522686] systemd[1]: Mounted POSIX Message Queue File System.
[    9.524068] systemd[1]: Mounted Kernel Debug File System.
[    9.532671] systemd[1]: Started Availability of block devices.
[    9.538918] systemd[1]: Started Wait for network to be configured by ifupdown.
[    9.544933] systemd[1]: Started Create list of static device nodes for the current kernel.
[    9.587243] systemd[1]: Started Load Kernel Modules.
[    9.589173] systemd[1]: Condition check resulted in FUSE Control File System being skipped.
[    9.589532] systemd[1]: Condition check resulted in Kernel Configuration File System being skipped.
[    9.599319] systemd[1]: Starting Apply Kernel Variables...
[    9.610713] EXT4-fs (vdiska2): re-mounted. Opts: errors=remount-ro
[    9.635652] systemd[1]: Started Remount Root and Kernel File Systems.
[    9.721444] systemd[1]: Starting Initial Check File System Quotas...
[    9.765380] systemd[1]: Condition check resulted in Rebuild Hardware Database being skipped.
[    9.773552] systemd[1]: Starting Load/Save Random Seed...
[    9.782016] systemd[1]: Starting Create System Users...
[    9.885133] systemd[1]: Started Apply Kernel Variables.
[    9.925609] systemd[1]: Started Monitoring of LVM2 mirrors, snapshots etc. using dmeventd or progress polling.
[   10.100586] systemd[1]: Started Create System Users.
[   10.111731] systemd[1]: Starting Create Static Device Nodes in /dev...
[   10.241774] systemd[1]: Started udev Coldplug all Devices.
[   10.251494] systemd[1]: Starting Helper to synchronize boot up for ifupdown...
[   10.601235] systemd[1]: Started Create Static Device Nodes in /dev.
[   10.602835] systemd[1]: Reached target Local File Systems (Pre).
[   10.612779] systemd[1]: Starting udev Kernel Device Manager...
[   10.642485] systemd[1]: Started nftables.
[   10.643586] systemd[1]: Reached target Network (Pre).
[   10.705585] systemd[1]: Started Initial Check File System Quotas.
[   10.869760] systemd[1]: Started udev Kernel Device Manager.
[   10.998027] sha1_sparc64: Using sparc64 sha1 opcode optimized SHA-1 implementation
[   11.025529] n2rng v0.3 (Jan 7, 2017)
[   11.025629] n2rng f029b104: Registered RNG HVAPI major 2 minor 0
[   11.025776] n2rng f029b104: Found multi-unit-capable RNG, units: 2
[   11.026848] n2rng f029b104: RNG ready
[   11.108208] systemd[1]: Created slice system-lvm2\x2dpvscan.slice.
[   11.117165] systemd[1]: Starting LVM event activation on device 254:16...
[   11.179042] pktcdvd: setup of pktcdvd device failed
[   11.191629] systemd[1]: Found device /dev/disk/by-label/swapvol1.
[   11.197742] systemd[1]: Found device /dev/vdiska1.
[   11.223966] sha256_sparc64: Using sparc64 sha256 opcode optimized SHA-256/SHA-224 implementation
[   11.226995] pktcdvd: setup of pktcdvd device failed
[   11.230861] pktcdvd: setup of pktcdvd device failed
[   11.234847] pktcdvd: setup of pktcdvd device failed
[   11.238648] pktcdvd: setup of pktcdvd device failed
[   11.242244] pktcdvd: setup of pktcdvd device failed
[   11.245144] pktcdvd: setup of pktcdvd device failed
[   11.248897] pktcdvd: setup of pktcdvd device failed
[   11.269273] systemd[1]: Activating swap /dev/disk/by-label/swapvol1...
[   11.278466] systemd[1]: Started MD array monitor.
[   11.287455] systemd[1]: Starting File System Check on /dev/vdiska1...
[   11.346207] systemd[1]: Started File System Check Daemon to report status.
[   11.398759] sha512_sparc64: Using sparc64 sha512 opcode optimized SHA-512/SHA-384 implementation
[   11.401002] md5_sparc64: Using sparc64 md5 opcode optimized MD5 implementation
[   11.416212] systemd[1]: Found device /dev/ttipvg1/vol1.
[   11.416304] Adding 787176k swap on /dev/vdiska4.  Priority:-2 extents:1 across:787176k FS
[   11.423044] systemd[1]: Activated swap /dev/disk/by-label/swapvol1.
[   11.427078] systemd[1]: Reached target Swap.
[   11.561469] systemd[1]: Mounting /tmp...
[   11.569566] systemd[1]: Starting File System Check on /dev/ttipvg1/vol1...
[   11.579751] systemd[1]: Mounted /tmp.
[   11.638067] systemd[1]: Starting Network Time Synchronization...
[   11.647452] systemd[1]: Started File System Check on /dev/ttipvg1/vol1.
[   11.664329] systemd[1]: Mounting /1...
[   11.689441] XFS (dm-0): Mounting V5 Filesystem
[   11.694018] systemd[1]: Started Helper to synchronize boot up for ifupdown.
[   11.704263] systemd[1]: Started LVM event activation on device 254:16.
[   11.849258] systemd[1]: Started Network Time Synchronization.
[   11.850357] systemd[1]: Reached target System Time Set.
[   11.850645] systemd[1]: Reached target System Time Synchronized.
[   11.873441] systemd[1]: Started File System Check on /dev/vdiska1.
[   11.892414] systemd[1]: Mounting /boot...
[   11.913170] EXT4-fs (vdiska1): mounting ext3 file system using the ext4 subsystem
[   11.927438] EXT4-fs (vdiska1): mounted filesystem with ordered data mode. Opts: (null)
[   11.927632] ext3 filesystem being mounted at /boot supports timestamps until 2038 (0x7fffffff)
[   11.932733] systemd[1]: Mounted /boot.
[   12.055020] XFS (dm-0): Ending clean mount
[   12.057919] xfs filesystem being mounted at /1 supports timestamps until 2038 (0x7fffffff)
[   12.063439] systemd[1]: Mounted /1.
[   12.064797] systemd[1]: Reached target Local File Systems.
[   12.073484] systemd[1]: Starting Load AppArmor profiles...
[   12.081967] systemd[1]: Starting Security Auditing Service...
[   12.090607] systemd[1]: Starting Enable support for additional executable binary formats...
[   12.091378] systemd[1]: Condition check resulted in Mark the need to relabel after reboot being skipped.
[   12.091739] systemd[1]: Condition check resulted in Commit a transient machine-id on disk being skipped.
[   12.211329] systemd[1]: proc-sys-fs-binfmt_misc.automount: Got automount request for /proc/sys/fs/binfmt_misc, triggered by 755 (update-binfmts)
[   12.223691] systemd[1]: Mounting Arbitrary Executable File Formats File System...
[   12.272837] systemd[1]: Mounted Arbitrary Executable File Formats File System.
[   12.757191] systemd[1]: Started Security Auditing Service.
[   12.766899] systemd[1]: Starting Update UTMP about System Boot/Shutdown...
[   12.896089] systemd[1]: Started Update UTMP about System Boot/Shutdown.
[   12.920985] systemd[1]: Started Enable support for additional executable binary formats.
[   13.107664] Kernel unaligned access at TPC[88f9f8] aa_dfa_unpack+0x38/0x5a0
[   13.107795] Kernel unaligned access at TPC[88fa18] aa_dfa_unpack+0x58/0x5a0
[   13.107864] Kernel unaligned access at TPC[88fad4] aa_dfa_unpack+0x114/0x5a0
[   13.107934] Kernel unaligned access at TPC[88fbb4] aa_dfa_unpack+0x1f4/0x5a0
[   13.108003] Kernel unaligned access at TPC[88fbc8] aa_dfa_unpack+0x208/0x5a0
[   13.242538] systemd[1]: Started Load AppArmor profiles.
[   13.304520] systemd[1]: Started Entropy Daemon based on the HAVEGE algorithm.
[   13.314252] systemd[1]: Starting Raise network interfaces...
[   13.329763] systemd[1]: Starting Journal Service...
[   13.558367] systemd[1]: Started Journal Service.
[   13.656228] random: crng init done
[   13.656372] random: 6 urandom warning(s) missed due to ratelimiting
[   13.804606] systemd-journald[795]: Received client request to flush runtime journal.
