[    0.000021] PROMLIB: Sun IEEE Boot Prom 'OBP 4.38.12 2018/03/28 14:54'
[    0.000032] PROMLIB: Root node compatible: sun4v
[    0.000085] Linux version 5.9.0-rc3-00061-ge1d0126ca3a6 (mator@ttip) (gcc (Debian 10.2.0-6) 10.2.0, GNU ld (GNU Binutils for Debian) 2.35) #48 SMP Wed Sep 9 14:32:18 MSK 2020
[    0.000426] printk: bootconsole [earlyprom0] enabled
[    0.000477] ARCH: SUN4V
[    0.000527] Ethernet address: 00:14:4f:fa:06:f2
[    0.000579] MM: PAGE_OFFSET is 0xfff8000000000000 (max_phys_bits == 47)
[    0.000644] MM: VMALLOC [0x0000000100000000 --> 0x0006000000000000]
[    0.000706] MM: VMEMMAP [0x0006000000000000 --> 0x000c000000000000]
[    0.013013] Kernel: Using 5 locked TLB entries for main kernel image.
[    0.013082] Remapping the kernel... 
[    0.013105] done.
[    0.046043] OF stdout device is: /virtual-devices@100/console@1
[    0.046107] PROM: Built device tree with 86758 bytes of memory.
[    0.046166] MDESC: Size is 36512 bytes.
[    0.046280] PLATFORM: banner-name [SPARC T5-2]
[    0.046333] PLATFORM: name [ORCL,SPARC-T5-2]
[    0.046377] PLATFORM: hostid [84fa06f2]
[    0.046421] PLATFORM: serial# [0035260e]
[    0.046463] PLATFORM: stick-frequency [3b9aca00]
[    0.046512] PLATFORM: mac-address [144ffa06f2]
[    0.046558] PLATFORM: watchdog-resolution [1000 ms]
[    0.046609] PLATFORM: watchdog-max-timeout [31536000000 ms]
[    0.046664] PLATFORM: max-cpus [1024]
[    0.051407] Allocated 40960 bytes for kernel page tables.
[    0.051496] Zone ranges:
[    0.051535]   Normal   [mem 0x0000000030400000-0x00000024af937fff]
[    0.051599] Movable zone start for each node
[    0.051643] Early memory node ranges
[    0.051684]   node   0: [mem 0x0000000030400000-0x000000006fe7ffff]
[    0.051746]   node   0: [mem 0x000000006ff00000-0x000000006ff25fff]
[    0.051806]   node   0: [mem 0x0000000070000000-0x000000042fffffff]
[    0.051868]   node   0: [mem 0x0000002030000000-0x00000024af87ffff]
[    0.051930]   node   0: [mem 0x00000024af900000-0x00000024af925fff]
[    0.051988]   node   0: [mem 0x00000024af930000-0x00000024af937fff]
[    0.065571] Zeroed struct page in unavailable ranges: 263766 pages
[    0.065580] Initmem setup node 0 [mem 0x0000000030400000-0x00000024af937fff]
[    0.065742] On node 0 totalpages: 4454826
[    0.065751]   Normal zone: 39154 pages used for memmap
[    0.065756]   Normal zone: 0 pages reserved
[    0.065762]   Normal zone: 4454826 pages, LIFO batch:31
[    0.224714] Booting Linux...
[    0.224800] CPU CAPS: [flush,stbar,swap,muldiv,v9,blkinit,n2,mul32]
[    0.224882] CPU CAPS: [div32,v8plus,popc,vis,vis2,ASIBlkInit,fmaf,vis3]
[    0.225960] CPU CAPS: [hpc,ima,pause,cbcond,aes,des,kasumi,camellia]
[    0.226032] CPU CAPS: [md5,sha1,sha256,sha512,mpmul,montmul,montsqr,crc32c]
[    0.255908] percpu: Embedded 28 pages/cpu s184784 r8192 d36400 u262144
[    0.256121] pcpu-alloc: s184784 r8192 d36400 u262144 alloc=1*4194304
[    0.256127] pcpu-alloc: [0] 000 001 002 003 004 005 006 007 008 009 010 011 012 013 014 015 
[    0.256153] pcpu-alloc: [0] 016 017 018 019 020 021 022 023 024 025 026 027 028 029 030 031 
[    0.256178] pcpu-alloc: [0] 032 033 034 035 036 037 038 039 040 041 042 043 044 045 046 047 
[    0.256203] pcpu-alloc: [0] 048 049 050 051 052 053 054 055 056 057 058 059 060 061 062 063 
[    0.256228] pcpu-alloc: [0] 064 065 066 067 068 069 070 071 072 073 074 075 076 077 078 079 
[    0.256253] pcpu-alloc: [0] 080 081 082 083 084 085 086 087 088 089 090 091 092 093 094 095 
[    0.256278] pcpu-alloc: [0] 096 097 098 099 100 101 102 103 104 105 106 107 108 109 110 111 
[    0.256303] pcpu-alloc: [0] 112 113 114 115 116 117 118 119 120 121 122 123 124 125 126 127 
[    0.256742] SUN4V: Mondo queue sizes [cpu(131072) dev(16384) r(8192) nr(256)]
[    0.257118] Built 1 zonelists, mobility grouping on.  Total pages: 4415672
[    0.257187] Policy zone: Normal
[    0.257244] Kernel command line: BOOT_IMAGE=/vmlinux-5.9.0-rc3-00061-ge1d0126ca3a6 root=/dev/vdiska2 ro zswap.enabled=1
[    0.259939] printk: log_buf_len individual max cpu contribution: 4096 bytes
[    0.260009] printk: log_buf_len total cpu_extra contributions: 520192 bytes
[    0.260077] printk: log_buf_len min size: 131072 bytes
[    0.260348] printk: log_buf_len: 1048576 bytes
[    0.260400] printk: early log buf free: 126688(96%)
[    0.266711] Dentry cache hash table entries: 8388608 (order: 13, 67108864 bytes, linear)
[    0.269945] Inode-cache hash table entries: 4194304 (order: 12, 33554432 bytes, linear)
[    0.270020] Sorting __ex_table...
[    0.270264] mem auto-init: stack:off, heap alloc:off, heap free:off
[    0.379381] Memory: 35127712K/35638608K available (8321K kernel code, 1102K rwdata, 2480K rodata, 680K init, 6856K bss, 510896K reserved, 0K cma-reserved)
[    0.380075] SLUB: HWalign=32, Order=0-3, MinObjects=0, CPUs=128, Nodes=32
[    0.380362] ftrace: allocating 23108 entries in 46 pages
[    0.389043] ftrace: allocated 46 pages with 4 groups
[    0.391864] Running RCU self tests
[    0.392234] rcu: Hierarchical RCU implementation.
[    0.392286] rcu: 	RCU event tracing is enabled.
[    0.392332] rcu: 	RCU lockdep checking is enabled.
[    0.392383] 	Trampoline variant of Tasks RCU enabled.
[    0.392434] 	Rude variant of Tasks RCU enabled.
[    0.392480] 	Tracing variant of Tasks RCU enabled.
[    0.392530] rcu: RCU calculated value of scheduler-enlistment delay is 10 jiffies.
[    0.396891] NR_IRQS: 2048, nr_irqs: 2048, preallocated irqs: 1
[    0.396966] SUN4V: Using IRQ API major 3, cookie only virqs enabled
[    0.399416] clocksource: stick: mask: 0xffffffffffffffff max_cycles: 0x1cd42e4dffb, max_idle_ns: 881590591483 ns
[    0.399546] clocksource: mult[800000] shift[23]
[    0.399595] clockevent: mult[80000000] shift[31]
[    0.399993] Console: colour dummy device 80x25
[    0.400057] printk: console [tty0] enabled
[    0.400136] printk: bootconsole [earlyprom0] disabled
[    0.400225] Lock dependency validator: Copyright (c) 2006 Red Hat, Inc., Ingo Molnar
[    0.400278] ... MAX_LOCKDEP_SUBCLASSES:  8
[    0.400311] ... MAX_LOCK_DEPTH:          48
[    0.400344] ... MAX_LOCKDEP_KEYS:        8192
[    0.400378] ... CLASSHASH_SIZE:          4096
[    0.400412] ... MAX_LOCKDEP_ENTRIES:     16384
[    0.400446] ... MAX_LOCKDEP_CHAINS:      32768
[    0.400481] ... CHAINHASH_SIZE:          16384
[    0.400515]  memory used by lock dependency info: 3919 kB
[    0.400555]  memory used for stack traces: 2112 kB
[    0.400591]  per task-struct memory footprint: 1920 bytes
[    0.549852] Calibrating delay using timer specific routine.. 2004.72 BogoMIPS (lpj=10023627)
[    0.549926] pid_max: default: 131072 minimum: 1024
[    0.550209] LSM: Security Framework initializing
[    0.550381] AppArmor: AppArmor initialized
[    0.550662] Mount-cache hash table entries: 131072 (order: 7, 1048576 bytes, linear)
[    0.550832] Mountpoint-cache hash table entries: 131072 (order: 7, 1048576 bytes, linear)
[    0.556481] rcu: Hierarchical SRCU implementation.
[    0.567273] smp: Bringing up secondary CPUs ...
[    0.568504] ------------[ cut here ]------------
[    0.568532] WARNING: CPU: 0 PID: 1 at kernel/locking/lockdep.c:4875 check_flags+0x9c/0x2c0
[    0.568558] DEBUG_LOCKS_WARN_ON(lockdep_hardirqs_enabled())
[    0.568560] Modules linked in:
[    0.568594] CPU: 0 PID: 1 Comm: swapper/0 Not tainted 5.9.0-rc3-00061-ge1d0126ca3a6 #48
[    0.568620] Call Trace:
[    0.568638] [<00000000004727a8>] __warn+0xa8/0x120
[    0.568657] [<0000000000472c10>] warn_slowpath_fmt+0x64/0x74
[    0.568677] [<00000000004e859c>] check_flags+0x9c/0x2c0
[    0.568699] [<0000000000c17d00>] lock_is_held_type+0x20/0x140
[    0.568723] [<00000000005095f4>] rcu_read_lock_sched_held+0x54/0xa0
[    0.568744] [<00000000004ed4c0>] lock_acquire+0x120/0x480
[    0.568766] [<0000000000c21670>] _raw_spin_lock+0x30/0x60
[    0.568787] [<00000000009b9c5c>] p1275_cmd_direct+0x1c/0x60
[    0.568807] [<00000000009b9b30>] prom_startcpu_cpuid+0x30/0x40
[    0.568829] [<00000000004427e4>] __cpu_up+0x184/0x3a0
[    0.568847] [<0000000000474600>] bringup_cpu+0x20/0x120
[    0.568866] [<000000000047378c>] cpuhp_invoke_callback+0xec/0x340
[    0.568887] [<00000000004753d4>] cpu_up+0x154/0x220
[    0.568906] [<0000000000475c60>] bringup_nonboot_cpus+0x60/0xa0
[    0.568929] [<0000000000fbc338>] smp_init+0x28/0xa0
[    0.568949] [<0000000000fad3b4>] kernel_init_freeable+0x18c/0x300
[    0.568969] irq event stamp: 5135
[    0.568984] hardirqs last  enabled at (5135): [<0000000000c21a88>] _raw_spin_unlock_irqrestore+0x28/0x60
[    0.569014] hardirqs last disabled at (5134): [<0000000000c21840>] _raw_spin_lock_irqsave+0x20/0x80
[    0.569043] softirqs last  enabled at (1582): [<0000000000c24620>] __do_softirq+0x4e0/0x560
[    0.569075] softirqs last disabled at (1575): [<000000000042d394>] do_softirq_own_stack+0x34/0x60
[    0.569105] random: get_random_bytes called from __warn+0xc8/0x120 with crng_init=0
[    0.569112] ---[ end trace 06bead1907bc584d ]---
[    0.569149] possible reason: unannotated irqs-off.
[    0.569165] irq event stamp: 5135
[    0.569180] hardirqs last  enabled at (5135): [<0000000000c21a88>] _raw_spin_unlock_irqrestore+0x28/0x60
[    0.569210] hardirqs last disabled at (5134): [<0000000000c21840>] _raw_spin_lock_irqsave+0x20/0x80
[    0.569238] softirqs last  enabled at (1582): [<0000000000c24620>] __do_softirq+0x4e0/0x560
[    0.569265] softirqs last disabled at (1575): [<000000000042d394>] do_softirq_own_stack+0x34/0x60
[    0.591134] smp: Brought up 1 node, 32 CPUs
[    0.594084] devtmpfs: initialized
[    0.596200] Performance events: 
[    0.596226] Testing NMI watchdog ... 
[    0.796290] OK.
[    0.796348] Supported PMU type is 'niagara5'
[    0.796863] ldc.c:v1.1 (July 22, 2008)
[    0.798243] clocksource: jiffies: mask: 0xffffffff max_cycles: 0xffffffff, max_idle_ns: 19112604462750000 ns
[    0.798294] futex hash table entries: 32768 (order: 9, 4194304 bytes, linear)
[    0.800885] NET: Registered protocol family 16
[    0.805891] VIO: Adding device channel-devices (tx_ino = ffffffffffffffff, rx_ino = ffffffffffffffff)
[    0.805996] VIO: Adding device vnet-port-0-0 (tx_ino = 0, rx_ino = 1)
[    0.806082] VIO: Adding device vnet-port-0-1 (tx_ino = 2, rx_ino = 3)
[    0.806167] VIO: Adding device vnet-port-0-2 (tx_ino = 4, rx_ino = 5)
[    0.806255] VIO: Adding device vnet-port-0-3 (tx_ino = 6, rx_ino = 7)
[    0.806359] VIO: Adding device vnet-port-0-4 (tx_ino = 8, rx_ino = 9)
[    0.806452] VIO: Adding device vnet-port-0-5 (tx_ino = a, rx_ino = b)
[    0.806541] VIO: Adding device vdc-port-2-0 (tx_ino = c, rx_ino = d)
[    0.806625] VIO: Adding device vdc-port-1-0 (tx_ino = e, rx_ino = f)
[    0.806709] VIO: Adding device vdc-port-0-0 (tx_ino = 10, rx_ino = 11)
[    0.806797] VIO: Adding device vdc-port-3-0 (tx_ino = 12, rx_ino = 13)
[    0.806881] VIO: Adding device vlds-port-0-0 (tx_ino = 14, rx_ino = 15)
[    0.806968] VIO: Adding device domain-services-port-0 (tx_ino = 14, rx_ino = 15)
[    0.807111] audit: initializing netlink subsys (disabled)
[    0.807280] audit: type=2000 audit(0.400:1): state=initialized audit_enabled=0 res=1
[    0.822635] HugeTLB registered 64.0 KiB page size, pre-allocated 0 pages
[    0.822660] HugeTLB registered 8.00 MiB page size, pre-allocated 0 pages
[    0.822683] HugeTLB registered 256 MiB page size, pre-allocated 0 pages
[    0.822706] HugeTLB registered 2.00 GiB page size, pre-allocated 0 pages
[    0.823789] alg: extra crypto tests enabled.  This is intended for developer use only.
[    0.844346] cryptd: max_cpu_qlen set to 1000
[    0.912435] vgaarb: loaded
[    0.913089] NetLabel: Initializing
[    0.913105] NetLabel:  domain hash size = 128
[    0.913122] NetLabel:  protocols = UNLABELED CIPSOv4 CALIPSO
[    0.913183] NetLabel:  unlabeled traffic allowed by default
[    0.913805] SUN4V: Reboot data supported (maj=1,min=0).
[    0.914002] ds.c:v1.0 (Jul 11, 2007)
[    0.914193] ds-0: ds_conn_reset() from send_events
[    0.914403] clocksource: Switched to clocksource stick
[    1.025869] VFS: Disk quotas dquot_6.6.0
[    1.025970] VFS: Dquot-cache hash table entries: 1024 (order 0, 8192 bytes)
[    1.027039] AppArmor: AppArmor Filesystem Enabled
[    1.034231] NET: Registered protocol family 2
[    1.035388] tcp_listen_portaddr_hash hash table entries: 32768 (order: 8, 2621440 bytes, linear)
[    1.036626] TCP established hash table entries: 524288 (order: 9, 4194304 bytes, linear)
[    1.038784] TCP bind hash table entries: 65536 (order: 9, 4718592 bytes, linear)
[    1.040976] TCP: Hash tables configured (established 524288 bind 65536)
[    1.042221] UDP hash table entries: 32768 (order: 9, 5242880 bytes, linear)
[    1.044959] UDP-Lite hash table entries: 32768 (order: 9, 5242880 bytes, linear)
[    1.048995] NET: Registered protocol family 1
[    1.049030] NET: Registered protocol family 44
[    1.049068] PCI: CLS 0 bytes, default 64
[    1.049330] Trying to unpack rootfs image as initramfs...
[    1.200089] Freeing initrd memory: 14664K
[    1.200680] aes_sparc64: Using sparc64 aes opcodes optimized AES implementation
[    1.446331] des_sparc64: Using sparc64 des opcodes optimized DES implementation
[    1.870673] camellia_sparc64: Using sparc64 camellia opcodes optimized CAMELLIA implementation
[    2.032679] workingset: timestamp_bits=41 max_order=23 bucket_order=0
[    2.041501] zbud: loaded
[    2.043972] SGI XFS with ACLs, security attributes, quota, fatal assert, debug enabled
[    2.069368] Block layer SCSI generic (bsg) driver version 0.4 loaded (major 252)
[    2.069910] io scheduler mq-deadline registered
[    2.071897] f029b788: ttyHV0 at I/O 0x0 (irq = 1, base_baud = 115200) is a SUN4V HCONS
[    2.072497] printk: console [ttyHV0] enabled
[    2.074784] sunvdc.c:v1.2 (November 24, 2014)
[    2.078034] sunvdc: Virtual Hard disk vdiskc
[    2.078055] sunvdc: vdiskc: 104857600 sectors (51200 MB) protocol 1.2
[    2.090849] sunvdc: Virtual Hard disk vdiskb
[    2.090871] sunvdc: vdiskb: 62914560 sectors (30720 MB) protocol 1.2
[    2.091988]  vdiskb: vdiskb1
[    2.104030] sunvdc: Virtual Hard disk vdiska
[    2.104052] sunvdc: vdiska: 31457280 sectors (15360 MB) protocol 1.2
[    2.105201]  vdiska: vdiska1 vdiska2 vdiska3 vdiska4
[    2.118017] sunvdc: Virtual CDROM vdiskd
[    2.118042] sunvdc: vdiskd: 453848 sectors (221 MB) protocol 1.2
[    2.119145]  vdiskd: vdiskd1 vdiskd2 vdiskd3 vdiskd4 vdiskd5 vdiskd6 vdiskd7
[    2.129454] sunvnet: sunvnet 2.0 (February 3, 2017)
[    2.130768] vnet_port vnet-port-0-0 eth0: Sun LDOM vnet 00:14:4f:f8:12:a3
[    2.130883] sunvnet: eth0: PORT ( remote-mac 00:14:4f:fa:f3:f0 switch-port )
[    2.131348] sunvnet: eth0: PORT ( remote-mac 00:14:4f:f8:e5:f3 )
[    2.131818] sunvnet: eth0: PORT ( remote-mac 00:14:4f:f9:b4:97 )
[    2.132265] sunvnet: eth0: PORT ( remote-mac 00:14:4f:f8:3f:1e )
[    2.132730] sunvnet: eth0: PORT ( remote-mac 00:14:4f:f8:fe:47 )
[    2.133187] sunvnet: eth0: PORT ( remote-mac 00:14:4f:fb:b5:00 )
[    2.134541] rtc-sun4v rtc-sun4v: registered as rtc0
[    2.134613] rtc-sun4v rtc-sun4v: setting system clock to 2020-09-09T11:41:34 UTC (1599651694)
[    2.134870] sun4v_wdt: initialized (timeout=60s, nowayout=0)
[    2.135112] device-mapper: uevent: version 1.0.3
[    2.135690] device-mapper: ioctl: 4.42.0-ioctl (2020-02-27) initialised: dm-devel@redhat.com
[    2.136348] NET: Registered protocol family 17
[    2.136557] registered taskstats version 1
[    2.136975] zswap: loaded using pool lzo/zbud
[    2.137751] AppArmor: AppArmor sha1 policy hashing enabled
[    2.140385] This architecture does not have kernel memory protection.
[    2.140417] Run /init as init process
[    2.140434]   with arguments:
[    2.140449]     /init
[    2.140463]   with environment:
[    2.140478]     HOME=/
[    2.140491]     TERM=linux
[    2.140505]     BOOT_IMAGE=/vmlinux-5.9.0-rc3-00061-ge1d0126ca3a6
[    2.422795] crc32c_sparc64: Using sparc64 crc32c opcode optimized CRC32C implementation
[    2.426727] random: lvm: uninitialized urandom read (4 bytes read)
[    2.459626] random: lvm: uninitialized urandom read (2 bytes read)
[    3.024374] raid6: int64x8  gen()  2159 MB/s
[    3.194382] raid6: int64x8  xor()  1522 MB/s
[    3.364392] raid6: int64x4  gen()  3397 MB/s
[    3.534384] raid6: int64x4  xor()  1463 MB/s
[    3.704384] raid6: int64x2  gen()  2918 MB/s
[    3.874394] raid6: int64x2  xor()  1102 MB/s
[    4.044369] raid6: int64x1  gen()  1432 MB/s
[    4.214394] raid6: int64x1  xor()   712 MB/s
[    4.214414] raid6: using algorithm int64x4 gen() 3397 MB/s
[    4.214435] raid6: .... xor() 1463 MB/s, rmw enabled
[    4.214455] raid6: using intx1 recovery algorithm
[    4.215028] async_tx: api initialized (async)
[    4.215341] xor: automatically using best checksumming function   Niagara   
[    4.266663] random: fast init done
[    4.432779] EXT4-fs (vdiska2): mounted filesystem with ordered data mode. Opts: (null)
[    6.468180] systemd[1]: Inserted module 'autofs4'
[    6.495631] NET: Registered protocol family 10
[    6.499929] Segment Routing with IPv6
[    6.567343] systemd[1]: systemd 246.4-1 running in system mode. (+PAM +AUDIT +SELINUX +IMA +APPARMOR +SMACK +SYSVINIT +UTMP +LIBCRYPTSETUP +GCRYPT +GNUTLS +ACL +XZ +LZ4 +ZSTD -SECCOMP +BLKID +ELFUTILS +KMOD +IDN2 -IDN +PCRE2 default-hierarchy=hybrid)
[    6.567766] systemd[1]: Detected architecture sparc64.
[    6.666885] systemd[1]: Set hostname to <ttip>.
[    7.633269] random: lvmconfig: uninitialized urandom read (4 bytes read)
[    8.887457] systemd[1]: Queued start job for default target Multi-User System.
[    8.888228] random: systemd: uninitialized urandom read (16 bytes read)
[    8.913675] systemd[1]: Created slice system-getty.slice.
[    8.914125] random: systemd: uninitialized urandom read (16 bytes read)
[    8.922847] systemd[1]: Created slice system-modprobe.slice.
[    8.923112] random: systemd: uninitialized urandom read (16 bytes read)
[    8.931545] systemd[1]: Created slice system-openvpn\x2dclient.slice.
[    8.950646] systemd[1]: Created slice system-postfix.slice.
[    8.959445] systemd[1]: Created slice system-systemd\x2dfsck.slice.
[    8.971405] systemd[1]: Created slice User and Session Slice.
[    8.971961] systemd[1]: Started Dispatch Password Requests to Console Directory Watch.
[    8.972455] systemd[1]: Started Forward Password Requests to Wall Directory Watch.
[    8.974046] systemd[1]: Set up automount Arbitrary Executable File Formats File System Automount Point.
[    8.974443] systemd[1]: Reached target Local Encrypted Volumes.
[    8.974778] systemd[1]: Reached target Paths.
[    8.975091] systemd[1]: Reached target Slices.
[    8.975661] systemd[1]: Listening on Device-mapper event daemon FIFOs.
[    8.976315] systemd[1]: Listening on LVM2 poll daemon socket.
[    9.007257] systemd[1]: Listening on RPCbind Server Activation Socket.
[    9.008978] systemd[1]: Listening on Syslog Socket.
[    9.009660] systemd[1]: Listening on fsck to fsckd communication Socket.
[    9.010129] systemd[1]: Listening on initctl Compatibility Named Pipe.
[    9.010927] systemd[1]: Listening on Journal Audit Socket.
[    9.011542] systemd[1]: Listening on Journal Socket (/dev/log).
[    9.012269] systemd[1]: Listening on Journal Socket.
[    9.013017] systemd[1]: Listening on udev Control Socket.
[    9.013577] systemd[1]: Listening on udev Kernel Socket.
[    9.025427] systemd[1]: Mounting Huge Pages File System...
[    9.037174] systemd[1]: Mounting POSIX Message Queue File System...
[    9.068226] systemd[1]: Mounting RPC Pipe File System...
[    9.080374] systemd[1]: Mounting Kernel Debug File System...
[    9.092073] systemd[1]: Mounting Kernel Trace File System...
[    9.092569] systemd[1]: Condition check resulted in Kernel Module supporting RPCSEC_GSS being skipped.
[    9.093331] systemd[1]: Finished Availability of block devices.
[    9.104878] systemd[1]: Starting Wait for network to be configured by ifupdown...
[    9.117157] systemd[1]: Starting Create list of static device nodes for the current kernel...
[    9.129569] systemd[1]: Starting Monitoring of LVM2 mirrors, snapshots etc. using dmeventd or progress polling...
[    9.143708] systemd[1]: Starting Load Kernel Module drm...
[    9.155859] RPC: Registered named UNIX socket transport module.
[    9.155898] RPC: Registered udp transport module.
[    9.155920] RPC: Registered tcp transport module.
[    9.155941] RPC: Registered tcp NFSv4.1 backchannel transport module.
[    9.161808] systemd[1]: Starting nftables...
[    9.178557] systemd[1]: Condition check resulted in Set Up Additional Binary Formats being skipped.
[    9.178720] systemd[1]: Condition check resulted in File System Check on Root Device being skipped.
[    9.192329] systemd[1]: Starting Journal Service...
[    9.205749] systemd[1]: Starting Load Kernel Modules...
[    9.217386] systemd[1]: Starting Remount Root and Kernel File Systems...
[    9.228924] systemd[1]: Starting Coldplug All udev Devices...
[    9.237098] systemd[1]: Mounted Huge Pages File System.
[    9.238333] systemd[1]: Mounted POSIX Message Queue File System.
[    9.239441] systemd[1]: Mounted RPC Pipe File System.
[    9.240581] systemd[1]: Mounted Kernel Debug File System.
[    9.241706] systemd[1]: Mounted Kernel Trace File System.
[    9.245996] systemd[1]: Finished Wait for network to be configured by ifupdown.
[    9.249702] systemd[1]: Finished Create list of static device nodes for the current kernel.
[    9.251294] systemd[1]: modprobe@drm.service: Succeeded.
[    9.253576] systemd[1]: Finished Load Kernel Module drm.
[    9.266844] systemd[1]: Finished Load Kernel Modules.
[    9.268115] systemd[1]: Condition check resulted in FUSE Control File System being skipped.
[    9.268359] systemd[1]: Condition check resulted in Kernel Configuration File System being skipped.
[    9.307931] EXT4-fs (vdiska2): re-mounted. Opts: errors=remount-ro
[    9.310615] systemd[1]: Starting Apply Kernel Variables...
[    9.317009] systemd[1]: Finished Remount Root and Kernel File Systems.
[    9.409586] systemd[1]: Starting Initial Check File System Quotas...
[    9.431239] systemd[1]: Condition check resulted in Rebuild Hardware Database being skipped.
[    9.431469] systemd[1]: Condition check resulted in Platform Persistent Storage Archival being skipped.
[    9.450527] systemd[1]: Starting Load/Save Random Seed...
[    9.464270] systemd[1]: Starting Create System Users...
[    9.465569] systemd[1]: Started Journal Service.
[   11.331019] sha1_sparc64: Using sparc64 sha1 opcode optimized SHA-1 implementation
[   11.398935] n2rng v0.3 (Jan 7, 2017)
[   11.398998] n2rng f029b104: Registered RNG HVAPI major 2 minor 0
[   11.399038] n2rng f029b104: Found multi-unit-capable RNG, units: 2
[   11.399534] n2rng f029b104: RNG ready
[   11.478668] sha256_sparc64: Using sparc64 sha256 opcode optimized SHA-256/SHA-224 implementation
[   11.514317] pktcdvd: setup of pktcdvd device failed
[   11.542755] pktcdvd: setup of pktcdvd device failed
[   11.545484] pktcdvd: setup of pktcdvd device failed
[   11.548633] pktcdvd: setup of pktcdvd device failed
[   11.551349] pktcdvd: setup of pktcdvd device failed
[   11.554241] pktcdvd: setup of pktcdvd device failed
[   11.556604] pktcdvd: setup of pktcdvd device failed
[   11.559452] pktcdvd: setup of pktcdvd device failed
[   11.616158] XFS (dm-0): Mounting V5 Filesystem
[   11.660291] sha512_sparc64: Using sparc64 sha512 opcode optimized SHA-512/SHA-384 implementation
[   11.667315] md5_sparc64: Using sparc64 md5 opcode optimized MD5 implementation
[   11.834427] Adding 787176k swap on /dev/vdiska4.  Priority:-2 extents:1 across:787176k FS
[   12.305107] EXT4-fs (vdiska1): mounting ext3 file system using the ext4 subsystem
[   12.567826] EXT4-fs (vdiska1): mounted filesystem with ordered data mode. Opts: (null)
[   12.567988] ext3 filesystem being mounted at /boot supports timestamps until 2038 (0x7fffffff)
[   13.564580] random: crng init done
[   13.564613] random: 4 urandom warning(s) missed due to ratelimiting
[   14.257518] XFS (dm-0): Ending clean mount
[   14.279902] xfs filesystem being mounted at /1 supports timestamps until 2038 (0x7fffffff)
[   15.309386] Kernel unaligned access at TPC[8d48bc] aa_dfa_unpack+0x3c/0x640
[   15.309438] Kernel unaligned access at TPC[8d48d0] aa_dfa_unpack+0x50/0x640
[   15.309476] Kernel unaligned access at TPC[8d4994] aa_dfa_unpack+0x114/0x640
[   15.309513] Kernel unaligned access at TPC[8d4a64] aa_dfa_unpack+0x1e4/0x640
[   15.309549] Kernel unaligned access at TPC[8d4a78] aa_dfa_unpack+0x1f8/0x640
[   15.311168] audit: type=1400 audit(1599651707.660:2): apparmor="STATUS" operation="profile_load" profile="unconfined" name="/usr/sbin/haveged" pid=695 comm="apparmor_parser"
[   15.317409] audit: type=1400 audit(1599651707.670:3): apparmor="STATUS" operation="profile_load" profile="unconfined" name="nvidia_modprobe" pid=697 comm="apparmor_parser"
[   15.317470] audit: type=1400 audit(1599651707.670:4): apparmor="STATUS" operation="profile_load" profile="unconfined" name="nvidia_modprobe//kmod" pid=697 comm="apparmor_parser"
[   15.355750] audit: type=1400 audit(1599651707.710:5): apparmor="STATUS" operation="profile_load" profile="unconfined" name="lsb_release" pid=701 comm="apparmor_parser"
[   15.391068] audit: type=1400 audit(1599651707.740:6): apparmor="STATUS" operation="profile_load" profile="unconfined" name="/usr/bin/man" pid=698 comm="apparmor_parser"
[   15.391133] audit: type=1400 audit(1599651707.740:7): apparmor="STATUS" operation="profile_load" profile="unconfined" name="man_filter" pid=698 comm="apparmor_parser"
[   15.391190] audit: type=1400 audit(1599651707.740:8): apparmor="STATUS" operation="profile_load" profile="unconfined" name="man_groff" pid=698 comm="apparmor_parser"
[   15.412067] audit: type=1400 audit(1599651707.760:9): apparmor="STATUS" operation="profile_load" profile="unconfined" name="named" pid=700 comm="apparmor_parser"
[   15.415670] audit: type=1400 audit(1599651707.770:10): apparmor="STATUS" operation="profile_load" profile="unconfined" name="tcpdump" pid=699 comm="apparmor_parser"
