[    0.000019] PROMLIB: Sun IEEE Boot Prom 'OBP 4.38.12 2018/03/28 14:54'
[    0.000030] PROMLIB: Root node compatible: sun4v
[    0.000076] Linux version 5.0.0-06399-gf90d64483ebd (mator@ttip) (gcc version 8.3.0 (Debian 8.3.0-2)) #898 SMP Thu Mar 7 20:36:14 MSK 2019
[    0.000382] printk: bootconsole [earlyprom0] enabled
[    0.000435] ARCH: SUN4V
[    0.000484] Ethernet address: 00:14:4f:fa:06:f2
[    0.000536] MM: PAGE_OFFSET is 0xfff8000000000000 (max_phys_bits == 47)
[    0.000601] MM: VMALLOC [0x0000000100000000 --> 0x0006000000000000]
[    0.000663] MM: VMEMMAP [0x0006000000000000 --> 0x000c000000000000]
[    0.012332] Kernel: Using 5 locked TLB entries for main kernel image.
[    0.012399] Remapping the kernel... 
[    0.012424] done.
[    0.038958] OF stdout device is: /virtual-devices@100/console@1
[    0.039023] PROM: Built device tree with 75126 bytes of memory.
[    0.039083] MDESC: Size is 31056 bytes.
[    0.039190] PLATFORM: banner-name [SPARC T5-2]
[    0.039241] PLATFORM: name [ORCL,SPARC-T5-2]
[    0.039288] PLATFORM: hostid [84fa06f2]
[    0.039331] PLATFORM: serial# [0035260e]
[    0.039374] PLATFORM: stick-frequency [3b9aca00]
[    0.039423] PLATFORM: mac-address [144ffa06f2]
[    0.039470] PLATFORM: watchdog-resolution [1000 ms]
[    0.039520] PLATFORM: watchdog-max-timeout [31536000000 ms]
[    0.039577] PLATFORM: max-cpus [1024]
[    0.039666] Top of RAM: 0x24af948000, Total RAM: 0x87f386000
[    0.039727] Memory hole size: 115461MB
[    0.043765] Allocated 40960 bytes for kernel page tables.
[    0.043841] Zone ranges:
[    0.043880]   Normal   [mem 0x0000000030400000-0x00000024af947fff]
[    0.043944] Movable zone start for each node
[    0.043990] Early memory node ranges
[    0.044030]   node   0: [mem 0x0000000030400000-0x000000006febffff]
[    0.044091]   node   0: [mem 0x000000006ff40000-0x000000006ff47fff]
[    0.044150]   node   0: [mem 0x0000000070000000-0x000000042fffffff]
[    0.044210]   node   0: [mem 0x0000002030000000-0x00000024af8b5fff]
[    0.044271]   node   0: [mem 0x00000024af940000-0x00000024af947fff]
[    0.051610] Zeroed struct page in unavailable ranges: 230113 pages
[    0.051618] Initmem setup node 0 [mem 0x0000000030400000-0x00000024af947fff]
[    0.051776] On node 0 totalpages: 4454851
[    0.051784]   Normal zone: 39154 pages used for memmap
[    0.051790]   Normal zone: 0 pages reserved
[    0.051795]   Normal zone: 4454851 pages, LIFO batch:31
[    0.248726] Booting Linux...
[    0.248810] CPU CAPS: [flush,stbar,swap,muldiv,v9,blkinit,n2,mul32]
[    0.248889] CPU CAPS: [div32,v8plus,popc,vis,vis2,ASIBlkInit,fmaf,vis3]
[    0.248965] CPU CAPS: [hpc,ima,pause,cbcond,aes,des,kasumi,camellia]
[    0.249038] CPU CAPS: [md5,sha1,sha256,sha512,mpmul,montmul,montsqr,crc32c]
[    0.298863] percpu: Embedded 20 pages/cpu @(____ptrval____) s122120 r8192 d33528 u262144
[    0.299088] pcpu-alloc: s122120 r8192 d33528 u262144 alloc=1*4194304
[    0.299095] pcpu-alloc: [0] 000 001 002 003 004 005 006 007 008 009 010 011 012 013 014 015 
[    0.299121] pcpu-alloc: [0] 016 017 018 019 020 021 022 023 024 025 026 027 028 029 030 031 
[    0.299147] pcpu-alloc: [0] 032 033 034 035 036 037 038 039 040 041 042 043 044 045 046 047 
[    0.299173] pcpu-alloc: [0] 048 049 050 051 052 053 054 055 056 057 058 059 060 061 062 063 
[    0.299198] pcpu-alloc: [0] 064 065 066 067 068 069 070 071 072 073 074 075 076 077 078 079 
[    0.299224] pcpu-alloc: [0] 080 081 082 083 084 085 086 087 088 089 090 091 092 093 094 095 
[    0.299249] pcpu-alloc: [0] 096 097 098 099 100 101 102 103 104 105 106 107 108 109 110 111 
[    0.299275] pcpu-alloc: [0] 112 113 114 115 116 117 118 119 120 121 122 123 124 125 126 127 
[    0.299301] pcpu-alloc: [0] 128 129 130 131 132 133 134 135 136 137 138 139 140 141 142 143 
[    0.299326] pcpu-alloc: [0] 144 145 146 147 148 149 150 151 152 153 154 155 156 157 158 159 
[    0.299352] pcpu-alloc: [0] 160 161 162 163 164 165 166 167 168 169 170 171 172 173 174 175 
[    0.299377] pcpu-alloc: [0] 176 177 178 179 180 181 182 183 184 185 186 187 188 189 190 191 
[    0.299403] pcpu-alloc: [0] 192 193 194 195 196 197 198 199 200 201 202 203 204 205 206 207 
[    0.299429] pcpu-alloc: [0] 208 209 210 211 212 213 214 215 216 217 218 219 220 221 222 223 
[    0.299454] pcpu-alloc: [0] 224 225 226 227 228 229 230 231 232 233 234 235 236 237 238 239 
[    0.299480] pcpu-alloc: [0] 240 241 242 243 244 245 246 247 248 249 250 251 252 253 254 255 
[    0.299906] SUN4V: Mondo queue sizes [cpu(131072) dev(16384) r(8192) nr(256)]
[    0.300217] Built 1 zonelists, mobility grouping on.  Total pages: 4415697
[    0.300306] Kernel command line: BOOT_IMAGE=/vmlinuz-5.0.0-06399-gf90d64483ebd root=/dev/vdiska2 ro zswap.enabled=1 elevator=deadline
[    0.302770] printk: log_buf_len individual max cpu contribution: 4096 bytes
[    0.302839] printk: log_buf_len total cpu_extra contributions: 1044480 bytes
[    0.302907] printk: log_buf_len min size: 131072 bytes
[    0.303276] printk: log_buf_len: 2097152 bytes
[    0.303327] printk: early log buf free: 125928(96%)
[    0.309644] Dentry cache hash table entries: 8388608 (order: 13, 67108864 bytes)
[    0.312873] Inode-cache hash table entries: 4194304 (order: 12, 33554432 bytes)
[    0.312944] Sorting __ex_table...
[    0.391143] Memory: 35116760K/35638808K available (6143K kernel code, 852K rwdata, 1776K rodata, 880K init, 8176K bss, 522048K reserved, 0K cma-reserved)
[    0.392852] ftrace: allocating 18684 entries in 37 pages
[    0.401907] kmemleak: Kernel memory leak detector disabled
[    0.406475] Running RCU self tests
[    0.406519] rcu: Hierarchical RCU implementation.
[    0.406569] rcu: 	RCU event tracing is enabled.
[    0.406617] rcu: 	RCU lockdep checking is enabled.
[    0.406667] 	Tasks RCU enabled.
[    0.406703] rcu: RCU calculated value of scheduler-enlistment delay is 11 jiffies.
[    0.412134] NR_IRQS: 2048, nr_irqs: 2048, preallocated irqs: 1
[    0.412214] SUN4V: Using IRQ API major 3, cookie only virqs enabled
[    0.416365] clocksource: stick: mask: 0xffffffffffffffff max_cycles: 0x1cd42e4dffb, max_idle_ns: 881590591483 ns
[    0.416494] clocksource: mult[800000] shift[23]
[    0.416542] clockevent: mult[80000000] shift[31]
[    0.420796] Console: colour dummy device 80x25
[    0.420860] printk: console [tty0] enabled
[    0.420936] printk: bootconsole [earlyprom0] disabled
[    0.421018] Lock dependency validator: Copyright (c) 2006 Red Hat, Inc., Ingo Molnar
[    0.421064] ... MAX_LOCKDEP_SUBCLASSES:  8
[    0.421092] ... MAX_LOCK_DEPTH:          48
[    0.421121] ... MAX_LOCKDEP_KEYS:        8191
[    0.421150] ... CLASSHASH_SIZE:          4096
[    0.421179] ... MAX_LOCKDEP_ENTRIES:     16384
[    0.421209] ... MAX_LOCKDEP_CHAINS:      32768
[    0.421239] ... CHAINHASH_SIZE:          16384
[    0.421269]  memory used by lock dependency info: 5261 kB
[    0.421303]  per task-struct memory footprint: 1920 bytes
[    0.421505] kmemleak: Early log buffer exceeded (4316), please increase DEBUG_KMEMLEAK_EARLY_LOG_SIZE
[    0.566761] Calibrating delay using timer specific routine.. 2003.70 BogoMIPS (lpj=10018546)
[    0.566814] pid_max: default: 262144 minimum: 2048
[    0.567935] LSM: Security Framework initializing
[    0.567974] AppArmor: AppArmor disabled by boot time parameter
[    0.568636] Mount-cache hash table entries: 131072 (order: 7, 1048576 bytes)
[    0.568794] Mountpoint-cache hash table entries: 131072 (order: 7, 1048576 bytes)
[    0.573664] rcu: Hierarchical SRCU implementation.
[    0.596079] smp: Bringing up secondary CPUs ...
[    0.656685] smp: Brought up 1 node, 24 CPUs
[    0.664048] devtmpfs: initialized
[    0.669546] Performance events: 
[    0.669578] Testing NMI watchdog ... 
[    0.869673] OK.
[    0.869812] Supported PMU type is 'niagara5'
[    0.870114] random: get_random_u32 called from bucket_table_alloc.isra.4+0x13c/0x1c0 with crng_init=0
[    0.870893] ldc.c:v1.1 (July 22, 2008)
[    0.873735] clocksource: jiffies: mask: 0xffffffff max_cycles: 0xffffffff, max_idle_ns: 19112604462750000 ns
[    0.873830] futex hash table entries: 65536 (order: 10, 8388608 bytes)
[    0.883561] NET: Registered protocol family 16
[    0.892850] VIO: Adding device channel-devices (tx_ino = ffffffffffffffff, rx_ino = ffffffffffffffff)
[    0.893082] VIO: Adding device vnet-port-0-0 (tx_ino = 0, rx_ino = 1)
[    0.893318] VIO: Adding device vnet-port-0-1 (tx_ino = 2, rx_ino = 3)
[    0.893511] VIO: Adding device vnet-port-0-2 (tx_ino = 4, rx_ino = 5)
[    0.893702] VIO: Adding device vnet-port-0-3 (tx_ino = 6, rx_ino = 7)
[    0.893903] VIO: Adding device vnet-port-0-4 (tx_ino = 8, rx_ino = 9)
[    0.894100] VIO: Adding device vnet-port-0-5 (tx_ino = 16, rx_ino = 17)
[    0.894292] VIO: Adding device vdc-port-3-0 (tx_ino = a, rx_ino = b)
[    0.894489] VIO: Adding device vdc-port-2-0 (tx_ino = c, rx_ino = d)
[    0.894682] VIO: Adding device vdc-port-1-0 (tx_ino = e, rx_ino = f)
[    0.894885] VIO: Adding device vdc-port-0-0 (tx_ino = 10, rx_ino = 11)
[    0.895077] VIO: Adding device vlds-port-0-0 (tx_ino = 12, rx_ino = 13)
[    0.895270] VIO: Adding device domain-services-port-0 (tx_ino = 12, rx_ino = 13)
[    0.895655] audit: initializing netlink subsys (disabled)
[    0.896008] audit: type=2000 audit(0.470:1): state=initialized audit_enabled=0 res=1
[    0.941805] HugeTLB registered 64.0 KiB page size, pre-allocated 0 pages
[    0.941852] HugeTLB registered 8.00 MiB page size, pre-allocated 0 pages
[    0.941895] HugeTLB registered 256 MiB page size, pre-allocated 0 pages
[    0.941937] HugeTLB registered 2.00 GiB page size, pre-allocated 0 pages
[    0.953579] SUN4V: Reboot data supported (maj=1,min=0).
[    0.953997] ds.c:v1.0 (Jul 11, 2007)
[    0.954409] ds-0: ds_conn_reset() from send_events.isra.3
[    0.955867] clocksource: Switched to clocksource stick
[    1.140278] VFS: Disk quotas dquot_6.6.0
[    1.140769] VFS: Dquot-cache hash table entries: 1024 (order 0, 8192 bytes)
[    1.161119] NET: Registered protocol family 2
[    1.163452] tcp_listen_portaddr_hash hash table entries: 32768 (order: 8, 2359296 bytes)
[    1.166731] TCP established hash table entries: 524288 (order: 9, 4194304 bytes)
[    1.168745] TCP bind hash table entries: 65536 (order: 9, 4194304 bytes)
[    1.174900] TCP: Hash tables configured (established 524288 bind 65536)
[    1.181527] UDP hash table entries: 32768 (order: 9, 5242880 bytes)
[    1.188749] UDP-Lite hash table entries: 32768 (order: 9, 5242880 bytes)
[    1.203038] NET: Registered protocol family 1
[    1.203905] Unpacking initramfs...
[    1.505392] Freeing initrd memory: 10184K
[    1.543444] workingset: timestamp_bits=46 max_order=23 bucket_order=0
[    1.544907] zbud: loaded
[    1.551343] alg: extra crypto tests enabled.  This is intended for developer use only.
[    1.776166] Block layer SCSI generic (bsg) driver version 0.4 loaded (major 252)
[    1.777842] io scheduler mq-deadline registered
[    1.777878] io scheduler kyber registered
[    1.779453] f029b788: ttyS0 at I/O 0x0 (irq = 1, base_baud = 115200) is a SUN4V HCONS
[    1.784991] printk: console [ttyHV0] enabled
[    1.788698] sunvdc.c:v1.2 (November 24, 2014)
[    1.795947] sunvdc: Virtual CDROM vdiskd
[    1.796004] sunvdc: vdiskd: 403160 sectors (196 MB) protocol 1.2
[    1.797429]  vdiskd: vdiskd1 vdiskd2 vdiskd3 vdiskd4 vdiskd5 vdiskd6 vdiskd7
[    1.851653] sunvdc: Virtual Hard disk vdiskc
[    1.851692] sunvdc: vdiskc: 104857600 sectors (51200 MB) protocol 1.2
[    1.902482] sunvdc: Virtual Hard disk vdiskb
[    1.902521] sunvdc: vdiskb: 62914560 sectors (30720 MB) protocol 1.2
[    1.909393]  vdiskb: vdiskb1
[    1.960136] sunvdc: Virtual Hard disk vdiska
[    1.960176] sunvdc: vdiska: 31457280 sectors (15360 MB) protocol 1.2
[    1.960942]  vdiska: vdiska1 vdiska2 vdiska3 vdiska4
[    2.005430] sunvnet: sunvnet 2.0 (February 3, 2017)
[    2.008884] vnet_port vnet-port-0-0 eth0: Sun LDOM vnet 00:14:4f:f8:12:a3
[    2.009457] sunvnet: eth0: PORT ( remote-mac 00:14:4f:fa:f3:f0 switch-port )
[    2.010741] sunvnet: eth0: PORT ( remote-mac 00:14:4f:f8:e5:f3 )
[    2.012060] sunvnet: eth0: PORT ( remote-mac 00:14:4f:f9:b4:97 )
[    2.013339] sunvnet: eth0: PORT ( remote-mac 00:14:4f:f9:8b:83 )
[    2.014613] sunvnet: eth0: PORT ( remote-mac 00:14:4f:f8:3f:1e )
[    2.015943] sunvnet: eth0: PORT ( remote-mac 00:14:4f:f8:fe:47 )
[    2.016993] mousedev: PS/2 mouse device common for all mice
[    2.018131] rtc-sun4v rtc-sun4v: registered as rtc0
[    2.019234] device-mapper: uevent: version 1.0.3
[    2.020319] device-mapper: ioctl: 4.39.0-ioctl (2018-04-03) initialised: dm-devel@redhat.com
[    2.021909] NET: Registered protocol family 17
[    2.023150] registered taskstats version 1
[    2.026157] zswap: loaded using pool lzo/zbud
[    2.139395] Key type big_key registered
[    2.140258] rtc-sun4v rtc-sun4v: setting system clock to 2019-03-07T17:42:18 UTC (1551980538)
[    2.144699] This architecture does not have kernel memory protection.
[    2.144744] Run /init as init process
[    3.008821] crc32c_sparc64: Using sparc64 crc32c opcode optimized CRC32C implementation
[    3.084767] random: fast init done
[    3.555833] raid6: int64x8  gen()  2185 MB/s
[    3.725813] raid6: int64x8  xor()  1570 MB/s
[    3.895841] raid6: int64x4  gen()  3482 MB/s
[    4.065818] raid6: int64x4  xor()  1992 MB/s
[    4.235818] raid6: int64x2  gen()  2884 MB/s
[    4.405819] raid6: int64x2  xor()  2003 MB/s
[    4.575829] raid6: int64x1  gen()  2790 MB/s
[    4.745821] raid6: int64x1  xor()  1655 MB/s
[    4.745855] raid6: using algorithm int64x4 gen() 3482 MB/s
[    4.745894] raid6: .... xor() 1992 MB/s, rmw enabled
[    4.745929] raid6: using intx1 recovery algorithm
[    4.746924] async_tx: api initialized (async)
[    4.747575] xor: automatically using best checksumming function   Niagara   
[    4.989584] EXT4-fs (vdiska2): mounted filesystem with ordered data mode. Opts: (null)
[    6.561226] systemd[1]: Inserted module 'autofs4'
[    6.570936] NET: Registered protocol family 10
[    6.583093] Segment Routing with IPv6
[    6.646675] systemd[1]: systemd 241 running in system mode. (+PAM +AUDIT +SELINUX +IMA +APPARMOR +SMACK +SYSVINIT +UTMP +LIBCRYPTSETUP +GCRYPT +GNUTLS +ACL +XZ +LZ4 -SECCOMP +BLKID +ELFUTILS +KMOD -IDN2 +IDN -PCRE2 default-hierarchy=hybrid)
[    6.647227] systemd[1]: Detected architecture sparc64.
[    6.699751] systemd[1]: Set hostname to <ttip>.
[    7.518106] random: lvmconfig: uninitialized urandom read (4 bytes read)
[    7.874300] systemd[1]: File /lib/systemd/system/systemd-journald.service:12 configures an IP firewall (IPAddressDeny=any), but the local system does not support BPF/cgroup based firewalling.
[    7.874426] systemd[1]: Proceeding WITHOUT firewalling in effect! (This warning is only shown for the first loaded unit using IP firewalling.)
[    7.933614] systemd[1]: /lib/systemd/system/auditd.service:11: PIDFile= references path below legacy directory /var/run/, updating /var/run/auditd.pid → /run/auditd.pid; please update the unit file accordingly.
[    8.345641] systemd[1]: /lib/systemd/system/smbd.service:9: PIDFile= references path below legacy directory /var/run/, updating /var/run/samba/smbd.pid → /run/samba/smbd.pid; please update the unit file accordingly.
[    8.353728] systemd[1]: /lib/systemd/system/nmbd.service:9: PIDFile= references path below legacy directory /var/run/, updating /var/run/samba/nmbd.pid → /run/samba/nmbd.pid; please update the unit file accordingly.
[    8.575784] random: systemd: uninitialized urandom read (16 bytes read)
[    8.582088] random: systemd: uninitialized urandom read (16 bytes read)
[    8.582849] systemd[1]: Started Forward Password Requests to Wall Directory Watch.
[    8.583987] random: systemd: uninitialized urandom read (16 bytes read)
[    8.584640] systemd[1]: Listening on Journal Audit Socket.
[    8.841968] EXT4-fs (vdiska2): re-mounted. Opts: errors=remount-ro
[    9.097256] systemd-journald[418]: Received request to flush runtime journal from PID 1
[   10.424183] sha1_sparc64: Using sparc64 sha1 opcode optimized SHA-1 implementation
[   10.478579] sha256_sparc64: Using sparc64 sha256 opcode optimized SHA-256/SHA-224 implementation
[   10.539480] sha512_sparc64: Using sparc64 sha512 opcode optimized SHA-512/SHA-384 implementation
[   10.544112] md5_sparc64: Using sparc64 md5 opcode optimized MD5 implementation
[   10.553482] n2rng v0.3 (Jan 7, 2017)
[   10.553590] n2rng f029b104: Registered RNG HVAPI major 2 minor 0
[   10.553677] n2rng f029b104: Found multi-unit-capable RNG, units: 2
[   10.554729] n2rng f029b104: RNG ready
[   10.566848] aes_sparc64: Using sparc64 aes opcodes optimized AES implementation
[   10.689499] des_sparc64: Using sparc64 des opcodes optimized DES implementation
[   10.777512] camellia_sparc64: Using sparc64 camellia opcodes optimized CAMELLIA implementation
[   12.261609] SGI XFS with ACLs, security attributes, debug enabled
[   12.295295] XFS (dm-0): Mounting V5 Filesystem
[   12.970766] XFS (dm-0): Ending clean mount
[   13.729094] Adding 787176k swap on /dev/vdiska4.  Priority:-2 extents:1 across:787176k FS
[   13.945738] EXT4-fs (vdiska1): mounting ext3 file system using the ext4 subsystem
[   13.956137] EXT4-fs (vdiska1): mounted filesystem with ordered data mode. Opts: (null)
