[    0.000019] PROMLIB: Sun IEEE Boot Prom 'OBP 4.38.12 2018/03/28 14:54'
[    0.000031] PROMLIB: Root node compatible: sun4v
[    0.000079] Linux version 5.5.0-05087-g22b17db4ea05 (mator@ttip) (gcc version 9.2.1 20200123 (Debian 9.2.1-25)) #1353 SMP Fri Jan 31 13:00:25 MSK 2020
[    0.000395] printk: bootconsole [earlyprom0] enabled
[    0.000447] ARCH: SUN4V
[    0.000495] Ethernet address: 00:14:4f:fa:06:f2
[    0.000547] MM: PAGE_OFFSET is 0xfff8000000000000 (max_phys_bits == 47)
[    0.000613] MM: VMALLOC [0x0000000100000000 --> 0x0006000000000000]
[    0.000674] MM: VMEMMAP [0x0006000000000000 --> 0x000c000000000000]
[    0.012433] Kernel: Using 5 locked TLB entries for main kernel image.
[    0.012502] Remapping the kernel... 
[    0.012529] done.
[    0.045982] OF stdout device is: /virtual-devices@100/console@1
[    0.046046] PROM: Built device tree with 88003 bytes of memory.
[    0.046105] MDESC: Size is 36960 bytes.
[    0.046217] PLATFORM: banner-name [SPARC T5-2]
[    0.046268] PLATFORM: name [ORCL,SPARC-T5-2]
[    0.046313] PLATFORM: hostid [84fa06f2]
[    0.046357] PLATFORM: serial# [0035260e]
[    0.046400] PLATFORM: stick-frequency [3b9aca00]
[    0.046449] PLATFORM: mac-address [144ffa06f2]
[    0.046495] PLATFORM: watchdog-resolution [1000 ms]
[    0.046546] PLATFORM: watchdog-max-timeout [31536000000 ms]
[    0.046601] PLATFORM: max-cpus [1024]
[    0.046689] Top of RAM: 0x24af938000, Total RAM: 0x87f354000
[    0.046748] Memory hole size: 115461MB
[    0.051400] Allocated 40960 bytes for kernel page tables.
[    0.051483] Zone ranges:
[    0.051520]   Normal   [mem 0x0000000030400000-0x00000024af937fff]
[    0.055586] Movable zone start for each node
[    0.055631] Early memory node ranges
[    0.055672]   node   0: [mem 0x0000000030400000-0x000000006fe7ffff]
[    0.055734]   node   0: [mem 0x000000006ff00000-0x000000006ff25fff]
[    0.055794]   node   0: [mem 0x0000000070000000-0x000000042fffffff]
[    0.055857]   node   0: [mem 0x0000002030000000-0x00000024af87ffff]
[    0.055919]   node   0: [mem 0x00000024af900000-0x00000024af925fff]
[    0.055978]   node   0: [mem 0x00000024af930000-0x00000024af937fff]
[    0.063378] Zeroed struct page in unavailable ranges: 230130 pages
[    0.063386] Initmem setup node 0 [mem 0x0000000030400000-0x00000024af937fff]
[    0.063546] On node 0 totalpages: 4454826
[    0.063556]   Normal zone: 39154 pages used for memmap
[    0.063561]   Normal zone: 0 pages reserved
[    0.063567]   Normal zone: 4454826 pages, LIFO batch:31
[    0.074417] Booting Linux...
[    0.074499] CPU CAPS: [flush,stbar,swap,muldiv,v9,blkinit,n2,mul32]
[    0.074581] CPU CAPS: [div32,v8plus,popc,vis,vis2,ASIBlkInit,fmaf,vis3]
[    0.075660] CPU CAPS: [hpc,ima,pause,cbcond,aes,des,kasumi,camellia]
[    0.075733] CPU CAPS: [md5,sha1,sha256,sha512,mpmul,montmul,montsqr,crc32c]
[    0.105649] percpu: Embedded 27 pages/cpu s182344 r8192 d30648 u262144
[    0.105878] pcpu-alloc: s182344 r8192 d30648 u262144 alloc=1*4194304
[    0.105885] pcpu-alloc: [0] 000 001 002 003 004 005 006 007 008 009 010 011 012 013 014 015 
[    0.105912] pcpu-alloc: [0] 016 017 018 019 020 021 022 023 024 025 026 027 028 029 030 031 
[    0.105939] pcpu-alloc: [0] 032 033 034 035 036 037 038 039 040 041 042 043 044 045 046 047 
[    0.105966] pcpu-alloc: [0] 048 049 050 051 052 053 054 055 056 057 058 059 060 061 062 063 
[    0.105992] pcpu-alloc: [0] 064 065 066 067 068 069 070 071 072 073 074 075 076 077 078 079 
[    0.106019] pcpu-alloc: [0] 080 081 082 083 084 085 086 087 088 089 090 091 092 093 094 095 
[    0.106045] pcpu-alloc: [0] 096 097 098 099 100 101 102 103 104 105 106 107 108 109 110 111 
[    0.106072] pcpu-alloc: [0] 112 113 114 115 116 117 118 119 120 121 122 123 124 125 126 127 
[    0.106594] SUN4V: Mondo queue sizes [cpu(131072) dev(16384) r(8192) nr(256)]
[    0.106969] Built 1 zonelists, mobility grouping on.  Total pages: 4415672
[    0.107055] Kernel command line: BOOT_IMAGE=/vmlinux-5.5.0-05087-g22b17db4ea05 root=/dev/vdiska2 ro zswap.enabled=1
[    0.109486] printk: log_buf_len individual max cpu contribution: 4096 bytes
[    0.109557] printk: log_buf_len total cpu_extra contributions: 520192 bytes
[    0.109624] printk: log_buf_len min size: 131072 bytes
[    0.109898] printk: log_buf_len: 1048576 bytes
[    0.109949] printk: early log buf free: 126648(96%)
[    0.116265] Dentry cache hash table entries: 8388608 (order: 13, 67108864 bytes, linear)
[    0.119501] Inode-cache hash table entries: 4194304 (order: 12, 33554432 bytes, linear)
[    0.119576] Sorting __ex_table...
[    0.119814] mem auto-init: stack:off, heap alloc:off, heap free:off
[    0.177448] Memory: 1305232K/35638608K available (7656K kernel code, 1035K rwdata, 2288K rodata, 632K init, 6742K bss, 508832K reserved, 0K cma-reserved)
[    0.178121] SLUB: HWalign=32, Order=0-3, MinObjects=0, CPUs=128, Nodes=1
[    0.178423] ftrace: allocating 21459 entries in 42 pages
[    0.186599] ftrace: allocated 42 pages with 3 groups
[    0.189402] Running RCU self tests
[    0.189473] rcu: Hierarchical RCU implementation.
[    0.189524] rcu: 	RCU event tracing is enabled.
[    0.189571] rcu: 	RCU lockdep checking is enabled.
[    0.189622] 	Tasks RCU enabled.
[    0.189658] rcu: RCU calculated value of scheduler-enlistment delay is 10 jiffies.
[    0.193898] NR_IRQS: 2048, nr_irqs: 2048, preallocated irqs: 1
[    0.193974] SUN4V: Using IRQ API major 3, cookie only virqs enabled
[    0.196431] clocksource: stick: mask: 0xffffffffffffffff max_cycles: 0x1cd42e4dffb, max_idle_ns: 881590591483 ns
[    0.196564] clocksource: mult[800000] shift[23]
[    0.196613] clockevent: mult[80000000] shift[31]
[    0.197140] Console: colour dummy device 80x25
[    0.197203] printk: console [tty0] enabled
[    0.197279] printk: bootconsole [earlyprom0] disabled
[    0.197363] Lock dependency validator: Copyright (c) 2006 Red Hat, Inc., Ingo Molnar
[    0.197412] ... MAX_LOCKDEP_SUBCLASSES:  8
[    0.197441] ... MAX_LOCK_DEPTH:          48
[    0.197471] ... MAX_LOCKDEP_KEYS:        8192
[    0.197502] ... CLASSHASH_SIZE:          4096
[    0.197532] ... MAX_LOCKDEP_ENTRIES:     16384
[    0.197563] ... MAX_LOCKDEP_CHAINS:      32768
[    0.197594] ... CHAINHASH_SIZE:          16384
[    0.197626]  memory used by lock dependency info: 3855 kB
[    0.197661]  memory used for stack traces: 2112 kB
[    0.197694]  per task-struct memory footprint: 1920 bytes
[    0.346832] Calibrating delay using timer specific routine.. 2003.82 BogoMIPS (lpj=10019115)
[    0.346889] pid_max: default: 131072 minimum: 1024
[    0.347142] LSM: Security Framework initializing
[    0.347282] AppArmor: AppArmor initialized
[    0.347553] Mount-cache hash table entries: 131072 (order: 7, 1048576 bytes, linear)
[    0.347718] Mountpoint-cache hash table entries: 131072 (order: 7, 1048576 bytes, linear)
[    0.347847] *** VALIDATE tmpfs ***
[    0.348709] *** VALIDATE proc ***
[    0.349208] *** VALIDATE cgroup1 ***
[    0.349240] *** VALIDATE cgroup2 ***
[    0.351325] rcu: Hierarchical SRCU implementation.
[    0.359289] smp: Bringing up secondary CPUs ...
[    0.402778] smp: Brought up 1 node, 32 CPUs
[    0.594147] node 0 initialised, 4228068 pages in 190ms
[    0.595477] devtmpfs: initialized
[    0.600203] Performance events: 
[    0.600247] Testing NMI watchdog ... 
[    0.800317] OK.
[    0.800420] Supported PMU type is 'niagara5'
[    0.800604] random: get_random_u32 called from bucket_table_alloc.isra.0+0x188/0x1c0 with crng_init=0
[    0.801226] ldc.c:v1.1 (July 22, 2008)
[    0.803590] clocksource: jiffies: mask: 0xffffffff max_cycles: 0xffffffff, max_idle_ns: 19112604462750000 ns
[    0.803679] futex hash table entries: 32768 (order: 9, 4194304 bytes, linear)
[    0.808687] NET: Registered protocol family 16
[    0.817068] VIO: Adding device channel-devices (tx_ino = ffffffffffffffff, rx_ino = ffffffffffffffff)
[    0.817279] VIO: Adding device vnet-port-0-0 (tx_ino = 0, rx_ino = 1)
[    0.817478] VIO: Adding device vnet-port-0-1 (tx_ino = 2, rx_ino = 3)
[    0.817646] VIO: Adding device vnet-port-0-2 (tx_ino = 4, rx_ino = 5)
[    0.817818] VIO: Adding device vnet-port-0-4 (tx_ino = 8, rx_ino = 9)
[    0.817984] VIO: Adding device vnet-port-0-5 (tx_ino = a, rx_ino = b)
[    0.818149] VIO: Adding device vnet-port-0-6 (tx_ino = c, rx_ino = d)
[    0.818315] VIO: Adding device vdc-port-3-0 (tx_ino = e, rx_ino = f)
[    0.818485] VIO: Adding device vdc-port-2-0 (tx_ino = 10, rx_ino = 11)
[    0.818651] VIO: Adding device vdc-port-1-0 (tx_ino = 12, rx_ino = 13)
[    0.818816] VIO: Adding device vdc-port-0-0 (tx_ino = 14, rx_ino = 15)
[    0.818985] VIO: Adding device vdc-port-4-0 (tx_ino = 16, rx_ino = 17)
[    0.819151] VIO: Adding device vlds-port-0-0 (tx_ino = 18, rx_ino = 19)
[    0.819320] VIO: Adding device domain-services-port-0 (tx_ino = 18, rx_ino = 19)
[    0.819595] audit: initializing netlink subsys (disabled)
[    0.819849] audit: type=2000 audit(0.420:1): state=initialized audit_enabled=0 res=1
[    0.844607] HugeTLB registered 64.0 KiB page size, pre-allocated 0 pages
[    0.844659] HugeTLB registered 8.00 MiB page size, pre-allocated 0 pages
[    0.844704] HugeTLB registered 256 MiB page size, pre-allocated 0 pages
[    0.844749] HugeTLB registered 2.00 GiB page size, pre-allocated 0 pages
[    0.846340] alg: extra crypto tests enabled.  This is intended for developer use only.
[    0.872044] cryptd: max_cpu_qlen set to 1000
[    0.978187] NetLabel: Initializing
[    0.978218] NetLabel:  domain hash size = 128
[    0.978250] NetLabel:  protocols = UNLABELED CIPSOv4 CALIPSO
[    0.978373] NetLabel:  unlabeled traffic allowed by default
[    0.979317] SUN4V: Reboot data supported (maj=1,min=0).
[    0.979688] ds.c:v1.0 (Jul 11, 2007)
[    0.980020] ds-0: ds_conn_reset() from send_events.isra.0
[    0.981501] clocksource: Switched to clocksource stick
[    1.180246] *** VALIDATE bpf ***
[    1.181478] VFS: Disk quotas dquot_6.6.0
[    1.181633] VFS: Dquot-cache hash table entries: 1024 (order 0, 8192 bytes)
[    1.181839] *** VALIDATE ramfs ***
[    1.181890] *** VALIDATE hugetlbfs ***
[    1.183477] AppArmor: AppArmor Filesystem Enabled
[    1.196252] NET: Registered protocol family 2
[    1.198102] tcp_listen_portaddr_hash hash table entries: 32768 (order: 8, 2359296 bytes, linear)
[    1.201008] TCP established hash table entries: 524288 (order: 9, 4194304 bytes, linear)
[    1.203026] TCP bind hash table entries: 65536 (order: 9, 4194304 bytes, linear)
[    1.209102] TCP: Hash tables configured (established 524288 bind 65536)
[    1.211602] UDP hash table entries: 32768 (order: 9, 5242880 bytes, linear)
[    1.217904] UDP-Lite hash table entries: 32768 (order: 9, 5242880 bytes, linear)
[    1.225851] NET: Registered protocol family 1
[    1.225912] NET: Registered protocol family 44
[    1.226583] Trying to unpack rootfs image as initramfs...
[    1.418729] Freeing initrd memory: 14720K
[    1.419567] aes_sparc64: Using sparc64 aes opcodes optimized AES implementation
[    1.711301] des_sparc64: Using sparc64 des opcodes optimized DES implementation
[    2.206052] camellia_sparc64: Using sparc64 camellia opcodes optimized CAMELLIA implementation
[    2.397200] workingset: timestamp_bits=46 max_order=23 bucket_order=0
[    2.417906] SGI XFS with ACLs, security attributes, quota, fatal assert, debug enabled
[    2.423900] *** VALIDATE xfs ***
[    2.437821] Block layer SCSI generic (bsg) driver version 0.4 loaded (major 252)
[    2.438582] io scheduler mq-deadline registered
[    2.441267] f029b788: ttyHV0 at I/O 0x0 (irq = 1, base_baud = 115200) is a SUN4V HCONS
[    2.442286] printk: console [ttyHV0] enabled
[    2.445767] sunvdc.c:v1.2 (November 24, 2014)
[    2.447486] sunvdc: Virtual CDROM vdiskd
[    2.447528] sunvdc: vdiskd: 403160 sectors (196 MB) protocol 1.2
[    2.449232]  vdiskd: vdiskd1 vdiskd2 vdiskd3 vdiskd4 vdiskd5 vdiskd6 vdiskd7
[    2.469345] sunvdc: Virtual Hard disk vdiskc
[    2.469385] sunvdc: vdiskc: 104857600 sectors (51200 MB) protocol 1.2
[    2.488285] sunvdc: Virtual Hard disk vdiskb
[    2.488325] sunvdc: vdiskb: 62914560 sectors (30720 MB) protocol 1.2
[    2.489502]  vdiskb: vdiskb1
[    2.507714] sunvdc: Virtual Hard disk vdiska
[    2.507754] sunvdc: vdiska: 31457280 sectors (15360 MB) protocol 1.2
[    2.509083]  vdiska: vdiska1 vdiska2 vdiska3 vdiska4
[    2.528132] sunvdc: Virtual Hard disk vdiske
[    2.528171] sunvdc: vdiske: 20971520 sectors (10240 MB) protocol 1.2
[    2.529525]  vdiske: vdiske1 vdiske2
[    2.546818] sunvnet: sunvnet 2.0 (February 3, 2017)
[    2.548954] vnet_port vnet-port-0-0 eth0: Sun LDOM vnet 00:14:4f:f8:12:a3
[    2.549174] sunvnet: eth0: PORT ( remote-mac 00:14:4f:fa:f3:f0 switch-port )
[    2.549523] sunvnet: eth0: PORT ( remote-mac 00:14:4f:f8:e5:f3 )
[    2.549864] sunvnet: eth0: PORT ( remote-mac 00:14:4f:f9:b4:97 )
[    2.550201] sunvnet: eth0: PORT ( remote-mac 00:14:4f:f8:3f:1e )
[    2.550557] sunvnet: eth0: PORT ( remote-mac 00:14:4f:f8:fe:47 )
[    2.551024] sunvnet: eth0: PORT ( remote-mac 00:14:4f:f9:8b:83 )
[    2.552316] rtc-sun4v rtc-sun4v: registered as rtc0
[    2.552819] sun4v_wdt: initialized (timeout=60s, nowayout=0)
[    2.553198] device-mapper: uevent: version 1.0.3
[    2.554168] device-mapper: ioctl: 4.41.0-ioctl (2019-09-16) initialised: dm-devel@redhat.com
[    2.555138] NET: Registered protocol family 17
[    2.555706] registered taskstats version 1
[    2.563147] zswap: default zpool zbud not available
[    2.563200] zswap: pool creation failed
[    2.886647] Key type big_key registered
[    2.886716] AppArmor: AppArmor sha1 policy hashing enabled
[    2.887485] rtc-sun4v rtc-sun4v: setting system clock to 2020-01-31T10:10:29 UTC (1580465429)
[    2.891930] This architecture does not have kernel memory protection.
[    2.891977] Run /init as init process
[    3.370578] crc32c_sparc64: Using sparc64 crc32c opcode optimized CRC32C implementation
[    3.448652] random: fast init done
[    3.484389] md127: WARNING: vdiske2 appears to be on the same physical disk as vdiske1.
[    3.484490] True protection against single-disk failure might be compromised.
[    3.485296] md/raid1:md127: active with 2 out of 2 mirrors
[    3.485637] md127: detected capacity change from 0 to 26148864
[    3.931466] raid6: int64x8  gen()  2165 MB/s
[    4.101450] raid6: int64x8  xor()  1538 MB/s
[    4.271459] raid6: int64x4  gen()  3430 MB/s
[    4.441451] raid6: int64x4  xor()  1481 MB/s
[    4.611452] raid6: int64x2  gen()  2794 MB/s
[    4.781452] raid6: int64x2  xor()  1162 MB/s
[    4.951470] raid6: int64x1  gen()  1390 MB/s
[    5.121465] raid6: int64x1  xor()   667 MB/s
[    5.121501] raid6: using algorithm int64x4 gen() 3430 MB/s
[    5.121541] raid6: .... xor() 1481 MB/s, rmw enabled
[    5.121578] raid6: using intx1 recovery algorithm
[    5.122486] async_tx: api initialized (async)
[    5.123046] xor: automatically using best checksumming function   Niagara   
[    5.334810] EXT4-fs (vdiska2): mounted filesystem with ordered data mode. Opts: (null)
[    7.552253] systemd[1]: Inserted module 'autofs4'
[    7.565238] NET: Registered protocol family 10
[    7.571306] Segment Routing with IPv6
[    7.633316] systemd[1]: systemd 244.1-1 running in system mode. (+PAM +AUDIT +SELINUX +IMA +APPARMOR +SMACK +SYSVINIT +UTMP +LIBCRYPTSETUP +GCRYPT +GNUTLS +ACL +XZ +LZ4 -SECCOMP +BLKID +ELFUTILS +KMOD +IDN2 -IDN +PCRE2 default-hierarchy=hybrid)
[    7.633956] systemd[1]: Detected architecture sparc64.
[    7.773102] systemd[1]: Set hostname to <ttip>.
[    7.813085] systemd[1]: Couldn't move remaining userspace processes, ignoring: Input/output error
[    8.689754] random: lvmconfig: uninitialized urandom read (4 bytes read)
[    9.654677] systemd[1]: /lib/systemd/system/dbus.socket:5: ListenStream= references a path below legacy directory /var/run/, updating /var/run/dbus/system_bus_socket → /run/dbus/system_bus_socket; please update the unit file accordingly.
[    9.970612] systemd[1]: systemd-journal-flush.service: Found ordering cycle on systemd-journald.service/start
[    9.970704] systemd[1]: systemd-journal-flush.service: Found dependency on haveged.service/start
[    9.970774] systemd[1]: systemd-journal-flush.service: Found dependency on systemd-tmpfiles-setup.service/start
[    9.970850] systemd[1]: systemd-journal-flush.service: Found dependency on systemd-journal-flush.service/start
[    9.970925] systemd[1]: systemd-journal-flush.service: Job systemd-journald.service/start deleted to break ordering cycle starting with systemd-journal-flush.service/start
[    9.973344] random: systemd: uninitialized urandom read (16 bytes read)
[    9.984069] systemd[1]: Created slice system-getty.slice.
[    9.984498] random: systemd: uninitialized urandom read (16 bytes read)
[    9.987967] systemd[1]: Created slice system-openvpn\x2dclient.slice.
[    9.988396] random: systemd: uninitialized urandom read (16 bytes read)
[    9.991936] systemd[1]: Created slice system-postfix.slice.
[    9.997136] systemd[1]: Created slice system-systemd\x2dfsck.slice.
[   10.000871] systemd[1]: Created slice User and Session Slice.
[   10.001941] systemd[1]: Started Dispatch Password Requests to Console Directory Watch.
[   10.002753] systemd[1]: Started Forward Password Requests to Wall Directory Watch.
[   10.004831] systemd[1]: Set up automount Arbitrary Executable File Formats File System Automount Point.
[   10.005380] systemd[1]: Reached target Local Encrypted Volumes.
[   10.005857] systemd[1]: Reached target Paths.
[   10.006295] systemd[1]: Reached target Remote File Systems.
[   10.006730] systemd[1]: Reached target Slices.
[   10.007618] systemd[1]: Listening on Device-mapper event daemon FIFOs.
[   10.008659] systemd[1]: Listening on LVM2 poll daemon socket.
[   10.019394] systemd[1]: Listening on Syslog Socket.
[   10.020361] systemd[1]: Listening on fsck to fsckd communication Socket.
[   10.021101] systemd[1]: Listening on initctl Compatibility Named Pipe.
[   10.022653] systemd[1]: Listening on Journal Audit Socket.
[   10.023623] systemd[1]: Listening on Journal Socket (/dev/log).
[   10.024763] systemd[1]: Listening on Journal Socket.
[   10.025822] systemd[1]: Listening on udev Control Socket.
[   10.026634] systemd[1]: Listening on udev Kernel Socket.
[   10.035384] systemd[1]: Mounting Huge Pages File System...
[   10.044636] systemd[1]: Mounting POSIX Message Queue File System...
[   10.053138] systemd[1]: Mounting Kernel Debug File System...
[   10.061629] systemd[1]: Starting Availability of block devices...
[   10.075285] systemd[1]: Starting Wait for network to be configured by ifupdown...
[   10.083867] systemd[1]: Starting Create list of static device nodes for the current kernel...
[   10.092874] systemd[1]: Starting Monitoring of LVM2 mirrors, snapshots etc. using dmeventd or progress polling...
[   10.100845] systemd[1]: Starting nftables...
[   10.121425] systemd[1]: Condition check resulted in Set Up Additional Binary Formats being skipped.
[   10.121713] systemd[1]: Condition check resulted in File System Check on Root Device being skipped.
[   10.132465] systemd[1]: Starting Load Kernel Modules...
[   10.140904] systemd[1]: Starting Remount Root and Kernel File Systems...
[   10.150630] systemd[1]: Starting udev Coldplug all Devices...
[   10.157851] systemd[1]: Mounted Huge Pages File System.
[   10.159545] systemd[1]: Mounted POSIX Message Queue File System.
[   10.161040] systemd[1]: Mounted Kernel Debug File System.
[   10.168521] systemd[1]: Started Availability of block devices.
[   10.175232] systemd[1]: Started Wait for network to be configured by ifupdown.
[   10.181235] systemd[1]: Started Create list of static device nodes for the current kernel.
[   10.182882] systemd[1]: systemd-journald.service: Found ordering cycle on haveged.service/start
[   10.182953] systemd[1]: systemd-journald.service: Found dependency on systemd-tmpfiles-setup.service/start
[   10.183026] systemd[1]: systemd-journald.service: Found dependency on systemd-journald.service/start
[   10.183095] systemd[1]: systemd-journald.service: Unable to break cycle starting with systemd-journald.service/start
[   10.183188] systemd[1]: Requested transaction contains an unfixable cyclic ordering dependency: Transaction order is cyclic. See system logs for details.
[   10.183308] systemd[1]: systemd-journald.socket: Failed to queue service startup job (Maybe the service file is missing or not a non-template unit?): Transaction order is cyclic. See system logs for details.
[   10.183848] systemd[1]: systemd-journald.socket: Failed with result 'resources'.
[   10.215382] EXT4-fs (vdiska2): re-mounted. Opts: errors=remount-ro
[   10.215405] systemd[1]: Started Load Kernel Modules.
[   10.219322] systemd[1]: Condition check resulted in FUSE Control File System being skipped.
[   10.219681] systemd[1]: Condition check resulted in Kernel Configuration File System being skipped.
[   10.229018] systemd[1]: Starting Apply Kernel Variables...
[   10.233871] systemd[575]: systemd-sysctl.service: Failed to connect stdout to the journal socket, ignoring: Connection refused
[   10.243023] systemd[1]: Started Remount Root and Kernel File Systems.
[   10.272019] systemd[1]: Starting Initial Check File System Quotas...
[   10.276552] systemd[577]: quota.service: Failed to connect stdout to the journal socket, ignoring: Connection refused
[   10.314739] systemd[1]: Condition check resulted in Rebuild Hardware Database being skipped.
[   10.322827] systemd[1]: Starting Load/Save Random Seed...
[   10.328179] systemd[578]: systemd-random-seed.service: Failed to connect stdout to the journal socket, ignoring: Connection refused
[   10.334267] systemd[1]: Starting Create System Users...
[   10.336575] systemd[579]: systemd-sysusers.service: Failed to connect stdout to the journal socket, ignoring: Connection refused
[   10.364603] systemd[580]: systemd-udev-trigger.service: Failed to connect stdout to the journal socket, ignoring: Connection refused
[   10.471082] systemd[1]: Started Monitoring of LVM2 mirrors, snapshots etc. using dmeventd or progress polling.
[   10.549711] systemd-random-seed[578]: Kernel entropy pool is not initialized yet, waiting until it is.
[   10.580325] systemd[1]: Started Apply Kernel Variables.
[   10.714600] systemd[1]: Started Create System Users.
[   10.725865] systemd[1]: Starting Create Static Device Nodes in /dev...
[   10.730523] systemd[587]: systemd-tmpfiles-setup-dev.service: Failed to connect stdout to the journal socket, ignoring: Connection refused
[   10.849373] systemd[1]: Started udev Coldplug all Devices.
[   10.858945] systemd[1]: Starting Helper to synchronize boot up for ifupdown...
[   10.863704] systemd[593]: ifupdown-pre.service: Failed to connect stdout to the journal socket, ignoring: Connection refused
[   11.151881] systemd-tmpfiles[587]: /usr/lib/tmpfiles.d/vsftpd.conf:1: Line references path below legacy directory /var/run/, updating /var/run/vsftpd/empty → /run/vsftpd/empty; please update the tmpfiles.d/ drop-in file accordingly.
[   11.191131] systemd[1]: Started Create Static Device Nodes in /dev.
[   11.197338] systemd[1]: Started nftables.
[   11.198226] systemd[1]: Reached target Local File Systems (Pre).
[   11.198688] systemd[1]: Reached target Network (Pre).
[   11.207605] systemd[1]: Starting udev Kernel Device Manager...
[   11.212299] systemd[602]: systemd-udevd.service: Failed to connect stdout to the journal socket, ignoring: Connection refused
[   11.351283] systemd[1]: Started Initial Check File System Quotas.
[   11.507844] systemd[1]: Started udev Kernel Device Manager.
[   11.619436] sha1_sparc64: Using sparc64 sha1 opcode optimized SHA-1 implementation
[   11.673036] n2rng v0.3 (Jan 7, 2017)
[   11.673132] n2rng f029b104: Registered RNG HVAPI major 2 minor 0
[   11.673220] n2rng f029b104: Found multi-unit-capable RNG, units: 2
[   11.674287] systemd-udevd[606]: Using default interface naming scheme 'v243'.
[   11.674509] n2rng f029b104: RNG ready
[   11.719755] systemd-udevd[606]: ethtool: autonegotiation is unset or enabled, the speed and duplex are not writable.
[   11.722174] systemd-udevd[670]: ethtool: autonegotiation is unset or enabled, the speed and duplex are not writable.
[   11.763274] systemd[1]: Created slice system-lvm2\x2dpvscan.slice.
[   11.773384] systemd[1]: Starting LVM event activation on device 254:16...
[   11.779791] systemd[694]: lvm2-pvscan@254:16.service: Failed to connect stdout to the journal socket, ignoring: Connection refused
[   11.785965] systemd[1]: Found device /dev/disk/by-label/swapvol1.
[   11.789252] systemd[1]: Found device /dev/vdiska1.
[   11.801115] systemd[1]: Activating swap /dev/disk/by-label/swapvol1...
[   11.805731] sha256_sparc64: Using sparc64 sha256 opcode optimized SHA-256/SHA-224 implementation
[   11.807923] systemd[697]: dev-disk-by\x2dlabel-swapvol1.swap: Failed to connect stdout to the journal socket, ignoring: Connection refused
[   11.812000] systemd[1]: Starting File System Check on /dev/vdiska1...
[   11.813190] pktcdvd: setup of pktcdvd device failed
[   11.815589] systemd-udevd[620]: vdiskd: Process '/usr/sbin/pktsetup 254:24' failed with exit code 1.
[   11.817846] systemd[698]: systemd-fsck@dev-vdiska1.service: Failed to connect stdout to the journal socket, ignoring: Connection refused
[   11.859319] pktcdvd: setup of pktcdvd device failed
[   11.860191] systemd-udevd[620]: vdiskd4: Process '/usr/sbin/pktsetup 254:28' failed with exit code 1.
[   11.863221] pktcdvd: setup of pktcdvd device failed
[   11.863950] systemd-udevd[654]: vdiskd3: Process '/usr/sbin/pktsetup 254:27' failed with exit code 1.
[   11.866391] pktcdvd: setup of pktcdvd device failed
[   11.867108] systemd-udevd[667]: vdiskd7: Process '/usr/sbin/pktsetup 254:31' failed with exit code 1.
[   11.870030] pktcdvd: setup of pktcdvd device failed
[   11.870959] systemd-udevd[664]: vdiskd1: Process '/usr/sbin/pktsetup 254:25' failed with exit code 1.
[   11.873953] pktcdvd: setup of pktcdvd device failed
[   11.874793] systemd-udevd[659]: vdiskd2: Process '/usr/sbin/pktsetup 254:26' failed with exit code 1.
[   11.877427] pktcdvd: setup of pktcdvd device failed
[   11.878221] systemd-udevd[673]: vdiskd5: Process '/usr/sbin/pktsetup 254:29' failed with exit code 1.
[   11.880569] pktcdvd: setup of pktcdvd device failed
[   11.881292] systemd-udevd[606]: vdiskd6: Process '/usr/sbin/pktsetup 254:30' failed with exit code 1.
[   11.906983] systemd[1]: Started MD array monitor.
[   11.911608] systemd[715]: mdmonitor.service: Failed to connect stdout to the journal socket, ignoring: Connection refused
[   11.926205] systemd[1]: Started File System Check Daemon to report status.
[   11.930364] systemd[718]: systemd-fsckd.service: Failed to connect stdout to the journal socket, ignoring: Connection refused
[   12.009097] sha512_sparc64: Using sparc64 sha512 opcode optimized SHA-512/SHA-384 implementation
[   12.021612] Adding 787176k swap on /dev/vdiska4.  Priority:-2 extents:1 across:787176k FS
[   12.028489] systemd[1]: Activated swap /dev/disk/by-label/swapvol1.
[   12.032156] systemd[1]: Reached target Swap.
[   12.036498] md5_sparc64: Using sparc64 md5 opcode optimized MD5 implementation
[   12.059613] systemd[1]: Mounting /tmp...
[   12.065091] systemd[725]: tmp.mount: Failed to connect stdout to the journal socket, ignoring: Connection refused
[   12.079726] systemd[1]: Mounted /tmp.
[   12.171568] systemd[1]: Found device /dev/ttipvg1/vol1.
[   12.179694] systemd[1]: Starting File System Check on /dev/ttipvg1/vol1...
[   12.184854] systemd[728]: systemd-fsck@dev-ttipvg1-vol1.service: Failed to connect stdout to the journal socket, ignoring: Connection refused
[   12.270545] systemd[1]: Started File System Check on /dev/ttipvg1/vol1.
[   12.284041] systemd[1]: Mounting /1...
[   12.290359] systemd[731]: 1.mount: Failed to connect stdout to the journal socket, ignoring: Connection refused
[   12.290566] systemd[1]: Started Helper to synchronize boot up for ifupdown.
[   12.296740] systemd[1]: Started File System Check on /dev/vdiska1.
[   12.306590] systemd[1]: Mounting /boot...
[   12.310487] XFS (dm-0): Mounting V5 Filesystem
[   12.310885] systemd[735]: boot.mount: Failed to connect stdout to the journal socket, ignoring: Connection refused
[   12.320581] EXT4-fs (vdiska1): mounting ext3 file system using the ext4 subsystem
[   12.334081] EXT4-fs (vdiska1): mounted filesystem with ordered data mode. Opts: (null)
[   12.334250] ext3 filesystem being mounted at /boot supports timestamps until 2038 (0x7fffffff)
[   12.338598] systemd[1]: Mounted /boot.
[   12.480238] systemd[1]: Started LVM event activation on device 254:16.
[   12.728881] XFS (dm-0): Ending clean mount
[   12.731678] xfs filesystem being mounted at /1 supports timestamps until 2038 (0x7fffffff)
[   12.736803] systemd[1]: Mounted /1.
[   12.738110] systemd[1]: Reached target Local File Systems.
[   12.747769] systemd[1]: Starting Load AppArmor profiles...
[   12.752961] systemd[745]: apparmor.service: Failed to connect stdout to the journal socket, ignoring: Connection refused
[   12.756063] systemd[1]: Starting Enable support for additional executable binary formats...
[   12.756679] systemd[1]: Condition check resulted in Mark the need to relabel after reboot being skipped.
[   12.757020] systemd[1]: Condition check resulted in Commit a transient machine-id on disk being skipped.
[   12.761666] systemd[747]: binfmt-support.service: Failed to connect stdout to the journal socket, ignoring: Connection refused
[   12.764909] systemd[1]: Starting Create Volatile Files and Directories...
[   12.769760] systemd[748]: systemd-tmpfiles-setup.service: Failed to connect stdout to the journal socket, ignoring: Connection refused
[   12.800005] systemd-tmpfiles[748]: /usr/lib/tmpfiles.d/vsftpd.conf:1: Line references path below legacy directory /var/run/, updating /var/run/vsftpd/empty → /run/vsftpd/empty; please update the tmpfiles.d/ drop-in file accordingly.
[   12.882210] systemd[1]: proc-sys-fs-binfmt_misc.automount: Got automount request for /proc/sys/fs/binfmt_misc, triggered by 747 (update-binfmts)
[   12.890867] systemd[1]: Mounting Arbitrary Executable File Formats File System...
[   12.895224] systemd[750]: proc-sys-fs-binfmt_misc.mount: Failed to connect stdout to the journal socket, ignoring: Connection refused
[   12.921936] systemd[1]: Mounted Arbitrary Executable File Formats File System.
[   13.096067] systemd[1]: Started Create Volatile Files and Directories.
[   13.108858] systemd[1]: Starting Security Auditing Service...
[   13.114586] systemd[755]: auditd.service: Failed to connect stdout to the journal socket, ignoring: Connection refused
[   13.141822] systemd[1]: Starting Network Time Synchronization...
[   13.324415] systemd[1]: Listening on Journal Socket.
[   13.427263] systemd[1]: Started Network Time Synchronization.
[   13.428662] systemd[1]: Reached target System Time Set.
[   13.429125] systemd[1]: Reached target System Time Synchronized.
[   13.642430] systemd[1]: Started Enable support for additional executable binary formats.
[   13.768550] Kernel unaligned access at TPC[88a818] aa_dfa_unpack+0x38/0x5a0
[   13.768703] Kernel unaligned access at TPC[88a838] aa_dfa_unpack+0x58/0x5a0
[   13.768785] Kernel unaligned access at TPC[88a8f4] aa_dfa_unpack+0x114/0x5a0
[   13.768869] Kernel unaligned access at TPC[88a9d4] aa_dfa_unpack+0x1f4/0x5a0
[   13.768951] Kernel unaligned access at TPC[88a9e8] aa_dfa_unpack+0x208/0x5a0
[   13.794852] systemd[1]: Started Security Auditing Service.
[   13.804186] systemd[1]: Starting Update UTMP about System Boot/Shutdown...
[   13.879710] systemd[1]: Started Update UTMP about System Boot/Shutdown.
[   13.886827] systemd[1]: Started Load AppArmor profiles.
[   13.948806] systemd[1]: Started Entropy Daemon based on the HAVEGE algorithm.
[   13.957663] systemd[1]: Starting Raise network interfaces...
[   13.969630] systemd[1]: Starting Journal Service...
[   14.136642] systemd[1]: Started Journal Service.
[   14.232154] random: crng init done
[   14.232306] random: 6 urandom warning(s) missed due to ratelimiting
