[    0.000018] PROMLIB: Sun IEEE Boot Prom 'OBP 4.38.12 2018/03/28 14:54'
[    0.000031] PROMLIB: Root node compatible: sun4v
[    0.000079] Linux version 5.6.0-05611-g1a323ea5356e (mator@ttip) (gcc version 9.3.0 (Debian 9.3.0-8)) #37 SMP Wed Apr 1 13:16:17 MSK 2020
[    0.000390] printk: bootconsole [earlyprom0] enabled
[    0.000444] ARCH: SUN4V
[    0.000495] Ethernet address: 00:14:4f:fa:06:f2
[    0.000549] MM: PAGE_OFFSET is 0xfff8000000000000 (max_phys_bits == 47)
[    0.000614] MM: VMALLOC [0x0000000100000000 --> 0x0006000000000000]
[    0.000676] MM: VMEMMAP [0x0006000000000000 --> 0x000c000000000000]
[    0.012681] Kernel: Using 5 locked TLB entries for main kernel image.
[    0.012769] Remapping the kernel... 
[    0.012795] done.
[    0.046215] OF stdout device is: /virtual-devices@100/console@1
[    0.046296] PROM: Built device tree with 86758 bytes of memory.
[    0.046362] MDESC: Size is 36512 bytes.
[    0.046487] PLATFORM: banner-name [SPARC T5-2]
[    0.046539] PLATFORM: name [ORCL,SPARC-T5-2]
[    0.046585] PLATFORM: hostid [84fa06f2]
[    0.046629] PLATFORM: serial# [0035260e]
[    0.046672] PLATFORM: stick-frequency [3b9aca00]
[    0.046722] PLATFORM: mac-address [144ffa06f2]
[    0.046768] PLATFORM: watchdog-resolution [1000 ms]
[    0.046820] PLATFORM: watchdog-max-timeout [31536000000 ms]
[    0.046876] PLATFORM: max-cpus [1024]
[    0.046977] Top of RAM: 0x24af938000, Total RAM: 0x87f354000
[    0.047042] Memory hole size: 115461MB
[    0.051637] Allocated 40960 bytes for kernel page tables.
[    0.051726] Zone ranges:
[    0.051766]   Normal   [mem 0x0000000030400000-0x00000024af937fff]
[    0.051830] Movable zone start for each node
[    0.051876] Early memory node ranges
[    0.051917]   node   0: [mem 0x0000000030400000-0x000000006fe7ffff]
[    0.051981]   node   0: [mem 0x000000006ff00000-0x000000006ff25fff]
[    0.052042]   node   0: [mem 0x0000000070000000-0x000000042fffffff]
[    0.052105]   node   0: [mem 0x0000002030000000-0x00000024af87ffff]
[    0.052169]   node   0: [mem 0x00000024af900000-0x00000024af925fff]
[    0.052231]   node   0: [mem 0x00000024af930000-0x00000024af937fff]
[    0.063985] Zeroed struct page in unavailable ranges: 263766 pages
[    0.063993] Initmem setup node 0 [mem 0x0000000030400000-0x00000024af937fff]
[    0.064155] On node 0 totalpages: 4454826
[    0.064165]   Normal zone: 39154 pages used for memmap
[    0.064171]   Normal zone: 0 pages reserved
[    0.064176]   Normal zone: 4454826 pages, LIFO batch:31
[    0.075350] Booting Linux...
[    0.075436] CPU CAPS: [flush,stbar,swap,muldiv,v9,blkinit,n2,mul32]
[    0.075520] CPU CAPS: [div32,v8plus,popc,vis,vis2,ASIBlkInit,fmaf,vis3]
[    0.076601] CPU CAPS: [hpc,ima,pause,cbcond,aes,des,kasumi,camellia]
[    0.076675] CPU CAPS: [md5,sha1,sha256,sha512,mpmul,montmul,montsqr,crc32c]
[    0.106487] percpu: Embedded 27 pages/cpu s182992 r8192 d30000 u262144
[    0.106734] pcpu-alloc: s182992 r8192 d30000 u262144 alloc=1*4194304
[    0.106741] pcpu-alloc: [0] 000 001 002 003 004 005 006 007 008 009 010 011 012 013 014 015 
[    0.106769] pcpu-alloc: [0] 016 017 018 019 020 021 022 023 024 025 026 027 028 029 030 031 
[    0.106797] pcpu-alloc: [0] 032 033 034 035 036 037 038 039 040 041 042 043 044 045 046 047 
[    0.106824] pcpu-alloc: [0] 048 049 050 051 052 053 054 055 056 057 058 059 060 061 062 063 
[    0.106851] pcpu-alloc: [0] 064 065 066 067 068 069 070 071 072 073 074 075 076 077 078 079 
[    0.106879] pcpu-alloc: [0] 080 081 082 083 084 085 086 087 088 089 090 091 092 093 094 095 
[    0.106906] pcpu-alloc: [0] 096 097 098 099 100 101 102 103 104 105 106 107 108 109 110 111 
[    0.106933] pcpu-alloc: [0] 112 113 114 115 116 117 118 119 120 121 122 123 124 125 126 127 
[    0.107413] SUN4V: Mondo queue sizes [cpu(131072) dev(16384) r(8192) nr(256)]
[    0.107792] Built 1 zonelists, mobility grouping on.  Total pages: 4415672
[    0.107881] Kernel command line: BOOT_IMAGE=/vmlinux-5.6.0-05611-g1a323ea5356e root=/dev/vdiska2 ro zswap.enabled=1
[    0.110436] printk: log_buf_len individual max cpu contribution: 4096 bytes
[    0.110507] printk: log_buf_len total cpu_extra contributions: 520192 bytes
[    0.110573] printk: log_buf_len min size: 131072 bytes
[    0.110847] printk: log_buf_len: 1048576 bytes
[    0.110898] printk: early log buf free: 126664(96%)
[    0.117338] Dentry cache hash table entries: 8388608 (order: 13, 67108864 bytes, linear)
[    0.120698] Inode-cache hash table entries: 4194304 (order: 12, 33554432 bytes, linear)
[    0.120802] Sorting __ex_table...
[    0.121039] mem auto-init: stack:off, heap alloc:off, heap free:off
[    0.180822] Memory: 1305232K/35638608K available (7748K kernel code, 1052K rwdata, 2296K rodata, 640K init, 6814K bss, 509056K reserved, 0K cma-reserved)
[    0.181501] SLUB: HWalign=32, Order=0-3, MinObjects=0, CPUs=128, Nodes=1
[    0.181796] ftrace: allocating 21660 entries in 43 pages
[    0.190112] ftrace: allocated 43 pages with 4 groups
[    0.193133] Running RCU self tests
[    0.193212] rcu: Hierarchical RCU implementation.
[    0.193265] rcu: 	RCU event tracing is enabled.
[    0.193313] rcu: 	RCU lockdep checking is enabled.
[    0.193365] 	Tasks RCU enabled.
[    0.193402] rcu: RCU calculated value of scheduler-enlistment delay is 10 jiffies.
[    0.197769] NR_IRQS: 2048, nr_irqs: 2048, preallocated irqs: 1
[    0.197849] SUN4V: Using IRQ API major 3, cookie only virqs enabled
[    0.200314] clocksource: stick: mask: 0xffffffffffffffff max_cycles: 0x1cd42e4dffb, max_idle_ns: 881590591483 ns
[    0.200448] clocksource: mult[800000] shift[23]
[    0.200497] clockevent: mult[80000000] shift[31]
[    0.201064] Console: colour dummy device 80x25
[    0.201126] printk: console [tty0] enabled
[    0.201204] printk: bootconsole [earlyprom0] disabled
[    0.201292] Lock dependency validator: Copyright (c) 2006 Red Hat, Inc., Ingo Molnar
[    0.201344] ... MAX_LOCKDEP_SUBCLASSES:  8
[    0.201376] ... MAX_LOCK_DEPTH:          48
[    0.201408] ... MAX_LOCKDEP_KEYS:        8192
[    0.201441] ... CLASSHASH_SIZE:          4096
[    0.201474] ... MAX_LOCKDEP_ENTRIES:     16384
[    0.201507] ... MAX_LOCKDEP_CHAINS:      32768
[    0.201540] ... CHAINHASH_SIZE:          16384
[    0.201574]  memory used by lock dependency info: 3919 kB
[    0.201612]  memory used for stack traces: 2112 kB
[    0.201647]  per task-struct memory footprint: 1920 bytes
[    0.351091] Calibrating delay using timer specific routine.. 2014.59 BogoMIPS (lpj=10072956)
[    0.351166] pid_max: default: 131072 minimum: 1024
[    0.351469] LSM: Security Framework initializing
[    0.351624] AppArmor: AppArmor initialized
[    0.351900] Mount-cache hash table entries: 131072 (order: 7, 1048576 bytes, linear)
[    0.352069] Mountpoint-cache hash table entries: 131072 (order: 7, 1048576 bytes, linear)
[    0.352215] *** VALIDATE tmpfs ***
[    0.353088] *** VALIDATE proc ***
[    0.353624] *** VALIDATE cgroup ***
[    0.353658] *** VALIDATE cgroup2 ***
[    0.355827] rcu: Hierarchical SRCU implementation.
[    0.364170] smp: Bringing up secondary CPUs ...
[    0.409570] smp: Brought up 1 node, 32 CPUs
[    0.602776] node 0 initialised, 4228040 pages in 190ms
[    0.604010] devtmpfs: initialized
[    0.608865] Performance events: 
[    0.608917] Testing NMI watchdog ... 
[    0.809017] OK.
[    0.809201] Supported PMU type is 'niagara5'
[    0.809422] random: get_random_u32 called from bucket_table_alloc.isra.0+0x198/0x1c0 with crng_init=0
[    0.810095] ldc.c:v1.1 (July 22, 2008)
[    0.812475] clocksource: jiffies: mask: 0xffffffff max_cycles: 0xffffffff, max_idle_ns: 19112604462750000 ns
[    0.812575] futex hash table entries: 32768 (order: 9, 4194304 bytes, linear)
[    0.817918] NET: Registered protocol family 16
[    0.826453] VIO: Adding device channel-devices (tx_ino = ffffffffffffffff, rx_ino = ffffffffffffffff)
[    0.826691] VIO: Adding device vnet-port-0-0 (tx_ino = 0, rx_ino = 1)
[    0.826908] VIO: Adding device vnet-port-0-1 (tx_ino = 2, rx_ino = 3)
[    0.827083] VIO: Adding device vnet-port-0-2 (tx_ino = 4, rx_ino = 5)
[    0.827256] VIO: Adding device vnet-port-0-3 (tx_ino = 6, rx_ino = 7)
[    0.827436] VIO: Adding device vnet-port-0-4 (tx_ino = 8, rx_ino = 9)
[    0.827611] VIO: Adding device vnet-port-0-5 (tx_ino = a, rx_ino = b)
[    0.827784] VIO: Adding device vdc-port-2-0 (tx_ino = c, rx_ino = d)
[    0.827964] VIO: Adding device vdc-port-1-0 (tx_ino = e, rx_ino = f)
[    0.828137] VIO: Adding device vdc-port-0-0 (tx_ino = 10, rx_ino = 11)
[    0.828322] VIO: Adding device vdc-port-3-0 (tx_ino = 12, rx_ino = 13)
[    0.828502] VIO: Adding device vlds-port-0-0 (tx_ino = 14, rx_ino = 15)
[    0.828682] VIO: Adding device domain-services-port-0 (tx_ino = 14, rx_ino = 15)
[    0.828998] audit: initializing netlink subsys (disabled)
[    0.829417] audit: type=2000 audit(0.620:1): state=initialized audit_enabled=0 res=1
[    0.856072] HugeTLB registered 64.0 KiB page size, pre-allocated 0 pages
[    0.856131] HugeTLB registered 8.00 MiB page size, pre-allocated 0 pages
[    0.856180] HugeTLB registered 256 MiB page size, pre-allocated 0 pages
[    0.856228] HugeTLB registered 2.00 GiB page size, pre-allocated 0 pages
[    0.857866] alg: extra crypto tests enabled.  This is intended for developer use only.
[    0.884696] cryptd: max_cpu_qlen set to 1000
[    0.995532] NetLabel: Initializing
[    0.995574] NetLabel:  domain hash size = 128
[    0.995609] NetLabel:  protocols = UNLABELED CIPSOv4 CALIPSO
[    0.995738] NetLabel:  unlabeled traffic allowed by default
[    0.996719] SUN4V: Reboot data supported (maj=1,min=0).
[    0.997092] ds.c:v1.0 (Jul 11, 2007)
[    0.997452] ds-0: ds_conn_reset() from send_events.isra.0
[    0.998934] clocksource: Switched to clocksource stick
[    1.207716] *** VALIDATE bpf ***
[    1.209068] VFS: Disk quotas dquot_6.6.0
[    1.209201] VFS: Dquot-cache hash table entries: 1024 (order 0, 8192 bytes)
[    1.209426] *** VALIDATE ramfs ***
[    1.209481] *** VALIDATE hugetlbfs ***
[    1.211134] AppArmor: AppArmor Filesystem Enabled
[    1.224005] NET: Registered protocol family 2
[    1.225454] tcp_listen_portaddr_hash hash table entries: 32768 (order: 8, 2621440 bytes, linear)
[    1.228384] TCP established hash table entries: 524288 (order: 9, 4194304 bytes, linear)
[    1.230980] TCP bind hash table entries: 65536 (order: 9, 4718592 bytes, linear)
[    1.236558] TCP: Hash tables configured (established 524288 bind 65536)
[    1.239148] UDP hash table entries: 32768 (order: 9, 5242880 bytes, linear)
[    1.245691] UDP-Lite hash table entries: 32768 (order: 9, 5242880 bytes, linear)
[    1.254065] NET: Registered protocol family 1
[    1.254146] NET: Registered protocol family 44
[    1.254682] Trying to unpack rootfs image as initramfs...
[    1.452489] Freeing initrd memory: 14752K
[    1.453275] aes_sparc64: Using sparc64 aes opcodes optimized AES implementation
[    1.762302] des_sparc64: Using sparc64 des opcodes optimized DES implementation
[    2.290581] camellia_sparc64: Using sparc64 camellia opcodes optimized CAMELLIA implementation
[    2.493853] workingset: timestamp_bits=46 max_order=23 bucket_order=0
[    2.513012] zbud: loaded
[    2.515341] SGI XFS with ACLs, security attributes, quota, fatal assert, debug enabled
[    2.521532] *** VALIDATE xfs ***
[    2.536428] Block layer SCSI generic (bsg) driver version 0.4 loaded (major 252)
[    2.537352] io scheduler mq-deadline registered
[    2.540233] f029b788: ttyHV0 at I/O 0x0 (irq = 1, base_baud = 115200) is a SUN4V HCONS
[    2.540317] INFO: trying to register non-static key.
[    2.540324] the code is fine but needs lockdep annotation.
[    2.540330] turning off the locking correctness validator.
[    2.540338] CPU: 24 PID: 1 Comm: swapper/0 Not tainted 5.6.0-05611-g1a323ea5356e #37
[    2.540346] Call Trace:
[    2.540360]  [00000000004de8d8] register_lock_class+0x278/0x8a0
[    2.540367]  [00000000004da1ac] __lock_acquire+0x8c/0x3660
[    2.540374]  [00000000004de3fc] lock_acquire+0x3dc/0x460
[    2.540385]  [0000000000b926e4] _raw_spin_lock_irqsave+0x44/0x60
[    2.540395]  [0000000000978820] uart_add_one_port+0x360/0x500
[    2.540403]  [000000000097e224] hv_probe+0x144/0x200
[    2.540415]  [000000000098ed94] platform_drv_probe+0x34/0xa0
[    2.540422]  [000000000098c974] really_probe+0x214/0x460
[    2.540429]  [000000000098d09c] driver_probe_device+0xfc/0x140
[    2.540435]  [000000000098d37c] device_driver_attach+0x3c/0x60
[    2.540442]  [000000000098d4e8] __driver_attach+0x148/0x160
[    2.540449]  [000000000098b0e4] bus_for_each_dev+0x44/0xa0
[    2.540455]  [000000000098d51c] driver_attach+0x1c/0x40
[    2.540462]  [000000000098b764] bus_add_driver+0x124/0x220
[    2.540468]  [000000000098dcc4] driver_register+0xc4/0x120
[    2.540475]  [000000000098ed00] __platform_driver_register+0x40/0x60
[    2.541029] printk: console [ttyHV0] enabled
[    2.542736] sunvdc.c:v1.2 (November 24, 2014)
[    2.545161] sunvdc: Virtual Hard disk vdiskc
[    2.545183] sunvdc: vdiskc: 104857600 sectors (51200 MB) protocol 1.2
[    2.568027] sunvdc: Virtual Hard disk vdiskb
[    2.568062] sunvdc: vdiskb: 62914560 sectors (30720 MB) protocol 1.2
[    2.569150]  vdiskb: vdiskb1
[    2.580068] sunvdc: Virtual Hard disk vdiska
[    2.580099] sunvdc: vdiska: 31457280 sectors (15360 MB) protocol 1.2
[    2.581073]  vdiska: vdiska1 vdiska2 vdiska3 vdiska4
[    2.591621] sunvdc: Virtual CDROM vdiskd
[    2.591655] sunvdc: vdiskd: 453848 sectors (221 MB) protocol 1.2
[    2.592708]  vdiskd: vdiskd1 vdiskd2 vdiskd3 vdiskd4 vdiskd5 vdiskd6 vdiskd7
[    2.602175] sunvnet: sunvnet 2.0 (February 3, 2017)
[    2.603200] vnet_port vnet-port-0-0 eth0: Sun LDOM vnet 00:14:4f:f8:12:a3
[    2.603324] sunvnet: eth0: PORT ( remote-mac 00:14:4f:fa:f3:f0 switch-port )
[    2.603539] sunvnet: eth0: PORT ( remote-mac 00:14:4f:f8:e5:f3 )
[    2.603756] sunvnet: eth0: PORT ( remote-mac 00:14:4f:f9:b4:97 )
[    2.603951] sunvnet: eth0: PORT ( remote-mac 00:14:4f:f8:3f:1e )
[    2.604151] sunvnet: eth0: PORT ( remote-mac 00:14:4f:f8:fe:47 )
[    2.604345] sunvnet: eth0: PORT ( remote-mac 00:14:4f:f9:8b:83 )
[    2.605133] rtc-sun4v rtc-sun4v: registered as rtc0
[    2.605361] sun4v_wdt: initialized (timeout=60s, nowayout=0)
[    2.605480] device-mapper: uevent: version 1.0.3
[    2.605809] device-mapper: ioctl: 4.42.0-ioctl (2020-02-27) initialised: dm-devel@redhat.com
[    2.606511] NET: Registered protocol family 17
[    2.606741] registered taskstats version 1
[    2.607155] zswap: loaded using pool lzo/zbud
[    2.878168] Key type big_key registered
[    2.878204] AppArmor: AppArmor sha1 policy hashing enabled
[    2.878612] rtc-sun4v rtc-sun4v: setting system clock to 2020-04-01T16:28:53 UTC (1585758533)
[    2.880952] This architecture does not have kernel memory protection.
[    2.880978] Run /init as init process
[    2.880996]   with arguments:
[    2.881011]     /init
[    2.881024]   with environment:
[    2.881039]     HOME=/
[    2.881053]     TERM=linux
[    2.881067]     BOOT_IMAGE=/vmlinux-5.6.0-05611-g1a323ea5356e
[    3.153380] crc32c_sparc64: Using sparc64 crc32c opcode optimized CRC32C implementation
[    3.688905] raid6: int64x8  gen()  2153 MB/s
[    3.858890] raid6: int64x8  xor()  1535 MB/s
[    4.028888] raid6: int64x4  gen()  3418 MB/s
[    4.198895] raid6: int64x4  xor()  1479 MB/s
[    4.368914] raid6: int64x2  gen()  2781 MB/s
[    4.538880] raid6: int64x2  xor()  1168 MB/s
[    4.708891] raid6: int64x1  gen()  1370 MB/s
[    4.878900] raid6: int64x1  xor()   669 MB/s
[    4.878932] raid6: using algorithm int64x4 gen() 3418 MB/s
[    4.878954] raid6: .... xor() 1479 MB/s, rmw enabled
[    4.878974] raid6: using intx1 recovery algorithm
[    4.879620] async_tx: api initialized (async)
[    4.879976] xor: automatically using best checksumming function   Niagara   
[    4.941948] process '/usr/bin/fstype' started with executable stack
[    4.957579] random: fast init done
[    5.016477] EXT4-fs (vdiska2): mounted filesystem with ordered data mode. Opts: (null)
[    7.024171] systemd[1]: Inserted module 'autofs4'
[    7.147374] NET: Registered protocol family 10
[    7.151368] Segment Routing with IPv6
[    7.248068] systemd[1]: systemd 245.2-1 running in system mode. (+PAM +AUDIT +SELINUX +IMA +APPARMOR +SMACK +SYSVINIT +UTMP +LIBCRYPTSETUP +GCRYPT +GNUTLS +ACL +XZ +LZ4 -SECCOMP +BLKID +ELFUTILS +KMOD +IDN2 -IDN +PCRE2 default-hierarchy=hybrid)
[    7.248551] systemd[1]: Detected architecture sparc64.
[    7.362784] systemd[1]: Set hostname to <ttip>.
[    8.367114] random: lvmconfig: uninitialized urandom read (4 bytes read)
[    9.210797] systemd[1]: /lib/systemd/system/dbus.socket:5: ListenStream= references a path below legacy directory /var/run/, updating /var/run/dbus/system_bus_socket â†’ /run/dbus/system_bus_socket; please update the unit file accordingly.
[    9.529976] random: systemd: uninitialized urandom read (16 bytes read)
[    9.536584] systemd[1]: Created slice system-getty.slice.
[    9.537008] random: systemd: uninitialized urandom read (16 bytes read)
[    9.539529] systemd[1]: Created slice system-modprobe.slice.
[    9.539791] random: systemd: uninitialized urandom read (16 bytes read)
[    9.542265] systemd[1]: Created slice system-openvpn\x2dclient.slice.
[    9.545549] systemd[1]: Created slice system-postfix.slice.
[    9.548266] systemd[1]: Created slice system-systemd\x2dfsck.slice.
[    9.550984] systemd[1]: Created slice User and Session Slice.
[    9.551522] systemd[1]: Started Dispatch Password Requests to Console Directory Watch.
[    9.552005] systemd[1]: Started Forward Password Requests to Wall Directory Watch.
[    9.553307] systemd[1]: Set up automount Arbitrary Executable File Formats File System Automount Point.
[    9.553668] systemd[1]: Reached target Local Encrypted Volumes.
[    9.553980] systemd[1]: Reached target Paths.
[    9.554254] systemd[1]: Reached target Remote File Systems.
[    9.554531] systemd[1]: Reached target Slices.
[    9.555054] systemd[1]: Listening on Device-mapper event daemon FIFOs.
[    9.555738] systemd[1]: Listening on LVM2 poll daemon socket.
[    9.627212] systemd[1]: Listening on Syslog Socket.
[    9.627985] systemd[1]: Listening on fsck to fsckd communication Socket.
[    9.628470] systemd[1]: Listening on initctl Compatibility Named Pipe.
[    9.629336] systemd[1]: Listening on Journal Audit Socket.
[    9.629916] systemd[1]: Listening on Journal Socket (/dev/log).
[    9.630608] systemd[1]: Listening on Journal Socket.
[    9.631269] systemd[1]: Listening on udev Control Socket.
[    9.631760] systemd[1]: Listening on udev Kernel Socket.
[    9.637393] systemd[1]: Mounting Huge Pages File System...
[    9.642835] systemd[1]: Mounting POSIX Message Queue File System...
[    9.648131] systemd[1]: Mounting Kernel Debug File System...
[    9.654390] systemd[1]: Mounting Kernel Trace File System...
[    9.659995] systemd[1]: Starting Availability of block devices...
[    9.665318] systemd[1]: Starting Wait for network to be configured by ifupdown...
[    9.671116] systemd[1]: Starting Create list of static device nodes for the current kernel...
[    9.676034] systemd[1]: Starting Monitoring of LVM2 mirrors, snapshots etc. using dmeventd or progress polling...
[    9.681060] systemd[1]: Starting Load Kernel Module drm...
[    9.686398] systemd[1]: Starting nftables...
[    9.693842] systemd[1]: Condition check resulted in Set Up Additional Binary Formats being skipped.
[    9.694057] systemd[1]: Condition check resulted in File System Check on Root Device being skipped.
[    9.702518] systemd[1]: Starting Journal Service...
[    9.723103] systemd[1]: Starting Load Kernel Modules...
[    9.728494] systemd[1]: Starting Remount Root and Kernel File Systems...
[    9.734536] systemd[1]: Starting udev Coldplug all Devices...
[    9.740511] systemd[1]: Mounted Huge Pages File System.
[    9.741477] systemd[1]: Mounted POSIX Message Queue File System.
[    9.742314] systemd[1]: Mounted Kernel Debug File System.
[    9.743167] systemd[1]: Mounted Kernel Trace File System.
[    9.746308] systemd[1]: Finished Availability of block devices.
[    9.749779] systemd[1]: Finished Wait for network to be configured by ifupdown.
[    9.752880] systemd[1]: Finished Create list of static device nodes for the current kernel.
[    9.754425] systemd[1]: modprobe@drm.service: Succeeded.
[    9.756441] systemd[1]: Finished Load Kernel Module drm.
[    9.812426] EXT4-fs (vdiska2): re-mounted. Opts: errors=remount-ro
[    9.817142] systemd[1]: Finished Load Kernel Modules.
[    9.820172] systemd[1]: Finished Remount Root and Kernel File Systems.
[    9.821140] systemd[1]: Condition check resulted in FUSE Control File System being skipped.
[    9.821418] systemd[1]: Condition check resulted in Kernel Configuration File System being skipped.
[    9.859177] systemd[1]: Starting Initial Check File System Quotas...
[    9.880462] systemd[1]: Condition check resulted in Rebuild Hardware Database being skipped.
[    9.886869] systemd[1]: Starting Load/Save Random Seed...
[    9.895338] systemd[1]: Starting Apply Kernel Variables...
[    9.901082] systemd[1]: Starting Create System Users...
[    9.902168] systemd[1]: Started Journal Service.
[    9.987875] systemd-journald[555]: Received client request to flush runtime journal.
[   11.334937] sha1_sparc64: Using sparc64 sha1 opcode optimized SHA-1 implementation
[   11.402302] n2rng v0.3 (Jan 7, 2017)
[   11.402355] n2rng f029b104: Registered RNG HVAPI major 2 minor 0
[   11.402386] n2rng f029b104: Found multi-unit-capable RNG, units: 2
[   11.402677] n2rng f029b104: RNG ready
[   11.488770] pktcdvd: setup of pktcdvd device failed
[   11.515590] pktcdvd: setup of pktcdvd device failed
[   11.518057] pktcdvd: setup of pktcdvd device failed
[   11.520757] sha256_sparc64: Using sparc64 sha256 opcode optimized SHA-256/SHA-224 implementation
[   11.520967] pktcdvd: setup of pktcdvd device failed
[   11.523473] pktcdvd: setup of pktcdvd device failed
[   11.525871] pktcdvd: setup of pktcdvd device failed
[   11.528686] pktcdvd: setup of pktcdvd device failed
[   11.531665] pktcdvd: setup of pktcdvd device failed
[   11.681963] sha512_sparc64: Using sparc64 sha512 opcode optimized SHA-512/SHA-384 implementation
[   11.695917] md5_sparc64: Using sparc64 md5 opcode optimized MD5 implementation
[   11.838937] Adding 787176k swap on /dev/vdiska4.  Priority:-2 extents:1 across:787176k FS
[   11.842829] XFS (dm-0): Mounting V5 Filesystem
[   11.862678] XFS (dm-0): Ending clean mount
[   11.864367] xfs filesystem being mounted at /1 supports timestamps until 2038 (0x7fffffff)
[   12.299517] EXT4-fs (vdiska1): mounting ext3 file system using the ext4 subsystem
[   12.605142] EXT4-fs (vdiska1): mounted filesystem with ordered data mode. Opts: (null)
[   12.605301] ext3 filesystem being mounted at /boot supports timestamps until 2038 (0x7fffffff)
[   13.801417] Kernel unaligned access at TPC[8987f8] aa_dfa_unpack+0x38/0x5a0
[   13.801471] Kernel unaligned access at TPC[898818] aa_dfa_unpack+0x58/0x5a0
[   13.801508] Kernel unaligned access at TPC[8988d4] aa_dfa_unpack+0x114/0x5a0
[   13.801542] Kernel unaligned access at TPC[8989b4] aa_dfa_unpack+0x1f4/0x5a0
[   13.801572] Kernel unaligned access at TPC[8989c8] aa_dfa_unpack+0x208/0x5a0
[   13.809172] audit: type=1400 audit(1585758544.430:2): apparmor="STATUS" operation="profile_load" profile="unconfined" name="nvidia_modprobe" pid=748 comm="apparmor_parser"
[   13.809266] audit: type=1400 audit(1585758544.430:3): apparmor="STATUS" operation="profile_load" profile="unconfined" name="nvidia_modprobe//kmod" pid=748 comm="apparmor_parser"
[   13.809982] audit: type=1400 audit(1585758544.430:4): apparmor="STATUS" operation="profile_load" profile="unconfined" name="/usr/sbin/haveged" pid=747 comm="apparmor_parser"
[   13.820355] audit: type=1400 audit(1585758544.440:5): apparmor="STATUS" operation="profile_load" profile="unconfined" name="lsb_release" pid=752 comm="apparmor_parser"
[   13.856957] audit: type=1400 audit(1585758544.470:6): apparmor="STATUS" operation="profile_load" profile="unconfined" name="/usr/bin/man" pid=749 comm="apparmor_parser"
[   13.857047] audit: type=1400 audit(1585758544.470:7): apparmor="STATUS" operation="profile_load" profile="unconfined" name="man_filter" pid=749 comm="apparmor_parser"
[   13.857123] audit: type=1400 audit(1585758544.470:8): apparmor="STATUS" operation="profile_load" profile="unconfined" name="man_groff" pid=749 comm="apparmor_parser"
[   13.916081] audit: type=1400 audit(1585758544.530:9): apparmor="STATUS" operation="profile_load" profile="unconfined" name="/usr/sbin/named" pid=751 comm="apparmor_parser"
[   13.948471] audit: type=1400 audit(1585758544.560:10): apparmor="STATUS" operation="profile_load" profile="unconfined" name="/usr/sbin/tcpdump" pid=750 comm="apparmor_parser"
[   14.639067] random: crng init done
[   14.639098] random: 6 urandom warning(s) missed due to ratelimiting
