[    0.000021] PROMLIB: Sun IEEE Boot Prom 'OBP 4.38.12 2018/03/28 14:54'
[    0.000034] PROMLIB: Root node compatible: sun4v
[    0.000086] Linux version 5.1.0-01984-geac7078a0fff (mator@ttip) (gcc version 8.3.0 (Debian 8.3.0-7)) #1058 SMP Sat Jul 13 14:50:54 MSK 2019
[    0.000391] printk: bootconsole [earlyprom0] enabled
[    0.000444] ARCH: SUN4V
[    0.000493] Ethernet address: 00:14:4f:fa:06:f2
[    0.000544] MM: PAGE_OFFSET is 0xfff8000000000000 (max_phys_bits == 47)
[    0.000610] MM: VMALLOC [0x0000000100000000 --> 0x0006000000000000]
[    0.000670] MM: VMEMMAP [0x0006000000000000 --> 0x000c000000000000]
[    0.012288] Kernel: Using 5 locked TLB entries for main kernel image.
[    0.012376] Remapping the kernel... 
[    0.012400] done.
[    0.047708] OF stdout device is: /virtual-devices@100/console@1
[    0.047793] PROM: Built device tree with 86230 bytes of memory.
[    0.047858] MDESC: Size is 36560 bytes.
[    0.047984] PLATFORM: banner-name [SPARC T5-2]
[    0.048036] PLATFORM: name [ORCL,SPARC-T5-2]
[    0.048081] PLATFORM: hostid [84fa06f2]
[    0.048127] PLATFORM: serial# [0035260e]
[    0.048169] PLATFORM: stick-frequency [3b9aca00]
[    0.048219] PLATFORM: mac-address [144ffa06f2]
[    0.048265] PLATFORM: watchdog-resolution [1000 ms]
[    0.048317] PLATFORM: watchdog-max-timeout [31536000000 ms]
[    0.048371] PLATFORM: max-cpus [1024]
[    0.048485] Top of RAM: 0x24af938000, Total RAM: 0x87f354000
[    0.048546] Memory hole size: 115461MB
[    0.053266] Allocated 40960 bytes for kernel page tables.
[    0.053385] Zone ranges:
[    0.053430]   Normal   [mem 0x0000000030400000-0x00000024af937fff]
[    0.053496] Movable zone start for each node
[    0.054548] Early memory node ranges
[    0.054592]   node   0: [mem 0x0000000030400000-0x000000006fe7ffff]
[    0.054656]   node   0: [mem 0x000000006ff00000-0x000000006ff25fff]
[    0.054719]   node   0: [mem 0x0000000070000000-0x000000042fffffff]
[    0.054780]   node   0: [mem 0x0000002030000000-0x00000024af87ffff]
[    0.054845]   node   0: [mem 0x00000024af900000-0x00000024af925fff]
[    0.054909]   node   0: [mem 0x00000024af930000-0x00000024af937fff]
[    0.062369] Zeroed struct page in unavailable ranges: 230130 pages
[    0.062377] Initmem setup node 0 [mem 0x0000000030400000-0x00000024af937fff]
[    0.062535] On node 0 totalpages: 4454826
[    0.062545]   Normal zone: 39154 pages used for memmap
[    0.062550]   Normal zone: 0 pages reserved
[    0.062556]   Normal zone: 4454826 pages, LIFO batch:31
[    0.261171] Booting Linux...
[    0.261258] CPU CAPS: [flush,stbar,swap,muldiv,v9,blkinit,n2,mul32]
[    0.261342] CPU CAPS: [div32,v8plus,popc,vis,vis2,ASIBlkInit,fmaf,vis3]
[    0.262423] CPU CAPS: [hpc,ima,pause,cbcond,aes,des,kasumi,camellia]
[    0.262497] CPU CAPS: [md5,sha1,sha256,sha512,mpmul,montmul,montsqr,crc32c]
[    0.322531] percpu: Embedded 27 pages/cpu s179528 r8192 d33464 u262144
[    0.322790] pcpu-alloc: s179528 r8192 d33464 u262144 alloc=1*4194304
[    0.322798] pcpu-alloc: [0] 000 001 002 003 004 005 006 007 008 009 010 011 012 013 014 015 
[    0.322825] pcpu-alloc: [0] 016 017 018 019 020 021 022 023 024 025 026 027 028 029 030 031 
[    0.322852] pcpu-alloc: [0] 032 033 034 035 036 037 038 039 040 041 042 043 044 045 046 047 
[    0.322879] pcpu-alloc: [0] 048 049 050 051 052 053 054 055 056 057 058 059 060 061 062 063 
[    0.322906] pcpu-alloc: [0] 064 065 066 067 068 069 070 071 072 073 074 075 076 077 078 079 
[    0.322933] pcpu-alloc: [0] 080 081 082 083 084 085 086 087 088 089 090 091 092 093 094 095 
[    0.322959] pcpu-alloc: [0] 096 097 098 099 100 101 102 103 104 105 106 107 108 109 110 111 
[    0.322986] pcpu-alloc: [0] 112 113 114 115 116 117 118 119 120 121 122 123 124 125 126 127 
[    0.323013] pcpu-alloc: [0] 128 129 130 131 132 133 134 135 136 137 138 139 140 141 142 143 
[    0.323040] pcpu-alloc: [0] 144 145 146 147 148 149 150 151 152 153 154 155 156 157 158 159 
[    0.323067] pcpu-alloc: [0] 160 161 162 163 164 165 166 167 168 169 170 171 172 173 174 175 
[    0.323094] pcpu-alloc: [0] 176 177 178 179 180 181 182 183 184 185 186 187 188 189 190 191 
[    0.323121] pcpu-alloc: [0] 192 193 194 195 196 197 198 199 200 201 202 203 204 205 206 207 
[    0.323147] pcpu-alloc: [0] 208 209 210 211 212 213 214 215 216 217 218 219 220 221 222 223 
[    0.323174] pcpu-alloc: [0] 224 225 226 227 228 229 230 231 232 233 234 235 236 237 238 239 
[    0.323201] pcpu-alloc: [0] 240 241 242 243 244 245 246 247 248 249 250 251 252 253 254 255 
[    0.323685] SUN4V: Mondo queue sizes [cpu(131072) dev(16384) r(8192) nr(256)]
[    0.324060] Built 1 zonelists, mobility grouping on.  Total pages: 4415672
[    0.324151] Kernel command line: BOOT_IMAGE=/vmlinuz-5.1.0-01984-geac7078a0fff root=/dev/vdiska2 ro zswap.enabled=1
[    0.327688] printk: log_buf_len individual max cpu contribution: 4096 bytes
[    0.327780] printk: log_buf_len total cpu_extra contributions: 1044480 bytes
[    0.327848] printk: log_buf_len min size: 131072 bytes
[    0.329238] printk: log_buf_len: 2097152 bytes
[    0.329290] printk: early log buf free: 125896(96%)
[    0.335687] Dentry cache hash table entries: 8388608 (order: 13, 67108864 bytes)
[    0.339007] Inode-cache hash table entries: 4194304 (order: 12, 33554432 bytes)
[    0.339108] Sorting __ex_table...
[    0.418086] Memory: 35102432K/35638608K available (6815K kernel code, 960K rwdata, 2024K rodata, 976K init, 6725K bss, 536176K reserved, 0K cma-reserved)
[    0.419146] kmemleak: Kernel memory leak detector disabled
[    0.419719] ftrace: allocating 19827 entries in 39 pages
[    0.434126] Running RCU self tests
[    0.434201] rcu: Hierarchical RCU implementation.
[    0.434255] rcu: 	RCU event tracing is enabled.
[    0.434306] rcu: 	RCU lockdep checking is enabled.
[    0.434354] 	Tasks RCU enabled.
[    0.435399] rcu: RCU calculated value of scheduler-enlistment delay is 11 jiffies.
[    0.442604] NR_IRQS: 2048, nr_irqs: 2048, preallocated irqs: 1
[    0.442733] SUN4V: Using IRQ API major 3, cookie only virqs enabled
[    0.447036] clocksource: stick: mask: 0xffffffffffffffff max_cycles: 0x1cd42e4dffb, max_idle_ns: 881590591483 ns
[    0.447169] clocksource: mult[800000] shift[23]
[    0.447216] clockevent: mult[80000000] shift[31]
[    0.451181] Console: colour dummy device 80x25
[    0.451270] printk: console [tty0] enabled
[    0.451350] printk: bootconsole [earlyprom0] disabled
[    0.451436] Lock dependency validator: Copyright (c) 2006 Red Hat, Inc., Ingo Molnar
[    0.451483] ... MAX_LOCKDEP_SUBCLASSES:  8
[    0.451512] ... MAX_LOCK_DEPTH:          48
[    0.451541] ... MAX_LOCKDEP_KEYS:        8191
[    0.451570] ... CLASSHASH_SIZE:          4096
[    0.451600] ... MAX_LOCKDEP_ENTRIES:     16384
[    0.451630] ... MAX_LOCKDEP_CHAINS:      32768
[    0.451660] ... CHAINHASH_SIZE:          16384
[    0.451690]  memory used by lock dependency info: 3853 kB
[    0.451724]  per task-struct memory footprint: 1920 bytes
[    0.451932] kmemleak: Early log buffer exceeded (4964), please increase DEBUG_KMEMLEAK_EARLY_LOG_SIZE
[    0.597916] Calibrating delay using timer specific routine.. 2017.32 BogoMIPS (lpj=10086609)
[    0.597983] pid_max: default: 262144 minimum: 2048
[    0.599651] Mount-cache hash table entries: 131072 (order: 7, 1048576 bytes)
[    0.599810] Mountpoint-cache hash table entries: 131072 (order: 7, 1048576 bytes)
[    0.601247] *** VALIDATE proc ***
[    0.601917] *** VALIDATE cgroup1 ***
[    0.601948] *** VALIDATE cgroup2 ***
[    0.604715] rcu: Hierarchical SRCU implementation.
[    0.627042] smp: Bringing up secondary CPUs ...
[    0.707162] smp: Brought up 1 node, 32 CPUs
[    0.714505] devtmpfs: initialized
[    0.720869] Performance events: 
[    0.720926] Testing NMI watchdog ... 
[    0.921043] OK.
[    0.921203] Supported PMU type is 'niagara5'
[    0.921527] random: get_random_u32 called from bucket_table_alloc.isra.4+0x13c/0x1c0 with crng_init=0
[    0.922400] ldc.c:v1.1 (July 22, 2008)
[    0.925406] clocksource: jiffies: mask: 0xffffffff max_cycles: 0xffffffff, max_idle_ns: 19112604462750000 ns
[    0.925510] futex hash table entries: 65536 (order: 10, 8388608 bytes)
[    0.935307] NET: Registered protocol family 16
[    0.945284] VIO: Adding device channel-devices (tx_ino = ffffffffffffffff, rx_ino = ffffffffffffffff)
[    0.945550] VIO: Adding device vnet-port-0-0 (tx_ino = 0, rx_ino = 1)
[    0.945764] VIO: Adding device vnet-port-0-1 (tx_ino = 2, rx_ino = 3)
[    0.945952] VIO: Adding device vnet-port-0-2 (tx_ino = 4, rx_ino = 5)
[    0.946149] VIO: Adding device vnet-port-0-3 (tx_ino = 6, rx_ino = 7)
[    0.946338] VIO: Adding device vnet-port-0-4 (tx_ino = 8, rx_ino = 9)
[    0.946522] VIO: Adding device vnet-port-0-5 (tx_ino = 16, rx_ino = 17)
[    0.946713] VIO: Adding device vdc-port-3-0 (tx_ino = a, rx_ino = b)
[    0.946910] VIO: Adding device vdc-port-2-0 (tx_ino = c, rx_ino = d)
[    0.947095] VIO: Adding device vdc-port-1-0 (tx_ino = e, rx_ino = f)
[    0.947281] VIO: Adding device vdc-port-0-0 (tx_ino = 10, rx_ino = 11)
[    0.947474] VIO: Adding device vlds-port-0-0 (tx_ino = 12, rx_ino = 13)
[    0.947678] VIO: Adding device domain-services-port-0 (tx_ino = 12, rx_ino = 13)
[    0.948093] audit: initializing netlink subsys (disabled)
[    0.948494] audit: type=2000 audit(0.490:1): state=initialized audit_enabled=0 res=1
[    0.992841] HugeTLB registered 64.0 KiB page size, pre-allocated 0 pages
[    0.992896] HugeTLB registered 8.00 MiB page size, pre-allocated 0 pages
[    0.992939] HugeTLB registered 256 MiB page size, pre-allocated 0 pages
[    0.992983] HugeTLB registered 2.00 GiB page size, pre-allocated 0 pages
[    1.041782] alg: No test for lzo-rle (lzo-rle-generic)
[    1.042369] alg: No test for lzo-rle (lzo-rle-scomp)
[    1.057611] SUN4V: Reboot data supported (maj=1,min=0).
[    1.058051] ds.c:v1.0 (Jul 11, 2007)
[    1.058461] ds-0: ds_conn_reset() from send_events.isra.3
[    1.059898] clocksource: Switched to clocksource stick
[    1.333001] VFS: Disk quotas dquot_6.6.0
[    1.333500] VFS: Dquot-cache hash table entries: 1024 (order 0, 8192 bytes)
[    1.334117] *** VALIDATE hugetlbfs ***
[    1.352485] NET: Registered protocol family 2
[    1.357166] tcp_listen_portaddr_hash hash table entries: 32768 (order: 8, 2359296 bytes)
[    1.360520] TCP established hash table entries: 524288 (order: 9, 4194304 bytes)
[    1.362557] TCP bind hash table entries: 65536 (order: 9, 4194304 bytes)
[    1.368159] TCP: Hash tables configured (established 524288 bind 65536)
[    1.374871] UDP hash table entries: 32768 (order: 9, 5242880 bytes)
[    1.382090] UDP-Lite hash table entries: 32768 (order: 9, 5242880 bytes)
[    1.395810] NET: Registered protocol family 1
[    1.396534] Unpacking initramfs...
[    1.708780] Freeing initrd memory: 10280K
[    1.744126] workingset: timestamp_bits=46 max_order=23 bucket_order=0
[    1.749976] SGI XFS with ACLs, security attributes, debug enabled
[    1.764572] Block layer SCSI generic (bsg) driver version 0.4 loaded (major 252)
[    1.766326] io scheduler mq-deadline registered
[    1.768389] f029b788: ttyS0 at I/O 0x0 (irq = 1, base_baud = 115200) is a SUN4V HCONS
[    1.774164] printk: console [ttyHV0] enabled
[    1.778073] sunvdc.c:v1.2 (November 24, 2014)
[    1.784669] sunvdc: Virtual CDROM vdiskd
[    1.784738] sunvdc: vdiskd: 403160 sectors (196 MB) protocol 1.2
[    1.786324]  vdiskd: vdiskd1 vdiskd2 vdiskd3 vdiskd4 vdiskd5 vdiskd6 vdiskd7
[    1.842973] sunvdc: Virtual Hard disk vdiskc
[    1.843028] sunvdc: vdiskc: 104857600 sectors (51200 MB) protocol 1.2
[    1.896397] sunvdc: Virtual Hard disk vdiskb
[    1.896452] sunvdc: vdiskb: 62914560 sectors (30720 MB) protocol 1.2
[    1.898388]  vdiskb: vdiskb1
[    1.951653] sunvdc: Virtual Hard disk vdiska
[    1.951708] sunvdc: vdiska: 31457280 sectors (15360 MB) protocol 1.2
[    1.952680]  vdiska: vdiska1 vdiska2 vdiska3 vdiska4
[    1.998961] sunvnet: sunvnet 2.0 (February 3, 2017)
[    2.002561] vnet_port vnet-port-0-0 eth0: Sun LDOM vnet 00:14:4f:f8:12:a3
[    2.003182] sunvnet: eth0: PORT ( remote-mac 00:14:4f:fa:f3:f0 switch-port )
[    2.004560] sunvnet: eth0: PORT ( remote-mac 00:14:4f:f8:e5:f3 )
[    2.005861] sunvnet: eth0: PORT ( remote-mac 00:14:4f:f9:b4:97 )
[    2.007229] sunvnet: eth0: PORT ( remote-mac 00:14:4f:f9:8b:83 )
[    2.008522] sunvnet: eth0: PORT ( remote-mac 00:14:4f:f8:3f:1e )
[    2.009900] sunvnet: eth0: PORT ( remote-mac 00:14:4f:f8:fe:47 )
[    2.011567] rtc-sun4v rtc-sun4v: registered as rtc0
[    2.012033] device-mapper: uevent: version 1.0.3
[    2.013214] device-mapper: ioctl: 4.40.0-ioctl (2019-01-18) initialised: dm-devel@redhat.com
[    2.014948] NET: Registered protocol family 17
[    2.025897] zswap: default zpool zbud not available
[    2.025962] zswap: pool creation failed
[    2.077003] Key type big_key registered
[    2.077929] rtc-sun4v rtc-sun4v: setting system clock to 2019-07-13T11:53:49 UTC (1563018829)
[    2.082281] This architecture does not have kernel memory protection.
[    2.082341] Run /init as init process
[    3.023125] random: fast init done
[    3.034028] crc32c_sparc64: Using sparc64 crc32c opcode optimized CRC32C implementation
[    3.569899] raid6: int64x8  gen()  2019 MB/s
[    3.739873] raid6: int64x8  xor()  1544 MB/s
[    3.909900] raid6: int64x4  gen()  3364 MB/s
[    4.079890] raid6: int64x4  xor()  1941 MB/s
[    4.249894] raid6: int64x2  gen()  2795 MB/s
[    4.419883] raid6: int64x2  xor()  1950 MB/s
[    4.589889] raid6: int64x1  gen()  2616 MB/s
[    4.759875] raid6: int64x1  xor()  1605 MB/s
[    4.759928] raid6: using algorithm int64x4 gen() 3364 MB/s
[    4.759966] raid6: .... xor() 1941 MB/s, rmw enabled
[    4.760001] raid6: using intx1 recovery algorithm
[    4.761029] async_tx: api initialized (async)
[    4.761829] xor: automatically using best checksumming function   Niagara   
[    4.994859] EXT4-fs (vdiska2): mounted filesystem with ordered data mode. Opts: (null)
[    5.253806] systemd[1]: Inserted module 'autofs4'
[    5.265381] NET: Registered protocol family 10
[    5.278216] Segment Routing with IPv6
[    5.308784] systemd[1]: systemd 241 running in system mode. (+PAM +AUDIT +SELINUX +IMA +APPARMOR +SMACK +SYSVINIT +UTMP +LIBCRYPTSETUP +GCRYPT +GNUTLS +ACL +XZ +LZ4 -SECCOMP +BLKID +ELFUTILS +KMOD -IDN2 +IDN +PCRE2 default-hierarchy=hybrid)
[    5.309419] systemd[1]: Detected architecture sparc64.
[    5.328351] systemd[1]: Set hostname to <ttip>.
[    5.450819] random: lvmconfig: uninitialized urandom read (4 bytes read)
[    5.737575] systemd[1]: /lib/systemd/system/smbd.service:9: PIDFile= references path below legacy directory /var/run/, updating /var/run/samba/smbd.pid → /run/samba/smbd.pid; please update the unit file accordingly.
[    5.738290] systemd[1]: /lib/systemd/system/nmbd.service:9: PIDFile= references path below legacy directory /var/run/, updating /var/run/samba/nmbd.pid → /run/samba/nmbd.pid; please update the unit file accordingly.
[    5.775549] random: systemd: uninitialized urandom read (16 bytes read)
[    5.784091] random: systemd: uninitialized urandom read (16 bytes read)
[    5.784863] systemd[1]: Listening on Journal Audit Socket.
[    5.786778] systemd[1]: Listening on udev Control Socket.
[    5.787281] systemd[1]: Reached target Remote File Systems.
[    5.788237] systemd[1]: Listening on udev Kernel Socket.
[    5.791224] systemd[1]: Set up automount Arbitrary Executable File Formats File System Automount Point.
[    6.005157] EXT4-fs (vdiska2): re-mounted. Opts: errors=remount-ro
[    6.179588] systemd-journald[458]: Received request to flush runtime journal from PID 1
[    6.876941] sha1_sparc64: Using sparc64 sha1 opcode optimized SHA-1 implementation
[    6.884838] n2rng v0.3 (Jan 7, 2017)
[    6.884947] n2rng f029b104: Registered RNG HVAPI major 2 minor 0
[    6.885019] n2rng f029b104: Found multi-unit-capable RNG, units: 2
[    6.886054] n2rng f029b104: RNG ready
[    6.916660] sha256_sparc64: Using sparc64 sha256 opcode optimized SHA-256/SHA-224 implementation
[    6.939723] sha512_sparc64: Using sparc64 sha512 opcode optimized SHA-512/SHA-384 implementation
[    6.941453] md5_sparc64: Using sparc64 md5 opcode optimized MD5 implementation
[    6.958410] aes_sparc64: Using sparc64 aes opcodes optimized AES implementation
[    7.015590] des_sparc64: Using sparc64 des opcodes optimized DES implementation
[    7.082319] camellia_sparc64: Using sparc64 camellia opcodes optimized CAMELLIA implementation
[    8.243666] XFS (dm-0): Mounting V5 Filesystem
[    8.264628] XFS (dm-0): Ending clean mount
[   10.291637] Adding 787176k swap on /dev/vdiska4.  Priority:-2 extents:1 across:787176k FS
[   10.395492] EXT4-fs (vdiska1): mounting ext3 file system using the ext4 subsystem
[   10.405783] EXT4-fs (vdiska1): mounted filesystem with ordered data mode. Opts: (null)
[   11.113137] random: crng init done
[   11.113201] random: 7 urandom warning(s) missed due to ratelimiting
