[    0.000020] PROMLIB: Sun IEEE Boot Prom 'OBP 4.38.12 2018/03/28 14:54'
[    0.000032] PROMLIB: Root node compatible: sun4v
[    0.000082] Linux version 5.9.0-rc6-00353-g580e4273d7a8 (mator@ttip) (gcc (Debian 10.2.0-13) 10.2.0, GNU ld (GNU Binutils for Debian) 2.35.1) #77 SMP Mon Oct 12 13:52:55 MSK 2020
[    0.000434] printk: bootconsole [earlyprom0] enabled
[    0.000485] ARCH: SUN4V
[    0.000534] Ethernet address: 00:14:4f:fa:06:f2
[    0.000586] MM: PAGE_OFFSET is 0xfff8000000000000 (max_phys_bits == 47)
[    0.000650] MM: VMALLOC [0x0000000100000000 --> 0x0006000000000000]
[    0.000712] MM: VMEMMAP [0x0006000000000000 --> 0x000c000000000000]
[    0.013067] Kernel: Using 5 locked TLB entries for main kernel image.
[    0.013137] Remapping the kernel... 
[    0.013159] done.
[    0.046124] OF stdout device is: /virtual-devices@100/console@1
[    0.046195] PROM: Built device tree with 86758 bytes of memory.
[    0.046257] MDESC: Size is 36512 bytes.
[    0.046378] PLATFORM: banner-name [SPARC T5-2]
[    0.046426] PLATFORM: name [ORCL,SPARC-T5-2]
[    0.046474] PLATFORM: hostid [84fa06f2]
[    0.046515] PLATFORM: serial# [0035260e]
[    0.046559] PLATFORM: stick-frequency [3b9aca00]
[    0.046604] PLATFORM: mac-address [144ffa06f2]
[    0.046652] PLATFORM: watchdog-resolution [1000 ms]
[    0.046701] PLATFORM: watchdog-max-timeout [31536000000 ms]
[    0.046756] PLATFORM: max-cpus [1024]
[    0.051503] Allocated 40960 bytes for kernel page tables.
[    0.051593] Zone ranges:
[    0.051633]   Normal   [mem 0x0000000030400000-0x00000024af937fff]
[    0.051695] Movable zone start for each node
[    0.051741] Early memory node ranges
[    0.051780]   node   0: [mem 0x0000000030400000-0x000000006fe7ffff]
[    0.051842]   node   0: [mem 0x000000006ff00000-0x000000006ff25fff]
[    0.051902]   node   0: [mem 0x0000000070000000-0x000000042fffffff]
[    0.051963]   node   0: [mem 0x0000002030000000-0x00000024af87ffff]
[    0.052022]   node   0: [mem 0x00000024af900000-0x00000024af925fff]
[    0.052083]   node   0: [mem 0x00000024af930000-0x00000024af937fff]
[    0.065844] Zeroed struct page in unavailable ranges: 263766 pages
[    0.065853] Initmem setup node 0 [mem 0x0000000030400000-0x00000024af937fff]
[    0.066013] On node 0 totalpages: 4454826
[    0.066022]   Normal zone: 39154 pages used for memmap
[    0.066027]   Normal zone: 0 pages reserved
[    0.066033]   Normal zone: 4454826 pages, LIFO batch:31
[    0.224854] Booting Linux...
[    0.224938] CPU CAPS: [flush,stbar,swap,muldiv,v9,blkinit,n2,mul32]
[    0.225020] CPU CAPS: [div32,v8plus,popc,vis,vis2,ASIBlkInit,fmaf,vis3]
[    0.226099] CPU CAPS: [hpc,ima,pause,cbcond,aes,des,kasumi,camellia]
[    0.226171] CPU CAPS: [md5,sha1,sha256,sha512,mpmul,montmul,montsqr,crc32c]
[    0.256059] percpu: Embedded 28 pages/cpu s184784 r8192 d36400 u262144
[    0.256272] pcpu-alloc: s184784 r8192 d36400 u262144 alloc=1*4194304
[    0.256279] pcpu-alloc: [0] 000 001 002 003 004 005 006 007 008 009 010 011 012 013 014 015 
[    0.256304] pcpu-alloc: [0] 016 017 018 019 020 021 022 023 024 025 026 027 028 029 030 031 
[    0.256330] pcpu-alloc: [0] 032 033 034 035 036 037 038 039 040 041 042 043 044 045 046 047 
[    0.256355] pcpu-alloc: [0] 048 049 050 051 052 053 054 055 056 057 058 059 060 061 062 063 
[    0.256380] pcpu-alloc: [0] 064 065 066 067 068 069 070 071 072 073 074 075 076 077 078 079 
[    0.256405] pcpu-alloc: [0] 080 081 082 083 084 085 086 087 088 089 090 091 092 093 094 095 
[    0.256430] pcpu-alloc: [0] 096 097 098 099 100 101 102 103 104 105 106 107 108 109 110 111 
[    0.256455] pcpu-alloc: [0] 112 113 114 115 116 117 118 119 120 121 122 123 124 125 126 127 
[    0.256896] SUN4V: Mondo queue sizes [cpu(131072) dev(16384) r(8192) nr(256)]
[    0.257274] Built 1 zonelists, mobility grouping on.  Total pages: 4415672
[    0.257343] Policy zone: Normal
[    0.257398] Kernel command line: BOOT_IMAGE=/vmlinux-5.9.0-rc6-00353-g580e4273d7a8 root=/dev/vdiska2 ro zswap.enabled=1
[    0.260126] printk: log_buf_len individual max cpu contribution: 4096 bytes
[    0.260196] printk: log_buf_len total cpu_extra contributions: 520192 bytes
[    0.260266] printk: log_buf_len min size: 131072 bytes
[    0.260538] printk: log_buf_len: 1048576 bytes
[    0.260588] printk: early log buf free: 126688(96%)
[    0.266902] Dentry cache hash table entries: 8388608 (order: 13, 67108864 bytes, linear)
[    0.270136] Inode-cache hash table entries: 4194304 (order: 12, 33554432 bytes, linear)
[    0.270212] Sorting __ex_table...
[    0.270455] mem auto-init: stack:off, heap alloc:off, heap free:off
[    0.376462] Memory: 35127576K/35638608K available (8326K kernel code, 1102K rwdata, 2480K rodata, 680K init, 6856K bss, 511032K reserved, 0K cma-reserved)
[    0.377151] SLUB: HWalign=32, Order=0-3, MinObjects=0, CPUs=128, Nodes=32
[    0.377437] ftrace: allocating 23117 entries in 46 pages
[    0.386543] ftrace: allocated 46 pages with 4 groups
[    0.389371] Running RCU self tests
[    0.389751] rcu: Hierarchical RCU implementation.
[    0.389803] rcu: 	RCU event tracing is enabled.
[    0.389850] rcu: 	RCU lockdep checking is enabled.
[    0.389901] 	Trampoline variant of Tasks RCU enabled.
[    0.389951] 	Rude variant of Tasks RCU enabled.
[    0.389997] 	Tracing variant of Tasks RCU enabled.
[    0.390047] rcu: RCU calculated value of scheduler-enlistment delay is 10 jiffies.
[    0.394561] NR_IRQS: 2048, nr_irqs: 2048, preallocated irqs: 1
[    0.394638] SUN4V: Using IRQ API major 3, cookie only virqs enabled
[    0.397101] clocksource: stick: mask: 0xffffffffffffffff max_cycles: 0x1cd42e4dffb, max_idle_ns: 881590591483 ns
[    0.397231] clocksource: mult[800000] shift[23]
[    0.397279] clockevent: mult[80000000] shift[31]
[    0.397676] Console: colour dummy device 80x25
[    0.397739] printk: console [tty0] enabled
[    0.397818] printk: bootconsole [earlyprom0] disabled
[    0.397907] Lock dependency validator: Copyright (c) 2006 Red Hat, Inc., Ingo Molnar
[    0.397960] ... MAX_LOCKDEP_SUBCLASSES:  8
[    0.397993] ... MAX_LOCK_DEPTH:          48
[    0.398026] ... MAX_LOCKDEP_KEYS:        8192
[    0.398060] ... CLASSHASH_SIZE:          4096
[    0.398094] ... MAX_LOCKDEP_ENTRIES:     16384
[    0.398128] ... MAX_LOCKDEP_CHAINS:      32768
[    0.398162] ... CHAINHASH_SIZE:          16384
[    0.398197]  memory used by lock dependency info: 3919 kB
[    0.398236]  memory used for stack traces: 2112 kB
[    0.398272]  per task-struct memory footprint: 1920 bytes
[    0.547525] Calibrating delay using timer specific routine.. 2003.57 BogoMIPS (lpj=10017851)
[    0.547597] pid_max: default: 131072 minimum: 1024
[    0.547893] LSM: Security Framework initializing
[    0.548061] AppArmor: AppArmor initialized
[    0.548349] Mount-cache hash table entries: 131072 (order: 7, 1048576 bytes, linear)
[    0.548520] Mountpoint-cache hash table entries: 131072 (order: 7, 1048576 bytes, linear)
[    0.554189] rcu: Hierarchical SRCU implementation.
[    0.565003] smp: Bringing up secondary CPUs ...
[    0.566237] ------------[ cut here ]------------
[    0.566265] WARNING: CPU: 0 PID: 1 at kernel/locking/lockdep.c:4890 check_flags+0x9c/0x2c0
[    0.566291] DEBUG_LOCKS_WARN_ON(lockdep_hardirqs_enabled())
[    0.566292] Modules linked in:
[    0.566327] CPU: 0 PID: 1 Comm: swapper/0 Not tainted 5.9.0-rc6-00353-g580e4273d7a8 #77
[    0.566353] Call Trace:
[    0.566369] [<00000000004727a8>] __warn+0xa8/0x120
[    0.566388] [<0000000000472c10>] warn_slowpath_fmt+0x64/0x74
[    0.566408] [<00000000004e881c>] check_flags+0x9c/0x2c0
[    0.566430] [<0000000000c19120>] lock_is_held_type+0x20/0x140
[    0.566458] [<0000000000509894>] rcu_read_lock_sched_held+0x54/0xa0
[    0.566480] [<00000000004ed740>] lock_acquire+0x120/0x4a0
[    0.566502] [<0000000000c22a90>] _raw_spin_lock+0x30/0x60
[    0.566523] [<00000000009baa9c>] p1275_cmd_direct+0x1c/0x60
[    0.566542] [<00000000009ba970>] prom_startcpu_cpuid+0x30/0x40
[    0.566565] [<00000000004427e4>] __cpu_up+0x184/0x3a0
[    0.566584] [<0000000000474600>] bringup_cpu+0x20/0x120
[    0.566603] [<000000000047378c>] cpuhp_invoke_callback+0xec/0x340
[    0.566624] [<0000000000475494>] cpu_up+0x154/0x220
[    0.566643] [<0000000000475d20>] bringup_nonboot_cpus+0x60/0xa0
[    0.566669] [<0000000000fbc338>] smp_init+0x28/0xa0
[    0.566691] [<0000000000fad3b4>] kernel_init_freeable+0x18c/0x300
[    0.566711] irq event stamp: 5135
[    0.566726] hardirqs last  enabled at (5135): [<0000000000c22ea8>] _raw_spin_unlock_irqrestore+0x28/0x60
[    0.566756] hardirqs last disabled at (5134): [<0000000000c22c60>] _raw_spin_lock_irqsave+0x20/0x80
[    0.566787] softirqs last  enabled at (1556): [<0000000000c25a20>] __do_softirq+0x4e0/0x560
[    0.566816] softirqs last disabled at (1549): [<000000000042d394>] do_softirq_own_stack+0x34/0x60
[    0.566847] random: get_random_bytes called from __warn+0xc8/0x120 with crng_init=0
[    0.566853] ---[ end trace 8e537931a9350ff9 ]---
[    0.566891] possible reason: unannotated irqs-off.
[    0.566907] irq event stamp: 5135
[    0.566922] hardirqs last  enabled at (5135): [<0000000000c22ea8>] _raw_spin_unlock_irqrestore+0x28/0x60
[    0.566953] hardirqs last disabled at (5134): [<0000000000c22c60>] _raw_spin_lock_irqsave+0x20/0x80
[    0.566982] softirqs last  enabled at (1556): [<0000000000c25a20>] __do_softirq+0x4e0/0x560
[    0.567009] softirqs last disabled at (1549): [<000000000042d394>] do_softirq_own_stack+0x34/0x60
[    0.588797] smp: Brought up 1 node, 32 CPUs
[    0.591750] devtmpfs: initialized
[    0.593911] Performance events: 
[    0.593940] Testing NMI watchdog ... 
[    0.793999] OK.
[    0.794051] Supported PMU type is 'niagara5'
[    0.794466] ldc.c:v1.1 (July 22, 2008)
[    0.795758] clocksource: jiffies: mask: 0xffffffff max_cycles: 0xffffffff, max_idle_ns: 19112604462750000 ns
[    0.795808] futex hash table entries: 32768 (order: 9, 4194304 bytes, linear)
[    0.798477] NET: Registered protocol family 16
[    0.803418] VIO: Adding device channel-devices (tx_ino = ffffffffffffffff, rx_ino = ffffffffffffffff)
[    0.803522] VIO: Adding device vnet-port-0-0 (tx_ino = 0, rx_ino = 1)
[    0.803608] VIO: Adding device vnet-port-0-1 (tx_ino = 2, rx_ino = 3)
[    0.803693] VIO: Adding device vnet-port-0-2 (tx_ino = 4, rx_ino = 5)
[    0.803781] VIO: Adding device vnet-port-0-3 (tx_ino = 6, rx_ino = 7)
[    0.803869] VIO: Adding device vnet-port-0-4 (tx_ino = 8, rx_ino = 9)
[    0.803953] VIO: Adding device vnet-port-0-5 (tx_ino = a, rx_ino = b)
[    0.804050] VIO: Adding device vdc-port-2-0 (tx_ino = c, rx_ino = d)
[    0.804152] VIO: Adding device vdc-port-1-0 (tx_ino = e, rx_ino = f)
[    0.804239] VIO: Adding device vdc-port-0-0 (tx_ino = 10, rx_ino = 11)
[    0.804326] VIO: Adding device vdc-port-3-0 (tx_ino = 12, rx_ino = 13)
[    0.804411] VIO: Adding device vlds-port-0-0 (tx_ino = 14, rx_ino = 15)
[    0.804498] VIO: Adding device domain-services-port-0 (tx_ino = 14, rx_ino = 15)
[    0.804642] audit: initializing netlink subsys (disabled)
[    0.804821] audit: type=2000 audit(0.400:1): state=initialized audit_enabled=0 res=1
[    0.820097] HugeTLB registered 64.0 KiB page size, pre-allocated 0 pages
[    0.820122] HugeTLB registered 8.00 MiB page size, pre-allocated 0 pages
[    0.820145] HugeTLB registered 256 MiB page size, pre-allocated 0 pages
[    0.820167] HugeTLB registered 2.00 GiB page size, pre-allocated 0 pages
[    0.821245] alg: extra crypto tests enabled.  This is intended for developer use only.
[    0.841625] cryptd: max_cpu_qlen set to 1000
[    0.909636] vgaarb: loaded
[    0.910292] NetLabel: Initializing
[    0.910308] NetLabel:  domain hash size = 128
[    0.910325] NetLabel:  protocols = UNLABELED CIPSOv4 CALIPSO
[    0.910384] NetLabel:  unlabeled traffic allowed by default
[    0.911018] SUN4V: Reboot data supported (maj=1,min=0).
[    0.911216] ds.c:v1.0 (Jul 11, 2007)
[    0.911412] ds-0: ds_conn_reset() from send_events
[    0.911609] clocksource: Switched to clocksource stick
[    1.023443] VFS: Disk quotas dquot_6.6.0
[    1.023544] VFS: Dquot-cache hash table entries: 1024 (order 0, 8192 bytes)
[    1.024596] AppArmor: AppArmor Filesystem Enabled
[    1.031333] NET: Registered protocol family 2
[    1.032210] tcp_listen_portaddr_hash hash table entries: 32768 (order: 8, 2621440 bytes, linear)
[    1.033439] TCP established hash table entries: 524288 (order: 9, 4194304 bytes, linear)
[    1.035608] TCP bind hash table entries: 65536 (order: 9, 4718592 bytes, linear)
[    1.037795] TCP: Hash tables configured (established 524288 bind 65536)
[    1.039029] UDP hash table entries: 32768 (order: 9, 5242880 bytes, linear)
[    1.041798] UDP-Lite hash table entries: 32768 (order: 9, 5242880 bytes, linear)
[    1.045798] NET: Registered protocol family 1
[    1.045833] NET: Registered protocol family 44
[    1.045871] PCI: CLS 0 bytes, default 64
[    1.046078] Trying to unpack rootfs image as initramfs...
[    1.195182] Freeing initrd memory: 14800K
[    1.196211] aes_sparc64: Using sparc64 aes opcodes optimized AES implementation
[    1.438748] des_sparc64: Using sparc64 des opcodes optimized DES implementation
[    1.867554] camellia_sparc64: Using sparc64 camellia opcodes optimized CAMELLIA implementation
[    2.023784] workingset: timestamp_bits=41 max_order=23 bucket_order=0
[    2.032542] zbud: loaded
[    2.035193] SGI XFS with ACLs, security attributes, quota, fatal assert, debug enabled
[    2.060860] Block layer SCSI generic (bsg) driver version 0.4 loaded (major 252)
[    2.061403] io scheduler mq-deadline registered
[    2.063314] f029b788: ttyHV0 at I/O 0x0 (irq = 1, base_baud = 115200) is a SUN4V HCONS
[    2.063900] printk: console [ttyHV0] enabled
[    2.066220] sunvdc.c:v1.2 (November 24, 2014)
[    2.069467] sunvdc: Virtual Hard disk vdiskc
[    2.069488] sunvdc: vdiskc: 104857600 sectors (51200 MB) protocol 1.2
[    2.082178] sunvdc: Virtual Hard disk vdiskb
[    2.082201] sunvdc: vdiskb: 62914560 sectors (30720 MB) protocol 1.2
[    2.083192]  vdiskb: vdiskb1
[    2.095256] sunvdc: Virtual Hard disk vdiska
[    2.095278] sunvdc: vdiska: 31457280 sectors (15360 MB) protocol 1.2
[    2.096048]  vdiska: vdiska1 vdiska2 vdiska3 vdiska4
[    2.108739] sunvdc: Virtual CDROM vdiskd
[    2.108763] sunvdc: vdiskd: 453848 sectors (221 MB) protocol 1.2
[    2.109511]  vdiskd: vdiskd1 vdiskd2 vdiskd3 vdiskd4 vdiskd5 vdiskd6 vdiskd7
[    2.119887] sunvnet: sunvnet 2.0 (February 3, 2017)
[    2.121182] vnet_port vnet-port-0-0 eth0: Sun LDOM vnet 00:14:4f:f8:12:a3
[    2.121292] sunvnet: eth0: PORT ( remote-mac 00:14:4f:fa:f3:f0 switch-port )
[    2.121767] sunvnet: eth0: PORT ( remote-mac 00:14:4f:f8:e5:f3 )
[    2.122218] sunvnet: eth0: PORT ( remote-mac 00:14:4f:f9:b4:97 )
[    2.122673] sunvnet: eth0: PORT ( remote-mac 00:14:4f:f8:3f:1e )
[    2.123120] sunvnet: eth0: PORT ( remote-mac 00:14:4f:f8:fe:47 )
[    2.123578] sunvnet: eth0: PORT ( remote-mac 00:14:4f:fb:b5:00 )
[    2.124517] rtc-sun4v rtc-sun4v: registered as rtc0
[    2.124591] rtc-sun4v rtc-sun4v: setting system clock to 2020-10-12T10:59:06 UTC (1602500346)
[    2.124848] sun4v_wdt: initialized (timeout=60s, nowayout=0)
[    2.125100] device-mapper: uevent: version 1.0.3
[    2.125683] device-mapper: ioctl: 4.42.0-ioctl (2020-02-27) initialised: dm-devel@redhat.com
[    2.126330] NET: Registered protocol family 17
[    2.126541] registered taskstats version 1
[    2.126971] zswap: loaded using pool lzo/zbud
[    2.127814] AppArmor: AppArmor sha1 policy hashing enabled
[    2.130439] This architecture does not have kernel memory protection.
[    2.130471] Run /init as init process
[    2.130489]   with arguments:
[    2.130504]     /init
[    2.130518]   with environment:
[    2.130533]     HOME=/
[    2.130546]     TERM=linux
[    2.130560]     BOOT_IMAGE=/vmlinux-5.9.0-rc6-00353-g580e4273d7a8
[    2.416925] random: lvm: uninitialized urandom read (4 bytes read)
[    2.416997] crc32c_sparc64: Using sparc64 crc32c opcode optimized CRC32C implementation
[    2.451200] random: lvm: uninitialized urandom read (2 bytes read)
[    2.751179] random: fast init done
[    3.101590] raid6: int64x8  gen()  2147 MB/s
[    3.271598] raid6: int64x8  xor()  1521 MB/s
[    3.441586] raid6: int64x4  gen()  3390 MB/s
[    3.611584] raid6: int64x4  xor()  1459 MB/s
[    3.781590] raid6: int64x2  gen()  2905 MB/s
[    3.951604] raid6: int64x2  xor()  1132 MB/s
[    4.121587] raid6: int64x1  gen()  1408 MB/s
[    4.291584] raid6: int64x1  xor()   712 MB/s
[    4.291615] raid6: using algorithm int64x4 gen() 3390 MB/s
[    4.291636] raid6: .... xor() 1459 MB/s, rmw enabled
[    4.291656] raid6: using intx1 recovery algorithm
[    4.292235] async_tx: api initialized (async)
[    4.292510] xor: automatically using best checksumming function   Niagara   
[    4.528658] EXT4-fs (vdiska2): mounted filesystem with ordered data mode. Opts: (null)
[    7.801269] systemd[1]: Inserted module 'autofs4'
[    7.809838] NET: Registered protocol family 10
[    7.814311] Segment Routing with IPv6
[    7.987154] systemd[1]: systemd 246.6-1 running in system mode. (+PAM +AUDIT +SELINUX +IMA +APPARMOR +SMACK +SYSVINIT +UTMP +LIBCRYPTSETUP +GCRYPT +GNUTLS +ACL +XZ +LZ4 +ZSTD -SECCOMP +BLKID +ELFUTILS +KMOD +IDN2 -IDN +PCRE2 default-hierarchy=hybrid)
[    7.987607] systemd[1]: Detected architecture sparc64.
[    8.041282] systemd[1]: Set hostname to <ttip>.
[    9.845228] random: lvmconfig: uninitialized urandom read (4 bytes read)
[   13.065150] systemd[1]: Queued start job for default target Multi-User System.
[   13.066259] random: systemd: uninitialized urandom read (16 bytes read)
[   13.092833] systemd[1]: Created slice system-getty.slice.
[   13.093350] random: systemd: uninitialized urandom read (16 bytes read)
[   13.102343] systemd[1]: Created slice system-modprobe.slice.
[   13.102702] random: systemd: uninitialized urandom read (16 bytes read)
[   13.111420] systemd[1]: Created slice system-openvpn\x2dclient.slice.
[   13.131407] systemd[1]: Created slice system-postfix.slice.
[   13.140537] systemd[1]: Created slice system-systemd\x2dfsck.slice.
[   13.149662] systemd[1]: Created slice User and Session Slice.
[   13.150319] systemd[1]: Started Dispatch Password Requests to Console Directory Watch.
[   13.150816] systemd[1]: Started Forward Password Requests to Wall Directory Watch.
[   13.155806] systemd[1]: Set up automount Arbitrary Executable File Formats File System Automount Point.
[   13.156223] systemd[1]: Reached target Local Encrypted Volumes.
[   13.156570] systemd[1]: Reached target Paths.
[   13.156875] systemd[1]: Reached target Slices.
[   13.157483] systemd[1]: Listening on Device-mapper event daemon FIFOs.
[   13.158142] systemd[1]: Listening on LVM2 poll daemon socket.
[   13.186049] systemd[1]: Listening on RPCbind Server Activation Socket.
[   13.187246] systemd[1]: Listening on Syslog Socket.
[   13.187947] systemd[1]: Listening on fsck to fsckd communication Socket.
[   13.188423] systemd[1]: Listening on initctl Compatibility Named Pipe.
[   13.189220] systemd[1]: Listening on Journal Audit Socket.
[   13.189847] systemd[1]: Listening on Journal Socket (/dev/log).
[   13.190610] systemd[1]: Listening on Journal Socket.
[   13.191392] systemd[1]: Listening on udev Control Socket.
[   13.192023] systemd[1]: Listening on udev Kernel Socket.
[   13.204368] systemd[1]: Mounting Huge Pages File System...
[   13.216863] systemd[1]: Mounting POSIX Message Queue File System...
[   13.248429] systemd[1]: Mounting RPC Pipe File System...
[   13.261005] systemd[1]: Mounting Kernel Debug File System...
[   13.273641] systemd[1]: Mounting Kernel Trace File System...
[   13.274255] systemd[1]: Condition check resulted in Kernel Module supporting RPCSEC_GSS being skipped.
[   13.275102] systemd[1]: Finished Availability of block devices.
[   13.287854] systemd[1]: Starting Wait for network to be configured by ifupdown...
[   13.300496] systemd[1]: Starting Create list of static device nodes for the current kernel...
[   13.316412] systemd[1]: Starting Monitoring of LVM2 mirrors, snapshots etc. using dmeventd or progress polling...
[   13.319399] RPC: Registered named UNIX socket transport module.
[   13.319428] RPC: Registered udp transport module.
[   13.319448] RPC: Registered tcp transport module.
[   13.319467] RPC: Registered tcp NFSv4.1 backchannel transport module.
[   13.328720] systemd[1]: Starting Load Kernel Module drm...
[   13.340706] systemd[1]: Starting nftables...
[   13.369293] systemd[1]: Condition check resulted in Set Up Additional Binary Formats being skipped.
[   13.369496] systemd[1]: Condition check resulted in File System Check on Root Device being skipped.
[   13.383898] systemd[1]: Starting Journal Service...
[   13.434351] systemd[1]: Starting Load Kernel Modules...
[   13.446243] systemd[1]: Starting Remount Root and Kernel File Systems...
[   13.458536] systemd[1]: Starting Coldplug All udev Devices...
[   13.466117] systemd[1]: Mounted Huge Pages File System.
[   13.467081] systemd[1]: Mounted POSIX Message Queue File System.
[   13.467959] systemd[1]: Mounted RPC Pipe File System.
[   13.468841] systemd[1]: Mounted Kernel Debug File System.
[   13.469716] systemd[1]: Mounted Kernel Trace File System.
[   13.473092] systemd[1]: Finished Wait for network to be configured by ifupdown.
[   13.476509] systemd[1]: Finished Create list of static device nodes for the current kernel.
[   13.478108] systemd[1]: modprobe@drm.service: Succeeded.
[   13.480370] systemd[1]: Finished Load Kernel Module drm.
[   13.598340] systemd[1]: Finished Monitoring of LVM2 mirrors, snapshots etc. using dmeventd or progress polling.
[   13.670631] EXT4-fs (vdiska2): re-mounted. Opts: errors=remount-ro
[   13.675691] systemd[1]: Finished Load Kernel Modules.
[   13.679073] systemd[1]: Finished Remount Root and Kernel File Systems.
[   13.680151] systemd[1]: Condition check resulted in FUSE Control File System being skipped.
[   13.680453] systemd[1]: Condition check resulted in Kernel Configuration File System being skipped.
[   13.735423] systemd[1]: Starting Initial Check File System Quotas...
[   13.769544] systemd[1]: Condition check resulted in Rebuild Hardware Database being skipped.
[   13.769765] systemd[1]: Condition check resulted in Platform Persistent Storage Archival being skipped.
[   13.782312] systemd[1]: Starting Load/Save Random Seed...
[   13.794397] systemd[1]: Starting Apply Kernel Variables...
[   13.806251] systemd[1]: Starting Create System Users...
[   13.807561] systemd[1]: Started Journal Service.
[   16.509394] sha1_sparc64: Using sparc64 sha1 opcode optimized SHA-1 implementation
[   16.618025] n2rng v0.3 (Jan 7, 2017)
[   16.618083] n2rng f029b104: Registered RNG HVAPI major 2 minor 0
[   16.618119] n2rng f029b104: Found multi-unit-capable RNG, units: 2
[   16.618567] n2rng f029b104: RNG ready
[   16.670035] pktcdvd: setup of pktcdvd device failed
[   16.699204] pktcdvd: setup of pktcdvd device failed
[   16.701942] pktcdvd: setup of pktcdvd device failed
[   16.704648] pktcdvd: setup of pktcdvd device failed
[   16.706956] pktcdvd: setup of pktcdvd device failed
[   16.709550] pktcdvd: setup of pktcdvd device failed
[   16.712452] pktcdvd: setup of pktcdvd device failed
[   16.714952] sha256_sparc64: Using sparc64 sha256 opcode optimized SHA-256/SHA-224 implementation
[   16.715212] pktcdvd: setup of pktcdvd device failed
[   16.888488] XFS (dm-0): Mounting V5 Filesystem
[   16.914356] sha512_sparc64: Using sparc64 sha512 opcode optimized SHA-512/SHA-384 implementation
[   16.929837] md5_sparc64: Using sparc64 md5 opcode optimized MD5 implementation
[   16.931891] XFS (dm-0): Ending clean mount
[   16.933858] xfs filesystem being mounted at /1 supports timestamps until 2038 (0x7fffffff)
[   17.221636] Adding 787176k swap on /dev/vdiska4.  Priority:-2 extents:1 across:787176k FS
[   17.824492] EXT4-fs (vdiska1): mounting ext3 file system using the ext4 subsystem
[   18.103516] EXT4-fs (vdiska1): mounted filesystem with ordered data mode. Opts: (null)
[   18.103654] ext3 filesystem being mounted at /boot supports timestamps until 2038 (0x7fffffff)
[   18.311783] random: crng init done
[   18.311816] random: 4 urandom warning(s) missed due to ratelimiting
[   19.933679] Kernel unaligned access at TPC[8d55bc] aa_dfa_unpack+0x3c/0x640
[   19.933724] Kernel unaligned access at TPC[8d55d0] aa_dfa_unpack+0x50/0x640
[   19.933754] Kernel unaligned access at TPC[8d5694] aa_dfa_unpack+0x114/0x640
[   19.933784] Kernel unaligned access at TPC[8d5764] aa_dfa_unpack+0x1e4/0x640
[   19.933813] Kernel unaligned access at TPC[8d5778] aa_dfa_unpack+0x1f8/0x640
[   19.941505] audit: type=1400 audit(1602500364.300:2): apparmor="STATUS" operation="profile_load" profile="unconfined" name="nvidia_modprobe" pid=696 comm="apparmor_parser"
[   19.941627] audit: type=1400 audit(1602500364.300:3): apparmor="STATUS" operation="profile_load" profile="unconfined" name="nvidia_modprobe//kmod" pid=696 comm="apparmor_parser"
[   20.007762] audit: type=1400 audit(1602500364.370:4): apparmor="STATUS" operation="profile_load" profile="unconfined" name="/usr/sbin/haveged" pid=694 comm="apparmor_parser"
[   20.078306] audit: type=1400 audit(1602500364.440:5): apparmor="STATUS" operation="profile_load" profile="unconfined" name="lsb_release" pid=700 comm="apparmor_parser"
[   20.103811] audit: type=1400 audit(1602500364.470:6): apparmor="STATUS" operation="profile_load" profile="unconfined" name="/usr/bin/man" pid=697 comm="apparmor_parser"
[   20.103884] audit: type=1400 audit(1602500364.470:7): apparmor="STATUS" operation="profile_load" profile="unconfined" name="man_filter" pid=697 comm="apparmor_parser"
[   20.103943] audit: type=1400 audit(1602500364.470:8): apparmor="STATUS" operation="profile_load" profile="unconfined" name="man_groff" pid=697 comm="apparmor_parser"
[   20.125617] audit: type=1400 audit(1602500364.490:9): apparmor="STATUS" operation="profile_load" profile="unconfined" name="named" pid=699 comm="apparmor_parser"
[   20.128692] audit: type=1400 audit(1602500364.490:10): apparmor="STATUS" operation="profile_load" profile="unconfined" name="tcpdump" pid=698 comm="apparmor_parser"
