[    0.000021] PROMLIB: Sun IEEE Boot Prom 'OBP 4.38.12 2018/03/28 14:54'
[    0.000034] PROMLIB: Root node compatible: sun4v
[    0.000088] Linux version 5.8.0-13660-g4b6c093e21d3 (mator@ttip) (gcc (Debian 10.1.0-6) 10.1.0, GNU ld (GNU Binutils for Debian) 2.35) #26 SMP Sun Aug 16 10:51:02 MSK 2020
[    0.000427] printk: bootconsole [earlyprom0] enabled
[    0.000480] ARCH: SUN4V
[    0.000530] Ethernet address: 00:14:4f:fa:06:f2
[    0.000582] MM: PAGE_OFFSET is 0xfff8000000000000 (max_phys_bits == 47)
[    0.000649] MM: VMALLOC [0x0000000100000000 --> 0x0006000000000000]
[    0.000711] MM: VMEMMAP [0x0006000000000000 --> 0x000c000000000000]
[    0.012482] Kernel: Using 5 locked TLB entries for main kernel image.
[    0.012553] Remapping the kernel... 
[    0.012577] done.
[    0.045690] OF stdout device is: /virtual-devices@100/console@1
[    0.045760] PROM: Built device tree with 86758 bytes of memory.
[    0.045824] MDESC: Size is 36512 bytes.
[    0.045943] PLATFORM: banner-name [SPARC T5-2]
[    0.045994] PLATFORM: name [ORCL,SPARC-T5-2]
[    0.046042] PLATFORM: hostid [84fa06f2]
[    0.046086] PLATFORM: serial# [0035260e]
[    0.046130] PLATFORM: stick-frequency [3b9aca00]
[    0.046180] PLATFORM: mac-address [144ffa06f2]
[    0.046229] PLATFORM: watchdog-resolution [1000 ms]
[    0.046280] PLATFORM: watchdog-max-timeout [31536000000 ms]
[    0.046338] PLATFORM: max-cpus [1024]
[    0.051102] Allocated 40960 bytes for kernel page tables.
[    0.051191] Zone ranges:
[    0.051232]   Normal   [mem 0x0000000030400000-0x00000024af937fff]
[    0.051298] Movable zone start for each node
[    0.051344] Early memory node ranges
[    0.051387]   node   0: [mem 0x0000000030400000-0x000000006fe7ffff]
[    0.051452]   node   0: [mem 0x000000006ff00000-0x000000006ff25fff]
[    0.051515]   node   0: [mem 0x0000000070000000-0x000000042fffffff]
[    0.051578]   node   0: [mem 0x0000002030000000-0x00000024af87ffff]
[    0.051641]   node   0: [mem 0x00000024af900000-0x00000024af925fff]
[    0.051704]   node   0: [mem 0x00000024af930000-0x00000024af937fff]
[    0.066526] Zeroed struct page in unavailable ranges: 263766 pages
[    0.066535] Initmem setup node 0 [mem 0x0000000030400000-0x00000024af937fff]
[    0.066694] On node 0 totalpages: 4454826
[    0.066704]   Normal zone: 39154 pages used for memmap
[    0.066710]   Normal zone: 0 pages reserved
[    0.066716]   Normal zone: 4454826 pages, LIFO batch:31
[    0.225651] Booting Linux...
[    0.225739] CPU CAPS: [flush,stbar,swap,muldiv,v9,blkinit,n2,mul32]
[    0.225822] CPU CAPS: [div32,v8plus,popc,vis,vis2,ASIBlkInit,fmaf,vis3]
[    0.226903] CPU CAPS: [hpc,ima,pause,cbcond,aes,des,kasumi,camellia]
[    0.226977] CPU CAPS: [md5,sha1,sha256,sha512,mpmul,montmul,montsqr,crc32c]
[    0.256818] percpu: Embedded 28 pages/cpu s184656 r8192 d36528 u262144
[    0.257042] pcpu-alloc: s184656 r8192 d36528 u262144 alloc=1*4194304
[    0.257050] pcpu-alloc: [0] 000 001 002 003 004 005 006 007 008 009 010 011 012 013 014 015 
[    0.257079] pcpu-alloc: [0] 016 017 018 019 020 021 022 023 024 025 026 027 028 029 030 031 
[    0.257107] pcpu-alloc: [0] 032 033 034 035 036 037 038 039 040 041 042 043 044 045 046 047 
[    0.257136] pcpu-alloc: [0] 048 049 050 051 052 053 054 055 056 057 058 059 060 061 062 063 
[    0.257164] pcpu-alloc: [0] 064 065 066 067 068 069 070 071 072 073 074 075 076 077 078 079 
[    0.257192] pcpu-alloc: [0] 080 081 082 083 084 085 086 087 088 089 090 091 092 093 094 095 
[    0.257220] pcpu-alloc: [0] 096 097 098 099 100 101 102 103 104 105 106 107 108 109 110 111 
[    0.257249] pcpu-alloc: [0] 112 113 114 115 116 117 118 119 120 121 122 123 124 125 126 127 
[    0.257694] SUN4V: Mondo queue sizes [cpu(131072) dev(16384) r(8192) nr(256)]
[    0.258070] Built 1 zonelists, mobility grouping on.  Total pages: 4415672
[    0.258139] Policy zone: Normal
[    0.258199] Kernel command line: BOOT_IMAGE=/vmlinux-5.8.0-13660-g4b6c093e21d3 root=/dev/vdiska2 ro zswap.enabled=1
[    0.260889] printk: log_buf_len individual max cpu contribution: 4096 bytes
[    0.260958] printk: log_buf_len total cpu_extra contributions: 520192 bytes
[    0.261026] printk: log_buf_len min size: 131072 bytes
[    0.261299] printk: log_buf_len: 1048576 bytes
[    0.261351] printk: early log buf free: 126704(96%)
[    0.267667] Dentry cache hash table entries: 8388608 (order: 13, 67108864 bytes, linear)
[    0.270903] Inode-cache hash table entries: 4194304 (order: 12, 33554432 bytes, linear)
[    0.270979] Sorting __ex_table...
[    0.271206] mem auto-init: stack:off, heap alloc:off, heap free:off
[    0.377723] Memory: 35128112K/35638608K available (8089K kernel code, 1089K rwdata, 2360K rodata, 664K init, 6853K bss, 510496K reserved, 0K cma-reserved)
[    0.378424] SLUB: HWalign=32, Order=0-3, MinObjects=0, CPUs=128, Nodes=32
[    0.378712] ftrace: allocating 22069 entries in 44 pages
[    0.387664] ftrace: allocated 44 pages with 3 groups
[    0.390618] Running RCU self tests
[    0.391040] rcu: Hierarchical RCU implementation.
[    0.391093] rcu: 	RCU event tracing is enabled.
[    0.391144] rcu: 	RCU lockdep checking is enabled.
[    0.391196] 	Trampoline variant of Tasks RCU enabled.
[    0.391249] 	Rude variant of Tasks RCU enabled.
[    0.391297] 	Tracing variant of Tasks RCU enabled.
[    0.391349] rcu: RCU calculated value of scheduler-enlistment delay is 10 jiffies.
[    0.395856] NR_IRQS: 2048, nr_irqs: 2048, preallocated irqs: 1
[    0.395936] SUN4V: Using IRQ API major 3, cookie only virqs enabled
[    0.398591] clocksource: stick: mask: 0xffffffffffffffff max_cycles: 0x1cd42e4dffb, max_idle_ns: 881590591483 ns
[    0.398725] clocksource: mult[800000] shift[23]
[    0.398774] clockevent: mult[80000000] shift[31]
[    0.399167] Console: colour dummy device 80x25
[    0.399232] printk: console [tty0] enabled
[    0.399312] printk: bootconsole [earlyprom0] disabled
[    0.399402] Lock dependency validator: Copyright (c) 2006 Red Hat, Inc., Ingo Molnar
[    0.399457] ... MAX_LOCKDEP_SUBCLASSES:  8
[    0.399490] ... MAX_LOCK_DEPTH:          48
[    0.399524] ... MAX_LOCKDEP_KEYS:        8192
[    0.399559] ... CLASSHASH_SIZE:          4096
[    0.399593] ... MAX_LOCKDEP_ENTRIES:     16384
[    0.399629] ... MAX_LOCKDEP_CHAINS:      32768
[    0.399663] ... CHAINHASH_SIZE:          16384
[    0.399698]  memory used by lock dependency info: 3919 kB
[    0.399739]  memory used for stack traces: 2112 kB
[    0.399776]  per task-struct memory footprint: 1920 bytes
[    0.549018] Calibrating delay using timer specific routine.. 2003.95 BogoMIPS (lpj=10019787)
[    0.549082] pid_max: default: 131072 minimum: 1024
[    0.549392] LSM: Security Framework initializing
[    0.549559] AppArmor: AppArmor initialized
[    0.549866] Mount-cache hash table entries: 131072 (order: 7, 1048576 bytes, linear)
[    0.550037] Mountpoint-cache hash table entries: 131072 (order: 7, 1048576 bytes, linear)
[    0.555558] rcu: Hierarchical SRCU implementation.
[    0.564957] smp: Bringing up secondary CPUs ...
[    0.613995] smp: Brought up 1 node, 32 CPUs
[    0.620067] devtmpfs: initialized
[    0.625323] Performance events: 
[    0.625359] Testing NMI watchdog ... 
[    0.825441] OK.
[    0.825614] Supported PMU type is 'niagara5'
[    0.825825] random: get_random_u32 called from bucket_table_alloc.isra.0+0x198/0x1c0 with crng_init=0
[    0.826431] ldc.c:v1.1 (July 22, 2008)
[    0.829311] clocksource: jiffies: mask: 0xffffffff max_cycles: 0xffffffff, max_idle_ns: 19112604462750000 ns
[    0.829410] futex hash table entries: 32768 (order: 9, 4194304 bytes, linear)
[    0.835061] NET: Registered protocol family 16
[    0.844910] VIO: Adding device channel-devices (tx_ino = ffffffffffffffff, rx_ino = ffffffffffffffff)
[    0.845144] VIO: Adding device vnet-port-0-0 (tx_ino = 0, rx_ino = 1)
[    0.845367] VIO: Adding device vnet-port-0-1 (tx_ino = 2, rx_ino = 3)
[    0.845557] VIO: Adding device vnet-port-0-2 (tx_ino = 4, rx_ino = 5)
[    0.845796] VIO: Adding device vnet-port-0-3 (tx_ino = 6, rx_ino = 7)
[    0.845995] VIO: Adding device vnet-port-0-4 (tx_ino = 8, rx_ino = 9)
[    0.846183] VIO: Adding device vnet-port-0-5 (tx_ino = a, rx_ino = b)
[    0.846377] VIO: Adding device vdc-port-2-0 (tx_ino = c, rx_ino = d)
[    0.846564] VIO: Adding device vdc-port-1-0 (tx_ino = e, rx_ino = f)
[    0.846751] VIO: Adding device vdc-port-0-0 (tx_ino = 10, rx_ino = 11)
[    0.846943] VIO: Adding device vdc-port-3-0 (tx_ino = 12, rx_ino = 13)
[    0.847132] VIO: Adding device vlds-port-0-0 (tx_ino = 14, rx_ino = 15)
[    0.847323] VIO: Adding device domain-services-port-0 (tx_ino = 14, rx_ino = 15)
[    0.847637] audit: initializing netlink subsys (disabled)
[    0.847939] audit: type=2000 audit(0.440:1): state=initialized audit_enabled=0 res=1
[    0.879409] HugeTLB registered 64.0 KiB page size, pre-allocated 0 pages
[    0.879464] HugeTLB registered 8.00 MiB page size, pre-allocated 0 pages
[    0.879514] HugeTLB registered 256 MiB page size, pre-allocated 0 pages
[    0.879564] HugeTLB registered 2.00 GiB page size, pre-allocated 0 pages
[    0.882117] alg: extra crypto tests enabled.  This is intended for developer use only.
[    0.911080] cryptd: max_cpu_qlen set to 1000
[    1.031544] NetLabel: Initializing
[    1.031585] NetLabel:  domain hash size = 128
[    1.031622] NetLabel:  protocols = UNLABELED CIPSOv4 CALIPSO
[    1.031752] NetLabel:  unlabeled traffic allowed by default
[    1.032828] SUN4V: Reboot data supported (maj=1,min=0).
[    1.033263] ds.c:v1.0 (Jul 11, 2007)
[    1.033619] ds-0: ds_conn_reset() from send_events
[    1.035099] clocksource: Switched to clocksource stick
[    1.259051] VFS: Disk quotas dquot_6.6.0
[    1.259196] VFS: Dquot-cache hash table entries: 1024 (order 0, 8192 bytes)
[    1.261582] AppArmor: AppArmor Filesystem Enabled
[    1.276752] NET: Registered protocol family 2
[    1.278733] tcp_listen_portaddr_hash hash table entries: 32768 (order: 8, 2621440 bytes, linear)
[    1.281451] TCP established hash table entries: 524288 (order: 9, 4194304 bytes, linear)
[    1.283925] TCP bind hash table entries: 65536 (order: 9, 4718592 bytes, linear)
[    1.289466] TCP: Hash tables configured (established 524288 bind 65536)
[    1.292122] UDP hash table entries: 32768 (order: 9, 5242880 bytes, linear)
[    1.298060] UDP-Lite hash table entries: 32768 (order: 9, 5242880 bytes, linear)
[    1.305919] NET: Registered protocol family 1
[    1.305989] NET: Registered protocol family 44
[    1.306737] Trying to unpack rootfs image as initramfs...
[    1.517761] Freeing initrd memory: 14648K
[    1.518909] aes_sparc64: Using sparc64 aes opcodes optimized AES implementation
[    2.242451] des_sparc64: Using sparc64 des opcodes optimized DES implementation
[    3.275072] camellia_sparc64: Using sparc64 camellia opcodes optimized CAMELLIA implementation
[    3.739908] workingset: timestamp_bits=41 max_order=23 bucket_order=0
[    3.761920] zbud: loaded
[    3.766092] SGI XFS with ACLs, security attributes, quota, fatal assert, debug enabled
[    3.796366] Block layer SCSI generic (bsg) driver version 0.4 loaded (major 252)
[    3.797378] io scheduler mq-deadline registered
[    3.800796] f029b788: ttyHV0 at I/O 0x0 (irq = 1, base_baud = 115200) is a SUN4V HCONS
[    3.801846] printk: console [ttyHV0] enabled
[    3.806705] sunvdc.c:v1.2 (November 24, 2014)
[    3.810115] sunvdc: Virtual Hard disk vdiskc
[    3.810158] sunvdc: vdiskc: 104857600 sectors (51200 MB) protocol 1.2
[    3.834779] sunvdc: Virtual Hard disk vdiskb
[    3.834824] sunvdc: vdiskb: 62914560 sectors (30720 MB) protocol 1.2
[    3.836793]  vdiskb: vdiskb1
[    3.859668] sunvdc: Virtual Hard disk vdiska
[    3.859713] sunvdc: vdiska: 31457280 sectors (15360 MB) protocol 1.2
[    3.861591]  vdiska: vdiska1 vdiska2 vdiska3 vdiska4
[    3.885776] sunvdc: Virtual CDROM vdiskd
[    3.885824] sunvdc: vdiskd: 453848 sectors (221 MB) protocol 1.2
[    3.887654]  vdiskd: vdiskd1 vdiskd2 vdiskd3 vdiskd4 vdiskd5 vdiskd6 vdiskd7
[    3.909395] sunvnet: sunvnet 2.0 (February 3, 2017)
[    3.912152] vnet_port vnet-port-0-0 eth0: Sun LDOM vnet 00:14:4f:f8:12:a3
[    3.912390] sunvnet: eth0: PORT ( remote-mac 00:14:4f:fa:f3:f0 switch-port )
[    3.913064] sunvnet: eth0: PORT ( remote-mac 00:14:4f:f8:e5:f3 )
[    3.913723] sunvnet: eth0: PORT ( remote-mac 00:14:4f:f9:b4:97 )
[    3.914380] sunvnet: eth0: PORT ( remote-mac 00:14:4f:f8:3f:1e )
[    3.915103] sunvnet: eth0: PORT ( remote-mac 00:14:4f:f8:fe:47 )
[    3.915760] sunvnet: eth0: PORT ( remote-mac 00:14:4f:fb:b5:00 )
[    3.917140] rtc-sun4v rtc-sun4v: registered as rtc0
[    3.917280] rtc-sun4v rtc-sun4v: setting system clock to 2020-08-16T08:13:22 UTC (1597565602)
[    3.917928] sun4v_wdt: initialized (timeout=60s, nowayout=0)
[    3.918315] device-mapper: uevent: version 1.0.3
[    3.919349] device-mapper: ioctl: 4.42.0-ioctl (2020-02-27) initialised: dm-devel@redhat.com
[    3.920412] NET: Registered protocol family 17
[    3.920816] registered taskstats version 1
[    3.921812] zswap: loaded using pool lzo/zbud
[    3.923394] AppArmor: AppArmor sha1 policy hashing enabled
[    3.929190] This architecture does not have kernel memory protection.
[    3.929253] Run /init as init process
[    3.929288]   with arguments:
[    3.929295]     /init
[    3.929303]   with environment:
[    3.929310]     HOME=/
[    3.929317]     TERM=linux
[    3.929324]     BOOT_IMAGE=/vmlinux-5.8.0-13660-g4b6c093e21d3
[    4.459837] crc32c_sparc64: Using sparc64 crc32c opcode optimized CRC32C implementation
[    4.461523] random: lvm: uninitialized urandom read (4 bytes read)
[    4.524201] random: lvm: uninitialized urandom read (2 bytes read)
[    5.445039] raid6: int64x8  gen()  2155 MB/s
[    5.615033] raid6: int64x8  xor()  1520 MB/s
[    5.785056] raid6: int64x4  gen()  3392 MB/s
[    5.955035] raid6: int64x4  xor()  1461 MB/s
[    6.125039] raid6: int64x2  gen()  2908 MB/s
[    6.295055] raid6: int64x2  xor()  1045 MB/s
[    6.465029] raid6: int64x1  gen()  1425 MB/s
[    6.635053] raid6: int64x1  xor()   712 MB/s
[    6.635097] raid6: using algorithm int64x4 gen() 3392 MB/s
[    6.635142] raid6: .... xor() 1461 MB/s, rmw enabled
[    6.635184] raid6: using intx1 recovery algorithm
[    6.636094] async_tx: api initialized (async)
[    6.636636] xor: automatically using best checksumming function   Niagara   
[    6.725859] random: fast init done
[    6.847227] process '/usr/bin/fstype' started with executable stack
[    6.962679] EXT4-fs (vdiska2): mounted filesystem with ordered data mode. Opts: (null)
[    8.872765] systemd[1]: Inserted module 'autofs4'
[    8.888032] NET: Registered protocol family 10
[    8.895562] Segment Routing with IPv6
[    8.952590] systemd[1]: systemd 246-2 running in system mode. (+PAM +AUDIT +SELINUX +IMA +APPARMOR +SMACK +SYSVINIT +UTMP +LIBCRYPTSETUP +GCRYPT +GNUTLS +ACL +XZ +LZ4 +ZSTD -SECCOMP +BLKID +ELFUTILS +KMOD +IDN2 -IDN +PCRE2 default-hierarchy=hybrid)
[    8.953233] systemd[1]: Detected architecture sparc64.
[    9.053850] systemd[1]: Set hostname to <ttip>.
[   10.007767] random: lvmconfig: uninitialized urandom read (4 bytes read)
[   11.438088] systemd[1]: Queued start job for default target Multi-User System.
[   11.439067] random: systemd: uninitialized urandom read (16 bytes read)
[   11.488184] systemd[1]: Created slice system-getty.slice.
[   11.489204] random: systemd: uninitialized urandom read (16 bytes read)
[   11.500762] systemd[1]: Created slice system-modprobe.slice.
[   11.501435] random: systemd: uninitialized urandom read (16 bytes read)
[   11.517427] systemd[1]: Created slice system-openvpn\x2dclient.slice.
[   11.561226] systemd[1]: Created slice system-postfix.slice.
[   11.572736] systemd[1]: Created slice system-systemd\x2dfsck.slice.
[   11.584693] systemd[1]: Created slice User and Session Slice.
[   11.586032] systemd[1]: Started Dispatch Password Requests to Console Directory Watch.
[   11.586962] systemd[1]: Started Forward Password Requests to Wall Directory Watch.
[   11.590160] systemd[1]: Set up automount Arbitrary Executable File Formats File System Automount Point.
[   11.590891] systemd[1]: Reached target Local Encrypted Volumes.
[   11.591476] systemd[1]: Reached target Paths.
[   11.591992] systemd[1]: Reached target Slices.
[   11.593115] systemd[1]: Listening on Device-mapper event daemon FIFOs.
[   11.594520] systemd[1]: Listening on LVM2 poll daemon socket.
[   11.648242] systemd[1]: Listening on RPCbind Server Activation Socket.
[   11.649973] systemd[1]: Listening on Syslog Socket.
[   11.651201] systemd[1]: Listening on fsck to fsckd communication Socket.
[   11.652104] systemd[1]: Listening on initctl Compatibility Named Pipe.
[   11.653431] systemd[1]: Listening on Journal Audit Socket.
[   11.654576] systemd[1]: Listening on Journal Socket (/dev/log).
[   11.656022] systemd[1]: Listening on Journal Socket.
[   11.657401] systemd[1]: Listening on udev Control Socket.
[   11.658444] systemd[1]: Listening on udev Kernel Socket.
[   11.676218] systemd[1]: Mounting Huge Pages File System...
[   11.694531] systemd[1]: Mounting POSIX Message Queue File System...
[   11.767953] systemd[1]: Mounting RPC Pipe File System...
[   11.786364] systemd[1]: Mounting Kernel Debug File System...
[   11.804451] systemd[1]: Mounting Kernel Trace File System...
[   11.805513] systemd[1]: Condition check resulted in Kernel Module supporting RPCSEC_GSS being skipped.
[   11.806967] systemd[1]: Finished Availability of block devices.
[   11.826038] systemd[1]: Starting Wait for network to be configured by ifupdown...
[   11.844256] systemd[1]: Starting Create list of static device nodes for the current kernel...
[   11.861752] systemd[1]: Starting Monitoring of LVM2 mirrors, snapshots etc. using dmeventd or progress polling...
[   11.879559] systemd[1]: Starting Load Kernel Module drm...
[   11.886800] RPC: Registered named UNIX socket transport module.
[   11.886890] RPC: Registered udp transport module.
[   11.886933] RPC: Registered tcp transport module.
[   11.886976] RPC: Registered tcp NFSv4.1 backchannel transport module.
[   11.897350] systemd[1]: Starting nftables...
[   11.906697] systemd[1]: Condition check resulted in Set Up Additional Binary Formats being skipped.
[   11.907044] systemd[1]: Condition check resulted in File System Check on Root Device being skipped.
[   11.928943] systemd[1]: Starting Journal Service...
[   11.948346] systemd[1]: Starting Load Kernel Modules...
[   11.966101] systemd[1]: Starting Remount Root and Kernel File Systems...
[   11.984508] systemd[1]: Starting Coldplug All udev Devices...
[   11.998362] systemd[1]: Mounted Huge Pages File System.
[   12.000284] systemd[1]: Mounted POSIX Message Queue File System.
[   12.001988] systemd[1]: Mounted RPC Pipe File System.
[   12.003702] systemd[1]: Mounted Kernel Debug File System.
[   12.005536] systemd[1]: Mounted Kernel Trace File System.
[   12.014434] systemd[1]: Finished Wait for network to be configured by ifupdown.
[   12.021988] systemd[1]: Finished Create list of static device nodes for the current kernel.
[   12.025891] systemd[1]: modprobe@drm.service: Succeeded.
[   12.031186] systemd[1]: Finished Load Kernel Module drm.
[   12.048798] systemd[1]: Finished Load Kernel Modules.
[   12.051802] systemd[1]: Condition check resulted in FUSE Control File System being skipped.
[   12.052313] systemd[1]: Condition check resulted in Kernel Configuration File System being skipped.
[   12.082225] EXT4-fs (vdiska2): re-mounted. Opts: errors=remount-ro
[   12.196585] systemd[1]: Starting Apply Kernel Variables...
[   12.210183] systemd[1]: Finished Remount Root and Kernel File Systems.
[   12.474095] systemd[1]: Starting Initial Check File System Quotas...
[   12.567692] systemd[1]: Condition check resulted in Rebuild Hardware Database being skipped.
[   12.568079] systemd[1]: Condition check resulted in Platform Persistent Storage Archival being skipped.
[   12.585640] systemd[1]: Starting Load/Save Random Seed...
[   12.604154] systemd[1]: Starting Create System Users...
[   12.606734] systemd[1]: Started Journal Service.
[   14.441604] sha1_sparc64: Using sparc64 sha1 opcode optimized SHA-1 implementation
[   14.615396] n2rng v0.3 (Jan 7, 2017)
[   14.615494] n2rng f029b104: Registered RNG HVAPI major 2 minor 0
[   14.615576] n2rng f029b104: Found multi-unit-capable RNG, units: 2
[   14.617346] n2rng f029b104: RNG ready
[   14.709685] pktcdvd: setup of pktcdvd device failed
[   14.761087] pktcdvd: setup of pktcdvd device failed
[   14.770110] pktcdvd: setup of pktcdvd device failed
[   14.774180] pktcdvd: setup of pktcdvd device failed
[   14.778961] pktcdvd: setup of pktcdvd device failed
[   14.783726] pktcdvd: setup of pktcdvd device failed
[   14.787738] pktcdvd: setup of pktcdvd device failed
[   14.791495] pktcdvd: setup of pktcdvd device failed
[   14.970778] XFS (dm-0): Mounting V5 Filesystem
[   15.051757] sha256_sparc64: Using sparc64 sha256 opcode optimized SHA-256/SHA-224 implementation
[   15.079958] XFS (dm-0): Ending clean mount
[   15.082876] xfs filesystem being mounted at /1 supports timestamps until 2038 (0x7fffffff)
[   15.145947] Adding 787176k swap on /dev/vdiska4.  Priority:-2 extents:1 across:787176k FS
[   15.447073] sha512_sparc64: Using sparc64 sha512 opcode optimized SHA-512/SHA-384 implementation
[   15.453621] md5_sparc64: Using sparc64 md5 opcode optimized MD5 implementation
[   15.643712] EXT4-fs (vdiska1): mounting ext3 file system using the ext4 subsystem
[   16.385839] EXT4-fs (vdiska1): mounted filesystem with ordered data mode. Opts: (null)
[   16.386048] ext3 filesystem being mounted at /boot supports timestamps until 2038 (0x7fffffff)
[   17.352293] random: crng init done
[   17.352347] random: 4 urandom warning(s) missed due to ratelimiting
[   17.467494] Kernel unaligned access at TPC[8c5f9c] aa_dfa_unpack+0x3c/0x640
[   17.467605] Kernel unaligned access at TPC[8c5fb0] aa_dfa_unpack+0x50/0x640
[   17.467668] Kernel unaligned access at TPC[8c6074] aa_dfa_unpack+0x114/0x640
[   17.467733] Kernel unaligned access at TPC[8c6144] aa_dfa_unpack+0x1e4/0x640
[   17.467795] Kernel unaligned access at TPC[8c6158] aa_dfa_unpack+0x1f8/0x640
[   17.478785] audit: type=1400 audit(1597565616.050:2): apparmor="STATUS" operation="profile_load" profile="unconfined" name="nvidia_modprobe" pid=693 comm="apparmor_parser"
[   17.478974] audit: type=1400 audit(1597565616.050:3): apparmor="STATUS" operation="profile_load" profile="unconfined" name="nvidia_modprobe//kmod" pid=693 comm="apparmor_parser"
[   17.494164] audit: type=1400 audit(1597565616.060:4): apparmor="STATUS" operation="profile_load" profile="unconfined" name="/usr/sbin/haveged" pid=691 comm="apparmor_parser"
[   17.545890] audit: type=1400 audit(1597565616.120:5): apparmor="STATUS" operation="profile_load" profile="unconfined" name="lsb_release" pid=697 comm="apparmor_parser"
[   17.570541] audit: type=1400 audit(1597565616.140:6): apparmor="STATUS" operation="profile_load" profile="unconfined" name="/usr/bin/man" pid=694 comm="apparmor_parser"
[   17.570683] audit: type=1400 audit(1597565616.140:7): apparmor="STATUS" operation="profile_load" profile="unconfined" name="man_filter" pid=694 comm="apparmor_parser"
[   17.570806] audit: type=1400 audit(1597565616.140:8): apparmor="STATUS" operation="profile_load" profile="unconfined" name="man_groff" pid=694 comm="apparmor_parser"
[   17.599139] audit: type=1400 audit(1597565616.170:9): apparmor="STATUS" operation="profile_load" profile="unconfined" name="named" pid=696 comm="apparmor_parser"
[   17.620823] audit: type=1400 audit(1597565616.190:10): apparmor="STATUS" operation="profile_load" profile="unconfined" name="tcpdump" pid=695 comm="apparmor_parser"
