[    0.000018] PROMLIB: Sun IEEE Boot Prom 'OBP 4.38.12 2018/03/28 14:54'
[    0.000030] PROMLIB: Root node compatible: sun4v
[    0.000079] Linux version 5.5.0-08607-g26dca6dbd62d-dirty (mator@ttip) (gcc version 9.2.1 20200123 (Debian 9.2.1-25)) #7 SMP Sat Feb 1 13:07:03 MSK 2020
[    0.000396] printk: bootconsole [earlyprom0] enabled
[    0.000447] ARCH: SUN4V
[    0.000497] Ethernet address: 00:14:4f:fa:06:f2
[    0.000548] MM: PAGE_OFFSET is 0xfff8000000000000 (max_phys_bits == 47)
[    0.000614] MM: VMALLOC [0x0000000100000000 --> 0x0006000000000000]
[    0.000676] MM: VMEMMAP [0x0006000000000000 --> 0x000c000000000000]
[    0.012469] Kernel: Using 5 locked TLB entries for main kernel image.
[    0.012538] Remapping the kernel... 
[    0.012564] done.
[    0.046143] OF stdout device is: /virtual-devices@100/console@1
[    0.046207] PROM: Built device tree with 88003 bytes of memory.
[    0.046265] MDESC: Size is 36960 bytes.
[    0.046379] PLATFORM: banner-name [SPARC T5-2]
[    0.046429] PLATFORM: name [ORCL,SPARC-T5-2]
[    0.046474] PLATFORM: hostid [84fa06f2]
[    0.046519] PLATFORM: serial# [0035260e]
[    0.046561] PLATFORM: stick-frequency [3b9aca00]
[    0.046610] PLATFORM: mac-address [144ffa06f2]
[    0.046656] PLATFORM: watchdog-resolution [1000 ms]
[    0.046707] PLATFORM: watchdog-max-timeout [31536000000 ms]
[    0.046762] PLATFORM: max-cpus [1024]
[    0.046851] Top of RAM: 0x24af938000, Total RAM: 0x87f354000
[    0.046910] Memory hole size: 115461MB
[    0.051563] Allocated 40960 bytes for kernel page tables.
[    0.051649] Zone ranges:
[    0.051687]   Normal   [mem 0x0000000030400000-0x00000024af937fff]
[    0.051752] Movable zone start for each node
[    0.051796] Early memory node ranges
[    0.051837]   node   0: [mem 0x0000000030400000-0x000000006fe7ffff]
[    0.051901]   node   0: [mem 0x000000006ff00000-0x000000006ff25fff]
[    0.051961]   node   0: [mem 0x0000000070000000-0x000000042fffffff]
[    0.052023]   node   0: [mem 0x0000002030000000-0x00000024af87ffff]
[    0.052085]   node   0: [mem 0x00000024af900000-0x00000024af925fff]
[    0.052144]   node   0: [mem 0x00000024af930000-0x00000024af937fff]
[    0.059545] Zeroed struct page in unavailable ranges: 230130 pages
[    0.059553] Initmem setup node 0 [mem 0x0000000030400000-0x00000024af937fff]
[    0.059710] On node 0 totalpages: 4454826
[    0.059719]   Normal zone: 39154 pages used for memmap
[    0.059725]   Normal zone: 0 pages reserved
[    0.059730]   Normal zone: 4454826 pages, LIFO batch:31
[    0.069074] Booting Linux...
[    0.069156] CPU CAPS: [flush,stbar,swap,muldiv,v9,blkinit,n2,mul32]
[    0.069238] CPU CAPS: [div32,v8plus,popc,vis,vis2,ASIBlkInit,fmaf,vis3]
[    0.069315] CPU CAPS: [hpc,ima,pause,cbcond,aes,des,kasumi,camellia]
[    0.069387] CPU CAPS: [md5,sha1,sha256,sha512,mpmul,montmul,montsqr,crc32c]
[    0.099350] percpu: Embedded 27 pages/cpu s182344 r8192 d30648 u262144
[    0.099593] pcpu-alloc: s182344 r8192 d30648 u262144 alloc=1*4194304
[    0.099601] pcpu-alloc: [0] 000 001 002 003 004 005 006 007 008 009 010 011 012 013 014 015 
[    0.099629] pcpu-alloc: [0] 016 017 018 019 020 021 022 023 024 025 026 027 028 029 030 031 
[    0.099656] pcpu-alloc: [0] 032 033 034 035 036 037 038 039 040 041 042 043 044 045 046 047 
[    0.099684] pcpu-alloc: [0] 048 049 050 051 052 053 054 055 056 057 058 059 060 061 062 063 
[    0.099712] pcpu-alloc: [0] 064 065 066 067 068 069 070 071 072 073 074 075 076 077 078 079 
[    0.099739] pcpu-alloc: [0] 080 081 082 083 084 085 086 087 088 089 090 091 092 093 094 095 
[    0.099767] pcpu-alloc: [0] 096 097 098 099 100 101 102 103 104 105 106 107 108 109 110 111 
[    0.099794] pcpu-alloc: [0] 112 113 114 115 116 117 118 119 120 121 122 123 124 125 126 127 
[    0.100321] SUN4V: Mondo queue sizes [cpu(131072) dev(16384) r(8192) nr(256)]
[    0.100702] Built 1 zonelists, mobility grouping on.  Total pages: 4415672
[    0.100791] Kernel command line: BOOT_IMAGE=/vmlinux-5.5.0-08607-g26dca6dbd62d-dirty root=/dev/vdiska2 ro zswap.enabled=1
[    0.103193] printk: log_buf_len individual max cpu contribution: 4096 bytes
[    0.103264] printk: log_buf_len total cpu_extra contributions: 520192 bytes
[    0.103331] printk: log_buf_len min size: 131072 bytes
[    0.103603] printk: log_buf_len: 1048576 bytes
[    0.103654] printk: early log buf free: 126640(96%)
[    0.109970] Dentry cache hash table entries: 8388608 (order: 13, 67108864 bytes, linear)
[    0.113206] Inode-cache hash table entries: 4194304 (order: 12, 33554432 bytes, linear)
[    0.113280] Sorting __ex_table...
[    0.113513] mem auto-init: stack:off, heap alloc:off, heap free:off
[    0.176572] Memory: 1305232K/35638608K available (7669K kernel code, 1043K rwdata, 2288K rodata, 632K init, 6747K bss, 508904K reserved, 0K cma-reserved)
[    0.177246] SLUB: HWalign=32, Order=0-3, MinObjects=0, CPUs=128, Nodes=1
[    0.177549] ftrace: allocating 21492 entries in 42 pages
[    0.185997] ftrace: allocated 42 pages with 3 groups
[    0.188779] Running RCU self tests
[    0.188850] rcu: Hierarchical RCU implementation.
[    0.188900] rcu: 	RCU event tracing is enabled.
[    0.188947] rcu: 	RCU lockdep checking is enabled.
[    0.188997] 	Tasks RCU enabled.
[    0.189033] rcu: RCU calculated value of scheduler-enlistment delay is 10 jiffies.
[    0.193334] NR_IRQS: 2048, nr_irqs: 2048, preallocated irqs: 1
[    0.193410] SUN4V: Using IRQ API major 3, cookie only virqs enabled
[    0.195869] clocksource: stick: mask: 0xffffffffffffffff max_cycles: 0x1cd42e4dffb, max_idle_ns: 881590591483 ns
[    0.195999] clocksource: mult[800000] shift[23]
[    0.196048] clockevent: mult[80000000] shift[31]
[    0.196582] Console: colour dummy device 80x25
[    0.196645] printk: console [tty0] enabled
[    0.196720] printk: bootconsole [earlyprom0] disabled
[    0.196804] Lock dependency validator: Copyright (c) 2006 Red Hat, Inc., Ingo Molnar
[    0.196852] ... MAX_LOCKDEP_SUBCLASSES:  8
[    0.196882] ... MAX_LOCK_DEPTH:          48
[    0.196912] ... MAX_LOCKDEP_KEYS:        8192
[    0.196943] ... CLASSHASH_SIZE:          4096
[    0.196973] ... MAX_LOCKDEP_ENTRIES:     16384
[    0.197004] ... MAX_LOCKDEP_CHAINS:      32768
[    0.197035] ... CHAINHASH_SIZE:          16384
[    0.197066]  memory used by lock dependency info: 3855 kB
[    0.197102]  memory used for stack traces: 2112 kB
[    0.197135]  per task-struct memory footprint: 1920 bytes
[    0.346269] Calibrating delay using timer specific routine.. 2003.81 BogoMIPS (lpj=10019080)
[    0.346326] pid_max: default: 131072 minimum: 1024
[    0.346586] LSM: Security Framework initializing
[    0.346724] AppArmor: AppArmor initialized
[    0.346996] Mount-cache hash table entries: 131072 (order: 7, 1048576 bytes, linear)
[    0.347161] Mountpoint-cache hash table entries: 131072 (order: 7, 1048576 bytes, linear)
[    0.347290] *** VALIDATE tmpfs ***
[    0.348154] *** VALIDATE proc ***
[    0.348661] *** VALIDATE cgroup1 ***
[    0.348693] *** VALIDATE cgroup2 ***
[    0.350790] rcu: Hierarchical SRCU implementation.
[    0.358772] smp: Bringing up secondary CPUs ...
[    0.402250] smp: Brought up 1 node, 32 CPUs
[    0.594077] node 0 initialised, 4228059 pages in 190ms
[    0.595412] devtmpfs: initialized
[    0.600080] Performance events: 
[    0.600124] Testing NMI watchdog ... 
[    0.800222] OK.
[    0.800322] Supported PMU type is 'niagara5'
[    0.800505] random: get_random_u32 called from bucket_table_alloc.isra.0+0x188/0x1c0 with crng_init=0
[    0.801115] ldc.c:v1.1 (July 22, 2008)
[    0.803456] clocksource: jiffies: mask: 0xffffffff max_cycles: 0xffffffff, max_idle_ns: 19112604462750000 ns
[    0.803544] futex hash table entries: 32768 (order: 9, 4194304 bytes, linear)
[    0.808661] NET: Registered protocol family 16
[    0.817067] VIO: Adding device channel-devices (tx_ino = ffffffffffffffff, rx_ino = ffffffffffffffff)
[    0.817276] VIO: Adding device vnet-port-0-0 (tx_ino = 0, rx_ino = 1)
[    0.817474] VIO: Adding device vnet-port-0-1 (tx_ino = 2, rx_ino = 3)
[    0.817640] VIO: Adding device vnet-port-0-2 (tx_ino = 4, rx_ino = 5)
[    0.817811] VIO: Adding device vnet-port-0-4 (tx_ino = 8, rx_ino = 9)
[    0.817976] VIO: Adding device vnet-port-0-5 (tx_ino = a, rx_ino = b)
[    0.818140] VIO: Adding device vnet-port-0-6 (tx_ino = c, rx_ino = d)
[    0.818304] VIO: Adding device vdc-port-3-0 (tx_ino = e, rx_ino = f)
[    0.818475] VIO: Adding device vdc-port-2-0 (tx_ino = 10, rx_ino = 11)
[    0.818640] VIO: Adding device vdc-port-1-0 (tx_ino = 12, rx_ino = 13)
[    0.818805] VIO: Adding device vdc-port-0-0 (tx_ino = 14, rx_ino = 15)
[    0.818974] VIO: Adding device vdc-port-4-0 (tx_ino = 16, rx_ino = 17)
[    0.819140] VIO: Adding device vlds-port-0-0 (tx_ino = 18, rx_ino = 19)
[    0.819307] VIO: Adding device domain-services-port-0 (tx_ino = 18, rx_ino = 19)
[    0.819582] audit: initializing netlink subsys (disabled)
[    0.819844] audit: type=2000 audit(0.420:1): state=initialized audit_enabled=0 res=1
[    0.844746] HugeTLB registered 64.0 KiB page size, pre-allocated 0 pages
[    0.844793] HugeTLB registered 8.00 MiB page size, pre-allocated 0 pages
[    0.844838] HugeTLB registered 256 MiB page size, pre-allocated 0 pages
[    0.844882] HugeTLB registered 2.00 GiB page size, pre-allocated 0 pages
[    0.846489] alg: extra crypto tests enabled.  This is intended for developer use only.
[    0.872000] cryptd: max_cpu_qlen set to 1000
[    0.978646] NetLabel: Initializing
[    0.978677] NetLabel:  domain hash size = 128
[    0.978709] NetLabel:  protocols = UNLABELED CIPSOv4 CALIPSO
[    0.978834] NetLabel:  unlabeled traffic allowed by default
[    0.979786] SUN4V: Reboot data supported (maj=1,min=0).
[    0.980149] ds.c:v1.0 (Jul 11, 2007)
[    0.980525] ds-0: ds_conn_reset() from send_events.isra.0
[    0.982006] clocksource: Switched to clocksource stick
[    1.178690] *** VALIDATE bpf ***
[    1.179884] VFS: Disk quotas dquot_6.6.0
[    1.180011] VFS: Dquot-cache hash table entries: 1024 (order 0, 8192 bytes)
[    1.180212] *** VALIDATE ramfs ***
[    1.180263] *** VALIDATE hugetlbfs ***
[    1.181833] AppArmor: AppArmor Filesystem Enabled
[    1.194548] NET: Registered protocol family 2
[    1.196412] tcp_listen_portaddr_hash hash table entries: 32768 (order: 8, 2359296 bytes, linear)
[    1.199316] TCP established hash table entries: 524288 (order: 9, 4194304 bytes, linear)
[    1.201270] TCP bind hash table entries: 65536 (order: 9, 4194304 bytes, linear)
[    1.206930] TCP: Hash tables configured (established 524288 bind 65536)
[    1.209323] UDP hash table entries: 32768 (order: 9, 5242880 bytes, linear)
[    1.215691] UDP-Lite hash table entries: 32768 (order: 9, 5242880 bytes, linear)
[    1.223628] NET: Registered protocol family 1
[    1.223690] NET: Registered protocol family 44
[    1.224364] Trying to unpack rootfs image as initramfs...
[    1.416830] Freeing initrd memory: 14768K
[    1.417589] aes_sparc64: Using sparc64 aes opcodes optimized AES implementation
[    1.703527] des_sparc64: Using sparc64 des opcodes optimized DES implementation
[    2.209891] camellia_sparc64: Using sparc64 camellia opcodes optimized CAMELLIA implementation
[    2.402545] workingset: timestamp_bits=46 max_order=23 bucket_order=0
[    2.422960] SGI XFS with ACLs, security attributes, quota, fatal assert, debug enabled
[    2.428875] *** VALIDATE xfs ***
[    2.442654] Block layer SCSI generic (bsg) driver version 0.4 loaded (major 252)
[    2.443420] io scheduler mq-deadline registered
[    2.446096] f029b788: ttyHV0 at I/O 0x0 (irq = 1, base_baud = 115200) is a SUN4V HCONS
[    2.447063] printk: console [ttyHV0] enabled
[    2.450517] sunvdc.c:v1.2 (November 24, 2014)
[    2.452298] sunvdc: Virtual CDROM vdiskd
[    2.452341] sunvdc: vdiskd: 403160 sectors (196 MB) protocol 1.2
[    2.454106]  vdiskd: vdiskd1 vdiskd2 vdiskd3 vdiskd4 vdiskd5 vdiskd6 vdiskd7
[    2.473992] sunvdc: Virtual Hard disk vdiskc
[    2.474033] sunvdc: vdiskc: 104857600 sectors (51200 MB) protocol 1.2
[    2.492727] sunvdc: Virtual Hard disk vdiskb
[    2.492767] sunvdc: vdiskb: 62914560 sectors (30720 MB) protocol 1.2
[    2.493958]  vdiskb: vdiskb1
[    2.512005] sunvdc: Virtual Hard disk vdiska
[    2.512044] sunvdc: vdiska: 31457280 sectors (15360 MB) protocol 1.2
[    2.513391]  vdiska: vdiska1 vdiska2 vdiska3 vdiska4
[    2.532303] sunvdc: Virtual Hard disk vdiske
[    2.532341] sunvdc: vdiske: 20971520 sectors (10240 MB) protocol 1.2
[    2.533671]  vdiske: vdiske1 vdiske2
[    2.550713] sunvnet: sunvnet 2.0 (February 3, 2017)
[    2.552901] vnet_port vnet-port-0-0 eth0: Sun LDOM vnet 00:14:4f:f8:12:a3
[    2.553119] sunvnet: eth0: PORT ( remote-mac 00:14:4f:fa:f3:f0 switch-port )
[    2.553469] sunvnet: eth0: PORT ( remote-mac 00:14:4f:f8:e5:f3 )
[    2.553808] sunvnet: eth0: PORT ( remote-mac 00:14:4f:f9:b4:97 )
[    2.554144] sunvnet: eth0: PORT ( remote-mac 00:14:4f:f8:3f:1e )
[    2.554497] sunvnet: eth0: PORT ( remote-mac 00:14:4f:f8:fe:47 )
[    2.554964] sunvnet: eth0: PORT ( remote-mac 00:14:4f:f9:8b:83 )
[    2.556151] rtc-sun4v rtc-sun4v: registered as rtc0
[    2.556665] sun4v_wdt: initialized (timeout=60s, nowayout=0)
[    2.557045] device-mapper: uevent: version 1.0.3
[    2.558011] device-mapper: ioctl: 4.41.0-ioctl (2019-09-16) initialised: dm-devel@redhat.com
[    2.558977] NET: Registered protocol family 17
[    2.559541] registered taskstats version 1
[    2.567075] zswap: default zpool zbud not available
[    2.567131] zswap: pool creation failed
[    2.892519] Key type big_key registered
[    2.892589] AppArmor: AppArmor sha1 policy hashing enabled
[    2.893336] rtc-sun4v rtc-sun4v: setting system clock to 2020-02-01T10:21:13 UTC (1580552473)
[    2.897749] This architecture does not have kernel memory protection.
[    2.897796] Run /init as init process
[    2.897828]   with arguments:
[    2.897834]     /init
[    2.897841]   with environment:
[    2.897847]     HOME=/
[    2.897853]     TERM=linux
[    2.897860]     BOOT_IMAGE=/vmlinux-5.5.0-08607-g26dca6dbd62d-dirty
[    3.382382] crc32c_sparc64: Using sparc64 crc32c opcode optimized CRC32C implementation
[    3.458548] random: fast init done
[    3.484197] md127: WARNING: vdiske1 appears to be on the same physical disk as vdiske2.
[    3.484297] True protection against single-disk failure might be compromised.
[    3.485018] md/raid1:md127: active with 2 out of 2 mirrors
[    3.485370] md127: detected capacity change from 0 to 26148864
[    3.991973] raid6: int64x8  gen()  2161 MB/s
[    4.161970] raid6: int64x8  xor()  1532 MB/s
[    4.331950] raid6: int64x4  gen()  3424 MB/s
[    4.501960] raid6: int64x4  xor()  1478 MB/s
[    4.671966] raid6: int64x2  gen()  2790 MB/s
[    4.841960] raid6: int64x2  xor()  1164 MB/s
[    5.011955] raid6: int64x1  gen()  1375 MB/s
[    5.181982] raid6: int64x1  xor()   666 MB/s
[    5.182028] raid6: using algorithm int64x4 gen() 3424 MB/s
[    5.182068] raid6: .... xor() 1478 MB/s, rmw enabled
[    5.182106] raid6: using intx1 recovery algorithm
[    5.183027] async_tx: api initialized (async)
[    5.183590] xor: automatically using best checksumming function   Niagara   
[    5.266561] process '/usr/bin/fstype' started with executable stack
[    5.376445] EXT4-fs (vdiska2): mounted filesystem with ordered data mode. Opts: (null)
[    7.363617] systemd[1]: Inserted module 'autofs4'
[    7.376012] NET: Registered protocol family 10
[    7.382273] Segment Routing with IPv6
[    7.450117] systemd[1]: systemd 244.1-2 running in system mode. (+PAM +AUDIT +SELINUX +IMA +APPARMOR +SMACK +SYSVINIT +UTMP +LIBCRYPTSETUP +GCRYPT +GNUTLS +ACL +XZ +LZ4 -SECCOMP +BLKID +ELFUTILS +KMOD +IDN2 -IDN +PCRE2 default-hierarchy=hybrid)
[    7.450743] systemd[1]: Detected architecture sparc64.
[    7.526518] systemd[1]: Set hostname to <ttip>.
[    7.545378] systemd[1]: Couldn't move remaining userspace processes, ignoring: Input/output error
[    8.419484] random: lvmconfig: uninitialized urandom read (4 bytes read)
[    9.340270] systemd[1]: /lib/systemd/system/dbus.socket:5: ListenStream= references a path below legacy directory /var/run/, updating /var/run/dbus/system_bus_socket â†’ /run/dbus/system_bus_socket; please update the unit file accordingly.
[    9.663301] systemd[1]: haveged.service: Found ordering cycle on systemd-tmpfiles-setup.service/start
[    9.663386] systemd[1]: haveged.service: Found dependency on systemd-journal-flush.service/start
[    9.663456] systemd[1]: haveged.service: Found dependency on systemd-journald.service/start
[    9.663522] systemd[1]: haveged.service: Found dependency on haveged.service/start
[    9.663586] systemd[1]: haveged.service: Job systemd-tmpfiles-setup.service/start deleted to break ordering cycle starting with haveged.service/start
[    9.666060] random: systemd: uninitialized urandom read (16 bytes read)
[    9.676843] systemd[1]: Created slice system-getty.slice.
[    9.677286] random: systemd: uninitialized urandom read (16 bytes read)
[    9.680761] systemd[1]: Created slice system-openvpn\x2dclient.slice.
[    9.681187] random: systemd: uninitialized urandom read (16 bytes read)
[    9.684723] systemd[1]: Created slice system-postfix.slice.
[    9.689945] systemd[1]: Created slice system-systemd\x2dfsck.slice.
[    9.693770] systemd[1]: Created slice User and Session Slice.
[    9.694674] systemd[1]: Started Dispatch Password Requests to Console Directory Watch.
[    9.695471] systemd[1]: Started Forward Password Requests to Wall Directory Watch.
[    9.697596] systemd[1]: Set up automount Arbitrary Executable File Formats File System Automount Point.
[    9.698150] systemd[1]: Reached target Local Encrypted Volumes.
[    9.698633] systemd[1]: Reached target Paths.
[    9.699073] systemd[1]: Reached target Remote File Systems.
[    9.699504] systemd[1]: Reached target Slices.
[    9.700402] systemd[1]: Listening on Device-mapper event daemon FIFOs.
[    9.701474] systemd[1]: Listening on LVM2 poll daemon socket.
[    9.703924] systemd[1]: Listening on Syslog Socket.
[    9.704894] systemd[1]: Listening on fsck to fsckd communication Socket.
[    9.705639] systemd[1]: Listening on initctl Compatibility Named Pipe.
[    9.706866] systemd[1]: Listening on Journal Audit Socket.
[    9.707835] systemd[1]: Listening on Journal Socket (/dev/log).
[    9.708979] systemd[1]: Listening on Journal Socket.
[    9.710048] systemd[1]: Listening on udev Control Socket.
[    9.710859] systemd[1]: Listening on udev Kernel Socket.
[    9.719648] systemd[1]: Mounting Huge Pages File System...
[    9.728968] systemd[1]: Mounting POSIX Message Queue File System...
[    9.737682] systemd[1]: Mounting Kernel Debug File System...
[    9.747375] systemd[1]: Starting Availability of block devices...
[    9.759895] systemd[1]: Starting Wait for network to be configured by ifupdown...
[    9.768254] systemd[1]: Starting Create list of static device nodes for the current kernel...
[    9.776719] systemd[1]: Starting Monitoring of LVM2 mirrors, snapshots etc. using dmeventd or progress polling...
[    9.786145] systemd[1]: Starting nftables...
[    9.804505] systemd[1]: Condition check resulted in Set Up Additional Binary Formats being skipped.
[    9.804736] systemd[1]: Condition check resulted in File System Check on Root Device being skipped.
[    9.822993] systemd[1]: Starting Load Kernel Modules...
[    9.831306] systemd[1]: Starting Remount Root and Kernel File Systems...
[    9.840707] systemd[1]: Starting udev Coldplug all Devices...
[    9.847836] systemd[1]: Mounted Huge Pages File System.
[    9.849265] systemd[1]: Mounted POSIX Message Queue File System.
[    9.850663] systemd[1]: Mounted Kernel Debug File System.
[    9.858236] systemd[1]: Started Availability of block devices.
[    9.865031] systemd[1]: Started Wait for network to be configured by ifupdown.
[    9.871028] systemd[1]: Started Create list of static device nodes for the current kernel.
[    9.910374] systemd[1]: Started Load Kernel Modules.
[    9.911893] systemd[1]: Condition check resulted in FUSE Control File System being skipped.
[    9.912308] systemd[1]: Condition check resulted in Kernel Configuration File System being skipped.
[    9.912746] EXT4-fs (vdiska2): re-mounted. Opts: errors=remount-ro
[    9.921706] systemd[1]: Starting Apply Kernel Variables...
[    9.936840] systemd[1]: Started Remount Root and Kernel File Systems.
[   10.060566] systemd[1]: Starting Initial Check File System Quotas...
[   10.082482] systemd[1]: Condition check resulted in Rebuild Hardware Database being skipped.
[   10.090668] systemd[1]: Starting Load/Save Random Seed...
[   10.099152] systemd[1]: Starting Create System Users...
[   10.182499] systemd[1]: Started Monitoring of LVM2 mirrors, snapshots etc. using dmeventd or progress polling.
[   10.205118] systemd[1]: Started Apply Kernel Variables.
[   10.394772] systemd[1]: Started Create System Users.
[   10.404014] systemd[1]: Starting Create Static Device Nodes in /dev...
[   10.560720] systemd[1]: Started udev Coldplug all Devices.
[   10.570206] systemd[1]: Starting Helper to synchronize boot up for ifupdown...
[   10.770371] systemd[1]: Started Create Static Device Nodes in /dev.
[   10.771875] systemd[1]: Reached target Local File Systems (Pre).
[   10.784192] systemd[1]: Starting udev Kernel Device Manager...
[   10.790196] systemd[1]: Started nftables.
[   10.791142] systemd[1]: Reached target Network (Pre).
[   10.842815] systemd[1]: Started Initial Check File System Quotas.
[   11.032980] systemd[1]: Started udev Kernel Device Manager.
[   11.115512] sha1_sparc64: Using sparc64 sha1 opcode optimized SHA-1 implementation
[   11.188854] n2rng v0.3 (Jan 7, 2017)
[   11.188958] n2rng f029b104: Registered RNG HVAPI major 2 minor 0
[   11.189055] n2rng f029b104: Found multi-unit-capable RNG, units: 2
[   11.190305] n2rng f029b104: RNG ready
[   11.278383] sha256_sparc64: Using sparc64 sha256 opcode optimized SHA-256/SHA-224 implementation
[   11.307259] systemd[1]: Created slice system-lvm2\x2dpvscan.slice.
[   11.316055] systemd[1]: Starting LVM event activation on device 254:16...
[   11.359237] pktcdvd: setup of pktcdvd device failed
[   11.375296] systemd[1]: Found device /dev/vdiska1.
[   11.381805] systemd[1]: Found device /dev/disk/by-label/swapvol1.
[   11.398895] pktcdvd: setup of pktcdvd device failed
[   11.404741] pktcdvd: setup of pktcdvd device failed
[   11.407571] pktcdvd: setup of pktcdvd device failed
[   11.409779] systemd[1]: Activating swap /dev/disk/by-label/swapvol1...
[   11.420938] pktcdvd: setup of pktcdvd device failed
[   11.420951] systemd[1]: Started MD array monitor.
[   11.424336] pktcdvd: setup of pktcdvd device failed
[   11.428292] pktcdvd: setup of pktcdvd device failed
[   11.430668] systemd[1]: Starting File System Check on /dev/vdiska1...
[   11.431606] pktcdvd: setup of pktcdvd device failed
[   11.459332] sha512_sparc64: Using sparc64 sha512 opcode optimized SHA-512/SHA-384 implementation
[   11.472060] md5_sparc64: Using sparc64 md5 opcode optimized MD5 implementation
[   11.508907] systemd[1]: Started File System Check Daemon to report status.
[   11.552694] Adding 787176k swap on /dev/vdiska4.  Priority:-2 extents:1 across:787176k FS
[   11.559789] systemd[1]: Activated swap /dev/disk/by-label/swapvol1.
[   11.563487] systemd[1]: Reached target Swap.
[   11.595946] systemd[1]: Mounting /tmp...
[   11.615034] systemd[1]: Mounted /tmp.
[   11.647704] systemd[1]: Starting Network Time Synchronization...
[   11.694048] systemd[1]: Found device /dev/ttipvg1/vol1.
[   11.702545] systemd[1]: Starting File System Check on /dev/ttipvg1/vol1...
[   11.720800] systemd[1]: Started Helper to synchronize boot up for ifupdown.
[   11.787948] systemd[1]: Started File System Check on /dev/ttipvg1/vol1.
[   11.806351] systemd[1]: Mounting /1...
[   11.821696] systemd[1]: Started File System Check on /dev/vdiska1.
[   11.834185] XFS (dm-0): Mounting V5 Filesystem
[   11.836630] systemd[1]: Mounting /boot...
[   11.855880] EXT4-fs (vdiska1): mounting ext3 file system using the ext4 subsystem
[   11.865059] systemd[1]: Started Network Time Synchronization.
[   11.866202] systemd[1]: Reached target System Time Set.
[   11.866645] systemd[1]: Reached target System Time Synchronized.
[   11.891343] systemd[1]: Started LVM event activation on device 254:16.
[   11.905917] EXT4-fs (vdiska1): mounted filesystem with ordered data mode. Opts: (null)
[   11.906155] ext3 filesystem being mounted at /boot supports timestamps until 2038 (0x7fffffff)
[   11.911905] systemd[1]: Mounted /boot.
[   11.944972] XFS (dm-0): Ending clean mount
[   11.947380] xfs filesystem being mounted at /1 supports timestamps until 2038 (0x7fffffff)
[   11.952975] systemd[1]: Mounted /1.
[   11.954583] systemd[1]: Reached target Local File Systems.
[   11.963123] systemd[1]: Starting Load AppArmor profiles...
[   11.971184] systemd[1]: Starting Security Auditing Service...
[   11.982998] systemd[1]: Starting Enable support for additional executable binary formats...
[   11.983650] systemd[1]: Condition check resulted in Mark the need to relabel after reboot being skipped.
[   11.983963] systemd[1]: Condition check resulted in Commit a transient machine-id on disk being skipped.
[   12.190056] systemd[1]: proc-sys-fs-binfmt_misc.automount: Got automount request for /proc/sys/fs/binfmt_misc, triggered by 751 (update-binfmts)
[   12.200601] systemd[1]: Mounting Arbitrary Executable File Formats File System...
[   12.250770] systemd[1]: Mounted Arbitrary Executable File Formats File System.
[   12.809033] systemd[1]: Started Security Auditing Service.
[   12.818800] systemd[1]: Starting Update UTMP about System Boot/Shutdown...
[   12.933481] systemd[1]: Started Enable support for additional executable binary formats.
[   12.952690] systemd[1]: Started Update UTMP about System Boot/Shutdown.
[   13.134252] Kernel unaligned access at TPC[88df98] aa_dfa_unpack+0x38/0x5a0
[   13.134394] Kernel unaligned access at TPC[88dfb8] aa_dfa_unpack+0x58/0x5a0
[   13.134466] Kernel unaligned access at TPC[88e074] aa_dfa_unpack+0x114/0x5a0
[   13.134545] Kernel unaligned access at TPC[88e154] aa_dfa_unpack+0x1f4/0x5a0
[   13.134621] Kernel unaligned access at TPC[88e168] aa_dfa_unpack+0x208/0x5a0
[   13.249113] systemd[1]: Started Load AppArmor profiles.
[   13.301580] systemd[1]: Started Entropy Daemon based on the HAVEGE algorithm.
[   13.311359] systemd[1]: Starting Raise network interfaces...
[   13.328133] systemd[1]: Starting Journal Service...
[   13.484343] systemd[1]: Started Journal Service.
[   13.847965] systemd-journald[794]: Received client request to flush runtime journal.
[   13.975892] random: crng init done
[   13.975944] random: 6 urandom warning(s) missed due to ratelimiting
[   14.107660] systemd-journald[794]: File /var/log/journal/c02366aaa6e44182ba0caa130d880aac/system.journal corrupted or uncleanly shut down, renaming and replacing.
