[    0.000017] PROMLIB: Sun IEEE Boot Prom 'OBP 4.38.12 2018/03/28 14:54'
[    0.000030] PROMLIB: Root node compatible: sun4v
[    0.000074] Linux version 4.20.0-06428-g00c569b567c7 (mator@ttip) (gcc version 7.4.0 (Debian 7.4.0-2)) #792 SMP Fri Dec 28 16:33:21 MSK 2018
[    0.000377] printk: bootconsole [earlyprom0] enabled
[    0.000429] ARCH: SUN4V
[    0.000479] Ethernet address: 00:14:4f:fa:06:f2
[    0.000532] MM: PAGE_OFFSET is 0xfff8000000000000 (max_phys_bits == 47)
[    0.000596] MM: VMALLOC [0x0000000100000000 --> 0x0006000000000000]
[    0.000660] MM: VMEMMAP [0x0006000000000000 --> 0x000c000000000000]
[    0.012930] Kernel: Using 5 locked TLB entries for main kernel image.
[    0.013000] Remapping the kernel... 
[    0.013025] done.
[    0.041590] OF stdout device is: /virtual-devices@100/console@1
[    0.041654] PROM: Built device tree with 72847 bytes of memory.
[    0.041716] MDESC: Size is 30768 bytes.
[    0.041821] PLATFORM: banner-name [SPARC T5-2]
[    0.041872] PLATFORM: name [ORCL,SPARC-T5-2]
[    0.041919] PLATFORM: hostid [84fa06f2]
[    0.041961] PLATFORM: serial# [0035260e]
[    0.042004] PLATFORM: stick-frequency [3b9aca00]
[    0.042053] PLATFORM: mac-address [144ffa06f2]
[    0.042100] PLATFORM: watchdog-resolution [1000 ms]
[    0.042151] PLATFORM: watchdog-max-timeout [31536000000 ms]
[    0.042206] PLATFORM: max-cpus [1024]
[    0.042298] Top of RAM: 0x24af948000, Total RAM: 0x87f384000
[    0.042359] Memory hole size: 115461MB
[    0.046571] Allocated 40960 bytes for kernel page tables.
[    0.046651] Zone ranges:
[    0.046690]   Normal   [mem 0x0000000030400000-0x00000024af947fff]
[    0.046754] Movable zone start for each node
[    0.046800] Early memory node ranges
[    0.046841]   node   0: [mem 0x0000000030400000-0x000000006febffff]
[    0.046902]   node   0: [mem 0x000000006ff40000-0x000000006ff47fff]
[    0.046964]   node   0: [mem 0x0000000070000000-0x000000042fffffff]
[    0.047025]   node   0: [mem 0x0000002030000000-0x00000024af8b3fff]
[    0.047087]   node   0: [mem 0x00000024af940000-0x00000024af947fff]
[    0.054452] Zeroed struct page in unavailable ranges: 230114 pages
[    0.054460] Initmem setup node 0 [mem 0x0000000030400000-0x00000024af947fff]
[    0.054619] On node 0 totalpages: 4454850
[    0.054628]   Normal zone: 39154 pages used for memmap
[    0.054633]   Normal zone: 0 pages reserved
[    0.054639]   Normal zone: 4454850 pages, LIFO batch:31
[    0.258143] Booting Linux...
[    0.258228] CPU CAPS: [flush,stbar,swap,muldiv,v9,blkinit,n2,mul32]
[    0.258310] CPU CAPS: [div32,v8plus,popc,vis,vis2,ASIBlkInit,fmaf,vis3]
[    0.258388] CPU CAPS: [hpc,ima,pause,cbcond,aes,des,kasumi,camellia]
[    0.258460] CPU CAPS: [md5,sha1,sha256,sha512,mpmul,montmul,montsqr,crc32c]
[    0.309553] percpu: Embedded 20 pages/cpu @(____ptrval____) s122824 r8192 d32824 u262144
[    0.309780] pcpu-alloc: s122824 r8192 d32824 u262144 alloc=1*4194304
[    0.309788] pcpu-alloc: [0] 000 001 002 003 004 005 006 007 008 009 010 011 012 013 014 015 
[    0.309815] pcpu-alloc: [0] 016 017 018 019 020 021 022 023 024 025 026 027 028 029 030 031 
[    0.309842] pcpu-alloc: [0] 032 033 034 035 036 037 038 039 040 041 042 043 044 045 046 047 
[    0.309869] pcpu-alloc: [0] 048 049 050 051 052 053 054 055 056 057 058 059 060 061 062 063 
[    0.309896] pcpu-alloc: [0] 064 065 066 067 068 069 070 071 072 073 074 075 076 077 078 079 
[    0.309923] pcpu-alloc: [0] 080 081 082 083 084 085 086 087 088 089 090 091 092 093 094 095 
[    0.309949] pcpu-alloc: [0] 096 097 098 099 100 101 102 103 104 105 106 107 108 109 110 111 
[    0.309976] pcpu-alloc: [0] 112 113 114 115 116 117 118 119 120 121 122 123 124 125 126 127 
[    0.310003] pcpu-alloc: [0] 128 129 130 131 132 133 134 135 136 137 138 139 140 141 142 143 
[    0.310030] pcpu-alloc: [0] 144 145 146 147 148 149 150 151 152 153 154 155 156 157 158 159 
[    0.310057] pcpu-alloc: [0] 160 161 162 163 164 165 166 167 168 169 170 171 172 173 174 175 
[    0.310083] pcpu-alloc: [0] 176 177 178 179 180 181 182 183 184 185 186 187 188 189 190 191 
[    0.310110] pcpu-alloc: [0] 192 193 194 195 196 197 198 199 200 201 202 203 204 205 206 207 
[    0.310137] pcpu-alloc: [0] 208 209 210 211 212 213 214 215 216 217 218 219 220 221 222 223 
[    0.310164] pcpu-alloc: [0] 224 225 226 227 228 229 230 231 232 233 234 235 236 237 238 239 
[    0.310190] pcpu-alloc: [0] 240 241 242 243 244 245 246 247 248 249 250 251 252 253 254 255 
[    0.310607] SUN4V: Mondo queue sizes [cpu(131072) dev(16384) r(8192) nr(256)]
[    0.310914] Built 1 zonelists, mobility grouping on.  Total pages: 4415696
[    0.311003] Kernel command line: BOOT_IMAGE=/vmlinuz-4.20.0-06428-g00c569b567c7 root=/dev/vdiska2 ro zswap.enabled=1 elevator=deadline
[    0.313399] printk: log_buf_len individual max cpu contribution: 4096 bytes
[    0.313469] printk: log_buf_len total cpu_extra contributions: 1044480 bytes
[    0.313537] printk: log_buf_len min size: 131072 bytes
[    0.313907] printk: log_buf_len: 2097152 bytes
[    0.313957] printk: early log buf free: 125928(96%)
[    0.320275] Dentry cache hash table entries: 8388608 (order: 13, 67108864 bytes)
[    0.323506] Inode-cache hash table entries: 4194304 (order: 12, 33554432 bytes)
[    0.323577] Sorting __ex_table...
[    0.402671] Memory: 35110416K/35638800K available (6255K kernel code, 854K rwdata, 1864K rodata, 888K init, 7996K bss, 528384K reserved, 0K cma-reserved)
[    0.403024] kmemleak: Kernel memory leak detector disabled
[    0.404528] ftrace: allocating 19043 entries in 38 pages
[    0.418097] Running RCU self tests
[    0.418145] rcu: Hierarchical RCU implementation.
[    0.418193] rcu: 	RCU event tracing is enabled.
[    0.418242] rcu: 	RCU lockdep checking is enabled.
[    0.418292] 	Tasks RCU enabled.
[    0.418329] rcu: RCU calculated value of scheduler-enlistment delay is 11 jiffies.
[    0.423508] NR_IRQS: 2048, nr_irqs: 2048, preallocated irqs: 1
[    0.423594] SUN4V: Using IRQ API major 3, cookie only virqs enabled
[    0.427712] clocksource: stick: mask: 0xffffffffffffffff max_cycles: 0x1cd42e4dffb, max_idle_ns: 881590591483 ns
[    0.427844] clocksource: mult[800000] shift[23]
[    0.427892] clockevent: mult[80000000] shift[31]
[    0.432272] Console: colour dummy device 80x25
[    0.432335] printk: console [tty0] enabled
[    0.432410] printk: bootconsole [earlyprom0] disabled
[    0.432493] Lock dependency validator: Copyright (c) 2006 Red Hat, Inc., Ingo Molnar
[    0.432538] ... MAX_LOCKDEP_SUBCLASSES:  8
[    0.432566] ... MAX_LOCK_DEPTH:          48
[    0.432594] ... MAX_LOCKDEP_KEYS:        8191
[    0.432623] ... CLASSHASH_SIZE:          4096
[    0.432652] ... MAX_LOCKDEP_ENTRIES:     16384
[    0.432681] ... MAX_LOCKDEP_CHAINS:      32768
[    0.432710] ... CHAINHASH_SIZE:          16384
[    0.432739]  memory used by lock dependency info: 4959 kB
[    0.432773]  per task-struct memory footprint: 1920 bytes
[    0.433004] kmemleak: Early log buffer exceeded (36559), please increase DEBUG_KMEMLEAK_EARLY_LOG_SIZE
[    0.578182] Calibrating delay using timer specific routine.. 2005.55 BogoMIPS (lpj=10027774)
[    0.578248] pid_max: default: 262144 minimum: 2048
[    0.579398] LSM: Security Framework initializing
[    0.579439] AppArmor: AppArmor disabled by boot time parameter
[    0.580101] Mount-cache hash table entries: 131072 (order: 7, 1048576 bytes)
[    0.580259] Mountpoint-cache hash table entries: 131072 (order: 7, 1048576 bytes)
[    0.585011] rcu: Hierarchical SRCU implementation.
[    0.607359] smp: Bringing up secondary CPUs ...
[    0.667516] smp: Brought up 1 node, 24 CPUs
[    0.671637] devtmpfs: initialized
[    0.677174] Performance events: 
[    0.677208] Testing NMI watchdog ... 
[    0.877309] OK.
[    0.877464] Supported PMU type is 'niagara5'
[    0.877789] random: get_random_u32 called from bucket_table_alloc.isra.4+0x144/0x1c0 with crng_init=0
[    0.878642] ldc.c:v1.1 (July 22, 2008)
[    0.881593] clocksource: jiffies: mask: 0xffffffff max_cycles: 0xffffffff, max_idle_ns: 19112604462750000 ns
[    0.881692] futex hash table entries: 65536 (order: 10, 8388608 bytes)
[    0.891514] NET: Registered protocol family 16
[    0.900621] VIO: Adding device channel-devices (tx_ino = ffffffffffffffff, rx_ino = ffffffffffffffff)
[    0.900853] VIO: Adding device vnet-port-0-0 (tx_ino = 0, rx_ino = 1)
[    0.901088] VIO: Adding device vnet-port-0-1 (tx_ino = 2, rx_ino = 3)
[    0.901281] VIO: Adding device vnet-port-0-2 (tx_ino = 4, rx_ino = 5)
[    0.901474] VIO: Adding device vnet-port-0-3 (tx_ino = 6, rx_ino = 7)
[    0.901673] VIO: Adding device vnet-port-0-4 (tx_ino = 14, rx_ino = 15)
[    0.901872] VIO: Adding device vdc-port-3-0 (tx_ino = 8, rx_ino = 9)
[    0.902064] VIO: Adding device vdc-port-2-0 (tx_ino = a, rx_ino = b)
[    0.902261] VIO: Adding device vdc-port-1-0 (tx_ino = c, rx_ino = d)
[    0.902455] VIO: Adding device vdc-port-0-0 (tx_ino = e, rx_ino = f)
[    0.902660] VIO: Adding device vlds-port-0-0 (tx_ino = 10, rx_ino = 11)
[    0.902854] VIO: Adding device domain-services-port-0 (tx_ino = 10, rx_ino = 11)
[    0.903236] audit: initializing netlink subsys (disabled)
[    0.903583] audit: type=2000 audit(0.470:1): state=initialized audit_enabled=0 res=1
[    0.948888] HugeTLB registered 64.0 KiB page size, pre-allocated 0 pages
[    0.948935] HugeTLB registered 8.00 MiB page size, pre-allocated 0 pages
[    0.948978] HugeTLB registered 256 MiB page size, pre-allocated 0 pages
[    0.949021] HugeTLB registered 2.00 GiB page size, pre-allocated 0 pages
[    0.961631] SUN4V: Reboot data supported (maj=1,min=0).
[    0.962058] ds.c:v1.0 (Jul 11, 2007)
[    0.962469] ds-0: ds_conn_reset() from send_events.isra.3
[    0.963936] clocksource: Switched to clocksource stick
[    1.142461] VFS: Disk quotas dquot_6.6.0
[    1.142958] VFS: Dquot-cache hash table entries: 1024 (order 0, 8192 bytes)
[    1.163287] NET: Registered protocol family 2
[    1.168271] tcp_listen_portaddr_hash hash table entries: 32768 (order: 8, 2359296 bytes)
[    1.171465] TCP established hash table entries: 524288 (order: 9, 4194304 bytes)
[    1.173483] TCP bind hash table entries: 65536 (order: 9, 4194304 bytes)
[    1.179078] TCP: Hash tables configured (established 524288 bind 65536)
[    1.185625] UDP hash table entries: 32768 (order: 9, 5242880 bytes)
[    1.192800] UDP-Lite hash table entries: 32768 (order: 9, 5242880 bytes)
[    1.206887] NET: Registered protocol family 1
[    1.207604] Unpacking initramfs...
[    1.638029] Freeing initrd memory: 16488K
[    1.680557] Kprobe smoke test: started
[    1.690747] Kprobe smoke test: passed successfully
[    1.691822] workingset: timestamp_bits=46 max_order=23 bucket_order=0
[    1.693056] zbud: loaded
[    1.845366] Block layer SCSI generic (bsg) driver version 0.4 loaded (major 252)
[    1.846981] io scheduler noop registered
[    1.847014] io scheduler deadline registered (default)
[    1.847711] io scheduler cfq registered
[    1.847743] io scheduler mq-deadline registered (default)
[    1.847780] io scheduler kyber registered
[    1.851117] f029b788: ttyS0 at I/O 0x0 (irq = 1, base_baud = 115200) is a SUN4V HCONS
[    1.856672] printk: console [ttyHV0] enabled
[    1.859952] sunvdc.c:v1.2 (November 24, 2014)
[    1.869197] sunvdc: Virtual CDROM vdiskd
[    1.869248] sunvdc: vdiskd: 403160 sectors (196 MB) protocol 1.2
[    1.870321]  vdiskd: vdiskd1 vdiskd2 vdiskd3 vdiskd4 vdiskd5 vdiskd6 vdiskd7
[    1.880729] sunvdc: Virtual Hard disk vdiskc
[    1.880767] sunvdc: vdiskc: 104857600 sectors (51200 MB) protocol 1.2
[    1.887350] sunvdc: Virtual Hard disk vdiskb
[    1.887386] sunvdc: vdiskb: 62914560 sectors (30720 MB) protocol 1.2
[    1.895320]  vdiskb: vdiskb1
[    1.901990] sunvdc: Virtual Hard disk vdiska
[    1.902027] sunvdc: vdiska: 31457280 sectors (15360 MB) protocol 1.2
[    1.902715]  vdiska: vdiska1 vdiska2 vdiska3 vdiska4
[    1.905908] sunvnet: sunvnet 2.0 (February 3, 2017)
[    1.909311] vnet_port vnet-port-0-0 eth0: Sun LDOM vnet 00:14:4f:f8:12:a3
[    1.909859] sunvnet: eth0: PORT ( remote-mac 00:14:4f:fa:f3:f0 switch-port )
[    1.911155] sunvnet: eth0: PORT ( remote-mac 00:14:4f:f8:e5:f3 )
[    1.912490] sunvnet: eth0: PORT ( remote-mac 00:14:4f:f9:b4:97 )
[    1.913770] sunvnet: eth0: PORT ( remote-mac 00:14:4f:f9:8b:83 )
[    1.915102] sunvnet: eth0: PORT ( remote-mac 00:14:4f:f8:fe:47 )
[    1.916139] mousedev: PS/2 mouse device common for all mice
[    1.917283] rtc-sun4v rtc-sun4v: rtc core: registered sun4v as rtc0
[    1.918411] device-mapper: uevent: version 1.0.3
[    1.919513] device-mapper: ioctl: 4.39.0-ioctl (2018-04-03) initialised: dm-devel@redhat.com
[    1.921049] NET: Registered protocol family 17
[    1.922261] registered taskstats version 1
[    1.925409] zswap: loaded using pool lzo/zbud
[    1.954492] Key type big_key registered
[    1.955333] rtc-sun4v rtc-sun4v: setting system clock to 2018-12-28 13:43:20 UTC (1546004600)
[    1.959747] This architecture does not have kernel memory protection.
[    1.959793] Run /init as init process
[    2.825324] crc32c_sparc64: Using sparc64 crc32c opcode optimized CRC32C implementation
[    3.303885] raid6: int64x1  gen()  2847 MB/s
[    3.473896] raid6: int64x1  xor()  1628 MB/s
[    3.643875] raid6: int64x2  gen()  2876 MB/s
[    3.813892] raid6: int64x2  xor()  1993 MB/s
[    3.983875] raid6: int64x4  gen()  3476 MB/s
[    4.153884] raid6: int64x4  xor()  1997 MB/s
[    4.323898] raid6: int64x8  gen()  2210 MB/s
[    4.493905] raid6: int64x8  xor()  1583 MB/s
[    4.493952] raid6: using algorithm int64x4 gen() 3476 MB/s
[    4.493990] raid6: .... xor() 1997 MB/s, rmw enabled
[    4.494026] raid6: using intx1 recovery algorithm
[    4.495250] async_tx: api initialized (async)
[    4.495992] xor: automatically using best checksumming function   Niagara   
[    4.729197] random: fast init done
[    4.736820] EXT4-fs (vdiska2): mounted filesystem with ordered data mode. Opts: (null)
[    6.179910] systemd[1]: Inserted module 'autofs4'
[    6.225036] NET: Registered protocol family 10
[    6.237120] Segment Routing with IPv6
[    6.295698] systemd[1]: systemd 240 running in system mode. (+PAM +AUDIT +SELINUX +IMA +APPARMOR +SMACK +SYSVINIT +UTMP +LIBCRYPTSETUP +GCRYPT +GNUTLS +ACL +XZ +LZ4 -SECCOMP +BLKID +ELFUTILS +KMOD -IDN2 +IDN -PCRE2 default-hierarchy=hybrid)
[    6.296228] systemd[1]: Detected architecture sparc64.
[    6.341167] systemd[1]: Set hostname to <ttip>.
[    7.548455] random: lvmconfig: uninitialized urandom read (4 bytes read)
[    7.590700] lvm2-activation-generator: lvmconfig failed
[    7.590776] lvm2-activation-generator: Activation generator failed.
[    8.312244] systemd[344]: /lib/systemd/system-generators/lvm2-activation-generator failed with exit status 1.
[    8.335470] systemd[1]: File /lib/systemd/system/systemd-journald.service:12 configures an IP firewall (IPAddressDeny=any), but the local system does not support BPF/cgroup based firewalling.
[    8.335592] systemd[1]: Proceeding WITHOUT firewalling in effect! (This warning is only shown for the first loaded unit using IP firewalling.)
[    8.370151] systemd[1]: /lib/systemd/system/auditd.service:11: PIDFile= references path below legacy directory /var/run/, updating /var/run/auditd.pid → /run/auditd.pid; please update the unit file accordingly.
[    8.718972] systemd[1]: /lib/systemd/system/smbd.service:9: PIDFile= references path below legacy directory /var/run/, updating /var/run/samba/smbd.pid → /run/samba/smbd.pid; please update the unit file accordingly.
[    8.722871] systemd[1]: /lib/systemd/system/nmbd.service:9: PIDFile= references path below legacy directory /var/run/, updating /var/run/samba/nmbd.pid → /run/samba/nmbd.pid; please update the unit file accordingly.
[    8.976477] random: systemd: uninitialized urandom read (16 bytes read)
[    8.980970] random: systemd: uninitialized urandom read (16 bytes read)
[    8.983189] systemd[1]: Listening on Syslog Socket.
[    8.984116] random: systemd: uninitialized urandom read (16 bytes read)
[    9.122369] EXT4-fs (vdiska2): re-mounted. Opts: errors=remount-ro
[    9.354709] random: crng init done
[    9.354870] random: 6 urandom warning(s) missed due to ratelimiting
[    9.536621] systemd-journald[382]: Received request to flush runtime journal from PID 1
[   10.966656] sha1_sparc64: Using sparc64 sha1 opcode optimized SHA-1 implementation
[   11.021666] sha256_sparc64: Using sparc64 sha256 opcode optimized SHA-256/SHA-224 implementation
[   11.074584] sha512_sparc64: Using sparc64 sha512 opcode optimized SHA-512/SHA-384 implementation
[   11.079788] md5_sparc64: Using sparc64 md5 opcode optimized MD5 implementation
[   11.080586] n2rng v0.3 (Jan 7, 2017)
[   11.080732] n2rng f029b104: Registered RNG HVAPI major 2 minor 0
[   11.080863] n2rng f029b104: Found multi-unit-capable RNG, units: 2
[   11.082443] n2rng f029b104: RNG ready
[   11.137299] aes_sparc64: Using sparc64 aes opcodes optimized AES implementation
[   11.231062] des_sparc64: Using sparc64 des opcodes optimized DES implementation
[   11.273927] camellia_sparc64: Using sparc64 camellia opcodes optimized CAMELLIA implementation
[   13.119354] SGI XFS with ACLs, security attributes, debug enabled
[   13.153497] XFS (dm-0): Mounting V5 Filesystem
[   13.262208] XFS (dm-0): Ending clean mount
[   14.543982] Adding 787176k swap on /dev/vdiska4.  Priority:-2 extents:1 across:787176k FS
[   14.913820] EXT4-fs (vdiska1): mounting ext3 file system using the ext4 subsystem
[   14.924935] EXT4-fs (vdiska1): mounted filesystem with ordered data mode. Opts: (null)
