[    0.000017] PROMLIB: Sun IEEE Boot Prom 'OBP 4.38.12 2018/03/28 14:54'
[    0.000029] PROMLIB: Root node compatible: sun4v
[    0.000075] Linux version 4.20.0-rc4-00398-g4b78317679c4 (mator@ttip) (gcc version 8.2.0 (Debian 8.2.0-10)) #767 SMP Sun Dec 2 11:38:29 MSK 2018
[    0.000381] printk: bootconsole [earlyprom0] enabled
[    0.000433] ARCH: SUN4V
[    0.000484] Ethernet address: 00:14:4f:fa:06:f2
[    0.000538] MM: PAGE_OFFSET is 0xfff8000000000000 (max_phys_bits == 47)
[    0.000605] MM: VMALLOC [0x0000000100000000 --> 0x0006000000000000]
[    0.000667] MM: VMEMMAP [0x0006000000000000 --> 0x000c000000000000]
[    0.012887] Kernel: Using 5 locked TLB entries for main kernel image.
[    0.012954] Remapping the kernel... 
[    0.012978] done.
[    0.042257] OF stdout device is: /virtual-devices@100/console@1
[    0.042321] PROM: Built device tree with 74449 bytes of memory.
[    0.042382] MDESC: Size is 30480 bytes.
[    0.042489] PLATFORM: banner-name [SPARC T5-2]
[    0.042540] PLATFORM: name [ORCL,SPARC-T5-2]
[    0.042586] PLATFORM: hostid [84fa06f2]
[    0.042628] PLATFORM: serial# [0035260e]
[    0.042671] PLATFORM: stick-frequency [3b9aca00]
[    0.042720] PLATFORM: mac-address [144ffa06f2]
[    0.042767] PLATFORM: watchdog-resolution [1000 ms]
[    0.042818] PLATFORM: watchdog-max-timeout [31536000000 ms]
[    0.042873] PLATFORM: max-cpus [1024]
[    0.042962] Top of RAM: 0x24af948000, Total RAM: 0x87f384000
[    0.043024] Memory hole size: 115461MB
[    0.047222] Allocated 40960 bytes for kernel page tables.
[    0.047298] Zone ranges:
[    0.047339]   Normal   [mem 0x0000000030400000-0x00000024af947fff]
[    0.047402] Movable zone start for each node
[    0.047447] Early memory node ranges
[    0.047486]   node   0: [mem 0x0000000030400000-0x000000006febffff]
[    0.047547]   node   0: [mem 0x000000006ff40000-0x000000006ff47fff]
[    0.047608]   node   0: [mem 0x0000000070000000-0x000000042fffffff]
[    0.047670]   node   0: [mem 0x0000002030000000-0x00000024af8b3fff]
[    0.047732]   node   0: [mem 0x00000024af940000-0x00000024af947fff]
[    0.055094] Zeroed struct page in unavailable ranges: 230114 pages
[    0.055103] Initmem setup node 0 [mem 0x0000000030400000-0x00000024af947fff]
[    0.055261] On node 0 totalpages: 4454850
[    0.055269]   Normal zone: 39154 pages used for memmap
[    0.055274]   Normal zone: 0 pages reserved
[    0.055280]   Normal zone: 4454850 pages, LIFO batch:31
[    0.252457] Booting Linux...
[    0.252540] CPU CAPS: [flush,stbar,swap,muldiv,v9,blkinit,n2,mul32]
[    0.252618] CPU CAPS: [div32,v8plus,popc,vis,vis2,ASIBlkInit,fmaf,vis3]
[    0.252693] CPU CAPS: [hpc,ima,pause,cbcond,aes,des,kasumi,camellia]
[    0.252765] CPU CAPS: [md5,sha1,sha256,sha512,mpmul,montmul,montsqr,crc32c]
[    0.303823] percpu: Embedded 20 pages/cpu @(____ptrval____) s122824 r8192 d32824 u262144
[    0.304057] pcpu-alloc: s122824 r8192 d32824 u262144 alloc=1*4194304
[    0.304064] pcpu-alloc: [0] 000 001 002 003 004 005 006 007 008 009 010 011 012 013 014 015 
[    0.304090] pcpu-alloc: [0] 016 017 018 019 020 021 022 023 024 025 026 027 028 029 030 031 
[    0.304116] pcpu-alloc: [0] 032 033 034 035 036 037 038 039 040 041 042 043 044 045 046 047 
[    0.304142] pcpu-alloc: [0] 048 049 050 051 052 053 054 055 056 057 058 059 060 061 062 063 
[    0.304168] pcpu-alloc: [0] 064 065 066 067 068 069 070 071 072 073 074 075 076 077 078 079 
[    0.304194] pcpu-alloc: [0] 080 081 082 083 084 085 086 087 088 089 090 091 092 093 094 095 
[    0.304220] pcpu-alloc: [0] 096 097 098 099 100 101 102 103 104 105 106 107 108 109 110 111 
[    0.304246] pcpu-alloc: [0] 112 113 114 115 116 117 118 119 120 121 122 123 124 125 126 127 
[    0.304272] pcpu-alloc: [0] 128 129 130 131 132 133 134 135 136 137 138 139 140 141 142 143 
[    0.304298] pcpu-alloc: [0] 144 145 146 147 148 149 150 151 152 153 154 155 156 157 158 159 
[    0.304324] pcpu-alloc: [0] 160 161 162 163 164 165 166 167 168 169 170 171 172 173 174 175 
[    0.304350] pcpu-alloc: [0] 176 177 178 179 180 181 182 183 184 185 186 187 188 189 190 191 
[    0.304376] pcpu-alloc: [0] 192 193 194 195 196 197 198 199 200 201 202 203 204 205 206 207 
[    0.304403] pcpu-alloc: [0] 208 209 210 211 212 213 214 215 216 217 218 219 220 221 222 223 
[    0.304429] pcpu-alloc: [0] 224 225 226 227 228 229 230 231 232 233 234 235 236 237 238 239 
[    0.304455] pcpu-alloc: [0] 240 241 242 243 244 245 246 247 248 249 250 251 252 253 254 255 
[    0.304884] SUN4V: Mondo queue sizes [cpu(131072) dev(16384) r(8192) nr(256)]
[    0.305192] Built 1 zonelists, mobility grouping on.  Total pages: 4415696
[    0.305279] Kernel command line: BOOT_IMAGE=/vmlinuz-4.20.0-rc4-00398-g4b78317679c4 root=/dev/vdiska2 ro zswap.enabled=1 elevator=deadline
[    0.307655] printk: log_buf_len individual max cpu contribution: 4096 bytes
[    0.307724] printk: log_buf_len total cpu_extra contributions: 1044480 bytes
[    0.307792] printk: log_buf_len min size: 131072 bytes
[    0.308159] printk: log_buf_len: 2097152 bytes
[    0.308210] printk: early log buf free: 125920(96%)
[    0.314543] Dentry cache hash table entries: 8388608 (order: 13, 67108864 bytes)
[    0.317776] Inode-cache hash table entries: 4194304 (order: 12, 33554432 bytes)
[    0.317847] Sorting __ex_table...
[    0.400015] Memory: 35110304K/35638800K available (6165K kernel code, 824K rwdata, 1832K rodata, 880K init, 7651K bss, 528496K reserved, 0K cma-reserved)
[    0.400334] kmemleak: Kernel memory leak detector disabled
[    0.401821] ftrace: allocating 18760 entries in 37 pages
[    0.415440] Running RCU self tests
[    0.415485] rcu: Hierarchical RCU implementation.
[    0.415535] rcu: 	RCU event tracing is enabled.
[    0.415583] rcu: 	RCU lockdep checking is enabled.
[    0.415634] 	Tasks RCU enabled.
[    0.415670] rcu: RCU calculated value of scheduler-enlistment delay is 11 jiffies.
[    0.420901] NR_IRQS: 2048, nr_irqs: 2048, preallocated irqs: 1
[    0.420982] SUN4V: Using IRQ API major 3, cookie only virqs enabled
[    0.425119] clocksource: stick: mask: 0xffffffffffffffff max_cycles: 0x1cd42e4dffb, max_idle_ns: 881590591483 ns
[    0.425252] clocksource: mult[800000] shift[23]
[    0.425301] clockevent: mult[80000000] shift[31]
[    0.429683] Console: colour dummy device 80x25
[    0.429746] printk: console [tty0] enabled
[    0.429821] printk: bootconsole [earlyprom0] disabled
[    0.429903] Lock dependency validator: Copyright (c) 2006 Red Hat, Inc., Ingo Molnar
[    0.429948] ... MAX_LOCKDEP_SUBCLASSES:  8
[    0.429976] ... MAX_LOCK_DEPTH:          48
[    0.430004] ... MAX_LOCKDEP_KEYS:        8191
[    0.430033] ... CLASSHASH_SIZE:          4096
[    0.430062] ... MAX_LOCKDEP_ENTRIES:     16384
[    0.430091] ... MAX_LOCKDEP_CHAINS:      32768
[    0.430120] ... CHAINHASH_SIZE:          16384
[    0.430149]  memory used by lock dependency info: 4959 kB
[    0.430183]  per task-struct memory footprint: 1920 bytes
[    0.430413] kmemleak: Early log buffer exceeded (36609), please increase DEBUG_KMEMLEAK_EARLY_LOG_SIZE
[    0.575518] Calibrating delay using timer specific routine.. 2003.64 BogoMIPS (lpj=10018234)
[    0.575571] pid_max: default: 262144 minimum: 2048
[    0.576754] LSM: Security Framework initializing
[    0.576793] AppArmor: AppArmor disabled by boot time parameter
[    0.577384] Mount-cache hash table entries: 131072 (order: 7, 1048576 bytes)
[    0.577542] Mountpoint-cache hash table entries: 131072 (order: 7, 1048576 bytes)
[    0.582303] rcu: Hierarchical SRCU implementation.
[    0.604650] smp: Bringing up secondary CPUs ...
[    0.665221] smp: Brought up 1 node, 24 CPUs
[    0.669356] devtmpfs: initialized
[    0.674900] Performance events: 
[    0.674938] Testing NMI watchdog ... 
[    0.875034] OK.
[    0.875165] Supported PMU type is 'niagara5'
[    0.875476] random: get_random_u32 called from bucket_table_alloc.isra.4+0x140/0x1c0 with crng_init=0
[    0.876221] ldc.c:v1.1 (July 22, 2008)
[    0.878885] clocksource: jiffies: mask: 0xffffffff max_cycles: 0xffffffff, max_idle_ns: 19112604462750000 ns
[    0.878979] futex hash table entries: 65536 (order: 10, 8388608 bytes)
[    0.888945] NET: Registered protocol family 16
[    0.898080] VIO: Adding device channel-devices (tx_ino = ffffffffffffffff, rx_ino = ffffffffffffffff)
[    0.898304] VIO: Adding device vnet-port-0-0 (tx_ino = 0, rx_ino = 1)
[    0.898526] VIO: Adding device vnet-port-0-1 (tx_ino = 2, rx_ino = 3)
[    0.898717] VIO: Adding device vnet-port-0-2 (tx_ino = 4, rx_ino = 5)
[    0.898901] VIO: Adding device vnet-port-0-3 (tx_ino = 6, rx_ino = 7)
[    0.899093] VIO: Adding device vdc-port-3-0 (tx_ino = 8, rx_ino = 9)
[    0.899278] VIO: Adding device vdc-port-2-0 (tx_ino = a, rx_ino = b)
[    0.899467] VIO: Adding device vdc-port-1-0 (tx_ino = c, rx_ino = d)
[    0.899655] VIO: Adding device vdc-port-0-0 (tx_ino = e, rx_ino = f)
[    0.899841] VIO: Adding device vlds-port-0-0 (tx_ino = 10, rx_ino = 11)
[    0.900033] VIO: Adding device domain-services-port-0 (tx_ino = 10, rx_ino = 11)
[    0.900412] audit: initializing netlink subsys (disabled)
[    0.900768] audit: type=2000 audit(0.470:1): state=initialized audit_enabled=0 res=1
[    0.945826] HugeTLB registered 64.0 KiB page size, pre-allocated 0 pages
[    0.945874] HugeTLB registered 8.00 MiB page size, pre-allocated 0 pages
[    0.945916] HugeTLB registered 256 MiB page size, pre-allocated 0 pages
[    0.945958] HugeTLB registered 2.00 GiB page size, pre-allocated 0 pages
[    0.958458] SUN4V: Reboot data supported (maj=1,min=0).
[    0.958878] ds.c:v1.0 (Jul 11, 2007)
[    0.959290] ds-0: ds_conn_reset() from send_events.isra.3
[    0.960736] clocksource: Switched to clocksource stick
[    1.139138] VFS: Disk quotas dquot_6.6.0
[    1.139630] VFS: Dquot-cache hash table entries: 1024 (order 0, 8192 bytes)
[    1.159121] NET: Registered protocol family 2
[    1.164264] tcp_listen_portaddr_hash hash table entries: 32768 (order: 8, 2359296 bytes)
[    1.167536] TCP established hash table entries: 524288 (order: 9, 4194304 bytes)
[    1.169547] TCP bind hash table entries: 65536 (order: 9, 4194304 bytes)
[    1.175271] TCP: Hash tables configured (established 524288 bind 65536)
[    1.181834] UDP hash table entries: 32768 (order: 9, 5242880 bytes)
[    1.189260] UDP-Lite hash table entries: 32768 (order: 9, 5242880 bytes)
[    1.203512] NET: Registered protocol family 1
[    1.204234] Unpacking initramfs...
[    1.659995] Freeing initrd memory: 17104K
[    1.703229] workingset: timestamp_bits=46 max_order=23 bucket_order=0
[    1.704843] zbud: loaded
[    1.855551] Block layer SCSI generic (bsg) driver version 0.4 loaded (major 252)
[    1.857172] io scheduler noop registered
[    1.857204] io scheduler deadline registered (default)
[    1.857890] io scheduler cfq registered
[    1.857921] io scheduler mq-deadline registered (default)
[    1.857958] io scheduler kyber registered
[    1.861362] f029b788: ttyS0 at I/O 0x0 (irq = 1, base_baud = 115200) is a SUN4V HCONS
[    1.866789] printk: console [ttyHV0] enabled
[    1.870025] sunvdc.c:v1.2 (November 24, 2014)
[    1.874839] sunvdc: Virtual CDROM vdiskd
[    1.874889] sunvdc: vdiskd: 403160 sectors (196 MB) protocol 1.2
[    1.875960]  vdiskd: vdiskd1 vdiskd2 vdiskd3 vdiskd4 vdiskd5 vdiskd6 vdiskd7
[    1.886418] sunvdc: Virtual Hard disk vdiskc
[    1.886455] sunvdc: vdiskc: 104857600 sectors (51200 MB) protocol 1.2
[    1.893072] sunvdc: Virtual Hard disk vdiskb
[    1.893109] sunvdc: vdiskb: 62914560 sectors (30720 MB) protocol 1.2
[    1.903885]  vdiskb: vdiskb1
[    1.910572] sunvdc: Virtual Hard disk vdiska
[    1.910610] sunvdc: vdiska: 31457280 sectors (15360 MB) protocol 1.2
[    1.911372]  vdiska: vdiska1 vdiska2 vdiska3 vdiska4
[    1.914441] sunvnet: sunvnet 2.0 (February 3, 2017)
[    1.917837] vnet_port vnet-port-0-0 eth0: Sun LDOM vnet 00:14:4f:f8:12:a3
[    1.918387] sunvnet: eth0: PORT ( remote-mac 00:14:4f:fa:f3:f0 switch-port )
[    1.919682] sunvnet: eth0: PORT ( remote-mac 00:14:4f:f8:e5:f3 )
[    1.921103] sunvnet: eth0: PORT ( remote-mac 00:14:4f:f9:b4:97 )
[    1.922386] sunvnet: eth0: PORT ( remote-mac 00:14:4f:f9:8b:83 )
[    1.923370] mousedev: PS/2 mouse device common for all mice
[    1.924515] rtc-sun4v rtc-sun4v: rtc core: registered sun4v as rtc0
[    1.925655] device-mapper: uevent: version 1.0.3
[    1.926729] device-mapper: ioctl: 4.39.0-ioctl (2018-04-03) initialised: dm-devel@redhat.com
[    1.928233] NET: Registered protocol family 17
[    1.929417] registered taskstats version 1
[    1.932483] zswap: loaded using pool lzo/zbud
[    1.961512] Key type big_key registered
[    1.962327] rtc-sun4v rtc-sun4v: setting system clock to 2018-12-02 09:56:32 UTC (1543744592)
[    1.966734] This architecture does not have kernel memory protection.
[    1.966779] Run /init as init process
[    2.833142] crc32c_sparc64: Using sparc64 crc32c opcode optimized CRC32C implementation
[    3.320748] raid6: int64x1  gen()  2778 MB/s
[    3.490706] raid6: int64x1  xor()  1653 MB/s
[    3.660718] raid6: int64x2  gen()  2876 MB/s
[    3.830735] raid6: int64x2  xor()  1997 MB/s
[    4.000720] raid6: int64x4  gen()  3471 MB/s
[    4.170731] raid6: int64x4  xor()  1986 MB/s
[    4.340741] raid6: int64x8  gen()  2180 MB/s
[    4.510729] raid6: int64x8  xor()  1565 MB/s
[    4.510763] raid6: using algorithm int64x4 gen() 3471 MB/s
[    4.510802] raid6: .... xor() 1986 MB/s, rmw enabled
[    4.510837] raid6: using intx1 recovery algorithm
[    4.512100] async_tx: api initialized (async)
[    4.512811] xor: automatically using best checksumming function   Niagara   
[    4.744368] random: fast init done
[    4.752388] EXT4-fs (vdiska2): mounted filesystem with ordered data mode. Opts: (null)
[    6.372786] NET: Registered protocol family 10
[    6.385009] Segment Routing with IPv6
[    6.466993] systemd[1]: systemd 239 running in system mode. (+PAM +AUDIT +SELINUX +IMA +APPARMOR +SMACK +SYSVINIT +UTMP +LIBCRYPTSETUP +GCRYPT +GNUTLS +ACL +XZ +LZ4 -SECCOMP +BLKID +ELFUTILS +KMOD -IDN2 +IDN -PCRE2 default-hierarchy=hybrid)
[    6.467416] systemd[1]: Detected architecture sparc64.
[    6.534147] systemd[1]: Set hostname to <ttip>.
[    8.630436] random: systemd: uninitialized urandom read (16 bytes read)
[    8.632836] systemd[1]: Listening on Syslog Socket.
[    8.633688] random: systemd: uninitialized urandom read (16 bytes read)
[    8.634208] systemd[1]: Listening on initctl Compatibility Named Pipe.
[    8.634663] random: systemd: uninitialized urandom read (16 bytes read)
[    8.648223] systemd[1]: Created slice system-getty.slice.
[    8.649368] systemd[1]: Started Dispatch Password Requests to Console Directory Watch.
[    8.654335] systemd[1]: Created slice system-systemd\x2dfsck.slice.
[    8.655676] systemd[1]: Listening on Journal Audit Socket.
[    8.657010] systemd[1]: Listening on udev Control Socket.
[    8.946403] EXT4-fs (vdiska2): re-mounted. Opts: errors=remount-ro
[    9.188681] systemd-journald[407]: Received request to flush runtime journal from PID 1
[    9.498848] random: crng init done
[    9.499027] random: 7 urandom warning(s) missed due to ratelimiting
[   10.454008] sha1_sparc64: Using sparc64 sha1 opcode optimized SHA-1 implementation
[   10.499321] sha256_sparc64: Using sparc64 sha256 opcode optimized SHA-256/SHA-224 implementation
[   10.528836] sha512_sparc64: Using sparc64 sha512 opcode optimized SHA-512/SHA-384 implementation
[   10.556575] md5_sparc64: Using sparc64 md5 opcode optimized MD5 implementation
[   10.580384] n2rng v0.3 (Jan 7, 2017)
[   10.580493] n2rng f029b104: Registered RNG HVAPI major 2 minor 0
[   10.580580] n2rng f029b104: Found multi-unit-capable RNG, units: 2
[   10.582071] n2rng f029b104: RNG ready
[   10.607875] aes_sparc64: Using sparc64 aes opcodes optimized AES implementation
[   10.712166] des_sparc64: Using sparc64 des opcodes optimized DES implementation
[   10.760957] camellia_sparc64: Using sparc64 camellia opcodes optimized CAMELLIA implementation
[   12.325350] SGI XFS with ACLs, security attributes, debug enabled
[   12.358107] XFS (dm-0): Mounting V5 Filesystem
[   12.538287] XFS (dm-0): Ending clean mount
[   13.805169] Adding 787176k swap on /dev/vdiska4.  Priority:-2 extents:1 across:787176k FS
[   14.036968] EXT4-fs (vdiska1): mounting ext3 file system using the ext4 subsystem
[   14.048150] EXT4-fs (vdiska1): mounted filesystem with ordered data mode. Opts: (null)
