[    0.000015] PROMLIB: Sun IEEE Boot Prom 'OBP 4.38.8 2017/02/22 13:51'
[    0.000027] PROMLIB: Root node compatible: sun4v
[    0.000072] Linux version 4.13.0-rc2-00022-gfd2b2c57ec20 (mator@ttip) (gcc version 6.4.0 20170724 (Debian 6.4.0-2)) #375 SMP Wed Jul 26 12:26:35 MSK 2017
[    0.000369] bootconsole [earlyprom0] enabled
[    0.000414] ARCH: SUN4V
[    0.000461] Ethernet address: 00:14:4f:fa:06:f2
[    0.000513] MM: PAGE_OFFSET is 0xfff8000000000000 (max_phys_bits == 47)
[    0.000577] MM: VMALLOC [0x0000000100000000 --> 0x0006000000000000]
[    0.000636] MM: VMEMMAP [0x0006000000000000 --> 0x000c000000000000]
[    0.011216] Kernel: Using 5 locked TLB entries for main kernel image.
[    0.011284] Remapping the kernel... 
[    0.011313] done.
[    0.019729] kmemleak: Kernel memory leak detector disabled
[    0.072779] OF stdout device is: /virtual-devices@100/console@1
[    0.072841] PROM: Built device tree with 107713 bytes of memory.
[    0.072901] MDESC: Size is 47040 bytes.
[    0.073039] PLATFORM: banner-name [SPARC T5-2]
[    0.073090] PLATFORM: name [ORCL,SPARC-T5-2]
[    0.073135] PLATFORM: hostid [84fa06f2]
[    0.073176] PLATFORM: serial# [0035260e]
[    0.073218] PLATFORM: stick-frequency [3b9aca00]
[    0.073264] PLATFORM: mac-address [144ffa06f2]
[    0.073309] PLATFORM: watchdog-resolution [1000 ms]
[    0.073359] PLATFORM: watchdog-max-timeout [31536000000 ms]
[    0.073413] PLATFORM: max-cpus [1024]
[    0.073509] Top of RAM: 0x40bf926000, Total RAM: 0x7ff30a000
[    0.073569] Memory hole size: 232454MB
[    0.128369] Allocated 40960 bytes for kernel page tables.
[    0.128461] Zone ranges:
[    0.128499]   Normal   [mem 0x0000000040400000-0x00000040bf925fff]
[    0.128565] Movable zone start for each node
[    0.128608] Early memory node ranges
[    0.128648]   node   0: [mem 0x0000000040400000-0x000000007fe3ffff]
[    0.128707]   node   0: [mem 0x000000007fec0000-0x000000007fee3fff]
[    0.128767]   node   0: [mem 0x0000000080000000-0x000000077fffffff]
[    0.128826]   node   0: [mem 0x0000002000000000-0x000000202fffffff]
[    0.128885]   node   0: [mem 0x0000004030000000-0x00000040bf87ffff]
[    0.128944]   node   0: [mem 0x00000040bf900000-0x00000040bf925fff]
[    0.129003] Initmem setup node 0 [mem 0x0000000040400000-0x00000040bf925fff]
[    0.129068] On node 0 totalpages: 4192645
[    0.129076]   Normal zone: 36850 pages used for memmap
[    0.129081]   Normal zone: 0 pages reserved
[    0.129087]   Normal zone: 4192645 pages, LIFO batch:15
[    0.269977] Booting Linux...
[    0.270060] CPU CAPS: [flush,stbar,swap,muldiv,v9,blkinit,n2,mul32]
[    0.270171] CPU CAPS: [div32,v8plus,popc,vis,vis2,ASIBlkInit,fmaf,vis3]
[    0.270277] CPU CAPS: [hpc,ima,pause,cbcond,aes,des,kasumi,camellia]
[    0.270379] CPU CAPS: [md5,sha1,sha256,sha512,mpmul,montmul,montsqr,crc32c]
[    0.340812] percpu: Embedded 12 pages/cpu @fff80040bd000000 s57416 r8192 d32696 u131072
[    0.341211] pcpu-alloc: s57416 r8192 d32696 u131072 alloc=1*4194304
[    0.341221] pcpu-alloc: [0] 000 001 002 003 004 005 006 007 008 009 010 011 012 013 014 015 016 017 018 019 020 021 022 023 024 025 026 027 028 029 030 031 
[    0.341382] pcpu-alloc: [0] 032 033 034 035 036 037 038 039 040 041 042 043 044 045 046 047 048 049 050 051 052 053 054 055 056 057 058 059 060 061 062 063 
[    0.341542] pcpu-alloc: [0] 064 065 066 067 068 069 070 071 072 073 074 075 076 077 078 079 080 081 082 083 084 085 086 087 088 089 090 091 092 093 094 095 
[    0.341702] pcpu-alloc: [0] 096 097 098 099 100 101 102 103 104 105 106 107 108 109 110 111 112 113 114 115 116 117 118 119 120 121 122 123 124 125 126 127 
[    0.341862] pcpu-alloc: [0] 128 129 130 131 132 133 134 135 136 137 138 139 140 141 142 143 144 145 146 147 148 149 150 151 152 153 154 155 156 157 158 159 
[    0.342022] pcpu-alloc: [0] 160 161 162 163 164 165 166 167 168 169 170 171 172 173 174 175 176 177 178 179 180 181 182 183 184 185 186 187 188 189 190 191 
[    0.342182] pcpu-alloc: [0] 192 193 194 195 196 197 198 199 200 201 202 203 204 205 206 207 208 209 210 211 212 213 214 215 216 217 218 219 220 221 222 223 
[    0.342342] pcpu-alloc: [0] 224 225 226 227 228 229 230 231 232 233 234 235 236 237 238 239 240 241 242 243 244 245 246 247 248 249 250 251 252 253 254 255 
[    0.342905] SUN4V: Mondo queue sizes [cpu(131072) dev(16384) r(8192) nr(256)]
[    0.343458] Built 1 zonelists in Zone order, mobility grouping on.  Total pages: 4155795
[    0.343562] Kernel command line: BOOT_IMAGE=/vmlinuz-4.13.0-rc2-00022-gfd2b2c57ec20 root=/dev/vdiska2 ro zswap.enabled=1 noresume elevator=deadline
[    0.345915] log_buf_len individual max cpu contribution: 4096 bytes
[    0.345979] log_buf_len total cpu_extra contributions: 1044480 bytes
[    0.346040] log_buf_len min size: 131072 bytes
[    0.346442] log_buf_len: 2097152 bytes
[    0.346486] early log buf free: 126112(96%)
[    0.346617] PID hash table entries: 4096 (order: 2, 32768 bytes)
[    0.349869] Dentry cache hash table entries: 4194304 (order: 12, 33554432 bytes)
[    0.351581] Inode-cache hash table entries: 2097152 (order: 11, 16777216 bytes)
[    0.351653] Sorting __ex_table...
[    0.421958] Memory: 33112592K/33541160K available (6768K kernel code, 877K rwdata, 1936K rodata, 608K init, 8878K bss, 428568K reserved, 0K cma-reserved)
[    0.422984] ftrace: allocating 20752 entries in 41 pages
[    0.438272] Running RCU self tests
[    0.438320] Hierarchical RCU implementation.
[    0.438365] 	RCU lockdep checking is enabled.
[    0.443213] NR_IRQS: 2048, nr_irqs: 2048, preallocated irqs: 1
[    0.443295] SUN4V: Using IRQ API major 3, cookie only virqs enabled
[    0.448121] clocksource: stick: mask: 0xffffffffffffffff max_cycles: 0x1cd42e4dffb, max_idle_ns: 881590591483 ns
[    0.448249] clocksource: mult[800000] shift[23]
[    0.448296] clockevent: mult[80000000] shift[31]
[    0.451143] Console: colour dummy device 80x25
[    0.451201] console [tty0] enabled
[    0.451263] bootconsole [earlyprom0] disabled
[    0.451333] Lock dependency validator: Copyright (c) 2006 Red Hat, Inc., Ingo Molnar
[    0.451373] ... MAX_LOCKDEP_SUBCLASSES:  8
[    0.451396] ... MAX_LOCK_DEPTH:          48
[    0.451421] ... MAX_LOCKDEP_KEYS:        8191
[    0.451445] ... CLASSHASH_SIZE:          4096
[    0.451470] ... MAX_LOCKDEP_ENTRIES:     16384
[    0.451495] ... MAX_LOCKDEP_CHAINS:      32768
[    0.451519] ... CHAINHASH_SIZE:          16384
[    0.451545]  memory used by lock dependency info: 5855 kB
[    0.451573]  per task-struct memory footprint: 1920 bytes
[    0.451786] kmemleak: Early log buffer exceeded (25082), please increase DEBUG_KMEMLEAK_EARLY_LOG_SIZE
[    0.528549] Calibrating delay using timer specific routine.. 2005.92 BogoMIPS (lpj=4011842)
[    0.528599] pid_max: default: 262144 minimum: 2048
[    0.529658] Security Framework initialized
[    0.529688] Yama: becoming mindful.
[    0.529750] AppArmor: AppArmor disabled by boot time parameter
[    0.530284] Mount-cache hash table entries: 65536 (order: 6, 524288 bytes)
[    0.530379] Mountpoint-cache hash table entries: 65536 (order: 6, 524288 bytes)
[    0.534168] Hierarchical SRCU implementation.
[    0.553310] smp: Bringing up secondary CPUs ...
[    0.655087] smp: Brought up 1 node, 48 CPUs
[    0.662972] devtmpfs: initialized
[    0.669740] Performance events: 
[    0.669790] Testing NMI watchdog ... 
[    0.749895] OK.
[    0.750007] Supported PMU type is 'niagara5'
[    0.751413] ldc.c:v1.1 (July 22, 2008)
[    0.755448] clocksource: jiffies: mask: 0xffffffff max_cycles: 0xffffffff, max_idle_ns: 7645041785100000 ns
[    0.755532] futex hash table entries: 65536 (order: 10, 8388608 bytes)
[    0.771266] random: get_random_u32 called from bucket_table_alloc+0x300/0x3a0 with crng_init=0
[    0.771918] NET: Registered protocol family 16
[    0.783977] VIO: Adding device channel-devices (tx_ino = ffffffffffffffff, rx_ino = ffffffffffffffff)
[    0.784195] VIO: Adding device vnet-port-0-0 (tx_ino = 0, rx_ino = 1)
[    0.784406] VIO: Adding device vnet-port-0-1 (tx_ino = 2, rx_ino = 3)
[    0.784584] VIO: Adding device vnet-port-0-2 (tx_ino = 4, rx_ino = 5)
[    0.784761] VIO: Adding device vnet-port-0-3 (tx_ino = 6, rx_ino = 7)
[    0.784952] VIO: Adding device vdc-port-3-0 (tx_ino = a, rx_ino = b)
[    0.785128] VIO: Adding device vdc-port-2-0 (tx_ino = c, rx_ino = d)
[    0.785304] VIO: Adding device vdc-port-0-0 (tx_ino = 8, rx_ino = 9)
[    0.785490] VIO: Adding device vdc-port-1-0 (tx_ino = 12, rx_ino = 13)
[    0.785672] VIO: Adding device vlds-port-0-0 (tx_ino = e, rx_ino = f)
[    0.785880] VIO: Adding device domain-services-port-0 (tx_ino = e, rx_ino = f)
[    0.846525] HugeTLB registered 8.00 MiB page size, pre-allocated 0 pages
[    0.855612] vgaarb: loaded
[    0.858773] SUN4V: Reboot data supported (maj=1,min=0).
[    0.859171] ds.c:v1.0 (Jul 11, 2007)
[    0.859508] ds-0: ds_conn_reset() from send_events.isra.3
[    0.860118] clocksource: Switched to clocksource stick
[    0.999008] VFS: Disk quotas dquot_6.6.0
[    0.999221] VFS: Dquot-cache hash table entries: 1024 (order 0, 8192 bytes)
[    1.016543] NET: Registered protocol family 2
[    1.021920] TCP established hash table entries: 262144 (order: 8, 2097152 bytes)
[    1.023029] TCP bind hash table entries: 65536 (order: 9, 4194304 bytes)
[    1.035483] TCP: Hash tables configured (established 262144 bind 65536)
[    1.041442] UDP hash table entries: 16384 (order: 8, 2621440 bytes)
[    1.049024] UDP-Lite hash table entries: 16384 (order: 8, 2621440 bytes)
[    1.063356] NET: Registered protocol family 1
[    1.063427] PCI: CLS 0 bytes, default 64
[    1.064102] Unpacking initramfs...
[    1.224977] Freeing initrd memory: 5576K
[    1.264400] audit: initializing netlink subsys (disabled)
[    1.264688] audit: type=2000 audit(0.812:1): state=initialized audit_enabled=0 res=1
[    1.264861] Kprobe smoke test: started
[    1.276812] Kprobe smoke test: passed successfully
[    1.277694] workingset: timestamp_bits=46 max_order=22 bucket_order=0
[    1.280007] zbud: loaded
[    1.286170] random: fast init done
[    1.301763] Block layer SCSI generic (bsg) driver version 0.4 loaded (major 251)
[    1.303386] io scheduler noop registered
[    1.303416] io scheduler deadline registered (default)
[    1.304104] io scheduler cfq registered
[    1.304133] io scheduler mq-deadline registered
[    1.304163] io scheduler kyber registered
[    1.304918] io scheduler bfq registered
[    1.308993] f029b778: ttyS0 at I/O 0x0 (irq = 1, base_baud = 115200) is a SUN4V HCONS
[    1.309573] console [ttyHV0] enabled
[    1.314652] sunvdc.c:v1.2 (November 24, 2014)
[    1.319977] sunvdc: Virtual CDROM vdiskd
[    1.320032] sunvdc: vdiskd: 383208 sectors (187 MB) protocol 1.2
[    1.321134]  vdiskd: vdiskd1 vdiskd2 vdiskd3 vdiskd4 vdiskd5 vdiskd6 vdiskd7
[    1.330765] sunvdc: Virtual Hard disk vdiskc
[    1.330802] sunvdc: vdiskc: 104857600 sectors (51200 MB) protocol 1.2
[    1.336981] sunvdc: Virtual Hard disk vdiska
[    1.337018] sunvdc: vdiska: 20971520 sectors (10240 MB) protocol 1.2
[    1.337745]  vdiska: vdiska1 vdiska2 vdiska3 vdiska4
[    1.345236] sunvdc: Virtual Hard disk vdiskb
[    1.345271] sunvdc: vdiskb: 62914560 sectors (30720 MB) protocol 1.2
[    1.345979]  vdiskb: vdiskb1
[    1.347198] sunvnet: sunvnet 2.0 (February 3, 2017)
[    1.350257] vnet_port vnet-port-0-0 eth0: Sun LDOM vnet 00:14:4f:f8:12:a3
[    1.350776] sunvnet: eth0: PORT ( remote-mac 00:14:4f:fa:f3:f0 switch-port )
[    1.352024] sunvnet: eth0: PORT ( remote-mac 00:14:4f:f8:e5:f3 )
[    1.353288] sunvnet: eth0: PORT ( remote-mac 00:14:4f:fa:e6:35 )
[    1.354563] sunvnet: eth0: PORT ( remote-mac 00:14:4f:f9:b4:97 )
[    1.355729] mousedev: PS/2 mouse device common for all mice
[    1.356736] rtc-sun4v rtc-sun4v: rtc core: registered sun4v as rtc0
[    1.358226] device-mapper: uevent: version 1.0.3
[    1.359299] device-mapper: ioctl: 4.36.0-ioctl (2017-06-09) initialised: dm-devel@redhat.com
[    1.363303] NET: Registered protocol family 10
[    1.374386] Segment Routing with IPv6
[    1.374469] mip6: Mobile IPv6
[    1.374510] NET: Registered protocol family 17
[    1.374552] mpls_gso: MPLS GSO support
[    1.375681] registered taskstats version 1
[    1.380895] zswap: loaded using pool lzo/zbud
[    1.381991] rtc-sun4v rtc-sun4v: setting system clock to 2017-07-26 10:58:15 UTC (1501066695)
[    1.382920] This architecture does not have kernel memory protection.
[    2.142261] crc32c_sparc64: Using sparc64 crc32c opcode optimized CRC32C implementation
[    2.480024] EXT4-fs (vdiska2): mounted filesystem with ordered data mode. Opts: (null)
[    3.567096] ip_tables: (C) 2000-2006 Netfilter Core Team
[    3.627306] systemd[1]: systemd 234 running in system mode. (+PAM +AUDIT +SELINUX +IMA +APPARMOR +SMACK +SYSVINIT +UTMP +LIBCRYPTSETUP +GCRYPT +GNUTLS +ACL +XZ +LZ4 -SECCOMP +BLKID +ELFUTILS +KMOD -IDN2 +IDN default-hierarchy=hybrid)
[    3.627685] systemd[1]: Detected architecture sparc64.
[    3.636757] systemd[1]: Set hostname to <ttip>.
[    4.164464] random: crng init done
[    4.396411] systemd[1]: Reached target Remote File Systems.
[    4.397917] systemd[1]: Started Dispatch Password Requests to Console Directory Watch.
[    4.401068] systemd[1]: Created slice System Slice.
[    4.403679] systemd[1]: Created slice system-openvpn\x2dserver.slice.
[    4.404362] systemd[1]: Listening on LVM2 poll daemon socket.
[    4.411146] systemd[1]: Mounting Kernel Debug File System...
[    4.412006] systemd[1]: Listening on Journal Audit Socket.
[    4.534272] EXT4-fs (vdiska2): re-mounted. Opts: errors=remount-ro
[    4.542630] nf_conntrack version 0.5.0 (65536 buckets, 262144 max)
[    4.664188] systemd-journald[477]: Received request to flush runtime journal from PID 1
[    5.457182] sha1_sparc64: Using sparc64 sha1 opcode optimized SHA-1 implementation
[    5.469651] sha256_sparc64: Using sparc64 sha256 opcode optimized SHA-256/SHA-224 implementation
[    5.481146] sha512_sparc64: Using sparc64 sha512 opcode optimized SHA-512/SHA-384 implementation
[    5.485180] md5_sparc64: Using sparc64 md5 opcode optimized MD5 implementation
[    5.492437] aes_sparc64: Using sparc64 aes opcodes optimized AES implementation
[    5.531941] des_sparc64: Using sparc64 des opcodes optimized DES implementation
[    5.548643] camellia_sparc64: Using sparc64 camellia opcodes optimized CAMELLIA implementation
[    5.560724] n2rng v0.3 (Jan 7, 2017)
[    5.560792] n2rng f029b0f4: Registered RNG HVAPI major 2 minor 0
[    5.560842] n2rng f029b0f4: Found multi-unit-capable RNG, units: 2
[    5.561027] n2rng f029b0f4: RNG ready
[    8.561398] Adding 425712k swap on /dev/vdiska4.  Priority:-1 extents:1 across:425712k FS
[    9.247906] SGI XFS with ACLs, security attributes, realtime, no debug enabled
[    9.281620] XFS (dm-0): Mounting V5 Filesystem
[    9.329564] EXT4-fs (vdiska1): mounting ext3 file system using the ext4 subsystem
[    9.339200] EXT4-fs (vdiska1): mounted filesystem with ordered data mode. Opts: (null)
[    9.368278] XFS (dm-0): Ending clean mount
[   11.234484] tun: Universal TUN/TAP device driver, 1.6
