[    0.000016] PROMLIB: Sun IEEE Boot Prom 'OBP 4.38.12 2018/03/28 14:54'
[    0.000027] PROMLIB: Root node compatible: sun4v
[    0.000070] Linux version 4.20.0-rc3-00145-gedeca3a769ad (mator@ttip) (gcc version 8.2.0 (Debian 8.2.0-9)) #764 SMP Fri Nov 23 16:16:11 MSK 2018
[    0.000377] printk: bootconsole [earlyprom0] enabled
[    0.000429] ARCH: SUN4V
[    0.000479] Ethernet address: 00:14:4f:fa:06:f2
[    0.000532] MM: PAGE_OFFSET is 0xfff8000000000000 (max_phys_bits == 47)
[    0.000598] MM: VMALLOC [0x0000000100000000 --> 0x0006000000000000]
[    0.000661] MM: VMEMMAP [0x0006000000000000 --> 0x000c000000000000]
[    0.012946] Kernel: Using 5 locked TLB entries for main kernel image.
[    0.013016] Remapping the kernel... 
[    0.013040] done.
[    0.042401] OF stdout device is: /virtual-devices@100/console@1
[    0.042471] PROM: Built device tree with 74449 bytes of memory.
[    0.042531] MDESC: Size is 30480 bytes.
[    0.042641] PLATFORM: banner-name [SPARC T5-2]
[    0.042692] PLATFORM: name [ORCL,SPARC-T5-2]
[    0.042738] PLATFORM: hostid [84fa06f2]
[    0.042781] PLATFORM: serial# [0035260e]
[    0.042825] PLATFORM: stick-frequency [3b9aca00]
[    0.042873] PLATFORM: mac-address [144ffa06f2]
[    0.042919] PLATFORM: watchdog-resolution [1000 ms]
[    0.042969] PLATFORM: watchdog-max-timeout [31536000000 ms]
[    0.043024] PLATFORM: max-cpus [1024]
[    0.043116] Top of RAM: 0x24af948000, Total RAM: 0x87f384000
[    0.043177] Memory hole size: 115461MB
[    0.047376] Allocated 40960 bytes for kernel page tables.
[    0.047458] Zone ranges:
[    0.047498]   Normal   [mem 0x0000000030400000-0x00000024af947fff]
[    0.047562] Movable zone start for each node
[    0.047607] Early memory node ranges
[    0.047647]   node   0: [mem 0x0000000030400000-0x000000006febffff]
[    0.047708]   node   0: [mem 0x000000006ff40000-0x000000006ff47fff]
[    0.047770]   node   0: [mem 0x0000000070000000-0x000000042fffffff]
[    0.047829]   node   0: [mem 0x0000002030000000-0x00000024af8b3fff]
[    0.047890]   node   0: [mem 0x00000024af940000-0x00000024af947fff]
[    0.055249] Zeroed struct page in unavailable ranges: 230114 pages
[    0.055257] Initmem setup node 0 [mem 0x0000000030400000-0x00000024af947fff]
[    0.055415] On node 0 totalpages: 4454850
[    0.055424]   Normal zone: 39154 pages used for memmap
[    0.055429]   Normal zone: 0 pages reserved
[    0.055435]   Normal zone: 4454850 pages, LIFO batch:31
[    0.252823] Booting Linux...
[    0.252907] CPU CAPS: [flush,stbar,swap,muldiv,v9,blkinit,n2,mul32]
[    0.252987] CPU CAPS: [div32,v8plus,popc,vis,vis2,ASIBlkInit,fmaf,vis3]
[    0.253064] CPU CAPS: [hpc,ima,pause,cbcond,aes,des,kasumi,camellia]
[    0.253135] CPU CAPS: [md5,sha1,sha256,sha512,mpmul,montmul,montsqr,crc32c]
[    0.304213] percpu: Embedded 20 pages/cpu @(____ptrval____) s122824 r8192 d32824 u262144
[    0.304449] pcpu-alloc: s122824 r8192 d32824 u262144 alloc=1*4194304
[    0.304456] pcpu-alloc: [0] 000 001 002 003 004 005 006 007 008 009 010 011 012 013 014 015 
[    0.304483] pcpu-alloc: [0] 016 017 018 019 020 021 022 023 024 025 026 027 028 029 030 031 
[    0.304509] pcpu-alloc: [0] 032 033 034 035 036 037 038 039 040 041 042 043 044 045 046 047 
[    0.304536] pcpu-alloc: [0] 048 049 050 051 052 053 054 055 056 057 058 059 060 061 062 063 
[    0.304562] pcpu-alloc: [0] 064 065 066 067 068 069 070 071 072 073 074 075 076 077 078 079 
[    0.304588] pcpu-alloc: [0] 080 081 082 083 084 085 086 087 088 089 090 091 092 093 094 095 
[    0.304615] pcpu-alloc: [0] 096 097 098 099 100 101 102 103 104 105 106 107 108 109 110 111 
[    0.304641] pcpu-alloc: [0] 112 113 114 115 116 117 118 119 120 121 122 123 124 125 126 127 
[    0.304668] pcpu-alloc: [0] 128 129 130 131 132 133 134 135 136 137 138 139 140 141 142 143 
[    0.304694] pcpu-alloc: [0] 144 145 146 147 148 149 150 151 152 153 154 155 156 157 158 159 
[    0.304721] pcpu-alloc: [0] 160 161 162 163 164 165 166 167 168 169 170 171 172 173 174 175 
[    0.304747] pcpu-alloc: [0] 176 177 178 179 180 181 182 183 184 185 186 187 188 189 190 191 
[    0.304774] pcpu-alloc: [0] 192 193 194 195 196 197 198 199 200 201 202 203 204 205 206 207 
[    0.304800] pcpu-alloc: [0] 208 209 210 211 212 213 214 215 216 217 218 219 220 221 222 223 
[    0.304827] pcpu-alloc: [0] 224 225 226 227 228 229 230 231 232 233 234 235 236 237 238 239 
[    0.304853] pcpu-alloc: [0] 240 241 242 243 244 245 246 247 248 249 250 251 252 253 254 255 
[    0.305283] SUN4V: Mondo queue sizes [cpu(131072) dev(16384) r(8192) nr(256)]
[    0.305589] Built 1 zonelists, mobility grouping on.  Total pages: 4415696
[    0.305676] Kernel command line: BOOT_IMAGE=/vmlinuz-4.20.0-rc3-00145-gedeca3a769ad root=/dev/vdiska2 ro zswap.enabled=1 elevator=deadline
[    0.308049] printk: log_buf_len individual max cpu contribution: 4096 bytes
[    0.308118] printk: log_buf_len total cpu_extra contributions: 1044480 bytes
[    0.308184] printk: log_buf_len min size: 131072 bytes
[    0.308558] printk: log_buf_len: 2097152 bytes
[    0.308609] printk: early log buf free: 125920(96%)
[    0.314929] Dentry cache hash table entries: 8388608 (order: 13, 67108864 bytes)
[    0.318161] Inode-cache hash table entries: 4194304 (order: 12, 33554432 bytes)
[    0.318232] Sorting __ex_table...
[    0.399885] Memory: 35110304K/35638800K available (6162K kernel code, 824K rwdata, 1832K rodata, 880K init, 7651K bss, 528496K reserved, 0K cma-reserved)
[    0.400201] kmemleak: Kernel memory leak detector disabled
[    0.401673] ftrace: allocating 18759 entries in 37 pages
[    0.415235] Running RCU self tests
[    0.415282] rcu: Hierarchical RCU implementation.
[    0.415333] rcu: 	RCU event tracing is enabled.
[    0.415381] rcu: 	RCU lockdep checking is enabled.
[    0.415431] 	Tasks RCU enabled.
[    0.415468] rcu: RCU calculated value of scheduler-enlistment delay is 11 jiffies.
[    0.420583] NR_IRQS: 2048, nr_irqs: 2048, preallocated irqs: 1
[    0.420665] SUN4V: Using IRQ API major 3, cookie only virqs enabled
[    0.424762] clocksource: stick: mask: 0xffffffffffffffff max_cycles: 0x1cd42e4dffb, max_idle_ns: 881590591483 ns
[    0.424898] clocksource: mult[800000] shift[23]
[    0.424946] clockevent: mult[80000000] shift[31]
[    0.429289] Console: colour dummy device 80x25
[    0.429352] printk: console [tty0] enabled
[    0.429428] printk: bootconsole [earlyprom0] disabled
[    0.429511] Lock dependency validator: Copyright (c) 2006 Red Hat, Inc., Ingo Molnar
[    0.429556] ... MAX_LOCKDEP_SUBCLASSES:  8
[    0.429585] ... MAX_LOCK_DEPTH:          48
[    0.429613] ... MAX_LOCKDEP_KEYS:        8191
[    0.429642] ... CLASSHASH_SIZE:          4096
[    0.429671] ... MAX_LOCKDEP_ENTRIES:     16384
[    0.429700] ... MAX_LOCKDEP_CHAINS:      32768
[    0.429730] ... CHAINHASH_SIZE:          16384
[    0.429759]  memory used by lock dependency info: 4959 kB
[    0.429793]  per task-struct memory footprint: 1920 bytes
[    0.430022] kmemleak: Early log buffer exceeded (36609), please increase DEBUG_KMEMLEAK_EARLY_LOG_SIZE
[    0.575173] Calibrating delay using timer specific routine.. 2004.05 BogoMIPS (lpj=10020265)
[    0.575230] pid_max: default: 262144 minimum: 2048
[    0.576416] LSM: Security Framework initializing
[    0.576455] AppArmor: AppArmor disabled by boot time parameter
[    0.577045] Mount-cache hash table entries: 131072 (order: 7, 1048576 bytes)
[    0.577204] Mountpoint-cache hash table entries: 131072 (order: 7, 1048576 bytes)
[    0.581991] rcu: Hierarchical SRCU implementation.
[    0.604597] smp: Bringing up secondary CPUs ...
[    0.665458] smp: Brought up 1 node, 24 CPUs
[    0.669542] devtmpfs: initialized
[    0.675039] Performance events: 
[    0.675072] Testing NMI watchdog ... 
[    0.875169] OK.
[    0.875304] Supported PMU type is 'niagara5'
[    0.875610] random: get_random_u32 called from bucket_table_alloc.isra.4+0x140/0x1c0 with crng_init=0
[    0.876409] ldc.c:v1.1 (July 22, 2008)
[    0.879138] clocksource: jiffies: mask: 0xffffffff max_cycles: 0xffffffff, max_idle_ns: 19112604462750000 ns
[    0.879227] futex hash table entries: 65536 (order: 10, 8388608 bytes)
[    0.889230] NET: Registered protocol family 16
[    0.898328] VIO: Adding device channel-devices (tx_ino = ffffffffffffffff, rx_ino = ffffffffffffffff)
[    0.898553] VIO: Adding device vnet-port-0-0 (tx_ino = 0, rx_ino = 1)
[    0.898774] VIO: Adding device vnet-port-0-1 (tx_ino = 2, rx_ino = 3)
[    0.898966] VIO: Adding device vnet-port-0-2 (tx_ino = 4, rx_ino = 5)
[    0.899151] VIO: Adding device vnet-port-0-3 (tx_ino = 6, rx_ino = 7)
[    0.899343] VIO: Adding device vdc-port-3-0 (tx_ino = 8, rx_ino = 9)
[    0.899526] VIO: Adding device vdc-port-2-0 (tx_ino = a, rx_ino = b)
[    0.899715] VIO: Adding device vdc-port-1-0 (tx_ino = c, rx_ino = d)
[    0.899903] VIO: Adding device vdc-port-0-0 (tx_ino = e, rx_ino = f)
[    0.900090] VIO: Adding device vlds-port-0-0 (tx_ino = 10, rx_ino = 11)
[    0.900282] VIO: Adding device domain-services-port-0 (tx_ino = 10, rx_ino = 11)
[    0.900662] audit: initializing netlink subsys (disabled)
[    0.901001] audit: type=2000 audit(0.470:1): state=initialized audit_enabled=0 res=1
[    0.945892] HugeTLB registered 64.0 KiB page size, pre-allocated 0 pages
[    0.945939] HugeTLB registered 8.00 MiB page size, pre-allocated 0 pages
[    0.945981] HugeTLB registered 256 MiB page size, pre-allocated 0 pages
[    0.946023] HugeTLB registered 2.00 GiB page size, pre-allocated 0 pages
[    0.958308] SUN4V: Reboot data supported (maj=1,min=0).
[    0.958726] ds.c:v1.0 (Jul 11, 2007)
[    0.959125] ds-0: ds_conn_reset() from send_events.isra.3
[    0.960557] clocksource: Switched to clocksource stick
[    1.138331] VFS: Disk quotas dquot_6.6.0
[    1.138825] VFS: Dquot-cache hash table entries: 1024 (order 0, 8192 bytes)
[    1.158306] NET: Registered protocol family 2
[    1.163371] tcp_listen_portaddr_hash hash table entries: 32768 (order: 8, 2359296 bytes)
[    1.166676] TCP established hash table entries: 524288 (order: 9, 4194304 bytes)
[    1.168694] TCP bind hash table entries: 65536 (order: 9, 4194304 bytes)
[    1.174442] TCP: Hash tables configured (established 524288 bind 65536)
[    1.180977] UDP hash table entries: 32768 (order: 9, 5242880 bytes)
[    1.188215] UDP-Lite hash table entries: 32768 (order: 9, 5242880 bytes)
[    1.202384] NET: Registered protocol family 1
[    1.203099] Unpacking initramfs...
[    1.651012] Freeing initrd memory: 17104K
[    1.693573] workingset: timestamp_bits=46 max_order=23 bucket_order=0
[    1.695381] zbud: loaded
[    1.846798] Block layer SCSI generic (bsg) driver version 0.4 loaded (major 252)
[    1.848417] io scheduler noop registered
[    1.848450] io scheduler deadline registered (default)
[    1.849138] io scheduler cfq registered
[    1.849169] io scheduler mq-deadline registered (default)
[    1.849206] io scheduler kyber registered
[    1.852553] f029b788: ttyS0 at I/O 0x0 (irq = 1, base_baud = 115200) is a SUN4V HCONS
[    1.858034] printk: console [ttyHV0] enabled
[    1.861327] sunvdc.c:v1.2 (November 24, 2014)
[    1.866094] sunvdc: Virtual CDROM vdiskd
[    1.866146] sunvdc: vdiskd: 403160 sectors (196 MB) protocol 1.2
[    1.867216]  vdiskd: vdiskd1 vdiskd2 vdiskd3 vdiskd4 vdiskd5 vdiskd6 vdiskd7
[    1.877583] sunvdc: Virtual Hard disk vdiskc
[    1.877621] sunvdc: vdiskc: 104857600 sectors (51200 MB) protocol 1.2
[    1.884178] sunvdc: Virtual Hard disk vdiskb
[    1.884215] sunvdc: vdiskb: 62914560 sectors (30720 MB) protocol 1.2
[    1.892794]  vdiskb: vdiskb1
[    1.899419] sunvdc: Virtual Hard disk vdiska
[    1.899455] sunvdc: vdiska: 31457280 sectors (15360 MB) protocol 1.2
[    1.900136]  vdiska: vdiska1 vdiska2 vdiska3 vdiska4
[    1.903260] sunvnet: sunvnet 2.0 (February 3, 2017)
[    1.906639] vnet_port vnet-port-0-0 eth0: Sun LDOM vnet 00:14:4f:f8:12:a3
[    1.907187] sunvnet: eth0: PORT ( remote-mac 00:14:4f:fa:f3:f0 switch-port )
[    1.908475] sunvnet: eth0: PORT ( remote-mac 00:14:4f:f8:e5:f3 )
[    1.909745] sunvnet: eth0: PORT ( remote-mac 00:14:4f:f9:b4:97 )
[    1.911162] sunvnet: eth0: PORT ( remote-mac 00:14:4f:f9:8b:83 )
[    1.912121] mousedev: PS/2 mouse device common for all mice
[    1.913260] rtc-sun4v rtc-sun4v: rtc core: registered sun4v as rtc0
[    1.914391] device-mapper: uevent: version 1.0.3
[    1.915458] device-mapper: ioctl: 4.39.0-ioctl (2018-04-03) initialised: dm-devel@redhat.com
[    1.916967] NET: Registered protocol family 17
[    1.918169] registered taskstats version 1
[    1.921178] zswap: loaded using pool lzo/zbud
[    1.951385] Key type big_key registered
[    1.952327] rtc-sun4v rtc-sun4v: setting system clock to 2018-11-23 13:22:54 UTC (1542979374)
[    1.956794] This architecture does not have kernel memory protection.
[    1.956840] Run /init as init process
[    2.827703] crc32c_sparc64: Using sparc64 crc32c opcode optimized CRC32C implementation
[    3.390522] raid6: int64x1  gen()  2787 MB/s
[    3.560520] raid6: int64x1  xor()  1656 MB/s
[    3.730537] raid6: int64x2  gen()  2882 MB/s
[    3.900517] raid6: int64x2  xor()  2001 MB/s
[    4.070528] raid6: int64x4  gen()  3468 MB/s
[    4.240505] raid6: int64x4  xor()  1989 MB/s
[    4.410523] raid6: int64x8  gen()  2178 MB/s
[    4.580521] raid6: int64x8  xor()  1567 MB/s
[    4.580567] raid6: using algorithm int64x4 gen() 3468 MB/s
[    4.580611] raid6: .... xor() 1989 MB/s, rmw enabled
[    4.580647] raid6: using intx1 recovery algorithm
[    4.581887] async_tx: api initialized (async)
[    4.582598] xor: automatically using best checksumming function   Niagara   
[    4.835183] random: fast init done
[    4.842768] EXT4-fs (vdiska2): mounted filesystem with ordered data mode. Opts: (null)
[    6.492021] NET: Registered protocol family 10
[    6.504269] Segment Routing with IPv6
[    6.605774] systemd[1]: systemd 239 running in system mode. (+PAM +AUDIT +SELINUX +IMA +APPARMOR +SMACK +SYSVINIT +UTMP +LIBCRYPTSETUP +GCRYPT +GNUTLS +ACL +XZ +LZ4 -SECCOMP +BLKID +ELFUTILS +KMOD -IDN2 +IDN -PCRE2 default-hierarchy=hybrid)
[    6.606180] systemd[1]: Detected architecture sparc64.
[    6.654986] systemd[1]: Set hostname to <ttip>.
[    9.190892] random: systemd: uninitialized urandom read (16 bytes read)
[    9.191006] systemd[1]: Reached target Remote File Systems.
[    9.191877] random: systemd: uninitialized urandom read (16 bytes read)
[    9.205513] systemd[1]: Created slice system-systemd\x2dfsck.slice.
[    9.205977] random: systemd: uninitialized urandom read (16 bytes read)
[    9.210443] systemd[1]: Created slice system-getty.slice.
[    9.211584] systemd[1]: Started Forward Password Requests to Wall Directory Watch.
[    9.216416] systemd[1]: Created slice User and Session Slice.
[    9.217452] systemd[1]: Listening on initctl Compatibility Named Pipe.
[    9.218641] systemd[1]: Listening on fsck to fsckd communication Socket.
[    9.233565] random: crng init done
[    9.233695] random: 6 urandom warning(s) missed due to ratelimiting
[    9.462992] EXT4-fs (vdiska2): re-mounted. Opts: errors=remount-ro
[    9.787615] systemd-journald[413]: Received request to flush runtime journal from PID 1
[   11.099271] sha1_sparc64: Using sparc64 sha1 opcode optimized SHA-1 implementation
[   11.142280] sha256_sparc64: Using sparc64 sha256 opcode optimized SHA-256/SHA-224 implementation
[   11.191329] sha512_sparc64: Using sparc64 sha512 opcode optimized SHA-512/SHA-384 implementation
[   11.229087] md5_sparc64: Using sparc64 md5 opcode optimized MD5 implementation
[   11.301983] n2rng v0.3 (Jan 7, 2017)
[   11.302079] n2rng f029b104: Registered RNG HVAPI major 2 minor 0
[   11.302148] n2rng f029b104: Found multi-unit-capable RNG, units: 2
[   11.303458] n2rng f029b104: RNG ready
[   11.318468] aes_sparc64: Using sparc64 aes opcodes optimized AES implementation
[   11.423532] des_sparc64: Using sparc64 des opcodes optimized DES implementation
[   11.475836] camellia_sparc64: Using sparc64 camellia opcodes optimized CAMELLIA implementation
[   13.510886] SGI XFS with ACLs, security attributes, debug enabled
[   13.544118] XFS (dm-0): Mounting V5 Filesystem
[   13.744520] XFS (dm-0): Ending clean mount
[   14.686108] Adding 787176k swap on /dev/vdiska4.  Priority:-2 extents:1 across:787176k FS
[   15.018916] EXT4-fs (vdiska1): mounting ext3 file system using the ext4 subsystem
[   15.030017] EXT4-fs (vdiska1): mounted filesystem with ordered data mode. Opts: (null)
