[    0.000016] PROMLIB: Sun IEEE Boot Prom 'OBP 4.38.12 2018/03/28 14:54'
[    0.000028] PROMLIB: Root node compatible: sun4v
[    0.000073] Linux version 4.19.0-rc7-00015-g64c5e530ac2c (mator@ttip) (gcc version 8.2.0 (Debian 8.2.0-7)) #732 SMP Tue Oct 9 11:28:35 MSK 2018
[    0.000379] bootconsole [earlyprom0] enabled
[    0.000427] ARCH: SUN4V
[    0.000476] Ethernet address: 00:14:4f:fa:06:f2
[    0.000527] MM: PAGE_OFFSET is 0xfff8000000000000 (max_phys_bits == 47)
[    0.000592] MM: VMALLOC [0x0000000100000000 --> 0x0006000000000000]
[    0.000654] MM: VMEMMAP [0x0006000000000000 --> 0x000c000000000000]
[    0.012909] Kernel: Using 5 locked TLB entries for main kernel image.
[    0.012979] Remapping the kernel... 
[    0.013007] done.
[    0.042271] OF stdout device is: /virtual-devices@100/console@1
[    0.042334] PROM: Built device tree with 74449 bytes of memory.
[    0.042395] MDESC: Size is 30480 bytes.
[    0.042497] PLATFORM: banner-name [SPARC T5-2]
[    0.042548] PLATFORM: name [ORCL,SPARC-T5-2]
[    0.042594] PLATFORM: hostid [84fa06f2]
[    0.042636] PLATFORM: serial# [0035260e]
[    0.042679] PLATFORM: stick-frequency [3b9aca00]
[    0.042726] PLATFORM: mac-address [144ffa06f2]
[    0.042773] PLATFORM: watchdog-resolution [1000 ms]
[    0.042824] PLATFORM: watchdog-max-timeout [31536000000 ms]
[    0.042880] PLATFORM: max-cpus [1024]
[    0.042968] Top of RAM: 0x24af948000, Total RAM: 0x87f384000
[    0.043029] Memory hole size: 115461MB
[    0.047229] Allocated 40960 bytes for kernel page tables.
[    0.047305] Zone ranges:
[    0.047344]   Normal   [mem 0x0000000030400000-0x00000024af947fff]
[    0.047411] Movable zone start for each node
[    0.047456] Early memory node ranges
[    0.047497]   node   0: [mem 0x0000000030400000-0x000000006febffff]
[    0.047558]   node   0: [mem 0x000000006ff40000-0x000000006ff47fff]
[    0.047620]   node   0: [mem 0x0000000070000000-0x000000042fffffff]
[    0.047681]   node   0: [mem 0x0000002030000000-0x00000024af8b3fff]
[    0.047742]   node   0: [mem 0x00000024af940000-0x00000024af947fff]
[    0.047814] Initmem setup node 0 [mem 0x0000000030400000-0x00000024af947fff]
[    0.047882] On node 0 totalpages: 4454850
[    0.047888]   Normal zone: 39154 pages used for memmap
[    0.047894]   Normal zone: 0 pages reserved
[    0.047899]   Normal zone: 4454850 pages, LIFO batch:31
[    0.243459] Booting Linux...
[    0.243544] CPU CAPS: [flush,stbar,swap,muldiv,v9,blkinit,n2,mul32]
[    0.243656] CPU CAPS: [div32,v8plus,popc,vis,vis2,ASIBlkInit,fmaf,vis3]
[    0.243760] CPU CAPS: [hpc,ima,pause,cbcond,aes,des,kasumi,camellia]
[    0.243863] CPU CAPS: [md5,sha1,sha256,sha512,mpmul,montmul,montsqr,crc32c]
[    0.286166] percpu: Embedded 12 pages/cpu @(____ptrval____) s57352 r8192 d32760 u131072
[    0.286400] pcpu-alloc: s57352 r8192 d32760 u131072 alloc=1*4194304
[    0.286410] pcpu-alloc: [0] 000 001 002 003 004 005 006 007 008 009 010 011 012 013 014 015 016 017 018 019 020 021 022 023 024 025 026 027 028 029 030 031 
[    0.286567] pcpu-alloc: [0] 032 033 034 035 036 037 038 039 040 041 042 043 044 045 046 047 048 049 050 051 052 053 054 055 056 057 058 059 060 061 062 063 
[    0.286722] pcpu-alloc: [0] 064 065 066 067 068 069 070 071 072 073 074 075 076 077 078 079 080 081 082 083 084 085 086 087 088 089 090 091 092 093 094 095 
[    0.286878] pcpu-alloc: [0] 096 097 098 099 100 101 102 103 104 105 106 107 108 109 110 111 112 113 114 115 116 117 118 119 120 121 122 123 124 125 126 127 
[    0.287034] pcpu-alloc: [0] 128 129 130 131 132 133 134 135 136 137 138 139 140 141 142 143 144 145 146 147 148 149 150 151 152 153 154 155 156 157 158 159 
[    0.287189] pcpu-alloc: [0] 160 161 162 163 164 165 166 167 168 169 170 171 172 173 174 175 176 177 178 179 180 181 182 183 184 185 186 187 188 189 190 191 
[    0.287345] pcpu-alloc: [0] 192 193 194 195 196 197 198 199 200 201 202 203 204 205 206 207 208 209 210 211 212 213 214 215 216 217 218 219 220 221 222 223 
[    0.287501] pcpu-alloc: [0] 224 225 226 227 228 229 230 231 232 233 234 235 236 237 238 239 240 241 242 243 244 245 246 247 248 249 250 251 252 253 254 255 
[    0.288060] SUN4V: Mondo queue sizes [cpu(131072) dev(16384) r(8192) nr(256)]
[    0.288356] Built 1 zonelists, mobility grouping on.  Total pages: 4415696
[    0.288442] Kernel command line: BOOT_IMAGE=/vmlinuz-4.19.0-rc7-00015-g64c5e530ac2c root=/dev/vdiska2 ro zswap.enabled=1 elevator=deadline
[    0.290722] log_buf_len individual max cpu contribution: 4096 bytes
[    0.290786] log_buf_len total cpu_extra contributions: 1044480 bytes
[    0.290849] log_buf_len min size: 131072 bytes
[    0.291212] log_buf_len: 2097152 bytes
[    0.291257] early log buf free: 126280(96%)
[    0.297569] Dentry cache hash table entries: 8388608 (order: 13, 67108864 bytes)
[    0.300800] Inode-cache hash table entries: 4194304 (order: 12, 33554432 bytes)
[    0.300870] Sorting __ex_table...
[    0.384683] Memory: 35125192K/35638800K available (6102K kernel code, 858K rwdata, 1808K rodata, 824K init, 7779K bss, 513608K reserved, 0K cma-reserved)
[    0.384992] kmemleak: Kernel memory leak detector disabled
[    0.385786] ftrace: allocating 18664 entries in 37 pages
[    0.399322] Running RCU self tests
[    0.399369] rcu: Hierarchical RCU implementation.
[    0.399418] rcu: 	RCU event tracing is enabled.
[    0.399466] rcu: 	RCU lockdep checking is enabled.
[    0.399516] 	Tasks RCU enabled.
[    0.404772] NR_IRQS: 2048, nr_irqs: 2048, preallocated irqs: 1
[    0.404858] SUN4V: Using IRQ API major 3, cookie only virqs enabled
[    0.408833] clocksource: stick: mask: 0xffffffffffffffff max_cycles: 0x1cd42e4dffb, max_idle_ns: 881590591483 ns
[    0.408965] clocksource: mult[800000] shift[23]
[    0.409013] clockevent: mult[80000000] shift[31]
[    0.411803] Console: colour dummy device 80x25
[    0.411865] console [tty0] enabled
[    0.411930] bootconsole [earlyprom0] disabled
[    0.412003] Lock dependency validator: Copyright (c) 2006 Red Hat, Inc., Ingo Molnar
[    0.412046] ... MAX_LOCKDEP_SUBCLASSES:  8
[    0.412073] ... MAX_LOCK_DEPTH:          48
[    0.412100] ... MAX_LOCKDEP_KEYS:        8191
[    0.412128] ... CLASSHASH_SIZE:          4096
[    0.412156] ... MAX_LOCKDEP_ENTRIES:     16384
[    0.412184] ... MAX_LOCKDEP_CHAINS:      32768
[    0.412212] ... CHAINHASH_SIZE:          16384
[    0.412240]  memory used by lock dependency info: 5087 kB
[    0.412272]  per task-struct memory footprint: 1920 bytes
[    0.412479] kmemleak: Early log buffer exceeded (24667), please increase DEBUG_KMEMLEAK_EARLY_LOG_SIZE
[    0.559234] Calibrating delay using timer specific routine.. 2003.81 BogoMIPS (lpj=10019053)
[    0.559290] pid_max: default: 262144 minimum: 2048
[    0.560361] Security Framework initialized
[    0.560397] AppArmor: AppArmor disabled by boot time parameter
[    0.560965] Mount-cache hash table entries: 131072 (order: 7, 1048576 bytes)
[    0.561121] Mountpoint-cache hash table entries: 131072 (order: 7, 1048576 bytes)
[    0.565751] rcu: Hierarchical SRCU implementation.
[    0.587952] smp: Bringing up secondary CPUs ...
[    0.642158] smp: Brought up 1 node, 24 CPUs
[    0.646149] devtmpfs: initialized
[    0.651623] Performance events: 
[    0.651662] Testing NMI watchdog ... 
[    0.851760] OK.
[    0.851858] Supported PMU type is 'niagara5'
[    0.852194] random: get_random_u32 called from bucket_table_alloc.isra.4+0x140/0x1c0 with crng_init=0
[    0.852922] ldc.c:v1.1 (July 22, 2008)
[    0.856172] clocksource: jiffies: mask: 0xffffffff max_cycles: 0xffffffff, max_idle_ns: 19112604462750000 ns
[    0.856256] futex hash table entries: 65536 (order: 10, 8388608 bytes)
[    0.865985] NET: Registered protocol family 16
[    0.874970] VIO: Adding device channel-devices (tx_ino = ffffffffffffffff, rx_ino = ffffffffffffffff)
[    0.875189] VIO: Adding device vnet-port-0-0 (tx_ino = 0, rx_ino = 1)
[    0.875407] VIO: Adding device vnet-port-0-1 (tx_ino = 2, rx_ino = 3)
[    0.875589] VIO: Adding device vnet-port-0-2 (tx_ino = 4, rx_ino = 5)
[    0.875778] VIO: Adding device vnet-port-0-3 (tx_ino = 6, rx_ino = 7)
[    0.875967] VIO: Adding device vdc-port-3-0 (tx_ino = 8, rx_ino = 9)
[    0.876147] VIO: Adding device vdc-port-2-0 (tx_ino = a, rx_ino = b)
[    0.876328] VIO: Adding device vdc-port-1-0 (tx_ino = c, rx_ino = d)
[    0.876520] VIO: Adding device vdc-port-0-0 (tx_ino = e, rx_ino = f)
[    0.876703] VIO: Adding device vlds-port-0-0 (tx_ino = 10, rx_ino = 11)
[    0.876893] VIO: Adding device domain-services-port-0 (tx_ino = 10, rx_ino = 11)
[    0.877272] audit: initializing netlink subsys (disabled)
[    0.877621] audit: type=2000 audit(0.460:1): state=initialized audit_enabled=0 res=1
[    0.933679] HugeTLB registered 64.0 KiB page size, pre-allocated 0 pages
[    0.933725] HugeTLB registered 8.00 MiB page size, pre-allocated 0 pages
[    0.933767] HugeTLB registered 256 MiB page size, pre-allocated 0 pages
[    0.933807] HugeTLB registered 2.00 GiB page size, pre-allocated 0 pages
[    0.944974] SUN4V: Reboot data supported (maj=1,min=0).
[    0.945377] ds.c:v1.0 (Jul 11, 2007)
[    0.945755] ds-0: ds_conn_reset() from send_events.isra.3
[    0.947198] clocksource: Switched to clocksource stick
[    1.120556] VFS: Disk quotas dquot_6.6.0
[    1.120782] VFS: Dquot-cache hash table entries: 1024 (order 0, 8192 bytes)
[    1.139160] NET: Registered protocol family 2
[    1.143894] tcp_listen_portaddr_hash hash table entries: 32768 (order: 8, 2359296 bytes)
[    1.147020] TCP established hash table entries: 524288 (order: 9, 4194304 bytes)
[    1.149068] TCP bind hash table entries: 65536 (order: 9, 4194304 bytes)
[    1.154884] TCP: Hash tables configured (established 524288 bind 65536)
[    1.161351] UDP hash table entries: 32768 (order: 9, 5242880 bytes)
[    1.168226] UDP-Lite hash table entries: 32768 (order: 9, 5242880 bytes)
[    1.181880] NET: Registered protocol family 1
[    1.182602] Unpacking initramfs...
[    1.654618] Freeing initrd memory: 18584K
[    1.697089] workingset: timestamp_bits=46 max_order=23 bucket_order=0
[    1.698375] zbud: loaded
[    1.750491] Block layer SCSI generic (bsg) driver version 0.4 loaded (major 252)
[    1.752041] io scheduler noop registered
[    1.752072] io scheduler deadline registered (default)
[    1.752752] io scheduler cfq registered
[    1.752782] io scheduler mq-deadline registered (default)
[    1.752818] io scheduler kyber registered
[    1.755913] f029b788: ttyS0 at I/O 0x0 (irq = 1, base_baud = 115200) is a SUN4V HCONS
[    1.756723] console [ttyHV0] enabled
[    1.759895] sunvdc.c:v1.2 (November 24, 2014)
[    1.762445] sunvdc: Virtual CDROM vdiskd
[    1.762495] sunvdc: vdiskd: 403160 sectors (196 MB) protocol 1.2
[    1.763549]  vdiskd: vdiskd1 vdiskd2 vdiskd3 vdiskd4 vdiskd5 vdiskd6 vdiskd7
[    1.775276] sunvdc: Virtual Hard disk vdiskc
[    1.775311] sunvdc: vdiskc: 104857600 sectors (51200 MB) protocol 1.2
[    1.782418] sunvdc: Virtual Hard disk vdiskb
[    1.782453] sunvdc: vdiskb: 62914560 sectors (30720 MB) protocol 1.2
[    1.790944]  vdiskb: vdiskb1
[    1.797556] sunvdc: Virtual Hard disk vdiska
[    1.797591] sunvdc: vdiska: 31457280 sectors (15360 MB) protocol 1.2
[    1.798253]  vdiska: vdiska1 vdiska2 vdiska3 vdiska4
[    1.801297] sunvnet: sunvnet 2.0 (February 3, 2017)
[    1.804683] vnet_port vnet-port-0-0 eth0: Sun LDOM vnet 00:14:4f:f8:12:a3
[    1.805223] sunvnet: eth0: PORT ( remote-mac 00:14:4f:fa:f3:f0 switch-port )
[    1.806508] sunvnet: eth0: PORT ( remote-mac 00:14:4f:f8:e5:f3 )
[    1.807829] sunvnet: eth0: PORT ( remote-mac 00:14:4f:f9:b4:97 )
[    1.809105] sunvnet: eth0: PORT ( remote-mac 00:14:4f:f9:8b:83 )
[    1.810034] mousedev: PS/2 mouse device common for all mice
[    1.811140] rtc-sun4v rtc-sun4v: rtc core: registered sun4v as rtc0
[    1.812273] device-mapper: uevent: version 1.0.3
[    1.813327] device-mapper: ioctl: 4.39.0-ioctl (2018-04-03) initialised: dm-devel@redhat.com
[    1.814811] NET: Registered protocol family 17
[    1.815988] registered taskstats version 1
[    1.818955] zswap: loaded using pool lzo/zbud
[    1.838960] Key type big_key registered
[    1.839779] rtc-sun4v rtc-sun4v: setting system clock to 2018-10-09 08:40:06 UTC (1539074406)
[    1.844171] This architecture does not have kernel memory protection.
[    1.844214] Run /init as init process
[    2.697179] crc32c_sparc64: Using sparc64 crc32c opcode optimized CRC32C implementation
[    3.147184] raid6: int64x1  gen()  2777 MB/s
[    3.317159] raid6: int64x1  xor()  1653 MB/s
[    3.487177] raid6: int64x2  gen()  2876 MB/s
[    3.657147] raid6: int64x2  xor()  1997 MB/s
[    3.827158] raid6: int64x4  gen()  3465 MB/s
[    3.997174] raid6: int64x4  xor()  1987 MB/s
[    4.167149] raid6: int64x8  gen()  2175 MB/s
[    4.337148] raid6: int64x8  xor()  1565 MB/s
[    4.337186] raid6: using algorithm int64x4 gen() 3465 MB/s
[    4.337223] raid6: .... xor() 1987 MB/s, rmw enabled
[    4.337256] raid6: using intx1 recovery algorithm
[    4.338549] async_tx: api initialized (async)
[    4.339240] xor: automatically using best checksumming function   Niagara   
[    4.592875] random: fast init done
[    6.526788] EXT4-fs (vdiska2): mounted filesystem with ordered data mode. Opts: (null)
[    7.821713] NET: Registered protocol family 10
[    7.833815] Segment Routing with IPv6
[    7.878692] systemd[1]: systemd 239 running in system mode. (+PAM +AUDIT +SELINUX +IMA +APPARMOR +SMACK +SYSVINIT +UTMP +LIBCRYPTSETUP +GCRYPT +GNUTLS +ACL +XZ +LZ4 -SECCOMP +BLKID +ELFUTILS +KMOD -IDN2 +IDN -PCRE2 default-hierarchy=hybrid)
[    7.879281] systemd[1]: Detected architecture sparc64.
[    7.920736] systemd[1]: Set hostname to <ttip>.
[    9.565192] random: crng init done
[    9.580212] systemd[1]: Set up automount Arbitrary Executable File Formats File System Automount Point.
[    9.581741] systemd[1]: Listening on udev Kernel Socket.
[    9.582906] systemd[1]: Listening on udev Control Socket.
[    9.583796] systemd[1]: Listening on Device-mapper event daemon FIFOs.
[    9.595122] systemd[1]: Created slice system-systemd\x2dfsck.slice.
[    9.599643] systemd[1]: Created slice system-getty.slice.
[    9.600903] systemd[1]: Listening on Journal Audit Socket.
[    9.907653] EXT4-fs (vdiska2): re-mounted. Opts: errors=remount-ro
[   10.186775] systemd-journald[379]: Received request to flush runtime journal from PID 1
[   10.378040] systemd-journald[379]: File /var/log/journal/c02366aaa6e44182ba0caa130d880aac/system.journal corrupted or uncleanly shut down, renaming and replacing.
[   11.627040] sha1_sparc64: Using sparc64 sha1 opcode optimized SHA-1 implementation
[   11.681675] sha256_sparc64: Using sparc64 sha256 opcode optimized SHA-256/SHA-224 implementation
[   11.719386] n2rng v0.3 (Jan 7, 2017)
[   11.719499] n2rng f029b104: Registered RNG HVAPI major 2 minor 0
[   11.719585] n2rng f029b104: Found multi-unit-capable RNG, units: 2
[   11.721216] n2rng f029b104: RNG ready
[   11.721267] sha512_sparc64: Using sparc64 sha512 opcode optimized SHA-512/SHA-384 implementation
[   11.741219] md5_sparc64: Using sparc64 md5 opcode optimized MD5 implementation
[   11.786132] aes_sparc64: Using sparc64 aes opcodes optimized AES implementation
[   11.862487] des_sparc64: Using sparc64 des opcodes optimized DES implementation
[   11.881790] camellia_sparc64: Using sparc64 camellia opcodes optimized CAMELLIA implementation
[   12.367977] Btrfs loaded, crc32c=crc32c-sparc64, debug=on, assert=on
[   12.369046] BTRFS: selftest: sectorsize: 8192  nodesize: 8192
[   12.369088] BTRFS: selftest: running btrfs free space cache tests
[   12.369751] BTRFS: selftest: running extent only tests
[   12.369836] BTRFS: selftest: running bitmap only tests
[   12.369962] BTRFS: selftest: running bitmap and extent tests
[   12.370140] BTRFS: selftest: running space stealing from bitmap to extent
[   12.371803] BTRFS: selftest: free space cache tests finished
[   12.371841] BTRFS: selftest: running extent buffer operation tests
[   12.371880] BTRFS: selftest: running btrfs_split_item tests
[   12.373799] BTRFS: selftest: running extent I/O tests
[   12.373834] BTRFS: selftest: running find delalloc tests
[   12.632444] BTRFS: selftest: running extent buffer bitmap tests
[   12.679609] BTRFS: selftest: extent I/O tests finished
[   12.679653] BTRFS: selftest: running btrfs_get_extent tests
[   12.681876] BTRFS: selftest: running hole first btrfs_get_extent test
[   12.683738] BTRFS: selftest: running outstanding_extents tests
[   12.686407] BTRFS: selftest: running qgroup tests
[   12.686442] BTRFS: selftest: qgroup basic add
[   12.686692] BTRFS: selftest: qgroup multiple refs test
[   12.689641] BTRFS: selftest: running free space tree tests
[   12.778292] BTRFS: selftest: sectorsize: 8192  nodesize: 16384
[   12.778346] BTRFS: selftest: running btrfs free space cache tests
[   12.778939] BTRFS: selftest: running extent only tests
[   12.779053] BTRFS: selftest: running bitmap only tests
[   12.779207] BTRFS: selftest: running bitmap and extent tests
[   12.779429] BTRFS: selftest: running space stealing from bitmap to extent
[   12.781243] BTRFS: selftest: free space cache tests finished
[   12.781284] BTRFS: selftest: running extent buffer operation tests
[   12.781323] BTRFS: selftest: running btrfs_split_item tests
[   12.783133] BTRFS: selftest: running extent I/O tests
[   12.783169] BTRFS: selftest: running find delalloc tests
[   13.040273] BTRFS: selftest: running extent buffer bitmap tests
[   13.043637] SGI XFS with ACLs, security attributes, debug enabled
[   13.076130] XFS (dm-0): Mounting V5 Filesystem
[   13.088227] BTRFS: selftest: extent I/O tests finished
[   13.088265] BTRFS: selftest: running btrfs_get_extent tests
[   13.090440] BTRFS: selftest: running hole first btrfs_get_extent test
[   13.092303] BTRFS: selftest: running outstanding_extents tests
[   13.094977] BTRFS: selftest: running qgroup tests
[   13.095012] BTRFS: selftest: qgroup basic add
[   13.095187] BTRFS: selftest: qgroup multiple refs test
[   13.097993] BTRFS: selftest: running free space tree tests
[   13.188036] BTRFS: selftest: sectorsize: 8192  nodesize: 32768
[   13.188090] BTRFS: selftest: running btrfs free space cache tests
[   13.188694] BTRFS: selftest: running extent only tests
[   13.188813] BTRFS: selftest: running bitmap only tests
[   13.188941] BTRFS: selftest: running bitmap and extent tests
[   13.189119] BTRFS: selftest: running space stealing from bitmap to extent
[   13.190771] BTRFS: selftest: free space cache tests finished
[   13.190810] BTRFS: selftest: running extent buffer operation tests
[   13.190848] BTRFS: selftest: running btrfs_split_item tests
[   13.192673] BTRFS: selftest: running extent I/O tests
[   13.192717] BTRFS: selftest: running find delalloc tests
[   13.449111] BTRFS: selftest: running extent buffer bitmap tests
[   13.496498] BTRFS: selftest: extent I/O tests finished
[   13.496550] BTRFS: selftest: running btrfs_get_extent tests
[   13.498850] BTRFS: selftest: running hole first btrfs_get_extent test
[   13.500758] BTRFS: selftest: running outstanding_extents tests
[   13.503457] BTRFS: selftest: running qgroup tests
[   13.503492] BTRFS: selftest: qgroup basic add
[   13.503681] BTRFS: selftest: qgroup multiple refs test
[   13.506478] BTRFS: selftest: running free space tree tests
[   13.595922] BTRFS: selftest: sectorsize: 8192  nodesize: 65536
[   13.595983] BTRFS: selftest: running btrfs free space cache tests
[   13.596573] BTRFS: selftest: running extent only tests
[   13.596630] BTRFS: selftest: running bitmap only tests
[   13.596743] BTRFS: selftest: running bitmap and extent tests
[   13.596921] BTRFS: selftest: running space stealing from bitmap to extent
[   13.598617] BTRFS: selftest: free space cache tests finished
[   13.598656] BTRFS: selftest: running extent buffer operation tests
[   13.598695] BTRFS: selftest: running btrfs_split_item tests
[   13.600536] BTRFS: selftest: running extent I/O tests
[   13.600572] BTRFS: selftest: running find delalloc tests
[   13.858308] BTRFS: selftest: running extent buffer bitmap tests
[   13.905680] BTRFS: selftest: extent I/O tests finished
[   13.905730] BTRFS: selftest: running btrfs_get_extent tests
[   13.907714] XFS (dm-0): Ending clean mount
[   13.907987] BTRFS: selftest: running hole first btrfs_get_extent test
[   13.909946] BTRFS: selftest: running outstanding_extents tests
[   13.912778] BTRFS: selftest: running qgroup tests
[   13.912814] BTRFS: selftest: qgroup basic add
[   13.912988] BTRFS: selftest: qgroup multiple refs test
[   13.915797] BTRFS: selftest: running free space tree tests
[   14.005389] BTRFS: selftest: running extent_map tests
[   14.128853] BTRFS: device fsid 03ee75b3-c6e9-457b-a97d-c1dd4acd7044 devid 1 transid 11186 /dev/vdiskb1
[   15.075585] Adding 787176k swap on /dev/vdiska4.  Priority:-2 extents:1 across:787176k FS
[   15.407099] EXT4-fs (vdiska1): mounting ext3 file system using the ext4 subsystem
[   15.417929] EXT4-fs (vdiska1): mounted filesystem with ordered data mode. Opts: (null)
