[    0.000016] PROMLIB: Sun IEEE Boot Prom 'OBP 4.38.8 2017/02/22 13:51'
[    0.000027] PROMLIB: Root node compatible: sun4v
[    0.000071] Linux version 4.14.0-rc6-00050-g567825502730 (mator@ttip) (gcc version 7.2.0 (Debian 7.2.0-18)) #588 SMP Sun Jan 21 11:15:16 MSK 2018
[    0.000354] bootconsole [earlyprom0] enabled
[    0.000399] ARCH: SUN4V
[    0.000447] Ethernet address: 00:14:4f:fa:06:f2
[    0.000499] MM: PAGE_OFFSET is 0xfff8000000000000 (max_phys_bits == 47)
[    0.000560] MM: VMALLOC [0x0000000100000000 --> 0x0006000000000000]
[    0.000621] MM: VMEMMAP [0x0006000000000000 --> 0x000c000000000000]
[    0.012260] Kernel: Using 5 locked TLB entries for main kernel image.
[    0.012327] Remapping the kernel... 
[    0.012356] done.
[    0.020281] kmemleak: Kernel memory leak detector disabled
[    0.044063] OF stdout device is: /virtual-devices@100/console@1
[    0.044126] PROM: Built device tree with 74479 bytes of memory.
[    0.044185] MDESC: Size is 31232 bytes.
[    0.044292] PLATFORM: banner-name [SPARC T5-2]
[    0.044340] PLATFORM: name [ORCL,SPARC-T5-2]
[    0.044387] PLATFORM: hostid [84fa06f2]
[    0.044427] PLATFORM: serial# [0035260e]
[    0.044470] PLATFORM: stick-frequency [3b9aca00]
[    0.044517] PLATFORM: mac-address [144ffa06f2]
[    0.044563] PLATFORM: watchdog-resolution [1000 ms]
[    0.044613] PLATFORM: watchdog-max-timeout [31536000000 ms]
[    0.044666] PLATFORM: max-cpus [1024]
[    0.044751] Top of RAM: 0x40bf948000, Total RAM: 0x7ff386000
[    0.044810] Memory hole size: 232453MB
[    0.097377] Allocated 40960 bytes for kernel page tables.
[    0.097463] Zone ranges:
[    0.097503]   Normal   [mem 0x0000000040400000-0x00000040bf947fff]
[    0.097568] Movable zone start for each node
[    0.097614] Early memory node ranges
[    0.097652]   node   0: [mem 0x0000000040400000-0x000000007febffff]
[    0.097714]   node   0: [mem 0x000000007ff40000-0x000000007ff47fff]
[    0.097775]   node   0: [mem 0x0000000080000000-0x000000077fffffff]
[    0.097835]   node   0: [mem 0x0000002000000000-0x000000202fffffff]
[    0.097894]   node   0: [mem 0x0000004030000000-0x00000040bf8b5fff]
[    0.097954]   node   0: [mem 0x00000040bf940000-0x00000040bf947fff]
[    0.098017] Initmem setup node 0 [mem 0x0000000040400000-0x00000040bf947fff]
[    0.098084] On node 0 totalpages: 4192707
[    0.098091]   Normal zone: 36850 pages used for memmap
[    0.098096]   Normal zone: 0 pages reserved
[    0.098102]   Normal zone: 4192707 pages, LIFO batch:15
[    0.236279] Booting Linux...
[    0.236362] CPU CAPS: [flush,stbar,swap,muldiv,v9,blkinit,n2,mul32]
[    0.236473] CPU CAPS: [div32,v8plus,popc,vis,vis2,ASIBlkInit,fmaf,vis3]
[    0.236577] CPU CAPS: [hpc,ima,pause,cbcond,aes,des,kasumi,camellia]
[    0.236677] CPU CAPS: [md5,sha1,sha256,sha512,mpmul,montmul,montsqr,crc32c]
[    0.263390] random: fast init done
[    0.285387] percpu: Embedded 12 pages/cpu @fff80040bd000000 s55432 r8192 d34680 u131072
[    0.285638] pcpu-alloc: s55432 r8192 d34680 u131072 alloc=1*4194304
[    0.285648] pcpu-alloc: [0] 000 001 002 003 004 005 006 007 008 009 010 011 012 013 014 015 016 017 018 019 020 021 022 023 024 025 026 027 028 029 030 031 
[    0.285805] pcpu-alloc: [0] 032 033 034 035 036 037 038 039 040 041 042 043 044 045 046 047 048 049 050 051 052 053 054 055 056 057 058 059 060 061 062 063 
[    0.285960] pcpu-alloc: [0] 064 065 066 067 068 069 070 071 072 073 074 075 076 077 078 079 080 081 082 083 084 085 086 087 088 089 090 091 092 093 094 095 
[    0.286116] pcpu-alloc: [0] 096 097 098 099 100 101 102 103 104 105 106 107 108 109 110 111 112 113 114 115 116 117 118 119 120 121 122 123 124 125 126 127 
[    0.286271] pcpu-alloc: [0] 128 129 130 131 132 133 134 135 136 137 138 139 140 141 142 143 144 145 146 147 148 149 150 151 152 153 154 155 156 157 158 159 
[    0.286426] pcpu-alloc: [0] 160 161 162 163 164 165 166 167 168 169 170 171 172 173 174 175 176 177 178 179 180 181 182 183 184 185 186 187 188 189 190 191 
[    0.286581] pcpu-alloc: [0] 192 193 194 195 196 197 198 199 200 201 202 203 204 205 206 207 208 209 210 211 212 213 214 215 216 217 218 219 220 221 222 223 
[    0.286735] pcpu-alloc: [0] 224 225 226 227 228 229 230 231 232 233 234 235 236 237 238 239 240 241 242 243 244 245 246 247 248 249 250 251 252 253 254 255 
[    0.287347] SUN4V: Mondo queue sizes [cpu(131072) dev(16384) r(8192) nr(256)]
[    0.287649] Built 1 zonelists, mobility grouping on.  Total pages: 4155857
[    0.287739] Kernel command line: BOOT_IMAGE=/vmlinuz-4.14.0-rc6-00050-g567825502730 root=/dev/vdiska2 ro zswap.enabled=1 elevator=deadline
[    0.289916] log_buf_len individual max cpu contribution: 4096 bytes
[    0.289982] log_buf_len total cpu_extra contributions: 1044480 bytes
[    0.290043] log_buf_len min size: 131072 bytes
[    0.290418] log_buf_len: 2097152 bytes
[    0.290462] early log buf free: 126104(96%)
[    0.290565] PID hash table entries: 4096 (order: 2, 32768 bytes)
[    0.293791] Dentry cache hash table entries: 4194304 (order: 12, 33554432 bytes)
[    0.295477] Inode-cache hash table entries: 2097152 (order: 11, 16777216 bytes)
[    0.295548] Sorting __ex_table...
[    0.371102] Memory: 33105520K/33541656K available (5984K kernel code, 833K rwdata, 1744K rodata, 560K init, 8026K bss, 436136K reserved, 0K cma-reserved)
[    0.372127] ftrace: allocating 18170 entries in 36 pages
[    0.385773] Running RCU self tests
[    0.385818] Hierarchical RCU implementation.
[    0.385863] 	RCU lockdep checking is enabled.
[    0.385912] 	Tasks RCU enabled.
[    0.390484] NR_IRQS: 2048, nr_irqs: 2048, preallocated irqs: 1
[    0.390568] SUN4V: Using IRQ API major 3, cookie only virqs enabled
[    0.394742] clocksource: stick: mask: 0xffffffffffffffff max_cycles: 0x1cd42e4dffb, max_idle_ns: 881590591483 ns
[    0.394876] clocksource: mult[800000] shift[23]
[    0.394924] clockevent: mult[80000000] shift[31]
[    0.397824] Console: colour dummy device 80x25
[    0.397881] console [tty0] enabled
[    0.397943] bootconsole [earlyprom0] disabled
[    0.398009] Lock dependency validator: Copyright (c) 2006 Red Hat, Inc., Ingo Molnar
[    0.398049] ... MAX_LOCKDEP_SUBCLASSES:  8
[    0.398072] ... MAX_LOCK_DEPTH:          48
[    0.398097] ... MAX_LOCKDEP_KEYS:        8191
[    0.398121] ... CLASSHASH_SIZE:          4096
[    0.398146] ... MAX_LOCKDEP_ENTRIES:     16384
[    0.398171] ... MAX_LOCKDEP_CHAINS:      32768
[    0.398196] ... CHAINHASH_SIZE:          16384
[    0.398222]  memory used by lock dependency info: 5087 kB
[    0.398251]  per task-struct memory footprint: 1920 bytes
[    0.398434] kmemleak: Early log buffer exceeded (24626), please increase DEBUG_KMEMLEAK_EARLY_LOG_SIZE
[    0.545137] Calibrating delay using timer specific routine.. 2003.20 BogoMIPS (lpj=10016037)
[    0.545187] pid_max: default: 262144 minimum: 2048
[    0.546191] Security Framework initialized
[    0.557095] AppArmor: AppArmor initialized
[    0.557578] Mount-cache hash table entries: 65536 (order: 6, 524288 bytes)
[    0.557672] Mountpoint-cache hash table entries: 65536 (order: 6, 524288 bytes)
[    0.561437] Hierarchical SRCU implementation.
[    0.581647] smp: Bringing up secondary CPUs ...
[    0.628685] smp: Brought up 1 node, 24 CPUs
[    0.632513] devtmpfs: initialized
[    0.637527] Performance events: 
[    0.637572] Testing NMI watchdog ... 
[    0.837669] OK.
[    0.837782] Supported PMU type is 'niagara5'
[    0.839089] ldc.c:v1.1 (July 22, 2008)
[    0.842038] clocksource: jiffies: mask: 0xffffffff max_cycles: 0xffffffff, max_idle_ns: 19112604462750000 ns
[    0.842121] futex hash table entries: 65536 (order: 10, 8388608 bytes)
[    0.857613] NET: Registered protocol family 16
[    0.865616] VIO: Adding device channel-devices (tx_ino = ffffffffffffffff, rx_ino = ffffffffffffffff)
[    0.865818] VIO: Adding device vnet-port-0-0 (tx_ino = 0, rx_ino = 1)
[    0.866038] VIO: Adding device vnet-port-0-1 (tx_ino = 2, rx_ino = 3)
[    0.866205] VIO: Adding device vnet-port-0-2 (tx_ino = 4, rx_ino = 5)
[    0.866376] VIO: Adding device vnet-port-0-3 (tx_ino = 6, rx_ino = 7)
[    0.866557] VIO: Adding device vnet-port-0-4 (tx_ino = 14, rx_ino = 15)
[    0.866723] VIO: Adding device vnet-port-0-5 (tx_ino = 16, rx_ino = 17)
[    0.866888] VIO: Adding device vdc-port-3-0 (tx_ino = 8, rx_ino = 9)
[    0.867060] VIO: Adding device vdc-port-2-0 (tx_ino = a, rx_ino = b)
[    0.867227] VIO: Adding device vdc-port-0-0 (tx_ino = c, rx_ino = d)
[    0.867390] VIO: Adding device vdc-port-1-0 (tx_ino = e, rx_ino = f)
[    0.867559] VIO: Adding device vlds-port-0-0 (tx_ino = 10, rx_ino = 11)
[    0.867732] VIO: Adding device domain-services-port-0 (tx_ino = 10, rx_ino = 11)
[    0.914855] HugeTLB registered 64.0 KiB page size, pre-allocated 0 pages
[    0.914896] HugeTLB registered 8.00 MiB page size, pre-allocated 0 pages
[    0.914935] HugeTLB registered 256 MiB page size, pre-allocated 0 pages
[    0.914973] HugeTLB registered 2.00 GiB page size, pre-allocated 0 pages
[    0.925892] SUN4V: Reboot data supported (maj=1,min=0).
[    0.926278] ds.c:v1.0 (Jul 11, 2007)
[    0.926658] ds-0: ds_conn_reset() from send_events.isra.3
[    0.927003] clocksource: Switched to clocksource stick
[    1.070143] VFS: Disk quotas dquot_6.6.0
[    1.070368] VFS: Dquot-cache hash table entries: 1024 (order 0, 8192 bytes)
[    1.072254] AppArmor: AppArmor Filesystem Enabled
[    1.087620] NET: Registered protocol family 2
[    1.089642] TCP established hash table entries: 262144 (order: 8, 2097152 bytes)
[    1.090869] TCP bind hash table entries: 65536 (order: 9, 4194304 bytes)
[    1.102535] TCP: Hash tables configured (established 262144 bind 65536)
[    1.109269] UDP hash table entries: 16384 (order: 8, 2621440 bytes)
[    1.116642] UDP-Lite hash table entries: 16384 (order: 8, 2621440 bytes)
[    1.130747] NET: Registered protocol family 1
[    1.131410] Unpacking initramfs...
[    1.501217] Freeing initrd memory: 15136K
[    1.538730] audit: initializing netlink subsys (disabled)
[    1.539235] audit: type=2000 audit(1.140:1): state=initialized audit_enabled=0 res=1
[    1.539416] Kprobe smoke test: started
[    1.551636] Kprobe smoke test: passed successfully
[    1.552554] workingset: timestamp_bits=46 max_order=22 bucket_order=0
[    1.553592] zbud: loaded
[    1.598720] Block layer SCSI generic (bsg) driver version 0.4 loaded (major 251)
[    1.600109] io scheduler noop registered
[    1.600137] io scheduler deadline registered (default)
[    1.600829] io scheduler cfq registered
[    1.600855] io scheduler mq-deadline registered
[    1.603986] f029b778: ttyS0 at I/O 0x0 (irq = 1, base_baud = 115200) is a SUN4V HCONS
[    1.604560] console [ttyHV0] enabled
[    1.605215] VCC: vcc.c:v1.1 (July 1, 2017)
[    1.608067] sunvdc.c:v1.2 (November 24, 2014)
[    1.612651] sunvdc: Virtual CDROM vdiskd
[    1.612705] sunvdc: vdiskd: 402520 sectors (196 MB) protocol 1.2
[    1.613686]  vdiskd: vdiskd1 vdiskd2 vdiskd3 vdiskd4 vdiskd5 vdiskd6 vdiskd7
[    1.623317] sunvdc: Virtual Hard disk vdiskc
[    1.623352] sunvdc: vdiskc: 104857600 sectors (51200 MB) protocol 1.2
[    1.629937] sunvdc: Virtual Hard disk vdiska
[    1.629979] sunvdc: vdiska: 31457280 sectors (15360 MB) protocol 1.2
[    1.630775]  vdiska: vdiska1 vdiska2 vdiska3 vdiska4
[    1.638809] sunvdc: Virtual Hard disk vdiskb
[    1.638842] sunvdc: vdiskb: 62914560 sectors (30720 MB) protocol 1.2
[    1.639522]  vdiskb: vdiskb1
[    1.640718] sunvnet: sunvnet 2.0 (February 3, 2017)
[    1.643680] vnet_port vnet-port-0-0 eth0: Sun LDOM vnet 00:14:4f:f8:12:a3
[    1.644205] sunvnet: eth0: PORT ( remote-mac 00:14:4f:fa:f3:f0 switch-port )
[    1.645458] sunvnet: eth0: PORT ( remote-mac 00:14:4f:f8:e5:f3 )
[    1.646696] sunvnet: eth0: PORT ( remote-mac 00:14:4f:fa:e6:35 )
[    1.648035] sunvnet: eth0: PORT ( remote-mac 00:14:4f:f9:b4:97 )
[    1.649274] sunvnet: eth0: PORT ( remote-mac 00:14:4f:f9:77:1b )
[    1.650502] sunvnet: eth0: PORT ( remote-mac 00:14:4f:f8:3f:1e )
[    1.651401] mousedev: PS/2 mouse device common for all mice
[    1.652253] rtc-sun4v rtc-sun4v: rtc core: registered sun4v as rtc0
[    1.653879] device-mapper: uevent: version 1.0.3
[    1.654939] device-mapper: ioctl: 4.37.0-ioctl (2017-09-20) initialised: dm-devel@redhat.com
[    1.656359] NET: Registered protocol family 17
[    1.657516] registered taskstats version 1
[    1.660310] zswap: loaded using pool lzo/zbud
[    1.676125] Key type big_key registered
[    1.676180] AppArmor: AppArmor sha1 policy hashing enabled
[    1.676984] rtc-sun4v rtc-sun4v: setting system clock to 2018-01-21 08:54:35 UTC (1516524875)
[    1.677989] This architecture does not have kernel memory protection.
[    2.500429] crc32c_sparc64: Using sparc64 crc32c opcode optimized CRC32C implementation
[    2.887003] raid6: int64x1  gen()  2802 MB/s
[    3.056990] raid6: int64x1  xor()  1661 MB/s
[    3.226970] raid6: int64x2  gen()  2890 MB/s
[    3.396965] raid6: int64x2  xor()  1998 MB/s
[    3.566987] raid6: int64x4  gen()  3459 MB/s
[    3.736992] raid6: int64x4  xor()  1999 MB/s
[    3.906986] raid6: int64x8  gen()  2190 MB/s
[    4.076986] raid6: int64x8  xor()  1586 MB/s
[    4.077020] raid6: using algorithm int64x4 gen() 3459 MB/s
[    4.077054] raid6: .... xor() 1999 MB/s, rmw enabled
[    4.077085] raid6: using intx1 recovery algorithm
[    4.078146] async_tx: api initialized (async)
[    4.078895] xor: automatically using best checksumming function   Niagara   
[    4.290396] EXT4-fs (vdiska2): mounted filesystem with ordered data mode. Opts: (null)
[    5.305644] NET: Registered protocol family 10
[    5.318495] Segment Routing with IPv6
[    5.325363] ip_tables: (C) 2000-2006 Netfilter Core Team
[    5.376530] systemd[1]: systemd 236 running in system mode. (+PAM +AUDIT +SELINUX +IMA +APPARMOR +SMACK +SYSVINIT +UTMP +LIBCRYPTSETUP +GCRYPT +GNUTLS +ACL +XZ +LZ4 -SECCOMP +BLKID +ELFUTILS +KMOD -IDN2 +IDN default-hierarchy=hybrid)
[    5.376894] systemd[1]: Detected architecture sparc64.
[    5.404081] systemd[1]: Set hostname to <ttip>.
[    6.279601] systemd[1]: File /lib/systemd/system/systemd-journald.service:35 configures an IP firewall (IPAddressDeny=any), but the local system does not support BPF/cgroup based firewalling.
[    6.279711] systemd[1]: Proceeding WITHOUT firewalling in effect! (This warning is only shown for the first loaded unit using IP firewalling.)
[    6.745977] systemd[1]: Reached target Remote File Systems.
[    6.749695] systemd[1]: Created slice System Slice.
[    6.750682] systemd[1]: Listening on /dev/initctl Compatibility Named Pipe.
[    6.751456] systemd[1]: Listening on LVM2 metadata daemon socket.
[    6.752104] systemd[1]: Listening on fsck to fsckd communication Socket.
[    6.917222] EXT4-fs (vdiska2): re-mounted. Opts: errors=remount-ro
[    7.047988] systemd-journald[353]: Received request to flush runtime journal from PID 1
[    7.078600] nf_conntrack version 0.5.0 (65536 buckets, 262144 max)
[    7.923323] sha1_sparc64: Using sparc64 sha1 opcode optimized SHA-1 implementation
[    7.925961] sha256_sparc64: Using sparc64 sha256 opcode optimized SHA-256/SHA-224 implementation
[    7.936787] sha512_sparc64: Using sparc64 sha512 opcode optimized SHA-512/SHA-384 implementation
[    7.940455] md5_sparc64: Using sparc64 md5 opcode optimized MD5 implementation
[    7.953192] aes_sparc64: Using sparc64 aes opcodes optimized AES implementation
[    7.994958] des_sparc64: Using sparc64 des opcodes optimized DES implementation
[    8.000627] n2rng v0.3 (Jan 7, 2017)
[    8.000748] n2rng f029b0f4: Registered RNG HVAPI major 2 minor 0
[    8.000834] n2rng f029b0f4: Found multi-unit-capable RNG, units: 2
[    8.001315] camellia_sparc64: Using sparc64 camellia opcodes optimized CAMELLIA implementation
[    8.001889] n2rng f029b0f4: RNG ready
[    8.027293] random: crng init done
[    8.783055] SGI XFS with ACLs, security attributes, debug enabled
[    8.814673] XFS (dm-0): Mounting V5 Filesystem
[    8.970188] XFS (dm-0): Ending clean mount
[   11.038977] Adding 787176k swap on /dev/vdiska4.  Priority:-2 extents:1 across:787176k FS
[   11.285323] EXT4-fs (vdiska1): mounting ext3 file system using the ext4 subsystem
[   11.294868] EXT4-fs (vdiska1): mounted filesystem with ordered data mode. Opts: (null)
