[    0.000017] PROMLIB: Sun IEEE Boot Prom 'OBP 4.38.12 2018/03/28 14:54'
[    0.000027] PROMLIB: Root node compatible: sun4v
[    0.000072] Linux version 4.20.0-rc7-00274-g23203e3f34c9 (mator@ttip) (gcc version 8.2.0 (Debian 8.2.0-13)) #780 SMP Sat Dec 22 14:04:49 MSK 2018
[    0.000378] printk: bootconsole [earlyprom0] enabled
[    0.000430] ARCH: SUN4V
[    0.000480] Ethernet address: 00:14:4f:fa:06:f2
[    0.000532] MM: PAGE_OFFSET is 0xfff8000000000000 (max_phys_bits == 47)
[    0.000597] MM: VMALLOC [0x0000000100000000 --> 0x0006000000000000]
[    0.000658] MM: VMEMMAP [0x0006000000000000 --> 0x000c000000000000]
[    0.013062] Kernel: Using 5 locked TLB entries for main kernel image.
[    0.013130] Remapping the kernel... 
[    0.013154] done.
[    0.042493] OF stdout device is: /virtual-devices@100/console@1
[    0.042557] PROM: Built device tree with 74449 bytes of memory.
[    0.042619] MDESC: Size is 30768 bytes.
[    0.042723] PLATFORM: banner-name [SPARC T5-2]
[    0.042774] PLATFORM: name [ORCL,SPARC-T5-2]
[    0.042823] PLATFORM: hostid [84fa06f2]
[    0.042866] PLATFORM: serial# [0035260e]
[    0.042909] PLATFORM: stick-frequency [3b9aca00]
[    0.042957] PLATFORM: mac-address [144ffa06f2]
[    0.043004] PLATFORM: watchdog-resolution [1000 ms]
[    0.043055] PLATFORM: watchdog-max-timeout [31536000000 ms]
[    0.043110] PLATFORM: max-cpus [1024]
[    0.043203] Top of RAM: 0x24af948000, Total RAM: 0x87f384000
[    0.043265] Memory hole size: 115461MB
[    0.047462] Allocated 40960 bytes for kernel page tables.
[    0.047538] Zone ranges:
[    0.047578]   Normal   [mem 0x0000000030400000-0x00000024af947fff]
[    0.047642] Movable zone start for each node
[    0.047688] Early memory node ranges
[    0.047729]   node   0: [mem 0x0000000030400000-0x000000006febffff]
[    0.047791]   node   0: [mem 0x000000006ff40000-0x000000006ff47fff]
[    0.047852]   node   0: [mem 0x0000000070000000-0x000000042fffffff]
[    0.047913]   node   0: [mem 0x0000002030000000-0x00000024af8b3fff]
[    0.047975]   node   0: [mem 0x00000024af940000-0x00000024af947fff]
[    0.055337] Zeroed struct page in unavailable ranges: 230114 pages
[    0.055345] Initmem setup node 0 [mem 0x0000000030400000-0x00000024af947fff]
[    0.055504] On node 0 totalpages: 4454850
[    0.055513]   Normal zone: 39154 pages used for memmap
[    0.055518]   Normal zone: 0 pages reserved
[    0.055524]   Normal zone: 4454850 pages, LIFO batch:31
[    0.258481] Booting Linux...
[    0.258565] CPU CAPS: [flush,stbar,swap,muldiv,v9,blkinit,n2,mul32]
[    0.258646] CPU CAPS: [div32,v8plus,popc,vis,vis2,ASIBlkInit,fmaf,vis3]
[    0.258722] CPU CAPS: [hpc,ima,pause,cbcond,aes,des,kasumi,camellia]
[    0.258794] CPU CAPS: [md5,sha1,sha256,sha512,mpmul,montmul,montsqr,crc32c]
[    0.309771] percpu: Embedded 20 pages/cpu @(____ptrval____) s122824 r8192 d32824 u262144
[    0.310004] pcpu-alloc: s122824 r8192 d32824 u262144 alloc=1*4194304
[    0.310011] pcpu-alloc: [0] 000 001 002 003 004 005 006 007 008 009 010 011 012 013 014 015 
[    0.310038] pcpu-alloc: [0] 016 017 018 019 020 021 022 023 024 025 026 027 028 029 030 031 
[    0.310066] pcpu-alloc: [0] 032 033 034 035 036 037 038 039 040 041 042 043 044 045 046 047 
[    0.310093] pcpu-alloc: [0] 048 049 050 051 052 053 054 055 056 057 058 059 060 061 062 063 
[    0.310120] pcpu-alloc: [0] 064 065 066 067 068 069 070 071 072 073 074 075 076 077 078 079 
[    0.310147] pcpu-alloc: [0] 080 081 082 083 084 085 086 087 088 089 090 091 092 093 094 095 
[    0.310174] pcpu-alloc: [0] 096 097 098 099 100 101 102 103 104 105 106 107 108 109 110 111 
[    0.310201] pcpu-alloc: [0] 112 113 114 115 116 117 118 119 120 121 122 123 124 125 126 127 
[    0.310228] pcpu-alloc: [0] 128 129 130 131 132 133 134 135 136 137 138 139 140 141 142 143 
[    0.310255] pcpu-alloc: [0] 144 145 146 147 148 149 150 151 152 153 154 155 156 157 158 159 
[    0.310283] pcpu-alloc: [0] 160 161 162 163 164 165 166 167 168 169 170 171 172 173 174 175 
[    0.310310] pcpu-alloc: [0] 176 177 178 179 180 181 182 183 184 185 186 187 188 189 190 191 
[    0.310337] pcpu-alloc: [0] 192 193 194 195 196 197 198 199 200 201 202 203 204 205 206 207 
[    0.310364] pcpu-alloc: [0] 208 209 210 211 212 213 214 215 216 217 218 219 220 221 222 223 
[    0.310392] pcpu-alloc: [0] 224 225 226 227 228 229 230 231 232 233 234 235 236 237 238 239 
[    0.310419] pcpu-alloc: [0] 240 241 242 243 244 245 246 247 248 249 250 251 252 253 254 255 
[    0.310848] SUN4V: Mondo queue sizes [cpu(131072) dev(16384) r(8192) nr(256)]
[    0.311160] Built 1 zonelists, mobility grouping on.  Total pages: 4415696
[    0.311247] Kernel command line: BOOT_IMAGE=/vmlinuz-4.20.0-rc7-00274-g23203e3f34c9 root=/dev/vdiska2 ro zswap.enabled=1 elevator=deadline
[    0.313622] printk: log_buf_len individual max cpu contribution: 4096 bytes
[    0.313694] printk: log_buf_len total cpu_extra contributions: 1044480 bytes
[    0.313761] printk: log_buf_len min size: 131072 bytes
[    0.314133] printk: log_buf_len: 2097152 bytes
[    0.314184] printk: early log buf free: 125920(96%)
[    0.320503] Dentry cache hash table entries: 8388608 (order: 13, 67108864 bytes)
[    0.323734] Inode-cache hash table entries: 4194304 (order: 12, 33554432 bytes)
[    0.323805] Sorting __ex_table...
[    0.406394] Memory: 35109784K/35638800K available (6227K kernel code, 837K rwdata, 1856K rodata, 888K init, 7995K bss, 529016K reserved, 0K cma-reserved)
[    0.406702] kmemleak: Kernel memory leak detector disabled
[    0.408189] ftrace: allocating 18974 entries in 38 pages
[    0.421984] Running RCU self tests
[    0.422029] rcu: Hierarchical RCU implementation.
[    0.422079] rcu: 	RCU event tracing is enabled.
[    0.422126] rcu: 	RCU lockdep checking is enabled.
[    0.422177] 	Tasks RCU enabled.
[    0.422214] rcu: RCU calculated value of scheduler-enlistment delay is 11 jiffies.
[    0.427401] NR_IRQS: 2048, nr_irqs: 2048, preallocated irqs: 1
[    0.427484] SUN4V: Using IRQ API major 3, cookie only virqs enabled
[    0.431584] clocksource: stick: mask: 0xffffffffffffffff max_cycles: 0x1cd42e4dffb, max_idle_ns: 881590591483 ns
[    0.431719] clocksource: mult[800000] shift[23]
[    0.431767] clockevent: mult[80000000] shift[31]
[    0.436133] Console: colour dummy device 80x25
[    0.436196] printk: console [tty0] enabled
[    0.436271] printk: bootconsole [earlyprom0] disabled
[    0.436354] Lock dependency validator: Copyright (c) 2006 Red Hat, Inc., Ingo Molnar
[    0.436399] ... MAX_LOCKDEP_SUBCLASSES:  8
[    0.436427] ... MAX_LOCK_DEPTH:          48
[    0.436455] ... MAX_LOCKDEP_KEYS:        8191
[    0.436484] ... CLASSHASH_SIZE:          4096
[    0.436513] ... MAX_LOCKDEP_ENTRIES:     16384
[    0.436543] ... MAX_LOCKDEP_CHAINS:      32768
[    0.436572] ... CHAINHASH_SIZE:          16384
[    0.436601]  memory used by lock dependency info: 4959 kB
[    0.436635]  per task-struct memory footprint: 1920 bytes
[    0.436866] kmemleak: Early log buffer exceeded (36609), please increase DEBUG_KMEMLEAK_EARLY_LOG_SIZE
[    0.581984] Calibrating delay using timer specific routine.. 2003.68 BogoMIPS (lpj=10018441)
[    0.582037] pid_max: default: 262144 minimum: 2048
[    0.583219] LSM: Security Framework initializing
[    0.583260] AppArmor: AppArmor disabled by boot time parameter
[    0.583936] Mount-cache hash table entries: 131072 (order: 7, 1048576 bytes)
[    0.584094] Mountpoint-cache hash table entries: 131072 (order: 7, 1048576 bytes)
[    0.588857] rcu: Hierarchical SRCU implementation.
[    0.611111] smp: Bringing up secondary CPUs ...
[    0.671564] smp: Brought up 1 node, 24 CPUs
[    0.675703] devtmpfs: initialized
[    0.681195] Performance events: 
[    0.681228] Testing NMI watchdog ... 
[    0.881323] OK.
[    0.881454] Supported PMU type is 'niagara5'
[    0.881765] random: get_random_u32 called from bucket_table_alloc.isra.4+0x140/0x1c0 with crng_init=0
[    0.882511] ldc.c:v1.1 (July 22, 2008)
[    0.885174] clocksource: jiffies: mask: 0xffffffff max_cycles: 0xffffffff, max_idle_ns: 19112604462750000 ns
[    0.885267] futex hash table entries: 65536 (order: 10, 8388608 bytes)
[    0.895187] NET: Registered protocol family 16
[    0.904242] VIO: Adding device channel-devices (tx_ino = ffffffffffffffff, rx_ino = ffffffffffffffff)
[    0.904464] VIO: Adding device vnet-port-0-0 (tx_ino = 0, rx_ino = 1)
[    0.904686] VIO: Adding device vnet-port-0-1 (tx_ino = 2, rx_ino = 3)
[    0.904878] VIO: Adding device vnet-port-0-2 (tx_ino = 4, rx_ino = 5)
[    0.905063] VIO: Adding device vnet-port-0-3 (tx_ino = 6, rx_ino = 7)
[    0.905255] VIO: Adding device vnet-port-0-4 (tx_ino = 14, rx_ino = 15)
[    0.905440] VIO: Adding device vdc-port-3-0 (tx_ino = 8, rx_ino = 9)
[    0.905629] VIO: Adding device vdc-port-2-0 (tx_ino = a, rx_ino = b)
[    0.905817] VIO: Adding device vdc-port-1-0 (tx_ino = c, rx_ino = d)
[    0.906003] VIO: Adding device vdc-port-0-0 (tx_ino = e, rx_ino = f)
[    0.906192] VIO: Adding device vlds-port-0-0 (tx_ino = 10, rx_ino = 11)
[    0.906384] VIO: Adding device domain-services-port-0 (tx_ino = 10, rx_ino = 11)
[    0.906765] audit: initializing netlink subsys (disabled)
[    0.907122] audit: type=2000 audit(0.470:1): state=initialized audit_enabled=0 res=1
[    0.952129] HugeTLB registered 64.0 KiB page size, pre-allocated 0 pages
[    0.952174] HugeTLB registered 8.00 MiB page size, pre-allocated 0 pages
[    0.952217] HugeTLB registered 256 MiB page size, pre-allocated 0 pages
[    0.952259] HugeTLB registered 2.00 GiB page size, pre-allocated 0 pages
[    0.964552] SUN4V: Reboot data supported (maj=1,min=0).
[    0.964968] ds.c:v1.0 (Jul 11, 2007)
[    0.965385] ds-0: ds_conn_reset() from send_events.isra.3
[    0.966844] clocksource: Switched to clocksource stick
[    1.144385] VFS: Disk quotas dquot_6.6.0
[    1.144885] VFS: Dquot-cache hash table entries: 1024 (order 0, 8192 bytes)
[    1.164391] NET: Registered protocol family 2
[    1.169555] tcp_listen_portaddr_hash hash table entries: 32768 (order: 8, 2359296 bytes)
[    1.172875] TCP established hash table entries: 524288 (order: 9, 4194304 bytes)
[    1.174899] TCP bind hash table entries: 65536 (order: 9, 4194304 bytes)
[    1.180617] TCP: Hash tables configured (established 524288 bind 65536)
[    1.187146] UDP hash table entries: 32768 (order: 9, 5242880 bytes)
[    1.194515] UDP-Lite hash table entries: 32768 (order: 9, 5242880 bytes)
[    1.208704] NET: Registered protocol family 1
[    1.209426] Unpacking initramfs...
[    1.666476] Freeing initrd memory: 17176K
[    1.708496] Kprobe smoke test: started
[    1.717591] Kprobe smoke test: passed successfully
[    1.718663] workingset: timestamp_bits=46 max_order=23 bucket_order=0
[    1.719845] zbud: loaded
[    1.870711] Block layer SCSI generic (bsg) driver version 0.4 loaded (major 252)
[    1.872304] io scheduler noop registered
[    1.872336] io scheduler deadline registered (default)
[    1.873036] io scheduler cfq registered
[    1.873067] io scheduler mq-deadline registered (default)
[    1.873105] io scheduler kyber registered
[    1.876431] f029b788: ttyS0 at I/O 0x0 (irq = 1, base_baud = 115200) is a SUN4V HCONS
[    1.882076] printk: console [ttyHV0] enabled
[    1.885356] sunvdc.c:v1.2 (November 24, 2014)
[    1.890095] sunvdc: Virtual CDROM vdiskd
[    1.890145] sunvdc: vdiskd: 403160 sectors (196 MB) protocol 1.2
[    1.891225]  vdiskd: vdiskd1 vdiskd2 vdiskd3 vdiskd4 vdiskd5 vdiskd6 vdiskd7
[    1.901629] sunvdc: Virtual Hard disk vdiskc
[    1.901666] sunvdc: vdiskc: 104857600 sectors (51200 MB) protocol 1.2
[    1.908278] sunvdc: Virtual Hard disk vdiskb
[    1.908315] sunvdc: vdiskb: 62914560 sectors (30720 MB) protocol 1.2
[    1.920052]  vdiskb: vdiskb1
[    1.926743] sunvdc: Virtual Hard disk vdiska
[    1.926820] sunvdc: vdiska: 31457280 sectors (15360 MB) protocol 1.2
[    1.927514]  vdiska: vdiska1 vdiska2 vdiska3 vdiska4
[    1.930557] sunvnet: sunvnet 2.0 (February 3, 2017)
[    1.933963] vnet_port vnet-port-0-0 eth0: Sun LDOM vnet 00:14:4f:f8:12:a3
[    1.934508] sunvnet: eth0: PORT ( remote-mac 00:14:4f:fa:f3:f0 switch-port )
[    1.935802] sunvnet: eth0: PORT ( remote-mac 00:14:4f:f8:e5:f3 )
[    1.937334] sunvnet: eth0: PORT ( remote-mac 00:14:4f:f9:b4:97 )
[    1.938622] sunvnet: eth0: PORT ( remote-mac 00:14:4f:f9:8b:83 )
[    1.939886] sunvnet: eth0: PORT ( remote-mac 00:14:4f:f8:fe:47 )
[    1.940895] mousedev: PS/2 mouse device common for all mice
[    1.942031] rtc-sun4v rtc-sun4v: rtc core: registered sun4v as rtc0
[    1.943175] device-mapper: uevent: version 1.0.3
[    1.944282] device-mapper: ioctl: 4.39.0-ioctl (2018-04-03) initialised: dm-devel@redhat.com
[    1.945811] NET: Registered protocol family 17
[    1.947063] registered taskstats version 1
[    1.950011] zswap: loaded using pool lzo/zbud
[    1.979460] Key type big_key registered
[    1.980297] rtc-sun4v rtc-sun4v: setting system clock to 2018-12-22 11:23:23 UTC (1545477803)
[    1.984762] This architecture does not have kernel memory protection.
[    1.984808] Run /init as init process
[    2.852759] crc32c_sparc64: Using sparc64 crc32c opcode optimized CRC32C implementation
[    3.336805] raid6: int64x1  gen()  2779 MB/s
[    3.506802] raid6: int64x1  xor()  1653 MB/s
[    3.676830] raid6: int64x2  gen()  2876 MB/s
[    3.846826] raid6: int64x2  xor()  1998 MB/s
[    4.016813] raid6: int64x4  gen()  3465 MB/s
[    4.186824] raid6: int64x4  xor()  1987 MB/s
[    4.356837] raid6: int64x8  gen()  2176 MB/s
[    4.526822] raid6: int64x8  xor()  1565 MB/s
[    4.526864] raid6: using algorithm int64x4 gen() 3465 MB/s
[    4.526902] raid6: .... xor() 1987 MB/s, rmw enabled
[    4.526937] raid6: using intx1 recovery algorithm
[    4.528362] async_tx: api initialized (async)
[    4.529262] xor: automatically using best checksumming function   Niagara   
[    4.769547] random: fast init done
[    4.777745] EXT4-fs (vdiska2): mounted filesystem with ordered data mode. Opts: (null)
[    6.416899] NET: Registered protocol family 10
[    6.429154] Segment Routing with IPv6
[    6.510103] systemd[1]: systemd 239 running in system mode. (+PAM +AUDIT +SELINUX +IMA +APPARMOR +SMACK +SYSVINIT +UTMP +LIBCRYPTSETUP +GCRYPT +GNUTLS +ACL +XZ +LZ4 -SECCOMP +BLKID +ELFUTILS +KMOD -IDN2 +IDN -PCRE2 default-hierarchy=hybrid)
[    6.510507] systemd[1]: Detected architecture sparc64.
[    6.557958] systemd[1]: Set hostname to <ttip>.
[    7.366887] random: lvmconfig: uninitialized urandom read (4 bytes read)
[    7.394806] lvm2-activation-generator: lvmconfig failed
[    7.394881] lvm2-activation-generator: Activation generator failed.
[    8.081791] systemd[370]: /lib/systemd/system-generators/lvm2-activation-generator failed with exit status 1.
[    8.739879] random: systemd: uninitialized urandom read (16 bytes read)
[    8.749342] systemd[1]: Created slice User and Session Slice.
[    8.750173] random: systemd: uninitialized urandom read (16 bytes read)
[    8.751108] systemd[1]: Listening on udev Control Socket.
[    8.751558] random: systemd: uninitialized urandom read (16 bytes read)
[    8.760361] systemd[1]: Created slice system-postfix.slice.
[    8.760856] systemd[1]: Reached target Remote File Systems.
[    8.765727] systemd[1]: Created slice system-getty.slice.
[    8.767073] systemd[1]: Listening on Journal Audit Socket.
[    9.032662] EXT4-fs (vdiska2): re-mounted. Opts: errors=remount-ro
[    9.120319] random: crng init done
[    9.120515] random: 6 urandom warning(s) missed due to ratelimiting
[    9.297436] systemd-journald[408]: Received request to flush runtime journal from PID 1
[   11.126936] sha1_sparc64: Using sparc64 sha1 opcode optimized SHA-1 implementation
[   11.175037] sha256_sparc64: Using sparc64 sha256 opcode optimized SHA-256/SHA-224 implementation
[   11.267887] sha512_sparc64: Using sparc64 sha512 opcode optimized SHA-512/SHA-384 implementation
[   11.287643] n2rng v0.3 (Jan 7, 2017)
[   11.287781] n2rng f029b104: Registered RNG HVAPI major 2 minor 0
[   11.287895] n2rng f029b104: Found multi-unit-capable RNG, units: 2
[   11.289332] n2rng f029b104: RNG ready
[   11.306361] md5_sparc64: Using sparc64 md5 opcode optimized MD5 implementation
[   11.346610] aes_sparc64: Using sparc64 aes opcodes optimized AES implementation
[   11.477785] des_sparc64: Using sparc64 des opcodes optimized DES implementation
[   11.518270] camellia_sparc64: Using sparc64 camellia opcodes optimized CAMELLIA implementation
[   12.941103] SGI XFS with ACLs, security attributes, debug enabled
[   12.976753] XFS (dm-0): Mounting V5 Filesystem
[   13.194462] XFS (dm-0): Ending clean mount
[   14.575940] Adding 787176k swap on /dev/vdiska4.  Priority:-2 extents:1 across:787176k FS
[   14.911574] EXT4-fs (vdiska1): mounting ext3 file system using the ext4 subsystem
[   14.922264] EXT4-fs (vdiska1): mounted filesystem with ordered data mode. Opts: (null)
